Archive member included because of file (symbol)

/home/leon/git/swp-report/iMX6_Platform_SDK/output/mx6sdl/lib/libsdk.a(ccm_pll.o)
                              /home/leon/git/swp-report/iMX6_Platform_SDK/output/mx6sdl/sdk_unit_test/sabre_ai_rev_b/obj/apps/common/platform_init.o (ccm_init)
/home/leon/git/swp-report/iMX6_Platform_SDK/output/mx6sdl/lib/libsdk.a(cortexA9.o)
                              /home/leon/git/swp-report/iMX6_Platform_SDK/output/mx6sdl/sdk_unit_test/sabre_ai_rev_b/obj/apps/common/platform_init.o (arm_set_interrupt_state)
/home/leon/git/swp-report/iMX6_Platform_SDK/output/mx6sdl/lib/libsdk.a(gic.o)
                              /home/leon/git/swp-report/iMX6_Platform_SDK/output/mx6sdl/sdk_unit_test/sabre_ai_rev_b/obj/apps/common/platform_init.o (gic_init)
/home/leon/git/swp-report/iMX6_Platform_SDK/output/mx6sdl/lib/libsdk.a(mmu.o)
                              /home/leon/git/swp-report/iMX6_Platform_SDK/output/mx6sdl/sdk_unit_test/sabre_ai_rev_b/obj/apps/common/platform_init.o (mmu_init)
/home/leon/git/swp-report/iMX6_Platform_SDK/output/mx6sdl/lib/libsdk.a(startup.o)
                              (_start)
/home/leon/git/swp-report/iMX6_Platform_SDK/output/mx6sdl/lib/libsdk.a(vectors.o)
                              /home/leon/git/swp-report/iMX6_Platform_SDK/output/mx6sdl/lib/libsdk.a(startup.o) (vectors)
/home/leon/git/swp-report/iMX6_Platform_SDK/output/mx6sdl/lib/libsdk.a(menu.o)
                              /home/leon/git/swp-report/iMX6_Platform_SDK/output/mx6sdl/sdk_unit_test/sabre_ai_rev_b/obj/apps/sdk_unit_test/src/all_test.o (menuitem_cmd_exitmenu)
/home/leon/git/swp-report/iMX6_Platform_SDK/output/mx6sdl/lib/libsdk.a(sdk_version.o)
                              /home/leon/git/swp-report/iMX6_Platform_SDK/output/mx6sdl/sdk_unit_test/sabre_ai_rev_b/obj/apps/common/print_version.o (k_sdk_version)
/home/leon/git/swp-report/iMX6_Platform_SDK/output/mx6sdl/lib/libsdk.a(system_util.o)
                              /home/leon/git/swp-report/iMX6_Platform_SDK/output/mx6sdl/lib/libsdk.a(startup.o) (_sys_exit)
/home/leon/git/swp-report/iMX6_Platform_SDK/output/mx6sdl/lib/libsdk.a(text_color.o)
                              /home/leon/git/swp-report/iMX6_Platform_SDK/output/mx6sdl/lib/libsdk.a(menu.o) (g_TextAttributeDefault)
/home/leon/git/swp-report/iMX6_Platform_SDK/output/mx6sdl/lib/libsdk.a(board_id.o)
                              /home/leon/git/swp-report/iMX6_Platform_SDK/output/mx6sdl/sdk_unit_test/sabre_ai_rev_b/obj/apps/common/print_version.o (chip_name)
/home/leon/git/swp-report/iMX6_Platform_SDK/output/mx6sdl/lib/libsdk.a(timer.o)
                              /home/leon/git/swp-report/iMX6_Platform_SDK/output/mx6sdl/sdk_unit_test/sabre_ai_rev_b/obj/apps/common/platform_init.o (system_time_init)
/home/leon/git/swp-report/iMX6_Platform_SDK/output/mx6sdl/lib/libsdk.a(imx_uart.o)
                              /home/leon/git/swp-report/iMX6_Platform_SDK/output/mx6sdl/sdk_unit_test/sabre_ai_rev_b/obj/apps/common/platform_init.o (uart_getchar)
/home/leon/git/swp-report/iMX6_Platform_SDK/output/mx6sdl/lib/libsdk.a(arm_abort.o)
                              /home/leon/git/swp-report/iMX6_Platform_SDK/output/mx6sdl/lib/libsdk.a(vectors.o) (data_abort_handler)
/home/leon/git/swp-report/iMX6_Platform_SDK/output/mx6sdl/lib/libsdk.a(interrupt.o)
                              /home/leon/git/swp-report/iMX6_Platform_SDK/output/mx6sdl/lib/libsdk.a(vectors.o) (IRQ_HDLR)
/home/leon/git/swp-report/iMX6_Platform_SDK/output/mx6sdl/lib/libsdk.a(epit.o)
                              /home/leon/git/swp-report/iMX6_Platform_SDK/output/mx6sdl/lib/libsdk.a(timer.o) (epit_get_compare_event)
/home/leon/git/swp-report/iMX6_Platform_SDK/output/mx6sdl/lib/libsdk.a(abort_handler.o)
                              /home/leon/git/swp-report/iMX6_Platform_SDK/output/mx6sdl/lib/libsdk.a(arm_abort.o) (dump_regs)
/home/leon/git/swp-report/iMX6_Platform_SDK/output/mx6sdl/lib/libboard_sabre_ai_rev_b.a(board_io_expanders.o)
                              /home/leon/git/swp-report/iMX6_Platform_SDK/output/mx6sdl/sdk_unit_test/sabre_ai_rev_b/obj/apps/common/platform_init.o (board_ioexpander_init)
/home/leon/git/swp-report/iMX6_Platform_SDK/output/mx6sdl/lib/libboard_sabre_ai_rev_b.a(hardware_modules.o)
                              /home/leon/git/swp-report/iMX6_Platform_SDK/output/mx6sdl/sdk_unit_test/sabre_ai_rev_b/obj/apps/common/platform_init.o (g_debug_uart_port)
/home/leon/git/swp-report/iMX6_Platform_SDK/output/mx6sdl/lib/libboard_sabre_ai_rev_b.a(dcd.o)
                              /home/leon/git/swp-report/iMX6_Platform_SDK/output/mx6sdl/sdk_unit_test/sabre_ai_rev_b/obj/apps/common/ivt.o (input_dcd_hdr)
/home/leon/git/swp-report/iMX6_Platform_SDK/output/mx6sdl/lib/libboard_sabre_ai_rev_b.a(i2c3_iomux_config.o)
                              /home/leon/git/swp-report/iMX6_Platform_SDK/output/mx6sdl/lib/libboard_sabre_ai_rev_b.a(board_io_expanders.o) (i2c3_iomux_config)
[...]
Memory Configuration

Name             Origin             Length             Attributes
OCRAM            0x00900000         0x00020000         xrw
DDR              0x10000000         0x80000000         xrw
*default*        0x00000000         0xffffffff

Linker script and memory map

LOAD /home/leon/riotboard/arm-2012.09/bin/../lib/gcc/arm-none-eabi/4.7.2//crtbegin.o
LOAD /home/leon/riotboard/arm-2012.09/bin/../lib/gcc/arm-none-eabi/4.7.2//crti.o
LOAD /home/leon/riotboard/arm-2012.09/bin/../lib/gcc/arm-none-eabi/4.7.2//crtend.o
LOAD /home/leon/riotboard/arm-2012.09/bin/../lib/gcc/arm-none-eabi/4.7.2//crtn.o

.l1_page_table  0x00900000     0x4000
                0x00900000                __l1_page_table_start = .
                0x00904000                . = (. + 0x4000)
 *fill*         0x00900000     0x4000 

.heap.ocram     0x00904000    0x1bfb8
                0x00904000                __heap_ocram_start = .
                0x0091ffb8                . = (. + 0x1bfb8)
 *fill*         0x00904000    0x1bfb8 
                0x0091ffb8                __heap_ocram_end = .

.ram_vectors    0x0091ffb8       0x48
                0x0091ffb8                __ram_vectors_start = .
                0x00920000                . = (. + 0x48)
 *fill*         0x0091ffb8       0x48 
                0x00920000                __ram_vectors_end = .
                0x10000000                _start_image_add = ORIGIN (DDR)

.ivt            0x10000000      0x420
                0x10000400                . = (. + 0x400)
 *fill*         0x10000000      0x400 
 *(.ivt)
 .ivt           0x10000400       0x20 /home/leon/git/swp-report/iMX6_Platform_SDK/output/mx6sdl/sdk_unit_test/sabre_ai_rev_b/obj/apps/common/ivt.o
                0x10000400                input_ivt

.boot_data      0x10000420        0xc
                0x10000420                __start_boot_data = .
 *(.boot_data)
 .boot_data     0x10000420        0xc /home/leon/git/swp-report/iMX6_Platform_SDK/output/mx6sdl/sdk_unit_test/sabre_ai_rev_b/obj/apps/common/ivt.o
                0x10000420                bd

.dcd_hdr        0x10000430        0x4
                0x10000430                __start_dcd = .
 *(.dcd_hdr)
 .dcd_hdr       0x10000430        0x4 /home/leon/git/swp-report/iMX6_Platform_SDK/output/mx6sdl/lib/libboard_sabre_ai_rev_b.a(dcd.o)
                0x10000430                input_dcd_hdr

.dcd_wrt_cmd    0x10000434        0x4
 *(.dcd_wrt_cmd)
 .dcd_wrt_cmd   0x10000434        0x4 /home/leon/git/swp-report/iMX6_Platform_SDK/output/mx6sdl/lib/libboard_sabre_ai_rev_b.a(dcd.o)
                0x10000434                input_dcd_wrt_cmd

.dcd_data       0x10000438      0x298
 *(.dcd_data)
 .dcd_data      0x10000438      0x298 /home/leon/git/swp-report/iMX6_Platform_SDK/output/mx6sdl/lib/libboard_sabre_ai_rev_b.a(dcd.o)
                0x10000438                input_dcd

.text           0x100006d0    0x68d68
 CREATE_OBJECT_SYMBOLS
 *(.startup)
 .startup       0x100006d0      0x138 /home/leon/git/swp-report/iMX6_Platform_SDK/output/mx6sdl/lib/libsdk.a(startup.o)
                0x100006d0                _start
 *(.text .text.* .gnu.linkonce.t.*)
 .text          0x10000808      0x128 /home/leon/riotboard/arm-2012.09/bin/../lib/gcc/arm-none-eabi/4.7.2//crtbegin.o
 .text          0x10000930        0x0 /home/leon/riotboard/arm-2012.09/bin/../lib/gcc/arm-none-eabi/4.7.2//crti.o
 .text          0x10000930        0x0 /home/leon/riotboard/arm-2012.09/bin/../lib/gcc/arm-none-eabi/4.7.2//crtend.o
 .text          0x10000930        0x0 /home/leon/riotboard/arm-2012.09/bin/../lib/gcc/arm-none-eabi/4.7.2//crtn.o
 .text          0x10000930        0x0 /home/leon/git/swp-report/iMX6_Platform_SDK/output/mx6sdl/sdk_unit_test/sabre_ai_rev_b/obj/apps/common/ivt.o
 .text          0x10000930       0x98 /home/leon/git/swp-report/iMX6_Platform_SDK/output/mx6sdl/sdk_unit_test/sabre_ai_rev_b/obj/apps/common/platform_init.o
                0x10000930                platform_init
 .text          0x100009c8       0xfc /home/leon/git/swp-report/iMX6_Platform_SDK/output/mx6sdl/sdk_unit_test/sabre_ai_rev_b/obj/apps/common/print_clock_info.o
                0x100009c8                show_freq
                0x10000ab4                show_ddr_config
 .text          0x10000ac4      0x15c /home/leon/git/swp-report/iMX6_Platform_SDK/output/mx6sdl/sdk_unit_test/sabre_ai_rev_b/obj/apps/common/print_version.o
                0x10000ac4                print_version
 .text          0x10000c20       0x50 /home/leon/git/swp-report/iMX6_Platform_SDK/output/mx6sdl/sdk_unit_test/sabre_ai_rev_b/obj/apps/sdk_unit_test/src/all_test.o
                0x10000c20                run_test
                0x10000c54                ALL_test
 .text          0x10000c70       0x2c /home/leon/git/swp-report/iMX6_Platform_SDK/output/mx6sdl/sdk_unit_test/sabre_ai_rev_b/obj/apps/sdk_unit_test/src/unit_test_main.o
                0x10000c70                main
 .text          0x10000c9c      0xc64 /home/leon/git/swp-report/iMX6_Platform_SDK/output/mx6sdl/lib/libsdk.a(ccm_pll.o)
                0x10000c9c                ccm_init
                0x10000dc0                get_main_clock
                0x10001050                get_peri_clock
                0x10001200                ccm_ccgr_config
                0x10001268                clock_gating_config
                0x100016a0                ccm_set_lpm_wakeup_source
                0x10001794                ccm_enter_low_power
                0x10001804                ipu_hsp_clk_config
                0x10001824                gpu_clock_config
 .text          0x10001900      0x164 /home/leon/git/swp-report/iMX6_Platform_SDK/output/mx6sdl/lib/libsdk.a(cortexA9.o)
                0x10001900                arm_set_interrupt_state
                0x10001924                cpu_get_current
                0x10001930                enable_neon_fpu
                0x1000194c                disable_strict_align_check
                0x10001960                disable_L1_cache
                0x10001980                get_arm_private_peripheral_base
                0x10001988                arm_unified_tlb_invalidate
                0x10001998                arm_unified_tlb_invalidate_is
                0x100019a8                arm_branch_prediction_enable
                0x100019b8                arm_branch_prediction_disable
                0x100019c8                arm_branch_target_cache_invalidate
                0x100019d4                arm_branch_target_cache_invalidate_is
                0x100019e0                scu_enable
                0x100019f4                scu_join_smp
                0x10001a04                scu_leave_smp
                0x10001a14                scu_get_cpus_in_smp
                0x10001a28                scu_enable_maintenance_broadcast
                0x10001a38                scu_disable_maintenance_broadcast
                0x10001a48                scu_secure_invalidate
 .text          0x10001a64      0x5e0 /home/leon/git/swp-report/iMX6_Platform_SDK/output/mx6sdl/lib/libsdk.a(gic.o)
                0x10001b48                gic_enable
                0x10001ba8                gic_set_irq_security
                0x10001c50                gic_enable_irq
                0x10001ccc                gic_set_irq_priority
                0x10001d14                gic_set_cpu_target
                0x10001e20                gic_send_sgi
                0x10001e74                gic_cpu_enable
                0x10001ed4                gic_set_cpu_priority_mask
                0x10001f08                gic_read_irq_ack
                0x10001f34                gic_write_end_of_irq
                0x10001f64                gic_init
                0x10002008                gic_init_cpu
 .text          0x10002044      0x460 /home/leon/git/swp-report/iMX6_Platform_SDK/output/mx6sdl/lib/libsdk.a(mmu.o)
                0x10002044                mmu_enable
                0x1000207c                mmu_disable
                0x100020b0                mmu_init
                0x100021cc                mmu_map_l1_range
                0x100023e4                mmu_virtual_to_physical
 .text          0x100024a4        0x0 /home/leon/git/swp-report/iMX6_Platform_SDK/output/mx6sdl/lib/libsdk.a(startup.o)
 .text          0x100024a4        0x4 /home/leon/git/swp-report/iMX6_Platform_SDK/output/mx6sdl/lib/libsdk.a(vectors.o)
                0x100024a4                exception_handler
 .text.vectors  0x100024a8       0x48 /home/leon/git/swp-report/iMX6_Platform_SDK/output/mx6sdl/lib/libsdk.a(vectors.o)
                0x100024a8                vectors
 .text          0x100024f0      0xc78 /home/leon/git/swp-report/iMX6_Platform_SDK/output/mx6sdl/lib/libsdk.a(menu.o)
                0x10002998                menu_get_indent
                0x100029b4                menuitem_cmd_showmenu
                0x100029d8                menuitem_cmd_exitmenu
                0x100029fc                menu_append_menuitems
                0x10002b1c                menu_present
                0x100030b8                menu_print_menuitem
 .text          0x10003168        0x0 /home/leon/git/swp-report/iMX6_Platform_SDK/output/mx6sdl/lib/libsdk.a(sdk_version.o)
 .text          0x10003168      0x914 /home/leon/git/swp-report/iMX6_Platform_SDK/output/mx6sdl/lib/libsdk.a(system_util.o)
                0x10003168                _sys_exit
                0x10003184                mybkpt
                0x1000318c                is_input_char
                0x1000330c                read_input_string
                0x100035f4                get_input_hex
                0x10003874                read_int
                0x100039d8                jump_to_sdp
 .text          0x10003a7c       0xe0 /home/leon/git/swp-report/iMX6_Platform_SDK/output/mx6sdl/lib/libsdk.a(text_color.o)
                0x10003a7c                printf_color
                0x10003b18                get_color_supported
 .text          0x10003b5c      0x7c4 /home/leon/git/swp-report/iMX6_Platform_SDK/output/mx6sdl/lib/libsdk.a(board_id.o)
                0x10003b5c                chip_name
                0x10003c74                chip_revision
                0x10003d4c                board_name
                0x10003e50                board_revision
                0x10003f18                board_description
                0x10004038                get_board_id
                0x10004114                show_board_id
 .text          0x10004320      0x290 /home/leon/git/swp-report/iMX6_Platform_SDK/output/mx6sdl/lib/libsdk.a(timer.o)
                0x10004320                hal_delay_us
                0x10004390                system_time_init
                0x100044f0                time_get_microseconds
 .text          0x100045b0     0x2820 /home/leon/git/swp-report/iMX6_Platform_SDK/output/mx6sdl/lib/libsdk.a(imx_uart.o)
                0x100045b0                uart_get_reffreq
                0x100046ac                uart_putchar
                0x100047fc                uart_getchar
                0x1000495c                uart_set_FIFO_mode
                0x10005488                uart_set_loopback_mode
                0x100056dc                uart_setup_interrupt
                0x100057a8                uart_init
 .text          0x10006dd0       0x98 /home/leon/git/swp-report/iMX6_Platform_SDK/output/mx6sdl/lib/libsdk.a(arm_abort.o)
                0x10006dd0                common_abort_handler
                0x10006e30                data_abort_handler
                0x10006e48                prefetch_abort_handler
 .text          0x10006e68      0x1bc /home/leon/git/swp-report/iMX6_Platform_SDK/output/mx6sdl/lib/libsdk.a(interrupt.o)
                0x10006e68                IRQ_HDLR
                0x10006f30                disable_interrupt
                0x10006f6c                enable_interrupt
                0x10006fc4                register_interrupt_routine
                0x10006ff8                default_interrupt_routine
 .text          0x10007024      0x8e0 /home/leon/git/swp-report/iMX6_Platform_SDK/output/mx6sdl/lib/libsdk.a(epit.o)
                0x10007024                epit_reload_counter
                0x10007084                epit_get_counter_value
                0x100070e0                epit_set_compare_event
                0x10007140                epit_get_compare_event
                0x10007238                epit_counter_disable
                0x100073fc                epit_counter_enable
                0x10007658                epit_setup_interrupt
                0x100076e8                epit_init
 .text          0x10007904      0x4bc /home/leon/git/swp-report/iMX6_Platform_SDK/output/mx6sdl/lib/libsdk.a(abort_handler.o)
                0x10007904                dump_regs
 .text          0x10007dc0      0x12c /home/leon/git/swp-report/iMX6_Platform_SDK/output/mx6sdl/lib/libboard_sabre_ai_rev_b.a(board_io_expanders.o)
                0x10007dc0                board_ioexpander_init
                0x10007eb8                board_ioexpander_iomux_config
 .text          0x10007eec        0x0 /home/leon/git/swp-report/iMX6_Platform_SDK/output/mx6sdl/lib/libboard_sabre_ai_rev_b.a(hardware_modules.o)
 .text          0x10007eec        0x0 /home/leon/git/swp-report/iMX6_Platform_SDK/output/mx6sdl/lib/libboard_sabre_ai_rev_b.a(dcd.o)
 .text          0x10007eec       0x78 /home/leon/git/swp-report/iMX6_Platform_SDK/output/mx6sdl/lib/libboard_sabre_ai_rev_b.a(i2c3_iomux_config.o)
                0x10007eec                i2c3_iomux_config
 .text          0x10007f64       0x90 /home/leon/git/swp-report/iMX6_Platform_SDK/output/mx6sdl/lib/libboard_sabre_ai_rev_b.a(uart_iomux_config.o)
                0x10007f64                uart_iomux_config
 .text          0x10007ff4      0x2c4 /home/leon/git/swp-report/iMX6_Platform_SDK/output/mx6sdl/lib/libboard_sabre_ai_rev_b.a(iomux_config.o)
                0x10007ff4                iomux_config
                0x10008078                arm_iomux_config
                0x10008088                asrc_iomux_config
                0x10008098                dcic1_iomux_config
                0x100080a8                dcic2_iomux_config
                0x100080b8                ecspi2_iomux_config
                0x100080c8                ecspi3_iomux_config
                0x100080d8                ecspi4_iomux_config
                0x100080e8                epdc_iomux_config
                0x100080f8                epit1_iomux_config
                0x10008108                epit2_iomux_config
                0x10008118                gpio3_iomux_config
                0x10008128                gpio7_iomux_config
                0x10008138                gpt_iomux_config
                0x10008148                hdmi_iomux_config
                0x10008158                i2c1_iomux_config
                0x10008168                i2c4_iomux_config
                0x10008178                kpp_iomux_config
                0x10008188                lcd_iomux_config
                0x10008198                ldb_iomux_config
                0x100081a8                mipi_csi_iomux_config
                0x100081b8                mipi_dsi_iomux_config
                0x100081c8                mipi_hsi_iomux_config
                0x100081d8                pcie_iomux_config
                0x100081e8                pmu_iomux_config
                0x100081f8                pwm1_iomux_config
                0x10008208                pwm2_iomux_config
                0x10008218                sdma_iomux_config
                0x10008228                snvs_iomux_config
                0x10008238                src_iomux_config
                0x10008248                uart1_iomux_config
                0x10008258                uart5_iomux_config
                0x10008268                usb_iomux_config
                0x10008278                usdhc2_iomux_config
                0x10008288                usdhc4_iomux_config
                0x10008298                wdog2_iomux_config
                0x100082a8                xtalosc_iomux_config
 .text          0x100082b8      0x5f8 /home/leon/git/swp-report/iMX6_Platform_SDK/output/mx6sdl/lib/libboard_sabre_ai_rev_b.a(ipu1_iomux_config.o)
                0x100082b8                ipu1_iomux_config
 .text          0x100088b0       0xac /home/leon/git/swp-report/iMX6_Platform_SDK/output/mx6sdl/lib/libboard_sabre_ai_rev_b.a(mlb_iomux_config.o)
                0x100088b0                mlb_iomux_config
 .text          0x1000895c     0x2484 /home/leon/git/swp-report/iMX6_Platform_SDK/output/mx6sdl/lib/libboard_sabre_ai_rev_b.a(mmdc_iomux_config.o)
                0x1000895c                mmdc_iomux_config
 .text          0x1000ade0       0x34 /home/leon/git/swp-report/iMX6_Platform_SDK/output/mx6sdl/lib/libboard_sabre_ai_rev_b.a(pwm3_iomux_config.o)
                0x1000ade0                pwm3_iomux_config
 .text          0x1000ae14       0x34 /home/leon/git/swp-report/iMX6_Platform_SDK/output/mx6sdl/lib/libboard_sabre_ai_rev_b.a(pwm4_iomux_config.o)
                0x1000ae14                pwm4_iomux_config
 .text          0x1000ae48       0x70 /home/leon/git/swp-report/iMX6_Platform_SDK/output/mx6sdl/lib/libboard_sabre_ai_rev_b.a(sjc_iomux_config.o)
                0x1000ae48                sjc_iomux_config
 .text          0x1000aeb8       0x40 /home/leon/git/swp-report/iMX6_Platform_SDK/output/mx6sdl/lib/libboard_sabre_ai_rev_b.a(spdif_iomux_config.o)
                0x1000aeb8                spdif_iomux_config
 .text          0x1000aef8       0xe0 /home/leon/git/swp-report/iMX6_Platform_SDK/output/mx6sdl/lib/libboard_sabre_ai_rev_b.a(uart2_iomux_config.o)
                0x1000aef8                uart2_iomux_config
 .text          0x1000afd8       0xe0 /home/leon/git/swp-report/iMX6_Platform_SDK/output/mx6sdl/lib/libboard_sabre_ai_rev_b.a(uart3_iomux_config.o)
                0x1000afd8                uart3_iomux_config
 .text          0x1000b0b8       0x78 /home/leon/git/swp-report/iMX6_Platform_SDK/output/mx6sdl/lib/libboard_sabre_ai_rev_b.a(uart4_iomux_config.o)
                0x1000b0b8                uart4_iomux_config
 .text          0x1000b130      0x1ac /home/leon/git/swp-report/iMX6_Platform_SDK/output/mx6sdl/lib/libboard_sabre_ai_rev_b.a(usdhc1_iomux_config.o)
                0x1000b130                usdhc1_iomux_config
 .text          0x1000b2dc      0x1d0 /home/leon/git/swp-report/iMX6_Platform_SDK/output/mx6sdl/lib/libboard_sabre_ai_rev_b.a(usdhc3_iomux_config.o)
                0x1000b2dc                usdhc3_iomux_config
 .text          0x1000b4ac       0x34 /home/leon/git/swp-report/iMX6_Platform_SDK/output/mx6sdl/lib/libboard_sabre_ai_rev_b.a(wdog1_iomux_config.o)
                0x1000b4ac                wdog1_iomux_config
 .text          0x1000b4e0      0x13c /home/leon/git/swp-report/iMX6_Platform_SDK/output/mx6sdl/lib/libboard_sabre_ai_rev_b.a(audmux_iomux_config.o)
                0x1000b4e0                audmux_iomux_config
 .text          0x1000b61c       0x34 /home/leon/git/swp-report/iMX6_Platform_SDK/output/mx6sdl/lib/libboard_sabre_ai_rev_b.a(ccm_iomux_config.o)
                0x1000b61c                ccm_iomux_config
 .text          0x1000b650      0x104 /home/leon/git/swp-report/iMX6_Platform_SDK/output/mx6sdl/lib/libboard_sabre_ai_rev_b.a(ecspi1_iomux_config.o)
                0x1000b650                ecspi1_iomux_config
 .text          0x1000b754      0x5d0 /home/leon/git/swp-report/iMX6_Platform_SDK/output/mx6sdl/lib/libboard_sabre_ai_rev_b.a(eim_iomux_config.o)
                0x1000b754                eim_iomux_config
 .text          0x1000bd24      0x3bc /home/leon/git/swp-report/iMX6_Platform_SDK/output/mx6sdl/lib/libboard_sabre_ai_rev_b.a(enet_iomux_config.o)
                0x1000bd24                enet_iomux_config
 .text          0x1000c0e0      0x218 /home/leon/git/swp-report/iMX6_Platform_SDK/output/mx6sdl/lib/libboard_sabre_ai_rev_b.a(esai_iomux_config.o)
                0x1000c0e0                esai_iomux_config
 .text          0x1000c2f8       0x68 /home/leon/git/swp-report/iMX6_Platform_SDK/output/mx6sdl/lib/libboard_sabre_ai_rev_b.a(flexcan1_iomux_config.o)
                0x1000c2f8                flexcan1_iomux_config
 .text          0x1000c360       0x68 /home/leon/git/swp-report/iMX6_Platform_SDK/output/mx6sdl/lib/libboard_sabre_ai_rev_b.a(flexcan2_iomux_config.o)
                0x1000c360                flexcan2_iomux_config
 .text          0x1000c3c8      0x130 /home/leon/git/swp-report/iMX6_Platform_SDK/output/mx6sdl/lib/libboard_sabre_ai_rev_b.a(gpio1_iomux_config.o)
                0x1000c3c8                gpio1_iomux_config
 .text          0x1000c4f8       0xfc /home/leon/git/swp-report/iMX6_Platform_SDK/output/mx6sdl/lib/libboard_sabre_ai_rev_b.a(gpio2_iomux_config.o)
                0x1000c4f8                gpio2_iomux_config
 .text          0x1000c5f4       0x58 /home/leon/git/swp-report/iMX6_Platform_SDK/output/mx6sdl/lib/libboard_sabre_ai_rev_b.a(gpio4_iomux_config.o)
                0x1000c5f4                gpio4_iomux_config
 .text          0x1000c64c       0xe4 /home/leon/git/swp-report/iMX6_Platform_SDK/output/mx6sdl/lib/libboard_sabre_ai_rev_b.a(gpio5_iomux_config.o)
                0x1000c64c                gpio5_iomux_config
 .text          0x1000c730       0x54 /home/leon/git/swp-report/iMX6_Platform_SDK/output/mx6sdl/lib/libboard_sabre_ai_rev_b.a(gpio6_iomux_config.o)
                0x1000c730                gpio6_iomux_config
 .text          0x1000c784      0x274 /home/leon/git/swp-report/iMX6_Platform_SDK/output/mx6sdl/lib/libboard_sabre_ai_rev_b.a(gpmi_iomux_config.o)
                0x1000c784                gpmi_iomux_config
 .text          0x1000c9f8       0x78 /home/leon/git/swp-report/iMX6_Platform_SDK/output/mx6sdl/lib/libboard_sabre_ai_rev_b.a(i2c2_iomux_config.o)
                0x1000c9f8                i2c2_iomux_config
 .text          0x1000ca70       0xc4 /home/leon/git/swp-report/iMX6_Platform_SDK/output/mx6sdl/sdk_unit_test/sabre_ai_rev_b/libsdk_unit_test.a(gic_test.o)
                0x1000ca70                gic_sgi_test_handler
                0x1000ca9c                gic_test
 .text          0x1000cb34      0x1fc /home/leon/git/swp-report/iMX6_Platform_SDK/output/mx6sdl/sdk_unit_test/sabre_ai_rev_b/libsdk_unit_test.a(cpu_wp_test.o)
                0x1000cb34                my_memcpy
                0x1000cb70                memcpy_perf_record
                0x1000cc58                cpu_wp_test
 .text          0x1000cd30      0x20c /home/leon/git/swp-report/iMX6_Platform_SDK/output/mx6sdl/sdk_unit_test/sabre_ai_rev_b/libsdk_unit_test.a(multicore_test.o)
                0x1000cd30                SGI3_ISR
                0x1000cdcc                multicore_entry
                0x1000cf24                multicore_test
 .text          0x1000cf3c      0x3ec /home/leon/git/swp-report/iMX6_Platform_SDK/output/mx6sdl/sdk_unit_test/sabre_ai_rev_b/libsdk_unit_test.a(ocotp_test.o)
                0x1000cf3c                ocotp_test
 .text          0x1000d328      0x128 /home/leon/git/swp-report/iMX6_Platform_SDK/output/mx6sdl/sdk_unit_test/sabre_ai_rev_b/libsdk_unit_test.a(i2c_test.o)
                0x1000d328                i2c_test
 .text          0x1000d450      0x884 /home/leon/git/swp-report/iMX6_Platform_SDK/output/mx6sdl/sdk_unit_test/sabre_ai_rev_b/libsdk_unit_test.a(imx6_i2c_device.o)
                0x1000d450                imx6_slave_receive
                0x1000d588                imx6_slave_transmit
                0x1000d774                i2c_imx6_slave_test
 .text          0x1000dcd4      0x340 /home/leon/git/swp-report/iMX6_Platform_SDK/output/mx6sdl/sdk_unit_test/sabre_ai_rev_b/libsdk_unit_test.a(snvs_rtc_test.o)
                0x1000dcd4                one_time_tick_callback
                0x1000dd00                periodic_tick_callback
                0x1000dd50                one_time_timer_test
                0x1000de18                periodic_timer_test
                0x1000deec                snvs_rtc_test
 .text          0x1000e014      0x1fc /home/leon/git/swp-report/iMX6_Platform_SDK/output/mx6sdl/sdk_unit_test/sabre_ai_rev_b/libsdk_unit_test.a(snvs_srtc_test.o)
                0x1000e014                srtc_one_time_tick_callback
                0x1000e040                srtc_one_time_timer_test
                0x1000e104                snvs_srtc_test
 .text          0x1000e210      0x290 /home/leon/git/swp-report/iMX6_Platform_SDK/output/mx6sdl/sdk_unit_test/sabre_ai_rev_b/libsdk_unit_test.a(tempmon_test.o)
                0x1000e210                over_temp_callback
                0x1000e244                print_current_temp
                0x1000e27c                tempmon_test
 .text          0x1000e4a0      0x1f4 /home/leon/git/swp-report/iMX6_Platform_SDK/output/mx6sdl/sdk_unit_test/sabre_ai_rev_b/libsdk_unit_test.a(sdma_test.o)
                0x1000e4a0                sdma_test
 .text          0x1000e694      0xa1c /home/leon/git/swp-report/iMX6_Platform_SDK/output/mx6sdl/sdk_unit_test/sabre_ai_rev_b/libsdk_unit_test.a(spi_lpb.o)
                0x1000e794                ecspi_app_test
                0x1000ec24                ecspi_shp_test
 .text          0x1000f0b0      0xfbc /home/leon/git/swp-report/iMX6_Platform_SDK/output/mx6sdl/sdk_unit_test/sabre_ai_rev_b/libsdk_unit_test.a(uart_loopback.o)
                0x1000f2bc                uart_app_test
                0x1000f738                uart_shp_test
                0x1000fbc4                uart5_trans_isr
                0x1000fc00                uart_app_interrupt_test
 .text          0x1001006c      0x374 /home/leon/git/swp-report/iMX6_Platform_SDK/output/mx6sdl/sdk_unit_test/sabre_ai_rev_b/libsdk_unit_test.a(epit_test.o)
                0x1001006c                epit_test
 .text          0x100103e0      0x4fc /home/leon/git/swp-report/iMX6_Platform_SDK/output/mx6sdl/sdk_unit_test/sabre_ai_rev_b/libsdk_unit_test.a(gpt_test.o)
                0x100103e0                gpt_test
                0x10010508                gpt_out_compare_test
                0x10010660                gpt_interrupt_routine
                0x100106f4                gpt_in_capture_test
 .text          0x100108dc       0xb4 /home/leon/git/swp-report/iMX6_Platform_SDK/output/mx6sdl/sdk_unit_test/sabre_ai_rev_b/libsdk_unit_test.a(timer_test.o)
                0x100108dc                microseconds_test
 .text          0x10010990      0x24c /home/leon/git/swp-report/iMX6_Platform_SDK/output/mx6sdl/sdk_unit_test/sabre_ai_rev_b/libsdk_unit_test.a(uart_test.o)
                0x10010990                uart_interrupt_handler
                0x100109e8                uart_test
 .text          0x10010bdc      0xcf4 /home/leon/git/swp-report/iMX6_Platform_SDK/output/mx6sdl/sdk_unit_test/sabre_ai_rev_b/libsdk_unit_test.a(usdhc_test.o)
                0x10010bdc                mmc_sd_test
                0x10010c10                usdhc_test
 .text          0x100118d0      0x1ec /home/leon/git/swp-report/iMX6_Platform_SDK/output/mx6sdl/sdk_unit_test/sabre_ai_rev_b/libsdk_unit_test.a(pwm_test.o)
                0x100118d0                pwm_test
 .text          0x10011abc      0x244 /home/leon/git/swp-report/iMX6_Platform_SDK/output/mx6sdl/sdk_unit_test/sabre_ai_rev_b/libsdk_unit_test.a(watchdog_test.o)
                0x10011cd4                wdog_test
 .text          0x10011d00      0x82c /home/leon/git/swp-report/iMX6_Platform_SDK/output/mx6sdl/sdk_unit_test/sabre_ai_rev_b/libsdk_unit_test.a(hdmi_test.o)
                0x10011d00                hdmi_test
                0x1001206c                init_hdmi_interrupt
                0x1001211c                hdmi_tx_ISR
                0x100121ac                hdmi_1080P60_video_output
                0x1001236c                hdmi_720P60_video_output
 .text          0x1001252c      0xb98 /home/leon/git/swp-report/iMX6_Platform_SDK/output/mx6sdl/sdk_unit_test/sabre_ai_rev_b/libsdk_unit_test.a(ips_display.o)
                0x1001252c                ips_display_test
                0x10012668                ips_hdmi_stream
                0x100127c8                ips_hdmi_720P60_stream
                0x10012a2c                ips_hdmi_1080P60_stream
                0x10012c24                ips_ext_hdmi_transmitter_1080P60_stream
                0x10012de4                ips_hannstar_xga_yuv_stream
                0x10013024                ips_mipi_wvga_rgb_stream
 .text          0x100130c4      0x238 /home/leon/git/swp-report/iMX6_Platform_SDK/output/mx6sdl/sdk_unit_test/sabre_ai_rev_b/libsdk_unit_test.a(ips_test.o)
                0x100130c4                ipu_test
 .text          0x100132fc      0x538 /home/leon/git/swp-report/iMX6_Platform_SDK/output/mx6sdl/sdk_unit_test/sabre_ai_rev_b/libsdk_unit_test.a(ipu_image.o)
                0x100132fc                load_centralized_image
                0x10013438                load_foreground_image
                0x10013484                load_horiz_image
                0x100135f4                set_background_margin
                0x100136e4                load_vert_image
 .text          0x10013834      0x1ec /home/leon/git/swp-report/iMX6_Platform_SDK/output/mx6sdl/sdk_unit_test/sabre_ai_rev_b/libsdk_unit_test.a(mipi_test.o)
                0x10013834                mipi_test
 .text          0x10013a20      0x3cc /home/leon/git/swp-report/iMX6_Platform_SDK/output/mx6sdl/sdk_unit_test/sabre_ai_rev_b/libsdk_unit_test.a(can_test.o)
                0x10013a20                flexcan_test
                0x10013cf4                can2_rx_handler
 .text          0x10013dec      0x194 /home/leon/git/swp-report/iMX6_Platform_SDK/output/mx6sdl/sdk_unit_test/sabre_ai_rev_b/libsdk_unit_test.a(usb_test.o)
                0x10013dec                usb_test
 .text          0x10013f80      0x4dc /home/leon/git/swp-report/iMX6_Platform_SDK/output/mx6sdl/sdk_unit_test/sabre_ai_rev_b/libsdk_unit_test.a(eim_test.o)
                0x10014320                eim_test
 .text          0x1001445c      0x758 /home/leon/git/swp-report/iMX6_Platform_SDK/output/mx6sdl/sdk_unit_test/sabre_ai_rev_b/libsdk_unit_test.a(pcie_test_rc.o)
                0x1001445c                pcie_test
 .text          0x10014bb4      0x574 /home/leon/git/swp-report/iMX6_Platform_SDK/output/mx6sdl/sdk_unit_test/sabre_ai_rev_b/libsdk_unit_test.a(spi_test.o)
                0x10014f34                spi_test
 .text          0x10015128      0x204 /home/leon/git/swp-report/iMX6_Platform_SDK/output/mx6sdl/sdk_unit_test/sabre_ai_rev_b/libsdk_unit_test.a(camera_test.o)
                0x10015128                camera_test
 .text          0x1001532c      0x2f0 /home/leon/git/swp-report/iMX6_Platform_SDK/output/mx6sdl/sdk_unit_test/sabre_ai_rev_b/libsdk_unit_test.a(csi_test_mode.o)
                0x1001532c                csi_test_mode
 *fill*         0x1001561c        0x4 
 .text          0x10015620      0x2f8 /home/leon/git/swp-report/iMX6_Platform_SDK/output/mx6sdl/sdk_unit_test/sabre_ai_rev_b/libsdk_unit_test.a(accelerometer_test.o)
                0x10015620                accelerometer_test
 .text          0x10015918      0x2ac /home/leon/git/swp-report/iMX6_Platform_SDK/output/mx6sdl/sdk_unit_test/sabre_ai_rev_b/libsdk_unit_test.a(at24cxx.o)
                0x100159cc                i2c_eeprom_at24cxx_test
 .text          0x10015bc4      0x404 /home/leon/git/swp-report/iMX6_Platform_SDK/output/mx6sdl/sdk_unit_test/sabre_ai_rev_b/libsdk_unit_test.a(mem_2_mem.o)
                0x10015bc4                mem_2_mem_test
 .text          0x10015fc8      0x2f4 /home/leon/git/swp-report/iMX6_Platform_SDK/output/mx6sdl/sdk_unit_test/sabre_ai_rev_b/libsdk_unit_test.a(pwm_output.o)
                0x10016054                pwm_output_test
 .text          0x100162bc      0x540 /home/leon/git/swp-report/iMX6_Platform_SDK/output/mx6sdl/sdk_unit_test/sabre_ai_rev_b/libsdk_unit_test.a(init_dma_data.o)
                0x100162bc                init_dma_data
 .text          0x100167fc      0x37c /home/leon/git/swp-report/iMX6_Platform_SDK/output/mx6sdl/sdk_unit_test/sabre_ai_rev_b/libsdk_unit_test.a(ips_combiner.o)
                0x100167fc                ips_combiner_test
 .text          0x10016b78      0x52c /home/leon/git/swp-report/iMX6_Platform_SDK/output/mx6sdl/sdk_unit_test/sabre_ai_rev_b/libsdk_unit_test.a(ips_csc.o)
                0x10016b78                ips_csc_test
 .text          0x100170a4      0x738 /home/leon/git/swp-report/iMX6_Platform_SDK/output/mx6sdl/sdk_unit_test/sabre_ai_rev_b/libsdk_unit_test.a(ips_resize.o)
                0x100170a4                ips_resize_test
 .text          0x100177dc      0x3e8 /home/leon/git/swp-report/iMX6_Platform_SDK/output/mx6sdl/sdk_unit_test/sabre_ai_rev_b/libsdk_unit_test.a(ips_rotate.o)
                0x100177dc                ips_rotate_test
 .text          0x10017bc4      0x110 /home/leon/git/swp-report/iMX6_Platform_SDK/output/mx6sdl/sdk_unit_test/sabre_ai_rev_b/libsdk_unit_test.a(mipi_csi2_test.o)
                0x10017bc4                mipi_csi2_test
 .text          0x10017cd4       0x24 /home/leon/git/swp-report/iMX6_Platform_SDK/output/mx6sdl/sdk_unit_test/sabre_ai_rev_b/libsdk_unit_test.a(mipi_dsi_test.o)
                0x10017cd4                mipi_dsi_test
 .text          0x10017cf8     0x16bc /home/leon/git/swp-report/iMX6_Platform_SDK/output/mx6sdl/sdk_unit_test/sabre_ai_rev_b/libsdk_unit_test.a(usb0_device_mouse_test.o)
                0x10017cf8                usb0_device_mouse_test
                0x10018b98                hid_device_enum
                0x10019178                fillBuffer
 .text          0x100193b4     0x39f0 /home/leon/git/swp-report/iMX6_Platform_SDK/output/mx6sdl/sdk_unit_test/sabre_ai_rev_b/libsdk_unit_test.a(usb0_host_test.o)
                0x100193b4                usb0_host_test
                0x10019ee8                emuerateDevice
                0x1001a068                usbh_set_device_address
                0x1001a790                usbh_get_dev_desc
                0x1001aee0                usbh_get_config_desc
                0x1001b670                usbh_get_interface_desc
                0x1001bee0                usbh_set_configuration
                0x1001c61c                usbh_get_report_desc
 .text          0x1001cda4      0x978 /home/leon/git/swp-report/iMX6_Platform_SDK/output/mx6sdl/sdk_unit_test/sabre_ai_rev_b/libsdk_unit_test.a(usb0_host_testmodes_test.o)
                0x1001cda4                usb0_host_testmodes_test
 .text          0x1001d71c      0xd18 /home/leon/git/swp-report/iMX6_Platform_SDK/output/mx6sdl/sdk_unit_test/sabre_ai_rev_b/libsdk_unit_test.a(cfi_flash_api.o)
                0x1001d7d4                flash_protect
                0x1001da14                flash_write
                0x1001dc80                flash_perror
                0x1001ddb8                flash_fill_sect_ranges
                0x1001e194                flash_sects_protect
                0x1001e31c                flash_sects_erase
 .text          0x1001e434     0x296c /home/leon/git/swp-report/iMX6_Platform_SDK/output/mx6sdl/sdk_unit_test/sabre_ai_rev_b/libsdk_unit_test.a(cfi_flash_driver.o)
                0x10020074                flash_reset
                0x1002009c                flash_init
                0x10020204                flash_erase
                0x100205dc                flash_print_info
                0x1002080c                write_buff
 .text          0x10020da0      0xb00 /home/leon/git/swp-report/iMX6_Platform_SDK/output/mx6sdl/sdk_unit_test/sabre_ai_rev_b/libsdk_unit_test.a(spi_nor_numonyx.o)
                0x10021078                spi_nor_query_numonyx
                0x10021144                spi_nor_erase_numonyx
                0x100211d0                spi_nor_read_numonyx
                0x10021418                spi_nor_write_numonyx
 .text          0x100218a0      0x300 /home/leon/git/swp-report/iMX6_Platform_SDK/output/mx6sdl/sdk_unit_test/sabre_ai_rev_b/libsdk_unit_test.a(adv7180_capture.o)
                0x100218a0                adv7180_capture
 .text          0x10021ba0       0xa4 /home/leon/riotboard/arm-2012.09/bin/../arm-none-eabi/lib//libm.a(lib_a-sf_cos.o)
                0x10021ba0                cosf
 .text          0x10021c44        0x8 /home/leon/riotboard/arm-2012.09/bin/../arm-none-eabi/lib//libm.a(lib_a-sf_fabs.o)
                0x10021c44                fabsf
 .text          0x10021c4c       0x70 /home/leon/riotboard/arm-2012.09/bin/../arm-none-eabi/lib//libm.a(lib_a-sf_modf.o)
                0x10021c4c                modff
 .text          0x10021cbc       0xbc /home/leon/riotboard/arm-2012.09/bin/../arm-none-eabi/lib//libm.a(lib_a-sf_sin.o)
                0x10021cbc                sinf
 .text          0x10021d78      0x460 /home/leon/riotboard/arm-2012.09/bin/../arm-none-eabi/lib//libm.a(lib_a-ef_rem_pio2.o)
                0x10021d78                __ieee754_rem_pio2f
 .text          0x100221d8      0x214 /home/leon/riotboard/arm-2012.09/bin/../arm-none-eabi/lib//libm.a(lib_a-kf_cos.o)
                0x100221d8                __kernel_cosf
 .text          0x100223ec      0x960 /home/leon/riotboard/arm-2012.09/bin/../arm-none-eabi/lib//libm.a(lib_a-kf_rem_pio2.o)
                0x100223ec                __kernel_rem_pio2f
 .text          0x10022d4c      0x14c /home/leon/riotboard/arm-2012.09/bin/../arm-none-eabi/lib//libm.a(lib_a-kf_sin.o)
                0x10022d4c                __kernel_sinf
 .text          0x10022e98       0xd0 /home/leon/riotboard/arm-2012.09/bin/../arm-none-eabi/lib//libm.a(lib_a-sf_floor.o)
                0x10022e98                floorf
 .text          0x10022f68      0x120 /home/leon/riotboard/arm-2012.09/bin/../arm-none-eabi/lib//libm.a(lib_a-sf_scalbn.o)
                0x10022f68                scalbnf
 .text          0x10023088       0x10 /home/leon/riotboard/arm-2012.09/bin/../arm-none-eabi/lib//libm.a(lib_a-sf_copysign.o)
                0x10023088                copysignf
 .text          0x10023098       0x68 /home/leon/riotboard/arm-2012.09/bin/../arm-none-eabi/lib//libc.a(lib_a-assert.o)
                0x10023098                __assert_func
                0x100230f0                __assert
 .text          0x10023100       0x20 /home/leon/riotboard/arm-2012.09/bin/../arm-none-eabi/lib//libc.a(lib_a-bzero.o)
                0x10023100                bzero
 .text          0x10023120      0x26c /home/leon/riotboard/arm-2012.09/bin/../arm-none-eabi/lib//libc.a(lib_a-fflush.o)
                0x10023120                _fflush_r
                0x1002334c                fflush
 .text          0x1002338c      0x2c4 /home/leon/riotboard/arm-2012.09/bin/../arm-none-eabi/lib//libc.a(lib_a-findfp.o)
                0x1002339c                _cleanup_r
                0x10023430                __sfmoreglue
                0x10023478                _cleanup
                0x10023488                __sinit
                0x10023500                __sfp
                0x100235f8                __sfp_lock_acquire
                0x100235fc                __sfp_lock_release
                0x10023600                __sinit_lock_acquire
                0x10023604                __sinit_lock_release
                0x10023608                __fp_lock_all
                0x1002362c                __fp_unlock_all
 .text          0x10023650       0x70 /home/leon/riotboard/arm-2012.09/bin/../arm-none-eabi/lib//libc.a(lib_a-fiprintf.o)
                0x10023650                _fiprintf_r
                0x10023680                fiprintf
 .text          0x100236c0       0x94 /home/leon/riotboard/arm-2012.09/bin/../arm-none-eabi/lib//libc.a(lib_a-fputc.o)
                0x100236c0                _fputc_r
                0x10023704                fputc
 .text          0x10023754       0xa8 /home/leon/riotboard/arm-2012.09/bin/../arm-none-eabi/lib//libc.a(lib_a-fputs.o)
                0x10023754                _fputs_r
                0x100237e0                fputs
 .text          0x100237fc      0x368 /home/leon/riotboard/arm-2012.09/bin/../arm-none-eabi/lib//libc.a(lib_a-freer.o)
                0x100237fc                _malloc_trim_r
                0x100238f8                _free_r
 .text          0x10023b64      0x4c4 /home/leon/riotboard/arm-2012.09/bin/../arm-none-eabi/lib//libc.a(lib_a-fvwrite.o)
                0x10023b64                __sfvwrite_r
 .text          0x10024028      0x114 /home/leon/riotboard/arm-2012.09/bin/../arm-none-eabi/lib//libc.a(lib_a-fwalk.o)
                0x10024028                _fwalk
                0x100240b0                _fwalk_reent
 .text          0x1002413c        0x0 /home/leon/riotboard/arm-2012.09/bin/../arm-none-eabi/lib//libc.a(lib_a-impure.o)
 .text          0x1002413c       0x88 /home/leon/riotboard/arm-2012.09/bin/../arm-none-eabi/lib//libc.a(lib_a-init.o)
                0x1002413c                __libc_init_array
 .text          0x100241c4       0x40 /home/leon/riotboard/arm-2012.09/bin/../arm-none-eabi/lib//libc.a(lib_a-malloc.o)
                0x100241c4                malloc
                0x100241e4                free
 .text          0x10024204      0x71c /home/leon/riotboard/arm-2012.09/bin/../arm-none-eabi/lib//libc.a(lib_a-mallocr.o)
                0x10024204                _malloc_r
 .text          0x10024920      0x11c /home/leon/riotboard/arm-2012.09/bin/../arm-none-eabi/lib//libc.a(lib_a-memchr.o)
                0x10024920                memchr
 .text          0x10024a3c      0x20c /home/leon/riotboard/arm-2012.09/bin/../arm-none-eabi/lib//libc.a(lib_a-memcpy.o)
                0x10024a3c                memcpy
 .text          0x10024c48      0x134 /home/leon/riotboard/arm-2012.09/bin/../arm-none-eabi/lib//libc.a(lib_a-memmove.o)
                0x10024c48                memmove
 .text          0x10024d7c      0x134 /home/leon/riotboard/arm-2012.09/bin/../arm-none-eabi/lib//libc.a(lib_a-memset.o)
                0x10024d7c                memset
 .text          0x10024eb0        0x8 /home/leon/riotboard/arm-2012.09/bin/../arm-none-eabi/lib//libc.a(lib_a-mlock.o)
                0x10024eb0                __malloc_lock
                0x10024eb4                __malloc_unlock
 .text          0x10024eb8       0x74 /home/leon/riotboard/arm-2012.09/bin/../arm-none-eabi/lib//libc.a(lib_a-printf.o)
                0x10024eb8                _printf_r
                0x10024eec                printf
 .text          0x10024f2c      0x170 /home/leon/riotboard/arm-2012.09/bin/../arm-none-eabi/lib//libc.a(lib_a-putc.o)
                0x10024f2c                _putc_r
                0x10024fdc                putc
 .text          0x1002509c       0xb8 /home/leon/riotboard/arm-2012.09/bin/../arm-none-eabi/lib//libc.a(lib_a-puts.o)
                0x1002509c                _puts_r
                0x10025140                puts
 .text          0x10025154       0x28 /home/leon/riotboard/arm-2012.09/bin/../arm-none-eabi/lib//libc.a(lib_a-realloc.o)
                0x10025154                realloc
 .text          0x1002517c      0x574 /home/leon/riotboard/arm-2012.09/bin/../arm-none-eabi/lib//libc.a(lib_a-reallocr.o)
                0x1002517c                _realloc_r
 .text          0x100256f0       0x6c /home/leon/riotboard/arm-2012.09/bin/../arm-none-eabi/lib//libc.a(lib_a-rget.o)
                0x100256f0                __srget_r
                0x10025748                __srget
 .text          0x1002575c       0x40 /home/leon/riotboard/arm-2012.09/bin/../arm-none-eabi/lib//libc.a(lib_a-sbrkr.o)
                0x1002575c                _sbrk_r
 .text          0x1002579c       0xdc /home/leon/riotboard/arm-2012.09/bin/../arm-none-eabi/lib//libc.a(lib_a-sprintf.o)
                0x1002579c                _sprintf_r
                0x10025804                sprintf
 .text          0x10025878       0xdc /home/leon/riotboard/arm-2012.09/bin/../arm-none-eabi/lib//libc.a(lib_a-stdio.o)
                0x10025878                __sread
                0x100258ac                __seofread
                0x100258b4                __swrite
                0x1002590c                __sseek
                0x10025940                __sclose
 .text          0x10025954       0x60 /home/leon/riotboard/arm-2012.09/bin/../arm-none-eabi/lib//libc.a(lib_a-strlen.o)
                0x10025954                strlen
 .text          0x100259b4       0x78 /home/leon/riotboard/arm-2012.09/bin/../arm-none-eabi/lib//libc.a(lib_a-strncasecmp.o)
                0x100259b4                strncasecmp
 .text          0x10025a2c     0x1f7c /home/leon/riotboard/arm-2012.09/bin/../arm-none-eabi/lib//libc.a(lib_a-svfprintf.o)
                0x10025a2c                _svfprintf_r
 .text          0x100279a8     0x12c4 /home/leon/riotboard/arm-2012.09/bin/../arm-none-eabi/lib//libc.a(lib_a-vfiprintf.o)
                0x100279a8                __sprint_r
                0x10027a64                _vfiprintf_r
                0x10028c40                vfiprintf
 .text          0x10028c6c     0x2180 /home/leon/riotboard/arm-2012.09/bin/../arm-none-eabi/lib//libc.a(lib_a-vfprintf.o)
                0x10028c6c                _vfprintf_r
                0x1002adc0                vfprintf
 .text          0x1002adec       0x4c /home/leon/riotboard/arm-2012.09/bin/../arm-none-eabi/lib//libc.a(lib_a-vprintf.o)
                0x1002adec                vprintf
                0x1002ae18                _vprintf_r
 .text          0x1002ae38      0x14c /home/leon/riotboard/arm-2012.09/bin/../arm-none-eabi/lib//libc.a(lib_a-wbuf.o)
                0x1002ae38                __swbuf_r
                0x1002af68                __swbuf
 .text          0x1002af84       0x44 /home/leon/riotboard/arm-2012.09/bin/../arm-none-eabi/lib//libc.a(lib_a-writer.o)
                0x1002af84                _write_r
 .text          0x1002afc8      0x138 /home/leon/riotboard/arm-2012.09/bin/../arm-none-eabi/lib//libc.a(lib_a-wsetup.o)
                0x1002afc8                __swsetup_r
 .text          0x1002b100       0x14 /home/leon/riotboard/arm-2012.09/bin/../arm-none-eabi/lib//libc.a(lib_a-abort.o)
                0x1002b100                abort
 .text          0x1002b114       0x3c /home/leon/riotboard/arm-2012.09/bin/../arm-none-eabi/lib//libc.a(lib_a-closer.o)
                0x1002b114                _close_r
 .text          0x1002b150        0x0 /home/leon/riotboard/arm-2012.09/bin/../arm-none-eabi/lib//libc.a(lib_a-ctype_.o)
 .text          0x1002b150     0x18a8 /home/leon/riotboard/arm-2012.09/bin/../arm-none-eabi/lib//libc.a(lib_a-dtoa.o)
                0x1002b330                _dtoa_r
 .text          0x1002c9f8      0x10c /home/leon/riotboard/arm-2012.09/bin/../arm-none-eabi/lib//libc.a(lib_a-fclose.o)
                0x1002c9f8                _fclose_r
                0x1002caf0                fclose
 .text          0x1002cb04      0x19c /home/leon/riotboard/arm-2012.09/bin/../arm-none-eabi/lib//libc.a(lib_a-fputwc.o)
                0x1002cb04                _fputwc_r
                0x1002cc54                fputwc
 .text          0x1002cca0       0xd0 /home/leon/riotboard/arm-2012.09/bin/../arm-none-eabi/lib//libc.a(lib_a-locale.o)
                0x1002cca0                _setlocale_r
                0x1002cd0c                __locale_charset
                0x1002cd18                __locale_mb_cur_max
                0x1002cd28                __locale_msgcharset
                0x1002cd34                __locale_cjk_lang
                0x1002cd3c                _localeconv_r
                0x1002cd48                setlocale
                0x1002cd64                localeconv
 .text          0x1002cd70       0x44 /home/leon/riotboard/arm-2012.09/bin/../arm-none-eabi/lib//libc.a(lib_a-lseekr.o)
                0x1002cd70                _lseek_r
 .text          0x1002cdb4      0x15c /home/leon/riotboard/arm-2012.09/bin/../arm-none-eabi/lib//libc.a(lib_a-makebuf.o)
                0x1002cdb4                __smakebuf_r
 .text          0x1002cf10      0xd20 /home/leon/riotboard/arm-2012.09/bin/../arm-none-eabi/lib//libc.a(lib_a-mprec.o)
                0x1002cf10                _Balloc
                0x1002cf9c                _Bfree
                0x1002cfb8                __multadd
                0x1002d094                __s2b
                0x1002d184                __hi0bits
                0x1002d1d4                __lo0bits
                0x1002d268                __i2b
                0x1002d28c                __multiply
                0x1002d470                __pow5mult
                0x1002d564                __lshift
                0x1002d668                __mcmp
                0x1002d6cc                __mdiff
                0x1002d818                __ulp
                0x1002d87c                __b2d
                0x1002d948                __d2b
                0x1002da50                __ratio
                0x1002dae0                _mprec_log10
                0x1002db34                __copybits
                0x1002dba8                __any_on
 .text          0x1002dc30       0x44 /home/leon/riotboard/arm-2012.09/bin/../arm-none-eabi/lib//libc.a(lib_a-readr.o)
                0x1002dc30                _read_r
 .text          0x1002dc74      0x19c /home/leon/riotboard/arm-2012.09/bin/../arm-none-eabi/lib//libc.a(lib_a-reent.o)
                0x1002dc74                cleanup_glue
                0x1002dca0                _reclaim_reent
                0x1002dd9c                _wrapup_reent
 .text          0x1002de10      0x1cc /home/leon/riotboard/arm-2012.09/bin/../arm-none-eabi/lib//libc.a(lib_a-refill.o)
                0x1002de38                __srefill_r
 .text          0x1002dfdc       0x6c /home/leon/riotboard/arm-2012.09/bin/../arm-none-eabi/lib//libc.a(lib_a-s_fpclassify.o)
                0x1002dfdc                __fpclassifyd
 .text          0x1002e048      0x24c /home/leon/riotboard/arm-2012.09/bin/../arm-none-eabi/lib//libc.a(lib_a-signal.o)
                0x1002e048                _init_signal_r
                0x1002e0a8                _signal_r
                0x1002e114                _raise_r
                0x1002e1ac                __sigtramp_r
                0x1002e240                raise
                0x1002e254                signal
                0x1002e270                _init_signal
                0x1002e280                __sigtramp
 .text          0x1002e294       0x50 /home/leon/riotboard/arm-2012.09/bin/../arm-none-eabi/lib//libc.a(lib_a-signalr.o)
                0x1002e294                _kill_r
                0x1002e2d4                _getpid_r
 .text          0x1002e2e4      0x230 /home/leon/riotboard/arm-2012.09/bin/../arm-none-eabi/lib//libc.a(lib_a-strcmp.o)
                0x1002e2e4                strcmp
 .text          0x1002e514     0x1224 /home/leon/riotboard/arm-2012.09/bin/../arm-none-eabi/lib//libc.a(lib_a-svfiprintf.o)
                0x1002e514                __ssprint_r
                0x1002e6b8                _svfiprintf_r
 .text          0x1002f738      0x134 /home/leon/riotboard/arm-2012.09/bin/../arm-none-eabi/lib//libc.a(lib_a-wcrtomb.o)
                0x1002f738                _wcrtomb_r
                0x1002f7c8                wcrtomb
 .text          0x1002f86c       0x7c /home/leon/riotboard/arm-2012.09/bin/../arm-none-eabi/lib//libc.a(lib_a-wctomb_r.o)
                0x1002f86c                __ascii_wctomb
                0x1002f898                _wctomb_r
 .text          0x1002f8e8       0x94 /home/leon/riotboard/arm-2012.09/bin/../arm-none-eabi/lib//libc.a(lib_a-callocr.o)
                0x1002f8e8                _calloc_r
 .text          0x1002f97c       0x40 /home/leon/riotboard/arm-2012.09/bin/../arm-none-eabi/lib//libc.a(lib_a-fstatr.o)
                0x1002f97c                _fstat_r
 .text          0x1002f9bc       0x3c /home/leon/riotboard/arm-2012.09/bin/../arm-none-eabi/lib//libc.a(lib_a-isattyr.o)
                0x1002f9bc                _isatty_r
 .text          0x1002f9f8      0x114 /home/leon/riotboard/arm-2012.09/bin/../lib/gcc/arm-none-eabi/4.7.2//libgcc.a(_udivsi3.o)
                0x1002f9f8                __udivsi3
                0x1002f9f8                __aeabi_uidiv
                0x1002faec                __aeabi_uidivmod
 .text          0x1002fb0c      0x148 /home/leon/riotboard/arm-2012.09/bin/../lib/gcc/arm-none-eabi/4.7.2//libgcc.a(_divsi3.o)
                0x1002fb0c                __aeabi_idiv
                0x1002fb0c                __divsi3
                0x1002fc34                __aeabi_idivmod
 .text          0x1002fc54        0x4 /home/leon/riotboard/arm-2012.09/bin/../lib/gcc/arm-none-eabi/4.7.2//libgcc.a(_dvmd_tls.o)
                0x1002fc54                __aeabi_ldiv0
                0x1002fc54                __aeabi_idiv0
 .text          0x1002fc58      0x41c /home/leon/riotboard/arm-2012.09/bin/../lib/gcc/arm-none-eabi/4.7.2//libgcc.a(_arm_addsubdf3.o)
                0x1002fc58                __aeabi_drsub
                0x1002fc60                __aeabi_dsub
                0x1002fc60                __subdf3
                0x1002fc64                __adddf3
                0x1002fc64                __aeabi_dadd
                0x1002ff74                __aeabi_ui2d
                0x1002ff74                __floatunsidf
                0x1002ff98                __floatsidf
                0x1002ff98                __aeabi_i2d
                0x1002ffc0                __extendsfdf2
                0x1002ffc0                __aeabi_f2d
                0x10030000                __aeabi_ul2d
                0x10030000                __floatundidf
                0x10030014                __floatdidf
                0x10030014                __aeabi_l2d
 .text          0x10030074      0x49c /home/leon/riotboard/arm-2012.09/bin/../lib/gcc/arm-none-eabi/4.7.2//libgcc.a(_arm_muldivdf3.o)
                0x10030074                __aeabi_dmul
                0x10030074                __muldf3
                0x10030304                __aeabi_ddiv
                0x10030304                __divdf3
 .text          0x10030510      0x144 /home/leon/riotboard/arm-2012.09/bin/../lib/gcc/arm-none-eabi/4.7.2//libgcc.a(_arm_cmpdf2.o)
                0x10030510                __gtdf2
                0x10030510                __gedf2
                0x10030518                __ltdf2
                0x10030518                __ledf2
                0x10030520                __cmpdf2
                0x10030520                __eqdf2
                0x10030520                __nedf2
                0x100305a8                __aeabi_cdrcmple
                0x100305c4                __aeabi_cdcmple
                0x100305c4                __aeabi_cdcmpeq
                0x100305dc                __aeabi_dcmpeq
                0x100305f4                __aeabi_dcmplt
                0x1003060c                __aeabi_dcmple
                0x10030624                __aeabi_dcmpge
                0x1003063c                __aeabi_dcmpgt
 .text          0x10030654       0x5c /home/leon/riotboard/arm-2012.09/bin/../lib/gcc/arm-none-eabi/4.7.2//libgcc.a(_arm_fixdfsi.o)
                0x10030654                __fixdfsi
                0x10030654                __aeabi_d2iz
 .text          0x100306b0      0x2ac /home/leon/riotboard/arm-2012.09/bin/../lib/gcc/arm-none-eabi/4.7.2//libgcc.a(_arm_addsubsf3.o)
                0x100306b0                __aeabi_frsub
                0x100306b8                __subsf3
                0x100306b8                __aeabi_fsub
                0x100306bc                __aeabi_fadd
                0x100306bc                __addsf3
                0x10030878                __aeabi_ui2f
                0x10030878                __floatunsisf
                0x10030880                __aeabi_i2f
                0x10030880                __floatsisf
                0x100308a0                __floatundisf
                0x100308a0                __aeabi_ul2f
                0x100308b0                __floatdisf
                0x100308b0                __aeabi_l2f
 .text          0x1003095c      0x2f8 /home/leon/riotboard/arm-2012.09/bin/../lib/gcc/arm-none-eabi/4.7.2//libgcc.a(_arm_muldivsf3.o)
                0x1003095c                __mulsf3
                0x1003095c                __aeabi_fmul
                0x10030af4                __divsf3
                0x10030af4                __aeabi_fdiv
 .text          0x10030c54      0x114 /home/leon/riotboard/arm-2012.09/bin/../lib/gcc/arm-none-eabi/4.7.2//libgcc.a(_arm_cmpsf2.o)
                0x10030c54                __gtsf2
                0x10030c54                __gesf2
                0x10030c5c                __lesf2
                0x10030c5c                __ltsf2
                0x10030c64                __nesf2
                0x10030c64                __eqsf2
                0x10030c64                __cmpsf2
                0x10030cc8                __aeabi_cfrcmple
                0x10030cd8                __aeabi_cfcmple
                0x10030cd8                __aeabi_cfcmpeq
                0x10030cf0                __aeabi_fcmpeq
                0x10030d08                __aeabi_fcmplt
                0x10030d20                __aeabi_fcmple
                0x10030d38                __aeabi_fcmpge
                0x10030d50                __aeabi_fcmpgt
 .text          0x10030d68       0x5c /home/leon/riotboard/arm-2012.09/bin/../lib/gcc/arm-none-eabi/4.7.2//libgcc.a(_arm_fixsfsi.o)
                0x10030d68                __fixsfsi
                0x10030d68                __aeabi_f2iz
 .text          0x10030dc4       0x3c /home/leon/riotboard/arm-2012.09/bin/../lib/gcc/arm-none-eabi/4.7.2//libgcc.a(_aeabi_uldivmod.o)
                0x10030dc4                __aeabi_uldivmod
 .text          0x10030e00       0x84 /home/leon/riotboard/arm-2012.09/bin/../lib/gcc/arm-none-eabi/4.7.2//libgcc.a(bpabi.o)
                0x10030e00                __gnu_ldivmod_helper
                0x10030e44                __gnu_uldivmod_helper
 .text          0x10030e84      0x4f0 /home/leon/riotboard/arm-2012.09/bin/../lib/gcc/arm-none-eabi/4.7.2//libgcc.a(_divdi3.o)
                0x10030e84                __divdi3
 .text          0x10031374      0x488 /home/leon/riotboard/arm-2012.09/bin/../lib/gcc/arm-none-eabi/4.7.2//libgcc.a(_udivdi3.o)
                0x10031374                __udivdi3
 .text          0x100317fc       0x48 /home/leon/riotboard/arm-2012.09/bin/../lib/gcc/arm-none-eabi/4.7.2//libgcc.a(_clzsi2.o)
                0x100317fc                __clzsi2
 .text          0x10031844      0x264 /home/leon/git/swp-report/iMX6_Platform_SDK/output/mx6sdl/lib/libsdk.a(max7310.o)
                0x10031844                max7310_reg_read
                0x100318a8                max7310_reg_write
                0x10031914                max7310_init
                0x100319f4                max7310_set_gpio_output
 .text          0x10031aa8       0x64 /home/leon/git/swp-report/iMX6_Platform_SDK/output/mx6sdl/lib/libsdk.a(profile.o)
                0x10031aa8                StartPerfCounter
                0x10031ad0                StopPerfCounter
 .text          0x10031b0c      0x644 /home/leon/git/swp-report/iMX6_Platform_SDK/output/mx6sdl/lib/libsdk.a(armv7_cache.o)
                0x10031b0c                arm_dcache_state_query
                0x10031b4c                arm_dcache_enable
                0x10031b94                arm_dcache_disable
                0x10031bcc                arm_dcache_invalidate
                0x10031c70                arm_dcache_invalidate_line
                0x10031cdc                arm_dcache_invalidate_mlines
                0x10031d7c                arm_dcache_flush
                0x10031e20                arm_dcache_flush_line
                0x10031e8c                arm_dcache_flush_mlines
                0x10031f2c                arm_icache_state_query
                0x10031f6c                arm_icache_enable
                0x10031fb4                arm_icache_disable
                0x10031fec                arm_icache_invalidate
                0x10032018                arm_icache_invalidate_is
                0x10032044                arm_icache_invalidate_line
                0x100320b0                arm_icache_invalidate_mlines
 .text          0x10032150      0x610 /home/leon/git/swp-report/iMX6_Platform_SDK/output/mx6sdl/lib/libsdk.a(runtime_support.o)
                0x10032150                _execve
                0x1003218c                _fork
                0x100321b4                _isatty
                0x100321d8                _open
                0x10032204                _close
                0x10032228                _lseek
                0x10032254                _fstat
                0x10032288                _read
                0x10032358                _write
                0x10032444                _raw_puts
                0x100324c4                _sbrk
                0x10032574                _exit
                0x10032594                _kill
                0x100325cc                _getpid
                0x100325e4                _link
                0x1003261c                _unlink
                0x10032650                _stat
                0x10032684                _times
                0x100326a8                _gettimeofday
                0x1003272c                _wait
 .text          0x10032760      0x62c /home/leon/git/swp-report/iMX6_Platform_SDK/output/mx6sdl/lib/libsdk.a(mma8451.o)
                0x10032760                mma8451_read_register
                0x10032830                mma8451_write_register
                0x10032910                mma8451_init
                0x10032acc                mma8451_get_acceleration
 .text          0x10032d8c       0x78 /home/leon/git/swp-report/iMX6_Platform_SDK/output/mx6sdl/lib/libsdk.a(cpu_get_cores.o)
                0x10032d8c                cpu_get_cores
 .text          0x10032e04      0x1d8 /home/leon/git/swp-report/iMX6_Platform_SDK/output/mx6sdl/lib/libsdk.a(cpu_multicore.o)
                0x10032e68                cpu_start_secondary
                0x10032f6c                cpu_disable
 .text          0x10032fdc      0x1cc /home/leon/git/swp-report/iMX6_Platform_SDK/output/mx6sdl/lib/libsdk.a(cpu_workpoint.o)
                0x10032fdc                cpu_workpoint_set
 .text          0x100331a8      0x4f0 /home/leon/git/swp-report/iMX6_Platform_SDK/output/mx6sdl/lib/libsdk.a(eim.o)
                0x100331a8                eim_init
                0x100332f8                eim_cfg_set
 .text          0x10033698      0xe60 /home/leon/git/swp-report/iMX6_Platform_SDK/output/mx6sdl/lib/libsdk.a(can.o)
                0x10033698                can_init
                0x100338b8                can_update_bitrate
                0x10033b2c                can_sw_reset
                0x10033c14                set_can_mb
                0x10033cf0                print_can_mb
                0x10033e04                can_enable_mb_interrupt
                0x10033f74                can_disable_mb_interrupt
                0x100340ec                can_exit_freeze
                0x1003418c                can_freeze
                0x1003422c                can_mb_int_flag
                0x10034304                can_mb_int_ack
                0x10034468                can_setup_interrupt
 .text          0x100344f8     0x1308 /home/leon/git/swp-report/iMX6_Platform_SDK/output/mx6sdl/lib/libsdk.a(gpio.o)
                0x10034528                gpio_get_port_count
                0x10034540                gpio_set_gpio
                0x10034604                gpio_set_direction
                0x10034860                gpio_get_direction
                0x100349a8                gpio_set_level
                0x10034ce8                gpio_get_level
                0x10034e48                gpio_set_interrupt_config
                0x1003524c                gpio_set_interrupt_mask
                0x10035490                gpio_get_interrupt_status
                0x100355ec                gpio_clear_interrupt
 .text          0x10035800        0x0 /home/leon/git/swp-report/iMX6_Platform_SDK/output/mx6sdl/lib/libsdk.a(imx6sdl_gpio_map.o)
 .text          0x10035800     0x1334 /home/leon/git/swp-report/iMX6_Platform_SDK/output/mx6sdl/lib/libsdk.a(hdmi_tx.o)
                0x10035800                hdmi_config_input_source
                0x10035840                hdmi_video_sample
                0x10035a88                update_csc_coeffs
                0x10035f9c                hdmi_video_csc
                0x1003613c                hdmi_video_packetize
                0x10036508                preamble_filter_set
                0x100365c8                hdmi_av_frame_composer
                0x10036a10                hdmi_tx_hdcp_config
                0x10036a7c                hdmi_config_force_video
                0x10036ad4                hdmi_config_forced_pixels
 .text          0x10036b34      0xd24 /home/leon/git/swp-report/iMX6_Platform_SDK/output/mx6sdl/lib/libsdk.a(hdmi_tx_audio.o)
                0x10036b34                hdmi_audio_mute
                0x10036b84                audio_PacketLayout
                0x10036bc4                audio_DMA_InterruptMask
                0x10036bf4                audio_DMA_InterruptPolarity
                0x10036c24                audio_DMA_ResetFIFO
                0x10036c48                audio_clk_N
                0x10036ca8                audio_clk_CTS
                0x10036d48                audio_ComputeN
                0x10037068                audio_ComputeCTS
                0x100372a4                audio_DMA_StartAddr
                0x1003731c                audio_DMA_StopAddr
                0x10037394                audio_DMA_LockEnable
                0x100373d4                audio_DMA_BurstMode
                0x10037414                audio_DMA_IncrType
                0x10037454                audio_DMA_Threshold
                0x10037484                audio_DMA_SetCONF1
                0x100374b4                audio_DMA_Start
                0x100374d8                audio_Configure
                0x10037590                Audio_ChannelCount
                0x10037680                audio_Configure_DMA
                0x10037818                audio_info_config
 .text          0x10037858     0x14fc /home/leon/git/swp-report/iMX6_Platform_SDK/output/mx6sdl/lib/libsdk.a(hdmi_tx_phy.o)
                0x10037858                hdmi_phy_int_mask
                0x10038cc0                hdmi_phy_init
 .text          0x10038d54     0x1798 /home/leon/git/swp-report/iMX6_Platform_SDK/output/mx6sdl/lib/libsdk.a(imx_i2c.o)
                0x10038d84                i2c_get_request_instance
                0x100397fc                i2c_xfer
                0x10039f18                i2c_read
                0x10039f48                i2c_write
                0x10039f78                i2c_setup_interrupt
                0x1003a1e4                i2c_init
 .text          0x1003a4ec      0xd38 /home/leon/git/swp-report/iMX6_Platform_SDK/output/mx6sdl/lib/libsdk.a(imx_i2c_slave.o)
                0x1003a4ec                i2c_slave_interrupt_routine
                0x1003a638                i2c_slave_handler
                0x1003ac68                i2c_slave_xfer
 .text          0x1003b224      0x474 /home/leon/git/swp-report/iMX6_Platform_SDK/output/mx6sdl/lib/libsdk.a(ips_disp_panel.o)
                0x1003b4b8                search_panel
                0x1003b578                list_panel
                0x1003b610                get_panel_by_id
 .text          0x1003b698      0xf90 /home/leon/git/swp-report/iMX6_Platform_SDK/output/mx6sdl/lib/libsdk.a(ipu_common.o)
                0x1003b698                need_csc
                0x1003b700                ipu_write_field
                0x1003b7a4                ipu_read
                0x1003b7fc                ipu_write
                0x1003b850                ipu_enable_display
                0x1003b8bc                ipu_disable_display
                0x1003b93c                ipu_sw_reset
                0x1003ba1c                ipu_display_setup
                0x1003bb90                ipu_dual_display_setup
                0x1003bc94                ipu_capture_setup
                0x1003c0d8                ipu_capture_streamoff
                0x1003c1ac                ipu_mipi_csi2_setup
                0x1003c3a4                ipu1_ch0_eobnd_isr
                0x1003c580                ipu_ch0_eobnd_interrupt_register
 .text          0x1003c628      0xcb8 /home/leon/git/swp-report/iMX6_Platform_SDK/output/mx6sdl/lib/libsdk.a(ipu_csi.o)
                0x1003c628                ipu_csi_config
                0x1003cc6c                ipu_smfc_fifo_allocate
                0x1003cdc8                ipu_capture_disp_link
                0x1003cef4                ipu_disable_csi
                0x1003cf60                ipu_disable_smfc
                0x1003cf94                ipu_csi_test_mode_color
 .text          0x1003d2e0     0x1bd8 /home/leon/git/swp-report/iMX6_Platform_SDK/output/mx6sdl/lib/libsdk.a(ipu_dc.o)
                0x1003d2e0                ipu_dc_config
                0x1003d5d0                ipu_dc_write_channel_config
                0x1003d888                ipu_dc_display_config
                0x1003da1c                ipu_dc_map
                0x1003ddb0                ipu_dc_microcode_config
                0x1003eb5c                ipu_dc_microcode_event
 .text          0x1003eeb8      0xfd8 /home/leon/git/swp-report/iMX6_Platform_SDK/output/mx6sdl/lib/libsdk.a(ipu_di.o)
                0x1003eeb8                ipu_di_config
                0x1003f4e8                ipu_di_waveform_config
                0x1003f5b0                ipu_di_screen_set
                0x1003f644                ipu_di_pointer_config
                0x1003f794                ipu_di_bsclk_gen
                0x1003f8cc                ipu_di_sync_config
                0x1003fbd4                ipu_di_interface_set
 .text          0x1003fe90      0x3e0 /home/leon/git/swp-report/iMX6_Platform_SDK/output/mx6sdl/lib/libsdk.a(ipu_dmfc.o)
                0x1003fe90                ipu_dmfc_config
                0x10040124                ipu_dmfc_alloc
 .text          0x10040270      0x59c /home/leon/git/swp-report/iMX6_Platform_SDK/output/mx6sdl/lib/libsdk.a(ipu_dp.o)
                0x10040270                ipu_dp_config
                0x100402c4                ipu_dp_csc_config
                0x10040668                ipu_dp_fg_config
 .text          0x1004080c     0x167c /home/leon/git/swp-report/iMX6_Platform_SDK/output/mx6sdl/lib/libsdk.a(ipu_ic.o)
                0x1004080c                ipu_ic_enable
                0x10040858                ipu_ic_rotation_config
                0x10040a64                ipu_ic_resize_config
                0x10040fb8                ipu_ic_deinterlace_config
                0x10041194                ipu_ic_calc_resize_coeffs
                0x100412ac                ipu_ic_config_resize_rate
                0x100413d4                ipu_ic_combine_config
                0x10041590                ipu_ic_csc_config
                0x10041c88                ipu_ic_task_enable
 .text          0x10041e88     0x2828 /home/leon/git/swp-report/iMX6_Platform_SDK/output/mx6sdl/lib/libsdk.a(ipu_idmac.o)
                0x10041e88                ipu_cpmem_set_field
                0x10041fb4                ipu_cpmem_mod_field
                0x10042140                ipu_cpmem_read_field
                0x1004229c                ipu_channel_buf_ready
                0x10042414                ipu_channel_buf_not_ready
                0x1004258c                ipu_idmac_channel_mode_sel
                0x10042614                ipu_idmac_channel_enable
                0x1004269c                ipu_idmac_channel_busy
                0x10042748                ipu_general_idmac_config
                0x10042c2c                ipu_disp_bg_idmac_config
                0x10042d14                ipu_disp_fg_idmac_config
                0x10042dfc                ipu_dma_update_buffer
                0x10042ef0                ipu_idmac_chan_cur_buff
                0x10042f84                ipu_rotate_idmac_config
                0x100430b8                ipu_resize_idmac_config
                0x100431f4                ipu_deinterlace_idmac_config
                0x10043348                ipu_idma_pixel_format_config
 .text          0x100446b0      0x598 /home/leon/git/swp-report/iMX6_Platform_SDK/output/mx6sdl/lib/libsdk.a(ipu_vdi.o)
                0x100446b0                ipu_deinterlace_3_fields
                0x10044700                ipu_vdi_set_top_field_man
                0x10044774                ipu_vdi_set_motion
                0x1004487c                ipu_vdi_init
                0x100449c0                ipu_vdi_uninit
                0x10044a08                ips_deinterlace_proc
 .text          0x10044c48      0x4ac /home/leon/git/swp-report/iMX6_Platform_SDK/output/mx6sdl/lib/libsdk.a(ldb.o)
                0x10044e18                ldb_config
                0x10045050                ldb_set_vs_polarity
 .text          0x100450f4      0xc34 /home/leon/git/swp-report/iMX6_Platform_SDK/output/mx6sdl/lib/libsdk.a(mipi_csi2_common.o)
                0x10045c08                mipi_csi2_config
 .text          0x10045d28      0x834 /home/leon/git/swp-report/iMX6_Platform_SDK/output/mx6sdl/lib/libsdk.a(mipi_dsi_common.o)
                0x10046268                mipi_dsi_init
 .text          0x1004655c        0x0 /home/leon/git/swp-report/iMX6_Platform_SDK/output/mx6sdl/lib/libsdk.a(ov5640_mipi_fm.o)
 .text          0x1004655c      0x3f4 /home/leon/git/swp-report/iMX6_Platform_SDK/output/mx6sdl/lib/libsdk.a(ocotp.o)
                0x100465c8                Delay4Reload
                0x1004680c                ocotp_sense_fuse
                0x1004687c                ocotp_fuse_blow_row
                0x100468d8                ocotp_reload_otp_shadow_registers
 .text          0x10046950      0x55c /home/leon/git/swp-report/iMX6_Platform_SDK/output/mx6sdl/lib/libsdk.a(pcie.o)
                0x10046c04                pcie_map_space
                0x10046cc8                pcie_init
 .text          0x10046eac      0x394 /home/leon/git/swp-report/iMX6_Platform_SDK/output/mx6sdl/lib/libsdk.a(pcie_phy.o)
                0x10046ff8                pcie_phy_cr_read
                0x100470d0                pcie_phy_cr_write
 .text          0x10047240      0x70c /home/leon/git/swp-report/iMX6_Platform_SDK/output/mx6sdl/lib/libsdk.a(pcie_prot.o)
                0x100475d8                pcie_dump_cfg_header
                0x10047644                pcie_enum_resources
                0x100478d4                pcie_cfg_ep_bar
 .text          0x1004794c     0x1bf0 /home/leon/git/swp-report/iMX6_Platform_SDK/output/mx6sdl/lib/libsdk.a(pmu_driver.o)
                0x10047bb8                pmu_init
                0x10047d54                pmu_get_property
                0x10047db4                pmu_set_property
                0x10047e18                pmu::Regulator::getProperty(_pmu_regulator_properties, void*)
                0x10048094                pmu::Regulator::setProperty(_pmu_regulator_properties, void const*)
                0x1004820c                pmu::Regulator::setVoltageRange(unsigned long, unsigned long, unsigned long)
                0x10048258                pmu::AnalogRegulator::getProperty(_pmu_regulator_properties, void*)
                0x10048324                pmu::AnalogRegulator::setProperty(_pmu_regulator_properties, void const*)
                0x100483e4                pmu::AnalogRegulator::getOutputMillivolts() const
                0x1004843c                pmu::AnalogRegulator::setOutputMillivolts(unsigned long)
                0x10048524                pmu::AnalogRegulator::getBrownoutMillivolts() const
                0x10048594                pmu::AnalogRegulator::setBrownoutMillivolts(unsigned long)
                0x1004862c                pmu::AnalogRegulator::isBrownoutDetectEnabled() const
                0x10048670                pmu::AnalogRegulator::setBrownoutDetectIsEnabled(bool)
                0x100486bc                pmu::AnalogRegulator::isEnabled() const
                0x10048700                pmu::AnalogRegulator::setIsEnabled(bool)
                0x1004874c                pmu::DigitalRegulator::DigitalRegulator()
                0x1004874c                pmu::DigitalRegulator::DigitalRegulator()
                0x1004878c                pmu::DigitalRegulator::getProperty(_pmu_regulator_properties, void*)
                0x1004888c                pmu::DigitalRegulator::setProperty(_pmu_regulator_properties, void const*)
                0x10048954                pmu::DigitalRegulator::isBypassed() const
                0x100489a0                pmu::DigitalRegulator::setIsBypassed(bool)
                0x10048a54                pmu::DigitalRegulator::getOutputMillivolts() const
                0x10048af0                pmu::DigitalRegulator::setOutputMillivolts(unsigned long)
                0x10048bd4                pmu::DigitalRegulator::getBrownoutMillivolts() const
                0x10048c48                pmu::DigitalRegulator::setBrownoutMillivolts(unsigned long)
                0x10048ce0                pmu::DigitalRegulator::isEnabled() const
                0x10048d2c                pmu::DigitalRegulator::setIsEnabled(bool)
                0x10048de8                pmu::LDO1p1Regulator::LDO1p1Regulator()
                0x10048de8                pmu::LDO1p1Regulator::LDO1p1Regulator()
                0x10048e48                pmu::LDO1p1Regulator::getProperty(_pmu_regulator_properties, void*)
                0x10048ee0                pmu::LDO1p1Regulator::getOutputMillivolts() const
                0x10048f3c                pmu::LDO1p1Regulator::setOutputMillivolts(unsigned long)
                0x10049030                pmu::LDO2p5Regulator::LDO2p5Regulator()
                0x10049030                pmu::LDO2p5Regulator::LDO2p5Regulator()
                0x10049090                pmu::LDO3p0Regulator::LDO3p0Regulator()
                0x10049090                pmu::LDO3p0Regulator::LDO3p0Regulator()
                0x100490f0                pmu::LDO3p0Regulator::getProperty(_pmu_regulator_properties, void*)
                0x1004915c                pmu::LDO3p0Regulator::setProperty(_pmu_regulator_properties, void const*)
                0x100491cc                pmu::LDOARMRegulator::LDOARMRegulator()
                0x100491cc                pmu::LDOARMRegulator::LDOARMRegulator()
                0x10049224                pmu::LDOARMRegulator::setBrownoutDetectIsEnabled(bool)
                0x10049270                pmu::LDOARMRegulator::setRampRate(unsigned long)
                0x100492d0                pmu::LDOGraphicsRegulator::LDOGraphicsRegulator()
                0x100492d0                pmu::LDOGraphicsRegulator::LDOGraphicsRegulator()
                0x10049328                pmu::LDOGraphicsRegulator::setBrownoutDetectIsEnabled(bool)
                0x10049374                pmu::LDOGraphicsRegulator::setRampRate(unsigned long)
                0x100493d4                pmu::LDOSoCRegulator::LDOSoCRegulator()
                0x100493d4                pmu::LDOSoCRegulator::LDOSoCRegulator()
                0x1004942c                pmu::LDOSoCRegulator::setBrownoutDetectIsEnabled(bool)
                0x10049478                pmu::LDOSoCRegulator::setRampRate(unsigned long)
 .text._ZnwjPv  0x1004953c       0x28 /home/leon/git/swp-report/iMX6_Platform_SDK/output/mx6sdl/lib/libsdk.a(pmu_driver.o)
                0x1004953c                operator new(unsigned int, void*)
 .text._ZN3pmu9RegulatorC2Ev
                0x10049564       0x64 /home/leon/git/swp-report/iMX6_Platform_SDK/output/mx6sdl/lib/libsdk.a(pmu_driver.o)
                0x10049564                pmu::Regulator::Regulator()
                0x10049564                pmu::Regulator::Regulator()
 .text._ZN3pmu9Regulator18setBrownoutHandlerEPFv9_pmu_regsE
                0x100495c8       0x2c /home/leon/git/swp-report/iMX6_Platform_SDK/output/mx6sdl/lib/libsdk.a(pmu_driver.o)
                0x100495c8                pmu::Regulator::setBrownoutHandler(void (*)(_pmu_regs))
 .text._ZN3pmu9Regulator18getBrownoutHandlerEv
                0x100495f4       0x28 /home/leon/git/swp-report/iMX6_Platform_SDK/output/mx6sdl/lib/libsdk.a(pmu_driver.o)
                0x100495f4                pmu::Regulator::getBrownoutHandler()
 .text._ZN3pmu15AnalogRegulatorC2ERV15_hw_pmu_reg_1p1
                0x1004961c       0x50 /home/leon/git/swp-report/iMX6_Platform_SDK/output/mx6sdl/lib/libsdk.a(pmu_driver.o)
                0x1004961c                pmu::AnalogRegulator::AnalogRegulator(_hw_pmu_reg_1p1 volatile&)
                0x1004961c                pmu::AnalogRegulator::AnalogRegulator(_hw_pmu_reg_1p1 volatile&)
 .text._ZNK3pmu15LDO1p1Regulator12isInBrownoutEv
                0x1004966c       0x70 /home/leon/git/swp-report/iMX6_Platform_SDK/output/mx6sdl/lib/libsdk.a(pmu_driver.o)
                0x1004966c                pmu::LDO1p1Regulator::isInBrownout() const
 .text._ZNK3pmu15LDO1p1Regulator4isOKEv
                0x100496dc       0x78 /home/leon/git/swp-report/iMX6_Platform_SDK/output/mx6sdl/lib/libsdk.a(pmu_driver.o)
                0x100496dc                pmu::LDO1p1Regulator::isOK() const
 .text._ZNK3pmu15LDO2p5Regulator12isInBrownoutEv
                0x10049754       0x70 /home/leon/git/swp-report/iMX6_Platform_SDK/output/mx6sdl/lib/libsdk.a(pmu_driver.o)
                0x10049754                pmu::LDO2p5Regulator::isInBrownout() const
 .text._ZNK3pmu15LDO2p5Regulator4isOKEv
                0x100497c4       0x78 /home/leon/git/swp-report/iMX6_Platform_SDK/output/mx6sdl/lib/libsdk.a(pmu_driver.o)
                0x100497c4                pmu::LDO2p5Regulator::isOK() const
 .text._ZNK3pmu15LDO3p0Regulator12isInBrownoutEv
                0x1004983c       0x70 /home/leon/git/swp-report/iMX6_Platform_SDK/output/mx6sdl/lib/libsdk.a(pmu_driver.o)
                0x1004983c                pmu::LDO3p0Regulator::isInBrownout() const
 .text._ZNK3pmu15LDO3p0Regulator4isOKEv
                0x100498ac       0x78 /home/leon/git/swp-report/iMX6_Platform_SDK/output/mx6sdl/lib/libsdk.a(pmu_driver.o)
                0x100498ac                pmu::LDO3p0Regulator::isOK() const
 .text._ZNK3pmu15LDOARMRegulator23isBrownoutDetectEnabledEv
                0x10049924       0x44 /home/leon/git/swp-report/iMX6_Platform_SDK/output/mx6sdl/lib/libsdk.a(pmu_driver.o)
                0x10049924                pmu::LDOARMRegulator::isBrownoutDetectEnabled() const
 .text._ZNK3pmu15LDOARMRegulator12isInBrownoutEv
                0x10049968       0x6c /home/leon/git/swp-report/iMX6_Platform_SDK/output/mx6sdl/lib/libsdk.a(pmu_driver.o)
                0x10049968                pmu::LDOARMRegulator::isInBrownout() const
 .text._ZNK3pmu15LDOARMRegulator4isOKEv
                0x100499d4       0x24 /home/leon/git/swp-report/iMX6_Platform_SDK/output/mx6sdl/lib/libsdk.a(pmu_driver.o)
                0x100499d4                pmu::LDOARMRegulator::isOK() const
 .text._ZNK3pmu15LDOARMRegulator11getRampRateEv
                0x100499f8       0x34 /home/leon/git/swp-report/iMX6_Platform_SDK/output/mx6sdl/lib/libsdk.a(pmu_driver.o)
                0x100499f8                pmu::LDOARMRegulator::getRampRate() const
 .text._ZNK3pmu15LDOARMRegulator10getTriggerEv
                0x10049a2c       0x34 /home/leon/git/swp-report/iMX6_Platform_SDK/output/mx6sdl/lib/libsdk.a(pmu_driver.o)
                0x10049a2c                pmu::LDOARMRegulator::getTrigger() const
 .text._ZN3pmu15LDOARMRegulator10setTriggerEm
                0x10049a60       0x44 /home/leon/git/swp-report/iMX6_Platform_SDK/output/mx6sdl/lib/libsdk.a(pmu_driver.o)
                0x10049a60                pmu::LDOARMRegulator::setTrigger(unsigned long)
 .text._ZNK3pmu15LDOARMRegulator11getBrownoutEv
                0x10049aa4       0x34 /home/leon/git/swp-report/iMX6_Platform_SDK/output/mx6sdl/lib/libsdk.a(pmu_driver.o)
                0x10049aa4                pmu::LDOARMRegulator::getBrownout() const
 .text._ZN3pmu15LDOARMRegulator11setBrownoutEm
                0x10049ad8       0x44 /home/leon/git/swp-report/iMX6_Platform_SDK/output/mx6sdl/lib/libsdk.a(pmu_driver.o)
                0x10049ad8                pmu::LDOARMRegulator::setBrownout(unsigned long)
 .text._ZNK3pmu20LDOGraphicsRegulator23isBrownoutDetectEnabledEv
                0x10049b1c       0x44 /home/leon/git/swp-report/iMX6_Platform_SDK/output/mx6sdl/lib/libsdk.a(pmu_driver.o)
                0x10049b1c                pmu::LDOGraphicsRegulator::isBrownoutDetectEnabled() const
 .text._ZNK3pmu20LDOGraphicsRegulator12isInBrownoutEv
                0x10049b60       0x6c /home/leon/git/swp-report/iMX6_Platform_SDK/output/mx6sdl/lib/libsdk.a(pmu_driver.o)
                0x10049b60                pmu::LDOGraphicsRegulator::isInBrownout() const
 .text._ZNK3pmu20LDOGraphicsRegulator4isOKEv
                0x10049bcc       0x24 /home/leon/git/swp-report/iMX6_Platform_SDK/output/mx6sdl/lib/libsdk.a(pmu_driver.o)
                0x10049bcc                pmu::LDOGraphicsRegulator::isOK() const
 .text._ZNK3pmu20LDOGraphicsRegulator11getRampRateEv
                0x10049bf0       0x34 /home/leon/git/swp-report/iMX6_Platform_SDK/output/mx6sdl/lib/libsdk.a(pmu_driver.o)
                0x10049bf0                pmu::LDOGraphicsRegulator::getRampRate() const
 .text._ZNK3pmu20LDOGraphicsRegulator10getTriggerEv
                0x10049c24       0x34 /home/leon/git/swp-report/iMX6_Platform_SDK/output/mx6sdl/lib/libsdk.a(pmu_driver.o)
                0x10049c24                pmu::LDOGraphicsRegulator::getTrigger() const
 .text._ZN3pmu20LDOGraphicsRegulator10setTriggerEm
                0x10049c58       0x44 /home/leon/git/swp-report/iMX6_Platform_SDK/output/mx6sdl/lib/libsdk.a(pmu_driver.o)
                0x10049c58                pmu::LDOGraphicsRegulator::setTrigger(unsigned long)
 .text._ZNK3pmu20LDOGraphicsRegulator11getBrownoutEv
                0x10049c9c       0x34 /home/leon/git/swp-report/iMX6_Platform_SDK/output/mx6sdl/lib/libsdk.a(pmu_driver.o)
                0x10049c9c                pmu::LDOGraphicsRegulator::getBrownout() const
 .text._ZN3pmu20LDOGraphicsRegulator11setBrownoutEm
                0x10049cd0       0x44 /home/leon/git/swp-report/iMX6_Platform_SDK/output/mx6sdl/lib/libsdk.a(pmu_driver.o)
                0x10049cd0                pmu::LDOGraphicsRegulator::setBrownout(unsigned long)
 .text._ZNK3pmu15LDOSoCRegulator23isBrownoutDetectEnabledEv
                0x10049d14       0x44 /home/leon/git/swp-report/iMX6_Platform_SDK/output/mx6sdl/lib/libsdk.a(pmu_driver.o)
                0x10049d14                pmu::LDOSoCRegulator::isBrownoutDetectEnabled() const
 .text._ZNK3pmu15LDOSoCRegulator12isInBrownoutEv
                0x10049d58       0x6c /home/leon/git/swp-report/iMX6_Platform_SDK/output/mx6sdl/lib/libsdk.a(pmu_driver.o)
                0x10049d58                pmu::LDOSoCRegulator::isInBrownout() const
 .text._ZNK3pmu15LDOSoCRegulator4isOKEv
                0x10049dc4       0x74 /home/leon/git/swp-report/iMX6_Platform_SDK/output/mx6sdl/lib/libsdk.a(pmu_driver.o)
                0x10049dc4                pmu::LDOSoCRegulator::isOK() const
 .text._ZNK3pmu15LDOSoCRegulator11getRampRateEv
                0x10049e38       0x34 /home/leon/git/swp-report/iMX6_Platform_SDK/output/mx6sdl/lib/libsdk.a(pmu_driver.o)
                0x10049e38                pmu::LDOSoCRegulator::getRampRate() const
 .text._ZNK3pmu15LDOSoCRegulator10getTriggerEv
                0x10049e6c       0x34 /home/leon/git/swp-report/iMX6_Platform_SDK/output/mx6sdl/lib/libsdk.a(pmu_driver.o)
                0x10049e6c                pmu::LDOSoCRegulator::getTrigger() const
 .text._ZN3pmu15LDOSoCRegulator10setTriggerEm
                0x10049ea0       0x44 /home/leon/git/swp-report/iMX6_Platform_SDK/output/mx6sdl/lib/libsdk.a(pmu_driver.o)
                0x10049ea0                pmu::LDOSoCRegulator::setTrigger(unsigned long)
 .text._ZNK3pmu15LDOSoCRegulator11getBrownoutEv
                0x10049ee4       0x34 /home/leon/git/swp-report/iMX6_Platform_SDK/output/mx6sdl/lib/libsdk.a(pmu_driver.o)
                0x10049ee4                pmu::LDOSoCRegulator::getBrownout() const
 .text._ZN3pmu15LDOSoCRegulator11setBrownoutEm
                0x10049f18       0x44 /home/leon/git/swp-report/iMX6_Platform_SDK/output/mx6sdl/lib/libsdk.a(pmu_driver.o)
                0x10049f18                pmu::LDOSoCRegulator::setBrownout(unsigned long)
 .text._ZN3pmu9_pmu_infoC2Ev
                0x10049f5c       0x84 /home/leon/git/swp-report/iMX6_Platform_SDK/output/mx6sdl/lib/libsdk.a(pmu_driver.o)
                0x10049f5c                pmu::_pmu_info::_pmu_info()
                0x10049f5c                pmu::_pmu_info::_pmu_info()
 .text._ZN3pmu15AnalogRegulatorC2I15_hw_pmu_reg_2p5EERVT_
                0x10049fe0       0x50 /home/leon/git/swp-report/iMX6_Platform_SDK/output/mx6sdl/lib/libsdk.a(pmu_driver.o)
                0x10049fe0                pmu::AnalogRegulator::AnalogRegulator<_hw_pmu_reg_2p5>(_hw_pmu_reg_2p5 volatile&)
                0x10049fe0                pmu::AnalogRegulator::AnalogRegulator<_hw_pmu_reg_2p5>(_hw_pmu_reg_2p5 volatile&)
 .text._ZN3pmu15AnalogRegulatorC2I15_hw_pmu_reg_3p0EERVT_
                0x1004a030       0x50 /home/leon/git/swp-report/iMX6_Platform_SDK/output/mx6sdl/lib/libsdk.a(pmu_driver.o)
                0x1004a030                pmu::AnalogRegulator::AnalogRegulator<_hw_pmu_reg_3p0>(_hw_pmu_reg_3p0 volatile&)
                0x1004a030                pmu::AnalogRegulator::AnalogRegulator<_hw_pmu_reg_3p0>(_hw_pmu_reg_3p0 volatile&)
 .text          0x1004a080      0xb4c /home/leon/git/swp-report/iMX6_Platform_SDK/output/mx6sdl/lib/libsdk.a(pwm.o)
                0x1004a080                pwm_init
                0x1004a598                pwm_clear_int_status
                0x1004a684                pwm_setup_interrupt
                0x1004a94c                pwm_free_interrupt
                0x1004a9f4                pwm_isr_test_end
                0x1004aa38                pwm_enable
                0x1004aac0                pwm_disable
                0x1004ab50                pwm_get_clock_freq
 .text          0x1004abcc      0x3b0 /home/leon/git/swp-report/iMX6_Platform_SDK/output/mx6sdl/lib/libsdk.a(rtc.o)
                0x1004abcc                snvs_rtc_interrupt_handler
                0x1004ace8                snvs_rtc_setup_interrupt
                0x1004ad4c                rtc_init
                0x1004adcc                rtc_deinit
                0x1004ae28                rtc_setup_onetime_timer
                0x1004ae9c                rtc_setup_periodic_timer
                0x1004af24                rtc_disable_periodic_timer
 .text          0x1004af7c      0x210 /home/leon/git/swp-report/iMX6_Platform_SDK/output/mx6sdl/lib/libsdk.a(srtc.o)
                0x1004af7c                snvs_srtc_setup_interrupt
                0x1004afe0                snvs_srtc_interrupt_handler
                0x1004b0a4                srtc_init
                0x1004b0e8                srtc_deinit
                0x1004b118                srtc_setup_onetime_timer
 .text          0x1004b18c     0x1224 /home/leon/git/swp-report/iMX6_Platform_SDK/output/mx6sdl/lib/libsdk.a(sdma.o)
                0x1004b6d8                sdma_init
                0x1004b8a0                sdma_deinit
                0x1004b994                sdma_channel_start
                0x1004ba40                sdma_channel_stop
                0x1004baa0                sdma_channel_request
                0x1004be98                sdma_channel_release
                0x1004c0b8                sdma_channel_status
                0x1004c1ec                sdma_lookup_script
                0x1004c2d8                sdma_setup_interrupt
                0x1004c34c                sdma_channel_isr_attach
 .text          0x1004c3b0        0x0 /home/leon/git/swp-report/iMX6_Platform_SDK/output/mx6sdl/lib/libsdk.a(sdma_script_info.o)
 .text          0x1004c3b0      0x4e8 /home/leon/git/swp-report/iMX6_Platform_SDK/output/mx6sdl/lib/libsdk.a(snvs.o)
                0x1004c3b0                snvs_rtc_counter
                0x1004c458                snvs_rtc_alarm
                0x1004c500                snvs_rtc_periodic_interrupt
                0x1004c5e4                snvs_rtc_set_counter
                0x1004c63c                snvs_rtc_set_alarm_timeout
                0x1004c694                snvs_srtc_counter
                0x1004c73c                snvs_srtc_alarm
                0x1004c7e4                snvs_srtc_set_counter
                0x1004c83c                snvs_srtc_set_alarm_timeout
                0x1004c878                snvs_init
                0x1004c888                snvs_deinit
 .text          0x1004c898     0x132c /home/leon/git/swp-report/iMX6_Platform_SDK/output/mx6sdl/lib/libsdk.a(ecspi.o)
                0x1004ce88                ecspi_configure
                0x1004d810                ecspi_open
                0x1004d8c8                ecspi_close
                0x1004d9d4                ecspi_xfer
 .text          0x1004dbc4      0x4e8 /home/leon/git/swp-report/iMX6_Platform_SDK/output/mx6sdl/lib/libsdk.a(tempmon.o)
                0x1004dbc4                compute_temp
                0x1004dc74                compute_alarm
                0x1004dd70                tempmon_init
                0x1004de38                tempmon_get_temp
                0x1004df18                tempmon_set_alarm
                0x1004e040                tempmon_disable_alarm
 .text          0x1004e0ac      0x528 /home/leon/git/swp-report/iMX6_Platform_SDK/output/mx6sdl/lib/libsdk.a(gpt.o)
                0x1004e0cc                gpt_get_rollover_event
                0x1004e118                gpt_get_capture_event
                0x1004e1c8                gpt_set_capture_event