Archive member included because of file (symbol)

/home/leon/git/swp-report/iMX6_Platform_SDK/output/mx6sdl/lib/libsdk.a(ccm_pll.o)
                              /home/leon/git/swp-report/iMX6_Platform_SDK/output/mx6sdl/httpd/sabre_ai_rev_b/obj/apps/common/platform_init.o (ccm_init)
/home/leon/git/swp-report/iMX6_Platform_SDK/output/mx6sdl/lib/libsdk.a(cortexA9.o)
                              /home/leon/git/swp-report/iMX6_Platform_SDK/output/mx6sdl/httpd/sabre_ai_rev_b/obj/apps/common/platform_init.o (arm_set_interrupt_state)
/home/leon/git/swp-report/iMX6_Platform_SDK/output/mx6sdl/lib/libsdk.a(gic.o)
                              /home/leon/git/swp-report/iMX6_Platform_SDK/output/mx6sdl/httpd/sabre_ai_rev_b/obj/apps/common/platform_init.o (gic_init)
/home/leon/git/swp-report/iMX6_Platform_SDK/output/mx6sdl/lib/libsdk.a(mmu.o)
                              /home/leon/git/swp-report/iMX6_Platform_SDK/output/mx6sdl/httpd/sabre_ai_rev_b/obj/apps/common/platform_init.o (mmu_init)
/home/leon/git/swp-report/iMX6_Platform_SDK/output/mx6sdl/lib/libsdk.a(startup.o)
                              (_start)
/home/leon/git/swp-report/iMX6_Platform_SDK/output/mx6sdl/lib/libsdk.a(vectors.o)
                              /home/leon/git/swp-report/iMX6_Platform_SDK/output/mx6sdl/lib/libsdk.a(startup.o) (vectors)
/home/leon/git/swp-report/iMX6_Platform_SDK/output/mx6sdl/lib/libsdk.a(system_util.o)
                              /home/leon/git/swp-report/iMX6_Platform_SDK/output/mx6sdl/lib/libsdk.a(startup.o) (_sys_exit)
/home/leon/git/swp-report/iMX6_Platform_SDK/output/mx6sdl/lib/libsdk.a(text_color.o)
                              /home/leon/git/swp-report/iMX6_Platform_SDK/output/mx6sdl/lib/libsdk.a(system_util.o) (g_TextAttributeBold)
/home/leon/git/swp-report/iMX6_Platform_SDK/output/mx6sdl/lib/libsdk.a(enet_drv.o)
                              /home/leon/git/swp-report/iMX6_Platform_SDK/output/mx6sdl/httpd/sabre_ai_rev_b/obj/apps/httpd/src/httpd_main.o (imx_enet_get_phy_status)
/home/leon/git/swp-report/iMX6_Platform_SDK/output/mx6sdl/lib/libsdk.a(timer.o)
                              /home/leon/git/swp-report/iMX6_Platform_SDK/output/mx6sdl/httpd/sabre_ai_rev_b/obj/apps/httpd/src/httpd_main.o (hal_delay_us)
/home/leon/git/swp-report/iMX6_Platform_SDK/output/mx6sdl/lib/libsdk.a(imx_uart.o)
                              /home/leon/git/swp-report/iMX6_Platform_SDK/output/mx6sdl/httpd/sabre_ai_rev_b/obj/apps/common/platform_init.o (uart_getchar)
/home/leon/git/swp-report/iMX6_Platform_SDK/output/mx6sdl/lib/libsdk.a(arm_abort.o)
                              /home/leon/git/swp-report/iMX6_Platform_SDK/output/mx6sdl/lib/libsdk.a(vectors.o) (data_abort_handler)
/home/leon/git/swp-report/iMX6_Platform_SDK/output/mx6sdl/lib/libsdk.a(interrupt.o)
                              /home/leon/git/swp-report/iMX6_Platform_SDK/output/mx6sdl/lib/libsdk.a(vectors.o) (IRQ_HDLR)
/home/leon/git/swp-report/iMX6_Platform_SDK/output/mx6sdl/lib/libsdk.a(epit.o)
                              /home/leon/git/swp-report/iMX6_Platform_SDK/output/mx6sdl/lib/libsdk.a(timer.o) (epit_get_compare_event)
/home/leon/git/swp-report/iMX6_Platform_SDK/output/mx6sdl/lib/libsdk.a(abort_handler.o)
                              /home/leon/git/swp-report/iMX6_Platform_SDK/output/mx6sdl/lib/libsdk.a(arm_abort.o) (dump_regs)
/home/leon/git/swp-report/iMX6_Platform_SDK/output/mx6sdl/lib/libboard_sabre_ai_rev_b.a(board_io_expanders.o)
                              /home/leon/git/swp-report/iMX6_Platform_SDK/output/mx6sdl/httpd/sabre_ai_rev_b/obj/apps/common/platform_init.o (board_ioexpander_init)
/home/leon/git/swp-report/iMX6_Platform_SDK/output/mx6sdl/lib/libboard_sabre_ai_rev_b.a(hardware_modules.o)
                              /home/leon/git/swp-report/iMX6_Platform_SDK/output/mx6sdl/httpd/sabre_ai_rev_b/obj/apps/common/platform_init.o (g_debug_uart_port)
/home/leon/git/swp-report/iMX6_Platform_SDK/output/mx6sdl/lib/libboard_sabre_ai_rev_b.a(dcd.o)
                              /home/leon/git/swp-report/iMX6_Platform_SDK/output/mx6sdl/httpd/sabre_ai_rev_b/obj/apps/common/ivt.o (input_dcd_hdr)
/home/leon/git/swp-report/iMX6_Platform_SDK/output/mx6sdl/lib/libboard_sabre_ai_rev_b.a(i2c3_iomux_config.o)
                              /home/leon/git/swp-report/iMX6_Platform_SDK/output/mx6sdl/lib/libboard_sabre_ai_rev_b.a(board_io_expanders.o) (i2c3_iomux_config)
/home/leon/git/swp-report/iMX6_Platform_SDK/output/mx6sdl/lib/libboard_sabre_ai_rev_b.a(uart_iomux_config.o)
                              /home/leon/git/swp-report/iMX6_Platform_SDK/output/mx6sdl/lib/libsdk.a(imx_uart.o) (uart_iomux_config)
/home/leon/git/swp-report/iMX6_Platform_SDK/output/mx6sdl/lib/libboard_sabre_ai_rev_b.a(iomux_config.o)
                              /home/leon/git/swp-report/iMX6_Platform_SDK/output/mx6sdl/lib/libboard_sabre_ai_rev_b.a(uart_iomux_config.o) (uart1_iomux_config)
/home/leon/git/swp-report/iMX6_Platform_SDK/output/mx6sdl/lib/libboard_sabre_ai_rev_b.a(ipu1_iomux_config.o)
[...]
Memory Configuration

Name             Origin             Length             Attributes
OCRAM            0x0000000000900000 0x0000000000020000 xrw
DDR              0x0000000010000000 0x0000000080000000 xrw
*default*        0x0000000000000000 0xffffffffffffffff

Linker script and memory map

LOAD /home/src/arm/target/bin/../lib/gcc/arm-none-eabi/4.8.2//crtbegin.o
LOAD /home/src/arm/target/bin/../lib/gcc/arm-none-eabi/4.8.2//crti.o
LOAD /home/src/arm/target/bin/../lib/gcc/arm-none-eabi/4.8.2//crtend.o
LOAD /home/src/arm/target/bin/../lib/gcc/arm-none-eabi/4.8.2//crtn.o

.l1_page_table  0x0000000000900000     0x4000
                0x0000000000900000                __l1_page_table_start = .
                0x0000000000904000                . = (. + 0x4000)
 *fill*         0x0000000000900000     0x4000 

.heap.ocram     0x0000000000904000    0x1bfb8
                0x0000000000904000                __heap_ocram_start = .
                0x000000000091ffb8                . = (. + 0x1bfb8)
 *fill*         0x0000000000904000    0x1bfb8 
                0x000000000091ffb8                __heap_ocram_end = .

.ram_vectors    0x000000000091ffb8       0x48
                0x000000000091ffb8                __ram_vectors_start = .
                0x0000000000920000                . = (. + 0x48)
 *fill*         0x000000000091ffb8       0x48 
                0x0000000000920000                __ram_vectors_end = .
                0x0000000010000000                _start_image_add = ORIGIN (DDR)

.ivt            0x0000000010000000      0x420
                0x0000000010000400                . = (. + 0x400)
 *fill*         0x0000000010000000      0x400 
 *(.ivt)
 .ivt           0x0000000010000400       0x20 /home/leon/git/swp-report/iMX6_Platform_SDK/output/mx6sdl/httpd/sabre_ai_rev_b/obj/apps/common/ivt.o
                0x0000000010000400                input_ivt

.boot_data      0x0000000010000420        0xc
                0x0000000010000420                __start_boot_data = .
 *(.boot_data)
 .boot_data     0x0000000010000420        0xc /home/leon/git/swp-report/iMX6_Platform_SDK/output/mx6sdl/httpd/sabre_ai_rev_b/obj/apps/common/ivt.o
                0x0000000010000420                bd

.dcd_hdr        0x0000000010000430        0x4
                0x0000000010000430                __start_dcd = .
 *(.dcd_hdr)
 .dcd_hdr       0x0000000010000430        0x4 /home/leon/git/swp-report/iMX6_Platform_SDK/output/mx6sdl/lib/libboard_sabre_ai_rev_b.a(dcd.o)
                0x0000000010000430                input_dcd_hdr

.dcd_wrt_cmd    0x0000000010000434        0x4
 *(.dcd_wrt_cmd)
 .dcd_wrt_cmd   0x0000000010000434        0x4 /home/leon/git/swp-report/iMX6_Platform_SDK/output/mx6sdl/lib/libboard_sabre_ai_rev_b.a(dcd.o)
                0x0000000010000434                input_dcd_wrt_cmd

.dcd_data       0x0000000010000438      0x298
 *(.dcd_data)
 .dcd_data      0x0000000010000438      0x298 /home/leon/git/swp-report/iMX6_Platform_SDK/output/mx6sdl/lib/libboard_sabre_ai_rev_b.a(dcd.o)
                0x0000000010000438                input_dcd

.text           0x00000000100006d0    0x464dc
 CREATE_OBJECT_SYMBOLS
 *(.startup)
 .startup       0x00000000100006d0      0x138 /home/leon/git/swp-report/iMX6_Platform_SDK/output/mx6sdl/lib/libsdk.a(startup.o)
                0x00000000100006d0                _start
 *(.text .text.* .gnu.linkonce.t.*)
 .text          0x0000000010000808      0x128 /home/src/arm/target/bin/../lib/gcc/arm-none-eabi/4.8.2//crtbegin.o
 .text          0x0000000010000930        0x0 /home/src/arm/target/bin/../lib/gcc/arm-none-eabi/4.8.2//crti.o
 .text          0x0000000010000930        0x0 /home/src/arm/target/bin/../lib/gcc/arm-none-eabi/4.8.2//crtend.o
 .text          0x0000000010000930        0x0 /home/src/arm/target/bin/../lib/gcc/arm-none-eabi/4.8.2//crtn.o
 .text          0x0000000010000930        0x0 /home/leon/git/swp-report/iMX6_Platform_SDK/output/mx6sdl/httpd/sabre_ai_rev_b/obj/apps/common/ivt.o
 .text          0x0000000010000930       0x98 /home/leon/git/swp-report/iMX6_Platform_SDK/output/mx6sdl/httpd/sabre_ai_rev_b/obj/apps/common/platform_init.o
                0x0000000010000930                platform_init
 .text          0x00000000100009c8      0x258 /home/leon/git/swp-report/iMX6_Platform_SDK/output/mx6sdl/httpd/sabre_ai_rev_b/obj/apps/httpd/src/httpd_main.o
                0x00000000100009c8                netif_status_callback
                0x0000000010000a54                netif_link_status_callback
                0x0000000010000ac0                init_lwip
                0x0000000010000bfc                main
 .text          0x0000000010000c20      0x138 /home/leon/git/swp-report/iMX6_Platform_SDK/output/mx6sdl/httpd/sabre_ai_rev_b/obj/lwip/contrib/apps/httpserver_raw/fs.o
                0x0000000010000c20                fs_open
                0x0000000010000d08                fs_close
                0x0000000010000d24                fs_bytes_left
 .text          0x0000000010000d58     0x17ac /home/leon/git/swp-report/iMX6_Platform_SDK/output/mx6sdl/httpd/sabre_ai_rev_b/obj/lwip/contrib/apps/httpserver_raw/httpd.o
                0x0000000010002438                httpd_init
                0x0000000010002454                http_set_cgi_handlers
 .text          0x0000000010002504      0xc50 /home/leon/git/swp-report/iMX6_Platform_SDK/output/mx6sdl/lib/libsdk.a(ccm_pll.o)
                0x0000000010002504                ccm_init
                0x0000000010002628                get_main_clock
                0x00000000100028b4                get_peri_clock
                0x0000000010002a54                ccm_ccgr_config
                0x0000000010002abc                clock_gating_config
                0x0000000010002ef4                ccm_set_lpm_wakeup_source
                0x0000000010002fe8                ccm_enter_low_power
                0x0000000010003058                ipu_hsp_clk_config
                0x0000000010003078                gpu_clock_config
 .text          0x0000000010003154      0x164 /home/leon/git/swp-report/iMX6_Platform_SDK/output/mx6sdl/lib/libsdk.a(cortexA9.o)
                0x0000000010003154                arm_set_interrupt_state
                0x0000000010003178                cpu_get_current
                0x0000000010003184                enable_neon_fpu
                0x00000000100031a0                disable_strict_align_check
                0x00000000100031b4                disable_L1_cache
                0x00000000100031d4                get_arm_private_peripheral_base
                0x00000000100031dc                arm_unified_tlb_invalidate
                0x00000000100031ec                arm_unified_tlb_invalidate_is
                0x00000000100031fc                arm_branch_prediction_enable
                0x000000001000320c                arm_branch_prediction_disable
                0x000000001000321c                arm_branch_target_cache_invalidate
                0x0000000010003228                arm_branch_target_cache_invalidate_is
                0x0000000010003234                scu_enable
                0x0000000010003248                scu_join_smp
                0x0000000010003258                scu_leave_smp
                0x0000000010003268                scu_get_cpus_in_smp
                0x000000001000327c                scu_enable_maintenance_broadcast
                0x000000001000328c                scu_disable_maintenance_broadcast
                0x000000001000329c                scu_secure_invalidate
 .text          0x00000000100032b8      0x5e0 /home/leon/git/swp-report/iMX6_Platform_SDK/output/mx6sdl/lib/libsdk.a(gic.o)
                0x000000001000339c                gic_enable
                0x00000000100033fc                gic_set_irq_security
                0x00000000100034a4                gic_enable_irq
                0x0000000010003520                gic_set_irq_priority
                0x0000000010003568                gic_set_cpu_target
                0x0000000010003674                gic_send_sgi
                0x00000000100036c8                gic_cpu_enable
                0x0000000010003728                gic_set_cpu_priority_mask
                0x000000001000375c                gic_read_irq_ack
                0x0000000010003788                gic_write_end_of_irq
                0x00000000100037b8                gic_init
                0x000000001000385c                gic_init_cpu
 .text          0x0000000010003898      0x458 /home/leon/git/swp-report/iMX6_Platform_SDK/output/mx6sdl/lib/libsdk.a(mmu.o)
                0x0000000010003898                mmu_enable
                0x00000000100038d0                mmu_disable
                0x0000000010003904                mmu_init
                0x0000000010003a20                mmu_map_l1_range
                0x0000000010003c34                mmu_virtual_to_physical
 .text          0x0000000010003cf0        0x0 /home/leon/git/swp-report/iMX6_Platform_SDK/output/mx6sdl/lib/libsdk.a(startup.o)
 .text          0x0000000010003cf0        0x4 /home/leon/git/swp-report/iMX6_Platform_SDK/output/mx6sdl/lib/libsdk.a(vectors.o)
                0x0000000010003cf0                exception_handler
 .text.vectors  0x0000000010003cf4       0x48 /home/leon/git/swp-report/iMX6_Platform_SDK/output/mx6sdl/lib/libsdk.a(vectors.o)
                0x0000000010003cf4                vectors
 .text          0x0000000010003d3c      0x8fc /home/leon/git/swp-report/iMX6_Platform_SDK/output/mx6sdl/lib/libsdk.a(system_util.o)
                0x0000000010003d3c                _sys_exit
                0x0000000010003d58                mybkpt
                0x0000000010003d60                is_input_char
                0x0000000010003ee0                read_input_string
                0x00000000100041c0                get_input_hex
                0x0000000010004438                read_int
                0x0000000010004594                jump_to_sdp
 .text          0x0000000010004638       0xdc /home/leon/git/swp-report/iMX6_Platform_SDK/output/mx6sdl/lib/libsdk.a(text_color.o)
                0x0000000010004638                printf_color
                0x00000000100046d0                get_color_supported
 .text          0x0000000010004714     0x17e0 /home/leon/git/swp-report/iMX6_Platform_SDK/output/mx6sdl/lib/libsdk.a(enet_drv.o)
                0x0000000010004714                imx_enet_mii_read
                0x0000000010004824                imx_enet_mii_write
                0x0000000010004cf8                enet_phy_rework_ar8031
                0x0000000010004e6c                enet_phy_rework_ksz9021
                0x0000000010004f60                imx_enet_phy_init
                0x00000000100051e0                imx_enet_get_phy_status
                0x0000000010005508                imx_enet_phy_enable_external_loopback
                0x0000000010005624                imx_enet_poll
                0x000000001000571c                imx_enet_send
                0x0000000010005834                imx_enet_recv
                0x0000000010005a10                imx_enet_init
                0x0000000010005b64                imx_enet_start
                0x0000000010005bf8                imx_enet_stop
                0x0000000010005c3c                imx_enet_isolate_phy
                0x0000000010005ce0                imx_enet_unisolate_phy
                0x0000000010005da8                imx_enet_mii_type
 .text          0x0000000010005ef4      0x27c /home/leon/git/swp-report/iMX6_Platform_SDK/output/mx6sdl/lib/libsdk.a(timer.o)
                0x0000000010005ef4                hal_delay_us
                0x0000000010005f60                system_time_init
                0x00000000100060bc                time_get_microseconds
 .text          0x0000000010006170     0x281c /home/leon/git/swp-report/iMX6_Platform_SDK/output/mx6sdl/lib/libsdk.a(imx_uart.o)
                0x0000000010006170                uart_get_reffreq
                0x000000001000626c                uart_putchar
                0x00000000100063bc                uart_getchar
                0x000000001000651c                uart_set_FIFO_mode
                0x0000000010007044                uart_set_loopback_mode
                0x0000000010007298                uart_setup_interrupt
                0x0000000010007364                uart_init
 .text          0x000000001000898c       0x98 /home/leon/git/swp-report/iMX6_Platform_SDK/output/mx6sdl/lib/libsdk.a(arm_abort.o)
                0x000000001000898c                common_abort_handler
                0x00000000100089ec                data_abort_handler
                0x0000000010008a04                prefetch_abort_handler
 .text          0x0000000010008a24      0x1b8 /home/leon/git/swp-report/iMX6_Platform_SDK/output/mx6sdl/lib/libsdk.a(interrupt.o)
                0x0000000010008a24                IRQ_HDLR
                0x0000000010008ae8                disable_interrupt
                0x0000000010008b24                enable_interrupt
                0x0000000010008b7c                register_interrupt_routine
                0x0000000010008bb0                default_interrupt_routine
 .text          0x0000000010008bdc      0x8dc /home/leon/git/swp-report/iMX6_Platform_SDK/output/mx6sdl/lib/libsdk.a(epit.o)
                0x0000000010008bdc                epit_reload_counter
                0x0000000010008c3c                epit_get_counter_value
                0x0000000010008c98                epit_set_compare_event
                0x0000000010008cf8                epit_get_compare_event
                0x0000000010008df0                epit_counter_disable
                0x0000000010008fb4                epit_counter_enable
                0x0000000010009210                epit_setup_interrupt
                0x00000000100092a0                epit_init
 .text          0x00000000100094b8      0x4bc /home/leon/git/swp-report/iMX6_Platform_SDK/output/mx6sdl/lib/libsdk.a(abort_handler.o)
                0x00000000100094b8                dump_regs
 .text          0x0000000010009974      0x12c /home/leon/git/swp-report/iMX6_Platform_SDK/output/mx6sdl/lib/libboard_sabre_ai_rev_b.a(board_io_expanders.o)
                0x0000000010009974                board_ioexpander_init
                0x0000000010009a6c                board_ioexpander_iomux_config
 .text          0x0000000010009aa0        0x0 /home/leon/git/swp-report/iMX6_Platform_SDK/output/mx6sdl/lib/libboard_sabre_ai_rev_b.a(hardware_modules.o)
 .text          0x0000000010009aa0        0x0 /home/leon/git/swp-report/iMX6_Platform_SDK/output/mx6sdl/lib/libboard_sabre_ai_rev_b.a(dcd.o)
 .text          0x0000000010009aa0       0x78 /home/leon/git/swp-report/iMX6_Platform_SDK/output/mx6sdl/lib/libboard_sabre_ai_rev_b.a(i2c3_iomux_config.o)
                0x0000000010009aa0                i2c3_iomux_config
 .text          0x0000000010009b18       0x8c /home/leon/git/swp-report/iMX6_Platform_SDK/output/mx6sdl/lib/libboard_sabre_ai_rev_b.a(uart_iomux_config.o)
                0x0000000010009b18                uart_iomux_config
 .text          0x0000000010009ba4      0x2c4 /home/leon/git/swp-report/iMX6_Platform_SDK/output/mx6sdl/lib/libboard_sabre_ai_rev_b.a(iomux_config.o)
                0x0000000010009ba4                iomux_config
                0x0000000010009c28                arm_iomux_config
                0x0000000010009c38                asrc_iomux_config
                0x0000000010009c48                dcic1_iomux_config
                0x0000000010009c58                dcic2_iomux_config
                0x0000000010009c68                ecspi2_iomux_config
                0x0000000010009c78                ecspi3_iomux_config
                0x0000000010009c88                ecspi4_iomux_config
                0x0000000010009c98                epdc_iomux_config
                0x0000000010009ca8                epit1_iomux_config
                0x0000000010009cb8                epit2_iomux_config
                0x0000000010009cc8                gpio3_iomux_config
                0x0000000010009cd8                gpio7_iomux_config
                0x0000000010009ce8                gpt_iomux_config
                0x0000000010009cf8                hdmi_iomux_config
                0x0000000010009d08                i2c1_iomux_config
                0x0000000010009d18                i2c4_iomux_config
                0x0000000010009d28                kpp_iomux_config
                0x0000000010009d38                lcd_iomux_config
                0x0000000010009d48                ldb_iomux_config
                0x0000000010009d58                mipi_csi_iomux_config
                0x0000000010009d68                mipi_dsi_iomux_config
                0x0000000010009d78                mipi_hsi_iomux_config
                0x0000000010009d88                pcie_iomux_config
                0x0000000010009d98                pmu_iomux_config
                0x0000000010009da8                pwm1_iomux_config
                0x0000000010009db8                pwm2_iomux_config
                0x0000000010009dc8                sdma_iomux_config
                0x0000000010009dd8                snvs_iomux_config
                0x0000000010009de8                src_iomux_config
                0x0000000010009df8                uart1_iomux_config
                0x0000000010009e08                uart5_iomux_config
                0x0000000010009e18                usb_iomux_config
                0x0000000010009e28                usdhc2_iomux_config
                0x0000000010009e38                usdhc4_iomux_config
                0x0000000010009e48                wdog2_iomux_config
                0x0000000010009e58                xtalosc_iomux_config
 .text          0x0000000010009e68      0x5f8 /home/leon/git/swp-report/iMX6_Platform_SDK/output/mx6sdl/lib/libboard_sabre_ai_rev_b.a(ipu1_iomux_config.o)
                0x0000000010009e68                ipu1_iomux_config
 .text          0x000000001000a460       0xac /home/leon/git/swp-report/iMX6_Platform_SDK/output/mx6sdl/lib/libboard_sabre_ai_rev_b.a(mlb_iomux_config.o)
                0x000000001000a460                mlb_iomux_config
 .text          0x000000001000a50c     0x2484 /home/leon/git/swp-report/iMX6_Platform_SDK/output/mx6sdl/lib/libboard_sabre_ai_rev_b.a(mmdc_iomux_config.o)
                0x000000001000a50c                mmdc_iomux_config
 .text          0x000000001000c990       0x34 /home/leon/git/swp-report/iMX6_Platform_SDK/output/mx6sdl/lib/libboard_sabre_ai_rev_b.a(pwm3_iomux_config.o)
                0x000000001000c990                pwm3_iomux_config
 .text          0x000000001000c9c4       0x34 /home/leon/git/swp-report/iMX6_Platform_SDK/output/mx6sdl/lib/libboard_sabre_ai_rev_b.a(pwm4_iomux_config.o)
                0x000000001000c9c4                pwm4_iomux_config
 .text          0x000000001000c9f8       0x70 /home/leon/git/swp-report/iMX6_Platform_SDK/output/mx6sdl/lib/libboard_sabre_ai_rev_b.a(sjc_iomux_config.o)
                0x000000001000c9f8                sjc_iomux_config
 .text          0x000000001000ca68       0x40 /home/leon/git/swp-report/iMX6_Platform_SDK/output/mx6sdl/lib/libboard_sabre_ai_rev_b.a(spdif_iomux_config.o)
                0x000000001000ca68                spdif_iomux_config
 .text          0x000000001000caa8       0xe0 /home/leon/git/swp-report/iMX6_Platform_SDK/output/mx6sdl/lib/libboard_sabre_ai_rev_b.a(uart2_iomux_config.o)
                0x000000001000caa8                uart2_iomux_config
 .text          0x000000001000cb88       0xe0 /home/leon/git/swp-report/iMX6_Platform_SDK/output/mx6sdl/lib/libboard_sabre_ai_rev_b.a(uart3_iomux_config.o)
                0x000000001000cb88                uart3_iomux_config
 .text          0x000000001000cc68       0x78 /home/leon/git/swp-report/iMX6_Platform_SDK/output/mx6sdl/lib/libboard_sabre_ai_rev_b.a(uart4_iomux_config.o)
                0x000000001000cc68                uart4_iomux_config
 .text          0x000000001000cce0      0x1ac /home/leon/git/swp-report/iMX6_Platform_SDK/output/mx6sdl/lib/libboard_sabre_ai_rev_b.a(usdhc1_iomux_config.o)
                0x000000001000cce0                usdhc1_iomux_config
 .text          0x000000001000ce8c      0x1d0 /home/leon/git/swp-report/iMX6_Platform_SDK/output/mx6sdl/lib/libboard_sabre_ai_rev_b.a(usdhc3_iomux_config.o)
                0x000000001000ce8c                usdhc3_iomux_config
 .text          0x000000001000d05c       0x34 /home/leon/git/swp-report/iMX6_Platform_SDK/output/mx6sdl/lib/libboard_sabre_ai_rev_b.a(wdog1_iomux_config.o)
                0x000000001000d05c                wdog1_iomux_config
 .text          0x000000001000d090      0x13c /home/leon/git/swp-report/iMX6_Platform_SDK/output/mx6sdl/lib/libboard_sabre_ai_rev_b.a(audmux_iomux_config.o)
                0x000000001000d090                audmux_iomux_config
 .text          0x000000001000d1cc       0x34 /home/leon/git/swp-report/iMX6_Platform_SDK/output/mx6sdl/lib/libboard_sabre_ai_rev_b.a(ccm_iomux_config.o)
                0x000000001000d1cc                ccm_iomux_config
 .text          0x000000001000d200      0x104 /home/leon/git/swp-report/iMX6_Platform_SDK/output/mx6sdl/lib/libboard_sabre_ai_rev_b.a(ecspi1_iomux_config.o)
                0x000000001000d200                ecspi1_iomux_config
 .text          0x000000001000d304      0x5d0 /home/leon/git/swp-report/iMX6_Platform_SDK/output/mx6sdl/lib/libboard_sabre_ai_rev_b.a(eim_iomux_config.o)
                0x000000001000d304                eim_iomux_config
 .text          0x000000001000d8d4      0x3bc /home/leon/git/swp-report/iMX6_Platform_SDK/output/mx6sdl/lib/libboard_sabre_ai_rev_b.a(enet_iomux_config.o)
                0x000000001000d8d4                enet_iomux_config
 .text          0x000000001000dc90      0x218 /home/leon/git/swp-report/iMX6_Platform_SDK/output/mx6sdl/lib/libboard_sabre_ai_rev_b.a(esai_iomux_config.o)
                0x000000001000dc90                esai_iomux_config
 .text          0x000000001000dea8       0x68 /home/leon/git/swp-report/iMX6_Platform_SDK/output/mx6sdl/lib/libboard_sabre_ai_rev_b.a(flexcan1_iomux_config.o)
                0x000000001000dea8                flexcan1_iomux_config
 .text          0x000000001000df10       0x68 /home/leon/git/swp-report/iMX6_Platform_SDK/output/mx6sdl/lib/libboard_sabre_ai_rev_b.a(flexcan2_iomux_config.o)
                0x000000001000df10                flexcan2_iomux_config
 .text          0x000000001000df78      0x130 /home/leon/git/swp-report/iMX6_Platform_SDK/output/mx6sdl/lib/libboard_sabre_ai_rev_b.a(gpio1_iomux_config.o)
                0x000000001000df78                gpio1_iomux_config
 .text          0x000000001000e0a8       0xfc /home/leon/git/swp-report/iMX6_Platform_SDK/output/mx6sdl/lib/libboard_sabre_ai_rev_b.a(gpio2_iomux_config.o)
                0x000000001000e0a8                gpio2_iomux_config
 .text          0x000000001000e1a4       0x58 /home/leon/git/swp-report/iMX6_Platform_SDK/output/mx6sdl/lib/libboard_sabre_ai_rev_b.a(gpio4_iomux_config.o)
                0x000000001000e1a4                gpio4_iomux_config
 .text          0x000000001000e1fc       0xe4 /home/leon/git/swp-report/iMX6_Platform_SDK/output/mx6sdl/lib/libboard_sabre_ai_rev_b.a(gpio5_iomux_config.o)
                0x000000001000e1fc                gpio5_iomux_config
 .text          0x000000001000e2e0       0x54 /home/leon/git/swp-report/iMX6_Platform_SDK/output/mx6sdl/lib/libboard_sabre_ai_rev_b.a(gpio6_iomux_config.o)
                0x000000001000e2e0                gpio6_iomux_config
 .text          0x000000001000e334      0x274 /home/leon/git/swp-report/iMX6_Platform_SDK/output/mx6sdl/lib/libboard_sabre_ai_rev_b.a(gpmi_iomux_config.o)
                0x000000001000e334                gpmi_iomux_config
 .text          0x000000001000e5a8       0x78 /home/leon/git/swp-report/iMX6_Platform_SDK/output/mx6sdl/lib/libboard_sabre_ai_rev_b.a(i2c2_iomux_config.o)
                0x000000001000e5a8                i2c2_iomux_config
 .text          0x000000001000e620     0x3a44 /home/leon/git/swp-report/iMX6_Platform_SDK/output/mx6sdl/lib/liblwip.a(dhcp.o)
                0x000000001000ea4c                dhcp_coarse_tmr
                0x000000001000eb0c                dhcp_fine_tmr
                0x000000001000f080                dhcp_set_struct
                0x000000001000f168                dhcp_cleanup
                0x000000001000f1e8                dhcp_start
                0x000000001000f4a8                dhcp_inform
                0x000000001000f67c                dhcp_network_changed
                0x000000001000f758                dhcp_arp_reply
                0x000000001000fec0                dhcp_renew
                0x00000000100103d8                dhcp_release
                0x00000000100105f4                dhcp_stop
 .text          0x0000000010012064     0x10ac /home/leon/git/swp-report/iMX6_Platform_SDK/output/mx6sdl/lib/liblwip.a(dns.o)
                0x0000000010012064                dns_init
                0x000000001001213c                dns_setserver
                0x00000000100121c0                dns_getserver
                0x0000000010012210                dns_tmr
                0x0000000010013030                dns_gethostbyname
 .text          0x0000000010013110       0x30 /home/leon/git/swp-report/iMX6_Platform_SDK/output/mx6sdl/lib/liblwip.a(init.o)
                0x0000000010013110                lwip_init
 .text          0x0000000010013140      0xcbc /home/leon/git/swp-report/iMX6_Platform_SDK/output/mx6sdl/lib/liblwip.a(autoip.o)
                0x0000000010013140                autoip_set_struct
                0x00000000100135f8                autoip_start
                0x0000000010013884                autoip_network_changed
                0x00000000100138d4                autoip_stop
                0x0000000010013914                autoip_tmr
                0x0000000010013c60                autoip_arp_reply
 .text          0x0000000010013dfc     0x11b4 /home/leon/git/swp-report/iMX6_Platform_SDK/output/mx6sdl/lib/liblwip.a(igmp.o)
                0x0000000010013dfc                igmp_init
                0x0000000010013e34                igmp_dump_group_list
                0x0000000010013e78                igmp_start
                0x0000000010013f18                igmp_stop
                0x0000000010014014                igmp_report_groups
                0x000000001001407c                igmp_lookfor_group
                0x00000000100142d8                igmp_input
                0x00000000100146e8                igmp_joingroup
                0x00000000100148ec                igmp_leavegroup
                0x0000000010014ad8                igmp_tmr
 .text          0x0000000010014fb0     0x11d0 /home/leon/git/swp-report/iMX6_Platform_SDK/output/mx6sdl/lib/liblwip.a(ip4.o)
                0x0000000010014fb0                ip_route
                0x00000000100150a4                ip_input
                0x0000000010015838                ip_output_if
                0x00000000100158a4                ip_output_if_opt
                0x0000000010015fb0                ip_output
                0x0000000010016088                ip_output_hinted
 .text          0x0000000010016180      0x788 /home/leon/git/swp-report/iMX6_Platform_SDK/output/mx6sdl/lib/liblwip.a(ip4_addr.o)
                0x0000000010016180                ip4_addr_isbroadcast
                0x000000001001625c                ip4_addr_netmask_valid
                0x0000000010016300                ipaddr_addr
                0x0000000010016348                ipaddr_aton
                0x0000000010016708                ipaddr_ntoa
                0x0000000010016740                ipaddr_ntoa_r
 .text          0x0000000010016908        0x0 /home/leon/git/swp-report/iMX6_Platform_SDK/output/mx6sdl/lib/liblwip.a(memp.o)
 .text          0x0000000010016908      0xdcc /home/leon/git/swp-report/iMX6_Platform_SDK/output/mx6sdl/lib/liblwip.a(netif.o)
                0x0000000010016908                netif_init
                0x0000000010016918                netif_add
                0x0000000010016adc                netif_set_addr
                0x0000000010016b28                netif_remove
                0x0000000010016c50                netif_find
                0x0000000010016d18                netif_set_ipaddr
                0x0000000010016ea8                netif_set_gw
                0x0000000010016eec                netif_set_netmask
                0x0000000010016f48                netif_set_default
                0x0000000010016f9c                netif_set_up
                0x000000001001707c                netif_set_down
                0x0000000010017110                netif_set_status_callback
                0x0000000010017148                netif_set_link_up
                0x000000001001723c                netif_set_link_down
                0x00000000100172a4                netif_set_link_callback
                0x00000000100172dc                netif_loop_output
                0x00000000100174d8                netif_poll
                0x0000000010017688                netif_poll_all
 .text          0x00000000100176d4     0x1b2c /home/leon/git/swp-report/iMX6_Platform_SDK/output/mx6sdl/lib/liblwip.a(pbuf.o)
                0x00000000100176d4                pbuf_free_ooseq
                0x0000000010017778                pbuf_alloc
                0x0000000010017d28                pbuf_realloc
                0x0000000010017f9c                pbuf_header
                0x00000000100181c0                pbuf_free
                0x000000001001839c                pbuf_clen
                0x00000000100183f0                pbuf_ref
                0x0000000010018430                pbuf_cat
                0x0000000010018588                pbuf_chain
                0x00000000100185bc                pbuf_dechain
                0x00000000100186fc                pbuf_copy
                0x0000000010018a24                pbuf_copy_partial
                0x0000000010018bf0                pbuf_take
                0x0000000010018dec                pbuf_coalesce
                0x0000000010018eb8                pbuf_get_at
                0x0000000010018f70                pbuf_memcmp
                0x000000001001909c                pbuf_memfind
                0x0000000010019160                pbuf_strstr
 .text          0x0000000010019200      0x5e4 /home/leon/git/swp-report/iMX6_Platform_SDK/output/mx6sdl/lib/liblwip.a(raw.o)
                0x0000000010019200                raw_input
                0x000000001001937c                raw_bind
                0x00000000100193cc                raw_connect
                0x000000001001941c                raw_recv
                0x0000000010019458                raw_sendto
                0x0000000010019650                raw_send
                0x0000000010019690                raw_remove
                0x000000001001974c                raw_new
 .text          0x00000000100197e4     0x5ef8 /home/leon/git/swp-report/iMX6_Platform_SDK/output/mx6sdl/lib/liblwip.a(mib2.o)
                0x0000000010019850                objectidncpy
                0x00000000100198bc                snmp_set_sysdesr
                0x0000000010019908                snmp_get_sysobjid_ptr
                0x0000000010019934                snmp_set_sysobjid
                0x0000000010019974                snmp_inc_sysuptime
                0x00000000100199a0                snmp_add_sysuptime
                0x00000000100199dc                snmp_get_sysuptime
                0x0000000010019a30                snmp_set_syscontact
                0x0000000010019a7c                snmp_set_sysname
                0x0000000010019ac8                snmp_set_syslocation
                0x0000000010019b14                snmp_add_ifinoctets
                0x0000000010019b4c                snmp_inc_ifinucastpkts
                0x0000000010019b7c                snmp_inc_ifinnucastpkts
                0x0000000010019bac                snmp_inc_ifindiscards
                0x0000000010019bdc                snmp_add_ifoutoctets
                0x0000000010019c14                snmp_inc_ifoutucastpkts
                0x0000000010019c44                snmp_inc_ifoutnucastpkts
                0x0000000010019c74                snmp_inc_ifoutdiscards
                0x0000000010019ca4                snmp_inc_iflist
                0x0000000010019cfc                snmp_dec_iflist
                0x0000000010019d4c                snmp_insert_arpidx_tree
                0x0000000010019f68                snmp_delete_arpidx_tree
                0x000000001001a218                snmp_inc_ipinreceives
                0x000000001001a244                snmp_inc_ipinhdrerrors
                0x000000001001a270                snmp_inc_ipinaddrerrors
                0x000000001001a29c                snmp_inc_ipforwdatagrams
                0x000000001001a2c8                snmp_inc_ipinunknownprotos
                0x000000001001a2f4                snmp_inc_ipindiscards
                0x000000001001a320                snmp_inc_ipindelivers
                0x000000001001a34c                snmp_inc_ipoutrequests
                0x000000001001a378                snmp_inc_ipoutdiscards
                0x000000001001a3a4                snmp_inc_ipoutnoroutes
                0x000000001001a3d0                snmp_inc_ipreasmreqds
                0x000000001001a3fc                snmp_inc_ipreasmoks
                0x000000001001a428                snmp_inc_ipreasmfails
                0x000000001001a454                snmp_inc_ipfragoks
                0x000000001001a480                snmp_inc_ipfragfails
                0x000000001001a4ac                snmp_inc_ipfragcreates
                0x000000001001a4d8                snmp_inc_iproutingdiscards
                0x000000001001a504                snmp_insert_ipaddridx_tree
                0x000000001001a690                snmp_delete_ipaddridx_tree
                0x000000001001a904                snmp_insert_iprteidx_tree
                0x000000001001aabc                snmp_delete_iprteidx_tree
                0x000000001001ad5c                snmp_inc_icmpinmsgs
                0x000000001001ad88                snmp_inc_icmpinerrors
                0x000000001001adb4                snmp_inc_icmpindestunreachs
                0x000000001001ade0                snmp_inc_icmpintimeexcds
                0x000000001001ae0c                snmp_inc_icmpinparmprobs
                0x000000001001ae38                snmp_inc_icmpinsrcquenchs
                0x000000001001ae64                snmp_inc_icmpinredirects
                0x000000001001ae90                snmp_inc_icmpinechos
                0x000000001001aebc                snmp_inc_icmpinechoreps
                0x000000001001aee8                snmp_inc_icmpintimestamps
                0x000000001001af14                snmp_inc_icmpintimestampreps
                0x000000001001af40                snmp_inc_icmpinaddrmasks
                0x000000001001af6c                snmp_inc_icmpinaddrmaskreps
                0x000000001001af98                snmp_inc_icmpoutmsgs
                0x000000001001afc4                snmp_inc_icmpouterrors
                0x000000001001aff0                snmp_inc_icmpoutdestunreachs
                0x000000001001b01c                snmp_inc_icmpouttimeexcds
                0x000000001001b048                snmp_inc_icmpoutparmprobs
                0x000000001001b074                snmp_inc_icmpoutsrcquenchs
                0x000000001001b0a0                snmp_inc_icmpoutredirects
                0x000000001001b0cc                snmp_inc_icmpoutechos
                0x000000001001b0f8                snmp_inc_icmpoutechoreps
                0x000000001001b124                snmp_inc_icmpouttimestamps
                0x000000001001b150                snmp_inc_icmpouttimestampreps
                0x000000001001b17c                snmp_inc_icmpoutaddrmasks
                0x000000001001b1a8                snmp_inc_icmpoutaddrmaskreps
                0x000000001001b1d4                snmp_inc_tcpactiveopens
                0x000000001001b200                snmp_inc_tcppassiveopens
                0x000000001001b22c                snmp_inc_tcpattemptfails
                0x000000001001b258                snmp_inc_tcpestabresets
                0x000000001001b284                snmp_inc_tcpinsegs
                0x000000001001b2b0                snmp_inc_tcpoutsegs
                0x000000001001b2dc                snmp_inc_tcpretranssegs
                0x000000001001b308                snmp_inc_tcpinerrs
                0x000000001001b334                snmp_inc_tcpoutrsts
                0x000000001001b360                snmp_inc_udpindatagrams
                0x000000001001b38c                snmp_inc_udpnoports
                0x000000001001b3b8                snmp_inc_udpinerrors
                0x000000001001b3e4                snmp_inc_udpoutdatagrams
                0x000000001001b410                snmp_insert_udpidx_tree
                0x000000001001b5a4                snmp_delete_udpidx_tree
                0x000000001001b89c                snmp_inc_snmpinpkts
                0x000000001001b8c8                snmp_inc_snmpoutpkts
                0x000000001001b8f4                snmp_inc_snmpinbadversions
                0x000000001001b920                snmp_inc_snmpinbadcommunitynames
                0x000000001001b94c                snmp_inc_snmpinbadcommunityuses
                0x000000001001b978                snmp_inc_snmpinasnparseerrs
                0x000000001001b9a4                snmp_inc_snmpintoobigs
                0x000000001001b9d0                snmp_inc_snmpinnosuchnames
                0x000000001001b9fc                snmp_inc_snmpinbadvalues
                0x000000001001ba28                snmp_inc_snmpinreadonlys
                0x000000001001ba54                snmp_inc_snmpingenerrs
                0x000000001001ba80                snmp_add_snmpintotalreqvars
                0x000000001001bac0                snmp_add_snmpintotalsetvars
                0x000000001001bb00                snmp_inc_snmpingetrequests
                0x000000001001bb2c                snmp_inc_snmpingetnexts
                0x000000001001bb58                snmp_inc_snmpinsetrequests
                0x000000001001bb84                snmp_inc_snmpingetresponses
                0x000000001001bbb0                snmp_inc_snmpintraps
                0x000000001001bbdc                snmp_inc_snmpouttoobigs
                0x000000001001bc08                snmp_inc_snmpoutnosuchnames
                0x000000001001bc34                snmp_inc_snmpoutbadvalues
                0x000000001001bc60                snmp_inc_snmpoutgenerrs
                0x000000001001bc8c                snmp_inc_snmpoutgetrequests
                0x000000001001bcb8                snmp_inc_snmpoutgetnexts
                0x000000001001bce4                snmp_inc_snmpoutsetrequests
                0x000000001001bd10                snmp_inc_snmpoutgetresponses
                0x000000001001bd3c                snmp_inc_snmpouttraps
                0x000000001001bd68                snmp_get_snmpgrpid_ptr
                0x000000001001bd94                snmp_set_snmpenableauthentraps
                0x000000001001bdcc                snmp_get_snmpenableauthentraps
                0x000000001001be00                noleafs_get_object_def
                0x000000001001be34                noleafs_get_value
                0x000000001001be5c                noleafs_set_test
                0x000000001001be8c                noleafs_set_value
 .text          0x000000001001f6dc     0x1e60 /home/leon/git/swp-report/iMX6_Platform_SDK/output/mx6sdl/lib/liblwip.a(mib_structs.o)
                0x000000001001f830                snmp_ifindextonetif
                0x000000001001f8b8                snmp_netiftoifindex
                0x000000001001f938                snmp_oidtoip
                0x000000001001f9b0                snmp_iptooid
                0x000000001001fa2c                snmp_mib_ln_alloc
                0x000000001001faa4                snmp_mib_ln_free
                0x000000001001fac8                snmp_mib_lrn_alloc
                0x000000001001fb88                snmp_mib_lrn_free
                0x000000001001fbac                snmp_mib_node_insert
                0x000000001001fe84                snmp_mib_node_find
                0x000000001001ffb8                snmp_mib_node_delete
                0x000000001002015c                snmp_search_tree
                0x0000000010020648                snmp_expand_tree
                0x000000001002138c                snmp_iso_prefix_tst
                0x0000000010021418                snmp_iso_prefix_expand
 .text          0x000000001002153c     0x302c /home/leon/git/swp-report/iMX6_Platform_SDK/output/mx6sdl/lib/liblwip.a(msg_in.o)
                0x000000001002153c                snmp_init
                0x0000000010022d24                snmp_msg_event
                0x000000001002413c                snmp_varbind_alloc
                0x0000000010024378                snmp_varbind_free
                0x00000000100243dc                snmp_varbind_list_free
                0x0000000010024454                snmp_varbind_tail_add
                0x00000000100244e4                snmp_varbind_tail_remove
 .text          0x0000000010024568     0x1bcc /home/leon/git/swp-report/iMX6_Platform_SDK/output/mx6sdl/lib/liblwip.a(msg_out.o)
                0x0000000010024568                snmp_trap_dst_enable
                0x00000000100245c0                snmp_trap_dst_ip_set
                0x000000001002461c                snmp_send_response
                0x0000000010024830                snmp_send_trap
                0x0000000010024a78                snmp_coldstart_trap
                0x0000000010024ac8                snmp_authfail_trap
 .text          0x0000000010026134      0x6c8 /home/leon/git/swp-report/iMX6_Platform_SDK/output/mx6sdl/lib/liblwip.a(stats.o)
                0x0000000010026134                stats_init
                0x00000000100261fc                stats_display_proto
                0x000000001002634c                stats_display_igmp
                0x00000000100264cc                stats_display_mem
                0x000000001002655c                stats_display_memp
                0x00000000100265e0                stats_display_sys
                0x00000000100266e0                stats_display
 .text          0x00000000100267fc     0x2eb8 /home/leon/git/swp-report/iMX6_Platform_SDK/output/mx6sdl/lib/liblwip.a(tcp.o)
                0x00000000100267fc                tcp_init
                0x000000001002680c                tcp_tmr
                0x0000000010026cec                tcp_close
                0x0000000010026d44                tcp_shutdown
                0x0000000010026e4c                tcp_abandon
                0x0000000010027010                tcp_abort
                0x0000000010027038                tcp_bind
                0x0000000010027290                tcp_listen_with_backlog
                0x000000001002758c                tcp_update_rcv_ann_wnd
                0x00000000100276b4                tcp_recved
                0x00000000100278d8                tcp_connect
                0x0000000010027d54                tcp_slowtmr
                0x000000001002873c                tcp_fasttmr
                0x0000000010028864                tcp_process_refused_data
                0x00000000100289d0                tcp_segs_free
                0x0000000010028a18                tcp_seg_free
                0x0000000010028a68                tcp_setprio
                0x0000000010028a98                tcp_seg_copy
                0x0000000010028b08                tcp_recv_null
                0x0000000010028d28                tcp_alloc
                0x0000000010028f7c                tcp_new
                0x0000000010028f9c                tcp_arg
                0x0000000010028fc8                tcp_recv
                0x0000000010029030                tcp_sent
                0x0000000010029098                tcp_err
                0x0000000010029100                tcp_accept
                0x000000001002912c                tcp_poll
                0x00000000100291a8                tcp_pcb_purge
                0x00000000100293b0                tcp_pcb_remove
                0x00000000100295b4                tcp_next_iss
                0x00000000100295fc                tcp_eff_send_mss_impl
                0x0000000010029680                tcp_debug_state_str
 .text          0x00000000100296b4     0x4aa4 /home/leon/git/swp-report/iMX6_Platform_SDK/output/mx6sdl/lib/liblwip.a(tcp_in.o)
                0x00000000100296b4                tcp_input
 .text          0x000000001002e158     0x2e3c /home/leon/git/swp-report/iMX6_Platform_SDK/output/mx6sdl/lib/liblwip.a(tcp_out.o)
                0x000000001002e418                tcp_send_fin
                0x000000001002eb10                tcp_write
                0x000000001002f628                tcp_enqueue_flags
                0x000000001002fa8c                tcp_send_empty_ack
                0x000000001002fbbc                tcp_output
                0x00000000100305f8                tcp_rst_impl
                0x00000000100308cc                tcp_rexmit_rto
                0x0000000010030980                tcp_rexmit
                0x0000000010030ae0                tcp_rexmit_fast
                0x0000000010030bf4                tcp_keepalive
                0x0000000010030d08                tcp_zero_window_probe
 .text          0x0000000010030f94      0x720 /home/leon/git/swp-report/iMX6_Platform_SDK/output/mx6sdl/lib/liblwip.a(timers.o)
                0x0000000010031004                tcp_timer_needed
                0x00000000100311ac                sys_timeouts_init
                0x0000000010031248                sys_timeout
                0x0000000010031458                sys_untimeout
                0x000000001003156c                sys_check_timeouts
                0x0000000010031690                sys_restart_timeouts
 .text          0x00000000100316b4     0x1284 /home/leon/git/swp-report/iMX6_Platform_SDK/output/mx6sdl/lib/liblwip.a(udp.o)
                0x00000000100316b4                udp_init
                0x00000000100317a0                udp_input
                0x0000000010031fbc                udp_send
                0x0000000010032000                udp_sendto
                0x00000000100320b4                udp_sendto_if
                0x000000001003247c                udp_bind
                0x0000000010032660                udp_connect
                0x000000001003278c                udp_disconnect
                0x00000000100327d8                udp_recv
                0x0000000010032814                udp_remove
                0x00000000100328d8                udp_new
 .text          0x0000000010032938     0x2740 /home/leon/git/swp-report/iMX6_Platform_SDK/output/mx6sdl/lib/liblwip.a(etharp.o)
                0x0000000010032d18                etharp_tmr
                0x00000000100337f0                etharp_cleanup_netif
                0x00000000100338b0                etharp_find_addr
                0x00000000100340ac                etharp_output
                0x0000000010034508                etharp_query
                0x0000000010034aa8                etharp_raw
                0x0000000010034d94                etharp_request
                0x0000000010034e0c                ethernet_input
 .text          0x0000000010035078      0x5f8 /home/leon/git/swp-report/iMX6_Platform_SDK/output/mx6sdl/lib/liblwip.a(mx6_ethernetif.o)
                0x0000000010035078                enet_set_mac
                0x00000000100350a8                init_enet
                0x00000000100354e0                enet_poll_for_packet
                0x000000001003552c                enet_init
 .text          0x0000000010035670      0x188 /home/leon/git/swp-report/iMX6_Platform_SDK/output/mx6sdl/lib/liblwip.a(mx6_lwip.o)
                0x0000000010035670                mx6_init_lwip
                0x000000001003569c                check_and_update_ms_timer
                0x0000000010035714                mx6_run_lwip
 .text          0x00000000100357f8       0x40 /home/leon/git/swp-report/iMX6_Platform_SDK/output/mx6sdl/lib/liblwip.a(sys_arch.o)
                0x00000000100357f8                sys_now
 .text          0x0000000010035838      0x100 /home/leon/git/swp-report/iMX6_Platform_SDK/output/mx6sdl/lib/liblwip.a(def.o)
                0x0000000010035838                lwip_htons
                0x0000000010035884                lwip_ntohs
                0x00000000100358b8                lwip_htonl
                0x000000001003590c                lwip_ntohl
 .text          0x0000000010035938      0x7fc /home/leon/git/swp-report/iMX6_Platform_SDK/output/mx6sdl/lib/liblwip.a(inet_chksum.o)
                0x0000000010035938                lwip_standard_chksum
                0x0000000010035c1c                inet_chksum_pseudo
                0x0000000010035efc                inet_chksum_pseudo_partial
                0x0000000010035fd8                inet_chksum
                0x000000001003601c                inet_chksum_pbuf
 .text          0x0000000010036134      0x8a8 /home/leon/git/swp-report/iMX6_Platform_SDK/output/mx6sdl/lib/liblwip.a(icmp.o)
                0x0000000010036134                icmp_input
                0x00000000100367c4                icmp_dest_unreach
 .text          0x00000000100369dc      0xfa8 /home/leon/git/swp-report/iMX6_Platform_SDK/output/mx6sdl/lib/liblwip.a(asn1_dec.o)
                0x00000000100369dc                snmp_asn1_dec_type
                0x0000000010036a9c                snmp_asn1_dec_length
                0x0000000010036e64                snmp_asn1_dec_u32t
                0x00000000100370cc                snmp_asn1_dec_s32t
                0x0000000010037344                snmp_asn1_dec_oid
                0x00000000100377f4                snmp_asn1_dec_raw
 .text          0x0000000010037984      0xda0 /home/leon/git/swp-report/iMX6_Platform_SDK/output/mx6sdl/lib/liblwip.a(asn1_enc.o)
                0x0000000010037984                snmp_asn1_enc_length_cnt
                0x00000000100379ec                snmp_asn1_enc_u32t_cnt
                0x0000000010037a88                snmp_asn1_enc_s32t_cnt
                0x0000000010037b20                snmp_asn1_enc_oid_cnt
                0x0000000010037c08                snmp_asn1_enc_type
                0x0000000010037cc4                snmp_asn1_enc_length
                0x0000000010037ef4                snmp_asn1_enc_u32t
                0x00000000100380ec                snmp_asn1_enc_s32t
                0x0000000010038250                snmp_asn1_enc_oid
                0x00000000100385b4                snmp_asn1_enc_raw
 .text          0x0000000010038724       0x14 /home/src/arm/target/bin/../arm-none-eabi/lib//libc.a(lib_a-abort.o)
                0x0000000010038724                abort
 .text          0x0000000010038738       0x64 /home/src/arm/target/bin/../arm-none-eabi/lib//libc.a(lib_a-assert.o)
                0x0000000010038738                __assert_func
                0x000000001003878c                __assert
 .text          0x000000001003879c       0x20 /home/src/arm/target/bin/../arm-none-eabi/lib//libc.a(lib_a-bzero.o)
                0x000000001003879c                bzero
 .text          0x00000000100387bc      0x2d4 /home/src/arm/target/bin/../arm-none-eabi/lib//libc.a(lib_a-fflush.o)
                0x00000000100387bc                __sflush_r
                0x0000000010038a00                _fflush_r
                0x0000000010038a54                fflush
 .text          0x0000000010038a90      0x354 /home/src/arm/target/bin/../arm-none-eabi/lib//libc.a(lib_a-findfp.o)
                0x0000000010038aa0                _cleanup_r
                0x0000000010038ab8                __sfmoreglue
                0x0000000010038b08                _cleanup
                0x0000000010038b2c                __sinit
                0x0000000010038c94                __sfp
                0x0000000010038d8c                __sfp_lock_acquire
                0x0000000010038d90                __sfp_lock_release
                0x0000000010038d94                __sinit_lock_acquire
                0x0000000010038d98                __sinit_lock_release
                0x0000000010038d9c                __fp_lock_all
                0x0000000010038dc0                __fp_unlock_all
 .text          0x0000000010038de4       0x70 /home/src/arm/target/bin/../arm-none-eabi/lib//libc.a(lib_a-fiprintf.o)
                0x0000000010038de4                _fiprintf_r
                0x0000000010038e14                fiprintf
 .text          0x0000000010038e54       0x8c /home/src/arm/target/bin/../arm-none-eabi/lib//libc.a(lib_a-fputc.o)
                0x0000000010038e54                _fputc_r
                0x0000000010038e98                fputc
 .text          0x0000000010038ee0      0x36c /home/src/arm/target/bin/../arm-none-eabi/lib//libc.a(lib_a-freer.o)
                0x0000000010038ee0                _malloc_trim_r
                0x0000000010038fe0                _free_r
 .text          0x000000001003924c      0x110 /home/src/arm/target/bin/../arm-none-eabi/lib//libc.a(lib_a-fwalk.o)
                0x000000001003924c                _fwalk
                0x00000000100392d0                _fwalk_reent
 .text          0x000000001003935c        0x0 /home/src/arm/target/bin/../arm-none-eabi/lib//libc.a(lib_a-impure.o)
 .text          0x000000001003935c       0x88 /home/src/arm/target/bin/../arm-none-eabi/lib//libc.a(lib_a-init.o)
                0x000000001003935c                __libc_init_array
 .text          0x00000000100393e4       0x40 /home/src/arm/target/bin/../arm-none-eabi/lib//libc.a(lib_a-malloc.o)
                0x00000000100393e4                malloc
                0x0000000010039404                free
 .text          0x0000000010039424      0x72c /home/src/arm/target/bin/../arm-none-eabi/lib//libc.a(lib_a-mallocr.o)
                0x0000000010039424                _malloc_r
 .text          0x0000000010039b50       0xb4 /home/src/arm/target/bin/../arm-none-eabi/lib//libc.a(lib_a-memcmp.o)
                0x0000000010039b50                memcmp
 .text          0x0000000010039c04       0xf0 /home/src/arm/target/bin/../arm-none-eabi/lib//libc.a(lib_a-memcpy-stub.o)
                0x0000000010039c04                memcpy
 .text          0x0000000010039cf4       0xf4 /home/src/arm/target/bin/../arm-none-eabi/lib//libc.a(lib_a-memset.o)
                0x0000000010039cf4                memset
 .text          0x0000000010039de8        0x8 /home/src/arm/target/bin/../arm-none-eabi/lib//libc.a(lib_a-mlock.o)
                0x0000000010039de8                __malloc_lock
                0x0000000010039dec                __malloc_unlock
 .text          0x0000000010039df0       0x74 /home/src/arm/target/bin/../arm-none-eabi/lib//libc.a(lib_a-printf.o)
                0x0000000010039df0                _printf_r
                0x0000000010039e24                printf
 .text          0x0000000010039e64      0x158 /home/src/arm/target/bin/../arm-none-eabi/lib//libc.a(lib_a-putc.o)
                0x0000000010039e64                _putc_r
                0x0000000010039f08                putc
 .text          0x0000000010039fbc       0x70 /home/src/arm/target/bin/../arm-none-eabi/lib//libc.a(lib_a-rand.o)
                0x0000000010039fbc                srand
                0x0000000010039fd8                rand
 .text          0x000000001003a02c       0x24 /home/src/arm/target/bin/../arm-none-eabi/lib//libc.a(lib_a-realloc.o)
                0x000000001003a02c                realloc
 .text          0x000000001003a050      0x56c /home/src/arm/target/bin/../arm-none-eabi/lib//libc.a(lib_a-reallocr.o)
                0x000000001003a050                _realloc_r
 .text          0x000000001003a5bc       0x70 /home/src/arm/target/bin/../arm-none-eabi/lib//libc.a(lib_a-rget.o)
                0x000000001003a5bc                __srget_r
                0x000000001003a618                __srget
 .text          0x000000001003a62c       0x44 /home/src/arm/target/bin/../arm-none-eabi/lib//libc.a(lib_a-sbrkr.o)
                0x000000001003a62c                _sbrk_r
 .text          0x000000001003a670      0x254 /home/src/arm/target/bin/../arm-none-eabi/lib//libc.a(lib_a-signal.o)
                0x000000001003a670                _init_signal_r
                0x000000001003a6d4                _signal_r
                0x000000001003a748                _raise_r
                0x000000001003a7e0                __sigtramp_r
                0x000000001003a874                raise
                0x000000001003a888                signal
                0x000000001003a8a0                _init_signal
                0x000000001003a8b0                __sigtramp
 .text          0x000000001003a8c4       0x50 /home/src/arm/target/bin/../arm-none-eabi/lib//libc.a(lib_a-signalr.o)
                0x000000001003a8c4                _kill_r
                0x000000001003a904                _getpid_r
 .text          0x000000001003a914       0xd8 /home/src/arm/target/bin/../arm-none-eabi/lib//libc.a(lib_a-stdio.o)
                0x000000001003a914                __sread
                0x000000001003a948                __seofread
                0x000000001003a950                __swrite
                0x000000001003a9a8                __sseek
                0x000000001003a9d8                __sclose
 .text          0x000000001003a9ec      0x1c4 /home/src/arm/target/bin/../arm-none-eabi/lib//libc.a(lib_a-strchr.o)
                0x000000001003a9ec                strchr
 .text          0x000000001003abb0      0x230 /home/src/arm/target/bin/../arm-none-eabi/lib//libc.a(lib_a-strcmp.o)
                0x000000001003abb0                strcmp
 .text          0x000000001003ade0       0x60 /home/src/arm/target/bin/../arm-none-eabi/lib//libc.a(lib_a-strlen.o)
                0x000000001003ade0                strlen
 .text          0x000000001003ae40      0x160 /home/src/arm/target/bin/../arm-none-eabi/lib//libc.a(lib_a-strncmp.o)
                0x000000001003ae40                strncmp
 .text          0x000000001003afa0      0x9f4 /home/src/arm/target/bin/../arm-none-eabi/lib//libc.a(lib_a-syscalls.o)
                0x000000001003b054                initialise_monitor_handles
                0x000000001003b118                _swiread
                0x000000001003b158                _read
                0x000000001003b21c                _swilseek
                0x000000001003b328                _lseek
                0x000000001003b348                _swiwrite
                0x000000001003b388                _write
                0x000000001003b450                _swiopen
                0x000000001003b550                _open
                0x000000001003b584                _swiclose
                0x000000001003b5fc                _close
                0x000000001003b61c                _kill
                0x000000001003b654                _exit
                0x000000001003b67c                _getpid
                0x000000001003b684                _sbrk
                0x000000001003b6dc                _fstat
                0x000000001003b710                _stat
                0x000000001003b764                _link
                0x000000001003b76c                _unlink
                0x000000001003b7c0                _raise
                0x000000001003b7c4                _gettimeofday
                0x000000001003b814                _times
                0x000000001003b858                _isatty
                0x000000001003b8a8                _system
                0x000000001003b92c                _rename
 .text          0x000000001003b994     0x1238 /home/src/arm/target/bin/../arm-none-eabi/lib//libc.a(lib_a-vfiprintf.o)
                0x000000001003ba40                __sprint_r
                0x000000001003ba58                _vfiprintf_r
                0x000000001003cad4                vfiprintf
 .text          0x000000001003cbcc     0x1e98 /home/src/arm/target/bin/../arm-none-eabi/lib//libc.a(lib_a-vfprintf.o)
                0x000000001003cbcc                _vfprintf_r
                0x000000001003e96c                vfprintf
 .text          0x000000001003ea64       0x48 /home/src/arm/target/bin/../arm-none-eabi/lib//libc.a(lib_a-vprintf.o)
                0x000000001003ea64                vprintf
                0x000000001003ea90                _vprintf_r
 .text          0x000000001003eaac      0x13c /home/src/arm/target/bin/../arm-none-eabi/lib//libc.a(lib_a-wbuf.o)
                0x000000001003eaac                __swbuf_r
                0x000000001003ebd0                __swbuf
 .text          0x000000001003ebe8       0x44 /home/src/arm/target/bin/../arm-none-eabi/lib//libc.a(lib_a-writer.o)
                0x000000001003ebe8                _write_r
 .text          0x000000001003ec2c      0x15c /home/src/arm/target/bin/../arm-none-eabi/lib//libc.a(lib_a-wsetup.o)
                0x000000001003ec2c                __swsetup_r
 .text          0x000000001003ed88       0x3c /home/src/arm/target/bin/../arm-none-eabi/lib//libc.a(lib_a-closer.o)
                0x000000001003ed88                _close_r
 *fill*         0x000000001003edc4        0x4 
 .text          0x000000001003edc8     0x18d8 /home/src/arm/target/bin/../arm-none-eabi/lib//libc.a(lib_a-dtoa.o)
                0x000000001003efa8                _dtoa_r
 .text          0x00000000100406a0       0x10 /home/src/arm/target/bin/../arm-none-eabi/lib//libc.a(lib_a-errno.o)
                0x00000000100406a0                __errno
 .text          0x00000000100406b0      0x104 /home/src/arm/target/bin/../arm-none-eabi/lib//libc.a(lib_a-fclose.o)
                0x00000000100406b0                _fclose_r
                0x00000000100407a0                fclose
 .text          0x00000000100407b4      0x188 /home/src/arm/target/bin/../arm-none-eabi/lib//libc.a(lib_a-fputwc.o)
                0x00000000100407b4                _fputwc_r
                0x00000000100408f8                fputwc
 .text          0x000000001004093c      0x4dc /home/src/arm/target/bin/../arm-none-eabi/lib//libc.a(lib_a-fvwrite.o)
                0x000000001004093c                __sfvwrite_r
 .text          0x0000000010040e18       0xd0 /home/src/arm/target/bin/../arm-none-eabi/lib//libc.a(lib_a-locale.o)
                0x0000000010040e18                _setlocale_r
                0x0000000010040e88                __locale_charset
                0x0000000010040e94                __locale_mb_cur_max
                0x0000000010040ea4                __locale_msgcharset
                0x0000000010040eb0                __locale_cjk_lang
                0x0000000010040eb8                _localeconv_r
                0x0000000010040ec4                setlocale
                0x0000000010040edc                localeconv
 .text          0x0000000010040ee8       0x44 /home/src/arm/target/bin/../arm-none-eabi/lib//libc.a(lib_a-lseekr.o)
                0x0000000010040ee8                _lseek_r
 .text          0x0000000010040f2c      0x174 /home/src/arm/target/bin/../arm-none-eabi/lib//libc.a(lib_a-makebuf.o)
                0x0000000010040f2c                __smakebuf_r
 .text          0x00000000100410a0      0x114 /home/src/arm/target/bin/../arm-none-eabi/lib//libc.a(lib_a-memchr-stub.o)
                0x00000000100410a0                memchr
 .text          0x00000000100411b4      0x134 /home/src/arm/target/bin/../arm-none-eabi/lib//libc.a(lib_a-memmove.o)
                0x00000000100411b4                memmove
 .text          0x00000000100412e8      0xd30 /home/src/arm/target/bin/../arm-none-eabi/lib//libc.a(lib_a-mprec.o)
                0x00000000100412e8                _Balloc
                0x0000000010041374                _Bfree
                0x0000000010041390                __multadd
                0x000000001004146c                __s2b
                0x0000000010041554                __hi0bits
                0x00000000100415b0                __lo0bits
                0x0000000010041644                __i2b
                0x0000000010041668                __multiply
                0x0000000010041850                __pow5mult
                0x0000000010041954                __lshift
                0x0000000010041a60                __mcmp
                0x0000000010041ac0                __mdiff
                0x0000000010041c04                __ulp
                0x0000000010041c68                __b2d
                0x0000000010041d40                __d2b
                0x0000000010041e4c                __ratio
                0x0000000010041ed4                _mprec_log10
                0x0000000010041f2c                __copybits
                0x0000000010041f9c                __any_on
 .text          0x0000000010042018       0x44 /home/src/arm/target/bin/../arm-none-eabi/lib//libc.a(lib_a-readr.o)
                0x0000000010042018                _read_r
 .text          0x000000001004205c      0x134 /home/src/arm/target/bin/../arm-none-eabi/lib//libc.a(lib_a-reent.o)
                0x000000001004205c                cleanup_glue
                0x0000000010042088                _reclaim_reent
 .text          0x0000000010042190      0x20c /home/src/arm/target/bin/../arm-none-eabi/lib//libc.a(lib_a-refill.o)
                0x00000000100421bc                __srefill_r
 .text          0x000000001004239c       0x6c /home/src/arm/target/bin/../arm-none-eabi/lib//libc.a(lib_a-s_fpclassify.o)
                0x000000001004239c                __fpclassifyd
 .text          0x0000000010042408      0x128 /home/src/arm/target/bin/../arm-none-eabi/lib//libc.a(lib_a-wcrtomb.o)
                0x0000000010042408                _wcrtomb_r
                0x0000000010042498                wcrtomb
 .text          0x0000000010042530       0x7c /home/src/arm/target/bin/../arm-none-eabi/lib//libc.a(lib_a-wctomb_r.o)
                0x0000000010042530                __ascii_wctomb
                0x000000001004255c                _wctomb_r
 .text          0x00000000100425ac       0x9c /home/src/arm/target/bin/../arm-none-eabi/lib//libc.a(lib_a-callocr.o)
                0x00000000100425ac                _calloc_r
 .text          0x0000000010042648       0x40 /home/src/arm/target/bin/../arm-none-eabi/lib//libc.a(lib_a-fstatr.o)
                0x0000000010042648                _fstat_r
 .text          0x0000000010042688       0x3c /home/src/arm/target/bin/../arm-none-eabi/lib//libc.a(lib_a-isattyr.o)
                0x0000000010042688                _isatty_r
 .text          0x00000000100426c4      0x114 /home/src/arm/target/bin/../lib/gcc/arm-none-eabi/4.8.2//libgcc.a(_udivsi3.o)
                0x00000000100426c4                __udivsi3
                0x00000000100426c4                __aeabi_uidiv
                0x00000000100427b8                __aeabi_uidivmod
 .text          0x00000000100427d8      0x148 /home/src/arm/target/bin/../lib/gcc/arm-none-eabi/4.8.2//libgcc.a(_divsi3.o)
                0x00000000100427d8                __aeabi_idiv
                0x00000000100427d8                __divsi3
                0x0000000010042900                __aeabi_idivmod
 .text          0x0000000010042920        0x4 /home/src/arm/target/bin/../lib/gcc/arm-none-eabi/4.8.2//libgcc.a(_dvmd_tls.o)
                0x0000000010042920                __aeabi_ldiv0
                0x0000000010042920                __aeabi_idiv0
 .text          0x0000000010042924      0x41c /home/src/arm/target/bin/../lib/gcc/arm-none-eabi/4.8.2//libgcc.a(_arm_addsubdf3.o)
                0x0000000010042924                __aeabi_drsub
                0x000000001004292c                __aeabi_dsub
                0x000000001004292c                __subdf3
                0x0000000010042930                __adddf3
                0x0000000010042930                __aeabi_dadd
                0x0000000010042c40                __aeabi_ui2d
                0x0000000010042c40                __floatunsidf
                0x0000000010042c64                __floatsidf
                0x0000000010042c64                __aeabi_i2d
                0x0000000010042c8c                __extendsfdf2
                0x0000000010042c8c                __aeabi_f2d
                0x0000000010042ccc                __aeabi_ul2d
                0x0000000010042ccc                __floatundidf
                0x0000000010042ce0                __floatdidf
                0x0000000010042ce0                __aeabi_l2d
 .text          0x0000000010042d40      0x49c /home/src/arm/target/bin/../lib/gcc/arm-none-eabi/4.8.2//libgcc.a(_arm_muldivdf3.o)
                0x0000000010042d40                __aeabi_dmul
                0x0000000010042d40                __muldf3
                0x0000000010042fd0                __aeabi_ddiv
                0x0000000010042fd0                __divdf3
 .text          0x00000000100431dc      0x144 /home/src/arm/target/bin/../lib/gcc/arm-none-eabi/4.8.2//libgcc.a(_arm_cmpdf2.o)
                0x00000000100431dc                __gtdf2
                0x00000000100431dc                __gedf2
                0x00000000100431e4                __ltdf2
                0x00000000100431e4                __ledf2
                0x00000000100431ec                __cmpdf2
                0x00000000100431ec                __eqdf2
                0x00000000100431ec                __nedf2
                0x0000000010043274                __aeabi_cdrcmple
                0x0000000010043290                __aeabi_cdcmple
                0x0000000010043290                __aeabi_cdcmpeq
                0x00000000100432a8                __aeabi_dcmpeq
                0x00000000100432c0                __aeabi_dcmplt
                0x00000000100432d8                __aeabi_dcmple
                0x00000000100432f0                __aeabi_dcmpge
                0x0000000010043308                __aeabi_dcmpgt
 .text          0x0000000010043320       0x5c /home/src/arm/target/bin/../lib/gcc/arm-none-eabi/4.8.2//libgcc.a(_arm_fixdfsi.o)
                0x0000000010043320                __fixdfsi
                0x0000000010043320                __aeabi_d2iz
 .text          0x000000001004337c       0x3c /home/src/arm/target/bin/../lib/gcc/arm-none-eabi/4.8.2//libgcc.a(_aeabi_uldivmod.o)
                0x000000001004337c                __aeabi_uldivmod
 .text          0x00000000100433b8       0x84 /home/src/arm/target/bin/../lib/gcc/arm-none-eabi/4.8.2//libgcc.a(bpabi.o)
                0x00000000100433b8                __gnu_ldivmod_helper
                0x00000000100433fc                __gnu_uldivmod_helper
 .text          0x000000001004343c      0x4d0 /home/src/arm/target/bin/../lib/gcc/arm-none-eabi/4.8.2//libgcc.a(_divdi3.o)
                0x000000001004343c                __divdi3
 .text          0x000000001004390c      0x470 /home/src/arm/target/bin/../lib/gcc/arm-none-eabi/4.8.2//libgcc.a(_udivdi3.o)
                0x000000001004390c                __udivdi3
 .text          0x0000000010043d7c       0x48 /home/src/arm/target/bin/../lib/gcc/arm-none-eabi/4.8.2//libgcc.a(_clzsi2.o)
                0x0000000010043d7c                __clzsi2
 .text          0x0000000010043dc4      0x264 /home/leon/git/swp-report/iMX6_Platform_SDK/output/mx6sdl/lib/libsdk.a(max7310.o)
                0x0000000010043dc4                max7310_reg_read
                0x0000000010043e28                max7310_reg_write
                0x0000000010043e94                max7310_init
                0x0000000010043f74                max7310_set_gpio_output
 .text          0x0000000010044028     0x1308 /home/leon/git/swp-report/iMX6_Platform_SDK/output/mx6sdl/lib/libsdk.a(gpio.o)
                0x0000000010044058                gpio_get_port_count
                0x0000000010044070                gpio_set_gpio
                0x0000000010044134                gpio_set_direction
                0x0000000010044390                gpio_get_direction
                0x00000000100444d8                gpio_set_level
                0x0000000010044818                gpio_get_level
                0x0000000010044978                gpio_set_interrupt_config
                0x0000000010044d7c                gpio_set_interrupt_mask
                0x0000000010044fc0                gpio_get_interrupt_status
                0x000000001004511c                gpio_clear_interrupt
 .text          0x0000000010045330        0x0 /home/leon/git/swp-report/iMX6_Platform_SDK/output/mx6sdl/lib/libsdk.a(imx6sdl_gpio_map.o)
 .text          0x0000000010045330     0x1774 /home/leon/git/swp-report/iMX6_Platform_SDK/output/mx6sdl/lib/libsdk.a(imx_i2c.o)
                0x0000000010045360                i2c_get_request_instance
                0x0000000010045db8                i2c_xfer
                0x00000000100464d0                i2c_read
                0x0000000010046500                i2c_write
                0x0000000010046530                i2c_setup_interrupt
                0x000000001004679c                i2c_init
 .text          0x0000000010046aa4       0x88 /home/leon/git/swp-report/iMX6_Platform_SDK/output/mx6sdl/lib/libboard_sabre_ai_rev_b.a(board_network.o)
                0x0000000010046aa4                imx_ar8031_iomux
                0x0000000010046ab8                imx_KSZ9021RN_reset
                0x0000000010046ac8                imx_ar8031_reset
                0x0000000010046ad8                imx_enet_iomux
                0x0000000010046b18                imx_enet_phy_reset
 .text          0x0000000010046b2c       0x80 /home/leon/git/swp-report/iMX6_Platform_SDK/output/mx6sdl/lib/libboard_sabre_ai_rev_b.a(i2c_iomux_config.o)
                0x0000000010046b2c                i2c_iomux_config
 *(.glue_7t)
 .glue_7t       0x0000000000000000        0x0 linker stubs
 *(.glue_7)
 .glue_7        0x0000000000000000        0x0 linker stubs
 *(.vfp11_veneer)
 .vfp11_veneer  0x0000000000000000        0x0 linker stubs
 *(.ARM.extab* .gnu.linkonce.armextab.*)
 .ARM.extab.startup
                0x0000000010046bac        0x0 /home/leon/git/swp-report/iMX6_Platform_SDK/output/mx6sdl/lib/libsdk.a(startup.o)
 .ARM.extab     0x0000000010046bac        0x0 /home/src/arm/target/bin/../lib/gcc/arm-none-eabi/4.8.2//libgcc.a(_divdi3.o)
 .ARM.extab     0x0000000010046bac        0x0 /home/src/arm/target/bin/../lib/gcc/arm-none-eabi/4.8.2//libgcc.a(_udivdi3.o)
 *(.gcc_except_table)

.v4_bx          0x0000000010046bac        0x0
 .v4_bx         0x0000000000000000        0x0 linker stubs

.iplt           0x0000000010046bac        0x0
 .iplt          0x0000000000000000        0x0 /home/src/arm/target/bin/../lib/gcc/arm-none-eabi/4.8.2//crtbegin.o

.ctors
 *crtbegin.o(.ctors)
 *crtbegin?.o(.ctors)
 *(EXCLUDE_FILE(*crtend?.o *crtend.o) .ctors)
 *(SORT(.ctors.*))
 *(.ctors)

.dtors
 *crtbegin.o(.dtors)
 *crtbegin?.o(.dtors)
 *(EXCLUDE_FILE(*crtend?.o *crtend.o) .dtors)
 *(SORT(.dtors.*))
 *(.dtors)

.rodata         0x0000000010046bb0     0x5c14
 *(.rodata .rodata.* .gnu.linkonce.r.*)
 .rodata        0x0000000010046bb0       0x88 /home/leon/git/swp-report/iMX6_Platform_SDK/output/mx6sdl/httpd/sabre_ai_rev_b/obj/apps/httpd/src/httpd_main.o
                0x0000000010046bb0                kMACAddress
 .rodata        0x0000000010046c38      0xda0 /home/leon/git/swp-report/iMX6_Platform_SDK/output/mx6sdl/httpd/sabre_ai_rev_b/obj/lwip/contrib/apps/httpserver_raw/fs.o
                0x000000001004799c                file__img_sics_gif
                0x00000000100479b0                file__404_html
                0x00000000100479c4                file__index_html
 .rodata        0x00000000100479d8      0x2d4 /home/leon/git/swp-report/iMX6_Platform_SDK/output/mx6sdl/httpd/sabre_ai_rev_b/obj/lwip/contrib/apps/httpserver_raw/httpd.o
                0x0000000010047a18                g_psDefaultFilenames
 .rodata        0x0000000010047cac       0x34 /home/leon/git/swp-report/iMX6_Platform_SDK/output/mx6sdl/lib/libsdk.a(ccm_pll.o)
                0x0000000010047cac                PLL1_OUTPUT
                0x0000000010047cb0                PLL2_OUTPUT
                0x0000000010047cc4                PLL3_OUTPUT
                0x0000000010047cd8                PLL4_OUTPUT
                0x0000000010047cdc                PLL5_OUTPUT
 .rodata        0x0000000010047ce0       0x64 /home/leon/git/swp-report/iMX6_Platform_SDK/output/mx6sdl/lib/libsdk.a(gic.o)
 .rodata        0x0000000010047d44       0xcc /home/leon/git/swp-report/iMX6_Platform_SDK/output/mx6sdl/lib/libsdk.a(system_util.o)
 .rodata        0x0000000010047e10       0xf4 /home/leon/git/swp-report/iMX6_Platform_SDK/output/mx6sdl/lib/libsdk.a(text_color.o)
                0x0000000010047e18                g_TextAttributeDefault
                0x0000000010047e24                g_TextAttributeBold
                0x0000000010047e30                g_TextAttributeDim
                0x0000000010047e3c                g_TextAttributeUnderline
                0x0000000010047e48                g_TextAttributeBlink
                0x0000000010047e54                g_TextAttributeReverse
                0x0000000010047e60                g_TextAttributeHidden
                0x0000000010047e6c                g_TextColorBlack
                0x0000000010047e78                g_TextColorRed
                0x0000000010047e84                g_TextColorGreen
                0x0000000010047e90                g_TextColorYellow
                0x0000000010047e9c                g_TextColorBlue
                0x0000000010047ea8                g_TextColorMagenta
                0x0000000010047eb4                g_TextColorCyan
                0x0000000010047ec0                g_TextColorWhite
                0x0000000010047ed0                g_TextColorOrange
                0x0000000010047ee0                g_TextColorLightBlue
                0x0000000010047ef0                g_TextColorGray
                0x0000000010047f00                g_TextColorPurple
 .rodata        0x0000000010047f04      0x1c4 /home/leon/git/swp-report/iMX6_Platform_SDK/output/mx6sdl/lib/libsdk.a(enet_drv.o)
 .rodata        0x00000000100480c8       0x20 /home/leon/git/swp-report/iMX6_Platform_SDK/output/mx6sdl/lib/libsdk.a(interrupt.o)
 .rodata        0x00000000100480e8      0x230 /home/leon/git/swp-report/iMX6_Platform_SDK/output/mx6sdl/lib/libsdk.a(abort_handler.o)
 .rodata        0x0000000010048318       0x80 /home/leon/git/swp-report/iMX6_Platform_SDK/output/mx6sdl/lib/libboard_sabre_ai_rev_b.a(uart_iomux_config.o)
 .rodata        0x0000000010048398      0xa88 /home/leon/git/swp-report/iMX6_Platform_SDK/output/mx6sdl/lib/liblwip.a(dhcp.o)
 .rodata        0x0000000010048e20      0x114 /home/leon/git/swp-report/iMX6_Platform_SDK/output/mx6sdl/lib/liblwip.a(dns.o)
 .rodata        0x0000000010048f34      0x32c /home/leon/git/swp-report/iMX6_Platform_SDK/output/mx6sdl/lib/liblwip.a(autoip.o)
 .rodata        0x0000000010049260      0x18c /home/leon/git/swp-report/iMX6_Platform_SDK/output/mx6sdl/lib/liblwip.a(igmp.o)
 .rodata        0x00000000100493ec       0xb0 /home/leon/git/swp-report/iMX6_Platform_SDK/output/mx6sdl/lib/liblwip.a(ip4.o)
 .rodata        0x000000001004949c       0x8c /home/leon/git/swp-report/iMX6_Platform_SDK/output/mx6sdl/lib/liblwip.a(ip4_addr.o)
                0x000000001004949c                ip_addr_any
                0x00000000100494a0                ip_addr_broadcast
 .rodata        0x0000000010049528       0x1c /home/leon/git/swp-report/iMX6_Platform_SDK/output/mx6sdl/lib/liblwip.a(memp.o)
                0x0000000010049528                memp_sizes
 .rodata        0x0000000010049544      0x10c /home/leon/git/swp-report/iMX6_Platform_SDK/output/mx6sdl/lib/liblwip.a(netif.o)
 .rodata        0x0000000010049650      0x4a8 /home/leon/git/swp-report/iMX6_Platform_SDK/output/mx6sdl/lib/liblwip.a(pbuf.o)
 .rodata        0x0000000010049af8       0x98 /home/leon/git/swp-report/iMX6_Platform_SDK/output/mx6sdl/lib/liblwip.a(raw.o)
 .rodata        0x0000000010049b90      0x9cc /home/leon/git/swp-report/iMX6_Platform_SDK/output/mx6sdl/lib/liblwip.a(mib2.o)
                0x0000000010049b90                snmp_scalar
                0x0000000010049ba4                snmp_ids
                0x0000000010049c14                snmp_nodes
                0x0000000010049c84                snmp
                0x0000000010049ca0                udpentry_ids
                0x0000000010049ca8                udpentry_nodes
                0x0000000010049cb0                udpentry
                0x0000000010049ccc                udp_scalar
                0x0000000010049ce0                udp_ids
                0x0000000010049cf4                udp_nodes
                0x0000000010049d08                udp
                0x0000000010049d24                tcpconnentry_ids
                0x0000000010049d38                tcpconnentry_nodes
                0x0000000010049d4c                tcpconnentry
                0x0000000010049d68                tcp_scalar
                0x0000000010049d7c                tcp_ids
                0x0000000010049db8                tcp_nodes
                0x0000000010049df4                tcp
                0x0000000010049e10                icmp_scalar
                0x0000000010049e24                icmp_ids
                0x0000000010049e8c                icmp_nodes
                0x0000000010049ef4                icmp
                0x0000000010049f10                ipntomentry_ids
                0x0000000010049f20                ipntomentry_nodes
                0x0000000010049f30                ipntomentry
                0x0000000010049f4c                iprteentry_ids
                0x0000000010049f80                iprteentry_nodes
                0x0000000010049fb4                iprteentry
                0x0000000010049fd0                ipaddrentry_ids
                0x0000000010049fe4                ipaddrentry_nodes
                0x0000000010049ff8                ipaddrentry
                0x000000001004a014                ip_scalar
                0x000000001004a028                ip_ids
                0x000000001004a084                ip_nodes
                0x000000001004a0e0                mib2_ip
                0x000000001004a0fc                atentry_ids
                0x000000001004a108                atentry_nodes
                0x000000001004a114                atentry
                0x000000001004a130                attable_id
                0x000000001004a134                attable_node
                0x000000001004a138                attable
                0x000000001004a154                ifentry_ids
                0x000000001004a1ac                ifentry_nodes
                0x000000001004a204                ifentry
                0x000000001004a220                interfaces_scalar
                0x000000001004a234                interfaces_ids
                0x000000001004a23c                interfaces_nodes
                0x000000001004a244                interfaces
                0x000000001004a260                sys_tem_scalar
                0x000000001004a274                sys_tem_ids
                0x000000001004a290                sys_tem_nodes
                0x000000001004a2ac                sys_tem
                0x000000001004a2c8                mib2_ids
                0x000000001004a2e8                mib2_nodes
                0x000000001004a308                mib2
                0x000000001004a324                mgmt_ids
                0x000000001004a328                mgmt_nodes
                0x000000001004a32c                mgmt
                0x000000001004a348                internet_ids
                0x000000001004a34c                internet_nodes
                0x000000001004a350                internet
 .rodata        0x000000001004a55c       0xe0 /home/leon/git/swp-report/iMX6_Platform_SDK/output/mx6sdl/lib/liblwip.a(mib_structs.o)
                0x000000001004a55c                prefix
 .rodata        0x000000001004a63c       0xf0 /home/leon/git/swp-report/iMX6_Platform_SDK/output/mx6sdl/lib/liblwip.a(msg_in.o)
                0x000000001004a63c                snmp_version
                0x000000001004a640                snmp_publiccommunity
 .rodata        0x000000001004a72c      0x324 /home/leon/git/swp-report/iMX6_Platform_SDK/output/mx6sdl/lib/liblwip.a(stats.o)
 .rodata        0x000000001004aa50      0x530 /home/leon/git/swp-report/iMX6_Platform_SDK/output/mx6sdl/lib/liblwip.a(tcp.o)
                0x000000001004aac8                tcp_state_str
                0x000000001004aaf4                tcp_backoff
                0x000000001004ab04                tcp_persist_backoff
                0x000000001004ab0c                tcp_pcb_lists
 .rodata        0x000000001004af80      0x340 /home/leon/git/swp-report/iMX6_Platform_SDK/output/mx6sdl/lib/liblwip.a(tcp_in.o)
 .rodata        0x000000001004b2c0      0x424 /home/leon/git/swp-report/iMX6_Platform_SDK/output/mx6sdl/lib/liblwip.a(tcp_out.o)
 .rodata        0x000000001004b6e4       0xb0 /home/leon/git/swp-report/iMX6_Platform_SDK/output/mx6sdl/lib/liblwip.a(timers.o)
 .rodata        0x000000001004b794       0xc0 /home/leon/git/swp-report/iMX6_Platform_SDK/output/mx6sdl/lib/liblwip.a(udp.o)
 .rodata        0x000000001004b854      0x2c4 /home/leon/git/swp-report/iMX6_Platform_SDK/output/mx6sdl/lib/liblwip.a(etharp.o)
                0x000000001004b854                ethbroadcast
                0x000000001004b85c                ethzero
 .rodata        0x000000001004bb18       0xa8 /home/leon/git/swp-report/iMX6_Platform_SDK/output/mx6sdl/lib/liblwip.a(mx6_ethernetif.o)
 .rodata        0x000000001004bbc0       0x84 /home/leon/git/swp-report/iMX6_Platform_SDK/output/mx6sdl/lib/liblwip.a(inet_chksum.o)
 .rodata        0x000000001004bc44      0x18c /home/leon/git/swp-report/iMX6_Platform_SDK/output/mx6sdl/lib/liblwip.a(icmp.o)
 .rodata.str1.4
                0x000000001004bdd0       0x3f /home/src/arm/target/bin/../arm-none-eabi/lib//libc.a(lib_a-assert.o)
                                         0x44 (size before relaxing)
 *fill*         0x000000001004be0f        0x1 
 .rodata        0x000000001004be10        0x4 /home/src/arm/target/bin/../arm-none-eabi/lib//libc.a(lib_a-impure.o)
                0x000000001004be10                _global_impure_ptr
 .rodata.str1.4
                0x000000001004be14        0x2 /home/src/arm/target/bin/../arm-none-eabi/lib//libc.a(lib_a-impure.o)
                                          0x4 (size before relaxing)
 *fill*         0x000000001004be16        0x2 
 .rodata.str1.4
                0x000000001004be18        0x4 /home/src/arm/target/bin/../arm-none-eabi/lib//libc.a(lib_a-syscalls.o)
 .rodata        0x000000001004be1c       0x20 /home/src/arm/target/bin/../arm-none-eabi/lib//libc.a(lib_a-vfiprintf.o)
 .rodata.str1.4
                0x000000001004be3c       0x2f /home/src/arm/target/bin/../arm-none-eabi/lib//libc.a(lib_a-vfiprintf.o)
                                         0x30 (size before relaxing)
 *fill*         0x000000001004be6b        0x1 
 .rodata        0x000000001004be6c       0x20 /home/src/arm/target/bin/../arm-none-eabi/lib//libc.a(lib_a-vfprintf.o)
 .rodata.str1.4
                0x000000001004be8c       0x12 /home/src/arm/target/bin/../arm-none-eabi/lib//libc.a(lib_a-vfprintf.o)
                                         0x44 (size before relaxing)
 *fill*         0x000000001004be9e        0x2 
 .rodata.str1.4
                0x000000001004bea0       0x10 /home/src/arm/target/bin/../arm-none-eabi/lib//libc.a(lib_a-dtoa.o)
                                         0x14 (size before relaxing)
 .rodata.str1.4
                0x000000001004beb0        0xc /home/src/arm/target/bin/../arm-none-eabi/lib//libc.a(lib_a-locale.o)
                                         0x14 (size before relaxing)
 *fill*         0x000000001004bebc        0x4 
 .rodata        0x000000001004bec0      0x128 /home/src/arm/target/bin/../arm-none-eabi/lib//libc.a(lib_a-mprec.o)
                0x000000001004bed0                __mprec_tens
                0x000000001004bf98                __mprec_tinytens
                0x000000001004bfc0                __mprec_bigtens
 .rodata        0x000000001004bfe8       0xe0 /home/leon/git/swp-report/iMX6_Platform_SDK/output/mx6sdl/lib/libsdk.a(gpio.o)
 .rodata        0x000000001004c0c8      0x380 /home/leon/git/swp-report/iMX6_Platform_SDK/output/mx6sdl/lib/libsdk.a(imx6sdl_gpio_map.o)
                0x000000001004c0c8                k_gpio_mux_registers
 .rodata        0x000000001004c448      0x2c4 /home/leon/git/swp-report/iMX6_Platform_SDK/output/mx6sdl/lib/libsdk.a(imx_i2c.o)
 .rodata        0x000000001004c70c       0x80 /home/leon/git/swp-report/iMX6_Platform_SDK/output/mx6sdl/lib/libboard_sabre_ai_rev_b.a(i2c_iomux_config.o)
                0x000000001004c78c                . = ALIGN (0x4)
 *(.init)
 .init          0x000000001004c78c        0xc /home/src/arm/target/bin/../lib/gcc/arm-none-eabi/4.8.2//crti.o
                0x000000001004c78c                _init
 .init          0x000000001004c798        0xc /home/src/arm/target/bin/../lib/gcc/arm-none-eabi/4.8.2//crtn.o
                0x000000001004c7a4                . = ALIGN (0x4)
                0x000000001004c7a4                __init_array_start = .
 *(SORT(.init_array.*))
 *(.init_array)
 .init_array    0x000000001004c7a4        0x4 /home/src/arm/target/bin/../lib/gcc/arm-none-eabi/4.8.2//crtbegin.o
                0x000000001004c7a8                __init_array_end = .
                0x000000001004c7a8                . = ALIGN (0x4)
 *(.fini)
 .fini          0x000000001004c7a8        0xc /home/src/arm/target/bin/../lib/gcc/arm-none-eabi/4.8.2//crti.o
                0x000000001004c7a8                _fini
 .fini          0x000000001004c7b4        0xc /home/src/arm/target/bin/../lib/gcc/arm-none-eabi/4.8.2//crtn.o
                0x000000001004c7c0                . = ALIGN (0x4)
                0x000000001004c7c0                __fini_array_start = .
 *(.fini_array)
 .fini_array    0x000000001004c7c0        0x4 /home/src/arm/target/bin/../lib/gcc/arm-none-eabi/4.8.2//crtbegin.o
 *(SORT(.fini_array.*))
                0x000000001004c7c4                __fini_array_end = .
                0x000000001004c7c4                PROVIDE (__exidx_start, .)

.eh_frame       0x000000001004c7c4        0x4
 .eh_frame      0x000000001004c7c4        0x0 /home/src/arm/target/bin/../lib/gcc/arm-none-eabi/4.8.2//crtbegin.o
 .eh_frame      0x000000001004c7c4        0x4 /home/src/arm/target/bin/../lib/gcc/arm-none-eabi/4.8.2//crtend.o

.ARM.exidx      0x000000001004c7c8        0x8
 *(.ARM.exidx* .gnu.linkonce.armexidx.*)
 .ARM.exidx.startup
                0x000000001004c7c8        0x8 /home/leon/git/swp-report/iMX6_Platform_SDK/output/mx6sdl/lib/libsdk.a(startup.o)
 .ARM.exidx     0x000000001004c7d0        0x0 /home/src/arm/target/bin/../lib/gcc/arm-none-eabi/4.8.2//libgcc.a(_divdi3.o)
                                          0x8 (size before relaxing)
 .ARM.exidx     0x000000001004c7d0        0x0 /home/src/arm/target/bin/../lib/gcc/arm-none-eabi/4.8.2//libgcc.a(_udivdi3.o)
                                          0x8 (size before relaxing)
                0x000000001004c7d0                PROVIDE (__exidx_end, .)

.rel.dyn        0x000000001004c7d0        0x0
 .rel.iplt      0x0000000000000000        0x0 /home/src/arm/target/bin/../lib/gcc/arm-none-eabi/4.8.2//crtbegin.o

.data           0x000000001004c7d0      0xbf8
 *(.data .data.* .gnu.linkonce.d.*)
 .data          0x000000001004c7d0        0x4 /home/src/arm/target/bin/../lib/gcc/arm-none-eabi/4.8.2//crtbegin.o
                0x000000001004c7d0                __dso_handle
 .data          0x000000001004c7d4        0x0 /home/src/arm/target/bin/../lib/gcc/arm-none-eabi/4.8.2//crti.o
 .data          0x000000001004c7d4        0x0 /home/src/arm/target/bin/../lib/gcc/arm-none-eabi/4.8.2//crtend.o
 .data          0x000000001004c7d4        0x0 /home/src/arm/target/bin/../lib/gcc/arm-none-eabi/4.8.2//crtn.o
 .data          0x000000001004c7d4        0x0 /home/leon/git/swp-report/iMX6_Platform_SDK/output/mx6sdl/httpd/sabre_ai_rev_b/obj/apps/common/ivt.o
 .data          0x000000001004c7d4        0x0 /home/leon/git/swp-report/iMX6_Platform_SDK/output/mx6sdl/httpd/sabre_ai_rev_b/obj/apps/common/platform_init.o
 .data          0x000000001004c7d4        0x0 /home/leon/git/swp-report/iMX6_Platform_SDK/output/mx6sdl/httpd/sabre_ai_rev_b/obj/apps/httpd/src/httpd_main.o
 .data          0x000000001004c7d4        0x0 /home/leon/git/swp-report/iMX6_Platform_SDK/output/mx6sdl/httpd/sabre_ai_rev_b/obj/lwip/contrib/apps/httpserver_raw/fs.o
 .data          0x000000001004c7d4        0x0 /home/leon/git/swp-report/iMX6_Platform_SDK/output/mx6sdl/httpd/sabre_ai_rev_b/obj/lwip/contrib/apps/httpserver_raw/httpd.o
 .data          0x000000001004c7d4        0x0 /home/leon/git/swp-report/iMX6_Platform_SDK/output/mx6sdl/lib/libsdk.a(ccm_pll.o)
 .data          0x000000001004c7d4        0x0 /home/leon/git/swp-report/iMX6_Platform_SDK/output/mx6sdl/lib/libsdk.a(cortexA9.o)
 .data          0x000000001004c7d4        0x0 /home/leon/git/swp-report/iMX6_Platform_SDK/output/mx6sdl/lib/libsdk.a(gic.o)
 .data          0x000000001004c7d4        0x0 /home/leon/git/swp-report/iMX6_Platform_SDK/output/mx6sdl/lib/libsdk.a(mmu.o)
 .data          0x000000001004c7d4        0x0 /home/leon/git/swp-report/iMX6_Platform_SDK/output/mx6sdl/lib/libsdk.a(startup.o)
 .data          0x000000001004c7d4        0x0 /home/leon/git/swp-report/iMX6_Platform_SDK/output/mx6sdl/lib/libsdk.a(vectors.o)
 .data          0x000000001004c7d4        0x0 /home/leon/git/swp-report/iMX6_Platform_SDK/output/mx6sdl/lib/libsdk.a(system_util.o)
 .data          0x000000001004c7d4        0x4 /home/leon/git/swp-report/iMX6_Platform_SDK/output/mx6sdl/lib/libsdk.a(text_color.o)
                0x000000001004c7d4                is_color_supported