Archive member included because of file (symbol)

/home/leon/git/swp-report/iMX6_Platform_SDK/output/mx6sdl/lib/libsdk.a(ccm_pll.o)
                              /home/leon/git/swp-report/iMX6_Platform_SDK/output/mx6sdl/httpd/sabre_ai_rev_b/obj/apps/common/platform_init.o (ccm_init)
/home/leon/git/swp-report/iMX6_Platform_SDK/output/mx6sdl/lib/libsdk.a(cortexA9.o)
                              /home/leon/git/swp-report/iMX6_Platform_SDK/output/mx6sdl/httpd/sabre_ai_rev_b/obj/apps/common/platform_init.o (arm_set_interrupt_state)
/home/leon/git/swp-report/iMX6_Platform_SDK/output/mx6sdl/lib/libsdk.a(gic.o)
                              /home/leon/git/swp-report/iMX6_Platform_SDK/output/mx6sdl/httpd/sabre_ai_rev_b/obj/apps/common/platform_init.o (gic_init)
/home/leon/git/swp-report/iMX6_Platform_SDK/output/mx6sdl/lib/libsdk.a(mmu.o)
                              /home/leon/git/swp-report/iMX6_Platform_SDK/output/mx6sdl/httpd/sabre_ai_rev_b/obj/apps/common/platform_init.o (mmu_init)
/home/leon/git/swp-report/iMX6_Platform_SDK/output/mx6sdl/lib/libsdk.a(startup.o)
                              (_start)
/home/leon/git/swp-report/iMX6_Platform_SDK/output/mx6sdl/lib/libsdk.a(vectors.o)
                              /home/leon/git/swp-report/iMX6_Platform_SDK/output/mx6sdl/lib/libsdk.a(startup.o) (vectors)
/home/leon/git/swp-report/iMX6_Platform_SDK/output/mx6sdl/lib/libsdk.a(system_util.o)
                              /home/leon/git/swp-report/iMX6_Platform_SDK/output/mx6sdl/lib/libsdk.a(startup.o) (_sys_exit)
/home/leon/git/swp-report/iMX6_Platform_SDK/output/mx6sdl/lib/libsdk.a(text_color.o)
                              /home/leon/git/swp-report/iMX6_Platform_SDK/output/mx6sdl/lib/libsdk.a(system_util.o) (g_TextAttributeBold)
/home/leon/git/swp-report/iMX6_Platform_SDK/output/mx6sdl/lib/libsdk.a(enet_drv.o)
                              /home/leon/git/swp-report/iMX6_Platform_SDK/output/mx6sdl/httpd/sabre_ai_rev_b/obj/apps/httpd/src/httpd_main.o (imx_enet_get_phy_status)
/home/leon/git/swp-report/iMX6_Platform_SDK/output/mx6sdl/lib/libsdk.a(timer.o)
                              /home/leon/git/swp-report/iMX6_Platform_SDK/output/mx6sdl/httpd/sabre_ai_rev_b/obj/apps/httpd/src/httpd_main.o (hal_delay_us)
/home/leon/git/swp-report/iMX6_Platform_SDK/output/mx6sdl/lib/libsdk.a(imx_uart.o)
                              /home/leon/git/swp-report/iMX6_Platform_SDK/output/mx6sdl/httpd/sabre_ai_rev_b/obj/apps/common/platform_init.o (uart_getchar)
/home/leon/git/swp-report/iMX6_Platform_SDK/output/mx6sdl/lib/libsdk.a(arm_abort.o)
                              /home/leon/git/swp-report/iMX6_Platform_SDK/output/mx6sdl/lib/libsdk.a(vectors.o) (data_abort_handler)
/home/leon/git/swp-report/iMX6_Platform_SDK/output/mx6sdl/lib/libsdk.a(interrupt.o)
                              /home/leon/git/swp-report/iMX6_Platform_SDK/output/mx6sdl/lib/libsdk.a(vectors.o) (IRQ_HDLR)
/home/leon/git/swp-report/iMX6_Platform_SDK/output/mx6sdl/lib/libsdk.a(epit.o)
                              /home/leon/git/swp-report/iMX6_Platform_SDK/output/mx6sdl/lib/libsdk.a(timer.o) (epit_get_compare_event)
/home/leon/git/swp-report/iMX6_Platform_SDK/output/mx6sdl/lib/libsdk.a(abort_handler.o)
                              /home/leon/git/swp-report/iMX6_Platform_SDK/output/mx6sdl/lib/libsdk.a(arm_abort.o) (dump_regs)
/home/leon/git/swp-report/iMX6_Platform_SDK/output/mx6sdl/lib/libboard_sabre_ai_rev_b.a(board_io_expanders.o)
                              /home/leon/git/swp-report/iMX6_Platform_SDK/output/mx6sdl/httpd/sabre_ai_rev_b/obj/apps/common/platform_init.o (board_ioexpander_init)
/home/leon/git/swp-report/iMX6_Platform_SDK/output/mx6sdl/lib/libboard_sabre_ai_rev_b.a(hardware_modules.o)
                              /home/leon/git/swp-report/iMX6_Platform_SDK/output/mx6sdl/httpd/sabre_ai_rev_b/obj/apps/common/platform_init.o (g_debug_uart_port)
/home/leon/git/swp-report/iMX6_Platform_SDK/output/mx6sdl/lib/libboard_sabre_ai_rev_b.a(dcd.o)
                              /home/leon/git/swp-report/iMX6_Platform_SDK/output/mx6sdl/httpd/sabre_ai_rev_b/obj/apps/common/ivt.o (input_dcd_hdr)
/home/leon/git/swp-report/iMX6_Platform_SDK/output/mx6sdl/lib/libboard_sabre_ai_rev_b.a(i2c3_iomux_config.o)
                              /home/leon/git/swp-report/iMX6_Platform_SDK/output/mx6sdl/lib/libboard_sabre_ai_rev_b.a(board_io_expanders.o) (i2c3_iomux_config)
/home/leon/git/swp-report/iMX6_Platform_SDK/output/mx6sdl/lib/libboard_sabre_ai_rev_b.a(uart_iomux_config.o)
                              /home/leon/git/swp-report/iMX6_Platform_SDK/output/mx6sdl/lib/libsdk.a(imx_uart.o) (uart_iomux_config)
/home/leon/git/swp-report/iMX6_Platform_SDK/output/mx6sdl/lib/libboard_sabre_ai_rev_b.a(iomux_config.o)
                              /home/leon/git/swp-report/iMX6_Platform_SDK/output/mx6sdl/lib/libboard_sabre_ai_rev_b.a(uart_iomux_config.o) (uart1_iomux_config)
/home/leon/git/swp-report/iMX6_Platform_SDK/output/mx6sdl/lib/libboard_sabre_ai_rev_b.a(ipu1_iomux_config.o)
[...]
Memory Configuration

Name             Origin             Length             Attributes
OCRAM            0x00900000         0x00020000         xrw
DDR              0x10000000         0x80000000         xrw
*default*        0x00000000         0xffffffff

Linker script and memory map

LOAD /home/leon/riotboard/arm-2012.09/bin/../lib/gcc/arm-none-eabi/4.7.2//crtbegin.o
LOAD /home/leon/riotboard/arm-2012.09/bin/../lib/gcc/arm-none-eabi/4.7.2//crti.o
LOAD /home/leon/riotboard/arm-2012.09/bin/../lib/gcc/arm-none-eabi/4.7.2//crtend.o
LOAD /home/leon/riotboard/arm-2012.09/bin/../lib/gcc/arm-none-eabi/4.7.2//crtn.o

.l1_page_table  0x00900000     0x4000
                0x00900000                __l1_page_table_start = .
                0x00904000                . = (. + 0x4000)
 *fill*         0x00900000     0x4000 

.heap.ocram     0x00904000    0x1bfb8
                0x00904000                __heap_ocram_start = .
                0x0091ffb8                . = (. + 0x1bfb8)
 *fill*         0x00904000    0x1bfb8 
                0x0091ffb8                __heap_ocram_end = .

.ram_vectors    0x0091ffb8       0x48
                0x0091ffb8                __ram_vectors_start = .
                0x00920000                . = (. + 0x48)
 *fill*         0x0091ffb8       0x48 
                0x00920000                __ram_vectors_end = .
                0x10000000                _start_image_add = ORIGIN (DDR)

.ivt            0x10000000      0x420
                0x10000400                . = (. + 0x400)
 *fill*         0x10000000      0x400 
 *(.ivt)
 .ivt           0x10000400       0x20 /home/leon/git/swp-report/iMX6_Platform_SDK/output/mx6sdl/httpd/sabre_ai_rev_b/obj/apps/common/ivt.o
                0x10000400                input_ivt

.boot_data      0x10000420        0xc
                0x10000420                __start_boot_data = .
 *(.boot_data)
 .boot_data     0x10000420        0xc /home/leon/git/swp-report/iMX6_Platform_SDK/output/mx6sdl/httpd/sabre_ai_rev_b/obj/apps/common/ivt.o
                0x10000420                bd

.dcd_hdr        0x10000430        0x4
                0x10000430                __start_dcd = .
 *(.dcd_hdr)
 .dcd_hdr       0x10000430        0x4 /home/leon/git/swp-report/iMX6_Platform_SDK/output/mx6sdl/lib/libboard_sabre_ai_rev_b.a(dcd.o)
                0x10000430                input_dcd_hdr

.dcd_wrt_cmd    0x10000434        0x4
 *(.dcd_wrt_cmd)
 .dcd_wrt_cmd   0x10000434        0x4 /home/leon/git/swp-report/iMX6_Platform_SDK/output/mx6sdl/lib/libboard_sabre_ai_rev_b.a(dcd.o)
                0x10000434                input_dcd_wrt_cmd

.dcd_data       0x10000438      0x298
 *(.dcd_data)
 .dcd_data      0x10000438      0x298 /home/leon/git/swp-report/iMX6_Platform_SDK/output/mx6sdl/lib/libboard_sabre_ai_rev_b.a(dcd.o)
                0x10000438                input_dcd

.text           0x100006d0    0x4676c
 CREATE_OBJECT_SYMBOLS
 *(.startup)
 .startup       0x100006d0      0x138 /home/leon/git/swp-report/iMX6_Platform_SDK/output/mx6sdl/lib/libsdk.a(startup.o)
                0x100006d0                _start
 *(.text .text.* .gnu.linkonce.t.*)
 .text          0x10000808      0x128 /home/leon/riotboard/arm-2012.09/bin/../lib/gcc/arm-none-eabi/4.7.2//crtbegin.o
 .text          0x10000930        0x0 /home/leon/riotboard/arm-2012.09/bin/../lib/gcc/arm-none-eabi/4.7.2//crti.o
 .text          0x10000930        0x0 /home/leon/riotboard/arm-2012.09/bin/../lib/gcc/arm-none-eabi/4.7.2//crtend.o
 .text          0x10000930        0x0 /home/leon/riotboard/arm-2012.09/bin/../lib/gcc/arm-none-eabi/4.7.2//crtn.o
 .text          0x10000930        0x0 /home/leon/git/swp-report/iMX6_Platform_SDK/output/mx6sdl/httpd/sabre_ai_rev_b/obj/apps/common/ivt.o
 .text          0x10000930       0x98 /home/leon/git/swp-report/iMX6_Platform_SDK/output/mx6sdl/httpd/sabre_ai_rev_b/obj/apps/common/platform_init.o
                0x10000930                platform_init
 .text          0x100009c8      0x25c /home/leon/git/swp-report/iMX6_Platform_SDK/output/mx6sdl/httpd/sabre_ai_rev_b/obj/apps/httpd/src/httpd_main.o
                0x100009c8                netif_status_callback
                0x10000a54                netif_link_status_callback
                0x10000ac0                init_lwip
                0x10000c00                main
 .text          0x10000c24      0x138 /home/leon/git/swp-report/iMX6_Platform_SDK/output/mx6sdl/httpd/sabre_ai_rev_b/obj/lwip/contrib/apps/httpserver_raw/fs.o
                0x10000c24                fs_open
                0x10000d0c                fs_close
                0x10000d28                fs_bytes_left
 .text          0x10000d5c     0x17a0 /home/leon/git/swp-report/iMX6_Platform_SDK/output/mx6sdl/httpd/sabre_ai_rev_b/obj/lwip/contrib/apps/httpserver_raw/httpd.o
                0x10002430                httpd_init
                0x1000244c                http_set_cgi_handlers
 .text          0x100024fc      0xc64 /home/leon/git/swp-report/iMX6_Platform_SDK/output/mx6sdl/lib/libsdk.a(ccm_pll.o)
                0x100024fc                ccm_init
                0x10002620                get_main_clock
                0x100028b0                get_peri_clock
                0x10002a60                ccm_ccgr_config
                0x10002ac8                clock_gating_config
                0x10002f00                ccm_set_lpm_wakeup_source
                0x10002ff4                ccm_enter_low_power
                0x10003064                ipu_hsp_clk_config
                0x10003084                gpu_clock_config
 .text          0x10003160      0x164 /home/leon/git/swp-report/iMX6_Platform_SDK/output/mx6sdl/lib/libsdk.a(cortexA9.o)
                0x10003160                arm_set_interrupt_state
                0x10003184                cpu_get_current
                0x10003190                enable_neon_fpu
                0x100031ac                disable_strict_align_check
                0x100031c0                disable_L1_cache
                0x100031e0                get_arm_private_peripheral_base
                0x100031e8                arm_unified_tlb_invalidate
                0x100031f8                arm_unified_tlb_invalidate_is
                0x10003208                arm_branch_prediction_enable
                0x10003218                arm_branch_prediction_disable
                0x10003228                arm_branch_target_cache_invalidate
                0x10003234                arm_branch_target_cache_invalidate_is
                0x10003240                scu_enable
                0x10003254                scu_join_smp
                0x10003264                scu_leave_smp
                0x10003274                scu_get_cpus_in_smp
                0x10003288                scu_enable_maintenance_broadcast
                0x10003298                scu_disable_maintenance_broadcast
                0x100032a8                scu_secure_invalidate
 .text          0x100032c4      0x5e0 /home/leon/git/swp-report/iMX6_Platform_SDK/output/mx6sdl/lib/libsdk.a(gic.o)
                0x100033a8                gic_enable
                0x10003408                gic_set_irq_security
                0x100034b0                gic_enable_irq
                0x1000352c                gic_set_irq_priority
                0x10003574                gic_set_cpu_target
                0x10003680                gic_send_sgi
                0x100036d4                gic_cpu_enable
                0x10003734                gic_set_cpu_priority_mask
                0x10003768                gic_read_irq_ack
                0x10003794                gic_write_end_of_irq
                0x100037c4                gic_init
                0x10003868                gic_init_cpu
 .text          0x100038a4      0x460 /home/leon/git/swp-report/iMX6_Platform_SDK/output/mx6sdl/lib/libsdk.a(mmu.o)
                0x100038a4                mmu_enable
                0x100038dc                mmu_disable
                0x10003910                mmu_init
                0x10003a2c                mmu_map_l1_range
                0x10003c44                mmu_virtual_to_physical
 .text          0x10003d04        0x0 /home/leon/git/swp-report/iMX6_Platform_SDK/output/mx6sdl/lib/libsdk.a(startup.o)
 .text          0x10003d04        0x4 /home/leon/git/swp-report/iMX6_Platform_SDK/output/mx6sdl/lib/libsdk.a(vectors.o)
                0x10003d04                exception_handler
 .text.vectors  0x10003d08       0x48 /home/leon/git/swp-report/iMX6_Platform_SDK/output/mx6sdl/lib/libsdk.a(vectors.o)
                0x10003d08                vectors
 .text          0x10003d50      0x914 /home/leon/git/swp-report/iMX6_Platform_SDK/output/mx6sdl/lib/libsdk.a(system_util.o)
                0x10003d50                _sys_exit
                0x10003d6c                mybkpt
                0x10003d74                is_input_char
                0x10003ef4                read_input_string
                0x100041dc                get_input_hex
                0x1000445c                read_int
                0x100045c0                jump_to_sdp
 .text          0x10004664       0xe0 /home/leon/git/swp-report/iMX6_Platform_SDK/output/mx6sdl/lib/libsdk.a(text_color.o)
                0x10004664                printf_color
                0x10004700                get_color_supported
 .text          0x10004744     0x17e0 /home/leon/git/swp-report/iMX6_Platform_SDK/output/mx6sdl/lib/libsdk.a(enet_drv.o)
                0x10004744                imx_enet_mii_read
                0x10004854                imx_enet_mii_write
                0x10004d28                enet_phy_rework_ar8031
                0x10004e9c                enet_phy_rework_ksz9021
                0x10004f90                imx_enet_phy_init
                0x10005210                imx_enet_get_phy_status
                0x10005538                imx_enet_phy_enable_external_loopback
                0x10005654                imx_enet_poll
                0x1000574c                imx_enet_send
                0x10005864                imx_enet_recv
                0x10005a40                imx_enet_init
                0x10005b94                imx_enet_start
                0x10005c28                imx_enet_stop
                0x10005c6c                imx_enet_isolate_phy
                0x10005d10                imx_enet_unisolate_phy
                0x10005dd8                imx_enet_mii_type
 .text          0x10005f24      0x290 /home/leon/git/swp-report/iMX6_Platform_SDK/output/mx6sdl/lib/libsdk.a(timer.o)
                0x10005f24                hal_delay_us
                0x10005f94                system_time_init
                0x100060f4                time_get_microseconds
 .text          0x100061b4     0x2820 /home/leon/git/swp-report/iMX6_Platform_SDK/output/mx6sdl/lib/libsdk.a(imx_uart.o)
                0x100061b4                uart_get_reffreq
                0x100062b0                uart_putchar
                0x10006400                uart_getchar
                0x10006560                uart_set_FIFO_mode
                0x1000708c                uart_set_loopback_mode
                0x100072e0                uart_setup_interrupt
                0x100073ac                uart_init
 .text          0x100089d4       0x98 /home/leon/git/swp-report/iMX6_Platform_SDK/output/mx6sdl/lib/libsdk.a(arm_abort.o)
                0x100089d4                common_abort_handler
                0x10008a34                data_abort_handler
                0x10008a4c                prefetch_abort_handler
 .text          0x10008a6c      0x1bc /home/leon/git/swp-report/iMX6_Platform_SDK/output/mx6sdl/lib/libsdk.a(interrupt.o)
                0x10008a6c                IRQ_HDLR
                0x10008b34                disable_interrupt
                0x10008b70                enable_interrupt
                0x10008bc8                register_interrupt_routine
                0x10008bfc                default_interrupt_routine
 .text          0x10008c28      0x8e0 /home/leon/git/swp-report/iMX6_Platform_SDK/output/mx6sdl/lib/libsdk.a(epit.o)
                0x10008c28                epit_reload_counter
                0x10008c88                epit_get_counter_value
                0x10008ce4                epit_set_compare_event
                0x10008d44                epit_get_compare_event
                0x10008e3c                epit_counter_disable
                0x10009000                epit_counter_enable
                0x1000925c                epit_setup_interrupt
                0x100092ec                epit_init
 .text          0x10009508      0x4bc /home/leon/git/swp-report/iMX6_Platform_SDK/output/mx6sdl/lib/libsdk.a(abort_handler.o)
                0x10009508                dump_regs
 .text          0x100099c4      0x12c /home/leon/git/swp-report/iMX6_Platform_SDK/output/mx6sdl/lib/libboard_sabre_ai_rev_b.a(board_io_expanders.o)
                0x100099c4                board_ioexpander_init
                0x10009abc                board_ioexpander_iomux_config
 .text          0x10009af0        0x0 /home/leon/git/swp-report/iMX6_Platform_SDK/output/mx6sdl/lib/libboard_sabre_ai_rev_b.a(hardware_modules.o)
 .text          0x10009af0        0x0 /home/leon/git/swp-report/iMX6_Platform_SDK/output/mx6sdl/lib/libboard_sabre_ai_rev_b.a(dcd.o)
 .text          0x10009af0       0x78 /home/leon/git/swp-report/iMX6_Platform_SDK/output/mx6sdl/lib/libboard_sabre_ai_rev_b.a(i2c3_iomux_config.o)
                0x10009af0                i2c3_iomux_config
 .text          0x10009b68       0x90 /home/leon/git/swp-report/iMX6_Platform_SDK/output/mx6sdl/lib/libboard_sabre_ai_rev_b.a(uart_iomux_config.o)
                0x10009b68                uart_iomux_config
 .text          0x10009bf8      0x2c4 /home/leon/git/swp-report/iMX6_Platform_SDK/output/mx6sdl/lib/libboard_sabre_ai_rev_b.a(iomux_config.o)
                0x10009bf8                iomux_config
                0x10009c7c                arm_iomux_config
                0x10009c8c                asrc_iomux_config
                0x10009c9c                dcic1_iomux_config
                0x10009cac                dcic2_iomux_config
                0x10009cbc                ecspi2_iomux_config
                0x10009ccc                ecspi3_iomux_config
                0x10009cdc                ecspi4_iomux_config
                0x10009cec                epdc_iomux_config
                0x10009cfc                epit1_iomux_config
                0x10009d0c                epit2_iomux_config
                0x10009d1c                gpio3_iomux_config
                0x10009d2c                gpio7_iomux_config
                0x10009d3c                gpt_iomux_config
                0x10009d4c                hdmi_iomux_config
                0x10009d5c                i2c1_iomux_config
                0x10009d6c                i2c4_iomux_config
                0x10009d7c                kpp_iomux_config
                0x10009d8c                lcd_iomux_config
                0x10009d9c                ldb_iomux_config
                0x10009dac                mipi_csi_iomux_config
                0x10009dbc                mipi_dsi_iomux_config
                0x10009dcc                mipi_hsi_iomux_config
                0x10009ddc                pcie_iomux_config
                0x10009dec                pmu_iomux_config
                0x10009dfc                pwm1_iomux_config
                0x10009e0c                pwm2_iomux_config
                0x10009e1c                sdma_iomux_config
                0x10009e2c                snvs_iomux_config
                0x10009e3c                src_iomux_config
                0x10009e4c                uart1_iomux_config
                0x10009e5c                uart5_iomux_config
                0x10009e6c                usb_iomux_config
                0x10009e7c                usdhc2_iomux_config
                0x10009e8c                usdhc4_iomux_config
                0x10009e9c                wdog2_iomux_config
                0x10009eac                xtalosc_iomux_config
 .text          0x10009ebc      0x5f8 /home/leon/git/swp-report/iMX6_Platform_SDK/output/mx6sdl/lib/libboard_sabre_ai_rev_b.a(ipu1_iomux_config.o)
                0x10009ebc                ipu1_iomux_config
 .text          0x1000a4b4       0xac /home/leon/git/swp-report/iMX6_Platform_SDK/output/mx6sdl/lib/libboard_sabre_ai_rev_b.a(mlb_iomux_config.o)
                0x1000a4b4                mlb_iomux_config
 .text          0x1000a560     0x2484 /home/leon/git/swp-report/iMX6_Platform_SDK/output/mx6sdl/lib/libboard_sabre_ai_rev_b.a(mmdc_iomux_config.o)
                0x1000a560                mmdc_iomux_config
 .text          0x1000c9e4       0x34 /home/leon/git/swp-report/iMX6_Platform_SDK/output/mx6sdl/lib/libboard_sabre_ai_rev_b.a(pwm3_iomux_config.o)
                0x1000c9e4                pwm3_iomux_config
 .text          0x1000ca18       0x34 /home/leon/git/swp-report/iMX6_Platform_SDK/output/mx6sdl/lib/libboard_sabre_ai_rev_b.a(pwm4_iomux_config.o)
                0x1000ca18                pwm4_iomux_config
 .text          0x1000ca4c       0x70 /home/leon/git/swp-report/iMX6_Platform_SDK/output/mx6sdl/lib/libboard_sabre_ai_rev_b.a(sjc_iomux_config.o)
                0x1000ca4c                sjc_iomux_config
 .text          0x1000cabc       0x40 /home/leon/git/swp-report/iMX6_Platform_SDK/output/mx6sdl/lib/libboard_sabre_ai_rev_b.a(spdif_iomux_config.o)
                0x1000cabc                spdif_iomux_config
 .text          0x1000cafc       0xe0 /home/leon/git/swp-report/iMX6_Platform_SDK/output/mx6sdl/lib/libboard_sabre_ai_rev_b.a(uart2_iomux_config.o)
                0x1000cafc                uart2_iomux_config
 .text          0x1000cbdc       0xe0 /home/leon/git/swp-report/iMX6_Platform_SDK/output/mx6sdl/lib/libboard_sabre_ai_rev_b.a(uart3_iomux_config.o)
                0x1000cbdc                uart3_iomux_config
 .text          0x1000ccbc       0x78 /home/leon/git/swp-report/iMX6_Platform_SDK/output/mx6sdl/lib/libboard_sabre_ai_rev_b.a(uart4_iomux_config.o)
                0x1000ccbc                uart4_iomux_config
 .text          0x1000cd34      0x1ac /home/leon/git/swp-report/iMX6_Platform_SDK/output/mx6sdl/lib/libboard_sabre_ai_rev_b.a(usdhc1_iomux_config.o)
                0x1000cd34                usdhc1_iomux_config
 .text          0x1000cee0      0x1d0 /home/leon/git/swp-report/iMX6_Platform_SDK/output/mx6sdl/lib/libboard_sabre_ai_rev_b.a(usdhc3_iomux_config.o)
                0x1000cee0                usdhc3_iomux_config
 .text          0x1000d0b0       0x34 /home/leon/git/swp-report/iMX6_Platform_SDK/output/mx6sdl/lib/libboard_sabre_ai_rev_b.a(wdog1_iomux_config.o)
                0x1000d0b0                wdog1_iomux_config
 .text          0x1000d0e4      0x13c /home/leon/git/swp-report/iMX6_Platform_SDK/output/mx6sdl/lib/libboard_sabre_ai_rev_b.a(audmux_iomux_config.o)
                0x1000d0e4                audmux_iomux_config
 .text          0x1000d220       0x34 /home/leon/git/swp-report/iMX6_Platform_SDK/output/mx6sdl/lib/libboard_sabre_ai_rev_b.a(ccm_iomux_config.o)
                0x1000d220                ccm_iomux_config
 .text          0x1000d254      0x104 /home/leon/git/swp-report/iMX6_Platform_SDK/output/mx6sdl/lib/libboard_sabre_ai_rev_b.a(ecspi1_iomux_config.o)
                0x1000d254                ecspi1_iomux_config
 .text          0x1000d358      0x5d0 /home/leon/git/swp-report/iMX6_Platform_SDK/output/mx6sdl/lib/libboard_sabre_ai_rev_b.a(eim_iomux_config.o)
                0x1000d358                eim_iomux_config
 .text          0x1000d928      0x3bc /home/leon/git/swp-report/iMX6_Platform_SDK/output/mx6sdl/lib/libboard_sabre_ai_rev_b.a(enet_iomux_config.o)
                0x1000d928                enet_iomux_config
 .text          0x1000dce4      0x218 /home/leon/git/swp-report/iMX6_Platform_SDK/output/mx6sdl/lib/libboard_sabre_ai_rev_b.a(esai_iomux_config.o)
                0x1000dce4                esai_iomux_config
 .text          0x1000defc       0x68 /home/leon/git/swp-report/iMX6_Platform_SDK/output/mx6sdl/lib/libboard_sabre_ai_rev_b.a(flexcan1_iomux_config.o)
                0x1000defc                flexcan1_iomux_config
 .text          0x1000df64       0x68 /home/leon/git/swp-report/iMX6_Platform_SDK/output/mx6sdl/lib/libboard_sabre_ai_rev_b.a(flexcan2_iomux_config.o)
                0x1000df64                flexcan2_iomux_config
 .text          0x1000dfcc      0x130 /home/leon/git/swp-report/iMX6_Platform_SDK/output/mx6sdl/lib/libboard_sabre_ai_rev_b.a(gpio1_iomux_config.o)
                0x1000dfcc                gpio1_iomux_config
 .text          0x1000e0fc       0xfc /home/leon/git/swp-report/iMX6_Platform_SDK/output/mx6sdl/lib/libboard_sabre_ai_rev_b.a(gpio2_iomux_config.o)
                0x1000e0fc                gpio2_iomux_config
 .text          0x1000e1f8       0x58 /home/leon/git/swp-report/iMX6_Platform_SDK/output/mx6sdl/lib/libboard_sabre_ai_rev_b.a(gpio4_iomux_config.o)
                0x1000e1f8                gpio4_iomux_config
 .text          0x1000e250       0xe4 /home/leon/git/swp-report/iMX6_Platform_SDK/output/mx6sdl/lib/libboard_sabre_ai_rev_b.a(gpio5_iomux_config.o)
                0x1000e250                gpio5_iomux_config
 .text          0x1000e334       0x54 /home/leon/git/swp-report/iMX6_Platform_SDK/output/mx6sdl/lib/libboard_sabre_ai_rev_b.a(gpio6_iomux_config.o)
                0x1000e334                gpio6_iomux_config
 .text          0x1000e388      0x274 /home/leon/git/swp-report/iMX6_Platform_SDK/output/mx6sdl/lib/libboard_sabre_ai_rev_b.a(gpmi_iomux_config.o)
                0x1000e388                gpmi_iomux_config
 .text          0x1000e5fc       0x78 /home/leon/git/swp-report/iMX6_Platform_SDK/output/mx6sdl/lib/libboard_sabre_ai_rev_b.a(i2c2_iomux_config.o)
                0x1000e5fc                i2c2_iomux_config
 .text          0x1000e674     0x3aa8 /home/leon/git/swp-report/iMX6_Platform_SDK/output/mx6sdl/lib/liblwip.a(dhcp.o)
                0x1000eaa0                dhcp_coarse_tmr
                0x1000eb80                dhcp_fine_tmr
                0x1000f0f4                dhcp_set_struct
                0x1000f1dc                dhcp_cleanup
                0x1000f25c                dhcp_start
                0x1000f520                dhcp_inform
                0x1000f6f4                dhcp_network_changed
                0x1000f7d4                dhcp_arp_reply
                0x1000ff44                dhcp_renew
                0x1001045c                dhcp_release
                0x10010678                dhcp_stop
 .text          0x1001211c     0x10d0 /home/leon/git/swp-report/iMX6_Platform_SDK/output/mx6sdl/lib/liblwip.a(dns.o)
                0x1001211c                dns_init
                0x100121f4                dns_setserver
                0x10012278                dns_getserver
                0x100122c8                dns_tmr
                0x1001310c                dns_gethostbyname
 .text          0x100131ec       0x30 /home/leon/git/swp-report/iMX6_Platform_SDK/output/mx6sdl/lib/liblwip.a(init.o)
                0x100131ec                lwip_init
 .text          0x1001321c      0xcc0 /home/leon/git/swp-report/iMX6_Platform_SDK/output/mx6sdl/lib/liblwip.a(autoip.o)
                0x1001321c                autoip_set_struct
                0x100136d8                autoip_start
                0x10013964                autoip_network_changed
                0x100139b4                autoip_stop
                0x100139f4                autoip_tmr
                0x10013d3c                autoip_arp_reply
 .text          0x10013edc     0x11b0 /home/leon/git/swp-report/iMX6_Platform_SDK/output/mx6sdl/lib/liblwip.a(igmp.o)
                0x10013edc                igmp_init
                0x10013f14                igmp_dump_group_list
                0x10013f58                igmp_start
                0x10013ff8                igmp_stop
                0x100140f4                igmp_report_groups
                0x1001415c                igmp_lookfor_group
                0x100143b8                igmp_input
                0x100147c4                igmp_joingroup
                0x100149c8                igmp_leavegroup
                0x10014bb4                igmp_tmr
 .text          0x1001508c     0x11e4 /home/leon/git/swp-report/iMX6_Platform_SDK/output/mx6sdl/lib/liblwip.a(ip4.o)
                0x1001508c                ip_route
                0x10015180                ip_input
                0x1001591c                ip_output_if
                0x10015988                ip_output_if_opt
                0x100160a0                ip_output
                0x10016178                ip_output_hinted
 .text          0x10016270      0x7dc /home/leon/git/swp-report/iMX6_Platform_SDK/output/mx6sdl/lib/liblwip.a(ip4_addr.o)
                0x10016270                ip4_addr_isbroadcast
                0x1001634c                ip4_addr_netmask_valid
                0x100163f4                ipaddr_addr
                0x1001643c                ipaddr_aton
                0x10016808                ipaddr_ntoa
                0x10016840                ipaddr_ntoa_r
 .text          0x10016a4c        0x0 /home/leon/git/swp-report/iMX6_Platform_SDK/output/mx6sdl/lib/liblwip.a(memp.o)
 .text          0x10016a4c      0xdd8 /home/leon/git/swp-report/iMX6_Platform_SDK/output/mx6sdl/lib/liblwip.a(netif.o)
                0x10016a4c                netif_init
                0x10016a5c                netif_add
                0x10016c20                netif_set_addr
                0x10016c6c                netif_remove
                0x10016d9c                netif_find
                0x10016e64                netif_set_ipaddr
                0x10016ff8                netif_set_gw
                0x1001703c                netif_set_netmask
                0x10017098                netif_set_default
                0x100170ec                netif_set_up
                0x100171cc                netif_set_down
                0x10017260                netif_set_status_callback
                0x10017298                netif_set_link_up
                0x1001738c                netif_set_link_down
                0x100173f4                netif_set_link_callback
                0x1001742c                netif_loop_output
                0x10017628                netif_poll
                0x100177d8                netif_poll_all
 .text          0x10017824     0x1b34 /home/leon/git/swp-report/iMX6_Platform_SDK/output/mx6sdl/lib/liblwip.a(pbuf.o)
                0x10017824                pbuf_free_ooseq
                0x100178c8                pbuf_alloc
                0x10017e80                pbuf_realloc
                0x100180f8                pbuf_header
                0x10018318                pbuf_free
                0x100184f4                pbuf_clen
                0x10018548                pbuf_ref
                0x10018588                pbuf_cat
                0x100186e0                pbuf_chain
                0x10018714                pbuf_dechain
                0x10018854                pbuf_copy
                0x10018b7c                pbuf_copy_partial
                0x10018d48                pbuf_take
                0x10018f44                pbuf_coalesce
                0x10019010                pbuf_get_at
                0x100190c8                pbuf_memcmp
                0x100191f4                pbuf_memfind
                0x100192b8                pbuf_strstr
 .text          0x10019358      0x5e4 /home/leon/git/swp-report/iMX6_Platform_SDK/output/mx6sdl/lib/liblwip.a(raw.o)
                0x10019358                raw_input
                0x100194d4                raw_bind
                0x10019524                raw_connect
                0x10019574                raw_recv
                0x100195b0                raw_sendto
                0x100197a8                raw_send
                0x100197e8                raw_remove
                0x100198a4                raw_new
 .text          0x1001993c     0x5eb4 /home/leon/git/swp-report/iMX6_Platform_SDK/output/mx6sdl/lib/liblwip.a(mib2.o)
                0x100199b0                objectidncpy
                0x10019a24                snmp_set_sysdesr
                0x10019a70                snmp_get_sysobjid_ptr
                0x10019a9c                snmp_set_sysobjid
                0x10019adc                snmp_inc_sysuptime
                0x10019b08                snmp_add_sysuptime
                0x10019b44                snmp_get_sysuptime
                0x10019b98                snmp_set_syscontact
                0x10019be4                snmp_set_sysname
                0x10019c30                snmp_set_syslocation
                0x10019c7c                snmp_add_ifinoctets
                0x10019cb4                snmp_inc_ifinucastpkts
                0x10019ce4                snmp_inc_ifinnucastpkts
                0x10019d14                snmp_inc_ifindiscards
                0x10019d44                snmp_add_ifoutoctets
                0x10019d7c                snmp_inc_ifoutucastpkts
                0x10019dac                snmp_inc_ifoutnucastpkts
                0x10019ddc                snmp_inc_ifoutdiscards
                0x10019e0c                snmp_inc_iflist
                0x10019e64                snmp_dec_iflist
                0x10019eb4                snmp_insert_arpidx_tree
                0x1001a0d4                snmp_delete_arpidx_tree
                0x1001a384                snmp_inc_ipinreceives
                0x1001a3b0                snmp_inc_ipinhdrerrors
                0x1001a3dc                snmp_inc_ipinaddrerrors
                0x1001a408                snmp_inc_ipforwdatagrams
                0x1001a434                snmp_inc_ipinunknownprotos
                0x1001a460                snmp_inc_ipindiscards
                0x1001a48c                snmp_inc_ipindelivers
                0x1001a4b8                snmp_inc_ipoutrequests
                0x1001a4e4                snmp_inc_ipoutdiscards
                0x1001a510                snmp_inc_ipoutnoroutes
                0x1001a53c                snmp_inc_ipreasmreqds
                0x1001a568                snmp_inc_ipreasmoks
                0x1001a594                snmp_inc_ipreasmfails
                0x1001a5c0                snmp_inc_ipfragoks
                0x1001a5ec                snmp_inc_ipfragfails
                0x1001a618                snmp_inc_ipfragcreates
                0x1001a644                snmp_inc_iproutingdiscards
                0x1001a670                snmp_insert_ipaddridx_tree
                0x1001a800                snmp_delete_ipaddridx_tree
                0x1001aa74                snmp_insert_iprteidx_tree
                0x1001ac30                snmp_delete_iprteidx_tree
                0x1001aed0                snmp_inc_icmpinmsgs
                0x1001aefc                snmp_inc_icmpinerrors
                0x1001af28                snmp_inc_icmpindestunreachs
                0x1001af54                snmp_inc_icmpintimeexcds
                0x1001af80                snmp_inc_icmpinparmprobs
                0x1001afac                snmp_inc_icmpinsrcquenchs
                0x1001afd8                snmp_inc_icmpinredirects
                0x1001b004                snmp_inc_icmpinechos
                0x1001b030                snmp_inc_icmpinechoreps
                0x1001b05c                snmp_inc_icmpintimestamps
                0x1001b088                snmp_inc_icmpintimestampreps
                0x1001b0b4                snmp_inc_icmpinaddrmasks
                0x1001b0e0                snmp_inc_icmpinaddrmaskreps
                0x1001b10c                snmp_inc_icmpoutmsgs
                0x1001b138                snmp_inc_icmpouterrors
                0x1001b164                snmp_inc_icmpoutdestunreachs
                0x1001b190                snmp_inc_icmpouttimeexcds
                0x1001b1bc                snmp_inc_icmpoutparmprobs
                0x1001b1e8                snmp_inc_icmpoutsrcquenchs
                0x1001b214                snmp_inc_icmpoutredirects
                0x1001b240                snmp_inc_icmpoutechos
                0x1001b26c                snmp_inc_icmpoutechoreps
                0x1001b298                snmp_inc_icmpouttimestamps
                0x1001b2c4                snmp_inc_icmpouttimestampreps
                0x1001b2f0                snmp_inc_icmpoutaddrmasks
                0x1001b31c                snmp_inc_icmpoutaddrmaskreps
                0x1001b348                snmp_inc_tcpactiveopens
                0x1001b374                snmp_inc_tcppassiveopens
                0x1001b3a0                snmp_inc_tcpattemptfails
                0x1001b3cc                snmp_inc_tcpestabresets
                0x1001b3f8                snmp_inc_tcpinsegs
                0x1001b424                snmp_inc_tcpoutsegs
                0x1001b450                snmp_inc_tcpretranssegs
                0x1001b47c                snmp_inc_tcpinerrs
                0x1001b4a8                snmp_inc_tcpoutrsts
                0x1001b4d4                snmp_inc_udpindatagrams
                0x1001b500                snmp_inc_udpnoports
                0x1001b52c                snmp_inc_udpinerrors
                0x1001b558                snmp_inc_udpoutdatagrams
                0x1001b584                snmp_insert_udpidx_tree
                0x1001b71c                snmp_delete_udpidx_tree
                0x1001ba14                snmp_inc_snmpinpkts
                0x1001ba40                snmp_inc_snmpoutpkts
                0x1001ba6c                snmp_inc_snmpinbadversions
                0x1001ba98                snmp_inc_snmpinbadcommunitynames
                0x1001bac4                snmp_inc_snmpinbadcommunityuses
                0x1001baf0                snmp_inc_snmpinasnparseerrs
                0x1001bb1c                snmp_inc_snmpintoobigs
                0x1001bb48                snmp_inc_snmpinnosuchnames
                0x1001bb74                snmp_inc_snmpinbadvalues
                0x1001bba0                snmp_inc_snmpinreadonlys
                0x1001bbcc                snmp_inc_snmpingenerrs
                0x1001bbf8                snmp_add_snmpintotalreqvars
                0x1001bc38                snmp_add_snmpintotalsetvars
                0x1001bc78                snmp_inc_snmpingetrequests
                0x1001bca4                snmp_inc_snmpingetnexts
                0x1001bcd0                snmp_inc_snmpinsetrequests
                0x1001bcfc                snmp_inc_snmpingetresponses
                0x1001bd28                snmp_inc_snmpintraps
                0x1001bd54                snmp_inc_snmpouttoobigs
                0x1001bd80                snmp_inc_snmpoutnosuchnames
                0x1001bdac                snmp_inc_snmpoutbadvalues
                0x1001bdd8                snmp_inc_snmpoutgenerrs
                0x1001be04                snmp_inc_snmpoutgetrequests
                0x1001be30                snmp_inc_snmpoutgetnexts
                0x1001be5c                snmp_inc_snmpoutsetrequests
                0x1001be88                snmp_inc_snmpoutgetresponses
                0x1001beb4                snmp_inc_snmpouttraps
                0x1001bee0                snmp_get_snmpgrpid_ptr
                0x1001bf0c                snmp_set_snmpenableauthentraps
                0x1001bf44                snmp_get_snmpenableauthentraps
                0x1001bf78                noleafs_get_object_def
                0x1001bfac                noleafs_get_value
                0x1001bfd4                noleafs_set_test
                0x1001c004                noleafs_set_value
 .text          0x1001f7f0     0x1e68 /home/leon/git/swp-report/iMX6_Platform_SDK/output/mx6sdl/lib/liblwip.a(mib_structs.o)
                0x1001f944                snmp_ifindextonetif
                0x1001f9cc                snmp_netiftoifindex
                0x1001fa4c                snmp_oidtoip
                0x1001fac8                snmp_iptooid
                0x1001fb44                snmp_mib_ln_alloc
                0x1001fbbc                snmp_mib_ln_free
                0x1001fbe0                snmp_mib_lrn_alloc
                0x1001fca0                snmp_mib_lrn_free
                0x1001fcc4                snmp_mib_node_insert
                0x1001ff9c                snmp_mib_node_find
                0x100200d0                snmp_mib_node_delete
                0x10020274                snmp_search_tree
                0x10020760                snmp_expand_tree
                0x10021498                snmp_iso_prefix_tst
                0x10021524                snmp_iso_prefix_expand
 .text          0x10021658     0x3030 /home/leon/git/swp-report/iMX6_Platform_SDK/output/mx6sdl/lib/liblwip.a(msg_in.o)
                0x10021658                snmp_init
                0x10022e50                snmp_msg_event
                0x10024264                snmp_varbind_alloc
                0x10024498                snmp_varbind_free
                0x100244fc                snmp_varbind_list_free
                0x10024574                snmp_varbind_tail_add
                0x10024604                snmp_varbind_tail_remove
 .text          0x10024688     0x1bcc /home/leon/git/swp-report/iMX6_Platform_SDK/output/mx6sdl/lib/liblwip.a(msg_out.o)
                0x10024688                snmp_trap_dst_enable
                0x100246e0                snmp_trap_dst_ip_set
                0x1002473c                snmp_send_response
                0x10024950                snmp_send_trap
                0x10024b98                snmp_coldstart_trap
                0x10024be8                snmp_authfail_trap
 .text          0x10026254      0x6c8 /home/leon/git/swp-report/iMX6_Platform_SDK/output/mx6sdl/lib/liblwip.a(stats.o)
                0x10026254                stats_init
                0x1002631c                stats_display_proto
                0x1002646c                stats_display_igmp
                0x100265ec                stats_display_mem
                0x1002667c                stats_display_memp
                0x10026700                stats_display_sys
                0x10026800                stats_display
 .text          0x1002691c     0x2ee0 /home/leon/git/swp-report/iMX6_Platform_SDK/output/mx6sdl/lib/liblwip.a(tcp.o)
                0x1002691c                tcp_init
                0x1002692c                tcp_tmr
                0x10026e14                tcp_close
                0x10026e6c                tcp_shutdown
                0x10026f74                tcp_abandon
                0x10027138                tcp_abort
                0x10027160                tcp_bind
                0x100273b8                tcp_listen_with_backlog
                0x100276b4                tcp_update_rcv_ann_wnd
                0x100277e0                tcp_recved
                0x10027a1c                tcp_connect
                0x10027e98                tcp_slowtmr
                0x10028880                tcp_fasttmr
                0x100289ac                tcp_process_refused_data
                0x10028b18                tcp_segs_free
                0x10028b60                tcp_seg_free
                0x10028bb0                tcp_setprio
                0x10028be0                tcp_seg_copy
                0x10028c50                tcp_recv_null
                0x10028e70                tcp_alloc
                0x100290c4                tcp_new
                0x100290e4                tcp_arg
                0x10029110                tcp_recv
                0x10029178                tcp_sent
                0x100291e0                tcp_err
                0x10029248                tcp_accept
                0x10029274                tcp_poll
                0x100292f0                tcp_pcb_purge
                0x100294f8                tcp_pcb_remove
                0x100296fc                tcp_next_iss
                0x10029744                tcp_eff_send_mss_impl
                0x100297c8                tcp_debug_state_str
 .text          0x100297fc     0x4af8 /home/leon/git/swp-report/iMX6_Platform_SDK/output/mx6sdl/lib/liblwip.a(tcp_in.o)
                0x100297fc                tcp_input
 .text          0x1002e2f4     0x2e6c /home/leon/git/swp-report/iMX6_Platform_SDK/output/mx6sdl/lib/liblwip.a(tcp_out.o)
                0x1002e5b4                tcp_send_fin
                0x1002ecb0                tcp_write
                0x1002f7d4                tcp_enqueue_flags
                0x1002fc38                tcp_send_empty_ack
                0x1002fd68                tcp_output
                0x100307ac                tcp_rst_impl
                0x10030a84                tcp_rexmit_rto
                0x10030b3c                tcp_rexmit
                0x10030ca0                tcp_rexmit_fast
                0x10030db4                tcp_keepalive
                0x10030ecc                tcp_zero_window_probe
 .text          0x10031160      0x724 /home/leon/git/swp-report/iMX6_Platform_SDK/output/mx6sdl/lib/liblwip.a(timers.o)
                0x100311d0                tcp_timer_needed
                0x10031378                sys_timeouts_init
                0x10031414                sys_timeout
                0x10031628                sys_untimeout
                0x1003173c                sys_check_timeouts
                0x10031860                sys_restart_timeouts
 .text          0x10031884     0x1294 /home/leon/git/swp-report/iMX6_Platform_SDK/output/mx6sdl/lib/liblwip.a(udp.o)
                0x10031884                udp_init
                0x10031984                udp_input
                0x1003219c                udp_send
                0x100321e0                udp_sendto
                0x10032294                udp_sendto_if
                0x1003265c                udp_bind
                0x10032840                udp_connect
                0x1003296c                udp_disconnect
                0x100329b8                udp_recv
                0x100329f4                udp_remove
                0x10032ab8                udp_new
 .text          0x10032b18     0x2750 /home/leon/git/swp-report/iMX6_Platform_SDK/output/mx6sdl/lib/liblwip.a(etharp.o)
                0x10032ef4                etharp_tmr
                0x100339cc                etharp_cleanup_netif
                0x10033a8c                etharp_find_addr
                0x1003428c                etharp_output
                0x100346f0                etharp_query
                0x10034c90                etharp_raw
                0x10034f80                etharp_request
                0x10034ff8                ethernet_input
 .text          0x10035268      0x600 /home/leon/git/swp-report/iMX6_Platform_SDK/output/mx6sdl/lib/liblwip.a(mx6_ethernetif.o)
                0x10035268                enet_set_mac
                0x10035298                init_enet
                0x100356d8                enet_poll_for_packet
                0x10035724                enet_init
 .text          0x10035868      0x188 /home/leon/git/swp-report/iMX6_Platform_SDK/output/mx6sdl/lib/liblwip.a(mx6_lwip.o)
                0x10035868                mx6_init_lwip
                0x10035894                check_and_update_ms_timer
                0x1003590c                mx6_run_lwip
 .text          0x100359f0       0x40 /home/leon/git/swp-report/iMX6_Platform_SDK/output/mx6sdl/lib/liblwip.a(sys_arch.o)
                0x100359f0                sys_now
 .text          0x10035a30      0x100 /home/leon/git/swp-report/iMX6_Platform_SDK/output/mx6sdl/lib/liblwip.a(def.o)
                0x10035a30                lwip_htons
                0x10035a7c                lwip_ntohs
                0x10035ab0                lwip_htonl
                0x10035b04                lwip_ntohl
 .text          0x10035b30      0x864 /home/leon/git/swp-report/iMX6_Platform_SDK/output/mx6sdl/lib/liblwip.a(inet_chksum.o)
                0x10035b30                lwip_standard_chksum
                0x10035e3c                inet_chksum_pseudo
                0x10036140                inet_chksum_pseudo_partial
                0x1003622c                inet_chksum
                0x10036270                inet_chksum_pbuf
 .text          0x10036394      0x8a8 /home/leon/git/swp-report/iMX6_Platform_SDK/output/mx6sdl/lib/liblwip.a(icmp.o)
                0x10036394                icmp_input
                0x10036a24                icmp_dest_unreach
 .text          0x10036c3c      0xfa0 /home/leon/git/swp-report/iMX6_Platform_SDK/output/mx6sdl/lib/liblwip.a(asn1_dec.o)
                0x10036c3c                snmp_asn1_dec_type
                0x10036cfc                snmp_asn1_dec_length
                0x100370c4                snmp_asn1_dec_u32t
                0x10037328                snmp_asn1_dec_s32t
                0x100375a0                snmp_asn1_dec_oid
                0x10037a4c                snmp_asn1_dec_raw
 .text          0x10037bdc      0xdb0 /home/leon/git/swp-report/iMX6_Platform_SDK/output/mx6sdl/lib/liblwip.a(asn1_enc.o)
                0x10037bdc                snmp_asn1_enc_length_cnt
                0x10037c44                snmp_asn1_enc_u32t_cnt
                0x10037cec                snmp_asn1_enc_s32t_cnt
                0x10037d90                snmp_asn1_enc_oid_cnt
                0x10037e74                snmp_asn1_enc_type
                0x10037f30                snmp_asn1_enc_length
                0x10038160                snmp_asn1_enc_u32t
                0x10038354                snmp_asn1_enc_s32t
                0x100384b8                snmp_asn1_enc_oid
                0x1003881c                snmp_asn1_enc_raw
 .text          0x1003898c       0x14 /home/leon/riotboard/arm-2012.09/bin/../arm-none-eabi/lib//libc.a(lib_a-abort.o)
                0x1003898c                abort
 .text          0x100389a0       0x68 /home/leon/riotboard/arm-2012.09/bin/../arm-none-eabi/lib//libc.a(lib_a-assert.o)
                0x100389a0                __assert_func
                0x100389f8                __assert
 .text          0x10038a08       0x20 /home/leon/riotboard/arm-2012.09/bin/../arm-none-eabi/lib//libc.a(lib_a-bzero.o)
                0x10038a08                bzero
 .text          0x10038a28      0x26c /home/leon/riotboard/arm-2012.09/bin/../arm-none-eabi/lib//libc.a(lib_a-fflush.o)
                0x10038a28                _fflush_r
                0x10038c54                fflush
 .text          0x10038c94      0x2c4 /home/leon/riotboard/arm-2012.09/bin/../arm-none-eabi/lib//libc.a(lib_a-findfp.o)
                0x10038ca4                _cleanup_r
                0x10038d38                __sfmoreglue
                0x10038d80                _cleanup
                0x10038d90                __sinit
                0x10038e08                __sfp
                0x10038f00                __sfp_lock_acquire
                0x10038f04                __sfp_lock_release
                0x10038f08                __sinit_lock_acquire
                0x10038f0c                __sinit_lock_release
                0x10038f10                __fp_lock_all
                0x10038f34                __fp_unlock_all
 .text          0x10038f58       0x70 /home/leon/riotboard/arm-2012.09/bin/../arm-none-eabi/lib//libc.a(lib_a-fiprintf.o)
                0x10038f58                _fiprintf_r
                0x10038f88                fiprintf
 .text          0x10038fc8       0x94 /home/leon/riotboard/arm-2012.09/bin/../arm-none-eabi/lib//libc.a(lib_a-fputc.o)
                0x10038fc8                _fputc_r
                0x1003900c                fputc
 .text          0x1003905c      0x368 /home/leon/riotboard/arm-2012.09/bin/../arm-none-eabi/lib//libc.a(lib_a-freer.o)
                0x1003905c                _malloc_trim_r
                0x10039158                _free_r
 .text          0x100393c4      0x114 /home/leon/riotboard/arm-2012.09/bin/../arm-none-eabi/lib//libc.a(lib_a-fwalk.o)
                0x100393c4                _fwalk
                0x1003944c                _fwalk_reent
 .text          0x100394d8        0x0 /home/leon/riotboard/arm-2012.09/bin/../arm-none-eabi/lib//libc.a(lib_a-impure.o)
 .text          0x100394d8       0x88 /home/leon/riotboard/arm-2012.09/bin/../arm-none-eabi/lib//libc.a(lib_a-init.o)
                0x100394d8                __libc_init_array
 .text          0x10039560       0x40 /home/leon/riotboard/arm-2012.09/bin/../arm-none-eabi/lib//libc.a(lib_a-malloc.o)
                0x10039560                malloc
                0x10039580                free
 .text          0x100395a0      0x71c /home/leon/riotboard/arm-2012.09/bin/../arm-none-eabi/lib//libc.a(lib_a-mallocr.o)
                0x100395a0                _malloc_r
 .text          0x10039cbc       0xb4 /home/leon/riotboard/arm-2012.09/bin/../arm-none-eabi/lib//libc.a(lib_a-memcmp.o)
                0x10039cbc                memcmp
 .text          0x10039d70      0x20c /home/leon/riotboard/arm-2012.09/bin/../arm-none-eabi/lib//libc.a(lib_a-memcpy.o)
                0x10039d70                memcpy
 .text          0x10039f7c      0x134 /home/leon/riotboard/arm-2012.09/bin/../arm-none-eabi/lib//libc.a(lib_a-memset.o)
                0x10039f7c                memset
 .text          0x1003a0b0        0x8 /home/leon/riotboard/arm-2012.09/bin/../arm-none-eabi/lib//libc.a(lib_a-mlock.o)
                0x1003a0b0                __malloc_lock
                0x1003a0b4                __malloc_unlock
 .text          0x1003a0b8       0x74 /home/leon/riotboard/arm-2012.09/bin/../arm-none-eabi/lib//libc.a(lib_a-printf.o)
                0x1003a0b8                _printf_r
                0x1003a0ec                printf
 .text          0x1003a12c      0x170 /home/leon/riotboard/arm-2012.09/bin/../arm-none-eabi/lib//libc.a(lib_a-putc.o)
                0x1003a12c                _putc_r
                0x1003a1dc                putc
 .text          0x1003a29c       0x78 /home/leon/riotboard/arm-2012.09/bin/../arm-none-eabi/lib//libc.a(lib_a-rand.o)
                0x1003a29c                srand
                0x1003a2b8                rand
 .text          0x1003a314       0x28 /home/leon/riotboard/arm-2012.09/bin/../arm-none-eabi/lib//libc.a(lib_a-realloc.o)
                0x1003a314                realloc
 .text          0x1003a33c      0x574 /home/leon/riotboard/arm-2012.09/bin/../arm-none-eabi/lib//libc.a(lib_a-reallocr.o)
                0x1003a33c                _realloc_r
 .text          0x1003a8b0       0x6c /home/leon/riotboard/arm-2012.09/bin/../arm-none-eabi/lib//libc.a(lib_a-rget.o)
                0x1003a8b0                __srget_r
                0x1003a908                __srget
 .text          0x1003a91c       0x40 /home/leon/riotboard/arm-2012.09/bin/../arm-none-eabi/lib//libc.a(lib_a-sbrkr.o)
                0x1003a91c                _sbrk_r
 .text          0x1003a95c      0x24c /home/leon/riotboard/arm-2012.09/bin/../arm-none-eabi/lib//libc.a(lib_a-signal.o)
                0x1003a95c                _init_signal_r
                0x1003a9bc                _signal_r
                0x1003aa28                _raise_r
                0x1003aac0                __sigtramp_r
                0x1003ab54                raise
                0x1003ab68                signal
                0x1003ab84                _init_signal
                0x1003ab94                __sigtramp
 .text          0x1003aba8       0x50 /home/leon/riotboard/arm-2012.09/bin/../arm-none-eabi/lib//libc.a(lib_a-signalr.o)
                0x1003aba8                _kill_r
                0x1003abe8                _getpid_r
 .text          0x1003abf8       0xdc /home/leon/riotboard/arm-2012.09/bin/../arm-none-eabi/lib//libc.a(lib_a-stdio.o)
                0x1003abf8                __sread
                0x1003ac2c                __seofread
                0x1003ac34                __swrite
                0x1003ac8c                __sseek
                0x1003acc0                __sclose
 .text          0x1003acd4      0x1dc /home/leon/riotboard/arm-2012.09/bin/../arm-none-eabi/lib//libc.a(lib_a-strchr.o)
                0x1003acd4                strchr
 .text          0x1003aeb0      0x230 /home/leon/riotboard/arm-2012.09/bin/../arm-none-eabi/lib//libc.a(lib_a-strcmp.o)
                0x1003aeb0                strcmp
 .text          0x1003b0e0       0x60 /home/leon/riotboard/arm-2012.09/bin/../arm-none-eabi/lib//libc.a(lib_a-strlen.o)
                0x1003b0e0                strlen
 .text          0x1003b140      0x140 /home/leon/riotboard/arm-2012.09/bin/../arm-none-eabi/lib//libc.a(lib_a-strncmp.o)
                0x1003b140                strncmp
 .text          0x1003b280     0x12c4 /home/leon/riotboard/arm-2012.09/bin/../arm-none-eabi/lib//libc.a(lib_a-vfiprintf.o)
                0x1003b280                __sprint_r
                0x1003b33c                _vfiprintf_r
                0x1003c518                vfiprintf
 .text          0x1003c544     0x2180 /home/leon/riotboard/arm-2012.09/bin/../arm-none-eabi/lib//libc.a(lib_a-vfprintf.o)
                0x1003c544                _vfprintf_r
                0x1003e698                vfprintf
 .text          0x1003e6c4       0x4c /home/leon/riotboard/arm-2012.09/bin/../arm-none-eabi/lib//libc.a(lib_a-vprintf.o)
                0x1003e6c4                vprintf
                0x1003e6f0                _vprintf_r
 .text          0x1003e710      0x14c /home/leon/riotboard/arm-2012.09/bin/../arm-none-eabi/lib//libc.a(lib_a-wbuf.o)
                0x1003e710                __swbuf_r
                0x1003e840                __swbuf
 .text          0x1003e85c       0x44 /home/leon/riotboard/arm-2012.09/bin/../arm-none-eabi/lib//libc.a(lib_a-writer.o)
                0x1003e85c                _write_r
 .text          0x1003e8a0      0x138 /home/leon/riotboard/arm-2012.09/bin/../arm-none-eabi/lib//libc.a(lib_a-wsetup.o)
                0x1003e8a0                __swsetup_r
 .text          0x1003e9d8       0x3c /home/leon/riotboard/arm-2012.09/bin/../arm-none-eabi/lib//libc.a(lib_a-closer.o)
                0x1003e9d8                _close_r
 *fill*         0x1003ea14        0x4 
 .text          0x1003ea18     0x18a8 /home/leon/riotboard/arm-2012.09/bin/../arm-none-eabi/lib//libc.a(lib_a-dtoa.o)
                0x1003ebf8                _dtoa_r
 .text          0x100402c0      0x10c /home/leon/riotboard/arm-2012.09/bin/../arm-none-eabi/lib//libc.a(lib_a-fclose.o)
                0x100402c0                _fclose_r
                0x100403b8                fclose
 .text          0x100403cc      0x19c /home/leon/riotboard/arm-2012.09/bin/../arm-none-eabi/lib//libc.a(lib_a-fputwc.o)
                0x100403cc                _fputwc_r
                0x1004051c                fputwc
 .text          0x10040568      0x4c4 /home/leon/riotboard/arm-2012.09/bin/../arm-none-eabi/lib//libc.a(lib_a-fvwrite.o)
                0x10040568                __sfvwrite_r
 .text          0x10040a2c       0xd0 /home/leon/riotboard/arm-2012.09/bin/../arm-none-eabi/lib//libc.a(lib_a-locale.o)
                0x10040a2c                _setlocale_r
                0x10040a98                __locale_charset
                0x10040aa4                __locale_mb_cur_max
                0x10040ab4                __locale_msgcharset
                0x10040ac0                __locale_cjk_lang
                0x10040ac8                _localeconv_r
                0x10040ad4                setlocale
                0x10040af0                localeconv
 .text          0x10040afc       0x44 /home/leon/riotboard/arm-2012.09/bin/../arm-none-eabi/lib//libc.a(lib_a-lseekr.o)
                0x10040afc                _lseek_r
 .text          0x10040b40      0x15c /home/leon/riotboard/arm-2012.09/bin/../arm-none-eabi/lib//libc.a(lib_a-makebuf.o)
                0x10040b40                __smakebuf_r
 .text          0x10040c9c      0x11c /home/leon/riotboard/arm-2012.09/bin/../arm-none-eabi/lib//libc.a(lib_a-memchr.o)
                0x10040c9c                memchr
 .text          0x10040db8      0x134 /home/leon/riotboard/arm-2012.09/bin/../arm-none-eabi/lib//libc.a(lib_a-memmove.o)
                0x10040db8                memmove
 .text          0x10040eec      0xd20 /home/leon/riotboard/arm-2012.09/bin/../arm-none-eabi/lib//libc.a(lib_a-mprec.o)
                0x10040eec                _Balloc
                0x10040f78                _Bfree
                0x10040f94                __multadd
                0x10041070                __s2b
                0x10041160                __hi0bits
                0x100411b0                __lo0bits
                0x10041244                __i2b
                0x10041268                __multiply
                0x1004144c                __pow5mult
                0x10041540                __lshift
                0x10041644                __mcmp
                0x100416a8                __mdiff
                0x100417f4                __ulp
                0x10041858                __b2d
                0x10041924                __d2b
                0x10041a2c                __ratio
                0x10041abc                _mprec_log10
                0x10041b10                __copybits
                0x10041b84                __any_on
 .text          0x10041c0c       0x44 /home/leon/riotboard/arm-2012.09/bin/../arm-none-eabi/lib//libc.a(lib_a-readr.o)
                0x10041c0c                _read_r
 .text          0x10041c50      0x19c /home/leon/riotboard/arm-2012.09/bin/../arm-none-eabi/lib//libc.a(lib_a-reent.o)
                0x10041c50                cleanup_glue
                0x10041c7c                _reclaim_reent
                0x10041d78                _wrapup_reent
 .text          0x10041dec      0x1cc /home/leon/riotboard/arm-2012.09/bin/../arm-none-eabi/lib//libc.a(lib_a-refill.o)
                0x10041e14                __srefill_r
 .text          0x10041fb8       0x6c /home/leon/riotboard/arm-2012.09/bin/../arm-none-eabi/lib//libc.a(lib_a-s_fpclassify.o)
                0x10041fb8                __fpclassifyd
 .text          0x10042024      0x134 /home/leon/riotboard/arm-2012.09/bin/../arm-none-eabi/lib//libc.a(lib_a-wcrtomb.o)
                0x10042024                _wcrtomb_r
                0x100420b4                wcrtomb
 .text          0x10042158       0x7c /home/leon/riotboard/arm-2012.09/bin/../arm-none-eabi/lib//libc.a(lib_a-wctomb_r.o)
                0x10042158                __ascii_wctomb
                0x10042184                _wctomb_r
 .text          0x100421d4       0x94 /home/leon/riotboard/arm-2012.09/bin/../arm-none-eabi/lib//libc.a(lib_a-callocr.o)
                0x100421d4                _calloc_r
 .text          0x10042268       0x40 /home/leon/riotboard/arm-2012.09/bin/../arm-none-eabi/lib//libc.a(lib_a-fstatr.o)
                0x10042268                _fstat_r
 .text          0x100422a8       0x3c /home/leon/riotboard/arm-2012.09/bin/../arm-none-eabi/lib//libc.a(lib_a-isattyr.o)
                0x100422a8                _isatty_r
 .text          0x100422e4      0x114 /home/leon/riotboard/arm-2012.09/bin/../lib/gcc/arm-none-eabi/4.7.2//libgcc.a(_udivsi3.o)
                0x100422e4                __udivsi3
                0x100422e4                __aeabi_uidiv
                0x100423d8                __aeabi_uidivmod
 .text          0x100423f8      0x148 /home/leon/riotboard/arm-2012.09/bin/../lib/gcc/arm-none-eabi/4.7.2//libgcc.a(_divsi3.o)
                0x100423f8                __aeabi_idiv
                0x100423f8                __divsi3
                0x10042520                __aeabi_idivmod
 .text          0x10042540        0x4 /home/leon/riotboard/arm-2012.09/bin/../lib/gcc/arm-none-eabi/4.7.2//libgcc.a(_dvmd_tls.o)
                0x10042540                __aeabi_ldiv0
                0x10042540                __aeabi_idiv0
 .text          0x10042544      0x41c /home/leon/riotboard/arm-2012.09/bin/../lib/gcc/arm-none-eabi/4.7.2//libgcc.a(_arm_addsubdf3.o)
                0x10042544                __aeabi_drsub
                0x1004254c                __aeabi_dsub
                0x1004254c                __subdf3
                0x10042550                __adddf3
                0x10042550                __aeabi_dadd
                0x10042860                __aeabi_ui2d
                0x10042860                __floatunsidf
                0x10042884                __floatsidf
                0x10042884                __aeabi_i2d
                0x100428ac                __extendsfdf2
                0x100428ac                __aeabi_f2d
                0x100428ec                __aeabi_ul2d
                0x100428ec                __floatundidf
                0x10042900                __floatdidf
                0x10042900                __aeabi_l2d
 .text          0x10042960      0x49c /home/leon/riotboard/arm-2012.09/bin/../lib/gcc/arm-none-eabi/4.7.2//libgcc.a(_arm_muldivdf3.o)
                0x10042960                __aeabi_dmul
                0x10042960                __muldf3
                0x10042bf0                __aeabi_ddiv
                0x10042bf0                __divdf3
 .text          0x10042dfc      0x144 /home/leon/riotboard/arm-2012.09/bin/../lib/gcc/arm-none-eabi/4.7.2//libgcc.a(_arm_cmpdf2.o)
                0x10042dfc                __gtdf2
                0x10042dfc                __gedf2
                0x10042e04                __ltdf2
                0x10042e04                __ledf2
                0x10042e0c                __cmpdf2
                0x10042e0c                __eqdf2
                0x10042e0c                __nedf2
                0x10042e94                __aeabi_cdrcmple
                0x10042eb0                __aeabi_cdcmple
                0x10042eb0                __aeabi_cdcmpeq
                0x10042ec8                __aeabi_dcmpeq
                0x10042ee0                __aeabi_dcmplt
                0x10042ef8                __aeabi_dcmple
                0x10042f10                __aeabi_dcmpge
                0x10042f28                __aeabi_dcmpgt
 .text          0x10042f40       0x5c /home/leon/riotboard/arm-2012.09/bin/../lib/gcc/arm-none-eabi/4.7.2//libgcc.a(_arm_fixdfsi.o)
                0x10042f40                __fixdfsi
                0x10042f40                __aeabi_d2iz
 .text          0x10042f9c       0x3c /home/leon/riotboard/arm-2012.09/bin/../lib/gcc/arm-none-eabi/4.7.2//libgcc.a(_aeabi_uldivmod.o)
                0x10042f9c                __aeabi_uldivmod
 .text          0x10042fd8       0x84 /home/leon/riotboard/arm-2012.09/bin/../lib/gcc/arm-none-eabi/4.7.2//libgcc.a(bpabi.o)
                0x10042fd8                __gnu_ldivmod_helper
                0x1004301c                __gnu_uldivmod_helper
 .text          0x1004305c      0x4f0 /home/leon/riotboard/arm-2012.09/bin/../lib/gcc/arm-none-eabi/4.7.2//libgcc.a(_divdi3.o)
                0x1004305c                __divdi3
 .text          0x1004354c      0x488 /home/leon/riotboard/arm-2012.09/bin/../lib/gcc/arm-none-eabi/4.7.2//libgcc.a(_udivdi3.o)
                0x1004354c                __udivdi3
 .text          0x100439d4       0x48 /home/leon/riotboard/arm-2012.09/bin/../lib/gcc/arm-none-eabi/4.7.2//libgcc.a(_clzsi2.o)
                0x100439d4                __clzsi2
 .text          0x10043a1c      0x264 /home/leon/git/swp-report/iMX6_Platform_SDK/output/mx6sdl/lib/libsdk.a(max7310.o)
                0x10043a1c                max7310_reg_read
                0x10043a80                max7310_reg_write
                0x10043aec                max7310_init
                0x10043bcc                max7310_set_gpio_output
 .text          0x10043c80      0x610 /home/leon/git/swp-report/iMX6_Platform_SDK/output/mx6sdl/lib/libsdk.a(runtime_support.o)
                0x10043c80                _execve
                0x10043cbc                _fork
                0x10043ce4                _isatty
                0x10043d08                _open
                0x10043d34                _close
                0x10043d58                _lseek
                0x10043d84                _fstat
                0x10043db8                _read
                0x10043e88                _write
                0x10043f74                _raw_puts
                0x10043ff4                _sbrk
                0x100440a4                _exit
                0x100440c4                _kill
                0x100440fc                _getpid
                0x10044114                _link
                0x1004414c                _unlink
                0x10044180                _stat
                0x100441b4                _times
                0x100441d8                _gettimeofday
                0x1004425c                _wait
 .text          0x10044290     0x1308 /home/leon/git/swp-report/iMX6_Platform_SDK/output/mx6sdl/lib/libsdk.a(gpio.o)
                0x100442c0                gpio_get_port_count
                0x100442d8                gpio_set_gpio
                0x1004439c                gpio_set_direction
                0x100445f8                gpio_get_direction
                0x10044740                gpio_set_level
                0x10044a80                gpio_get_level
                0x10044be0                gpio_set_interrupt_config
                0x10044fe4                gpio_set_interrupt_mask
                0x10045228                gpio_get_interrupt_status
                0x10045384                gpio_clear_interrupt
 .text          0x10045598        0x0 /home/leon/git/swp-report/iMX6_Platform_SDK/output/mx6sdl/lib/libsdk.a(imx6sdl_gpio_map.o)
 .text          0x10045598     0x1798 /home/leon/git/swp-report/iMX6_Platform_SDK/output/mx6sdl/lib/libsdk.a(imx_i2c.o)
                0x100455c8                i2c_get_request_instance
                0x10046040                i2c_xfer
                0x1004675c                i2c_read
                0x1004678c                i2c_write
                0x100467bc                i2c_setup_interrupt
                0x10046a28                i2c_init
 .text          0x10046d30       0x88 /home/leon/git/swp-report/iMX6_Platform_SDK/output/mx6sdl/lib/libboard_sabre_ai_rev_b.a(board_network.o)
                0x10046d30                imx_ar8031_iomux
                0x10046d44                imx_KSZ9021RN_reset
                0x10046d54                imx_ar8031_reset
                0x10046d64                imx_enet_iomux
                0x10046da4                imx_enet_phy_reset
 .text          0x10046db8       0x84 /home/leon/git/swp-report/iMX6_Platform_SDK/output/mx6sdl/lib/libboard_sabre_ai_rev_b.a(i2c_iomux_config.o)
                0x10046db8                i2c_iomux_config
 *(.glue_7t)
 .glue_7t       0x00000000        0x0 linker stubs
 *(.glue_7)
 .glue_7        0x00000000        0x0 linker stubs
 *(.vfp11_veneer)
 .vfp11_veneer  0x00000000        0x0 linker stubs
 *(.ARM.extab* .gnu.linkonce.armextab.*)
 .ARM.extab.startup
                0x10046e3c        0x0 /home/leon/git/swp-report/iMX6_Platform_SDK/output/mx6sdl/lib/libsdk.a(startup.o)
 .ARM.extab     0x10046e3c        0x0 /home/leon/riotboard/arm-2012.09/bin/../lib/gcc/arm-none-eabi/4.7.2//libgcc.a(_divdi3.o)
 .ARM.extab     0x10046e3c        0x0 /home/leon/riotboard/arm-2012.09/bin/../lib/gcc/arm-none-eabi/4.7.2//libgcc.a(_udivdi3.o)
 *(.gcc_except_table)

.v4_bx          0x10046e3c        0x0
 .v4_bx         0x00000000        0x0 linker stubs

.iplt           0x10046e3c        0x0
 .iplt          0x00000000        0x0 /home/leon/riotboard/arm-2012.09/bin/../lib/gcc/arm-none-eabi/4.7.2//crtbegin.o

.ctors
 *crtbegin.o(.ctors)
 *crtbegin?.o(.ctors)
 *(EXCLUDE_FILE(*crtend?.o *crtend.o) .ctors)
 *(SORT(.ctors.*))
 *(.ctors)

.dtors
 *crtbegin.o(.dtors)
 *crtbegin?.o(.dtors)
 *(EXCLUDE_FILE(*crtend?.o *crtend.o) .dtors)
 *(SORT(.dtors.*))
 *(.dtors)

.rodata         0x10046e40     0x5c3c
 *(.rodata .rodata.* .gnu.linkonce.r.*)
 .rodata        0x10046e40       0x88 /home/leon/git/swp-report/iMX6_Platform_SDK/output/mx6sdl/httpd/sabre_ai_rev_b/obj/apps/httpd/src/httpd_main.o
                0x10046e40                kMACAddress
 .rodata        0x10046ec8      0xda0 /home/leon/git/swp-report/iMX6_Platform_SDK/output/mx6sdl/httpd/sabre_ai_rev_b/obj/lwip/contrib/apps/httpserver_raw/fs.o
                0x10047c2c                file__img_sics_gif
                0x10047c40                file__404_html
                0x10047c54                file__index_html
 .rodata        0x10047c68      0x2d4 /home/leon/git/swp-report/iMX6_Platform_SDK/output/mx6sdl/httpd/sabre_ai_rev_b/obj/lwip/contrib/apps/httpserver_raw/httpd.o
                0x10047ca8                g_psDefaultFilenames
 .rodata        0x10047f3c       0x34 /home/leon/git/swp-report/iMX6_Platform_SDK/output/mx6sdl/lib/libsdk.a(ccm_pll.o)
                0x10047f3c                PLL1_OUTPUT
                0x10047f40                PLL2_OUTPUT
                0x10047f54                PLL3_OUTPUT
                0x10047f68                PLL4_OUTPUT
                0x10047f6c                PLL5_OUTPUT
 .rodata        0x10047f70       0x64 /home/leon/git/swp-report/iMX6_Platform_SDK/output/mx6sdl/lib/libsdk.a(gic.o)
 .rodata        0x10047fd4       0xcc /home/leon/git/swp-report/iMX6_Platform_SDK/output/mx6sdl/lib/libsdk.a(system_util.o)
 .rodata        0x100480a0       0xf4 /home/leon/git/swp-report/iMX6_Platform_SDK/output/mx6sdl/lib/libsdk.a(text_color.o)
                0x100480a8                g_TextAttributeDefault
                0x100480b4                g_TextAttributeBold
                0x100480c0                g_TextAttributeDim
                0x100480cc                g_TextAttributeUnderline
                0x100480d8                g_TextAttributeBlink
                0x100480e4                g_TextAttributeReverse
                0x100480f0                g_TextAttributeHidden
                0x100480fc                g_TextColorBlack
                0x10048108                g_TextColorRed
                0x10048114                g_TextColorGreen
                0x10048120                g_TextColorYellow
                0x1004812c                g_TextColorBlue
                0x10048138                g_TextColorMagenta
                0x10048144                g_TextColorCyan
                0x10048150                g_TextColorWhite
                0x10048160                g_TextColorOrange
                0x10048170                g_TextColorLightBlue
                0x10048180                g_TextColorGray
                0x10048190                g_TextColorPurple
 .rodata        0x10048194      0x1c4 /home/leon/git/swp-report/iMX6_Platform_SDK/output/mx6sdl/lib/libsdk.a(enet_drv.o)
 .rodata        0x10048358       0x20 /home/leon/git/swp-report/iMX6_Platform_SDK/output/mx6sdl/lib/libsdk.a(interrupt.o)
 .rodata        0x10048378      0x230 /home/leon/git/swp-report/iMX6_Platform_SDK/output/mx6sdl/lib/libsdk.a(abort_handler.o)
 .rodata        0x100485a8       0x80 /home/leon/git/swp-report/iMX6_Platform_SDK/output/mx6sdl/lib/libboard_sabre_ai_rev_b.a(uart_iomux_config.o)
 .rodata        0x10048628      0xa88 /home/leon/git/swp-report/iMX6_Platform_SDK/output/mx6sdl/lib/liblwip.a(dhcp.o)
 .rodata        0x100490b0      0x114 /home/leon/git/swp-report/iMX6_Platform_SDK/output/mx6sdl/lib/liblwip.a(dns.o)
 .rodata        0x100491c4      0x32c /home/leon/git/swp-report/iMX6_Platform_SDK/output/mx6sdl/lib/liblwip.a(autoip.o)
 .rodata        0x100494f0      0x18c /home/leon/git/swp-report/iMX6_Platform_SDK/output/mx6sdl/lib/liblwip.a(igmp.o)
 .rodata        0x1004967c       0xb0 /home/leon/git/swp-report/iMX6_Platform_SDK/output/mx6sdl/lib/liblwip.a(ip4.o)
 .rodata        0x1004972c       0x8c /home/leon/git/swp-report/iMX6_Platform_SDK/output/mx6sdl/lib/liblwip.a(ip4_addr.o)
                0x1004972c                ip_addr_any
                0x10049730                ip_addr_broadcast
 .rodata        0x100497b8       0x1c /home/leon/git/swp-report/iMX6_Platform_SDK/output/mx6sdl/lib/liblwip.a(memp.o)
                0x100497b8                memp_sizes
 .rodata        0x100497d4      0x10c /home/leon/git/swp-report/iMX6_Platform_SDK/output/mx6sdl/lib/liblwip.a(netif.o)
 .rodata        0x100498e0      0x4a8 /home/leon/git/swp-report/iMX6_Platform_SDK/output/mx6sdl/lib/liblwip.a(pbuf.o)
 .rodata        0x10049d88       0x98 /home/leon/git/swp-report/iMX6_Platform_SDK/output/mx6sdl/lib/liblwip.a(raw.o)
 .rodata        0x10049e20      0x9cc /home/leon/git/swp-report/iMX6_Platform_SDK/output/mx6sdl/lib/liblwip.a(mib2.o)
                0x10049e20                snmp_scalar
                0x10049e34                snmp_ids
                0x10049ea4                snmp_nodes
                0x10049f14                snmp
                0x10049f30                udpentry_ids
                0x10049f38                udpentry_nodes
                0x10049f40                udpentry
                0x10049f5c                udp_scalar
                0x10049f70                udp_ids
                0x10049f84                udp_nodes
                0x10049f98                udp
                0x10049fb4                tcpconnentry_ids
                0x10049fc8                tcpconnentry_nodes
                0x10049fdc                tcpconnentry
                0x10049ff8                tcp_scalar
                0x1004a00c                tcp_ids
                0x1004a048                tcp_nodes
                0x1004a084                tcp
                0x1004a0a0                icmp_scalar
                0x1004a0b4                icmp_ids
                0x1004a11c                icmp_nodes
                0x1004a184                icmp
                0x1004a1a0                ipntomentry_ids
                0x1004a1b0                ipntomentry_nodes
                0x1004a1c0                ipntomentry
                0x1004a1dc                iprteentry_ids
                0x1004a210                iprteentry_nodes
                0x1004a244                iprteentry
                0x1004a260                ipaddrentry_ids
                0x1004a274                ipaddrentry_nodes
                0x1004a288                ipaddrentry
                0x1004a2a4                ip_scalar
                0x1004a2b8                ip_ids
                0x1004a314                ip_nodes
                0x1004a370                mib2_ip
                0x1004a38c                atentry_ids
                0x1004a398                atentry_nodes
                0x1004a3a4                atentry
                0x1004a3c0                attable_id
                0x1004a3c4                attable_node
                0x1004a3c8                attable
                0x1004a3e4                ifentry_ids
                0x1004a43c                ifentry_nodes
                0x1004a494                ifentry
                0x1004a4b0                interfaces_scalar
                0x1004a4c4                interfaces_ids
                0x1004a4cc                interfaces_nodes
                0x1004a4d4                interfaces
                0x1004a4f0                sys_tem_scalar
                0x1004a504                sys_tem_ids
                0x1004a520                sys_tem_nodes
                0x1004a53c                sys_tem
                0x1004a558                mib2_ids
                0x1004a578                mib2_nodes
                0x1004a598                mib2
                0x1004a5b4                mgmt_ids
                0x1004a5b8                mgmt_nodes
                0x1004a5bc                mgmt
                0x1004a5d8                internet_ids
                0x1004a5dc                internet_nodes
                0x1004a5e0                internet
 .rodata        0x1004a7ec       0xe0 /home/leon/git/swp-report/iMX6_Platform_SDK/output/mx6sdl/lib/liblwip.a(mib_structs.o)
                0x1004a7ec                prefix
 .rodata        0x1004a8cc       0xf0 /home/leon/git/swp-report/iMX6_Platform_SDK/output/mx6sdl/lib/liblwip.a(msg_in.o)
                0x1004a8cc                snmp_version
                0x1004a8d0                snmp_publiccommunity
 .rodata        0x1004a9bc      0x324 /home/leon/git/swp-report/iMX6_Platform_SDK/output/mx6sdl/lib/liblwip.a(stats.o)
 .rodata        0x1004ace0      0x530 /home/leon/git/swp-report/iMX6_Platform_SDK/output/mx6sdl/lib/liblwip.a(tcp.o)
                0x1004ad58                tcp_state_str
                0x1004ad84                tcp_backoff
                0x1004ad94                tcp_persist_backoff
                0x1004ad9c                tcp_pcb_lists
 .rodata        0x1004b210      0x340 /home/leon/git/swp-report/iMX6_Platform_SDK/output/mx6sdl/lib/liblwip.a(tcp_in.o)
 .rodata        0x1004b550      0x424 /home/leon/git/swp-report/iMX6_Platform_SDK/output/mx6sdl/lib/liblwip.a(tcp_out.o)
 .rodata        0x1004b974       0xb0 /home/leon/git/swp-report/iMX6_Platform_SDK/output/mx6sdl/lib/liblwip.a(timers.o)
 .rodata        0x1004ba24       0xc0 /home/leon/git/swp-report/iMX6_Platform_SDK/output/mx6sdl/lib/liblwip.a(udp.o)
 .rodata        0x1004bae4      0x2c4 /home/leon/git/swp-report/iMX6_Platform_SDK/output/mx6sdl/lib/liblwip.a(etharp.o)
                0x1004bae4                ethbroadcast
                0x1004baec                ethzero
 .rodata        0x1004bda8       0xb8 /home/leon/git/swp-report/iMX6_Platform_SDK/output/mx6sdl/lib/liblwip.a(mx6_ethernetif.o)
 .rodata        0x1004be60       0x84 /home/leon/git/swp-report/iMX6_Platform_SDK/output/mx6sdl/lib/liblwip.a(inet_chksum.o)
 .rodata        0x1004bee4      0x18c /home/leon/git/swp-report/iMX6_Platform_SDK/output/mx6sdl/lib/liblwip.a(icmp.o)
 .rodata.str1.4
                0x1004c070       0x3f /home/leon/riotboard/arm-2012.09/bin/../arm-none-eabi/lib//libc.a(lib_a-assert.o)
                                 0x44 (size before relaxing)
 *fill*         0x1004c0af        0x1 
 .rodata        0x1004c0b0        0x4 /home/leon/riotboard/arm-2012.09/bin/../arm-none-eabi/lib//libc.a(lib_a-impure.o)
                0x1004c0b0                _global_impure_ptr
 .rodata.str1.4
                0x1004c0b4        0x2 /home/leon/riotboard/arm-2012.09/bin/../arm-none-eabi/lib//libc.a(lib_a-impure.o)
                                  0x4 (size before relaxing)
 *fill*         0x1004c0b6        0x2 
 .rodata        0x1004c0b8       0x20 /home/leon/riotboard/arm-2012.09/bin/../arm-none-eabi/lib//libc.a(lib_a-vfiprintf.o)
 .rodata.str1.4
                0x1004c0d8       0x2f /home/leon/riotboard/arm-2012.09/bin/../arm-none-eabi/lib//libc.a(lib_a-vfiprintf.o)
                                 0x30 (size before relaxing)
 *fill*         0x1004c107        0x1 
 .rodata        0x1004c108       0x20 /home/leon/riotboard/arm-2012.09/bin/../arm-none-eabi/lib//libc.a(lib_a-vfprintf.o)
 .rodata.str1.4
                0x1004c128       0x12 /home/leon/riotboard/arm-2012.09/bin/../arm-none-eabi/lib//libc.a(lib_a-vfprintf.o)
                                 0x44 (size before relaxing)
 *fill*         0x1004c13a        0x2 
 .rodata.str1.4
                0x1004c13c       0x10 /home/leon/riotboard/arm-2012.09/bin/../arm-none-eabi/lib//libc.a(lib_a-dtoa.o)
                                 0x14 (size before relaxing)
 .rodata.str1.4
                0x1004c14c        0xc /home/leon/riotboard/arm-2012.09/bin/../arm-none-eabi/lib//libc.a(lib_a-locale.o)
                                 0x14 (size before relaxing)
 .rodata        0x1004c158      0x128 /home/leon/riotboard/arm-2012.09/bin/../arm-none-eabi/lib//libc.a(lib_a-mprec.o)
                0x1004c168                __mprec_tens
                0x1004c230                __mprec_tinytens
                0x1004c258                __mprec_bigtens
 .rodata        0x1004c280       0x20 /home/leon/git/swp-report/iMX6_Platform_SDK/output/mx6sdl/lib/libsdk.a(runtime_support.o)
 .rodata        0x1004c2a0       0xe0 /home/leon/git/swp-report/iMX6_Platform_SDK/output/mx6sdl/lib/libsdk.a(gpio.o)
 .rodata        0x1004c380      0x380 /home/leon/git/swp-report/iMX6_Platform_SDK/output/mx6sdl/lib/libsdk.a(imx6sdl_gpio_map.o)
                0x1004c380                k_gpio_mux_registers
 .rodata        0x1004c700      0x2c4 /home/leon/git/swp-report/iMX6_Platform_SDK/output/mx6sdl/lib/libsdk.a(imx_i2c.o)
 .rodata        0x1004c9c4       0x80 /home/leon/git/swp-report/iMX6_Platform_SDK/output/mx6sdl/lib/libboard_sabre_ai_rev_b.a(i2c_iomux_config.o)
                0x1004ca44                . = ALIGN (0x4)
 *(.init)
 .init          0x1004ca44        0xc /home/leon/riotboard/arm-2012.09/bin/../lib/gcc/arm-none-eabi/4.7.2//crti.o
                0x1004ca44                _init
 .init          0x1004ca50        0xc /home/leon/riotboard/arm-2012.09/bin/../lib/gcc/arm-none-eabi/4.7.2//crtn.o
                0x1004ca5c                . = ALIGN (0x4)
                0x1004ca5c                __init_array_start = .
 *(SORT(.init_array.*))
 *(.init_array)
 .init_array    0x1004ca5c        0x4 /home/leon/riotboard/arm-2012.09/bin/../lib/gcc/arm-none-eabi/4.7.2//crtbegin.o
                0x1004ca60                __init_array_end = .
                0x1004ca60                . = ALIGN (0x4)
 *(.fini)
 .fini          0x1004ca60        0xc /home/leon/riotboard/arm-2012.09/bin/../lib/gcc/arm-none-eabi/4.7.2//crti.o
                0x1004ca60                _fini
 .fini          0x1004ca6c        0xc /home/leon/riotboard/arm-2012.09/bin/../lib/gcc/arm-none-eabi/4.7.2//crtn.o
                0x1004ca78                . = ALIGN (0x4)
                0x1004ca78                __fini_array_start = .
 *(.fini_array)
 .fini_array    0x1004ca78        0x4 /home/leon/riotboard/arm-2012.09/bin/../lib/gcc/arm-none-eabi/4.7.2//crtbegin.o
 *(SORT(.fini_array.*))
                0x1004ca7c                __fini_array_end = .
                0x1004ca7c                PROVIDE (__exidx_start, .)

.eh_frame       0x1004ca7c        0x4
 .eh_frame      0x1004ca7c        0x0 /home/leon/riotboard/arm-2012.09/bin/../lib/gcc/arm-none-eabi/4.7.2//crtbegin.o
 .eh_frame      0x1004ca7c        0x4 /home/leon/riotboard/arm-2012.09/bin/../lib/gcc/arm-none-eabi/4.7.2//crtend.o

.ARM.exidx      0x1004ca80        0x8
 *(.ARM.exidx* .gnu.linkonce.armexidx.*)
 .ARM.exidx.startup
                0x1004ca80        0x8 /home/leon/git/swp-report/iMX6_Platform_SDK/output/mx6sdl/lib/libsdk.a(startup.o)
 .ARM.exidx     0x1004ca88        0x0 /home/leon/riotboard/arm-2012.09/bin/../lib/gcc/arm-none-eabi/4.7.2//libgcc.a(_divdi3.o)
                                  0x8 (size before relaxing)
 .ARM.exidx     0x1004ca88        0x0 /home/leon/riotboard/arm-2012.09/bin/../lib/gcc/arm-none-eabi/4.7.2//libgcc.a(_udivdi3.o)
                                  0x8 (size before relaxing)
                0x1004ca88                PROVIDE (__exidx_end, .)

.rel.dyn        0x1004ca88        0x0
 .rel.iplt      0x00000000        0x0 /home/leon/riotboard/arm-2012.09/bin/../lib/gcc/arm-none-eabi/4.7.2//crtbegin.o

.data           0x1004ca88      0xbfc
 *(.data .data.* .gnu.linkonce.d.*)
 .data          0x1004ca88        0x4 /home/leon/riotboard/arm-2012.09/bin/../lib/gcc/arm-none-eabi/4.7.2//crtbegin.o
                0x1004ca88                __dso_handle
 .data          0x1004ca8c        0x0 /home/leon/riotboard/arm-2012.09/bin/../lib/gcc/arm-none-eabi/4.7.2//crti.o
 .data          0x1004ca8c        0x0 /home/leon/riotboard/arm-2012.09/bin/../lib/gcc/arm-none-eabi/4.7.2//crtend.o
 .data          0x1004ca8c        0x0 /home/leon/riotboard/arm-2012.09/bin/../lib/gcc/arm-none-eabi/4.7.2//crtn.o
 .data          0x1004ca8c        0x0 /home/leon/git/swp-report/iMX6_Platform_SDK/output/mx6sdl/httpd/sabre_ai_rev_b/obj/apps/common/ivt.o
 .data          0x1004ca8c        0x0 /home/leon/git/swp-report/iMX6_Platform_SDK/output/mx6sdl/httpd/sabre_ai_rev_b/obj/apps/common/platform_init.o
 .data          0x1004ca8c        0x0 /home/leon/git/swp-report/iMX6_Platform_SDK/output/mx6sdl/httpd/sabre_ai_rev_b/obj/apps/httpd/src/httpd_main.o
 .data          0x1004ca8c        0x0 /home/leon/git/swp-report/iMX6_Platform_SDK/output/mx6sdl/httpd/sabre_ai_rev_b/obj/lwip/contrib/apps/httpserver_raw/fs.o
 .data          0x1004ca8c        0x0 /home/leon/git/swp-report/iMX6_Platform_SDK/output/mx6sdl/httpd/sabre_ai_rev_b/obj/lwip/contrib/apps/httpserver_raw/httpd.o
 .data          0x1004ca8c        0x0 /home/leon/git/swp-report/iMX6_Platform_SDK/output/mx6sdl/lib/libsdk.a(ccm_pll.o)
 .data          0x1004ca8c        0x0 /home/leon/git/swp-report/iMX6_Platform_SDK/output/mx6sdl/lib/libsdk.a(cortexA9.o)
 .data          0x1004ca8c        0x0 /home/leon/git/swp-report/iMX6_Platform_SDK/output/mx6sdl/lib/libsdk.a(gic.o)
 .data          0x1004ca8c        0x0 /home/leon/git/swp-report/iMX6_Platform_SDK/output/mx6sdl/lib/libsdk.a(mmu.o)
 .data          0x1004ca8c        0x0 /home/leon/git/swp-report/iMX6_Platform_SDK/output/mx6sdl/lib/libsdk.a(startup.o)
 .data          0x1004ca8c        0x0 /home/leon/git/swp-report/iMX6_Platform_SDK/output/mx6sdl/lib/libsdk.a(vectors.o)
 .data          0x1004ca8c        0x0 /home/leon/git/swp-report/iMX6_Platform_SDK/output/mx6sdl/lib/libsdk.a(system_util.o)
 .data          0x1004ca8c        0x4 /home/leon/git/swp-report/iMX6_Platform_SDK/output/mx6sdl/lib/libsdk.a(text_color.o)
                0x1004ca8c                is_color_supported
 .data          0x1004ca90        0x0 /home/leon/git/swp-report/iMX6_Platform_SDK/output/mx6sdl/lib/libsdk.a(enet_drv.o)
 .data          0x1004ca90        0x0 /home/leon/git/swp-report/iMX6_Platform_SDK/output/mx6sdl/lib/libsdk.a(timer.o)
 .data          0x1004ca90        0x0 /home/leon/git/swp-report/iMX6_Platform_SDK/output/mx6sdl/lib/libsdk.a(imx_uart.o)
 .data          0x1004ca90        0x4 /home/leon/git/swp-report/iMX6_Platform_SDK/output/mx6sdl/lib/libsdk.a(arm_abort.o)
 .data          0x1004ca94        0x0 /home/leon/git/swp-report/iMX6_Platform_SDK/output/mx6sdl/lib/libsdk.a(interrupt.o)
 .data          0x1004ca94        0x0 /home/leon/git/swp-report/iMX6_Platform_SDK/output/mx6sdl/lib/libsdk.a(epit.o)
 .data          0x1004ca94        0x0 /home/leon/git/swp-report/iMX6_Platform_SDK/output/mx6sdl/lib/libsdk.a(abort_handler.o)
 .data          0x1004ca94        0x0 /home/leon/git/swp-report/iMX6_Platform_SDK/output/mx6sdl/lib/libboard_sabre_ai_rev_b.a(board_io_expanders.o)
 .data          0x1004ca94        0x8 /home/leon/git/swp-report/iMX6_Platform_SDK/output/mx6sdl/lib/libboard_sabre_ai_rev_b.a(hardware_modules.o)
                0x1004ca94                g_debug_uart_port
                0x1004ca98                g_system_timer_port
 .data          0x1004ca9c        0x0 /home/leon/git/swp-report/iMX6_Platform_SDK/output/mx6sdl/lib/libboard_sabre_ai_rev_b.a(dcd.o)
 .data          0x1004ca9c        0x0 /home/leon/git/swp-report/iMX6_Platform_SDK/output/mx6sdl/lib/libboard_sabre_ai_rev_b.a(i2c3_iomux_config.o)
 .data          0x1004ca9c        0x0 /home/leon/git/swp-report/iMX6_Platform_SDK/output/mx6sdl/lib/libboard_sabre_ai_rev_b.a(uart_iomux_config.o)
 .data          0x1004ca9c        0x0 /home/leon/git/swp-report/iMX6_Platform_SDK/output/mx6sdl/lib/libboard_sabre_ai_rev_b.a(iomux_config.o)
 .data          0x1004ca9c        0x0 /home/leon/git/swp-report/iMX6_Platform_SDK/output/mx6sdl/lib/libboard_sabre_ai_rev_b.a(ipu1_iomux_config.o)
 .data          0x1004ca9c        0x0 /home/leon/git/swp-report/iMX6_Platform_SDK/output/mx6sdl/lib/libboard_sabre_ai_rev_b.a(mlb_iomux_config.o)
 .data          0x1004ca9c        0x0 /home/leon/git/swp-report/iMX6_Platform_SDK/output/mx6sdl/lib/libboard_sabre_ai_rev_b.a(mmdc_iomux_config.o)
 .data          0x1004ca9c        0x0 /home/leon/git/swp-report/iMX6_Platform_SDK/output/mx6sdl/lib/libboard_sabre_ai_rev_b.a(pwm3_iomux_config.o)
 .data          0x1004ca9c        0x0 /home/leon/git/swp-report/iMX6_Platform_SDK/output/mx6sdl/lib/libboard_sabre_ai_rev_b.a(pwm4_iomux_config.o)
 .data          0x1004ca9c        0x0 /home/leon/git/swp-report/iMX6_Platform_SDK/output/mx6sdl/lib/libboard_sabre_ai_rev_b.a(sjc_iomux_config.o)
 .data          0x1004ca9c        0x0 /home/leon/git/swp-report/iMX6_Platform_SDK/output/mx6sdl/lib/libboard_sabre_ai_rev_b.a(spdif_iomux_config.o)
 .data          0x1004ca9c        0x0 /home/leon/git/swp-report/iMX6_Platform_SDK/output/mx6sdl/lib/libboard_sabre_ai_rev_b.a(uart2_iomux_config.o)
 .data          0x1004ca9c        0x0 /home/leon/git/swp-report/iMX6_Platform_SDK/output/mx6sdl/lib/libboard_sabre_ai_rev_b.a(uart3_iomux_config.o)
 .data          0x1004ca9c        0x0 /home/leon/git/swp-report/iMX6_Platform_SDK/output/mx6sdl/lib/libboard_sabre_ai_rev_b.a(uart4_iomux_config.o)
 .data          0x1004ca9c        0x0 /home/leon/git/swp-report/iMX6_Platform_SDK/output/mx6sdl/lib/libboard_sabre_ai_rev_b.a(usdhc1_iomux_config.o)
 .data          0x1004ca9c        0x0 /home/leon/git/swp-report/iMX6_Platform_SDK/output/mx6sdl/lib/libboard_sabre_ai_rev_b.a(usdhc3_iomux_config.o)
 .data          0x1004ca9c        0x0 /home/leon/git/swp-report/iMX6_Platform_SDK/output/mx6sdl/lib/libboard_sabre_ai_rev_b.a(wdog1_iomux_config.o)
 .data          0x1004ca9c        0x0 /home/leon/git/swp-report/iMX6_Platform_SDK/output/mx6sdl/lib/libboard_sabre_ai_rev_b.a(audmux_iomux_config.o)
 .data          0x1004ca9c        0x0 /home/leon/git/swp-report/iMX6_Platform_SDK/output/mx6sdl/lib/libboard_sabre_ai_rev_b.a(ccm_iomux_config.o)
 .data          0x1004ca9c        0x0 /home/leon/git/swp-report/iMX6_Platform_SDK/output/mx6sdl/lib/libboard_sabre_ai_rev_b.a(ecspi1_iomux_config.o)
 .data          0x1004ca9c        0x0 /home/leon/git/swp-report/iMX6_Platform_SDK/output/mx6sdl/lib/libboard_sabre_ai_rev_b.a(eim_iomux_config.o)
 .data          0x1004ca9c        0x0 /home/leon/git/swp-report/iMX6_Platform_SDK/output/mx6sdl/lib/libboard_sabre_ai_rev_b.a(enet_iomux_config.o)
 .data          0x1004ca9c        0x0 /home/leon/git/swp-report/iMX6_Platform_SDK/output/mx6sdl/lib/libboard_sabre_ai_rev_b.a(esai_iomux_config.o)
 .data          0x1004ca9c        0x0 /home/leon/git/swp-report/iMX6_Platform_SDK/output/mx6sdl/lib/libboard_sabre_ai_rev_b.a(flexcan1_iomux_config.o)
 .data          0x1004ca9c        0x0 /home/leon/git/swp-report/iMX6_Platform_SDK/output/mx6sdl/lib/libboard_sabre_ai_rev_b.a(flexcan2_iomux_config.o)
 .data          0x1004ca9c        0x0 /home/leon/git/swp-report/iMX6_Platform_SDK/output/mx6sdl/lib/libboard_sabre_ai_rev_b.a(gpio1_iomux_config.o)
 .data          0x1004ca9c        0x0 /home/leon/git/swp-report/iMX6_Platform_SDK/output/mx6sdl/lib/libboard_sabre_ai_rev_b.a(gpio2_iomux_config.o)
 .data          0x1004ca9c        0x0 /home/leon/git/swp-report/iMX6_Platform_SDK/output/mx6sdl/lib/libboard_sabre_ai_rev_b.a(gpio4_iomux_config.o)
 .data          0x1004ca9c        0x0 /home/leon/git/swp-report/iMX6_Platform_SDK/output/mx6sdl/lib/libboard_sabre_ai_rev_b.a(gpio5_iomux_config.o)
 .data          0x1004ca9c        0x0 /home/leon/git/swp-report/iMX6_Platform_SDK/output/mx6sdl/lib/libboard_sabre_ai_rev_b.a(gpio6_iomux_config.o)
 .data          0x1004ca9c        0x0 /home/leon/git/swp-report/iMX6_Platform_SDK/output/mx6sdl/lib/libboard_sabre_ai_rev_b.a(gpmi_iomux_config.o)
 .data          0x1004ca9c        0x0 /home/leon/git/swp-report/iMX6_Platform_SDK/output/mx6sdl/lib/libboard_sabre_ai_rev_b.a(i2c2_iomux_config.o)
 .data          0x1004ca9c        0x0 /home/leon/git/swp-report/iMX6_Platform_SDK/output/mx6sdl/lib/liblwip.a(dhcp.o)
 .data          0x1004ca9c        0x0 /home/leon/git/swp-report/iMX6_Platform_SDK/output/mx6sdl/lib/liblwip.a(dns.o)
 .data          0x1004ca9c        0x0 /home/leon/git/swp-report/iMX6_Platform_SDK/output/mx6sdl/lib/liblwip.a(init.o)
 .data          0x1004ca9c        0x0 /home/leon/git/swp-report/iMX6_Platform_SDK/output/mx6sdl/lib/liblwip.a(autoip.o)
 .data          0x1004ca9c        0x0 /home/leon/git/swp-report/iMX6_Platform_SDK/output/mx6sdl/lib/liblwip.a(igmp.o)
 .data          0x1004ca9c        0x0 /home/leon/git/swp-report/iMX6_Platform_SDK/output/mx6sdl/lib/liblwip.a(ip4.o)
 .data          0x1004ca9c        0x0 /home/leon/git/swp-report/iMX6_Platform_SDK/output/mx6sdl/lib/liblwip.a(ip4_addr.o)
 .data          0x1004ca9c        0x0 /home/leon/git/swp-report/iMX6_Platform_SDK/output/mx6sdl/lib/liblwip.a(memp.o)
 .data          0x1004ca9c        0x0 /home/leon/git/swp-report/iMX6_Platform_SDK/output/mx6sdl/lib/liblwip.a(netif.o)
 .data          0x1004ca9c        0x0 /home/leon/git/swp-report/iMX6_Platform_SDK/output/mx6sdl/lib/liblwip.a(pbuf.o)
 .data          0x1004ca9c        0x0 /home/leon/git/swp-report/iMX6_Platform_SDK/output/mx6sdl/lib/liblwip.a(raw.o)
 .data          0x1004ca9c      0x308 /home/leon/git/swp-report/iMX6_Platform_SDK/output/mx6sdl/lib/liblwip.a(mib2.o)
                0x1004ca9c                udp_root
                0x1004cabc                udptable_id
                0x1004cac0                udptable_node
                0x1004cac4                udptable
                0x1004cae0                tcpconntree_root
                0x1004cb00                tcpconntable_id
                0x1004cb04                tcpconntable_node
                0x1004cb08                tcpconntable
                0x1004cb24                ipntomtree_root
                0x1004cb44                ipntomtable_id
                0x1004cb48                ipntomtable_node
                0x1004cb4c                ipntomtable
                0x1004cb68                iprtetree_root
                0x1004cb88                iprtetable_id
                0x1004cb8c                iprtetable_node
                0x1004cb90                iprtetable
                0x1004cbac                ipaddrtree_root
                0x1004cbcc                ipaddrtable_id
                0x1004cbd0                ipaddrtable_node
                0x1004cbd4                ipaddrtable
                0x1004cbf0                arptree_root
                0x1004cc10                at_id
                0x1004cc14                mib2_at_node