Archive member included because of file (symbol)

/home/leon/git/swp-report/iMX6_Platform_SDK/output/mx6dq/lib/libsdk.a(usb_hid.o)
                              /home/leon/git/swp-report/iMX6_Platform_SDK/output/mx6dq/usb_hid_mouse/evb_rev_a/obj/apps/usb_hid_mouse/src/mouse_button.o (USB_Class_HID_Init)
/home/leon/git/swp-report/iMX6_Platform_SDK/output/mx6dq/lib/libsdk.a(usb_class.o)
                              /home/leon/git/swp-report/iMX6_Platform_SDK/output/mx6dq/lib/libsdk.a(usb_hid.o) (USB_Class_Init)
/home/leon/git/swp-report/iMX6_Platform_SDK/output/mx6dq/lib/libsdk.a(usb_framework.o)
                              /home/leon/git/swp-report/iMX6_Platform_SDK/output/mx6dq/lib/libsdk.a(usb_class.o) (USB_Framework_Init)
/home/leon/git/swp-report/iMX6_Platform_SDK/output/mx6dq/lib/libsdk.a(usb_dci_imx6.o)
                              /home/leon/git/swp-report/iMX6_Platform_SDK/output/mx6dq/lib/libsdk.a(usb_framework.o) (_usb_device_recv_data)
/home/leon/git/swp-report/iMX6_Platform_SDK/output/mx6dq/lib/libsdk.a(usb_driver.o)
                              /home/leon/git/swp-report/iMX6_Platform_SDK/output/mx6dq/lib/libsdk.a(usb_hid.o) (_usb_device_init)
/home/leon/git/swp-report/iMX6_Platform_SDK/output/mx6dq/lib/libsdk.a(ccm_pll.o)
                              /home/leon/git/swp-report/iMX6_Platform_SDK/output/mx6dq/usb_hid_mouse/evb_rev_a/obj/apps/common/platform_init.o (ccm_init)
/home/leon/git/swp-report/iMX6_Platform_SDK/output/mx6dq/lib/libsdk.a(cortexA9.o)
                              /home/leon/git/swp-report/iMX6_Platform_SDK/output/mx6dq/usb_hid_mouse/evb_rev_a/obj/apps/common/platform_init.o (arm_set_interrupt_state)
/home/leon/git/swp-report/iMX6_Platform_SDK/output/mx6dq/lib/libsdk.a(gic.o)
                              /home/leon/git/swp-report/iMX6_Platform_SDK/output/mx6dq/usb_hid_mouse/evb_rev_a/obj/apps/common/platform_init.o (gic_init)
/home/leon/git/swp-report/iMX6_Platform_SDK/output/mx6dq/lib/libsdk.a(interrupt.o)
                              /home/leon/git/swp-report/iMX6_Platform_SDK/output/mx6dq/lib/libsdk.a(usb_dci_imx6.o) (enable_interrupt)
/home/leon/git/swp-report/iMX6_Platform_SDK/output/mx6dq/lib/libsdk.a(mmu.o)
                              /home/leon/git/swp-report/iMX6_Platform_SDK/output/mx6dq/usb_hid_mouse/evb_rev_a/obj/apps/common/platform_init.o (mmu_init)
/home/leon/git/swp-report/iMX6_Platform_SDK/output/mx6dq/lib/libsdk.a(startup.o)
                              (_start)
/home/leon/git/swp-report/iMX6_Platform_SDK/output/mx6dq/lib/libsdk.a(vectors.o)
                              /home/leon/git/swp-report/iMX6_Platform_SDK/output/mx6dq/lib/libsdk.a(startup.o) (vectors)
/home/leon/git/swp-report/iMX6_Platform_SDK/output/mx6dq/lib/libsdk.a(system_util.o)
                              /home/leon/git/swp-report/iMX6_Platform_SDK/output/mx6dq/lib/libsdk.a(startup.o) (_sys_exit)
/home/leon/git/swp-report/iMX6_Platform_SDK/output/mx6dq/lib/libsdk.a(text_color.o)
                              /home/leon/git/swp-report/iMX6_Platform_SDK/output/mx6dq/lib/libsdk.a(system_util.o) (g_TextAttributeBold)
/home/leon/git/swp-report/iMX6_Platform_SDK/output/mx6dq/lib/libsdk.a(timer.o)
                              /home/leon/git/swp-report/iMX6_Platform_SDK/output/mx6dq/usb_hid_mouse/evb_rev_a/obj/apps/usb_hid_mouse/src/mouse_button.o (hal_delay_us)
/home/leon/git/swp-report/iMX6_Platform_SDK/output/mx6dq/lib/libsdk.a(imx_uart.o)
                              /home/leon/git/swp-report/iMX6_Platform_SDK/output/mx6dq/usb_hid_mouse/evb_rev_a/obj/apps/common/platform_init.o (uart_getchar)
/home/leon/git/swp-report/iMX6_Platform_SDK/output/mx6dq/lib/libsdk.a(arm_abort.o)
                              /home/leon/git/swp-report/iMX6_Platform_SDK/output/mx6dq/lib/libsdk.a(vectors.o) (data_abort_handler)
/home/leon/git/swp-report/iMX6_Platform_SDK/output/mx6dq/lib/libsdk.a(epit.o)
                              /home/leon/git/swp-report/iMX6_Platform_SDK/output/mx6dq/lib/libsdk.a(timer.o) (epit_get_compare_event)
/home/leon/git/swp-report/iMX6_Platform_SDK/output/mx6dq/lib/libsdk.a(abort_handler.o)
                              /home/leon/git/swp-report/iMX6_Platform_SDK/output/mx6dq/lib/libsdk.a(arm_abort.o) (dump_regs)
/home/leon/git/swp-report/iMX6_Platform_SDK/output/mx6dq/lib/libboard_evb_rev_a.a(board_io_expanders.o)
                              /home/leon/git/swp-report/iMX6_Platform_SDK/output/mx6dq/usb_hid_mouse/evb_rev_a/obj/apps/common/platform_init.o (board_ioexpander_init)
/home/leon/git/swp-report/iMX6_Platform_SDK/output/mx6dq/lib/libboard_evb_rev_a.a(hardware_modules.o)
                              /home/leon/git/swp-report/iMX6_Platform_SDK/output/mx6dq/usb_hid_mouse/evb_rev_a/obj/apps/common/platform_init.o (g_debug_uart_port)
/home/leon/git/swp-report/iMX6_Platform_SDK/output/mx6dq/lib/libboard_evb_rev_a.a(dcd.o)
                              /home/leon/git/swp-report/iMX6_Platform_SDK/output/mx6dq/usb_hid_mouse/evb_rev_a/obj/apps/common/ivt.o (input_dcd_hdr)
[...]
Memory Configuration

Name             Origin             Length             Attributes
OCRAM            0x00900000         0x00040000         xrw
DDR              0x10000000         0x40000000         xrw
*default*        0x00000000         0xffffffff

Linker script and memory map

LOAD /home/leon/riotboard/arm-2012.09/bin/../lib/gcc/arm-none-eabi/4.7.2//crtbegin.o
LOAD /home/leon/riotboard/arm-2012.09/bin/../lib/gcc/arm-none-eabi/4.7.2//crti.o
LOAD /home/leon/riotboard/arm-2012.09/bin/../lib/gcc/arm-none-eabi/4.7.2//crtend.o
LOAD /home/leon/riotboard/arm-2012.09/bin/../lib/gcc/arm-none-eabi/4.7.2//crtn.o

.l1_page_table  0x00900000     0x4000
                0x00900000                __l1_page_table_start = .
                0x00904000                . = (. + 0x4000)
 *fill*         0x00900000     0x4000 

.heap.ocram     0x00904000    0x3bfb8
                0x00904000                __heap_ocram_start = .
                0x0093ffb8                . = (. + 0x3bfb8)
 *fill*         0x00904000    0x3bfb8 
                0x0093ffb8                __heap_ocram_end = .

.ram_vectors    0x0093ffb8       0x48
                0x0093ffb8                __ram_vectors_start = .
                0x00940000                . = (. + 0x48)
 *fill*         0x0093ffb8       0x48 
                0x00940000                __ram_vectors_end = .
                0x10000000                _start_image_add = ORIGIN (DDR)

.ivt            0x10000000      0x420
                0x10000400                . = (. + 0x400)
 *fill*         0x10000000      0x400 
 *(.ivt)
 .ivt           0x10000400       0x20 /home/leon/git/swp-report/iMX6_Platform_SDK/output/mx6dq/usb_hid_mouse/evb_rev_a/obj/apps/common/ivt.o
                0x10000400                input_ivt

.boot_data      0x10000420        0xc
                0x10000420                __start_boot_data = .
 *(.boot_data)
 .boot_data     0x10000420        0xc /home/leon/git/swp-report/iMX6_Platform_SDK/output/mx6dq/usb_hid_mouse/evb_rev_a/obj/apps/common/ivt.o
                0x10000420                bd

.dcd_hdr        0x10000430        0x4
                0x10000430                __start_dcd = .
 *(.dcd_hdr)
 .dcd_hdr       0x10000430        0x4 /home/leon/git/swp-report/iMX6_Platform_SDK/output/mx6dq/lib/libboard_evb_rev_a.a(dcd.o)
                0x10000430                input_dcd_hdr

.dcd_wrt_cmd    0x10000434        0x4
 *(.dcd_wrt_cmd)
 .dcd_wrt_cmd   0x10000434        0x4 /home/leon/git/swp-report/iMX6_Platform_SDK/output/mx6dq/lib/libboard_evb_rev_a.a(dcd.o)
                0x10000434                input_dcd_wrt_cmd

.dcd_data       0x10000438      0x2e8
 *(.dcd_data)
 .dcd_data      0x10000438      0x2e8 /home/leon/git/swp-report/iMX6_Platform_SDK/output/mx6dq/lib/libboard_evb_rev_a.a(dcd.o)
                0x10000438                input_dcd

.text           0x10000720    0x1f8e8
 CREATE_OBJECT_SYMBOLS
 *(.startup)
 .startup       0x10000720      0x138 /home/leon/git/swp-report/iMX6_Platform_SDK/output/mx6dq/lib/libsdk.a(startup.o)
                0x10000720                _start
 *(.text .text.* .gnu.linkonce.t.*)
 .text          0x10000858      0x128 /home/leon/riotboard/arm-2012.09/bin/../lib/gcc/arm-none-eabi/4.7.2//crtbegin.o
 .text          0x10000980        0x0 /home/leon/riotboard/arm-2012.09/bin/../lib/gcc/arm-none-eabi/4.7.2//crti.o
 .text          0x10000980        0x0 /home/leon/riotboard/arm-2012.09/bin/../lib/gcc/arm-none-eabi/4.7.2//crtend.o
 .text          0x10000980        0x0 /home/leon/riotboard/arm-2012.09/bin/../lib/gcc/arm-none-eabi/4.7.2//crtn.o
 .text          0x10000980        0x0 /home/leon/git/swp-report/iMX6_Platform_SDK/output/mx6dq/usb_hid_mouse/evb_rev_a/obj/apps/common/ivt.o
 .text          0x10000980       0xbc /home/leon/git/swp-report/iMX6_Platform_SDK/output/mx6dq/usb_hid_mouse/evb_rev_a/obj/apps/common/platform_init.o
                0x10000980                platform_init
 .text          0x10000a3c      0x55c /home/leon/git/swp-report/iMX6_Platform_SDK/output/mx6dq/usb_hid_mouse/evb_rev_a/obj/apps/usb_hid_mouse/src/mouse_button.o
                0x10000a3c                fillBuffer
                0x10000ecc                TestApp_Init
                0x10000f48                TestApp_Task
                0x10000f74                main
 .text          0x10000f98      0x4fc /home/leon/git/swp-report/iMX6_Platform_SDK/output/mx6dq/usb_hid_mouse/evb_rev_a/obj/apps/usb_hid_mouse/src/usb_descriptor.o
                0x10000f98                USB_Desc_Get_Descriptor
                0x10001290                USB_Desc_Get_Interface
                0x100012f0                USB_Desc_Set_Interface
                0x10001350                USB_Desc_Valid_Configation
                0x100013c8                USB_Desc_Valid_Interface
                0x10001440                USB_Desc_Remote_Wakeup
                0x10001468                USB_Desc_Get_Endpoints
 .text          0x10001494      0xdc4 /home/leon/git/swp-report/iMX6_Platform_SDK/output/mx6dq/lib/libsdk.a(usb_hid.o)
                0x10001540                USB_Service_Hid
                0x10001728                USB_Class_Hid_Event
                0x10001ce0                USB_Class_HID_Init
                0x10001f00                USB_Class_HID_DeInit
                0x10001f8c                USB_Class_HID_Send_Data
 .text          0x10002258      0x75c /home/leon/git/swp-report/iMX6_Platform_SDK/output/mx6dq/lib/libsdk.a(usb_class.o)
                0x10002258                USB_Suspend_Service
                0x100022a4                USB_Resume_Service
                0x10002304                USB_Stall_Service
                0x10002364                USB_Sof_Service
                0x10002424                USB_Reset_Service
                0x10002584                USB_Error_Service
                0x100025cc                USB_Class_Init
                0x10002760                USB_Class_DeInit
                0x10002898                USB_Class_Send_Data
                0x100029a4                USB_Class_Periodic_Task
 .text          0x100029b4     0x107c /home/leon/git/swp-report/iMX6_Platform_SDK/output/mx6dq/lib/libsdk.a(usb_framework.o)
                0x100029b4                USB_Framework_Init
                0x10002a2c                USB_Framework_DeInit
                0x10002a8c                USB_Framework_Reset
                0x10002ab4                USB_Control_Service
 .text          0x10003a30     0x3100 /home/leon/git/swp-report/iMX6_Platform_SDK/output/mx6dq/lib/libsdk.a(usb_dci_imx6.o)
                0x10003a30                USB_DCI_Init
                0x10003b74                USB_DCI_DeInit
                0x10003b8c                USB_DCI_Init_EndPoint
                0x10003cac                _usb_device_cancel_transfer
                0x10003ce0                USB_DCI_Deinit_EndPoint
                0x10003d18                _usb_device_stall_endpoint
                0x10003e00                _usb_device_unstall_endpoint
                0x10003ee8                _usb_device_read_setup_data
                0x10003f10                _usb_device_get_transfer_status
                0x10003f44                _usb_device_recv_data
                0x10003fe8                _usb_device_send_data
                0x10004090                _usb_device_set_address
                0x10004108                _usb_device_shutdown
                0x10004124                _usb_device_assert_resume
                0x10004140                Clear_Mem
 .text          0x10006b30      0x6e0 /home/leon/git/swp-report/iMX6_Platform_SDK/output/mx6dq/lib/libsdk.a(usb_driver.o)
                0x10006bd8                _usb_device_init
                0x10006c70                _usb_device_deinit
                0x10006c9c                _usb_device_init_endpoint
                0x10006d94                _usb_device_deinit_endpoint
                0x10006e64                _usb_device_get_status
                0x10006f18                _usb_device_set_status
                0x10007074                _usb_device_register_service
                0x10007100                _usb_device_unregister_service
                0x10007184                USB_Device_Call_Service
                0x100071f0                USB_NULL_CALLBACK
 .text          0x10007210      0xcdc /home/leon/git/swp-report/iMX6_Platform_SDK/output/mx6dq/lib/libsdk.a(ccm_pll.o)
                0x10007210                ccm_init
                0x10007334                get_main_clock
                0x100075c4                get_peri_clock
                0x10007774                ccm_ccgr_config
                0x100077dc                clock_gating_config
                0x10007c5c                ccm_set_lpm_wakeup_source
                0x10007d50                ccm_enter_low_power
                0x10007dc0                ipu_hsp_clk_config
                0x10007de0                gpu_clock_config
 .text          0x10007eec      0x164 /home/leon/git/swp-report/iMX6_Platform_SDK/output/mx6dq/lib/libsdk.a(cortexA9.o)
                0x10007eec                arm_set_interrupt_state
                0x10007f10                cpu_get_current
                0x10007f1c                enable_neon_fpu
                0x10007f38                disable_strict_align_check
                0x10007f4c                disable_L1_cache
                0x10007f6c                get_arm_private_peripheral_base
                0x10007f74                arm_unified_tlb_invalidate
                0x10007f84                arm_unified_tlb_invalidate_is
                0x10007f94                arm_branch_prediction_enable
                0x10007fa4                arm_branch_prediction_disable
                0x10007fb4                arm_branch_target_cache_invalidate
                0x10007fc0                arm_branch_target_cache_invalidate_is
                0x10007fcc                scu_enable
                0x10007fe0                scu_join_smp
                0x10007ff0                scu_leave_smp
                0x10008000                scu_get_cpus_in_smp
                0x10008014                scu_enable_maintenance_broadcast
                0x10008024                scu_disable_maintenance_broadcast
                0x10008034                scu_secure_invalidate
 .text          0x10008050      0x5e0 /home/leon/git/swp-report/iMX6_Platform_SDK/output/mx6dq/lib/libsdk.a(gic.o)
                0x10008134                gic_enable
                0x10008194                gic_set_irq_security
                0x1000823c                gic_enable_irq
                0x100082b8                gic_set_irq_priority
                0x10008300                gic_set_cpu_target
                0x1000840c                gic_send_sgi
                0x10008460                gic_cpu_enable
                0x100084c0                gic_set_cpu_priority_mask
                0x100084f4                gic_read_irq_ack
                0x10008520                gic_write_end_of_irq
                0x10008550                gic_init
                0x100085f4                gic_init_cpu
 .text          0x10008630      0x1bc /home/leon/git/swp-report/iMX6_Platform_SDK/output/mx6dq/lib/libsdk.a(interrupt.o)
                0x10008630                IRQ_HDLR
                0x100086f8                disable_interrupt
                0x10008734                enable_interrupt
                0x1000878c                register_interrupt_routine
                0x100087c0                default_interrupt_routine
 .text          0x100087ec      0x460 /home/leon/git/swp-report/iMX6_Platform_SDK/output/mx6dq/lib/libsdk.a(mmu.o)
                0x100087ec                mmu_enable
                0x10008824                mmu_disable
                0x10008858                mmu_init
                0x10008974                mmu_map_l1_range
                0x10008b8c                mmu_virtual_to_physical
 .text          0x10008c4c        0x0 /home/leon/git/swp-report/iMX6_Platform_SDK/output/mx6dq/lib/libsdk.a(startup.o)
 .text          0x10008c4c        0x4 /home/leon/git/swp-report/iMX6_Platform_SDK/output/mx6dq/lib/libsdk.a(vectors.o)
                0x10008c4c                exception_handler
 .text.vectors  0x10008c50       0x48 /home/leon/git/swp-report/iMX6_Platform_SDK/output/mx6dq/lib/libsdk.a(vectors.o)
                0x10008c50                vectors
 .text          0x10008c98      0x914 /home/leon/git/swp-report/iMX6_Platform_SDK/output/mx6dq/lib/libsdk.a(system_util.o)
                0x10008c98                _sys_exit
                0x10008cb4                mybkpt
                0x10008cbc                is_input_char
                0x10008e3c                read_input_string
                0x10009124                get_input_hex
                0x100093a4                read_int
                0x10009508                jump_to_sdp
 .text          0x100095ac       0xe0 /home/leon/git/swp-report/iMX6_Platform_SDK/output/mx6dq/lib/libsdk.a(text_color.o)
                0x100095ac                printf_color
                0x10009648                get_color_supported
 .text          0x1000968c      0x290 /home/leon/git/swp-report/iMX6_Platform_SDK/output/mx6dq/lib/libsdk.a(timer.o)
                0x1000968c                hal_delay_us
                0x100096fc                system_time_init
                0x1000985c                time_get_microseconds
 .text          0x1000991c     0x2820 /home/leon/git/swp-report/iMX6_Platform_SDK/output/mx6dq/lib/libsdk.a(imx_uart.o)
                0x1000991c                uart_get_reffreq
                0x10009a18                uart_putchar
                0x10009b68                uart_getchar
                0x10009cc8                uart_set_FIFO_mode
                0x1000a7f4                uart_set_loopback_mode
                0x1000aa48                uart_setup_interrupt
                0x1000ab14                uart_init
 .text          0x1000c13c       0x98 /home/leon/git/swp-report/iMX6_Platform_SDK/output/mx6dq/lib/libsdk.a(arm_abort.o)
                0x1000c13c                common_abort_handler
                0x1000c19c                data_abort_handler
                0x1000c1b4                prefetch_abort_handler
 .text          0x1000c1d4      0x8e0 /home/leon/git/swp-report/iMX6_Platform_SDK/output/mx6dq/lib/libsdk.a(epit.o)
                0x1000c1d4                epit_reload_counter
                0x1000c234                epit_get_counter_value
                0x1000c290                epit_set_compare_event
                0x1000c2f0                epit_get_compare_event
                0x1000c3e8                epit_counter_disable
                0x1000c5ac                epit_counter_enable
                0x1000c808                epit_setup_interrupt
                0x1000c898                epit_init
 .text          0x1000cab4      0x4bc /home/leon/git/swp-report/iMX6_Platform_SDK/output/mx6dq/lib/libsdk.a(abort_handler.o)
                0x1000cab4                dump_regs
 .text          0x1000cf70       0x80 /home/leon/git/swp-report/iMX6_Platform_SDK/output/mx6dq/lib/libboard_evb_rev_a.a(board_io_expanders.o)
                0x1000cf70                board_ioexpander_init
                0x1000cfe0                board_ioexpander_iomux_config
 .text          0x1000cff0        0x0 /home/leon/git/swp-report/iMX6_Platform_SDK/output/mx6dq/lib/libboard_evb_rev_a.a(hardware_modules.o)
 .text          0x1000cff0        0x0 /home/leon/git/swp-report/iMX6_Platform_SDK/output/mx6dq/lib/libboard_evb_rev_a.a(dcd.o)
 .text          0x1000cff0       0x90 /home/leon/git/swp-report/iMX6_Platform_SDK/output/mx6dq/lib/libboard_evb_rev_a.a(uart_iomux_config.o)
                0x1000cff0                uart_iomux_config
 .text          0x1000d080      0x2c4 /home/leon/git/swp-report/iMX6_Platform_SDK/output/mx6dq/lib/libboard_evb_rev_a.a(iomux_config.o)
                0x1000d080                iomux_config
                0x1000d104                arm_iomux_config
                0x1000d114                asrc_iomux_config
                0x1000d124                audmux_iomux_config
                0x1000d134                dcic1_iomux_config
                0x1000d144                dcic2_iomux_config
                0x1000d154                ecspi2_iomux_config
                0x1000d164                ecspi3_iomux_config
                0x1000d174                ecspi4_iomux_config
                0x1000d184                ecspi5_iomux_config
                0x1000d194                eim_iomux_config
                0x1000d1a4                epit1_iomux_config
                0x1000d1b4                epit2_iomux_config
                0x1000d1c4                gpio1_iomux_config
                0x1000d1d4                gpio2_iomux_config
                0x1000d1e4                gpio7_iomux_config
                0x1000d1f4                gpt_iomux_config
                0x1000d204                ipu2_iomux_config
                0x1000d214                ldb_iomux_config
                0x1000d224                mipi_csi_iomux_config
                0x1000d234                mipi_dsi_iomux_config
                0x1000d244                mipi_hsi_iomux_config
                0x1000d254                pcie_iomux_config
                0x1000d264                pmu_iomux_config
                0x1000d274                pwm2_iomux_config
                0x1000d284                pwm3_iomux_config
                0x1000d294                pwm4_iomux_config
                0x1000d2a4                sata_phy_iomux_config
                0x1000d2b4                sdma_iomux_config
                0x1000d2c4                snvs_iomux_config
                0x1000d2d4                src_iomux_config
                0x1000d2e4                uart1_iomux_config
                0x1000d2f4                uart3_iomux_config
                0x1000d304                uart5_iomux_config
                0x1000d314                wdog1_iomux_config
                0x1000d324                wdog2_iomux_config
                0x1000d334                xtalosc_iomux_config
 .text          0x1000d344      0x5f8 /home/leon/git/swp-report/iMX6_Platform_SDK/output/mx6dq/lib/libboard_evb_rev_a.a(ipu1_iomux_config.o)
                0x1000d344                ipu1_iomux_config
 .text          0x1000d93c      0x148 /home/leon/git/swp-report/iMX6_Platform_SDK/output/mx6dq/lib/libboard_evb_rev_a.a(kpp_iomux_config.o)
                0x1000d93c                kpp_iomux_config
 .text          0x1000da84       0xac /home/leon/git/swp-report/iMX6_Platform_SDK/output/mx6dq/lib/libboard_evb_rev_a.a(mlb_iomux_config.o)
                0x1000da84                mlb_iomux_config
 .text          0x1000db30     0x2884 /home/leon/git/swp-report/iMX6_Platform_SDK/output/mx6dq/lib/libboard_evb_rev_a.a(mmdc_iomux_config.o)
                0x1000db30                mmdc_iomux_config
 .text          0x100103b4       0x34 /home/leon/git/swp-report/iMX6_Platform_SDK/output/mx6dq/lib/libboard_evb_rev_a.a(pwm1_iomux_config.o)
                0x100103b4                pwm1_iomux_config
 .text          0x100103e8       0x70 /home/leon/git/swp-report/iMX6_Platform_SDK/output/mx6dq/lib/libboard_evb_rev_a.a(sjc_iomux_config.o)
                0x100103e8                sjc_iomux_config
 .text          0x10010458       0xe0 /home/leon/git/swp-report/iMX6_Platform_SDK/output/mx6dq/lib/libboard_evb_rev_a.a(spdif_iomux_config.o)
                0x10010458                spdif_iomux_config
 .text          0x10010538       0xe0 /home/leon/git/swp-report/iMX6_Platform_SDK/output/mx6dq/lib/libboard_evb_rev_a.a(uart2_iomux_config.o)
                0x10010538                uart2_iomux_config
 .text          0x10010618       0x78 /home/leon/git/swp-report/iMX6_Platform_SDK/output/mx6dq/lib/libboard_evb_rev_a.a(uart4_iomux_config.o)
                0x10010618                uart4_iomux_config
 .text          0x10010690       0x8c /home/leon/git/swp-report/iMX6_Platform_SDK/output/mx6dq/lib/libboard_evb_rev_a.a(usb_iomux_config.o)
                0x10010690                usb_iomux_config
 .text          0x1001071c      0x178 /home/leon/git/swp-report/iMX6_Platform_SDK/output/mx6dq/lib/libboard_evb_rev_a.a(usdhc1_iomux_config.o)
                0x1001071c                usdhc1_iomux_config
 .text          0x10010894      0x19c /home/leon/git/swp-report/iMX6_Platform_SDK/output/mx6dq/lib/libboard_evb_rev_a.a(usdhc2_iomux_config.o)
                0x10010894                usdhc2_iomux_config
 .text          0x10010a30      0x1c0 /home/leon/git/swp-report/iMX6_Platform_SDK/output/mx6dq/lib/libboard_evb_rev_a.a(usdhc3_iomux_config.o)
                0x10010a30                usdhc3_iomux_config
 .text          0x10010bf0      0x178 /home/leon/git/swp-report/iMX6_Platform_SDK/output/mx6dq/lib/libboard_evb_rev_a.a(usdhc4_iomux_config.o)
                0x10010bf0                usdhc4_iomux_config
 .text          0x10010d68       0x34 /home/leon/git/swp-report/iMX6_Platform_SDK/output/mx6dq/lib/libboard_evb_rev_a.a(ccm_iomux_config.o)
                0x10010d68                ccm_iomux_config
 .text          0x10010d9c      0x114 /home/leon/git/swp-report/iMX6_Platform_SDK/output/mx6dq/lib/libboard_evb_rev_a.a(ecspi1_iomux_config.o)
                0x10010d9c                ecspi1_iomux_config
 .text          0x10010eb0      0x3bc /home/leon/git/swp-report/iMX6_Platform_SDK/output/mx6dq/lib/libboard_evb_rev_a.a(enet_iomux_config.o)
                0x10010eb0                enet_iomux_config
 .text          0x1001126c      0x280 /home/leon/git/swp-report/iMX6_Platform_SDK/output/mx6dq/lib/libboard_evb_rev_a.a(esai_iomux_config.o)
                0x1001126c                esai_iomux_config
 .text          0x100114ec       0x68 /home/leon/git/swp-report/iMX6_Platform_SDK/output/mx6dq/lib/libboard_evb_rev_a.a(flexcan1_iomux_config.o)
                0x100114ec                flexcan1_iomux_config
 .text          0x10011554       0x68 /home/leon/git/swp-report/iMX6_Platform_SDK/output/mx6dq/lib/libboard_evb_rev_a.a(flexcan2_iomux_config.o)
                0x10011554                flexcan2_iomux_config
 .text          0x100115bc       0x58 /home/leon/git/swp-report/iMX6_Platform_SDK/output/mx6dq/lib/libboard_evb_rev_a.a(gpio3_iomux_config.o)
                0x100115bc                gpio3_iomux_config
 .text          0x10011614       0x58 /home/leon/git/swp-report/iMX6_Platform_SDK/output/mx6dq/lib/libboard_evb_rev_a.a(gpio4_iomux_config.o)
                0x10011614                gpio4_iomux_config
 .text          0x1001166c       0xa0 /home/leon/git/swp-report/iMX6_Platform_SDK/output/mx6dq/lib/libboard_evb_rev_a.a(gpio5_iomux_config.o)
                0x1001166c                gpio5_iomux_config
 .text          0x1001170c       0x58 /home/leon/git/swp-report/iMX6_Platform_SDK/output/mx6dq/lib/libboard_evb_rev_a.a(gpio6_iomux_config.o)
                0x1001170c                gpio6_iomux_config
 .text          0x10011764      0x2bc /home/leon/git/swp-report/iMX6_Platform_SDK/output/mx6dq/lib/libboard_evb_rev_a.a(gpmi_iomux_config.o)
                0x10011764                gpmi_iomux_config
 .text          0x10011a20       0x40 /home/leon/git/swp-report/iMX6_Platform_SDK/output/mx6dq/lib/libboard_evb_rev_a.a(hdmi_iomux_config.o)
                0x10011a20                hdmi_iomux_config
 .text          0x10011a60       0x78 /home/leon/git/swp-report/iMX6_Platform_SDK/output/mx6dq/lib/libboard_evb_rev_a.a(i2c1_iomux_config.o)
                0x10011a60                i2c1_iomux_config
 .text          0x10011ad8       0x78 /home/leon/git/swp-report/iMX6_Platform_SDK/output/mx6dq/lib/libboard_evb_rev_a.a(i2c2_iomux_config.o)
                0x10011ad8                i2c2_iomux_config
 .text          0x10011b50       0x78 /home/leon/git/swp-report/iMX6_Platform_SDK/output/mx6dq/lib/libboard_evb_rev_a.a(i2c3_iomux_config.o)
                0x10011b50                i2c3_iomux_config
 .text          0x10011bc8       0xa4 /home/leon/riotboard/arm-2012.09/bin/../arm-none-eabi/lib//libm.a(lib_a-sf_cos.o)
                0x10011bc8                cosf
 .text          0x10011c6c       0xbc /home/leon/riotboard/arm-2012.09/bin/../arm-none-eabi/lib//libm.a(lib_a-sf_sin.o)
                0x10011c6c                sinf
 .text          0x10011d28      0x460 /home/leon/riotboard/arm-2012.09/bin/../arm-none-eabi/lib//libm.a(lib_a-ef_rem_pio2.o)
                0x10011d28                __ieee754_rem_pio2f
 .text          0x10012188      0x214 /home/leon/riotboard/arm-2012.09/bin/../arm-none-eabi/lib//libm.a(lib_a-kf_cos.o)
                0x10012188                __kernel_cosf
 .text          0x1001239c      0x960 /home/leon/riotboard/arm-2012.09/bin/../arm-none-eabi/lib//libm.a(lib_a-kf_rem_pio2.o)
                0x1001239c                __kernel_rem_pio2f
 .text          0x10012cfc      0x14c /home/leon/riotboard/arm-2012.09/bin/../arm-none-eabi/lib//libm.a(lib_a-kf_sin.o)
                0x10012cfc                __kernel_sinf
 .text          0x10012e48        0x8 /home/leon/riotboard/arm-2012.09/bin/../arm-none-eabi/lib//libm.a(lib_a-sf_fabs.o)
                0x10012e48                fabsf
 .text          0x10012e50       0xd0 /home/leon/riotboard/arm-2012.09/bin/../arm-none-eabi/lib//libm.a(lib_a-sf_floor.o)
                0x10012e50                floorf
 .text          0x10012f20      0x120 /home/leon/riotboard/arm-2012.09/bin/../arm-none-eabi/lib//libm.a(lib_a-sf_scalbn.o)
                0x10012f20                scalbnf
 .text          0x10013040       0x10 /home/leon/riotboard/arm-2012.09/bin/../arm-none-eabi/lib//libm.a(lib_a-sf_copysign.o)
                0x10013040                copysignf
 .text          0x10013050       0x68 /home/leon/riotboard/arm-2012.09/bin/../arm-none-eabi/lib//libc.a(lib_a-assert.o)
                0x10013050                __assert_func
                0x100130a8                __assert
 .text          0x100130b8       0x20 /home/leon/riotboard/arm-2012.09/bin/../arm-none-eabi/lib//libc.a(lib_a-bzero.o)
                0x100130b8                bzero
 .text          0x100130d8       0x70 /home/leon/riotboard/arm-2012.09/bin/../arm-none-eabi/lib//libc.a(lib_a-fiprintf.o)
                0x100130d8                _fiprintf_r
                0x10013108                fiprintf
 .text          0x10013148       0x94 /home/leon/riotboard/arm-2012.09/bin/../arm-none-eabi/lib//libc.a(lib_a-fputc.o)
                0x10013148                _fputc_r
                0x1001318c                fputc
 .text          0x100131dc        0x0 /home/leon/riotboard/arm-2012.09/bin/../arm-none-eabi/lib//libc.a(lib_a-impure.o)
 .text          0x100131dc       0x88 /home/leon/riotboard/arm-2012.09/bin/../arm-none-eabi/lib//libc.a(lib_a-init.o)
                0x100131dc                __libc_init_array
 .text          0x10013264       0x40 /home/leon/riotboard/arm-2012.09/bin/../arm-none-eabi/lib//libc.a(lib_a-malloc.o)
                0x10013264                malloc
                0x10013284                free
 .text          0x100132a4      0x71c /home/leon/riotboard/arm-2012.09/bin/../arm-none-eabi/lib//libc.a(lib_a-mallocr.o)
                0x100132a4                _malloc_r
 .text          0x100139c0      0x20c /home/leon/riotboard/arm-2012.09/bin/../arm-none-eabi/lib//libc.a(lib_a-memcpy.o)
                0x100139c0                memcpy
 .text          0x10013bcc      0x134 /home/leon/riotboard/arm-2012.09/bin/../arm-none-eabi/lib//libc.a(lib_a-memset.o)
                0x10013bcc                memset
 .text          0x10013d00        0x8 /home/leon/riotboard/arm-2012.09/bin/../arm-none-eabi/lib//libc.a(lib_a-mlock.o)
                0x10013d00                __malloc_lock
                0x10013d04                __malloc_unlock
 .text          0x10013d08       0x74 /home/leon/riotboard/arm-2012.09/bin/../arm-none-eabi/lib//libc.a(lib_a-printf.o)
                0x10013d08                _printf_r
                0x10013d3c                printf
 .text          0x10013d7c      0x170 /home/leon/riotboard/arm-2012.09/bin/../arm-none-eabi/lib//libc.a(lib_a-putc.o)
                0x10013d7c                _putc_r
                0x10013e2c                putc
 .text          0x10013eec       0x28 /home/leon/riotboard/arm-2012.09/bin/../arm-none-eabi/lib//libc.a(lib_a-realloc.o)
                0x10013eec                realloc
 .text          0x10013f14      0x574 /home/leon/riotboard/arm-2012.09/bin/../arm-none-eabi/lib//libc.a(lib_a-reallocr.o)
                0x10013f14                _realloc_r
 .text          0x10014488       0x6c /home/leon/riotboard/arm-2012.09/bin/../arm-none-eabi/lib//libc.a(lib_a-rget.o)
                0x10014488                __srget_r
                0x100144e0                __srget
 .text          0x100144f4       0x40 /home/leon/riotboard/arm-2012.09/bin/../arm-none-eabi/lib//libc.a(lib_a-sbrkr.o)
                0x100144f4                _sbrk_r
 .text          0x10014534     0x12c4 /home/leon/riotboard/arm-2012.09/bin/../arm-none-eabi/lib//libc.a(lib_a-vfiprintf.o)
                0x10014534                __sprint_r
                0x100145f0                _vfiprintf_r
                0x100157cc                vfiprintf
 .text          0x100157f8     0x2180 /home/leon/riotboard/arm-2012.09/bin/../arm-none-eabi/lib//libc.a(lib_a-vfprintf.o)
                0x100157f8                _vfprintf_r
                0x1001794c                vfprintf
 .text          0x10017978       0x4c /home/leon/riotboard/arm-2012.09/bin/../arm-none-eabi/lib//libc.a(lib_a-vprintf.o)
                0x10017978                vprintf
                0x100179a4                _vprintf_r
 .text          0x100179c4      0x14c /home/leon/riotboard/arm-2012.09/bin/../arm-none-eabi/lib//libc.a(lib_a-wbuf.o)
                0x100179c4                __swbuf_r
                0x10017af4                __swbuf
 .text          0x10017b10      0x138 /home/leon/riotboard/arm-2012.09/bin/../arm-none-eabi/lib//libc.a(lib_a-wsetup.o)
                0x10017b10                __swsetup_r
 .text          0x10017c48       0x14 /home/leon/riotboard/arm-2012.09/bin/../arm-none-eabi/lib//libc.a(lib_a-abort.o)
                0x10017c48                abort
 *fill*         0x10017c5c        0x4 
 .text          0x10017c60     0x18a8 /home/leon/riotboard/arm-2012.09/bin/../arm-none-eabi/lib//libc.a(lib_a-dtoa.o)
                0x10017e40                _dtoa_r
 .text          0x10019508      0x26c /home/leon/riotboard/arm-2012.09/bin/../arm-none-eabi/lib//libc.a(lib_a-fflush.o)
                0x10019508                _fflush_r
                0x10019734                fflush
 .text          0x10019774      0x2c4 /home/leon/riotboard/arm-2012.09/bin/../arm-none-eabi/lib//libc.a(lib_a-findfp.o)
                0x10019784                _cleanup_r
                0x10019818                __sfmoreglue
                0x10019860                _cleanup
                0x10019870                __sinit
                0x100198e8                __sfp
                0x100199e0                __sfp_lock_acquire
                0x100199e4                __sfp_lock_release
                0x100199e8                __sinit_lock_acquire
                0x100199ec                __sinit_lock_release
                0x100199f0                __fp_lock_all
                0x10019a14                __fp_unlock_all
 .text          0x10019a38      0x19c /home/leon/riotboard/arm-2012.09/bin/../arm-none-eabi/lib//libc.a(lib_a-fputwc.o)
                0x10019a38                _fputwc_r
                0x10019b88                fputwc
 .text          0x10019bd4      0x368 /home/leon/riotboard/arm-2012.09/bin/../arm-none-eabi/lib//libc.a(lib_a-freer.o)
                0x10019bd4                _malloc_trim_r
                0x10019cd0                _free_r
 .text          0x10019f3c      0x4c4 /home/leon/riotboard/arm-2012.09/bin/../arm-none-eabi/lib//libc.a(lib_a-fvwrite.o)
                0x10019f3c                __sfvwrite_r
 .text          0x1001a400      0x114 /home/leon/riotboard/arm-2012.09/bin/../arm-none-eabi/lib//libc.a(lib_a-fwalk.o)
                0x1001a400                _fwalk
                0x1001a488                _fwalk_reent
 .text          0x1001a514       0xd0 /home/leon/riotboard/arm-2012.09/bin/../arm-none-eabi/lib//libc.a(lib_a-locale.o)
                0x1001a514                _setlocale_r
                0x1001a580                __locale_charset
                0x1001a58c                __locale_mb_cur_max
                0x1001a59c                __locale_msgcharset
                0x1001a5a8                __locale_cjk_lang
                0x1001a5b0                _localeconv_r
                0x1001a5bc                setlocale
                0x1001a5d8                localeconv
 .text          0x1001a5e4      0x15c /home/leon/riotboard/arm-2012.09/bin/../arm-none-eabi/lib//libc.a(lib_a-makebuf.o)
                0x1001a5e4                __smakebuf_r
 .text          0x1001a740      0x11c /home/leon/riotboard/arm-2012.09/bin/../arm-none-eabi/lib//libc.a(lib_a-memchr.o)
                0x1001a740                memchr
 .text          0x1001a85c      0x134 /home/leon/riotboard/arm-2012.09/bin/../arm-none-eabi/lib//libc.a(lib_a-memmove.o)
                0x1001a85c                memmove
 .text          0x1001a990      0xd20 /home/leon/riotboard/arm-2012.09/bin/../arm-none-eabi/lib//libc.a(lib_a-mprec.o)
                0x1001a990                _Balloc
                0x1001aa1c                _Bfree
                0x1001aa38                __multadd
                0x1001ab14                __s2b
                0x1001ac04                __hi0bits
                0x1001ac54                __lo0bits
                0x1001ace8                __i2b
                0x1001ad0c                __multiply
                0x1001aef0                __pow5mult
                0x1001afe4                __lshift
                0x1001b0e8                __mcmp
                0x1001b14c                __mdiff
                0x1001b298                __ulp
                0x1001b2fc                __b2d
                0x1001b3c8                __d2b
                0x1001b4d0                __ratio
                0x1001b560                _mprec_log10
                0x1001b5b4                __copybits
                0x1001b628                __any_on
 .text          0x1001b6b0      0x19c /home/leon/riotboard/arm-2012.09/bin/../arm-none-eabi/lib//libc.a(lib_a-reent.o)
                0x1001b6b0                cleanup_glue
                0x1001b6dc                _reclaim_reent
                0x1001b7d8                _wrapup_reent
 .text          0x1001b84c      0x1cc /home/leon/riotboard/arm-2012.09/bin/../arm-none-eabi/lib//libc.a(lib_a-refill.o)
                0x1001b874                __srefill_r
 .text          0x1001ba18       0x6c /home/leon/riotboard/arm-2012.09/bin/../arm-none-eabi/lib//libc.a(lib_a-s_fpclassify.o)
                0x1001ba18                __fpclassifyd
 .text          0x1001ba84      0x24c /home/leon/riotboard/arm-2012.09/bin/../arm-none-eabi/lib//libc.a(lib_a-signal.o)
                0x1001ba84                _init_signal_r
                0x1001bae4                _signal_r
                0x1001bb50                _raise_r
                0x1001bbe8                __sigtramp_r
                0x1001bc7c                raise
                0x1001bc90                signal
                0x1001bcac                _init_signal
                0x1001bcbc                __sigtramp
 .text          0x1001bcd0       0x50 /home/leon/riotboard/arm-2012.09/bin/../arm-none-eabi/lib//libc.a(lib_a-signalr.o)
                0x1001bcd0                _kill_r
                0x1001bd10                _getpid_r
 .text          0x1001bd20       0xdc /home/leon/riotboard/arm-2012.09/bin/../arm-none-eabi/lib//libc.a(lib_a-stdio.o)
                0x1001bd20                __sread
                0x1001bd54                __seofread
                0x1001bd5c                __swrite
                0x1001bdb4                __sseek
                0x1001bde8                __sclose
 .text          0x1001bdfc      0x230 /home/leon/riotboard/arm-2012.09/bin/../arm-none-eabi/lib//libc.a(lib_a-strcmp.o)
                0x1001bdfc                strcmp
 .text          0x1001c02c       0x60 /home/leon/riotboard/arm-2012.09/bin/../arm-none-eabi/lib//libc.a(lib_a-strlen.o)
                0x1001c02c                strlen
 .text          0x1001c08c      0x134 /home/leon/riotboard/arm-2012.09/bin/../arm-none-eabi/lib//libc.a(lib_a-wcrtomb.o)
                0x1001c08c                _wcrtomb_r
                0x1001c11c                wcrtomb
 .text          0x1001c1c0       0x7c /home/leon/riotboard/arm-2012.09/bin/../arm-none-eabi/lib//libc.a(lib_a-wctomb_r.o)
                0x1001c1c0                __ascii_wctomb
                0x1001c1ec                _wctomb_r
 .text          0x1001c23c       0x44 /home/leon/riotboard/arm-2012.09/bin/../arm-none-eabi/lib//libc.a(lib_a-writer.o)
                0x1001c23c                _write_r
 .text          0x1001c280       0x94 /home/leon/riotboard/arm-2012.09/bin/../arm-none-eabi/lib//libc.a(lib_a-callocr.o)
                0x1001c280                _calloc_r
 .text          0x1001c314       0x3c /home/leon/riotboard/arm-2012.09/bin/../arm-none-eabi/lib//libc.a(lib_a-closer.o)
                0x1001c314                _close_r
 .text          0x1001c350      0x10c /home/leon/riotboard/arm-2012.09/bin/../arm-none-eabi/lib//libc.a(lib_a-fclose.o)
                0x1001c350                _fclose_r
                0x1001c448                fclose
 .text          0x1001c45c       0x40 /home/leon/riotboard/arm-2012.09/bin/../arm-none-eabi/lib//libc.a(lib_a-fstatr.o)
                0x1001c45c                _fstat_r
 .text          0x1001c49c       0x3c /home/leon/riotboard/arm-2012.09/bin/../arm-none-eabi/lib//libc.a(lib_a-isattyr.o)
                0x1001c49c                _isatty_r
 .text          0x1001c4d8       0x44 /home/leon/riotboard/arm-2012.09/bin/../arm-none-eabi/lib//libc.a(lib_a-lseekr.o)
                0x1001c4d8                _lseek_r
 .text          0x1001c51c       0x44 /home/leon/riotboard/arm-2012.09/bin/../arm-none-eabi/lib//libc.a(lib_a-readr.o)
                0x1001c51c                _read_r
 .text          0x1001c560      0x114 /home/leon/riotboard/arm-2012.09/bin/../lib/gcc/arm-none-eabi/4.7.2//libgcc.a(_udivsi3.o)
                0x1001c560                __udivsi3
                0x1001c560                __aeabi_uidiv
                0x1001c654                __aeabi_uidivmod
 .text          0x1001c674        0x4 /home/leon/riotboard/arm-2012.09/bin/../lib/gcc/arm-none-eabi/4.7.2//libgcc.a(_dvmd_tls.o)
                0x1001c674                __aeabi_ldiv0
                0x1001c674                __aeabi_idiv0
 .text          0x1001c678      0x41c /home/leon/riotboard/arm-2012.09/bin/../lib/gcc/arm-none-eabi/4.7.2//libgcc.a(_arm_addsubdf3.o)
                0x1001c678                __aeabi_drsub
                0x1001c680                __aeabi_dsub
                0x1001c680                __subdf3
                0x1001c684                __adddf3
                0x1001c684                __aeabi_dadd
                0x1001c994                __aeabi_ui2d
                0x1001c994                __floatunsidf
                0x1001c9b8                __floatsidf
                0x1001c9b8                __aeabi_i2d
                0x1001c9e0                __extendsfdf2
                0x1001c9e0                __aeabi_f2d
                0x1001ca20                __aeabi_ul2d
                0x1001ca20                __floatundidf
                0x1001ca34                __floatdidf
                0x1001ca34                __aeabi_l2d
 .text          0x1001ca94      0x49c /home/leon/riotboard/arm-2012.09/bin/../lib/gcc/arm-none-eabi/4.7.2//libgcc.a(_arm_muldivdf3.o)
                0x1001ca94                __aeabi_dmul
                0x1001ca94                __muldf3
                0x1001cd24                __aeabi_ddiv
                0x1001cd24                __divdf3
 .text          0x1001cf30      0x144 /home/leon/riotboard/arm-2012.09/bin/../lib/gcc/arm-none-eabi/4.7.2//libgcc.a(_arm_cmpdf2.o)
                0x1001cf30                __gtdf2
                0x1001cf30                __gedf2
                0x1001cf38                __ltdf2
                0x1001cf38                __ledf2
                0x1001cf40                __cmpdf2
                0x1001cf40                __eqdf2
                0x1001cf40                __nedf2
                0x1001cfc8                __aeabi_cdrcmple
                0x1001cfe4                __aeabi_cdcmple
                0x1001cfe4                __aeabi_cdcmpeq
                0x1001cffc                __aeabi_dcmpeq
                0x1001d014                __aeabi_dcmplt
                0x1001d02c                __aeabi_dcmple
                0x1001d044                __aeabi_dcmpge
                0x1001d05c                __aeabi_dcmpgt
 .text          0x1001d074       0x5c /home/leon/riotboard/arm-2012.09/bin/../lib/gcc/arm-none-eabi/4.7.2//libgcc.a(_arm_fixdfsi.o)
                0x1001d074                __fixdfsi
                0x1001d074                __aeabi_d2iz
 .text          0x1001d0d0      0x2ac /home/leon/riotboard/arm-2012.09/bin/../lib/gcc/arm-none-eabi/4.7.2//libgcc.a(_arm_addsubsf3.o)
                0x1001d0d0                __aeabi_frsub
                0x1001d0d8                __subsf3
                0x1001d0d8                __aeabi_fsub
                0x1001d0dc                __aeabi_fadd
                0x1001d0dc                __addsf3
                0x1001d298                __aeabi_ui2f
                0x1001d298                __floatunsisf
                0x1001d2a0                __aeabi_i2f
                0x1001d2a0                __floatsisf
                0x1001d2c0                __floatundisf
                0x1001d2c0                __aeabi_ul2f
                0x1001d2d0                __floatdisf
                0x1001d2d0                __aeabi_l2f
 .text          0x1001d37c      0x2f8 /home/leon/riotboard/arm-2012.09/bin/../lib/gcc/arm-none-eabi/4.7.2//libgcc.a(_arm_muldivsf3.o)
                0x1001d37c                __mulsf3
                0x1001d37c                __aeabi_fmul
                0x1001d514                __divsf3
                0x1001d514                __aeabi_fdiv
 .text          0x1001d674      0x114 /home/leon/riotboard/arm-2012.09/bin/../lib/gcc/arm-none-eabi/4.7.2//libgcc.a(_arm_cmpsf2.o)
                0x1001d674                __gtsf2
                0x1001d674                __gesf2
                0x1001d67c                __lesf2
                0x1001d67c                __ltsf2
                0x1001d684                __nesf2
                0x1001d684                __eqsf2
                0x1001d684                __cmpsf2
                0x1001d6e8                __aeabi_cfrcmple
                0x1001d6f8                __aeabi_cfcmple
                0x1001d6f8                __aeabi_cfcmpeq
                0x1001d710                __aeabi_fcmpeq
                0x1001d728                __aeabi_fcmplt
                0x1001d740                __aeabi_fcmple
                0x1001d758                __aeabi_fcmpge
                0x1001d770                __aeabi_fcmpgt
 .text          0x1001d788       0x5c /home/leon/riotboard/arm-2012.09/bin/../lib/gcc/arm-none-eabi/4.7.2//libgcc.a(_arm_fixsfsi.o)
                0x1001d788                __fixsfsi
                0x1001d788                __aeabi_f2iz
 .text          0x1001d7e4       0x3c /home/leon/riotboard/arm-2012.09/bin/../lib/gcc/arm-none-eabi/4.7.2//libgcc.a(_aeabi_uldivmod.o)
                0x1001d7e4                __aeabi_uldivmod
 .text          0x1001d820       0x84 /home/leon/riotboard/arm-2012.09/bin/../lib/gcc/arm-none-eabi/4.7.2//libgcc.a(bpabi.o)
                0x1001d820                __gnu_ldivmod_helper
                0x1001d864                __gnu_uldivmod_helper
 .text          0x1001d8a4      0x4f0 /home/leon/riotboard/arm-2012.09/bin/../lib/gcc/arm-none-eabi/4.7.2//libgcc.a(_divdi3.o)
                0x1001d8a4                __divdi3
 .text          0x1001dd94      0x488 /home/leon/riotboard/arm-2012.09/bin/../lib/gcc/arm-none-eabi/4.7.2//libgcc.a(_udivdi3.o)
                0x1001dd94                __udivdi3
 .text          0x1001e21c       0x48 /home/leon/riotboard/arm-2012.09/bin/../lib/gcc/arm-none-eabi/4.7.2//libgcc.a(_clzsi2.o)
                0x1001e21c                __clzsi2
 .text          0x1001e264      0x264 /home/leon/git/swp-report/iMX6_Platform_SDK/output/mx6dq/lib/libsdk.a(max7310.o)
                0x1001e264                max7310_reg_read
                0x1001e2c8                max7310_reg_write
                0x1001e334                max7310_init
                0x1001e414                max7310_set_gpio_output
 .text          0x1001e4c8      0x610 /home/leon/git/swp-report/iMX6_Platform_SDK/output/mx6dq/lib/libsdk.a(runtime_support.o)
                0x1001e4c8                _execve
                0x1001e504                _fork
                0x1001e52c                _isatty
                0x1001e550                _open
                0x1001e57c                _close
                0x1001e5a0                _lseek
                0x1001e5cc                _fstat
                0x1001e600                _read
                0x1001e6d0                _write
                0x1001e7bc                _raw_puts
                0x1001e83c                _sbrk
                0x1001e8ec                _exit
                0x1001e90c                _kill
                0x1001e944                _getpid
                0x1001e95c                _link
                0x1001e994                _unlink
                0x1001e9c8                _stat
                0x1001e9fc                _times
                0x1001ea20                _gettimeofday
                0x1001eaa4                _wait
 .text          0x1001ead8     0x14bc /home/leon/git/swp-report/iMX6_Platform_SDK/output/mx6dq/lib/libsdk.a(imx_i2c.o)
                0x1001eb08                i2c_get_request_instance
                0x1001f458                i2c_xfer
                0x1001fab4                i2c_read
                0x1001fae4                i2c_write
                0x1001fb14                i2c_setup_interrupt
                0x1001fd20                i2c_init
 .text          0x1001ff94       0x74 /home/leon/git/swp-report/iMX6_Platform_SDK/output/mx6dq/lib/libboard_evb_rev_a.a(i2c_iomux_config.o)
                0x1001ff94                i2c_iomux_config
 *(.glue_7t)
 .glue_7t       0x00000000        0x0 linker stubs
 *(.glue_7)
 .glue_7        0x00000000        0x0 linker stubs
 *(.vfp11_veneer)
 .vfp11_veneer  0x00000000        0x0 linker stubs
 *(.ARM.extab* .gnu.linkonce.armextab.*)
 .ARM.extab.startup
                0x10020008        0x0 /home/leon/git/swp-report/iMX6_Platform_SDK/output/mx6dq/lib/libsdk.a(startup.o)
 .ARM.extab     0x10020008        0x0 /home/leon/riotboard/arm-2012.09/bin/../lib/gcc/arm-none-eabi/4.7.2//libgcc.a(_divdi3.o)
 .ARM.extab     0x10020008        0x0 /home/leon/riotboard/arm-2012.09/bin/../lib/gcc/arm-none-eabi/4.7.2//libgcc.a(_udivdi3.o)
 *(.gcc_except_table)

.v4_bx          0x10020008        0x0
 .v4_bx         0x00000000        0x0 linker stubs

.iplt           0x10020008        0x0
 .iplt          0x00000000        0x0 /home/leon/riotboard/arm-2012.09/bin/../lib/gcc/arm-none-eabi/4.7.2//crtbegin.o

.ctors
 *crtbegin.o(.ctors)
 *crtbegin?.o(.ctors)
 *(EXCLUDE_FILE(*crtend?.o *crtend.o) .ctors)
 *(SORT(.ctors.*))
 *(.ctors)

.dtors
 *crtbegin.o(.dtors)
 *crtbegin?.o(.dtors)
 *(EXCLUDE_FILE(*crtend?.o *crtend.o) .dtors)
 *(SORT(.dtors.*))
 *(.dtors)

.rodata         0x10020008     0x1118
 *(.rodata .rodata.* .gnu.linkonce.r.*)
 .rodata        0x10020008      0x180 /home/leon/git/swp-report/iMX6_Platform_SDK/output/mx6dq/usb_hid_mouse/evb_rev_a/obj/apps/usb_hid_mouse/src/usb_descriptor.o
                0x10020008                usb_desc_ep
                0x10020034                g_device_descriptor
                0x10020048                g_config_descriptor
                0x1002006c                g_report_descriptor
                0x100200a0                USB_STR_0
                0x100200a4                USB_STR_1
                0x100200e0                USB_STR_2
                0x10020104                USB_STR_n
                0x10020128                g_std_desc_size
                0x1002013c                g_std_descriptors
                0x10020160                g_string_desc_size
                0x10020164                g_string_descriptors
                0x10020174                g_languages
                0x10020184                g_valid_config_values
 .rodata        0x10020188       0x5c /home/leon/git/swp-report/iMX6_Platform_SDK/output/mx6dq/lib/libsdk.a(usb_framework.o)
                0x10020188                g_validate_request
                0x100201b0                g_standard_request
 .rodata        0x100201e4       0xb0 /home/leon/git/swp-report/iMX6_Platform_SDK/output/mx6dq/lib/libsdk.a(usb_dci_imx6.o)
 .rodata        0x10020294       0x34 /home/leon/git/swp-report/iMX6_Platform_SDK/output/mx6dq/lib/libsdk.a(ccm_pll.o)
                0x10020294                PLL1_OUTPUT
                0x10020298                PLL2_OUTPUT
                0x100202ac                PLL3_OUTPUT
                0x100202c0                PLL4_OUTPUT
                0x100202c4                PLL5_OUTPUT
 .rodata        0x100202c8       0x64 /home/leon/git/swp-report/iMX6_Platform_SDK/output/mx6dq/lib/libsdk.a(gic.o)
 .rodata        0x1002032c       0x20 /home/leon/git/swp-report/iMX6_Platform_SDK/output/mx6dq/lib/libsdk.a(interrupt.o)
 .rodata        0x1002034c       0xcc /home/leon/git/swp-report/iMX6_Platform_SDK/output/mx6dq/lib/libsdk.a(system_util.o)
 .rodata        0x10020418       0xf4 /home/leon/git/swp-report/iMX6_Platform_SDK/output/mx6dq/lib/libsdk.a(text_color.o)
                0x10020420                g_TextAttributeDefault
                0x1002042c                g_TextAttributeBold
                0x10020438                g_TextAttributeDim
                0x10020444                g_TextAttributeUnderline
                0x10020450                g_TextAttributeBlink
                0x1002045c                g_TextAttributeReverse
                0x10020468                g_TextAttributeHidden
                0x10020474                g_TextColorBlack
                0x10020480                g_TextColorRed
                0x1002048c                g_TextColorGreen
                0x10020498                g_TextColorYellow
                0x100204a4                g_TextColorBlue
                0x100204b0                g_TextColorMagenta
                0x100204bc                g_TextColorCyan
                0x100204c8                g_TextColorWhite
                0x100204d8                g_TextColorOrange
                0x100204e8                g_TextColorLightBlue
                0x100204f8                g_TextColorGray
                0x10020508                g_TextColorPurple
 .rodata        0x1002050c      0x230 /home/leon/git/swp-report/iMX6_Platform_SDK/output/mx6dq/lib/libsdk.a(abort_handler.o)
 .rodata        0x1002073c       0x74 /home/leon/git/swp-report/iMX6_Platform_SDK/output/mx6dq/lib/libboard_evb_rev_a.a(uart_iomux_config.o)
 .rodata        0x100207b0      0x398 /home/leon/riotboard/arm-2012.09/bin/../arm-none-eabi/lib//libm.a(lib_a-ef_rem_pio2.o)
 .rodata        0x10020b48       0x38 /home/leon/riotboard/arm-2012.09/bin/../arm-none-eabi/lib//libm.a(lib_a-kf_rem_pio2.o)
 .rodata.str1.4
                0x10020b80       0x3f /home/leon/riotboard/arm-2012.09/bin/../arm-none-eabi/lib//libc.a(lib_a-assert.o)
                                 0x44 (size before relaxing)
 *fill*         0x10020bbf        0x1 
 .rodata        0x10020bc0        0x4 /home/leon/riotboard/arm-2012.09/bin/../arm-none-eabi/lib//libc.a(lib_a-impure.o)
                0x10020bc0                _global_impure_ptr
 .rodata.str1.4
                0x10020bc4        0x2 /home/leon/riotboard/arm-2012.09/bin/../arm-none-eabi/lib//libc.a(lib_a-impure.o)
                                  0x4 (size before relaxing)
 *fill*         0x10020bc6        0x2 
 .rodata        0x10020bc8       0x20 /home/leon/riotboard/arm-2012.09/bin/../arm-none-eabi/lib//libc.a(lib_a-vfiprintf.o)
 .rodata.str1.4
                0x10020be8       0x2f /home/leon/riotboard/arm-2012.09/bin/../arm-none-eabi/lib//libc.a(lib_a-vfiprintf.o)
                                 0x30 (size before relaxing)
 *fill*         0x10020c17        0x1 
 .rodata        0x10020c18       0x20 /home/leon/riotboard/arm-2012.09/bin/../arm-none-eabi/lib//libc.a(lib_a-vfprintf.o)
 .rodata.str1.4
                0x10020c38       0x12 /home/leon/riotboard/arm-2012.09/bin/../arm-none-eabi/lib//libc.a(lib_a-vfprintf.o)
                                 0x44 (size before relaxing)
 *fill*         0x10020c4a        0x2 
 .rodata.str1.4
                0x10020c4c       0x10 /home/leon/riotboard/arm-2012.09/bin/../arm-none-eabi/lib//libc.a(lib_a-dtoa.o)
                                 0x14 (size before relaxing)
 .rodata.str1.4
                0x10020c5c        0xc /home/leon/riotboard/arm-2012.09/bin/../arm-none-eabi/lib//libc.a(lib_a-locale.o)
                                 0x14 (size before relaxing)
 .rodata        0x10020c68      0x128 /home/leon/riotboard/arm-2012.09/bin/../arm-none-eabi/lib//libc.a(lib_a-mprec.o)
                0x10020c78                __mprec_tens
                0x10020d40                __mprec_tinytens
                0x10020d68                __mprec_bigtens
 .rodata        0x10020d90       0x20 /home/leon/git/swp-report/iMX6_Platform_SDK/output/mx6dq/lib/libsdk.a(runtime_support.o)
 .rodata        0x10020db0      0x2c4 /home/leon/git/swp-report/iMX6_Platform_SDK/output/mx6dq/lib/libsdk.a(imx_i2c.o)
 .rodata        0x10021074       0x74 /home/leon/git/swp-report/iMX6_Platform_SDK/output/mx6dq/lib/libboard_evb_rev_a.a(i2c_iomux_config.o)
                0x100210e8                . = ALIGN (0x4)
 *(.init)
 .init          0x100210e8        0xc /home/leon/riotboard/arm-2012.09/bin/../lib/gcc/arm-none-eabi/4.7.2//crti.o
                0x100210e8                _init
 .init          0x100210f4        0xc /home/leon/riotboard/arm-2012.09/bin/../lib/gcc/arm-none-eabi/4.7.2//crtn.o
                0x10021100                . = ALIGN (0x4)
                0x10021100                __init_array_start = .
 *(SORT(.init_array.*))
 *(.init_array)
 .init_array    0x10021100        0x4 /home/leon/riotboard/arm-2012.09/bin/../lib/gcc/arm-none-eabi/4.7.2//crtbegin.o
                0x10021104                __init_array_end = .
                0x10021104                . = ALIGN (0x4)
 *(.fini)
 .fini          0x10021104        0xc /home/leon/riotboard/arm-2012.09/bin/../lib/gcc/arm-none-eabi/4.7.2//crti.o
                0x10021104                _fini
 .fini          0x10021110        0xc /home/leon/riotboard/arm-2012.09/bin/../lib/gcc/arm-none-eabi/4.7.2//crtn.o
                0x1002111c                . = ALIGN (0x4)
                0x1002111c                __fini_array_start = .
 *(.fini_array)
 .fini_array    0x1002111c        0x4 /home/leon/riotboard/arm-2012.09/bin/../lib/gcc/arm-none-eabi/4.7.2//crtbegin.o
 *(SORT(.fini_array.*))
                0x10021120                __fini_array_end = .
                0x10021120                PROVIDE (__exidx_start, .)

.eh_frame       0x10021120        0x4
 .eh_frame      0x10021120        0x0 /home/leon/riotboard/arm-2012.09/bin/../lib/gcc/arm-none-eabi/4.7.2//crtbegin.o
 .eh_frame      0x10021120        0x4 /home/leon/riotboard/arm-2012.09/bin/../lib/gcc/arm-none-eabi/4.7.2//crtend.o

.ARM.exidx      0x10021124        0x8
 *(.ARM.exidx* .gnu.linkonce.armexidx.*)
 .ARM.exidx.startup
                0x10021124        0x8 /home/leon/git/swp-report/iMX6_Platform_SDK/output/mx6dq/lib/libsdk.a(startup.o)
 .ARM.exidx     0x1002112c        0x0 /home/leon/riotboard/arm-2012.09/bin/../lib/gcc/arm-none-eabi/4.7.2//libgcc.a(_divdi3.o)
                                  0x8 (size before relaxing)
 .ARM.exidx     0x1002112c        0x0 /home/leon/riotboard/arm-2012.09/bin/../lib/gcc/arm-none-eabi/4.7.2//libgcc.a(_udivdi3.o)
                                  0x8 (size before relaxing)
                0x1002112c                PROVIDE (__exidx_end, .)

.rel.dyn        0x1002112c        0x0
 .rel.iplt      0x00000000        0x0 /home/leon/riotboard/arm-2012.09/bin/../lib/gcc/arm-none-eabi/4.7.2//crtbegin.o

.data           0x10021130      0x8e4
 *(.data .data.* .gnu.linkonce.d.*)
 .data          0x10021130        0x4 /home/leon/riotboard/arm-2012.09/bin/../lib/gcc/arm-none-eabi/4.7.2//crtbegin.o
                0x10021130                __dso_handle
 .data          0x10021134        0x0 /home/leon/riotboard/arm-2012.09/bin/../lib/gcc/arm-none-eabi/4.7.2//crti.o
 .data          0x10021134        0x0 /home/leon/riotboard/arm-2012.09/bin/../lib/gcc/arm-none-eabi/4.7.2//crtend.o
 .data          0x10021134        0x0 /home/leon/riotboard/arm-2012.09/bin/../lib/gcc/arm-none-eabi/4.7.2//crtn.o
 .data          0x10021134        0x0 /home/leon/git/swp-report/iMX6_Platform_SDK/output/mx6dq/usb_hid_mouse/evb_rev_a/obj/apps/common/ivt.o
 .data          0x10021134        0x0 /home/leon/git/swp-report/iMX6_Platform_SDK/output/mx6dq/usb_hid_mouse/evb_rev_a/obj/apps/common/platform_init.o
 .data          0x10021134        0x4 /home/leon/git/swp-report/iMX6_Platform_SDK/output/mx6dq/usb_hid_mouse/evb_rev_a/obj/apps/usb_hid_mouse/src/mouse_button.o
 .data          0x10021138        0x0 /home/leon/git/swp-report/iMX6_Platform_SDK/output/mx6dq/usb_hid_mouse/evb_rev_a/obj/apps/usb_hid_mouse/src/usb_descriptor.o
 .data          0x10021138        0x0 /home/leon/git/swp-report/iMX6_Platform_SDK/output/mx6dq/lib/libsdk.a(usb_hid.o)
 .data          0x10021138        0x0 /home/leon/git/swp-report/iMX6_Platform_SDK/output/mx6dq/lib/libsdk.a(usb_class.o)
 .data          0x10021138        0x0 /home/leon/git/swp-report/iMX6_Platform_SDK/output/mx6dq/lib/libsdk.a(usb_framework.o)
 .data          0x10021138        0x8 /home/leon/git/swp-report/iMX6_Platform_SDK/output/mx6dq/lib/libsdk.a(usb_dci_imx6.o)
                0x10021138                usbotg
 .data          0x10021140        0x0 /home/leon/git/swp-report/iMX6_Platform_SDK/output/mx6dq/lib/libsdk.a(usb_driver.o)
 .data          0x10021140        0x0 /home/leon/git/swp-report/iMX6_Platform_SDK/output/mx6dq/lib/libsdk.a(ccm_pll.o)
 .data          0x10021140        0x0 /home/leon/git/swp-report/iMX6_Platform_SDK/output/mx6dq/lib/libsdk.a(cortexA9.o)
 .data          0x10021140        0x0 /home/leon/git/swp-report/iMX6_Platform_SDK/output/mx6dq/lib/libsdk.a(gic.o)
 .data          0x10021140        0x0 /home/leon/git/swp-report/iMX6_Platform_SDK/output/mx6dq/lib/libsdk.a(interrupt.o)
 .data          0x10021140        0x0 /home/leon/git/swp-report/iMX6_Platform_SDK/output/mx6dq/lib/libsdk.a(mmu.o)
 .data          0x10021140        0x0 /home/leon/git/swp-report/iMX6_Platform_SDK/output/mx6dq/lib/libsdk.a(startup.o)
 .data          0x10021140        0x0 /home/leon/git/swp-report/iMX6_Platform_SDK/output/mx6dq/lib/libsdk.a(vectors.o)
 .data          0x10021140        0x0 /home/leon/git/swp-report/iMX6_Platform_SDK/output/mx6dq/lib/libsdk.a(system_util.o)
 .data          0x10021140        0x4 /home/leon/git/swp-report/iMX6_Platform_SDK/output/mx6dq/lib/libsdk.a(text_color.o)
                0x10021140                is_color_supported
 .data          0x10021144        0x0 /home/leon/git/swp-report/iMX6_Platform_SDK/output/mx6dq/lib/libsdk.a(timer.o)
 .data          0x10021144        0x0 /home/leon/git/swp-report/iMX6_Platform_SDK/output/mx6dq/lib/libsdk.a(imx_uart.o)
 .data          0x10021144        0x4 /home/leon/git/swp-report/iMX6_Platform_SDK/output/mx6dq/lib/libsdk.a(arm_abort.o)
 .data          0x10021148        0x0 /home/leon/git/swp-report/iMX6_Platform_SDK/output/mx6dq/lib/libsdk.a(epit.o)
 .data          0x10021148        0x0 /home/leon/git/swp-report/iMX6_Platform_SDK/output/mx6dq/lib/libsdk.a(abort_handler.o)
 .data          0x10021148        0x0 /home/leon/git/swp-report/iMX6_Platform_SDK/output/mx6dq/lib/libboard_evb_rev_a.a(board_io_expanders.o)
 .data          0x10021148        0x8 /home/leon/git/swp-report/iMX6_Platform_SDK/output/mx6dq/lib/libboard_evb_rev_a.a(hardware_modules.o)
                0x10021148                g_debug_uart_port
                0x1002114c                g_system_timer_port
 .data          0x10021150        0x0 /home/leon/git/swp-report/iMX6_Platform_SDK/output/mx6dq/lib/libboard_evb_rev_a.a(dcd.o)
 .data          0x10021150        0x0 /home/leon/git/swp-report/iMX6_Platform_SDK/output/mx6dq/lib/libboard_evb_rev_a.a(uart_iomux_config.o)
 .data          0x10021150        0x0 /home/leon/git/swp-report/iMX6_Platform_SDK/output/mx6dq/lib/libboard_evb_rev_a.a(iomux_config.o)
 .data          0x10021150        0x0 /home/leon/git/swp-report/iMX6_Platform_SDK/output/mx6dq/lib/libboard_evb_rev_a.a(ipu1_iomux_config.o)
 .data          0x10021150        0x0 /home/leon/git/swp-report/iMX6_Platform_SDK/output/mx6dq/lib/libboard_evb_rev_a.a(kpp_iomux_config.o)
 .data          0x10021150        0x0 /home/leon/git/swp-report/iMX6_Platform_SDK/output/mx6dq/lib/libboard_evb_rev_a.a(mlb_iomux_config.o)
 .data          0x10021150        0x0 /home/leon/git/swp-report/iMX6_Platform_SDK/output/mx6dq/lib/libboard_evb_rev_a.a(mmdc_iomux_config.o)
 .data          0x10021150        0x0 /home/leon/git/swp-report/iMX6_Platform_SDK/output/mx6dq/lib/libboard_evb_rev_a.a(pwm1_iomux_config.o)
 .data          0x10021150        0x0 /home/leon/git/swp-report/iMX6_Platform_SDK/output/mx6dq/lib/libboard_evb_rev_a.a(sjc_iomux_config.o)
 .data          0x10021150        0x0 /home/leon/git/swp-report/iMX6_Platform_SDK/output/mx6dq/lib/libboard_evb_rev_a.a(spdif_iomux_config.o)
 .data          0x10021150        0x0 /home/leon/git/swp-report/iMX6_Platform_SDK/output/mx6dq/lib/libboard_evb_rev_a.a(uart2_iomux_config.o)
 .data          0x10021150        0x0 /home/leon/git/swp-report/iMX6_Platform_SDK/output/mx6dq/lib/libboard_evb_rev_a.a(uart4_iomux_config.o)
 .data          0x10021150        0x0 /home/leon/git/swp-report/iMX6_Platform_SDK/output/mx6dq/lib/libboard_evb_rev_a.a(usb_iomux_config.o)
 .data          0x10021150        0x0 /home/leon/git/swp-report/iMX6_Platform_SDK/output/mx6dq/lib/libboard_evb_rev_a.a(usdhc1_iomux_config.o)
 .data          0x10021150        0x0 /home/leon/git/swp-report/iMX6_Platform_SDK/output/mx6dq/lib/libboard_evb_rev_a.a(usdhc2_iomux_config.o)
 .data          0x10021150        0x0 /home/leon/git/swp-report/iMX6_Platform_SDK/output/mx6dq/lib/libboard_evb_rev_a.a(usdhc3_iomux_config.o)
 .data          0x10021150        0x0 /home/leon/git/swp-report/iMX6_Platform_SDK/output/mx6dq/lib/libboard_evb_rev_a.a(usdhc4_iomux_config.o)
 .data          0x10021150        0x0 /home/leon/git/swp-report/iMX6_Platform_SDK/output/mx6dq/lib/libboard_evb_rev_a.a(ccm_iomux_config.o)
 .data          0x10021150        0x0 /home/leon/git/swp-report/iMX6_Platform_SDK/output/mx6dq/lib/libboard_evb_rev_a.a(ecspi1_iomux_config.o)
 .data          0x10021150        0x0 /home/leon/git/swp-report/iMX6_Platform_SDK/output/mx6dq/lib/libboard_evb_rev_a.a(enet_iomux_config.o)
 .data          0x10021150        0x0 /home/leon/git/swp-report/iMX6_Platform_SDK/output/mx6dq/lib/libboard_evb_rev_a.a(esai_iomux_config.o)
 .data          0x10021150        0x0 /home/leon/git/swp-report/iMX6_Platform_SDK/output/mx6dq/lib/libboard_evb_rev_a.a(flexcan1_iomux_config.o)
 .data          0x10021150        0x0 /home/leon/git/swp-report/iMX6_Platform_SDK/output/mx6dq/lib/libboard_evb_rev_a.a(flexcan2_iomux_config.o)
 .data          0x10021150        0x0 /home/leon/git/swp-report/iMX6_Platform_SDK/output/mx6dq/lib/libboard_evb_rev_a.a(gpio3_iomux_config.o)
 .data          0x10021150        0x0 /home/leon/git/swp-report/iMX6_Platform_SDK/output/mx6dq/lib/libboard_evb_rev_a.a(gpio4_iomux_config.o)
 .data          0x10021150        0x0 /home/leon/git/swp-report/iMX6_Platform_SDK/output/mx6dq/lib/libboard_evb_rev_a.a(gpio5_iomux_config.o)
 .data          0x10021150        0x0 /home/leon/git/swp-report/iMX6_Platform_SDK/output/mx6dq/lib/libboard_evb_rev_a.a(gpio6_iomux_config.o)
 .data          0x10021150        0x0 /home/leon/git/swp-report/iMX6_Platform_SDK/output/mx6dq/lib/libboard_evb_rev_a.a(gpmi_iomux_config.o)
 .data          0x10021150        0x0 /home/leon/git/swp-report/iMX6_Platform_SDK/output/mx6dq/lib/libboard_evb_rev_a.a(hdmi_iomux_config.o)
 .data          0x10021150        0x0 /home/leon/git/swp-report/iMX6_Platform_SDK/output/mx6dq/lib/libboard_evb_rev_a.a(i2c1_iomux_config.o)
 .data          0x10021150        0x0 /home/leon/git/swp-report/iMX6_Platform_SDK/output/mx6dq/lib/libboard_evb_rev_a.a(i2c2_iomux_config.o)
 .data          0x10021150        0x0 /home/leon/git/swp-report/iMX6_Platform_SDK/output/mx6dq/lib/libboard_evb_rev_a.a(i2c3_iomux_config.o)
 .data          0x10021150        0x0 /home/leon/riotboard/arm-2012.09/bin/../arm-none-eabi/lib//libm.a(lib_a-sf_cos.o)
 .data          0x10021150        0x0 /home/leon/riotboard/arm-2012.09/bin/../arm-none-eabi/lib//libm.a(lib_a-sf_sin.o)
 .data          0x10021150        0x0 /home/leon/riotboard/arm-2012.09/bin/../arm-none-eabi/lib//libm.a(lib_a-ef_rem_pio2.o)
 .data          0x10021150        0x0 /home/leon/riotboard/arm-2012.09/bin/../arm-none-eabi/lib//libm.a(lib_a-kf_cos.o)
 .data          0x10021150        0x0 /home/leon/riotboard/arm-2012.09/bin/../arm-none-eabi/lib//libm.a(lib_a-kf_rem_pio2.o)
 .data          0x10021150        0x0 /home/leon/riotboard/arm-2012.09/bin/../arm-none-eabi/lib//libm.a(lib_a-kf_sin.o)
 .data          0x10021150        0x0 /home/leon/riotboard/arm-2012.09/bin/../arm-none-eabi/lib//libm.a(lib_a-sf_fabs.o)
 .data          0x10021150        0x0 /home/leon/riotboard/arm-2012.09/bin/../arm-none-eabi/lib//libm.a(lib_a-sf_floor.o)
 .data          0x10021150        0x0 /home/leon/riotboard/arm-2012.09/bin/../arm-none-eabi/lib//libm.a(lib_a-sf_scalbn.o)
 .data          0x10021150        0x0 /home/leon/riotboard/arm-2012.09/bin/../arm-none-eabi/lib//libm.a(lib_a-sf_copysign.o)
 .data          0x10021150        0x0 /home/leon/riotboard/arm-2012.09/bin/../arm-none-eabi/lib//libc.a(lib_a-assert.o)
 .data          0x10021150        0x0 /home/leon/riotboard/arm-2012.09/bin/../arm-none-eabi/lib//libc.a(lib_a-bzero.o)
 .data          0x10021150        0x0 /home/leon/riotboard/arm-2012.09/bin/../arm-none-eabi/lib//libc.a(lib_a-fiprintf.o)
 .data          0x10021150        0x0 /home/leon/riotboard/arm-2012.09/bin/../arm-none-eabi/lib//libc.a(lib_a-fputc.o)
 .data          0x10021150      0x430 /home/leon/riotboard/arm-2012.09/bin/../arm-none-eabi/lib//libc.a(lib_a-impure.o)
                0x10021150                _impure_ptr
 .data          0x10021580        0x0 /home/leon/riotboard/arm-2012.09/bin/../arm-none-eabi/lib//libc.a(lib_a-init.o)
 .data          0x10021580        0x0 /home/leon/riotboard/arm-2012.09/bin/../arm-none-eabi/lib//libc.a(lib_a-malloc.o)
 .data          0x10021580      0x410 /home/leon/riotboard/arm-2012.09/bin/../arm-none-eabi/lib//libc.a(lib_a-mallocr.o)
                0x10021580                __malloc_av_
                0x10021988                __malloc_sbrk_base
                0x1002198c                __malloc_trim_threshold
 .data          0x10021990        0x0 /home/leon/riotboard/arm-2012.09/bin/../arm-none-eabi/lib//libc.a(lib_a-memcpy.o)
 .data          0x10021990        0x0 /home/leon/riotboard/arm-2012.09/bin/../arm-none-eabi/lib//libc.a(lib_a-memset.o)
 .data          0x10021990        0x0 /home/leon/riotboard/arm-2012.09/bin/../arm-none-eabi/lib//libc.a(lib_a-mlock.o)
 .data          0x10021990        0x0 /home/leon/riotboard/arm-2012.09/bin/../arm-none-eabi/lib//libc.a(lib_a-printf.o)
 .data          0x10021990        0x0 /home/leon/riotboard/arm-2012.09/bin/../arm-none-eabi/lib//libc.a(lib_a-putc.o)
 .data          0x10021990        0x0 /home/leon/riotboard/arm-2012.09/bin/../arm-none-eabi/lib//libc.a(lib_a-realloc.o)
 .data          0x10021990        0x0 /home/leon/riotboard/arm-2012.09/bin/../arm-none-eabi/lib//libc.a(lib_a-reallocr.o)
 .data          0x10021990        0x0 /home/leon/riotboard/arm-2012.09/bin/../arm-none-eabi/lib//libc.a(lib_a-rget.o)
 .data          0x10021990        0x0 /home/leon/riotboard/arm-2012.09/bin/../arm-none-eabi/lib//libc.a(lib_a-sbrkr.o)
 .data          0x10021990        0x0 /home/leon/riotboard/arm-2012.09/bin/../arm-none-eabi/lib//libc.a(lib_a-vfiprintf.o)
 .data          0x10021990        0x0 /home/leon/riotboard/arm-2012.09/bin/../arm-none-eabi/lib//libc.a(lib_a-vfprintf.o)
 .data          0x10021990        0x0 /home/leon/riotboard/arm-2012.09/bin/../arm-none-eabi/lib//libc.a(lib_a-vprintf.o)
 .data          0x10021990        0x0 /home/leon/riotboard/arm-2012.09/bin/../arm-none-eabi/lib//libc.a(lib_a-wbuf.o)
 .data          0x10021990        0x0 /home/leon/riotboard/arm-2012.09/bin/../arm-none-eabi/lib//libc.a(lib_a-wsetup.o)
 .data          0x10021990        0x0 /home/leon/riotboard/arm-2012.09/bin/../arm-none-eabi/lib//libc.a(lib_a-abort.o)
 .data          0x10021990        0x0 /home/leon/riotboard/arm-2012.09/bin/../arm-none-eabi/lib//libc.a(lib_a-dtoa.o)
 .data          0x10021990        0x0 /home/leon/riotboard/arm-2012.09/bin/../arm-none-eabi/lib//libc.a(lib_a-fflush.o)
 .data          0x10021990        0x0 /home/leon/riotboard/arm-2012.09/bin/../arm-none-eabi/lib//libc.a(lib_a-findfp.o)
 .data          0x10021990        0x0 /home/leon/riotboard/arm-2012.09/bin/../arm-none-eabi/lib//libc.a(lib_a-fputwc.o)
 .data          0x10021990        0x0 /home/leon/riotboard/arm-2012.09/bin/../arm-none-eabi/lib//libc.a(lib_a-freer.o)
 .data          0x10021990        0x0 /home/leon/riotboard/arm-2012.09/bin/../arm-none-eabi/lib//libc.a(lib_a-fvwrite.o)
 .data          0x10021990        0x0 /home/leon/riotboard/arm-2012.09/bin/../arm-none-eabi/lib//libc.a(lib_a-fwalk.o)
 .data          0x10021990       0x7c /home/leon/riotboard/arm-2012.09/bin/../arm-none-eabi/lib//libc.a(lib_a-locale.o)
                0x100219b0                __mb_cur_max
 .data          0x10021a0c        0x0 /home/leon/riotboard/arm-2012.09/bin/../arm-none-eabi/lib//libc.a(lib_a-makebuf.o)
 .data          0x10021a0c        0x0 /home/leon/riotboard/arm-2012.09/bin/../arm-none-eabi/lib//libc.a(lib_a-memchr.o)
 .data          0x10021a0c        0x0 /home/leon/riotboard/arm-2012.09/bin/../arm-none-eabi/lib//libc.a(lib_a-memmove.o)
 .data          0x10021a0c        0x0 /home/leon/riotboard/arm-2012.09/bin/../arm-none-eabi/lib//libc.a(lib_a-mprec.o)
 .data          0x10021a0c        0x0 /home/leon/riotboard/arm-2012.09/bin/../arm-none-eabi/lib//libc.a(lib_a-reent.o)
 .data          0x10021a0c        0x0 /home/leon/riotboard/arm-2012.09/bin/../arm-none-eabi/lib//libc.a(lib_a-refill.o)
 .data          0x10021a0c        0x0 /home/leon/riotboard/arm-2012.09/bin/../arm-none-eabi/lib//libc.a(lib_a-s_fpclassify.o)
 .data          0x10021a0c        0x0 /home/leon/riotboard/arm-2012.09/bin/../arm-none-eabi/lib//libc.a(lib_a-signal.o)
 .data          0x10021a0c        0x0 /home/leon/riotboard/arm-2012.09/bin/../arm-none-eabi/lib//libc.a(lib_a-signalr.o)
 .data          0x10021a0c        0x0 /home/leon/riotboard/arm-2012.09/bin/../arm-none-eabi/lib//libc.a(lib_a-stdio.o)
 .data          0x10021a0c        0x0 /home/leon/riotboard/arm-2012.09/bin/../arm-none-eabi/lib//libc.a(lib_a-strcmp.o)
 .data          0x10021a0c        0x0 /home/leon/riotboard/arm-2012.09/bin/../arm-none-eabi/lib//libc.a(lib_a-strlen.o)
 .data          0x10021a0c        0x0 /home/leon/riotboard/arm-2012.09/bin/../arm-none-eabi/lib//libc.a(lib_a-wcrtomb.o)
 .data          0x10021a0c        0x4 /home/leon/riotboard/arm-2012.09/bin/../arm-none-eabi/lib//libc.a(lib_a-wctomb_r.o)
                0x10021a0c                __wctomb
 .data          0x10021a10        0x0 /home/leon/riotboard/arm-2012.09/bin/../arm-none-eabi/lib//libc.a(lib_a-writer.o)
 .data          0x10021a10        0x0 /home/leon/riotboard/arm-2012.09/bin/../arm-none-eabi/lib//libc.a(lib_a-callocr.o)
 .data          0x10021a10        0x0 /home/leon/riotboard/arm-2012.09/bin/../arm-none-eabi/lib//libc.a(lib_a-closer.o)
 .data          0x10021a10        0x0 /home/leon/riotboard/arm-2012.09/bin/../arm-none-eabi/lib//libc.a(lib_a-fclose.o)
 .data          0x10021a10        0x0 /home/leon/riotboard/arm-2012.09/bin/../arm-none-eabi/lib//libc.a(lib_a-fstatr.o)
 .data          0x10021a10        0x0 /home/leon/riotboard/arm-2012.09/bin/../arm-none-eabi/lib//libc.a(lib_a-isattyr.o)
 .data          0x10021a10        0x0 /home/leon/riotboard/arm-2012.09/bin/../arm-none-eabi/lib//libc.a(lib_a-lseekr.o)
 .data          0x10021a10        0x0 /home/leon/riotboard/arm-2012.09/bin/../arm-none-eabi/lib//libc.a(lib_a-readr.o)
 .data          0x10021a10        0x0 /home/leon/riotboard/arm-2012.09/bin/../lib/gcc/arm-none-eabi/4.7.2//libgcc.a(_udivsi3.o)
 .data          0x10021a10        0x0 /home/leon/riotboard/arm-2012.09/bin/../lib/gcc/arm-none-eabi/4.7.2//libgcc.a(_dvmd_tls.o)
 .data          0x10021a10        0x0 /home/leon/riotboard/arm-2012.09/bin/../lib/gcc/arm-none-eabi/4.7.2//libgcc.a(_arm_addsubdf3.o)
 .data          0x10021a10        0x0 /home/leon/riotboard/arm-2012.09/bin/../lib/gcc/arm-none-eabi/4.7.2//libgcc.a(_arm_muldivdf3.o)
 .data          0x10021a10        0x0 /home/leon/riotboard/arm-2012.09/bin/../lib/gcc/arm-none-eabi/4.7.2//libgcc.a(_arm_cmpdf2.o)
 .data          0x10021a10        0x0 /home/leon/riotboard/arm-2012.09/bin/../lib/gcc/arm-none-eabi/4.7.2//libgcc.a(_arm_fixdfsi.o)
 .data          0x10021a10        0x0 /home/leon/riotboard/arm-2012.09/bin/../lib/gcc/arm-none-eabi/4.7.2//libgcc.a(_arm_addsubsf3.o)
 .data          0x10021a10        0x0 /home/leon/riotboard/arm-2012.09/bin/../lib/gcc/arm-none-eabi/4.7.2//libgcc.a(_arm_muldivsf3.o)
 .data          0x10021a10        0x0 /home/leon/riotboard/arm-2012.09/bin/../lib/gcc/arm-none-eabi/4.7.2//libgcc.a(_arm_cmpsf2.o)
 .data          0x10021a10        0x0 /home/leon/riotboard/arm-2012.09/bin/../lib/gcc/arm-none-eabi/4.7.2//libgcc.a(_arm_fixsfsi.o)
 .data          0x10021a10        0x0 /home/leon/riotboard/arm-2012.09/bin/../lib/gcc/arm-none-eabi/4.7.2//libgcc.a(_aeabi_uldivmod.o)
 .data          0x10021a10        0x0 /home/leon/riotboard/arm-2012.09/bin/../lib/gcc/arm-none-eabi/4.7.2//libgcc.a(bpabi.o)
 .data          0x10021a10        0x0 /home/leon/riotboard/arm-2012.09/bin/../lib/gcc/arm-none-eabi/4.7.2//libgcc.a(_divdi3.o)
 .data          0x10021a10        0x0 /home/leon/riotboard/arm-2012.09/bin/../lib/gcc/arm-none-eabi/4.7.2//libgcc.a(_udivdi3.o)
 .data          0x10021a10        0x0 /home/leon/riotboard/arm-2012.09/bin/../lib/gcc/arm-none-eabi/4.7.2//libgcc.a(_clzsi2.o)
 .data          0x10021a10        0x0 /home/leon/git/swp-report/iMX6_Platform_SDK/output/mx6dq/lib/libsdk.a(max7310.o)
 .data          0x10021a10        0x4 /home/leon/git/swp-report/iMX6_Platform_SDK/output/mx6dq/lib/libsdk.a(runtime_support.o)
                0x10021a10                environ
 .data          0x10021a14        0x0 /home/leon/git/swp-report/iMX6_Platform_SDK/output/mx6dq/lib/libsdk.a(imx_i2c.o)
 .data          0x10021a14        0x0 /home/leon/git/swp-report/iMX6_Platform_SDK/output/mx6dq/lib/libboard_evb_rev_a.a(i2c_iomux_config.o)

.jcr            0x10021a14        0x4
 .jcr           0x10021a14        0x0 /home/leon/riotboard/arm-2012.09/bin/../lib/gcc/arm-none-eabi/4.7.2//crtbegin.o
 .jcr           0x10021a14        0x4 /home/leon/riotboard/arm-2012.09/bin/../lib/gcc/arm-none-eabi/4.7.2//crtend.o

.tm_clone_table
                0x10021a18        0x0
 .tm_clone_table
                0x10021a18        0x0 /home/leon/riotboard/arm-2012.09/bin/../lib/gcc/arm-none-eabi/4.7.2//crtbegin.o
 .tm_clone_table
                0x10021a18        0x0 /home/leon/riotboard/arm-2012.09/bin/../lib/gcc/arm-none-eabi/4.7.2//crtend.o

.igot.plt       0x10021a18        0x0
 .igot.plt      0x00000000        0x0 /home/leon/riotboard/arm-2012.09/bin/../lib/gcc/arm-none-eabi/4.7.2//crtbegin.o

.hab.data       0x10400000     0x2000
                0x10400000                __hab_data = .
                0x10402000                . = (. + 0x2000)
 *fill*         0x10400000     0x2000 
                0x10402000                . = ALIGN (0x20)
                0x10402000                __hab_data_end = .
                0x00402000                _image_size = (. - _start_image_add)

.bss            0x10402000      0x9cc
                0x10402000                __bss_start__ = .
 *(.shbss)
 *(.bss .bss.* .gnu.linkonce.b.*)
 .bss           0x10402000       0x1c /home/leon/riotboard/arm-2012.09/bin/../lib/gcc/arm-none-eabi/4.7.2//crtbegin.o
 .bss           0x1040201c        0x0 /home/leon/riotboard/arm-2012.09/bin/../lib/gcc/arm-none-eabi/4.7.2//crti.o
 .bss           0x1040201c        0x0 /home/leon/riotboard/arm-2012.09/bin/../lib/gcc/arm-none-eabi/4.7.2//crtend.o
 .bss           0x1040201c        0x0 /home/leon/riotboard/arm-2012.09/bin/../lib/gcc/arm-none-eabi/4.7.2//crtn.o
 .bss           0x1040201c        0x0 /home/leon/git/swp-report/iMX6_Platform_SDK/output/mx6dq/usb_hid_mouse/evb_rev_a/obj/apps/common/ivt.o
 .bss           0x1040201c        0x0 /home/leon/git/swp-report/iMX6_Platform_SDK/output/mx6dq/usb_hid_mouse/evb_rev_a/obj/apps/common/platform_init.o
 .bss           0x1040201c       0x28 /home/leon/git/swp-report/iMX6_Platform_SDK/output/mx6dq/usb_hid_mouse/evb_rev_a/obj/apps/usb_hid_mouse/src/mouse_button.o
                0x1040201c                kbi_stat
 .bss           0x10402044        0x8 /home/leon/git/swp-report/iMX6_Platform_SDK/output/mx6dq/usb_hid_mouse/evb_rev_a/obj/apps/usb_hid_mouse/src/usb_descriptor.o
                0x10402048                device_desc_req_count
 .bss           0x1040204c      0x13c /home/leon/git/swp-report/iMX6_Platform_SDK/output/mx6dq/lib/libsdk.a(usb_hid.o)
                0x10402184                g_class_request_params
 .bss           0x10402188        0x8 /home/leon/git/swp-report/iMX6_Platform_SDK/output/mx6dq/lib/libsdk.a(usb_class.o)
 .bss           0x10402190       0x34 /home/leon/git/swp-report/iMX6_Platform_SDK/output/mx6dq/lib/libsdk.a(usb_framework.o)
 .bss           0x104021c4      0x468 /home/leon/git/swp-report/iMX6_Platform_SDK/output/mx6dq/lib/libsdk.a(usb_dci_imx6.o)
                0x104021c4                g_usbd_qh_bufs
                0x104021cc                g_usbd_td_bufs
                0x1040261c                sof_counter
 .bss           0x1040262c       0x70 /home/leon/git/swp-report/iMX6_Platform_SDK/output/mx6dq/lib/libsdk.a(usb_driver.o)
 .bss           0x1040269c        0x0 /home/leon/git/swp-report/iMX6_Platform_SDK/output/mx6dq/lib/libsdk.a(ccm_pll.o)
 .bss           0x1040269c        0x0 /home/leon/git/swp-report/iMX6_Platform_SDK/output/mx6dq/lib/libsdk.a(cortexA9.o)
 .bss           0x1040269c        0x0 /home/leon/git/swp-report/iMX6_Platform_SDK/output/mx6dq/lib/libsdk.a(gic.o)
 .bss           0x1040269c      0x290 /home/leon/git/swp-report/iMX6_Platform_SDK/output/mx6dq/lib/libsdk.a(interrupt.o)
                0x1040269c                g_interrupt_handlers
                0x1040291c                g_vectNum
 .bss           0x1040292c        0x0 /home/leon/git/swp-report/iMX6_Platform_SDK/output/mx6dq/lib/libsdk.a(mmu.o)
 .bss           0x1040292c        0x0 /home/leon/git/swp-report/iMX6_Platform_SDK/output/mx6dq/lib/libsdk.a(startup.o)
 .bss           0x1040292c        0x0 /home/leon/git/swp-report/iMX6_Platform_SDK/output/mx6dq/lib/libsdk.a(vectors.o)
 .bss           0x1040292c        0x0 /home/leon/git/swp-report/iMX6_Platform_SDK/output/mx6dq/lib/libsdk.a(system_util.o)
 .bss           0x1040292c        0x0 /home/leon/git/swp-report/iMX6_Platform_SDK/output/mx6dq/lib/libsdk.a(text_color.o)
 .bss           0x1040292c        0x4 /home/leon/git/swp-report/iMX6_Platform_SDK/output/mx6dq/lib/libsdk.a(timer.o)
                0x1040292c                g_microsecondTimerMultiple
 .bss           0x10402930        0x0 /home/leon/git/swp-report/iMX6_Platform_SDK/output/mx6dq/lib/libsdk.a(imx_uart.o)
 .bss           0x10402930        0x0 /home/leon/git/swp-report/iMX6_Platform_SDK/output/mx6dq/lib/libsdk.a(arm_abort.o)
 .bss           0x10402930        0x0 /home/leon/git/swp-report/iMX6_Platform_SDK/output/mx6dq/lib/libsdk.a(epit.o)
 .bss           0x10402930        0x0 /home/leon/git/swp-report/iMX6_Platform_SDK/output/mx6dq/lib/libsdk.a(abort_handler.o)
 .bss           0x10402930       0x48 /home/leon/git/swp-report/iMX6_Platform_SDK/output/mx6dq/lib/libboard_evb_rev_a.a(board_io_expanders.o)
                0x10402930                max7310_i2c_req_array
 .bss           0x10402978        0x0 /home/leon/git/swp-report/iMX6_Platform_SDK/output/mx6dq/lib/libboard_evb_rev_a.a(hardware_modules.o)
 .bss           0x10402978        0x0 /home/leon/git/swp-report/iMX6_Platform_SDK/output/mx6dq/lib/libboard_evb_rev_a.a(dcd.o)
 .bss           0x10402978        0x0 /home/leon/git/swp-report/iMX6_Platform_SDK/output/mx6dq/lib/libboard_evb_rev_a.a(uart_iomux_config.o)
 .bss           0x10402978        0x0 /home/leon/git/swp-report/iMX6_Platform_SDK/output/mx6dq/lib/libboard_evb_rev_a.a(iomux_config.o)
 .bss           0x10402978        0x0 /home/leon/git/swp-report/iMX6_Platform_SDK/output/mx6dq/lib/libboard_evb_rev_a.a(ipu1_iomux_config.o)
 .bss           0x10402978        0x0 /home/leon/git/swp-report/iMX6_Platform_SDK/output/mx6dq/lib/libboard_evb_rev_a.a(kpp_iomux_config.o)
 .bss           0x10402978        0x0 /home/leon/git/swp-report/iMX6_Platform_SDK/output/mx6dq/lib/libboard_evb_rev_a.a(mlb_iomux_config.o)
 .bss           0x10402978        0x0 /home/leon/git/swp-report/iMX6_Platform_SDK/output/mx6dq/lib/libboard_evb_rev_a.a(mmdc_iomux_config.o)
 .bss           0x10402978        0x0 /home/leon/git/swp-report/iMX6_Platform_SDK/output/mx6dq/lib/libboard_evb_rev_a.a(pwm1_iomux_config.o)
 .bss           0x10402978        0x0 /home/leon/git/swp-report/iMX6_Platform_SDK/output/mx6dq/lib/libboard_evb_rev_a.a(sjc_iomux_config.o)
 .bss           0x10402978        0x0 /home/leon/git/swp-report/iMX6_Platform_SDK/output/mx6dq/lib/libboard_evb_rev_a.a(spdif_iomux_config.o)
 .bss           0x10402978        0x0 /home/leon/git/swp-report/iMX6_Platform_SDK/output/mx6dq/lib/libboard_evb_rev_a.a(uart2_iomux_config.o)
 .bss           0x10402978        0x0 /home/leon/git/swp-report/iMX6_Platform_SDK/output/mx6dq/lib/libboard_evb_rev_a.a(uart4_iomux_config.o)
 .bss           0x10402978        0x0 /home/leon/git/swp-report/iMX6_Platform_SDK/output/mx6dq/lib/libboard_evb_rev_a.a(usb_iomux_config.o)
 .bss           0x10402978        0x0 /home/leon/git/swp-report/iMX6_Platform_SDK/output/mx6dq/lib/libboard_evb_rev_a.a(usdhc1_iomux_config.o)
 .bss           0x10402978        0x0 /home/leon/git/swp-report/iMX6_Platform_SDK/output/mx6dq/lib/libboard_evb_rev_a.a(usdhc2_iomux_config.o)
 .bss           0x10402978        0x0 /home/leon/git/swp-report/iMX6_Platform_SDK/output/mx6dq/lib/libboard_evb_rev_a.a(usdhc3_iomux_config.o)
 .bss           0x10402978        0x0 /home/leon/git/swp-report/iMX6_Platform_SDK/output/mx6dq/lib/libboard_evb_rev_a.a(usdhc4_iomux_config.o)
 .bss           0x10402978        0x0 /home/leon/git/swp-report/iMX6_Platform_SDK/output/mx6dq/lib/libboard_evb_rev_a.a(ccm_iomux_config.o)
 .bss           0x10402978        0x0 /home/leon/git/swp-report/iMX6_Platform_SDK/output/mx6dq/lib/libboard_evb_rev_a.a(ecspi1_iomux_config.o)
 .bss           0x10402978        0x0 /home/leon/git/swp-report/iMX6_Platform_SDK/output/mx6dq/lib/libboard_evb_rev_a.a(enet_iomux_config.o)
 .bss           0x10402978        0x0 /home/leon/git/swp-report/iMX6_Platform_SDK/output/mx6dq/lib/libboard_evb_rev_a.a(esai_iomux_config.o)
 .bss           0x10402978        0x0 /home/leon/git/swp-report/iMX6_Platform_SDK/output/mx6dq/lib/libboard_evb_rev_a.a(flexcan1_iomux_config.o)
 .bss           0x10402978        0x0 /home/leon/git/swp-report/iMX6_Platform_SDK/output/mx6dq/lib/libboard_evb_rev_a.a(flexcan2_iomux_config.o)
 .bss           0x10402978        0x0 /home/leon/git/swp-report/iMX6_Platform_SDK/output/mx6dq/lib/libboard_evb_rev_a.a(gpio3_iomux_config.o)
 .bss           0x10402978        0x0 /home/leon/git/swp-report/iMX6_Platform_SDK/output/mx6dq/lib/libboard_evb_rev_a.a(gpio4_iomux_config.o)
 .bss           0x10402978        0x0 /home/leon/git/swp-report/iMX6_Platform_SDK/output/mx6dq/lib/libboard_evb_rev_a.a(gpio5_iomux_config.o)
 .bss           0x10402978        0x0 /home/leon/git/swp-report/iMX6_Platform_SDK/output/mx6dq/lib/libboard_evb_rev_a.a(gpio6_iomux_config.o)
 .bss           0x10402978        0x0 /home/leon/git/swp-report/iMX6_Platform_SDK/output/mx6dq/lib/libboard_evb_rev_a.a(gpmi_iomux_config.o)
 .bss           0x10402978        0x0 /home/leon/git/swp-report/iMX6_Platform_SDK/output/mx6dq/lib/libboard_evb_rev_a.a(hdmi_iomux_config.o)
 .bss           0x10402978        0x0 /home/leon/git/swp-report/iMX6_Platform_SDK/output/mx6dq/lib/libboard_evb_rev_a.a(i2c1_iomux_config.o)
 .bss           0x10402978        0x0 /home/leon/git/swp-report/iMX6_Platform_SDK/output/mx6dq/lib/libboard_evb_rev_a.a(i2c2_iomux_config.o)
 .bss           0x10402978        0x0 /home/leon/git/swp-report/iMX6_Platform_SDK/output/mx6dq/lib/libboard_evb_rev_a.a(i2c3_iomux_config.o)
 .bss           0x10402978        0x0 /home/leon/riotboard/arm-2012.09/bin/../arm-none-eabi/lib//libm.a(lib_a-sf_cos.o)
 .bss           0x10402978        0x0 /home/leon/riotboard/arm-2012.09/bin/../arm-none-eabi/lib//libm.a(lib_a-sf_sin.o)
 .bss           0x10402978        0x0 /home/leon/riotboard/arm-2012.09/bin/../arm-none-eabi/lib//libm.a(lib_a-ef_rem_pio2.o)
 .bss           0x10402978        0x0 /home/leon/riotboard/arm-2012.09/bin/../arm-none-eabi/lib//libm.a(lib_a-kf_cos.o)
 .bss           0x10402978        0x0 /home/leon/riotboard/arm-2012.09/bin/../arm-none-eabi/lib//libm.a(lib_a-kf_rem_pio2.o)
 .bss           0x10402978        0x0 /home/leon/riotboard/arm-2012.09/bin/../arm-none-eabi/lib//libm.a(lib_a-kf_sin.o)
 .bss           0x10402978        0x0 /home/leon/riotboard/arm-2012.09/bin/../arm-none-eabi/lib//libm.a(lib_a-sf_fabs.o)
 .bss           0x10402978        0x0 /home/leon/riotboard/arm-2012.09/bin/../arm-none-eabi/lib//libm.a(lib_a-sf_floor.o)
 .bss           0x10402978        0x0 /home/leon/riotboard/arm-2012.09/bin/../arm-none-eabi/lib//libm.a(lib_a-sf_scalbn.o)
 .bss           0x10402978        0x0 /home/leon/riotboard/arm-2012.09/bin/../arm-none-eabi/lib//libm.a(lib_a-sf_copysign.o)
 .bss           0x10402978        0x0 /home/leon/riotboard/arm-2012.09/bin/../arm-none-eabi/lib//libc.a(lib_a-assert.o)
 .bss           0x10402978        0x0 /home/leon/riotboard/arm-2012.09/bin/../arm-none-eabi/lib//libc.a(lib_a-bzero.o)
 .bss           0x10402978        0x0 /home/leon/riotboard/arm-2012.09/bin/../arm-none-eabi/lib//libc.a(lib_a-fiprintf.o)
 .bss           0x10402978        0x0 /home/leon/riotboard/arm-2012.09/bin/../arm-none-eabi/lib//libc.a(lib_a-fputc.o)
 .bss           0x10402978        0x0 /home/leon/riotboard/arm-2012.09/bin/../arm-none-eabi/lib//libc.a(lib_a-impure.o)
 .bss           0x10402978        0x0 /home/leon/riotboard/arm-2012.09/bin/../arm-none-eabi/lib//libc.a(lib_a-init.o)
 .bss           0x10402978        0x0 /home/leon/riotboard/arm-2012.09/bin/../arm-none-eabi/lib//libc.a(lib_a-malloc.o)
 .bss           0x10402978       0x34 /home/leon/riotboard/arm-2012.09/bin/../arm-none-eabi/lib//libc.a(lib_a-mallocr.o)
                0x10402978                __malloc_top_pad
                0x1040297c                __malloc_current_mallinfo
                0x104029a4                __malloc_max_sbrked_mem
                0x104029a8                __malloc_max_total_mem
 .bss           0x104029ac        0x0 /home/leon/riotboard/arm-2012.09/bin/../arm-none-eabi/lib//libc.a(lib_a-memcpy.o)
 .bss           0x104029ac        0x0 /home/leon/riotboard/arm-2012.09/bin/../arm-none-eabi/lib//libc.a(lib_a-memset.o)
 .bss           0x104029ac        0x0 /home/leon/riotboard/arm-2012.09/bin/../arm-none-eabi/lib//libc.a(lib_a-mlock.o)
 .bss           0x104029ac        0x0 /home/leon/riotboard/arm-2012.09/bin/../arm-none-eabi/lib//libc.a(lib_a-printf.o)
 .bss           0x104029ac        0x0 /home/leon/riotboard/arm-2012.09/bin/../arm-none-eabi/lib//libc.a(lib_a-putc.o)
 .bss           0x104029ac        0x0 /home/leon/riotboard/arm-2012.09/bin/../arm-none-eabi/lib//libc.a(lib_a-realloc.o)
 .bss           0x104029ac        0x0 /home/leon/riotboard/arm-2012.09/bin/../arm-none-eabi/lib//libc.a(lib_a-reallocr.o)
 .bss           0x104029ac        0x0 /home/leon/riotboard/arm-2012.09/bin/../arm-none-eabi/lib//libc.a(lib_a-rget.o)
 .bss           0x104029ac        0x0 /home/leon/riotboard/arm-2012.09/bin/../arm-none-eabi/lib//libc.a(lib_a-sbrkr.o)
 .bss           0x104029ac        0x0 /home/leon/riotboard/arm-2012.09/bin/../arm-none-eabi/lib//libc.a(lib_a-vfiprintf.o)
 .bss           0x104029ac        0x0 /home/leon/riotboard/arm-2012.09/bin/../arm-none-eabi/lib//libc.a(lib_a-vfprintf.o)
 .bss           0x104029ac        0x0 /home/leon/riotboard/arm-2012.09/bin/../arm-none-eabi/lib//libc.a(lib_a-vprintf.o)
 .bss           0x104029ac        0x0 /home/leon/riotboard/arm-2012.09/bin/../arm-none-eabi/lib//libc.a(lib_a-wbuf.o)
 .bss           0x104029ac        0x0 /home/leon/riotboard/arm-2012.09/bin/../arm-none-eabi/lib//libc.a(lib_a-wsetup.o)
 .bss           0x104029ac        0x0 /home/leon/riotboard/arm-2012.09/bin/../arm-none-eabi/lib//libc.a(lib_a-abort.o)
 .bss           0x104029ac        0x0 /home/leon/riotboard/arm-2012.09/bin/../arm-none-eabi/lib//libc.a(lib_a-dtoa.o)
 .bss           0x104029ac        0x0 /home/leon/riotboard/arm-2012.09/bin/../arm-none-eabi/lib//libc.a(lib_a-fflush.o)
 .bss           0x104029ac        0x0 /home/leon/riotboard/arm-2012.09/bin/../arm-none-eabi/lib//libc.a(lib_a-findfp.o)
 .bss           0x104029ac        0x0 /home/leon/riotboard/arm-2012.09/bin/../arm-none-eabi/lib//libc.a(lib_a-fputwc.o)
 .bss           0x104029ac        0x0 /home/leon/riotboard/arm-2012.09/bin/../arm-none-eabi/lib//libc.a(lib_a-freer.o)
 .bss           0x104029ac        0x0 /home/leon/riotboard/arm-2012.09/bin/../arm-none-eabi/lib//libc.a(lib_a-fvwrite.o)
 .bss           0x104029ac        0x0 /home/leon/riotboard/arm-2012.09/bin/../arm-none-eabi/lib//libc.a(lib_a-fwalk.o)
 .bss           0x104029ac        0xc /home/leon/riotboard/arm-2012.09/bin/../arm-none-eabi/lib//libc.a(lib_a-locale.o)
                0x104029ac                _PathLocale
                0x104029b0                __mlocale_changed
                0x104029b4                __nlocale_changed
 .bss           0x104029b8        0x0 /home/leon/riotboard/arm-2012.09/bin/../arm-none-eabi/lib//libc.a(lib_a-makebuf.o)
 .bss           0x104029b8        0x0 /home/leon/riotboard/arm-2012.09/bin/../arm-none-eabi/lib//libc.a(lib_a-memchr.o)
 .bss           0x104029b8        0x0 /home/leon/riotboard/arm-2012.09/bin/../arm-none-eabi/lib//libc.a(lib_a-memmove.o)
 .bss           0x104029b8        0x0 /home/leon/riotboard/arm-2012.09/bin/../arm-none-eabi/lib//libc.a(lib_a-mprec.o)
 .bss           0x104029b8        0x0 /home/leon/riotboard/arm-2012.09/bin/../arm-none-eabi/lib//libc.a(lib_a-reent.o)
 .bss           0x104029b8        0x0 /home/leon/riotboard/arm-2012.09/bin/../arm-none-eabi/lib//libc.a(lib_a-refill.o)
 .bss           0x104029b8        0x0 /home/leon/riotboard/arm-2012.09/bin/../arm-none-eabi/lib//libc.a(lib_a-s_fpclassify.o)
 .bss           0x104029b8        0x0 /home/leon/riotboard/arm-2012.09/bin/../arm-none-eabi/lib//libc.a(lib_a-signal.o)
 .bss           0x104029b8        0x0 /home/leon/riotboard/arm-2012.09/bin/../arm-none-eabi/lib//libc.a(lib_a-signalr.o)
 .bss           0x104029b8        0x0 /home/leon/riotboard/arm-2012.09/bin/../arm-none-eabi/lib//libc.a(lib_a-stdio.o)
 .bss           0x104029b8        0x0 /home/leon/riotboard/arm-2012.09/bin/../arm-none-eabi/lib//libc.a(lib_a-strcmp.o)
 .bss           0x104029b8        0x0 /home/leon/riotboard/arm-2012.09/bin/../arm-none-eabi/lib//libc.a(lib_a-strlen.o)
 .bss           0x104029b8        0x0 /home/leon/riotboard/arm-2012.09/bin/../arm-none-eabi/lib//libc.a(lib_a-wcrtomb.o)
 .bss           0x104029b8        0x0 /home/leon/riotboard/arm-2012.09/bin/../arm-none-eabi/lib//libc.a(lib_a-wctomb_r.o)
 .bss           0x104029b8        0x0 /home/leon/riotboard/arm-2012.09/bin/../arm-none-eabi/lib//libc.a(lib_a-writer.o)
 .bss           0x104029b8        0x0 /home/leon/riotboard/arm-2012.09/bin/../arm-none-eabi/lib//libc.a(lib_a-callocr.o)
 .bss           0x104029b8        0x0 /home/leon/riotboard/arm-2012.09/bin/../arm-none-eabi/lib//libc.a(lib_a-closer.o)
 .bss           0x104029b8        0x0 /home/leon/riotboard/arm-2012.09/bin/../arm-none-eabi/lib//libc.a(lib_a-fclose.o)
 .bss           0x104029b8        0x0 /home/leon/riotboard/arm-2012.09/bin/../arm-none-eabi/lib//libc.a(lib_a-fstatr.o)
 .bss           0x104029b8        0x0 /home/leon/riotboard/arm-2012.09/bin/../arm-none-eabi/lib//libc.a(lib_a-isattyr.o)
 .bss           0x104029b8        0x0 /home/leon/riotboard/arm-2012.09/bin/../arm-none-eabi/lib//libc.a(lib_a-lseekr.o)
 .bss           0x104029b8        0x0 /home/leon/riotboard/arm-2012.09/bin/../arm-none-eabi/lib//libc.a(lib_a-readr.o)
 .bss           0x104029b8        0x0 /home/leon/riotboard/arm-2012.09/bin/../lib/gcc/arm-none-eabi/4.7.2//libgcc.a(_udivsi3.o)
 .bss           0x104029b8        0x0 /home/leon/riotboard/arm-2012.09/bin/../lib/gcc/arm-none-eabi/4.7.2//libgcc.a(_dvmd_tls.o)
 .bss           0x104029b8        0x0 /home/leon/riotboard/arm-2012.09/bin/../lib/gcc/arm-none-eabi/4.7.2//libgcc.a(_arm_addsubdf3.o)
 .bss           0x104029b8        0x0 /home/leon/riotboard/arm-2012.09/bin/../lib/gcc/arm-none-eabi/4.7.2//libgcc.a(_arm_muldivdf3.o)
 .bss           0x104029b8        0x0 /home/leon/riotboard/arm-2012.09/bin/../lib/gcc/arm-none-eabi/4.7.2//libgcc.a(_arm_cmpdf2.o)