Archive member included because of file (symbol)

/home/leon/git/swp-report/iMX6_Platform_SDK/output/mx6sdl/lib/libsdk.a(ccm_pll.o)
                              /home/leon/git/swp-report/iMX6_Platform_SDK/output/mx6sdl/power_modes_test/smart_device_rev_c/obj/apps/common/platform_init.o (ccm_init)
/home/leon/git/swp-report/iMX6_Platform_SDK/output/mx6sdl/lib/libsdk.a(cortexA9.o)
                              /home/leon/git/swp-report/iMX6_Platform_SDK/output/mx6sdl/power_modes_test/smart_device_rev_c/obj/apps/common/platform_init.o (arm_set_interrupt_state)
/home/leon/git/swp-report/iMX6_Platform_SDK/output/mx6sdl/lib/libsdk.a(gic.o)
                              /home/leon/git/swp-report/iMX6_Platform_SDK/output/mx6sdl/power_modes_test/smart_device_rev_c/obj/apps/common/platform_init.o (gic_init)
/home/leon/git/swp-report/iMX6_Platform_SDK/output/mx6sdl/lib/libsdk.a(mmu.o)
                              /home/leon/git/swp-report/iMX6_Platform_SDK/output/mx6sdl/power_modes_test/smart_device_rev_c/obj/apps/common/platform_init.o (mmu_init)
/home/leon/git/swp-report/iMX6_Platform_SDK/output/mx6sdl/lib/libsdk.a(startup.o)
                              (_start)
/home/leon/git/swp-report/iMX6_Platform_SDK/output/mx6sdl/lib/libsdk.a(vectors.o)
                              /home/leon/git/swp-report/iMX6_Platform_SDK/output/mx6sdl/lib/libsdk.a(startup.o) (vectors)
/home/leon/git/swp-report/iMX6_Platform_SDK/output/mx6sdl/lib/libsdk.a(system_util.o)
                              /home/leon/git/swp-report/iMX6_Platform_SDK/output/mx6sdl/lib/libsdk.a(startup.o) (_sys_exit)
/home/leon/git/swp-report/iMX6_Platform_SDK/output/mx6sdl/lib/libsdk.a(text_color.o)
                              /home/leon/git/swp-report/iMX6_Platform_SDK/output/mx6sdl/lib/libsdk.a(system_util.o) (g_TextAttributeBold)
/home/leon/git/swp-report/iMX6_Platform_SDK/output/mx6sdl/lib/libsdk.a(epit.o)
                              /home/leon/git/swp-report/iMX6_Platform_SDK/output/mx6sdl/power_modes_test/smart_device_rev_c/obj/apps/power_modes_test/src/power_modes_test.o (epit_get_compare_event)
/home/leon/git/swp-report/iMX6_Platform_SDK/output/mx6sdl/lib/libsdk.a(timer.o)
                              /home/leon/git/swp-report/iMX6_Platform_SDK/output/mx6sdl/power_modes_test/smart_device_rev_c/obj/apps/power_modes_test/src/power_modes_test.o (hal_delay_us)
/home/leon/git/swp-report/iMX6_Platform_SDK/output/mx6sdl/lib/libsdk.a(imx_uart.o)
                              /home/leon/git/swp-report/iMX6_Platform_SDK/output/mx6sdl/power_modes_test/smart_device_rev_c/obj/apps/common/platform_init.o (uart_getchar)
/home/leon/git/swp-report/iMX6_Platform_SDK/output/mx6sdl/lib/libsdk.a(arm_abort.o)
                              /home/leon/git/swp-report/iMX6_Platform_SDK/output/mx6sdl/lib/libsdk.a(vectors.o) (data_abort_handler)
/home/leon/git/swp-report/iMX6_Platform_SDK/output/mx6sdl/lib/libsdk.a(interrupt.o)
                              /home/leon/git/swp-report/iMX6_Platform_SDK/output/mx6sdl/lib/libsdk.a(vectors.o) (IRQ_HDLR)
/home/leon/git/swp-report/iMX6_Platform_SDK/output/mx6sdl/lib/libsdk.a(abort_handler.o)
                              /home/leon/git/swp-report/iMX6_Platform_SDK/output/mx6sdl/lib/libsdk.a(arm_abort.o) (dump_regs)
/home/leon/git/swp-report/iMX6_Platform_SDK/output/mx6sdl/lib/libboard_smart_device_rev_c.a(board_io_expanders.o)
                              /home/leon/git/swp-report/iMX6_Platform_SDK/output/mx6sdl/power_modes_test/smart_device_rev_c/obj/apps/common/platform_init.o (board_ioexpander_init)
/home/leon/git/swp-report/iMX6_Platform_SDK/output/mx6sdl/lib/libboard_smart_device_rev_c.a(hardware_modules.o)
                              /home/leon/git/swp-report/iMX6_Platform_SDK/output/mx6sdl/power_modes_test/smart_device_rev_c/obj/apps/common/platform_init.o (g_debug_uart_port)
/home/leon/git/swp-report/iMX6_Platform_SDK/output/mx6sdl/lib/libboard_smart_device_rev_c.a(dcd.o)
                              /home/leon/git/swp-report/iMX6_Platform_SDK/output/mx6sdl/power_modes_test/smart_device_rev_c/obj/apps/common/ivt.o (input_dcd_hdr)
/home/leon/git/swp-report/iMX6_Platform_SDK/output/mx6sdl/lib/libboard_smart_device_rev_c.a(uart_iomux_config.o)
                              /home/leon/git/swp-report/iMX6_Platform_SDK/output/mx6sdl/lib/libsdk.a(imx_uart.o) (uart_iomux_config)
/home/leon/git/swp-report/iMX6_Platform_SDK/output/mx6sdl/lib/libboard_smart_device_rev_c.a(iomux_config.o)
                              /home/leon/git/swp-report/iMX6_Platform_SDK/output/mx6sdl/lib/libboard_smart_device_rev_c.a(uart_iomux_config.o) (uart2_iomux_config)
/home/leon/git/swp-report/iMX6_Platform_SDK/output/mx6sdl/lib/libboard_smart_device_rev_c.a(ipu1_iomux_config.o)
                              /home/leon/git/swp-report/iMX6_Platform_SDK/output/mx6sdl/lib/libboard_smart_device_rev_c.a(iomux_config.o) (ipu1_iomux_config)
/home/leon/git/swp-report/iMX6_Platform_SDK/output/mx6sdl/lib/libboard_smart_device_rev_c.a(mmdc_iomux_config.o)
[...]
Memory Configuration

Name             Origin             Length             Attributes
OCRAM            0x0000000000900000 0x0000000000020000 xrw
DDR              0x0000000010000000 0x0000000040000000 xrw
*default*        0x0000000000000000 0xffffffffffffffff

Linker script and memory map

LOAD /home/src/arm/target/bin/../lib/gcc/arm-none-eabi/4.8.2//crtbegin.o
LOAD /home/src/arm/target/bin/../lib/gcc/arm-none-eabi/4.8.2//crti.o
LOAD /home/src/arm/target/bin/../lib/gcc/arm-none-eabi/4.8.2//crtend.o
LOAD /home/src/arm/target/bin/../lib/gcc/arm-none-eabi/4.8.2//crtn.o

.l1_page_table  0x0000000000900000     0x4000
                0x0000000000900000                __l1_page_table_start = .
                0x0000000000904000                . = (. + 0x4000)
 *fill*         0x0000000000900000     0x4000 

.heap.ocram     0x0000000000904000    0x1bfb8
                0x0000000000904000                __heap_ocram_start = .
                0x000000000091ffb8                . = (. + 0x1bfb8)
 *fill*         0x0000000000904000    0x1bfb8 
                0x000000000091ffb8                __heap_ocram_end = .

.ram_vectors    0x000000000091ffb8       0x48
                0x000000000091ffb8                __ram_vectors_start = .
                0x0000000000920000                . = (. + 0x48)
 *fill*         0x000000000091ffb8       0x48 
                0x0000000000920000                __ram_vectors_end = .
                0x0000000010000000                _start_image_add = ORIGIN (DDR)

.ivt            0x0000000010000000      0x420
                0x0000000010000400                . = (. + 0x400)
 *fill*         0x0000000010000000      0x400 
 *(.ivt)
 .ivt           0x0000000010000400       0x20 /home/leon/git/swp-report/iMX6_Platform_SDK/output/mx6sdl/power_modes_test/smart_device_rev_c/obj/apps/common/ivt.o
                0x0000000010000400                input_ivt

.boot_data      0x0000000010000420        0xc
                0x0000000010000420                __start_boot_data = .
 *(.boot_data)
 .boot_data     0x0000000010000420        0xc /home/leon/git/swp-report/iMX6_Platform_SDK/output/mx6sdl/power_modes_test/smart_device_rev_c/obj/apps/common/ivt.o
                0x0000000010000420                bd

.dcd_hdr        0x0000000010000430        0x4
                0x0000000010000430                __start_dcd = .
 *(.dcd_hdr)
 .dcd_hdr       0x0000000010000430        0x4 /home/leon/git/swp-report/iMX6_Platform_SDK/output/mx6sdl/lib/libboard_smart_device_rev_c.a(dcd.o)
                0x0000000010000430                input_dcd_hdr

.dcd_wrt_cmd    0x0000000010000434        0x4
 *(.dcd_wrt_cmd)
 .dcd_wrt_cmd   0x0000000010000434        0x4 /home/leon/git/swp-report/iMX6_Platform_SDK/output/mx6sdl/lib/libboard_smart_device_rev_c.a(dcd.o)
                0x0000000010000434                input_dcd_wrt_cmd

.dcd_data       0x0000000010000438      0x298
 *(.dcd_data)
 .dcd_data      0x0000000010000438      0x298 /home/leon/git/swp-report/iMX6_Platform_SDK/output/mx6sdl/lib/libboard_smart_device_rev_c.a(dcd.o)
                0x0000000010000438                input_dcd

.text           0x00000000100006d0    0x15d88
 CREATE_OBJECT_SYMBOLS
 *(.startup)
 .startup       0x00000000100006d0      0x138 /home/leon/git/swp-report/iMX6_Platform_SDK/output/mx6sdl/lib/libsdk.a(startup.o)
                0x00000000100006d0                _start
 *(.text .text.* .gnu.linkonce.t.*)
 .text          0x0000000010000808      0x128 /home/src/arm/target/bin/../lib/gcc/arm-none-eabi/4.8.2//crtbegin.o
 .text          0x0000000010000930        0x0 /home/src/arm/target/bin/../lib/gcc/arm-none-eabi/4.8.2//crti.o
 .text          0x0000000010000930        0x0 /home/src/arm/target/bin/../lib/gcc/arm-none-eabi/4.8.2//crtend.o
 .text          0x0000000010000930        0x0 /home/src/arm/target/bin/../lib/gcc/arm-none-eabi/4.8.2//crtn.o
 .text          0x0000000010000930        0x0 /home/leon/git/swp-report/iMX6_Platform_SDK/output/mx6sdl/power_modes_test/smart_device_rev_c/obj/apps/common/ivt.o
 .text          0x0000000010000930       0xbc /home/leon/git/swp-report/iMX6_Platform_SDK/output/mx6sdl/power_modes_test/smart_device_rev_c/obj/apps/common/platform_init.o
                0x0000000010000930                platform_init
 .text          0x00000000100009ec      0x1a0 /home/leon/git/swp-report/iMX6_Platform_SDK/output/mx6sdl/power_modes_test/smart_device_rev_c/obj/apps/power_modes_test/src/power_modes_test.o
                0x0000000010000a24                power_modes_test
                0x0000000010000b74                main
 .text          0x0000000010000b8c      0xc50 /home/leon/git/swp-report/iMX6_Platform_SDK/output/mx6sdl/lib/libsdk.a(ccm_pll.o)
                0x0000000010000b8c                ccm_init
                0x0000000010000cb0                get_main_clock
                0x0000000010000f3c                get_peri_clock
                0x00000000100010dc                ccm_ccgr_config
                0x0000000010001144                clock_gating_config
                0x000000001000157c                ccm_set_lpm_wakeup_source
                0x0000000010001670                ccm_enter_low_power
                0x00000000100016e0                ipu_hsp_clk_config
                0x0000000010001700                gpu_clock_config
 .text          0x00000000100017dc      0x164 /home/leon/git/swp-report/iMX6_Platform_SDK/output/mx6sdl/lib/libsdk.a(cortexA9.o)
                0x00000000100017dc                arm_set_interrupt_state
                0x0000000010001800                cpu_get_current
                0x000000001000180c                enable_neon_fpu
                0x0000000010001828                disable_strict_align_check
                0x000000001000183c                disable_L1_cache
                0x000000001000185c                get_arm_private_peripheral_base
                0x0000000010001864                arm_unified_tlb_invalidate
                0x0000000010001874                arm_unified_tlb_invalidate_is
                0x0000000010001884                arm_branch_prediction_enable
                0x0000000010001894                arm_branch_prediction_disable
                0x00000000100018a4                arm_branch_target_cache_invalidate
                0x00000000100018b0                arm_branch_target_cache_invalidate_is
                0x00000000100018bc                scu_enable
                0x00000000100018d0                scu_join_smp
                0x00000000100018e0                scu_leave_smp
                0x00000000100018f0                scu_get_cpus_in_smp
                0x0000000010001904                scu_enable_maintenance_broadcast
                0x0000000010001914                scu_disable_maintenance_broadcast
                0x0000000010001924                scu_secure_invalidate
 .text          0x0000000010001940      0x5e0 /home/leon/git/swp-report/iMX6_Platform_SDK/output/mx6sdl/lib/libsdk.a(gic.o)
                0x0000000010001a24                gic_enable
                0x0000000010001a84                gic_set_irq_security
                0x0000000010001b2c                gic_enable_irq
                0x0000000010001ba8                gic_set_irq_priority
                0x0000000010001bf0                gic_set_cpu_target
                0x0000000010001cfc                gic_send_sgi
                0x0000000010001d50                gic_cpu_enable
                0x0000000010001db0                gic_set_cpu_priority_mask
                0x0000000010001de4                gic_read_irq_ack
                0x0000000010001e10                gic_write_end_of_irq
                0x0000000010001e40                gic_init
                0x0000000010001ee4                gic_init_cpu
 .text          0x0000000010001f20      0x458 /home/leon/git/swp-report/iMX6_Platform_SDK/output/mx6sdl/lib/libsdk.a(mmu.o)
                0x0000000010001f20                mmu_enable
                0x0000000010001f58                mmu_disable
                0x0000000010001f8c                mmu_init
                0x00000000100020a8                mmu_map_l1_range
                0x00000000100022bc                mmu_virtual_to_physical
 .text          0x0000000010002378        0x0 /home/leon/git/swp-report/iMX6_Platform_SDK/output/mx6sdl/lib/libsdk.a(startup.o)
 .text          0x0000000010002378        0x4 /home/leon/git/swp-report/iMX6_Platform_SDK/output/mx6sdl/lib/libsdk.a(vectors.o)
                0x0000000010002378                exception_handler
 .text.vectors  0x000000001000237c       0x48 /home/leon/git/swp-report/iMX6_Platform_SDK/output/mx6sdl/lib/libsdk.a(vectors.o)
                0x000000001000237c                vectors
 .text          0x00000000100023c4      0x8fc /home/leon/git/swp-report/iMX6_Platform_SDK/output/mx6sdl/lib/libsdk.a(system_util.o)
                0x00000000100023c4                _sys_exit
                0x00000000100023e0                mybkpt
                0x00000000100023e8                is_input_char
                0x0000000010002568                read_input_string
                0x0000000010002848                get_input_hex
                0x0000000010002ac0                read_int
                0x0000000010002c1c                jump_to_sdp
 .text          0x0000000010002cc0       0xdc /home/leon/git/swp-report/iMX6_Platform_SDK/output/mx6sdl/lib/libsdk.a(text_color.o)
                0x0000000010002cc0                printf_color
                0x0000000010002d58                get_color_supported
 .text          0x0000000010002d9c      0x8dc /home/leon/git/swp-report/iMX6_Platform_SDK/output/mx6sdl/lib/libsdk.a(epit.o)
                0x0000000010002d9c                epit_reload_counter
                0x0000000010002dfc                epit_get_counter_value
                0x0000000010002e58                epit_set_compare_event
                0x0000000010002eb8                epit_get_compare_event
                0x0000000010002fb0                epit_counter_disable
                0x0000000010003174                epit_counter_enable
                0x00000000100033d0                epit_setup_interrupt
                0x0000000010003460                epit_init
 .text          0x0000000010003678      0x27c /home/leon/git/swp-report/iMX6_Platform_SDK/output/mx6sdl/lib/libsdk.a(timer.o)
                0x0000000010003678                hal_delay_us
                0x00000000100036e4                system_time_init
                0x0000000010003840                time_get_microseconds
 .text          0x00000000100038f4     0x281c /home/leon/git/swp-report/iMX6_Platform_SDK/output/mx6sdl/lib/libsdk.a(imx_uart.o)
                0x00000000100038f4                uart_get_reffreq
                0x00000000100039f0                uart_putchar
                0x0000000010003b40                uart_getchar
                0x0000000010003ca0                uart_set_FIFO_mode
                0x00000000100047c8                uart_set_loopback_mode
                0x0000000010004a1c                uart_setup_interrupt
                0x0000000010004ae8                uart_init
 .text          0x0000000010006110       0x98 /home/leon/git/swp-report/iMX6_Platform_SDK/output/mx6sdl/lib/libsdk.a(arm_abort.o)
                0x0000000010006110                common_abort_handler
                0x0000000010006170                data_abort_handler
                0x0000000010006188                prefetch_abort_handler
 .text          0x00000000100061a8      0x1b8 /home/leon/git/swp-report/iMX6_Platform_SDK/output/mx6sdl/lib/libsdk.a(interrupt.o)
                0x00000000100061a8                IRQ_HDLR
                0x000000001000626c                disable_interrupt
                0x00000000100062a8                enable_interrupt
                0x0000000010006300                register_interrupt_routine
                0x0000000010006334                default_interrupt_routine
 .text          0x0000000010006360      0x4bc /home/leon/git/swp-report/iMX6_Platform_SDK/output/mx6sdl/lib/libsdk.a(abort_handler.o)
                0x0000000010006360                dump_regs
 .text          0x000000001000681c       0x20 /home/leon/git/swp-report/iMX6_Platform_SDK/output/mx6sdl/lib/libboard_smart_device_rev_c.a(board_io_expanders.o)
                0x000000001000681c                board_ioexpander_init
                0x000000001000682c                board_ioexpander_iomux_config
 .text          0x000000001000683c        0x0 /home/leon/git/swp-report/iMX6_Platform_SDK/output/mx6sdl/lib/libboard_smart_device_rev_c.a(hardware_modules.o)
 .text          0x000000001000683c        0x0 /home/leon/git/swp-report/iMX6_Platform_SDK/output/mx6sdl/lib/libboard_smart_device_rev_c.a(dcd.o)
 .text          0x000000001000683c       0x8c /home/leon/git/swp-report/iMX6_Platform_SDK/output/mx6sdl/lib/libboard_smart_device_rev_c.a(uart_iomux_config.o)
                0x000000001000683c                uart_iomux_config
 .text          0x00000000100068c8      0x2f8 /home/leon/git/swp-report/iMX6_Platform_SDK/output/mx6sdl/lib/libboard_smart_device_rev_c.a(iomux_config.o)
                0x00000000100068c8                iomux_config
                0x0000000010006940                arm_iomux_config
                0x0000000010006950                asrc_iomux_config
                0x0000000010006960                dcic1_iomux_config
                0x0000000010006970                dcic2_iomux_config
                0x0000000010006980                ecspi2_iomux_config
                0x0000000010006990                ecspi3_iomux_config
                0x00000000100069a0                ecspi4_iomux_config
                0x00000000100069b0                eim_iomux_config
                0x00000000100069c0                epit1_iomux_config
                0x00000000100069d0                epit2_iomux_config
                0x00000000100069e0                esai_iomux_config
                0x00000000100069f0                flexcan2_iomux_config
                0x0000000010006a00                gpmi_iomux_config
                0x0000000010006a10                gpt_iomux_config
                0x0000000010006a20                hdmi_iomux_config
                0x0000000010006a30                i2c4_iomux_config
                0x0000000010006a40                kpp_iomux_config
                0x0000000010006a50                lcd_iomux_config
                0x0000000010006a60                ldb_iomux_config
                0x0000000010006a70                mipi_csi_iomux_config
                0x0000000010006a80                mipi_dsi_iomux_config
                0x0000000010006a90                mipi_hsi_iomux_config
                0x0000000010006aa0                mlb_iomux_config
                0x0000000010006ab0                pcie_iomux_config
                0x0000000010006ac0                pmu_iomux_config
                0x0000000010006ad0                pwm2_iomux_config
                0x0000000010006ae0                pwm3_iomux_config
                0x0000000010006af0                pwm4_iomux_config
                0x0000000010006b00                sdma_iomux_config
                0x0000000010006b10                snvs_iomux_config
                0x0000000010006b20                spdif_iomux_config
                0x0000000010006b30                src_iomux_config
                0x0000000010006b40                uart2_iomux_config
                0x0000000010006b50                uart3_iomux_config
                0x0000000010006b60                uart4_iomux_config
                0x0000000010006b70                uart5_iomux_config
                0x0000000010006b80                usdhc1_iomux_config
                0x0000000010006b90                wdog1_iomux_config
                0x0000000010006ba0                wdog2_iomux_config
                0x0000000010006bb0                xtalosc_iomux_config
 .text          0x0000000010006bc0      0x424 /home/leon/git/swp-report/iMX6_Platform_SDK/output/mx6sdl/lib/libboard_smart_device_rev_c.a(ipu1_iomux_config.o)
                0x0000000010006bc0                ipu1_iomux_config
 .text          0x0000000010006fe4     0x2484 /home/leon/git/swp-report/iMX6_Platform_SDK/output/mx6sdl/lib/libboard_smart_device_rev_c.a(mmdc_iomux_config.o)
                0x0000000010006fe4                mmdc_iomux_config
 .text          0x0000000010009468       0x34 /home/leon/git/swp-report/iMX6_Platform_SDK/output/mx6sdl/lib/libboard_smart_device_rev_c.a(pwm1_iomux_config.o)
                0x0000000010009468                pwm1_iomux_config
 .text          0x000000001000949c       0x70 /home/leon/git/swp-report/iMX6_Platform_SDK/output/mx6sdl/lib/libboard_smart_device_rev_c.a(sjc_iomux_config.o)
                0x000000001000949c                sjc_iomux_config
 .text          0x000000001000950c       0x78 /home/leon/git/swp-report/iMX6_Platform_SDK/output/mx6sdl/lib/libboard_smart_device_rev_c.a(uart1_iomux_config.o)
                0x000000001000950c                uart1_iomux_config
 .text          0x0000000010009584       0x78 /home/leon/git/swp-report/iMX6_Platform_SDK/output/mx6sdl/lib/libboard_smart_device_rev_c.a(usb_iomux_config.o)
                0x0000000010009584                usb_iomux_config
 .text          0x00000000100095fc      0x188 /home/leon/git/swp-report/iMX6_Platform_SDK/output/mx6sdl/lib/libboard_smart_device_rev_c.a(usdhc2_iomux_config.o)
                0x00000000100095fc                usdhc2_iomux_config
 .text          0x0000000010009784      0x188 /home/leon/git/swp-report/iMX6_Platform_SDK/output/mx6sdl/lib/libboard_smart_device_rev_c.a(usdhc3_iomux_config.o)
                0x0000000010009784                usdhc3_iomux_config
 .text          0x000000001000990c      0x188 /home/leon/git/swp-report/iMX6_Platform_SDK/output/mx6sdl/lib/libboard_smart_device_rev_c.a(usdhc4_iomux_config.o)
                0x000000001000990c                usdhc4_iomux_config
 .text          0x0000000010009a94       0xa0 /home/leon/git/swp-report/iMX6_Platform_SDK/output/mx6sdl/lib/libboard_smart_device_rev_c.a(audmux_iomux_config.o)
                0x0000000010009a94                audmux_iomux_config
 .text          0x0000000010009b34       0x34 /home/leon/git/swp-report/iMX6_Platform_SDK/output/mx6sdl/lib/libboard_smart_device_rev_c.a(ccm_iomux_config.o)
                0x0000000010009b34                ccm_iomux_config
 .text          0x0000000010009b68       0xe0 /home/leon/git/swp-report/iMX6_Platform_SDK/output/mx6sdl/lib/libboard_smart_device_rev_c.a(ecspi1_iomux_config.o)
                0x0000000010009b68                ecspi1_iomux_config
 .text          0x0000000010009c48      0x424 /home/leon/git/swp-report/iMX6_Platform_SDK/output/mx6sdl/lib/libboard_smart_device_rev_c.a(enet_iomux_config.o)
                0x0000000010009c48                enet_iomux_config
 .text          0x000000001000a06c      0x66c /home/leon/git/swp-report/iMX6_Platform_SDK/output/mx6sdl/lib/libboard_smart_device_rev_c.a(epdc_iomux_config.o)
                0x000000001000a06c                epdc_iomux_config
 .text          0x000000001000a6d8       0x68 /home/leon/git/swp-report/iMX6_Platform_SDK/output/mx6sdl/lib/libboard_smart_device_rev_c.a(flexcan1_iomux_config.o)
                0x000000001000a6d8                flexcan1_iomux_config
 .text          0x000000001000a740      0x208 /home/leon/git/swp-report/iMX6_Platform_SDK/output/mx6sdl/lib/libboard_smart_device_rev_c.a(gpio1_iomux_config.o)
                0x000000001000a740                gpio1_iomux_config
 .text          0x000000001000a948      0x164 /home/leon/git/swp-report/iMX6_Platform_SDK/output/mx6sdl/lib/libboard_smart_device_rev_c.a(gpio2_iomux_config.o)
                0x000000001000a948                gpio2_iomux_config
 .text          0x000000001000aaac      0x210 /home/leon/git/swp-report/iMX6_Platform_SDK/output/mx6sdl/lib/libboard_smart_device_rev_c.a(gpio3_iomux_config.o)
                0x000000001000aaac                gpio3_iomux_config
 .text          0x000000001000acbc       0xc4 /home/leon/git/swp-report/iMX6_Platform_SDK/output/mx6sdl/lib/libboard_smart_device_rev_c.a(gpio4_iomux_config.o)
                0x000000001000acbc                gpio4_iomux_config
 .text          0x000000001000ad80       0x74 /home/leon/git/swp-report/iMX6_Platform_SDK/output/mx6sdl/lib/libboard_smart_device_rev_c.a(gpio5_iomux_config.o)
                0x000000001000ad80                gpio5_iomux_config
 .text          0x000000001000adf4      0x150 /home/leon/git/swp-report/iMX6_Platform_SDK/output/mx6sdl/lib/libboard_smart_device_rev_c.a(gpio6_iomux_config.o)
                0x000000001000adf4                gpio6_iomux_config
 .text          0x000000001000af44       0x7c /home/leon/git/swp-report/iMX6_Platform_SDK/output/mx6sdl/lib/libboard_smart_device_rev_c.a(gpio7_iomux_config.o)
                0x000000001000af44                gpio7_iomux_config
 .text          0x000000001000afc0       0xdc /home/leon/git/swp-report/iMX6_Platform_SDK/output/mx6sdl/lib/libboard_smart_device_rev_c.a(gps_iomux_config.o)
                0x000000001000afc0                gps_iomux_config
 .text          0x000000001000b09c       0x78 /home/leon/git/swp-report/iMX6_Platform_SDK/output/mx6sdl/lib/libboard_smart_device_rev_c.a(i2c1_iomux_config.o)
                0x000000001000b09c                i2c1_iomux_config
 .text          0x000000001000b114       0x78 /home/leon/git/swp-report/iMX6_Platform_SDK/output/mx6sdl/lib/libboard_smart_device_rev_c.a(i2c2_iomux_config.o)
                0x000000001000b114                i2c2_iomux_config
 .text          0x000000001000b18c       0x78 /home/leon/git/swp-report/iMX6_Platform_SDK/output/mx6sdl/lib/libboard_smart_device_rev_c.a(i2c3_iomux_config.o)
                0x000000001000b18c                i2c3_iomux_config
 .text          0x000000001000b204       0x64 /home/src/arm/target/bin/../arm-none-eabi/lib//libc.a(lib_a-assert.o)
                0x000000001000b204                __assert_func
                0x000000001000b258                __assert
 .text          0x000000001000b268       0x20 /home/src/arm/target/bin/../arm-none-eabi/lib//libc.a(lib_a-bzero.o)
                0x000000001000b268                bzero
 .text          0x000000001000b288       0x70 /home/src/arm/target/bin/../arm-none-eabi/lib//libc.a(lib_a-fiprintf.o)
                0x000000001000b288                _fiprintf_r
                0x000000001000b2b8                fiprintf
 .text          0x000000001000b2f8       0x8c /home/src/arm/target/bin/../arm-none-eabi/lib//libc.a(lib_a-fputc.o)
                0x000000001000b2f8                _fputc_r
                0x000000001000b33c                fputc
 .text          0x000000001000b384        0x0 /home/src/arm/target/bin/../arm-none-eabi/lib//libc.a(lib_a-impure.o)
 .text          0x000000001000b384       0x88 /home/src/arm/target/bin/../arm-none-eabi/lib//libc.a(lib_a-init.o)
                0x000000001000b384                __libc_init_array
 .text          0x000000001000b40c       0x40 /home/src/arm/target/bin/../arm-none-eabi/lib//libc.a(lib_a-malloc.o)
                0x000000001000b40c                malloc
                0x000000001000b42c                free
 .text          0x000000001000b44c      0x72c /home/src/arm/target/bin/../arm-none-eabi/lib//libc.a(lib_a-mallocr.o)
                0x000000001000b44c                _malloc_r
 .text          0x000000001000bb78        0x8 /home/src/arm/target/bin/../arm-none-eabi/lib//libc.a(lib_a-mlock.o)
                0x000000001000bb78                __malloc_lock
                0x000000001000bb7c                __malloc_unlock
 .text          0x000000001000bb80       0x74 /home/src/arm/target/bin/../arm-none-eabi/lib//libc.a(lib_a-printf.o)
                0x000000001000bb80                _printf_r
                0x000000001000bbb4                printf
 .text          0x000000001000bbf4      0x158 /home/src/arm/target/bin/../arm-none-eabi/lib//libc.a(lib_a-putc.o)
                0x000000001000bbf4                _putc_r
                0x000000001000bc98                putc
 .text          0x000000001000bd4c       0x24 /home/src/arm/target/bin/../arm-none-eabi/lib//libc.a(lib_a-realloc.o)
                0x000000001000bd4c                realloc
 .text          0x000000001000bd70      0x56c /home/src/arm/target/bin/../arm-none-eabi/lib//libc.a(lib_a-reallocr.o)
                0x000000001000bd70                _realloc_r
 .text          0x000000001000c2dc       0x70 /home/src/arm/target/bin/../arm-none-eabi/lib//libc.a(lib_a-rget.o)
                0x000000001000c2dc                __srget_r
                0x000000001000c338                __srget
 .text          0x000000001000c34c       0x44 /home/src/arm/target/bin/../arm-none-eabi/lib//libc.a(lib_a-sbrkr.o)
                0x000000001000c34c                _sbrk_r
 .text          0x000000001000c390      0x9f4 /home/src/arm/target/bin/../arm-none-eabi/lib//libc.a(lib_a-syscalls.o)
                0x000000001000c444                initialise_monitor_handles
                0x000000001000c508                _swiread
                0x000000001000c548                _read
                0x000000001000c60c                _swilseek
                0x000000001000c718                _lseek
                0x000000001000c738                _swiwrite
                0x000000001000c778                _write
                0x000000001000c840                _swiopen
                0x000000001000c940                _open
                0x000000001000c974                _swiclose
                0x000000001000c9ec                _close
                0x000000001000ca0c                _kill
                0x000000001000ca44                _exit
                0x000000001000ca6c                _getpid
                0x000000001000ca74                _sbrk
                0x000000001000cacc                _fstat
                0x000000001000cb00                _stat
                0x000000001000cb54                _link
                0x000000001000cb5c                _unlink
                0x000000001000cbb0                _raise
                0x000000001000cbb4                _gettimeofday
                0x000000001000cc04                _times
                0x000000001000cc48                _isatty
                0x000000001000cc98                _system
                0x000000001000cd1c                _rename
 .text          0x000000001000cd84     0x1238 /home/src/arm/target/bin/../arm-none-eabi/lib//libc.a(lib_a-vfiprintf.o)
                0x000000001000ce30                __sprint_r
                0x000000001000ce48                _vfiprintf_r
                0x000000001000dec4                vfiprintf
 .text          0x000000001000dfbc     0x1e98 /home/src/arm/target/bin/../arm-none-eabi/lib//libc.a(lib_a-vfprintf.o)
                0x000000001000dfbc                _vfprintf_r
                0x000000001000fd5c                vfprintf
 .text          0x000000001000fe54       0x48 /home/src/arm/target/bin/../arm-none-eabi/lib//libc.a(lib_a-vprintf.o)
                0x000000001000fe54                vprintf
                0x000000001000fe80                _vprintf_r
 .text          0x000000001000fe9c      0x13c /home/src/arm/target/bin/../arm-none-eabi/lib//libc.a(lib_a-wbuf.o)
                0x000000001000fe9c                __swbuf_r
                0x000000001000ffc0                __swbuf
 .text          0x000000001000ffd8      0x15c /home/src/arm/target/bin/../arm-none-eabi/lib//libc.a(lib_a-wsetup.o)
                0x000000001000ffd8                __swsetup_r
 .text          0x0000000010010134       0x14 /home/src/arm/target/bin/../arm-none-eabi/lib//libc.a(lib_a-abort.o)
                0x0000000010010134                abort
 .text          0x0000000010010148     0x18d8 /home/src/arm/target/bin/../arm-none-eabi/lib//libc.a(lib_a-dtoa.o)
                0x0000000010010328                _dtoa_r
 .text          0x0000000010011a20       0x10 /home/src/arm/target/bin/../arm-none-eabi/lib//libc.a(lib_a-errno.o)
                0x0000000010011a20                __errno
 .text          0x0000000010011a30      0x2d4 /home/src/arm/target/bin/../arm-none-eabi/lib//libc.a(lib_a-fflush.o)
                0x0000000010011a30                __sflush_r
                0x0000000010011c74                _fflush_r
                0x0000000010011cc8                fflush
 .text          0x0000000010011d04      0x354 /home/src/arm/target/bin/../arm-none-eabi/lib//libc.a(lib_a-findfp.o)
                0x0000000010011d14                _cleanup_r
                0x0000000010011d2c                __sfmoreglue
                0x0000000010011d7c                _cleanup
                0x0000000010011da0                __sinit
                0x0000000010011f08                __sfp
                0x0000000010012000                __sfp_lock_acquire
                0x0000000010012004                __sfp_lock_release
                0x0000000010012008                __sinit_lock_acquire
                0x000000001001200c                __sinit_lock_release
                0x0000000010012010                __fp_lock_all
                0x0000000010012034                __fp_unlock_all
 .text          0x0000000010012058      0x188 /home/src/arm/target/bin/../arm-none-eabi/lib//libc.a(lib_a-fputwc.o)
                0x0000000010012058                _fputwc_r
                0x000000001001219c                fputwc
 .text          0x00000000100121e0      0x36c /home/src/arm/target/bin/../arm-none-eabi/lib//libc.a(lib_a-freer.o)
                0x00000000100121e0                _malloc_trim_r
                0x00000000100122e0                _free_r
 .text          0x000000001001254c      0x4dc /home/src/arm/target/bin/../arm-none-eabi/lib//libc.a(lib_a-fvwrite.o)
                0x000000001001254c                __sfvwrite_r
 .text          0x0000000010012a28      0x110 /home/src/arm/target/bin/../arm-none-eabi/lib//libc.a(lib_a-fwalk.o)
                0x0000000010012a28                _fwalk
                0x0000000010012aac                _fwalk_reent
 .text          0x0000000010012b38       0xd0 /home/src/arm/target/bin/../arm-none-eabi/lib//libc.a(lib_a-locale.o)
                0x0000000010012b38                _setlocale_r
                0x0000000010012ba8                __locale_charset
                0x0000000010012bb4                __locale_mb_cur_max
                0x0000000010012bc4                __locale_msgcharset
                0x0000000010012bd0                __locale_cjk_lang
                0x0000000010012bd8                _localeconv_r
                0x0000000010012be4                setlocale
                0x0000000010012bfc                localeconv
 .text          0x0000000010012c08      0x174 /home/src/arm/target/bin/../arm-none-eabi/lib//libc.a(lib_a-makebuf.o)
                0x0000000010012c08                __smakebuf_r
 .text          0x0000000010012d7c      0x114 /home/src/arm/target/bin/../arm-none-eabi/lib//libc.a(lib_a-memchr-stub.o)
                0x0000000010012d7c                memchr
 .text          0x0000000010012e90       0xf0 /home/src/arm/target/bin/../arm-none-eabi/lib//libc.a(lib_a-memcpy-stub.o)
                0x0000000010012e90                memcpy
 .text          0x0000000010012f80      0x134 /home/src/arm/target/bin/../arm-none-eabi/lib//libc.a(lib_a-memmove.o)
                0x0000000010012f80                memmove
 .text          0x00000000100130b4       0xf4 /home/src/arm/target/bin/../arm-none-eabi/lib//libc.a(lib_a-memset.o)
                0x00000000100130b4                memset
 .text          0x00000000100131a8      0xd30 /home/src/arm/target/bin/../arm-none-eabi/lib//libc.a(lib_a-mprec.o)
                0x00000000100131a8                _Balloc
                0x0000000010013234                _Bfree
                0x0000000010013250                __multadd
                0x000000001001332c                __s2b
                0x0000000010013414                __hi0bits
                0x0000000010013470                __lo0bits
                0x0000000010013504                __i2b
                0x0000000010013528                __multiply
                0x0000000010013710                __pow5mult
                0x0000000010013814                __lshift
                0x0000000010013920                __mcmp
                0x0000000010013980                __mdiff
                0x0000000010013ac4                __ulp
                0x0000000010013b28                __b2d
                0x0000000010013c00                __d2b
                0x0000000010013d0c                __ratio
                0x0000000010013d94                _mprec_log10
                0x0000000010013dec                __copybits
                0x0000000010013e5c                __any_on
 .text          0x0000000010013ed8      0x134 /home/src/arm/target/bin/../arm-none-eabi/lib//libc.a(lib_a-reent.o)
                0x0000000010013ed8                cleanup_glue
                0x0000000010013f04                _reclaim_reent
 .text          0x000000001001400c      0x20c /home/src/arm/target/bin/../arm-none-eabi/lib//libc.a(lib_a-refill.o)
                0x0000000010014038                __srefill_r
 .text          0x0000000010014218       0x6c /home/src/arm/target/bin/../arm-none-eabi/lib//libc.a(lib_a-s_fpclassify.o)
                0x0000000010014218                __fpclassifyd
 .text          0x0000000010014284      0x254 /home/src/arm/target/bin/../arm-none-eabi/lib//libc.a(lib_a-signal.o)
                0x0000000010014284                _init_signal_r
                0x00000000100142e8                _signal_r
                0x000000001001435c                _raise_r
                0x00000000100143f4                __sigtramp_r
                0x0000000010014488                raise
                0x000000001001449c                signal
                0x00000000100144b4                _init_signal
                0x00000000100144c4                __sigtramp
 .text          0x00000000100144d8       0x50 /home/src/arm/target/bin/../arm-none-eabi/lib//libc.a(lib_a-signalr.o)
                0x00000000100144d8                _kill_r
                0x0000000010014518                _getpid_r
 .text          0x0000000010014528       0xd8 /home/src/arm/target/bin/../arm-none-eabi/lib//libc.a(lib_a-stdio.o)
                0x0000000010014528                __sread
                0x000000001001455c                __seofread
                0x0000000010014564                __swrite
                0x00000000100145bc                __sseek
                0x00000000100145ec                __sclose
 .text          0x0000000010014600      0x230 /home/src/arm/target/bin/../arm-none-eabi/lib//libc.a(lib_a-strcmp.o)
                0x0000000010014600                strcmp
 .text          0x0000000010014830       0x60 /home/src/arm/target/bin/../arm-none-eabi/lib//libc.a(lib_a-strlen.o)
                0x0000000010014830                strlen
 .text          0x0000000010014890      0x128 /home/src/arm/target/bin/../arm-none-eabi/lib//libc.a(lib_a-wcrtomb.o)
                0x0000000010014890                _wcrtomb_r
                0x0000000010014920                wcrtomb
 .text          0x00000000100149b8       0x7c /home/src/arm/target/bin/../arm-none-eabi/lib//libc.a(lib_a-wctomb_r.o)
                0x00000000100149b8                __ascii_wctomb
                0x00000000100149e4                _wctomb_r
 .text          0x0000000010014a34       0x44 /home/src/arm/target/bin/../arm-none-eabi/lib//libc.a(lib_a-writer.o)
                0x0000000010014a34                _write_r
 .text          0x0000000010014a78       0x9c /home/src/arm/target/bin/../arm-none-eabi/lib//libc.a(lib_a-callocr.o)
                0x0000000010014a78                _calloc_r
 .text          0x0000000010014b14       0x3c /home/src/arm/target/bin/../arm-none-eabi/lib//libc.a(lib_a-closer.o)
                0x0000000010014b14                _close_r
 .text          0x0000000010014b50      0x104 /home/src/arm/target/bin/../arm-none-eabi/lib//libc.a(lib_a-fclose.o)
                0x0000000010014b50                _fclose_r
                0x0000000010014c40                fclose
 .text          0x0000000010014c54       0x40 /home/src/arm/target/bin/../arm-none-eabi/lib//libc.a(lib_a-fstatr.o)
                0x0000000010014c54                _fstat_r
 .text          0x0000000010014c94       0x3c /home/src/arm/target/bin/../arm-none-eabi/lib//libc.a(lib_a-isattyr.o)
                0x0000000010014c94                _isatty_r
 .text          0x0000000010014cd0       0x44 /home/src/arm/target/bin/../arm-none-eabi/lib//libc.a(lib_a-lseekr.o)
                0x0000000010014cd0                _lseek_r
 .text          0x0000000010014d14       0x44 /home/src/arm/target/bin/../arm-none-eabi/lib//libc.a(lib_a-readr.o)
                0x0000000010014d14                _read_r
 .text          0x0000000010014d58      0x114 /home/src/arm/target/bin/../lib/gcc/arm-none-eabi/4.8.2//libgcc.a(_udivsi3.o)
                0x0000000010014d58                __udivsi3
                0x0000000010014d58                __aeabi_uidiv
                0x0000000010014e4c                __aeabi_uidivmod
 .text          0x0000000010014e6c      0x148 /home/src/arm/target/bin/../lib/gcc/arm-none-eabi/4.8.2//libgcc.a(_divsi3.o)
                0x0000000010014e6c                __aeabi_idiv
                0x0000000010014e6c                __divsi3
                0x0000000010014f94                __aeabi_idivmod
 .text          0x0000000010014fb4        0x4 /home/src/arm/target/bin/../lib/gcc/arm-none-eabi/4.8.2//libgcc.a(_dvmd_tls.o)
                0x0000000010014fb4                __aeabi_ldiv0
                0x0000000010014fb4                __aeabi_idiv0
 .text          0x0000000010014fb8      0x41c /home/src/arm/target/bin/../lib/gcc/arm-none-eabi/4.8.2//libgcc.a(_arm_addsubdf3.o)
                0x0000000010014fb8                __aeabi_drsub
                0x0000000010014fc0                __aeabi_dsub
                0x0000000010014fc0                __subdf3
                0x0000000010014fc4                __adddf3
                0x0000000010014fc4                __aeabi_dadd
                0x00000000100152d4                __aeabi_ui2d
                0x00000000100152d4                __floatunsidf
                0x00000000100152f8                __floatsidf
                0x00000000100152f8                __aeabi_i2d
                0x0000000010015320                __extendsfdf2
                0x0000000010015320                __aeabi_f2d
                0x0000000010015360                __aeabi_ul2d
                0x0000000010015360                __floatundidf
                0x0000000010015374                __floatdidf
                0x0000000010015374                __aeabi_l2d
 .text          0x00000000100153d4      0x49c /home/src/arm/target/bin/../lib/gcc/arm-none-eabi/4.8.2//libgcc.a(_arm_muldivdf3.o)
                0x00000000100153d4                __aeabi_dmul
                0x00000000100153d4                __muldf3
                0x0000000010015664                __aeabi_ddiv
                0x0000000010015664                __divdf3
 .text          0x0000000010015870      0x144 /home/src/arm/target/bin/../lib/gcc/arm-none-eabi/4.8.2//libgcc.a(_arm_cmpdf2.o)
                0x0000000010015870                __gtdf2
                0x0000000010015870                __gedf2
                0x0000000010015878                __ltdf2
                0x0000000010015878                __ledf2
                0x0000000010015880                __cmpdf2
                0x0000000010015880                __eqdf2
                0x0000000010015880                __nedf2
                0x0000000010015908                __aeabi_cdrcmple
                0x0000000010015924                __aeabi_cdcmple
                0x0000000010015924                __aeabi_cdcmpeq
                0x000000001001593c                __aeabi_dcmpeq
                0x0000000010015954                __aeabi_dcmplt
                0x000000001001596c                __aeabi_dcmple
                0x0000000010015984                __aeabi_dcmpge
                0x000000001001599c                __aeabi_dcmpgt
 .text          0x00000000100159b4       0x5c /home/src/arm/target/bin/../lib/gcc/arm-none-eabi/4.8.2//libgcc.a(_arm_fixdfsi.o)
                0x00000000100159b4                __fixdfsi
                0x00000000100159b4                __aeabi_d2iz
 .text          0x0000000010015a10       0x3c /home/src/arm/target/bin/../lib/gcc/arm-none-eabi/4.8.2//libgcc.a(_aeabi_uldivmod.o)
                0x0000000010015a10                __aeabi_uldivmod
 .text          0x0000000010015a4c       0x84 /home/src/arm/target/bin/../lib/gcc/arm-none-eabi/4.8.2//libgcc.a(bpabi.o)
                0x0000000010015a4c                __gnu_ldivmod_helper
                0x0000000010015a90                __gnu_uldivmod_helper
 .text          0x0000000010015ad0      0x4d0 /home/src/arm/target/bin/../lib/gcc/arm-none-eabi/4.8.2//libgcc.a(_divdi3.o)
                0x0000000010015ad0                __divdi3
 .text          0x0000000010015fa0      0x470 /home/src/arm/target/bin/../lib/gcc/arm-none-eabi/4.8.2//libgcc.a(_udivdi3.o)
                0x0000000010015fa0                __udivdi3
 .text          0x0000000010016410       0x48 /home/src/arm/target/bin/../lib/gcc/arm-none-eabi/4.8.2//libgcc.a(_clzsi2.o)
                0x0000000010016410                __clzsi2
 *(.glue_7t)
 .glue_7t       0x0000000000000000        0x0 linker stubs
 *(.glue_7)
 .glue_7        0x0000000000000000        0x0 linker stubs
 *(.vfp11_veneer)
 .vfp11_veneer  0x0000000000000000        0x0 linker stubs
 *(.ARM.extab* .gnu.linkonce.armextab.*)
 .ARM.extab.startup
                0x0000000010016458        0x0 /home/leon/git/swp-report/iMX6_Platform_SDK/output/mx6sdl/lib/libsdk.a(startup.o)
 .ARM.extab     0x0000000010016458        0x0 /home/src/arm/target/bin/../lib/gcc/arm-none-eabi/4.8.2//libgcc.a(_divdi3.o)
 .ARM.extab     0x0000000010016458        0x0 /home/src/arm/target/bin/../lib/gcc/arm-none-eabi/4.8.2//libgcc.a(_udivdi3.o)
 *(.gcc_except_table)

.v4_bx          0x0000000010016458        0x0
 .v4_bx         0x0000000000000000        0x0 linker stubs

.iplt           0x0000000010016458        0x0
 .iplt          0x0000000000000000        0x0 /home/src/arm/target/bin/../lib/gcc/arm-none-eabi/4.8.2//crtbegin.o

.ctors
 *crtbegin.o(.ctors)
 *crtbegin?.o(.ctors)
 *(EXCLUDE_FILE(*crtend?.o *crtend.o) .ctors)
 *(SORT(.ctors.*))
 *(.ctors)

.dtors
 *crtbegin.o(.dtors)
 *crtbegin?.o(.dtors)
 *(EXCLUDE_FILE(*crtend?.o *crtend.o) .dtors)
 *(SORT(.dtors.*))
 *(.dtors)

.rodata         0x0000000010016458      0x878
 *(.rodata .rodata.* .gnu.linkonce.r.*)
 .rodata        0x0000000010016458       0xfc /home/leon/git/swp-report/iMX6_Platform_SDK/output/mx6sdl/power_modes_test/smart_device_rev_c/obj/apps/power_modes_test/src/power_modes_test.o
 .rodata        0x0000000010016554       0x34 /home/leon/git/swp-report/iMX6_Platform_SDK/output/mx6sdl/lib/libsdk.a(ccm_pll.o)
                0x0000000010016554                PLL1_OUTPUT
                0x0000000010016558                PLL2_OUTPUT
                0x000000001001656c                PLL3_OUTPUT
                0x0000000010016580                PLL4_OUTPUT
                0x0000000010016584                PLL5_OUTPUT
 .rodata        0x0000000010016588       0x64 /home/leon/git/swp-report/iMX6_Platform_SDK/output/mx6sdl/lib/libsdk.a(gic.o)
 .rodata        0x00000000100165ec       0xcc /home/leon/git/swp-report/iMX6_Platform_SDK/output/mx6sdl/lib/libsdk.a(system_util.o)
 .rodata        0x00000000100166b8       0xf4 /home/leon/git/swp-report/iMX6_Platform_SDK/output/mx6sdl/lib/libsdk.a(text_color.o)
                0x00000000100166c0                g_TextAttributeDefault
                0x00000000100166cc                g_TextAttributeBold
                0x00000000100166d8                g_TextAttributeDim
                0x00000000100166e4                g_TextAttributeUnderline
                0x00000000100166f0                g_TextAttributeBlink
                0x00000000100166fc                g_TextAttributeReverse
                0x0000000010016708                g_TextAttributeHidden
                0x0000000010016714                g_TextColorBlack
                0x0000000010016720                g_TextColorRed
                0x000000001001672c                g_TextColorGreen
                0x0000000010016738                g_TextColorYellow
                0x0000000010016744                g_TextColorBlue
                0x0000000010016750                g_TextColorMagenta
                0x000000001001675c                g_TextColorCyan
                0x0000000010016768                g_TextColorWhite
                0x0000000010016778                g_TextColorOrange
                0x0000000010016788                g_TextColorLightBlue
                0x0000000010016798                g_TextColorGray
                0x00000000100167a8                g_TextColorPurple
 .rodata        0x00000000100167ac       0x20 /home/leon/git/swp-report/iMX6_Platform_SDK/output/mx6sdl/lib/libsdk.a(interrupt.o)
 .rodata        0x00000000100167cc      0x230 /home/leon/git/swp-report/iMX6_Platform_SDK/output/mx6sdl/lib/libsdk.a(abort_handler.o)
 .rodata        0x00000000100169fc       0x84 /home/leon/git/swp-report/iMX6_Platform_SDK/output/mx6sdl/lib/libboard_smart_device_rev_c.a(uart_iomux_config.o)
 .rodata.str1.4
                0x0000000010016a80       0x3f /home/src/arm/target/bin/../arm-none-eabi/lib//libc.a(lib_a-assert.o)
                                         0x44 (size before relaxing)
 *fill*         0x0000000010016abf        0x1 
 .rodata        0x0000000010016ac0        0x4 /home/src/arm/target/bin/../arm-none-eabi/lib//libc.a(lib_a-impure.o)
                0x0000000010016ac0                _global_impure_ptr
 .rodata.str1.4
                0x0000000010016ac4        0x2 /home/src/arm/target/bin/../arm-none-eabi/lib//libc.a(lib_a-impure.o)
                                          0x4 (size before relaxing)
 *fill*         0x0000000010016ac6        0x2 
 .rodata.str1.4
                0x0000000010016ac8        0x4 /home/src/arm/target/bin/../arm-none-eabi/lib//libc.a(lib_a-syscalls.o)
 .rodata        0x0000000010016acc       0x20 /home/src/arm/target/bin/../arm-none-eabi/lib//libc.a(lib_a-vfiprintf.o)
 .rodata.str1.4
                0x0000000010016aec       0x2f /home/src/arm/target/bin/../arm-none-eabi/lib//libc.a(lib_a-vfiprintf.o)
                                         0x30 (size before relaxing)
 *fill*         0x0000000010016b1b        0x1 
 .rodata        0x0000000010016b1c       0x20 /home/src/arm/target/bin/../arm-none-eabi/lib//libc.a(lib_a-vfprintf.o)
 .rodata.str1.4
                0x0000000010016b3c       0x12 /home/src/arm/target/bin/../arm-none-eabi/lib//libc.a(lib_a-vfprintf.o)
                                         0x44 (size before relaxing)
 *fill*         0x0000000010016b4e        0x2 
 .rodata.str1.4
                0x0000000010016b50       0x10 /home/src/arm/target/bin/../arm-none-eabi/lib//libc.a(lib_a-dtoa.o)
                                         0x14 (size before relaxing)
 .rodata.str1.4
                0x0000000010016b60        0xc /home/src/arm/target/bin/../arm-none-eabi/lib//libc.a(lib_a-locale.o)
                                         0x14 (size before relaxing)
 *fill*         0x0000000010016b6c        0x4 
 .rodata        0x0000000010016b70      0x128 /home/src/arm/target/bin/../arm-none-eabi/lib//libc.a(lib_a-mprec.o)
                0x0000000010016b80                __mprec_tens
                0x0000000010016c48                __mprec_tinytens
                0x0000000010016c70                __mprec_bigtens
                0x0000000010016c98                . = ALIGN (0x4)
 *(.init)
 .init          0x0000000010016c98        0xc /home/src/arm/target/bin/../lib/gcc/arm-none-eabi/4.8.2//crti.o
                0x0000000010016c98                _init
 .init          0x0000000010016ca4        0xc /home/src/arm/target/bin/../lib/gcc/arm-none-eabi/4.8.2//crtn.o
                0x0000000010016cb0                . = ALIGN (0x4)
                0x0000000010016cb0                __init_array_start = .
 *(SORT(.init_array.*))
 *(.init_array)
 .init_array    0x0000000010016cb0        0x4 /home/src/arm/target/bin/../lib/gcc/arm-none-eabi/4.8.2//crtbegin.o
                0x0000000010016cb4                __init_array_end = .
                0x0000000010016cb4                . = ALIGN (0x4)
 *(.fini)
 .fini          0x0000000010016cb4        0xc /home/src/arm/target/bin/../lib/gcc/arm-none-eabi/4.8.2//crti.o
                0x0000000010016cb4                _fini
 .fini          0x0000000010016cc0        0xc /home/src/arm/target/bin/../lib/gcc/arm-none-eabi/4.8.2//crtn.o
                0x0000000010016ccc                . = ALIGN (0x4)
                0x0000000010016ccc                __fini_array_start = .
 *(.fini_array)
 .fini_array    0x0000000010016ccc        0x4 /home/src/arm/target/bin/../lib/gcc/arm-none-eabi/4.8.2//crtbegin.o
 *(SORT(.fini_array.*))
                0x0000000010016cd0                __fini_array_end = .
                0x0000000010016cd0                PROVIDE (__exidx_start, .)

.eh_frame       0x0000000010016cd0        0x4
 .eh_frame      0x0000000010016cd0        0x0 /home/src/arm/target/bin/../lib/gcc/arm-none-eabi/4.8.2//crtbegin.o
 .eh_frame      0x0000000010016cd0        0x4 /home/src/arm/target/bin/../lib/gcc/arm-none-eabi/4.8.2//crtend.o

.ARM.exidx      0x0000000010016cd4        0x8
 *(.ARM.exidx* .gnu.linkonce.armexidx.*)
 .ARM.exidx.startup
                0x0000000010016cd4        0x8 /home/leon/git/swp-report/iMX6_Platform_SDK/output/mx6sdl/lib/libsdk.a(startup.o)
 .ARM.exidx     0x0000000010016cdc        0x0 /home/src/arm/target/bin/../lib/gcc/arm-none-eabi/4.8.2//libgcc.a(_divdi3.o)
                                          0x8 (size before relaxing)
 .ARM.exidx     0x0000000010016cdc        0x0 /home/src/arm/target/bin/../lib/gcc/arm-none-eabi/4.8.2//libgcc.a(_udivdi3.o)
                                          0x8 (size before relaxing)
                0x0000000010016cdc                PROVIDE (__exidx_end, .)

.rel.dyn        0x0000000010016cdc        0x0
 .rel.iplt      0x0000000000000000        0x0 /home/src/arm/target/bin/../lib/gcc/arm-none-eabi/4.8.2//crtbegin.o

.data           0x0000000010016ce0      0x8d8
 *(.data .data.* .gnu.linkonce.d.*)
 .data          0x0000000010016ce0        0x4 /home/src/arm/target/bin/../lib/gcc/arm-none-eabi/4.8.2//crtbegin.o
                0x0000000010016ce0                __dso_handle
 .data          0x0000000010016ce4        0x0 /home/src/arm/target/bin/../lib/gcc/arm-none-eabi/4.8.2//crti.o
 .data          0x0000000010016ce4        0x0 /home/src/arm/target/bin/../lib/gcc/arm-none-eabi/4.8.2//crtend.o
 .data          0x0000000010016ce4        0x0 /home/src/arm/target/bin/../lib/gcc/arm-none-eabi/4.8.2//crtn.o
 .data          0x0000000010016ce4        0x0 /home/leon/git/swp-report/iMX6_Platform_SDK/output/mx6sdl/power_modes_test/smart_device_rev_c/obj/apps/common/ivt.o
 .data          0x0000000010016ce4        0x0 /home/leon/git/swp-report/iMX6_Platform_SDK/output/mx6sdl/power_modes_test/smart_device_rev_c/obj/apps/common/platform_init.o
 .data          0x0000000010016ce4        0x4 /home/leon/git/swp-report/iMX6_Platform_SDK/output/mx6sdl/power_modes_test/smart_device_rev_c/obj/apps/power_modes_test/src/power_modes_test.o
 .data          0x0000000010016ce8        0x0 /home/leon/git/swp-report/iMX6_Platform_SDK/output/mx6sdl/lib/libsdk.a(ccm_pll.o)
 .data          0x0000000010016ce8        0x0 /home/leon/git/swp-report/iMX6_Platform_SDK/output/mx6sdl/lib/libsdk.a(cortexA9.o)
 .data          0x0000000010016ce8        0x0 /home/leon/git/swp-report/iMX6_Platform_SDK/output/mx6sdl/lib/libsdk.a(gic.o)
 .data          0x0000000010016ce8        0x0 /home/leon/git/swp-report/iMX6_Platform_SDK/output/mx6sdl/lib/libsdk.a(mmu.o)
 .data          0x0000000010016ce8        0x0 /home/leon/git/swp-report/iMX6_Platform_SDK/output/mx6sdl/lib/libsdk.a(startup.o)
 .data          0x0000000010016ce8        0x0 /home/leon/git/swp-report/iMX6_Platform_SDK/output/mx6sdl/lib/libsdk.a(vectors.o)
 .data          0x0000000010016ce8        0x0 /home/leon/git/swp-report/iMX6_Platform_SDK/output/mx6sdl/lib/libsdk.a(system_util.o)
 .data          0x0000000010016ce8        0x4 /home/leon/git/swp-report/iMX6_Platform_SDK/output/mx6sdl/lib/libsdk.a(text_color.o)
                0x0000000010016ce8                is_color_supported
 .data          0x0000000010016cec        0x0 /home/leon/git/swp-report/iMX6_Platform_SDK/output/mx6sdl/lib/libsdk.a(epit.o)
 .data          0x0000000010016cec        0x0 /home/leon/git/swp-report/iMX6_Platform_SDK/output/mx6sdl/lib/libsdk.a(timer.o)
 .data          0x0000000010016cec        0x0 /home/leon/git/swp-report/iMX6_Platform_SDK/output/mx6sdl/lib/libsdk.a(imx_uart.o)
 .data          0x0000000010016cec        0x4 /home/leon/git/swp-report/iMX6_Platform_SDK/output/mx6sdl/lib/libsdk.a(arm_abort.o)
 .data          0x0000000010016cf0        0x0 /home/leon/git/swp-report/iMX6_Platform_SDK/output/mx6sdl/lib/libsdk.a(interrupt.o)
 .data          0x0000000010016cf0        0x0 /home/leon/git/swp-report/iMX6_Platform_SDK/output/mx6sdl/lib/libsdk.a(abort_handler.o)
 .data          0x0000000010016cf0        0x0 /home/leon/git/swp-report/iMX6_Platform_SDK/output/mx6sdl/lib/libboard_smart_device_rev_c.a(board_io_expanders.o)
 .data          0x0000000010016cf0        0x8 /home/leon/git/swp-report/iMX6_Platform_SDK/output/mx6sdl/lib/libboard_smart_device_rev_c.a(hardware_modules.o)
                0x0000000010016cf0                g_debug_uart_port
                0x0000000010016cf4                g_system_timer_port
 .data          0x0000000010016cf8        0x0 /home/leon/git/swp-report/iMX6_Platform_SDK/output/mx6sdl/lib/libboard_smart_device_rev_c.a(dcd.o)
 .data          0x0000000010016cf8        0x0 /home/leon/git/swp-report/iMX6_Platform_SDK/output/mx6sdl/lib/libboard_smart_device_rev_c.a(uart_iomux_config.o)
 .data          0x0000000010016cf8        0x0 /home/leon/git/swp-report/iMX6_Platform_SDK/output/mx6sdl/lib/libboard_smart_device_rev_c.a(iomux_config.o)
 .data          0x0000000010016cf8        0x0 /home/leon/git/swp-report/iMX6_Platform_SDK/output/mx6sdl/lib/libboard_smart_device_rev_c.a(ipu1_iomux_config.o)
 .data          0x0000000010016cf8        0x0 /home/leon/git/swp-report/iMX6_Platform_SDK/output/mx6sdl/lib/libboard_smart_device_rev_c.a(mmdc_iomux_config.o)
 .data          0x0000000010016cf8        0x0 /home/leon/git/swp-report/iMX6_Platform_SDK/output/mx6sdl/lib/libboard_smart_device_rev_c.a(pwm1_iomux_config.o)
 .data          0x0000000010016cf8        0x0 /home/leon/git/swp-report/iMX6_Platform_SDK/output/mx6sdl/lib/libboard_smart_device_rev_c.a(sjc_iomux_config.o)
 .data          0x0000000010016cf8        0x0 /home/leon/git/swp-report/iMX6_Platform_SDK/output/mx6sdl/lib/libboard_smart_device_rev_c.a(uart1_iomux_config.o)
 .data          0x0000000010016cf8        0x0 /home/leon/git/swp-report/iMX6_Platform_SDK/output/mx6sdl/lib/libboard_smart_device_rev_c.a(usb_iomux_config.o)
 .data          0x0000000010016cf8        0x0 /home/leon/git/swp-report/iMX6_Platform_SDK/output/mx6sdl/lib/libboard_smart_device_rev_c.a(usdhc2_iomux_config.o)
 .data          0x0000000010016cf8        0x0 /home/leon/git/swp-report/iMX6_Platform_SDK/output/mx6sdl/lib/libboard_smart_device_rev_c.a(usdhc3_iomux_config.o)
 .data          0x0000000010016cf8        0x0 /home/leon/git/swp-report/iMX6_Platform_SDK/output/mx6sdl/lib/libboard_smart_device_rev_c.a(usdhc4_iomux_config.o)
 .data          0x0000000010016cf8        0x0 /home/leon/git/swp-report/iMX6_Platform_SDK/output/mx6sdl/lib/libboard_smart_device_rev_c.a(audmux_iomux_config.o)
 .data          0x0000000010016cf8        0x0 /home/leon/git/swp-report/iMX6_Platform_SDK/output/mx6sdl/lib/libboard_smart_device_rev_c.a(ccm_iomux_config.o)
 .data          0x0000000010016cf8        0x0 /home/leon/git/swp-report/iMX6_Platform_SDK/output/mx6sdl/lib/libboard_smart_device_rev_c.a(ecspi1_iomux_config.o)
 .data          0x0000000010016cf8        0x0 /home/leon/git/swp-report/iMX6_Platform_SDK/output/mx6sdl/lib/libboard_smart_device_rev_c.a(enet_iomux_config.o)
 .data          0x0000000010016cf8        0x0 /home/leon/git/swp-report/iMX6_Platform_SDK/output/mx6sdl/lib/libboard_smart_device_rev_c.a(epdc_iomux_config.o)
 .data          0x0000000010016cf8        0x0 /home/leon/git/swp-report/iMX6_Platform_SDK/output/mx6sdl/lib/libboard_smart_device_rev_c.a(flexcan1_iomux_config.o)
 .data          0x0000000010016cf8        0x0 /home/leon/git/swp-report/iMX6_Platform_SDK/output/mx6sdl/lib/libboard_smart_device_rev_c.a(gpio1_iomux_config.o)
 .data          0x0000000010016cf8        0x0 /home/leon/git/swp-report/iMX6_Platform_SDK/output/mx6sdl/lib/libboard_smart_device_rev_c.a(gpio2_iomux_config.o)
 .data          0x0000000010016cf8        0x0 /home/leon/git/swp-report/iMX6_Platform_SDK/output/mx6sdl/lib/libboard_smart_device_rev_c.a(gpio3_iomux_config.o)
 .data          0x0000000010016cf8        0x0 /home/leon/git/swp-report/iMX6_Platform_SDK/output/mx6sdl/lib/libboard_smart_device_rev_c.a(gpio4_iomux_config.o)
 .data          0x0000000010016cf8        0x0 /home/leon/git/swp-report/iMX6_Platform_SDK/output/mx6sdl/lib/libboard_smart_device_rev_c.a(gpio5_iomux_config.o)
 .data          0x0000000010016cf8        0x0 /home/leon/git/swp-report/iMX6_Platform_SDK/output/mx6sdl/lib/libboard_smart_device_rev_c.a(gpio6_iomux_config.o)
 .data          0x0000000010016cf8        0x0 /home/leon/git/swp-report/iMX6_Platform_SDK/output/mx6sdl/lib/libboard_smart_device_rev_c.a(gpio7_iomux_config.o)
 .data          0x0000000010016cf8        0x0 /home/leon/git/swp-report/iMX6_Platform_SDK/output/mx6sdl/lib/libboard_smart_device_rev_c.a(gps_iomux_config.o)
 .data          0x0000000010016cf8        0x0 /home/leon/git/swp-report/iMX6_Platform_SDK/output/mx6sdl/lib/libboard_smart_device_rev_c.a(i2c1_iomux_config.o)
 .data          0x0000000010016cf8        0x0 /home/leon/git/swp-report/iMX6_Platform_SDK/output/mx6sdl/lib/libboard_smart_device_rev_c.a(i2c2_iomux_config.o)
 .data          0x0000000010016cf8        0x0 /home/leon/git/swp-report/iMX6_Platform_SDK/output/mx6sdl/lib/libboard_smart_device_rev_c.a(i2c3_iomux_config.o)
 .data          0x0000000010016cf8        0x0 /home/src/arm/target/bin/../arm-none-eabi/lib//libc.a(lib_a-assert.o)
 .data          0x0000000010016cf8        0x0 /home/src/arm/target/bin/../arm-none-eabi/lib//libc.a(lib_a-bzero.o)
 .data          0x0000000010016cf8        0x0 /home/src/arm/target/bin/../arm-none-eabi/lib//libc.a(lib_a-fiprintf.o)
 .data          0x0000000010016cf8        0x0 /home/src/arm/target/bin/../arm-none-eabi/lib//libc.a(lib_a-fputc.o)
 .data          0x0000000010016cf8      0x430 /home/src/arm/target/bin/../arm-none-eabi/lib//libc.a(lib_a-impure.o)
                0x0000000010016cf8                _impure_ptr
 .data          0x0000000010017128        0x0 /home/src/arm/target/bin/../arm-none-eabi/lib//libc.a(lib_a-init.o)
 .data          0x0000000010017128        0x0 /home/src/arm/target/bin/../arm-none-eabi/lib//libc.a(lib_a-malloc.o)
 .data          0x0000000010017128      0x410 /home/src/arm/target/bin/../arm-none-eabi/lib//libc.a(lib_a-mallocr.o)
                0x0000000010017128                __malloc_av_
                0x0000000010017530                __malloc_sbrk_base
                0x0000000010017534                __malloc_trim_threshold
 .data          0x0000000010017538        0x0 /home/src/arm/target/bin/../arm-none-eabi/lib//libc.a(lib_a-mlock.o)
 .data          0x0000000010017538        0x0 /home/src/arm/target/bin/../arm-none-eabi/lib//libc.a(lib_a-printf.o)
 .data          0x0000000010017538        0x0 /home/src/arm/target/bin/../arm-none-eabi/lib//libc.a(lib_a-putc.o)
 .data          0x0000000010017538        0x0 /home/src/arm/target/bin/../arm-none-eabi/lib//libc.a(lib_a-realloc.o)
 .data          0x0000000010017538        0x0 /home/src/arm/target/bin/../arm-none-eabi/lib//libc.a(lib_a-reallocr.o)
 .data          0x0000000010017538        0x0 /home/src/arm/target/bin/../arm-none-eabi/lib//libc.a(lib_a-rget.o)
 .data          0x0000000010017538        0x0 /home/src/arm/target/bin/../arm-none-eabi/lib//libc.a(lib_a-sbrkr.o)
 .data          0x0000000010017538        0x0 /home/src/arm/target/bin/../arm-none-eabi/lib//libc.a(lib_a-syscalls.o)
 .data          0x0000000010017538        0x0 /home/src/arm/target/bin/../arm-none-eabi/lib//libc.a(lib_a-vfiprintf.o)
 .data          0x0000000010017538        0x0 /home/src/arm/target/bin/../arm-none-eabi/lib//libc.a(lib_a-vfprintf.o)
 .data          0x0000000010017538        0x0 /home/src/arm/target/bin/../arm-none-eabi/lib//libc.a(lib_a-vprintf.o)
 .data          0x0000000010017538        0x0 /home/src/arm/target/bin/../arm-none-eabi/lib//libc.a(lib_a-wbuf.o)
 .data          0x0000000010017538        0x0 /home/src/arm/target/bin/../arm-none-eabi/lib//libc.a(lib_a-wsetup.o)
 .data          0x0000000010017538        0x0 /home/src/arm/target/bin/../arm-none-eabi/lib//libc.a(lib_a-abort.o)
 .data          0x0000000010017538        0x0 /home/src/arm/target/bin/../arm-none-eabi/lib//libc.a(lib_a-dtoa.o)
 .data          0x0000000010017538        0x0 /home/src/arm/target/bin/../arm-none-eabi/lib//libc.a(lib_a-errno.o)
 .data          0x0000000010017538        0x0 /home/src/arm/target/bin/../arm-none-eabi/lib//libc.a(lib_a-fflush.o)
 .data          0x0000000010017538        0x0 /home/src/arm/target/bin/../arm-none-eabi/lib//libc.a(lib_a-findfp.o)
 .data          0x0000000010017538        0x0 /home/src/arm/target/bin/../arm-none-eabi/lib//libc.a(lib_a-fputwc.o)
 .data          0x0000000010017538        0x0 /home/src/arm/target/bin/../arm-none-eabi/lib//libc.a(lib_a-freer.o)
 .data          0x0000000010017538        0x0 /home/src/arm/target/bin/../arm-none-eabi/lib//libc.a(lib_a-fvwrite.o)
 .data          0x0000000010017538        0x0 /home/src/arm/target/bin/../arm-none-eabi/lib//libc.a(lib_a-fwalk.o)
 .data          0x0000000010017538       0x7c /home/src/arm/target/bin/../arm-none-eabi/lib//libc.a(lib_a-locale.o)
                0x0000000010017558                __mb_cur_max
 .data          0x00000000100175b4        0x0 /home/src/arm/target/bin/../arm-none-eabi/lib//libc.a(lib_a-makebuf.o)
 .data          0x00000000100175b4        0x0 /home/src/arm/target/bin/../arm-none-eabi/lib//libc.a(lib_a-memchr-stub.o)
 .data          0x00000000100175b4        0x0 /home/src/arm/target/bin/../arm-none-eabi/lib//libc.a(lib_a-memcpy-stub.o)
 .data          0x00000000100175b4        0x0 /home/src/arm/target/bin/../arm-none-eabi/lib//libc.a(lib_a-memmove.o)
 .data          0x00000000100175b4        0x0 /home/src/arm/target/bin/../arm-none-eabi/lib//libc.a(lib_a-memset.o)
 .data          0x00000000100175b4        0x0 /home/src/arm/target/bin/../arm-none-eabi/lib//libc.a(lib_a-mprec.o)
 .data          0x00000000100175b4        0x0 /home/src/arm/target/bin/../arm-none-eabi/lib//libc.a(lib_a-reent.o)
 .data          0x00000000100175b4        0x0 /home/src/arm/target/bin/../arm-none-eabi/lib//libc.a(lib_a-refill.o)
 .data          0x00000000100175b4        0x0 /home/src/arm/target/bin/../arm-none-eabi/lib//libc.a(lib_a-s_fpclassify.o)
 .data          0x00000000100175b4        0x0 /home/src/arm/target/bin/../arm-none-eabi/lib//libc.a(lib_a-signal.o)
 .data          0x00000000100175b4        0x0 /home/src/arm/target/bin/../arm-none-eabi/lib//libc.a(lib_a-signalr.o)
 .data          0x00000000100175b4        0x0 /home/src/arm/target/bin/../arm-none-eabi/lib//libc.a(lib_a-stdio.o)
 .data          0x00000000100175b4        0x0 /home/src/arm/target/bin/../arm-none-eabi/lib//libc.a(lib_a-strcmp.o)
 .data          0x00000000100175b4        0x0 /home/src/arm/target/bin/../arm-none-eabi/lib//libc.a(lib_a-strlen.o)
 .data          0x00000000100175b4        0x0 /home/src/arm/target/bin/../arm-none-eabi/lib//libc.a(lib_a-wcrtomb.o)
 .data          0x00000000100175b4        0x4 /home/src/arm/target/bin/../arm-none-eabi/lib//libc.a(lib_a-wctomb_r.o)
                0x00000000100175b4                __wctomb
 .data          0x00000000100175b8        0x0 /home/src/arm/target/bin/../arm-none-eabi/lib//libc.a(lib_a-writer.o)
 .data          0x00000000100175b8        0x0 /home/src/arm/target/bin/../arm-none-eabi/lib//libc.a(lib_a-callocr.o)
 .data          0x00000000100175b8        0x0 /home/src/arm/target/bin/../arm-none-eabi/lib//libc.a(lib_a-closer.o)
 .data          0x00000000100175b8        0x0 /home/src/arm/target/bin/../arm-none-eabi/lib//libc.a(lib_a-fclose.o)
 .data          0x00000000100175b8        0x0 /home/src/arm/target/bin/../arm-none-eabi/lib//libc.a(lib_a-fstatr.o)
 .data          0x00000000100175b8        0x0 /home/src/arm/target/bin/../arm-none-eabi/lib//libc.a(lib_a-isattyr.o)
 .data          0x00000000100175b8        0x0 /home/src/arm/target/bin/../arm-none-eabi/lib//libc.a(lib_a-lseekr.o)
 .data          0x00000000100175b8        0x0 /home/src/arm/target/bin/../arm-none-eabi/lib//libc.a(lib_a-readr.o)
 .data          0x00000000100175b8        0x0 /home/src/arm/target/bin/../lib/gcc/arm-none-eabi/4.8.2//libgcc.a(_udivsi3.o)
 .data          0x00000000100175b8        0x0 /home/src/arm/target/bin/../lib/gcc/arm-none-eabi/4.8.2//libgcc.a(_divsi3.o)
 .data          0x00000000100175b8        0x0 /home/src/arm/target/bin/../lib/gcc/arm-none-eabi/4.8.2//libgcc.a(_dvmd_tls.o)
 .data          0x00000000100175b8        0x0 /home/src/arm/target/bin/../lib/gcc/arm-none-eabi/4.8.2//libgcc.a(_arm_addsubdf3.o)
 .data          0x00000000100175b8        0x0 /home/src/arm/target/bin/../lib/gcc/arm-none-eabi/4.8.2//libgcc.a(_arm_muldivdf3.o)
 .data          0x00000000100175b8        0x0 /home/src/arm/target/bin/../lib/gcc/arm-none-eabi/4.8.2//libgcc.a(_arm_cmpdf2.o)
 .data          0x00000000100175b8        0x0 /home/src/arm/target/bin/../lib/gcc/arm-none-eabi/4.8.2//libgcc.a(_arm_fixdfsi.o)
 .data          0x00000000100175b8        0x0 /home/src/arm/target/bin/../lib/gcc/arm-none-eabi/4.8.2//libgcc.a(_aeabi_uldivmod.o)
 .data          0x00000000100175b8        0x0 /home/src/arm/target/bin/../lib/gcc/arm-none-eabi/4.8.2//libgcc.a(bpabi.o)
 .data          0x00000000100175b8        0x0 /home/src/arm/target/bin/../lib/gcc/arm-none-eabi/4.8.2//libgcc.a(_divdi3.o)
 .data          0x00000000100175b8        0x0 /home/src/arm/target/bin/../lib/gcc/arm-none-eabi/4.8.2//libgcc.a(_udivdi3.o)
 .data          0x00000000100175b8        0x0 /home/src/arm/target/bin/../lib/gcc/arm-none-eabi/4.8.2//libgcc.a(_clzsi2.o)

.jcr            0x00000000100175b8        0x4
 .jcr           0x00000000100175b8        0x0 /home/src/arm/target/bin/../lib/gcc/arm-none-eabi/4.8.2//crtbegin.o
 .jcr           0x00000000100175b8        0x4 /home/src/arm/target/bin/../lib/gcc/arm-none-eabi/4.8.2//crtend.o

.tm_clone_table
                0x00000000100175bc        0x0
 .tm_clone_table
                0x00000000100175bc        0x0 /home/src/arm/target/bin/../lib/gcc/arm-none-eabi/4.8.2//crtbegin.o
 .tm_clone_table
                0x00000000100175bc        0x0 /home/src/arm/target/bin/../lib/gcc/arm-none-eabi/4.8.2//crtend.o

.igot.plt       0x00000000100175bc        0x0
 .igot.plt      0x0000000000000000        0x0 /home/src/arm/target/bin/../lib/gcc/arm-none-eabi/4.8.2//crtbegin.o

.hab.data       0x0000000010400000     0x2000
                0x0000000010400000                __hab_data = .
                0x0000000010402000                . = (. + 0x2000)
 *fill*         0x0000000010400000     0x2000 
                0x0000000010402000                . = ALIGN (0x20)
                0x0000000010402000                __hab_data_end = .
                0x0000000000402000                _image_size = (. - _start_image_add)

.bss            0x0000000010402000      0x3a8
                0x0000000010402000                __bss_start__ = .
 *(.shbss)
 *(.bss .bss.* .gnu.linkonce.b.*)
 .bss           0x0000000010402000       0x1c /home/src/arm/target/bin/../lib/gcc/arm-none-eabi/4.8.2//crtbegin.o
 .bss           0x000000001040201c        0x0 /home/src/arm/target/bin/../lib/gcc/arm-none-eabi/4.8.2//crti.o
 .bss           0x000000001040201c        0x0 /home/src/arm/target/bin/../lib/gcc/arm-none-eabi/4.8.2//crtend.o
 .bss           0x000000001040201c        0x0 /home/src/arm/target/bin/../lib/gcc/arm-none-eabi/4.8.2//crtn.o
 .bss           0x000000001040201c        0x0 /home/leon/git/swp-report/iMX6_Platform_SDK/output/mx6sdl/power_modes_test/smart_device_rev_c/obj/apps/common/ivt.o
 .bss           0x000000001040201c        0x0 /home/leon/git/swp-report/iMX6_Platform_SDK/output/mx6sdl/power_modes_test/smart_device_rev_c/obj/apps/common/platform_init.o
 .bss           0x000000001040201c        0x0 /home/leon/git/swp-report/iMX6_Platform_SDK/output/mx6sdl/power_modes_test/smart_device_rev_c/obj/apps/power_modes_test/src/power_modes_test.o
 .bss           0x000000001040201c        0x0 /home/leon/git/swp-report/iMX6_Platform_SDK/output/mx6sdl/lib/libsdk.a(ccm_pll.o)
 .bss           0x000000001040201c        0x0 /home/leon/git/swp-report/iMX6_Platform_SDK/output/mx6sdl/lib/libsdk.a(cortexA9.o)
 .bss           0x000000001040201c        0x0 /home/leon/git/swp-report/iMX6_Platform_SDK/output/mx6sdl/lib/libsdk.a(gic.o)
 .bss           0x000000001040201c        0x0 /home/leon/git/swp-report/iMX6_Platform_SDK/output/mx6sdl/lib/libsdk.a(mmu.o)
 .bss           0x000000001040201c        0x0 /home/leon/git/swp-report/iMX6_Platform_SDK/output/mx6sdl/lib/libsdk.a(startup.o)
 .bss           0x000000001040201c        0x0 /home/leon/git/swp-report/iMX6_Platform_SDK/output/mx6sdl/lib/libsdk.a(vectors.o)
 .bss           0x000000001040201c        0x0 /home/leon/git/swp-report/iMX6_Platform_SDK/output/mx6sdl/lib/libsdk.a(system_util.o)
 .bss           0x000000001040201c        0x0 /home/leon/git/swp-report/iMX6_Platform_SDK/output/mx6sdl/lib/libsdk.a(text_color.o)
 .bss           0x000000001040201c        0x0 /home/leon/git/swp-report/iMX6_Platform_SDK/output/mx6sdl/lib/libsdk.a(epit.o)
 .bss           0x000000001040201c        0x4 /home/leon/git/swp-report/iMX6_Platform_SDK/output/mx6sdl/lib/libsdk.a(timer.o)
                0x000000001040201c                g_microsecondTimerMultiple
 .bss           0x0000000010402020        0x0 /home/leon/git/swp-report/iMX6_Platform_SDK/output/mx6sdl/lib/libsdk.a(imx_uart.o)
 .bss           0x0000000010402020        0x0 /home/leon/git/swp-report/iMX6_Platform_SDK/output/mx6sdl/lib/libsdk.a(arm_abort.o)
 .bss           0x0000000010402020      0x290 /home/leon/git/swp-report/iMX6_Platform_SDK/output/mx6sdl/lib/libsdk.a(interrupt.o)
                0x0000000010402020                g_interrupt_handlers
                0x00000000104022a0                g_vectNum
 .bss           0x00000000104022b0        0x0 /home/leon/git/swp-report/iMX6_Platform_SDK/output/mx6sdl/lib/libsdk.a(abort_handler.o)
 .bss           0x00000000104022b0        0x4 /home/leon/git/swp-report/iMX6_Platform_SDK/output/mx6sdl/lib/libboard_smart_device_rev_c.a(board_io_expanders.o)
                0x00000000104022b0                max7310_i2c_req_array
 .bss           0x00000000104022b4        0x0 /home/leon/git/swp-report/iMX6_Platform_SDK/output/mx6sdl/lib/libboard_smart_device_rev_c.a(hardware_modules.o)
 .bss           0x00000000104022b4        0x0 /home/leon/git/swp-report/iMX6_Platform_SDK/output/mx6sdl/lib/libboard_smart_device_rev_c.a(dcd.o)
 .bss           0x00000000104022b4        0x0 /home/leon/git/swp-report/iMX6_Platform_SDK/output/mx6sdl/lib/libboard_smart_device_rev_c.a(uart_iomux_config.o)
 .bss           0x00000000104022b4        0x0 /home/leon/git/swp-report/iMX6_Platform_SDK/output/mx6sdl/lib/libboard_smart_device_rev_c.a(iomux_config.o)
 .bss           0x00000000104022b4        0x0 /home/leon/git/swp-report/iMX6_Platform_SDK/output/mx6sdl/lib/libboard_smart_device_rev_c.a(ipu1_iomux_config.o)
 .bss           0x00000000104022b4        0x0 /home/leon/git/swp-report/iMX6_Platform_SDK/output/mx6sdl/lib/libboard_smart_device_rev_c.a(mmdc_iomux_config.o)
 .bss           0x00000000104022b4        0x0 /home/leon/git/swp-report/iMX6_Platform_SDK/output/mx6sdl/lib/libboard_smart_device_rev_c.a(pwm1_iomux_config.o)
 .bss           0x00000000104022b4        0x0 /home/leon/git/swp-report/iMX6_Platform_SDK/output/mx6sdl/lib/libboard_smart_device_rev_c.a(sjc_iomux_config.o)
 .bss           0x00000000104022b4        0x0 /home/leon/git/swp-report/iMX6_Platform_SDK/output/mx6sdl/lib/libboard_smart_device_rev_c.a(uart1_iomux_config.o)
 .bss           0x00000000104022b4        0x0 /home/leon/git/swp-report/iMX6_Platform_SDK/output/mx6sdl/lib/libboard_smart_device_rev_c.a(usb_iomux_config.o)
 .bss           0x00000000104022b4        0x0 /home/leon/git/swp-report/iMX6_Platform_SDK/output/mx6sdl/lib/libboard_smart_device_rev_c.a(usdhc2_iomux_config.o)
 .bss           0x00000000104022b4        0x0 /home/leon/git/swp-report/iMX6_Platform_SDK/output/mx6sdl/lib/libboard_smart_device_rev_c.a(usdhc3_iomux_config.o)
 .bss           0x00000000104022b4        0x0 /home/leon/git/swp-report/iMX6_Platform_SDK/output/mx6sdl/lib/libboard_smart_device_rev_c.a(usdhc4_iomux_config.o)
 .bss           0x00000000104022b4        0x0 /home/leon/git/swp-report/iMX6_Platform_SDK/output/mx6sdl/lib/libboard_smart_device_rev_c.a(audmux_iomux_config.o)
 .bss           0x00000000104022b4        0x0 /home/leon/git/swp-report/iMX6_Platform_SDK/output/mx6sdl/lib/libboard_smart_device_rev_c.a(ccm_iomux_config.o)
 .bss           0x00000000104022b4        0x0 /home/leon/git/swp-report/iMX6_Platform_SDK/output/mx6sdl/lib/libboard_smart_device_rev_c.a(ecspi1_iomux_config.o)
 .bss           0x00000000104022b4        0x0 /home/leon/git/swp-report/iMX6_Platform_SDK/output/mx6sdl/lib/libboard_smart_device_rev_c.a(enet_iomux_config.o)
 .bss           0x00000000104022b4        0x0 /home/leon/git/swp-report/iMX6_Platform_SDK/output/mx6sdl/lib/libboard_smart_device_rev_c.a(epdc_iomux_config.o)
 .bss           0x00000000104022b4        0x0 /home/leon/git/swp-report/iMX6_Platform_SDK/output/mx6sdl/lib/libboard_smart_device_rev_c.a(flexcan1_iomux_config.o)
 .bss           0x00000000104022b4        0x0 /home/leon/git/swp-report/iMX6_Platform_SDK/output/mx6sdl/lib/libboard_smart_device_rev_c.a(gpio1_iomux_config.o)
 .bss           0x00000000104022b4        0x0 /home/leon/git/swp-report/iMX6_Platform_SDK/output/mx6sdl/lib/libboard_smart_device_rev_c.a(gpio2_iomux_config.o)
 .bss           0x00000000104022b4        0x0 /home/leon/git/swp-report/iMX6_Platform_SDK/output/mx6sdl/lib/libboard_smart_device_rev_c.a(gpio3_iomux_config.o)
 .bss           0x00000000104022b4        0x0 /home/leon/git/swp-report/iMX6_Platform_SDK/output/mx6sdl/lib/libboard_smart_device_rev_c.a(gpio4_iomux_config.o)
 .bss           0x00000000104022b4        0x0 /home/leon/git/swp-report/iMX6_Platform_SDK/output/mx6sdl/lib/libboard_smart_device_rev_c.a(gpio5_iomux_config.o)
 .bss           0x00000000104022b4        0x0 /home/leon/git/swp-report/iMX6_Platform_SDK/output/mx6sdl/lib/libboard_smart_device_rev_c.a(gpio6_iomux_config.o)
 .bss           0x00000000104022b4        0x0 /home/leon/git/swp-report/iMX6_Platform_SDK/output/mx6sdl/lib/libboard_smart_device_rev_c.a(gpio7_iomux_config.o)
 .bss           0x00000000104022b4        0x0 /home/leon/git/swp-report/iMX6_Platform_SDK/output/mx6sdl/lib/libboard_smart_device_rev_c.a(gps_iomux_config.o)
 .bss           0x00000000104022b4        0x0 /home/leon/git/swp-report/iMX6_Platform_SDK/output/mx6sdl/lib/libboard_smart_device_rev_c.a(i2c1_iomux_config.o)
 .bss           0x00000000104022b4        0x0 /home/leon/git/swp-report/iMX6_Platform_SDK/output/mx6sdl/lib/libboard_smart_device_rev_c.a(i2c2_iomux_config.o)
 .bss           0x00000000104022b4        0x0 /home/leon/git/swp-report/iMX6_Platform_SDK/output/mx6sdl/lib/libboard_smart_device_rev_c.a(i2c3_iomux_config.o)
 .bss           0x00000000104022b4        0x0 /home/src/arm/target/bin/../arm-none-eabi/lib//libc.a(lib_a-assert.o)
 .bss           0x00000000104022b4        0x0 /home/src/arm/target/bin/../arm-none-eabi/lib//libc.a(lib_a-bzero.o)
 .bss           0x00000000104022b4        0x0 /home/src/arm/target/bin/../arm-none-eabi/lib//libc.a(lib_a-fiprintf.o)
 .bss           0x00000000104022b4        0x0 /home/src/arm/target/bin/../arm-none-eabi/lib//libc.a(lib_a-fputc.o)
 .bss           0x00000000104022b4        0x0 /home/src/arm/target/bin/../arm-none-eabi/lib//libc.a(lib_a-impure.o)
 .bss           0x00000000104022b4        0x0 /home/src/arm/target/bin/../arm-none-eabi/lib//libc.a(lib_a-init.o)
 .bss           0x00000000104022b4        0x0 /home/src/arm/target/bin/../arm-none-eabi/lib//libc.a(lib_a-malloc.o)
 .bss           0x00000000104022b4       0x34 /home/src/arm/target/bin/../arm-none-eabi/lib//libc.a(lib_a-mallocr.o)
                0x00000000104022b4                __malloc_top_pad
                0x00000000104022b8                __malloc_current_mallinfo
                0x00000000104022e0                __malloc_max_sbrked_mem
                0x00000000104022e4                __malloc_max_total_mem
 .bss           0x00000000104022e8        0x0 /home/src/arm/target/bin/../arm-none-eabi/lib//libc.a(lib_a-mlock.o)
 .bss           0x00000000104022e8        0x0 /home/src/arm/target/bin/../arm-none-eabi/lib//libc.a(lib_a-printf.o)
 .bss           0x00000000104022e8        0x0 /home/src/arm/target/bin/../arm-none-eabi/lib//libc.a(lib_a-putc.o)
 .bss           0x00000000104022e8        0x0 /home/src/arm/target/bin/../arm-none-eabi/lib//libc.a(lib_a-realloc.o)
 .bss           0x00000000104022e8        0x0 /home/src/arm/target/bin/../arm-none-eabi/lib//libc.a(lib_a-reallocr.o)
 .bss           0x00000000104022e8        0x0 /home/src/arm/target/bin/../arm-none-eabi/lib//libc.a(lib_a-rget.o)
 .bss           0x00000000104022e8        0x0 /home/src/arm/target/bin/../arm-none-eabi/lib//libc.a(lib_a-sbrkr.o)
 .bss           0x00000000104022e8       0xb0 /home/src/arm/target/bin/../arm-none-eabi/lib//libc.a(lib_a-syscalls.o)
 .bss           0x0000000010402398        0x0 /home/src/arm/target/bin/../arm-none-eabi/lib//libc.a(lib_a-vfiprintf.o)
 .bss           0x0000000010402398        0x0 /home/src/arm/target/bin/../arm-none-eabi/lib//libc.a(lib_a-vfprintf.o)
 .bss           0x0000000010402398        0x0 /home/src/arm/target/bin/../arm-none-eabi/lib//libc.a(lib_a-vprintf.o)
 .bss           0x0000000010402398        0x0 /home/src/arm/target/bin/../arm-none-eabi/lib//libc.a(lib_a-wbuf.o)
 .bss           0x0000000010402398        0x0 /home/src/arm/target/bin/../arm-none-eabi/lib//libc.a(lib_a-wsetup.o)
 .bss           0x0000000010402398        0x0 /home/src/arm/target/bin/../arm-none-eabi/lib//libc.a(lib_a-abort.o)
 .bss           0x0000000010402398        0x0 /home/src/arm/target/bin/../arm-none-eabi/lib//libc.a(lib_a-dtoa.o)
 .bss           0x0000000010402398        0x0 /home/src/arm/target/bin/../arm-none-eabi/lib//libc.a(lib_a-errno.o)
 .bss           0x0000000010402398        0x0 /home/src/arm/target/bin/../arm-none-eabi/lib//libc.a(lib_a-fflush.o)
 .bss           0x0000000010402398        0x0 /home/src/arm/target/bin/../arm-none-eabi/lib//libc.a(lib_a-findfp.o)
 .bss           0x0000000010402398        0x0 /home/src/arm/target/bin/../arm-none-eabi/lib//libc.a(lib_a-fputwc.o)
 .bss           0x0000000010402398        0x0 /home/src/arm/target/bin/../arm-none-eabi/lib//libc.a(lib_a-freer.o)
 .bss           0x0000000010402398        0x0 /home/src/arm/target/bin/../arm-none-eabi/lib//libc.a(lib_a-fvwrite.o)
 .bss           0x0000000010402398        0x0 /home/src/arm/target/bin/../arm-none-eabi/lib//libc.a(lib_a-fwalk.o)
 .bss           0x0000000010402398        0xc /home/src/arm/target/bin/../arm-none-eabi/lib//libc.a(lib_a-locale.o)
                0x0000000010402398                _PathLocale
                0x000000001040239c                __mlocale_changed
                0x00000000104023a0                __nlocale_changed
 .bss           0x00000000104023a4        0x0 /home/src/arm/target/bin/../arm-none-eabi/lib//libc.a(lib_a-makebuf.o)
 .bss           0x00000000104023a4        0x0 /home/src/arm/target/bin/../arm-none-eabi/lib//libc.a(lib_a-memchr-stub.o)
 .bss           0x00000000104023a4        0x0 /home/src/arm/target/bin/../arm-none-eabi/lib//libc.a(lib_a-memcpy-stub.o)
 .bss           0x00000000104023a4        0x0 /home/src/arm/target/bin/../arm-none-eabi/lib//libc.a(lib_a-memmove.o)
 .bss           0x00000000104023a4        0x0 /home/src/arm/target/bin/../arm-none-eabi/lib//libc.a(lib_a-memset.o)
 .bss           0x00000000104023a4        0x0 /home/src/arm/target/bin/../arm-none-eabi/lib//libc.a(lib_a-mprec.o)
 .bss           0x00000000104023a4        0x0 /home/src/arm/target/bin/../arm-none-eabi/lib//libc.a(lib_a-reent.o)
 .bss           0x00000000104023a4        0x0 /home/src/arm/target/bin/../arm-none-eabi/lib//libc.a(lib_a-refill.o)
 .bss           0x00000000104023a4        0x0 /home/src/arm/target/bin/../arm-none-eabi/lib//libc.a(lib_a-s_fpclassify.o)
 .bss           0x00000000104023a4        0x0 /home/src/arm/target/bin/../arm-none-eabi/lib//libc.a(lib_a-signal.o)
 .bss           0x00000000104023a4        0x0 /home/src/arm/target/bin/../arm-none-eabi/lib//libc.a(lib_a-signalr.o)
 .bss           0x00000000104023a4        0x0 /home/src/arm/target/bin/../arm-none-eabi/lib//libc.a(lib_a-stdio.o)
 .bss           0x00000000104023a4        0x0 /home/src/arm/target/bin/../arm-none-eabi/lib//libc.a(lib_a-strcmp.o)
 .bss           0x00000000104023a4        0x0 /home/src/arm/target/bin/../arm-none-eabi/lib//libc.a(lib_a-strlen.o)
 .bss           0x00000000104023a4        0x0 /home/src/arm/target/bin/../arm-none-eabi/lib//libc.a(lib_a-wcrtomb.o)
 .bss           0x00000000104023a4        0x0 /home/src/arm/target/bin/../arm-none-eabi/lib//libc.a(lib_a-wctomb_r.o)
 .bss           0x00000000104023a4        0x0 /home/src/arm/target/bin/../arm-none-eabi/lib//libc.a(lib_a-writer.o)
 .bss           0x00000000104023a4        0x0 /home/src/arm/target/bin/../arm-none-eabi/lib//libc.a(lib_a-callocr.o)
 .bss           0x00000000104023a4        0x0 /home/src/arm/target/bin/../arm-none-eabi/lib//libc.a(lib_a-closer.o)
 .bss           0x00000000104023a4        0x0 /home/src/arm/target/bin/../arm-none-eabi/lib//libc.a(lib_a-fclose.o)
 .bss           0x00000000104023a4        0x0 /home/src/arm/target/bin/../arm-none-eabi/lib//libc.a(lib_a-fstatr.o)
 .bss           0x00000000104023a4        0x0 /home/src/arm/target/bin/../arm-none-eabi/lib//libc.a(lib_a-isattyr.o)
 .bss           0x00000000104023a4        0x0 /home/src/arm/target/bin/../arm-none-eabi/lib//libc.a(lib_a-lseekr.o)
 .bss           0x00000000104023a4        0x0 /home/src/arm/target/bin/../arm-none-eabi/lib//libc.a(lib_a-readr.o)
 .bss           0x00000000104023a4        0x0 /home/src/arm/target/bin/../lib/gcc/arm-none-eabi/4.8.2//libgcc.a(_udivsi3.o)
 .bss           0x00000000104023a4        0x0 /home/src/arm/target/bin/../lib/gcc/arm-none-eabi/4.8.2//libgcc.a(_divsi3.o)
 .bss           0x00000000104023a4        0x0 /home/src/arm/target/bin/../lib/gcc/arm-none-eabi/4.8.2//libgcc.a(_dvmd_tls.o)
 .bss           0x00000000104023a4        0x0 /home/src/arm/target/bin/../lib/gcc/arm-none-eabi/4.8.2//libgcc.a(_arm_addsubdf3.o)
 .bss           0x00000000104023a4        0x0 /home/src/arm/target/bin/../lib/gcc/arm-none-eabi/4.8.2//libgcc.a(_arm_muldivdf3.o)
 .bss           0x00000000104023a4        0x0 /home/src/arm/target/bin/../lib/gcc/arm-none-eabi/4.8.2//libgcc.a(_arm_cmpdf2.o)
 .bss           0x00000000104023a4        0x0 /home/src/arm/target/bin/../lib/gcc/arm-none-eabi/4.8.2//libgcc.a(_arm_fixdfsi.o)
 .bss           0x00000000104023a4        0x0 /home/src/arm/target/bin/../lib/gcc/arm-none-eabi/4.8.2//libgcc.a(_aeabi_uldivmod.o)
 .bss           0x00000000104023a4        0x0 /home/src/arm/target/bin/../lib/gcc/arm-none-eabi/4.8.2//libgcc.a(bpabi.o)
 .bss           0x00000000104023a4        0x0 /home/src/arm/target/bin/../lib/gcc/arm-none-eabi/4.8.2//libgcc.a(_divdi3.o)
 .bss           0x00000000104023a4        0x0 /home/src/arm/target/bin/../lib/gcc/arm-none-eabi/4.8.2//libgcc.a(_udivdi3.o)
 .bss           0x00000000104023a4        0x0 /home/src/arm/target/bin/../lib/gcc/arm-none-eabi/4.8.2//libgcc.a(_clzsi2.o)
 *(COMMON)
 COMMON         0x00000000104023a4        0x4 /home/src/arm/target/bin/../arm-none-eabi/lib//libc.a(lib_a-reent.o)
                0x00000000104023a4                errno
 *(.bss)
                0x00000000104023a8                __bss_end__ = .

.stacks         0x00000000104023a8     0xc000
                0x00000000104023a8                __stacks_start = .
                0x000000001040e3a8                . = (. + 0xc000)
 *fill*         0x00000000104023a8     0xc000 
                0x000000001040e3a8                __stacks_end = .
                0x000000001040e3a8                top_of_stacks = .
                0x000000001040e3c0                free_memory_start = ALIGN (0x20)
                0x000000001840e3a8                . = (. + 0x8000000)
                0x000000001840e3a8                free_memory_end = .
                0x000000001840e3a8                _end = .
                0x000000001840e3a8                PROVIDE (end, .)
START GROUP
LOAD /home/leon/git/swp-report/iMX6_Platform_SDK/output/mx6sdl/power_modes_test/smart_device_rev_c/obj/apps/common/ivt.o
LOAD /home/leon/git/swp-report/iMX6_Platform_SDK/output/mx6sdl/power_modes_test/smart_device_rev_c/obj/apps/common/platform_init.o
LOAD /home/leon/git/swp-report/iMX6_Platform_SDK/output/mx6sdl/power_modes_test/smart_device_rev_c/obj/apps/power_modes_test/src/power_modes_test.o
LOAD /home/leon/git/swp-report/iMX6_Platform_SDK/output/mx6sdl/lib/libsdk.a
LOAD /home/leon/git/swp-report/iMX6_Platform_SDK/output/mx6sdl/lib/libboard_smart_device_rev_c.a
LOAD /home/src/arm/target/bin/../arm-none-eabi/lib//libm.a
LOAD /home/src/arm/target/bin/../arm-none-eabi/lib//libstdc++.a
LOAD /home/src/arm/target/bin/../arm-none-eabi/lib//libc.a
LOAD /home/src/arm/target/bin/../lib/gcc/arm-none-eabi/4.8.2//libgcc.a
END GROUP
OUTPUT(/home/leon/git/swp-report/iMX6_Platform_SDK/output/mx6sdl/power_modes_test/smart_device_rev_c/power_modes_test.elf elf32-littlearm)

.comment        0x0000000000000000       0x11
 .comment       0x0000000000000000       0x11 /home/src/arm/target/bin/../lib/gcc/arm-none-eabi/4.8.2//crtbegin.o
                                         0x12 (size before relaxing)
 .comment       0x0000000000000000       0x12 /home/src/arm/target/bin/../lib/gcc/arm-none-eabi/4.8.2//crtend.o
 .comment       0x0000000000000000       0x12 /home/leon/git/swp-report/iMX6_Platform_SDK/output/mx6sdl/power_modes_test/smart_device_rev_c/obj/apps/common/ivt.o
 .comment       0x0000000000000000       0x12 /home/leon/git/swp-report/iMX6_Platform_SDK/output/mx6sdl/power_modes_test/smart_device_rev_c/obj/apps/common/platform_init.o
 .comment       0x0000000000000000       0x12 /home/leon/git/swp-report/iMX6_Platform_SDK/output/mx6sdl/power_modes_test/smart_device_rev_c/obj/apps/power_modes_test/src/power_modes_test.o
 .comment       0x0000000000000000       0x12 /home/leon/git/swp-report/iMX6_Platform_SDK/output/mx6sdl/lib/libsdk.a(ccm_pll.o)
 .comment       0x0000000000000000       0x12 /home/leon/git/swp-report/iMX6_Platform_SDK/output/mx6sdl/lib/libsdk.a(gic.o)
 .comment       0x0000000000000000       0x12 /home/leon/git/swp-report/iMX6_Platform_SDK/output/mx6sdl/lib/libsdk.a(mmu.o)
 .comment       0x0000000000000000       0x12 /home/leon/git/swp-report/iMX6_Platform_SDK/output/mx6sdl/lib/libsdk.a(system_util.o)
 .comment       0x0000000000000000       0x12 /home/leon/git/swp-report/iMX6_Platform_SDK/output/mx6sdl/lib/libsdk.a(text_color.o)
 .comment       0x0000000000000000       0x12 /home/leon/git/swp-report/iMX6_Platform_SDK/output/mx6sdl/lib/libsdk.a(epit.o)
 .comment       0x0000000000000000       0x12 /home/leon/git/swp-report/iMX6_Platform_SDK/output/mx6sdl/lib/libsdk.a(timer.o)
 .comment       0x0000000000000000       0x12 /home/leon/git/swp-report/iMX6_Platform_SDK/output/mx6sdl/lib/libsdk.a(imx_uart.o)
 .comment       0x0000000000000000       0x12 /home/leon/git/swp-report/iMX6_Platform_SDK/output/mx6sdl/lib/libsdk.a(interrupt.o)
 .comment       0x0000000000000000       0x12 /home/leon/git/swp-report/iMX6_Platform_SDK/output/mx6sdl/lib/libsdk.a(abort_handler.o)
 .comment       0x0000000000000000       0x12 /home/leon/git/swp-report/iMX6_Platform_SDK/output/mx6sdl/lib/libboard_smart_device_rev_c.a(board_io_expanders.o)
 .comment       0x0000000000000000       0x12 /home/leon/git/swp-report/iMX6_Platform_SDK/output/mx6sdl/lib/libboard_smart_device_rev_c.a(hardware_modules.o)
 .comment       0x0000000000000000       0x12 /home/leon/git/swp-report/iMX6_Platform_SDK/output/mx6sdl/lib/libboard_smart_device_rev_c.a(dcd.o)
 .comment       0x0000000000000000       0x12 /home/leon/git/swp-report/iMX6_Platform_SDK/output/mx6sdl/lib/libboard_smart_device_rev_c.a(uart_iomux_config.o)
 .comment       0x0000000000000000       0x12 /home/leon/git/swp-report/iMX6_Platform_SDK/output/mx6sdl/lib/libboard_smart_device_rev_c.a(iomux_config.o)
 .comment       0x0000000000000000       0x12 /home/leon/git/swp-report/iMX6_Platform_SDK/output/mx6sdl/lib/libboard_smart_device_rev_c.a(ipu1_iomux_config.o)
 .comment       0x0000000000000000       0x12 /home/leon/git/swp-report/iMX6_Platform_SDK/output/mx6sdl/lib/libboard_smart_device_rev_c.a(mmdc_iomux_config.o)
 .comment       0x0000000000000000       0x12 /home/leon/git/swp-report/iMX6_Platform_SDK/output/mx6sdl/lib/libboard_smart_device_rev_c.a(pwm1_iomux_config.o)
 .comment       0x0000000000000000       0x12 /home/leon/git/swp-report/iMX6_Platform_SDK/output/mx6sdl/lib/libboard_smart_device_rev_c.a(sjc_iomux_config.o)
 .comment       0x0000000000000000       0x12 /home/leon/git/swp-report/iMX6_Platform_SDK/output/mx6sdl/lib/libboard_smart_device_rev_c.a(uart1_iomux_config.o)
 .comment       0x0000000000000000       0x12 /home/leon/git/swp-report/iMX6_Platform_SDK/output/mx6sdl/lib/libboard_smart_device_rev_c.a(usb_iomux_config.o)
 .comment       0x0000000000000000       0x12 /home/leon/git/swp-report/iMX6_Platform_SDK/output/mx6sdl/lib/libboard_smart_device_rev_c.a(usdhc2_iomux_config.o)
 .comment       0x0000000000000000       0x12 /home/leon/git/swp-report/iMX6_Platform_SDK/output/mx6sdl/lib/libboard_smart_device_rev_c.a(usdhc3_iomux_config.o)
 .comment       0x0000000000000000       0x12 /home/leon/git/swp-report/iMX6_Platform_SDK/output/mx6sdl/lib/libboard_smart_device_rev_c.a(usdhc4_iomux_config.o)
 .comment       0x0000000000000000       0x12 /home/leon/git/swp-report/iMX6_Platform_SDK/output/mx6sdl/lib/libboard_smart_device_rev_c.a(audmux_iomux_config.o)
 .comment       0x0000000000000000       0x12 /home/leon/git/swp-report/iMX6_Platform_SDK/output/mx6sdl/lib/libboard_smart_device_rev_c.a(ccm_iomux_config.o)
 .comment       0x0000000000000000       0x12 /home/leon/git/swp-report/iMX6_Platform_SDK/output/mx6sdl/lib/libboard_smart_device_rev_c.a(ecspi1_iomux_config.o)
 .comment       0x0000000000000000       0x12 /home/leon/git/swp-report/iMX6_Platform_SDK/output/mx6sdl/lib/libboard_smart_device_rev_c.a(enet_iomux_config.o)
 .comment       0x0000000000000000       0x12 /home/leon/git/swp-report/iMX6_Platform_SDK/output/mx6sdl/lib/libboard_smart_device_rev_c.a(epdc_iomux_config.o)
 .comment       0x0000000000000000       0x12 /home/leon/git/swp-report/iMX6_Platform_SDK/output/mx6sdl/lib/libboard_smart_device_rev_c.a(flexcan1_iomux_config.o)
 .comment       0x0000000000000000       0x12 /home/leon/git/swp-report/iMX6_Platform_SDK/output/mx6sdl/lib/libboard_smart_device_rev_c.a(gpio1_iomux_config.o)
 .comment       0x0000000000000000       0x12 /home/leon/git/swp-report/iMX6_Platform_SDK/output/mx6sdl/lib/libboard_smart_device_rev_c.a(gpio2_iomux_config.o)
 .comment       0x0000000000000000       0x12 /home/leon/git/swp-report/iMX6_Platform_SDK/output/mx6sdl/lib/libboard_smart_device_rev_c.a(gpio3_iomux_config.o)
 .comment       0x0000000000000000       0x12 /home/leon/git/swp-report/iMX6_Platform_SDK/output/mx6sdl/lib/libboard_smart_device_rev_c.a(gpio4_iomux_config.o)
 .comment       0x0000000000000000       0x12 /home/leon/git/swp-report/iMX6_Platform_SDK/output/mx6sdl/lib/libboard_smart_device_rev_c.a(gpio5_iomux_config.o)
 .comment       0x0000000000000000       0x12 /home/leon/git/swp-report/iMX6_Platform_SDK/output/mx6sdl/lib/libboard_smart_device_rev_c.a(gpio6_iomux_config.o)
 .comment       0x0000000000000000       0x12 /home/leon/git/swp-report/iMX6_Platform_SDK/output/mx6sdl/lib/libboard_smart_device_rev_c.a(gpio7_iomux_config.o)
 .comment       0x0000000000000000       0x12 /home/leon/git/swp-report/iMX6_Platform_SDK/output/mx6sdl/lib/libboard_smart_device_rev_c.a(gps_iomux_config.o)
 .comment       0x0000000000000000       0x12 /home/leon/git/swp-report/iMX6_Platform_SDK/output/mx6sdl/lib/libboard_smart_device_rev_c.a(i2c1_iomux_config.o)
 .comment       0x0000000000000000       0x12 /home/leon/git/swp-report/iMX6_Platform_SDK/output/mx6sdl/lib/libboard_smart_device_rev_c.a(i2c2_iomux_config.o)
 .comment       0x0000000000000000       0x12 /home/leon/git/swp-report/iMX6_Platform_SDK/output/mx6sdl/lib/libboard_smart_device_rev_c.a(i2c3_iomux_config.o)
 .comment       0x0000000000000000       0x12 /home/src/arm/target/bin/../arm-none-eabi/lib//libc.a(lib_a-assert.o)
 .comment       0x0000000000000000       0x12 /home/src/arm/target/bin/../arm-none-eabi/lib//libc.a(lib_a-bzero.o)
 .comment       0x0000000000000000       0x12 /home/src/arm/target/bin/../arm-none-eabi/lib//libc.a(lib_a-fiprintf.o)
 .comment       0x0000000000000000       0x12 /home/src/arm/target/bin/../arm-none-eabi/lib//libc.a(lib_a-fputc.o)
 .comment       0x0000000000000000       0x12 /home/src/arm/target/bin/../arm-none-eabi/lib//libc.a(lib_a-impure.o)
 .comment       0x0000000000000000       0x12 /home/src/arm/target/bin/../arm-none-eabi/lib//libc.a(lib_a-init.o)
 .comment       0x0000000000000000       0x12 /home/src/arm/target/bin/../arm-none-eabi/lib//libc.a(lib_a-malloc.o)
 .comment       0x0000000000000000       0x12 /home/src/arm/target/bin/../arm-none-eabi/lib//libc.a(lib_a-mallocr.o)
 .comment       0x0000000000000000       0x12 /home/src/arm/target/bin/../arm-none-eabi/lib//libc.a(lib_a-mlock.o)