Archive member included because of file (symbol)

/home/leon/git/swp-report/iMX6_Platform_SDK/output/mx6dq/lib/libsdk.a(ccm_pll.o)
                              /home/leon/git/swp-report/iMX6_Platform_SDK/output/mx6dq/stream/smart_device_rev_a/obj/apps/common/platform_init.o (ccm_init)
/home/leon/git/swp-report/iMX6_Platform_SDK/output/mx6dq/lib/libsdk.a(cortexA9.o)
                              /home/leon/git/swp-report/iMX6_Platform_SDK/output/mx6dq/stream/smart_device_rev_a/obj/apps/common/platform_init.o (arm_set_interrupt_state)
/home/leon/git/swp-report/iMX6_Platform_SDK/output/mx6dq/lib/libsdk.a(gic.o)
                              /home/leon/git/swp-report/iMX6_Platform_SDK/output/mx6dq/stream/smart_device_rev_a/obj/apps/common/platform_init.o (gic_init)
/home/leon/git/swp-report/iMX6_Platform_SDK/output/mx6dq/lib/libsdk.a(mmu.o)
                              /home/leon/git/swp-report/iMX6_Platform_SDK/output/mx6dq/stream/smart_device_rev_a/obj/apps/common/platform_init.o (mmu_init)
/home/leon/git/swp-report/iMX6_Platform_SDK/output/mx6dq/lib/libsdk.a(startup.o)
                              (_start)
/home/leon/git/swp-report/iMX6_Platform_SDK/output/mx6dq/lib/libsdk.a(vectors.o)
                              /home/leon/git/swp-report/iMX6_Platform_SDK/output/mx6dq/lib/libsdk.a(startup.o) (vectors)
/home/leon/git/swp-report/iMX6_Platform_SDK/output/mx6dq/lib/libsdk.a(sdk_version.o)
                              /home/leon/git/swp-report/iMX6_Platform_SDK/output/mx6dq/stream/smart_device_rev_a/obj/apps/common/print_version.o (k_sdk_version)
/home/leon/git/swp-report/iMX6_Platform_SDK/output/mx6dq/lib/libsdk.a(system_util.o)
                              /home/leon/git/swp-report/iMX6_Platform_SDK/output/mx6dq/lib/libsdk.a(startup.o) (_sys_exit)
/home/leon/git/swp-report/iMX6_Platform_SDK/output/mx6dq/lib/libsdk.a(text_color.o)
                              /home/leon/git/swp-report/iMX6_Platform_SDK/output/mx6dq/lib/libsdk.a(system_util.o) (g_TextAttributeBold)
/home/leon/git/swp-report/iMX6_Platform_SDK/output/mx6dq/lib/libsdk.a(board_id.o)
                              /home/leon/git/swp-report/iMX6_Platform_SDK/output/mx6dq/stream/smart_device_rev_a/obj/apps/common/print_version.o (chip_name)
/home/leon/git/swp-report/iMX6_Platform_SDK/output/mx6dq/lib/libsdk.a(cpu_workpoint.o)
                              /home/leon/git/swp-report/iMX6_Platform_SDK/output/mx6dq/stream/smart_device_rev_a/obj/apps/stream/src/main.o (cpu_workpoint_set)
/home/leon/git/swp-report/iMX6_Platform_SDK/output/mx6dq/lib/libsdk.a(pmu_driver.o)
                              /home/leon/git/swp-report/iMX6_Platform_SDK/output/mx6dq/lib/libsdk.a(cpu_workpoint.o) (pmu_init)
/home/leon/git/swp-report/iMX6_Platform_SDK/output/mx6dq/lib/libsdk.a(epit.o)
                              /home/leon/git/swp-report/iMX6_Platform_SDK/output/mx6dq/stream/smart_device_rev_a/obj/apps/stream/src/main.o (epit_get_counter_value)
/home/leon/git/swp-report/iMX6_Platform_SDK/output/mx6dq/lib/libsdk.a(timer.o)
                              /home/leon/git/swp-report/iMX6_Platform_SDK/output/mx6dq/stream/smart_device_rev_a/obj/apps/common/platform_init.o (system_time_init)
/home/leon/git/swp-report/iMX6_Platform_SDK/output/mx6dq/lib/libsdk.a(imx_uart.o)
                              /home/leon/git/swp-report/iMX6_Platform_SDK/output/mx6dq/stream/smart_device_rev_a/obj/apps/common/platform_init.o (uart_getchar)
/home/leon/git/swp-report/iMX6_Platform_SDK/output/mx6dq/lib/libsdk.a(arm_abort.o)
                              /home/leon/git/swp-report/iMX6_Platform_SDK/output/mx6dq/lib/libsdk.a(vectors.o) (data_abort_handler)
/home/leon/git/swp-report/iMX6_Platform_SDK/output/mx6dq/lib/libsdk.a(interrupt.o)
                              /home/leon/git/swp-report/iMX6_Platform_SDK/output/mx6dq/lib/libsdk.a(vectors.o) (IRQ_HDLR)
/home/leon/git/swp-report/iMX6_Platform_SDK/output/mx6dq/lib/libsdk.a(abort_handler.o)
                              /home/leon/git/swp-report/iMX6_Platform_SDK/output/mx6dq/lib/libsdk.a(arm_abort.o) (dump_regs)
/home/leon/git/swp-report/iMX6_Platform_SDK/output/mx6dq/lib/libboard_smart_device_rev_a.a(board_io_expanders.o)
                              /home/leon/git/swp-report/iMX6_Platform_SDK/output/mx6dq/stream/smart_device_rev_a/obj/apps/common/platform_init.o (board_ioexpander_init)
/home/leon/git/swp-report/iMX6_Platform_SDK/output/mx6dq/lib/libboard_smart_device_rev_a.a(hardware_modules.o)
                              /home/leon/git/swp-report/iMX6_Platform_SDK/output/mx6dq/stream/smart_device_rev_a/obj/apps/common/platform_init.o (g_debug_uart_port)
/home/leon/git/swp-report/iMX6_Platform_SDK/output/mx6dq/lib/libboard_smart_device_rev_a.a(dcd.o)
                              /home/leon/git/swp-report/iMX6_Platform_SDK/output/mx6dq/stream/smart_device_rev_a/obj/apps/common/ivt.o (input_dcd_hdr)
/home/leon/git/swp-report/iMX6_Platform_SDK/output/mx6dq/lib/libboard_smart_device_rev_a.a(uart_iomux_config.o)
[...]
Memory Configuration

Name             Origin             Length             Attributes
OCRAM            0x00900000         0x00040000         xrw
DDR              0x10000000         0x40000000         xrw
*default*        0x00000000         0xffffffff

Linker script and memory map

LOAD /home/leon/riotboard/arm-2012.09/bin/../lib/gcc/arm-none-eabi/4.7.2//crtbegin.o
LOAD /home/leon/riotboard/arm-2012.09/bin/../lib/gcc/arm-none-eabi/4.7.2//crti.o
LOAD /home/leon/riotboard/arm-2012.09/bin/../lib/gcc/arm-none-eabi/4.7.2//crtend.o
LOAD /home/leon/riotboard/arm-2012.09/bin/../lib/gcc/arm-none-eabi/4.7.2//crtn.o

.l1_page_table  0x00900000     0x4000
                0x00900000                __l1_page_table_start = .
                0x00904000                . = (. + 0x4000)
 *fill*         0x00900000     0x4000 

.heap.ocram     0x00904000    0x3bfb8
                0x00904000                __heap_ocram_start = .
                0x0093ffb8                . = (. + 0x3bfb8)
 *fill*         0x00904000    0x3bfb8 
                0x0093ffb8                __heap_ocram_end = .

.ram_vectors    0x0093ffb8       0x48
                0x0093ffb8                __ram_vectors_start = .
                0x00940000                . = (. + 0x48)
 *fill*         0x0093ffb8       0x48 
                0x00940000                __ram_vectors_end = .
                0x10000000                _start_image_add = ORIGIN (DDR)

.ivt            0x10000000      0x420
                0x10000400                . = (. + 0x400)
 *fill*         0x10000000      0x400 
 *(.ivt)
 .ivt           0x10000400       0x20 /home/leon/git/swp-report/iMX6_Platform_SDK/output/mx6dq/stream/smart_device_rev_a/obj/apps/common/ivt.o
                0x10000400                input_ivt

.boot_data      0x10000420        0xc
                0x10000420                __start_boot_data = .
 *(.boot_data)
 .boot_data     0x10000420        0xc /home/leon/git/swp-report/iMX6_Platform_SDK/output/mx6dq/stream/smart_device_rev_a/obj/apps/common/ivt.o
                0x10000420                bd

.dcd_hdr        0x10000430        0x4
                0x10000430                __start_dcd = .
 *(.dcd_hdr)
 .dcd_hdr       0x10000430        0x4 /home/leon/git/swp-report/iMX6_Platform_SDK/output/mx6dq/lib/libboard_smart_device_rev_a.a(dcd.o)
                0x10000430                input_dcd_hdr

.dcd_wrt_cmd    0x10000434        0x4
 *(.dcd_wrt_cmd)
 .dcd_wrt_cmd   0x10000434        0x4 /home/leon/git/swp-report/iMX6_Platform_SDK/output/mx6dq/lib/libboard_smart_device_rev_a.a(dcd.o)
                0x10000434                input_dcd_wrt_cmd

.dcd_data       0x10000438      0x298
 *(.dcd_data)
 .dcd_data      0x10000438      0x298 /home/leon/git/swp-report/iMX6_Platform_SDK/output/mx6dq/lib/libboard_smart_device_rev_a.a(dcd.o)
                0x10000438                input_dcd

.text           0x100006d0    0x27c7c
 CREATE_OBJECT_SYMBOLS
 *(.startup)
 .startup       0x100006d0      0x138 /home/leon/git/swp-report/iMX6_Platform_SDK/output/mx6dq/lib/libsdk.a(startup.o)
                0x100006d0                _start
 *(.text .text.* .gnu.linkonce.t.*)
 .text          0x10000808      0x128 /home/leon/riotboard/arm-2012.09/bin/../lib/gcc/arm-none-eabi/4.7.2//crtbegin.o
 .text          0x10000930        0x0 /home/leon/riotboard/arm-2012.09/bin/../lib/gcc/arm-none-eabi/4.7.2//crti.o
 .text          0x10000930        0x0 /home/leon/riotboard/arm-2012.09/bin/../lib/gcc/arm-none-eabi/4.7.2//crtend.o
 .text          0x10000930        0x0 /home/leon/riotboard/arm-2012.09/bin/../lib/gcc/arm-none-eabi/4.7.2//crtn.o
 .text          0x10000930        0x0 /home/leon/git/swp-report/iMX6_Platform_SDK/output/mx6dq/stream/smart_device_rev_a/obj/apps/common/ivt.o
 .text          0x10000930       0x98 /home/leon/git/swp-report/iMX6_Platform_SDK/output/mx6dq/stream/smart_device_rev_a/obj/apps/common/platform_init.o
                0x10000930                platform_init
 .text          0x100009c8      0x11c /home/leon/git/swp-report/iMX6_Platform_SDK/output/mx6dq/stream/smart_device_rev_a/obj/apps/common/print_version.o
                0x100009c8                print_version
 *fill*         0x10000ae4        0x4 
 .text          0x10000ae8       0xb0 /home/leon/git/swp-report/iMX6_Platform_SDK/output/mx6dq/stream/smart_device_rev_a/obj/apps/stream/src/main.o
                0x10000ae8                mysecond
 .text.startup  0x10000b98       0x44 /home/leon/git/swp-report/iMX6_Platform_SDK/output/mx6dq/stream/smart_device_rev_a/obj/apps/stream/src/main.o
                0x10000b98                main
 *fill*         0x10000bdc        0x4 
 .text          0x10000be0      0x7c8 /home/leon/git/swp-report/iMX6_Platform_SDK/output/mx6dq/stream/smart_device_rev_a/obj/apps/stream/src/stream.o
                0x10000be0                checktick
                0x10000c8c                checkSTREAMresults
                0x10000e30                streammain
                0x10001270                tuned_STREAM_Copy
                0x100012b0                tuned_STREAM_Scale
                0x100012f8                tuned_STREAM_Add
                0x1000134c                tuned_STREAM_Triad
 .text          0x100013a8      0xcdc /home/leon/git/swp-report/iMX6_Platform_SDK/output/mx6dq/lib/libsdk.a(ccm_pll.o)
                0x100013a8                ccm_init
                0x100014cc                get_main_clock
                0x1000175c                get_peri_clock
                0x1000190c                ccm_ccgr_config
                0x10001974                clock_gating_config
                0x10001df4                ccm_set_lpm_wakeup_source
                0x10001ee8                ccm_enter_low_power
                0x10001f58                ipu_hsp_clk_config
                0x10001f78                gpu_clock_config
 .text          0x10002084      0x164 /home/leon/git/swp-report/iMX6_Platform_SDK/output/mx6dq/lib/libsdk.a(cortexA9.o)
                0x10002084                arm_set_interrupt_state
                0x100020a8                cpu_get_current
                0x100020b4                enable_neon_fpu
                0x100020d0                disable_strict_align_check
                0x100020e4                disable_L1_cache
                0x10002104                get_arm_private_peripheral_base
                0x1000210c                arm_unified_tlb_invalidate
                0x1000211c                arm_unified_tlb_invalidate_is
                0x1000212c                arm_branch_prediction_enable
                0x1000213c                arm_branch_prediction_disable
                0x1000214c                arm_branch_target_cache_invalidate
                0x10002158                arm_branch_target_cache_invalidate_is
                0x10002164                scu_enable
                0x10002178                scu_join_smp
                0x10002188                scu_leave_smp
                0x10002198                scu_get_cpus_in_smp
                0x100021ac                scu_enable_maintenance_broadcast
                0x100021bc                scu_disable_maintenance_broadcast
                0x100021cc                scu_secure_invalidate
 .text          0x100021e8      0x5e0 /home/leon/git/swp-report/iMX6_Platform_SDK/output/mx6dq/lib/libsdk.a(gic.o)
                0x100022cc                gic_enable
                0x1000232c                gic_set_irq_security
                0x100023d4                gic_enable_irq
                0x10002450                gic_set_irq_priority
                0x10002498                gic_set_cpu_target
                0x100025a4                gic_send_sgi
                0x100025f8                gic_cpu_enable
                0x10002658                gic_set_cpu_priority_mask
                0x1000268c                gic_read_irq_ack
                0x100026b8                gic_write_end_of_irq
                0x100026e8                gic_init
                0x1000278c                gic_init_cpu
 .text          0x100027c8      0x460 /home/leon/git/swp-report/iMX6_Platform_SDK/output/mx6dq/lib/libsdk.a(mmu.o)
                0x100027c8                mmu_enable
                0x10002800                mmu_disable
                0x10002834                mmu_init
                0x10002950                mmu_map_l1_range
                0x10002b68                mmu_virtual_to_physical
 .text          0x10002c28        0x0 /home/leon/git/swp-report/iMX6_Platform_SDK/output/mx6dq/lib/libsdk.a(startup.o)
 .text          0x10002c28        0x4 /home/leon/git/swp-report/iMX6_Platform_SDK/output/mx6dq/lib/libsdk.a(vectors.o)
                0x10002c28                exception_handler
 .text.vectors  0x10002c2c       0x48 /home/leon/git/swp-report/iMX6_Platform_SDK/output/mx6dq/lib/libsdk.a(vectors.o)
                0x10002c2c                vectors
 .text          0x10002c74        0x0 /home/leon/git/swp-report/iMX6_Platform_SDK/output/mx6dq/lib/libsdk.a(sdk_version.o)
 .text          0x10002c74      0x914 /home/leon/git/swp-report/iMX6_Platform_SDK/output/mx6dq/lib/libsdk.a(system_util.o)
                0x10002c74                _sys_exit
                0x10002c90                mybkpt
                0x10002c98                is_input_char
                0x10002e18                read_input_string
                0x10003100                get_input_hex
                0x10003380                read_int
                0x100034e4                jump_to_sdp
 .text          0x10003588       0xe0 /home/leon/git/swp-report/iMX6_Platform_SDK/output/mx6dq/lib/libsdk.a(text_color.o)
                0x10003588                printf_color
                0x10003624                get_color_supported
 .text          0x10003668      0x7c4 /home/leon/git/swp-report/iMX6_Platform_SDK/output/mx6dq/lib/libsdk.a(board_id.o)
                0x10003668                chip_name
                0x10003780                chip_revision
                0x10003858                board_name
                0x1000395c                board_revision
                0x10003a24                board_description
                0x10003b44                get_board_id
                0x10003c20                show_board_id
 .text          0x10003e2c      0x1cc /home/leon/git/swp-report/iMX6_Platform_SDK/output/mx6dq/lib/libsdk.a(cpu_workpoint.o)
                0x10003e2c                cpu_workpoint_set
 .text          0x10003ff8     0x1bf0 /home/leon/git/swp-report/iMX6_Platform_SDK/output/mx6dq/lib/libsdk.a(pmu_driver.o)
                0x10004264                pmu_init
                0x10004400                pmu_get_property
                0x10004460                pmu_set_property
                0x100044c4                pmu::Regulator::getProperty(_pmu_regulator_properties, void*)
                0x10004740                pmu::Regulator::setProperty(_pmu_regulator_properties, void const*)
                0x100048b8                pmu::Regulator::setVoltageRange(unsigned long, unsigned long, unsigned long)
                0x10004904                pmu::AnalogRegulator::getProperty(_pmu_regulator_properties, void*)
                0x100049d0                pmu::AnalogRegulator::setProperty(_pmu_regulator_properties, void const*)
                0x10004a90                pmu::AnalogRegulator::getOutputMillivolts() const
                0x10004ae8                pmu::AnalogRegulator::setOutputMillivolts(unsigned long)
                0x10004bd0                pmu::AnalogRegulator::getBrownoutMillivolts() const
                0x10004c40                pmu::AnalogRegulator::setBrownoutMillivolts(unsigned long)
                0x10004cd8                pmu::AnalogRegulator::isBrownoutDetectEnabled() const
                0x10004d1c                pmu::AnalogRegulator::setBrownoutDetectIsEnabled(bool)
                0x10004d68                pmu::AnalogRegulator::isEnabled() const
                0x10004dac                pmu::AnalogRegulator::setIsEnabled(bool)
                0x10004df8                pmu::DigitalRegulator::DigitalRegulator()
                0x10004df8                pmu::DigitalRegulator::DigitalRegulator()
                0x10004e38                pmu::DigitalRegulator::getProperty(_pmu_regulator_properties, void*)
                0x10004f38                pmu::DigitalRegulator::setProperty(_pmu_regulator_properties, void const*)
                0x10005000                pmu::DigitalRegulator::isBypassed() const
                0x1000504c                pmu::DigitalRegulator::setIsBypassed(bool)
                0x10005100                pmu::DigitalRegulator::getOutputMillivolts() const
                0x1000519c                pmu::DigitalRegulator::setOutputMillivolts(unsigned long)
                0x10005280                pmu::DigitalRegulator::getBrownoutMillivolts() const
                0x100052f4                pmu::DigitalRegulator::setBrownoutMillivolts(unsigned long)
                0x1000538c                pmu::DigitalRegulator::isEnabled() const
                0x100053d8                pmu::DigitalRegulator::setIsEnabled(bool)
                0x10005494                pmu::LDO1p1Regulator::LDO1p1Regulator()
                0x10005494                pmu::LDO1p1Regulator::LDO1p1Regulator()
                0x100054f4                pmu::LDO1p1Regulator::getProperty(_pmu_regulator_properties, void*)
                0x1000558c                pmu::LDO1p1Regulator::getOutputMillivolts() const
                0x100055e8                pmu::LDO1p1Regulator::setOutputMillivolts(unsigned long)
                0x100056dc                pmu::LDO2p5Regulator::LDO2p5Regulator()
                0x100056dc                pmu::LDO2p5Regulator::LDO2p5Regulator()
                0x1000573c                pmu::LDO3p0Regulator::LDO3p0Regulator()
                0x1000573c                pmu::LDO3p0Regulator::LDO3p0Regulator()
                0x1000579c                pmu::LDO3p0Regulator::getProperty(_pmu_regulator_properties, void*)
                0x10005808                pmu::LDO3p0Regulator::setProperty(_pmu_regulator_properties, void const*)
                0x10005878                pmu::LDOARMRegulator::LDOARMRegulator()
                0x10005878                pmu::LDOARMRegulator::LDOARMRegulator()
                0x100058d0                pmu::LDOARMRegulator::setBrownoutDetectIsEnabled(bool)
                0x1000591c                pmu::LDOARMRegulator::setRampRate(unsigned long)
                0x1000597c                pmu::LDOGraphicsRegulator::LDOGraphicsRegulator()
                0x1000597c                pmu::LDOGraphicsRegulator::LDOGraphicsRegulator()
                0x100059d4                pmu::LDOGraphicsRegulator::setBrownoutDetectIsEnabled(bool)
                0x10005a20                pmu::LDOGraphicsRegulator::setRampRate(unsigned long)
                0x10005a80                pmu::LDOSoCRegulator::LDOSoCRegulator()
                0x10005a80                pmu::LDOSoCRegulator::LDOSoCRegulator()
                0x10005ad8                pmu::LDOSoCRegulator::setBrownoutDetectIsEnabled(bool)
                0x10005b24                pmu::LDOSoCRegulator::setRampRate(unsigned long)
 .text._ZnwjPv  0x10005be8       0x28 /home/leon/git/swp-report/iMX6_Platform_SDK/output/mx6dq/lib/libsdk.a(pmu_driver.o)
                0x10005be8                operator new(unsigned int, void*)
 .text._ZN3pmu9RegulatorC2Ev
                0x10005c10       0x64 /home/leon/git/swp-report/iMX6_Platform_SDK/output/mx6dq/lib/libsdk.a(pmu_driver.o)
                0x10005c10                pmu::Regulator::Regulator()
                0x10005c10                pmu::Regulator::Regulator()
 .text._ZN3pmu9Regulator18setBrownoutHandlerEPFv9_pmu_regsE
                0x10005c74       0x2c /home/leon/git/swp-report/iMX6_Platform_SDK/output/mx6dq/lib/libsdk.a(pmu_driver.o)
                0x10005c74                pmu::Regulator::setBrownoutHandler(void (*)(_pmu_regs))
 .text._ZN3pmu9Regulator18getBrownoutHandlerEv
                0x10005ca0       0x28 /home/leon/git/swp-report/iMX6_Platform_SDK/output/mx6dq/lib/libsdk.a(pmu_driver.o)
                0x10005ca0                pmu::Regulator::getBrownoutHandler()
 .text._ZN3pmu15AnalogRegulatorC2ERV15_hw_pmu_reg_1p1
                0x10005cc8       0x50 /home/leon/git/swp-report/iMX6_Platform_SDK/output/mx6dq/lib/libsdk.a(pmu_driver.o)
                0x10005cc8                pmu::AnalogRegulator::AnalogRegulator(_hw_pmu_reg_1p1 volatile&)
                0x10005cc8                pmu::AnalogRegulator::AnalogRegulator(_hw_pmu_reg_1p1 volatile&)
 .text._ZNK3pmu15LDO1p1Regulator12isInBrownoutEv
                0x10005d18       0x70 /home/leon/git/swp-report/iMX6_Platform_SDK/output/mx6dq/lib/libsdk.a(pmu_driver.o)
                0x10005d18                pmu::LDO1p1Regulator::isInBrownout() const
 .text._ZNK3pmu15LDO1p1Regulator4isOKEv
                0x10005d88       0x78 /home/leon/git/swp-report/iMX6_Platform_SDK/output/mx6dq/lib/libsdk.a(pmu_driver.o)
                0x10005d88                pmu::LDO1p1Regulator::isOK() const
 .text._ZNK3pmu15LDO2p5Regulator12isInBrownoutEv
                0x10005e00       0x70 /home/leon/git/swp-report/iMX6_Platform_SDK/output/mx6dq/lib/libsdk.a(pmu_driver.o)
                0x10005e00                pmu::LDO2p5Regulator::isInBrownout() const
 .text._ZNK3pmu15LDO2p5Regulator4isOKEv
                0x10005e70       0x78 /home/leon/git/swp-report/iMX6_Platform_SDK/output/mx6dq/lib/libsdk.a(pmu_driver.o)
                0x10005e70                pmu::LDO2p5Regulator::isOK() const
 .text._ZNK3pmu15LDO3p0Regulator12isInBrownoutEv
                0x10005ee8       0x70 /home/leon/git/swp-report/iMX6_Platform_SDK/output/mx6dq/lib/libsdk.a(pmu_driver.o)
                0x10005ee8                pmu::LDO3p0Regulator::isInBrownout() const
 .text._ZNK3pmu15LDO3p0Regulator4isOKEv
                0x10005f58       0x78 /home/leon/git/swp-report/iMX6_Platform_SDK/output/mx6dq/lib/libsdk.a(pmu_driver.o)
                0x10005f58                pmu::LDO3p0Regulator::isOK() const
 .text._ZNK3pmu15LDOARMRegulator23isBrownoutDetectEnabledEv
                0x10005fd0       0x44 /home/leon/git/swp-report/iMX6_Platform_SDK/output/mx6dq/lib/libsdk.a(pmu_driver.o)
                0x10005fd0                pmu::LDOARMRegulator::isBrownoutDetectEnabled() const
 .text._ZNK3pmu15LDOARMRegulator12isInBrownoutEv
                0x10006014       0x6c /home/leon/git/swp-report/iMX6_Platform_SDK/output/mx6dq/lib/libsdk.a(pmu_driver.o)
                0x10006014                pmu::LDOARMRegulator::isInBrownout() const
 .text._ZNK3pmu15LDOARMRegulator4isOKEv
                0x10006080       0x24 /home/leon/git/swp-report/iMX6_Platform_SDK/output/mx6dq/lib/libsdk.a(pmu_driver.o)
                0x10006080                pmu::LDOARMRegulator::isOK() const
 .text._ZNK3pmu15LDOARMRegulator11getRampRateEv
                0x100060a4       0x34 /home/leon/git/swp-report/iMX6_Platform_SDK/output/mx6dq/lib/libsdk.a(pmu_driver.o)
                0x100060a4                pmu::LDOARMRegulator::getRampRate() const
 .text._ZNK3pmu15LDOARMRegulator10getTriggerEv
                0x100060d8       0x34 /home/leon/git/swp-report/iMX6_Platform_SDK/output/mx6dq/lib/libsdk.a(pmu_driver.o)
                0x100060d8                pmu::LDOARMRegulator::getTrigger() const
 .text._ZN3pmu15LDOARMRegulator10setTriggerEm
                0x1000610c       0x44 /home/leon/git/swp-report/iMX6_Platform_SDK/output/mx6dq/lib/libsdk.a(pmu_driver.o)
                0x1000610c                pmu::LDOARMRegulator::setTrigger(unsigned long)
 .text._ZNK3pmu15LDOARMRegulator11getBrownoutEv
                0x10006150       0x34 /home/leon/git/swp-report/iMX6_Platform_SDK/output/mx6dq/lib/libsdk.a(pmu_driver.o)
                0x10006150                pmu::LDOARMRegulator::getBrownout() const
 .text._ZN3pmu15LDOARMRegulator11setBrownoutEm
                0x10006184       0x44 /home/leon/git/swp-report/iMX6_Platform_SDK/output/mx6dq/lib/libsdk.a(pmu_driver.o)
                0x10006184                pmu::LDOARMRegulator::setBrownout(unsigned long)
 .text._ZNK3pmu20LDOGraphicsRegulator23isBrownoutDetectEnabledEv
                0x100061c8       0x44 /home/leon/git/swp-report/iMX6_Platform_SDK/output/mx6dq/lib/libsdk.a(pmu_driver.o)
                0x100061c8                pmu::LDOGraphicsRegulator::isBrownoutDetectEnabled() const
 .text._ZNK3pmu20LDOGraphicsRegulator12isInBrownoutEv
                0x1000620c       0x6c /home/leon/git/swp-report/iMX6_Platform_SDK/output/mx6dq/lib/libsdk.a(pmu_driver.o)
                0x1000620c                pmu::LDOGraphicsRegulator::isInBrownout() const
 .text._ZNK3pmu20LDOGraphicsRegulator4isOKEv
                0x10006278       0x24 /home/leon/git/swp-report/iMX6_Platform_SDK/output/mx6dq/lib/libsdk.a(pmu_driver.o)
                0x10006278                pmu::LDOGraphicsRegulator::isOK() const
 .text._ZNK3pmu20LDOGraphicsRegulator11getRampRateEv
                0x1000629c       0x34 /home/leon/git/swp-report/iMX6_Platform_SDK/output/mx6dq/lib/libsdk.a(pmu_driver.o)
                0x1000629c                pmu::LDOGraphicsRegulator::getRampRate() const
 .text._ZNK3pmu20LDOGraphicsRegulator10getTriggerEv
                0x100062d0       0x34 /home/leon/git/swp-report/iMX6_Platform_SDK/output/mx6dq/lib/libsdk.a(pmu_driver.o)
                0x100062d0                pmu::LDOGraphicsRegulator::getTrigger() const
 .text._ZN3pmu20LDOGraphicsRegulator10setTriggerEm
                0x10006304       0x44 /home/leon/git/swp-report/iMX6_Platform_SDK/output/mx6dq/lib/libsdk.a(pmu_driver.o)
                0x10006304                pmu::LDOGraphicsRegulator::setTrigger(unsigned long)
 .text._ZNK3pmu20LDOGraphicsRegulator11getBrownoutEv
                0x10006348       0x34 /home/leon/git/swp-report/iMX6_Platform_SDK/output/mx6dq/lib/libsdk.a(pmu_driver.o)
                0x10006348                pmu::LDOGraphicsRegulator::getBrownout() const
 .text._ZN3pmu20LDOGraphicsRegulator11setBrownoutEm
                0x1000637c       0x44 /home/leon/git/swp-report/iMX6_Platform_SDK/output/mx6dq/lib/libsdk.a(pmu_driver.o)
                0x1000637c                pmu::LDOGraphicsRegulator::setBrownout(unsigned long)
 .text._ZNK3pmu15LDOSoCRegulator23isBrownoutDetectEnabledEv
                0x100063c0       0x44 /home/leon/git/swp-report/iMX6_Platform_SDK/output/mx6dq/lib/libsdk.a(pmu_driver.o)
                0x100063c0                pmu::LDOSoCRegulator::isBrownoutDetectEnabled() const
 .text._ZNK3pmu15LDOSoCRegulator12isInBrownoutEv
                0x10006404       0x6c /home/leon/git/swp-report/iMX6_Platform_SDK/output/mx6dq/lib/libsdk.a(pmu_driver.o)
                0x10006404                pmu::LDOSoCRegulator::isInBrownout() const
 .text._ZNK3pmu15LDOSoCRegulator4isOKEv
                0x10006470       0x74 /home/leon/git/swp-report/iMX6_Platform_SDK/output/mx6dq/lib/libsdk.a(pmu_driver.o)
                0x10006470                pmu::LDOSoCRegulator::isOK() const
 .text._ZNK3pmu15LDOSoCRegulator11getRampRateEv
                0x100064e4       0x34 /home/leon/git/swp-report/iMX6_Platform_SDK/output/mx6dq/lib/libsdk.a(pmu_driver.o)
                0x100064e4                pmu::LDOSoCRegulator::getRampRate() const
 .text._ZNK3pmu15LDOSoCRegulator10getTriggerEv
                0x10006518       0x34 /home/leon/git/swp-report/iMX6_Platform_SDK/output/mx6dq/lib/libsdk.a(pmu_driver.o)
                0x10006518                pmu::LDOSoCRegulator::getTrigger() const
 .text._ZN3pmu15LDOSoCRegulator10setTriggerEm
                0x1000654c       0x44 /home/leon/git/swp-report/iMX6_Platform_SDK/output/mx6dq/lib/libsdk.a(pmu_driver.o)
                0x1000654c                pmu::LDOSoCRegulator::setTrigger(unsigned long)
 .text._ZNK3pmu15LDOSoCRegulator11getBrownoutEv
                0x10006590       0x34 /home/leon/git/swp-report/iMX6_Platform_SDK/output/mx6dq/lib/libsdk.a(pmu_driver.o)
                0x10006590                pmu::LDOSoCRegulator::getBrownout() const
 .text._ZN3pmu15LDOSoCRegulator11setBrownoutEm
                0x100065c4       0x44 /home/leon/git/swp-report/iMX6_Platform_SDK/output/mx6dq/lib/libsdk.a(pmu_driver.o)
                0x100065c4                pmu::LDOSoCRegulator::setBrownout(unsigned long)
 .text._ZN3pmu9_pmu_infoC2Ev
                0x10006608       0x84 /home/leon/git/swp-report/iMX6_Platform_SDK/output/mx6dq/lib/libsdk.a(pmu_driver.o)
                0x10006608                pmu::_pmu_info::_pmu_info()
                0x10006608                pmu::_pmu_info::_pmu_info()
 .text._ZN3pmu15AnalogRegulatorC2I15_hw_pmu_reg_2p5EERVT_
                0x1000668c       0x50 /home/leon/git/swp-report/iMX6_Platform_SDK/output/mx6dq/lib/libsdk.a(pmu_driver.o)
                0x1000668c                pmu::AnalogRegulator::AnalogRegulator<_hw_pmu_reg_2p5>(_hw_pmu_reg_2p5 volatile&)
                0x1000668c                pmu::AnalogRegulator::AnalogRegulator<_hw_pmu_reg_2p5>(_hw_pmu_reg_2p5 volatile&)
 .text._ZN3pmu15AnalogRegulatorC2I15_hw_pmu_reg_3p0EERVT_
                0x100066dc       0x50 /home/leon/git/swp-report/iMX6_Platform_SDK/output/mx6dq/lib/libsdk.a(pmu_driver.o)
                0x100066dc                pmu::AnalogRegulator::AnalogRegulator<_hw_pmu_reg_3p0>(_hw_pmu_reg_3p0 volatile&)
                0x100066dc                pmu::AnalogRegulator::AnalogRegulator<_hw_pmu_reg_3p0>(_hw_pmu_reg_3p0 volatile&)
 .text          0x1000672c      0x8e0 /home/leon/git/swp-report/iMX6_Platform_SDK/output/mx6dq/lib/libsdk.a(epit.o)
                0x1000672c                epit_reload_counter
                0x1000678c                epit_get_counter_value
                0x100067e8                epit_set_compare_event
                0x10006848                epit_get_compare_event
                0x10006940                epit_counter_disable
                0x10006b04                epit_counter_enable
                0x10006d60                epit_setup_interrupt
                0x10006df0                epit_init
 .text          0x1000700c      0x290 /home/leon/git/swp-report/iMX6_Platform_SDK/output/mx6dq/lib/libsdk.a(timer.o)
                0x1000700c                hal_delay_us
                0x1000707c                system_time_init
                0x100071dc                time_get_microseconds
 .text          0x1000729c     0x2820 /home/leon/git/swp-report/iMX6_Platform_SDK/output/mx6dq/lib/libsdk.a(imx_uart.o)
                0x1000729c                uart_get_reffreq
                0x10007398                uart_putchar
                0x100074e8                uart_getchar
                0x10007648                uart_set_FIFO_mode
                0x10008174                uart_set_loopback_mode
                0x100083c8                uart_setup_interrupt
                0x10008494                uart_init
 .text          0x10009abc       0x98 /home/leon/git/swp-report/iMX6_Platform_SDK/output/mx6dq/lib/libsdk.a(arm_abort.o)
                0x10009abc                common_abort_handler
                0x10009b1c                data_abort_handler
                0x10009b34                prefetch_abort_handler
 .text          0x10009b54      0x1bc /home/leon/git/swp-report/iMX6_Platform_SDK/output/mx6dq/lib/libsdk.a(interrupt.o)
                0x10009b54                IRQ_HDLR
                0x10009c1c                disable_interrupt
                0x10009c58                enable_interrupt
                0x10009cb0                register_interrupt_routine
                0x10009ce4                default_interrupt_routine
 .text          0x10009d10      0x4bc /home/leon/git/swp-report/iMX6_Platform_SDK/output/mx6dq/lib/libsdk.a(abort_handler.o)
                0x10009d10                dump_regs
 .text          0x1000a1cc       0x20 /home/leon/git/swp-report/iMX6_Platform_SDK/output/mx6dq/lib/libboard_smart_device_rev_a.a(board_io_expanders.o)
                0x1000a1cc                board_ioexpander_init
                0x1000a1dc                board_ioexpander_iomux_config
 .text          0x1000a1ec        0x0 /home/leon/git/swp-report/iMX6_Platform_SDK/output/mx6dq/lib/libboard_smart_device_rev_a.a(hardware_modules.o)
 .text          0x1000a1ec        0x0 /home/leon/git/swp-report/iMX6_Platform_SDK/output/mx6dq/lib/libboard_smart_device_rev_a.a(dcd.o)
 .text          0x1000a1ec       0x90 /home/leon/git/swp-report/iMX6_Platform_SDK/output/mx6dq/lib/libboard_smart_device_rev_a.a(uart_iomux_config.o)
                0x1000a1ec                uart_iomux_config
 .text          0x1000a27c      0x304 /home/leon/git/swp-report/iMX6_Platform_SDK/output/mx6dq/lib/libboard_smart_device_rev_a.a(iomux_config.o)
                0x1000a27c                iomux_config
                0x1000a2f0                arm_iomux_config
                0x1000a300                asrc_iomux_config
                0x1000a310                dcic1_iomux_config
                0x1000a320                dcic2_iomux_config
                0x1000a330                ecspi2_iomux_config
                0x1000a340                ecspi3_iomux_config
                0x1000a350                ecspi4_iomux_config
                0x1000a360                ecspi5_iomux_config
                0x1000a370                eim_iomux_config
                0x1000a380                epit1_iomux_config
                0x1000a390                epit2_iomux_config
                0x1000a3a0                esai_iomux_config
                0x1000a3b0                flexcan2_iomux_config
                0x1000a3c0                gpmi_iomux_config
                0x1000a3d0                gpt_iomux_config
                0x1000a3e0                hdmi_iomux_config
                0x1000a3f0                ipu2_iomux_config
                0x1000a400                ldb_iomux_config
                0x1000a410                mipi_csi_iomux_config
                0x1000a420                mipi_dsi_iomux_config
                0x1000a430                mipi_hsi_iomux_config
                0x1000a440                mlb_iomux_config
                0x1000a450                pcie_iomux_config
                0x1000a460                pmu_iomux_config
                0x1000a470                pwm2_iomux_config
                0x1000a480                pwm3_iomux_config
                0x1000a490                pwm4_iomux_config
                0x1000a4a0                sata_phy_iomux_config
                0x1000a4b0                sdma_iomux_config
                0x1000a4c0                snvs_iomux_config
                0x1000a4d0                spdif_iomux_config
                0x1000a4e0                src_iomux_config
                0x1000a4f0                uart2_iomux_config
                0x1000a500                uart3_iomux_config
                0x1000a510                uart4_iomux_config
                0x1000a520                uart5_iomux_config
                0x1000a530                usb_iomux_config
                0x1000a540                usdhc1_iomux_config
                0x1000a550                wdog1_iomux_config
                0x1000a560                wdog2_iomux_config
                0x1000a570                xtalosc_iomux_config
 .text          0x1000a580      0x5b0 /home/leon/git/swp-report/iMX6_Platform_SDK/output/mx6dq/lib/libboard_smart_device_rev_a.a(ipu1_iomux_config.o)
                0x1000a580                ipu1_iomux_config
 .text          0x1000ab30      0x190 /home/leon/git/swp-report/iMX6_Platform_SDK/output/mx6dq/lib/libboard_smart_device_rev_a.a(kpp_iomux_config.o)
                0x1000ab30                kpp_iomux_config
 .text          0x1000acc0     0x2884 /home/leon/git/swp-report/iMX6_Platform_SDK/output/mx6dq/lib/libboard_smart_device_rev_a.a(mmdc_iomux_config.o)
                0x1000acc0                mmdc_iomux_config
 .text          0x1000d544       0x34 /home/leon/git/swp-report/iMX6_Platform_SDK/output/mx6dq/lib/libboard_smart_device_rev_a.a(pwm1_iomux_config.o)
                0x1000d544                pwm1_iomux_config
 .text          0x1000d578       0x70 /home/leon/git/swp-report/iMX6_Platform_SDK/output/mx6dq/lib/libboard_smart_device_rev_a.a(sjc_iomux_config.o)
                0x1000d578                sjc_iomux_config
 .text          0x1000d5e8       0x78 /home/leon/git/swp-report/iMX6_Platform_SDK/output/mx6dq/lib/libboard_smart_device_rev_a.a(uart1_iomux_config.o)
                0x1000d5e8                uart1_iomux_config
 .text          0x1000d660      0x178 /home/leon/git/swp-report/iMX6_Platform_SDK/output/mx6dq/lib/libboard_smart_device_rev_a.a(usdhc2_iomux_config.o)
                0x1000d660                usdhc2_iomux_config
 .text          0x1000d7d8      0x178 /home/leon/git/swp-report/iMX6_Platform_SDK/output/mx6dq/lib/libboard_smart_device_rev_a.a(usdhc3_iomux_config.o)
                0x1000d7d8                usdhc3_iomux_config
 .text          0x1000d950      0x178 /home/leon/git/swp-report/iMX6_Platform_SDK/output/mx6dq/lib/libboard_smart_device_rev_a.a(usdhc4_iomux_config.o)
                0x1000d950                usdhc4_iomux_config
 .text          0x1000dac8       0xa0 /home/leon/git/swp-report/iMX6_Platform_SDK/output/mx6dq/lib/libboard_smart_device_rev_a.a(audmux_iomux_config.o)
                0x1000dac8                audmux_iomux_config
 .text          0x1000db68       0x34 /home/leon/git/swp-report/iMX6_Platform_SDK/output/mx6dq/lib/libboard_smart_device_rev_a.a(ccm_iomux_config.o)
                0x1000db68                ccm_iomux_config
 .text          0x1000db9c       0xe0 /home/leon/git/swp-report/iMX6_Platform_SDK/output/mx6dq/lib/libboard_smart_device_rev_a.a(ecspi1_iomux_config.o)
                0x1000db9c                ecspi1_iomux_config
 .text          0x1000dc7c      0x3bc /home/leon/git/swp-report/iMX6_Platform_SDK/output/mx6dq/lib/libboard_smart_device_rev_a.a(enet_iomux_config.o)
                0x1000dc7c                enet_iomux_config
 .text          0x1000e038       0x68 /home/leon/git/swp-report/iMX6_Platform_SDK/output/mx6dq/lib/libboard_smart_device_rev_a.a(flexcan1_iomux_config.o)
                0x1000e038                flexcan1_iomux_config
 .text          0x1000e0a0      0x274 /home/leon/git/swp-report/iMX6_Platform_SDK/output/mx6dq/lib/libboard_smart_device_rev_a.a(gpio1_iomux_config.o)
                0x1000e0a0                gpio1_iomux_config
 .text          0x1000e314      0x164 /home/leon/git/swp-report/iMX6_Platform_SDK/output/mx6dq/lib/libboard_smart_device_rev_a.a(gpio2_iomux_config.o)
                0x1000e314                gpio2_iomux_config
 .text          0x1000e478      0x258 /home/leon/git/swp-report/iMX6_Platform_SDK/output/mx6dq/lib/libboard_smart_device_rev_a.a(gpio3_iomux_config.o)
                0x1000e478                gpio3_iomux_config
 .text          0x1000e6d0       0xa0 /home/leon/git/swp-report/iMX6_Platform_SDK/output/mx6dq/lib/libboard_smart_device_rev_a.a(gpio4_iomux_config.o)
                0x1000e6d0                gpio4_iomux_config
 .text          0x1000e770       0x50 /home/leon/git/swp-report/iMX6_Platform_SDK/output/mx6dq/lib/libboard_smart_device_rev_a.a(gpio5_iomux_config.o)
                0x1000e770                gpio5_iomux_config
 .text          0x1000e7c0      0x150 /home/leon/git/swp-report/iMX6_Platform_SDK/output/mx6dq/lib/libboard_smart_device_rev_a.a(gpio6_iomux_config.o)
                0x1000e7c0                gpio6_iomux_config
 .text          0x1000e910       0x7c /home/leon/git/swp-report/iMX6_Platform_SDK/output/mx6dq/lib/libboard_smart_device_rev_a.a(gpio7_iomux_config.o)
                0x1000e910                gpio7_iomux_config
 .text          0x1000e98c       0xdc /home/leon/git/swp-report/iMX6_Platform_SDK/output/mx6dq/lib/libboard_smart_device_rev_a.a(gps_iomux_config.o)
                0x1000e98c                gps_iomux_config
 .text          0x1000ea68       0x78 /home/leon/git/swp-report/iMX6_Platform_SDK/output/mx6dq/lib/libboard_smart_device_rev_a.a(i2c1_iomux_config.o)
                0x1000ea68                i2c1_iomux_config
 .text          0x1000eae0       0x78 /home/leon/git/swp-report/iMX6_Platform_SDK/output/mx6dq/lib/libboard_smart_device_rev_a.a(i2c2_iomux_config.o)
                0x1000eae0                i2c2_iomux_config
 .text          0x1000eb58       0x78 /home/leon/git/swp-report/iMX6_Platform_SDK/output/mx6dq/lib/libboard_smart_device_rev_a.a(i2c3_iomux_config.o)
                0x1000eb58                i2c3_iomux_config
 .text          0x1000ebd0        0x0 /home/leon/riotboard/arm-2012.09/bin/../arm-none-eabi/lib//libstdc++.a(pure.o)
 .text.__cxa_pure_virtual
                0x1000ebd0       0x1c /home/leon/riotboard/arm-2012.09/bin/../arm-none-eabi/lib//libstdc++.a(pure.o)
                0x1000ebd0                __cxa_pure_virtual
 .text.__cxa_deleted_virtual
                0x1000ebec       0x1c /home/leon/riotboard/arm-2012.09/bin/../arm-none-eabi/lib//libstdc++.a(pure.o)
                0x1000ebec                __cxa_deleted_virtual
 .text          0x1000ec08        0x0 /home/leon/riotboard/arm-2012.09/bin/../arm-none-eabi/lib//libstdc++.a(eh_terminate.o)
 .text._ZN10__cxxabiv111__terminateEPFvvE
                0x1000ec08       0x34 /home/leon/riotboard/arm-2012.09/bin/../arm-none-eabi/lib//libstdc++.a(eh_terminate.o)
                0x1000ec08                __cxxabiv1::__terminate(void (*)())
 .text._ZSt9terminatev
                0x1000ec3c       0x14 /home/leon/riotboard/arm-2012.09/bin/../arm-none-eabi/lib//libstdc++.a(eh_terminate.o)
                0x1000ec3c                std::terminate()
 .text._ZN10__cxxabiv112__unexpectedEPFvvE
                0x1000ec50       0x10 /home/leon/riotboard/arm-2012.09/bin/../arm-none-eabi/lib//libstdc++.a(eh_terminate.o)
                0x1000ec50                __cxxabiv1::__unexpected(void (*)())
 .text._ZSt10unexpectedv
                0x1000ec60       0x14 /home/leon/riotboard/arm-2012.09/bin/../arm-none-eabi/lib//libstdc++.a(eh_terminate.o)
                0x1000ec60                std::unexpected()
 .text._ZSt13set_terminatePFvvE
                0x1000ec74       0x18 /home/leon/riotboard/arm-2012.09/bin/../arm-none-eabi/lib//libstdc++.a(eh_terminate.o)
                0x1000ec74                std::set_terminate(void (*)())
 .text._ZSt14set_unexpectedPFvvE
                0x1000ec8c       0x18 /home/leon/riotboard/arm-2012.09/bin/../arm-none-eabi/lib//libstdc++.a(eh_terminate.o)
                0x1000ec8c                std::set_unexpected(void (*)())
 .text          0x1000eca4        0x0 /home/leon/riotboard/arm-2012.09/bin/../arm-none-eabi/lib//libstdc++.a(eh_unex_handler.o)
 .text          0x1000eca4        0x0 /home/leon/riotboard/arm-2012.09/bin/../arm-none-eabi/lib//libstdc++.a(eh_call.o)
 .text._ZN10__cxxabiv1L24__is_gxx_exception_classEPc
                0x1000eca4       0x70 /home/leon/riotboard/arm-2012.09/bin/../arm-none-eabi/lib//libstdc++.a(eh_call.o)
 .text.__cxa_call_terminate
                0x1000ed14       0x2c /home/leon/riotboard/arm-2012.09/bin/../arm-none-eabi/lib//libstdc++.a(eh_call.o)
                0x1000ed14                __cxa_call_terminate
 .text.__cxa_call_unexpected
                0x1000ed40      0x134 /home/leon/riotboard/arm-2012.09/bin/../arm-none-eabi/lib//libstdc++.a(eh_call.o)
                0x1000ed40                __cxa_call_unexpected
 .text          0x1000ee74        0x0 /home/leon/riotboard/arm-2012.09/bin/../arm-none-eabi/lib//libstdc++.a(eh_throw.o)
 .text._ZL23__gxx_exception_cleanup19_Unwind_Reason_CodeP21_Unwind_Control_Block
                0x1000ee74       0x3c /home/leon/riotboard/arm-2012.09/bin/../arm-none-eabi/lib//libstdc++.a(eh_throw.o)
 .text.__cxa_throw
                0x1000eeb0       0x94 /home/leon/riotboard/arm-2012.09/bin/../arm-none-eabi/lib//libstdc++.a(eh_throw.o)
                0x1000eeb0                __cxa_throw
 .text.__cxa_rethrow
                0x1000ef44       0xb0 /home/leon/riotboard/arm-2012.09/bin/../arm-none-eabi/lib//libstdc++.a(eh_throw.o)
                0x1000ef44                __cxa_rethrow
 .text          0x1000eff4        0x0 /home/leon/riotboard/arm-2012.09/bin/../arm-none-eabi/lib//libstdc++.a(eh_arm.o)
 .text.__cxa_end_cleanup
                0x1000eff4       0x10 /home/leon/riotboard/arm-2012.09/bin/../arm-none-eabi/lib//libstdc++.a(eh_arm.o)
                0x1000eff4                __cxa_end_cleanup
 .text.__cxa_type_match
                0x1000f004      0x14c /home/leon/riotboard/arm-2012.09/bin/../arm-none-eabi/lib//libstdc++.a(eh_arm.o)
                0x1000f004                __cxa_type_match
 .text.__cxa_begin_cleanup
                0x1000f150       0xb0 /home/leon/riotboard/arm-2012.09/bin/../arm-none-eabi/lib//libstdc++.a(eh_arm.o)
                0x1000f150                __cxa_begin_cleanup
 .text.__gnu_end_cleanup
                0x1000f200       0xb0 /home/leon/riotboard/arm-2012.09/bin/../arm-none-eabi/lib//libstdc++.a(eh_arm.o)
                0x1000f200                __gnu_end_cleanup
 .text          0x1000f2b0        0x0 /home/leon/riotboard/arm-2012.09/bin/../arm-none-eabi/lib//libstdc++.a(eh_exception.o)
 .text._ZNSt9exceptionD2Ev
                0x1000f2b0       0x10 /home/leon/riotboard/arm-2012.09/bin/../arm-none-eabi/lib//libstdc++.a(eh_exception.o)
                0x1000f2b0                std::exception::~exception()
                0x1000f2b0                std::exception::~exception()
 .text._ZNSt13bad_exceptionD2Ev
                0x1000f2c0       0x10 /home/leon/riotboard/arm-2012.09/bin/../arm-none-eabi/lib//libstdc++.a(eh_exception.o)
                0x1000f2c0                std::bad_exception::~bad_exception()
                0x1000f2c0                std::bad_exception::~bad_exception()
 .text._ZN10__cxxabiv115__forced_unwindD2Ev
                0x1000f2d0       0x10 /home/leon/riotboard/arm-2012.09/bin/../arm-none-eabi/lib//libstdc++.a(eh_exception.o)
                0x1000f2d0                __cxxabiv1::__forced_unwind::~__forced_unwind()
                0x1000f2d0                __cxxabiv1::__forced_unwind::~__forced_unwind()
 .text._ZN10__cxxabiv119__foreign_exceptionD2Ev
                0x1000f2e0       0x10 /home/leon/riotboard/arm-2012.09/bin/../arm-none-eabi/lib//libstdc++.a(eh_exception.o)
                0x1000f2e0                __cxxabiv1::__foreign_exception::~__foreign_exception()
                0x1000f2e0                __cxxabiv1::__foreign_exception::~__foreign_exception()
 .text._ZNKSt9exception4whatEv
                0x1000f2f0        0xc /home/leon/riotboard/arm-2012.09/bin/../arm-none-eabi/lib//libstdc++.a(eh_exception.o)
                0x1000f2f0                std::exception::what() const
 .text._ZNKSt13bad_exception4whatEv
                0x1000f2fc        0xc /home/leon/riotboard/arm-2012.09/bin/../arm-none-eabi/lib//libstdc++.a(eh_exception.o)
                0x1000f2fc                std::bad_exception::what() const
 .text._ZN10__cxxabiv119__foreign_exceptionD0Ev
                0x1000f308       0x24 /home/leon/riotboard/arm-2012.09/bin/../arm-none-eabi/lib//libstdc++.a(eh_exception.o)
                0x1000f308                __cxxabiv1::__foreign_exception::~__foreign_exception()
 .text._ZN10__cxxabiv115__forced_unwindD0Ev
                0x1000f32c       0x24 /home/leon/riotboard/arm-2012.09/bin/../arm-none-eabi/lib//libstdc++.a(eh_exception.o)
                0x1000f32c                __cxxabiv1::__forced_unwind::~__forced_unwind()
 .text._ZNSt9exceptionD0Ev
                0x1000f350       0x24 /home/leon/riotboard/arm-2012.09/bin/../arm-none-eabi/lib//libstdc++.a(eh_exception.o)
                0x1000f350                std::exception::~exception()
 .text._ZNSt13bad_exceptionD0Ev
                0x1000f374       0x24 /home/leon/riotboard/arm-2012.09/bin/../arm-none-eabi/lib//libstdc++.a(eh_exception.o)
                0x1000f374                std::bad_exception::~bad_exception()
 .text          0x1000f398        0x0 /home/leon/riotboard/arm-2012.09/bin/../arm-none-eabi/lib//libstdc++.a(eh_alloc.o)
 .text.__cxa_allocate_exception
                0x1000f398       0x98 /home/leon/riotboard/arm-2012.09/bin/../arm-none-eabi/lib//libstdc++.a(eh_alloc.o)
                0x1000f398                __cxa_allocate_exception
 .text.__cxa_free_exception
                0x1000f430       0x54 /home/leon/riotboard/arm-2012.09/bin/../arm-none-eabi/lib//libstdc++.a(eh_alloc.o)
                0x1000f430                __cxa_free_exception
 .text.__cxa_allocate_dependent_exception
                0x1000f484       0x90 /home/leon/riotboard/arm-2012.09/bin/../arm-none-eabi/lib//libstdc++.a(eh_alloc.o)
                0x1000f484                __cxa_allocate_dependent_exception
 .text.__cxa_free_dependent_exception
                0x1000f514       0x5c /home/leon/riotboard/arm-2012.09/bin/../arm-none-eabi/lib//libstdc++.a(eh_alloc.o)
                0x1000f514                __cxa_free_dependent_exception
 .text          0x1000f570        0x0 /home/leon/riotboard/arm-2012.09/bin/../arm-none-eabi/lib//libstdc++.a(eh_globals.o)
 .text.__cxa_get_globals_fast
                0x1000f570        0xc /home/leon/riotboard/arm-2012.09/bin/../arm-none-eabi/lib//libstdc++.a(eh_globals.o)
                0x1000f570                __cxa_get_globals_fast
 .text.__cxa_get_globals
                0x1000f57c        0xc /home/leon/riotboard/arm-2012.09/bin/../arm-none-eabi/lib//libstdc++.a(eh_globals.o)
                0x1000f57c                __cxa_get_globals
 .text          0x1000f588        0x0 /home/leon/riotboard/arm-2012.09/bin/../arm-none-eabi/lib//libstdc++.a(si_class_type_info.o)
 .text._ZNK10__cxxabiv120__si_class_type_info12__do_dyncastEiNS_17__class_type_info10__sub_kindEPKS1_PKvS4_S6_RNS1_16__dyncast_resultE
                0x1000f588       0xdc /home/leon/riotboard/arm-2012.09/bin/../arm-none-eabi/lib//libstdc++.a(si_class_type_info.o)
                0x1000f588                __cxxabiv1::__si_class_type_info::__do_dyncast(int, __cxxabiv1::__class_type_info::__sub_kind, __cxxabiv1::__class_type_info const*, void const*, __cxxabiv1::__class_type_info const*, void const*, __cxxabiv1::__class_type_info::__dyncast_result&) const
 .text._ZN10__cxxabiv120__si_class_type_infoD2Ev
                0x1000f664       0x24 /home/leon/riotboard/arm-2012.09/bin/../arm-none-eabi/lib//libstdc++.a(si_class_type_info.o)
                0x1000f664                __cxxabiv1::__si_class_type_info::~__si_class_type_info()
                0x1000f664                __cxxabiv1::__si_class_type_info::~__si_class_type_info()
 .text._ZN10__cxxabiv120__si_class_type_infoD0Ev
                0x1000f688       0x20 /home/leon/riotboard/arm-2012.09/bin/../arm-none-eabi/lib//libstdc++.a(si_class_type_info.o)
                0x1000f688                __cxxabiv1::__si_class_type_info::~__si_class_type_info()
 .text._ZNK10__cxxabiv120__si_class_type_info11__do_upcastEPKNS_17__class_type_infoEPKvRNS1_15__upcast_resultE
                0x1000f6a8       0x4c /home/leon/riotboard/arm-2012.09/bin/../arm-none-eabi/lib//libstdc++.a(si_class_type_info.o)
                0x1000f6a8                __cxxabiv1::__si_class_type_info::__do_upcast(__cxxabiv1::__class_type_info const*, void const*, __cxxabiv1::__class_type_info::__upcast_result&) const
 .text._ZNK10__cxxabiv120__si_class_type_info20__do_find_public_srcEiPKvPKNS_17__class_type_infoES2_
                0x1000f6f4       0x6c /home/leon/riotboard/arm-2012.09/bin/../arm-none-eabi/lib//libstdc++.a(si_class_type_info.o)
                0x1000f6f4                __cxxabiv1::__si_class_type_info::__do_find_public_src(int, void const*, __cxxabiv1::__class_type_info const*, void const*) const
 .text          0x1000f760        0x0 /home/leon/riotboard/arm-2012.09/bin/../arm-none-eabi/lib//libstdc++.a(eh_personality.o)
 .text._ZL12read_sleb128PKhPl
                0x1000f760       0x44 /home/leon/riotboard/arm-2012.09/bin/../arm-none-eabi/lib//libstdc++.a(eh_personality.o)
 .text._ZL28read_encoded_value_with_basehjPKhPj
                0x1000f7a4      0x170 /home/leon/riotboard/arm-2012.09/bin/../arm-none-eabi/lib//libstdc++.a(eh_personality.o)
 .text._ZL21base_of_encoded_valuehP15_Unwind_Context
                0x1000f914       0x7c /home/leon/riotboard/arm-2012.09/bin/../arm-none-eabi/lib//libstdc++.a(eh_personality.o)
 .text._ZL17parse_lsda_headerP15_Unwind_ContextPKhP16lsda_header_info
                0x1000f990       0xd8 /home/leon/riotboard/arm-2012.09/bin/../arm-none-eabi/lib//libstdc++.a(eh_personality.o)
 .text.__gxx_personality_v0
                0x1000fa68      0x620 /home/leon/riotboard/arm-2012.09/bin/../arm-none-eabi/lib//libstdc++.a(eh_personality.o)
                0x1000fa68                __gxx_personality_v0
 .text          0x10010088        0x0 /home/leon/riotboard/arm-2012.09/bin/../arm-none-eabi/lib//libstdc++.a(eh_term_handler.o)
 .text          0x10010088        0x0 /home/leon/riotboard/arm-2012.09/bin/../arm-none-eabi/lib//libstdc++.a(eh_catch.o)
 .text.__cxa_get_exception_ptr
                0x10010088        0x8 /home/leon/riotboard/arm-2012.09/bin/../arm-none-eabi/lib//libstdc++.a(eh_catch.o)
                0x10010088                __cxa_get_exception_ptr
 .text.__cxa_begin_catch
                0x10010090       0xdc /home/leon/riotboard/arm-2012.09/bin/../arm-none-eabi/lib//libstdc++.a(eh_catch.o)
                0x10010090                __cxa_begin_catch
 .text.__cxa_end_catch
                0x1001016c       0xdc /home/leon/riotboard/arm-2012.09/bin/../arm-none-eabi/lib//libstdc++.a(eh_catch.o)
                0x1001016c                __cxa_end_catch
 .text._ZSt18uncaught_exceptionv
                0x10010248       0x1c /home/leon/riotboard/arm-2012.09/bin/../arm-none-eabi/lib//libstdc++.a(eh_catch.o)
                0x10010248                std::uncaught_exception()
 .text          0x10010264        0x0 /home/leon/riotboard/arm-2012.09/bin/../arm-none-eabi/lib//libstdc++.a(class_type_info.o)
 .text._ZNK10__cxxabiv117__class_type_info11__do_upcastEPKS0_PPv
                0x10010264       0x64 /home/leon/riotboard/arm-2012.09/bin/../arm-none-eabi/lib//libstdc++.a(class_type_info.o)
                0x10010264                __cxxabiv1::__class_type_info::__do_upcast(__cxxabiv1::__class_type_info const*, void**) const
 .text._ZNK10__cxxabiv117__class_type_info20__do_find_public_srcEiPKvPKS0_S2_
                0x100102c8       0x14 /home/leon/riotboard/arm-2012.09/bin/../arm-none-eabi/lib//libstdc++.a(class_type_info.o)
                0x100102c8                __cxxabiv1::__class_type_info::__do_find_public_src(int, void const*, __cxxabiv1::__class_type_info const*, void const*) const
 .text._ZNK10__cxxabiv117__class_type_info11__do_upcastEPKS0_PKvRNS0_15__upcast_resultE
                0x100102dc       0x38 /home/leon/riotboard/arm-2012.09/bin/../arm-none-eabi/lib//libstdc++.a(class_type_info.o)
                0x100102dc                __cxxabiv1::__class_type_info::__do_upcast(__cxxabiv1::__class_type_info const*, void const*, __cxxabiv1::__class_type_info::__upcast_result&) const
 .text._ZN10__cxxabiv117__class_type_infoD2Ev
                0x10010314       0x24 /home/leon/riotboard/arm-2012.09/bin/../arm-none-eabi/lib//libstdc++.a(class_type_info.o)
                0x10010314                __cxxabiv1::__class_type_info::~__class_type_info()
                0x10010314                __cxxabiv1::__class_type_info::~__class_type_info()
 .text._ZN10__cxxabiv117__class_type_infoD0Ev
                0x10010338       0x20 /home/leon/riotboard/arm-2012.09/bin/../arm-none-eabi/lib//libstdc++.a(class_type_info.o)
                0x10010338                __cxxabiv1::__class_type_info::~__class_type_info()
 .text._ZNK10__cxxabiv117__class_type_info12__do_dyncastEiNS0_10__sub_kindEPKS0_PKvS3_S5_RNS0_16__dyncast_resultE
                0x10010358       0x7c /home/leon/riotboard/arm-2012.09/bin/../arm-none-eabi/lib//libstdc++.a(class_type_info.o)
                0x10010358                __cxxabiv1::__class_type_info::__do_dyncast(int, __cxxabiv1::__class_type_info::__sub_kind, __cxxabiv1::__class_type_info const*, void const*, __cxxabiv1::__class_type_info const*, void const*, __cxxabiv1::__class_type_info::__dyncast_result&) const
 .text._ZNK10__cxxabiv117__class_type_info10__do_catchEPKSt9type_infoPPvj
                0x100103d4       0x54 /home/leon/riotboard/arm-2012.09/bin/../arm-none-eabi/lib//libstdc++.a(class_type_info.o)
                0x100103d4                __cxxabiv1::__class_type_info::__do_catch(std::type_info const*, void**, unsigned int) const
 .text          0x10010428        0x0 /home/leon/riotboard/arm-2012.09/bin/../arm-none-eabi/lib//libstdc++.a(vterminate.o)
 .text._ZN9__gnu_cxx27__verbose_terminate_handlerEv
                0x10010428      0x19c /home/leon/riotboard/arm-2012.09/bin/../arm-none-eabi/lib//libstdc++.a(vterminate.o)
                0x10010428                __gnu_cxx::__verbose_terminate_handler()
 .text          0x100105c4     0x7c50 /home/leon/riotboard/arm-2012.09/bin/../arm-none-eabi/lib//libstdc++.a(cp-demangle.o)
                0x10018098                __cxa_demangle
                0x100181e4                __gcclibcxx_demangle_callback
 .text          0x10018214        0x0 /home/leon/riotboard/arm-2012.09/bin/../arm-none-eabi/lib//libstdc++.a(eh_type.o)
 .text.__cxa_current_exception_type
                0x10018214       0x30 /home/leon/riotboard/arm-2012.09/bin/../arm-none-eabi/lib//libstdc++.a(eh_type.o)
                0x10018214                __cxa_current_exception_type
 .text          0x10018244        0x0 /home/leon/riotboard/arm-2012.09/bin/../arm-none-eabi/lib//libstdc++.a(del_op.o)
 .text._ZdlPv   0x10018244       0x14 /home/leon/riotboard/arm-2012.09/bin/../arm-none-eabi/lib//libstdc++.a(del_op.o)
                0x10018244                operator delete(void*)
 .text          0x10018258        0x0 /home/leon/riotboard/arm-2012.09/bin/../arm-none-eabi/lib//libstdc++.a(tinfo.o)
 .text._ZNSt9type_infoD2Ev
                0x10018258       0x10 /home/leon/riotboard/arm-2012.09/bin/../arm-none-eabi/lib//libstdc++.a(tinfo.o)
                0x10018258                std::type_info::~type_info()
                0x10018258                std::type_info::~type_info()
 .text._ZNKSt9type_info14__is_pointer_pEv
                0x10018268        0x8 /home/leon/riotboard/arm-2012.09/bin/../arm-none-eabi/lib//libstdc++.a(tinfo.o)
                0x10018268                std::type_info::__is_pointer_p() const
 .text._ZNKSt9type_info15__is_function_pEv
                0x10018270        0x8 /home/leon/riotboard/arm-2012.09/bin/../arm-none-eabi/lib//libstdc++.a(tinfo.o)
                0x10018270                std::type_info::__is_function_p() const
 .text._ZNKSt9type_info11__do_upcastEPKN10__cxxabiv117__class_type_infoEPPv
                0x10018278        0x8 /home/leon/riotboard/arm-2012.09/bin/../arm-none-eabi/lib//libstdc++.a(tinfo.o)
                0x10018278                std::type_info::__do_upcast(__cxxabiv1::__class_type_info const*, void**) const
 .text._ZNSt9type_infoD0Ev
                0x10018280       0x24 /home/leon/riotboard/arm-2012.09/bin/../arm-none-eabi/lib//libstdc++.a(tinfo.o)
                0x10018280                std::type_info::~type_info()
 .text._ZNKSt9type_infoeqERKS_
                0x100182a4       0x4c /home/leon/riotboard/arm-2012.09/bin/../arm-none-eabi/lib//libstdc++.a(tinfo.o)
                0x100182a4                std::type_info::operator==(std::type_info const&) const
 .text._ZNKSt9type_info10__do_catchEPKS_PPvj
                0x100182f0        0x4 /home/leon/riotboard/arm-2012.09/bin/../arm-none-eabi/lib//libstdc++.a(tinfo.o)
                0x100182f0                std::type_info::__do_catch(std::type_info const*, void**, unsigned int) const
 .text          0x100182f4       0x14 /home/leon/riotboard/arm-2012.09/bin/../arm-none-eabi/lib//libc.a(lib_a-abort.o)
                0x100182f4                abort
 .text          0x10018308       0x68 /home/leon/riotboard/arm-2012.09/bin/../arm-none-eabi/lib//libc.a(lib_a-assert.o)
                0x10018308                __assert_func
                0x10018360                __assert
 .text          0x10018370       0x20 /home/leon/riotboard/arm-2012.09/bin/../arm-none-eabi/lib//libc.a(lib_a-bzero.o)
                0x10018370                bzero
 .text          0x10018390       0x70 /home/leon/riotboard/arm-2012.09/bin/../arm-none-eabi/lib//libc.a(lib_a-fiprintf.o)
                0x10018390                _fiprintf_r
                0x100183c0                fiprintf
 .text          0x10018400       0x94 /home/leon/riotboard/arm-2012.09/bin/../arm-none-eabi/lib//libc.a(lib_a-fputc.o)
                0x10018400                _fputc_r
                0x10018444                fputc
 .text          0x10018494       0xa8 /home/leon/riotboard/arm-2012.09/bin/../arm-none-eabi/lib//libc.a(lib_a-fputs.o)
                0x10018494                _fputs_r
                0x10018520                fputs
 .text          0x1001853c      0x4c4 /home/leon/riotboard/arm-2012.09/bin/../arm-none-eabi/lib//libc.a(lib_a-fvwrite.o)
                0x1001853c                __sfvwrite_r
 .text          0x10018a00       0xe8 /home/leon/riotboard/arm-2012.09/bin/../arm-none-eabi/lib//libc.a(lib_a-fwrite.o)
                0x10018a00                _fwrite_r
                0x10018aa4                fwrite
 .text          0x10018ae8        0x0 /home/leon/riotboard/arm-2012.09/bin/../arm-none-eabi/lib//libc.a(lib_a-impure.o)
 .text          0x10018ae8       0x88 /home/leon/riotboard/arm-2012.09/bin/../arm-none-eabi/lib//libc.a(lib_a-init.o)
                0x10018ae8                __libc_init_array
 .text          0x10018b70       0x40 /home/leon/riotboard/arm-2012.09/bin/../arm-none-eabi/lib//libc.a(lib_a-malloc.o)
                0x10018b70                malloc
                0x10018b90                free
 .text          0x10018bb0      0x71c /home/leon/riotboard/arm-2012.09/bin/../arm-none-eabi/lib//libc.a(lib_a-mallocr.o)
                0x10018bb0                _malloc_r
 .text          0x100192cc      0x11c /home/leon/riotboard/arm-2012.09/bin/../arm-none-eabi/lib//libc.a(lib_a-memchr.o)
                0x100192cc                memchr
 .text          0x100193e8       0xb4 /home/leon/riotboard/arm-2012.09/bin/../arm-none-eabi/lib//libc.a(lib_a-memcmp.o)
                0x100193e8                memcmp
 .text          0x1001949c      0x20c /home/leon/riotboard/arm-2012.09/bin/../arm-none-eabi/lib//libc.a(lib_a-memcpy.o)
                0x1001949c                memcpy
 .text          0x100196a8      0x134 /home/leon/riotboard/arm-2012.09/bin/../arm-none-eabi/lib//libc.a(lib_a-memmove.o)
                0x100196a8                memmove
 .text          0x100197dc      0x134 /home/leon/riotboard/arm-2012.09/bin/../arm-none-eabi/lib//libc.a(lib_a-memset.o)
                0x100197dc                memset
 .text          0x10019910        0x8 /home/leon/riotboard/arm-2012.09/bin/../arm-none-eabi/lib//libc.a(lib_a-mlock.o)
                0x10019910                __malloc_lock
                0x10019914                __malloc_unlock
 .text          0x10019918       0x74 /home/leon/riotboard/arm-2012.09/bin/../arm-none-eabi/lib//libc.a(lib_a-printf.o)
                0x10019918                _printf_r
                0x1001994c                printf
 .text          0x1001998c      0x170 /home/leon/riotboard/arm-2012.09/bin/../arm-none-eabi/lib//libc.a(lib_a-putc.o)
                0x1001998c                _putc_r
                0x10019a3c                putc
 .text          0x10019afc       0x28 /home/leon/riotboard/arm-2012.09/bin/../arm-none-eabi/lib//libc.a(lib_a-realloc.o)
                0x10019afc                realloc
 .text          0x10019b24      0x574 /home/leon/riotboard/arm-2012.09/bin/../arm-none-eabi/lib//libc.a(lib_a-reallocr.o)
                0x10019b24                _realloc_r
 .text          0x1001a098       0x6c /home/leon/riotboard/arm-2012.09/bin/../arm-none-eabi/lib//libc.a(lib_a-rget.o)
                0x1001a098                __srget_r
                0x1001a0f0                __srget
 .text          0x1001a104       0x40 /home/leon/riotboard/arm-2012.09/bin/../arm-none-eabi/lib//libc.a(lib_a-sbrkr.o)
                0x1001a104                _sbrk_r
 .text          0x1001a144      0x24c /home/leon/riotboard/arm-2012.09/bin/../arm-none-eabi/lib//libc.a(lib_a-signal.o)
                0x1001a144                _init_signal_r
                0x1001a1a4                _signal_r
                0x1001a210                _raise_r
                0x1001a2a8                __sigtramp_r
                0x1001a33c                raise
                0x1001a350                signal
                0x1001a36c                _init_signal
                0x1001a37c                __sigtramp
 .text          0x1001a390       0x50 /home/leon/riotboard/arm-2012.09/bin/../arm-none-eabi/lib//libc.a(lib_a-signalr.o)
                0x1001a390                _kill_r
                0x1001a3d0                _getpid_r
 .text          0x1001a3e0       0xdc /home/leon/riotboard/arm-2012.09/bin/../arm-none-eabi/lib//libc.a(lib_a-sprintf.o)
                0x1001a3e0                _sprintf_r
                0x1001a448                sprintf
 .text          0x1001a4bc      0x230 /home/leon/riotboard/arm-2012.09/bin/../arm-none-eabi/lib//libc.a(lib_a-strcmp.o)
                0x1001a4bc                strcmp
 .text          0x1001a6ec       0x60 /home/leon/riotboard/arm-2012.09/bin/../arm-none-eabi/lib//libc.a(lib_a-strlen.o)
                0x1001a6ec                strlen
 .text          0x1001a74c      0x140 /home/leon/riotboard/arm-2012.09/bin/../arm-none-eabi/lib//libc.a(lib_a-strncmp.o)
                0x1001a74c                strncmp
 .text          0x1001a88c     0x1f7c /home/leon/riotboard/arm-2012.09/bin/../arm-none-eabi/lib//libc.a(lib_a-svfprintf.o)
                0x1001a88c                _svfprintf_r
 .text          0x1001c808       0x30 /home/leon/riotboard/arm-2012.09/bin/../arm-none-eabi/lib//libc.a(lib_a-syswrite.o)
                0x1001c808                write
 .text          0x1001c838     0x12c4 /home/leon/riotboard/arm-2012.09/bin/../arm-none-eabi/lib//libc.a(lib_a-vfiprintf.o)
                0x1001c838                __sprint_r
                0x1001c8f4                _vfiprintf_r
                0x1001dad0                vfiprintf
 .text          0x1001dafc     0x2180 /home/leon/riotboard/arm-2012.09/bin/../arm-none-eabi/lib//libc.a(lib_a-vfprintf.o)
                0x1001dafc                _vfprintf_r
                0x1001fc50                vfprintf
 .text          0x1001fc7c       0x4c /home/leon/riotboard/arm-2012.09/bin/../arm-none-eabi/lib//libc.a(lib_a-vprintf.o)
                0x1001fc7c                vprintf
                0x1001fca8                _vprintf_r
 .text          0x1001fcc8      0x14c /home/leon/riotboard/arm-2012.09/bin/../arm-none-eabi/lib//libc.a(lib_a-wbuf.o)
                0x1001fcc8                __swbuf_r
                0x1001fdf8                __swbuf
 .text          0x1001fe14       0x44 /home/leon/riotboard/arm-2012.09/bin/../arm-none-eabi/lib//libc.a(lib_a-writer.o)
                0x1001fe14                _write_r
 .text          0x1001fe58      0x138 /home/leon/riotboard/arm-2012.09/bin/../arm-none-eabi/lib//libc.a(lib_a-wsetup.o)
                0x1001fe58                __swsetup_r
 .text          0x1001ff90     0x18a8 /home/leon/riotboard/arm-2012.09/bin/../arm-none-eabi/lib//libc.a(lib_a-dtoa.o)
                0x10020170                _dtoa_r
 .text          0x10021838      0x26c /home/leon/riotboard/arm-2012.09/bin/../arm-none-eabi/lib//libc.a(lib_a-fflush.o)
                0x10021838                _fflush_r
                0x10021a64                fflush
 .text          0x10021aa4      0x2c4 /home/leon/riotboard/arm-2012.09/bin/../arm-none-eabi/lib//libc.a(lib_a-findfp.o)
                0x10021ab4                _cleanup_r
                0x10021b48                __sfmoreglue
                0x10021b90                _cleanup
                0x10021ba0                __sinit
                0x10021c18                __sfp
                0x10021d10                __sfp_lock_acquire
                0x10021d14                __sfp_lock_release
                0x10021d18                __sinit_lock_acquire
                0x10021d1c                __sinit_lock_release
                0x10021d20                __fp_lock_all
                0x10021d44                __fp_unlock_all
 .text          0x10021d68      0x19c /home/leon/riotboard/arm-2012.09/bin/../arm-none-eabi/lib//libc.a(lib_a-fputwc.o)
                0x10021d68                _fputwc_r
                0x10021eb8                fputwc
 .text          0x10021f04      0x368 /home/leon/riotboard/arm-2012.09/bin/../arm-none-eabi/lib//libc.a(lib_a-freer.o)
                0x10021f04                _malloc_trim_r
                0x10022000                _free_r
 .text          0x1002226c      0x114 /home/leon/riotboard/arm-2012.09/bin/../arm-none-eabi/lib//libc.a(lib_a-fwalk.o)
                0x1002226c                _fwalk
                0x100222f4                _fwalk_reent
 .text          0x10022380       0xd0 /home/leon/riotboard/arm-2012.09/bin/../arm-none-eabi/lib//libc.a(lib_a-locale.o)
                0x10022380                _setlocale_r
                0x100223ec                __locale_charset
                0x100223f8                __locale_mb_cur_max
                0x10022408                __locale_msgcharset
                0x10022414                __locale_cjk_lang
                0x1002241c                _localeconv_r
                0x10022428                setlocale
                0x10022444                localeconv
 .text          0x10022450      0x15c /home/leon/riotboard/arm-2012.09/bin/../arm-none-eabi/lib//libc.a(lib_a-makebuf.o)
                0x10022450                __smakebuf_r
 .text          0x100225ac      0xd20 /home/leon/riotboard/arm-2012.09/bin/../arm-none-eabi/lib//libc.a(lib_a-mprec.o)
                0x100225ac                _Balloc
                0x10022638                _Bfree
                0x10022654                __multadd
                0x10022730                __s2b
                0x10022820                __hi0bits
                0x10022870                __lo0bits
                0x10022904                __i2b
                0x10022928                __multiply
                0x10022b0c                __pow5mult
                0x10022c00                __lshift
                0x10022d04                __mcmp
                0x10022d68                __mdiff
                0x10022eb4                __ulp
                0x10022f18                __b2d
                0x10022fe4                __d2b
                0x100230ec                __ratio
                0x1002317c                _mprec_log10
                0x100231d0                __copybits
                0x10023244                __any_on
 .text          0x100232cc      0x19c /home/leon/riotboard/arm-2012.09/bin/../arm-none-eabi/lib//libc.a(lib_a-reent.o)
                0x100232cc                cleanup_glue
                0x100232f8                _reclaim_reent
                0x100233f4                _wrapup_reent
 .text          0x10023468      0x1cc /home/leon/riotboard/arm-2012.09/bin/../arm-none-eabi/lib//libc.a(lib_a-refill.o)
                0x10023490                __srefill_r
 .text          0x10023634       0x6c /home/leon/riotboard/arm-2012.09/bin/../arm-none-eabi/lib//libc.a(lib_a-s_fpclassify.o)
                0x10023634                __fpclassifyd
 .text          0x100236a0       0xdc /home/leon/riotboard/arm-2012.09/bin/../arm-none-eabi/lib//libc.a(lib_a-stdio.o)
                0x100236a0                __sread
                0x100236d4                __seofread
                0x100236dc                __swrite
                0x10023734                __sseek
                0x10023768                __sclose
 .text          0x1002377c     0x1224 /home/leon/riotboard/arm-2012.09/bin/../arm-none-eabi/lib//libc.a(lib_a-svfiprintf.o)
                0x1002377c                __ssprint_r
                0x10023920                _svfiprintf_r
 .text          0x100249a0      0x134 /home/leon/riotboard/arm-2012.09/bin/../arm-none-eabi/lib//libc.a(lib_a-wcrtomb.o)
                0x100249a0                _wcrtomb_r
                0x10024a30                wcrtomb
 .text          0x10024ad4       0x7c /home/leon/riotboard/arm-2012.09/bin/../arm-none-eabi/lib//libc.a(lib_a-wctomb_r.o)
                0x10024ad4                __ascii_wctomb
                0x10024b00                _wctomb_r
 .text          0x10024b50       0x94 /home/leon/riotboard/arm-2012.09/bin/../arm-none-eabi/lib//libc.a(lib_a-callocr.o)
                0x10024b50                _calloc_r
 .text          0x10024be4       0x3c /home/leon/riotboard/arm-2012.09/bin/../arm-none-eabi/lib//libc.a(lib_a-closer.o)
                0x10024be4                _close_r
 .text          0x10024c20      0x10c /home/leon/riotboard/arm-2012.09/bin/../arm-none-eabi/lib//libc.a(lib_a-fclose.o)
                0x10024c20                _fclose_r
                0x10024d18                fclose
 .text          0x10024d2c       0x40 /home/leon/riotboard/arm-2012.09/bin/../arm-none-eabi/lib//libc.a(lib_a-fstatr.o)
                0x10024d2c                _fstat_r
 .text          0x10024d6c       0x3c /home/leon/riotboard/arm-2012.09/bin/../arm-none-eabi/lib//libc.a(lib_a-isattyr.o)
                0x10024d6c                _isatty_r
 .text          0x10024da8       0x44 /home/leon/riotboard/arm-2012.09/bin/../arm-none-eabi/lib//libc.a(lib_a-lseekr.o)
                0x10024da8                _lseek_r
 .text          0x10024dec       0x44 /home/leon/riotboard/arm-2012.09/bin/../arm-none-eabi/lib//libc.a(lib_a-readr.o)
                0x10024dec                _read_r
 .text          0x10024e30      0x114 /home/leon/riotboard/arm-2012.09/bin/../lib/gcc/arm-none-eabi/4.7.2//libgcc.a(_udivsi3.o)
                0x10024e30                __udivsi3
                0x10024e30                __aeabi_uidiv
                0x10024f24                __aeabi_uidivmod
 .text          0x10024f44      0x148 /home/leon/riotboard/arm-2012.09/bin/../lib/gcc/arm-none-eabi/4.7.2//libgcc.a(_divsi3.o)
                0x10024f44                __aeabi_idiv
                0x10024f44                __divsi3
                0x1002506c                __aeabi_idivmod
 .text          0x1002508c        0x4 /home/leon/riotboard/arm-2012.09/bin/../lib/gcc/arm-none-eabi/4.7.2//libgcc.a(_dvmd_tls.o)
                0x1002508c                __aeabi_ldiv0
                0x1002508c                __aeabi_idiv0
 .text          0x10025090      0x41c /home/leon/riotboard/arm-2012.09/bin/../lib/gcc/arm-none-eabi/4.7.2//libgcc.a(_arm_addsubdf3.o)
                0x10025090                __aeabi_drsub
                0x10025098                __aeabi_dsub
                0x10025098                __subdf3
                0x1002509c                __adddf3
                0x1002509c                __aeabi_dadd
                0x100253ac                __aeabi_ui2d
                0x100253ac                __floatunsidf
                0x100253d0                __floatsidf
                0x100253d0                __aeabi_i2d
                0x100253f8                __extendsfdf2
                0x100253f8                __aeabi_f2d
                0x10025438                __aeabi_ul2d
                0x10025438                __floatundidf
                0x1002544c                __floatdidf
                0x1002544c                __aeabi_l2d
 .text          0x100254ac      0x49c /home/leon/riotboard/arm-2012.09/bin/../lib/gcc/arm-none-eabi/4.7.2//libgcc.a(_arm_muldivdf3.o)
                0x100254ac                __aeabi_dmul
                0x100254ac                __muldf3
                0x1002573c                __aeabi_ddiv
                0x1002573c                __divdf3
 .text          0x10025948      0x144 /home/leon/riotboard/arm-2012.09/bin/../lib/gcc/arm-none-eabi/4.7.2//libgcc.a(_arm_cmpdf2.o)
                0x10025948                __gtdf2
                0x10025948                __gedf2
                0x10025950                __ltdf2
                0x10025950                __ledf2
                0x10025958                __cmpdf2
                0x10025958                __eqdf2
                0x10025958                __nedf2
                0x100259e0                __aeabi_cdrcmple
                0x100259fc                __aeabi_cdcmple
                0x100259fc                __aeabi_cdcmpeq
                0x10025a14                __aeabi_dcmpeq
                0x10025a2c                __aeabi_dcmplt
                0x10025a44                __aeabi_dcmple
                0x10025a5c                __aeabi_dcmpge
                0x10025a74                __aeabi_dcmpgt
 .text          0x10025a8c       0x5c /home/leon/riotboard/arm-2012.09/bin/../lib/gcc/arm-none-eabi/4.7.2//libgcc.a(_arm_fixdfsi.o)
                0x10025a8c                __fixdfsi
                0x10025a8c                __aeabi_d2iz
 .text          0x10025ae8       0x3c /home/leon/riotboard/arm-2012.09/bin/../lib/gcc/arm-none-eabi/4.7.2//libgcc.a(_aeabi_uldivmod.o)
                0x10025ae8                __aeabi_uldivmod
 .text          0x10025b24       0x84 /home/leon/riotboard/arm-2012.09/bin/../lib/gcc/arm-none-eabi/4.7.2//libgcc.a(bpabi.o)
                0x10025b24                __gnu_ldivmod_helper
                0x10025b68                __gnu_uldivmod_helper
 .text          0x10025ba8      0xfa8 /home/leon/riotboard/arm-2012.09/bin/../lib/gcc/arm-none-eabi/4.7.2//libgcc.a(unwind-arm.o)
                0x10026028                _Unwind_GetCFA
                0x10026030                __gnu_Unwind_RaiseException
                0x100260dc                __gnu_Unwind_ForcedUnwind
                0x10026100                __gnu_Unwind_Resume
                0x10026178                __gnu_Unwind_Resume_or_Rethrow
                0x10026198                _Unwind_Complete
                0x1002619c                _Unwind_DeleteException
                0x100261c0                _Unwind_VRS_Get
                0x10026234                _Unwind_VRS_Set
                0x100266d8                __aeabi_unwind_cpp_pr2
                0x100266e0                __aeabi_unwind_cpp_pr1
                0x100266e8                __aeabi_unwind_cpp_pr0
                0x100266f0                __gnu_Unwind_Backtrace
                0x100267bc                _Unwind_VRS_Pop
 .text          0x10026b50      0x1b0 /home/leon/riotboard/arm-2012.09/bin/../lib/gcc/arm-none-eabi/4.7.2//libgcc.a(libunwind.o)
                0x10026b50                __restore_core_regs
                0x10026b50                restore_core_regs
                0x10026b6c                __gnu_Unwind_Restore_VFP
                0x10026b74                __gnu_Unwind_Save_VFP
                0x10026b7c                __gnu_Unwind_Restore_VFP_D
                0x10026b84                __gnu_Unwind_Save_VFP_D
                0x10026b8c                __gnu_Unwind_Restore_VFP_D_16_to_31
                0x10026b94                __gnu_Unwind_Save_VFP_D_16_to_31
                0x10026b9c                __gnu_Unwind_Restore_WMMXD
                0x10026be0                __gnu_Unwind_Save_WMMXD
                0x10026c24                __gnu_Unwind_Restore_WMMXC
                0x10026c38                __gnu_Unwind_Save_WMMXC
                0x10026c4c                ___Unwind_RaiseException
                0x10026c4c                _Unwind_RaiseException
                0x10026c70                ___Unwind_Resume
                0x10026c70                _Unwind_Resume
                0x10026c94                _Unwind_Resume_or_Rethrow
                0x10026c94                ___Unwind_Resume_or_Rethrow
                0x10026cb8                ___Unwind_ForcedUnwind
                0x10026cb8                _Unwind_ForcedUnwind
                0x10026cdc                _Unwind_Backtrace
                0x10026cdc                ___Unwind_Backtrace
 .text          0x10026d00      0x53c /home/leon/riotboard/arm-2012.09/bin/../lib/gcc/arm-none-eabi/4.7.2//libgcc.a(pr-support.o)
                0x10026d94                __gnu_unwind_execute
                0x100271b0                __gnu_unwind_frame
                0x100271f8                _Unwind_GetRegionStart
                0x1002720c                _Unwind_GetLanguageSpecificData
                0x1002722c                _Unwind_GetDataRelBase
                0x10027234                _Unwind_GetTextRelBase
 .text          0x1002723c      0x4f0 /home/leon/riotboard/arm-2012.09/bin/../lib/gcc/arm-none-eabi/4.7.2//libgcc.a(_divdi3.o)
                0x1002723c                __divdi3
 .text          0x1002772c      0x488 /home/leon/riotboard/arm-2012.09/bin/../lib/gcc/arm-none-eabi/4.7.2//libgcc.a(_udivdi3.o)
                0x1002772c                __udivdi3
 .text          0x10027bb4       0x48 /home/leon/riotboard/arm-2012.09/bin/../lib/gcc/arm-none-eabi/4.7.2//libgcc.a(_clzsi2.o)
                0x10027bb4                __clzsi2
 .text          0x10027bfc      0x610 /home/leon/git/swp-report/iMX6_Platform_SDK/output/mx6dq/lib/libsdk.a(runtime_support.o)
                0x10027bfc                _execve
                0x10027c38                _fork
                0x10027c60                _isatty
                0x10027c84                _open
                0x10027cb0                _close
                0x10027cd4                _lseek
                0x10027d00                _fstat
                0x10027d34                _read
                0x10027e04                _write
                0x10027ef0                _raw_puts
                0x10027f70                _sbrk
                0x10028020                _exit
                0x10028040                _kill
                0x10028078                _getpid
                0x10028090                _link
                0x100280c8                _unlink
                0x100280fc                _stat
                0x10028130                _times
                0x10028154                _gettimeofday
                0x100281d8                _wait
 *(.glue_7t)
 .glue_7t       0x00000000        0x0 linker stubs
 *(.glue_7)
 .glue_7        0x00000000        0x0 linker stubs
 *(.vfp11_veneer)
 .vfp11_veneer  0x00000000        0x0 linker stubs
 *(.ARM.extab* .gnu.linkonce.armextab.*)
 .ARM.extab.startup
                0x1002820c        0x0 /home/leon/git/swp-report/iMX6_Platform_SDK/output/mx6dq/lib/libsdk.a(startup.o)
 .ARM.extab.text.__cxa_pure_virtual
                0x1002820c        0xc /home/leon/riotboard/arm-2012.09/bin/../arm-none-eabi/lib//libstdc++.a(pure.o)
 .ARM.extab.text.__cxa_deleted_virtual
                0x10028218        0xc /home/leon/riotboard/arm-2012.09/bin/../arm-none-eabi/lib//libstdc++.a(pure.o)
 .ARM.extab.text._ZN10__cxxabiv111__terminateEPFvvE
                0x10028224       0x2c /home/leon/riotboard/arm-2012.09/bin/../arm-none-eabi/lib//libstdc++.a(eh_terminate.o)
 .ARM.extab.text._ZSt9terminatev
                0x10028250        0x0 /home/leon/riotboard/arm-2012.09/bin/../arm-none-eabi/lib//libstdc++.a(eh_terminate.o)
 .ARM.extab.text._ZN10__cxxabiv112__unexpectedEPFvvE
                0x10028250        0xc /home/leon/riotboard/arm-2012.09/bin/../arm-none-eabi/lib//libstdc++.a(eh_terminate.o)
 .ARM.extab.text._ZSt10unexpectedv
                0x1002825c        0xc /home/leon/riotboard/arm-2012.09/bin/../arm-none-eabi/lib//libstdc++.a(eh_terminate.o)
 .ARM.extab.text._ZSt13set_terminatePFvvE
                0x10028268        0x0 /home/leon/riotboard/arm-2012.09/bin/../arm-none-eabi/lib//libstdc++.a(eh_terminate.o)
 .ARM.extab.text._ZSt14set_unexpectedPFvvE
                0x10028268        0x0 /home/leon/riotboard/arm-2012.09/bin/../arm-none-eabi/lib//libstdc++.a(eh_terminate.o)
 .ARM.extab.text._ZN10__cxxabiv1L24__is_gxx_exception_classEPc
                0x10028268        0x0 /home/leon/riotboard/arm-2012.09/bin/../arm-none-eabi/lib//libstdc++.a(eh_call.o)
 .ARM.extab.text.__cxa_call_terminate
                0x10028268        0x0 /home/leon/riotboard/arm-2012.09/bin/../arm-none-eabi/lib//libstdc++.a(eh_call.o)
 .ARM.extab.text.__cxa_call_unexpected
                0x10028268       0x28 /home/leon/riotboard/arm-2012.09/bin/../arm-none-eabi/lib//libstdc++.a(eh_call.o)
 .ARM.extab.text._ZL23__gxx_exception_cleanup19_Unwind_Reason_CodeP21_Unwind_Control_Block
                0x10028290        0x0 /home/leon/riotboard/arm-2012.09/bin/../arm-none-eabi/lib//libstdc++.a(eh_throw.o)
 .ARM.extab.text.__cxa_throw
                0x10028290        0x0 /home/leon/riotboard/arm-2012.09/bin/../arm-none-eabi/lib//libstdc++.a(eh_throw.o)
 .ARM.extab.text.__cxa_rethrow
                0x10028290        0x0 /home/leon/riotboard/arm-2012.09/bin/../arm-none-eabi/lib//libstdc++.a(eh_throw.o)
 .ARM.extab.text.__cxa_type_match
                0x10028290        0x0 /home/leon/riotboard/arm-2012.09/bin/../arm-none-eabi/lib//libstdc++.a(eh_arm.o)
 .ARM.extab.text.__cxa_begin_cleanup
                0x10028290        0x0 /home/leon/riotboard/arm-2012.09/bin/../arm-none-eabi/lib//libstdc++.a(eh_arm.o)
 .ARM.extab.text.__gnu_end_cleanup
                0x10028290        0x0 /home/leon/riotboard/arm-2012.09/bin/../arm-none-eabi/lib//libstdc++.a(eh_arm.o)
 .ARM.extab.text._ZNSt9exceptionD2Ev
                0x10028290        0x0 /home/leon/riotboard/arm-2012.09/bin/../arm-none-eabi/lib//libstdc++.a(eh_exception.o)
 .ARM.extab.text._ZNSt13bad_exceptionD2Ev
                0x10028290        0x0 /home/leon/riotboard/arm-2012.09/bin/../arm-none-eabi/lib//libstdc++.a(eh_exception.o)
 .ARM.extab.text._ZN10__cxxabiv115__forced_unwindD2Ev
                0x10028290        0x0 /home/leon/riotboard/arm-2012.09/bin/../arm-none-eabi/lib//libstdc++.a(eh_exception.o)
 .ARM.extab.text._ZN10__cxxabiv119__foreign_exceptionD2Ev
                0x10028290        0x0 /home/leon/riotboard/arm-2012.09/bin/../arm-none-eabi/lib//libstdc++.a(eh_exception.o)
 .ARM.extab.text._ZNKSt9exception4whatEv
                0x10028290        0x0 /home/leon/riotboard/arm-2012.09/bin/../arm-none-eabi/lib//libstdc++.a(eh_exception.o)
 .ARM.extab.text._ZNKSt13bad_exception4whatEv
                0x10028290        0x0 /home/leon/riotboard/arm-2012.09/bin/../arm-none-eabi/lib//libstdc++.a(eh_exception.o)
 .ARM.extab.text._ZN10__cxxabiv119__foreign_exceptionD0Ev
                0x10028290        0x0 /home/leon/riotboard/arm-2012.09/bin/../arm-none-eabi/lib//libstdc++.a(eh_exception.o)
 .ARM.extab.text._ZN10__cxxabiv115__forced_unwindD0Ev
                0x10028290        0x0 /home/leon/riotboard/arm-2012.09/bin/../arm-none-eabi/lib//libstdc++.a(eh_exception.o)
 .ARM.extab.text._ZNSt9exceptionD0Ev
                0x10028290        0x0 /home/leon/riotboard/arm-2012.09/bin/../arm-none-eabi/lib//libstdc++.a(eh_exception.o)
 .ARM.extab.text._ZNSt13bad_exceptionD0Ev
                0x10028290        0x0 /home/leon/riotboard/arm-2012.09/bin/../arm-none-eabi/lib//libstdc++.a(eh_exception.o)
 .ARM.extab.text.__cxa_allocate_exception
                0x10028290        0x0 /home/leon/riotboard/arm-2012.09/bin/../arm-none-eabi/lib//libstdc++.a(eh_alloc.o)
 .ARM.extab.text.__cxa_free_exception
                0x10028290        0x0 /home/leon/riotboard/arm-2012.09/bin/../arm-none-eabi/lib//libstdc++.a(eh_alloc.o)
 .ARM.extab.text.__cxa_allocate_dependent_exception
                0x10028290        0x0 /home/leon/riotboard/arm-2012.09/bin/../arm-none-eabi/lib//libstdc++.a(eh_alloc.o)
 .ARM.extab.text.__cxa_free_dependent_exception
                0x10028290        0x0 /home/leon/riotboard/arm-2012.09/bin/../arm-none-eabi/lib//libstdc++.a(eh_alloc.o)
 .ARM.extab.text.__cxa_get_globals_fast
                0x10028290        0x0 /home/leon/riotboard/arm-2012.09/bin/../arm-none-eabi/lib//libstdc++.a(eh_globals.o)
 .ARM.extab.text.__cxa_get_globals
                0x10028290        0x0 /home/leon/riotboard/arm-2012.09/bin/../arm-none-eabi/lib//libstdc++.a(eh_globals.o)
 .ARM.extab.text._ZNK10__cxxabiv120__si_class_type_info12__do_dyncastEiNS_17__class_type_info10__sub_kindEPKS1_PKvS4_S6_RNS1_16__dyncast_resultE
                0x10028290        0x0 /home/leon/riotboard/arm-2012.09/bin/../arm-none-eabi/lib//libstdc++.a(si_class_type_info.o)
 .ARM.extab.text._ZN10__cxxabiv120__si_class_type_infoD2Ev
                0x10028290        0x0 /home/leon/riotboard/arm-2012.09/bin/../arm-none-eabi/lib//libstdc++.a(si_class_type_info.o)
 .ARM.extab.text._ZN10__cxxabiv120__si_class_type_infoD0Ev
                0x10028290        0x0 /home/leon/riotboard/arm-2012.09/bin/../arm-none-eabi/lib//libstdc++.a(si_class_type_info.o)
 .ARM.extab.text._ZNK10__cxxabiv120__si_class_type_info11__do_upcastEPKNS_17__class_type_infoEPKvRNS1_15__upcast_resultE
                0x10028290        0x0 /home/leon/riotboard/arm-2012.09/bin/../arm-none-eabi/lib//libstdc++.a(si_class_type_info.o)
 .ARM.extab.text._ZNK10__cxxabiv120__si_class_type_info20__do_find_public_srcEiPKvPKNS_17__class_type_infoES2_
                0x10028290        0x0 /home/leon/riotboard/arm-2012.09/bin/../arm-none-eabi/lib//libstdc++.a(si_class_type_info.o)
 .ARM.extab.text._ZL12read_sleb128PKhPl
                0x10028290        0x0 /home/leon/riotboard/arm-2012.09/bin/../arm-none-eabi/lib//libstdc++.a(eh_personality.o)
 .ARM.extab.text._ZL28read_encoded_value_with_basehjPKhPj
                0x10028290        0x0 /home/leon/riotboard/arm-2012.09/bin/../arm-none-eabi/lib//libstdc++.a(eh_personality.o)
 .ARM.extab.text._ZL21base_of_encoded_valuehP15_Unwind_Context
                0x10028290        0xc /home/leon/riotboard/arm-2012.09/bin/../arm-none-eabi/lib//libstdc++.a(eh_personality.o)
 .ARM.extab.text._ZL17parse_lsda_headerP15_Unwind_ContextPKhP16lsda_header_info
                0x1002829c        0x0 /home/leon/riotboard/arm-2012.09/bin/../arm-none-eabi/lib//libstdc++.a(eh_personality.o)
 .ARM.extab.text.__gxx_personality_v0
                0x1002829c       0x20 /home/leon/riotboard/arm-2012.09/bin/../arm-none-eabi/lib//libstdc++.a(eh_personality.o)
 .ARM.extab.text.__cxa_get_exception_ptr
                0x100282bc        0x0 /home/leon/riotboard/arm-2012.09/bin/../arm-none-eabi/lib//libstdc++.a(eh_catch.o)
 .ARM.extab.text.__cxa_begin_catch
                0x100282bc       0x20 /home/leon/riotboard/arm-2012.09/bin/../arm-none-eabi/lib//libstdc++.a(eh_catch.o)
 .ARM.extab.text.__cxa_end_catch
                0x100282dc        0xc /home/leon/riotboard/arm-2012.09/bin/../arm-none-eabi/lib//libstdc++.a(eh_catch.o)
 .ARM.extab.text._ZSt18uncaught_exceptionv
                0x100282e8        0x0 /home/leon/riotboard/arm-2012.09/bin/../arm-none-eabi/lib//libstdc++.a(eh_catch.o)
 .ARM.extab.text._ZNK10__cxxabiv117__class_type_info11__do_upcastEPKS0_PPv
                0x100282e8        0x0 /home/leon/riotboard/arm-2012.09/bin/../arm-none-eabi/lib//libstdc++.a(class_type_info.o)
 .ARM.extab.text._ZNK10__cxxabiv117__class_type_info20__do_find_public_srcEiPKvPKS0_S2_
                0x100282e8        0x0 /home/leon/riotboard/arm-2012.09/bin/../arm-none-eabi/lib//libstdc++.a(class_type_info.o)
 .ARM.extab.text._ZNK10__cxxabiv117__class_type_info11__do_upcastEPKS0_PKvRNS0_15__upcast_resultE
                0x100282e8        0x0 /home/leon/riotboard/arm-2012.09/bin/../arm-none-eabi/lib//libstdc++.a(class_type_info.o)
 .ARM.extab.text._ZN10__cxxabiv117__class_type_infoD2Ev
                0x100282e8        0x0 /home/leon/riotboard/arm-2012.09/bin/../arm-none-eabi/lib//libstdc++.a(class_type_info.o)
 .ARM.extab.text._ZN10__cxxabiv117__class_type_infoD0Ev
                0x100282e8        0x0 /home/leon/riotboard/arm-2012.09/bin/../arm-none-eabi/lib//libstdc++.a(class_type_info.o)
 .ARM.extab.text._ZNK10__cxxabiv117__class_type_info12__do_dyncastEiNS0_10__sub_kindEPKS0_PKvS3_S5_RNS0_16__dyncast_resultE
                0x100282e8        0x0 /home/leon/riotboard/arm-2012.09/bin/../arm-none-eabi/lib//libstdc++.a(class_type_info.o)
 .ARM.extab.text._ZNK10__cxxabiv117__class_type_info10__do_catchEPKSt9type_infoPPvj
                0x100282e8        0x0 /home/leon/riotboard/arm-2012.09/bin/../arm-none-eabi/lib//libstdc++.a(class_type_info.o)
 .ARM.extab.text._ZN9__gnu_cxx27__verbose_terminate_handlerEv
                0x100282e8       0x34 /home/leon/riotboard/arm-2012.09/bin/../arm-none-eabi/lib//libstdc++.a(vterminate.o)
 .ARM.extab.text.__cxa_current_exception_type
                0x1002831c        0x0 /home/leon/riotboard/arm-2012.09/bin/../arm-none-eabi/lib//libstdc++.a(eh_type.o)
 .ARM.extab.text._ZdlPv
                0x1002831c        0x0 /home/leon/riotboard/arm-2012.09/bin/../arm-none-eabi/lib//libstdc++.a(del_op.o)
 .ARM.extab.text._ZNSt9type_infoD2Ev
                0x1002831c        0x0 /home/leon/riotboard/arm-2012.09/bin/../arm-none-eabi/lib//libstdc++.a(tinfo.o)
 .ARM.extab.text._ZNKSt9type_info14__is_pointer_pEv
                0x1002831c        0x0 /home/leon/riotboard/arm-2012.09/bin/../arm-none-eabi/lib//libstdc++.a(tinfo.o)
 .ARM.extab.text._ZNKSt9type_info15__is_function_pEv
                0x1002831c        0x0 /home/leon/riotboard/arm-2012.09/bin/../arm-none-eabi/lib//libstdc++.a(tinfo.o)
 .ARM.extab.text._ZNKSt9type_info11__do_upcastEPKN10__cxxabiv117__class_type_infoEPPv
                0x1002831c        0x0 /home/leon/riotboard/arm-2012.09/bin/../arm-none-eabi/lib//libstdc++.a(tinfo.o)
 .ARM.extab.text._ZNSt9type_infoD0Ev
                0x1002831c        0x0 /home/leon/riotboard/arm-2012.09/bin/../arm-none-eabi/lib//libstdc++.a(tinfo.o)
 .ARM.extab.text._ZNKSt9type_infoeqERKS_
                0x1002831c        0x0 /home/leon/riotboard/arm-2012.09/bin/../arm-none-eabi/lib//libstdc++.a(tinfo.o)
 .ARM.extab.text._ZNKSt9type_info10__do_catchEPKS_PPvj
                0x1002831c        0x0 /home/leon/riotboard/arm-2012.09/bin/../arm-none-eabi/lib//libstdc++.a(tinfo.o)
 .ARM.extab     0x1002831c       0x18 /home/leon/riotboard/arm-2012.09/bin/../lib/gcc/arm-none-eabi/4.7.2//libgcc.a(unwind-arm.o)
 .ARM.extab     0x10028334       0x18 /home/leon/riotboard/arm-2012.09/bin/../lib/gcc/arm-none-eabi/4.7.2//libgcc.a(pr-support.o)
 .ARM.extab     0x1002834c        0x0 /home/leon/riotboard/arm-2012.09/bin/../lib/gcc/arm-none-eabi/4.7.2//libgcc.a(_divdi3.o)
 .ARM.extab     0x1002834c        0x0 /home/leon/riotboard/arm-2012.09/bin/../lib/gcc/arm-none-eabi/4.7.2//libgcc.a(_udivdi3.o)
 *(.gcc_except_table)

.v4_bx          0x1002834c        0x0
 .v4_bx         0x00000000        0x0 linker stubs

.iplt           0x1002834c        0x0
 .iplt          0x00000000        0x0 /home/leon/riotboard/arm-2012.09/bin/../lib/gcc/arm-none-eabi/4.7.2//crtbegin.o

.ctors
 *crtbegin.o(.ctors)
 *crtbegin?.o(.ctors)
 *(EXCLUDE_FILE(*crtend?.o *crtend.o) .ctors)
 *(SORT(.ctors.*))
 *(.ctors)

.dtors
 *crtbegin.o(.dtors)
 *crtbegin?.o(.dtors)
 *(EXCLUDE_FILE(*crtend?.o *crtend.o) .dtors)
 *(SORT(.dtors.*))
 *(.dtors)

.rodata         0x10028350     0x211c
 *(.rodata .rodata.* .gnu.linkonce.r.*)
 .rodata.str1.1
                0x10028350       0xf5 /home/leon/git/swp-report/iMX6_Platform_SDK/output/mx6dq/stream/smart_device_rev_a/obj/apps/common/print_version.o
 .rodata.str1.1
                0x10028445       0x1e /home/leon/git/swp-report/iMX6_Platform_SDK/output/mx6dq/stream/smart_device_rev_a/obj/apps/stream/src/main.o
 *fill*         0x10028463        0x5 
 .rodata        0x10028468       0x50 /home/leon/git/swp-report/iMX6_Platform_SDK/output/mx6dq/stream/smart_device_rev_a/obj/apps/stream/src/stream.o
 .rodata.str1.1
                0x100284b8      0x17f /home/leon/git/swp-report/iMX6_Platform_SDK/output/mx6dq/stream/smart_device_rev_a/obj/apps/stream/src/stream.o
 *fill*         0x10028637        0x1 
 .rodata        0x10028638       0x34 /home/leon/git/swp-report/iMX6_Platform_SDK/output/mx6dq/lib/libsdk.a(ccm_pll.o)
                0x10028638                PLL1_OUTPUT
                0x1002863c                PLL2_OUTPUT
                0x10028650                PLL3_OUTPUT
                0x10028664                PLL4_OUTPUT
                0x10028668                PLL5_OUTPUT
 .rodata        0x1002866c       0x64 /home/leon/git/swp-report/iMX6_Platform_SDK/output/mx6dq/lib/libsdk.a(gic.o)
 .rodata        0x100286d0       0x50 /home/leon/git/swp-report/iMX6_Platform_SDK/output/mx6dq/lib/libsdk.a(sdk_version.o)
                0x100286d0                k_sdk_version
                0x100286d4                k_sdk_copyright
 .rodata        0x10028720       0xcc /home/leon/git/swp-report/iMX6_Platform_SDK/output/mx6dq/lib/libsdk.a(system_util.o)
 .rodata        0x100287ec       0xf4 /home/leon/git/swp-report/iMX6_Platform_SDK/output/mx6dq/lib/libsdk.a(text_color.o)
                0x100287f4                g_TextAttributeDefault
                0x10028800                g_TextAttributeBold
                0x1002880c                g_TextAttributeDim
                0x10028818                g_TextAttributeUnderline
                0x10028824                g_TextAttributeBlink
                0x10028830                g_TextAttributeReverse
                0x1002883c                g_TextAttributeHidden
                0x10028848                g_TextColorBlack
                0x10028854                g_TextColorRed
                0x10028860                g_TextColorGreen
                0x1002886c                g_TextColorYellow
                0x10028878                g_TextColorBlue
                0x10028884                g_TextColorMagenta
                0x10028890                g_TextColorCyan
                0x1002889c                g_TextColorWhite
                0x100288ac                g_TextColorOrange
                0x100288bc                g_TextColorLightBlue
                0x100288cc                g_TextColorGray
                0x100288dc                g_TextColorPurple
 .rodata        0x100288e0      0x1f8 /home/leon/git/swp-report/iMX6_Platform_SDK/output/mx6dq/lib/libsdk.a(board_id.o)
 .rodata        0x10028ad8       0x48 /home/leon/git/swp-report/iMX6_Platform_SDK/output/mx6dq/lib/libsdk.a(cpu_workpoint.o)
 .rodata        0x10028b20      0x248 /home/leon/git/swp-report/iMX6_Platform_SDK/output/mx6dq/lib/libsdk.a(pmu_driver.o)
                0x10028b20                vtable for pmu::LDOSoCRegulator