Archive member included because of file (symbol)

/home/leon/git/swp-report/iMX6_Platform_SDK/output/mx6sdl/lib/libsdk.a(armv7_cache.o)
                              /home/leon/git/swp-report/iMX6_Platform_SDK/output/mx6sdl/smp_primes/sabre_ai_rev_b/obj/apps/smp_primes/src/main.o (arm_dcache_enable)
/home/leon/git/swp-report/iMX6_Platform_SDK/output/mx6sdl/lib/libsdk.a(ccm_pll.o)
                              /home/leon/git/swp-report/iMX6_Platform_SDK/output/mx6sdl/smp_primes/sabre_ai_rev_b/obj/apps/common/platform_init.o (ccm_init)
/home/leon/git/swp-report/iMX6_Platform_SDK/output/mx6sdl/lib/libsdk.a(cortexA9.o)
                              /home/leon/git/swp-report/iMX6_Platform_SDK/output/mx6sdl/smp_primes/sabre_ai_rev_b/obj/apps/common/platform_init.o (arm_set_interrupt_state)
/home/leon/git/swp-report/iMX6_Platform_SDK/output/mx6sdl/lib/libsdk.a(gic.o)
                              /home/leon/git/swp-report/iMX6_Platform_SDK/output/mx6sdl/smp_primes/sabre_ai_rev_b/obj/apps/common/platform_init.o (gic_init)
/home/leon/git/swp-report/iMX6_Platform_SDK/output/mx6sdl/lib/libsdk.a(mmu.o)
                              /home/leon/git/swp-report/iMX6_Platform_SDK/output/mx6sdl/smp_primes/sabre_ai_rev_b/obj/apps/common/platform_init.o (mmu_init)
/home/leon/git/swp-report/iMX6_Platform_SDK/output/mx6sdl/lib/libsdk.a(startup.o)
                              (_start)
/home/leon/git/swp-report/iMX6_Platform_SDK/output/mx6sdl/lib/libsdk.a(vectors.o)
                              /home/leon/git/swp-report/iMX6_Platform_SDK/output/mx6sdl/lib/libsdk.a(startup.o) (vectors)
/home/leon/git/swp-report/iMX6_Platform_SDK/output/mx6sdl/lib/libsdk.a(spinlock.o)
                              /home/leon/git/swp-report/iMX6_Platform_SDK/output/mx6sdl/smp_primes/sabre_ai_rev_b/obj/apps/smp_primes/src/main.o (spinlock_init)
/home/leon/git/swp-report/iMX6_Platform_SDK/output/mx6sdl/lib/libsdk.a(spinlock_lock_unlock.o)
                              /home/leon/git/swp-report/iMX6_Platform_SDK/output/mx6sdl/smp_primes/sabre_ai_rev_b/obj/apps/smp_primes/src/main.o (spinlock_lock)
/home/leon/git/swp-report/iMX6_Platform_SDK/output/mx6sdl/lib/libsdk.a(system_util.o)
                              /home/leon/git/swp-report/iMX6_Platform_SDK/output/mx6sdl/lib/libsdk.a(startup.o) (_sys_exit)
/home/leon/git/swp-report/iMX6_Platform_SDK/output/mx6sdl/lib/libsdk.a(text_color.o)
                              /home/leon/git/swp-report/iMX6_Platform_SDK/output/mx6sdl/lib/libsdk.a(system_util.o) (g_TextAttributeBold)
/home/leon/git/swp-report/iMX6_Platform_SDK/output/mx6sdl/lib/libsdk.a(cpu_get_cores.o)
                              /home/leon/git/swp-report/iMX6_Platform_SDK/output/mx6sdl/smp_primes/sabre_ai_rev_b/obj/apps/smp_primes/src/main.o (cpu_get_cores)
/home/leon/git/swp-report/iMX6_Platform_SDK/output/mx6sdl/lib/libsdk.a(cpu_multicore.o)
                              /home/leon/git/swp-report/iMX6_Platform_SDK/output/mx6sdl/smp_primes/sabre_ai_rev_b/obj/apps/smp_primes/src/main.o (cpu_start_secondary)
/home/leon/git/swp-report/iMX6_Platform_SDK/output/mx6sdl/lib/libsdk.a(timer.o)
                              /home/leon/git/swp-report/iMX6_Platform_SDK/output/mx6sdl/smp_primes/sabre_ai_rev_b/obj/apps/common/platform_init.o (system_time_init)
/home/leon/git/swp-report/iMX6_Platform_SDK/output/mx6sdl/lib/libsdk.a(imx_uart.o)
                              /home/leon/git/swp-report/iMX6_Platform_SDK/output/mx6sdl/smp_primes/sabre_ai_rev_b/obj/apps/common/platform_init.o (uart_getchar)
/home/leon/git/swp-report/iMX6_Platform_SDK/output/mx6sdl/lib/libsdk.a(arm_abort.o)
                              /home/leon/git/swp-report/iMX6_Platform_SDK/output/mx6sdl/lib/libsdk.a(vectors.o) (data_abort_handler)
/home/leon/git/swp-report/iMX6_Platform_SDK/output/mx6sdl/lib/libsdk.a(interrupt.o)
                              /home/leon/git/swp-report/iMX6_Platform_SDK/output/mx6sdl/lib/libsdk.a(vectors.o) (IRQ_HDLR)
/home/leon/git/swp-report/iMX6_Platform_SDK/output/mx6sdl/lib/libsdk.a(epit.o)
                              /home/leon/git/swp-report/iMX6_Platform_SDK/output/mx6sdl/lib/libsdk.a(timer.o) (epit_get_compare_event)
/home/leon/git/swp-report/iMX6_Platform_SDK/output/mx6sdl/lib/libsdk.a(abort_handler.o)
                              /home/leon/git/swp-report/iMX6_Platform_SDK/output/mx6sdl/lib/libsdk.a(arm_abort.o) (dump_regs)
/home/leon/git/swp-report/iMX6_Platform_SDK/output/mx6sdl/lib/libboard_sabre_ai_rev_b.a(board_io_expanders.o)
                              /home/leon/git/swp-report/iMX6_Platform_SDK/output/mx6sdl/smp_primes/sabre_ai_rev_b/obj/apps/common/platform_init.o (board_ioexpander_init)
/home/leon/git/swp-report/iMX6_Platform_SDK/output/mx6sdl/lib/libboard_sabre_ai_rev_b.a(hardware_modules.o)
                              /home/leon/git/swp-report/iMX6_Platform_SDK/output/mx6sdl/smp_primes/sabre_ai_rev_b/obj/apps/common/platform_init.o (g_debug_uart_port)
[...]
Memory Configuration

Name             Origin             Length             Attributes
OCRAM            0x00900000         0x00020000         xrw
DDR              0x10000000         0x80000000         xrw
*default*        0x00000000         0xffffffff

Linker script and memory map

LOAD /home/leon/riotboard/arm-2012.09/bin/../lib/gcc/arm-none-eabi/4.7.2//crtbegin.o
LOAD /home/leon/riotboard/arm-2012.09/bin/../lib/gcc/arm-none-eabi/4.7.2//crti.o
LOAD /home/leon/riotboard/arm-2012.09/bin/../lib/gcc/arm-none-eabi/4.7.2//crtend.o
LOAD /home/leon/riotboard/arm-2012.09/bin/../lib/gcc/arm-none-eabi/4.7.2//crtn.o

.l1_page_table  0x00900000     0x4000
                0x00900000                __l1_page_table_start = .
                0x00904000                . = (. + 0x4000)
 *fill*         0x00900000     0x4000 

.heap.ocram     0x00904000    0x1bfb8
                0x00904000                __heap_ocram_start = .
                0x0091ffb8                . = (. + 0x1bfb8)
 *fill*         0x00904000    0x1bfb8 
                0x0091ffb8                __heap_ocram_end = .

.ram_vectors    0x0091ffb8       0x48
                0x0091ffb8                __ram_vectors_start = .
                0x00920000                . = (. + 0x48)
 *fill*         0x0091ffb8       0x48 
                0x00920000                __ram_vectors_end = .
                0x10000000                _start_image_add = ORIGIN (DDR)

.ivt            0x10000000      0x420
                0x10000400                . = (. + 0x400)
 *fill*         0x10000000      0x400 
 *(.ivt)
 .ivt           0x10000400       0x20 /home/leon/git/swp-report/iMX6_Platform_SDK/output/mx6sdl/smp_primes/sabre_ai_rev_b/obj/apps/common/ivt.o
                0x10000400                input_ivt

.boot_data      0x10000420        0xc
                0x10000420                __start_boot_data = .
 *(.boot_data)
 .boot_data     0x10000420        0xc /home/leon/git/swp-report/iMX6_Platform_SDK/output/mx6sdl/smp_primes/sabre_ai_rev_b/obj/apps/common/ivt.o
                0x10000420                bd

.dcd_hdr        0x10000430        0x4
                0x10000430                __start_dcd = .
 *(.dcd_hdr)
 .dcd_hdr       0x10000430        0x4 /home/leon/git/swp-report/iMX6_Platform_SDK/output/mx6sdl/lib/libboard_sabre_ai_rev_b.a(dcd.o)
                0x10000430                input_dcd_hdr

.dcd_wrt_cmd    0x10000434        0x4
 *(.dcd_wrt_cmd)
 .dcd_wrt_cmd   0x10000434        0x4 /home/leon/git/swp-report/iMX6_Platform_SDK/output/mx6sdl/lib/libboard_sabre_ai_rev_b.a(dcd.o)
                0x10000434                input_dcd_wrt_cmd

.dcd_data       0x10000438      0x298
 *(.dcd_data)
 .dcd_data      0x10000438      0x298 /home/leon/git/swp-report/iMX6_Platform_SDK/output/mx6sdl/lib/libboard_sabre_ai_rev_b.a(dcd.o)
                0x10000438                input_dcd

.text           0x100006d0    0x19ea0
 CREATE_OBJECT_SYMBOLS
 *(.startup)
 .startup       0x100006d0      0x138 /home/leon/git/swp-report/iMX6_Platform_SDK/output/mx6sdl/lib/libsdk.a(startup.o)
                0x100006d0                _start
 *(.text .text.* .gnu.linkonce.t.*)
 .text          0x10000808      0x128 /home/leon/riotboard/arm-2012.09/bin/../lib/gcc/arm-none-eabi/4.7.2//crtbegin.o
 .text          0x10000930        0x0 /home/leon/riotboard/arm-2012.09/bin/../lib/gcc/arm-none-eabi/4.7.2//crti.o
 .text          0x10000930        0x0 /home/leon/riotboard/arm-2012.09/bin/../lib/gcc/arm-none-eabi/4.7.2//crtend.o
 .text          0x10000930        0x0 /home/leon/riotboard/arm-2012.09/bin/../lib/gcc/arm-none-eabi/4.7.2//crtn.o
 .text          0x10000930        0x0 /home/leon/git/swp-report/iMX6_Platform_SDK/output/mx6sdl/smp_primes/sabre_ai_rev_b/obj/apps/common/ivt.o
 .text          0x10000930       0x98 /home/leon/git/swp-report/iMX6_Platform_SDK/output/mx6sdl/smp_primes/sabre_ai_rev_b/obj/apps/common/platform_init.o
                0x10000930                platform_init
 .text          0x100009c8      0x380 /home/leon/git/swp-report/iMX6_Platform_SDK/output/mx6sdl/smp_primes/sabre_ai_rev_b/obj/apps/smp_primes/src/main.o
                0x100009c8                configure_cpu
                0x10000a1c                smp_primes
                0x10000d2c                main
 .text          0x10000d48      0x55c /home/leon/git/swp-report/iMX6_Platform_SDK/output/mx6sdl/smp_primes/sabre_ai_rev_b/obj/apps/smp_primes/src/primes.o
                0x10000e7c                initPrimes
                0x10001178                calculatePrimes
 .text          0x100012a4      0x644 /home/leon/git/swp-report/iMX6_Platform_SDK/output/mx6sdl/lib/libsdk.a(armv7_cache.o)
                0x100012a4                arm_dcache_state_query
                0x100012e4                arm_dcache_enable
                0x1000132c                arm_dcache_disable
                0x10001364                arm_dcache_invalidate
                0x10001408                arm_dcache_invalidate_line
                0x10001474                arm_dcache_invalidate_mlines
                0x10001514                arm_dcache_flush
                0x100015b8                arm_dcache_flush_line
                0x10001624                arm_dcache_flush_mlines
                0x100016c4                arm_icache_state_query
                0x10001704                arm_icache_enable
                0x1000174c                arm_icache_disable
                0x10001784                arm_icache_invalidate
                0x100017b0                arm_icache_invalidate_is
                0x100017dc                arm_icache_invalidate_line
                0x10001848                arm_icache_invalidate_mlines
 .text          0x100018e8      0xc64 /home/leon/git/swp-report/iMX6_Platform_SDK/output/mx6sdl/lib/libsdk.a(ccm_pll.o)
                0x100018e8                ccm_init
                0x10001a0c                get_main_clock
                0x10001c9c                get_peri_clock
                0x10001e4c                ccm_ccgr_config
                0x10001eb4                clock_gating_config
                0x100022ec                ccm_set_lpm_wakeup_source
                0x100023e0                ccm_enter_low_power
                0x10002450                ipu_hsp_clk_config
                0x10002470                gpu_clock_config
 .text          0x1000254c      0x164 /home/leon/git/swp-report/iMX6_Platform_SDK/output/mx6sdl/lib/libsdk.a(cortexA9.o)
                0x1000254c                arm_set_interrupt_state
                0x10002570                cpu_get_current
                0x1000257c                enable_neon_fpu
                0x10002598                disable_strict_align_check
                0x100025ac                disable_L1_cache
                0x100025cc                get_arm_private_peripheral_base
                0x100025d4                arm_unified_tlb_invalidate
                0x100025e4                arm_unified_tlb_invalidate_is
                0x100025f4                arm_branch_prediction_enable
                0x10002604                arm_branch_prediction_disable
                0x10002614                arm_branch_target_cache_invalidate
                0x10002620                arm_branch_target_cache_invalidate_is
                0x1000262c                scu_enable
                0x10002640                scu_join_smp
                0x10002650                scu_leave_smp
                0x10002660                scu_get_cpus_in_smp
                0x10002674                scu_enable_maintenance_broadcast
                0x10002684                scu_disable_maintenance_broadcast
                0x10002694                scu_secure_invalidate
 .text          0x100026b0      0x5e0 /home/leon/git/swp-report/iMX6_Platform_SDK/output/mx6sdl/lib/libsdk.a(gic.o)
                0x10002794                gic_enable
                0x100027f4                gic_set_irq_security
                0x1000289c                gic_enable_irq
                0x10002918                gic_set_irq_priority
                0x10002960                gic_set_cpu_target
                0x10002a6c                gic_send_sgi
                0x10002ac0                gic_cpu_enable
                0x10002b20                gic_set_cpu_priority_mask
                0x10002b54                gic_read_irq_ack
                0x10002b80                gic_write_end_of_irq
                0x10002bb0                gic_init
                0x10002c54                gic_init_cpu
 .text          0x10002c90      0x460 /home/leon/git/swp-report/iMX6_Platform_SDK/output/mx6sdl/lib/libsdk.a(mmu.o)
                0x10002c90                mmu_enable
                0x10002cc8                mmu_disable
                0x10002cfc                mmu_init
                0x10002e18                mmu_map_l1_range
                0x10003030                mmu_virtual_to_physical
 .text          0x100030f0        0x0 /home/leon/git/swp-report/iMX6_Platform_SDK/output/mx6sdl/lib/libsdk.a(startup.o)
 .text          0x100030f0        0x4 /home/leon/git/swp-report/iMX6_Platform_SDK/output/mx6sdl/lib/libsdk.a(vectors.o)
                0x100030f0                exception_handler
 .text.vectors  0x100030f4       0x48 /home/leon/git/swp-report/iMX6_Platform_SDK/output/mx6sdl/lib/libsdk.a(vectors.o)
                0x100030f4                vectors
 .text          0x1000313c       0x60 /home/leon/git/swp-report/iMX6_Platform_SDK/output/mx6sdl/lib/libsdk.a(spinlock.o)
                0x1000313c                spinlock_init
                0x10003164                spinlock_is_locked
 .text          0x1000319c       0x60 /home/leon/git/swp-report/iMX6_Platform_SDK/output/mx6sdl/lib/libsdk.a(spinlock_lock_unlock.o)
                0x1000319c                spinlock_lock
                0x100031c8                spinlock_unlock
 .text          0x100031fc      0x914 /home/leon/git/swp-report/iMX6_Platform_SDK/output/mx6sdl/lib/libsdk.a(system_util.o)
                0x100031fc                _sys_exit
                0x10003218                mybkpt
                0x10003220                is_input_char
                0x100033a0                read_input_string
                0x10003688                get_input_hex
                0x10003908                read_int
                0x10003a6c                jump_to_sdp
 .text          0x10003b10       0xe0 /home/leon/git/swp-report/iMX6_Platform_SDK/output/mx6sdl/lib/libsdk.a(text_color.o)
                0x10003b10                printf_color
                0x10003bac                get_color_supported
 .text          0x10003bf0       0x78 /home/leon/git/swp-report/iMX6_Platform_SDK/output/mx6sdl/lib/libsdk.a(cpu_get_cores.o)
                0x10003bf0                cpu_get_cores
 .text          0x10003c68      0x1d8 /home/leon/git/swp-report/iMX6_Platform_SDK/output/mx6sdl/lib/libsdk.a(cpu_multicore.o)
                0x10003ccc                cpu_start_secondary
                0x10003dd0                cpu_disable
 .text          0x10003e40      0x290 /home/leon/git/swp-report/iMX6_Platform_SDK/output/mx6sdl/lib/libsdk.a(timer.o)
                0x10003e40                hal_delay_us
                0x10003eb0                system_time_init
                0x10004010                time_get_microseconds
 .text          0x100040d0     0x2820 /home/leon/git/swp-report/iMX6_Platform_SDK/output/mx6sdl/lib/libsdk.a(imx_uart.o)
                0x100040d0                uart_get_reffreq
                0x100041cc                uart_putchar
                0x1000431c                uart_getchar
                0x1000447c                uart_set_FIFO_mode
                0x10004fa8                uart_set_loopback_mode
                0x100051fc                uart_setup_interrupt
                0x100052c8                uart_init
 .text          0x100068f0       0x98 /home/leon/git/swp-report/iMX6_Platform_SDK/output/mx6sdl/lib/libsdk.a(arm_abort.o)
                0x100068f0                common_abort_handler
                0x10006950                data_abort_handler
                0x10006968                prefetch_abort_handler
 .text          0x10006988      0x1bc /home/leon/git/swp-report/iMX6_Platform_SDK/output/mx6sdl/lib/libsdk.a(interrupt.o)
                0x10006988                IRQ_HDLR
                0x10006a50                disable_interrupt
                0x10006a8c                enable_interrupt
                0x10006ae4                register_interrupt_routine
                0x10006b18                default_interrupt_routine
 .text          0x10006b44      0x8e0 /home/leon/git/swp-report/iMX6_Platform_SDK/output/mx6sdl/lib/libsdk.a(epit.o)
                0x10006b44                epit_reload_counter
                0x10006ba4                epit_get_counter_value
                0x10006c00                epit_set_compare_event
                0x10006c60                epit_get_compare_event
                0x10006d58                epit_counter_disable
                0x10006f1c                epit_counter_enable
                0x10007178                epit_setup_interrupt
                0x10007208                epit_init
 .text          0x10007424      0x4bc /home/leon/git/swp-report/iMX6_Platform_SDK/output/mx6sdl/lib/libsdk.a(abort_handler.o)
                0x10007424                dump_regs
 .text          0x100078e0      0x12c /home/leon/git/swp-report/iMX6_Platform_SDK/output/mx6sdl/lib/libboard_sabre_ai_rev_b.a(board_io_expanders.o)
                0x100078e0                board_ioexpander_init
                0x100079d8                board_ioexpander_iomux_config
 .text          0x10007a0c        0x0 /home/leon/git/swp-report/iMX6_Platform_SDK/output/mx6sdl/lib/libboard_sabre_ai_rev_b.a(hardware_modules.o)
 .text          0x10007a0c        0x0 /home/leon/git/swp-report/iMX6_Platform_SDK/output/mx6sdl/lib/libboard_sabre_ai_rev_b.a(dcd.o)
 .text          0x10007a0c       0x78 /home/leon/git/swp-report/iMX6_Platform_SDK/output/mx6sdl/lib/libboard_sabre_ai_rev_b.a(i2c3_iomux_config.o)
                0x10007a0c                i2c3_iomux_config
 .text          0x10007a84       0x90 /home/leon/git/swp-report/iMX6_Platform_SDK/output/mx6sdl/lib/libboard_sabre_ai_rev_b.a(uart_iomux_config.o)
                0x10007a84                uart_iomux_config
 .text          0x10007b14      0x2c4 /home/leon/git/swp-report/iMX6_Platform_SDK/output/mx6sdl/lib/libboard_sabre_ai_rev_b.a(iomux_config.o)
                0x10007b14                iomux_config
                0x10007b98                arm_iomux_config
                0x10007ba8                asrc_iomux_config
                0x10007bb8                dcic1_iomux_config
                0x10007bc8                dcic2_iomux_config
                0x10007bd8                ecspi2_iomux_config
                0x10007be8                ecspi3_iomux_config
                0x10007bf8                ecspi4_iomux_config
                0x10007c08                epdc_iomux_config
                0x10007c18                epit1_iomux_config
                0x10007c28                epit2_iomux_config
                0x10007c38                gpio3_iomux_config
                0x10007c48                gpio7_iomux_config
                0x10007c58                gpt_iomux_config
                0x10007c68                hdmi_iomux_config
                0x10007c78                i2c1_iomux_config
                0x10007c88                i2c4_iomux_config
                0x10007c98                kpp_iomux_config
                0x10007ca8                lcd_iomux_config
                0x10007cb8                ldb_iomux_config
                0x10007cc8                mipi_csi_iomux_config
                0x10007cd8                mipi_dsi_iomux_config
                0x10007ce8                mipi_hsi_iomux_config
                0x10007cf8                pcie_iomux_config
                0x10007d08                pmu_iomux_config
                0x10007d18                pwm1_iomux_config
                0x10007d28                pwm2_iomux_config
                0x10007d38                sdma_iomux_config
                0x10007d48                snvs_iomux_config
                0x10007d58                src_iomux_config
                0x10007d68                uart1_iomux_config
                0x10007d78                uart5_iomux_config
                0x10007d88                usb_iomux_config
                0x10007d98                usdhc2_iomux_config
                0x10007da8                usdhc4_iomux_config
                0x10007db8                wdog2_iomux_config
                0x10007dc8                xtalosc_iomux_config
 .text          0x10007dd8      0x5f8 /home/leon/git/swp-report/iMX6_Platform_SDK/output/mx6sdl/lib/libboard_sabre_ai_rev_b.a(ipu1_iomux_config.o)
                0x10007dd8                ipu1_iomux_config
 .text          0x100083d0       0xac /home/leon/git/swp-report/iMX6_Platform_SDK/output/mx6sdl/lib/libboard_sabre_ai_rev_b.a(mlb_iomux_config.o)
                0x100083d0                mlb_iomux_config
 .text          0x1000847c     0x2484 /home/leon/git/swp-report/iMX6_Platform_SDK/output/mx6sdl/lib/libboard_sabre_ai_rev_b.a(mmdc_iomux_config.o)
                0x1000847c                mmdc_iomux_config
 .text          0x1000a900       0x34 /home/leon/git/swp-report/iMX6_Platform_SDK/output/mx6sdl/lib/libboard_sabre_ai_rev_b.a(pwm3_iomux_config.o)
                0x1000a900                pwm3_iomux_config
 .text          0x1000a934       0x34 /home/leon/git/swp-report/iMX6_Platform_SDK/output/mx6sdl/lib/libboard_sabre_ai_rev_b.a(pwm4_iomux_config.o)
                0x1000a934                pwm4_iomux_config
 .text          0x1000a968       0x70 /home/leon/git/swp-report/iMX6_Platform_SDK/output/mx6sdl/lib/libboard_sabre_ai_rev_b.a(sjc_iomux_config.o)
                0x1000a968                sjc_iomux_config
 .text          0x1000a9d8       0x40 /home/leon/git/swp-report/iMX6_Platform_SDK/output/mx6sdl/lib/libboard_sabre_ai_rev_b.a(spdif_iomux_config.o)
                0x1000a9d8                spdif_iomux_config
 .text          0x1000aa18       0xe0 /home/leon/git/swp-report/iMX6_Platform_SDK/output/mx6sdl/lib/libboard_sabre_ai_rev_b.a(uart2_iomux_config.o)
                0x1000aa18                uart2_iomux_config
 .text          0x1000aaf8       0xe0 /home/leon/git/swp-report/iMX6_Platform_SDK/output/mx6sdl/lib/libboard_sabre_ai_rev_b.a(uart3_iomux_config.o)
                0x1000aaf8                uart3_iomux_config
 .text          0x1000abd8       0x78 /home/leon/git/swp-report/iMX6_Platform_SDK/output/mx6sdl/lib/libboard_sabre_ai_rev_b.a(uart4_iomux_config.o)
                0x1000abd8                uart4_iomux_config
 .text          0x1000ac50      0x1ac /home/leon/git/swp-report/iMX6_Platform_SDK/output/mx6sdl/lib/libboard_sabre_ai_rev_b.a(usdhc1_iomux_config.o)
                0x1000ac50                usdhc1_iomux_config
 .text          0x1000adfc      0x1d0 /home/leon/git/swp-report/iMX6_Platform_SDK/output/mx6sdl/lib/libboard_sabre_ai_rev_b.a(usdhc3_iomux_config.o)
                0x1000adfc                usdhc3_iomux_config
 .text          0x1000afcc       0x34 /home/leon/git/swp-report/iMX6_Platform_SDK/output/mx6sdl/lib/libboard_sabre_ai_rev_b.a(wdog1_iomux_config.o)
                0x1000afcc                wdog1_iomux_config
 .text          0x1000b000      0x13c /home/leon/git/swp-report/iMX6_Platform_SDK/output/mx6sdl/lib/libboard_sabre_ai_rev_b.a(audmux_iomux_config.o)
                0x1000b000                audmux_iomux_config
 .text          0x1000b13c       0x34 /home/leon/git/swp-report/iMX6_Platform_SDK/output/mx6sdl/lib/libboard_sabre_ai_rev_b.a(ccm_iomux_config.o)
                0x1000b13c                ccm_iomux_config
 .text          0x1000b170      0x104 /home/leon/git/swp-report/iMX6_Platform_SDK/output/mx6sdl/lib/libboard_sabre_ai_rev_b.a(ecspi1_iomux_config.o)
                0x1000b170                ecspi1_iomux_config
 .text          0x1000b274      0x5d0 /home/leon/git/swp-report/iMX6_Platform_SDK/output/mx6sdl/lib/libboard_sabre_ai_rev_b.a(eim_iomux_config.o)
                0x1000b274                eim_iomux_config
 .text          0x1000b844      0x3bc /home/leon/git/swp-report/iMX6_Platform_SDK/output/mx6sdl/lib/libboard_sabre_ai_rev_b.a(enet_iomux_config.o)
                0x1000b844                enet_iomux_config
 .text          0x1000bc00      0x218 /home/leon/git/swp-report/iMX6_Platform_SDK/output/mx6sdl/lib/libboard_sabre_ai_rev_b.a(esai_iomux_config.o)
                0x1000bc00                esai_iomux_config
 .text          0x1000be18       0x68 /home/leon/git/swp-report/iMX6_Platform_SDK/output/mx6sdl/lib/libboard_sabre_ai_rev_b.a(flexcan1_iomux_config.o)
                0x1000be18                flexcan1_iomux_config
 .text          0x1000be80       0x68 /home/leon/git/swp-report/iMX6_Platform_SDK/output/mx6sdl/lib/libboard_sabre_ai_rev_b.a(flexcan2_iomux_config.o)
                0x1000be80                flexcan2_iomux_config
 .text          0x1000bee8      0x130 /home/leon/git/swp-report/iMX6_Platform_SDK/output/mx6sdl/lib/libboard_sabre_ai_rev_b.a(gpio1_iomux_config.o)
                0x1000bee8                gpio1_iomux_config
 .text          0x1000c018       0xfc /home/leon/git/swp-report/iMX6_Platform_SDK/output/mx6sdl/lib/libboard_sabre_ai_rev_b.a(gpio2_iomux_config.o)
                0x1000c018                gpio2_iomux_config
 .text          0x1000c114       0x58 /home/leon/git/swp-report/iMX6_Platform_SDK/output/mx6sdl/lib/libboard_sabre_ai_rev_b.a(gpio4_iomux_config.o)
                0x1000c114                gpio4_iomux_config
 .text          0x1000c16c       0xe4 /home/leon/git/swp-report/iMX6_Platform_SDK/output/mx6sdl/lib/libboard_sabre_ai_rev_b.a(gpio5_iomux_config.o)
                0x1000c16c                gpio5_iomux_config
 .text          0x1000c250       0x54 /home/leon/git/swp-report/iMX6_Platform_SDK/output/mx6sdl/lib/libboard_sabre_ai_rev_b.a(gpio6_iomux_config.o)
                0x1000c250                gpio6_iomux_config
 .text          0x1000c2a4      0x274 /home/leon/git/swp-report/iMX6_Platform_SDK/output/mx6sdl/lib/libboard_sabre_ai_rev_b.a(gpmi_iomux_config.o)
                0x1000c2a4                gpmi_iomux_config
 .text          0x1000c518       0x78 /home/leon/git/swp-report/iMX6_Platform_SDK/output/mx6sdl/lib/libboard_sabre_ai_rev_b.a(i2c2_iomux_config.o)
                0x1000c518                i2c2_iomux_config
 .text          0x1000c590       0x68 /home/leon/riotboard/arm-2012.09/bin/../arm-none-eabi/lib//libc.a(lib_a-assert.o)
                0x1000c590                __assert_func
                0x1000c5e8                __assert
 .text          0x1000c5f8       0x20 /home/leon/riotboard/arm-2012.09/bin/../arm-none-eabi/lib//libc.a(lib_a-bzero.o)
                0x1000c5f8                bzero
 .text          0x1000c618       0x70 /home/leon/riotboard/arm-2012.09/bin/../arm-none-eabi/lib//libc.a(lib_a-fiprintf.o)
                0x1000c618                _fiprintf_r
                0x1000c648                fiprintf
 .text          0x1000c688       0x94 /home/leon/riotboard/arm-2012.09/bin/../arm-none-eabi/lib//libc.a(lib_a-fputc.o)
                0x1000c688                _fputc_r
                0x1000c6cc                fputc
 .text          0x1000c71c        0x0 /home/leon/riotboard/arm-2012.09/bin/../arm-none-eabi/lib//libc.a(lib_a-impure.o)
 .text          0x1000c71c       0x88 /home/leon/riotboard/arm-2012.09/bin/../arm-none-eabi/lib//libc.a(lib_a-init.o)
                0x1000c71c                __libc_init_array
 .text          0x1000c7a4       0x40 /home/leon/riotboard/arm-2012.09/bin/../arm-none-eabi/lib//libc.a(lib_a-malloc.o)
                0x1000c7a4                malloc
                0x1000c7c4                free
 .text          0x1000c7e4      0x71c /home/leon/riotboard/arm-2012.09/bin/../arm-none-eabi/lib//libc.a(lib_a-mallocr.o)
                0x1000c7e4                _malloc_r
 .text          0x1000cf00        0x8 /home/leon/riotboard/arm-2012.09/bin/../arm-none-eabi/lib//libc.a(lib_a-mlock.o)
                0x1000cf00                __malloc_lock
                0x1000cf04                __malloc_unlock
 .text          0x1000cf08       0x74 /home/leon/riotboard/arm-2012.09/bin/../arm-none-eabi/lib//libc.a(lib_a-printf.o)
                0x1000cf08                _printf_r
                0x1000cf3c                printf
 .text          0x1000cf7c      0x170 /home/leon/riotboard/arm-2012.09/bin/../arm-none-eabi/lib//libc.a(lib_a-putc.o)
                0x1000cf7c                _putc_r
                0x1000d02c                putc
 .text          0x1000d0ec       0x28 /home/leon/riotboard/arm-2012.09/bin/../arm-none-eabi/lib//libc.a(lib_a-realloc.o)
                0x1000d0ec                realloc
 .text          0x1000d114      0x574 /home/leon/riotboard/arm-2012.09/bin/../arm-none-eabi/lib//libc.a(lib_a-reallocr.o)
                0x1000d114                _realloc_r
 .text          0x1000d688       0x6c /home/leon/riotboard/arm-2012.09/bin/../arm-none-eabi/lib//libc.a(lib_a-rget.o)
                0x1000d688                __srget_r
                0x1000d6e0                __srget
 .text          0x1000d6f4       0x40 /home/leon/riotboard/arm-2012.09/bin/../arm-none-eabi/lib//libc.a(lib_a-sbrkr.o)
                0x1000d6f4                _sbrk_r
 .text          0x1000d734     0x12c4 /home/leon/riotboard/arm-2012.09/bin/../arm-none-eabi/lib//libc.a(lib_a-vfiprintf.o)
                0x1000d734                __sprint_r
                0x1000d7f0                _vfiprintf_r
                0x1000e9cc                vfiprintf
 .text          0x1000e9f8     0x2180 /home/leon/riotboard/arm-2012.09/bin/../arm-none-eabi/lib//libc.a(lib_a-vfprintf.o)
                0x1000e9f8                _vfprintf_r
                0x10010b4c                vfprintf
 .text          0x10010b78       0x4c /home/leon/riotboard/arm-2012.09/bin/../arm-none-eabi/lib//libc.a(lib_a-vprintf.o)
                0x10010b78                vprintf
                0x10010ba4                _vprintf_r
 .text          0x10010bc4      0x14c /home/leon/riotboard/arm-2012.09/bin/../arm-none-eabi/lib//libc.a(lib_a-wbuf.o)
                0x10010bc4                __swbuf_r
                0x10010cf4                __swbuf
 .text          0x10010d10      0x138 /home/leon/riotboard/arm-2012.09/bin/../arm-none-eabi/lib//libc.a(lib_a-wsetup.o)
                0x10010d10                __swsetup_r
 .text          0x10010e48       0x14 /home/leon/riotboard/arm-2012.09/bin/../arm-none-eabi/lib//libc.a(lib_a-abort.o)
                0x10010e48                abort
 *fill*         0x10010e5c        0x4 
 .text          0x10010e60     0x18a8 /home/leon/riotboard/arm-2012.09/bin/../arm-none-eabi/lib//libc.a(lib_a-dtoa.o)
                0x10011040                _dtoa_r
 .text          0x10012708      0x26c /home/leon/riotboard/arm-2012.09/bin/../arm-none-eabi/lib//libc.a(lib_a-fflush.o)
                0x10012708                _fflush_r
                0x10012934                fflush
 .text          0x10012974      0x2c4 /home/leon/riotboard/arm-2012.09/bin/../arm-none-eabi/lib//libc.a(lib_a-findfp.o)
                0x10012984                _cleanup_r
                0x10012a18                __sfmoreglue
                0x10012a60                _cleanup
                0x10012a70                __sinit
                0x10012ae8                __sfp
                0x10012be0                __sfp_lock_acquire
                0x10012be4                __sfp_lock_release
                0x10012be8                __sinit_lock_acquire
                0x10012bec                __sinit_lock_release
                0x10012bf0                __fp_lock_all
                0x10012c14                __fp_unlock_all
 .text          0x10012c38      0x19c /home/leon/riotboard/arm-2012.09/bin/../arm-none-eabi/lib//libc.a(lib_a-fputwc.o)
                0x10012c38                _fputwc_r
                0x10012d88                fputwc
 .text          0x10012dd4      0x368 /home/leon/riotboard/arm-2012.09/bin/../arm-none-eabi/lib//libc.a(lib_a-freer.o)
                0x10012dd4                _malloc_trim_r
                0x10012ed0                _free_r
 .text          0x1001313c      0x4c4 /home/leon/riotboard/arm-2012.09/bin/../arm-none-eabi/lib//libc.a(lib_a-fvwrite.o)
                0x1001313c                __sfvwrite_r
 .text          0x10013600      0x114 /home/leon/riotboard/arm-2012.09/bin/../arm-none-eabi/lib//libc.a(lib_a-fwalk.o)
                0x10013600                _fwalk
                0x10013688                _fwalk_reent
 .text          0x10013714       0xd0 /home/leon/riotboard/arm-2012.09/bin/../arm-none-eabi/lib//libc.a(lib_a-locale.o)
                0x10013714                _setlocale_r
                0x10013780                __locale_charset
                0x1001378c                __locale_mb_cur_max
                0x1001379c                __locale_msgcharset
                0x100137a8                __locale_cjk_lang
                0x100137b0                _localeconv_r
                0x100137bc                setlocale
                0x100137d8                localeconv
 .text          0x100137e4      0x15c /home/leon/riotboard/arm-2012.09/bin/../arm-none-eabi/lib//libc.a(lib_a-makebuf.o)
                0x100137e4                __smakebuf_r
 .text          0x10013940      0x11c /home/leon/riotboard/arm-2012.09/bin/../arm-none-eabi/lib//libc.a(lib_a-memchr.o)
                0x10013940                memchr
 .text          0x10013a5c      0x20c /home/leon/riotboard/arm-2012.09/bin/../arm-none-eabi/lib//libc.a(lib_a-memcpy.o)
                0x10013a5c                memcpy
 .text          0x10013c68      0x134 /home/leon/riotboard/arm-2012.09/bin/../arm-none-eabi/lib//libc.a(lib_a-memmove.o)
                0x10013c68                memmove
 .text          0x10013d9c      0x134 /home/leon/riotboard/arm-2012.09/bin/../arm-none-eabi/lib//libc.a(lib_a-memset.o)
                0x10013d9c                memset
 .text          0x10013ed0      0xd20 /home/leon/riotboard/arm-2012.09/bin/../arm-none-eabi/lib//libc.a(lib_a-mprec.o)
                0x10013ed0                _Balloc
                0x10013f5c                _Bfree
                0x10013f78                __multadd
                0x10014054                __s2b
                0x10014144                __hi0bits
                0x10014194                __lo0bits
                0x10014228                __i2b
                0x1001424c                __multiply
                0x10014430                __pow5mult
                0x10014524                __lshift
                0x10014628                __mcmp
                0x1001468c                __mdiff
                0x100147d8                __ulp
                0x1001483c                __b2d
                0x10014908                __d2b
                0x10014a10                __ratio
                0x10014aa0                _mprec_log10
                0x10014af4                __copybits
                0x10014b68                __any_on
 .text          0x10014bf0      0x19c /home/leon/riotboard/arm-2012.09/bin/../arm-none-eabi/lib//libc.a(lib_a-reent.o)
                0x10014bf0                cleanup_glue
                0x10014c1c                _reclaim_reent
                0x10014d18                _wrapup_reent
 .text          0x10014d8c      0x1cc /home/leon/riotboard/arm-2012.09/bin/../arm-none-eabi/lib//libc.a(lib_a-refill.o)
                0x10014db4                __srefill_r
 .text          0x10014f58       0x6c /home/leon/riotboard/arm-2012.09/bin/../arm-none-eabi/lib//libc.a(lib_a-s_fpclassify.o)
                0x10014f58                __fpclassifyd
 .text          0x10014fc4      0x24c /home/leon/riotboard/arm-2012.09/bin/../arm-none-eabi/lib//libc.a(lib_a-signal.o)
                0x10014fc4                _init_signal_r
                0x10015024                _signal_r
                0x10015090                _raise_r
                0x10015128                __sigtramp_r
                0x100151bc                raise
                0x100151d0                signal
                0x100151ec                _init_signal
                0x100151fc                __sigtramp
 .text          0x10015210       0x50 /home/leon/riotboard/arm-2012.09/bin/../arm-none-eabi/lib//libc.a(lib_a-signalr.o)
                0x10015210                _kill_r
                0x10015250                _getpid_r
 .text          0x10015260       0xdc /home/leon/riotboard/arm-2012.09/bin/../arm-none-eabi/lib//libc.a(lib_a-stdio.o)
                0x10015260                __sread
                0x10015294                __seofread
                0x1001529c                __swrite
                0x100152f4                __sseek
                0x10015328                __sclose
 .text          0x1001533c      0x230 /home/leon/riotboard/arm-2012.09/bin/../arm-none-eabi/lib//libc.a(lib_a-strcmp.o)
                0x1001533c                strcmp
 .text          0x1001556c       0x60 /home/leon/riotboard/arm-2012.09/bin/../arm-none-eabi/lib//libc.a(lib_a-strlen.o)
                0x1001556c                strlen
 .text          0x100155cc      0x134 /home/leon/riotboard/arm-2012.09/bin/../arm-none-eabi/lib//libc.a(lib_a-wcrtomb.o)
                0x100155cc                _wcrtomb_r
                0x1001565c                wcrtomb
 .text          0x10015700       0x7c /home/leon/riotboard/arm-2012.09/bin/../arm-none-eabi/lib//libc.a(lib_a-wctomb_r.o)
                0x10015700                __ascii_wctomb
                0x1001572c                _wctomb_r
 .text          0x1001577c       0x44 /home/leon/riotboard/arm-2012.09/bin/../arm-none-eabi/lib//libc.a(lib_a-writer.o)
                0x1001577c                _write_r
 .text          0x100157c0       0x94 /home/leon/riotboard/arm-2012.09/bin/../arm-none-eabi/lib//libc.a(lib_a-callocr.o)
                0x100157c0                _calloc_r
 .text          0x10015854       0x3c /home/leon/riotboard/arm-2012.09/bin/../arm-none-eabi/lib//libc.a(lib_a-closer.o)
                0x10015854                _close_r
 .text          0x10015890      0x10c /home/leon/riotboard/arm-2012.09/bin/../arm-none-eabi/lib//libc.a(lib_a-fclose.o)
                0x10015890                _fclose_r
                0x10015988                fclose
 .text          0x1001599c       0x40 /home/leon/riotboard/arm-2012.09/bin/../arm-none-eabi/lib//libc.a(lib_a-fstatr.o)
                0x1001599c                _fstat_r
 .text          0x100159dc       0x3c /home/leon/riotboard/arm-2012.09/bin/../arm-none-eabi/lib//libc.a(lib_a-isattyr.o)
                0x100159dc                _isatty_r
 .text          0x10015a18       0x44 /home/leon/riotboard/arm-2012.09/bin/../arm-none-eabi/lib//libc.a(lib_a-lseekr.o)
                0x10015a18                _lseek_r
 .text          0x10015a5c       0x44 /home/leon/riotboard/arm-2012.09/bin/../arm-none-eabi/lib//libc.a(lib_a-readr.o)
                0x10015a5c                _read_r
 .text          0x10015aa0      0x114 /home/leon/riotboard/arm-2012.09/bin/../lib/gcc/arm-none-eabi/4.7.2//libgcc.a(_udivsi3.o)
                0x10015aa0                __udivsi3
                0x10015aa0                __aeabi_uidiv
                0x10015b94                __aeabi_uidivmod
 .text          0x10015bb4      0x148 /home/leon/riotboard/arm-2012.09/bin/../lib/gcc/arm-none-eabi/4.7.2//libgcc.a(_divsi3.o)
                0x10015bb4                __aeabi_idiv
                0x10015bb4                __divsi3
                0x10015cdc                __aeabi_idivmod
 .text          0x10015cfc        0x4 /home/leon/riotboard/arm-2012.09/bin/../lib/gcc/arm-none-eabi/4.7.2//libgcc.a(_dvmd_tls.o)
                0x10015cfc                __aeabi_ldiv0
                0x10015cfc                __aeabi_idiv0
 .text          0x10015d00      0x41c /home/leon/riotboard/arm-2012.09/bin/../lib/gcc/arm-none-eabi/4.7.2//libgcc.a(_arm_addsubdf3.o)
                0x10015d00                __aeabi_drsub
                0x10015d08                __aeabi_dsub
                0x10015d08                __subdf3
                0x10015d0c                __adddf3
                0x10015d0c                __aeabi_dadd
                0x1001601c                __aeabi_ui2d
                0x1001601c                __floatunsidf
                0x10016040                __floatsidf
                0x10016040                __aeabi_i2d
                0x10016068                __extendsfdf2
                0x10016068                __aeabi_f2d
                0x100160a8                __aeabi_ul2d
                0x100160a8                __floatundidf
                0x100160bc                __floatdidf
                0x100160bc                __aeabi_l2d
 .text          0x1001611c      0x49c /home/leon/riotboard/arm-2012.09/bin/../lib/gcc/arm-none-eabi/4.7.2//libgcc.a(_arm_muldivdf3.o)
                0x1001611c                __aeabi_dmul
                0x1001611c                __muldf3
                0x100163ac                __aeabi_ddiv
                0x100163ac                __divdf3
 .text          0x100165b8      0x144 /home/leon/riotboard/arm-2012.09/bin/../lib/gcc/arm-none-eabi/4.7.2//libgcc.a(_arm_cmpdf2.o)
                0x100165b8                __gtdf2
                0x100165b8                __gedf2
                0x100165c0                __ltdf2
                0x100165c0                __ledf2
                0x100165c8                __cmpdf2
                0x100165c8                __eqdf2
                0x100165c8                __nedf2
                0x10016650                __aeabi_cdrcmple
                0x1001666c                __aeabi_cdcmple
                0x1001666c                __aeabi_cdcmpeq
                0x10016684                __aeabi_dcmpeq
                0x1001669c                __aeabi_dcmplt
                0x100166b4                __aeabi_dcmple
                0x100166cc                __aeabi_dcmpge
                0x100166e4                __aeabi_dcmpgt
 .text          0x100166fc       0x5c /home/leon/riotboard/arm-2012.09/bin/../lib/gcc/arm-none-eabi/4.7.2//libgcc.a(_arm_fixdfsi.o)
                0x100166fc                __fixdfsi
                0x100166fc                __aeabi_d2iz
 .text          0x10016758       0x3c /home/leon/riotboard/arm-2012.09/bin/../lib/gcc/arm-none-eabi/4.7.2//libgcc.a(_aeabi_uldivmod.o)
                0x10016758                __aeabi_uldivmod
 .text          0x10016794       0x84 /home/leon/riotboard/arm-2012.09/bin/../lib/gcc/arm-none-eabi/4.7.2//libgcc.a(bpabi.o)
                0x10016794                __gnu_ldivmod_helper
                0x100167d8                __gnu_uldivmod_helper
 .text          0x10016818      0x4f0 /home/leon/riotboard/arm-2012.09/bin/../lib/gcc/arm-none-eabi/4.7.2//libgcc.a(_divdi3.o)
                0x10016818                __divdi3
 .text          0x10016d08      0x488 /home/leon/riotboard/arm-2012.09/bin/../lib/gcc/arm-none-eabi/4.7.2//libgcc.a(_udivdi3.o)
                0x10016d08                __udivdi3
 .text          0x10017190       0x48 /home/leon/riotboard/arm-2012.09/bin/../lib/gcc/arm-none-eabi/4.7.2//libgcc.a(_clzsi2.o)
                0x10017190                __clzsi2
 .text          0x100171d8      0x264 /home/leon/git/swp-report/iMX6_Platform_SDK/output/mx6sdl/lib/libsdk.a(max7310.o)
                0x100171d8                max7310_reg_read
                0x1001723c                max7310_reg_write
                0x100172a8                max7310_init
                0x10017388                max7310_set_gpio_output
 .text          0x1001743c      0x610 /home/leon/git/swp-report/iMX6_Platform_SDK/output/mx6sdl/lib/libsdk.a(runtime_support.o)
                0x1001743c                _execve
                0x10017478                _fork
                0x100174a0                _isatty
                0x100174c4                _open
                0x100174f0                _close
                0x10017514                _lseek
                0x10017540                _fstat
                0x10017574                _read
                0x10017644                _write
                0x10017730                _raw_puts
                0x100177b0                _sbrk
                0x10017860                _exit
                0x10017880                _kill
                0x100178b8                _getpid
                0x100178d0                _link
                0x10017908                _unlink
                0x1001793c                _stat
                0x10017970                _times
                0x10017994                _gettimeofday
                0x10017a18                _wait
 .text          0x10017a4c     0x1308 /home/leon/git/swp-report/iMX6_Platform_SDK/output/mx6sdl/lib/libsdk.a(gpio.o)
                0x10017a7c                gpio_get_port_count
                0x10017a94                gpio_set_gpio
                0x10017b58                gpio_set_direction
                0x10017db4                gpio_get_direction
                0x10017efc                gpio_set_level
                0x1001823c                gpio_get_level
                0x1001839c                gpio_set_interrupt_config
                0x100187a0                gpio_set_interrupt_mask
                0x100189e4                gpio_get_interrupt_status
                0x10018b40                gpio_clear_interrupt
 .text          0x10018d54        0x0 /home/leon/git/swp-report/iMX6_Platform_SDK/output/mx6sdl/lib/libsdk.a(imx6sdl_gpio_map.o)
 .text          0x10018d54     0x1798 /home/leon/git/swp-report/iMX6_Platform_SDK/output/mx6sdl/lib/libsdk.a(imx_i2c.o)
                0x10018d84                i2c_get_request_instance
                0x100197fc                i2c_xfer
                0x10019f18                i2c_read
                0x10019f48                i2c_write
                0x10019f78                i2c_setup_interrupt
                0x1001a1e4                i2c_init
 .text          0x1001a4ec       0x84 /home/leon/git/swp-report/iMX6_Platform_SDK/output/mx6sdl/lib/libboard_sabre_ai_rev_b.a(i2c_iomux_config.o)
                0x1001a4ec                i2c_iomux_config
 *(.glue_7t)
 .glue_7t       0x00000000        0x0 linker stubs
 *(.glue_7)
 .glue_7        0x00000000        0x0 linker stubs
 *(.vfp11_veneer)
 .vfp11_veneer  0x00000000        0x0 linker stubs
 *(.ARM.extab* .gnu.linkonce.armextab.*)
 .ARM.extab.startup
                0x1001a570        0x0 /home/leon/git/swp-report/iMX6_Platform_SDK/output/mx6sdl/lib/libsdk.a(startup.o)
 .ARM.extab     0x1001a570        0x0 /home/leon/riotboard/arm-2012.09/bin/../lib/gcc/arm-none-eabi/4.7.2//libgcc.a(_divdi3.o)
 .ARM.extab     0x1001a570        0x0 /home/leon/riotboard/arm-2012.09/bin/../lib/gcc/arm-none-eabi/4.7.2//libgcc.a(_udivdi3.o)
 *(.gcc_except_table)

.v4_bx          0x1001a570        0x0
 .v4_bx         0x00000000        0x0 linker stubs

.iplt           0x1001a570        0x0
 .iplt          0x00000000        0x0 /home/leon/riotboard/arm-2012.09/bin/../lib/gcc/arm-none-eabi/4.7.2//crtbegin.o

.ctors
 *crtbegin.o(.ctors)
 *crtbegin?.o(.ctors)
 *(EXCLUDE_FILE(*crtend?.o *crtend.o) .ctors)
 *(SORT(.ctors.*))
 *(.ctors)

.dtors
 *crtbegin.o(.dtors)
 *crtbegin?.o(.dtors)
 *(EXCLUDE_FILE(*crtend?.o *crtend.o) .dtors)
 *(SORT(.dtors.*))
 *(.dtors)

.rodata         0x1001a570     0x108c
 *(.rodata .rodata.* .gnu.linkonce.r.*)
 .rodata        0x1001a570       0xac /home/leon/git/swp-report/iMX6_Platform_SDK/output/mx6sdl/smp_primes/sabre_ai_rev_b/obj/apps/smp_primes/src/main.o
 .rodata        0x1001a61c       0x20 /home/leon/git/swp-report/iMX6_Platform_SDK/output/mx6sdl/smp_primes/sabre_ai_rev_b/obj/apps/smp_primes/src/primes.o
 .rodata        0x1001a63c       0x34 /home/leon/git/swp-report/iMX6_Platform_SDK/output/mx6sdl/lib/libsdk.a(ccm_pll.o)
                0x1001a63c                PLL1_OUTPUT
                0x1001a640                PLL2_OUTPUT
                0x1001a654                PLL3_OUTPUT
                0x1001a668                PLL4_OUTPUT
                0x1001a66c                PLL5_OUTPUT
 .rodata        0x1001a670       0x64 /home/leon/git/swp-report/iMX6_Platform_SDK/output/mx6sdl/lib/libsdk.a(gic.o)
 .rodata        0x1001a6d4       0xcc /home/leon/git/swp-report/iMX6_Platform_SDK/output/mx6sdl/lib/libsdk.a(system_util.o)
 .rodata        0x1001a7a0       0xf4 /home/leon/git/swp-report/iMX6_Platform_SDK/output/mx6sdl/lib/libsdk.a(text_color.o)
                0x1001a7a8                g_TextAttributeDefault
                0x1001a7b4                g_TextAttributeBold
                0x1001a7c0                g_TextAttributeDim
                0x1001a7cc                g_TextAttributeUnderline
                0x1001a7d8                g_TextAttributeBlink
                0x1001a7e4                g_TextAttributeReverse
                0x1001a7f0                g_TextAttributeHidden
                0x1001a7fc                g_TextColorBlack
                0x1001a808                g_TextColorRed
                0x1001a814                g_TextColorGreen
                0x1001a820                g_TextColorYellow
                0x1001a82c                g_TextColorBlue
                0x1001a838                g_TextColorMagenta
                0x1001a844                g_TextColorCyan
                0x1001a850                g_TextColorWhite
                0x1001a860                g_TextColorOrange
                0x1001a870                g_TextColorLightBlue
                0x1001a880                g_TextColorGray
                0x1001a890                g_TextColorPurple
 .rodata        0x1001a894       0x88 /home/leon/git/swp-report/iMX6_Platform_SDK/output/mx6sdl/lib/libsdk.a(cpu_multicore.o)
 .rodata        0x1001a91c       0x20 /home/leon/git/swp-report/iMX6_Platform_SDK/output/mx6sdl/lib/libsdk.a(interrupt.o)
 .rodata        0x1001a93c      0x230 /home/leon/git/swp-report/iMX6_Platform_SDK/output/mx6sdl/lib/libsdk.a(abort_handler.o)
 .rodata        0x1001ab6c       0x80 /home/leon/git/swp-report/iMX6_Platform_SDK/output/mx6sdl/lib/libboard_sabre_ai_rev_b.a(uart_iomux_config.o)
 .rodata.str1.4
                0x1001abec       0x3f /home/leon/riotboard/arm-2012.09/bin/../arm-none-eabi/lib//libc.a(lib_a-assert.o)
                                 0x44 (size before relaxing)
 *fill*         0x1001ac2b        0x1 
 .rodata        0x1001ac2c        0x4 /home/leon/riotboard/arm-2012.09/bin/../arm-none-eabi/lib//libc.a(lib_a-impure.o)
                0x1001ac2c                _global_impure_ptr
 .rodata.str1.4
                0x1001ac30        0x2 /home/leon/riotboard/arm-2012.09/bin/../arm-none-eabi/lib//libc.a(lib_a-impure.o)
                                  0x4 (size before relaxing)
 *fill*         0x1001ac32        0x2 
 .rodata        0x1001ac34       0x20 /home/leon/riotboard/arm-2012.09/bin/../arm-none-eabi/lib//libc.a(lib_a-vfiprintf.o)
 .rodata.str1.4
                0x1001ac54       0x2f /home/leon/riotboard/arm-2012.09/bin/../arm-none-eabi/lib//libc.a(lib_a-vfiprintf.o)
                                 0x30 (size before relaxing)
 *fill*         0x1001ac83        0x1 
 .rodata        0x1001ac84       0x20 /home/leon/riotboard/arm-2012.09/bin/../arm-none-eabi/lib//libc.a(lib_a-vfprintf.o)
 .rodata.str1.4
                0x1001aca4       0x12 /home/leon/riotboard/arm-2012.09/bin/../arm-none-eabi/lib//libc.a(lib_a-vfprintf.o)
                                 0x44 (size before relaxing)
 *fill*         0x1001acb6        0x2 
 .rodata.str1.4
                0x1001acb8       0x10 /home/leon/riotboard/arm-2012.09/bin/../arm-none-eabi/lib//libc.a(lib_a-dtoa.o)
                                 0x14 (size before relaxing)
 .rodata.str1.4
                0x1001acc8        0xc /home/leon/riotboard/arm-2012.09/bin/../arm-none-eabi/lib//libc.a(lib_a-locale.o)
                                 0x14 (size before relaxing)
 *fill*         0x1001acd4        0x4 
 .rodata        0x1001acd8      0x128 /home/leon/riotboard/arm-2012.09/bin/../arm-none-eabi/lib//libc.a(lib_a-mprec.o)
                0x1001ace8                __mprec_tens
                0x1001adb0                __mprec_tinytens
                0x1001add8                __mprec_bigtens
 .rodata        0x1001ae00       0x20 /home/leon/git/swp-report/iMX6_Platform_SDK/output/mx6sdl/lib/libsdk.a(runtime_support.o)
 .rodata        0x1001ae20       0xe0 /home/leon/git/swp-report/iMX6_Platform_SDK/output/mx6sdl/lib/libsdk.a(gpio.o)
 .rodata        0x1001af00      0x380 /home/leon/git/swp-report/iMX6_Platform_SDK/output/mx6sdl/lib/libsdk.a(imx6sdl_gpio_map.o)
                0x1001af00                k_gpio_mux_registers
 .rodata        0x1001b280      0x2c4 /home/leon/git/swp-report/iMX6_Platform_SDK/output/mx6sdl/lib/libsdk.a(imx_i2c.o)
 .rodata        0x1001b544       0x80 /home/leon/git/swp-report/iMX6_Platform_SDK/output/mx6sdl/lib/libboard_sabre_ai_rev_b.a(i2c_iomux_config.o)
                0x1001b5c4                . = ALIGN (0x4)
 *(.init)
 .init          0x1001b5c4        0xc /home/leon/riotboard/arm-2012.09/bin/../lib/gcc/arm-none-eabi/4.7.2//crti.o
                0x1001b5c4                _init
 .init          0x1001b5d0        0xc /home/leon/riotboard/arm-2012.09/bin/../lib/gcc/arm-none-eabi/4.7.2//crtn.o
                0x1001b5dc                . = ALIGN (0x4)
                0x1001b5dc                __init_array_start = .
 *(SORT(.init_array.*))
 *(.init_array)
 .init_array    0x1001b5dc        0x4 /home/leon/riotboard/arm-2012.09/bin/../lib/gcc/arm-none-eabi/4.7.2//crtbegin.o
                0x1001b5e0                __init_array_end = .
                0x1001b5e0                . = ALIGN (0x4)
 *(.fini)
 .fini          0x1001b5e0        0xc /home/leon/riotboard/arm-2012.09/bin/../lib/gcc/arm-none-eabi/4.7.2//crti.o
                0x1001b5e0                _fini
 .fini          0x1001b5ec        0xc /home/leon/riotboard/arm-2012.09/bin/../lib/gcc/arm-none-eabi/4.7.2//crtn.o
                0x1001b5f8                . = ALIGN (0x4)
                0x1001b5f8                __fini_array_start = .
 *(.fini_array)
 .fini_array    0x1001b5f8        0x4 /home/leon/riotboard/arm-2012.09/bin/../lib/gcc/arm-none-eabi/4.7.2//crtbegin.o
 *(SORT(.fini_array.*))
                0x1001b5fc                __fini_array_end = .
                0x1001b5fc                PROVIDE (__exidx_start, .)

.eh_frame       0x1001b5fc        0x4
 .eh_frame      0x1001b5fc        0x0 /home/leon/riotboard/arm-2012.09/bin/../lib/gcc/arm-none-eabi/4.7.2//crtbegin.o
 .eh_frame      0x1001b5fc        0x4 /home/leon/riotboard/arm-2012.09/bin/../lib/gcc/arm-none-eabi/4.7.2//crtend.o

.ARM.exidx      0x1001b600        0x8
 *(.ARM.exidx* .gnu.linkonce.armexidx.*)
 .ARM.exidx.startup
                0x1001b600        0x8 /home/leon/git/swp-report/iMX6_Platform_SDK/output/mx6sdl/lib/libsdk.a(startup.o)
 .ARM.exidx     0x1001b608        0x0 /home/leon/riotboard/arm-2012.09/bin/../lib/gcc/arm-none-eabi/4.7.2//libgcc.a(_divdi3.o)
                                  0x8 (size before relaxing)
 .ARM.exidx     0x1001b608        0x0 /home/leon/riotboard/arm-2012.09/bin/../lib/gcc/arm-none-eabi/4.7.2//libgcc.a(_udivdi3.o)
                                  0x8 (size before relaxing)
                0x1001b608                PROVIDE (__exidx_end, .)

.rel.dyn        0x1001b608        0x0
 .rel.iplt      0x00000000        0x0 /home/leon/riotboard/arm-2012.09/bin/../lib/gcc/arm-none-eabi/4.7.2//crtbegin.o

.data           0x1001b608      0x8dc
 *(.data .data.* .gnu.linkonce.d.*)
 .data          0x1001b608        0x4 /home/leon/riotboard/arm-2012.09/bin/../lib/gcc/arm-none-eabi/4.7.2//crtbegin.o
                0x1001b608                __dso_handle
 .data          0x1001b60c        0x0 /home/leon/riotboard/arm-2012.09/bin/../lib/gcc/arm-none-eabi/4.7.2//crti.o
 .data          0x1001b60c        0x0 /home/leon/riotboard/arm-2012.09/bin/../lib/gcc/arm-none-eabi/4.7.2//crtend.o
 .data          0x1001b60c        0x0 /home/leon/riotboard/arm-2012.09/bin/../lib/gcc/arm-none-eabi/4.7.2//crtn.o
 .data          0x1001b60c        0x0 /home/leon/git/swp-report/iMX6_Platform_SDK/output/mx6sdl/smp_primes/sabre_ai_rev_b/obj/apps/common/ivt.o
 .data          0x1001b60c        0x0 /home/leon/git/swp-report/iMX6_Platform_SDK/output/mx6sdl/smp_primes/sabre_ai_rev_b/obj/apps/common/platform_init.o
 .data          0x1001b60c        0x4 /home/leon/git/swp-report/iMX6_Platform_SDK/output/mx6sdl/smp_primes/sabre_ai_rev_b/obj/apps/smp_primes/src/main.o
 .data          0x1001b610        0x0 /home/leon/git/swp-report/iMX6_Platform_SDK/output/mx6sdl/smp_primes/sabre_ai_rev_b/obj/apps/smp_primes/src/primes.o
 .data          0x1001b610        0x0 /home/leon/git/swp-report/iMX6_Platform_SDK/output/mx6sdl/lib/libsdk.a(armv7_cache.o)
 .data          0x1001b610        0x0 /home/leon/git/swp-report/iMX6_Platform_SDK/output/mx6sdl/lib/libsdk.a(ccm_pll.o)
 .data          0x1001b610        0x0 /home/leon/git/swp-report/iMX6_Platform_SDK/output/mx6sdl/lib/libsdk.a(cortexA9.o)
 .data          0x1001b610        0x0 /home/leon/git/swp-report/iMX6_Platform_SDK/output/mx6sdl/lib/libsdk.a(gic.o)
 .data          0x1001b610        0x0 /home/leon/git/swp-report/iMX6_Platform_SDK/output/mx6sdl/lib/libsdk.a(mmu.o)
 .data          0x1001b610        0x0 /home/leon/git/swp-report/iMX6_Platform_SDK/output/mx6sdl/lib/libsdk.a(startup.o)
 .data          0x1001b610        0x0 /home/leon/git/swp-report/iMX6_Platform_SDK/output/mx6sdl/lib/libsdk.a(vectors.o)
 .data          0x1001b610        0x0 /home/leon/git/swp-report/iMX6_Platform_SDK/output/mx6sdl/lib/libsdk.a(spinlock.o)
 .data          0x1001b610        0x0 /home/leon/git/swp-report/iMX6_Platform_SDK/output/mx6sdl/lib/libsdk.a(spinlock_lock_unlock.o)
 .data          0x1001b610        0x0 /home/leon/git/swp-report/iMX6_Platform_SDK/output/mx6sdl/lib/libsdk.a(system_util.o)
 .data          0x1001b610        0x4 /home/leon/git/swp-report/iMX6_Platform_SDK/output/mx6sdl/lib/libsdk.a(text_color.o)
                0x1001b610                is_color_supported
 .data          0x1001b614        0x0 /home/leon/git/swp-report/iMX6_Platform_SDK/output/mx6sdl/lib/libsdk.a(cpu_get_cores.o)
 .data          0x1001b614        0x0 /home/leon/git/swp-report/iMX6_Platform_SDK/output/mx6sdl/lib/libsdk.a(cpu_multicore.o)
 .data          0x1001b614        0x0 /home/leon/git/swp-report/iMX6_Platform_SDK/output/mx6sdl/lib/libsdk.a(timer.o)
 .data          0x1001b614        0x0 /home/leon/git/swp-report/iMX6_Platform_SDK/output/mx6sdl/lib/libsdk.a(imx_uart.o)
 .data          0x1001b614        0x4 /home/leon/git/swp-report/iMX6_Platform_SDK/output/mx6sdl/lib/libsdk.a(arm_abort.o)
 .data          0x1001b618        0x0 /home/leon/git/swp-report/iMX6_Platform_SDK/output/mx6sdl/lib/libsdk.a(interrupt.o)
 .data          0x1001b618        0x0 /home/leon/git/swp-report/iMX6_Platform_SDK/output/mx6sdl/lib/libsdk.a(epit.o)
 .data          0x1001b618        0x0 /home/leon/git/swp-report/iMX6_Platform_SDK/output/mx6sdl/lib/libsdk.a(abort_handler.o)
 .data          0x1001b618        0x0 /home/leon/git/swp-report/iMX6_Platform_SDK/output/mx6sdl/lib/libboard_sabre_ai_rev_b.a(board_io_expanders.o)
 .data          0x1001b618        0x8 /home/leon/git/swp-report/iMX6_Platform_SDK/output/mx6sdl/lib/libboard_sabre_ai_rev_b.a(hardware_modules.o)
                0x1001b618                g_debug_uart_port
                0x1001b61c                g_system_timer_port
 .data          0x1001b620        0x0 /home/leon/git/swp-report/iMX6_Platform_SDK/output/mx6sdl/lib/libboard_sabre_ai_rev_b.a(dcd.o)
 .data          0x1001b620        0x0 /home/leon/git/swp-report/iMX6_Platform_SDK/output/mx6sdl/lib/libboard_sabre_ai_rev_b.a(i2c3_iomux_config.o)
 .data          0x1001b620        0x0 /home/leon/git/swp-report/iMX6_Platform_SDK/output/mx6sdl/lib/libboard_sabre_ai_rev_b.a(uart_iomux_config.o)
 .data          0x1001b620        0x0 /home/leon/git/swp-report/iMX6_Platform_SDK/output/mx6sdl/lib/libboard_sabre_ai_rev_b.a(iomux_config.o)
 .data          0x1001b620        0x0 /home/leon/git/swp-report/iMX6_Platform_SDK/output/mx6sdl/lib/libboard_sabre_ai_rev_b.a(ipu1_iomux_config.o)
 .data          0x1001b620        0x0 /home/leon/git/swp-report/iMX6_Platform_SDK/output/mx6sdl/lib/libboard_sabre_ai_rev_b.a(mlb_iomux_config.o)
 .data          0x1001b620        0x0 /home/leon/git/swp-report/iMX6_Platform_SDK/output/mx6sdl/lib/libboard_sabre_ai_rev_b.a(mmdc_iomux_config.o)
 .data          0x1001b620        0x0 /home/leon/git/swp-report/iMX6_Platform_SDK/output/mx6sdl/lib/libboard_sabre_ai_rev_b.a(pwm3_iomux_config.o)
 .data          0x1001b620        0x0 /home/leon/git/swp-report/iMX6_Platform_SDK/output/mx6sdl/lib/libboard_sabre_ai_rev_b.a(pwm4_iomux_config.o)
 .data          0x1001b620        0x0 /home/leon/git/swp-report/iMX6_Platform_SDK/output/mx6sdl/lib/libboard_sabre_ai_rev_b.a(sjc_iomux_config.o)
 .data          0x1001b620        0x0 /home/leon/git/swp-report/iMX6_Platform_SDK/output/mx6sdl/lib/libboard_sabre_ai_rev_b.a(spdif_iomux_config.o)
 .data          0x1001b620        0x0 /home/leon/git/swp-report/iMX6_Platform_SDK/output/mx6sdl/lib/libboard_sabre_ai_rev_b.a(uart2_iomux_config.o)
 .data          0x1001b620        0x0 /home/leon/git/swp-report/iMX6_Platform_SDK/output/mx6sdl/lib/libboard_sabre_ai_rev_b.a(uart3_iomux_config.o)
 .data          0x1001b620        0x0 /home/leon/git/swp-report/iMX6_Platform_SDK/output/mx6sdl/lib/libboard_sabre_ai_rev_b.a(uart4_iomux_config.o)
 .data          0x1001b620        0x0 /home/leon/git/swp-report/iMX6_Platform_SDK/output/mx6sdl/lib/libboard_sabre_ai_rev_b.a(usdhc1_iomux_config.o)
 .data          0x1001b620        0x0 /home/leon/git/swp-report/iMX6_Platform_SDK/output/mx6sdl/lib/libboard_sabre_ai_rev_b.a(usdhc3_iomux_config.o)
 .data          0x1001b620        0x0 /home/leon/git/swp-report/iMX6_Platform_SDK/output/mx6sdl/lib/libboard_sabre_ai_rev_b.a(wdog1_iomux_config.o)
 .data          0x1001b620        0x0 /home/leon/git/swp-report/iMX6_Platform_SDK/output/mx6sdl/lib/libboard_sabre_ai_rev_b.a(audmux_iomux_config.o)
 .data          0x1001b620        0x0 /home/leon/git/swp-report/iMX6_Platform_SDK/output/mx6sdl/lib/libboard_sabre_ai_rev_b.a(ccm_iomux_config.o)
 .data          0x1001b620        0x0 /home/leon/git/swp-report/iMX6_Platform_SDK/output/mx6sdl/lib/libboard_sabre_ai_rev_b.a(ecspi1_iomux_config.o)
 .data          0x1001b620        0x0 /home/leon/git/swp-report/iMX6_Platform_SDK/output/mx6sdl/lib/libboard_sabre_ai_rev_b.a(eim_iomux_config.o)
 .data          0x1001b620        0x0 /home/leon/git/swp-report/iMX6_Platform_SDK/output/mx6sdl/lib/libboard_sabre_ai_rev_b.a(enet_iomux_config.o)
 .data          0x1001b620        0x0 /home/leon/git/swp-report/iMX6_Platform_SDK/output/mx6sdl/lib/libboard_sabre_ai_rev_b.a(esai_iomux_config.o)
 .data          0x1001b620        0x0 /home/leon/git/swp-report/iMX6_Platform_SDK/output/mx6sdl/lib/libboard_sabre_ai_rev_b.a(flexcan1_iomux_config.o)
 .data          0x1001b620        0x0 /home/leon/git/swp-report/iMX6_Platform_SDK/output/mx6sdl/lib/libboard_sabre_ai_rev_b.a(flexcan2_iomux_config.o)
 .data          0x1001b620        0x0 /home/leon/git/swp-report/iMX6_Platform_SDK/output/mx6sdl/lib/libboard_sabre_ai_rev_b.a(gpio1_iomux_config.o)
 .data          0x1001b620        0x0 /home/leon/git/swp-report/iMX6_Platform_SDK/output/mx6sdl/lib/libboard_sabre_ai_rev_b.a(gpio2_iomux_config.o)
 .data          0x1001b620        0x0 /home/leon/git/swp-report/iMX6_Platform_SDK/output/mx6sdl/lib/libboard_sabre_ai_rev_b.a(gpio4_iomux_config.o)
 .data          0x1001b620        0x0 /home/leon/git/swp-report/iMX6_Platform_SDK/output/mx6sdl/lib/libboard_sabre_ai_rev_b.a(gpio5_iomux_config.o)
 .data          0x1001b620        0x0 /home/leon/git/swp-report/iMX6_Platform_SDK/output/mx6sdl/lib/libboard_sabre_ai_rev_b.a(gpio6_iomux_config.o)
 .data          0x1001b620        0x0 /home/leon/git/swp-report/iMX6_Platform_SDK/output/mx6sdl/lib/libboard_sabre_ai_rev_b.a(gpmi_iomux_config.o)
 .data          0x1001b620        0x0 /home/leon/git/swp-report/iMX6_Platform_SDK/output/mx6sdl/lib/libboard_sabre_ai_rev_b.a(i2c2_iomux_config.o)
 .data          0x1001b620        0x0 /home/leon/riotboard/arm-2012.09/bin/../arm-none-eabi/lib//libc.a(lib_a-assert.o)
 .data          0x1001b620        0x0 /home/leon/riotboard/arm-2012.09/bin/../arm-none-eabi/lib//libc.a(lib_a-bzero.o)
 .data          0x1001b620        0x0 /home/leon/riotboard/arm-2012.09/bin/../arm-none-eabi/lib//libc.a(lib_a-fiprintf.o)
 .data          0x1001b620        0x0 /home/leon/riotboard/arm-2012.09/bin/../arm-none-eabi/lib//libc.a(lib_a-fputc.o)
 .data          0x1001b620      0x430 /home/leon/riotboard/arm-2012.09/bin/../arm-none-eabi/lib//libc.a(lib_a-impure.o)
                0x1001b620                _impure_ptr
 .data          0x1001ba50        0x0 /home/leon/riotboard/arm-2012.09/bin/../arm-none-eabi/lib//libc.a(lib_a-init.o)
 .data          0x1001ba50        0x0 /home/leon/riotboard/arm-2012.09/bin/../arm-none-eabi/lib//libc.a(lib_a-malloc.o)
 .data          0x1001ba50      0x410 /home/leon/riotboard/arm-2012.09/bin/../arm-none-eabi/lib//libc.a(lib_a-mallocr.o)
                0x1001ba50                __malloc_av_
                0x1001be58                __malloc_sbrk_base
                0x1001be5c                __malloc_trim_threshold
 .data          0x1001be60        0x0 /home/leon/riotboard/arm-2012.09/bin/../arm-none-eabi/lib//libc.a(lib_a-mlock.o)
 .data          0x1001be60        0x0 /home/leon/riotboard/arm-2012.09/bin/../arm-none-eabi/lib//libc.a(lib_a-printf.o)
 .data          0x1001be60        0x0 /home/leon/riotboard/arm-2012.09/bin/../arm-none-eabi/lib//libc.a(lib_a-putc.o)
 .data          0x1001be60        0x0 /home/leon/riotboard/arm-2012.09/bin/../arm-none-eabi/lib//libc.a(lib_a-realloc.o)
 .data          0x1001be60        0x0 /home/leon/riotboard/arm-2012.09/bin/../arm-none-eabi/lib//libc.a(lib_a-reallocr.o)
 .data          0x1001be60        0x0 /home/leon/riotboard/arm-2012.09/bin/../arm-none-eabi/lib//libc.a(lib_a-rget.o)
 .data          0x1001be60        0x0 /home/leon/riotboard/arm-2012.09/bin/../arm-none-eabi/lib//libc.a(lib_a-sbrkr.o)
 .data          0x1001be60        0x0 /home/leon/riotboard/arm-2012.09/bin/../arm-none-eabi/lib//libc.a(lib_a-vfiprintf.o)
 .data          0x1001be60        0x0 /home/leon/riotboard/arm-2012.09/bin/../arm-none-eabi/lib//libc.a(lib_a-vfprintf.o)
 .data          0x1001be60        0x0 /home/leon/riotboard/arm-2012.09/bin/../arm-none-eabi/lib//libc.a(lib_a-vprintf.o)
 .data          0x1001be60        0x0 /home/leon/riotboard/arm-2012.09/bin/../arm-none-eabi/lib//libc.a(lib_a-wbuf.o)
 .data          0x1001be60        0x0 /home/leon/riotboard/arm-2012.09/bin/../arm-none-eabi/lib//libc.a(lib_a-wsetup.o)
 .data          0x1001be60        0x0 /home/leon/riotboard/arm-2012.09/bin/../arm-none-eabi/lib//libc.a(lib_a-abort.o)
 .data          0x1001be60        0x0 /home/leon/riotboard/arm-2012.09/bin/../arm-none-eabi/lib//libc.a(lib_a-dtoa.o)
 .data          0x1001be60        0x0 /home/leon/riotboard/arm-2012.09/bin/../arm-none-eabi/lib//libc.a(lib_a-fflush.o)
 .data          0x1001be60        0x0 /home/leon/riotboard/arm-2012.09/bin/../arm-none-eabi/lib//libc.a(lib_a-findfp.o)
 .data          0x1001be60        0x0 /home/leon/riotboard/arm-2012.09/bin/../arm-none-eabi/lib//libc.a(lib_a-fputwc.o)
 .data          0x1001be60        0x0 /home/leon/riotboard/arm-2012.09/bin/../arm-none-eabi/lib//libc.a(lib_a-freer.o)
 .data          0x1001be60        0x0 /home/leon/riotboard/arm-2012.09/bin/../arm-none-eabi/lib//libc.a(lib_a-fvwrite.o)
 .data          0x1001be60        0x0 /home/leon/riotboard/arm-2012.09/bin/../arm-none-eabi/lib//libc.a(lib_a-fwalk.o)
 .data          0x1001be60       0x7c /home/leon/riotboard/arm-2012.09/bin/../arm-none-eabi/lib//libc.a(lib_a-locale.o)
                0x1001be80                __mb_cur_max
 .data          0x1001bedc        0x0 /home/leon/riotboard/arm-2012.09/bin/../arm-none-eabi/lib//libc.a(lib_a-makebuf.o)
 .data          0x1001bedc        0x0 /home/leon/riotboard/arm-2012.09/bin/../arm-none-eabi/lib//libc.a(lib_a-memchr.o)
 .data          0x1001bedc        0x0 /home/leon/riotboard/arm-2012.09/bin/../arm-none-eabi/lib//libc.a(lib_a-memcpy.o)
 .data          0x1001bedc        0x0 /home/leon/riotboard/arm-2012.09/bin/../arm-none-eabi/lib//libc.a(lib_a-memmove.o)
 .data          0x1001bedc        0x0 /home/leon/riotboard/arm-2012.09/bin/../arm-none-eabi/lib//libc.a(lib_a-memset.o)
 .data          0x1001bedc        0x0 /home/leon/riotboard/arm-2012.09/bin/../arm-none-eabi/lib//libc.a(lib_a-mprec.o)
 .data          0x1001bedc        0x0 /home/leon/riotboard/arm-2012.09/bin/../arm-none-eabi/lib//libc.a(lib_a-reent.o)
 .data          0x1001bedc        0x0 /home/leon/riotboard/arm-2012.09/bin/../arm-none-eabi/lib//libc.a(lib_a-refill.o)
 .data          0x1001bedc        0x0 /home/leon/riotboard/arm-2012.09/bin/../arm-none-eabi/lib//libc.a(lib_a-s_fpclassify.o)
 .data          0x1001bedc        0x0 /home/leon/riotboard/arm-2012.09/bin/../arm-none-eabi/lib//libc.a(lib_a-signal.o)
 .data          0x1001bedc        0x0 /home/leon/riotboard/arm-2012.09/bin/../arm-none-eabi/lib//libc.a(lib_a-signalr.o)
 .data          0x1001bedc        0x0 /home/leon/riotboard/arm-2012.09/bin/../arm-none-eabi/lib//libc.a(lib_a-stdio.o)
 .data          0x1001bedc        0x0 /home/leon/riotboard/arm-2012.09/bin/../arm-none-eabi/lib//libc.a(lib_a-strcmp.o)
 .data          0x1001bedc        0x0 /home/leon/riotboard/arm-2012.09/bin/../arm-none-eabi/lib//libc.a(lib_a-strlen.o)
 .data          0x1001bedc        0x0 /home/leon/riotboard/arm-2012.09/bin/../arm-none-eabi/lib//libc.a(lib_a-wcrtomb.o)
 .data          0x1001bedc        0x4 /home/leon/riotboard/arm-2012.09/bin/../arm-none-eabi/lib//libc.a(lib_a-wctomb_r.o)
                0x1001bedc                __wctomb
 .data          0x1001bee0        0x0 /home/leon/riotboard/arm-2012.09/bin/../arm-none-eabi/lib//libc.a(lib_a-writer.o)
 .data          0x1001bee0        0x0 /home/leon/riotboard/arm-2012.09/bin/../arm-none-eabi/lib//libc.a(lib_a-callocr.o)
 .data          0x1001bee0        0x0 /home/leon/riotboard/arm-2012.09/bin/../arm-none-eabi/lib//libc.a(lib_a-closer.o)
 .data          0x1001bee0        0x0 /home/leon/riotboard/arm-2012.09/bin/../arm-none-eabi/lib//libc.a(lib_a-fclose.o)
 .data          0x1001bee0        0x0 /home/leon/riotboard/arm-2012.09/bin/../arm-none-eabi/lib//libc.a(lib_a-fstatr.o)
 .data          0x1001bee0        0x0 /home/leon/riotboard/arm-2012.09/bin/../arm-none-eabi/lib//libc.a(lib_a-isattyr.o)
 .data          0x1001bee0        0x0 /home/leon/riotboard/arm-2012.09/bin/../arm-none-eabi/lib//libc.a(lib_a-lseekr.o)
 .data          0x1001bee0        0x0 /home/leon/riotboard/arm-2012.09/bin/../arm-none-eabi/lib//libc.a(lib_a-readr.o)
 .data          0x1001bee0        0x0 /home/leon/riotboard/arm-2012.09/bin/../lib/gcc/arm-none-eabi/4.7.2//libgcc.a(_udivsi3.o)
 .data          0x1001bee0        0x0 /home/leon/riotboard/arm-2012.09/bin/../lib/gcc/arm-none-eabi/4.7.2//libgcc.a(_divsi3.o)
 .data          0x1001bee0        0x0 /home/leon/riotboard/arm-2012.09/bin/../lib/gcc/arm-none-eabi/4.7.2//libgcc.a(_dvmd_tls.o)
 .data          0x1001bee0        0x0 /home/leon/riotboard/arm-2012.09/bin/../lib/gcc/arm-none-eabi/4.7.2//libgcc.a(_arm_addsubdf3.o)
 .data          0x1001bee0        0x0 /home/leon/riotboard/arm-2012.09/bin/../lib/gcc/arm-none-eabi/4.7.2//libgcc.a(_arm_muldivdf3.o)
 .data          0x1001bee0        0x0 /home/leon/riotboard/arm-2012.09/bin/../lib/gcc/arm-none-eabi/4.7.2//libgcc.a(_arm_cmpdf2.o)
 .data          0x1001bee0        0x0 /home/leon/riotboard/arm-2012.09/bin/../lib/gcc/arm-none-eabi/4.7.2//libgcc.a(_arm_fixdfsi.o)
 .data          0x1001bee0        0x0 /home/leon/riotboard/arm-2012.09/bin/../lib/gcc/arm-none-eabi/4.7.2//libgcc.a(_aeabi_uldivmod.o)
 .data          0x1001bee0        0x0 /home/leon/riotboard/arm-2012.09/bin/../lib/gcc/arm-none-eabi/4.7.2//libgcc.a(bpabi.o)
 .data          0x1001bee0        0x0 /home/leon/riotboard/arm-2012.09/bin/../lib/gcc/arm-none-eabi/4.7.2//libgcc.a(_divdi3.o)
 .data          0x1001bee0        0x0 /home/leon/riotboard/arm-2012.09/bin/../lib/gcc/arm-none-eabi/4.7.2//libgcc.a(_udivdi3.o)
 .data          0x1001bee0        0x0 /home/leon/riotboard/arm-2012.09/bin/../lib/gcc/arm-none-eabi/4.7.2//libgcc.a(_clzsi2.o)
 .data          0x1001bee0        0x0 /home/leon/git/swp-report/iMX6_Platform_SDK/output/mx6sdl/lib/libsdk.a(max7310.o)
 .data          0x1001bee0        0x4 /home/leon/git/swp-report/iMX6_Platform_SDK/output/mx6sdl/lib/libsdk.a(runtime_support.o)
                0x1001bee0                environ
 .data          0x1001bee4        0x0 /home/leon/git/swp-report/iMX6_Platform_SDK/output/mx6sdl/lib/libsdk.a(gpio.o)
 .data          0x1001bee4        0x0 /home/leon/git/swp-report/iMX6_Platform_SDK/output/mx6sdl/lib/libsdk.a(imx6sdl_gpio_map.o)
 .data          0x1001bee4        0x0 /home/leon/git/swp-report/iMX6_Platform_SDK/output/mx6sdl/lib/libsdk.a(imx_i2c.o)
 .data          0x1001bee4        0x0 /home/leon/git/swp-report/iMX6_Platform_SDK/output/mx6sdl/lib/libboard_sabre_ai_rev_b.a(i2c_iomux_config.o)

.jcr            0x1001bee4        0x4
 .jcr           0x1001bee4        0x0 /home/leon/riotboard/arm-2012.09/bin/../lib/gcc/arm-none-eabi/4.7.2//crtbegin.o
 .jcr           0x1001bee4        0x4 /home/leon/riotboard/arm-2012.09/bin/../lib/gcc/arm-none-eabi/4.7.2//crtend.o

.tm_clone_table
                0x1001bee8        0x0
 .tm_clone_table
                0x1001bee8        0x0 /home/leon/riotboard/arm-2012.09/bin/../lib/gcc/arm-none-eabi/4.7.2//crtbegin.o
 .tm_clone_table
                0x1001bee8        0x0 /home/leon/riotboard/arm-2012.09/bin/../lib/gcc/arm-none-eabi/4.7.2//crtend.o

.igot.plt       0x1001bee8        0x0
 .igot.plt      0x00000000        0x0 /home/leon/riotboard/arm-2012.09/bin/../lib/gcc/arm-none-eabi/4.7.2//crtbegin.o

.hab.data       0x10400000     0x2000
                0x10400000                __hab_data = .
                0x10402000                . = (. + 0x2000)
 *fill*         0x10400000     0x2000 
                0x10402000                . = ALIGN (0x20)
                0x10402000                __hab_data_end = .
                0x00402000                _image_size = (. - _start_image_add)

.bss            0x10402000     0xa034
                0x10402000                __bss_start__ = .
 *(.shbss)
 *(.bss .bss.* .gnu.linkonce.b.*)
 .bss           0x10402000       0x1c /home/leon/riotboard/arm-2012.09/bin/../lib/gcc/arm-none-eabi/4.7.2//crtbegin.o
 .bss           0x1040201c        0x0 /home/leon/riotboard/arm-2012.09/bin/../lib/gcc/arm-none-eabi/4.7.2//crti.o
 .bss           0x1040201c        0x0 /home/leon/riotboard/arm-2012.09/bin/../lib/gcc/arm-none-eabi/4.7.2//crtend.o
 .bss           0x1040201c        0x0 /home/leon/riotboard/arm-2012.09/bin/../lib/gcc/arm-none-eabi/4.7.2//crtn.o
 .bss           0x1040201c        0x0 /home/leon/git/swp-report/iMX6_Platform_SDK/output/mx6sdl/smp_primes/sabre_ai_rev_b/obj/apps/common/ivt.o
 .bss           0x1040201c        0x0 /home/leon/git/swp-report/iMX6_Platform_SDK/output/mx6sdl/smp_primes/sabre_ai_rev_b/obj/apps/common/platform_init.o
 .bss           0x1040201c        0x4 /home/leon/git/swp-report/iMX6_Platform_SDK/output/mx6sdl/smp_primes/sabre_ai_rev_b/obj/apps/smp_primes/src/main.o
 .bss           0x10402020     0x9ca0 /home/leon/git/swp-report/iMX6_Platform_SDK/output/mx6sdl/smp_primes/sabre_ai_rev_b/obj/apps/smp_primes/src/primes.o
                0x10402020                target_count
                0x10402024                prime_numbers
                0x1040bc64                next_number
                0x1040bc68                prime_count
                0x1040bc80                prime_lock
                0x1040bca0                next_num_lock
 .bss           0x1040bcc0        0x0 /home/leon/git/swp-report/iMX6_Platform_SDK/output/mx6sdl/lib/libsdk.a(armv7_cache.o)
 .bss           0x1040bcc0        0x0 /home/leon/git/swp-report/iMX6_Platform_SDK/output/mx6sdl/lib/libsdk.a(ccm_pll.o)
 .bss           0x1040bcc0        0x0 /home/leon/git/swp-report/iMX6_Platform_SDK/output/mx6sdl/lib/libsdk.a(cortexA9.o)
 .bss           0x1040bcc0        0x0 /home/leon/git/swp-report/iMX6_Platform_SDK/output/mx6sdl/lib/libsdk.a(gic.o)
 .bss           0x1040bcc0        0x0 /home/leon/git/swp-report/iMX6_Platform_SDK/output/mx6sdl/lib/libsdk.a(mmu.o)
 .bss           0x1040bcc0        0x0 /home/leon/git/swp-report/iMX6_Platform_SDK/output/mx6sdl/lib/libsdk.a(startup.o)
 .bss           0x1040bcc0        0x0 /home/leon/git/swp-report/iMX6_Platform_SDK/output/mx6sdl/lib/libsdk.a(vectors.o)
 .bss           0x1040bcc0        0x0 /home/leon/git/swp-report/iMX6_Platform_SDK/output/mx6sdl/lib/libsdk.a(spinlock.o)
 .bss           0x1040bcc0        0x0 /home/leon/git/swp-report/iMX6_Platform_SDK/output/mx6sdl/lib/libsdk.a(spinlock_lock_unlock.o)
 .bss           0x1040bcc0        0x0 /home/leon/git/swp-report/iMX6_Platform_SDK/output/mx6sdl/lib/libsdk.a(system_util.o)
 .bss           0x1040bcc0        0x0 /home/leon/git/swp-report/iMX6_Platform_SDK/output/mx6sdl/lib/libsdk.a(text_color.o)
 .bss           0x1040bcc0        0x0 /home/leon/git/swp-report/iMX6_Platform_SDK/output/mx6sdl/lib/libsdk.a(cpu_get_cores.o)
 .bss           0x1040bcc0       0x20 /home/leon/git/swp-report/iMX6_Platform_SDK/output/mx6sdl/lib/libsdk.a(cpu_multicore.o)
 .bss           0x1040bce0        0x4 /home/leon/git/swp-report/iMX6_Platform_SDK/output/mx6sdl/lib/libsdk.a(timer.o)
                0x1040bce0                g_microsecondTimerMultiple
 .bss           0x1040bce4        0x0 /home/leon/git/swp-report/iMX6_Platform_SDK/output/mx6sdl/lib/libsdk.a(imx_uart.o)
 .bss           0x1040bce4        0x0 /home/leon/git/swp-report/iMX6_Platform_SDK/output/mx6sdl/lib/libsdk.a(arm_abort.o)
 .bss           0x1040bce4      0x290 /home/leon/git/swp-report/iMX6_Platform_SDK/output/mx6sdl/lib/libsdk.a(interrupt.o)
                0x1040bce4                g_interrupt_handlers
                0x1040bf64                g_vectNum
 .bss           0x1040bf74        0x0 /home/leon/git/swp-report/iMX6_Platform_SDK/output/mx6sdl/lib/libsdk.a(epit.o)
 .bss           0x1040bf74        0x0 /home/leon/git/swp-report/iMX6_Platform_SDK/output/mx6sdl/lib/libsdk.a(abort_handler.o)
 .bss           0x1040bf74       0x6c /home/leon/git/swp-report/iMX6_Platform_SDK/output/mx6sdl/lib/libboard_sabre_ai_rev_b.a(board_io_expanders.o)
                0x1040bf74                max7310_i2c_req_array
 .bss           0x1040bfe0        0x0 /home/leon/git/swp-report/iMX6_Platform_SDK/output/mx6sdl/lib/libboard_sabre_ai_rev_b.a(hardware_modules.o)
 .bss           0x1040bfe0        0x0 /home/leon/git/swp-report/iMX6_Platform_SDK/output/mx6sdl/lib/libboard_sabre_ai_rev_b.a(dcd.o)
 .bss           0x1040bfe0        0x0 /home/leon/git/swp-report/iMX6_Platform_SDK/output/mx6sdl/lib/libboard_sabre_ai_rev_b.a(i2c3_iomux_config.o)
 .bss           0x1040bfe0        0x0 /home/leon/git/swp-report/iMX6_Platform_SDK/output/mx6sdl/lib/libboard_sabre_ai_rev_b.a(uart_iomux_config.o)
 .bss           0x1040bfe0        0x0 /home/leon/git/swp-report/iMX6_Platform_SDK/output/mx6sdl/lib/libboard_sabre_ai_rev_b.a(iomux_config.o)
 .bss           0x1040bfe0        0x0 /home/leon/git/swp-report/iMX6_Platform_SDK/output/mx6sdl/lib/libboard_sabre_ai_rev_b.a(ipu1_iomux_config.o)
 .bss           0x1040bfe0        0x0 /home/leon/git/swp-report/iMX6_Platform_SDK/output/mx6sdl/lib/libboard_sabre_ai_rev_b.a(mlb_iomux_config.o)
 .bss           0x1040bfe0        0x0 /home/leon/git/swp-report/iMX6_Platform_SDK/output/mx6sdl/lib/libboard_sabre_ai_rev_b.a(mmdc_iomux_config.o)
 .bss           0x1040bfe0        0x0 /home/leon/git/swp-report/iMX6_Platform_SDK/output/mx6sdl/lib/libboard_sabre_ai_rev_b.a(pwm3_iomux_config.o)
 .bss           0x1040bfe0        0x0 /home/leon/git/swp-report/iMX6_Platform_SDK/output/mx6sdl/lib/libboard_sabre_ai_rev_b.a(pwm4_iomux_config.o)
 .bss           0x1040bfe0        0x0 /home/leon/git/swp-report/iMX6_Platform_SDK/output/mx6sdl/lib/libboard_sabre_ai_rev_b.a(sjc_iomux_config.o)
 .bss           0x1040bfe0        0x0 /home/leon/git/swp-report/iMX6_Platform_SDK/output/mx6sdl/lib/libboard_sabre_ai_rev_b.a(spdif_iomux_config.o)
 .bss           0x1040bfe0        0x0 /home/leon/git/swp-report/iMX6_Platform_SDK/output/mx6sdl/lib/libboard_sabre_ai_rev_b.a(uart2_iomux_config.o)
 .bss           0x1040bfe0        0x0 /home/leon/git/swp-report/iMX6_Platform_SDK/output/mx6sdl/lib/libboard_sabre_ai_rev_b.a(uart3_iomux_config.o)
 .bss           0x1040bfe0        0x0 /home/leon/git/swp-report/iMX6_Platform_SDK/output/mx6sdl/lib/libboard_sabre_ai_rev_b.a(uart4_iomux_config.o)
 .bss           0x1040bfe0        0x0 /home/leon/git/swp-report/iMX6_Platform_SDK/output/mx6sdl/lib/libboard_sabre_ai_rev_b.a(usdhc1_iomux_config.o)
 .bss           0x1040bfe0        0x0 /home/leon/git/swp-report/iMX6_Platform_SDK/output/mx6sdl/lib/libboard_sabre_ai_rev_b.a(usdhc3_iomux_config.o)
 .bss           0x1040bfe0        0x0 /home/leon/git/swp-report/iMX6_Platform_SDK/output/mx6sdl/lib/libboard_sabre_ai_rev_b.a(wdog1_iomux_config.o)
 .bss           0x1040bfe0        0x0 /home/leon/git/swp-report/iMX6_Platform_SDK/output/mx6sdl/lib/libboard_sabre_ai_rev_b.a(audmux_iomux_config.o)
 .bss           0x1040bfe0        0x0 /home/leon/git/swp-report/iMX6_Platform_SDK/output/mx6sdl/lib/libboard_sabre_ai_rev_b.a(ccm_iomux_config.o)
 .bss           0x1040bfe0        0x0 /home/leon/git/swp-report/iMX6_Platform_SDK/output/mx6sdl/lib/libboard_sabre_ai_rev_b.a(ecspi1_iomux_config.o)
 .bss           0x1040bfe0        0x0 /home/leon/git/swp-report/iMX6_Platform_SDK/output/mx6sdl/lib/libboard_sabre_ai_rev_b.a(eim_iomux_config.o)
 .bss           0x1040bfe0        0x0 /home/leon/git/swp-report/iMX6_Platform_SDK/output/mx6sdl/lib/libboard_sabre_ai_rev_b.a(enet_iomux_config.o)
 .bss           0x1040bfe0        0x0 /home/leon/git/swp-report/iMX6_Platform_SDK/output/mx6sdl/lib/libboard_sabre_ai_rev_b.a(esai_iomux_config.o)
 .bss           0x1040bfe0        0x0 /home/leon/git/swp-report/iMX6_Platform_SDK/output/mx6sdl/lib/libboard_sabre_ai_rev_b.a(flexcan1_iomux_config.o)
 .bss           0x1040bfe0        0x0 /home/leon/git/swp-report/iMX6_Platform_SDK/output/mx6sdl/lib/libboard_sabre_ai_rev_b.a(flexcan2_iomux_config.o)
 .bss           0x1040bfe0        0x0 /home/leon/git/swp-report/iMX6_Platform_SDK/output/mx6sdl/lib/libboard_sabre_ai_rev_b.a(gpio1_iomux_config.o)
 .bss           0x1040bfe0        0x0 /home/leon/git/swp-report/iMX6_Platform_SDK/output/mx6sdl/lib/libboard_sabre_ai_rev_b.a(gpio2_iomux_config.o)
 .bss           0x1040bfe0        0x0 /home/leon/git/swp-report/iMX6_Platform_SDK/output/mx6sdl/lib/libboard_sabre_ai_rev_b.a(gpio4_iomux_config.o)
 .bss           0x1040bfe0        0x0 /home/leon/git/swp-report/iMX6_Platform_SDK/output/mx6sdl/lib/libboard_sabre_ai_rev_b.a(gpio5_iomux_config.o)
 .bss           0x1040bfe0        0x0 /home/leon/git/swp-report/iMX6_Platform_SDK/output/mx6sdl/lib/libboard_sabre_ai_rev_b.a(gpio6_iomux_config.o)
 .bss           0x1040bfe0        0x0 /home/leon/git/swp-report/iMX6_Platform_SDK/output/mx6sdl/lib/libboard_sabre_ai_rev_b.a(gpmi_iomux_config.o)
 .bss           0x1040bfe0        0x0 /home/leon/git/swp-report/iMX6_Platform_SDK/output/mx6sdl/lib/libboard_sabre_ai_rev_b.a(i2c2_iomux_config.o)
 .bss           0x1040bfe0        0x0 /home/leon/riotboard/arm-2012.09/bin/../arm-none-eabi/lib//libc.a(lib_a-assert.o)
 .bss           0x1040bfe0        0x0 /home/leon/riotboard/arm-2012.09/bin/../arm-none-eabi/lib//libc.a(lib_a-bzero.o)
 .bss           0x1040bfe0        0x0 /home/leon/riotboard/arm-2012.09/bin/../arm-none-eabi/lib//libc.a(lib_a-fiprintf.o)
 .bss           0x1040bfe0        0x0 /home/leon/riotboard/arm-2012.09/bin/../arm-none-eabi/lib//libc.a(lib_a-fputc.o)
 .bss           0x1040bfe0        0x0 /home/leon/riotboard/arm-2012.09/bin/../arm-none-eabi/lib//libc.a(lib_a-impure.o)
 .bss           0x1040bfe0        0x0 /home/leon/riotboard/arm-2012.09/bin/../arm-none-eabi/lib//libc.a(lib_a-init.o)
 .bss           0x1040bfe0        0x0 /home/leon/riotboard/arm-2012.09/bin/../arm-none-eabi/lib//libc.a(lib_a-malloc.o)
 .bss           0x1040bfe0       0x34 /home/leon/riotboard/arm-2012.09/bin/../arm-none-eabi/lib//libc.a(lib_a-mallocr.o)
                0x1040bfe0                __malloc_top_pad
                0x1040bfe4                __malloc_current_mallinfo
                0x1040c00c                __malloc_max_sbrked_mem
                0x1040c010                __malloc_max_total_mem
 .bss           0x1040c014        0x0 /home/leon/riotboard/arm-2012.09/bin/../arm-none-eabi/lib//libc.a(lib_a-mlock.o)
 .bss           0x1040c014        0x0 /home/leon/riotboard/arm-2012.09/bin/../arm-none-eabi/lib//libc.a(lib_a-printf.o)
 .bss           0x1040c014        0x0 /home/leon/riotboard/arm-2012.09/bin/../arm-none-eabi/lib//libc.a(lib_a-putc.o)
 .bss           0x1040c014        0x0 /home/leon/riotboard/arm-2012.09/bin/../arm-none-eabi/lib//libc.a(lib_a-realloc.o)
 .bss           0x1040c014        0x0 /home/leon/riotboard/arm-2012.09/bin/../arm-none-eabi/lib//libc.a(lib_a-reallocr.o)
 .bss           0x1040c014        0x0 /home/leon/riotboard/arm-2012.09/bin/../arm-none-eabi/lib//libc.a(lib_a-rget.o)
 .bss           0x1040c014        0x0 /home/leon/riotboard/arm-2012.09/bin/../arm-none-eabi/lib//libc.a(lib_a-sbrkr.o)
 .bss           0x1040c014        0x0 /home/leon/riotboard/arm-2012.09/bin/../arm-none-eabi/lib//libc.a(lib_a-vfiprintf.o)
 .bss           0x1040c014        0x0 /home/leon/riotboard/arm-2012.09/bin/../arm-none-eabi/lib//libc.a(lib_a-vfprintf.o)
 .bss           0x1040c014        0x0 /home/leon/riotboard/arm-2012.09/bin/../arm-none-eabi/lib//libc.a(lib_a-vprintf.o)
 .bss           0x1040c014        0x0 /home/leon/riotboard/arm-2012.09/bin/../arm-none-eabi/lib//libc.a(lib_a-wbuf.o)
 .bss           0x1040c014        0x0 /home/leon/riotboard/arm-2012.09/bin/../arm-none-eabi/lib//libc.a(lib_a-wsetup.o)
 .bss           0x1040c014        0x0 /home/leon/riotboard/arm-2012.09/bin/../arm-none-eabi/lib//libc.a(lib_a-abort.o)
 .bss           0x1040c014        0x0 /home/leon/riotboard/arm-2012.09/bin/../arm-none-eabi/lib//libc.a(lib_a-dtoa.o)
 .bss           0x1040c014        0x0 /home/leon/riotboard/arm-2012.09/bin/../arm-none-eabi/lib//libc.a(lib_a-fflush.o)
 .bss           0x1040c014        0x0 /home/leon/riotboard/arm-2012.09/bin/../arm-none-eabi/lib//libc.a(lib_a-findfp.o)
 .bss           0x1040c014        0x0 /home/leon/riotboard/arm-2012.09/bin/../arm-none-eabi/lib//libc.a(lib_a-fputwc.o)
 .bss           0x1040c014        0x0 /home/leon/riotboard/arm-2012.09/bin/../arm-none-eabi/lib//libc.a(lib_a-freer.o)
 .bss           0x1040c014        0x0 /home/leon/riotboard/arm-2012.09/bin/../arm-none-eabi/lib//libc.a(lib_a-fvwrite.o)
 .bss           0x1040c014        0x0 /home/leon/riotboard/arm-2012.09/bin/../arm-none-eabi/lib//libc.a(lib_a-fwalk.o)
 .bss           0x1040c014        0xc /home/leon/riotboard/arm-2012.09/bin/../arm-none-eabi/lib//libc.a(lib_a-locale.o)
                0x1040c014                _PathLocale
                0x1040c018                __mlocale_changed
                0x1040c01c                __nlocale_changed
 .bss           0x1040c020        0x0 /home/leon/riotboard/arm-2012.09/bin/../arm-none-eabi/lib//libc.a(lib_a-makebuf.o)
 .bss           0x1040c020        0x0 /home/leon/riotboard/arm-2012.09/bin/../arm-none-eabi/lib//libc.a(lib_a-memchr.o)
 .bss           0x1040c020        0x0 /home/leon/riotboard/arm-2012.09/bin/../arm-none-eabi/lib//libc.a(lib_a-memcpy.o)
 .bss           0x1040c020        0x0 /home/leon/riotboard/arm-2012.09/bin/../arm-none-eabi/lib//libc.a(lib_a-memmove.o)
 .bss           0x1040c020        0x0 /home/leon/riotboard/arm-2012.09/bin/../arm-none-eabi/lib//libc.a(lib_a-memset.o)
 .bss           0x1040c020        0x0 /home/leon/riotboard/arm-2012.09/bin/../arm-none-eabi/lib//libc.a(lib_a-mprec.o)
 .bss           0x1040c020        0x0 /home/leon/riotboard/arm-2012.09/bin/../arm-none-eabi/lib//libc.a(lib_a-reent.o)
 .bss           0x1040c020        0x0 /home/leon/riotboard/arm-2012.09/bin/../arm-none-eabi/lib//libc.a(lib_a-refill.o)
 .bss           0x1040c020        0x0 /home/leon/riotboard/arm-2012.09/bin/../arm-none-eabi/lib//libc.a(lib_a-s_fpclassify.o)
 .bss           0x1040c020        0x0 /home/leon/riotboard/arm-2012.09/bin/../arm-none-eabi/lib//libc.a(lib_a-signal.o)
 .bss           0x1040c020        0x0 /home/leon/riotboard/arm-2012.09/bin/../arm-none-eabi/lib//libc.a(lib_a-signalr.o)
 .bss           0x1040c020        0x0 /home/leon/riotboard/arm-2012.09/bin/../arm-none-eabi/lib//libc.a(lib_a-stdio.o)
 .bss           0x1040c020        0x0 /home/leon/riotboard/arm-2012.09/bin/../arm-none-eabi/lib//libc.a(lib_a-strcmp.o)
 .bss           0x1040c020        0x0 /home/leon/riotboard/arm-2012.09/bin/../arm-none-eabi/lib//libc.a(lib_a-strlen.o)
 .bss           0x1040c020        0x0 /home/leon/riotboard/arm-2012.09/bin/../arm-none-eabi/lib//libc.a(lib_a-wcrtomb.o)
 .bss           0x1040c020        0x0 /home/leon/riotboard/arm-2012.09/bin/../arm-none-eabi/lib//libc.a(lib_a-wctomb_r.o)
 .bss           0x1040c020        0x0 /home/leon/riotboard/arm-2012.09/bin/../arm-none-eabi/lib//libc.a(lib_a-writer.o)
 .bss           0x1040c020        0x0 /home/leon/riotboard/arm-2012.09/bin/../arm-none-eabi/lib//libc.a(lib_a-callocr.o)
 .bss           0x1040c020        0x0 /home/leon/riotboard/arm-2012.09/bin/../arm-none-eabi/lib//libc.a(lib_a-closer.o)
 .bss           0x1040c020        0x0 /home/leon/riotboard/arm-2012.09/bin/../arm-none-eabi/lib//libc.a(lib_a-fclose.o)
 .bss           0x1040c020        0x0 /home/leon/riotboard/arm-2012.09/bin/../arm-none-eabi/lib//libc.a(lib_a-fstatr.o)
 .bss           0x1040c020        0x0 /home/leon/riotboard/arm-2012.09/bin/../arm-none-eabi/lib//libc.a(lib_a-isattyr.o)
 .bss           0x1040c020        0x0 /home/leon/riotboard/arm-2012.09/bin/../arm-none-eabi/lib//libc.a(lib_a-lseekr.o)
 .bss           0x1040c020        0x0 /home/leon/riotboard/arm-2012.09/bin/../arm-none-eabi/lib//libc.a(lib_a-readr.o)
 .bss           0x1040c020        0x0 /home/leon/riotboard/arm-2012.09/bin/../lib/gcc/arm-none-eabi/4.7.2//libgcc.a(_udivsi3.o)
 .bss           0x1040c020        0x0 /home/leon/riotboard/arm-2012.09/bin/../lib/gcc/arm-none-eabi/4.7.2//libgcc.a(_divsi3.o)
 .bss           0x1040c020        0x0 /home/leon/riotboard/arm-2012.09/bin/../lib/gcc/arm-none-eabi/4.7.2//libgcc.a(_dvmd_tls.o)
 .bss           0x1040c020        0x0 /home/leon/riotboard/arm-2012.09/bin/../lib/gcc/arm-none-eabi/4.7.2//libgcc.a(_arm_addsubdf3.o)
 .bss           0x1040c020        0x0 /home/leon/riotboard/arm-2012.09/bin/../lib/gcc/arm-none-eabi/4.7.2//libgcc.a(_arm_muldivdf3.o)
 .bss           0x1040c020        0x0 /home/leon/riotboard/arm-2012.09/bin/../lib/gcc/arm-none-eabi/4.7.2//libgcc.a(_arm_cmpdf2.o)
 .bss           0x1040c020        0x0 /home/leon/riotboard/arm-2012.09/bin/../lib/gcc/arm-none-eabi/4.7.2//libgcc.a(_arm_fixdfsi.o)
 .bss           0x1040c020        0x0 /home/leon/riotboard/arm-2012.09/bin/../lib/gcc/arm-none-eabi/4.7.2//libgcc.a(_aeabi_uldivmod.o)
 .bss           0x1040c020        0x0 /home/leon/riotboard/arm-2012.09/bin/../lib/gcc/arm-none-eabi/4.7.2//libgcc.a(bpabi.o)
 .bss           0x1040c020        0x0 /home/leon/riotboard/arm-2012.09/bin/../lib/gcc/arm-none-eabi/4.7.2//libgcc.a(_divdi3.o)
 .bss           0x1040c020        0x0 /home/leon/riotboard/arm-2012.09/bin/../lib/gcc/arm-none-eabi/4.7.2//libgcc.a(_udivdi3.o)
 .bss           0x1040c020        0x0 /home/leon/riotboard/arm-2012.09/bin/../lib/gcc/arm-none-eabi/4.7.2//libgcc.a(_clzsi2.o)
 .bss           0x1040c020        0x4 /home/leon/git/swp-report/iMX6_Platform_SDK/output/mx6sdl/lib/libsdk.a(max7310.o)
 .bss           0x1040c024        0xc /home/leon/git/swp-report/iMX6_Platform_SDK/output/mx6sdl/lib/libsdk.a(runtime_support.o)
                0x1040c024                __env
 .bss           0x1040c030        0x0 /home/leon/git/swp-report/iMX6_Platform_SDK/output/mx6sdl/lib/libsdk.a(gpio.o)
 .bss           0x1040c030        0x0 /home/leon/git/swp-report/iMX6_Platform_SDK/output/mx6sdl/lib/libsdk.a(imx6sdl_gpio_map.o)
 .bss           0x1040c030        0x0 /home/leon/git/swp-report/iMX6_Platform_SDK/output/mx6sdl/lib/libsdk.a(imx_i2c.o)
 .bss           0x1040c030        0x0 /home/leon/git/swp-report/iMX6_Platform_SDK/output/mx6sdl/lib/libboard_sabre_ai_rev_b.a(i2c_iomux_config.o)
 *(COMMON)
 COMMON         0x1040c030        0x4 /home/leon/riotboard/arm-2012.09/bin/../arm-none-eabi/lib//libc.a(lib_a-reent.o)
                0x1040c030                errno
 *(.bss)
                0x1040c034                __bss_end__ = .

.stacks         0x1040c034     0xc000
                0x1040c034                __stacks_start = .
                0x10418034                . = (. + 0xc000)
 *fill*         0x1040c034     0xc000 
                0x10418034                __stacks_end = .
                0x10418034                top_of_stacks = .
                0x10418040                free_memory_start = ALIGN (0x20)
                0x18418034                . = (. + 0x8000000)
                0x18418034                free_memory_end = .
                0x18418034                _end = .
START GROUP
LOAD /home/leon/git/swp-report/iMX6_Platform_SDK/output/mx6sdl/smp_primes/sabre_ai_rev_b/obj/apps/common/ivt.o
LOAD /home/leon/git/swp-report/iMX6_Platform_SDK/output/mx6sdl/smp_primes/sabre_ai_rev_b/obj/apps/common/platform_init.o
LOAD /home/leon/git/swp-report/iMX6_Platform_SDK/output/mx6sdl/smp_primes/sabre_ai_rev_b/obj/apps/smp_primes/src/main.o
LOAD /home/leon/git/swp-report/iMX6_Platform_SDK/output/mx6sdl/smp_primes/sabre_ai_rev_b/obj/apps/smp_primes/src/primes.o
LOAD /home/leon/git/swp-report/iMX6_Platform_SDK/output/mx6sdl/lib/libsdk.a
LOAD /home/leon/git/swp-report/iMX6_Platform_SDK/output/mx6sdl/lib/libboard_sabre_ai_rev_b.a
LOAD /home/leon/riotboard/arm-2012.09/bin/../arm-none-eabi/lib//libm.a
LOAD /home/leon/riotboard/arm-2012.09/bin/../arm-none-eabi/lib//libstdc++.a
LOAD /home/leon/riotboard/arm-2012.09/bin/../arm-none-eabi/lib//libc.a
LOAD /home/leon/riotboard/arm-2012.09/bin/../lib/gcc/arm-none-eabi/4.7.2//libgcc.a
END GROUP
OUTPUT(/home/leon/git/swp-report/iMX6_Platform_SDK/output/mx6sdl/smp_primes/sabre_ai_rev_b/smp_primes.elf elf32-littlearm)

.ARM.attributes
                0x00000000       0x3b
 .ARM.attributes
                0x00000000       0x30 /home/leon/riotboard/arm-2012.09/bin/../lib/gcc/arm-none-eabi/4.7.2//crtbegin.o
 .ARM.attributes
                0x00000030       0x16 /home/leon/riotboard/arm-2012.09/bin/../lib/gcc/arm-none-eabi/4.7.2//crti.o
 .ARM.attributes
                0x00000046       0x30 /home/leon/riotboard/arm-2012.09/bin/../lib/gcc/arm-none-eabi/4.7.2//crtend.o
 .ARM.attributes
                0x00000076       0x18 /home/leon/riotboard/arm-2012.09/bin/../lib/gcc/arm-none-eabi/4.7.2//crtn.o
 .ARM.attributes
                0x0000008e       0x39 /home/leon/git/swp-report/iMX6_Platform_SDK/output/mx6sdl/smp_primes/sabre_ai_rev_b/obj/apps/common/ivt.o
 .ARM.attributes
                0x000000c7       0x39 /home/leon/git/swp-report/iMX6_Platform_SDK/output/mx6sdl/smp_primes/sabre_ai_rev_b/obj/apps/common/platform_init.o
 .ARM.attributes
                0x00000100       0x39 /home/leon/git/swp-report/iMX6_Platform_SDK/output/mx6sdl/smp_primes/sabre_ai_rev_b/obj/apps/smp_primes/src/main.o
 .ARM.attributes
                0x00000139       0x39 /home/leon/git/swp-report/iMX6_Platform_SDK/output/mx6sdl/smp_primes/sabre_ai_rev_b/obj/apps/smp_primes/src/primes.o
 .ARM.attributes
                0x00000172       0x39 /home/leon/git/swp-report/iMX6_Platform_SDK/output/mx6sdl/lib/libsdk.a(armv7_cache.o)
 .ARM.attributes
                0x000001ab       0x39 /home/leon/git/swp-report/iMX6_Platform_SDK/output/mx6sdl/lib/libsdk.a(ccm_pll.o)
 .ARM.attributes
                0x000001e4       0x16 /home/leon/git/swp-report/iMX6_Platform_SDK/output/mx6sdl/lib/libsdk.a(cortexA9.o)
 .ARM.attributes
                0x000001fa       0x39 /home/leon/git/swp-report/iMX6_Platform_SDK/output/mx6sdl/lib/libsdk.a(gic.o)
 .ARM.attributes
                0x00000233       0x39 /home/leon/git/swp-report/iMX6_Platform_SDK/output/mx6sdl/lib/libsdk.a(mmu.o)
 .ARM.attributes
                0x0000026c       0x16 /home/leon/git/swp-report/iMX6_Platform_SDK/output/mx6sdl/lib/libsdk.a(startup.o)
 .ARM.attributes
                0x00000282       0x14 /home/leon/git/swp-report/iMX6_Platform_SDK/output/mx6sdl/lib/libsdk.a(vectors.o)
 .ARM.attributes
                0x00000296       0x39 /home/leon/git/swp-report/iMX6_Platform_SDK/output/mx6sdl/lib/libsdk.a(spinlock.o)
 .ARM.attributes
                0x000002cf       0x16 /home/leon/git/swp-report/iMX6_Platform_SDK/output/mx6sdl/lib/libsdk.a(spinlock_lock_unlock.o)
 .ARM.attributes
                0x000002e5       0x39 /home/leon/git/swp-report/iMX6_Platform_SDK/output/mx6sdl/lib/libsdk.a(system_util.o)
 .ARM.attributes
                0x0000031e       0x39 /home/leon/git/swp-report/iMX6_Platform_SDK/output/mx6sdl/lib/libsdk.a(text_color.o)
 .ARM.attributes
                0x00000357       0x39 /home/leon/git/swp-report/iMX6_Platform_SDK/output/mx6sdl/lib/libsdk.a(cpu_get_cores.o)
 .ARM.attributes
                0x00000390       0x39 /home/leon/git/swp-report/iMX6_Platform_SDK/output/mx6sdl/lib/libsdk.a(cpu_multicore.o)
 .ARM.attributes
                0x000003c9       0x39 /home/leon/git/swp-report/iMX6_Platform_SDK/output/mx6sdl/lib/libsdk.a(timer.o)
 .ARM.attributes
                0x00000402       0x39 /home/leon/git/swp-report/iMX6_Platform_SDK/output/mx6sdl/lib/libsdk.a(imx_uart.o)
 .ARM.attributes
                0x0000043b       0x14 /home/leon/git/swp-report/iMX6_Platform_SDK/output/mx6sdl/lib/libsdk.a(arm_abort.o)
 .ARM.attributes
                0x0000044f       0x39 /home/leon/git/swp-report/iMX6_Platform_SDK/output/mx6sdl/lib/libsdk.a(interrupt.o)
 .ARM.attributes
                0x00000488       0x39 /home/leon/git/swp-report/iMX6_Platform_SDK/output/mx6sdl/lib/libsdk.a(epit.o)
 .ARM.attributes
                0x000004c1       0x39 /home/leon/git/swp-report/iMX6_Platform_SDK/output/mx6sdl/lib/libsdk.a(abort_handler.o)
 .ARM.attributes