Archive member included because of file (symbol)

/home/leon/git/swp-report/iMX6_Platform_SDK/output/mx6sdl/lib/libsdk.a(armv7_cache.o)
                              /home/leon/git/swp-report/iMX6_Platform_SDK/output/mx6sdl/smp_primes/sabre_ai_rev_b/obj/apps/smp_primes/src/main.o (arm_dcache_enable)
/home/leon/git/swp-report/iMX6_Platform_SDK/output/mx6sdl/lib/libsdk.a(ccm_pll.o)
                              /home/leon/git/swp-report/iMX6_Platform_SDK/output/mx6sdl/smp_primes/sabre_ai_rev_b/obj/apps/common/platform_init.o (ccm_init)
/home/leon/git/swp-report/iMX6_Platform_SDK/output/mx6sdl/lib/libsdk.a(cortexA9.o)
                              /home/leon/git/swp-report/iMX6_Platform_SDK/output/mx6sdl/smp_primes/sabre_ai_rev_b/obj/apps/common/platform_init.o (arm_set_interrupt_state)
/home/leon/git/swp-report/iMX6_Platform_SDK/output/mx6sdl/lib/libsdk.a(gic.o)
                              /home/leon/git/swp-report/iMX6_Platform_SDK/output/mx6sdl/smp_primes/sabre_ai_rev_b/obj/apps/common/platform_init.o (gic_init)
/home/leon/git/swp-report/iMX6_Platform_SDK/output/mx6sdl/lib/libsdk.a(mmu.o)
                              /home/leon/git/swp-report/iMX6_Platform_SDK/output/mx6sdl/smp_primes/sabre_ai_rev_b/obj/apps/common/platform_init.o (mmu_init)
/home/leon/git/swp-report/iMX6_Platform_SDK/output/mx6sdl/lib/libsdk.a(startup.o)
                              (_start)
/home/leon/git/swp-report/iMX6_Platform_SDK/output/mx6sdl/lib/libsdk.a(vectors.o)
                              /home/leon/git/swp-report/iMX6_Platform_SDK/output/mx6sdl/lib/libsdk.a(startup.o) (vectors)
/home/leon/git/swp-report/iMX6_Platform_SDK/output/mx6sdl/lib/libsdk.a(spinlock.o)
                              /home/leon/git/swp-report/iMX6_Platform_SDK/output/mx6sdl/smp_primes/sabre_ai_rev_b/obj/apps/smp_primes/src/main.o (spinlock_init)
/home/leon/git/swp-report/iMX6_Platform_SDK/output/mx6sdl/lib/libsdk.a(spinlock_lock_unlock.o)
                              /home/leon/git/swp-report/iMX6_Platform_SDK/output/mx6sdl/smp_primes/sabre_ai_rev_b/obj/apps/smp_primes/src/main.o (spinlock_lock)
/home/leon/git/swp-report/iMX6_Platform_SDK/output/mx6sdl/lib/libsdk.a(system_util.o)
                              /home/leon/git/swp-report/iMX6_Platform_SDK/output/mx6sdl/lib/libsdk.a(startup.o) (_sys_exit)
/home/leon/git/swp-report/iMX6_Platform_SDK/output/mx6sdl/lib/libsdk.a(text_color.o)
                              /home/leon/git/swp-report/iMX6_Platform_SDK/output/mx6sdl/lib/libsdk.a(system_util.o) (g_TextAttributeBold)
/home/leon/git/swp-report/iMX6_Platform_SDK/output/mx6sdl/lib/libsdk.a(cpu_get_cores.o)
                              /home/leon/git/swp-report/iMX6_Platform_SDK/output/mx6sdl/smp_primes/sabre_ai_rev_b/obj/apps/smp_primes/src/main.o (cpu_get_cores)
/home/leon/git/swp-report/iMX6_Platform_SDK/output/mx6sdl/lib/libsdk.a(cpu_multicore.o)
                              /home/leon/git/swp-report/iMX6_Platform_SDK/output/mx6sdl/smp_primes/sabre_ai_rev_b/obj/apps/smp_primes/src/main.o (cpu_start_secondary)
/home/leon/git/swp-report/iMX6_Platform_SDK/output/mx6sdl/lib/libsdk.a(timer.o)
                              /home/leon/git/swp-report/iMX6_Platform_SDK/output/mx6sdl/smp_primes/sabre_ai_rev_b/obj/apps/common/platform_init.o (system_time_init)
/home/leon/git/swp-report/iMX6_Platform_SDK/output/mx6sdl/lib/libsdk.a(imx_uart.o)
                              /home/leon/git/swp-report/iMX6_Platform_SDK/output/mx6sdl/smp_primes/sabre_ai_rev_b/obj/apps/common/platform_init.o (uart_getchar)
/home/leon/git/swp-report/iMX6_Platform_SDK/output/mx6sdl/lib/libsdk.a(arm_abort.o)
                              /home/leon/git/swp-report/iMX6_Platform_SDK/output/mx6sdl/lib/libsdk.a(vectors.o) (data_abort_handler)
/home/leon/git/swp-report/iMX6_Platform_SDK/output/mx6sdl/lib/libsdk.a(interrupt.o)
                              /home/leon/git/swp-report/iMX6_Platform_SDK/output/mx6sdl/lib/libsdk.a(vectors.o) (IRQ_HDLR)
/home/leon/git/swp-report/iMX6_Platform_SDK/output/mx6sdl/lib/libsdk.a(epit.o)
                              /home/leon/git/swp-report/iMX6_Platform_SDK/output/mx6sdl/lib/libsdk.a(timer.o) (epit_get_compare_event)
/home/leon/git/swp-report/iMX6_Platform_SDK/output/mx6sdl/lib/libsdk.a(abort_handler.o)
                              /home/leon/git/swp-report/iMX6_Platform_SDK/output/mx6sdl/lib/libsdk.a(arm_abort.o) (dump_regs)
/home/leon/git/swp-report/iMX6_Platform_SDK/output/mx6sdl/lib/libboard_sabre_ai_rev_b.a(board_io_expanders.o)
                              /home/leon/git/swp-report/iMX6_Platform_SDK/output/mx6sdl/smp_primes/sabre_ai_rev_b/obj/apps/common/platform_init.o (board_ioexpander_init)
/home/leon/git/swp-report/iMX6_Platform_SDK/output/mx6sdl/lib/libboard_sabre_ai_rev_b.a(hardware_modules.o)
                              /home/leon/git/swp-report/iMX6_Platform_SDK/output/mx6sdl/smp_primes/sabre_ai_rev_b/obj/apps/common/platform_init.o (g_debug_uart_port)
[...]
Memory Configuration

Name             Origin             Length             Attributes
OCRAM            0x0000000000900000 0x0000000000020000 xrw
DDR              0x0000000010000000 0x0000000080000000 xrw
*default*        0x0000000000000000 0xffffffffffffffff

Linker script and memory map

LOAD /home/src/arm/target/bin/../lib/gcc/arm-none-eabi/4.8.2//crtbegin.o
LOAD /home/src/arm/target/bin/../lib/gcc/arm-none-eabi/4.8.2//crti.o
LOAD /home/src/arm/target/bin/../lib/gcc/arm-none-eabi/4.8.2//crtend.o
LOAD /home/src/arm/target/bin/../lib/gcc/arm-none-eabi/4.8.2//crtn.o

.l1_page_table  0x0000000000900000     0x4000
                0x0000000000900000                __l1_page_table_start = .
                0x0000000000904000                . = (. + 0x4000)
 *fill*         0x0000000000900000     0x4000 

.heap.ocram     0x0000000000904000    0x1bfb8
                0x0000000000904000                __heap_ocram_start = .
                0x000000000091ffb8                . = (. + 0x1bfb8)
 *fill*         0x0000000000904000    0x1bfb8 
                0x000000000091ffb8                __heap_ocram_end = .

.ram_vectors    0x000000000091ffb8       0x48
                0x000000000091ffb8                __ram_vectors_start = .
                0x0000000000920000                . = (. + 0x48)
 *fill*         0x000000000091ffb8       0x48 
                0x0000000000920000                __ram_vectors_end = .
                0x0000000010000000                _start_image_add = ORIGIN (DDR)

.ivt            0x0000000010000000      0x420
                0x0000000010000400                . = (. + 0x400)
 *fill*         0x0000000010000000      0x400 
 *(.ivt)
 .ivt           0x0000000010000400       0x20 /home/leon/git/swp-report/iMX6_Platform_SDK/output/mx6sdl/smp_primes/sabre_ai_rev_b/obj/apps/common/ivt.o
                0x0000000010000400                input_ivt

.boot_data      0x0000000010000420        0xc
                0x0000000010000420                __start_boot_data = .
 *(.boot_data)
 .boot_data     0x0000000010000420        0xc /home/leon/git/swp-report/iMX6_Platform_SDK/output/mx6sdl/smp_primes/sabre_ai_rev_b/obj/apps/common/ivt.o
                0x0000000010000420                bd

.dcd_hdr        0x0000000010000430        0x4
                0x0000000010000430                __start_dcd = .
 *(.dcd_hdr)
 .dcd_hdr       0x0000000010000430        0x4 /home/leon/git/swp-report/iMX6_Platform_SDK/output/mx6sdl/lib/libboard_sabre_ai_rev_b.a(dcd.o)
                0x0000000010000430                input_dcd_hdr

.dcd_wrt_cmd    0x0000000010000434        0x4
 *(.dcd_wrt_cmd)
 .dcd_wrt_cmd   0x0000000010000434        0x4 /home/leon/git/swp-report/iMX6_Platform_SDK/output/mx6sdl/lib/libboard_sabre_ai_rev_b.a(dcd.o)
                0x0000000010000434                input_dcd_wrt_cmd

.dcd_data       0x0000000010000438      0x298
 *(.dcd_data)
 .dcd_data      0x0000000010000438      0x298 /home/leon/git/swp-report/iMX6_Platform_SDK/output/mx6sdl/lib/libboard_sabre_ai_rev_b.a(dcd.o)
                0x0000000010000438                input_dcd

.text           0x00000000100006d0    0x19e00
 CREATE_OBJECT_SYMBOLS
 *(.startup)
 .startup       0x00000000100006d0      0x138 /home/leon/git/swp-report/iMX6_Platform_SDK/output/mx6sdl/lib/libsdk.a(startup.o)
                0x00000000100006d0                _start
 *(.text .text.* .gnu.linkonce.t.*)
 .text          0x0000000010000808      0x128 /home/src/arm/target/bin/../lib/gcc/arm-none-eabi/4.8.2//crtbegin.o
 .text          0x0000000010000930        0x0 /home/src/arm/target/bin/../lib/gcc/arm-none-eabi/4.8.2//crti.o
 .text          0x0000000010000930        0x0 /home/src/arm/target/bin/../lib/gcc/arm-none-eabi/4.8.2//crtend.o
 .text          0x0000000010000930        0x0 /home/src/arm/target/bin/../lib/gcc/arm-none-eabi/4.8.2//crtn.o
 .text          0x0000000010000930        0x0 /home/leon/git/swp-report/iMX6_Platform_SDK/output/mx6sdl/smp_primes/sabre_ai_rev_b/obj/apps/common/ivt.o
 .text          0x0000000010000930       0x98 /home/leon/git/swp-report/iMX6_Platform_SDK/output/mx6sdl/smp_primes/sabre_ai_rev_b/obj/apps/common/platform_init.o
                0x0000000010000930                platform_init
 .text          0x00000000100009c8      0x380 /home/leon/git/swp-report/iMX6_Platform_SDK/output/mx6sdl/smp_primes/sabre_ai_rev_b/obj/apps/smp_primes/src/main.o
                0x00000000100009c8                configure_cpu
                0x0000000010000a1c                smp_primes
                0x0000000010000d2c                main
 .text          0x0000000010000d48      0x558 /home/leon/git/swp-report/iMX6_Platform_SDK/output/mx6sdl/smp_primes/sabre_ai_rev_b/obj/apps/smp_primes/src/primes.o
                0x0000000010000e7c                initPrimes
                0x0000000010001178                calculatePrimes
 .text          0x00000000100012a0      0x634 /home/leon/git/swp-report/iMX6_Platform_SDK/output/mx6sdl/lib/libsdk.a(armv7_cache.o)
                0x00000000100012a0                arm_dcache_state_query
                0x00000000100012e0                arm_dcache_enable
                0x0000000010001328                arm_dcache_disable
                0x0000000010001360                arm_dcache_invalidate
                0x00000000100013fc                arm_dcache_invalidate_line
                0x0000000010001468                arm_dcache_invalidate_mlines
                0x0000000010001508                arm_dcache_flush
                0x00000000100015a4                arm_dcache_flush_line
                0x0000000010001610                arm_dcache_flush_mlines
                0x00000000100016b0                arm_icache_state_query
                0x00000000100016f0                arm_icache_enable
                0x0000000010001738                arm_icache_disable
                0x0000000010001770                arm_icache_invalidate
                0x000000001000179c                arm_icache_invalidate_is
                0x00000000100017c8                arm_icache_invalidate_line
                0x0000000010001834                arm_icache_invalidate_mlines
 .text          0x00000000100018d4      0xc50 /home/leon/git/swp-report/iMX6_Platform_SDK/output/mx6sdl/lib/libsdk.a(ccm_pll.o)
                0x00000000100018d4                ccm_init
                0x00000000100019f8                get_main_clock
                0x0000000010001c84                get_peri_clock
                0x0000000010001e24                ccm_ccgr_config
                0x0000000010001e8c                clock_gating_config
                0x00000000100022c4                ccm_set_lpm_wakeup_source
                0x00000000100023b8                ccm_enter_low_power
                0x0000000010002428                ipu_hsp_clk_config
                0x0000000010002448                gpu_clock_config
 .text          0x0000000010002524      0x164 /home/leon/git/swp-report/iMX6_Platform_SDK/output/mx6sdl/lib/libsdk.a(cortexA9.o)
                0x0000000010002524                arm_set_interrupt_state
                0x0000000010002548                cpu_get_current
                0x0000000010002554                enable_neon_fpu
                0x0000000010002570                disable_strict_align_check
                0x0000000010002584                disable_L1_cache
                0x00000000100025a4                get_arm_private_peripheral_base
                0x00000000100025ac                arm_unified_tlb_invalidate
                0x00000000100025bc                arm_unified_tlb_invalidate_is
                0x00000000100025cc                arm_branch_prediction_enable
                0x00000000100025dc                arm_branch_prediction_disable
                0x00000000100025ec                arm_branch_target_cache_invalidate
                0x00000000100025f8                arm_branch_target_cache_invalidate_is
                0x0000000010002604                scu_enable
                0x0000000010002618                scu_join_smp
                0x0000000010002628                scu_leave_smp
                0x0000000010002638                scu_get_cpus_in_smp
                0x000000001000264c                scu_enable_maintenance_broadcast
                0x000000001000265c                scu_disable_maintenance_broadcast
                0x000000001000266c                scu_secure_invalidate
 .text          0x0000000010002688      0x5e0 /home/leon/git/swp-report/iMX6_Platform_SDK/output/mx6sdl/lib/libsdk.a(gic.o)
                0x000000001000276c                gic_enable
                0x00000000100027cc                gic_set_irq_security
                0x0000000010002874                gic_enable_irq
                0x00000000100028f0                gic_set_irq_priority
                0x0000000010002938                gic_set_cpu_target
                0x0000000010002a44                gic_send_sgi
                0x0000000010002a98                gic_cpu_enable
                0x0000000010002af8                gic_set_cpu_priority_mask
                0x0000000010002b2c                gic_read_irq_ack
                0x0000000010002b58                gic_write_end_of_irq
                0x0000000010002b88                gic_init
                0x0000000010002c2c                gic_init_cpu
 .text          0x0000000010002c68      0x458 /home/leon/git/swp-report/iMX6_Platform_SDK/output/mx6sdl/lib/libsdk.a(mmu.o)
                0x0000000010002c68                mmu_enable
                0x0000000010002ca0                mmu_disable
                0x0000000010002cd4                mmu_init
                0x0000000010002df0                mmu_map_l1_range
                0x0000000010003004                mmu_virtual_to_physical
 .text          0x00000000100030c0        0x0 /home/leon/git/swp-report/iMX6_Platform_SDK/output/mx6sdl/lib/libsdk.a(startup.o)
 .text          0x00000000100030c0        0x4 /home/leon/git/swp-report/iMX6_Platform_SDK/output/mx6sdl/lib/libsdk.a(vectors.o)
                0x00000000100030c0                exception_handler
 .text.vectors  0x00000000100030c4       0x48 /home/leon/git/swp-report/iMX6_Platform_SDK/output/mx6sdl/lib/libsdk.a(vectors.o)
                0x00000000100030c4                vectors
 .text          0x000000001000310c       0x60 /home/leon/git/swp-report/iMX6_Platform_SDK/output/mx6sdl/lib/libsdk.a(spinlock.o)
                0x000000001000310c                spinlock_init
                0x0000000010003134                spinlock_is_locked
 .text          0x000000001000316c       0x60 /home/leon/git/swp-report/iMX6_Platform_SDK/output/mx6sdl/lib/libsdk.a(spinlock_lock_unlock.o)
                0x000000001000316c                spinlock_lock
                0x0000000010003198                spinlock_unlock
 .text          0x00000000100031cc      0x8fc /home/leon/git/swp-report/iMX6_Platform_SDK/output/mx6sdl/lib/libsdk.a(system_util.o)
                0x00000000100031cc                _sys_exit
                0x00000000100031e8                mybkpt
                0x00000000100031f0                is_input_char
                0x0000000010003370                read_input_string
                0x0000000010003650                get_input_hex
                0x00000000100038c8                read_int
                0x0000000010003a24                jump_to_sdp
 .text          0x0000000010003ac8       0xdc /home/leon/git/swp-report/iMX6_Platform_SDK/output/mx6sdl/lib/libsdk.a(text_color.o)
                0x0000000010003ac8                printf_color
                0x0000000010003b60                get_color_supported
 .text          0x0000000010003ba4       0x78 /home/leon/git/swp-report/iMX6_Platform_SDK/output/mx6sdl/lib/libsdk.a(cpu_get_cores.o)
                0x0000000010003ba4                cpu_get_cores
 .text          0x0000000010003c1c      0x1d0 /home/leon/git/swp-report/iMX6_Platform_SDK/output/mx6sdl/lib/libsdk.a(cpu_multicore.o)
                0x0000000010003c80                cpu_start_secondary
                0x0000000010003d80                cpu_disable
 .text          0x0000000010003dec      0x27c /home/leon/git/swp-report/iMX6_Platform_SDK/output/mx6sdl/lib/libsdk.a(timer.o)
                0x0000000010003dec                hal_delay_us
                0x0000000010003e58                system_time_init
                0x0000000010003fb4                time_get_microseconds
 .text          0x0000000010004068     0x281c /home/leon/git/swp-report/iMX6_Platform_SDK/output/mx6sdl/lib/libsdk.a(imx_uart.o)
                0x0000000010004068                uart_get_reffreq
                0x0000000010004164                uart_putchar
                0x00000000100042b4                uart_getchar
                0x0000000010004414                uart_set_FIFO_mode
                0x0000000010004f3c                uart_set_loopback_mode
                0x0000000010005190                uart_setup_interrupt
                0x000000001000525c                uart_init
 .text          0x0000000010006884       0x98 /home/leon/git/swp-report/iMX6_Platform_SDK/output/mx6sdl/lib/libsdk.a(arm_abort.o)
                0x0000000010006884                common_abort_handler
                0x00000000100068e4                data_abort_handler
                0x00000000100068fc                prefetch_abort_handler
 .text          0x000000001000691c      0x1b8 /home/leon/git/swp-report/iMX6_Platform_SDK/output/mx6sdl/lib/libsdk.a(interrupt.o)
                0x000000001000691c                IRQ_HDLR
                0x00000000100069e0                disable_interrupt
                0x0000000010006a1c                enable_interrupt
                0x0000000010006a74                register_interrupt_routine
                0x0000000010006aa8                default_interrupt_routine
 .text          0x0000000010006ad4      0x8dc /home/leon/git/swp-report/iMX6_Platform_SDK/output/mx6sdl/lib/libsdk.a(epit.o)
                0x0000000010006ad4                epit_reload_counter
                0x0000000010006b34                epit_get_counter_value
                0x0000000010006b90                epit_set_compare_event
                0x0000000010006bf0                epit_get_compare_event
                0x0000000010006ce8                epit_counter_disable
                0x0000000010006eac                epit_counter_enable
                0x0000000010007108                epit_setup_interrupt
                0x0000000010007198                epit_init
 .text          0x00000000100073b0      0x4bc /home/leon/git/swp-report/iMX6_Platform_SDK/output/mx6sdl/lib/libsdk.a(abort_handler.o)
                0x00000000100073b0                dump_regs
 .text          0x000000001000786c      0x12c /home/leon/git/swp-report/iMX6_Platform_SDK/output/mx6sdl/lib/libboard_sabre_ai_rev_b.a(board_io_expanders.o)
                0x000000001000786c                board_ioexpander_init
                0x0000000010007964                board_ioexpander_iomux_config
 .text          0x0000000010007998        0x0 /home/leon/git/swp-report/iMX6_Platform_SDK/output/mx6sdl/lib/libboard_sabre_ai_rev_b.a(hardware_modules.o)
 .text          0x0000000010007998        0x0 /home/leon/git/swp-report/iMX6_Platform_SDK/output/mx6sdl/lib/libboard_sabre_ai_rev_b.a(dcd.o)
 .text          0x0000000010007998       0x78 /home/leon/git/swp-report/iMX6_Platform_SDK/output/mx6sdl/lib/libboard_sabre_ai_rev_b.a(i2c3_iomux_config.o)
                0x0000000010007998                i2c3_iomux_config
 .text          0x0000000010007a10       0x8c /home/leon/git/swp-report/iMX6_Platform_SDK/output/mx6sdl/lib/libboard_sabre_ai_rev_b.a(uart_iomux_config.o)
                0x0000000010007a10                uart_iomux_config
 .text          0x0000000010007a9c      0x2c4 /home/leon/git/swp-report/iMX6_Platform_SDK/output/mx6sdl/lib/libboard_sabre_ai_rev_b.a(iomux_config.o)
                0x0000000010007a9c                iomux_config
                0x0000000010007b20                arm_iomux_config
                0x0000000010007b30                asrc_iomux_config
                0x0000000010007b40                dcic1_iomux_config
                0x0000000010007b50                dcic2_iomux_config
                0x0000000010007b60                ecspi2_iomux_config
                0x0000000010007b70                ecspi3_iomux_config
                0x0000000010007b80                ecspi4_iomux_config
                0x0000000010007b90                epdc_iomux_config
                0x0000000010007ba0                epit1_iomux_config
                0x0000000010007bb0                epit2_iomux_config
                0x0000000010007bc0                gpio3_iomux_config
                0x0000000010007bd0                gpio7_iomux_config
                0x0000000010007be0                gpt_iomux_config
                0x0000000010007bf0                hdmi_iomux_config
                0x0000000010007c00                i2c1_iomux_config
                0x0000000010007c10                i2c4_iomux_config
                0x0000000010007c20                kpp_iomux_config
                0x0000000010007c30                lcd_iomux_config
                0x0000000010007c40                ldb_iomux_config
                0x0000000010007c50                mipi_csi_iomux_config
                0x0000000010007c60                mipi_dsi_iomux_config
                0x0000000010007c70                mipi_hsi_iomux_config
                0x0000000010007c80                pcie_iomux_config
                0x0000000010007c90                pmu_iomux_config
                0x0000000010007ca0                pwm1_iomux_config
                0x0000000010007cb0                pwm2_iomux_config
                0x0000000010007cc0                sdma_iomux_config
                0x0000000010007cd0                snvs_iomux_config
                0x0000000010007ce0                src_iomux_config
                0x0000000010007cf0                uart1_iomux_config
                0x0000000010007d00                uart5_iomux_config
                0x0000000010007d10                usb_iomux_config
                0x0000000010007d20                usdhc2_iomux_config
                0x0000000010007d30                usdhc4_iomux_config
                0x0000000010007d40                wdog2_iomux_config
                0x0000000010007d50                xtalosc_iomux_config
 .text          0x0000000010007d60      0x5f8 /home/leon/git/swp-report/iMX6_Platform_SDK/output/mx6sdl/lib/libboard_sabre_ai_rev_b.a(ipu1_iomux_config.o)
                0x0000000010007d60                ipu1_iomux_config
 .text          0x0000000010008358       0xac /home/leon/git/swp-report/iMX6_Platform_SDK/output/mx6sdl/lib/libboard_sabre_ai_rev_b.a(mlb_iomux_config.o)
                0x0000000010008358                mlb_iomux_config
 .text          0x0000000010008404     0x2484 /home/leon/git/swp-report/iMX6_Platform_SDK/output/mx6sdl/lib/libboard_sabre_ai_rev_b.a(mmdc_iomux_config.o)
                0x0000000010008404                mmdc_iomux_config
 .text          0x000000001000a888       0x34 /home/leon/git/swp-report/iMX6_Platform_SDK/output/mx6sdl/lib/libboard_sabre_ai_rev_b.a(pwm3_iomux_config.o)
                0x000000001000a888                pwm3_iomux_config
 .text          0x000000001000a8bc       0x34 /home/leon/git/swp-report/iMX6_Platform_SDK/output/mx6sdl/lib/libboard_sabre_ai_rev_b.a(pwm4_iomux_config.o)
                0x000000001000a8bc                pwm4_iomux_config
 .text          0x000000001000a8f0       0x70 /home/leon/git/swp-report/iMX6_Platform_SDK/output/mx6sdl/lib/libboard_sabre_ai_rev_b.a(sjc_iomux_config.o)
                0x000000001000a8f0                sjc_iomux_config
 .text          0x000000001000a960       0x40 /home/leon/git/swp-report/iMX6_Platform_SDK/output/mx6sdl/lib/libboard_sabre_ai_rev_b.a(spdif_iomux_config.o)
                0x000000001000a960                spdif_iomux_config
 .text          0x000000001000a9a0       0xe0 /home/leon/git/swp-report/iMX6_Platform_SDK/output/mx6sdl/lib/libboard_sabre_ai_rev_b.a(uart2_iomux_config.o)
                0x000000001000a9a0                uart2_iomux_config
 .text          0x000000001000aa80       0xe0 /home/leon/git/swp-report/iMX6_Platform_SDK/output/mx6sdl/lib/libboard_sabre_ai_rev_b.a(uart3_iomux_config.o)
                0x000000001000aa80                uart3_iomux_config
 .text          0x000000001000ab60       0x78 /home/leon/git/swp-report/iMX6_Platform_SDK/output/mx6sdl/lib/libboard_sabre_ai_rev_b.a(uart4_iomux_config.o)
                0x000000001000ab60                uart4_iomux_config
 .text          0x000000001000abd8      0x1ac /home/leon/git/swp-report/iMX6_Platform_SDK/output/mx6sdl/lib/libboard_sabre_ai_rev_b.a(usdhc1_iomux_config.o)
                0x000000001000abd8                usdhc1_iomux_config
 .text          0x000000001000ad84      0x1d0 /home/leon/git/swp-report/iMX6_Platform_SDK/output/mx6sdl/lib/libboard_sabre_ai_rev_b.a(usdhc3_iomux_config.o)
                0x000000001000ad84                usdhc3_iomux_config
 .text          0x000000001000af54       0x34 /home/leon/git/swp-report/iMX6_Platform_SDK/output/mx6sdl/lib/libboard_sabre_ai_rev_b.a(wdog1_iomux_config.o)
                0x000000001000af54                wdog1_iomux_config
 .text          0x000000001000af88      0x13c /home/leon/git/swp-report/iMX6_Platform_SDK/output/mx6sdl/lib/libboard_sabre_ai_rev_b.a(audmux_iomux_config.o)
                0x000000001000af88                audmux_iomux_config
 .text          0x000000001000b0c4       0x34 /home/leon/git/swp-report/iMX6_Platform_SDK/output/mx6sdl/lib/libboard_sabre_ai_rev_b.a(ccm_iomux_config.o)
                0x000000001000b0c4                ccm_iomux_config
 .text          0x000000001000b0f8      0x104 /home/leon/git/swp-report/iMX6_Platform_SDK/output/mx6sdl/lib/libboard_sabre_ai_rev_b.a(ecspi1_iomux_config.o)
                0x000000001000b0f8                ecspi1_iomux_config
 .text          0x000000001000b1fc      0x5d0 /home/leon/git/swp-report/iMX6_Platform_SDK/output/mx6sdl/lib/libboard_sabre_ai_rev_b.a(eim_iomux_config.o)
                0x000000001000b1fc                eim_iomux_config
 .text          0x000000001000b7cc      0x3bc /home/leon/git/swp-report/iMX6_Platform_SDK/output/mx6sdl/lib/libboard_sabre_ai_rev_b.a(enet_iomux_config.o)
                0x000000001000b7cc                enet_iomux_config
 .text          0x000000001000bb88      0x218 /home/leon/git/swp-report/iMX6_Platform_SDK/output/mx6sdl/lib/libboard_sabre_ai_rev_b.a(esai_iomux_config.o)
                0x000000001000bb88                esai_iomux_config
 .text          0x000000001000bda0       0x68 /home/leon/git/swp-report/iMX6_Platform_SDK/output/mx6sdl/lib/libboard_sabre_ai_rev_b.a(flexcan1_iomux_config.o)
                0x000000001000bda0                flexcan1_iomux_config
 .text          0x000000001000be08       0x68 /home/leon/git/swp-report/iMX6_Platform_SDK/output/mx6sdl/lib/libboard_sabre_ai_rev_b.a(flexcan2_iomux_config.o)
                0x000000001000be08                flexcan2_iomux_config
 .text          0x000000001000be70      0x130 /home/leon/git/swp-report/iMX6_Platform_SDK/output/mx6sdl/lib/libboard_sabre_ai_rev_b.a(gpio1_iomux_config.o)
                0x000000001000be70                gpio1_iomux_config
 .text          0x000000001000bfa0       0xfc /home/leon/git/swp-report/iMX6_Platform_SDK/output/mx6sdl/lib/libboard_sabre_ai_rev_b.a(gpio2_iomux_config.o)
                0x000000001000bfa0                gpio2_iomux_config
 .text          0x000000001000c09c       0x58 /home/leon/git/swp-report/iMX6_Platform_SDK/output/mx6sdl/lib/libboard_sabre_ai_rev_b.a(gpio4_iomux_config.o)
                0x000000001000c09c                gpio4_iomux_config
 .text          0x000000001000c0f4       0xe4 /home/leon/git/swp-report/iMX6_Platform_SDK/output/mx6sdl/lib/libboard_sabre_ai_rev_b.a(gpio5_iomux_config.o)
                0x000000001000c0f4                gpio5_iomux_config
 .text          0x000000001000c1d8       0x54 /home/leon/git/swp-report/iMX6_Platform_SDK/output/mx6sdl/lib/libboard_sabre_ai_rev_b.a(gpio6_iomux_config.o)
                0x000000001000c1d8                gpio6_iomux_config
 .text          0x000000001000c22c      0x274 /home/leon/git/swp-report/iMX6_Platform_SDK/output/mx6sdl/lib/libboard_sabre_ai_rev_b.a(gpmi_iomux_config.o)
                0x000000001000c22c                gpmi_iomux_config
 .text          0x000000001000c4a0       0x78 /home/leon/git/swp-report/iMX6_Platform_SDK/output/mx6sdl/lib/libboard_sabre_ai_rev_b.a(i2c2_iomux_config.o)
                0x000000001000c4a0                i2c2_iomux_config
 .text          0x000000001000c518       0x64 /home/src/arm/target/bin/../arm-none-eabi/lib//libc.a(lib_a-assert.o)
                0x000000001000c518                __assert_func
                0x000000001000c56c                __assert
 .text          0x000000001000c57c       0x20 /home/src/arm/target/bin/../arm-none-eabi/lib//libc.a(lib_a-bzero.o)
                0x000000001000c57c                bzero
 .text          0x000000001000c59c       0x70 /home/src/arm/target/bin/../arm-none-eabi/lib//libc.a(lib_a-fiprintf.o)
                0x000000001000c59c                _fiprintf_r
                0x000000001000c5cc                fiprintf
 .text          0x000000001000c60c       0x8c /home/src/arm/target/bin/../arm-none-eabi/lib//libc.a(lib_a-fputc.o)
                0x000000001000c60c                _fputc_r
                0x000000001000c650                fputc
 .text          0x000000001000c698        0x0 /home/src/arm/target/bin/../arm-none-eabi/lib//libc.a(lib_a-impure.o)
 .text          0x000000001000c698       0x88 /home/src/arm/target/bin/../arm-none-eabi/lib//libc.a(lib_a-init.o)
                0x000000001000c698                __libc_init_array
 .text          0x000000001000c720       0x40 /home/src/arm/target/bin/../arm-none-eabi/lib//libc.a(lib_a-malloc.o)
                0x000000001000c720                malloc
                0x000000001000c740                free
 .text          0x000000001000c760      0x72c /home/src/arm/target/bin/../arm-none-eabi/lib//libc.a(lib_a-mallocr.o)
                0x000000001000c760                _malloc_r
 .text          0x000000001000ce8c        0x8 /home/src/arm/target/bin/../arm-none-eabi/lib//libc.a(lib_a-mlock.o)
                0x000000001000ce8c                __malloc_lock
                0x000000001000ce90                __malloc_unlock
 .text          0x000000001000ce94       0x74 /home/src/arm/target/bin/../arm-none-eabi/lib//libc.a(lib_a-printf.o)
                0x000000001000ce94                _printf_r
                0x000000001000cec8                printf
 .text          0x000000001000cf08      0x158 /home/src/arm/target/bin/../arm-none-eabi/lib//libc.a(lib_a-putc.o)
                0x000000001000cf08                _putc_r
                0x000000001000cfac                putc
 .text          0x000000001000d060       0x24 /home/src/arm/target/bin/../arm-none-eabi/lib//libc.a(lib_a-realloc.o)
                0x000000001000d060                realloc
 .text          0x000000001000d084      0x56c /home/src/arm/target/bin/../arm-none-eabi/lib//libc.a(lib_a-reallocr.o)
                0x000000001000d084                _realloc_r
 .text          0x000000001000d5f0       0x70 /home/src/arm/target/bin/../arm-none-eabi/lib//libc.a(lib_a-rget.o)
                0x000000001000d5f0                __srget_r
                0x000000001000d64c                __srget
 .text          0x000000001000d660       0x44 /home/src/arm/target/bin/../arm-none-eabi/lib//libc.a(lib_a-sbrkr.o)
                0x000000001000d660                _sbrk_r
 .text          0x000000001000d6a4      0x9f4 /home/src/arm/target/bin/../arm-none-eabi/lib//libc.a(lib_a-syscalls.o)
                0x000000001000d758                initialise_monitor_handles
                0x000000001000d81c                _swiread
                0x000000001000d85c                _read
                0x000000001000d920                _swilseek
                0x000000001000da2c                _lseek
                0x000000001000da4c                _swiwrite
                0x000000001000da8c                _write
                0x000000001000db54                _swiopen
                0x000000001000dc54                _open
                0x000000001000dc88                _swiclose
                0x000000001000dd00                _close
                0x000000001000dd20                _kill
                0x000000001000dd58                _exit
                0x000000001000dd80                _getpid
                0x000000001000dd88                _sbrk
                0x000000001000dde0                _fstat
                0x000000001000de14                _stat
                0x000000001000de68                _link
                0x000000001000de70                _unlink
                0x000000001000dec4                _raise
                0x000000001000dec8                _gettimeofday
                0x000000001000df18                _times
                0x000000001000df5c                _isatty
                0x000000001000dfac                _system
                0x000000001000e030                _rename
 .text          0x000000001000e098     0x1238 /home/src/arm/target/bin/../arm-none-eabi/lib//libc.a(lib_a-vfiprintf.o)
                0x000000001000e144                __sprint_r
                0x000000001000e15c                _vfiprintf_r
                0x000000001000f1d8                vfiprintf
 .text          0x000000001000f2d0     0x1e98 /home/src/arm/target/bin/../arm-none-eabi/lib//libc.a(lib_a-vfprintf.o)
                0x000000001000f2d0                _vfprintf_r
                0x0000000010011070                vfprintf
 .text          0x0000000010011168       0x48 /home/src/arm/target/bin/../arm-none-eabi/lib//libc.a(lib_a-vprintf.o)
                0x0000000010011168                vprintf
                0x0000000010011194                _vprintf_r
 .text          0x00000000100111b0      0x13c /home/src/arm/target/bin/../arm-none-eabi/lib//libc.a(lib_a-wbuf.o)
                0x00000000100111b0                __swbuf_r
                0x00000000100112d4                __swbuf
 .text          0x00000000100112ec      0x15c /home/src/arm/target/bin/../arm-none-eabi/lib//libc.a(lib_a-wsetup.o)
                0x00000000100112ec                __swsetup_r
 .text          0x0000000010011448       0x14 /home/src/arm/target/bin/../arm-none-eabi/lib//libc.a(lib_a-abort.o)
                0x0000000010011448                abort
 *fill*         0x000000001001145c        0x4 
 .text          0x0000000010011460     0x18d8 /home/src/arm/target/bin/../arm-none-eabi/lib//libc.a(lib_a-dtoa.o)
                0x0000000010011640                _dtoa_r
 .text          0x0000000010012d38       0x10 /home/src/arm/target/bin/../arm-none-eabi/lib//libc.a(lib_a-errno.o)
                0x0000000010012d38                __errno
 .text          0x0000000010012d48      0x2d4 /home/src/arm/target/bin/../arm-none-eabi/lib//libc.a(lib_a-fflush.o)
                0x0000000010012d48                __sflush_r
                0x0000000010012f8c                _fflush_r
                0x0000000010012fe0                fflush
 .text          0x000000001001301c      0x354 /home/src/arm/target/bin/../arm-none-eabi/lib//libc.a(lib_a-findfp.o)
                0x000000001001302c                _cleanup_r
                0x0000000010013044                __sfmoreglue
                0x0000000010013094                _cleanup
                0x00000000100130b8                __sinit
                0x0000000010013220                __sfp
                0x0000000010013318                __sfp_lock_acquire
                0x000000001001331c                __sfp_lock_release
                0x0000000010013320                __sinit_lock_acquire
                0x0000000010013324                __sinit_lock_release
                0x0000000010013328                __fp_lock_all
                0x000000001001334c                __fp_unlock_all
 .text          0x0000000010013370      0x188 /home/src/arm/target/bin/../arm-none-eabi/lib//libc.a(lib_a-fputwc.o)
                0x0000000010013370                _fputwc_r
                0x00000000100134b4                fputwc
 .text          0x00000000100134f8      0x36c /home/src/arm/target/bin/../arm-none-eabi/lib//libc.a(lib_a-freer.o)
                0x00000000100134f8                _malloc_trim_r
                0x00000000100135f8                _free_r
 .text          0x0000000010013864      0x4dc /home/src/arm/target/bin/../arm-none-eabi/lib//libc.a(lib_a-fvwrite.o)
                0x0000000010013864                __sfvwrite_r
 .text          0x0000000010013d40      0x110 /home/src/arm/target/bin/../arm-none-eabi/lib//libc.a(lib_a-fwalk.o)
                0x0000000010013d40                _fwalk
                0x0000000010013dc4                _fwalk_reent
 .text          0x0000000010013e50       0xd0 /home/src/arm/target/bin/../arm-none-eabi/lib//libc.a(lib_a-locale.o)
                0x0000000010013e50                _setlocale_r
                0x0000000010013ec0                __locale_charset
                0x0000000010013ecc                __locale_mb_cur_max
                0x0000000010013edc                __locale_msgcharset
                0x0000000010013ee8                __locale_cjk_lang
                0x0000000010013ef0                _localeconv_r
                0x0000000010013efc                setlocale
                0x0000000010013f14                localeconv
 .text          0x0000000010013f20      0x174 /home/src/arm/target/bin/../arm-none-eabi/lib//libc.a(lib_a-makebuf.o)
                0x0000000010013f20                __smakebuf_r
 .text          0x0000000010014094      0x114 /home/src/arm/target/bin/../arm-none-eabi/lib//libc.a(lib_a-memchr-stub.o)
                0x0000000010014094                memchr
 .text          0x00000000100141a8       0xf0 /home/src/arm/target/bin/../arm-none-eabi/lib//libc.a(lib_a-memcpy-stub.o)
                0x00000000100141a8                memcpy
 .text          0x0000000010014298      0x134 /home/src/arm/target/bin/../arm-none-eabi/lib//libc.a(lib_a-memmove.o)
                0x0000000010014298                memmove
 .text          0x00000000100143cc       0xf4 /home/src/arm/target/bin/../arm-none-eabi/lib//libc.a(lib_a-memset.o)
                0x00000000100143cc                memset
 .text          0x00000000100144c0      0xd30 /home/src/arm/target/bin/../arm-none-eabi/lib//libc.a(lib_a-mprec.o)
                0x00000000100144c0                _Balloc
                0x000000001001454c                _Bfree
                0x0000000010014568                __multadd
                0x0000000010014644                __s2b
                0x000000001001472c                __hi0bits
                0x0000000010014788                __lo0bits
                0x000000001001481c                __i2b
                0x0000000010014840                __multiply
                0x0000000010014a28                __pow5mult
                0x0000000010014b2c                __lshift
                0x0000000010014c38                __mcmp
                0x0000000010014c98                __mdiff
                0x0000000010014ddc                __ulp
                0x0000000010014e40                __b2d
                0x0000000010014f18                __d2b
                0x0000000010015024                __ratio
                0x00000000100150ac                _mprec_log10
                0x0000000010015104                __copybits
                0x0000000010015174                __any_on
 .text          0x00000000100151f0      0x134 /home/src/arm/target/bin/../arm-none-eabi/lib//libc.a(lib_a-reent.o)
                0x00000000100151f0                cleanup_glue
                0x000000001001521c                _reclaim_reent
 .text          0x0000000010015324      0x20c /home/src/arm/target/bin/../arm-none-eabi/lib//libc.a(lib_a-refill.o)
                0x0000000010015350                __srefill_r
 .text          0x0000000010015530       0x6c /home/src/arm/target/bin/../arm-none-eabi/lib//libc.a(lib_a-s_fpclassify.o)
                0x0000000010015530                __fpclassifyd
 .text          0x000000001001559c      0x254 /home/src/arm/target/bin/../arm-none-eabi/lib//libc.a(lib_a-signal.o)
                0x000000001001559c                _init_signal_r
                0x0000000010015600                _signal_r
                0x0000000010015674                _raise_r
                0x000000001001570c                __sigtramp_r
                0x00000000100157a0                raise
                0x00000000100157b4                signal
                0x00000000100157cc                _init_signal
                0x00000000100157dc                __sigtramp
 .text          0x00000000100157f0       0x50 /home/src/arm/target/bin/../arm-none-eabi/lib//libc.a(lib_a-signalr.o)
                0x00000000100157f0                _kill_r
                0x0000000010015830                _getpid_r
 .text          0x0000000010015840       0xd8 /home/src/arm/target/bin/../arm-none-eabi/lib//libc.a(lib_a-stdio.o)
                0x0000000010015840                __sread
                0x0000000010015874                __seofread
                0x000000001001587c                __swrite
                0x00000000100158d4                __sseek
                0x0000000010015904                __sclose
 .text          0x0000000010015918      0x230 /home/src/arm/target/bin/../arm-none-eabi/lib//libc.a(lib_a-strcmp.o)
                0x0000000010015918                strcmp
 .text          0x0000000010015b48       0x60 /home/src/arm/target/bin/../arm-none-eabi/lib//libc.a(lib_a-strlen.o)
                0x0000000010015b48                strlen
 .text          0x0000000010015ba8      0x128 /home/src/arm/target/bin/../arm-none-eabi/lib//libc.a(lib_a-wcrtomb.o)
                0x0000000010015ba8                _wcrtomb_r
                0x0000000010015c38                wcrtomb
 .text          0x0000000010015cd0       0x7c /home/src/arm/target/bin/../arm-none-eabi/lib//libc.a(lib_a-wctomb_r.o)
                0x0000000010015cd0                __ascii_wctomb
                0x0000000010015cfc                _wctomb_r
 .text          0x0000000010015d4c       0x44 /home/src/arm/target/bin/../arm-none-eabi/lib//libc.a(lib_a-writer.o)
                0x0000000010015d4c                _write_r
 .text          0x0000000010015d90       0x9c /home/src/arm/target/bin/../arm-none-eabi/lib//libc.a(lib_a-callocr.o)
                0x0000000010015d90                _calloc_r
 .text          0x0000000010015e2c       0x3c /home/src/arm/target/bin/../arm-none-eabi/lib//libc.a(lib_a-closer.o)
                0x0000000010015e2c                _close_r
 .text          0x0000000010015e68      0x104 /home/src/arm/target/bin/../arm-none-eabi/lib//libc.a(lib_a-fclose.o)
                0x0000000010015e68                _fclose_r
                0x0000000010015f58                fclose
 .text          0x0000000010015f6c       0x40 /home/src/arm/target/bin/../arm-none-eabi/lib//libc.a(lib_a-fstatr.o)
                0x0000000010015f6c                _fstat_r
 .text          0x0000000010015fac       0x3c /home/src/arm/target/bin/../arm-none-eabi/lib//libc.a(lib_a-isattyr.o)
                0x0000000010015fac                _isatty_r
 .text          0x0000000010015fe8       0x44 /home/src/arm/target/bin/../arm-none-eabi/lib//libc.a(lib_a-lseekr.o)
                0x0000000010015fe8                _lseek_r
 .text          0x000000001001602c       0x44 /home/src/arm/target/bin/../arm-none-eabi/lib//libc.a(lib_a-readr.o)
                0x000000001001602c                _read_r
 .text          0x0000000010016070      0x114 /home/src/arm/target/bin/../lib/gcc/arm-none-eabi/4.8.2//libgcc.a(_udivsi3.o)
                0x0000000010016070                __udivsi3
                0x0000000010016070                __aeabi_uidiv
                0x0000000010016164                __aeabi_uidivmod
 .text          0x0000000010016184      0x148 /home/src/arm/target/bin/../lib/gcc/arm-none-eabi/4.8.2//libgcc.a(_divsi3.o)
                0x0000000010016184                __aeabi_idiv
                0x0000000010016184                __divsi3
                0x00000000100162ac                __aeabi_idivmod
 .text          0x00000000100162cc        0x4 /home/src/arm/target/bin/../lib/gcc/arm-none-eabi/4.8.2//libgcc.a(_dvmd_tls.o)
                0x00000000100162cc                __aeabi_ldiv0
                0x00000000100162cc                __aeabi_idiv0
 .text          0x00000000100162d0      0x41c /home/src/arm/target/bin/../lib/gcc/arm-none-eabi/4.8.2//libgcc.a(_arm_addsubdf3.o)
                0x00000000100162d0                __aeabi_drsub
                0x00000000100162d8                __aeabi_dsub
                0x00000000100162d8                __subdf3
                0x00000000100162dc                __adddf3
                0x00000000100162dc                __aeabi_dadd
                0x00000000100165ec                __aeabi_ui2d
                0x00000000100165ec                __floatunsidf
                0x0000000010016610                __floatsidf
                0x0000000010016610                __aeabi_i2d
                0x0000000010016638                __extendsfdf2
                0x0000000010016638                __aeabi_f2d
                0x0000000010016678                __aeabi_ul2d
                0x0000000010016678                __floatundidf
                0x000000001001668c                __floatdidf
                0x000000001001668c                __aeabi_l2d
 .text          0x00000000100166ec      0x49c /home/src/arm/target/bin/../lib/gcc/arm-none-eabi/4.8.2//libgcc.a(_arm_muldivdf3.o)
                0x00000000100166ec                __aeabi_dmul
                0x00000000100166ec                __muldf3
                0x000000001001697c                __aeabi_ddiv
                0x000000001001697c                __divdf3
 .text          0x0000000010016b88      0x144 /home/src/arm/target/bin/../lib/gcc/arm-none-eabi/4.8.2//libgcc.a(_arm_cmpdf2.o)
                0x0000000010016b88                __gtdf2
                0x0000000010016b88                __gedf2
                0x0000000010016b90                __ltdf2
                0x0000000010016b90                __ledf2
                0x0000000010016b98                __cmpdf2
                0x0000000010016b98                __eqdf2
                0x0000000010016b98                __nedf2
                0x0000000010016c20                __aeabi_cdrcmple
                0x0000000010016c3c                __aeabi_cdcmple
                0x0000000010016c3c                __aeabi_cdcmpeq
                0x0000000010016c54                __aeabi_dcmpeq
                0x0000000010016c6c                __aeabi_dcmplt
                0x0000000010016c84                __aeabi_dcmple
                0x0000000010016c9c                __aeabi_dcmpge
                0x0000000010016cb4                __aeabi_dcmpgt
 .text          0x0000000010016ccc       0x5c /home/src/arm/target/bin/../lib/gcc/arm-none-eabi/4.8.2//libgcc.a(_arm_fixdfsi.o)
                0x0000000010016ccc                __fixdfsi
                0x0000000010016ccc                __aeabi_d2iz
 .text          0x0000000010016d28       0x3c /home/src/arm/target/bin/../lib/gcc/arm-none-eabi/4.8.2//libgcc.a(_aeabi_uldivmod.o)
                0x0000000010016d28                __aeabi_uldivmod
 .text          0x0000000010016d64       0x84 /home/src/arm/target/bin/../lib/gcc/arm-none-eabi/4.8.2//libgcc.a(bpabi.o)
                0x0000000010016d64                __gnu_ldivmod_helper
                0x0000000010016da8                __gnu_uldivmod_helper
 .text          0x0000000010016de8      0x4d0 /home/src/arm/target/bin/../lib/gcc/arm-none-eabi/4.8.2//libgcc.a(_divdi3.o)
                0x0000000010016de8                __divdi3
 .text          0x00000000100172b8      0x470 /home/src/arm/target/bin/../lib/gcc/arm-none-eabi/4.8.2//libgcc.a(_udivdi3.o)
                0x00000000100172b8                __udivdi3
 .text          0x0000000010017728       0x48 /home/src/arm/target/bin/../lib/gcc/arm-none-eabi/4.8.2//libgcc.a(_clzsi2.o)
                0x0000000010017728                __clzsi2
 .text          0x0000000010017770      0x264 /home/leon/git/swp-report/iMX6_Platform_SDK/output/mx6sdl/lib/libsdk.a(max7310.o)
                0x0000000010017770                max7310_reg_read
                0x00000000100177d4                max7310_reg_write
                0x0000000010017840                max7310_init
                0x0000000010017920                max7310_set_gpio_output
 .text          0x00000000100179d4     0x1308 /home/leon/git/swp-report/iMX6_Platform_SDK/output/mx6sdl/lib/libsdk.a(gpio.o)
                0x0000000010017a04                gpio_get_port_count
                0x0000000010017a1c                gpio_set_gpio
                0x0000000010017ae0                gpio_set_direction
                0x0000000010017d3c                gpio_get_direction
                0x0000000010017e84                gpio_set_level
                0x00000000100181c4                gpio_get_level
                0x0000000010018324                gpio_set_interrupt_config
                0x0000000010018728                gpio_set_interrupt_mask
                0x000000001001896c                gpio_get_interrupt_status
                0x0000000010018ac8                gpio_clear_interrupt
 .text          0x0000000010018cdc        0x0 /home/leon/git/swp-report/iMX6_Platform_SDK/output/mx6sdl/lib/libsdk.a(imx6sdl_gpio_map.o)
 .text          0x0000000010018cdc     0x1774 /home/leon/git/swp-report/iMX6_Platform_SDK/output/mx6sdl/lib/libsdk.a(imx_i2c.o)
                0x0000000010018d0c                i2c_get_request_instance
                0x0000000010019764                i2c_xfer
                0x0000000010019e7c                i2c_read
                0x0000000010019eac                i2c_write
                0x0000000010019edc                i2c_setup_interrupt
                0x000000001001a148                i2c_init
 .text          0x000000001001a450       0x80 /home/leon/git/swp-report/iMX6_Platform_SDK/output/mx6sdl/lib/libboard_sabre_ai_rev_b.a(i2c_iomux_config.o)
                0x000000001001a450                i2c_iomux_config
 *(.glue_7t)
 .glue_7t       0x0000000000000000        0x0 linker stubs
 *(.glue_7)
 .glue_7        0x0000000000000000        0x0 linker stubs
 *(.vfp11_veneer)
 .vfp11_veneer  0x0000000000000000        0x0 linker stubs
 *(.ARM.extab* .gnu.linkonce.armextab.*)
 .ARM.extab.startup
                0x000000001001a4d0        0x0 /home/leon/git/swp-report/iMX6_Platform_SDK/output/mx6sdl/lib/libsdk.a(startup.o)
 .ARM.extab     0x000000001001a4d0        0x0 /home/src/arm/target/bin/../lib/gcc/arm-none-eabi/4.8.2//libgcc.a(_divdi3.o)
 .ARM.extab     0x000000001001a4d0        0x0 /home/src/arm/target/bin/../lib/gcc/arm-none-eabi/4.8.2//libgcc.a(_udivdi3.o)
 *(.gcc_except_table)

.v4_bx          0x000000001001a4d0        0x0
 .v4_bx         0x0000000000000000        0x0 linker stubs

.iplt           0x000000001001a4d0        0x0
 .iplt          0x0000000000000000        0x0 /home/src/arm/target/bin/../lib/gcc/arm-none-eabi/4.8.2//crtbegin.o

.ctors
 *crtbegin.o(.ctors)
 *crtbegin?.o(.ctors)
 *(EXCLUDE_FILE(*crtend?.o *crtend.o) .ctors)
 *(SORT(.ctors.*))
 *(.ctors)

.dtors
 *crtbegin.o(.dtors)
 *crtbegin?.o(.dtors)
 *(EXCLUDE_FILE(*crtend?.o *crtend.o) .dtors)
 *(SORT(.dtors.*))
 *(.dtors)

.rodata         0x000000001001a4d0     0x106c
 *(.rodata .rodata.* .gnu.linkonce.r.*)
 .rodata        0x000000001001a4d0       0xac /home/leon/git/swp-report/iMX6_Platform_SDK/output/mx6sdl/smp_primes/sabre_ai_rev_b/obj/apps/smp_primes/src/main.o
 .rodata        0x000000001001a57c       0x20 /home/leon/git/swp-report/iMX6_Platform_SDK/output/mx6sdl/smp_primes/sabre_ai_rev_b/obj/apps/smp_primes/src/primes.o
 .rodata        0x000000001001a59c       0x34 /home/leon/git/swp-report/iMX6_Platform_SDK/output/mx6sdl/lib/libsdk.a(ccm_pll.o)
                0x000000001001a59c                PLL1_OUTPUT
                0x000000001001a5a0                PLL2_OUTPUT
                0x000000001001a5b4                PLL3_OUTPUT
                0x000000001001a5c8                PLL4_OUTPUT
                0x000000001001a5cc                PLL5_OUTPUT
 .rodata        0x000000001001a5d0       0x64 /home/leon/git/swp-report/iMX6_Platform_SDK/output/mx6sdl/lib/libsdk.a(gic.o)
 .rodata        0x000000001001a634       0xcc /home/leon/git/swp-report/iMX6_Platform_SDK/output/mx6sdl/lib/libsdk.a(system_util.o)
 .rodata        0x000000001001a700       0xf4 /home/leon/git/swp-report/iMX6_Platform_SDK/output/mx6sdl/lib/libsdk.a(text_color.o)
                0x000000001001a708                g_TextAttributeDefault
                0x000000001001a714                g_TextAttributeBold
                0x000000001001a720                g_TextAttributeDim
                0x000000001001a72c                g_TextAttributeUnderline
                0x000000001001a738                g_TextAttributeBlink
                0x000000001001a744                g_TextAttributeReverse
                0x000000001001a750                g_TextAttributeHidden
                0x000000001001a75c                g_TextColorBlack
                0x000000001001a768                g_TextColorRed
                0x000000001001a774                g_TextColorGreen
                0x000000001001a780                g_TextColorYellow
                0x000000001001a78c                g_TextColorBlue
                0x000000001001a798                g_TextColorMagenta
                0x000000001001a7a4                g_TextColorCyan
                0x000000001001a7b0                g_TextColorWhite
                0x000000001001a7c0                g_TextColorOrange
                0x000000001001a7d0                g_TextColorLightBlue
                0x000000001001a7e0                g_TextColorGray
                0x000000001001a7f0                g_TextColorPurple
 .rodata        0x000000001001a7f4       0x88 /home/leon/git/swp-report/iMX6_Platform_SDK/output/mx6sdl/lib/libsdk.a(cpu_multicore.o)
 .rodata        0x000000001001a87c       0x20 /home/leon/git/swp-report/iMX6_Platform_SDK/output/mx6sdl/lib/libsdk.a(interrupt.o)
 .rodata        0x000000001001a89c      0x230 /home/leon/git/swp-report/iMX6_Platform_SDK/output/mx6sdl/lib/libsdk.a(abort_handler.o)
 .rodata        0x000000001001aacc       0x80 /home/leon/git/swp-report/iMX6_Platform_SDK/output/mx6sdl/lib/libboard_sabre_ai_rev_b.a(uart_iomux_config.o)
 .rodata.str1.4
                0x000000001001ab4c       0x3f /home/src/arm/target/bin/../arm-none-eabi/lib//libc.a(lib_a-assert.o)
                                         0x44 (size before relaxing)
 *fill*         0x000000001001ab8b        0x1 
 .rodata        0x000000001001ab8c        0x4 /home/src/arm/target/bin/../arm-none-eabi/lib//libc.a(lib_a-impure.o)
                0x000000001001ab8c                _global_impure_ptr
 .rodata.str1.4
                0x000000001001ab90        0x2 /home/src/arm/target/bin/../arm-none-eabi/lib//libc.a(lib_a-impure.o)
                                          0x4 (size before relaxing)
 *fill*         0x000000001001ab92        0x2 
 .rodata.str1.4
                0x000000001001ab94        0x4 /home/src/arm/target/bin/../arm-none-eabi/lib//libc.a(lib_a-syscalls.o)
 .rodata        0x000000001001ab98       0x20 /home/src/arm/target/bin/../arm-none-eabi/lib//libc.a(lib_a-vfiprintf.o)
 .rodata.str1.4
                0x000000001001abb8       0x2f /home/src/arm/target/bin/../arm-none-eabi/lib//libc.a(lib_a-vfiprintf.o)
                                         0x30 (size before relaxing)
 *fill*         0x000000001001abe7        0x1 
 .rodata        0x000000001001abe8       0x20 /home/src/arm/target/bin/../arm-none-eabi/lib//libc.a(lib_a-vfprintf.o)
 .rodata.str1.4
                0x000000001001ac08       0x12 /home/src/arm/target/bin/../arm-none-eabi/lib//libc.a(lib_a-vfprintf.o)
                                         0x44 (size before relaxing)
 *fill*         0x000000001001ac1a        0x2 
 .rodata.str1.4
                0x000000001001ac1c       0x10 /home/src/arm/target/bin/../arm-none-eabi/lib//libc.a(lib_a-dtoa.o)
                                         0x14 (size before relaxing)
 .rodata.str1.4
                0x000000001001ac2c        0xc /home/src/arm/target/bin/../arm-none-eabi/lib//libc.a(lib_a-locale.o)
                                         0x14 (size before relaxing)
 .rodata        0x000000001001ac38      0x128 /home/src/arm/target/bin/../arm-none-eabi/lib//libc.a(lib_a-mprec.o)
                0x000000001001ac48                __mprec_tens
                0x000000001001ad10                __mprec_tinytens
                0x000000001001ad38                __mprec_bigtens
 .rodata        0x000000001001ad60       0xe0 /home/leon/git/swp-report/iMX6_Platform_SDK/output/mx6sdl/lib/libsdk.a(gpio.o)
 .rodata        0x000000001001ae40      0x380 /home/leon/git/swp-report/iMX6_Platform_SDK/output/mx6sdl/lib/libsdk.a(imx6sdl_gpio_map.o)
                0x000000001001ae40                k_gpio_mux_registers
 .rodata        0x000000001001b1c0      0x2c4 /home/leon/git/swp-report/iMX6_Platform_SDK/output/mx6sdl/lib/libsdk.a(imx_i2c.o)
 .rodata        0x000000001001b484       0x80 /home/leon/git/swp-report/iMX6_Platform_SDK/output/mx6sdl/lib/libboard_sabre_ai_rev_b.a(i2c_iomux_config.o)
                0x000000001001b504                . = ALIGN (0x4)
 *(.init)
 .init          0x000000001001b504        0xc /home/src/arm/target/bin/../lib/gcc/arm-none-eabi/4.8.2//crti.o
                0x000000001001b504                _init
 .init          0x000000001001b510        0xc /home/src/arm/target/bin/../lib/gcc/arm-none-eabi/4.8.2//crtn.o
                0x000000001001b51c                . = ALIGN (0x4)
                0x000000001001b51c                __init_array_start = .
 *(SORT(.init_array.*))
 *(.init_array)
 .init_array    0x000000001001b51c        0x4 /home/src/arm/target/bin/../lib/gcc/arm-none-eabi/4.8.2//crtbegin.o
                0x000000001001b520                __init_array_end = .
                0x000000001001b520                . = ALIGN (0x4)
 *(.fini)
 .fini          0x000000001001b520        0xc /home/src/arm/target/bin/../lib/gcc/arm-none-eabi/4.8.2//crti.o
                0x000000001001b520                _fini
 .fini          0x000000001001b52c        0xc /home/src/arm/target/bin/../lib/gcc/arm-none-eabi/4.8.2//crtn.o
                0x000000001001b538                . = ALIGN (0x4)
                0x000000001001b538                __fini_array_start = .
 *(.fini_array)
 .fini_array    0x000000001001b538        0x4 /home/src/arm/target/bin/../lib/gcc/arm-none-eabi/4.8.2//crtbegin.o
 *(SORT(.fini_array.*))
                0x000000001001b53c                __fini_array_end = .
                0x000000001001b53c                PROVIDE (__exidx_start, .)

.eh_frame       0x000000001001b53c        0x4
 .eh_frame      0x000000001001b53c        0x0 /home/src/arm/target/bin/../lib/gcc/arm-none-eabi/4.8.2//crtbegin.o
 .eh_frame      0x000000001001b53c        0x4 /home/src/arm/target/bin/../lib/gcc/arm-none-eabi/4.8.2//crtend.o

.ARM.exidx      0x000000001001b540        0x8
 *(.ARM.exidx* .gnu.linkonce.armexidx.*)
 .ARM.exidx.startup
                0x000000001001b540        0x8 /home/leon/git/swp-report/iMX6_Platform_SDK/output/mx6sdl/lib/libsdk.a(startup.o)
 .ARM.exidx     0x000000001001b548        0x0 /home/src/arm/target/bin/../lib/gcc/arm-none-eabi/4.8.2//libgcc.a(_divdi3.o)
                                          0x8 (size before relaxing)
 .ARM.exidx     0x000000001001b548        0x0 /home/src/arm/target/bin/../lib/gcc/arm-none-eabi/4.8.2//libgcc.a(_udivdi3.o)
                                          0x8 (size before relaxing)
                0x000000001001b548                PROVIDE (__exidx_end, .)

.rel.dyn        0x000000001001b548        0x0
 .rel.iplt      0x0000000000000000        0x0 /home/src/arm/target/bin/../lib/gcc/arm-none-eabi/4.8.2//crtbegin.o

.data           0x000000001001b548      0x8d8
 *(.data .data.* .gnu.linkonce.d.*)
 .data          0x000000001001b548        0x4 /home/src/arm/target/bin/../lib/gcc/arm-none-eabi/4.8.2//crtbegin.o
                0x000000001001b548                __dso_handle
 .data          0x000000001001b54c        0x0 /home/src/arm/target/bin/../lib/gcc/arm-none-eabi/4.8.2//crti.o
 .data          0x000000001001b54c        0x0 /home/src/arm/target/bin/../lib/gcc/arm-none-eabi/4.8.2//crtend.o
 .data          0x000000001001b54c        0x0 /home/src/arm/target/bin/../lib/gcc/arm-none-eabi/4.8.2//crtn.o
 .data          0x000000001001b54c        0x0 /home/leon/git/swp-report/iMX6_Platform_SDK/output/mx6sdl/smp_primes/sabre_ai_rev_b/obj/apps/common/ivt.o
 .data          0x000000001001b54c        0x0 /home/leon/git/swp-report/iMX6_Platform_SDK/output/mx6sdl/smp_primes/sabre_ai_rev_b/obj/apps/common/platform_init.o
 .data          0x000000001001b54c        0x4 /home/leon/git/swp-report/iMX6_Platform_SDK/output/mx6sdl/smp_primes/sabre_ai_rev_b/obj/apps/smp_primes/src/main.o
 .data          0x000000001001b550        0x0 /home/leon/git/swp-report/iMX6_Platform_SDK/output/mx6sdl/smp_primes/sabre_ai_rev_b/obj/apps/smp_primes/src/primes.o
 .data          0x000000001001b550        0x0 /home/leon/git/swp-report/iMX6_Platform_SDK/output/mx6sdl/lib/libsdk.a(armv7_cache.o)
 .data          0x000000001001b550        0x0 /home/leon/git/swp-report/iMX6_Platform_SDK/output/mx6sdl/lib/libsdk.a(ccm_pll.o)
 .data          0x000000001001b550        0x0 /home/leon/git/swp-report/iMX6_Platform_SDK/output/mx6sdl/lib/libsdk.a(cortexA9.o)
 .data          0x000000001001b550        0x0 /home/leon/git/swp-report/iMX6_Platform_SDK/output/mx6sdl/lib/libsdk.a(gic.o)
 .data          0x000000001001b550        0x0 /home/leon/git/swp-report/iMX6_Platform_SDK/output/mx6sdl/lib/libsdk.a(mmu.o)
 .data          0x000000001001b550        0x0 /home/leon/git/swp-report/iMX6_Platform_SDK/output/mx6sdl/lib/libsdk.a(startup.o)
 .data          0x000000001001b550        0x0 /home/leon/git/swp-report/iMX6_Platform_SDK/output/mx6sdl/lib/libsdk.a(vectors.o)
 .data          0x000000001001b550        0x0 /home/leon/git/swp-report/iMX6_Platform_SDK/output/mx6sdl/lib/libsdk.a(spinlock.o)
 .data          0x000000001001b550        0x0 /home/leon/git/swp-report/iMX6_Platform_SDK/output/mx6sdl/lib/libsdk.a(spinlock_lock_unlock.o)
 .data          0x000000001001b550        0x0 /home/leon/git/swp-report/iMX6_Platform_SDK/output/mx6sdl/lib/libsdk.a(system_util.o)
 .data          0x000000001001b550        0x4 /home/leon/git/swp-report/iMX6_Platform_SDK/output/mx6sdl/lib/libsdk.a(text_color.o)
                0x000000001001b550                is_color_supported
 .data          0x000000001001b554        0x0 /home/leon/git/swp-report/iMX6_Platform_SDK/output/mx6sdl/lib/libsdk.a(cpu_get_cores.o)
 .data          0x000000001001b554        0x0 /home/leon/git/swp-report/iMX6_Platform_SDK/output/mx6sdl/lib/libsdk.a(cpu_multicore.o)
 .data          0x000000001001b554        0x0 /home/leon/git/swp-report/iMX6_Platform_SDK/output/mx6sdl/lib/libsdk.a(timer.o)
 .data          0x000000001001b554        0x0 /home/leon/git/swp-report/iMX6_Platform_SDK/output/mx6sdl/lib/libsdk.a(imx_uart.o)
 .data          0x000000001001b554        0x4 /home/leon/git/swp-report/iMX6_Platform_SDK/output/mx6sdl/lib/libsdk.a(arm_abort.o)
 .data          0x000000001001b558        0x0 /home/leon/git/swp-report/iMX6_Platform_SDK/output/mx6sdl/lib/libsdk.a(interrupt.o)
 .data          0x000000001001b558        0x0 /home/leon/git/swp-report/iMX6_Platform_SDK/output/mx6sdl/lib/libsdk.a(epit.o)
 .data          0x000000001001b558        0x0 /home/leon/git/swp-report/iMX6_Platform_SDK/output/mx6sdl/lib/libsdk.a(abort_handler.o)
 .data          0x000000001001b558        0x0 /home/leon/git/swp-report/iMX6_Platform_SDK/output/mx6sdl/lib/libboard_sabre_ai_rev_b.a(board_io_expanders.o)
 .data          0x000000001001b558        0x8 /home/leon/git/swp-report/iMX6_Platform_SDK/output/mx6sdl/lib/libboard_sabre_ai_rev_b.a(hardware_modules.o)
                0x000000001001b558                g_debug_uart_port
                0x000000001001b55c                g_system_timer_port
 .data          0x000000001001b560        0x0 /home/leon/git/swp-report/iMX6_Platform_SDK/output/mx6sdl/lib/libboard_sabre_ai_rev_b.a(dcd.o)
 .data          0x000000001001b560        0x0 /home/leon/git/swp-report/iMX6_Platform_SDK/output/mx6sdl/lib/libboard_sabre_ai_rev_b.a(i2c3_iomux_config.o)
 .data          0x000000001001b560        0x0 /home/leon/git/swp-report/iMX6_Platform_SDK/output/mx6sdl/lib/libboard_sabre_ai_rev_b.a(uart_iomux_config.o)
 .data          0x000000001001b560        0x0 /home/leon/git/swp-report/iMX6_Platform_SDK/output/mx6sdl/lib/libboard_sabre_ai_rev_b.a(iomux_config.o)
 .data          0x000000001001b560        0x0 /home/leon/git/swp-report/iMX6_Platform_SDK/output/mx6sdl/lib/libboard_sabre_ai_rev_b.a(ipu1_iomux_config.o)
 .data          0x000000001001b560        0x0 /home/leon/git/swp-report/iMX6_Platform_SDK/output/mx6sdl/lib/libboard_sabre_ai_rev_b.a(mlb_iomux_config.o)
 .data          0x000000001001b560        0x0 /home/leon/git/swp-report/iMX6_Platform_SDK/output/mx6sdl/lib/libboard_sabre_ai_rev_b.a(mmdc_iomux_config.o)
 .data          0x000000001001b560        0x0 /home/leon/git/swp-report/iMX6_Platform_SDK/output/mx6sdl/lib/libboard_sabre_ai_rev_b.a(pwm3_iomux_config.o)
 .data          0x000000001001b560        0x0 /home/leon/git/swp-report/iMX6_Platform_SDK/output/mx6sdl/lib/libboard_sabre_ai_rev_b.a(pwm4_iomux_config.o)
 .data          0x000000001001b560        0x0 /home/leon/git/swp-report/iMX6_Platform_SDK/output/mx6sdl/lib/libboard_sabre_ai_rev_b.a(sjc_iomux_config.o)
 .data          0x000000001001b560        0x0 /home/leon/git/swp-report/iMX6_Platform_SDK/output/mx6sdl/lib/libboard_sabre_ai_rev_b.a(spdif_iomux_config.o)
 .data          0x000000001001b560        0x0 /home/leon/git/swp-report/iMX6_Platform_SDK/output/mx6sdl/lib/libboard_sabre_ai_rev_b.a(uart2_iomux_config.o)
 .data          0x000000001001b560        0x0 /home/leon/git/swp-report/iMX6_Platform_SDK/output/mx6sdl/lib/libboard_sabre_ai_rev_b.a(uart3_iomux_config.o)
 .data          0x000000001001b560        0x0 /home/leon/git/swp-report/iMX6_Platform_SDK/output/mx6sdl/lib/libboard_sabre_ai_rev_b.a(uart4_iomux_config.o)
 .data          0x000000001001b560        0x0 /home/leon/git/swp-report/iMX6_Platform_SDK/output/mx6sdl/lib/libboard_sabre_ai_rev_b.a(usdhc1_iomux_config.o)
 .data          0x000000001001b560        0x0 /home/leon/git/swp-report/iMX6_Platform_SDK/output/mx6sdl/lib/libboard_sabre_ai_rev_b.a(usdhc3_iomux_config.o)
 .data          0x000000001001b560        0x0 /home/leon/git/swp-report/iMX6_Platform_SDK/output/mx6sdl/lib/libboard_sabre_ai_rev_b.a(wdog1_iomux_config.o)
 .data          0x000000001001b560        0x0 /home/leon/git/swp-report/iMX6_Platform_SDK/output/mx6sdl/lib/libboard_sabre_ai_rev_b.a(audmux_iomux_config.o)
 .data          0x000000001001b560        0x0 /home/leon/git/swp-report/iMX6_Platform_SDK/output/mx6sdl/lib/libboard_sabre_ai_rev_b.a(ccm_iomux_config.o)
 .data          0x000000001001b560        0x0 /home/leon/git/swp-report/iMX6_Platform_SDK/output/mx6sdl/lib/libboard_sabre_ai_rev_b.a(ecspi1_iomux_config.o)
 .data          0x000000001001b560        0x0 /home/leon/git/swp-report/iMX6_Platform_SDK/output/mx6sdl/lib/libboard_sabre_ai_rev_b.a(eim_iomux_config.o)
 .data          0x000000001001b560        0x0 /home/leon/git/swp-report/iMX6_Platform_SDK/output/mx6sdl/lib/libboard_sabre_ai_rev_b.a(enet_iomux_config.o)
 .data          0x000000001001b560        0x0 /home/leon/git/swp-report/iMX6_Platform_SDK/output/mx6sdl/lib/libboard_sabre_ai_rev_b.a(esai_iomux_config.o)
 .data          0x000000001001b560        0x0 /home/leon/git/swp-report/iMX6_Platform_SDK/output/mx6sdl/lib/libboard_sabre_ai_rev_b.a(flexcan1_iomux_config.o)
 .data          0x000000001001b560        0x0 /home/leon/git/swp-report/iMX6_Platform_SDK/output/mx6sdl/lib/libboard_sabre_ai_rev_b.a(flexcan2_iomux_config.o)
 .data          0x000000001001b560        0x0 /home/leon/git/swp-report/iMX6_Platform_SDK/output/mx6sdl/lib/libboard_sabre_ai_rev_b.a(gpio1_iomux_config.o)
 .data          0x000000001001b560        0x0 /home/leon/git/swp-report/iMX6_Platform_SDK/output/mx6sdl/lib/libboard_sabre_ai_rev_b.a(gpio2_iomux_config.o)
 .data          0x000000001001b560        0x0 /home/leon/git/swp-report/iMX6_Platform_SDK/output/mx6sdl/lib/libboard_sabre_ai_rev_b.a(gpio4_iomux_config.o)
 .data          0x000000001001b560        0x0 /home/leon/git/swp-report/iMX6_Platform_SDK/output/mx6sdl/lib/libboard_sabre_ai_rev_b.a(gpio5_iomux_config.o)
 .data          0x000000001001b560        0x0 /home/leon/git/swp-report/iMX6_Platform_SDK/output/mx6sdl/lib/libboard_sabre_ai_rev_b.a(gpio6_iomux_config.o)
 .data          0x000000001001b560        0x0 /home/leon/git/swp-report/iMX6_Platform_SDK/output/mx6sdl/lib/libboard_sabre_ai_rev_b.a(gpmi_iomux_config.o)
 .data          0x000000001001b560        0x0 /home/leon/git/swp-report/iMX6_Platform_SDK/output/mx6sdl/lib/libboard_sabre_ai_rev_b.a(i2c2_iomux_config.o)
 .data          0x000000001001b560        0x0 /home/src/arm/target/bin/../arm-none-eabi/lib//libc.a(lib_a-assert.o)
 .data          0x000000001001b560        0x0 /home/src/arm/target/bin/../arm-none-eabi/lib//libc.a(lib_a-bzero.o)
 .data          0x000000001001b560        0x0 /home/src/arm/target/bin/../arm-none-eabi/lib//libc.a(lib_a-fiprintf.o)
 .data          0x000000001001b560        0x0 /home/src/arm/target/bin/../arm-none-eabi/lib//libc.a(lib_a-fputc.o)
 .data          0x000000001001b560      0x430 /home/src/arm/target/bin/../arm-none-eabi/lib//libc.a(lib_a-impure.o)
                0x000000001001b560                _impure_ptr
 .data          0x000000001001b990        0x0 /home/src/arm/target/bin/../arm-none-eabi/lib//libc.a(lib_a-init.o)
 .data          0x000000001001b990        0x0 /home/src/arm/target/bin/../arm-none-eabi/lib//libc.a(lib_a-malloc.o)
 .data          0x000000001001b990      0x410 /home/src/arm/target/bin/../arm-none-eabi/lib//libc.a(lib_a-mallocr.o)
                0x000000001001b990                __malloc_av_
                0x000000001001bd98                __malloc_sbrk_base
                0x000000001001bd9c                __malloc_trim_threshold
 .data          0x000000001001bda0        0x0 /home/src/arm/target/bin/../arm-none-eabi/lib//libc.a(lib_a-mlock.o)
 .data          0x000000001001bda0        0x0 /home/src/arm/target/bin/../arm-none-eabi/lib//libc.a(lib_a-printf.o)
 .data          0x000000001001bda0        0x0 /home/src/arm/target/bin/../arm-none-eabi/lib//libc.a(lib_a-putc.o)
 .data          0x000000001001bda0        0x0 /home/src/arm/target/bin/../arm-none-eabi/lib//libc.a(lib_a-realloc.o)
 .data          0x000000001001bda0        0x0 /home/src/arm/target/bin/../arm-none-eabi/lib//libc.a(lib_a-reallocr.o)
 .data          0x000000001001bda0        0x0 /home/src/arm/target/bin/../arm-none-eabi/lib//libc.a(lib_a-rget.o)
 .data          0x000000001001bda0        0x0 /home/src/arm/target/bin/../arm-none-eabi/lib//libc.a(lib_a-sbrkr.o)
 .data          0x000000001001bda0        0x0 /home/src/arm/target/bin/../arm-none-eabi/lib//libc.a(lib_a-syscalls.o)
 .data          0x000000001001bda0        0x0 /home/src/arm/target/bin/../arm-none-eabi/lib//libc.a(lib_a-vfiprintf.o)
 .data          0x000000001001bda0        0x0 /home/src/arm/target/bin/../arm-none-eabi/lib//libc.a(lib_a-vfprintf.o)
 .data          0x000000001001bda0        0x0 /home/src/arm/target/bin/../arm-none-eabi/lib//libc.a(lib_a-vprintf.o)
 .data          0x000000001001bda0        0x0 /home/src/arm/target/bin/../arm-none-eabi/lib//libc.a(lib_a-wbuf.o)
 .data          0x000000001001bda0        0x0 /home/src/arm/target/bin/../arm-none-eabi/lib//libc.a(lib_a-wsetup.o)
 .data          0x000000001001bda0        0x0 /home/src/arm/target/bin/../arm-none-eabi/lib//libc.a(lib_a-abort.o)
 .data          0x000000001001bda0        0x0 /home/src/arm/target/bin/../arm-none-eabi/lib//libc.a(lib_a-dtoa.o)
 .data          0x000000001001bda0        0x0 /home/src/arm/target/bin/../arm-none-eabi/lib//libc.a(lib_a-errno.o)
 .data          0x000000001001bda0        0x0 /home/src/arm/target/bin/../arm-none-eabi/lib//libc.a(lib_a-fflush.o)
 .data          0x000000001001bda0        0x0 /home/src/arm/target/bin/../arm-none-eabi/lib//libc.a(lib_a-findfp.o)
 .data          0x000000001001bda0        0x0 /home/src/arm/target/bin/../arm-none-eabi/lib//libc.a(lib_a-fputwc.o)
 .data          0x000000001001bda0        0x0 /home/src/arm/target/bin/../arm-none-eabi/lib//libc.a(lib_a-freer.o)
 .data          0x000000001001bda0        0x0 /home/src/arm/target/bin/../arm-none-eabi/lib//libc.a(lib_a-fvwrite.o)
 .data          0x000000001001bda0        0x0 /home/src/arm/target/bin/../arm-none-eabi/lib//libc.a(lib_a-fwalk.o)
 .data          0x000000001001bda0       0x7c /home/src/arm/target/bin/../arm-none-eabi/lib//libc.a(lib_a-locale.o)
                0x000000001001bdc0                __mb_cur_max
 .data          0x000000001001be1c        0x0 /home/src/arm/target/bin/../arm-none-eabi/lib//libc.a(lib_a-makebuf.o)
 .data          0x000000001001be1c        0x0 /home/src/arm/target/bin/../arm-none-eabi/lib//libc.a(lib_a-memchr-stub.o)
 .data          0x000000001001be1c        0x0 /home/src/arm/target/bin/../arm-none-eabi/lib//libc.a(lib_a-memcpy-stub.o)
 .data          0x000000001001be1c        0x0 /home/src/arm/target/bin/../arm-none-eabi/lib//libc.a(lib_a-memmove.o)
 .data          0x000000001001be1c        0x0 /home/src/arm/target/bin/../arm-none-eabi/lib//libc.a(lib_a-memset.o)
 .data          0x000000001001be1c        0x0 /home/src/arm/target/bin/../arm-none-eabi/lib//libc.a(lib_a-mprec.o)
 .data          0x000000001001be1c        0x0 /home/src/arm/target/bin/../arm-none-eabi/lib//libc.a(lib_a-reent.o)
 .data          0x000000001001be1c        0x0 /home/src/arm/target/bin/../arm-none-eabi/lib//libc.a(lib_a-refill.o)
 .data          0x000000001001be1c        0x0 /home/src/arm/target/bin/../arm-none-eabi/lib//libc.a(lib_a-s_fpclassify.o)
 .data          0x000000001001be1c        0x0 /home/src/arm/target/bin/../arm-none-eabi/lib//libc.a(lib_a-signal.o)
 .data          0x000000001001be1c        0x0 /home/src/arm/target/bin/../arm-none-eabi/lib//libc.a(lib_a-signalr.o)
 .data          0x000000001001be1c        0x0 /home/src/arm/target/bin/../arm-none-eabi/lib//libc.a(lib_a-stdio.o)
 .data          0x000000001001be1c        0x0 /home/src/arm/target/bin/../arm-none-eabi/lib//libc.a(lib_a-strcmp.o)
 .data          0x000000001001be1c        0x0 /home/src/arm/target/bin/../arm-none-eabi/lib//libc.a(lib_a-strlen.o)
 .data          0x000000001001be1c        0x0 /home/src/arm/target/bin/../arm-none-eabi/lib//libc.a(lib_a-wcrtomb.o)
 .data          0x000000001001be1c        0x4 /home/src/arm/target/bin/../arm-none-eabi/lib//libc.a(lib_a-wctomb_r.o)
                0x000000001001be1c                __wctomb
 .data          0x000000001001be20        0x0 /home/src/arm/target/bin/../arm-none-eabi/lib//libc.a(lib_a-writer.o)
 .data          0x000000001001be20        0x0 /home/src/arm/target/bin/../arm-none-eabi/lib//libc.a(lib_a-callocr.o)
 .data          0x000000001001be20        0x0 /home/src/arm/target/bin/../arm-none-eabi/lib//libc.a(lib_a-closer.o)
 .data          0x000000001001be20        0x0 /home/src/arm/target/bin/../arm-none-eabi/lib//libc.a(lib_a-fclose.o)
 .data          0x000000001001be20        0x0 /home/src/arm/target/bin/../arm-none-eabi/lib//libc.a(lib_a-fstatr.o)
 .data          0x000000001001be20        0x0 /home/src/arm/target/bin/../arm-none-eabi/lib//libc.a(lib_a-isattyr.o)
 .data          0x000000001001be20        0x0 /home/src/arm/target/bin/../arm-none-eabi/lib//libc.a(lib_a-lseekr.o)
 .data          0x000000001001be20        0x0 /home/src/arm/target/bin/../arm-none-eabi/lib//libc.a(lib_a-readr.o)
 .data          0x000000001001be20        0x0 /home/src/arm/target/bin/../lib/gcc/arm-none-eabi/4.8.2//libgcc.a(_udivsi3.o)
 .data          0x000000001001be20        0x0 /home/src/arm/target/bin/../lib/gcc/arm-none-eabi/4.8.2//libgcc.a(_divsi3.o)
 .data          0x000000001001be20        0x0 /home/src/arm/target/bin/../lib/gcc/arm-none-eabi/4.8.2//libgcc.a(_dvmd_tls.o)
 .data          0x000000001001be20        0x0 /home/src/arm/target/bin/../lib/gcc/arm-none-eabi/4.8.2//libgcc.a(_arm_addsubdf3.o)
 .data          0x000000001001be20        0x0 /home/src/arm/target/bin/../lib/gcc/arm-none-eabi/4.8.2//libgcc.a(_arm_muldivdf3.o)
 .data          0x000000001001be20        0x0 /home/src/arm/target/bin/../lib/gcc/arm-none-eabi/4.8.2//libgcc.a(_arm_cmpdf2.o)
 .data          0x000000001001be20        0x0 /home/src/arm/target/bin/../lib/gcc/arm-none-eabi/4.8.2//libgcc.a(_arm_fixdfsi.o)
 .data          0x000000001001be20        0x0 /home/src/arm/target/bin/../lib/gcc/arm-none-eabi/4.8.2//libgcc.a(_aeabi_uldivmod.o)
 .data          0x000000001001be20        0x0 /home/src/arm/target/bin/../lib/gcc/arm-none-eabi/4.8.2//libgcc.a(bpabi.o)
 .data          0x000000001001be20        0x0 /home/src/arm/target/bin/../lib/gcc/arm-none-eabi/4.8.2//libgcc.a(_divdi3.o)
 .data          0x000000001001be20        0x0 /home/src/arm/target/bin/../lib/gcc/arm-none-eabi/4.8.2//libgcc.a(_udivdi3.o)
 .data          0x000000001001be20        0x0 /home/src/arm/target/bin/../lib/gcc/arm-none-eabi/4.8.2//libgcc.a(_clzsi2.o)
 .data          0x000000001001be20        0x0 /home/leon/git/swp-report/iMX6_Platform_SDK/output/mx6sdl/lib/libsdk.a(max7310.o)
 .data          0x000000001001be20        0x0 /home/leon/git/swp-report/iMX6_Platform_SDK/output/mx6sdl/lib/libsdk.a(gpio.o)
 .data          0x000000001001be20        0x0 /home/leon/git/swp-report/iMX6_Platform_SDK/output/mx6sdl/lib/libsdk.a(imx6sdl_gpio_map.o)
 .data          0x000000001001be20        0x0 /home/leon/git/swp-report/iMX6_Platform_SDK/output/mx6sdl/lib/libsdk.a(imx_i2c.o)
 .data          0x000000001001be20        0x0 /home/leon/git/swp-report/iMX6_Platform_SDK/output/mx6sdl/lib/libboard_sabre_ai_rev_b.a(i2c_iomux_config.o)

.jcr            0x000000001001be20        0x4
 .jcr           0x000000001001be20        0x0 /home/src/arm/target/bin/../lib/gcc/arm-none-eabi/4.8.2//crtbegin.o
 .jcr           0x000000001001be20        0x4 /home/src/arm/target/bin/../lib/gcc/arm-none-eabi/4.8.2//crtend.o

.tm_clone_table
                0x000000001001be24        0x0
 .tm_clone_table
                0x000000001001be24        0x0 /home/src/arm/target/bin/../lib/gcc/arm-none-eabi/4.8.2//crtbegin.o
 .tm_clone_table
                0x000000001001be24        0x0 /home/src/arm/target/bin/../lib/gcc/arm-none-eabi/4.8.2//crtend.o

.igot.plt       0x000000001001be24        0x0
 .igot.plt      0x0000000000000000        0x0 /home/src/arm/target/bin/../lib/gcc/arm-none-eabi/4.8.2//crtbegin.o

.hab.data       0x0000000010400000     0x2000
                0x0000000010400000                __hab_data = .
                0x0000000010402000                . = (. + 0x2000)
 *fill*         0x0000000010400000     0x2000 
                0x0000000010402000                . = ALIGN (0x20)
                0x0000000010402000                __hab_data_end = .
                0x0000000000402000                _image_size = (. - _start_image_add)

.bss            0x0000000010402000     0xa0d8
                0x0000000010402000                __bss_start__ = .
 *(.shbss)
 *(.bss .bss.* .gnu.linkonce.b.*)
 .bss           0x0000000010402000       0x1c /home/src/arm/target/bin/../lib/gcc/arm-none-eabi/4.8.2//crtbegin.o
 .bss           0x000000001040201c        0x0 /home/src/arm/target/bin/../lib/gcc/arm-none-eabi/4.8.2//crti.o
 .bss           0x000000001040201c        0x0 /home/src/arm/target/bin/../lib/gcc/arm-none-eabi/4.8.2//crtend.o
 .bss           0x000000001040201c        0x0 /home/src/arm/target/bin/../lib/gcc/arm-none-eabi/4.8.2//crtn.o
 .bss           0x000000001040201c        0x0 /home/leon/git/swp-report/iMX6_Platform_SDK/output/mx6sdl/smp_primes/sabre_ai_rev_b/obj/apps/common/ivt.o
 .bss           0x000000001040201c        0x0 /home/leon/git/swp-report/iMX6_Platform_SDK/output/mx6sdl/smp_primes/sabre_ai_rev_b/obj/apps/common/platform_init.o
 .bss           0x000000001040201c        0x4 /home/leon/git/swp-report/iMX6_Platform_SDK/output/mx6sdl/smp_primes/sabre_ai_rev_b/obj/apps/smp_primes/src/main.o
 .bss           0x0000000010402020     0x9ca0 /home/leon/git/swp-report/iMX6_Platform_SDK/output/mx6sdl/smp_primes/sabre_ai_rev_b/obj/apps/smp_primes/src/primes.o
                0x0000000010402020                target_count
                0x0000000010402024                prime_numbers
                0x000000001040bc64                next_number
                0x000000001040bc68                prime_count
                0x000000001040bc80                prime_lock
                0x000000001040bca0                next_num_lock
 .bss           0x000000001040bcc0        0x0 /home/leon/git/swp-report/iMX6_Platform_SDK/output/mx6sdl/lib/libsdk.a(armv7_cache.o)
 .bss           0x000000001040bcc0        0x0 /home/leon/git/swp-report/iMX6_Platform_SDK/output/mx6sdl/lib/libsdk.a(ccm_pll.o)
 .bss           0x000000001040bcc0        0x0 /home/leon/git/swp-report/iMX6_Platform_SDK/output/mx6sdl/lib/libsdk.a(cortexA9.o)
 .bss           0x000000001040bcc0        0x0 /home/leon/git/swp-report/iMX6_Platform_SDK/output/mx6sdl/lib/libsdk.a(gic.o)
 .bss           0x000000001040bcc0        0x0 /home/leon/git/swp-report/iMX6_Platform_SDK/output/mx6sdl/lib/libsdk.a(mmu.o)
 .bss           0x000000001040bcc0        0x0 /home/leon/git/swp-report/iMX6_Platform_SDK/output/mx6sdl/lib/libsdk.a(startup.o)
 .bss           0x000000001040bcc0        0x0 /home/leon/git/swp-report/iMX6_Platform_SDK/output/mx6sdl/lib/libsdk.a(vectors.o)
 .bss           0x000000001040bcc0        0x0 /home/leon/git/swp-report/iMX6_Platform_SDK/output/mx6sdl/lib/libsdk.a(spinlock.o)
 .bss           0x000000001040bcc0        0x0 /home/leon/git/swp-report/iMX6_Platform_SDK/output/mx6sdl/lib/libsdk.a(spinlock_lock_unlock.o)
 .bss           0x000000001040bcc0        0x0 /home/leon/git/swp-report/iMX6_Platform_SDK/output/mx6sdl/lib/libsdk.a(system_util.o)
 .bss           0x000000001040bcc0        0x0 /home/leon/git/swp-report/iMX6_Platform_SDK/output/mx6sdl/lib/libsdk.a(text_color.o)
 .bss           0x000000001040bcc0        0x0 /home/leon/git/swp-report/iMX6_Platform_SDK/output/mx6sdl/lib/libsdk.a(cpu_get_cores.o)
 .bss           0x000000001040bcc0       0x20 /home/leon/git/swp-report/iMX6_Platform_SDK/output/mx6sdl/lib/libsdk.a(cpu_multicore.o)
 .bss           0x000000001040bce0        0x4 /home/leon/git/swp-report/iMX6_Platform_SDK/output/mx6sdl/lib/libsdk.a(timer.o)
                0x000000001040bce0                g_microsecondTimerMultiple
 .bss           0x000000001040bce4        0x0 /home/leon/git/swp-report/iMX6_Platform_SDK/output/mx6sdl/lib/libsdk.a(imx_uart.o)
 .bss           0x000000001040bce4        0x0 /home/leon/git/swp-report/iMX6_Platform_SDK/output/mx6sdl/lib/libsdk.a(arm_abort.o)
 .bss           0x000000001040bce4      0x290 /home/leon/git/swp-report/iMX6_Platform_SDK/output/mx6sdl/lib/libsdk.a(interrupt.o)
                0x000000001040bce4                g_interrupt_handlers
                0x000000001040bf64                g_vectNum
 .bss           0x000000001040bf74        0x0 /home/leon/git/swp-report/iMX6_Platform_SDK/output/mx6sdl/lib/libsdk.a(epit.o)
 .bss           0x000000001040bf74        0x0 /home/leon/git/swp-report/iMX6_Platform_SDK/output/mx6sdl/lib/libsdk.a(abort_handler.o)
 .bss           0x000000001040bf74       0x6c /home/leon/git/swp-report/iMX6_Platform_SDK/output/mx6sdl/lib/libboard_sabre_ai_rev_b.a(board_io_expanders.o)
                0x000000001040bf74                max7310_i2c_req_array
 .bss           0x000000001040bfe0        0x0 /home/leon/git/swp-report/iMX6_Platform_SDK/output/mx6sdl/lib/libboard_sabre_ai_rev_b.a(hardware_modules.o)
 .bss           0x000000001040bfe0        0x0 /home/leon/git/swp-report/iMX6_Platform_SDK/output/mx6sdl/lib/libboard_sabre_ai_rev_b.a(dcd.o)
 .bss           0x000000001040bfe0        0x0 /home/leon/git/swp-report/iMX6_Platform_SDK/output/mx6sdl/lib/libboard_sabre_ai_rev_b.a(i2c3_iomux_config.o)
 .bss           0x000000001040bfe0        0x0 /home/leon/git/swp-report/iMX6_Platform_SDK/output/mx6sdl/lib/libboard_sabre_ai_rev_b.a(uart_iomux_config.o)
 .bss           0x000000001040bfe0        0x0 /home/leon/git/swp-report/iMX6_Platform_SDK/output/mx6sdl/lib/libboard_sabre_ai_rev_b.a(iomux_config.o)
 .bss           0x000000001040bfe0        0x0 /home/leon/git/swp-report/iMX6_Platform_SDK/output/mx6sdl/lib/libboard_sabre_ai_rev_b.a(ipu1_iomux_config.o)
 .bss           0x000000001040bfe0        0x0 /home/leon/git/swp-report/iMX6_Platform_SDK/output/mx6sdl/lib/libboard_sabre_ai_rev_b.a(mlb_iomux_config.o)
 .bss           0x000000001040bfe0        0x0 /home/leon/git/swp-report/iMX6_Platform_SDK/output/mx6sdl/lib/libboard_sabre_ai_rev_b.a(mmdc_iomux_config.o)
 .bss           0x000000001040bfe0        0x0 /home/leon/git/swp-report/iMX6_Platform_SDK/output/mx6sdl/lib/libboard_sabre_ai_rev_b.a(pwm3_iomux_config.o)
 .bss           0x000000001040bfe0        0x0 /home/leon/git/swp-report/iMX6_Platform_SDK/output/mx6sdl/lib/libboard_sabre_ai_rev_b.a(pwm4_iomux_config.o)
 .bss           0x000000001040bfe0        0x0 /home/leon/git/swp-report/iMX6_Platform_SDK/output/mx6sdl/lib/libboard_sabre_ai_rev_b.a(sjc_iomux_config.o)
 .bss           0x000000001040bfe0        0x0 /home/leon/git/swp-report/iMX6_Platform_SDK/output/mx6sdl/lib/libboard_sabre_ai_rev_b.a(spdif_iomux_config.o)
 .bss           0x000000001040bfe0        0x0 /home/leon/git/swp-report/iMX6_Platform_SDK/output/mx6sdl/lib/libboard_sabre_ai_rev_b.a(uart2_iomux_config.o)
 .bss           0x000000001040bfe0        0x0 /home/leon/git/swp-report/iMX6_Platform_SDK/output/mx6sdl/lib/libboard_sabre_ai_rev_b.a(uart3_iomux_config.o)
 .bss           0x000000001040bfe0        0x0 /home/leon/git/swp-report/iMX6_Platform_SDK/output/mx6sdl/lib/libboard_sabre_ai_rev_b.a(uart4_iomux_config.o)
 .bss           0x000000001040bfe0        0x0 /home/leon/git/swp-report/iMX6_Platform_SDK/output/mx6sdl/lib/libboard_sabre_ai_rev_b.a(usdhc1_iomux_config.o)
 .bss           0x000000001040bfe0        0x0 /home/leon/git/swp-report/iMX6_Platform_SDK/output/mx6sdl/lib/libboard_sabre_ai_rev_b.a(usdhc3_iomux_config.o)
 .bss           0x000000001040bfe0        0x0 /home/leon/git/swp-report/iMX6_Platform_SDK/output/mx6sdl/lib/libboard_sabre_ai_rev_b.a(wdog1_iomux_config.o)
 .bss           0x000000001040bfe0        0x0 /home/leon/git/swp-report/iMX6_Platform_SDK/output/mx6sdl/lib/libboard_sabre_ai_rev_b.a(audmux_iomux_config.o)
 .bss           0x000000001040bfe0        0x0 /home/leon/git/swp-report/iMX6_Platform_SDK/output/mx6sdl/lib/libboard_sabre_ai_rev_b.a(ccm_iomux_config.o)
 .bss           0x000000001040bfe0        0x0 /home/leon/git/swp-report/iMX6_Platform_SDK/output/mx6sdl/lib/libboard_sabre_ai_rev_b.a(ecspi1_iomux_config.o)
 .bss           0x000000001040bfe0        0x0 /home/leon/git/swp-report/iMX6_Platform_SDK/output/mx6sdl/lib/libboard_sabre_ai_rev_b.a(eim_iomux_config.o)
 .bss           0x000000001040bfe0        0x0 /home/leon/git/swp-report/iMX6_Platform_SDK/output/mx6sdl/lib/libboard_sabre_ai_rev_b.a(enet_iomux_config.o)
 .bss           0x000000001040bfe0        0x0 /home/leon/git/swp-report/iMX6_Platform_SDK/output/mx6sdl/lib/libboard_sabre_ai_rev_b.a(esai_iomux_config.o)
 .bss           0x000000001040bfe0        0x0 /home/leon/git/swp-report/iMX6_Platform_SDK/output/mx6sdl/lib/libboard_sabre_ai_rev_b.a(flexcan1_iomux_config.o)
 .bss           0x000000001040bfe0        0x0 /home/leon/git/swp-report/iMX6_Platform_SDK/output/mx6sdl/lib/libboard_sabre_ai_rev_b.a(flexcan2_iomux_config.o)
 .bss           0x000000001040bfe0        0x0 /home/leon/git/swp-report/iMX6_Platform_SDK/output/mx6sdl/lib/libboard_sabre_ai_rev_b.a(gpio1_iomux_config.o)
 .bss           0x000000001040bfe0        0x0 /home/leon/git/swp-report/iMX6_Platform_SDK/output/mx6sdl/lib/libboard_sabre_ai_rev_b.a(gpio2_iomux_config.o)
 .bss           0x000000001040bfe0        0x0 /home/leon/git/swp-report/iMX6_Platform_SDK/output/mx6sdl/lib/libboard_sabre_ai_rev_b.a(gpio4_iomux_config.o)
 .bss           0x000000001040bfe0        0x0 /home/leon/git/swp-report/iMX6_Platform_SDK/output/mx6sdl/lib/libboard_sabre_ai_rev_b.a(gpio5_iomux_config.o)
 .bss           0x000000001040bfe0        0x0 /home/leon/git/swp-report/iMX6_Platform_SDK/output/mx6sdl/lib/libboard_sabre_ai_rev_b.a(gpio6_iomux_config.o)
 .bss           0x000000001040bfe0        0x0 /home/leon/git/swp-report/iMX6_Platform_SDK/output/mx6sdl/lib/libboard_sabre_ai_rev_b.a(gpmi_iomux_config.o)
 .bss           0x000000001040bfe0        0x0 /home/leon/git/swp-report/iMX6_Platform_SDK/output/mx6sdl/lib/libboard_sabre_ai_rev_b.a(i2c2_iomux_config.o)
 .bss           0x000000001040bfe0        0x0 /home/src/arm/target/bin/../arm-none-eabi/lib//libc.a(lib_a-assert.o)
 .bss           0x000000001040bfe0        0x0 /home/src/arm/target/bin/../arm-none-eabi/lib//libc.a(lib_a-bzero.o)
 .bss           0x000000001040bfe0        0x0 /home/src/arm/target/bin/../arm-none-eabi/lib//libc.a(lib_a-fiprintf.o)
 .bss           0x000000001040bfe0        0x0 /home/src/arm/target/bin/../arm-none-eabi/lib//libc.a(lib_a-fputc.o)
 .bss           0x000000001040bfe0        0x0 /home/src/arm/target/bin/../arm-none-eabi/lib//libc.a(lib_a-impure.o)
 .bss           0x000000001040bfe0        0x0 /home/src/arm/target/bin/../arm-none-eabi/lib//libc.a(lib_a-init.o)
 .bss           0x000000001040bfe0        0x0 /home/src/arm/target/bin/../arm-none-eabi/lib//libc.a(lib_a-malloc.o)
 .bss           0x000000001040bfe0       0x34 /home/src/arm/target/bin/../arm-none-eabi/lib//libc.a(lib_a-mallocr.o)
                0x000000001040bfe0                __malloc_top_pad
                0x000000001040bfe4                __malloc_current_mallinfo
                0x000000001040c00c                __malloc_max_sbrked_mem
                0x000000001040c010                __malloc_max_total_mem
 .bss           0x000000001040c014        0x0 /home/src/arm/target/bin/../arm-none-eabi/lib//libc.a(lib_a-mlock.o)
 .bss           0x000000001040c014        0x0 /home/src/arm/target/bin/../arm-none-eabi/lib//libc.a(lib_a-printf.o)
 .bss           0x000000001040c014        0x0 /home/src/arm/target/bin/../arm-none-eabi/lib//libc.a(lib_a-putc.o)
 .bss           0x000000001040c014        0x0 /home/src/arm/target/bin/../arm-none-eabi/lib//libc.a(lib_a-realloc.o)
 .bss           0x000000001040c014        0x0 /home/src/arm/target/bin/../arm-none-eabi/lib//libc.a(lib_a-reallocr.o)
 .bss           0x000000001040c014        0x0 /home/src/arm/target/bin/../arm-none-eabi/lib//libc.a(lib_a-rget.o)
 .bss           0x000000001040c014        0x0 /home/src/arm/target/bin/../arm-none-eabi/lib//libc.a(lib_a-sbrkr.o)
 .bss           0x000000001040c014       0xb0 /home/src/arm/target/bin/../arm-none-eabi/lib//libc.a(lib_a-syscalls.o)
 .bss           0x000000001040c0c4        0x0 /home/src/arm/target/bin/../arm-none-eabi/lib//libc.a(lib_a-vfiprintf.o)
 .bss           0x000000001040c0c4        0x0 /home/src/arm/target/bin/../arm-none-eabi/lib//libc.a(lib_a-vfprintf.o)
 .bss           0x000000001040c0c4        0x0 /home/src/arm/target/bin/../arm-none-eabi/lib//libc.a(lib_a-vprintf.o)
 .bss           0x000000001040c0c4        0x0 /home/src/arm/target/bin/../arm-none-eabi/lib//libc.a(lib_a-wbuf.o)
 .bss           0x000000001040c0c4        0x0 /home/src/arm/target/bin/../arm-none-eabi/lib//libc.a(lib_a-wsetup.o)
 .bss           0x000000001040c0c4        0x0 /home/src/arm/target/bin/../arm-none-eabi/lib//libc.a(lib_a-abort.o)
 .bss           0x000000001040c0c4        0x0 /home/src/arm/target/bin/../arm-none-eabi/lib//libc.a(lib_a-dtoa.o)
 .bss           0x000000001040c0c4        0x0 /home/src/arm/target/bin/../arm-none-eabi/lib//libc.a(lib_a-errno.o)
 .bss           0x000000001040c0c4        0x0 /home/src/arm/target/bin/../arm-none-eabi/lib//libc.a(lib_a-fflush.o)
 .bss           0x000000001040c0c4        0x0 /home/src/arm/target/bin/../arm-none-eabi/lib//libc.a(lib_a-findfp.o)
 .bss           0x000000001040c0c4        0x0 /home/src/arm/target/bin/../arm-none-eabi/lib//libc.a(lib_a-fputwc.o)
 .bss           0x000000001040c0c4        0x0 /home/src/arm/target/bin/../arm-none-eabi/lib//libc.a(lib_a-freer.o)
 .bss           0x000000001040c0c4        0x0 /home/src/arm/target/bin/../arm-none-eabi/lib//libc.a(lib_a-fvwrite.o)
 .bss           0x000000001040c0c4        0x0 /home/src/arm/target/bin/../arm-none-eabi/lib//libc.a(lib_a-fwalk.o)
 .bss           0x000000001040c0c4        0xc /home/src/arm/target/bin/../arm-none-eabi/lib//libc.a(lib_a-locale.o)
                0x000000001040c0c4                _PathLocale
                0x000000001040c0c8                __mlocale_changed
                0x000000001040c0cc                __nlocale_changed
 .bss           0x000000001040c0d0        0x0 /home/src/arm/target/bin/../arm-none-eabi/lib//libc.a(lib_a-makebuf.o)
 .bss           0x000000001040c0d0        0x0 /home/src/arm/target/bin/../arm-none-eabi/lib//libc.a(lib_a-memchr-stub.o)
 .bss           0x000000001040c0d0        0x0 /home/src/arm/target/bin/../arm-none-eabi/lib//libc.a(lib_a-memcpy-stub.o)
 .bss           0x000000001040c0d0        0x0 /home/src/arm/target/bin/../arm-none-eabi/lib//libc.a(lib_a-memmove.o)
 .bss           0x000000001040c0d0        0x0 /home/src/arm/target/bin/../arm-none-eabi/lib//libc.a(lib_a-memset.o)
 .bss           0x000000001040c0d0        0x0 /home/src/arm/target/bin/../arm-none-eabi/lib//libc.a(lib_a-mprec.o)
 .bss           0x000000001040c0d0        0x0 /home/src/arm/target/bin/../arm-none-eabi/lib//libc.a(lib_a-reent.o)
 .bss           0x000000001040c0d0        0x0 /home/src/arm/target/bin/../arm-none-eabi/lib//libc.a(lib_a-refill.o)
 .bss           0x000000001040c0d0        0x0 /home/src/arm/target/bin/../arm-none-eabi/lib//libc.a(lib_a-s_fpclassify.o)
 .bss           0x000000001040c0d0        0x0 /home/src/arm/target/bin/../arm-none-eabi/lib//libc.a(lib_a-signal.o)
 .bss           0x000000001040c0d0        0x0 /home/src/arm/target/bin/../arm-none-eabi/lib//libc.a(lib_a-signalr.o)
 .bss           0x000000001040c0d0        0x0 /home/src/arm/target/bin/../arm-none-eabi/lib//libc.a(lib_a-stdio.o)
 .bss           0x000000001040c0d0        0x0 /home/src/arm/target/bin/../arm-none-eabi/lib//libc.a(lib_a-strcmp.o)
 .bss           0x000000001040c0d0        0x0 /home/src/arm/target/bin/../arm-none-eabi/lib//libc.a(lib_a-strlen.o)
 .bss           0x000000001040c0d0        0x0 /home/src/arm/target/bin/../arm-none-eabi/lib//libc.a(lib_a-wcrtomb.o)
 .bss           0x000000001040c0d0        0x0 /home/src/arm/target/bin/../arm-none-eabi/lib//libc.a(lib_a-wctomb_r.o)
 .bss           0x000000001040c0d0        0x0 /home/src/arm/target/bin/../arm-none-eabi/lib//libc.a(lib_a-writer.o)
 .bss           0x000000001040c0d0        0x0 /home/src/arm/target/bin/../arm-none-eabi/lib//libc.a(lib_a-callocr.o)
 .bss           0x000000001040c0d0        0x0 /home/src/arm/target/bin/../arm-none-eabi/lib//libc.a(lib_a-closer.o)
 .bss           0x000000001040c0d0        0x0 /home/src/arm/target/bin/../arm-none-eabi/lib//libc.a(lib_a-fclose.o)
 .bss           0x000000001040c0d0        0x0 /home/src/arm/target/bin/../arm-none-eabi/lib//libc.a(lib_a-fstatr.o)
 .bss           0x000000001040c0d0        0x0 /home/src/arm/target/bin/../arm-none-eabi/lib//libc.a(lib_a-isattyr.o)
 .bss           0x000000001040c0d0        0x0 /home/src/arm/target/bin/../arm-none-eabi/lib//libc.a(lib_a-lseekr.o)
 .bss           0x000000001040c0d0        0x0 /home/src/arm/target/bin/../arm-none-eabi/lib//libc.a(lib_a-readr.o)
 .bss           0x000000001040c0d0        0x0 /home/src/arm/target/bin/../lib/gcc/arm-none-eabi/4.8.2//libgcc.a(_udivsi3.o)
 .bss           0x000000001040c0d0        0x0 /home/src/arm/target/bin/../lib/gcc/arm-none-eabi/4.8.2//libgcc.a(_divsi3.o)
 .bss           0x000000001040c0d0        0x0 /home/src/arm/target/bin/../lib/gcc/arm-none-eabi/4.8.2//libgcc.a(_dvmd_tls.o)
 .bss           0x000000001040c0d0        0x0 /home/src/arm/target/bin/../lib/gcc/arm-none-eabi/4.8.2//libgcc.a(_arm_addsubdf3.o)
 .bss           0x000000001040c0d0        0x0 /home/src/arm/target/bin/../lib/gcc/arm-none-eabi/4.8.2//libgcc.a(_arm_muldivdf3.o)
 .bss           0x000000001040c0d0        0x0 /home/src/arm/target/bin/../lib/gcc/arm-none-eabi/4.8.2//libgcc.a(_arm_cmpdf2.o)
 .bss           0x000000001040c0d0        0x0 /home/src/arm/target/bin/../lib/gcc/arm-none-eabi/4.8.2//libgcc.a(_arm_fixdfsi.o)
 .bss           0x000000001040c0d0        0x0 /home/src/arm/target/bin/../lib/gcc/arm-none-eabi/4.8.2//libgcc.a(_aeabi_uldivmod.o)
 .bss           0x000000001040c0d0        0x0 /home/src/arm/target/bin/../lib/gcc/arm-none-eabi/4.8.2//libgcc.a(bpabi.o)
 .bss           0x000000001040c0d0        0x0 /home/src/arm/target/bin/../lib/gcc/arm-none-eabi/4.8.2//libgcc.a(_divdi3.o)
 .bss           0x000000001040c0d0        0x0 /home/src/arm/target/bin/../lib/gcc/arm-none-eabi/4.8.2//libgcc.a(_udivdi3.o)
 .bss           0x000000001040c0d0        0x0 /home/src/arm/target/bin/../lib/gcc/arm-none-eabi/4.8.2//libgcc.a(_clzsi2.o)
 .bss           0x000000001040c0d0        0x4 /home/leon/git/swp-report/iMX6_Platform_SDK/output/mx6sdl/lib/libsdk.a(max7310.o)
 .bss           0x000000001040c0d4        0x0 /home/leon/git/swp-report/iMX6_Platform_SDK/output/mx6sdl/lib/libsdk.a(gpio.o)
 .bss           0x000000001040c0d4        0x0 /home/leon/git/swp-report/iMX6_Platform_SDK/output/mx6sdl/lib/libsdk.a(imx6sdl_gpio_map.o)
 .bss           0x000000001040c0d4        0x0 /home/leon/git/swp-report/iMX6_Platform_SDK/output/mx6sdl/lib/libsdk.a(imx_i2c.o)
 .bss           0x000000001040c0d4        0x0 /home/leon/git/swp-report/iMX6_Platform_SDK/output/mx6sdl/lib/libboard_sabre_ai_rev_b.a(i2c_iomux_config.o)
 *(COMMON)
 COMMON         0x000000001040c0d4        0x4 /home/src/arm/target/bin/../arm-none-eabi/lib//libc.a(lib_a-reent.o)
                0x000000001040c0d4                errno
 *(.bss)
                0x000000001040c0d8                __bss_end__ = .

.stacks         0x000000001040c0d8     0xc000