Archive member included because of file (symbol)

/home/leon/git/swp-report/iMX6_Platform_SDK/output/mx6sl/lib/libsdk.a(ccm_pll.o)
                              /home/leon/git/swp-report/iMX6_Platform_SDK/output/mx6sl/sdk_unit_test/evk_rev_a/obj/apps/common/platform_init.o (ccm_init)
/home/leon/git/swp-report/iMX6_Platform_SDK/output/mx6sl/lib/libsdk.a(cortexA9.o)
                              /home/leon/git/swp-report/iMX6_Platform_SDK/output/mx6sl/sdk_unit_test/evk_rev_a/obj/apps/common/platform_init.o (arm_set_interrupt_state)
/home/leon/git/swp-report/iMX6_Platform_SDK/output/mx6sl/lib/libsdk.a(gic.o)
                              /home/leon/git/swp-report/iMX6_Platform_SDK/output/mx6sl/sdk_unit_test/evk_rev_a/obj/apps/common/platform_init.o (gic_init)
/home/leon/git/swp-report/iMX6_Platform_SDK/output/mx6sl/lib/libsdk.a(mmu.o)
                              /home/leon/git/swp-report/iMX6_Platform_SDK/output/mx6sl/sdk_unit_test/evk_rev_a/obj/apps/common/platform_init.o (mmu_init)
/home/leon/git/swp-report/iMX6_Platform_SDK/output/mx6sl/lib/libsdk.a(startup.o)
                              (_start)
/home/leon/git/swp-report/iMX6_Platform_SDK/output/mx6sl/lib/libsdk.a(vectors.o)
                              /home/leon/git/swp-report/iMX6_Platform_SDK/output/mx6sl/lib/libsdk.a(startup.o) (vectors)
/home/leon/git/swp-report/iMX6_Platform_SDK/output/mx6sl/lib/libsdk.a(menu.o)
                              /home/leon/git/swp-report/iMX6_Platform_SDK/output/mx6sl/sdk_unit_test/evk_rev_a/obj/apps/sdk_unit_test/src/all_test.o (menuitem_cmd_exitmenu)
/home/leon/git/swp-report/iMX6_Platform_SDK/output/mx6sl/lib/libsdk.a(sdk_version.o)
                              /home/leon/git/swp-report/iMX6_Platform_SDK/output/mx6sl/sdk_unit_test/evk_rev_a/obj/apps/common/print_version.o (k_sdk_version)
/home/leon/git/swp-report/iMX6_Platform_SDK/output/mx6sl/lib/libsdk.a(system_util.o)
                              /home/leon/git/swp-report/iMX6_Platform_SDK/output/mx6sl/lib/libsdk.a(startup.o) (_sys_exit)
/home/leon/git/swp-report/iMX6_Platform_SDK/output/mx6sl/lib/libsdk.a(text_color.o)
                              /home/leon/git/swp-report/iMX6_Platform_SDK/output/mx6sl/lib/libsdk.a(menu.o) (g_TextAttributeDefault)
/home/leon/git/swp-report/iMX6_Platform_SDK/output/mx6sl/lib/libsdk.a(board_id.o)
                              /home/leon/git/swp-report/iMX6_Platform_SDK/output/mx6sl/sdk_unit_test/evk_rev_a/obj/apps/common/print_version.o (chip_name)
/home/leon/git/swp-report/iMX6_Platform_SDK/output/mx6sl/lib/libsdk.a(timer.o)
                              /home/leon/git/swp-report/iMX6_Platform_SDK/output/mx6sl/sdk_unit_test/evk_rev_a/obj/apps/common/platform_init.o (system_time_init)
/home/leon/git/swp-report/iMX6_Platform_SDK/output/mx6sl/lib/libsdk.a(imx_uart.o)
                              /home/leon/git/swp-report/iMX6_Platform_SDK/output/mx6sl/sdk_unit_test/evk_rev_a/obj/apps/common/platform_init.o (uart_getchar)
/home/leon/git/swp-report/iMX6_Platform_SDK/output/mx6sl/lib/libsdk.a(arm_abort.o)
                              /home/leon/git/swp-report/iMX6_Platform_SDK/output/mx6sl/lib/libsdk.a(vectors.o) (data_abort_handler)
/home/leon/git/swp-report/iMX6_Platform_SDK/output/mx6sl/lib/libsdk.a(interrupt.o)
                              /home/leon/git/swp-report/iMX6_Platform_SDK/output/mx6sl/lib/libsdk.a(vectors.o) (IRQ_HDLR)
/home/leon/git/swp-report/iMX6_Platform_SDK/output/mx6sl/lib/libsdk.a(epit.o)
                              /home/leon/git/swp-report/iMX6_Platform_SDK/output/mx6sl/lib/libsdk.a(timer.o) (epit_get_compare_event)
/home/leon/git/swp-report/iMX6_Platform_SDK/output/mx6sl/lib/libsdk.a(abort_handler.o)
                              /home/leon/git/swp-report/iMX6_Platform_SDK/output/mx6sl/lib/libsdk.a(arm_abort.o) (dump_regs)
/home/leon/git/swp-report/iMX6_Platform_SDK/output/mx6sl/lib/libboard_evk_rev_a.a(board_io_expanders.o)
                              /home/leon/git/swp-report/iMX6_Platform_SDK/output/mx6sl/sdk_unit_test/evk_rev_a/obj/apps/common/platform_init.o (board_ioexpander_init)
/home/leon/git/swp-report/iMX6_Platform_SDK/output/mx6sl/lib/libboard_evk_rev_a.a(dcd.o)
                              /home/leon/git/swp-report/iMX6_Platform_SDK/output/mx6sl/sdk_unit_test/evk_rev_a/obj/apps/common/ivt.o (input_dcd_hdr)
/home/leon/git/swp-report/iMX6_Platform_SDK/output/mx6sl/lib/libboard_evk_rev_a.a(hardware_modules.o)
                              /home/leon/git/swp-report/iMX6_Platform_SDK/output/mx6sl/sdk_unit_test/evk_rev_a/obj/apps/common/platform_init.o (g_debug_uart_port)
/home/leon/git/swp-report/iMX6_Platform_SDK/output/mx6sl/lib/libboard_evk_rev_a.a(uart_iomux_config.o)
                              /home/leon/git/swp-report/iMX6_Platform_SDK/output/mx6sl/lib/libsdk.a(imx_uart.o) (uart_iomux_config)
/home/leon/git/swp-report/iMX6_Platform_SDK/output/mx6sl/lib/libboard_evk_rev_a.a(iomux_config.o)
[...]
Memory Configuration

Name             Origin             Length             Attributes
OCRAM            0x00900000         0x00020000         xrw
DDR              0x80000000         0x40000000         xrw
*default*        0x00000000         0xffffffff

Linker script and memory map

LOAD /home/leon/riotboard/arm-2012.09/bin/../lib/gcc/arm-none-eabi/4.7.2//crtbegin.o
LOAD /home/leon/riotboard/arm-2012.09/bin/../lib/gcc/arm-none-eabi/4.7.2//crti.o
LOAD /home/leon/riotboard/arm-2012.09/bin/../lib/gcc/arm-none-eabi/4.7.2//crtend.o
LOAD /home/leon/riotboard/arm-2012.09/bin/../lib/gcc/arm-none-eabi/4.7.2//crtn.o

.l1_page_table  0x00900000     0x4000
                0x00900000                __l1_page_table_start = .
                0x00904000                . = (. + 0x4000)
 *fill*         0x00900000     0x4000 

.heap.ocram     0x00904000    0x1bfb8
                0x00904000                __heap_ocram_start = .
                0x0091ffb8                . = (. + 0x1bfb8)
 *fill*         0x00904000    0x1bfb8 
                0x0091ffb8                __heap_ocram_end = .

.ram_vectors    0x0091ffb8       0x48
                0x0091ffb8                __ram_vectors_start = .
                0x00920000                . = (. + 0x48)
 *fill*         0x0091ffb8       0x48 
                0x00920000                __ram_vectors_end = .
                0x80000000                _start_image_add = ORIGIN (DDR)

.ivt            0x80000000      0x420
                0x80000400                . = (. + 0x400)
 *fill*         0x80000000      0x400 
 *(.ivt)
 .ivt           0x80000400       0x20 /home/leon/git/swp-report/iMX6_Platform_SDK/output/mx6sl/sdk_unit_test/evk_rev_a/obj/apps/common/ivt.o
                0x80000400                input_ivt

.boot_data      0x80000420        0xc
                0x80000420                __start_boot_data = .
 *(.boot_data)
 .boot_data     0x80000420        0xc /home/leon/git/swp-report/iMX6_Platform_SDK/output/mx6sl/sdk_unit_test/evk_rev_a/obj/apps/common/ivt.o
                0x80000420                bd

.dcd_hdr        0x80000430        0x4
                0x80000430                __start_dcd = .
 *(.dcd_hdr)
 .dcd_hdr       0x80000430        0x4 /home/leon/git/swp-report/iMX6_Platform_SDK/output/mx6sl/lib/libboard_evk_rev_a.a(dcd.o)
                0x80000430                input_dcd_hdr

.dcd_wrt_cmd    0x80000434        0x4
 *(.dcd_wrt_cmd)
 .dcd_wrt_cmd   0x80000434        0x4 /home/leon/git/swp-report/iMX6_Platform_SDK/output/mx6sl/lib/libboard_evk_rev_a.a(dcd.o)
                0x80000434                input_dcd_wrt_cmd

.dcd_data       0x80000438      0x240
 *(.dcd_data)
 .dcd_data      0x80000438      0x240 /home/leon/git/swp-report/iMX6_Platform_SDK/output/mx6sl/lib/libboard_evk_rev_a.a(dcd.o)
                0x80000438                input_dcd

.text           0x80000678    0x51d70
 CREATE_OBJECT_SYMBOLS
 *(.startup)
 .startup       0x80000678      0x138 /home/leon/git/swp-report/iMX6_Platform_SDK/output/mx6sl/lib/libsdk.a(startup.o)
                0x80000678                _start
 *(.text .text.* .gnu.linkonce.t.*)
 .text          0x800007b0      0x128 /home/leon/riotboard/arm-2012.09/bin/../lib/gcc/arm-none-eabi/4.7.2//crtbegin.o
 .text          0x800008d8        0x0 /home/leon/riotboard/arm-2012.09/bin/../lib/gcc/arm-none-eabi/4.7.2//crti.o
 .text          0x800008d8        0x0 /home/leon/riotboard/arm-2012.09/bin/../lib/gcc/arm-none-eabi/4.7.2//crtend.o
 .text          0x800008d8        0x0 /home/leon/riotboard/arm-2012.09/bin/../lib/gcc/arm-none-eabi/4.7.2//crtn.o
 .text          0x800008d8        0x0 /home/leon/git/swp-report/iMX6_Platform_SDK/output/mx6sl/sdk_unit_test/evk_rev_a/obj/apps/common/ivt.o
 .text          0x800008d8       0x98 /home/leon/git/swp-report/iMX6_Platform_SDK/output/mx6sl/sdk_unit_test/evk_rev_a/obj/apps/common/platform_init.o
                0x800008d8                platform_init
 .text          0x80000970       0xfc /home/leon/git/swp-report/iMX6_Platform_SDK/output/mx6sl/sdk_unit_test/evk_rev_a/obj/apps/common/print_clock_info.o
                0x80000970                show_freq
                0x80000a5c                show_ddr_config
 .text          0x80000a6c      0x15c /home/leon/git/swp-report/iMX6_Platform_SDK/output/mx6sl/sdk_unit_test/evk_rev_a/obj/apps/common/print_version.o
                0x80000a6c                print_version
 .text          0x80000bc8       0x50 /home/leon/git/swp-report/iMX6_Platform_SDK/output/mx6sl/sdk_unit_test/evk_rev_a/obj/apps/sdk_unit_test/src/all_test.o
                0x80000bc8                run_test
                0x80000bfc                ALL_test
 .text          0x80000c18       0x2c /home/leon/git/swp-report/iMX6_Platform_SDK/output/mx6sl/sdk_unit_test/evk_rev_a/obj/apps/sdk_unit_test/src/unit_test_main.o
                0x80000c18                main
 .text          0x80000c44      0x968 /home/leon/git/swp-report/iMX6_Platform_SDK/output/mx6sl/lib/libsdk.a(ccm_pll.o)
                0x80000c44                ccm_init
                0x80000d68                get_main_clock
                0x80000f34                get_peri_clock
                0x80001014                ccm_ccgr_config
                0x8000107c                clock_gating_config
                0x80001448                ccm_set_lpm_wakeup_source
                0x8000153c                ccm_enter_low_power
 .text          0x800015ac      0x164 /home/leon/git/swp-report/iMX6_Platform_SDK/output/mx6sl/lib/libsdk.a(cortexA9.o)
                0x800015ac                arm_set_interrupt_state
                0x800015d0                cpu_get_current
                0x800015dc                enable_neon_fpu
                0x800015f8                disable_strict_align_check
                0x8000160c                disable_L1_cache
                0x8000162c                get_arm_private_peripheral_base
                0x80001634                arm_unified_tlb_invalidate
                0x80001644                arm_unified_tlb_invalidate_is
                0x80001654                arm_branch_prediction_enable
                0x80001664                arm_branch_prediction_disable
                0x80001674                arm_branch_target_cache_invalidate
                0x80001680                arm_branch_target_cache_invalidate_is
                0x8000168c                scu_enable
                0x800016a0                scu_join_smp
                0x800016b0                scu_leave_smp
                0x800016c0                scu_get_cpus_in_smp
                0x800016d4                scu_enable_maintenance_broadcast
                0x800016e4                scu_disable_maintenance_broadcast
                0x800016f4                scu_secure_invalidate
 .text          0x80001710      0x5e0 /home/leon/git/swp-report/iMX6_Platform_SDK/output/mx6sl/lib/libsdk.a(gic.o)
                0x800017f4                gic_enable
                0x80001854                gic_set_irq_security
                0x800018fc                gic_enable_irq
                0x80001978                gic_set_irq_priority
                0x800019c0                gic_set_cpu_target
                0x80001acc                gic_send_sgi
                0x80001b20                gic_cpu_enable
                0x80001b80                gic_set_cpu_priority_mask
                0x80001bb4                gic_read_irq_ack
                0x80001be0                gic_write_end_of_irq
                0x80001c10                gic_init
                0x80001cb4                gic_init_cpu
 .text          0x80001cf0      0x460 /home/leon/git/swp-report/iMX6_Platform_SDK/output/mx6sl/lib/libsdk.a(mmu.o)
                0x80001cf0                mmu_enable
                0x80001d28                mmu_disable
                0x80001d5c                mmu_init
                0x80001e78                mmu_map_l1_range
                0x80002090                mmu_virtual_to_physical
 .text          0x80002150        0x0 /home/leon/git/swp-report/iMX6_Platform_SDK/output/mx6sl/lib/libsdk.a(startup.o)
 .text          0x80002150        0x4 /home/leon/git/swp-report/iMX6_Platform_SDK/output/mx6sl/lib/libsdk.a(vectors.o)
                0x80002150                exception_handler
 .text.vectors  0x80002154       0x48 /home/leon/git/swp-report/iMX6_Platform_SDK/output/mx6sl/lib/libsdk.a(vectors.o)
                0x80002154                vectors
 .text          0x8000219c      0xc78 /home/leon/git/swp-report/iMX6_Platform_SDK/output/mx6sl/lib/libsdk.a(menu.o)
                0x80002644                menu_get_indent
                0x80002660                menuitem_cmd_showmenu
                0x80002684                menuitem_cmd_exitmenu
                0x800026a8                menu_append_menuitems
                0x800027c8                menu_present
                0x80002d64                menu_print_menuitem
 .text          0x80002e14        0x0 /home/leon/git/swp-report/iMX6_Platform_SDK/output/mx6sl/lib/libsdk.a(sdk_version.o)
 .text          0x80002e14      0x914 /home/leon/git/swp-report/iMX6_Platform_SDK/output/mx6sl/lib/libsdk.a(system_util.o)
                0x80002e14                _sys_exit
                0x80002e30                mybkpt
                0x80002e38                is_input_char
                0x80002fb8                read_input_string
                0x800032a0                get_input_hex
                0x80003520                read_int
                0x80003684                jump_to_sdp
 .text          0x80003728       0xe0 /home/leon/git/swp-report/iMX6_Platform_SDK/output/mx6sl/lib/libsdk.a(text_color.o)
                0x80003728                printf_color
                0x800037c4                get_color_supported
 .text          0x80003808      0x7c4 /home/leon/git/swp-report/iMX6_Platform_SDK/output/mx6sl/lib/libsdk.a(board_id.o)
                0x80003808                chip_name
                0x80003920                chip_revision
                0x800039f8                board_name
                0x80003afc                board_revision
                0x80003bc4                board_description
                0x80003ce4                get_board_id
                0x80003dc0                show_board_id
 .text          0x80003fcc      0x290 /home/leon/git/swp-report/iMX6_Platform_SDK/output/mx6sl/lib/libsdk.a(timer.o)
                0x80003fcc                hal_delay_us
                0x8000403c                system_time_init
                0x8000419c                time_get_microseconds
 .text          0x8000425c     0x2820 /home/leon/git/swp-report/iMX6_Platform_SDK/output/mx6sl/lib/libsdk.a(imx_uart.o)
                0x8000425c                uart_get_reffreq
                0x80004358                uart_putchar
                0x800044a8                uart_getchar
                0x80004608                uart_set_FIFO_mode
                0x80005134                uart_set_loopback_mode
                0x80005388                uart_setup_interrupt
                0x80005454                uart_init
 .text          0x80006a7c       0x98 /home/leon/git/swp-report/iMX6_Platform_SDK/output/mx6sl/lib/libsdk.a(arm_abort.o)
                0x80006a7c                common_abort_handler
                0x80006adc                data_abort_handler
                0x80006af4                prefetch_abort_handler
 .text          0x80006b14      0x1bc /home/leon/git/swp-report/iMX6_Platform_SDK/output/mx6sl/lib/libsdk.a(interrupt.o)
                0x80006b14                IRQ_HDLR
                0x80006bdc                disable_interrupt
                0x80006c18                enable_interrupt
                0x80006c70                register_interrupt_routine
                0x80006ca4                default_interrupt_routine
 .text          0x80006cd0      0x8e0 /home/leon/git/swp-report/iMX6_Platform_SDK/output/mx6sl/lib/libsdk.a(epit.o)
                0x80006cd0                epit_reload_counter
                0x80006d30                epit_get_counter_value
                0x80006d8c                epit_set_compare_event
                0x80006dec                epit_get_compare_event
                0x80006ee4                epit_counter_disable
                0x800070a8                epit_counter_enable
                0x80007304                epit_setup_interrupt
                0x80007394                epit_init
 .text          0x800075b0      0x4bc /home/leon/git/swp-report/iMX6_Platform_SDK/output/mx6sl/lib/libsdk.a(abort_handler.o)
                0x800075b0                dump_regs
 .text          0x80007a6c       0x10 /home/leon/git/swp-report/iMX6_Platform_SDK/output/mx6sl/lib/libboard_evk_rev_a.a(board_io_expanders.o)
                0x80007a6c                board_ioexpander_init
 .text          0x80007a7c        0x0 /home/leon/git/swp-report/iMX6_Platform_SDK/output/mx6sl/lib/libboard_evk_rev_a.a(dcd.o)
 .text          0x80007a7c        0x0 /home/leon/git/swp-report/iMX6_Platform_SDK/output/mx6sl/lib/libboard_evk_rev_a.a(hardware_modules.o)
 .text          0x80007a7c       0x90 /home/leon/git/swp-report/iMX6_Platform_SDK/output/mx6sl/lib/libboard_evk_rev_a.a(uart_iomux_config.o)
                0x80007a7c                uart_iomux_config
 .text          0x80007b0c      0x20c /home/leon/git/swp-report/iMX6_Platform_SDK/output/mx6sl/lib/libboard_evk_rev_a.a(iomux_config.o)
                0x80007b0c                iomux_config
                0x80007b78                arm_iomux_config
                0x80007b88                ccm_iomux_config
                0x80007b98                ecspi3_iomux_config
                0x80007ba8                ecspi4_iomux_config
                0x80007bb8                eim_iomux_config
                0x80007bc8                epit1_iomux_config
                0x80007bd8                epit2_iomux_config
                0x80007be8                gpio2_iomux_config
                0x80007bf8                gpio3_iomux_config
                0x80007c08                gpio5_iomux_config
                0x80007c18                gpt_iomux_config
                0x80007c28                pmu_iomux_config
                0x80007c38                pwm2_iomux_config
                0x80007c48                pwm3_iomux_config
                0x80007c58                pwm4_iomux_config
                0x80007c68                sdma_iomux_config
                0x80007c78                snvs_iomux_config
                0x80007c88                spdif_iomux_config
                0x80007c98                src_iomux_config
                0x80007ca8                uart2_iomux_config
                0x80007cb8                uart3_iomux_config
                0x80007cc8                uart4_iomux_config
                0x80007cd8                uart5_iomux_config
                0x80007ce8                usdhc4_iomux_config
                0x80007cf8                wdog2_iomux_config
                0x80007d08                xtalosc_iomux_config
 .text          0x80007d18      0x1b0 /home/leon/git/swp-report/iMX6_Platform_SDK/output/mx6sl/lib/libboard_evk_rev_a.a(kpp_iomux_config.o)
                0x80007d18                kpp_iomux_config
 .text          0x80007ec8      0x5b4 /home/leon/git/swp-report/iMX6_Platform_SDK/output/mx6sl/lib/libboard_evk_rev_a.a(lcd_iomux_config.o)
                0x80007ec8                lcd_iomux_config
 .text          0x8000847c     0x1644 /home/leon/git/swp-report/iMX6_Platform_SDK/output/mx6sl/lib/libboard_evk_rev_a.a(mmdc_iomux_config.o)
                0x8000847c                mmdc_iomux_config
 .text          0x80009ac0       0x34 /home/leon/git/swp-report/iMX6_Platform_SDK/output/mx6sl/lib/libboard_evk_rev_a.a(pwm1_iomux_config.o)
                0x80009ac0                pwm1_iomux_config
 .text          0x80009af4       0x70 /home/leon/git/swp-report/iMX6_Platform_SDK/output/mx6sl/lib/libboard_evk_rev_a.a(sjc_iomux_config.o)
                0x80009af4                sjc_iomux_config
 .text          0x80009b64      0x250 /home/leon/git/swp-report/iMX6_Platform_SDK/output/mx6sl/lib/libboard_evk_rev_a.a(spdc_iomux_config.o)
                0x80009b64                spdc_iomux_config
 .text          0x80009db4       0x78 /home/leon/git/swp-report/iMX6_Platform_SDK/output/mx6sl/lib/libboard_evk_rev_a.a(uart1_iomux_config.o)
                0x80009db4                uart1_iomux_config
 .text          0x80009e2c       0xc0 /home/leon/git/swp-report/iMX6_Platform_SDK/output/mx6sl/lib/libboard_evk_rev_a.a(usb_iomux_config.o)
                0x80009e2c                usb_iomux_config
 .text          0x80009eec      0x1e0 /home/leon/git/swp-report/iMX6_Platform_SDK/output/mx6sl/lib/libboard_evk_rev_a.a(usdhc1_iomux_config.o)
                0x80009eec                usdhc1_iomux_config
 .text          0x8000a0cc      0x174 /home/leon/git/swp-report/iMX6_Platform_SDK/output/mx6sl/lib/libboard_evk_rev_a.a(usdhc2_iomux_config.o)
                0x8000a0cc                usdhc2_iomux_config
 .text          0x8000a240      0x11c /home/leon/git/swp-report/iMX6_Platform_SDK/output/mx6sl/lib/libboard_evk_rev_a.a(usdhc3_iomux_config.o)
                0x8000a240                usdhc3_iomux_config
 .text          0x8000a35c       0x34 /home/leon/git/swp-report/iMX6_Platform_SDK/output/mx6sl/lib/libboard_evk_rev_a.a(wdog1_iomux_config.o)
                0x8000a35c                wdog1_iomux_config
 .text          0x8000a390      0x10c /home/leon/git/swp-report/iMX6_Platform_SDK/output/mx6sl/lib/libboard_evk_rev_a.a(audmux_iomux_config.o)
                0x8000a390                audmux_iomux_config
 .text          0x8000a49c      0x320 /home/leon/git/swp-report/iMX6_Platform_SDK/output/mx6sl/lib/libboard_evk_rev_a.a(csi_iomux_config.o)
                0x8000a49c                csi_iomux_config
 .text          0x8000a7bc       0xe0 /home/leon/git/swp-report/iMX6_Platform_SDK/output/mx6sl/lib/libboard_evk_rev_a.a(ecspi1_iomux_config.o)
                0x8000a7bc                ecspi1_iomux_config
 .text          0x8000a89c       0xe0 /home/leon/git/swp-report/iMX6_Platform_SDK/output/mx6sl/lib/libboard_evk_rev_a.a(ecspi2_iomux_config.o)
                0x8000a89c                ecspi2_iomux_config
 .text          0x8000a97c      0x5d0 /home/leon/git/swp-report/iMX6_Platform_SDK/output/mx6sl/lib/libboard_evk_rev_a.a(epdc_iomux_config.o)
                0x8000a97c                epdc_iomux_config
 .text          0x8000af4c      0x1dc /home/leon/git/swp-report/iMX6_Platform_SDK/output/mx6sl/lib/libboard_evk_rev_a.a(fec_iomux_config.o)
                0x8000af4c                fec_iomux_config
 .text          0x8000b128       0x10 /home/leon/git/swp-report/iMX6_Platform_SDK/output/mx6sl/lib/libboard_evk_rev_a.a(gpio1_iomux_config.o)
                0x8000b128                gpio1_iomux_config
 .text          0x8000b138       0x10 /home/leon/git/swp-report/iMX6_Platform_SDK/output/mx6sl/lib/libboard_evk_rev_a.a(gpio4_iomux_config.o)
                0x8000b138                gpio4_iomux_config
 .text          0x8000b148       0x78 /home/leon/git/swp-report/iMX6_Platform_SDK/output/mx6sl/lib/libboard_evk_rev_a.a(i2c1_iomux_config.o)
                0x8000b148                i2c1_iomux_config
 .text          0x8000b1c0       0x78 /home/leon/git/swp-report/iMX6_Platform_SDK/output/mx6sl/lib/libboard_evk_rev_a.a(i2c2_iomux_config.o)
                0x8000b1c0                i2c2_iomux_config
 .text          0x8000b238       0x70 /home/leon/git/swp-report/iMX6_Platform_SDK/output/mx6sl/lib/libboard_evk_rev_a.a(i2c3_iomux_config.o)
                0x8000b238                i2c3_iomux_config
 .text          0x8000b2a8      0x1fc /home/leon/git/swp-report/iMX6_Platform_SDK/output/mx6sl/sdk_unit_test/evk_rev_a/libsdk_unit_test.a(cpu_wp_test.o)
                0x8000b2a8                my_memcpy
                0x8000b2e4                memcpy_perf_record
                0x8000b3cc                cpu_wp_test
 .text          0x8000b4a4      0x37c /home/leon/git/swp-report/iMX6_Platform_SDK/output/mx6sl/sdk_unit_test/evk_rev_a/libsdk_unit_test.a(audio_test.o)
                0x8000b4a4                audio_test
 .text          0x8000b820      0x2e8 /home/leon/git/swp-report/iMX6_Platform_SDK/output/mx6sl/sdk_unit_test/evk_rev_a/libsdk_unit_test.a(ssi_playback.o)
                0x8000b820                ssi_playback
 .text          0x8000bb08        0x0 /home/leon/git/swp-report/iMX6_Platform_SDK/output/mx6sl/sdk_unit_test/evk_rev_a/libsdk_unit_test.a(wav_file.o)
 .text          0x8000bb08       0xc4 /home/leon/git/swp-report/iMX6_Platform_SDK/output/mx6sl/sdk_unit_test/evk_rev_a/libsdk_unit_test.a(gic_test.o)
                0x8000bb08                gic_sgi_test_handler
                0x8000bb34                gic_test
 .text          0x8000bbcc      0x3ec /home/leon/git/swp-report/iMX6_Platform_SDK/output/mx6sl/sdk_unit_test/evk_rev_a/libsdk_unit_test.a(ocotp_test.o)
                0x8000bbcc                ocotp_test
 .text          0x8000bfb8      0x128 /home/leon/git/swp-report/iMX6_Platform_SDK/output/mx6sl/sdk_unit_test/evk_rev_a/libsdk_unit_test.a(i2c_test.o)
                0x8000bfb8                i2c_test
 .text          0x8000c0e0      0x884 /home/leon/git/swp-report/iMX6_Platform_SDK/output/mx6sl/sdk_unit_test/evk_rev_a/libsdk_unit_test.a(imx6_i2c_device.o)
                0x8000c0e0                imx6_slave_receive
                0x8000c218                imx6_slave_transmit
                0x8000c404                i2c_imx6_slave_test
 .text          0x8000c964      0x340 /home/leon/git/swp-report/iMX6_Platform_SDK/output/mx6sl/sdk_unit_test/evk_rev_a/libsdk_unit_test.a(snvs_rtc_test.o)
                0x8000c964                one_time_tick_callback
                0x8000c990                periodic_tick_callback
                0x8000c9e0                one_time_timer_test
                0x8000caa8                periodic_timer_test
                0x8000cb7c                snvs_rtc_test
 .text          0x8000cca4      0x1fc /home/leon/git/swp-report/iMX6_Platform_SDK/output/mx6sl/sdk_unit_test/evk_rev_a/libsdk_unit_test.a(snvs_srtc_test.o)
                0x8000cca4                srtc_one_time_tick_callback
                0x8000ccd0                srtc_one_time_timer_test
                0x8000cd94                snvs_srtc_test
 .text          0x8000cea0      0x290 /home/leon/git/swp-report/iMX6_Platform_SDK/output/mx6sl/sdk_unit_test/evk_rev_a/libsdk_unit_test.a(tempmon_test.o)
                0x8000cea0                over_temp_callback
                0x8000ced4                print_current_temp
                0x8000cf0c                tempmon_test
 .text          0x8000d130      0x1f4 /home/leon/git/swp-report/iMX6_Platform_SDK/output/mx6sl/sdk_unit_test/evk_rev_a/libsdk_unit_test.a(sdma_test.o)
                0x8000d130                sdma_test
 .text          0x8000d324      0xa1c /home/leon/git/swp-report/iMX6_Platform_SDK/output/mx6sl/sdk_unit_test/evk_rev_a/libsdk_unit_test.a(spi_lpb.o)
                0x8000d424                ecspi_app_test
                0x8000d8b4                ecspi_shp_test
 .text          0x8000dd40      0xfbc /home/leon/git/swp-report/iMX6_Platform_SDK/output/mx6sl/sdk_unit_test/evk_rev_a/libsdk_unit_test.a(uart_loopback.o)
                0x8000df4c                uart_app_test
                0x8000e3c8                uart_shp_test
                0x8000e854                uart5_trans_isr
                0x8000e890                uart_app_interrupt_test
 .text          0x8000ecfc      0x374 /home/leon/git/swp-report/iMX6_Platform_SDK/output/mx6sl/sdk_unit_test/evk_rev_a/libsdk_unit_test.a(epit_test.o)
                0x8000ecfc                epit_test
 .text          0x8000f070      0x4fc /home/leon/git/swp-report/iMX6_Platform_SDK/output/mx6sl/sdk_unit_test/evk_rev_a/libsdk_unit_test.a(gpt_test.o)
                0x8000f070                gpt_test
                0x8000f198                gpt_out_compare_test
                0x8000f2f0                gpt_interrupt_routine
                0x8000f384                gpt_in_capture_test
 .text          0x8000f56c       0xb4 /home/leon/git/swp-report/iMX6_Platform_SDK/output/mx6sl/sdk_unit_test/evk_rev_a/libsdk_unit_test.a(timer_test.o)
                0x8000f56c                microseconds_test
 .text          0x8000f620      0x24c /home/leon/git/swp-report/iMX6_Platform_SDK/output/mx6sl/sdk_unit_test/evk_rev_a/libsdk_unit_test.a(uart_test.o)
                0x8000f620                uart_interrupt_handler
                0x8000f678                uart_test
 .text          0x8000f86c      0xcf4 /home/leon/git/swp-report/iMX6_Platform_SDK/output/mx6sl/sdk_unit_test/evk_rev_a/libsdk_unit_test.a(usdhc_test.o)
                0x8000f86c                mmc_sd_test
                0x8000f8a0                usdhc_test
 .text          0x80010560      0x1ec /home/leon/git/swp-report/iMX6_Platform_SDK/output/mx6sl/sdk_unit_test/evk_rev_a/libsdk_unit_test.a(pwm_test.o)
                0x80010560                pwm_test
 .text          0x8001074c      0x244 /home/leon/git/swp-report/iMX6_Platform_SDK/output/mx6sl/sdk_unit_test/evk_rev_a/libsdk_unit_test.a(watchdog_test.o)
                0x80010964                wdog_test
 .text          0x80010990      0x508 /home/leon/git/swp-report/iMX6_Platform_SDK/output/mx6sl/sdk_unit_test/evk_rev_a/libsdk_unit_test.a(spi_test.o)
                0x80010ca4                spi_test
 .text          0x80010e98      0x1a4 /home/leon/git/swp-report/iMX6_Platform_SDK/output/mx6sl/sdk_unit_test/evk_rev_a/libsdk_unit_test.a(usb_test.o)
                0x80010e98                usb_test
 .text          0x8001103c      0x464 /home/leon/git/swp-report/iMX6_Platform_SDK/output/mx6sl/sdk_unit_test/evk_rev_a/libsdk_unit_test.a(epdc_test.o)
                0x8001103c                epdc_test
                0x80011190                epdc_pvi_svga_sdr_init
                0x800111b0                epdc_update_image
                0x800112dc                epdc_send_mode0_to_black_update
                0x80011378                epdc_send_image_update
                0x80011408                epdc_send_erase_to_color
 .text          0x800114a0      0x1ec /home/leon/git/swp-report/iMX6_Platform_SDK/output/mx6sl/sdk_unit_test/evk_rev_a/libsdk_unit_test.a(lcdif_test.o)
                0x800114a0                lcdif_test
 .text          0x8001168c      0x1f4 /home/leon/git/swp-report/iMX6_Platform_SDK/output/mx6sl/sdk_unit_test/evk_rev_a/libsdk_unit_test.a(camera_test.o)
                0x8001168c                camera_test
 .text          0x80011880      0x120 /home/leon/git/swp-report/iMX6_Platform_SDK/output/mx6sl/sdk_unit_test/evk_rev_a/libsdk_unit_test.a(csi_sensor_capture.o)
                0x80011880                csi_sensor_capture
 .text          0x800119a0      0x570 /home/leon/git/swp-report/iMX6_Platform_SDK/output/mx6sl/sdk_unit_test/evk_rev_a/libsdk_unit_test.a(fec_test.o)
                0x80011bd4                fec_test
 .text          0x80011f10      0x220 /home/leon/git/swp-report/iMX6_Platform_SDK/output/mx6sl/sdk_unit_test/evk_rev_a/libsdk_unit_test.a(spdc_test.o)
                0x80011f10                spdc_test
 .text          0x80012130      0x2ac /home/leon/git/swp-report/iMX6_Platform_SDK/output/mx6sl/sdk_unit_test/evk_rev_a/libsdk_unit_test.a(at24cxx.o)
                0x800121e4                i2c_eeprom_at24cxx_test
 .text          0x800123dc      0x404 /home/leon/git/swp-report/iMX6_Platform_SDK/output/mx6sl/sdk_unit_test/evk_rev_a/libsdk_unit_test.a(mem_2_mem.o)
                0x800123dc                mem_2_mem_test
 .text          0x800127e0      0x2f4 /home/leon/git/swp-report/iMX6_Platform_SDK/output/mx6sl/sdk_unit_test/evk_rev_a/libsdk_unit_test.a(pwm_output.o)
                0x8001286c                pwm_output_test
 .text          0x80012ad4      0xb00 /home/leon/git/swp-report/iMX6_Platform_SDK/output/mx6sl/sdk_unit_test/evk_rev_a/libsdk_unit_test.a(spi_nor_numonyx.o)
                0x80012dac                spi_nor_query_numonyx
                0x80012e78                spi_nor_erase_numonyx
                0x80012f04                spi_nor_read_numonyx
                0x8001314c                spi_nor_write_numonyx
 .text          0x800135d4     0x14c8 /home/leon/git/swp-report/iMX6_Platform_SDK/output/mx6sl/sdk_unit_test/evk_rev_a/libsdk_unit_test.a(usb0_device_mouse_test.o)
                0x800135d4                usb0_device_mouse_test
                0x800142fc                hid_device_enum
                0x80014860                fillBuffer
 .text          0x80014a9c     0x2938 /home/leon/git/swp-report/iMX6_Platform_SDK/output/mx6sl/sdk_unit_test/evk_rev_a/libsdk_unit_test.a(usb0_host_test.o)
                0x80014a9c                usb0_host_test
                0x80015328                emuerateDevice
                0x800154a8                usbh_set_device_address
                0x80015978                usbh_get_dev_desc
                0x80015e70                usbh_get_config_desc
                0x800163a8                usbh_get_interface_desc
                0x800169c0                usbh_set_configuration
                0x80016ea4                usbh_get_report_desc
 .text          0x800173d4      0x5b8 /home/leon/git/swp-report/iMX6_Platform_SDK/output/mx6sl/sdk_unit_test/evk_rev_a/libsdk_unit_test.a(usb0_host_testmodes_test.o)
                0x800173d4                usb0_host_testmodes_test
 .text          0x8001798c       0xf0 /home/leon/git/swp-report/iMX6_Platform_SDK/output/mx6sl/sdk_unit_test/evk_rev_a/libsdk_unit_test.a(lcdif_display.o)
                0x8001798c                lcdif_display_test
 .text          0x80017a7c        0x0 /home/leon/git/swp-report/iMX6_Platform_SDK/output/mx6sl/sdk_unit_test/evk_rev_a/libsdk_unit_test.a(auo_lut.o)
 .text          0x80017a7c       0xa4 /home/leon/riotboard/arm-2012.09/bin/../arm-none-eabi/lib//libm.a(lib_a-sf_cos.o)
                0x80017a7c                cosf
 .text          0x80017b20       0xbc /home/leon/riotboard/arm-2012.09/bin/../arm-none-eabi/lib//libm.a(lib_a-sf_sin.o)
                0x80017b20                sinf
 .text          0x80017bdc      0x460 /home/leon/riotboard/arm-2012.09/bin/../arm-none-eabi/lib//libm.a(lib_a-ef_rem_pio2.o)
                0x80017bdc                __ieee754_rem_pio2f
 .text          0x8001803c      0x214 /home/leon/riotboard/arm-2012.09/bin/../arm-none-eabi/lib//libm.a(lib_a-kf_cos.o)
                0x8001803c                __kernel_cosf
 .text          0x80018250      0x960 /home/leon/riotboard/arm-2012.09/bin/../arm-none-eabi/lib//libm.a(lib_a-kf_rem_pio2.o)
                0x80018250                __kernel_rem_pio2f
 .text          0x80018bb0      0x14c /home/leon/riotboard/arm-2012.09/bin/../arm-none-eabi/lib//libm.a(lib_a-kf_sin.o)
                0x80018bb0                __kernel_sinf
 .text          0x80018cfc        0x8 /home/leon/riotboard/arm-2012.09/bin/../arm-none-eabi/lib//libm.a(lib_a-sf_fabs.o)
                0x80018cfc                fabsf
 .text          0x80018d04       0xd0 /home/leon/riotboard/arm-2012.09/bin/../arm-none-eabi/lib//libm.a(lib_a-sf_floor.o)
                0x80018d04                floorf
 .text          0x80018dd4      0x120 /home/leon/riotboard/arm-2012.09/bin/../arm-none-eabi/lib//libm.a(lib_a-sf_scalbn.o)
                0x80018dd4                scalbnf
 .text          0x80018ef4       0x10 /home/leon/riotboard/arm-2012.09/bin/../arm-none-eabi/lib//libm.a(lib_a-sf_copysign.o)
                0x80018ef4                copysignf
 .text          0x80018f04       0x68 /home/leon/riotboard/arm-2012.09/bin/../arm-none-eabi/lib//libc.a(lib_a-assert.o)
                0x80018f04                __assert_func
                0x80018f5c                __assert
 .text          0x80018f6c       0x20 /home/leon/riotboard/arm-2012.09/bin/../arm-none-eabi/lib//libc.a(lib_a-bzero.o)
                0x80018f6c                bzero
 .text          0x80018f8c       0x70 /home/leon/riotboard/arm-2012.09/bin/../arm-none-eabi/lib//libc.a(lib_a-fiprintf.o)
                0x80018f8c                _fiprintf_r
                0x80018fbc                fiprintf
 .text          0x80018ffc       0x94 /home/leon/riotboard/arm-2012.09/bin/../arm-none-eabi/lib//libc.a(lib_a-fputc.o)
                0x80018ffc                _fputc_r
                0x80019040                fputc
 .text          0x80019090        0x0 /home/leon/riotboard/arm-2012.09/bin/../arm-none-eabi/lib//libc.a(lib_a-impure.o)
 .text          0x80019090       0x88 /home/leon/riotboard/arm-2012.09/bin/../arm-none-eabi/lib//libc.a(lib_a-init.o)
                0x80019090                __libc_init_array
 .text          0x80019118       0x40 /home/leon/riotboard/arm-2012.09/bin/../arm-none-eabi/lib//libc.a(lib_a-malloc.o)
                0x80019118                malloc
                0x80019138                free
 .text          0x80019158      0x71c /home/leon/riotboard/arm-2012.09/bin/../arm-none-eabi/lib//libc.a(lib_a-mallocr.o)
                0x80019158                _malloc_r
 .text          0x80019874      0x20c /home/leon/riotboard/arm-2012.09/bin/../arm-none-eabi/lib//libc.a(lib_a-memcpy.o)
                0x80019874                memcpy
 .text          0x80019a80      0x134 /home/leon/riotboard/arm-2012.09/bin/../arm-none-eabi/lib//libc.a(lib_a-memset.o)
                0x80019a80                memset
 .text          0x80019bb4        0x8 /home/leon/riotboard/arm-2012.09/bin/../arm-none-eabi/lib//libc.a(lib_a-mlock.o)
                0x80019bb4                __malloc_lock
                0x80019bb8                __malloc_unlock
 .text          0x80019bbc       0x74 /home/leon/riotboard/arm-2012.09/bin/../arm-none-eabi/lib//libc.a(lib_a-printf.o)
                0x80019bbc                _printf_r
                0x80019bf0                printf
 .text          0x80019c30      0x170 /home/leon/riotboard/arm-2012.09/bin/../arm-none-eabi/lib//libc.a(lib_a-putc.o)
                0x80019c30                _putc_r
                0x80019ce0                putc
 .text          0x80019da0       0x28 /home/leon/riotboard/arm-2012.09/bin/../arm-none-eabi/lib//libc.a(lib_a-realloc.o)
                0x80019da0                realloc
 .text          0x80019dc8      0x574 /home/leon/riotboard/arm-2012.09/bin/../arm-none-eabi/lib//libc.a(lib_a-reallocr.o)
                0x80019dc8                _realloc_r
 .text          0x8001a33c       0x6c /home/leon/riotboard/arm-2012.09/bin/../arm-none-eabi/lib//libc.a(lib_a-rget.o)
                0x8001a33c                __srget_r
                0x8001a394                __srget
 .text          0x8001a3a8       0x40 /home/leon/riotboard/arm-2012.09/bin/../arm-none-eabi/lib//libc.a(lib_a-sbrkr.o)
                0x8001a3a8                _sbrk_r
 .text          0x8001a3e8       0xdc /home/leon/riotboard/arm-2012.09/bin/../arm-none-eabi/lib//libc.a(lib_a-sprintf.o)
                0x8001a3e8                _sprintf_r
                0x8001a450                sprintf
 .text          0x8001a4c4       0x60 /home/leon/riotboard/arm-2012.09/bin/../arm-none-eabi/lib//libc.a(lib_a-strlen.o)
                0x8001a4c4                strlen
 .text          0x8001a524       0x78 /home/leon/riotboard/arm-2012.09/bin/../arm-none-eabi/lib//libc.a(lib_a-strncasecmp.o)
                0x8001a524                strncasecmp
 .text          0x8001a59c     0x1f7c /home/leon/riotboard/arm-2012.09/bin/../arm-none-eabi/lib//libc.a(lib_a-svfprintf.o)
                0x8001a59c                _svfprintf_r
 .text          0x8001c518     0x12c4 /home/leon/riotboard/arm-2012.09/bin/../arm-none-eabi/lib//libc.a(lib_a-vfiprintf.o)
                0x8001c518                __sprint_r
                0x8001c5d4                _vfiprintf_r
                0x8001d7b0                vfiprintf
 .text          0x8001d7dc     0x2180 /home/leon/riotboard/arm-2012.09/bin/../arm-none-eabi/lib//libc.a(lib_a-vfprintf.o)
                0x8001d7dc                _vfprintf_r
                0x8001f930                vfprintf
 .text          0x8001f95c       0x4c /home/leon/riotboard/arm-2012.09/bin/../arm-none-eabi/lib//libc.a(lib_a-vprintf.o)
                0x8001f95c                vprintf
                0x8001f988                _vprintf_r
 .text          0x8001f9a8      0x14c /home/leon/riotboard/arm-2012.09/bin/../arm-none-eabi/lib//libc.a(lib_a-wbuf.o)
                0x8001f9a8                __swbuf_r
                0x8001fad8                __swbuf
 .text          0x8001faf4      0x138 /home/leon/riotboard/arm-2012.09/bin/../arm-none-eabi/lib//libc.a(lib_a-wsetup.o)
                0x8001faf4                __swsetup_r
 .text          0x8001fc2c       0x14 /home/leon/riotboard/arm-2012.09/bin/../arm-none-eabi/lib//libc.a(lib_a-abort.o)
                0x8001fc2c                abort
 .text          0x8001fc40        0x0 /home/leon/riotboard/arm-2012.09/bin/../arm-none-eabi/lib//libc.a(lib_a-ctype_.o)
 .text          0x8001fc40     0x18a8 /home/leon/riotboard/arm-2012.09/bin/../arm-none-eabi/lib//libc.a(lib_a-dtoa.o)
                0x8001fe20                _dtoa_r
 .text          0x800214e8      0x26c /home/leon/riotboard/arm-2012.09/bin/../arm-none-eabi/lib//libc.a(lib_a-fflush.o)
                0x800214e8                _fflush_r
                0x80021714                fflush
 .text          0x80021754      0x2c4 /home/leon/riotboard/arm-2012.09/bin/../arm-none-eabi/lib//libc.a(lib_a-findfp.o)
                0x80021764                _cleanup_r
                0x800217f8                __sfmoreglue
                0x80021840                _cleanup
                0x80021850                __sinit
                0x800218c8                __sfp
                0x800219c0                __sfp_lock_acquire
                0x800219c4                __sfp_lock_release
                0x800219c8                __sinit_lock_acquire
                0x800219cc                __sinit_lock_release
                0x800219d0                __fp_lock_all
                0x800219f4                __fp_unlock_all
 .text          0x80021a18      0x19c /home/leon/riotboard/arm-2012.09/bin/../arm-none-eabi/lib//libc.a(lib_a-fputwc.o)
                0x80021a18                _fputwc_r
                0x80021b68                fputwc
 .text          0x80021bb4      0x368 /home/leon/riotboard/arm-2012.09/bin/../arm-none-eabi/lib//libc.a(lib_a-freer.o)
                0x80021bb4                _malloc_trim_r
                0x80021cb0                _free_r
 .text          0x80021f1c      0x4c4 /home/leon/riotboard/arm-2012.09/bin/../arm-none-eabi/lib//libc.a(lib_a-fvwrite.o)
                0x80021f1c                __sfvwrite_r
 .text          0x800223e0      0x114 /home/leon/riotboard/arm-2012.09/bin/../arm-none-eabi/lib//libc.a(lib_a-fwalk.o)
                0x800223e0                _fwalk
                0x80022468                _fwalk_reent
 .text          0x800224f4       0xd0 /home/leon/riotboard/arm-2012.09/bin/../arm-none-eabi/lib//libc.a(lib_a-locale.o)
                0x800224f4                _setlocale_r
                0x80022560                __locale_charset
                0x8002256c                __locale_mb_cur_max
                0x8002257c                __locale_msgcharset
                0x80022588                __locale_cjk_lang
                0x80022590                _localeconv_r
                0x8002259c                setlocale
                0x800225b8                localeconv
 .text          0x800225c4      0x15c /home/leon/riotboard/arm-2012.09/bin/../arm-none-eabi/lib//libc.a(lib_a-makebuf.o)
                0x800225c4                __smakebuf_r
 .text          0x80022720      0x11c /home/leon/riotboard/arm-2012.09/bin/../arm-none-eabi/lib//libc.a(lib_a-memchr.o)
                0x80022720                memchr
 .text          0x8002283c      0x134 /home/leon/riotboard/arm-2012.09/bin/../arm-none-eabi/lib//libc.a(lib_a-memmove.o)
                0x8002283c                memmove
 .text          0x80022970      0xd20 /home/leon/riotboard/arm-2012.09/bin/../arm-none-eabi/lib//libc.a(lib_a-mprec.o)
                0x80022970                _Balloc
                0x800229fc                _Bfree
                0x80022a18                __multadd
                0x80022af4                __s2b
                0x80022be4                __hi0bits
                0x80022c34                __lo0bits
                0x80022cc8                __i2b
                0x80022cec                __multiply
                0x80022ed0                __pow5mult
                0x80022fc4                __lshift
                0x800230c8                __mcmp
                0x8002312c                __mdiff
                0x80023278                __ulp
                0x800232dc                __b2d
                0x800233a8                __d2b
                0x800234b0                __ratio
                0x80023540                _mprec_log10
                0x80023594                __copybits
                0x80023608                __any_on
 .text          0x80023690      0x19c /home/leon/riotboard/arm-2012.09/bin/../arm-none-eabi/lib//libc.a(lib_a-reent.o)
                0x80023690                cleanup_glue
                0x800236bc                _reclaim_reent
                0x800237b8                _wrapup_reent
 .text          0x8002382c      0x1cc /home/leon/riotboard/arm-2012.09/bin/../arm-none-eabi/lib//libc.a(lib_a-refill.o)
                0x80023854                __srefill_r
 .text          0x800239f8       0x6c /home/leon/riotboard/arm-2012.09/bin/../arm-none-eabi/lib//libc.a(lib_a-s_fpclassify.o)
                0x800239f8                __fpclassifyd
 .text          0x80023a64      0x24c /home/leon/riotboard/arm-2012.09/bin/../arm-none-eabi/lib//libc.a(lib_a-signal.o)
                0x80023a64                _init_signal_r
                0x80023ac4                _signal_r
                0x80023b30                _raise_r
                0x80023bc8                __sigtramp_r
                0x80023c5c                raise
                0x80023c70                signal
                0x80023c8c                _init_signal
                0x80023c9c                __sigtramp
 .text          0x80023cb0       0x50 /home/leon/riotboard/arm-2012.09/bin/../arm-none-eabi/lib//libc.a(lib_a-signalr.o)
                0x80023cb0                _kill_r
                0x80023cf0                _getpid_r
 .text          0x80023d00       0xdc /home/leon/riotboard/arm-2012.09/bin/../arm-none-eabi/lib//libc.a(lib_a-stdio.o)
                0x80023d00                __sread
                0x80023d34                __seofread
                0x80023d3c                __swrite
                0x80023d94                __sseek
                0x80023dc8                __sclose
 .text          0x80023ddc      0x230 /home/leon/riotboard/arm-2012.09/bin/../arm-none-eabi/lib//libc.a(lib_a-strcmp.o)
                0x80023ddc                strcmp
 .text          0x8002400c     0x1224 /home/leon/riotboard/arm-2012.09/bin/../arm-none-eabi/lib//libc.a(lib_a-svfiprintf.o)
                0x8002400c                __ssprint_r
                0x800241b0                _svfiprintf_r
 .text          0x80025230      0x134 /home/leon/riotboard/arm-2012.09/bin/../arm-none-eabi/lib//libc.a(lib_a-wcrtomb.o)
                0x80025230                _wcrtomb_r
                0x800252c0                wcrtomb
 .text          0x80025364       0x7c /home/leon/riotboard/arm-2012.09/bin/../arm-none-eabi/lib//libc.a(lib_a-wctomb_r.o)
                0x80025364                __ascii_wctomb
                0x80025390                _wctomb_r
 .text          0x800253e0       0x44 /home/leon/riotboard/arm-2012.09/bin/../arm-none-eabi/lib//libc.a(lib_a-writer.o)
                0x800253e0                _write_r
 .text          0x80025424       0x94 /home/leon/riotboard/arm-2012.09/bin/../arm-none-eabi/lib//libc.a(lib_a-callocr.o)
                0x80025424                _calloc_r
 .text          0x800254b8       0x3c /home/leon/riotboard/arm-2012.09/bin/../arm-none-eabi/lib//libc.a(lib_a-closer.o)
                0x800254b8                _close_r
 .text          0x800254f4      0x10c /home/leon/riotboard/arm-2012.09/bin/../arm-none-eabi/lib//libc.a(lib_a-fclose.o)
                0x800254f4                _fclose_r
                0x800255ec                fclose
 .text          0x80025600       0x40 /home/leon/riotboard/arm-2012.09/bin/../arm-none-eabi/lib//libc.a(lib_a-fstatr.o)
                0x80025600                _fstat_r
 .text          0x80025640       0x3c /home/leon/riotboard/arm-2012.09/bin/../arm-none-eabi/lib//libc.a(lib_a-isattyr.o)
                0x80025640                _isatty_r
 .text          0x8002567c       0x44 /home/leon/riotboard/arm-2012.09/bin/../arm-none-eabi/lib//libc.a(lib_a-lseekr.o)
                0x8002567c                _lseek_r
 .text          0x800256c0       0x44 /home/leon/riotboard/arm-2012.09/bin/../arm-none-eabi/lib//libc.a(lib_a-readr.o)
                0x800256c0                _read_r
 .text          0x80025704      0x114 /home/leon/riotboard/arm-2012.09/bin/../lib/gcc/arm-none-eabi/4.7.2//libgcc.a(_udivsi3.o)
                0x80025704                __udivsi3
                0x80025704                __aeabi_uidiv
                0x800257f8                __aeabi_uidivmod
 .text          0x80025818        0x4 /home/leon/riotboard/arm-2012.09/bin/../lib/gcc/arm-none-eabi/4.7.2//libgcc.a(_dvmd_tls.o)
                0x80025818                __aeabi_ldiv0
                0x80025818                __aeabi_idiv0
 .text          0x8002581c      0x41c /home/leon/riotboard/arm-2012.09/bin/../lib/gcc/arm-none-eabi/4.7.2//libgcc.a(_arm_addsubdf3.o)
                0x8002581c                __aeabi_drsub
                0x80025824                __aeabi_dsub
                0x80025824                __subdf3
                0x80025828                __adddf3
                0x80025828                __aeabi_dadd
                0x80025b38                __aeabi_ui2d
                0x80025b38                __floatunsidf
                0x80025b5c                __floatsidf
                0x80025b5c                __aeabi_i2d
                0x80025b84                __extendsfdf2
                0x80025b84                __aeabi_f2d
                0x80025bc4                __aeabi_ul2d
                0x80025bc4                __floatundidf
                0x80025bd8                __floatdidf
                0x80025bd8                __aeabi_l2d
 .text          0x80025c38      0x49c /home/leon/riotboard/arm-2012.09/bin/../lib/gcc/arm-none-eabi/4.7.2//libgcc.a(_arm_muldivdf3.o)
                0x80025c38                __aeabi_dmul
                0x80025c38                __muldf3
                0x80025ec8                __aeabi_ddiv
                0x80025ec8                __divdf3
 .text          0x800260d4      0x144 /home/leon/riotboard/arm-2012.09/bin/../lib/gcc/arm-none-eabi/4.7.2//libgcc.a(_arm_cmpdf2.o)
                0x800260d4                __gtdf2
                0x800260d4                __gedf2
                0x800260dc                __ltdf2
                0x800260dc                __ledf2
                0x800260e4                __cmpdf2
                0x800260e4                __eqdf2
                0x800260e4                __nedf2
                0x8002616c                __aeabi_cdrcmple
                0x80026188                __aeabi_cdcmple
                0x80026188                __aeabi_cdcmpeq
                0x800261a0                __aeabi_dcmpeq
                0x800261b8                __aeabi_dcmplt
                0x800261d0                __aeabi_dcmple
                0x800261e8                __aeabi_dcmpge
                0x80026200                __aeabi_dcmpgt
 .text          0x80026218       0x5c /home/leon/riotboard/arm-2012.09/bin/../lib/gcc/arm-none-eabi/4.7.2//libgcc.a(_arm_fixdfsi.o)
                0x80026218                __fixdfsi
                0x80026218                __aeabi_d2iz
 .text          0x80026274      0x2ac /home/leon/riotboard/arm-2012.09/bin/../lib/gcc/arm-none-eabi/4.7.2//libgcc.a(_arm_addsubsf3.o)
                0x80026274                __aeabi_frsub
                0x8002627c                __subsf3
                0x8002627c                __aeabi_fsub
                0x80026280                __aeabi_fadd
                0x80026280                __addsf3
                0x8002643c                __aeabi_ui2f
                0x8002643c                __floatunsisf
                0x80026444                __aeabi_i2f
                0x80026444                __floatsisf
                0x80026464                __floatundisf
                0x80026464                __aeabi_ul2f
                0x80026474                __floatdisf
                0x80026474                __aeabi_l2f
 .text          0x80026520      0x2f8 /home/leon/riotboard/arm-2012.09/bin/../lib/gcc/arm-none-eabi/4.7.2//libgcc.a(_arm_muldivsf3.o)
                0x80026520                __mulsf3
                0x80026520                __aeabi_fmul
                0x800266b8                __divsf3
                0x800266b8                __aeabi_fdiv
 .text          0x80026818      0x114 /home/leon/riotboard/arm-2012.09/bin/../lib/gcc/arm-none-eabi/4.7.2//libgcc.a(_arm_cmpsf2.o)
                0x80026818                __gtsf2
                0x80026818                __gesf2
                0x80026820                __lesf2
                0x80026820                __ltsf2
                0x80026828                __nesf2
                0x80026828                __eqsf2
                0x80026828                __cmpsf2
                0x8002688c                __aeabi_cfrcmple
                0x8002689c                __aeabi_cfcmple
                0x8002689c                __aeabi_cfcmpeq
                0x800268b4                __aeabi_fcmpeq
                0x800268cc                __aeabi_fcmplt
                0x800268e4                __aeabi_fcmple
                0x800268fc                __aeabi_fcmpge
                0x80026914                __aeabi_fcmpgt
 .text          0x8002692c       0x5c /home/leon/riotboard/arm-2012.09/bin/../lib/gcc/arm-none-eabi/4.7.2//libgcc.a(_arm_fixsfsi.o)
                0x8002692c                __fixsfsi
                0x8002692c                __aeabi_f2iz
 .text          0x80026988       0x3c /home/leon/riotboard/arm-2012.09/bin/../lib/gcc/arm-none-eabi/4.7.2//libgcc.a(_aeabi_uldivmod.o)
                0x80026988                __aeabi_uldivmod
 .text          0x800269c4       0x84 /home/leon/riotboard/arm-2012.09/bin/../lib/gcc/arm-none-eabi/4.7.2//libgcc.a(bpabi.o)
                0x800269c4                __gnu_ldivmod_helper
                0x80026a08                __gnu_uldivmod_helper
 .text          0x80026a48      0x4f0 /home/leon/riotboard/arm-2012.09/bin/../lib/gcc/arm-none-eabi/4.7.2//libgcc.a(_divdi3.o)
                0x80026a48                __divdi3
 .text          0x80026f38      0x488 /home/leon/riotboard/arm-2012.09/bin/../lib/gcc/arm-none-eabi/4.7.2//libgcc.a(_udivdi3.o)
                0x80026f38                __udivdi3
 .text          0x800273c0       0x48 /home/leon/riotboard/arm-2012.09/bin/../lib/gcc/arm-none-eabi/4.7.2//libgcc.a(_clzsi2.o)
                0x800273c0                __clzsi2
 .text          0x80027408       0x64 /home/leon/git/swp-report/iMX6_Platform_SDK/output/mx6sl/lib/libsdk.a(profile.o)
                0x80027408                StartPerfCounter
                0x80027430                StopPerfCounter
 .text          0x8002746c      0x644 /home/leon/git/swp-report/iMX6_Platform_SDK/output/mx6sl/lib/libsdk.a(armv7_cache.o)
                0x8002746c                arm_dcache_state_query
                0x800274ac                arm_dcache_enable
                0x800274f4                arm_dcache_disable
                0x8002752c                arm_dcache_invalidate
                0x800275d0                arm_dcache_invalidate_line
                0x8002763c                arm_dcache_invalidate_mlines
                0x800276dc                arm_dcache_flush
                0x80027780                arm_dcache_flush_line
                0x800277ec                arm_dcache_flush_mlines
                0x8002788c                arm_icache_state_query
                0x800278cc                arm_icache_enable
                0x80027914                arm_icache_disable
                0x8002794c                arm_icache_invalidate
                0x80027978                arm_icache_invalidate_is
                0x800279a4                arm_icache_invalidate_line
                0x80027a10                arm_icache_invalidate_mlines
 .text          0x80027ab0      0x610 /home/leon/git/swp-report/iMX6_Platform_SDK/output/mx6sl/lib/libsdk.a(runtime_support.o)
                0x80027ab0                _execve
                0x80027aec                _fork
                0x80027b14                _isatty
                0x80027b38                _open
                0x80027b64                _close
                0x80027b88                _lseek
                0x80027bb4                _fstat
                0x80027be8                _read
                0x80027cb8                _write
                0x80027da4                _raw_puts
                0x80027e24                _sbrk
                0x80027ed4                _exit
                0x80027ef4                _kill
                0x80027f2c                _getpid
                0x80027f44                _link
                0x80027f7c                _unlink
                0x80027fb0                _stat
                0x80027fe4                _times
                0x80028008                _gettimeofday
                0x8002808c                _wait
 .text          0x800280c0      0xc40 /home/leon/git/swp-report/iMX6_Platform_SDK/output/mx6sl/lib/libsdk.a(imx_audmux.o)
                0x800282a0                audmux_port_set
                0x8002848c                audmux_route
 .text          0x80028d00      0x438 /home/leon/git/swp-report/iMX6_Platform_SDK/output/mx6sl/lib/libsdk.a(snd_card.o)
 .text          0x80029138      0xb7c /home/leon/git/swp-report/iMX6_Platform_SDK/output/mx6sl/lib/libsdk.a(wm8962.o)
                0x8002943c                WM8962_dump
                0x8002946c                WM8962_DAC_configure
                0x80029b94                WM8962_DAC_init
                0x80029c88                WM8962_DAC_deinit
 .text          0x80029cb4      0x358 /home/leon/git/swp-report/iMX6_Platform_SDK/output/mx6sl/lib/libsdk.a(csi_drv.o)
                0x80029d28                csi_setup
                0x80029e8c                csi_streamon
                0x80029f20                csi_streamoff
 .text          0x8002a00c      0xa88 /home/leon/git/swp-report/iMX6_Platform_SDK/output/mx6sl/lib/libsdk.a(smd_sensor.o)
                0x8002a3a4                sensor_config
                0x8002a3e0                sensor_search
                0x8002a570                sensor_init
                0x8002a6e4                sensor_af_trigger
                0x8002a7c4                sensor_autofocus_init
                0x8002a944                camera_strobeflash_on
                0x8002aa20                camera_strobeflash_off
 .text          0x8002aa94      0x1cc /home/leon/git/swp-report/iMX6_Platform_SDK/output/mx6sl/lib/libsdk.a(cpu_workpoint.o)
                0x8002aa94                cpu_workpoint_set
 .text          0x8002ac60      0xbc8 /home/leon/git/swp-report/iMX6_Platform_SDK/output/mx6sl/lib/libsdk.a(mxc_epdc.o)
                0x8002ad84                epdc_reset
                0x8002af3c                epdc_set_update_addr
                0x8002af68                epdc_set_update_coord
                0x8002afa4                epdc_set_update_dimensions
                0x8002afe0                epdc_submit_update
                0x8002b0a4                epdc_is_lut_complete
                0x8002b104                epdc_clear_lut_complete_irq
                0x8002b138                epdc_is_lut_active
                0x8002b1d4                epdc_any_luts_active
                0x8002b224                epdc_any_luts_available
                0x8002b268                epdc_get_next_lut
                0x8002b29c                epdc_is_working_buffer_busy
                0x8002b2f8                epdc_is_working_buffer_complete
                0x8002b344                epdc_is_collision
                0x8002b390                epdc_dump_registers
                0x8002b498                epdc_set_vertical_timing
                0x8002b4fc                epdc_init_settings
                0x8002b7a4                epdc_buffer_init
                0x8002b7fc                epdc_load_image
 .text          0x8002b828     0x10d4 /home/leon/git/swp-report/iMX6_Platform_SDK/output/mx6sl/lib/libsdk.a(fec_drv.o)
                0x8002b828                imx_fec_mii_read
                0x8002b938                imx_fec_mii_write
                0x8002be0c                imx_fec_phy_init
                0x8002bf80                imx_fec_get_phy_status
                0x8002c0b0                imx_fec_poll
                0x8002c1a8                imx_fec_send
                0x8002c2c0                imx_fec_recv
                0x8002c49c                imx_fec_init
                0x8002c5f0                imx_fec_start
                0x8002c680                imx_fec_stop
                0x8002c6c4                imx_fec_isolate_phy
                0x8002c768                imx_fec_unisolate_phy
                0x8002c830                imx_fec_mii_type
 .text          0x8002c8fc     0x1308 /home/leon/git/swp-report/iMX6_Platform_SDK/output/mx6sl/lib/libsdk.a(gpio.o)
                0x8002c92c                gpio_get_port_count
                0x8002c944                gpio_set_gpio
                0x8002ca08                gpio_set_direction
                0x8002cc64                gpio_get_direction
                0x8002cdac                gpio_set_level
                0x8002d0ec                gpio_get_level
                0x8002d24c                gpio_set_interrupt_config
                0x8002d650                gpio_set_interrupt_mask
                0x8002d894                gpio_get_interrupt_status
                0x8002d9f0                gpio_clear_interrupt
 .text          0x8002dc04        0x0 /home/leon/git/swp-report/iMX6_Platform_SDK/output/mx6sl/lib/libsdk.a(imx6sl_gpio_map.o)
 .text          0x8002dc04     0x1798 /home/leon/git/swp-report/iMX6_Platform_SDK/output/mx6sl/lib/libsdk.a(imx_i2c.o)
                0x8002dc34                i2c_get_request_instance
                0x8002e6ac                i2c_xfer
                0x8002edc8                i2c_read
                0x8002edf8                i2c_write
                0x8002ee28                i2c_setup_interrupt
                0x8002f094                i2c_init
 .text          0x8002f39c      0xd38 /home/leon/git/swp-report/iMX6_Platform_SDK/output/mx6sl/lib/libsdk.a(imx_i2c_slave.o)
                0x8002f39c                i2c_slave_interrupt_routine
                0x8002f4e8                i2c_slave_handler
                0x8002fb18                i2c_slave_xfer
 .text          0x800300d4      0xb60 /home/leon/git/swp-report/iMX6_Platform_SDK/output/mx6sl/lib/libsdk.a(lcdif_drv.o)
                0x800300d4                lcdif_csc_config
                0x80030804                lcdif_display_setup
                0x80030b38                image_center_copy
 .text          0x80030c34      0x318 /home/leon/git/swp-report/iMX6_Platform_SDK/output/mx6sl/lib/libsdk.a(pxp_drv.o)
                0x80030d3c                pxp_disable
                0x80030d7c                pxp_csc_process
 .text          0x80030f4c      0x3f4 /home/leon/git/swp-report/iMX6_Platform_SDK/output/mx6sl/lib/libsdk.a(ocotp.o)
                0x80030fb8                Delay4Reload
                0x800311fc                ocotp_sense_fuse
                0x8003126c                ocotp_fuse_blow_row
                0x800312c8                ocotp_reload_otp_shadow_registers
 .text          0x80031340     0x1bf0 /home/leon/git/swp-report/iMX6_Platform_SDK/output/mx6sl/lib/libsdk.a(pmu_driver.o)
                0x800315ac                pmu_init
                0x80031748                pmu_get_property
                0x800317a8                pmu_set_property
                0x8003180c                pmu::Regulator::getProperty(_pmu_regulator_properties, void*)
                0x80031a88                pmu::Regulator::setProperty(_pmu_regulator_properties, void const*)
                0x80031c00                pmu::Regulator::setVoltageRange(unsigned long, unsigned long, unsigned long)
                0x80031c4c                pmu::AnalogRegulator::getProperty(_pmu_regulator_properties, void*)
                0x80031d18                pmu::AnalogRegulator::setProperty(_pmu_regulator_properties, void const*)
                0x80031dd8                pmu::AnalogRegulator::getOutputMillivolts() const
                0x80031e30                pmu::AnalogRegulator::setOutputMillivolts(unsigned long)
                0x80031f18                pmu::AnalogRegulator::getBrownoutMillivolts() const
                0x80031f88                pmu::AnalogRegulator::setBrownoutMillivolts(unsigned long)
                0x80032020                pmu::AnalogRegulator::isBrownoutDetectEnabled() const
                0x80032064                pmu::AnalogRegulator::setBrownoutDetectIsEnabled(bool)
                0x800320b0                pmu::AnalogRegulator::isEnabled() const
                0x800320f4                pmu::AnalogRegulator::setIsEnabled(bool)
                0x80032140                pmu::DigitalRegulator::DigitalRegulator()
                0x80032140                pmu::DigitalRegulator::DigitalRegulator()
                0x80032180                pmu::DigitalRegulator::getProperty(_pmu_regulator_properties, void*)
                0x80032280                pmu::DigitalRegulator::setProperty(_pmu_regulator_properties, void const*)
                0x80032348                pmu::DigitalRegulator::isBypassed() const
                0x80032394                pmu::DigitalRegulator::setIsBypassed(bool)
                0x80032448                pmu::DigitalRegulator::getOutputMillivolts() const
                0x800324e4                pmu::DigitalRegulator::setOutputMillivolts(unsigned long)
                0x800325c8                pmu::DigitalRegulator::getBrownoutMillivolts() const
                0x8003263c                pmu::DigitalRegulator::setBrownoutMillivolts(unsigned long)
                0x800326d4                pmu::DigitalRegulator::isEnabled() const
                0x80032720                pmu::DigitalRegulator::setIsEnabled(bool)
                0x800327dc                pmu::LDO1p1Regulator::LDO1p1Regulator()
                0x800327dc                pmu::LDO1p1Regulator::LDO1p1Regulator()
                0x8003283c                pmu::LDO1p1Regulator::getProperty(_pmu_regulator_properties, void*)
                0x800328d4                pmu::LDO1p1Regulator::getOutputMillivolts() const
                0x80032930                pmu::LDO1p1Regulator::setOutputMillivolts(unsigned long)
                0x80032a24                pmu::LDO2p5Regulator::LDO2p5Regulator()
                0x80032a24                pmu::LDO2p5Regulator::LDO2p5Regulator()
                0x80032a84                pmu::LDO3p0Regulator::LDO3p0Regulator()
                0x80032a84                pmu::LDO3p0Regulator::LDO3p0Regulator()
                0x80032ae4                pmu::LDO3p0Regulator::getProperty(_pmu_regulator_properties, void*)
                0x80032b50                pmu::LDO3p0Regulator::setProperty(_pmu_regulator_properties, void const*)
                0x80032bc0                pmu::LDOARMRegulator::LDOARMRegulator()
                0x80032bc0                pmu::LDOARMRegulator::LDOARMRegulator()
                0x80032c18                pmu::LDOARMRegulator::setBrownoutDetectIsEnabled(bool)
                0x80032c64                pmu::LDOARMRegulator::setRampRate(unsigned long)
                0x80032cc4                pmu::LDOGraphicsRegulator::LDOGraphicsRegulator()
                0x80032cc4                pmu::LDOGraphicsRegulator::LDOGraphicsRegulator()
                0x80032d1c                pmu::LDOGraphicsRegulator::setBrownoutDetectIsEnabled(bool)
                0x80032d68                pmu::LDOGraphicsRegulator::setRampRate(unsigned long)
                0x80032dc8                pmu::LDOSoCRegulator::LDOSoCRegulator()
                0x80032dc8                pmu::LDOSoCRegulator::LDOSoCRegulator()
                0x80032e20                pmu::LDOSoCRegulator::setBrownoutDetectIsEnabled(bool)
                0x80032e6c                pmu::LDOSoCRegulator::setRampRate(unsigned long)
 .text._ZnwjPv  0x80032f30       0x28 /home/leon/git/swp-report/iMX6_Platform_SDK/output/mx6sl/lib/libsdk.a(pmu_driver.o)
                0x80032f30                operator new(unsigned int, void*)
 .text._ZN3pmu9RegulatorC2Ev
                0x80032f58       0x64 /home/leon/git/swp-report/iMX6_Platform_SDK/output/mx6sl/lib/libsdk.a(pmu_driver.o)
                0x80032f58                pmu::Regulator::Regulator()
                0x80032f58                pmu::Regulator::Regulator()
 .text._ZN3pmu9Regulator18setBrownoutHandlerEPFv9_pmu_regsE
                0x80032fbc       0x2c /home/leon/git/swp-report/iMX6_Platform_SDK/output/mx6sl/lib/libsdk.a(pmu_driver.o)
                0x80032fbc                pmu::Regulator::setBrownoutHandler(void (*)(_pmu_regs))
 .text._ZN3pmu9Regulator18getBrownoutHandlerEv
                0x80032fe8       0x28 /home/leon/git/swp-report/iMX6_Platform_SDK/output/mx6sl/lib/libsdk.a(pmu_driver.o)
                0x80032fe8                pmu::Regulator::getBrownoutHandler()
 .text._ZN3pmu15AnalogRegulatorC2ERV15_hw_pmu_reg_1p1
                0x80033010       0x50 /home/leon/git/swp-report/iMX6_Platform_SDK/output/mx6sl/lib/libsdk.a(pmu_driver.o)
                0x80033010                pmu::AnalogRegulator::AnalogRegulator(_hw_pmu_reg_1p1 volatile&)
                0x80033010                pmu::AnalogRegulator::AnalogRegulator(_hw_pmu_reg_1p1 volatile&)
 .text._ZNK3pmu15LDO1p1Regulator12isInBrownoutEv
                0x80033060       0x70 /home/leon/git/swp-report/iMX6_Platform_SDK/output/mx6sl/lib/libsdk.a(pmu_driver.o)
                0x80033060                pmu::LDO1p1Regulator::isInBrownout() const
 .text._ZNK3pmu15LDO1p1Regulator4isOKEv
                0x800330d0       0x78 /home/leon/git/swp-report/iMX6_Platform_SDK/output/mx6sl/lib/libsdk.a(pmu_driver.o)
                0x800330d0                pmu::LDO1p1Regulator::isOK() const
 .text._ZNK3pmu15LDO2p5Regulator12isInBrownoutEv
                0x80033148       0x70 /home/leon/git/swp-report/iMX6_Platform_SDK/output/mx6sl/lib/libsdk.a(pmu_driver.o)
                0x80033148                pmu::LDO2p5Regulator::isInBrownout() const
 .text._ZNK3pmu15LDO2p5Regulator4isOKEv
                0x800331b8       0x78 /home/leon/git/swp-report/iMX6_Platform_SDK/output/mx6sl/lib/libsdk.a(pmu_driver.o)
                0x800331b8                pmu::LDO2p5Regulator::isOK() const
 .text._ZNK3pmu15LDO3p0Regulator12isInBrownoutEv
                0x80033230       0x70 /home/leon/git/swp-report/iMX6_Platform_SDK/output/mx6sl/lib/libsdk.a(pmu_driver.o)
                0x80033230                pmu::LDO3p0Regulator::isInBrownout() const
 .text._ZNK3pmu15LDO3p0Regulator4isOKEv
                0x800332a0       0x78 /home/leon/git/swp-report/iMX6_Platform_SDK/output/mx6sl/lib/libsdk.a(pmu_driver.o)
                0x800332a0                pmu::LDO3p0Regulator::isOK() const
 .text._ZNK3pmu15LDOARMRegulator23isBrownoutDetectEnabledEv
                0x80033318       0x44 /home/leon/git/swp-report/iMX6_Platform_SDK/output/mx6sl/lib/libsdk.a(pmu_driver.o)
                0x80033318                pmu::LDOARMRegulator::isBrownoutDetectEnabled() const
 .text._ZNK3pmu15LDOARMRegulator12isInBrownoutEv
                0x8003335c       0x6c /home/leon/git/swp-report/iMX6_Platform_SDK/output/mx6sl/lib/libsdk.a(pmu_driver.o)
                0x8003335c                pmu::LDOARMRegulator::isInBrownout() const
 .text._ZNK3pmu15LDOARMRegulator4isOKEv
                0x800333c8       0x24 /home/leon/git/swp-report/iMX6_Platform_SDK/output/mx6sl/lib/libsdk.a(pmu_driver.o)
                0x800333c8                pmu::LDOARMRegulator::isOK() const
 .text._ZNK3pmu15LDOARMRegulator11getRampRateEv
                0x800333ec       0x34 /home/leon/git/swp-report/iMX6_Platform_SDK/output/mx6sl/lib/libsdk.a(pmu_driver.o)
                0x800333ec                pmu::LDOARMRegulator::getRampRate() const
 .text._ZNK3pmu15LDOARMRegulator10getTriggerEv
                0x80033420       0x34 /home/leon/git/swp-report/iMX6_Platform_SDK/output/mx6sl/lib/libsdk.a(pmu_driver.o)
                0x80033420                pmu::LDOARMRegulator::getTrigger() const
 .text._ZN3pmu15LDOARMRegulator10setTriggerEm
                0x80033454       0x44 /home/leon/git/swp-report/iMX6_Platform_SDK/output/mx6sl/lib/libsdk.a(pmu_driver.o)
                0x80033454                pmu::LDOARMRegulator::setTrigger(unsigned long)
 .text._ZNK3pmu15LDOARMRegulator11getBrownoutEv
                0x80033498       0x34 /home/leon/git/swp-report/iMX6_Platform_SDK/output/mx6sl/lib/libsdk.a(pmu_driver.o)
                0x80033498                pmu::LDOARMRegulator::getBrownout() const
 .text._ZN3pmu15LDOARMRegulator11setBrownoutEm
                0x800334cc       0x44 /home/leon/git/swp-report/iMX6_Platform_SDK/output/mx6sl/lib/libsdk.a(pmu_driver.o)
                0x800334cc                pmu::LDOARMRegulator::setBrownout(unsigned long)
 .text._ZNK3pmu20LDOGraphicsRegulator23isBrownoutDetectEnabledEv
                0x80033510       0x44 /home/leon/git/swp-report/iMX6_Platform_SDK/output/mx6sl/lib/libsdk.a(pmu_driver.o)
                0x80033510                pmu::LDOGraphicsRegulator::isBrownoutDetectEnabled() const
 .text._ZNK3pmu20LDOGraphicsRegulator12isInBrownoutEv
                0x80033554       0x6c /home/leon/git/swp-report/iMX6_Platform_SDK/output/mx6sl/lib/libsdk.a(pmu_driver.o)
                0x80033554                pmu::LDOGraphicsRegulator::isInBrownout() const
 .text._ZNK3pmu20LDOGraphicsRegulator4isOKEv
                0x800335c0       0x24 /home/leon/git/swp-report/iMX6_Platform_SDK/output/mx6sl/lib/libsdk.a(pmu_driver.o)
                0x800335c0                pmu::LDOGraphicsRegulator::isOK() const
 .text._ZNK3pmu20LDOGraphicsRegulator11getRampRateEv
                0x800335e4       0x34 /home/leon/git/swp-report/iMX6_Platform_SDK/output/mx6sl/lib/libsdk.a(pmu_driver.o)
                0x800335e4                pmu::LDOGraphicsRegulator::getRampRate() const
 .text._ZNK3pmu20LDOGraphicsRegulator10getTriggerEv
                0x80033618       0x34 /home/leon/git/swp-report/iMX6_Platform_SDK/output/mx6sl/lib/libsdk.a(pmu_driver.o)
                0x80033618                pmu::LDOGraphicsRegulator::getTrigger() const
 .text._ZN3pmu20LDOGraphicsRegulator10setTriggerEm
                0x8003364c       0x44 /home/leon/git/swp-report/iMX6_Platform_SDK/output/mx6sl/lib/libsdk.a(pmu_driver.o)
                0x8003364c                pmu::LDOGraphicsRegulator::setTrigger(unsigned long)
 .text._ZNK3pmu20LDOGraphicsRegulator11getBrownoutEv
                0x80033690       0x34 /home/leon/git/swp-report/iMX6_Platform_SDK/output/mx6sl/lib/libsdk.a(pmu_driver.o)
                0x80033690                pmu::LDOGraphicsRegulator::getBrownout() const
 .text._ZN3pmu20LDOGraphicsRegulator11setBrownoutEm
                0x800336c4       0x44 /home/leon/git/swp-report/iMX6_Platform_SDK/output/mx6sl/lib/libsdk.a(pmu_driver.o)
                0x800336c4                pmu::LDOGraphicsRegulator::setBrownout(unsigned long)
 .text._ZNK3pmu15LDOSoCRegulator23isBrownoutDetectEnabledEv
                0x80033708       0x44 /home/leon/git/swp-report/iMX6_Platform_SDK/output/mx6sl/lib/libsdk.a(pmu_driver.o)
                0x80033708                pmu::LDOSoCRegulator::isBrownoutDetectEnabled() const
 .text._ZNK3pmu15LDOSoCRegulator12isInBrownoutEv
                0x8003374c       0x6c /home/leon/git/swp-report/iMX6_Platform_SDK/output/mx6sl/lib/libsdk.a(pmu_driver.o)
                0x8003374c                pmu::LDOSoCRegulator::isInBrownout() const
 .text._ZNK3pmu15LDOSoCRegulator4isOKEv
                0x800337b8       0x74 /home/leon/git/swp-report/iMX6_Platform_SDK/output/mx6sl/lib/libsdk.a(pmu_driver.o)
                0x800337b8                pmu::LDOSoCRegulator::isOK() const
 .text._ZNK3pmu15LDOSoCRegulator11getRampRateEv
                0x8003382c       0x34 /home/leon/git/swp-report/iMX6_Platform_SDK/output/mx6sl/lib/libsdk.a(pmu_driver.o)
                0x8003382c                pmu::LDOSoCRegulator::getRampRate() const
 .text._ZNK3pmu15LDOSoCRegulator10getTriggerEv
                0x80033860       0x34 /home/leon/git/swp-report/iMX6_Platform_SDK/output/mx6sl/lib/libsdk.a(pmu_driver.o)
                0x80033860                pmu::LDOSoCRegulator::getTrigger() const
 .text._ZN3pmu15LDOSoCRegulator10setTriggerEm
                0x80033894       0x44 /home/leon/git/swp-report/iMX6_Platform_SDK/output/mx6sl/lib/libsdk.a(pmu_driver.o)
                0x80033894                pmu::LDOSoCRegulator::setTrigger(unsigned long)
 .text._ZNK3pmu15LDOSoCRegulator11getBrownoutEv
                0x800338d8       0x34 /home/leon/git/swp-report/iMX6_Platform_SDK/output/mx6sl/lib/libsdk.a(pmu_driver.o)
                0x800338d8                pmu::LDOSoCRegulator::getBrownout() const
 .text._ZN3pmu15LDOSoCRegulator11setBrownoutEm
                0x8003390c       0x44 /home/leon/git/swp-report/iMX6_Platform_SDK/output/mx6sl/lib/libsdk.a(pmu_driver.o)
                0x8003390c                pmu::LDOSoCRegulator::setBrownout(unsigned long)
 .text._ZN3pmu9_pmu_infoC2Ev
                0x80033950       0x84 /home/leon/git/swp-report/iMX6_Platform_SDK/output/mx6sl/lib/libsdk.a(pmu_driver.o)
                0x80033950                pmu::_pmu_info::_pmu_info()
                0x80033950                pmu::_pmu_info::_pmu_info()
 .text._ZN3pmu15AnalogRegulatorC2I15_hw_pmu_reg_2p5EERVT_
                0x800339d4       0x50 /home/leon/git/swp-report/iMX6_Platform_SDK/output/mx6sl/lib/libsdk.a(pmu_driver.o)
                0x800339d4                pmu::AnalogRegulator::AnalogRegulator<_hw_pmu_reg_2p5>(_hw_pmu_reg_2p5 volatile&)
                0x800339d4                pmu::AnalogRegulator::AnalogRegulator<_hw_pmu_reg_2p5>(_hw_pmu_reg_2p5 volatile&)
 .text._ZN3pmu15AnalogRegulatorC2I15_hw_pmu_reg_3p0EERVT_
                0x80033a24       0x50 /home/leon/git/swp-report/iMX6_Platform_SDK/output/mx6sl/lib/libsdk.a(pmu_driver.o)
                0x80033a24                pmu::AnalogRegulator::AnalogRegulator<_hw_pmu_reg_3p0>(_hw_pmu_reg_3p0 volatile&)
                0x80033a24                pmu::AnalogRegulator::AnalogRegulator<_hw_pmu_reg_3p0>(_hw_pmu_reg_3p0 volatile&)
 .text          0x80033a74      0xb4c /home/leon/git/swp-report/iMX6_Platform_SDK/output/mx6sl/lib/libsdk.a(pwm.o)
                0x80033a74                pwm_init
                0x80033f8c                pwm_clear_int_status
                0x80034078                pwm_setup_interrupt
                0x80034340                pwm_free_interrupt
                0x800343e8                pwm_isr_test_end
                0x8003442c                pwm_enable
                0x800344b4                pwm_disable
                0x80034544                pwm_get_clock_freq
 .text          0x800345c0      0x3b0 /home/leon/git/swp-report/iMX6_Platform_SDK/output/mx6sl/lib/libsdk.a(rtc.o)
                0x800345c0                snvs_rtc_interrupt_handler
                0x800346dc                snvs_rtc_setup_interrupt
                0x80034740                rtc_init
                0x800347c0                rtc_deinit
                0x8003481c                rtc_setup_onetime_timer
                0x80034890                rtc_setup_periodic_timer
                0x80034918                rtc_disable_periodic_timer
 .text          0x80034970      0x210 /home/leon/git/swp-report/iMX6_Platform_SDK/output/mx6sl/lib/libsdk.a(srtc.o)
                0x80034970                snvs_srtc_setup_interrupt
                0x800349d4                snvs_srtc_interrupt_handler
                0x80034a98                srtc_init
                0x80034adc                srtc_deinit
                0x80034b0c                srtc_setup_onetime_timer
 .text          0x80034b80     0x1224 /home/leon/git/swp-report/iMX6_Platform_SDK/output/mx6sl/lib/libsdk.a(sdma.o)
                0x800350cc                sdma_init
                0x80035294                sdma_deinit
                0x80035388                sdma_channel_start
                0x80035434                sdma_channel_stop
                0x80035494                sdma_channel_request
                0x8003588c                sdma_channel_release
                0x80035aac                sdma_channel_status
                0x80035be0                sdma_lookup_script
                0x80035ccc                sdma_setup_interrupt
                0x80035d40                sdma_channel_isr_attach
 .text          0x80035da4        0x0 /home/leon/git/swp-report/iMX6_Platform_SDK/output/mx6sl/lib/libsdk.a(sdma_script_info.o)
 .text          0x80035da4      0x4e8 /home/leon/git/swp-report/iMX6_Platform_SDK/output/mx6sl/lib/libsdk.a(snvs.o)
                0x80035da4                snvs_rtc_counter
                0x80035e4c                snvs_rtc_alarm
                0x80035ef4                snvs_rtc_periodic_interrupt
                0x80035fd8                snvs_rtc_set_counter
                0x80036030                snvs_rtc_set_alarm_timeout
                0x80036088                snvs_srtc_counter
                0x80036130                snvs_srtc_alarm
                0x800361d8                snvs_srtc_set_counter
                0x80036230                snvs_srtc_set_alarm_timeout
                0x8003626c                snvs_init
                0x8003627c                snvs_deinit
 .text          0x8003628c      0x740 /home/leon/git/swp-report/iMX6_Platform_SDK/output/mx6sl/lib/libsdk.a(mxc_spdc.o)
                0x80036498                spdc_update_image
                0x8003655c                spdc_set_buffers
                0x800365bc                spdc_load_wv_lut
                0x8003660c                spdc_clock_gate
                0x80036658                spdc_panel_init_set
                0x800366f8                spdc_temperature_set
                0x80036764                spdc_operation_start
                0x800367fc                spdc_enable_interrupts
                0x80036828                spdc_check_lut_download_finish
                0x80036880                spdc_check_tcon_init_finish
                0x800368d8                spdc_check_operation_finish
                0x80036930                spdc_trigger_display
 .text          0x800369cc     0x132c /home/leon/git/swp-report/iMX6_Platform_SDK/output/mx6sl/lib/libsdk.a(ecspi.o)
                0x80036fbc                ecspi_configure
                0x80037944                ecspi_open
                0x800379fc                ecspi_close
                0x80037b08                ecspi_xfer
 .text          0x80037cf8      0x4e8 /home/leon/git/swp-report/iMX6_Platform_SDK/output/mx6sl/lib/libsdk.a(tempmon.o)
                0x80037cf8                compute_temp
                0x80037da8                compute_alarm
                0x80037ea4                tempmon_init
                0x80037f6c                tempmon_get_temp
                0x8003804c                tempmon_set_alarm
                0x80038174                tempmon_disable_alarm
 .text          0x800381e0      0x528 /home/leon/git/swp-report/iMX6_Platform_SDK/output/mx6sl/lib/libsdk.a(gpt.o)
                0x80038200                gpt_get_rollover_event
                0x8003824c                gpt_get_capture_event
                0x800382fc                gpt_set_capture_event
                0x80038384                gpt_get_compare_event
                0x800383ec                gpt_set_compare_event
                0x800384f4                gpt_counter_disable
                0x8003852c                gpt_counter_enable
                0x80038574                gpt_setup_interrupt
                0x800385d8                gpt_init
 .text          0x80038708      0x368 /home/leon/git/swp-report/iMX6_Platform_SDK/output/mx6sl/lib/libsdk.a(usb_common.o)
                0x80038708                usb_get_port_speed
                0x80038864                swap32
                0x800388e0                get_menu_item
 .text          0x80038a70     0x2300 /home/leon/git/swp-report/iMX6_Platform_SDK/output/mx6sl/lib/libsdk.a(usbd_drv.o)
                0x80038a70                usbd_device_init
                0x800394fc                usbd_bus_reset
                0x80039868                usbd_get_setup_packet
                0x80039d70                usbd_device_send_control_packet
                0x8003a1ec                usbd_device_send_zero_len_packet
                0x8003a4f4                usbd_endpoint_qh_init
                0x8003a618                usbd_dtd_init
                0x8003a764                usbd_add_dtd
                0x8003ac90                usbd_reclaim_dtd
 .text          0x8003ad70     0x2374 /home/leon/git/swp-report/iMX6_Platform_SDK/output/mx6sl/lib/libsdk.a(usbh_drv.o)
                0x8003ad70                usbh_init
                0x8003b6d0                usbh_periodic_schedule_init
                0x8003c54c                usbh_bus_reset
                0x8003c734                usbh_enable_asynchronous_schedule
                0x8003c91c                usbh_disable_asynchronous_schedule
                0x8003cb04                usbh_disable_Periodic_list
                0x8003ccec                usbh_qtd_init
                0x8003cf14                usbh_qh_init
 .text          0x8003d0e4     0x11b8 /home/leon/git/swp-report/iMX6_Platform_SDK/output/mx6sl/lib/libsdk.a(usdhc.o)
                0x8003d2fc                set_card_access_mode
                0x8003d33c                read_usdhc_adma_mode
                0x8003d35c                read_usdhc_intr_mode
                0x8003d37c                card_init
                0x8003d52c                card_emmc_init
                0x8003d5c0                card_cmd_config
                0x8003d6d4                card_get_cid
                0x8003d774                card_enter_trans
                0x8003d850                card_trans_status
                0x8003d94c                card_get_port
                0x8003da34                card_set_blklen
                0x8003db18                card_data_read
                0x8003de04                card_data_write
                0x8003e104                card_xfer_result
                0x8003e1f8                card_wait_xfer_done
 .text          0x8003e29c     0x3484 /home/leon/git/swp-report/iMX6_Platform_SDK/output/mx6sl/lib/libsdk.a(usdhc_host.o)
                0x8003f67c                usdhc1_isr
                0x8003f694                usdhc2_isr
                0x8003f6ac                usdhc3_isr
                0x8003f6c4                usdhc4_isr
                0x8003f6dc                host_init
                0x8003f70c                host_init_active
                0x8003f7b4                host_send_cmd
                0x8003fbdc                host_cfg_clock
                0x80040378                host_set_bus_width
                0x800403b0                host_reset
                0x800404e0                host_read_response
                0x800406d0                host_cfg_block
                0x8004094c                host_clear_fifo
                0x80040af8                host_setup_adma
                0x80040d18                host_data_read
                0x80041220                host_data_write
 .text          0x80041720      0xe04 /home/leon/git/swp-report/iMX6_Platform_SDK/output/mx6sl/lib/libsdk.a(usdhc_mmc.o)
                0x80041cc0                mmc_init
                0x80041d64                emmc_init
                0x80041e90                emmc_print_cfg_info
                0x800420c8                mmc_set_boot_bus_width
                0x80042190                mmc_set_boot_partition
                0x80042290                mmc_set_boot_ack
                0x80042314                mmc_voltage_validation
 .text          0x80042524      0x800 /home/leon/git/swp-report/iMX6_Platform_SDK/output/mx6sl/lib/libsdk.a(usdhc_sd.o)
                0x800428b8                sd_init
                0x80042970                sd_voltage_validation
 .text          0x80042d24     0x2990 /home/leon/git/swp-report/iMX6_Platform_SDK/output/mx6sl/lib/libsdk.a(imx-ssi.o)
                0x80044c58                ssi_init
                0x80044c98                ssi_config
                0x800451ac                ssi_write_fifo
                0x800453a4                ssi_read_fifo
                0x80045564                ssi_deinit
 .text          0x800456b4      0x708 /home/leon/git/swp-report/iMX6_Platform_SDK/output/mx6sl/lib/libsdk.a(imx_spdif.o)
                0x80045a2c                spdif_init
                0x80045a68                spdif_config
                0x80045c9c                spdif_write_fifo
                0x80045d98                spdif_deinit
 .text          0x80045dbc        0x0 /home/leon/git/swp-report/iMX6_Platform_SDK/output/mx6sl/lib/libsdk.a(camera_profile.o)
 .text          0x80045dbc      0x2fc /home/leon/git/swp-report/iMX6_Platform_SDK/output/mx6sl/lib/libsdk.a(mx6x_usb.o)
                0x80045dbc                usbEnableClocks
                0x80045ee4                usbEnableTransceiver
 .text          0x800460b8       0x50 /home/leon/git/swp-report/iMX6_Platform_SDK/output/mx6sl/lib/libboard_evk_rev_a.a(board_audio.o)
                0x800460b8                spdif_get_tx_clk_freq
                0x800460d4                spdif_clk_cfg
                0x800460e4                audio_codec_power_on
                0x800460f8                audio_clock_config
 .text          0x80046108      0x1b0 /home/leon/git/swp-report/iMX6_Platform_SDK/output/mx6sl/lib/libboard_evk_rev_a.a(board_camera.o)
                0x80046108                camera_power_on
                0x80046148                sensor_reset
                0x800461cc                sensor_standby
                0x80046234                sensor_clock_setting
 .text          0x800462b8      0x3dc /home/leon/git/swp-report/iMX6_Platform_SDK/output/mx6sl/lib/libboard_evk_rev_a.a(board_display.o)
                0x800462b8                lcdif_power_on
                0x800462f4                lcdif_backlight_on
                0x80046330                lcdif_clock_enable
                0x800463ac                epdc_clock_setting
                0x8004643c                sipix_epd_clock_setting
                0x800464bc                epdc_power_supply
                0x80046564                spdc_power_up
 .text          0x80046694        0x0 /home/leon/git/swp-report/iMX6_Platform_SDK/output/mx6sl/lib/libboard_evk_rev_a.a(board_i2c.o)
 .text          0x80046694      0x168 /home/leon/git/swp-report/iMX6_Platform_SDK/output/mx6sl/lib/libboard_evk_rev_a.a(board_usb.o)
                0x80046694                usbEnableVbus
                0x80046740                usbDisableVbus
                0x800467ec                reset_usb_hub
 .text          0x800467fc      0x180 /home/leon/git/swp-report/iMX6_Platform_SDK/output/mx6sl/lib/libboard_evk_rev_a.a(board_usdhc.o)
                0x800467fc                usdhc_gpio_config
                0x8004681c                usdhc_card_detected
                0x800468cc                usdhc_write_protected
 .text          0x8004697c       0x84 /home/leon/git/swp-report/iMX6_Platform_SDK/output/mx6sl/lib/libboard_evk_rev_a.a(ecspi_iomux_config.o)
                0x8004697c                ecspi_iomux_config
 .text          0x80046a00       0x74 /home/leon/git/swp-report/iMX6_Platform_SDK/output/mx6sl/lib/libboard_evk_rev_a.a(i2c_iomux_config.o)
                0x80046a00                i2c_iomux_config
 .text          0x80046a74       0x84 /home/leon/git/swp-report/iMX6_Platform_SDK/output/mx6sl/lib/libboard_evk_rev_a.a(pwm_iomux_config.o)
                0x80046a74                pwm_iomux_config
 .text          0x80046af8       0x84 /home/leon/git/swp-report/iMX6_Platform_SDK/output/mx6sl/lib/libboard_evk_rev_a.a(usdhc_iomux_config.o)
                0x80046af8                usdhc_iomux_config
 .text          0x80046b7c        0x0 /home/leon/riotboard/arm-2012.09/bin/../arm-none-eabi/lib//libstdc++.a(pure.o)
 .text.__cxa_pure_virtual
                0x80046b7c       0x1c /home/leon/riotboard/arm-2012.09/bin/../arm-none-eabi/lib//libstdc++.a(pure.o)
                0x80046b7c                __cxa_pure_virtual
 .text.__cxa_deleted_virtual
                0x80046b98       0x1c /home/leon/riotboard/arm-2012.09/bin/../arm-none-eabi/lib//libstdc++.a(pure.o)
                0x80046b98                __cxa_deleted_virtual
 .text          0x80046bb4        0x0 /home/leon/riotboard/arm-2012.09/bin/../arm-none-eabi/lib//libstdc++.a(eh_terminate.o)
 .text._ZN10__cxxabiv111__terminateEPFvvE
                0x80046bb4       0x34 /home/leon/riotboard/arm-2012.09/bin/../arm-none-eabi/lib//libstdc++.a(eh_terminate.o)
                0x80046bb4                __cxxabiv1::__terminate(void (*)())
 .text._ZSt9terminatev
                0x80046be8       0x14 /home/leon/riotboard/arm-2012.09/bin/../arm-none-eabi/lib//libstdc++.a(eh_terminate.o)
                0x80046be8                std::terminate()
 .text._ZN10__cxxabiv112__unexpectedEPFvvE
                0x80046bfc       0x10 /home/leon/riotboard/arm-2012.09/bin/../arm-none-eabi/lib//libstdc++.a(eh_terminate.o)
                0x80046bfc                __cxxabiv1::__unexpected(void (*)())
 .text._ZSt10unexpectedv
                0x80046c0c       0x14 /home/leon/riotboard/arm-2012.09/bin/../arm-none-eabi/lib//libstdc++.a(eh_terminate.o)
                0x80046c0c                std::unexpected()
 .text._ZSt13set_terminatePFvvE
                0x80046c20       0x18 /home/leon/riotboard/arm-2012.09/bin/../arm-none-eabi/lib//libstdc++.a(eh_terminate.o)
                0x80046c20                std::set_terminate(void (*)())
 .text._ZSt14set_unexpectedPFvvE
                0x80046c38       0x18 /home/leon/riotboard/arm-2012.09/bin/../arm-none-eabi/lib//libstdc++.a(eh_terminate.o)
                0x80046c38                std::set_unexpected(void (*)())
 .text          0x80046c50        0x0 /home/leon/riotboard/arm-2012.09/bin/../arm-none-eabi/lib//libstdc++.a(eh_unex_handler.o)
 .text          0x80046c50        0x0 /home/leon/riotboard/arm-2012.09/bin/../arm-none-eabi/lib//libstdc++.a(eh_call.o)
 .text._ZN10__cxxabiv1L24__is_gxx_exception_classEPc
                0x80046c50       0x70 /home/leon/riotboard/arm-2012.09/bin/../arm-none-eabi/lib//libstdc++.a(eh_call.o)
 .text.__cxa_call_terminate
                0x80046cc0       0x2c /home/leon/riotboard/arm-2012.09/bin/../arm-none-eabi/lib//libstdc++.a(eh_call.o)
                0x80046cc0                __cxa_call_terminate
 .text.__cxa_call_unexpected
                0x80046cec      0x134 /home/leon/riotboard/arm-2012.09/bin/../arm-none-eabi/lib//libstdc++.a(eh_call.o)
                0x80046cec                __cxa_call_unexpected
 .text          0x80046e20        0x0 /home/leon/riotboard/arm-2012.09/bin/../arm-none-eabi/lib//libstdc++.a(eh_throw.o)
 .text._ZL23__gxx_exception_cleanup19_Unwind_Reason_CodeP21_Unwind_Control_Block
                0x80046e20       0x3c /home/leon/riotboard/arm-2012.09/bin/../arm-none-eabi/lib//libstdc++.a(eh_throw.o)
 .text.__cxa_throw
                0x80046e5c       0x94 /home/leon/riotboard/arm-2012.09/bin/../arm-none-eabi/lib//libstdc++.a(eh_throw.o)
                0x80046e5c                __cxa_throw
 .text.__cxa_rethrow
                0x80046ef0       0xb0 /home/leon/riotboard/arm-2012.09/bin/../arm-none-eabi/lib//libstdc++.a(eh_throw.o)
                0x80046ef0                __cxa_rethrow
 .text          0x80046fa0        0x0 /home/leon/riotboard/arm-2012.09/bin/../arm-none-eabi/lib//libstdc++.a(eh_arm.o)
 .text.__cxa_end_cleanup
                0x80046fa0       0x10 /home/leon/riotboard/arm-2012.09/bin/../arm-none-eabi/lib//libstdc++.a(eh_arm.o)
                0x80046fa0                __cxa_end_cleanup
 .text.__cxa_type_match
                0x80046fb0      0x14c /home/leon/riotboard/arm-2012.09/bin/../arm-none-eabi/lib//libstdc++.a(eh_arm.o)
                0x80046fb0                __cxa_type_match
 .text.__cxa_begin_cleanup
                0x800470fc       0xb0 /home/leon/riotboard/arm-2012.09/bin/../arm-none-eabi/lib//libstdc++.a(eh_arm.o)
                0x800470fc                __cxa_begin_cleanup
 .text.__gnu_end_cleanup
                0x800471ac       0xb0 /home/leon/riotboard/arm-2012.09/bin/../arm-none-eabi/lib//libstdc++.a(eh_arm.o)
                0x800471ac                __gnu_end_cleanup
 .text          0x8004725c        0x0 /home/leon/riotboard/arm-2012.09/bin/../arm-none-eabi/lib//libstdc++.a(eh_exception.o)
 .text._ZNSt9exceptionD2Ev
                0x8004725c       0x10 /home/leon/riotboard/arm-2012.09/bin/../arm-none-eabi/lib//libstdc++.a(eh_exception.o)
                0x8004725c                std::exception::~exception()
                0x8004725c                std::exception::~exception()
 .text._ZNSt13bad_exceptionD2Ev
                0x8004726c       0x10 /home/leon/riotboard/arm-2012.09/bin/../arm-none-eabi/lib//libstdc++.a(eh_exception.o)
                0x8004726c                std::bad_exception::~bad_exception()
                0x8004726c                std::bad_exception::~bad_exception()