Archive member included because of file (symbol)

/home/leon/git/swp-report/iMX6_Platform_SDK/output/mx6dq/lib/libsdk.a(usb_hid.o)
                              /home/leon/git/swp-report/iMX6_Platform_SDK/output/mx6dq/usb_hid_mouse/sabre_ai_rev_a/obj/apps/usb_hid_mouse/src/mouse_button.o (USB_Class_HID_Init)
/home/leon/git/swp-report/iMX6_Platform_SDK/output/mx6dq/lib/libsdk.a(usb_class.o)
                              /home/leon/git/swp-report/iMX6_Platform_SDK/output/mx6dq/lib/libsdk.a(usb_hid.o) (USB_Class_Init)
/home/leon/git/swp-report/iMX6_Platform_SDK/output/mx6dq/lib/libsdk.a(usb_framework.o)
                              /home/leon/git/swp-report/iMX6_Platform_SDK/output/mx6dq/lib/libsdk.a(usb_class.o) (USB_Framework_Init)
/home/leon/git/swp-report/iMX6_Platform_SDK/output/mx6dq/lib/libsdk.a(usb_dci_imx6.o)
                              /home/leon/git/swp-report/iMX6_Platform_SDK/output/mx6dq/lib/libsdk.a(usb_framework.o) (_usb_device_recv_data)
/home/leon/git/swp-report/iMX6_Platform_SDK/output/mx6dq/lib/libsdk.a(usb_driver.o)
                              /home/leon/git/swp-report/iMX6_Platform_SDK/output/mx6dq/lib/libsdk.a(usb_hid.o) (_usb_device_init)
/home/leon/git/swp-report/iMX6_Platform_SDK/output/mx6dq/lib/libsdk.a(ccm_pll.o)
                              /home/leon/git/swp-report/iMX6_Platform_SDK/output/mx6dq/usb_hid_mouse/sabre_ai_rev_a/obj/apps/common/platform_init.o (ccm_init)
/home/leon/git/swp-report/iMX6_Platform_SDK/output/mx6dq/lib/libsdk.a(cortexA9.o)
                              /home/leon/git/swp-report/iMX6_Platform_SDK/output/mx6dq/usb_hid_mouse/sabre_ai_rev_a/obj/apps/common/platform_init.o (arm_set_interrupt_state)
/home/leon/git/swp-report/iMX6_Platform_SDK/output/mx6dq/lib/libsdk.a(gic.o)
                              /home/leon/git/swp-report/iMX6_Platform_SDK/output/mx6dq/usb_hid_mouse/sabre_ai_rev_a/obj/apps/common/platform_init.o (gic_init)
/home/leon/git/swp-report/iMX6_Platform_SDK/output/mx6dq/lib/libsdk.a(interrupt.o)
                              /home/leon/git/swp-report/iMX6_Platform_SDK/output/mx6dq/lib/libsdk.a(usb_dci_imx6.o) (enable_interrupt)
/home/leon/git/swp-report/iMX6_Platform_SDK/output/mx6dq/lib/libsdk.a(mmu.o)
                              /home/leon/git/swp-report/iMX6_Platform_SDK/output/mx6dq/usb_hid_mouse/sabre_ai_rev_a/obj/apps/common/platform_init.o (mmu_init)
/home/leon/git/swp-report/iMX6_Platform_SDK/output/mx6dq/lib/libsdk.a(startup.o)
                              (_start)
/home/leon/git/swp-report/iMX6_Platform_SDK/output/mx6dq/lib/libsdk.a(vectors.o)
                              /home/leon/git/swp-report/iMX6_Platform_SDK/output/mx6dq/lib/libsdk.a(startup.o) (vectors)
/home/leon/git/swp-report/iMX6_Platform_SDK/output/mx6dq/lib/libsdk.a(system_util.o)
                              /home/leon/git/swp-report/iMX6_Platform_SDK/output/mx6dq/lib/libsdk.a(startup.o) (_sys_exit)
/home/leon/git/swp-report/iMX6_Platform_SDK/output/mx6dq/lib/libsdk.a(text_color.o)
                              /home/leon/git/swp-report/iMX6_Platform_SDK/output/mx6dq/lib/libsdk.a(system_util.o) (g_TextAttributeBold)
/home/leon/git/swp-report/iMX6_Platform_SDK/output/mx6dq/lib/libsdk.a(timer.o)
                              /home/leon/git/swp-report/iMX6_Platform_SDK/output/mx6dq/usb_hid_mouse/sabre_ai_rev_a/obj/apps/usb_hid_mouse/src/mouse_button.o (hal_delay_us)
/home/leon/git/swp-report/iMX6_Platform_SDK/output/mx6dq/lib/libsdk.a(imx_uart.o)
                              /home/leon/git/swp-report/iMX6_Platform_SDK/output/mx6dq/usb_hid_mouse/sabre_ai_rev_a/obj/apps/common/platform_init.o (uart_getchar)
/home/leon/git/swp-report/iMX6_Platform_SDK/output/mx6dq/lib/libsdk.a(arm_abort.o)
                              /home/leon/git/swp-report/iMX6_Platform_SDK/output/mx6dq/lib/libsdk.a(vectors.o) (data_abort_handler)
/home/leon/git/swp-report/iMX6_Platform_SDK/output/mx6dq/lib/libsdk.a(epit.o)
                              /home/leon/git/swp-report/iMX6_Platform_SDK/output/mx6dq/lib/libsdk.a(timer.o) (epit_get_compare_event)
/home/leon/git/swp-report/iMX6_Platform_SDK/output/mx6dq/lib/libsdk.a(abort_handler.o)
                              /home/leon/git/swp-report/iMX6_Platform_SDK/output/mx6dq/lib/libsdk.a(arm_abort.o) (dump_regs)
/home/leon/git/swp-report/iMX6_Platform_SDK/output/mx6dq/lib/libboard_sabre_ai_rev_a.a(board_io_expanders.o)
                              /home/leon/git/swp-report/iMX6_Platform_SDK/output/mx6dq/usb_hid_mouse/sabre_ai_rev_a/obj/apps/common/platform_init.o (board_ioexpander_init)
/home/leon/git/swp-report/iMX6_Platform_SDK/output/mx6dq/lib/libboard_sabre_ai_rev_a.a(hardware_modules.o)
                              /home/leon/git/swp-report/iMX6_Platform_SDK/output/mx6dq/usb_hid_mouse/sabre_ai_rev_a/obj/apps/common/platform_init.o (g_debug_uart_port)
/home/leon/git/swp-report/iMX6_Platform_SDK/output/mx6dq/lib/libboard_sabre_ai_rev_a.a(dcd.o)
[...]
Memory Configuration

Name             Origin             Length             Attributes
OCRAM            0x00900000         0x00040000         xrw
DDR              0x10000000         0x80000000         xrw
*default*        0x00000000         0xffffffff

Linker script and memory map

LOAD /home/leon/riotboard/arm-2012.09/bin/../lib/gcc/arm-none-eabi/4.7.2//crtbegin.o
LOAD /home/leon/riotboard/arm-2012.09/bin/../lib/gcc/arm-none-eabi/4.7.2//crti.o
LOAD /home/leon/riotboard/arm-2012.09/bin/../lib/gcc/arm-none-eabi/4.7.2//crtend.o
LOAD /home/leon/riotboard/arm-2012.09/bin/../lib/gcc/arm-none-eabi/4.7.2//crtn.o

.l1_page_table  0x00900000     0x4000
                0x00900000                __l1_page_table_start = .
                0x00904000                . = (. + 0x4000)
 *fill*         0x00900000     0x4000 

.heap.ocram     0x00904000    0x3bfb8
                0x00904000                __heap_ocram_start = .
                0x0093ffb8                . = (. + 0x3bfb8)
 *fill*         0x00904000    0x3bfb8 
                0x0093ffb8                __heap_ocram_end = .

.ram_vectors    0x0093ffb8       0x48
                0x0093ffb8                __ram_vectors_start = .
                0x00940000                . = (. + 0x48)
 *fill*         0x0093ffb8       0x48 
                0x00940000                __ram_vectors_end = .
                0x10000000                _start_image_add = ORIGIN (DDR)

.ivt            0x10000000      0x420
                0x10000400                . = (. + 0x400)
 *fill*         0x10000000      0x400 
 *(.ivt)
 .ivt           0x10000400       0x20 /home/leon/git/swp-report/iMX6_Platform_SDK/output/mx6dq/usb_hid_mouse/sabre_ai_rev_a/obj/apps/common/ivt.o
                0x10000400                input_ivt

.boot_data      0x10000420        0xc
                0x10000420                __start_boot_data = .
 *(.boot_data)
 .boot_data     0x10000420        0xc /home/leon/git/swp-report/iMX6_Platform_SDK/output/mx6dq/usb_hid_mouse/sabre_ai_rev_a/obj/apps/common/ivt.o
                0x10000420                bd

.dcd_hdr        0x10000430        0x4
                0x10000430                __start_dcd = .
 *(.dcd_hdr)
 .dcd_hdr       0x10000430        0x4 /home/leon/git/swp-report/iMX6_Platform_SDK/output/mx6dq/lib/libboard_sabre_ai_rev_a.a(dcd.o)
                0x10000430                input_dcd_hdr

.dcd_wrt_cmd    0x10000434        0x4
 *(.dcd_wrt_cmd)
 .dcd_wrt_cmd   0x10000434        0x4 /home/leon/git/swp-report/iMX6_Platform_SDK/output/mx6dq/lib/libboard_sabre_ai_rev_a.a(dcd.o)
                0x10000434                input_dcd_wrt_cmd

.dcd_data       0x10000438      0x298
 *(.dcd_data)
 .dcd_data      0x10000438      0x298 /home/leon/git/swp-report/iMX6_Platform_SDK/output/mx6dq/lib/libboard_sabre_ai_rev_a.a(dcd.o)
                0x10000438                input_dcd

.text           0x100006d0    0x20fc0
 CREATE_OBJECT_SYMBOLS
 *(.startup)
 .startup       0x100006d0      0x138 /home/leon/git/swp-report/iMX6_Platform_SDK/output/mx6dq/lib/libsdk.a(startup.o)
                0x100006d0                _start
 *(.text .text.* .gnu.linkonce.t.*)
 .text          0x10000808      0x128 /home/leon/riotboard/arm-2012.09/bin/../lib/gcc/arm-none-eabi/4.7.2//crtbegin.o
 .text          0x10000930        0x0 /home/leon/riotboard/arm-2012.09/bin/../lib/gcc/arm-none-eabi/4.7.2//crti.o
 .text          0x10000930        0x0 /home/leon/riotboard/arm-2012.09/bin/../lib/gcc/arm-none-eabi/4.7.2//crtend.o
 .text          0x10000930        0x0 /home/leon/riotboard/arm-2012.09/bin/../lib/gcc/arm-none-eabi/4.7.2//crtn.o
 .text          0x10000930        0x0 /home/leon/git/swp-report/iMX6_Platform_SDK/output/mx6dq/usb_hid_mouse/sabre_ai_rev_a/obj/apps/common/ivt.o
 .text          0x10000930       0x98 /home/leon/git/swp-report/iMX6_Platform_SDK/output/mx6dq/usb_hid_mouse/sabre_ai_rev_a/obj/apps/common/platform_init.o
                0x10000930                platform_init
 .text          0x100009c8      0x55c /home/leon/git/swp-report/iMX6_Platform_SDK/output/mx6dq/usb_hid_mouse/sabre_ai_rev_a/obj/apps/usb_hid_mouse/src/mouse_button.o
                0x100009c8                fillBuffer
                0x10000e58                TestApp_Init
                0x10000ed4                TestApp_Task
                0x10000f00                main
 .text          0x10000f24      0x4fc /home/leon/git/swp-report/iMX6_Platform_SDK/output/mx6dq/usb_hid_mouse/sabre_ai_rev_a/obj/apps/usb_hid_mouse/src/usb_descriptor.o
                0x10000f24                USB_Desc_Get_Descriptor
                0x1000121c                USB_Desc_Get_Interface
                0x1000127c                USB_Desc_Set_Interface
                0x100012dc                USB_Desc_Valid_Configation
                0x10001354                USB_Desc_Valid_Interface
                0x100013cc                USB_Desc_Remote_Wakeup
                0x100013f4                USB_Desc_Get_Endpoints
 .text          0x10001420      0xdc4 /home/leon/git/swp-report/iMX6_Platform_SDK/output/mx6dq/lib/libsdk.a(usb_hid.o)
                0x100014cc                USB_Service_Hid
                0x100016b4                USB_Class_Hid_Event
                0x10001c6c                USB_Class_HID_Init
                0x10001e8c                USB_Class_HID_DeInit
                0x10001f18                USB_Class_HID_Send_Data
 .text          0x100021e4      0x75c /home/leon/git/swp-report/iMX6_Platform_SDK/output/mx6dq/lib/libsdk.a(usb_class.o)
                0x100021e4                USB_Suspend_Service
                0x10002230                USB_Resume_Service
                0x10002290                USB_Stall_Service
                0x100022f0                USB_Sof_Service
                0x100023b0                USB_Reset_Service
                0x10002510                USB_Error_Service
                0x10002558                USB_Class_Init
                0x100026ec                USB_Class_DeInit
                0x10002824                USB_Class_Send_Data
                0x10002930                USB_Class_Periodic_Task
 .text          0x10002940     0x107c /home/leon/git/swp-report/iMX6_Platform_SDK/output/mx6dq/lib/libsdk.a(usb_framework.o)
                0x10002940                USB_Framework_Init
                0x100029b8                USB_Framework_DeInit
                0x10002a18                USB_Framework_Reset
                0x10002a40                USB_Control_Service
 .text          0x100039bc     0x3100 /home/leon/git/swp-report/iMX6_Platform_SDK/output/mx6dq/lib/libsdk.a(usb_dci_imx6.o)
                0x100039bc                USB_DCI_Init
                0x10003b00                USB_DCI_DeInit
                0x10003b18                USB_DCI_Init_EndPoint
                0x10003c38                _usb_device_cancel_transfer
                0x10003c6c                USB_DCI_Deinit_EndPoint
                0x10003ca4                _usb_device_stall_endpoint
                0x10003d8c                _usb_device_unstall_endpoint
                0x10003e74                _usb_device_read_setup_data
                0x10003e9c                _usb_device_get_transfer_status
                0x10003ed0                _usb_device_recv_data
                0x10003f74                _usb_device_send_data
                0x1000401c                _usb_device_set_address
                0x10004094                _usb_device_shutdown
                0x100040b0                _usb_device_assert_resume
                0x100040cc                Clear_Mem
 .text          0x10006abc      0x6e0 /home/leon/git/swp-report/iMX6_Platform_SDK/output/mx6dq/lib/libsdk.a(usb_driver.o)
                0x10006b64                _usb_device_init
                0x10006bfc                _usb_device_deinit
                0x10006c28                _usb_device_init_endpoint
                0x10006d20                _usb_device_deinit_endpoint
                0x10006df0                _usb_device_get_status
                0x10006ea4                _usb_device_set_status
                0x10007000                _usb_device_register_service
                0x1000708c                _usb_device_unregister_service
                0x10007110                USB_Device_Call_Service
                0x1000717c                USB_NULL_CALLBACK
 .text          0x1000719c      0xcdc /home/leon/git/swp-report/iMX6_Platform_SDK/output/mx6dq/lib/libsdk.a(ccm_pll.o)
                0x1000719c                ccm_init
                0x100072c0                get_main_clock
                0x10007550                get_peri_clock
                0x10007700                ccm_ccgr_config
                0x10007768                clock_gating_config
                0x10007be8                ccm_set_lpm_wakeup_source
                0x10007cdc                ccm_enter_low_power
                0x10007d4c                ipu_hsp_clk_config
                0x10007d6c                gpu_clock_config
 .text          0x10007e78      0x164 /home/leon/git/swp-report/iMX6_Platform_SDK/output/mx6dq/lib/libsdk.a(cortexA9.o)
                0x10007e78                arm_set_interrupt_state
                0x10007e9c                cpu_get_current
                0x10007ea8                enable_neon_fpu
                0x10007ec4                disable_strict_align_check
                0x10007ed8                disable_L1_cache
                0x10007ef8                get_arm_private_peripheral_base
                0x10007f00                arm_unified_tlb_invalidate
                0x10007f10                arm_unified_tlb_invalidate_is
                0x10007f20                arm_branch_prediction_enable
                0x10007f30                arm_branch_prediction_disable
                0x10007f40                arm_branch_target_cache_invalidate
                0x10007f4c                arm_branch_target_cache_invalidate_is
                0x10007f58                scu_enable
                0x10007f6c                scu_join_smp
                0x10007f7c                scu_leave_smp
                0x10007f8c                scu_get_cpus_in_smp
                0x10007fa0                scu_enable_maintenance_broadcast
                0x10007fb0                scu_disable_maintenance_broadcast
                0x10007fc0                scu_secure_invalidate
 .text          0x10007fdc      0x5e0 /home/leon/git/swp-report/iMX6_Platform_SDK/output/mx6dq/lib/libsdk.a(gic.o)
                0x100080c0                gic_enable
                0x10008120                gic_set_irq_security
                0x100081c8                gic_enable_irq
                0x10008244                gic_set_irq_priority
                0x1000828c                gic_set_cpu_target
                0x10008398                gic_send_sgi
                0x100083ec                gic_cpu_enable
                0x1000844c                gic_set_cpu_priority_mask
                0x10008480                gic_read_irq_ack
                0x100084ac                gic_write_end_of_irq
                0x100084dc                gic_init
                0x10008580                gic_init_cpu
 .text          0x100085bc      0x1bc /home/leon/git/swp-report/iMX6_Platform_SDK/output/mx6dq/lib/libsdk.a(interrupt.o)
                0x100085bc                IRQ_HDLR
                0x10008684                disable_interrupt
                0x100086c0                enable_interrupt
                0x10008718                register_interrupt_routine
                0x1000874c                default_interrupt_routine
 .text          0x10008778      0x460 /home/leon/git/swp-report/iMX6_Platform_SDK/output/mx6dq/lib/libsdk.a(mmu.o)
                0x10008778                mmu_enable
                0x100087b0                mmu_disable
                0x100087e4                mmu_init
                0x10008900                mmu_map_l1_range
                0x10008b18                mmu_virtual_to_physical
 .text          0x10008bd8        0x0 /home/leon/git/swp-report/iMX6_Platform_SDK/output/mx6dq/lib/libsdk.a(startup.o)
 .text          0x10008bd8        0x4 /home/leon/git/swp-report/iMX6_Platform_SDK/output/mx6dq/lib/libsdk.a(vectors.o)
                0x10008bd8                exception_handler
 .text.vectors  0x10008bdc       0x48 /home/leon/git/swp-report/iMX6_Platform_SDK/output/mx6dq/lib/libsdk.a(vectors.o)
                0x10008bdc                vectors
 .text          0x10008c24      0x914 /home/leon/git/swp-report/iMX6_Platform_SDK/output/mx6dq/lib/libsdk.a(system_util.o)
                0x10008c24                _sys_exit
                0x10008c40                mybkpt
                0x10008c48                is_input_char
                0x10008dc8                read_input_string
                0x100090b0                get_input_hex
                0x10009330                read_int
                0x10009494                jump_to_sdp
 .text          0x10009538       0xe0 /home/leon/git/swp-report/iMX6_Platform_SDK/output/mx6dq/lib/libsdk.a(text_color.o)
                0x10009538                printf_color
                0x100095d4                get_color_supported
 .text          0x10009618      0x290 /home/leon/git/swp-report/iMX6_Platform_SDK/output/mx6dq/lib/libsdk.a(timer.o)
                0x10009618                hal_delay_us
                0x10009688                system_time_init
                0x100097e8                time_get_microseconds
 .text          0x100098a8     0x2820 /home/leon/git/swp-report/iMX6_Platform_SDK/output/mx6dq/lib/libsdk.a(imx_uart.o)
                0x100098a8                uart_get_reffreq
                0x100099a4                uart_putchar
                0x10009af4                uart_getchar
                0x10009c54                uart_set_FIFO_mode
                0x1000a780                uart_set_loopback_mode
                0x1000a9d4                uart_setup_interrupt
                0x1000aaa0                uart_init
 .text          0x1000c0c8       0x98 /home/leon/git/swp-report/iMX6_Platform_SDK/output/mx6dq/lib/libsdk.a(arm_abort.o)
                0x1000c0c8                common_abort_handler
                0x1000c128                data_abort_handler
                0x1000c140                prefetch_abort_handler
 .text          0x1000c160      0x8e0 /home/leon/git/swp-report/iMX6_Platform_SDK/output/mx6dq/lib/libsdk.a(epit.o)
                0x1000c160                epit_reload_counter
                0x1000c1c0                epit_get_counter_value
                0x1000c21c                epit_set_compare_event
                0x1000c27c                epit_get_compare_event
                0x1000c374                epit_counter_disable
                0x1000c538                epit_counter_enable
                0x1000c794                epit_setup_interrupt
                0x1000c824                epit_init
 .text          0x1000ca40      0x4bc /home/leon/git/swp-report/iMX6_Platform_SDK/output/mx6dq/lib/libsdk.a(abort_handler.o)
                0x1000ca40                dump_regs
 .text          0x1000cefc      0x10c /home/leon/git/swp-report/iMX6_Platform_SDK/output/mx6dq/lib/libboard_sabre_ai_rev_a.a(board_io_expanders.o)
                0x1000cefc                board_ioexpander_init
                0x1000cff4                board_ioexpander_iomux_config
 .text          0x1000d008        0x0 /home/leon/git/swp-report/iMX6_Platform_SDK/output/mx6dq/lib/libboard_sabre_ai_rev_a.a(hardware_modules.o)
 .text          0x1000d008        0x0 /home/leon/git/swp-report/iMX6_Platform_SDK/output/mx6dq/lib/libboard_sabre_ai_rev_a.a(dcd.o)
 .text          0x1000d008       0x78 /home/leon/git/swp-report/iMX6_Platform_SDK/output/mx6dq/lib/libboard_sabre_ai_rev_a.a(i2c3_iomux_config.o)
                0x1000d008                i2c3_iomux_config
 .text          0x1000d080       0x90 /home/leon/git/swp-report/iMX6_Platform_SDK/output/mx6dq/lib/libboard_sabre_ai_rev_a.a(uart_iomux_config.o)
                0x1000d080                uart_iomux_config
 .text          0x1000d110      0x2c4 /home/leon/git/swp-report/iMX6_Platform_SDK/output/mx6dq/lib/libboard_sabre_ai_rev_a.a(iomux_config.o)
                0x1000d110                iomux_config
                0x1000d194                arm_iomux_config
                0x1000d1a4                asrc_iomux_config
                0x1000d1b4                dcic1_iomux_config
                0x1000d1c4                dcic2_iomux_config
                0x1000d1d4                ecspi2_iomux_config
                0x1000d1e4                ecspi3_iomux_config
                0x1000d1f4                ecspi4_iomux_config
                0x1000d204                ecspi5_iomux_config
                0x1000d214                epit1_iomux_config
                0x1000d224                epit2_iomux_config
                0x1000d234                gpio3_iomux_config
                0x1000d244                gpio7_iomux_config
                0x1000d254                gpt_iomux_config
                0x1000d264                hdmi_iomux_config
                0x1000d274                i2c1_iomux_config
                0x1000d284                ipu2_iomux_config
                0x1000d294                kpp_iomux_config
                0x1000d2a4                ldb_iomux_config
                0x1000d2b4                mipi_csi_iomux_config
                0x1000d2c4                mipi_dsi_iomux_config
                0x1000d2d4                mipi_hsi_iomux_config
                0x1000d2e4                pcie_iomux_config
                0x1000d2f4                pmu_iomux_config
                0x1000d304                pwm1_iomux_config
                0x1000d314                pwm2_iomux_config
                0x1000d324                sata_phy_iomux_config
                0x1000d334                sdma_iomux_config
                0x1000d344                snvs_iomux_config
                0x1000d354                src_iomux_config
                0x1000d364                uart1_iomux_config
                0x1000d374                uart5_iomux_config
                0x1000d384                usb_iomux_config
                0x1000d394                usdhc2_iomux_config
                0x1000d3a4                usdhc4_iomux_config
                0x1000d3b4                wdog2_iomux_config
                0x1000d3c4                xtalosc_iomux_config
 .text          0x1000d3d4      0x5f8 /home/leon/git/swp-report/iMX6_Platform_SDK/output/mx6dq/lib/libboard_sabre_ai_rev_a.a(ipu1_iomux_config.o)
                0x1000d3d4                ipu1_iomux_config
 .text          0x1000d9cc       0xac /home/leon/git/swp-report/iMX6_Platform_SDK/output/mx6dq/lib/libboard_sabre_ai_rev_a.a(mlb_iomux_config.o)
                0x1000d9cc                mlb_iomux_config
 .text          0x1000da78     0x2884 /home/leon/git/swp-report/iMX6_Platform_SDK/output/mx6dq/lib/libboard_sabre_ai_rev_a.a(mmdc_iomux_config.o)
                0x1000da78                mmdc_iomux_config
 .text          0x100102fc       0x34 /home/leon/git/swp-report/iMX6_Platform_SDK/output/mx6dq/lib/libboard_sabre_ai_rev_a.a(pwm3_iomux_config.o)
                0x100102fc                pwm3_iomux_config
 .text          0x10010330       0x34 /home/leon/git/swp-report/iMX6_Platform_SDK/output/mx6dq/lib/libboard_sabre_ai_rev_a.a(pwm4_iomux_config.o)
                0x10010330                pwm4_iomux_config
 .text          0x10010364       0x70 /home/leon/git/swp-report/iMX6_Platform_SDK/output/mx6dq/lib/libboard_sabre_ai_rev_a.a(sjc_iomux_config.o)
                0x10010364                sjc_iomux_config
 .text          0x100103d4       0x40 /home/leon/git/swp-report/iMX6_Platform_SDK/output/mx6dq/lib/libboard_sabre_ai_rev_a.a(spdif_iomux_config.o)
                0x100103d4                spdif_iomux_config
 .text          0x10010414       0xe0 /home/leon/git/swp-report/iMX6_Platform_SDK/output/mx6dq/lib/libboard_sabre_ai_rev_a.a(uart2_iomux_config.o)
                0x10010414                uart2_iomux_config
 .text          0x100104f4       0xe0 /home/leon/git/swp-report/iMX6_Platform_SDK/output/mx6dq/lib/libboard_sabre_ai_rev_a.a(uart3_iomux_config.o)
                0x100104f4                uart3_iomux_config
 .text          0x100105d4       0x78 /home/leon/git/swp-report/iMX6_Platform_SDK/output/mx6dq/lib/libboard_sabre_ai_rev_a.a(uart4_iomux_config.o)
                0x100105d4                uart4_iomux_config
 .text          0x1001064c      0x19c /home/leon/git/swp-report/iMX6_Platform_SDK/output/mx6dq/lib/libboard_sabre_ai_rev_a.a(usdhc1_iomux_config.o)
                0x1001064c                usdhc1_iomux_config
 .text          0x100107e8      0x1c0 /home/leon/git/swp-report/iMX6_Platform_SDK/output/mx6dq/lib/libboard_sabre_ai_rev_a.a(usdhc3_iomux_config.o)
                0x100107e8                usdhc3_iomux_config
 .text          0x100109a8       0x34 /home/leon/git/swp-report/iMX6_Platform_SDK/output/mx6dq/lib/libboard_sabre_ai_rev_a.a(wdog1_iomux_config.o)
                0x100109a8                wdog1_iomux_config
 .text          0x100109dc      0x13c /home/leon/git/swp-report/iMX6_Platform_SDK/output/mx6dq/lib/libboard_sabre_ai_rev_a.a(audmux_iomux_config.o)
                0x100109dc                audmux_iomux_config
 .text          0x10010b18       0x34 /home/leon/git/swp-report/iMX6_Platform_SDK/output/mx6dq/lib/libboard_sabre_ai_rev_a.a(ccm_iomux_config.o)
                0x10010b18                ccm_iomux_config
 .text          0x10010b4c      0x104 /home/leon/git/swp-report/iMX6_Platform_SDK/output/mx6dq/lib/libboard_sabre_ai_rev_a.a(ecspi1_iomux_config.o)
                0x10010b4c                ecspi1_iomux_config
 .text          0x10010c50      0x5f0 /home/leon/git/swp-report/iMX6_Platform_SDK/output/mx6dq/lib/libboard_sabre_ai_rev_a.a(eim_iomux_config.o)
                0x10010c50                eim_iomux_config
 .text          0x10011240      0x3bc /home/leon/git/swp-report/iMX6_Platform_SDK/output/mx6dq/lib/libboard_sabre_ai_rev_a.a(enet_iomux_config.o)
                0x10011240                enet_iomux_config
 .text          0x100115fc      0x218 /home/leon/git/swp-report/iMX6_Platform_SDK/output/mx6dq/lib/libboard_sabre_ai_rev_a.a(esai_iomux_config.o)
                0x100115fc                esai_iomux_config
 .text          0x10011814       0x68 /home/leon/git/swp-report/iMX6_Platform_SDK/output/mx6dq/lib/libboard_sabre_ai_rev_a.a(flexcan1_iomux_config.o)
                0x10011814                flexcan1_iomux_config
 .text          0x1001187c       0x68 /home/leon/git/swp-report/iMX6_Platform_SDK/output/mx6dq/lib/libboard_sabre_ai_rev_a.a(flexcan2_iomux_config.o)
                0x1001187c                flexcan2_iomux_config
 .text          0x100118e4      0x130 /home/leon/git/swp-report/iMX6_Platform_SDK/output/mx6dq/lib/libboard_sabre_ai_rev_a.a(gpio1_iomux_config.o)
                0x100118e4                gpio1_iomux_config
 .text          0x10011a14       0xfc /home/leon/git/swp-report/iMX6_Platform_SDK/output/mx6dq/lib/libboard_sabre_ai_rev_a.a(gpio2_iomux_config.o)
                0x10011a14                gpio2_iomux_config
 .text          0x10011b10       0x34 /home/leon/git/swp-report/iMX6_Platform_SDK/output/mx6dq/lib/libboard_sabre_ai_rev_a.a(gpio4_iomux_config.o)
                0x10011b10                gpio4_iomux_config
 .text          0x10011b44       0xc4 /home/leon/git/swp-report/iMX6_Platform_SDK/output/mx6dq/lib/libboard_sabre_ai_rev_a.a(gpio5_iomux_config.o)
                0x10011b44                gpio5_iomux_config
 .text          0x10011c08       0x54 /home/leon/git/swp-report/iMX6_Platform_SDK/output/mx6dq/lib/libboard_sabre_ai_rev_a.a(gpio6_iomux_config.o)
                0x10011c08                gpio6_iomux_config
 .text          0x10011c5c      0x274 /home/leon/git/swp-report/iMX6_Platform_SDK/output/mx6dq/lib/libboard_sabre_ai_rev_a.a(gpmi_iomux_config.o)
                0x10011c5c                gpmi_iomux_config
 .text          0x10011ed0       0x78 /home/leon/git/swp-report/iMX6_Platform_SDK/output/mx6dq/lib/libboard_sabre_ai_rev_a.a(i2c2_iomux_config.o)
                0x10011ed0                i2c2_iomux_config
 .text          0x10011f48       0xa4 /home/leon/riotboard/arm-2012.09/bin/../arm-none-eabi/lib//libm.a(lib_a-sf_cos.o)
                0x10011f48                cosf
 .text          0x10011fec       0xbc /home/leon/riotboard/arm-2012.09/bin/../arm-none-eabi/lib//libm.a(lib_a-sf_sin.o)
                0x10011fec                sinf
 .text          0x100120a8      0x460 /home/leon/riotboard/arm-2012.09/bin/../arm-none-eabi/lib//libm.a(lib_a-ef_rem_pio2.o)
                0x100120a8                __ieee754_rem_pio2f
 .text          0x10012508      0x214 /home/leon/riotboard/arm-2012.09/bin/../arm-none-eabi/lib//libm.a(lib_a-kf_cos.o)
                0x10012508                __kernel_cosf
 .text          0x1001271c      0x960 /home/leon/riotboard/arm-2012.09/bin/../arm-none-eabi/lib//libm.a(lib_a-kf_rem_pio2.o)
                0x1001271c                __kernel_rem_pio2f
 .text          0x1001307c      0x14c /home/leon/riotboard/arm-2012.09/bin/../arm-none-eabi/lib//libm.a(lib_a-kf_sin.o)
                0x1001307c                __kernel_sinf
 .text          0x100131c8        0x8 /home/leon/riotboard/arm-2012.09/bin/../arm-none-eabi/lib//libm.a(lib_a-sf_fabs.o)
                0x100131c8                fabsf
 .text          0x100131d0       0xd0 /home/leon/riotboard/arm-2012.09/bin/../arm-none-eabi/lib//libm.a(lib_a-sf_floor.o)
                0x100131d0                floorf
 .text          0x100132a0      0x120 /home/leon/riotboard/arm-2012.09/bin/../arm-none-eabi/lib//libm.a(lib_a-sf_scalbn.o)
                0x100132a0                scalbnf
 .text          0x100133c0       0x10 /home/leon/riotboard/arm-2012.09/bin/../arm-none-eabi/lib//libm.a(lib_a-sf_copysign.o)
                0x100133c0                copysignf
 .text          0x100133d0       0x68 /home/leon/riotboard/arm-2012.09/bin/../arm-none-eabi/lib//libc.a(lib_a-assert.o)
                0x100133d0                __assert_func
                0x10013428                __assert
 .text          0x10013438       0x20 /home/leon/riotboard/arm-2012.09/bin/../arm-none-eabi/lib//libc.a(lib_a-bzero.o)
                0x10013438                bzero
 .text          0x10013458       0x70 /home/leon/riotboard/arm-2012.09/bin/../arm-none-eabi/lib//libc.a(lib_a-fiprintf.o)
                0x10013458                _fiprintf_r
                0x10013488                fiprintf
 .text          0x100134c8       0x94 /home/leon/riotboard/arm-2012.09/bin/../arm-none-eabi/lib//libc.a(lib_a-fputc.o)
                0x100134c8                _fputc_r
                0x1001350c                fputc
 .text          0x1001355c        0x0 /home/leon/riotboard/arm-2012.09/bin/../arm-none-eabi/lib//libc.a(lib_a-impure.o)
 .text          0x1001355c       0x88 /home/leon/riotboard/arm-2012.09/bin/../arm-none-eabi/lib//libc.a(lib_a-init.o)
                0x1001355c                __libc_init_array
 .text          0x100135e4       0x40 /home/leon/riotboard/arm-2012.09/bin/../arm-none-eabi/lib//libc.a(lib_a-malloc.o)
                0x100135e4                malloc
                0x10013604                free
 .text          0x10013624      0x71c /home/leon/riotboard/arm-2012.09/bin/../arm-none-eabi/lib//libc.a(lib_a-mallocr.o)
                0x10013624                _malloc_r
 .text          0x10013d40      0x20c /home/leon/riotboard/arm-2012.09/bin/../arm-none-eabi/lib//libc.a(lib_a-memcpy.o)
                0x10013d40                memcpy
 .text          0x10013f4c      0x134 /home/leon/riotboard/arm-2012.09/bin/../arm-none-eabi/lib//libc.a(lib_a-memset.o)
                0x10013f4c                memset
 .text          0x10014080        0x8 /home/leon/riotboard/arm-2012.09/bin/../arm-none-eabi/lib//libc.a(lib_a-mlock.o)
                0x10014080                __malloc_lock
                0x10014084                __malloc_unlock
 .text          0x10014088       0x74 /home/leon/riotboard/arm-2012.09/bin/../arm-none-eabi/lib//libc.a(lib_a-printf.o)
                0x10014088                _printf_r
                0x100140bc                printf
 .text          0x100140fc      0x170 /home/leon/riotboard/arm-2012.09/bin/../arm-none-eabi/lib//libc.a(lib_a-putc.o)
                0x100140fc                _putc_r
                0x100141ac                putc
 .text          0x1001426c       0x28 /home/leon/riotboard/arm-2012.09/bin/../arm-none-eabi/lib//libc.a(lib_a-realloc.o)
                0x1001426c                realloc
 .text          0x10014294      0x574 /home/leon/riotboard/arm-2012.09/bin/../arm-none-eabi/lib//libc.a(lib_a-reallocr.o)
                0x10014294                _realloc_r
 .text          0x10014808       0x6c /home/leon/riotboard/arm-2012.09/bin/../arm-none-eabi/lib//libc.a(lib_a-rget.o)
                0x10014808                __srget_r
                0x10014860                __srget
 .text          0x10014874       0x40 /home/leon/riotboard/arm-2012.09/bin/../arm-none-eabi/lib//libc.a(lib_a-sbrkr.o)
                0x10014874                _sbrk_r
 .text          0x100148b4     0x12c4 /home/leon/riotboard/arm-2012.09/bin/../arm-none-eabi/lib//libc.a(lib_a-vfiprintf.o)
                0x100148b4                __sprint_r
                0x10014970                _vfiprintf_r
                0x10015b4c                vfiprintf
 .text          0x10015b78     0x2180 /home/leon/riotboard/arm-2012.09/bin/../arm-none-eabi/lib//libc.a(lib_a-vfprintf.o)
                0x10015b78                _vfprintf_r
                0x10017ccc                vfprintf
 .text          0x10017cf8       0x4c /home/leon/riotboard/arm-2012.09/bin/../arm-none-eabi/lib//libc.a(lib_a-vprintf.o)
                0x10017cf8                vprintf
                0x10017d24                _vprintf_r
 .text          0x10017d44      0x14c /home/leon/riotboard/arm-2012.09/bin/../arm-none-eabi/lib//libc.a(lib_a-wbuf.o)
                0x10017d44                __swbuf_r
                0x10017e74                __swbuf
 .text          0x10017e90      0x138 /home/leon/riotboard/arm-2012.09/bin/../arm-none-eabi/lib//libc.a(lib_a-wsetup.o)
                0x10017e90                __swsetup_r
 .text          0x10017fc8       0x14 /home/leon/riotboard/arm-2012.09/bin/../arm-none-eabi/lib//libc.a(lib_a-abort.o)
                0x10017fc8                abort
 *fill*         0x10017fdc        0x4 
 .text          0x10017fe0     0x18a8 /home/leon/riotboard/arm-2012.09/bin/../arm-none-eabi/lib//libc.a(lib_a-dtoa.o)
                0x100181c0                _dtoa_r
 .text          0x10019888      0x26c /home/leon/riotboard/arm-2012.09/bin/../arm-none-eabi/lib//libc.a(lib_a-fflush.o)
                0x10019888                _fflush_r
                0x10019ab4                fflush
 .text          0x10019af4      0x2c4 /home/leon/riotboard/arm-2012.09/bin/../arm-none-eabi/lib//libc.a(lib_a-findfp.o)
                0x10019b04                _cleanup_r
                0x10019b98                __sfmoreglue
                0x10019be0                _cleanup
                0x10019bf0                __sinit
                0x10019c68                __sfp
                0x10019d60                __sfp_lock_acquire
                0x10019d64                __sfp_lock_release
                0x10019d68                __sinit_lock_acquire
                0x10019d6c                __sinit_lock_release
                0x10019d70                __fp_lock_all
                0x10019d94                __fp_unlock_all
 .text          0x10019db8      0x19c /home/leon/riotboard/arm-2012.09/bin/../arm-none-eabi/lib//libc.a(lib_a-fputwc.o)
                0x10019db8                _fputwc_r
                0x10019f08                fputwc
 .text          0x10019f54      0x368 /home/leon/riotboard/arm-2012.09/bin/../arm-none-eabi/lib//libc.a(lib_a-freer.o)
                0x10019f54                _malloc_trim_r
                0x1001a050                _free_r
 .text          0x1001a2bc      0x4c4 /home/leon/riotboard/arm-2012.09/bin/../arm-none-eabi/lib//libc.a(lib_a-fvwrite.o)
                0x1001a2bc                __sfvwrite_r
 .text          0x1001a780      0x114 /home/leon/riotboard/arm-2012.09/bin/../arm-none-eabi/lib//libc.a(lib_a-fwalk.o)
                0x1001a780                _fwalk
                0x1001a808                _fwalk_reent
 .text          0x1001a894       0xd0 /home/leon/riotboard/arm-2012.09/bin/../arm-none-eabi/lib//libc.a(lib_a-locale.o)
                0x1001a894                _setlocale_r
                0x1001a900                __locale_charset
                0x1001a90c                __locale_mb_cur_max
                0x1001a91c                __locale_msgcharset
                0x1001a928                __locale_cjk_lang
                0x1001a930                _localeconv_r
                0x1001a93c                setlocale
                0x1001a958                localeconv
 .text          0x1001a964      0x15c /home/leon/riotboard/arm-2012.09/bin/../arm-none-eabi/lib//libc.a(lib_a-makebuf.o)
                0x1001a964                __smakebuf_r
 .text          0x1001aac0      0x11c /home/leon/riotboard/arm-2012.09/bin/../arm-none-eabi/lib//libc.a(lib_a-memchr.o)
                0x1001aac0                memchr
 .text          0x1001abdc      0x134 /home/leon/riotboard/arm-2012.09/bin/../arm-none-eabi/lib//libc.a(lib_a-memmove.o)
                0x1001abdc                memmove
 .text          0x1001ad10      0xd20 /home/leon/riotboard/arm-2012.09/bin/../arm-none-eabi/lib//libc.a(lib_a-mprec.o)
                0x1001ad10                _Balloc
                0x1001ad9c                _Bfree
                0x1001adb8                __multadd
                0x1001ae94                __s2b
                0x1001af84                __hi0bits
                0x1001afd4                __lo0bits
                0x1001b068                __i2b
                0x1001b08c                __multiply
                0x1001b270                __pow5mult
                0x1001b364                __lshift
                0x1001b468                __mcmp
                0x1001b4cc                __mdiff
                0x1001b618                __ulp
                0x1001b67c                __b2d
                0x1001b748                __d2b
                0x1001b850                __ratio
                0x1001b8e0                _mprec_log10
                0x1001b934                __copybits
                0x1001b9a8                __any_on
 .text          0x1001ba30      0x19c /home/leon/riotboard/arm-2012.09/bin/../arm-none-eabi/lib//libc.a(lib_a-reent.o)
                0x1001ba30                cleanup_glue
                0x1001ba5c                _reclaim_reent
                0x1001bb58                _wrapup_reent
 .text          0x1001bbcc      0x1cc /home/leon/riotboard/arm-2012.09/bin/../arm-none-eabi/lib//libc.a(lib_a-refill.o)
                0x1001bbf4                __srefill_r
 .text          0x1001bd98       0x6c /home/leon/riotboard/arm-2012.09/bin/../arm-none-eabi/lib//libc.a(lib_a-s_fpclassify.o)
                0x1001bd98                __fpclassifyd
 .text          0x1001be04      0x24c /home/leon/riotboard/arm-2012.09/bin/../arm-none-eabi/lib//libc.a(lib_a-signal.o)
                0x1001be04                _init_signal_r
                0x1001be64                _signal_r
                0x1001bed0                _raise_r
                0x1001bf68                __sigtramp_r
                0x1001bffc                raise
                0x1001c010                signal
                0x1001c02c                _init_signal
                0x1001c03c                __sigtramp
 .text          0x1001c050       0x50 /home/leon/riotboard/arm-2012.09/bin/../arm-none-eabi/lib//libc.a(lib_a-signalr.o)
                0x1001c050                _kill_r
                0x1001c090                _getpid_r
 .text          0x1001c0a0       0xdc /home/leon/riotboard/arm-2012.09/bin/../arm-none-eabi/lib//libc.a(lib_a-stdio.o)
                0x1001c0a0                __sread
                0x1001c0d4                __seofread
                0x1001c0dc                __swrite
                0x1001c134                __sseek
                0x1001c168                __sclose
 .text          0x1001c17c      0x230 /home/leon/riotboard/arm-2012.09/bin/../arm-none-eabi/lib//libc.a(lib_a-strcmp.o)
                0x1001c17c                strcmp
 .text          0x1001c3ac       0x60 /home/leon/riotboard/arm-2012.09/bin/../arm-none-eabi/lib//libc.a(lib_a-strlen.o)
                0x1001c3ac                strlen
 .text          0x1001c40c      0x134 /home/leon/riotboard/arm-2012.09/bin/../arm-none-eabi/lib//libc.a(lib_a-wcrtomb.o)
                0x1001c40c                _wcrtomb_r
                0x1001c49c                wcrtomb
 .text          0x1001c540       0x7c /home/leon/riotboard/arm-2012.09/bin/../arm-none-eabi/lib//libc.a(lib_a-wctomb_r.o)
                0x1001c540                __ascii_wctomb
                0x1001c56c                _wctomb_r
 .text          0x1001c5bc       0x44 /home/leon/riotboard/arm-2012.09/bin/../arm-none-eabi/lib//libc.a(lib_a-writer.o)
                0x1001c5bc                _write_r
 .text          0x1001c600       0x94 /home/leon/riotboard/arm-2012.09/bin/../arm-none-eabi/lib//libc.a(lib_a-callocr.o)
                0x1001c600                _calloc_r
 .text          0x1001c694       0x3c /home/leon/riotboard/arm-2012.09/bin/../arm-none-eabi/lib//libc.a(lib_a-closer.o)
                0x1001c694                _close_r
 .text          0x1001c6d0      0x10c /home/leon/riotboard/arm-2012.09/bin/../arm-none-eabi/lib//libc.a(lib_a-fclose.o)
                0x1001c6d0                _fclose_r
                0x1001c7c8                fclose
 .text          0x1001c7dc       0x40 /home/leon/riotboard/arm-2012.09/bin/../arm-none-eabi/lib//libc.a(lib_a-fstatr.o)
                0x1001c7dc                _fstat_r
 .text          0x1001c81c       0x3c /home/leon/riotboard/arm-2012.09/bin/../arm-none-eabi/lib//libc.a(lib_a-isattyr.o)
                0x1001c81c                _isatty_r
 .text          0x1001c858       0x44 /home/leon/riotboard/arm-2012.09/bin/../arm-none-eabi/lib//libc.a(lib_a-lseekr.o)
                0x1001c858                _lseek_r
 .text          0x1001c89c       0x44 /home/leon/riotboard/arm-2012.09/bin/../arm-none-eabi/lib//libc.a(lib_a-readr.o)
                0x1001c89c                _read_r
 .text          0x1001c8e0      0x114 /home/leon/riotboard/arm-2012.09/bin/../lib/gcc/arm-none-eabi/4.7.2//libgcc.a(_udivsi3.o)
                0x1001c8e0                __udivsi3
                0x1001c8e0                __aeabi_uidiv
                0x1001c9d4                __aeabi_uidivmod
 .text          0x1001c9f4        0x4 /home/leon/riotboard/arm-2012.09/bin/../lib/gcc/arm-none-eabi/4.7.2//libgcc.a(_dvmd_tls.o)
                0x1001c9f4                __aeabi_ldiv0
                0x1001c9f4                __aeabi_idiv0
 .text          0x1001c9f8      0x41c /home/leon/riotboard/arm-2012.09/bin/../lib/gcc/arm-none-eabi/4.7.2//libgcc.a(_arm_addsubdf3.o)
                0x1001c9f8                __aeabi_drsub
                0x1001ca00                __aeabi_dsub
                0x1001ca00                __subdf3
                0x1001ca04                __adddf3
                0x1001ca04                __aeabi_dadd
                0x1001cd14                __aeabi_ui2d
                0x1001cd14                __floatunsidf
                0x1001cd38                __floatsidf
                0x1001cd38                __aeabi_i2d
                0x1001cd60                __extendsfdf2
                0x1001cd60                __aeabi_f2d
                0x1001cda0                __aeabi_ul2d
                0x1001cda0                __floatundidf
                0x1001cdb4                __floatdidf
                0x1001cdb4                __aeabi_l2d
 .text          0x1001ce14      0x49c /home/leon/riotboard/arm-2012.09/bin/../lib/gcc/arm-none-eabi/4.7.2//libgcc.a(_arm_muldivdf3.o)
                0x1001ce14                __aeabi_dmul
                0x1001ce14                __muldf3
                0x1001d0a4                __aeabi_ddiv
                0x1001d0a4                __divdf3
 .text          0x1001d2b0      0x144 /home/leon/riotboard/arm-2012.09/bin/../lib/gcc/arm-none-eabi/4.7.2//libgcc.a(_arm_cmpdf2.o)
                0x1001d2b0                __gtdf2
                0x1001d2b0                __gedf2
                0x1001d2b8                __ltdf2
                0x1001d2b8                __ledf2
                0x1001d2c0                __cmpdf2
                0x1001d2c0                __eqdf2
                0x1001d2c0                __nedf2
                0x1001d348                __aeabi_cdrcmple
                0x1001d364                __aeabi_cdcmple
                0x1001d364                __aeabi_cdcmpeq
                0x1001d37c                __aeabi_dcmpeq
                0x1001d394                __aeabi_dcmplt
                0x1001d3ac                __aeabi_dcmple
                0x1001d3c4                __aeabi_dcmpge
                0x1001d3dc                __aeabi_dcmpgt
 .text          0x1001d3f4       0x5c /home/leon/riotboard/arm-2012.09/bin/../lib/gcc/arm-none-eabi/4.7.2//libgcc.a(_arm_fixdfsi.o)
                0x1001d3f4                __fixdfsi
                0x1001d3f4                __aeabi_d2iz
 .text          0x1001d450      0x2ac /home/leon/riotboard/arm-2012.09/bin/../lib/gcc/arm-none-eabi/4.7.2//libgcc.a(_arm_addsubsf3.o)
                0x1001d450                __aeabi_frsub
                0x1001d458                __subsf3
                0x1001d458                __aeabi_fsub
                0x1001d45c                __aeabi_fadd
                0x1001d45c                __addsf3
                0x1001d618                __aeabi_ui2f
                0x1001d618                __floatunsisf
                0x1001d620                __aeabi_i2f
                0x1001d620                __floatsisf
                0x1001d640                __floatundisf
                0x1001d640                __aeabi_ul2f
                0x1001d650                __floatdisf
                0x1001d650                __aeabi_l2f
 .text          0x1001d6fc      0x2f8 /home/leon/riotboard/arm-2012.09/bin/../lib/gcc/arm-none-eabi/4.7.2//libgcc.a(_arm_muldivsf3.o)
                0x1001d6fc                __mulsf3
                0x1001d6fc                __aeabi_fmul
                0x1001d894                __divsf3
                0x1001d894                __aeabi_fdiv
 .text          0x1001d9f4      0x114 /home/leon/riotboard/arm-2012.09/bin/../lib/gcc/arm-none-eabi/4.7.2//libgcc.a(_arm_cmpsf2.o)
                0x1001d9f4                __gtsf2
                0x1001d9f4                __gesf2
                0x1001d9fc                __lesf2
                0x1001d9fc                __ltsf2
                0x1001da04                __nesf2
                0x1001da04                __eqsf2
                0x1001da04                __cmpsf2
                0x1001da68                __aeabi_cfrcmple
                0x1001da78                __aeabi_cfcmple
                0x1001da78                __aeabi_cfcmpeq
                0x1001da90                __aeabi_fcmpeq
                0x1001daa8                __aeabi_fcmplt
                0x1001dac0                __aeabi_fcmple
                0x1001dad8                __aeabi_fcmpge
                0x1001daf0                __aeabi_fcmpgt
 .text          0x1001db08       0x5c /home/leon/riotboard/arm-2012.09/bin/../lib/gcc/arm-none-eabi/4.7.2//libgcc.a(_arm_fixsfsi.o)
                0x1001db08                __fixsfsi
                0x1001db08                __aeabi_f2iz
 .text          0x1001db64       0x3c /home/leon/riotboard/arm-2012.09/bin/../lib/gcc/arm-none-eabi/4.7.2//libgcc.a(_aeabi_uldivmod.o)
                0x1001db64                __aeabi_uldivmod
 .text          0x1001dba0       0x84 /home/leon/riotboard/arm-2012.09/bin/../lib/gcc/arm-none-eabi/4.7.2//libgcc.a(bpabi.o)
                0x1001dba0                __gnu_ldivmod_helper
                0x1001dbe4                __gnu_uldivmod_helper
 .text          0x1001dc24      0x4f0 /home/leon/riotboard/arm-2012.09/bin/../lib/gcc/arm-none-eabi/4.7.2//libgcc.a(_divdi3.o)
                0x1001dc24                __divdi3
 .text          0x1001e114      0x488 /home/leon/riotboard/arm-2012.09/bin/../lib/gcc/arm-none-eabi/4.7.2//libgcc.a(_udivdi3.o)
                0x1001e114                __udivdi3
 .text          0x1001e59c       0x48 /home/leon/riotboard/arm-2012.09/bin/../lib/gcc/arm-none-eabi/4.7.2//libgcc.a(_clzsi2.o)
                0x1001e59c                __clzsi2
 .text          0x1001e5e4      0x264 /home/leon/git/swp-report/iMX6_Platform_SDK/output/mx6dq/lib/libsdk.a(max7310.o)
                0x1001e5e4                max7310_reg_read
                0x1001e648                max7310_reg_write
                0x1001e6b4                max7310_init
                0x1001e794                max7310_set_gpio_output
 .text          0x1001e848      0x610 /home/leon/git/swp-report/iMX6_Platform_SDK/output/mx6dq/lib/libsdk.a(runtime_support.o)
                0x1001e848                _execve
                0x1001e884                _fork
                0x1001e8ac                _isatty
                0x1001e8d0                _open
                0x1001e8fc                _close
                0x1001e920                _lseek
                0x1001e94c                _fstat
                0x1001e980                _read
                0x1001ea50                _write
                0x1001eb3c                _raw_puts
                0x1001ebbc                _sbrk
                0x1001ec6c                _exit
                0x1001ec8c                _kill
                0x1001ecc4                _getpid
                0x1001ecdc                _link
                0x1001ed14                _unlink
                0x1001ed48                _stat
                0x1001ed7c                _times
                0x1001eda0                _gettimeofday
                0x1001ee24                _wait
 .text          0x1001ee58     0x1308 /home/leon/git/swp-report/iMX6_Platform_SDK/output/mx6dq/lib/libsdk.a(gpio.o)
                0x1001ee88                gpio_get_port_count
                0x1001eea0                gpio_set_gpio
                0x1001ef64                gpio_set_direction
                0x1001f1c0                gpio_get_direction
                0x1001f308                gpio_set_level
                0x1001f648                gpio_get_level
                0x1001f7a8                gpio_set_interrupt_config
                0x1001fbac                gpio_set_interrupt_mask
                0x1001fdf0                gpio_get_interrupt_status
                0x1001ff4c                gpio_clear_interrupt
 .text          0x10020160        0x0 /home/leon/git/swp-report/iMX6_Platform_SDK/output/mx6dq/lib/libsdk.a(imx6dq_gpio_map.o)
 .text          0x10020160     0x14bc /home/leon/git/swp-report/iMX6_Platform_SDK/output/mx6dq/lib/libsdk.a(imx_i2c.o)
                0x10020190                i2c_get_request_instance
                0x10020ae0                i2c_xfer
                0x1002113c                i2c_read
                0x1002116c                i2c_write
                0x1002119c                i2c_setup_interrupt
                0x100213a8                i2c_init
 .text          0x1002161c       0x74 /home/leon/git/swp-report/iMX6_Platform_SDK/output/mx6dq/lib/libboard_sabre_ai_rev_a.a(i2c_iomux_config.o)
                0x1002161c                i2c_iomux_config
 *(.glue_7t)
 .glue_7t       0x00000000        0x0 linker stubs
 *(.glue_7)
 .glue_7        0x00000000        0x0 linker stubs
 *(.vfp11_veneer)
 .vfp11_veneer  0x00000000        0x0 linker stubs
 *(.ARM.extab* .gnu.linkonce.armextab.*)
 .ARM.extab.startup
                0x10021690        0x0 /home/leon/git/swp-report/iMX6_Platform_SDK/output/mx6dq/lib/libsdk.a(startup.o)
 .ARM.extab     0x10021690        0x0 /home/leon/riotboard/arm-2012.09/bin/../lib/gcc/arm-none-eabi/4.7.2//libgcc.a(_divdi3.o)
 .ARM.extab     0x10021690        0x0 /home/leon/riotboard/arm-2012.09/bin/../lib/gcc/arm-none-eabi/4.7.2//libgcc.a(_udivdi3.o)
 *(.gcc_except_table)

.v4_bx          0x10021690        0x0
 .v4_bx         0x00000000        0x0 linker stubs

.iplt           0x10021690        0x0
 .iplt          0x00000000        0x0 /home/leon/riotboard/arm-2012.09/bin/../lib/gcc/arm-none-eabi/4.7.2//crtbegin.o

.ctors
 *crtbegin.o(.ctors)
 *crtbegin?.o(.ctors)
 *(EXCLUDE_FILE(*crtend?.o *crtend.o) .ctors)
 *(SORT(.ctors.*))
 *(.ctors)

.dtors
 *crtbegin.o(.dtors)
 *crtbegin?.o(.dtors)
 *(EXCLUDE_FILE(*crtend?.o *crtend.o) .dtors)
 *(SORT(.dtors.*))
 *(.dtors)

.rodata         0x10021690     0x1590
 *(.rodata .rodata.* .gnu.linkonce.r.*)
 .rodata        0x10021690      0x180 /home/leon/git/swp-report/iMX6_Platform_SDK/output/mx6dq/usb_hid_mouse/sabre_ai_rev_a/obj/apps/usb_hid_mouse/src/usb_descriptor.o
                0x10021690                usb_desc_ep
                0x100216bc                g_device_descriptor
                0x100216d0                g_config_descriptor
                0x100216f4                g_report_descriptor
                0x10021728                USB_STR_0
                0x1002172c                USB_STR_1
                0x10021768                USB_STR_2
                0x1002178c                USB_STR_n
                0x100217b0                g_std_desc_size
                0x100217c4                g_std_descriptors
                0x100217e8                g_string_desc_size
                0x100217ec                g_string_descriptors
                0x100217fc                g_languages
                0x1002180c                g_valid_config_values
 .rodata        0x10021810       0x5c /home/leon/git/swp-report/iMX6_Platform_SDK/output/mx6dq/lib/libsdk.a(usb_framework.o)
                0x10021810                g_validate_request
                0x10021838                g_standard_request
 .rodata        0x1002186c       0xb0 /home/leon/git/swp-report/iMX6_Platform_SDK/output/mx6dq/lib/libsdk.a(usb_dci_imx6.o)
 .rodata        0x1002191c       0x34 /home/leon/git/swp-report/iMX6_Platform_SDK/output/mx6dq/lib/libsdk.a(ccm_pll.o)
                0x1002191c                PLL1_OUTPUT
                0x10021920                PLL2_OUTPUT
                0x10021934                PLL3_OUTPUT
                0x10021948                PLL4_OUTPUT
                0x1002194c                PLL5_OUTPUT
 .rodata        0x10021950       0x64 /home/leon/git/swp-report/iMX6_Platform_SDK/output/mx6dq/lib/libsdk.a(gic.o)
 .rodata        0x100219b4       0x20 /home/leon/git/swp-report/iMX6_Platform_SDK/output/mx6dq/lib/libsdk.a(interrupt.o)
 .rodata        0x100219d4       0xcc /home/leon/git/swp-report/iMX6_Platform_SDK/output/mx6dq/lib/libsdk.a(system_util.o)
 .rodata        0x10021aa0       0xf4 /home/leon/git/swp-report/iMX6_Platform_SDK/output/mx6dq/lib/libsdk.a(text_color.o)
                0x10021aa8                g_TextAttributeDefault
                0x10021ab4                g_TextAttributeBold
                0x10021ac0                g_TextAttributeDim
                0x10021acc                g_TextAttributeUnderline
                0x10021ad8                g_TextAttributeBlink
                0x10021ae4                g_TextAttributeReverse
                0x10021af0                g_TextAttributeHidden
                0x10021afc                g_TextColorBlack
                0x10021b08                g_TextColorRed
                0x10021b14                g_TextColorGreen
                0x10021b20                g_TextColorYellow
                0x10021b2c                g_TextColorBlue
                0x10021b38                g_TextColorMagenta
                0x10021b44                g_TextColorCyan
                0x10021b50                g_TextColorWhite
                0x10021b60                g_TextColorOrange
                0x10021b70                g_TextColorLightBlue
                0x10021b80                g_TextColorGray
                0x10021b90                g_TextColorPurple
 .rodata        0x10021b94      0x230 /home/leon/git/swp-report/iMX6_Platform_SDK/output/mx6dq/lib/libsdk.a(abort_handler.o)
 .rodata        0x10021dc4       0x80 /home/leon/git/swp-report/iMX6_Platform_SDK/output/mx6dq/lib/libboard_sabre_ai_rev_a.a(uart_iomux_config.o)
 .rodata        0x10021e44      0x398 /home/leon/riotboard/arm-2012.09/bin/../arm-none-eabi/lib//libm.a(lib_a-ef_rem_pio2.o)
 .rodata        0x100221dc       0x38 /home/leon/riotboard/arm-2012.09/bin/../arm-none-eabi/lib//libm.a(lib_a-kf_rem_pio2.o)
 .rodata.str1.4
                0x10022214       0x3f /home/leon/riotboard/arm-2012.09/bin/../arm-none-eabi/lib//libc.a(lib_a-assert.o)
                                 0x44 (size before relaxing)
 *fill*         0x10022253        0x1 
 .rodata        0x10022254        0x4 /home/leon/riotboard/arm-2012.09/bin/../arm-none-eabi/lib//libc.a(lib_a-impure.o)
                0x10022254                _global_impure_ptr
 .rodata.str1.4
                0x10022258        0x2 /home/leon/riotboard/arm-2012.09/bin/../arm-none-eabi/lib//libc.a(lib_a-impure.o)
                                  0x4 (size before relaxing)
 *fill*         0x1002225a        0x2 
 .rodata        0x1002225c       0x20 /home/leon/riotboard/arm-2012.09/bin/../arm-none-eabi/lib//libc.a(lib_a-vfiprintf.o)
 .rodata.str1.4
                0x1002227c       0x2f /home/leon/riotboard/arm-2012.09/bin/../arm-none-eabi/lib//libc.a(lib_a-vfiprintf.o)
                                 0x30 (size before relaxing)
 *fill*         0x100222ab        0x1 
 .rodata        0x100222ac       0x20 /home/leon/riotboard/arm-2012.09/bin/../arm-none-eabi/lib//libc.a(lib_a-vfprintf.o)
 .rodata.str1.4
                0x100222cc       0x12 /home/leon/riotboard/arm-2012.09/bin/../arm-none-eabi/lib//libc.a(lib_a-vfprintf.o)
                                 0x44 (size before relaxing)
 *fill*         0x100222de        0x2 
 .rodata.str1.4
                0x100222e0       0x10 /home/leon/riotboard/arm-2012.09/bin/../arm-none-eabi/lib//libc.a(lib_a-dtoa.o)
                                 0x14 (size before relaxing)
 .rodata.str1.4
                0x100222f0        0xc /home/leon/riotboard/arm-2012.09/bin/../arm-none-eabi/lib//libc.a(lib_a-locale.o)
                                 0x14 (size before relaxing)
 *fill*         0x100222fc        0x4 
 .rodata        0x10022300      0x128 /home/leon/riotboard/arm-2012.09/bin/../arm-none-eabi/lib//libc.a(lib_a-mprec.o)
                0x10022310                __mprec_tens
                0x100223d8                __mprec_tinytens
                0x10022400                __mprec_bigtens
 .rodata        0x10022428       0x20 /home/leon/git/swp-report/iMX6_Platform_SDK/output/mx6dq/lib/libsdk.a(runtime_support.o)
 .rodata        0x10022448       0xe0 /home/leon/git/swp-report/iMX6_Platform_SDK/output/mx6dq/lib/libsdk.a(gpio.o)
 .rodata        0x10022528      0x380 /home/leon/git/swp-report/iMX6_Platform_SDK/output/mx6dq/lib/libsdk.a(imx6dq_gpio_map.o)
                0x10022528                k_gpio_mux_registers
 .rodata        0x100228a8      0x2c4 /home/leon/git/swp-report/iMX6_Platform_SDK/output/mx6dq/lib/libsdk.a(imx_i2c.o)
 .rodata        0x10022b6c       0x7c /home/leon/git/swp-report/iMX6_Platform_SDK/output/mx6dq/lib/libboard_sabre_ai_rev_a.a(i2c_iomux_config.o)
                0x10022be8                . = ALIGN (0x4)
 *(.init)
 .init          0x10022be8        0xc /home/leon/riotboard/arm-2012.09/bin/../lib/gcc/arm-none-eabi/4.7.2//crti.o
                0x10022be8                _init
 .init          0x10022bf4        0xc /home/leon/riotboard/arm-2012.09/bin/../lib/gcc/arm-none-eabi/4.7.2//crtn.o
                0x10022c00                . = ALIGN (0x4)
                0x10022c00                __init_array_start = .
 *(SORT(.init_array.*))
 *(.init_array)
 .init_array    0x10022c00        0x4 /home/leon/riotboard/arm-2012.09/bin/../lib/gcc/arm-none-eabi/4.7.2//crtbegin.o
                0x10022c04                __init_array_end = .
                0x10022c04                . = ALIGN (0x4)
 *(.fini)
 .fini          0x10022c04        0xc /home/leon/riotboard/arm-2012.09/bin/../lib/gcc/arm-none-eabi/4.7.2//crti.o
                0x10022c04                _fini
 .fini          0x10022c10        0xc /home/leon/riotboard/arm-2012.09/bin/../lib/gcc/arm-none-eabi/4.7.2//crtn.o
                0x10022c1c                . = ALIGN (0x4)
                0x10022c1c                __fini_array_start = .
 *(.fini_array)
 .fini_array    0x10022c1c        0x4 /home/leon/riotboard/arm-2012.09/bin/../lib/gcc/arm-none-eabi/4.7.2//crtbegin.o
 *(SORT(.fini_array.*))
                0x10022c20                __fini_array_end = .
                0x10022c20                PROVIDE (__exidx_start, .)

.eh_frame       0x10022c20        0x4
 .eh_frame      0x10022c20        0x0 /home/leon/riotboard/arm-2012.09/bin/../lib/gcc/arm-none-eabi/4.7.2//crtbegin.o
 .eh_frame      0x10022c20        0x4 /home/leon/riotboard/arm-2012.09/bin/../lib/gcc/arm-none-eabi/4.7.2//crtend.o

.ARM.exidx      0x10022c24        0x8
 *(.ARM.exidx* .gnu.linkonce.armexidx.*)
 .ARM.exidx.startup
                0x10022c24        0x8 /home/leon/git/swp-report/iMX6_Platform_SDK/output/mx6dq/lib/libsdk.a(startup.o)
 .ARM.exidx     0x10022c2c        0x0 /home/leon/riotboard/arm-2012.09/bin/../lib/gcc/arm-none-eabi/4.7.2//libgcc.a(_divdi3.o)
                                  0x8 (size before relaxing)
 .ARM.exidx     0x10022c2c        0x0 /home/leon/riotboard/arm-2012.09/bin/../lib/gcc/arm-none-eabi/4.7.2//libgcc.a(_udivdi3.o)
                                  0x8 (size before relaxing)
                0x10022c2c                PROVIDE (__exidx_end, .)

.rel.dyn        0x10022c2c        0x0
 .rel.iplt      0x00000000        0x0 /home/leon/riotboard/arm-2012.09/bin/../lib/gcc/arm-none-eabi/4.7.2//crtbegin.o

.data           0x10022c30      0x8e4
 *(.data .data.* .gnu.linkonce.d.*)
 .data          0x10022c30        0x4 /home/leon/riotboard/arm-2012.09/bin/../lib/gcc/arm-none-eabi/4.7.2//crtbegin.o
                0x10022c30                __dso_handle
 .data          0x10022c34        0x0 /home/leon/riotboard/arm-2012.09/bin/../lib/gcc/arm-none-eabi/4.7.2//crti.o
 .data          0x10022c34        0x0 /home/leon/riotboard/arm-2012.09/bin/../lib/gcc/arm-none-eabi/4.7.2//crtend.o
 .data          0x10022c34        0x0 /home/leon/riotboard/arm-2012.09/bin/../lib/gcc/arm-none-eabi/4.7.2//crtn.o
 .data          0x10022c34        0x0 /home/leon/git/swp-report/iMX6_Platform_SDK/output/mx6dq/usb_hid_mouse/sabre_ai_rev_a/obj/apps/common/ivt.o
 .data          0x10022c34        0x0 /home/leon/git/swp-report/iMX6_Platform_SDK/output/mx6dq/usb_hid_mouse/sabre_ai_rev_a/obj/apps/common/platform_init.o
 .data          0x10022c34        0x4 /home/leon/git/swp-report/iMX6_Platform_SDK/output/mx6dq/usb_hid_mouse/sabre_ai_rev_a/obj/apps/usb_hid_mouse/src/mouse_button.o
 .data          0x10022c38        0x0 /home/leon/git/swp-report/iMX6_Platform_SDK/output/mx6dq/usb_hid_mouse/sabre_ai_rev_a/obj/apps/usb_hid_mouse/src/usb_descriptor.o
 .data          0x10022c38        0x0 /home/leon/git/swp-report/iMX6_Platform_SDK/output/mx6dq/lib/libsdk.a(usb_hid.o)
 .data          0x10022c38        0x0 /home/leon/git/swp-report/iMX6_Platform_SDK/output/mx6dq/lib/libsdk.a(usb_class.o)
 .data          0x10022c38        0x0 /home/leon/git/swp-report/iMX6_Platform_SDK/output/mx6dq/lib/libsdk.a(usb_framework.o)
 .data          0x10022c38        0x8 /home/leon/git/swp-report/iMX6_Platform_SDK/output/mx6dq/lib/libsdk.a(usb_dci_imx6.o)
                0x10022c38                usbotg
 .data          0x10022c40        0x0 /home/leon/git/swp-report/iMX6_Platform_SDK/output/mx6dq/lib/libsdk.a(usb_driver.o)
 .data          0x10022c40        0x0 /home/leon/git/swp-report/iMX6_Platform_SDK/output/mx6dq/lib/libsdk.a(ccm_pll.o)
 .data          0x10022c40        0x0 /home/leon/git/swp-report/iMX6_Platform_SDK/output/mx6dq/lib/libsdk.a(cortexA9.o)
 .data          0x10022c40        0x0 /home/leon/git/swp-report/iMX6_Platform_SDK/output/mx6dq/lib/libsdk.a(gic.o)
 .data          0x10022c40        0x0 /home/leon/git/swp-report/iMX6_Platform_SDK/output/mx6dq/lib/libsdk.a(interrupt.o)
 .data          0x10022c40        0x0 /home/leon/git/swp-report/iMX6_Platform_SDK/output/mx6dq/lib/libsdk.a(mmu.o)
 .data          0x10022c40        0x0 /home/leon/git/swp-report/iMX6_Platform_SDK/output/mx6dq/lib/libsdk.a(startup.o)
 .data          0x10022c40        0x0 /home/leon/git/swp-report/iMX6_Platform_SDK/output/mx6dq/lib/libsdk.a(vectors.o)
 .data          0x10022c40        0x0 /home/leon/git/swp-report/iMX6_Platform_SDK/output/mx6dq/lib/libsdk.a(system_util.o)
 .data          0x10022c40        0x4 /home/leon/git/swp-report/iMX6_Platform_SDK/output/mx6dq/lib/libsdk.a(text_color.o)
                0x10022c40                is_color_supported
 .data          0x10022c44        0x0 /home/leon/git/swp-report/iMX6_Platform_SDK/output/mx6dq/lib/libsdk.a(timer.o)
 .data          0x10022c44        0x0 /home/leon/git/swp-report/iMX6_Platform_SDK/output/mx6dq/lib/libsdk.a(imx_uart.o)
 .data          0x10022c44        0x4 /home/leon/git/swp-report/iMX6_Platform_SDK/output/mx6dq/lib/libsdk.a(arm_abort.o)
 .data          0x10022c48        0x0 /home/leon/git/swp-report/iMX6_Platform_SDK/output/mx6dq/lib/libsdk.a(epit.o)
 .data          0x10022c48        0x0 /home/leon/git/swp-report/iMX6_Platform_SDK/output/mx6dq/lib/libsdk.a(abort_handler.o)
 .data          0x10022c48        0x0 /home/leon/git/swp-report/iMX6_Platform_SDK/output/mx6dq/lib/libboard_sabre_ai_rev_a.a(board_io_expanders.o)
 .data          0x10022c48        0x8 /home/leon/git/swp-report/iMX6_Platform_SDK/output/mx6dq/lib/libboard_sabre_ai_rev_a.a(hardware_modules.o)
                0x10022c48                g_debug_uart_port
                0x10022c4c                g_system_timer_port
 .data          0x10022c50        0x0 /home/leon/git/swp-report/iMX6_Platform_SDK/output/mx6dq/lib/libboard_sabre_ai_rev_a.a(dcd.o)
 .data          0x10022c50        0x0 /home/leon/git/swp-report/iMX6_Platform_SDK/output/mx6dq/lib/libboard_sabre_ai_rev_a.a(i2c3_iomux_config.o)
 .data          0x10022c50        0x0 /home/leon/git/swp-report/iMX6_Platform_SDK/output/mx6dq/lib/libboard_sabre_ai_rev_a.a(uart_iomux_config.o)
 .data          0x10022c50        0x0 /home/leon/git/swp-report/iMX6_Platform_SDK/output/mx6dq/lib/libboard_sabre_ai_rev_a.a(iomux_config.o)
 .data          0x10022c50        0x0 /home/leon/git/swp-report/iMX6_Platform_SDK/output/mx6dq/lib/libboard_sabre_ai_rev_a.a(ipu1_iomux_config.o)
 .data          0x10022c50        0x0 /home/leon/git/swp-report/iMX6_Platform_SDK/output/mx6dq/lib/libboard_sabre_ai_rev_a.a(mlb_iomux_config.o)
 .data          0x10022c50        0x0 /home/leon/git/swp-report/iMX6_Platform_SDK/output/mx6dq/lib/libboard_sabre_ai_rev_a.a(mmdc_iomux_config.o)
 .data          0x10022c50        0x0 /home/leon/git/swp-report/iMX6_Platform_SDK/output/mx6dq/lib/libboard_sabre_ai_rev_a.a(pwm3_iomux_config.o)
 .data          0x10022c50        0x0 /home/leon/git/swp-report/iMX6_Platform_SDK/output/mx6dq/lib/libboard_sabre_ai_rev_a.a(pwm4_iomux_config.o)
 .data          0x10022c50        0x0 /home/leon/git/swp-report/iMX6_Platform_SDK/output/mx6dq/lib/libboard_sabre_ai_rev_a.a(sjc_iomux_config.o)
 .data          0x10022c50        0x0 /home/leon/git/swp-report/iMX6_Platform_SDK/output/mx6dq/lib/libboard_sabre_ai_rev_a.a(spdif_iomux_config.o)
 .data          0x10022c50        0x0 /home/leon/git/swp-report/iMX6_Platform_SDK/output/mx6dq/lib/libboard_sabre_ai_rev_a.a(uart2_iomux_config.o)
 .data          0x10022c50        0x0 /home/leon/git/swp-report/iMX6_Platform_SDK/output/mx6dq/lib/libboard_sabre_ai_rev_a.a(uart3_iomux_config.o)
 .data          0x10022c50        0x0 /home/leon/git/swp-report/iMX6_Platform_SDK/output/mx6dq/lib/libboard_sabre_ai_rev_a.a(uart4_iomux_config.o)
 .data          0x10022c50        0x0 /home/leon/git/swp-report/iMX6_Platform_SDK/output/mx6dq/lib/libboard_sabre_ai_rev_a.a(usdhc1_iomux_config.o)
 .data          0x10022c50        0x0 /home/leon/git/swp-report/iMX6_Platform_SDK/output/mx6dq/lib/libboard_sabre_ai_rev_a.a(usdhc3_iomux_config.o)
 .data          0x10022c50        0x0 /home/leon/git/swp-report/iMX6_Platform_SDK/output/mx6dq/lib/libboard_sabre_ai_rev_a.a(wdog1_iomux_config.o)
 .data          0x10022c50        0x0 /home/leon/git/swp-report/iMX6_Platform_SDK/output/mx6dq/lib/libboard_sabre_ai_rev_a.a(audmux_iomux_config.o)
 .data          0x10022c50        0x0 /home/leon/git/swp-report/iMX6_Platform_SDK/output/mx6dq/lib/libboard_sabre_ai_rev_a.a(ccm_iomux_config.o)
 .data          0x10022c50        0x0 /home/leon/git/swp-report/iMX6_Platform_SDK/output/mx6dq/lib/libboard_sabre_ai_rev_a.a(ecspi1_iomux_config.o)
 .data          0x10022c50        0x0 /home/leon/git/swp-report/iMX6_Platform_SDK/output/mx6dq/lib/libboard_sabre_ai_rev_a.a(eim_iomux_config.o)
 .data          0x10022c50        0x0 /home/leon/git/swp-report/iMX6_Platform_SDK/output/mx6dq/lib/libboard_sabre_ai_rev_a.a(enet_iomux_config.o)
 .data          0x10022c50        0x0 /home/leon/git/swp-report/iMX6_Platform_SDK/output/mx6dq/lib/libboard_sabre_ai_rev_a.a(esai_iomux_config.o)
 .data          0x10022c50        0x0 /home/leon/git/swp-report/iMX6_Platform_SDK/output/mx6dq/lib/libboard_sabre_ai_rev_a.a(flexcan1_iomux_config.o)
 .data          0x10022c50        0x0 /home/leon/git/swp-report/iMX6_Platform_SDK/output/mx6dq/lib/libboard_sabre_ai_rev_a.a(flexcan2_iomux_config.o)
 .data          0x10022c50        0x0 /home/leon/git/swp-report/iMX6_Platform_SDK/output/mx6dq/lib/libboard_sabre_ai_rev_a.a(gpio1_iomux_config.o)
 .data          0x10022c50        0x0 /home/leon/git/swp-report/iMX6_Platform_SDK/output/mx6dq/lib/libboard_sabre_ai_rev_a.a(gpio2_iomux_config.o)
 .data          0x10022c50        0x0 /home/leon/git/swp-report/iMX6_Platform_SDK/output/mx6dq/lib/libboard_sabre_ai_rev_a.a(gpio4_iomux_config.o)
 .data          0x10022c50        0x0 /home/leon/git/swp-report/iMX6_Platform_SDK/output/mx6dq/lib/libboard_sabre_ai_rev_a.a(gpio5_iomux_config.o)
 .data          0x10022c50        0x0 /home/leon/git/swp-report/iMX6_Platform_SDK/output/mx6dq/lib/libboard_sabre_ai_rev_a.a(gpio6_iomux_config.o)
 .data          0x10022c50        0x0 /home/leon/git/swp-report/iMX6_Platform_SDK/output/mx6dq/lib/libboard_sabre_ai_rev_a.a(gpmi_iomux_config.o)
 .data          0x10022c50        0x0 /home/leon/git/swp-report/iMX6_Platform_SDK/output/mx6dq/lib/libboard_sabre_ai_rev_a.a(i2c2_iomux_config.o)
 .data          0x10022c50        0x0 /home/leon/riotboard/arm-2012.09/bin/../arm-none-eabi/lib//libm.a(lib_a-sf_cos.o)
 .data          0x10022c50        0x0 /home/leon/riotboard/arm-2012.09/bin/../arm-none-eabi/lib//libm.a(lib_a-sf_sin.o)
 .data          0x10022c50        0x0 /home/leon/riotboard/arm-2012.09/bin/../arm-none-eabi/lib//libm.a(lib_a-ef_rem_pio2.o)
 .data          0x10022c50        0x0 /home/leon/riotboard/arm-2012.09/bin/../arm-none-eabi/lib//libm.a(lib_a-kf_cos.o)
 .data          0x10022c50        0x0 /home/leon/riotboard/arm-2012.09/bin/../arm-none-eabi/lib//libm.a(lib_a-kf_rem_pio2.o)
 .data          0x10022c50        0x0 /home/leon/riotboard/arm-2012.09/bin/../arm-none-eabi/lib//libm.a(lib_a-kf_sin.o)
 .data          0x10022c50        0x0 /home/leon/riotboard/arm-2012.09/bin/../arm-none-eabi/lib//libm.a(lib_a-sf_fabs.o)
 .data          0x10022c50        0x0 /home/leon/riotboard/arm-2012.09/bin/../arm-none-eabi/lib//libm.a(lib_a-sf_floor.o)
 .data          0x10022c50        0x0 /home/leon/riotboard/arm-2012.09/bin/../arm-none-eabi/lib//libm.a(lib_a-sf_scalbn.o)
 .data          0x10022c50        0x0 /home/leon/riotboard/arm-2012.09/bin/../arm-none-eabi/lib//libm.a(lib_a-sf_copysign.o)
 .data          0x10022c50        0x0 /home/leon/riotboard/arm-2012.09/bin/../arm-none-eabi/lib//libc.a(lib_a-assert.o)
 .data          0x10022c50        0x0 /home/leon/riotboard/arm-2012.09/bin/../arm-none-eabi/lib//libc.a(lib_a-bzero.o)
 .data          0x10022c50        0x0 /home/leon/riotboard/arm-2012.09/bin/../arm-none-eabi/lib//libc.a(lib_a-fiprintf.o)
 .data          0x10022c50        0x0 /home/leon/riotboard/arm-2012.09/bin/../arm-none-eabi/lib//libc.a(lib_a-fputc.o)
 .data          0x10022c50      0x430 /home/leon/riotboard/arm-2012.09/bin/../arm-none-eabi/lib//libc.a(lib_a-impure.o)
                0x10022c50                _impure_ptr
 .data          0x10023080        0x0 /home/leon/riotboard/arm-2012.09/bin/../arm-none-eabi/lib//libc.a(lib_a-init.o)
 .data          0x10023080        0x0 /home/leon/riotboard/arm-2012.09/bin/../arm-none-eabi/lib//libc.a(lib_a-malloc.o)
 .data          0x10023080      0x410 /home/leon/riotboard/arm-2012.09/bin/../arm-none-eabi/lib//libc.a(lib_a-mallocr.o)
                0x10023080                __malloc_av_
                0x10023488                __malloc_sbrk_base
                0x1002348c                __malloc_trim_threshold
 .data          0x10023490        0x0 /home/leon/riotboard/arm-2012.09/bin/../arm-none-eabi/lib//libc.a(lib_a-memcpy.o)
 .data          0x10023490        0x0 /home/leon/riotboard/arm-2012.09/bin/../arm-none-eabi/lib//libc.a(lib_a-memset.o)
 .data          0x10023490        0x0 /home/leon/riotboard/arm-2012.09/bin/../arm-none-eabi/lib//libc.a(lib_a-mlock.o)
 .data          0x10023490        0x0 /home/leon/riotboard/arm-2012.09/bin/../arm-none-eabi/lib//libc.a(lib_a-printf.o)
 .data          0x10023490        0x0 /home/leon/riotboard/arm-2012.09/bin/../arm-none-eabi/lib//libc.a(lib_a-putc.o)
 .data          0x10023490        0x0 /home/leon/riotboard/arm-2012.09/bin/../arm-none-eabi/lib//libc.a(lib_a-realloc.o)
 .data          0x10023490        0x0 /home/leon/riotboard/arm-2012.09/bin/../arm-none-eabi/lib//libc.a(lib_a-reallocr.o)
 .data          0x10023490        0x0 /home/leon/riotboard/arm-2012.09/bin/../arm-none-eabi/lib//libc.a(lib_a-rget.o)
 .data          0x10023490        0x0 /home/leon/riotboard/arm-2012.09/bin/../arm-none-eabi/lib//libc.a(lib_a-sbrkr.o)
 .data          0x10023490        0x0 /home/leon/riotboard/arm-2012.09/bin/../arm-none-eabi/lib//libc.a(lib_a-vfiprintf.o)
 .data          0x10023490        0x0 /home/leon/riotboard/arm-2012.09/bin/../arm-none-eabi/lib//libc.a(lib_a-vfprintf.o)
 .data          0x10023490        0x0 /home/leon/riotboard/arm-2012.09/bin/../arm-none-eabi/lib//libc.a(lib_a-vprintf.o)
 .data          0x10023490        0x0 /home/leon/riotboard/arm-2012.09/bin/../arm-none-eabi/lib//libc.a(lib_a-wbuf.o)
 .data          0x10023490        0x0 /home/leon/riotboard/arm-2012.09/bin/../arm-none-eabi/lib//libc.a(lib_a-wsetup.o)
 .data          0x10023490        0x0 /home/leon/riotboard/arm-2012.09/bin/../arm-none-eabi/lib//libc.a(lib_a-abort.o)
 .data          0x10023490        0x0 /home/leon/riotboard/arm-2012.09/bin/../arm-none-eabi/lib//libc.a(lib_a-dtoa.o)
 .data          0x10023490        0x0 /home/leon/riotboard/arm-2012.09/bin/../arm-none-eabi/lib//libc.a(lib_a-fflush.o)
 .data          0x10023490        0x0 /home/leon/riotboard/arm-2012.09/bin/../arm-none-eabi/lib//libc.a(lib_a-findfp.o)
 .data          0x10023490        0x0 /home/leon/riotboard/arm-2012.09/bin/../arm-none-eabi/lib//libc.a(lib_a-fputwc.o)
 .data          0x10023490        0x0 /home/leon/riotboard/arm-2012.09/bin/../arm-none-eabi/lib//libc.a(lib_a-freer.o)
 .data          0x10023490        0x0 /home/leon/riotboard/arm-2012.09/bin/../arm-none-eabi/lib//libc.a(lib_a-fvwrite.o)
 .data          0x10023490        0x0 /home/leon/riotboard/arm-2012.09/bin/../arm-none-eabi/lib//libc.a(lib_a-fwalk.o)
 .data          0x10023490       0x7c /home/leon/riotboard/arm-2012.09/bin/../arm-none-eabi/lib//libc.a(lib_a-locale.o)
                0x100234b0                __mb_cur_max
 .data          0x1002350c        0x0 /home/leon/riotboard/arm-2012.09/bin/../arm-none-eabi/lib//libc.a(lib_a-makebuf.o)
 .data          0x1002350c        0x0 /home/leon/riotboard/arm-2012.09/bin/../arm-none-eabi/lib//libc.a(lib_a-memchr.o)
 .data          0x1002350c        0x0 /home/leon/riotboard/arm-2012.09/bin/../arm-none-eabi/lib//libc.a(lib_a-memmove.o)
 .data          0x1002350c        0x0 /home/leon/riotboard/arm-2012.09/bin/../arm-none-eabi/lib//libc.a(lib_a-mprec.o)
 .data          0x1002350c        0x0 /home/leon/riotboard/arm-2012.09/bin/../arm-none-eabi/lib//libc.a(lib_a-reent.o)
 .data          0x1002350c        0x0 /home/leon/riotboard/arm-2012.09/bin/../arm-none-eabi/lib//libc.a(lib_a-refill.o)
 .data          0x1002350c        0x0 /home/leon/riotboard/arm-2012.09/bin/../arm-none-eabi/lib//libc.a(lib_a-s_fpclassify.o)
 .data          0x1002350c        0x0 /home/leon/riotboard/arm-2012.09/bin/../arm-none-eabi/lib//libc.a(lib_a-signal.o)
 .data          0x1002350c        0x0 /home/leon/riotboard/arm-2012.09/bin/../arm-none-eabi/lib//libc.a(lib_a-signalr.o)
 .data          0x1002350c        0x0 /home/leon/riotboard/arm-2012.09/bin/../arm-none-eabi/lib//libc.a(lib_a-stdio.o)
 .data          0x1002350c        0x0 /home/leon/riotboard/arm-2012.09/bin/../arm-none-eabi/lib//libc.a(lib_a-strcmp.o)
 .data          0x1002350c        0x0 /home/leon/riotboard/arm-2012.09/bin/../arm-none-eabi/lib//libc.a(lib_a-strlen.o)
 .data          0x1002350c        0x0 /home/leon/riotboard/arm-2012.09/bin/../arm-none-eabi/lib//libc.a(lib_a-wcrtomb.o)
 .data          0x1002350c        0x4 /home/leon/riotboard/arm-2012.09/bin/../arm-none-eabi/lib//libc.a(lib_a-wctomb_r.o)
                0x1002350c                __wctomb
 .data          0x10023510        0x0 /home/leon/riotboard/arm-2012.09/bin/../arm-none-eabi/lib//libc.a(lib_a-writer.o)
 .data          0x10023510        0x0 /home/leon/riotboard/arm-2012.09/bin/../arm-none-eabi/lib//libc.a(lib_a-callocr.o)
 .data          0x10023510        0x0 /home/leon/riotboard/arm-2012.09/bin/../arm-none-eabi/lib//libc.a(lib_a-closer.o)
 .data          0x10023510        0x0 /home/leon/riotboard/arm-2012.09/bin/../arm-none-eabi/lib//libc.a(lib_a-fclose.o)
 .data          0x10023510        0x0 /home/leon/riotboard/arm-2012.09/bin/../arm-none-eabi/lib//libc.a(lib_a-fstatr.o)
 .data          0x10023510        0x0 /home/leon/riotboard/arm-2012.09/bin/../arm-none-eabi/lib//libc.a(lib_a-isattyr.o)
 .data          0x10023510        0x0 /home/leon/riotboard/arm-2012.09/bin/../arm-none-eabi/lib//libc.a(lib_a-lseekr.o)
 .data          0x10023510        0x0 /home/leon/riotboard/arm-2012.09/bin/../arm-none-eabi/lib//libc.a(lib_a-readr.o)
 .data          0x10023510        0x0 /home/leon/riotboard/arm-2012.09/bin/../lib/gcc/arm-none-eabi/4.7.2//libgcc.a(_udivsi3.o)
 .data          0x10023510        0x0 /home/leon/riotboard/arm-2012.09/bin/../lib/gcc/arm-none-eabi/4.7.2//libgcc.a(_dvmd_tls.o)
 .data          0x10023510        0x0 /home/leon/riotboard/arm-2012.09/bin/../lib/gcc/arm-none-eabi/4.7.2//libgcc.a(_arm_addsubdf3.o)
 .data          0x10023510        0x0 /home/leon/riotboard/arm-2012.09/bin/../lib/gcc/arm-none-eabi/4.7.2//libgcc.a(_arm_muldivdf3.o)
 .data          0x10023510        0x0 /home/leon/riotboard/arm-2012.09/bin/../lib/gcc/arm-none-eabi/4.7.2//libgcc.a(_arm_cmpdf2.o)
 .data          0x10023510        0x0 /home/leon/riotboard/arm-2012.09/bin/../lib/gcc/arm-none-eabi/4.7.2//libgcc.a(_arm_fixdfsi.o)
 .data          0x10023510        0x0 /home/leon/riotboard/arm-2012.09/bin/../lib/gcc/arm-none-eabi/4.7.2//libgcc.a(_arm_addsubsf3.o)
 .data          0x10023510        0x0 /home/leon/riotboard/arm-2012.09/bin/../lib/gcc/arm-none-eabi/4.7.2//libgcc.a(_arm_muldivsf3.o)
 .data          0x10023510        0x0 /home/leon/riotboard/arm-2012.09/bin/../lib/gcc/arm-none-eabi/4.7.2//libgcc.a(_arm_cmpsf2.o)
 .data          0x10023510        0x0 /home/leon/riotboard/arm-2012.09/bin/../lib/gcc/arm-none-eabi/4.7.2//libgcc.a(_arm_fixsfsi.o)
 .data          0x10023510        0x0 /home/leon/riotboard/arm-2012.09/bin/../lib/gcc/arm-none-eabi/4.7.2//libgcc.a(_aeabi_uldivmod.o)
 .data          0x10023510        0x0 /home/leon/riotboard/arm-2012.09/bin/../lib/gcc/arm-none-eabi/4.7.2//libgcc.a(bpabi.o)
 .data          0x10023510        0x0 /home/leon/riotboard/arm-2012.09/bin/../lib/gcc/arm-none-eabi/4.7.2//libgcc.a(_divdi3.o)
 .data          0x10023510        0x0 /home/leon/riotboard/arm-2012.09/bin/../lib/gcc/arm-none-eabi/4.7.2//libgcc.a(_udivdi3.o)
 .data          0x10023510        0x0 /home/leon/riotboard/arm-2012.09/bin/../lib/gcc/arm-none-eabi/4.7.2//libgcc.a(_clzsi2.o)
 .data          0x10023510        0x0 /home/leon/git/swp-report/iMX6_Platform_SDK/output/mx6dq/lib/libsdk.a(max7310.o)
 .data          0x10023510        0x4 /home/leon/git/swp-report/iMX6_Platform_SDK/output/mx6dq/lib/libsdk.a(runtime_support.o)
                0x10023510                environ
 .data          0x10023514        0x0 /home/leon/git/swp-report/iMX6_Platform_SDK/output/mx6dq/lib/libsdk.a(gpio.o)
 .data          0x10023514        0x0 /home/leon/git/swp-report/iMX6_Platform_SDK/output/mx6dq/lib/libsdk.a(imx6dq_gpio_map.o)
 .data          0x10023514        0x0 /home/leon/git/swp-report/iMX6_Platform_SDK/output/mx6dq/lib/libsdk.a(imx_i2c.o)
 .data          0x10023514        0x0 /home/leon/git/swp-report/iMX6_Platform_SDK/output/mx6dq/lib/libboard_sabre_ai_rev_a.a(i2c_iomux_config.o)

.jcr            0x10023514        0x4
 .jcr           0x10023514        0x0 /home/leon/riotboard/arm-2012.09/bin/../lib/gcc/arm-none-eabi/4.7.2//crtbegin.o
 .jcr           0x10023514        0x4 /home/leon/riotboard/arm-2012.09/bin/../lib/gcc/arm-none-eabi/4.7.2//crtend.o

.tm_clone_table
                0x10023518        0x0
 .tm_clone_table
                0x10023518        0x0 /home/leon/riotboard/arm-2012.09/bin/../lib/gcc/arm-none-eabi/4.7.2//crtbegin.o
 .tm_clone_table
                0x10023518        0x0 /home/leon/riotboard/arm-2012.09/bin/../lib/gcc/arm-none-eabi/4.7.2//crtend.o

.igot.plt       0x10023518        0x0
 .igot.plt      0x00000000        0x0 /home/leon/riotboard/arm-2012.09/bin/../lib/gcc/arm-none-eabi/4.7.2//crtbegin.o

.hab.data       0x10400000     0x2000
                0x10400000                __hab_data = .
                0x10402000                . = (. + 0x2000)
 *fill*         0x10400000     0x2000 
                0x10402000                . = ALIGN (0x20)
                0x10402000                __hab_data_end = .
                0x00402000                _image_size = (. - _start_image_add)

.bss            0x10402000      0x9f0
                0x10402000                __bss_start__ = .
 *(.shbss)
 *(.bss .bss.* .gnu.linkonce.b.*)
 .bss           0x10402000       0x1c /home/leon/riotboard/arm-2012.09/bin/../lib/gcc/arm-none-eabi/4.7.2//crtbegin.o
 .bss           0x1040201c        0x0 /home/leon/riotboard/arm-2012.09/bin/../lib/gcc/arm-none-eabi/4.7.2//crti.o
 .bss           0x1040201c        0x0 /home/leon/riotboard/arm-2012.09/bin/../lib/gcc/arm-none-eabi/4.7.2//crtend.o
 .bss           0x1040201c        0x0 /home/leon/riotboard/arm-2012.09/bin/../lib/gcc/arm-none-eabi/4.7.2//crtn.o
 .bss           0x1040201c        0x0 /home/leon/git/swp-report/iMX6_Platform_SDK/output/mx6dq/usb_hid_mouse/sabre_ai_rev_a/obj/apps/common/ivt.o
 .bss           0x1040201c        0x0 /home/leon/git/swp-report/iMX6_Platform_SDK/output/mx6dq/usb_hid_mouse/sabre_ai_rev_a/obj/apps/common/platform_init.o
 .bss           0x1040201c       0x28 /home/leon/git/swp-report/iMX6_Platform_SDK/output/mx6dq/usb_hid_mouse/sabre_ai_rev_a/obj/apps/usb_hid_mouse/src/mouse_button.o
                0x1040201c                kbi_stat
 .bss           0x10402044        0x8 /home/leon/git/swp-report/iMX6_Platform_SDK/output/mx6dq/usb_hid_mouse/sabre_ai_rev_a/obj/apps/usb_hid_mouse/src/usb_descriptor.o
                0x10402048                device_desc_req_count
 .bss           0x1040204c      0x13c /home/leon/git/swp-report/iMX6_Platform_SDK/output/mx6dq/lib/libsdk.a(usb_hid.o)
                0x10402184                g_class_request_params
 .bss           0x10402188        0x8 /home/leon/git/swp-report/iMX6_Platform_SDK/output/mx6dq/lib/libsdk.a(usb_class.o)
 .bss           0x10402190       0x34 /home/leon/git/swp-report/iMX6_Platform_SDK/output/mx6dq/lib/libsdk.a(usb_framework.o)
 .bss           0x104021c4      0x468 /home/leon/git/swp-report/iMX6_Platform_SDK/output/mx6dq/lib/libsdk.a(usb_dci_imx6.o)
                0x104021c4                g_usbd_qh_bufs
                0x104021cc                g_usbd_td_bufs
                0x1040261c                sof_counter
 .bss           0x1040262c       0x70 /home/leon/git/swp-report/iMX6_Platform_SDK/output/mx6dq/lib/libsdk.a(usb_driver.o)
 .bss           0x1040269c        0x0 /home/leon/git/swp-report/iMX6_Platform_SDK/output/mx6dq/lib/libsdk.a(ccm_pll.o)
 .bss           0x1040269c        0x0 /home/leon/git/swp-report/iMX6_Platform_SDK/output/mx6dq/lib/libsdk.a(cortexA9.o)
 .bss           0x1040269c        0x0 /home/leon/git/swp-report/iMX6_Platform_SDK/output/mx6dq/lib/libsdk.a(gic.o)
 .bss           0x1040269c      0x290 /home/leon/git/swp-report/iMX6_Platform_SDK/output/mx6dq/lib/libsdk.a(interrupt.o)
                0x1040269c                g_interrupt_handlers
                0x1040291c                g_vectNum
 .bss           0x1040292c        0x0 /home/leon/git/swp-report/iMX6_Platform_SDK/output/mx6dq/lib/libsdk.a(mmu.o)
 .bss           0x1040292c        0x0 /home/leon/git/swp-report/iMX6_Platform_SDK/output/mx6dq/lib/libsdk.a(startup.o)
 .bss           0x1040292c        0x0 /home/leon/git/swp-report/iMX6_Platform_SDK/output/mx6dq/lib/libsdk.a(vectors.o)
 .bss           0x1040292c        0x0 /home/leon/git/swp-report/iMX6_Platform_SDK/output/mx6dq/lib/libsdk.a(system_util.o)
 .bss           0x1040292c        0x0 /home/leon/git/swp-report/iMX6_Platform_SDK/output/mx6dq/lib/libsdk.a(text_color.o)
 .bss           0x1040292c        0x4 /home/leon/git/swp-report/iMX6_Platform_SDK/output/mx6dq/lib/libsdk.a(timer.o)
                0x1040292c                g_microsecondTimerMultiple
 .bss           0x10402930        0x0 /home/leon/git/swp-report/iMX6_Platform_SDK/output/mx6dq/lib/libsdk.a(imx_uart.o)
 .bss           0x10402930        0x0 /home/leon/git/swp-report/iMX6_Platform_SDK/output/mx6dq/lib/libsdk.a(arm_abort.o)
 .bss           0x10402930        0x0 /home/leon/git/swp-report/iMX6_Platform_SDK/output/mx6dq/lib/libsdk.a(epit.o)
 .bss           0x10402930        0x0 /home/leon/git/swp-report/iMX6_Platform_SDK/output/mx6dq/lib/libsdk.a(abort_handler.o)
 .bss           0x10402930       0x6c /home/leon/git/swp-report/iMX6_Platform_SDK/output/mx6dq/lib/libboard_sabre_ai_rev_a.a(board_io_expanders.o)
                0x10402930                max7310_i2c_req_array
 .bss           0x1040299c        0x0 /home/leon/git/swp-report/iMX6_Platform_SDK/output/mx6dq/lib/libboard_sabre_ai_rev_a.a(hardware_modules.o)
 .bss           0x1040299c        0x0 /home/leon/git/swp-report/iMX6_Platform_SDK/output/mx6dq/lib/libboard_sabre_ai_rev_a.a(dcd.o)
 .bss           0x1040299c        0x0 /home/leon/git/swp-report/iMX6_Platform_SDK/output/mx6dq/lib/libboard_sabre_ai_rev_a.a(i2c3_iomux_config.o)
 .bss           0x1040299c        0x0 /home/leon/git/swp-report/iMX6_Platform_SDK/output/mx6dq/lib/libboard_sabre_ai_rev_a.a(uart_iomux_config.o)
 .bss           0x1040299c        0x0 /home/leon/git/swp-report/iMX6_Platform_SDK/output/mx6dq/lib/libboard_sabre_ai_rev_a.a(iomux_config.o)
 .bss           0x1040299c        0x0 /home/leon/git/swp-report/iMX6_Platform_SDK/output/mx6dq/lib/libboard_sabre_ai_rev_a.a(ipu1_iomux_config.o)
 .bss           0x1040299c        0x0 /home/leon/git/swp-report/iMX6_Platform_SDK/output/mx6dq/lib/libboard_sabre_ai_rev_a.a(mlb_iomux_config.o)
 .bss           0x1040299c        0x0 /home/leon/git/swp-report/iMX6_Platform_SDK/output/mx6dq/lib/libboard_sabre_ai_rev_a.a(mmdc_iomux_config.o)
 .bss           0x1040299c        0x0 /home/leon/git/swp-report/iMX6_Platform_SDK/output/mx6dq/lib/libboard_sabre_ai_rev_a.a(pwm3_iomux_config.o)
 .bss           0x1040299c        0x0 /home/leon/git/swp-report/iMX6_Platform_SDK/output/mx6dq/lib/libboard_sabre_ai_rev_a.a(pwm4_iomux_config.o)
 .bss           0x1040299c        0x0 /home/leon/git/swp-report/iMX6_Platform_SDK/output/mx6dq/lib/libboard_sabre_ai_rev_a.a(sjc_iomux_config.o)
 .bss           0x1040299c        0x0 /home/leon/git/swp-report/iMX6_Platform_SDK/output/mx6dq/lib/libboard_sabre_ai_rev_a.a(spdif_iomux_config.o)
 .bss           0x1040299c        0x0 /home/leon/git/swp-report/iMX6_Platform_SDK/output/mx6dq/lib/libboard_sabre_ai_rev_a.a(uart2_iomux_config.o)
 .bss           0x1040299c        0x0 /home/leon/git/swp-report/iMX6_Platform_SDK/output/mx6dq/lib/libboard_sabre_ai_rev_a.a(uart3_iomux_config.o)
 .bss           0x1040299c        0x0 /home/leon/git/swp-report/iMX6_Platform_SDK/output/mx6dq/lib/libboard_sabre_ai_rev_a.a(uart4_iomux_config.o)
 .bss           0x1040299c        0x0 /home/leon/git/swp-report/iMX6_Platform_SDK/output/mx6dq/lib/libboard_sabre_ai_rev_a.a(usdhc1_iomux_config.o)
 .bss           0x1040299c        0x0 /home/leon/git/swp-report/iMX6_Platform_SDK/output/mx6dq/lib/libboard_sabre_ai_rev_a.a(usdhc3_iomux_config.o)
 .bss           0x1040299c        0x0 /home/leon/git/swp-report/iMX6_Platform_SDK/output/mx6dq/lib/libboard_sabre_ai_rev_a.a(wdog1_iomux_config.o)
 .bss           0x1040299c        0x0 /home/leon/git/swp-report/iMX6_Platform_SDK/output/mx6dq/lib/libboard_sabre_ai_rev_a.a(audmux_iomux_config.o)
 .bss           0x1040299c        0x0 /home/leon/git/swp-report/iMX6_Platform_SDK/output/mx6dq/lib/libboard_sabre_ai_rev_a.a(ccm_iomux_config.o)
 .bss           0x1040299c        0x0 /home/leon/git/swp-report/iMX6_Platform_SDK/output/mx6dq/lib/libboard_sabre_ai_rev_a.a(ecspi1_iomux_config.o)
 .bss           0x1040299c        0x0 /home/leon/git/swp-report/iMX6_Platform_SDK/output/mx6dq/lib/libboard_sabre_ai_rev_a.a(eim_iomux_config.o)
 .bss           0x1040299c        0x0 /home/leon/git/swp-report/iMX6_Platform_SDK/output/mx6dq/lib/libboard_sabre_ai_rev_a.a(enet_iomux_config.o)
 .bss           0x1040299c        0x0 /home/leon/git/swp-report/iMX6_Platform_SDK/output/mx6dq/lib/libboard_sabre_ai_rev_a.a(esai_iomux_config.o)
 .bss           0x1040299c        0x0 /home/leon/git/swp-report/iMX6_Platform_SDK/output/mx6dq/lib/libboard_sabre_ai_rev_a.a(flexcan1_iomux_config.o)
 .bss           0x1040299c        0x0 /home/leon/git/swp-report/iMX6_Platform_SDK/output/mx6dq/lib/libboard_sabre_ai_rev_a.a(flexcan2_iomux_config.o)
 .bss           0x1040299c        0x0 /home/leon/git/swp-report/iMX6_Platform_SDK/output/mx6dq/lib/libboard_sabre_ai_rev_a.a(gpio1_iomux_config.o)
 .bss           0x1040299c        0x0 /home/leon/git/swp-report/iMX6_Platform_SDK/output/mx6dq/lib/libboard_sabre_ai_rev_a.a(gpio2_iomux_config.o)
 .bss           0x1040299c        0x0 /home/leon/git/swp-report/iMX6_Platform_SDK/output/mx6dq/lib/libboard_sabre_ai_rev_a.a(gpio4_iomux_config.o)
 .bss           0x1040299c        0x0 /home/leon/git/swp-report/iMX6_Platform_SDK/output/mx6dq/lib/libboard_sabre_ai_rev_a.a(gpio5_iomux_config.o)
 .bss           0x1040299c        0x0 /home/leon/git/swp-report/iMX6_Platform_SDK/output/mx6dq/lib/libboard_sabre_ai_rev_a.a(gpio6_iomux_config.o)
 .bss           0x1040299c        0x0 /home/leon/git/swp-report/iMX6_Platform_SDK/output/mx6dq/lib/libboard_sabre_ai_rev_a.a(gpmi_iomux_config.o)
 .bss           0x1040299c        0x0 /home/leon/git/swp-report/iMX6_Platform_SDK/output/mx6dq/lib/libboard_sabre_ai_rev_a.a(i2c2_iomux_config.o)
 .bss           0x1040299c        0x0 /home/leon/riotboard/arm-2012.09/bin/../arm-none-eabi/lib//libm.a(lib_a-sf_cos.o)
 .bss           0x1040299c        0x0 /home/leon/riotboard/arm-2012.09/bin/../arm-none-eabi/lib//libm.a(lib_a-sf_sin.o)
 .bss           0x1040299c        0x0 /home/leon/riotboard/arm-2012.09/bin/../arm-none-eabi/lib//libm.a(lib_a-ef_rem_pio2.o)
 .bss           0x1040299c        0x0 /home/leon/riotboard/arm-2012.09/bin/../arm-none-eabi/lib//libm.a(lib_a-kf_cos.o)
 .bss           0x1040299c        0x0 /home/leon/riotboard/arm-2012.09/bin/../arm-none-eabi/lib//libm.a(lib_a-kf_rem_pio2.o)
 .bss           0x1040299c        0x0 /home/leon/riotboard/arm-2012.09/bin/../arm-none-eabi/lib//libm.a(lib_a-kf_sin.o)
 .bss           0x1040299c        0x0 /home/leon/riotboard/arm-2012.09/bin/../arm-none-eabi/lib//libm.a(lib_a-sf_fabs.o)
 .bss           0x1040299c        0x0 /home/leon/riotboard/arm-2012.09/bin/../arm-none-eabi/lib//libm.a(lib_a-sf_floor.o)
 .bss           0x1040299c        0x0 /home/leon/riotboard/arm-2012.09/bin/../arm-none-eabi/lib//libm.a(lib_a-sf_scalbn.o)
 .bss           0x1040299c        0x0 /home/leon/riotboard/arm-2012.09/bin/../arm-none-eabi/lib//libm.a(lib_a-sf_copysign.o)
 .bss           0x1040299c        0x0 /home/leon/riotboard/arm-2012.09/bin/../arm-none-eabi/lib//libc.a(lib_a-assert.o)
 .bss           0x1040299c        0x0 /home/leon/riotboard/arm-2012.09/bin/../arm-none-eabi/lib//libc.a(lib_a-bzero.o)
 .bss           0x1040299c        0x0 /home/leon/riotboard/arm-2012.09/bin/../arm-none-eabi/lib//libc.a(lib_a-fiprintf.o)
 .bss           0x1040299c        0x0 /home/leon/riotboard/arm-2012.09/bin/../arm-none-eabi/lib//libc.a(lib_a-fputc.o)
 .bss           0x1040299c        0x0 /home/leon/riotboard/arm-2012.09/bin/../arm-none-eabi/lib//libc.a(lib_a-impure.o)
 .bss           0x1040299c        0x0 /home/leon/riotboard/arm-2012.09/bin/../arm-none-eabi/lib//libc.a(lib_a-init.o)
 .bss           0x1040299c        0x0 /home/leon/riotboard/arm-2012.09/bin/../arm-none-eabi/lib//libc.a(lib_a-malloc.o)
 .bss           0x1040299c       0x34 /home/leon/riotboard/arm-2012.09/bin/../arm-none-eabi/lib//libc.a(lib_a-mallocr.o)
                0x1040299c                __malloc_top_pad
                0x104029a0                __malloc_current_mallinfo
                0x104029c8                __malloc_max_sbrked_mem
                0x104029cc                __malloc_max_total_mem
 .bss           0x104029d0        0x0 /home/leon/riotboard/arm-2012.09/bin/../arm-none-eabi/lib//libc.a(lib_a-memcpy.o)
 .bss           0x104029d0        0x0 /home/leon/riotboard/arm-2012.09/bin/../arm-none-eabi/lib//libc.a(lib_a-memset.o)
 .bss           0x104029d0        0x0 /home/leon/riotboard/arm-2012.09/bin/../arm-none-eabi/lib//libc.a(lib_a-mlock.o)
 .bss           0x104029d0        0x0 /home/leon/riotboard/arm-2012.09/bin/../arm-none-eabi/lib//libc.a(lib_a-printf.o)
 .bss           0x104029d0        0x0 /home/leon/riotboard/arm-2012.09/bin/../arm-none-eabi/lib//libc.a(lib_a-putc.o)
 .bss           0x104029d0        0x0 /home/leon/riotboard/arm-2012.09/bin/../arm-none-eabi/lib//libc.a(lib_a-realloc.o)
 .bss           0x104029d0        0x0 /home/leon/riotboard/arm-2012.09/bin/../arm-none-eabi/lib//libc.a(lib_a-reallocr.o)
 .bss           0x104029d0        0x0 /home/leon/riotboard/arm-2012.09/bin/../arm-none-eabi/lib//libc.a(lib_a-rget.o)
 .bss           0x104029d0        0x0 /home/leon/riotboard/arm-2012.09/bin/../arm-none-eabi/lib//libc.a(lib_a-sbrkr.o)
 .bss           0x104029d0        0x0 /home/leon/riotboard/arm-2012.09/bin/../arm-none-eabi/lib//libc.a(lib_a-vfiprintf.o)
 .bss           0x104029d0        0x0 /home/leon/riotboard/arm-2012.09/bin/../arm-none-eabi/lib//libc.a(lib_a-vfprintf.o)
 .bss           0x104029d0        0x0 /home/leon/riotboard/arm-2012.09/bin/../arm-none-eabi/lib//libc.a(lib_a-vprintf.o)
 .bss           0x104029d0        0x0 /home/leon/riotboard/arm-2012.09/bin/../arm-none-eabi/lib//libc.a(lib_a-wbuf.o)
 .bss           0x104029d0        0x0 /home/leon/riotboard/arm-2012.09/bin/../arm-none-eabi/lib//libc.a(lib_a-wsetup.o)
 .bss           0x104029d0        0x0 /home/leon/riotboard/arm-2012.09/bin/../arm-none-eabi/lib//libc.a(lib_a-abort.o)
 .bss           0x104029d0        0x0 /home/leon/riotboard/arm-2012.09/bin/../arm-none-eabi/lib//libc.a(lib_a-dtoa.o)
 .bss           0x104029d0        0x0 /home/leon/riotboard/arm-2012.09/bin/../arm-none-eabi/lib//libc.a(lib_a-fflush.o)
 .bss           0x104029d0        0x0 /home/leon/riotboard/arm-2012.09/bin/../arm-none-eabi/lib//libc.a(lib_a-findfp.o)
 .bss           0x104029d0        0x0 /home/leon/riotboard/arm-2012.09/bin/../arm-none-eabi/lib//libc.a(lib_a-fputwc.o)
 .bss           0x104029d0        0x0 /home/leon/riotboard/arm-2012.09/bin/../arm-none-eabi/lib//libc.a(lib_a-freer.o)
 .bss           0x104029d0        0x0 /home/leon/riotboard/arm-2012.09/bin/../arm-none-eabi/lib//libc.a(lib_a-fvwrite.o)
 .bss           0x104029d0        0x0 /home/leon/riotboard/arm-2012.09/bin/../arm-none-eabi/lib//libc.a(lib_a-fwalk.o)
 .bss           0x104029d0        0xc /home/leon/riotboard/arm-2012.09/bin/../arm-none-eabi/lib//libc.a(lib_a-locale.o)
                0x104029d0                _PathLocale
                0x104029d4                __mlocale_changed
                0x104029d8                __nlocale_changed
 .bss           0x104029dc        0x0 /home/leon/riotboard/arm-2012.09/bin/../arm-none-eabi/lib//libc.a(lib_a-makebuf.o)
 .bss           0x104029dc        0x0 /home/leon/riotboard/arm-2012.09/bin/../arm-none-eabi/lib//libc.a(lib_a-memchr.o)
 .bss           0x104029dc        0x0 /home/leon/riotboard/arm-2012.09/bin/../arm-none-eabi/lib//libc.a(lib_a-memmove.o)
 .bss           0x104029dc        0x0 /home/leon/riotboard/arm-2012.09/bin/../arm-none-eabi/lib//libc.a(lib_a-mprec.o)
 .bss           0x104029dc        0x0 /home/leon/riotboard/arm-2012.09/bin/../arm-none-eabi/lib//libc.a(lib_a-reent.o)
 .bss           0x104029dc        0x0 /home/leon/riotboard/arm-2012.09/bin/../arm-none-eabi/lib//libc.a(lib_a-refill.o)
 .bss           0x104029dc        0x0 /home/leon/riotboard/arm-2012.09/bin/../arm-none-eabi/lib//libc.a(lib_a-s_fpclassify.o)
 .bss           0x104029dc        0x0 /home/leon/riotboard/arm-2012.09/bin/../arm-none-eabi/lib//libc.a(lib_a-signal.o)
 .bss           0x104029dc        0x0 /home/leon/riotboard/arm-2012.09/bin/../arm-none-eabi/lib//libc.a(lib_a-signalr.o)
 .bss           0x104029dc        0x0 /home/leon/riotboard/arm-2012.09/bin/../arm-none-eabi/lib//libc.a(lib_a-stdio.o)
 .bss           0x104029dc        0x0 /home/leon/riotboard/arm-2012.09/bin/../arm-none-eabi/lib//libc.a(lib_a-strcmp.o)