Archive member included because of file (symbol)

/home/leon/git/swp-report/iMX6_Platform_SDK/output/mx6sdl/lib/libsdk.a(ccm_pll.o)
                              /home/leon/git/swp-report/iMX6_Platform_SDK/output/mx6sdl/httpd/evb_rev_a/obj/apps/common/platform_init.o (ccm_init)
/home/leon/git/swp-report/iMX6_Platform_SDK/output/mx6sdl/lib/libsdk.a(cortexA9.o)
                              /home/leon/git/swp-report/iMX6_Platform_SDK/output/mx6sdl/httpd/evb_rev_a/obj/apps/common/platform_init.o (arm_set_interrupt_state)
/home/leon/git/swp-report/iMX6_Platform_SDK/output/mx6sdl/lib/libsdk.a(gic.o)
                              /home/leon/git/swp-report/iMX6_Platform_SDK/output/mx6sdl/httpd/evb_rev_a/obj/apps/common/platform_init.o (gic_init)
/home/leon/git/swp-report/iMX6_Platform_SDK/output/mx6sdl/lib/libsdk.a(mmu.o)
                              /home/leon/git/swp-report/iMX6_Platform_SDK/output/mx6sdl/httpd/evb_rev_a/obj/apps/common/platform_init.o (mmu_init)
/home/leon/git/swp-report/iMX6_Platform_SDK/output/mx6sdl/lib/libsdk.a(startup.o)
                              (_start)
/home/leon/git/swp-report/iMX6_Platform_SDK/output/mx6sdl/lib/libsdk.a(vectors.o)
                              /home/leon/git/swp-report/iMX6_Platform_SDK/output/mx6sdl/lib/libsdk.a(startup.o) (vectors)
/home/leon/git/swp-report/iMX6_Platform_SDK/output/mx6sdl/lib/libsdk.a(system_util.o)
                              /home/leon/git/swp-report/iMX6_Platform_SDK/output/mx6sdl/lib/libsdk.a(startup.o) (_sys_exit)
/home/leon/git/swp-report/iMX6_Platform_SDK/output/mx6sdl/lib/libsdk.a(text_color.o)
                              /home/leon/git/swp-report/iMX6_Platform_SDK/output/mx6sdl/lib/libsdk.a(system_util.o) (g_TextAttributeBold)
/home/leon/git/swp-report/iMX6_Platform_SDK/output/mx6sdl/lib/libsdk.a(enet_drv.o)
                              /home/leon/git/swp-report/iMX6_Platform_SDK/output/mx6sdl/httpd/evb_rev_a/obj/apps/httpd/src/httpd_main.o (imx_enet_get_phy_status)
/home/leon/git/swp-report/iMX6_Platform_SDK/output/mx6sdl/lib/libsdk.a(timer.o)
                              /home/leon/git/swp-report/iMX6_Platform_SDK/output/mx6sdl/httpd/evb_rev_a/obj/apps/httpd/src/httpd_main.o (hal_delay_us)
/home/leon/git/swp-report/iMX6_Platform_SDK/output/mx6sdl/lib/libsdk.a(imx_uart.o)
                              /home/leon/git/swp-report/iMX6_Platform_SDK/output/mx6sdl/httpd/evb_rev_a/obj/apps/common/platform_init.o (uart_getchar)
/home/leon/git/swp-report/iMX6_Platform_SDK/output/mx6sdl/lib/libsdk.a(arm_abort.o)
                              /home/leon/git/swp-report/iMX6_Platform_SDK/output/mx6sdl/lib/libsdk.a(vectors.o) (data_abort_handler)
/home/leon/git/swp-report/iMX6_Platform_SDK/output/mx6sdl/lib/libsdk.a(interrupt.o)
                              /home/leon/git/swp-report/iMX6_Platform_SDK/output/mx6sdl/lib/libsdk.a(vectors.o) (IRQ_HDLR)
/home/leon/git/swp-report/iMX6_Platform_SDK/output/mx6sdl/lib/libsdk.a(epit.o)
                              /home/leon/git/swp-report/iMX6_Platform_SDK/output/mx6sdl/lib/libsdk.a(timer.o) (epit_get_compare_event)
/home/leon/git/swp-report/iMX6_Platform_SDK/output/mx6sdl/lib/libsdk.a(abort_handler.o)
                              /home/leon/git/swp-report/iMX6_Platform_SDK/output/mx6sdl/lib/libsdk.a(arm_abort.o) (dump_regs)
/home/leon/git/swp-report/iMX6_Platform_SDK/output/mx6sdl/lib/libboard_evb_rev_a.a(board_io_expanders.o)
                              /home/leon/git/swp-report/iMX6_Platform_SDK/output/mx6sdl/httpd/evb_rev_a/obj/apps/common/platform_init.o (board_ioexpander_init)
/home/leon/git/swp-report/iMX6_Platform_SDK/output/mx6sdl/lib/libboard_evb_rev_a.a(hardware_modules.o)
                              /home/leon/git/swp-report/iMX6_Platform_SDK/output/mx6sdl/httpd/evb_rev_a/obj/apps/common/platform_init.o (g_debug_uart_port)
/home/leon/git/swp-report/iMX6_Platform_SDK/output/mx6sdl/lib/libboard_evb_rev_a.a(dcd.o)
                              /home/leon/git/swp-report/iMX6_Platform_SDK/output/mx6sdl/httpd/evb_rev_a/obj/apps/common/ivt.o (input_dcd_hdr)
/home/leon/git/swp-report/iMX6_Platform_SDK/output/mx6sdl/lib/libboard_evb_rev_a.a(uart_iomux_config.o)
                              /home/leon/git/swp-report/iMX6_Platform_SDK/output/mx6sdl/lib/libsdk.a(imx_uart.o) (uart_iomux_config)
/home/leon/git/swp-report/iMX6_Platform_SDK/output/mx6sdl/lib/libboard_evb_rev_a.a(iomux_config.o)
                              /home/leon/git/swp-report/iMX6_Platform_SDK/output/mx6sdl/lib/libboard_evb_rev_a.a(uart_iomux_config.o) (uart1_iomux_config)
/home/leon/git/swp-report/iMX6_Platform_SDK/output/mx6sdl/lib/libboard_evb_rev_a.a(ipu1_iomux_config.o)
                              /home/leon/git/swp-report/iMX6_Platform_SDK/output/mx6sdl/lib/libboard_evb_rev_a.a(iomux_config.o) (ipu1_iomux_config)
/home/leon/git/swp-report/iMX6_Platform_SDK/output/mx6sdl/lib/libboard_evb_rev_a.a(kpp_iomux_config.o)
[...]
Memory Configuration

Name             Origin             Length             Attributes
OCRAM            0x0000000000900000 0x0000000000020000 xrw
DDR              0x0000000010000000 0x0000000040000000 xrw
*default*        0x0000000000000000 0xffffffffffffffff

Linker script and memory map

LOAD /home/src/arm/target/bin/../lib/gcc/arm-none-eabi/4.8.2//crtbegin.o
LOAD /home/src/arm/target/bin/../lib/gcc/arm-none-eabi/4.8.2//crti.o
LOAD /home/src/arm/target/bin/../lib/gcc/arm-none-eabi/4.8.2//crtend.o
LOAD /home/src/arm/target/bin/../lib/gcc/arm-none-eabi/4.8.2//crtn.o

.l1_page_table  0x0000000000900000     0x4000
                0x0000000000900000                __l1_page_table_start = .
                0x0000000000904000                . = (. + 0x4000)
 *fill*         0x0000000000900000     0x4000 

.heap.ocram     0x0000000000904000    0x1bfb8
                0x0000000000904000                __heap_ocram_start = .
                0x000000000091ffb8                . = (. + 0x1bfb8)
 *fill*         0x0000000000904000    0x1bfb8 
                0x000000000091ffb8                __heap_ocram_end = .

.ram_vectors    0x000000000091ffb8       0x48
                0x000000000091ffb8                __ram_vectors_start = .
                0x0000000000920000                . = (. + 0x48)
 *fill*         0x000000000091ffb8       0x48 
                0x0000000000920000                __ram_vectors_end = .
                0x0000000010000000                _start_image_add = ORIGIN (DDR)

.ivt            0x0000000010000000      0x420
                0x0000000010000400                . = (. + 0x400)
 *fill*         0x0000000010000000      0x400 
 *(.ivt)
 .ivt           0x0000000010000400       0x20 /home/leon/git/swp-report/iMX6_Platform_SDK/output/mx6sdl/httpd/evb_rev_a/obj/apps/common/ivt.o
                0x0000000010000400                input_ivt

.boot_data      0x0000000010000420        0xc
                0x0000000010000420                __start_boot_data = .
 *(.boot_data)
 .boot_data     0x0000000010000420        0xc /home/leon/git/swp-report/iMX6_Platform_SDK/output/mx6sdl/httpd/evb_rev_a/obj/apps/common/ivt.o
                0x0000000010000420                bd

.dcd_hdr        0x0000000010000430        0x4
                0x0000000010000430                __start_dcd = .
 *(.dcd_hdr)
 .dcd_hdr       0x0000000010000430        0x4 /home/leon/git/swp-report/iMX6_Platform_SDK/output/mx6sdl/lib/libboard_evb_rev_a.a(dcd.o)
                0x0000000010000430                input_dcd_hdr

.dcd_wrt_cmd    0x0000000010000434        0x4
 *(.dcd_wrt_cmd)
 .dcd_wrt_cmd   0x0000000010000434        0x4 /home/leon/git/swp-report/iMX6_Platform_SDK/output/mx6sdl/lib/libboard_evb_rev_a.a(dcd.o)
                0x0000000010000434                input_dcd_wrt_cmd

.dcd_data       0x0000000010000438      0x2d8
 *(.dcd_data)
 .dcd_data      0x0000000010000438      0x2d8 /home/leon/git/swp-report/iMX6_Platform_SDK/output/mx6sdl/lib/libboard_evb_rev_a.a(dcd.o)
                0x0000000010000438                input_dcd

.text           0x0000000010000710    0x44dc0
 CREATE_OBJECT_SYMBOLS
 *(.startup)
 .startup       0x0000000010000710      0x138 /home/leon/git/swp-report/iMX6_Platform_SDK/output/mx6sdl/lib/libsdk.a(startup.o)
                0x0000000010000710                _start
 *(.text .text.* .gnu.linkonce.t.*)
 .text          0x0000000010000848      0x128 /home/src/arm/target/bin/../lib/gcc/arm-none-eabi/4.8.2//crtbegin.o
 .text          0x0000000010000970        0x0 /home/src/arm/target/bin/../lib/gcc/arm-none-eabi/4.8.2//crti.o
 .text          0x0000000010000970        0x0 /home/src/arm/target/bin/../lib/gcc/arm-none-eabi/4.8.2//crtend.o
 .text          0x0000000010000970        0x0 /home/src/arm/target/bin/../lib/gcc/arm-none-eabi/4.8.2//crtn.o
 .text          0x0000000010000970        0x0 /home/leon/git/swp-report/iMX6_Platform_SDK/output/mx6sdl/httpd/evb_rev_a/obj/apps/common/ivt.o
 .text          0x0000000010000970       0xbc /home/leon/git/swp-report/iMX6_Platform_SDK/output/mx6sdl/httpd/evb_rev_a/obj/apps/common/platform_init.o
                0x0000000010000970                platform_init
 .text          0x0000000010000a2c      0x258 /home/leon/git/swp-report/iMX6_Platform_SDK/output/mx6sdl/httpd/evb_rev_a/obj/apps/httpd/src/httpd_main.o
                0x0000000010000a2c                netif_status_callback
                0x0000000010000ab8                netif_link_status_callback
                0x0000000010000b24                init_lwip
                0x0000000010000c60                main
 .text          0x0000000010000c84      0x138 /home/leon/git/swp-report/iMX6_Platform_SDK/output/mx6sdl/httpd/evb_rev_a/obj/lwip/contrib/apps/httpserver_raw/fs.o
                0x0000000010000c84                fs_open
                0x0000000010000d6c                fs_close
                0x0000000010000d88                fs_bytes_left
 .text          0x0000000010000dbc     0x17ac /home/leon/git/swp-report/iMX6_Platform_SDK/output/mx6sdl/httpd/evb_rev_a/obj/lwip/contrib/apps/httpserver_raw/httpd.o
                0x000000001000249c                httpd_init
                0x00000000100024b8                http_set_cgi_handlers
 .text          0x0000000010002568      0xc50 /home/leon/git/swp-report/iMX6_Platform_SDK/output/mx6sdl/lib/libsdk.a(ccm_pll.o)
                0x0000000010002568                ccm_init
                0x000000001000268c                get_main_clock
                0x0000000010002918                get_peri_clock
                0x0000000010002ab8                ccm_ccgr_config
                0x0000000010002b20                clock_gating_config
                0x0000000010002f58                ccm_set_lpm_wakeup_source
                0x000000001000304c                ccm_enter_low_power
                0x00000000100030bc                ipu_hsp_clk_config
                0x00000000100030dc                gpu_clock_config
 .text          0x00000000100031b8      0x164 /home/leon/git/swp-report/iMX6_Platform_SDK/output/mx6sdl/lib/libsdk.a(cortexA9.o)
                0x00000000100031b8                arm_set_interrupt_state
                0x00000000100031dc                cpu_get_current
                0x00000000100031e8                enable_neon_fpu
                0x0000000010003204                disable_strict_align_check
                0x0000000010003218                disable_L1_cache
                0x0000000010003238                get_arm_private_peripheral_base
                0x0000000010003240                arm_unified_tlb_invalidate
                0x0000000010003250                arm_unified_tlb_invalidate_is
                0x0000000010003260                arm_branch_prediction_enable
                0x0000000010003270                arm_branch_prediction_disable
                0x0000000010003280                arm_branch_target_cache_invalidate
                0x000000001000328c                arm_branch_target_cache_invalidate_is
                0x0000000010003298                scu_enable
                0x00000000100032ac                scu_join_smp
                0x00000000100032bc                scu_leave_smp
                0x00000000100032cc                scu_get_cpus_in_smp
                0x00000000100032e0                scu_enable_maintenance_broadcast
                0x00000000100032f0                scu_disable_maintenance_broadcast
                0x0000000010003300                scu_secure_invalidate
 .text          0x000000001000331c      0x5e0 /home/leon/git/swp-report/iMX6_Platform_SDK/output/mx6sdl/lib/libsdk.a(gic.o)
                0x0000000010003400                gic_enable
                0x0000000010003460                gic_set_irq_security
                0x0000000010003508                gic_enable_irq
                0x0000000010003584                gic_set_irq_priority
                0x00000000100035cc                gic_set_cpu_target
                0x00000000100036d8                gic_send_sgi
                0x000000001000372c                gic_cpu_enable
                0x000000001000378c                gic_set_cpu_priority_mask
                0x00000000100037c0                gic_read_irq_ack
                0x00000000100037ec                gic_write_end_of_irq
                0x000000001000381c                gic_init
                0x00000000100038c0                gic_init_cpu
 .text          0x00000000100038fc      0x458 /home/leon/git/swp-report/iMX6_Platform_SDK/output/mx6sdl/lib/libsdk.a(mmu.o)
                0x00000000100038fc                mmu_enable
                0x0000000010003934                mmu_disable
                0x0000000010003968                mmu_init
                0x0000000010003a84                mmu_map_l1_range
                0x0000000010003c98                mmu_virtual_to_physical
 .text          0x0000000010003d54        0x0 /home/leon/git/swp-report/iMX6_Platform_SDK/output/mx6sdl/lib/libsdk.a(startup.o)
 .text          0x0000000010003d54        0x4 /home/leon/git/swp-report/iMX6_Platform_SDK/output/mx6sdl/lib/libsdk.a(vectors.o)
                0x0000000010003d54                exception_handler
 .text.vectors  0x0000000010003d58       0x48 /home/leon/git/swp-report/iMX6_Platform_SDK/output/mx6sdl/lib/libsdk.a(vectors.o)
                0x0000000010003d58                vectors
 .text          0x0000000010003da0      0x8fc /home/leon/git/swp-report/iMX6_Platform_SDK/output/mx6sdl/lib/libsdk.a(system_util.o)
                0x0000000010003da0                _sys_exit
                0x0000000010003dbc                mybkpt
                0x0000000010003dc4                is_input_char
                0x0000000010003f44                read_input_string
                0x0000000010004224                get_input_hex
                0x000000001000449c                read_int
                0x00000000100045f8                jump_to_sdp
 .text          0x000000001000469c       0xdc /home/leon/git/swp-report/iMX6_Platform_SDK/output/mx6sdl/lib/libsdk.a(text_color.o)
                0x000000001000469c                printf_color
                0x0000000010004734                get_color_supported
 .text          0x0000000010004778     0x17e0 /home/leon/git/swp-report/iMX6_Platform_SDK/output/mx6sdl/lib/libsdk.a(enet_drv.o)
                0x0000000010004778                imx_enet_mii_read
                0x0000000010004888                imx_enet_mii_write
                0x0000000010004d5c                enet_phy_rework_ar8031
                0x0000000010004ed0                enet_phy_rework_ksz9021
                0x0000000010004fc4                imx_enet_phy_init
                0x0000000010005244                imx_enet_get_phy_status
                0x000000001000556c                imx_enet_phy_enable_external_loopback
                0x0000000010005688                imx_enet_poll
                0x0000000010005780                imx_enet_send
                0x0000000010005898                imx_enet_recv
                0x0000000010005a74                imx_enet_init
                0x0000000010005bc8                imx_enet_start
                0x0000000010005c5c                imx_enet_stop
                0x0000000010005ca0                imx_enet_isolate_phy
                0x0000000010005d44                imx_enet_unisolate_phy
                0x0000000010005e0c                imx_enet_mii_type
 .text          0x0000000010005f58      0x27c /home/leon/git/swp-report/iMX6_Platform_SDK/output/mx6sdl/lib/libsdk.a(timer.o)
                0x0000000010005f58                hal_delay_us
                0x0000000010005fc4                system_time_init
                0x0000000010006120                time_get_microseconds
 .text          0x00000000100061d4     0x281c /home/leon/git/swp-report/iMX6_Platform_SDK/output/mx6sdl/lib/libsdk.a(imx_uart.o)
                0x00000000100061d4                uart_get_reffreq
                0x00000000100062d0                uart_putchar
                0x0000000010006420                uart_getchar
                0x0000000010006580                uart_set_FIFO_mode
                0x00000000100070a8                uart_set_loopback_mode
                0x00000000100072fc                uart_setup_interrupt
                0x00000000100073c8                uart_init
 .text          0x00000000100089f0       0x98 /home/leon/git/swp-report/iMX6_Platform_SDK/output/mx6sdl/lib/libsdk.a(arm_abort.o)
                0x00000000100089f0                common_abort_handler
                0x0000000010008a50                data_abort_handler
                0x0000000010008a68                prefetch_abort_handler
 .text          0x0000000010008a88      0x1b8 /home/leon/git/swp-report/iMX6_Platform_SDK/output/mx6sdl/lib/libsdk.a(interrupt.o)
                0x0000000010008a88                IRQ_HDLR
                0x0000000010008b4c                disable_interrupt
                0x0000000010008b88                enable_interrupt
                0x0000000010008be0                register_interrupt_routine
                0x0000000010008c14                default_interrupt_routine
 .text          0x0000000010008c40      0x8dc /home/leon/git/swp-report/iMX6_Platform_SDK/output/mx6sdl/lib/libsdk.a(epit.o)
                0x0000000010008c40                epit_reload_counter
                0x0000000010008ca0                epit_get_counter_value
                0x0000000010008cfc                epit_set_compare_event
                0x0000000010008d5c                epit_get_compare_event
                0x0000000010008e54                epit_counter_disable
                0x0000000010009018                epit_counter_enable
                0x0000000010009274                epit_setup_interrupt
                0x0000000010009304                epit_init
 .text          0x000000001000951c      0x4bc /home/leon/git/swp-report/iMX6_Platform_SDK/output/mx6sdl/lib/libsdk.a(abort_handler.o)
                0x000000001000951c                dump_regs
 .text          0x00000000100099d8       0x80 /home/leon/git/swp-report/iMX6_Platform_SDK/output/mx6sdl/lib/libboard_evb_rev_a.a(board_io_expanders.o)
                0x00000000100099d8                board_ioexpander_init
                0x0000000010009a48                board_ioexpander_iomux_config
 .text          0x0000000010009a58        0x0 /home/leon/git/swp-report/iMX6_Platform_SDK/output/mx6sdl/lib/libboard_evb_rev_a.a(hardware_modules.o)
 .text          0x0000000010009a58        0x0 /home/leon/git/swp-report/iMX6_Platform_SDK/output/mx6sdl/lib/libboard_evb_rev_a.a(dcd.o)
 .text          0x0000000010009a58       0x8c /home/leon/git/swp-report/iMX6_Platform_SDK/output/mx6sdl/lib/libboard_evb_rev_a.a(uart_iomux_config.o)
                0x0000000010009a58                uart_iomux_config
 .text          0x0000000010009ae4      0x2c4 /home/leon/git/swp-report/iMX6_Platform_SDK/output/mx6sdl/lib/libboard_evb_rev_a.a(iomux_config.o)
                0x0000000010009ae4                iomux_config
                0x0000000010009b68                arm_iomux_config
                0x0000000010009b78                asrc_iomux_config
                0x0000000010009b88                audmux_iomux_config
                0x0000000010009b98                dcic1_iomux_config
                0x0000000010009ba8                dcic2_iomux_config
                0x0000000010009bb8                ecspi2_iomux_config
                0x0000000010009bc8                ecspi3_iomux_config
                0x0000000010009bd8                ecspi4_iomux_config
                0x0000000010009be8                eim_iomux_config
                0x0000000010009bf8                epdc_iomux_config
                0x0000000010009c08                epit1_iomux_config
                0x0000000010009c18                epit2_iomux_config
                0x0000000010009c28                gpio1_iomux_config
                0x0000000010009c38                gpio2_iomux_config
                0x0000000010009c48                gpio7_iomux_config
                0x0000000010009c58                gpt_iomux_config
                0x0000000010009c68                i2c4_iomux_config
                0x0000000010009c78                lcd_iomux_config
                0x0000000010009c88                ldb_iomux_config
                0x0000000010009c98                mipi_csi_iomux_config
                0x0000000010009ca8                mipi_dsi_iomux_config
                0x0000000010009cb8                mipi_hsi_iomux_config
                0x0000000010009cc8                pcie_iomux_config
                0x0000000010009cd8                pmu_iomux_config
                0x0000000010009ce8                pwm2_iomux_config
                0x0000000010009cf8                pwm3_iomux_config
                0x0000000010009d08                pwm4_iomux_config
                0x0000000010009d18                sdma_iomux_config
                0x0000000010009d28                snvs_iomux_config
                0x0000000010009d38                src_iomux_config
                0x0000000010009d48                uart1_iomux_config
                0x0000000010009d58                uart3_iomux_config
                0x0000000010009d68                uart5_iomux_config
                0x0000000010009d78                wdog1_iomux_config
                0x0000000010009d88                wdog2_iomux_config
                0x0000000010009d98                xtalosc_iomux_config
 .text          0x0000000010009da8      0x5f8 /home/leon/git/swp-report/iMX6_Platform_SDK/output/mx6sdl/lib/libboard_evb_rev_a.a(ipu1_iomux_config.o)
                0x0000000010009da8                ipu1_iomux_config
 .text          0x000000001000a3a0      0x148 /home/leon/git/swp-report/iMX6_Platform_SDK/output/mx6sdl/lib/libboard_evb_rev_a.a(kpp_iomux_config.o)
                0x000000001000a3a0                kpp_iomux_config
 .text          0x000000001000a4e8       0xac /home/leon/git/swp-report/iMX6_Platform_SDK/output/mx6sdl/lib/libboard_evb_rev_a.a(mlb_iomux_config.o)
                0x000000001000a4e8                mlb_iomux_config
 .text          0x000000001000a594     0x2484 /home/leon/git/swp-report/iMX6_Platform_SDK/output/mx6sdl/lib/libboard_evb_rev_a.a(mmdc_iomux_config.o)
                0x000000001000a594                mmdc_iomux_config
 .text          0x000000001000ca18       0x34 /home/leon/git/swp-report/iMX6_Platform_SDK/output/mx6sdl/lib/libboard_evb_rev_a.a(pwm1_iomux_config.o)
                0x000000001000ca18                pwm1_iomux_config
 .text          0x000000001000ca4c       0x70 /home/leon/git/swp-report/iMX6_Platform_SDK/output/mx6sdl/lib/libboard_evb_rev_a.a(sjc_iomux_config.o)
                0x000000001000ca4c                sjc_iomux_config
 .text          0x000000001000cabc       0xe0 /home/leon/git/swp-report/iMX6_Platform_SDK/output/mx6sdl/lib/libboard_evb_rev_a.a(spdif_iomux_config.o)
                0x000000001000cabc                spdif_iomux_config
 .text          0x000000001000cb9c       0xe0 /home/leon/git/swp-report/iMX6_Platform_SDK/output/mx6sdl/lib/libboard_evb_rev_a.a(uart2_iomux_config.o)
                0x000000001000cb9c                uart2_iomux_config
 .text          0x000000001000cc7c       0x78 /home/leon/git/swp-report/iMX6_Platform_SDK/output/mx6sdl/lib/libboard_evb_rev_a.a(uart4_iomux_config.o)
                0x000000001000cc7c                uart4_iomux_config
 .text          0x000000001000ccf4       0x9c /home/leon/git/swp-report/iMX6_Platform_SDK/output/mx6sdl/lib/libboard_evb_rev_a.a(usb_iomux_config.o)
                0x000000001000ccf4                usb_iomux_config
 .text          0x000000001000cd90      0x188 /home/leon/git/swp-report/iMX6_Platform_SDK/output/mx6sdl/lib/libboard_evb_rev_a.a(usdhc1_iomux_config.o)
                0x000000001000cd90                usdhc1_iomux_config
 .text          0x000000001000cf18      0x1ac /home/leon/git/swp-report/iMX6_Platform_SDK/output/mx6sdl/lib/libboard_evb_rev_a.a(usdhc2_iomux_config.o)
                0x000000001000cf18                usdhc2_iomux_config
 .text          0x000000001000d0c4      0x1d0 /home/leon/git/swp-report/iMX6_Platform_SDK/output/mx6sdl/lib/libboard_evb_rev_a.a(usdhc3_iomux_config.o)
                0x000000001000d0c4                usdhc3_iomux_config
 .text          0x000000001000d294      0x188 /home/leon/git/swp-report/iMX6_Platform_SDK/output/mx6sdl/lib/libboard_evb_rev_a.a(usdhc4_iomux_config.o)
                0x000000001000d294                usdhc4_iomux_config
 .text          0x000000001000d41c       0x34 /home/leon/git/swp-report/iMX6_Platform_SDK/output/mx6sdl/lib/libboard_evb_rev_a.a(ccm_iomux_config.o)
                0x000000001000d41c                ccm_iomux_config
 .text          0x000000001000d450      0x114 /home/leon/git/swp-report/iMX6_Platform_SDK/output/mx6sdl/lib/libboard_evb_rev_a.a(ecspi1_iomux_config.o)
                0x000000001000d450                ecspi1_iomux_config
 .text          0x000000001000d564      0x3bc /home/leon/git/swp-report/iMX6_Platform_SDK/output/mx6sdl/lib/libboard_evb_rev_a.a(enet_iomux_config.o)
                0x000000001000d564                enet_iomux_config
 .text          0x000000001000d920      0x280 /home/leon/git/swp-report/iMX6_Platform_SDK/output/mx6sdl/lib/libboard_evb_rev_a.a(esai_iomux_config.o)
                0x000000001000d920                esai_iomux_config
 .text          0x000000001000dba0       0x68 /home/leon/git/swp-report/iMX6_Platform_SDK/output/mx6sdl/lib/libboard_evb_rev_a.a(flexcan1_iomux_config.o)
                0x000000001000dba0                flexcan1_iomux_config
 .text          0x000000001000dc08       0x68 /home/leon/git/swp-report/iMX6_Platform_SDK/output/mx6sdl/lib/libboard_evb_rev_a.a(flexcan2_iomux_config.o)
                0x000000001000dc08                flexcan2_iomux_config
 .text          0x000000001000dc70       0x58 /home/leon/git/swp-report/iMX6_Platform_SDK/output/mx6sdl/lib/libboard_evb_rev_a.a(gpio3_iomux_config.o)
                0x000000001000dc70                gpio3_iomux_config
 .text          0x000000001000dcc8       0x58 /home/leon/git/swp-report/iMX6_Platform_SDK/output/mx6sdl/lib/libboard_evb_rev_a.a(gpio4_iomux_config.o)
                0x000000001000dcc8                gpio4_iomux_config
 .text          0x000000001000dd20       0xa0 /home/leon/git/swp-report/iMX6_Platform_SDK/output/mx6sdl/lib/libboard_evb_rev_a.a(gpio5_iomux_config.o)
                0x000000001000dd20                gpio5_iomux_config
 .text          0x000000001000ddc0       0x58 /home/leon/git/swp-report/iMX6_Platform_SDK/output/mx6sdl/lib/libboard_evb_rev_a.a(gpio6_iomux_config.o)
                0x000000001000ddc0                gpio6_iomux_config
 .text          0x000000001000de18      0x2bc /home/leon/git/swp-report/iMX6_Platform_SDK/output/mx6sdl/lib/libboard_evb_rev_a.a(gpmi_iomux_config.o)
                0x000000001000de18                gpmi_iomux_config
 .text          0x000000001000e0d4       0x40 /home/leon/git/swp-report/iMX6_Platform_SDK/output/mx6sdl/lib/libboard_evb_rev_a.a(hdmi_iomux_config.o)
                0x000000001000e0d4                hdmi_iomux_config
 .text          0x000000001000e114       0x78 /home/leon/git/swp-report/iMX6_Platform_SDK/output/mx6sdl/lib/libboard_evb_rev_a.a(i2c1_iomux_config.o)
                0x000000001000e114                i2c1_iomux_config
 .text          0x000000001000e18c       0x78 /home/leon/git/swp-report/iMX6_Platform_SDK/output/mx6sdl/lib/libboard_evb_rev_a.a(i2c2_iomux_config.o)
                0x000000001000e18c                i2c2_iomux_config
 .text          0x000000001000e204       0x78 /home/leon/git/swp-report/iMX6_Platform_SDK/output/mx6sdl/lib/libboard_evb_rev_a.a(i2c3_iomux_config.o)
                0x000000001000e204                i2c3_iomux_config
 .text          0x000000001000e27c     0x3a44 /home/leon/git/swp-report/iMX6_Platform_SDK/output/mx6sdl/lib/liblwip.a(dhcp.o)
                0x000000001000e6a8                dhcp_coarse_tmr
                0x000000001000e768                dhcp_fine_tmr
                0x000000001000ecdc                dhcp_set_struct
                0x000000001000edc4                dhcp_cleanup
                0x000000001000ee44                dhcp_start
                0x000000001000f104                dhcp_inform
                0x000000001000f2d8                dhcp_network_changed
                0x000000001000f3b4                dhcp_arp_reply
                0x000000001000fb1c                dhcp_renew
                0x0000000010010034                dhcp_release
                0x0000000010010250                dhcp_stop
 .text          0x0000000010011cc0     0x10ac /home/leon/git/swp-report/iMX6_Platform_SDK/output/mx6sdl/lib/liblwip.a(dns.o)
                0x0000000010011cc0                dns_init
                0x0000000010011d98                dns_setserver
                0x0000000010011e1c                dns_getserver
                0x0000000010011e6c                dns_tmr
                0x0000000010012c8c                dns_gethostbyname
 .text          0x0000000010012d6c       0x30 /home/leon/git/swp-report/iMX6_Platform_SDK/output/mx6sdl/lib/liblwip.a(init.o)
                0x0000000010012d6c                lwip_init
 .text          0x0000000010012d9c      0xcbc /home/leon/git/swp-report/iMX6_Platform_SDK/output/mx6sdl/lib/liblwip.a(autoip.o)
                0x0000000010012d9c                autoip_set_struct
                0x0000000010013254                autoip_start
                0x00000000100134e0                autoip_network_changed
                0x0000000010013530                autoip_stop
                0x0000000010013570                autoip_tmr
                0x00000000100138bc                autoip_arp_reply
 .text          0x0000000010013a58     0x11b4 /home/leon/git/swp-report/iMX6_Platform_SDK/output/mx6sdl/lib/liblwip.a(igmp.o)
                0x0000000010013a58                igmp_init
                0x0000000010013a90                igmp_dump_group_list
                0x0000000010013ad4                igmp_start
                0x0000000010013b74                igmp_stop
                0x0000000010013c70                igmp_report_groups
                0x0000000010013cd8                igmp_lookfor_group
                0x0000000010013f34                igmp_input
                0x0000000010014344                igmp_joingroup
                0x0000000010014548                igmp_leavegroup
                0x0000000010014734                igmp_tmr
 .text          0x0000000010014c0c     0x11d0 /home/leon/git/swp-report/iMX6_Platform_SDK/output/mx6sdl/lib/liblwip.a(ip4.o)
                0x0000000010014c0c                ip_route
                0x0000000010014d00                ip_input
                0x0000000010015494                ip_output_if
                0x0000000010015500                ip_output_if_opt
                0x0000000010015c0c                ip_output
                0x0000000010015ce4                ip_output_hinted
 .text          0x0000000010015ddc      0x788 /home/leon/git/swp-report/iMX6_Platform_SDK/output/mx6sdl/lib/liblwip.a(ip4_addr.o)
                0x0000000010015ddc                ip4_addr_isbroadcast
                0x0000000010015eb8                ip4_addr_netmask_valid
                0x0000000010015f5c                ipaddr_addr
                0x0000000010015fa4                ipaddr_aton
                0x0000000010016364                ipaddr_ntoa
                0x000000001001639c                ipaddr_ntoa_r
 .text          0x0000000010016564        0x0 /home/leon/git/swp-report/iMX6_Platform_SDK/output/mx6sdl/lib/liblwip.a(memp.o)
 .text          0x0000000010016564      0xdcc /home/leon/git/swp-report/iMX6_Platform_SDK/output/mx6sdl/lib/liblwip.a(netif.o)
                0x0000000010016564                netif_init
                0x0000000010016574                netif_add
                0x0000000010016738                netif_set_addr
                0x0000000010016784                netif_remove
                0x00000000100168ac                netif_find
                0x0000000010016974                netif_set_ipaddr
                0x0000000010016b04                netif_set_gw
                0x0000000010016b48                netif_set_netmask
                0x0000000010016ba4                netif_set_default
                0x0000000010016bf8                netif_set_up
                0x0000000010016cd8                netif_set_down
                0x0000000010016d6c                netif_set_status_callback
                0x0000000010016da4                netif_set_link_up
                0x0000000010016e98                netif_set_link_down
                0x0000000010016f00                netif_set_link_callback
                0x0000000010016f38                netif_loop_output
                0x0000000010017134                netif_poll
                0x00000000100172e4                netif_poll_all
 .text          0x0000000010017330     0x1b2c /home/leon/git/swp-report/iMX6_Platform_SDK/output/mx6sdl/lib/liblwip.a(pbuf.o)
                0x0000000010017330                pbuf_free_ooseq
                0x00000000100173d4                pbuf_alloc
                0x0000000010017984                pbuf_realloc
                0x0000000010017bf8                pbuf_header
                0x0000000010017e1c                pbuf_free
                0x0000000010017ff8                pbuf_clen
                0x000000001001804c                pbuf_ref
                0x000000001001808c                pbuf_cat
                0x00000000100181e4                pbuf_chain
                0x0000000010018218                pbuf_dechain
                0x0000000010018358                pbuf_copy
                0x0000000010018680                pbuf_copy_partial
                0x000000001001884c                pbuf_take
                0x0000000010018a48                pbuf_coalesce
                0x0000000010018b14                pbuf_get_at
                0x0000000010018bcc                pbuf_memcmp
                0x0000000010018cf8                pbuf_memfind
                0x0000000010018dbc                pbuf_strstr
 .text          0x0000000010018e5c      0x5e4 /home/leon/git/swp-report/iMX6_Platform_SDK/output/mx6sdl/lib/liblwip.a(raw.o)
                0x0000000010018e5c                raw_input
                0x0000000010018fd8                raw_bind
                0x0000000010019028                raw_connect
                0x0000000010019078                raw_recv
                0x00000000100190b4                raw_sendto
                0x00000000100192ac                raw_send
                0x00000000100192ec                raw_remove
                0x00000000100193a8                raw_new
 .text          0x0000000010019440     0x5ef8 /home/leon/git/swp-report/iMX6_Platform_SDK/output/mx6sdl/lib/liblwip.a(mib2.o)
                0x00000000100194ac                objectidncpy
                0x0000000010019518                snmp_set_sysdesr
                0x0000000010019564                snmp_get_sysobjid_ptr
                0x0000000010019590                snmp_set_sysobjid
                0x00000000100195d0                snmp_inc_sysuptime
                0x00000000100195fc                snmp_add_sysuptime
                0x0000000010019638                snmp_get_sysuptime
                0x000000001001968c                snmp_set_syscontact
                0x00000000100196d8                snmp_set_sysname
                0x0000000010019724                snmp_set_syslocation
                0x0000000010019770                snmp_add_ifinoctets
                0x00000000100197a8                snmp_inc_ifinucastpkts
                0x00000000100197d8                snmp_inc_ifinnucastpkts
                0x0000000010019808                snmp_inc_ifindiscards
                0x0000000010019838                snmp_add_ifoutoctets
                0x0000000010019870                snmp_inc_ifoutucastpkts
                0x00000000100198a0                snmp_inc_ifoutnucastpkts
                0x00000000100198d0                snmp_inc_ifoutdiscards
                0x0000000010019900                snmp_inc_iflist
                0x0000000010019958                snmp_dec_iflist
                0x00000000100199a8                snmp_insert_arpidx_tree
                0x0000000010019bc4                snmp_delete_arpidx_tree
                0x0000000010019e74                snmp_inc_ipinreceives
                0x0000000010019ea0                snmp_inc_ipinhdrerrors
                0x0000000010019ecc                snmp_inc_ipinaddrerrors
                0x0000000010019ef8                snmp_inc_ipforwdatagrams
                0x0000000010019f24                snmp_inc_ipinunknownprotos
                0x0000000010019f50                snmp_inc_ipindiscards
                0x0000000010019f7c                snmp_inc_ipindelivers
                0x0000000010019fa8                snmp_inc_ipoutrequests
                0x0000000010019fd4                snmp_inc_ipoutdiscards
                0x000000001001a000                snmp_inc_ipoutnoroutes
                0x000000001001a02c                snmp_inc_ipreasmreqds
                0x000000001001a058                snmp_inc_ipreasmoks
                0x000000001001a084                snmp_inc_ipreasmfails
                0x000000001001a0b0                snmp_inc_ipfragoks
                0x000000001001a0dc                snmp_inc_ipfragfails
                0x000000001001a108                snmp_inc_ipfragcreates
                0x000000001001a134                snmp_inc_iproutingdiscards
                0x000000001001a160                snmp_insert_ipaddridx_tree
                0x000000001001a2ec                snmp_delete_ipaddridx_tree
                0x000000001001a560                snmp_insert_iprteidx_tree
                0x000000001001a718                snmp_delete_iprteidx_tree
                0x000000001001a9b8                snmp_inc_icmpinmsgs
                0x000000001001a9e4                snmp_inc_icmpinerrors
                0x000000001001aa10                snmp_inc_icmpindestunreachs
                0x000000001001aa3c                snmp_inc_icmpintimeexcds
                0x000000001001aa68                snmp_inc_icmpinparmprobs
                0x000000001001aa94                snmp_inc_icmpinsrcquenchs
                0x000000001001aac0                snmp_inc_icmpinredirects
                0x000000001001aaec                snmp_inc_icmpinechos
                0x000000001001ab18                snmp_inc_icmpinechoreps
                0x000000001001ab44                snmp_inc_icmpintimestamps
                0x000000001001ab70                snmp_inc_icmpintimestampreps
                0x000000001001ab9c                snmp_inc_icmpinaddrmasks
                0x000000001001abc8                snmp_inc_icmpinaddrmaskreps
                0x000000001001abf4                snmp_inc_icmpoutmsgs
                0x000000001001ac20                snmp_inc_icmpouterrors
                0x000000001001ac4c                snmp_inc_icmpoutdestunreachs
                0x000000001001ac78                snmp_inc_icmpouttimeexcds
                0x000000001001aca4                snmp_inc_icmpoutparmprobs
                0x000000001001acd0                snmp_inc_icmpoutsrcquenchs
                0x000000001001acfc                snmp_inc_icmpoutredirects
                0x000000001001ad28                snmp_inc_icmpoutechos
                0x000000001001ad54                snmp_inc_icmpoutechoreps
                0x000000001001ad80                snmp_inc_icmpouttimestamps
                0x000000001001adac                snmp_inc_icmpouttimestampreps
                0x000000001001add8                snmp_inc_icmpoutaddrmasks
                0x000000001001ae04                snmp_inc_icmpoutaddrmaskreps
                0x000000001001ae30                snmp_inc_tcpactiveopens
                0x000000001001ae5c                snmp_inc_tcppassiveopens
                0x000000001001ae88                snmp_inc_tcpattemptfails
                0x000000001001aeb4                snmp_inc_tcpestabresets
                0x000000001001aee0                snmp_inc_tcpinsegs
                0x000000001001af0c                snmp_inc_tcpoutsegs
                0x000000001001af38                snmp_inc_tcpretranssegs
                0x000000001001af64                snmp_inc_tcpinerrs
                0x000000001001af90                snmp_inc_tcpoutrsts
                0x000000001001afbc                snmp_inc_udpindatagrams
                0x000000001001afe8                snmp_inc_udpnoports
                0x000000001001b014                snmp_inc_udpinerrors
                0x000000001001b040                snmp_inc_udpoutdatagrams
                0x000000001001b06c                snmp_insert_udpidx_tree
                0x000000001001b200                snmp_delete_udpidx_tree
                0x000000001001b4f8                snmp_inc_snmpinpkts
                0x000000001001b524                snmp_inc_snmpoutpkts
                0x000000001001b550                snmp_inc_snmpinbadversions
                0x000000001001b57c                snmp_inc_snmpinbadcommunitynames
                0x000000001001b5a8                snmp_inc_snmpinbadcommunityuses
                0x000000001001b5d4                snmp_inc_snmpinasnparseerrs
                0x000000001001b600                snmp_inc_snmpintoobigs
                0x000000001001b62c                snmp_inc_snmpinnosuchnames
                0x000000001001b658                snmp_inc_snmpinbadvalues
                0x000000001001b684                snmp_inc_snmpinreadonlys
                0x000000001001b6b0                snmp_inc_snmpingenerrs
                0x000000001001b6dc                snmp_add_snmpintotalreqvars
                0x000000001001b71c                snmp_add_snmpintotalsetvars
                0x000000001001b75c                snmp_inc_snmpingetrequests
                0x000000001001b788                snmp_inc_snmpingetnexts
                0x000000001001b7b4                snmp_inc_snmpinsetrequests
                0x000000001001b7e0                snmp_inc_snmpingetresponses
                0x000000001001b80c                snmp_inc_snmpintraps
                0x000000001001b838                snmp_inc_snmpouttoobigs
                0x000000001001b864                snmp_inc_snmpoutnosuchnames
                0x000000001001b890                snmp_inc_snmpoutbadvalues
                0x000000001001b8bc                snmp_inc_snmpoutgenerrs
                0x000000001001b8e8                snmp_inc_snmpoutgetrequests
                0x000000001001b914                snmp_inc_snmpoutgetnexts
                0x000000001001b940                snmp_inc_snmpoutsetrequests
                0x000000001001b96c                snmp_inc_snmpoutgetresponses
                0x000000001001b998                snmp_inc_snmpouttraps
                0x000000001001b9c4                snmp_get_snmpgrpid_ptr
                0x000000001001b9f0                snmp_set_snmpenableauthentraps
                0x000000001001ba28                snmp_get_snmpenableauthentraps
                0x000000001001ba5c                noleafs_get_object_def
                0x000000001001ba90                noleafs_get_value
                0x000000001001bab8                noleafs_set_test
                0x000000001001bae8                noleafs_set_value
 .text          0x000000001001f338     0x1e60 /home/leon/git/swp-report/iMX6_Platform_SDK/output/mx6sdl/lib/liblwip.a(mib_structs.o)
                0x000000001001f48c                snmp_ifindextonetif
                0x000000001001f514                snmp_netiftoifindex
                0x000000001001f594                snmp_oidtoip
                0x000000001001f60c                snmp_iptooid
                0x000000001001f688                snmp_mib_ln_alloc
                0x000000001001f700                snmp_mib_ln_free
                0x000000001001f724                snmp_mib_lrn_alloc
                0x000000001001f7e4                snmp_mib_lrn_free
                0x000000001001f808                snmp_mib_node_insert
                0x000000001001fae0                snmp_mib_node_find
                0x000000001001fc14                snmp_mib_node_delete
                0x000000001001fdb8                snmp_search_tree
                0x00000000100202a4                snmp_expand_tree
                0x0000000010020fe8                snmp_iso_prefix_tst
                0x0000000010021074                snmp_iso_prefix_expand
 .text          0x0000000010021198     0x302c /home/leon/git/swp-report/iMX6_Platform_SDK/output/mx6sdl/lib/liblwip.a(msg_in.o)
                0x0000000010021198                snmp_init
                0x0000000010022980                snmp_msg_event
                0x0000000010023d98                snmp_varbind_alloc
                0x0000000010023fd4                snmp_varbind_free
                0x0000000010024038                snmp_varbind_list_free
                0x00000000100240b0                snmp_varbind_tail_add
                0x0000000010024140                snmp_varbind_tail_remove
 .text          0x00000000100241c4     0x1bcc /home/leon/git/swp-report/iMX6_Platform_SDK/output/mx6sdl/lib/liblwip.a(msg_out.o)
                0x00000000100241c4                snmp_trap_dst_enable
                0x000000001002421c                snmp_trap_dst_ip_set
                0x0000000010024278                snmp_send_response
                0x000000001002448c                snmp_send_trap
                0x00000000100246d4                snmp_coldstart_trap
                0x0000000010024724                snmp_authfail_trap
 .text          0x0000000010025d90      0x6c8 /home/leon/git/swp-report/iMX6_Platform_SDK/output/mx6sdl/lib/liblwip.a(stats.o)
                0x0000000010025d90                stats_init
                0x0000000010025e58                stats_display_proto
                0x0000000010025fa8                stats_display_igmp
                0x0000000010026128                stats_display_mem
                0x00000000100261b8                stats_display_memp
                0x000000001002623c                stats_display_sys
                0x000000001002633c                stats_display
 .text          0x0000000010026458     0x2eb8 /home/leon/git/swp-report/iMX6_Platform_SDK/output/mx6sdl/lib/liblwip.a(tcp.o)
                0x0000000010026458                tcp_init
                0x0000000010026468                tcp_tmr
                0x0000000010026948                tcp_close
                0x00000000100269a0                tcp_shutdown
                0x0000000010026aa8                tcp_abandon
                0x0000000010026c6c                tcp_abort
                0x0000000010026c94                tcp_bind
                0x0000000010026eec                tcp_listen_with_backlog
                0x00000000100271e8                tcp_update_rcv_ann_wnd
                0x0000000010027310                tcp_recved
                0x0000000010027534                tcp_connect
                0x00000000100279b0                tcp_slowtmr
                0x0000000010028398                tcp_fasttmr
                0x00000000100284c0                tcp_process_refused_data
                0x000000001002862c                tcp_segs_free
                0x0000000010028674                tcp_seg_free
                0x00000000100286c4                tcp_setprio
                0x00000000100286f4                tcp_seg_copy
                0x0000000010028764                tcp_recv_null
                0x0000000010028984                tcp_alloc
                0x0000000010028bd8                tcp_new
                0x0000000010028bf8                tcp_arg
                0x0000000010028c24                tcp_recv
                0x0000000010028c8c                tcp_sent
                0x0000000010028cf4                tcp_err
                0x0000000010028d5c                tcp_accept
                0x0000000010028d88                tcp_poll
                0x0000000010028e04                tcp_pcb_purge
                0x000000001002900c                tcp_pcb_remove
                0x0000000010029210                tcp_next_iss
                0x0000000010029258                tcp_eff_send_mss_impl
                0x00000000100292dc                tcp_debug_state_str
 .text          0x0000000010029310     0x4aa4 /home/leon/git/swp-report/iMX6_Platform_SDK/output/mx6sdl/lib/liblwip.a(tcp_in.o)
                0x0000000010029310                tcp_input
 .text          0x000000001002ddb4     0x2e3c /home/leon/git/swp-report/iMX6_Platform_SDK/output/mx6sdl/lib/liblwip.a(tcp_out.o)
                0x000000001002e074                tcp_send_fin
                0x000000001002e76c                tcp_write
                0x000000001002f284                tcp_enqueue_flags
                0x000000001002f6e8                tcp_send_empty_ack
                0x000000001002f818                tcp_output
                0x0000000010030254                tcp_rst_impl
                0x0000000010030528                tcp_rexmit_rto
                0x00000000100305dc                tcp_rexmit
                0x000000001003073c                tcp_rexmit_fast
                0x0000000010030850                tcp_keepalive
                0x0000000010030964                tcp_zero_window_probe
 .text          0x0000000010030bf0      0x720 /home/leon/git/swp-report/iMX6_Platform_SDK/output/mx6sdl/lib/liblwip.a(timers.o)
                0x0000000010030c60                tcp_timer_needed
                0x0000000010030e08                sys_timeouts_init
                0x0000000010030ea4                sys_timeout
                0x00000000100310b4                sys_untimeout
                0x00000000100311c8                sys_check_timeouts
                0x00000000100312ec                sys_restart_timeouts
 .text          0x0000000010031310     0x1284 /home/leon/git/swp-report/iMX6_Platform_SDK/output/mx6sdl/lib/liblwip.a(udp.o)
                0x0000000010031310                udp_init
                0x00000000100313fc                udp_input
                0x0000000010031c18                udp_send
                0x0000000010031c5c                udp_sendto
                0x0000000010031d10                udp_sendto_if
                0x00000000100320d8                udp_bind
                0x00000000100322bc                udp_connect
                0x00000000100323e8                udp_disconnect
                0x0000000010032434                udp_recv
                0x0000000010032470                udp_remove
                0x0000000010032534                udp_new
 .text          0x0000000010032594     0x2740 /home/leon/git/swp-report/iMX6_Platform_SDK/output/mx6sdl/lib/liblwip.a(etharp.o)
                0x0000000010032974                etharp_tmr
                0x000000001003344c                etharp_cleanup_netif
                0x000000001003350c                etharp_find_addr
                0x0000000010033d08                etharp_output
                0x0000000010034164                etharp_query
                0x0000000010034704                etharp_raw
                0x00000000100349f0                etharp_request
                0x0000000010034a68                ethernet_input
 .text          0x0000000010034cd4      0x5f8 /home/leon/git/swp-report/iMX6_Platform_SDK/output/mx6sdl/lib/liblwip.a(mx6_ethernetif.o)
                0x0000000010034cd4                enet_set_mac
                0x0000000010034d04                init_enet
                0x000000001003513c                enet_poll_for_packet
                0x0000000010035188                enet_init
 .text          0x00000000100352cc      0x188 /home/leon/git/swp-report/iMX6_Platform_SDK/output/mx6sdl/lib/liblwip.a(mx6_lwip.o)
                0x00000000100352cc                mx6_init_lwip
                0x00000000100352f8                check_and_update_ms_timer
                0x0000000010035370                mx6_run_lwip
 .text          0x0000000010035454       0x40 /home/leon/git/swp-report/iMX6_Platform_SDK/output/mx6sdl/lib/liblwip.a(sys_arch.o)
                0x0000000010035454                sys_now
 .text          0x0000000010035494      0x100 /home/leon/git/swp-report/iMX6_Platform_SDK/output/mx6sdl/lib/liblwip.a(def.o)
                0x0000000010035494                lwip_htons
                0x00000000100354e0                lwip_ntohs
                0x0000000010035514                lwip_htonl
                0x0000000010035568                lwip_ntohl
 .text          0x0000000010035594      0x7fc /home/leon/git/swp-report/iMX6_Platform_SDK/output/mx6sdl/lib/liblwip.a(inet_chksum.o)
                0x0000000010035594                lwip_standard_chksum
                0x0000000010035878                inet_chksum_pseudo
                0x0000000010035b58                inet_chksum_pseudo_partial
                0x0000000010035c34                inet_chksum
                0x0000000010035c78                inet_chksum_pbuf
 .text          0x0000000010035d90      0x8a8 /home/leon/git/swp-report/iMX6_Platform_SDK/output/mx6sdl/lib/liblwip.a(icmp.o)
                0x0000000010035d90                icmp_input
                0x0000000010036420                icmp_dest_unreach
 .text          0x0000000010036638      0xfa8 /home/leon/git/swp-report/iMX6_Platform_SDK/output/mx6sdl/lib/liblwip.a(asn1_dec.o)
                0x0000000010036638                snmp_asn1_dec_type
                0x00000000100366f8                snmp_asn1_dec_length
                0x0000000010036ac0                snmp_asn1_dec_u32t
                0x0000000010036d28                snmp_asn1_dec_s32t
                0x0000000010036fa0                snmp_asn1_dec_oid
                0x0000000010037450                snmp_asn1_dec_raw
 .text          0x00000000100375e0      0xda0 /home/leon/git/swp-report/iMX6_Platform_SDK/output/mx6sdl/lib/liblwip.a(asn1_enc.o)
                0x00000000100375e0                snmp_asn1_enc_length_cnt
                0x0000000010037648                snmp_asn1_enc_u32t_cnt
                0x00000000100376e4                snmp_asn1_enc_s32t_cnt
                0x000000001003777c                snmp_asn1_enc_oid_cnt
                0x0000000010037864                snmp_asn1_enc_type
                0x0000000010037920                snmp_asn1_enc_length
                0x0000000010037b50                snmp_asn1_enc_u32t
                0x0000000010037d48                snmp_asn1_enc_s32t
                0x0000000010037eac                snmp_asn1_enc_oid
                0x0000000010038210                snmp_asn1_enc_raw
 .text          0x0000000010038380       0x14 /home/src/arm/target/bin/../arm-none-eabi/lib//libc.a(lib_a-abort.o)
                0x0000000010038380                abort
 .text          0x0000000010038394       0x64 /home/src/arm/target/bin/../arm-none-eabi/lib//libc.a(lib_a-assert.o)
                0x0000000010038394                __assert_func
                0x00000000100383e8                __assert
 .text          0x00000000100383f8       0x20 /home/src/arm/target/bin/../arm-none-eabi/lib//libc.a(lib_a-bzero.o)
                0x00000000100383f8                bzero
 .text          0x0000000010038418      0x2d4 /home/src/arm/target/bin/../arm-none-eabi/lib//libc.a(lib_a-fflush.o)
                0x0000000010038418                __sflush_r
                0x000000001003865c                _fflush_r
                0x00000000100386b0                fflush
 .text          0x00000000100386ec      0x354 /home/src/arm/target/bin/../arm-none-eabi/lib//libc.a(lib_a-findfp.o)
                0x00000000100386fc                _cleanup_r
                0x0000000010038714                __sfmoreglue
                0x0000000010038764                _cleanup
                0x0000000010038788                __sinit
                0x00000000100388f0                __sfp
                0x00000000100389e8                __sfp_lock_acquire
                0x00000000100389ec                __sfp_lock_release
                0x00000000100389f0                __sinit_lock_acquire
                0x00000000100389f4                __sinit_lock_release
                0x00000000100389f8                __fp_lock_all
                0x0000000010038a1c                __fp_unlock_all
 .text          0x0000000010038a40       0x70 /home/src/arm/target/bin/../arm-none-eabi/lib//libc.a(lib_a-fiprintf.o)
                0x0000000010038a40                _fiprintf_r
                0x0000000010038a70                fiprintf
 .text          0x0000000010038ab0       0x8c /home/src/arm/target/bin/../arm-none-eabi/lib//libc.a(lib_a-fputc.o)
                0x0000000010038ab0                _fputc_r
                0x0000000010038af4                fputc
 .text          0x0000000010038b3c      0x36c /home/src/arm/target/bin/../arm-none-eabi/lib//libc.a(lib_a-freer.o)
                0x0000000010038b3c                _malloc_trim_r
                0x0000000010038c3c                _free_r
 .text          0x0000000010038ea8      0x110 /home/src/arm/target/bin/../arm-none-eabi/lib//libc.a(lib_a-fwalk.o)
                0x0000000010038ea8                _fwalk
                0x0000000010038f2c                _fwalk_reent
 .text          0x0000000010038fb8        0x0 /home/src/arm/target/bin/../arm-none-eabi/lib//libc.a(lib_a-impure.o)
 .text          0x0000000010038fb8       0x88 /home/src/arm/target/bin/../arm-none-eabi/lib//libc.a(lib_a-init.o)
                0x0000000010038fb8                __libc_init_array
 .text          0x0000000010039040       0x40 /home/src/arm/target/bin/../arm-none-eabi/lib//libc.a(lib_a-malloc.o)
                0x0000000010039040                malloc
                0x0000000010039060                free
 .text          0x0000000010039080      0x72c /home/src/arm/target/bin/../arm-none-eabi/lib//libc.a(lib_a-mallocr.o)
                0x0000000010039080                _malloc_r
 .text          0x00000000100397ac       0xb4 /home/src/arm/target/bin/../arm-none-eabi/lib//libc.a(lib_a-memcmp.o)
                0x00000000100397ac                memcmp
 .text          0x0000000010039860       0xf0 /home/src/arm/target/bin/../arm-none-eabi/lib//libc.a(lib_a-memcpy-stub.o)
                0x0000000010039860                memcpy
 .text          0x0000000010039950       0xf4 /home/src/arm/target/bin/../arm-none-eabi/lib//libc.a(lib_a-memset.o)
                0x0000000010039950                memset
 .text          0x0000000010039a44        0x8 /home/src/arm/target/bin/../arm-none-eabi/lib//libc.a(lib_a-mlock.o)
                0x0000000010039a44                __malloc_lock
                0x0000000010039a48                __malloc_unlock
 .text          0x0000000010039a4c       0x74 /home/src/arm/target/bin/../arm-none-eabi/lib//libc.a(lib_a-printf.o)
                0x0000000010039a4c                _printf_r
                0x0000000010039a80                printf
 .text          0x0000000010039ac0      0x158 /home/src/arm/target/bin/../arm-none-eabi/lib//libc.a(lib_a-putc.o)
                0x0000000010039ac0                _putc_r
                0x0000000010039b64                putc
 .text          0x0000000010039c18       0x70 /home/src/arm/target/bin/../arm-none-eabi/lib//libc.a(lib_a-rand.o)
                0x0000000010039c18                srand
                0x0000000010039c34                rand
 .text          0x0000000010039c88       0x24 /home/src/arm/target/bin/../arm-none-eabi/lib//libc.a(lib_a-realloc.o)
                0x0000000010039c88                realloc
 .text          0x0000000010039cac      0x56c /home/src/arm/target/bin/../arm-none-eabi/lib//libc.a(lib_a-reallocr.o)
                0x0000000010039cac                _realloc_r
 .text          0x000000001003a218       0x70 /home/src/arm/target/bin/../arm-none-eabi/lib//libc.a(lib_a-rget.o)
                0x000000001003a218                __srget_r
                0x000000001003a274                __srget
 .text          0x000000001003a288       0x44 /home/src/arm/target/bin/../arm-none-eabi/lib//libc.a(lib_a-sbrkr.o)
                0x000000001003a288                _sbrk_r
 .text          0x000000001003a2cc      0x254 /home/src/arm/target/bin/../arm-none-eabi/lib//libc.a(lib_a-signal.o)
                0x000000001003a2cc                _init_signal_r
                0x000000001003a330                _signal_r
                0x000000001003a3a4                _raise_r
                0x000000001003a43c                __sigtramp_r
                0x000000001003a4d0                raise
                0x000000001003a4e4                signal
                0x000000001003a4fc                _init_signal
                0x000000001003a50c                __sigtramp
 .text          0x000000001003a520       0x50 /home/src/arm/target/bin/../arm-none-eabi/lib//libc.a(lib_a-signalr.o)
                0x000000001003a520                _kill_r
                0x000000001003a560                _getpid_r
 .text          0x000000001003a570       0xd8 /home/src/arm/target/bin/../arm-none-eabi/lib//libc.a(lib_a-stdio.o)
                0x000000001003a570                __sread
                0x000000001003a5a4                __seofread
                0x000000001003a5ac                __swrite
                0x000000001003a604                __sseek
                0x000000001003a634                __sclose
 .text          0x000000001003a648      0x1c4 /home/src/arm/target/bin/../arm-none-eabi/lib//libc.a(lib_a-strchr.o)
                0x000000001003a648                strchr
 .text          0x000000001003a80c      0x230 /home/src/arm/target/bin/../arm-none-eabi/lib//libc.a(lib_a-strcmp.o)
                0x000000001003a80c                strcmp
 .text          0x000000001003aa3c       0x60 /home/src/arm/target/bin/../arm-none-eabi/lib//libc.a(lib_a-strlen.o)
                0x000000001003aa3c                strlen
 .text          0x000000001003aa9c      0x160 /home/src/arm/target/bin/../arm-none-eabi/lib//libc.a(lib_a-strncmp.o)
                0x000000001003aa9c                strncmp
 .text          0x000000001003abfc      0x9f4 /home/src/arm/target/bin/../arm-none-eabi/lib//libc.a(lib_a-syscalls.o)
                0x000000001003acb0                initialise_monitor_handles
                0x000000001003ad74                _swiread
                0x000000001003adb4                _read
                0x000000001003ae78                _swilseek
                0x000000001003af84                _lseek
                0x000000001003afa4                _swiwrite
                0x000000001003afe4                _write
                0x000000001003b0ac                _swiopen
                0x000000001003b1ac                _open
                0x000000001003b1e0                _swiclose
                0x000000001003b258                _close
                0x000000001003b278                _kill
                0x000000001003b2b0                _exit
                0x000000001003b2d8                _getpid
                0x000000001003b2e0                _sbrk
                0x000000001003b338                _fstat
                0x000000001003b36c                _stat
                0x000000001003b3c0                _link
                0x000000001003b3c8                _unlink
                0x000000001003b41c                _raise
                0x000000001003b420                _gettimeofday
                0x000000001003b470                _times
                0x000000001003b4b4                _isatty
                0x000000001003b504                _system
                0x000000001003b588                _rename
 .text          0x000000001003b5f0     0x1238 /home/src/arm/target/bin/../arm-none-eabi/lib//libc.a(lib_a-vfiprintf.o)
                0x000000001003b69c                __sprint_r
                0x000000001003b6b4                _vfiprintf_r
                0x000000001003c730                vfiprintf
 .text          0x000000001003c828     0x1e98 /home/src/arm/target/bin/../arm-none-eabi/lib//libc.a(lib_a-vfprintf.o)
                0x000000001003c828                _vfprintf_r
                0x000000001003e5c8                vfprintf
 .text          0x000000001003e6c0       0x48 /home/src/arm/target/bin/../arm-none-eabi/lib//libc.a(lib_a-vprintf.o)
                0x000000001003e6c0                vprintf
                0x000000001003e6ec                _vprintf_r
 .text          0x000000001003e708      0x13c /home/src/arm/target/bin/../arm-none-eabi/lib//libc.a(lib_a-wbuf.o)
                0x000000001003e708                __swbuf_r
                0x000000001003e82c                __swbuf
 .text          0x000000001003e844       0x44 /home/src/arm/target/bin/../arm-none-eabi/lib//libc.a(lib_a-writer.o)
                0x000000001003e844                _write_r
 .text          0x000000001003e888      0x15c /home/src/arm/target/bin/../arm-none-eabi/lib//libc.a(lib_a-wsetup.o)
                0x000000001003e888                __swsetup_r
 .text          0x000000001003e9e4       0x3c /home/src/arm/target/bin/../arm-none-eabi/lib//libc.a(lib_a-closer.o)
                0x000000001003e9e4                _close_r
 .text          0x000000001003ea20     0x18d8 /home/src/arm/target/bin/../arm-none-eabi/lib//libc.a(lib_a-dtoa.o)
                0x000000001003ec00                _dtoa_r
 .text          0x00000000100402f8       0x10 /home/src/arm/target/bin/../arm-none-eabi/lib//libc.a(lib_a-errno.o)
                0x00000000100402f8                __errno
 .text          0x0000000010040308      0x104 /home/src/arm/target/bin/../arm-none-eabi/lib//libc.a(lib_a-fclose.o)
                0x0000000010040308                _fclose_r
                0x00000000100403f8                fclose
 .text          0x000000001004040c      0x188 /home/src/arm/target/bin/../arm-none-eabi/lib//libc.a(lib_a-fputwc.o)
                0x000000001004040c                _fputwc_r
                0x0000000010040550                fputwc
 .text          0x0000000010040594      0x4dc /home/src/arm/target/bin/../arm-none-eabi/lib//libc.a(lib_a-fvwrite.o)
                0x0000000010040594                __sfvwrite_r
 .text          0x0000000010040a70       0xd0 /home/src/arm/target/bin/../arm-none-eabi/lib//libc.a(lib_a-locale.o)
                0x0000000010040a70                _setlocale_r
                0x0000000010040ae0                __locale_charset
                0x0000000010040aec                __locale_mb_cur_max
                0x0000000010040afc                __locale_msgcharset
                0x0000000010040b08                __locale_cjk_lang
                0x0000000010040b10                _localeconv_r
                0x0000000010040b1c                setlocale
                0x0000000010040b34                localeconv
 .text          0x0000000010040b40       0x44 /home/src/arm/target/bin/../arm-none-eabi/lib//libc.a(lib_a-lseekr.o)
                0x0000000010040b40                _lseek_r
 .text          0x0000000010040b84      0x174 /home/src/arm/target/bin/../arm-none-eabi/lib//libc.a(lib_a-makebuf.o)
                0x0000000010040b84                __smakebuf_r
 .text          0x0000000010040cf8      0x114 /home/src/arm/target/bin/../arm-none-eabi/lib//libc.a(lib_a-memchr-stub.o)
                0x0000000010040cf8                memchr
 .text          0x0000000010040e0c      0x134 /home/src/arm/target/bin/../arm-none-eabi/lib//libc.a(lib_a-memmove.o)
                0x0000000010040e0c                memmove
 .text          0x0000000010040f40      0xd30 /home/src/arm/target/bin/../arm-none-eabi/lib//libc.a(lib_a-mprec.o)
                0x0000000010040f40                _Balloc
                0x0000000010040fcc                _Bfree
                0x0000000010040fe8                __multadd
                0x00000000100410c4                __s2b
                0x00000000100411ac                __hi0bits
                0x0000000010041208                __lo0bits
                0x000000001004129c                __i2b
                0x00000000100412c0                __multiply
                0x00000000100414a8                __pow5mult
                0x00000000100415ac                __lshift
                0x00000000100416b8                __mcmp
                0x0000000010041718                __mdiff
                0x000000001004185c                __ulp
                0x00000000100418c0                __b2d
                0x0000000010041998                __d2b
                0x0000000010041aa4                __ratio
                0x0000000010041b2c                _mprec_log10
                0x0000000010041b84                __copybits
                0x0000000010041bf4                __any_on
 .text          0x0000000010041c70       0x44 /home/src/arm/target/bin/../arm-none-eabi/lib//libc.a(lib_a-readr.o)
                0x0000000010041c70                _read_r
 .text          0x0000000010041cb4      0x134 /home/src/arm/target/bin/../arm-none-eabi/lib//libc.a(lib_a-reent.o)
                0x0000000010041cb4                cleanup_glue
                0x0000000010041ce0                _reclaim_reent
 .text          0x0000000010041de8      0x20c /home/src/arm/target/bin/../arm-none-eabi/lib//libc.a(lib_a-refill.o)
                0x0000000010041e14                __srefill_r
 .text          0x0000000010041ff4       0x6c /home/src/arm/target/bin/../arm-none-eabi/lib//libc.a(lib_a-s_fpclassify.o)
                0x0000000010041ff4                __fpclassifyd
 .text          0x0000000010042060      0x128 /home/src/arm/target/bin/../arm-none-eabi/lib//libc.a(lib_a-wcrtomb.o)
                0x0000000010042060                _wcrtomb_r
                0x00000000100420f0                wcrtomb
 .text          0x0000000010042188       0x7c /home/src/arm/target/bin/../arm-none-eabi/lib//libc.a(lib_a-wctomb_r.o)
                0x0000000010042188                __ascii_wctomb
                0x00000000100421b4                _wctomb_r
 .text          0x0000000010042204       0x9c /home/src/arm/target/bin/../arm-none-eabi/lib//libc.a(lib_a-callocr.o)
                0x0000000010042204                _calloc_r
 .text          0x00000000100422a0       0x40 /home/src/arm/target/bin/../arm-none-eabi/lib//libc.a(lib_a-fstatr.o)
                0x00000000100422a0                _fstat_r
 .text          0x00000000100422e0       0x3c /home/src/arm/target/bin/../arm-none-eabi/lib//libc.a(lib_a-isattyr.o)
                0x00000000100422e0                _isatty_r
 .text          0x000000001004231c      0x114 /home/src/arm/target/bin/../lib/gcc/arm-none-eabi/4.8.2//libgcc.a(_udivsi3.o)
                0x000000001004231c                __udivsi3
                0x000000001004231c                __aeabi_uidiv
                0x0000000010042410                __aeabi_uidivmod
 .text          0x0000000010042430      0x148 /home/src/arm/target/bin/../lib/gcc/arm-none-eabi/4.8.2//libgcc.a(_divsi3.o)
                0x0000000010042430                __aeabi_idiv
                0x0000000010042430                __divsi3
                0x0000000010042558                __aeabi_idivmod
 .text          0x0000000010042578        0x4 /home/src/arm/target/bin/../lib/gcc/arm-none-eabi/4.8.2//libgcc.a(_dvmd_tls.o)
                0x0000000010042578                __aeabi_ldiv0
                0x0000000010042578                __aeabi_idiv0
 .text          0x000000001004257c      0x41c /home/src/arm/target/bin/../lib/gcc/arm-none-eabi/4.8.2//libgcc.a(_arm_addsubdf3.o)
                0x000000001004257c                __aeabi_drsub
                0x0000000010042584                __aeabi_dsub
                0x0000000010042584                __subdf3
                0x0000000010042588                __adddf3
                0x0000000010042588                __aeabi_dadd
                0x0000000010042898                __aeabi_ui2d
                0x0000000010042898                __floatunsidf
                0x00000000100428bc                __floatsidf
                0x00000000100428bc                __aeabi_i2d
                0x00000000100428e4                __extendsfdf2
                0x00000000100428e4                __aeabi_f2d
                0x0000000010042924                __aeabi_ul2d
                0x0000000010042924                __floatundidf
                0x0000000010042938                __floatdidf
                0x0000000010042938                __aeabi_l2d
 .text          0x0000000010042998      0x49c /home/src/arm/target/bin/../lib/gcc/arm-none-eabi/4.8.2//libgcc.a(_arm_muldivdf3.o)
                0x0000000010042998                __aeabi_dmul
                0x0000000010042998                __muldf3
                0x0000000010042c28                __aeabi_ddiv
                0x0000000010042c28                __divdf3
 .text          0x0000000010042e34      0x144 /home/src/arm/target/bin/../lib/gcc/arm-none-eabi/4.8.2//libgcc.a(_arm_cmpdf2.o)
                0x0000000010042e34                __gtdf2
                0x0000000010042e34                __gedf2
                0x0000000010042e3c                __ltdf2
                0x0000000010042e3c                __ledf2
                0x0000000010042e44                __cmpdf2
                0x0000000010042e44                __eqdf2
                0x0000000010042e44                __nedf2
                0x0000000010042ecc                __aeabi_cdrcmple
                0x0000000010042ee8                __aeabi_cdcmple
                0x0000000010042ee8                __aeabi_cdcmpeq
                0x0000000010042f00                __aeabi_dcmpeq
                0x0000000010042f18                __aeabi_dcmplt
                0x0000000010042f30                __aeabi_dcmple
                0x0000000010042f48                __aeabi_dcmpge
                0x0000000010042f60                __aeabi_dcmpgt
 .text          0x0000000010042f78       0x5c /home/src/arm/target/bin/../lib/gcc/arm-none-eabi/4.8.2//libgcc.a(_arm_fixdfsi.o)
                0x0000000010042f78                __fixdfsi
                0x0000000010042f78                __aeabi_d2iz
 .text          0x0000000010042fd4       0x3c /home/src/arm/target/bin/../lib/gcc/arm-none-eabi/4.8.2//libgcc.a(_aeabi_uldivmod.o)
                0x0000000010042fd4                __aeabi_uldivmod
 .text          0x0000000010043010       0x84 /home/src/arm/target/bin/../lib/gcc/arm-none-eabi/4.8.2//libgcc.a(bpabi.o)
                0x0000000010043010                __gnu_ldivmod_helper
                0x0000000010043054                __gnu_uldivmod_helper
 .text          0x0000000010043094      0x4d0 /home/src/arm/target/bin/../lib/gcc/arm-none-eabi/4.8.2//libgcc.a(_divdi3.o)
                0x0000000010043094                __divdi3
 .text          0x0000000010043564      0x470 /home/src/arm/target/bin/../lib/gcc/arm-none-eabi/4.8.2//libgcc.a(_udivdi3.o)
                0x0000000010043564                __udivdi3
 .text          0x00000000100439d4       0x48 /home/src/arm/target/bin/../lib/gcc/arm-none-eabi/4.8.2//libgcc.a(_clzsi2.o)
                0x00000000100439d4                __clzsi2
 .text          0x0000000010043a1c      0x264 /home/leon/git/swp-report/iMX6_Platform_SDK/output/mx6sdl/lib/libsdk.a(max7310.o)
                0x0000000010043a1c                max7310_reg_read
                0x0000000010043a80                max7310_reg_write
                0x0000000010043aec                max7310_init
                0x0000000010043bcc                max7310_set_gpio_output
 .text          0x0000000010043c80     0x1774 /home/leon/git/swp-report/iMX6_Platform_SDK/output/mx6sdl/lib/libsdk.a(imx_i2c.o)
                0x0000000010043cb0                i2c_get_request_instance
                0x0000000010044708                i2c_xfer
                0x0000000010044e20                i2c_read
                0x0000000010044e50                i2c_write
                0x0000000010044e80                i2c_setup_interrupt
                0x00000000100450ec                i2c_init
 .text          0x00000000100453f4       0x5c /home/leon/git/swp-report/iMX6_Platform_SDK/output/mx6sdl/lib/libboard_evb_rev_a.a(board_network.o)
                0x00000000100453f4                imx_ar8031_iomux
                0x0000000010045408                imx_KSZ9021RN_reset
                0x0000000010045418                imx_ar8031_reset
                0x0000000010045428                imx_enet_iomux
                0x000000001004543c                imx_enet_phy_reset
 .text          0x0000000010045450       0x80 /home/leon/git/swp-report/iMX6_Platform_SDK/output/mx6sdl/lib/libboard_evb_rev_a.a(i2c_iomux_config.o)
                0x0000000010045450                i2c_iomux_config
 *(.glue_7t)
 .glue_7t       0x0000000000000000        0x0 linker stubs
 *(.glue_7)
 .glue_7        0x0000000000000000        0x0 linker stubs
 *(.vfp11_veneer)
 .vfp11_veneer  0x0000000000000000        0x0 linker stubs
 *(.ARM.extab* .gnu.linkonce.armextab.*)
 .ARM.extab.startup
                0x00000000100454d0        0x0 /home/leon/git/swp-report/iMX6_Platform_SDK/output/mx6sdl/lib/libsdk.a(startup.o)
 .ARM.extab     0x00000000100454d0        0x0 /home/src/arm/target/bin/../lib/gcc/arm-none-eabi/4.8.2//libgcc.a(_divdi3.o)
 .ARM.extab     0x00000000100454d0        0x0 /home/src/arm/target/bin/../lib/gcc/arm-none-eabi/4.8.2//libgcc.a(_udivdi3.o)
 *(.gcc_except_table)

.v4_bx          0x00000000100454d0        0x0
 .v4_bx         0x0000000000000000        0x0 linker stubs

.iplt           0x00000000100454d0        0x0
 .iplt          0x0000000000000000        0x0 /home/src/arm/target/bin/../lib/gcc/arm-none-eabi/4.8.2//crtbegin.o

.ctors
 *crtbegin.o(.ctors)
 *crtbegin?.o(.ctors)
 *(EXCLUDE_FILE(*crtend?.o *crtend.o) .ctors)
 *(SORT(.ctors.*))
 *(.ctors)

.dtors
 *crtbegin.o(.dtors)
 *crtbegin?.o(.dtors)
 *(EXCLUDE_FILE(*crtend?.o *crtend.o) .dtors)
 *(SORT(.dtors.*))
 *(.dtors)

.rodata         0x00000000100454d0     0x5798
 *(.rodata .rodata.* .gnu.linkonce.r.*)
 .rodata        0x00000000100454d0       0x88 /home/leon/git/swp-report/iMX6_Platform_SDK/output/mx6sdl/httpd/evb_rev_a/obj/apps/httpd/src/httpd_main.o
                0x00000000100454d0                kMACAddress
 .rodata        0x0000000010045558      0xda0 /home/leon/git/swp-report/iMX6_Platform_SDK/output/mx6sdl/httpd/evb_rev_a/obj/lwip/contrib/apps/httpserver_raw/fs.o
                0x00000000100462bc                file__img_sics_gif
                0x00000000100462d0                file__404_html
                0x00000000100462e4                file__index_html
 .rodata        0x00000000100462f8      0x2d4 /home/leon/git/swp-report/iMX6_Platform_SDK/output/mx6sdl/httpd/evb_rev_a/obj/lwip/contrib/apps/httpserver_raw/httpd.o
                0x0000000010046338                g_psDefaultFilenames
 .rodata        0x00000000100465cc       0x34 /home/leon/git/swp-report/iMX6_Platform_SDK/output/mx6sdl/lib/libsdk.a(ccm_pll.o)
                0x00000000100465cc                PLL1_OUTPUT
                0x00000000100465d0                PLL2_OUTPUT
                0x00000000100465e4                PLL3_OUTPUT
                0x00000000100465f8                PLL4_OUTPUT
                0x00000000100465fc                PLL5_OUTPUT
 .rodata        0x0000000010046600       0x64 /home/leon/git/swp-report/iMX6_Platform_SDK/output/mx6sdl/lib/libsdk.a(gic.o)
 .rodata        0x0000000010046664       0xcc /home/leon/git/swp-report/iMX6_Platform_SDK/output/mx6sdl/lib/libsdk.a(system_util.o)
 .rodata        0x0000000010046730       0xf4 /home/leon/git/swp-report/iMX6_Platform_SDK/output/mx6sdl/lib/libsdk.a(text_color.o)
                0x0000000010046738                g_TextAttributeDefault
                0x0000000010046744                g_TextAttributeBold
                0x0000000010046750                g_TextAttributeDim
                0x000000001004675c                g_TextAttributeUnderline
                0x0000000010046768                g_TextAttributeBlink
                0x0000000010046774                g_TextAttributeReverse
                0x0000000010046780                g_TextAttributeHidden
                0x000000001004678c                g_TextColorBlack
                0x0000000010046798                g_TextColorRed
                0x00000000100467a4                g_TextColorGreen
                0x00000000100467b0                g_TextColorYellow
                0x00000000100467bc                g_TextColorBlue
                0x00000000100467c8                g_TextColorMagenta
                0x00000000100467d4                g_TextColorCyan
                0x00000000100467e0                g_TextColorWhite
                0x00000000100467f0                g_TextColorOrange
                0x0000000010046800                g_TextColorLightBlue
                0x0000000010046810                g_TextColorGray
                0x0000000010046820                g_TextColorPurple
 .rodata        0x0000000010046824      0x1c4 /home/leon/git/swp-report/iMX6_Platform_SDK/output/mx6sdl/lib/libsdk.a(enet_drv.o)
 .rodata        0x00000000100469e8       0x20 /home/leon/git/swp-report/iMX6_Platform_SDK/output/mx6sdl/lib/libsdk.a(interrupt.o)
 .rodata        0x0000000010046a08      0x230 /home/leon/git/swp-report/iMX6_Platform_SDK/output/mx6sdl/lib/libsdk.a(abort_handler.o)
 .rodata        0x0000000010046c38       0x74 /home/leon/git/swp-report/iMX6_Platform_SDK/output/mx6sdl/lib/libboard_evb_rev_a.a(uart_iomux_config.o)
 .rodata        0x0000000010046cac      0xa88 /home/leon/git/swp-report/iMX6_Platform_SDK/output/mx6sdl/lib/liblwip.a(dhcp.o)
 .rodata        0x0000000010047734      0x114 /home/leon/git/swp-report/iMX6_Platform_SDK/output/mx6sdl/lib/liblwip.a(dns.o)
 .rodata        0x0000000010047848      0x32c /home/leon/git/swp-report/iMX6_Platform_SDK/output/mx6sdl/lib/liblwip.a(autoip.o)
 .rodata        0x0000000010047b74      0x18c /home/leon/git/swp-report/iMX6_Platform_SDK/output/mx6sdl/lib/liblwip.a(igmp.o)
 .rodata        0x0000000010047d00       0xb0 /home/leon/git/swp-report/iMX6_Platform_SDK/output/mx6sdl/lib/liblwip.a(ip4.o)
 .rodata        0x0000000010047db0       0x8c /home/leon/git/swp-report/iMX6_Platform_SDK/output/mx6sdl/lib/liblwip.a(ip4_addr.o)
                0x0000000010047db0                ip_addr_any
                0x0000000010047db4                ip_addr_broadcast
 .rodata        0x0000000010047e3c       0x1c /home/leon/git/swp-report/iMX6_Platform_SDK/output/mx6sdl/lib/liblwip.a(memp.o)
                0x0000000010047e3c                memp_sizes
 .rodata        0x0000000010047e58      0x10c /home/leon/git/swp-report/iMX6_Platform_SDK/output/mx6sdl/lib/liblwip.a(netif.o)
 .rodata        0x0000000010047f64      0x4a8 /home/leon/git/swp-report/iMX6_Platform_SDK/output/mx6sdl/lib/liblwip.a(pbuf.o)
 .rodata        0x000000001004840c       0x98 /home/leon/git/swp-report/iMX6_Platform_SDK/output/mx6sdl/lib/liblwip.a(raw.o)
 .rodata        0x00000000100484a4      0x9cc /home/leon/git/swp-report/iMX6_Platform_SDK/output/mx6sdl/lib/liblwip.a(mib2.o)
                0x00000000100484a4                snmp_scalar
                0x00000000100484b8                snmp_ids
                0x0000000010048528                snmp_nodes
                0x0000000010048598                snmp
                0x00000000100485b4                udpentry_ids
                0x00000000100485bc                udpentry_nodes
                0x00000000100485c4                udpentry
                0x00000000100485e0                udp_scalar
                0x00000000100485f4                udp_ids
                0x0000000010048608                udp_nodes
                0x000000001004861c                udp
                0x0000000010048638                tcpconnentry_ids
                0x000000001004864c                tcpconnentry_nodes
                0x0000000010048660                tcpconnentry
                0x000000001004867c                tcp_scalar
                0x0000000010048690                tcp_ids
                0x00000000100486cc                tcp_nodes
                0x0000000010048708                tcp
                0x0000000010048724                icmp_scalar
                0x0000000010048738                icmp_ids
                0x00000000100487a0                icmp_nodes
                0x0000000010048808                icmp
                0x0000000010048824                ipntomentry_ids
                0x0000000010048834                ipntomentry_nodes
                0x0000000010048844                ipntomentry
                0x0000000010048860                iprteentry_ids
                0x0000000010048894                iprteentry_nodes
                0x00000000100488c8                iprteentry
                0x00000000100488e4                ipaddrentry_ids
                0x00000000100488f8                ipaddrentry_nodes
                0x000000001004890c                ipaddrentry
                0x0000000010048928                ip_scalar
                0x000000001004893c                ip_ids
                0x0000000010048998                ip_nodes
                0x00000000100489f4                mib2_ip
                0x0000000010048a10                atentry_ids
                0x0000000010048a1c                atentry_nodes
                0x0000000010048a28                atentry
                0x0000000010048a44                attable_id
                0x0000000010048a48                attable_node
                0x0000000010048a4c                attable
                0x0000000010048a68                ifentry_ids
                0x0000000010048ac0                ifentry_nodes
                0x0000000010048b18                ifentry
                0x0000000010048b34                interfaces_scalar
                0x0000000010048b48                interfaces_ids
                0x0000000010048b50                interfaces_nodes
                0x0000000010048b58                interfaces
                0x0000000010048b74                sys_tem_scalar
                0x0000000010048b88                sys_tem_ids
                0x0000000010048ba4                sys_tem_nodes
                0x0000000010048bc0                sys_tem
                0x0000000010048bdc                mib2_ids
                0x0000000010048bfc                mib2_nodes
                0x0000000010048c1c                mib2
                0x0000000010048c38                mgmt_ids
                0x0000000010048c3c                mgmt_nodes
                0x0000000010048c40                mgmt
                0x0000000010048c5c                internet_ids
                0x0000000010048c60                internet_nodes
                0x0000000010048c64                internet
 .rodata        0x0000000010048e70       0xe0 /home/leon/git/swp-report/iMX6_Platform_SDK/output/mx6sdl/lib/liblwip.a(mib_structs.o)
                0x0000000010048e70                prefix
 .rodata        0x0000000010048f50       0xf0 /home/leon/git/swp-report/iMX6_Platform_SDK/output/mx6sdl/lib/liblwip.a(msg_in.o)
                0x0000000010048f50                snmp_version
                0x0000000010048f54                snmp_publiccommunity
 .rodata        0x0000000010049040      0x324 /home/leon/git/swp-report/iMX6_Platform_SDK/output/mx6sdl/lib/liblwip.a(stats.o)
 .rodata        0x0000000010049364      0x530 /home/leon/git/swp-report/iMX6_Platform_SDK/output/mx6sdl/lib/liblwip.a(tcp.o)
                0x00000000100493dc                tcp_state_str
                0x0000000010049408                tcp_backoff
                0x0000000010049418                tcp_persist_backoff
                0x0000000010049420                tcp_pcb_lists
 .rodata        0x0000000010049894      0x340 /home/leon/git/swp-report/iMX6_Platform_SDK/output/mx6sdl/lib/liblwip.a(tcp_in.o)
 .rodata        0x0000000010049bd4      0x424 /home/leon/git/swp-report/iMX6_Platform_SDK/output/mx6sdl/lib/liblwip.a(tcp_out.o)
 .rodata        0x0000000010049ff8       0xb0 /home/leon/git/swp-report/iMX6_Platform_SDK/output/mx6sdl/lib/liblwip.a(timers.o)
 .rodata        0x000000001004a0a8       0xc0 /home/leon/git/swp-report/iMX6_Platform_SDK/output/mx6sdl/lib/liblwip.a(udp.o)
 .rodata        0x000000001004a168      0x2c4 /home/leon/git/swp-report/iMX6_Platform_SDK/output/mx6sdl/lib/liblwip.a(etharp.o)
                0x000000001004a168                ethbroadcast
                0x000000001004a170                ethzero
 .rodata        0x000000001004a42c       0xa8 /home/leon/git/swp-report/iMX6_Platform_SDK/output/mx6sdl/lib/liblwip.a(mx6_ethernetif.o)
 .rodata        0x000000001004a4d4       0x84 /home/leon/git/swp-report/iMX6_Platform_SDK/output/mx6sdl/lib/liblwip.a(inet_chksum.o)
 .rodata        0x000000001004a558      0x18c /home/leon/git/swp-report/iMX6_Platform_SDK/output/mx6sdl/lib/liblwip.a(icmp.o)
 .rodata.str1.4
                0x000000001004a6e4       0x3f /home/src/arm/target/bin/../arm-none-eabi/lib//libc.a(lib_a-assert.o)
                                         0x44 (size before relaxing)
 *fill*         0x000000001004a723        0x1 
 .rodata        0x000000001004a724        0x4 /home/src/arm/target/bin/../arm-none-eabi/lib//libc.a(lib_a-impure.o)
                0x000000001004a724                _global_impure_ptr
 .rodata.str1.4
                0x000000001004a728        0x2 /home/src/arm/target/bin/../arm-none-eabi/lib//libc.a(lib_a-impure.o)
                                          0x4 (size before relaxing)
 *fill*         0x000000001004a72a        0x2 
 .rodata.str1.4
                0x000000001004a72c        0x4 /home/src/arm/target/bin/../arm-none-eabi/lib//libc.a(lib_a-syscalls.o)
 .rodata        0x000000001004a730       0x20 /home/src/arm/target/bin/../arm-none-eabi/lib//libc.a(lib_a-vfiprintf.o)
 .rodata.str1.4
                0x000000001004a750       0x2f /home/src/arm/target/bin/../arm-none-eabi/lib//libc.a(lib_a-vfiprintf.o)
                                         0x30 (size before relaxing)
 *fill*         0x000000001004a77f        0x1 
 .rodata        0x000000001004a780       0x20 /home/src/arm/target/bin/../arm-none-eabi/lib//libc.a(lib_a-vfprintf.o)
 .rodata.str1.4
                0x000000001004a7a0       0x12 /home/src/arm/target/bin/../arm-none-eabi/lib//libc.a(lib_a-vfprintf.o)
                                         0x44 (size before relaxing)
 *fill*         0x000000001004a7b2        0x2 
 .rodata.str1.4
                0x000000001004a7b4       0x10 /home/src/arm/target/bin/../arm-none-eabi/lib//libc.a(lib_a-dtoa.o)
                                         0x14 (size before relaxing)
 .rodata.str1.4
                0x000000001004a7c4        0xc /home/src/arm/target/bin/../arm-none-eabi/lib//libc.a(lib_a-locale.o)
                                         0x14 (size before relaxing)
 .rodata        0x000000001004a7d0      0x128 /home/src/arm/target/bin/../arm-none-eabi/lib//libc.a(lib_a-mprec.o)
                0x000000001004a7e0                __mprec_tens
                0x000000001004a8a8                __mprec_tinytens
                0x000000001004a8d0                __mprec_bigtens
 .rodata        0x000000001004a8f8      0x2c4 /home/leon/git/swp-report/iMX6_Platform_SDK/output/mx6sdl/lib/libsdk.a(imx_i2c.o)
 .rodata        0x000000001004abbc       0x74 /home/leon/git/swp-report/iMX6_Platform_SDK/output/mx6sdl/lib/libboard_evb_rev_a.a(i2c_iomux_config.o)
                0x000000001004ac30                . = ALIGN (0x4)
 *(.init)
 .init          0x000000001004ac30        0xc /home/src/arm/target/bin/../lib/gcc/arm-none-eabi/4.8.2//crti.o
                0x000000001004ac30                _init
 .init          0x000000001004ac3c        0xc /home/src/arm/target/bin/../lib/gcc/arm-none-eabi/4.8.2//crtn.o
                0x000000001004ac48                . = ALIGN (0x4)
                0x000000001004ac48                __init_array_start = .
 *(SORT(.init_array.*))
 *(.init_array)
 .init_array    0x000000001004ac48        0x4 /home/src/arm/target/bin/../lib/gcc/arm-none-eabi/4.8.2//crtbegin.o
                0x000000001004ac4c                __init_array_end = .
                0x000000001004ac4c                . = ALIGN (0x4)
 *(.fini)
 .fini          0x000000001004ac4c        0xc /home/src/arm/target/bin/../lib/gcc/arm-none-eabi/4.8.2//crti.o
                0x000000001004ac4c                _fini
 .fini          0x000000001004ac58        0xc /home/src/arm/target/bin/../lib/gcc/arm-none-eabi/4.8.2//crtn.o
                0x000000001004ac64                . = ALIGN (0x4)
                0x000000001004ac64                __fini_array_start = .
 *(.fini_array)
 .fini_array    0x000000001004ac64        0x4 /home/src/arm/target/bin/../lib/gcc/arm-none-eabi/4.8.2//crtbegin.o
 *(SORT(.fini_array.*))
                0x000000001004ac68                __fini_array_end = .
                0x000000001004ac68                PROVIDE (__exidx_start, .)

.eh_frame       0x000000001004ac68        0x4
 .eh_frame      0x000000001004ac68        0x0 /home/src/arm/target/bin/../lib/gcc/arm-none-eabi/4.8.2//crtbegin.o
 .eh_frame      0x000000001004ac68        0x4 /home/src/arm/target/bin/../lib/gcc/arm-none-eabi/4.8.2//crtend.o

.ARM.exidx      0x000000001004ac6c        0x8
 *(.ARM.exidx* .gnu.linkonce.armexidx.*)
 .ARM.exidx.startup
                0x000000001004ac6c        0x8 /home/leon/git/swp-report/iMX6_Platform_SDK/output/mx6sdl/lib/libsdk.a(startup.o)
 .ARM.exidx     0x000000001004ac74        0x0 /home/src/arm/target/bin/../lib/gcc/arm-none-eabi/4.8.2//libgcc.a(_divdi3.o)
                                          0x8 (size before relaxing)
 .ARM.exidx     0x000000001004ac74        0x0 /home/src/arm/target/bin/../lib/gcc/arm-none-eabi/4.8.2//libgcc.a(_udivdi3.o)
                                          0x8 (size before relaxing)
                0x000000001004ac74                PROVIDE (__exidx_end, .)

.rel.dyn        0x000000001004ac74        0x0
 .rel.iplt      0x0000000000000000        0x0 /home/src/arm/target/bin/../lib/gcc/arm-none-eabi/4.8.2//crtbegin.o

.data           0x000000001004ac78      0xbf8
 *(.data .data.* .gnu.linkonce.d.*)
 .data          0x000000001004ac78        0x4 /home/src/arm/target/bin/../lib/gcc/arm-none-eabi/4.8.2//crtbegin.o
                0x000000001004ac78                __dso_handle
 .data          0x000000001004ac7c        0x0 /home/src/arm/target/bin/../lib/gcc/arm-none-eabi/4.8.2//crti.o
 .data          0x000000001004ac7c        0x0 /home/src/arm/target/bin/../lib/gcc/arm-none-eabi/4.8.2//crtend.o
 .data          0x000000001004ac7c        0x0 /home/src/arm/target/bin/../lib/gcc/arm-none-eabi/4.8.2//crtn.o
 .data          0x000000001004ac7c        0x0 /home/leon/git/swp-report/iMX6_Platform_SDK/output/mx6sdl/httpd/evb_rev_a/obj/apps/common/ivt.o
 .data          0x000000001004ac7c        0x0 /home/leon/git/swp-report/iMX6_Platform_SDK/output/mx6sdl/httpd/evb_rev_a/obj/apps/common/platform_init.o
 .data          0x000000001004ac7c        0x0 /home/leon/git/swp-report/iMX6_Platform_SDK/output/mx6sdl/httpd/evb_rev_a/obj/apps/httpd/src/httpd_main.o
 .data          0x000000001004ac7c        0x0 /home/leon/git/swp-report/iMX6_Platform_SDK/output/mx6sdl/httpd/evb_rev_a/obj/lwip/contrib/apps/httpserver_raw/fs.o
 .data          0x000000001004ac7c        0x0 /home/leon/git/swp-report/iMX6_Platform_SDK/output/mx6sdl/httpd/evb_rev_a/obj/lwip/contrib/apps/httpserver_raw/httpd.o
 .data          0x000000001004ac7c        0x0 /home/leon/git/swp-report/iMX6_Platform_SDK/output/mx6sdl/lib/libsdk.a(ccm_pll.o)
 .data          0x000000001004ac7c        0x0 /home/leon/git/swp-report/iMX6_Platform_SDK/output/mx6sdl/lib/libsdk.a(cortexA9.o)
 .data          0x000000001004ac7c        0x0 /home/leon/git/swp-report/iMX6_Platform_SDK/output/mx6sdl/lib/libsdk.a(gic.o)
 .data          0x000000001004ac7c        0x0 /home/leon/git/swp-report/iMX6_Platform_SDK/output/mx6sdl/lib/libsdk.a(mmu.o)
 .data          0x000000001004ac7c        0x0 /home/leon/git/swp-report/iMX6_Platform_SDK/output/mx6sdl/lib/libsdk.a(startup.o)
 .data          0x000000001004ac7c        0x0 /home/leon/git/swp-report/iMX6_Platform_SDK/output/mx6sdl/lib/libsdk.a(vectors.o)
 .data          0x000000001004ac7c        0x0 /home/leon/git/swp-report/iMX6_Platform_SDK/output/mx6sdl/lib/libsdk.a(system_util.o)
 .data          0x000000001004ac7c        0x4 /home/leon/git/swp-report/iMX6_Platform_SDK/output/mx6sdl/lib/libsdk.a(text_color.o)
                0x000000001004ac7c                is_color_supported
 .data          0x000000001004ac80        0x0 /home/leon/git/swp-report/iMX6_Platform_SDK/output/mx6sdl/lib/libsdk.a(enet_drv.o)
 .data          0x000000001004ac80        0x0 /home/leon/git/swp-report/iMX6_Platform_SDK/output/mx6sdl/lib/libsdk.a(timer.o)
 .data          0x000000001004ac80        0x0 /home/leon/git/swp-report/iMX6_Platform_SDK/output/mx6sdl/lib/libsdk.a(imx_uart.o)
 .data          0x000000001004ac80        0x4 /home/leon/git/swp-report/iMX6_Platform_SDK/output/mx6sdl/lib/libsdk.a(arm_abort.o)
 .data          0x000000001004ac84        0x0 /home/leon/git/swp-report/iMX6_Platform_SDK/output/mx6sdl/lib/libsdk.a(interrupt.o)
 .data          0x000000001004ac84        0x0 /home/leon/git/swp-report/iMX6_Platform_SDK/output/mx6sdl/lib/libsdk.a(epit.o)
 .data          0x000000001004ac84        0x0 /home/leon/git/swp-report/iMX6_Platform_SDK/output/mx6sdl/lib/libsdk.a(abort_handler.o)
 .data          0x000000001004ac84        0x0 /home/leon/git/swp-report/iMX6_Platform_SDK/output/mx6sdl/lib/libboard_evb_rev_a.a(board_io_expanders.o)
 .data          0x000000001004ac84        0x8 /home/leon/git/swp-report/iMX6_Platform_SDK/output/mx6sdl/lib/libboard_evb_rev_a.a(hardware_modules.o)
                0x000000001004ac84                g_debug_uart_port
                0x000000001004ac88                g_system_timer_port
 .data          0x000000001004ac8c        0x0 /home/leon/git/swp-report/iMX6_Platform_SDK/output/mx6sdl/lib/libboard_evb_rev_a.a(dcd.o)
 .data          0x000000001004ac8c        0x0 /home/leon/git/swp-report/iMX6_Platform_SDK/output/mx6sdl/lib/libboard_evb_rev_a.a(uart_iomux_config.o)