Archive member included because of file (symbol)

/home/leon/git/swp-report/iMX6_Platform_SDK/output/mx6sdl/lib/libsdk.a(base.o)
                              /home/leon/git/swp-report/iMX6_Platform_SDK/output/mx6sdl/filesystem/evb_rev_a/obj/apps/filesystem/src/fs_test.o (GetFileSize)
/home/leon/git/swp-report/iMX6_Platform_SDK/output/mx6sdl/lib/libsdk.a(cache_wrappers.o)
                              /home/leon/git/swp-report/iMX6_Platform_SDK/output/mx6sdl/filesystem/evb_rev_a/obj/apps/filesystem/src/fs_test.o (g_usdhc_instance)
/home/leon/git/swp-report/iMX6_Platform_SDK/output/mx6sdl/lib/libsdk.a(chdir.o)
                              /home/leon/git/swp-report/iMX6_Platform_SDK/output/mx6sdl/filesystem/evb_rev_a/obj/apps/filesystem/src/fs_test.o (SetCWDHandle)
/home/leon/git/swp-report/iMX6_Platform_SDK/output/mx6sdl/lib/libsdk.a(directories.o)
                              /home/leon/git/swp-report/iMX6_Platform_SDK/output/mx6sdl/lib/libsdk.a(base.o) (CreateDirRecord)
/home/leon/git/swp-report/iMX6_Platform_SDK/output/mx6sdl/lib/libsdk.a(fatapi.o)
                              /home/leon/git/swp-report/iMX6_Platform_SDK/output/mx6sdl/lib/libsdk.a(base.o) (Findnextcluster)
/home/leon/git/swp-report/iMX6_Platform_SDK/output/mx6sdl/lib/libsdk.a(findnextsector.o)
                              /home/leon/git/swp-report/iMX6_Platform_SDK/output/mx6sdl/lib/libsdk.a(base.o) (UpdateHandleOffsets)
/home/leon/git/swp-report/iMX6_Platform_SDK/output/mx6sdl/lib/libsdk.a(fopen.o)
                              /home/leon/git/swp-report/iMX6_Platform_SDK/output/mx6sdl/lib/libsdk.a(cache_wrappers.o) (totalFileOpened)
/home/leon/git/swp-report/iMX6_Platform_SDK/output/mx6sdl/lib/libsdk.a(fs_fat_memory.o)
                              /home/leon/git/swp-report/iMX6_Platform_SDK/output/mx6sdl/filesystem/evb_rev_a/obj/apps/filesystem/src/fs_test.o (maxcaches)
/home/leon/git/swp-report/iMX6_Platform_SDK/output/mx6sdl/lib/libsdk.a(fs_steering.o)
                              /home/leon/git/swp-report/iMX6_Platform_SDK/output/mx6sdl/filesystem/evb_rev_a/obj/apps/filesystem/src/fs_test.o (Fclose)
/home/leon/git/swp-report/iMX6_Platform_SDK/output/mx6sdl/lib/libsdk.a(fsinit.o)
                              /home/leon/git/swp-report/iMX6_Platform_SDK/output/mx6sdl/lib/libsdk.a(base.o) (Handle)
/home/leon/git/swp-report/iMX6_Platform_SDK/output/mx6sdl/lib/libsdk.a(fsunicode.o)
                              /home/leon/git/swp-report/iMX6_Platform_SDK/output/mx6sdl/lib/libsdk.a(directories.o) (Long_NameRes_Ch)
/home/leon/git/swp-report/iMX6_Platform_SDK/output/mx6sdl/lib/libsdk.a(handle.o)
                              /home/leon/git/swp-report/iMX6_Platform_SDK/output/mx6sdl/lib/libsdk.a(chdir.o) (Freehandle)
/home/leon/git/swp-report/iMX6_Platform_SDK/output/mx6sdl/lib/libsdk.a(longfilename.o)
                              /home/leon/git/swp-report/iMX6_Platform_SDK/output/mx6sdl/lib/libsdk.a(directories.o) (ArrangeLongFileName)
/home/leon/git/swp-report/iMX6_Platform_SDK/output/mx6sdl/lib/libsdk.a(readdevicerecord.o)
                              /home/leon/git/swp-report/iMX6_Platform_SDK/output/mx6sdl/lib/libsdk.a(fsinit.o) (Readdevicerecord)
/home/leon/git/swp-report/iMX6_Platform_SDK/output/mx6sdl/lib/libsdk.a(reentrant_section.o)
                              /home/leon/git/swp-report/iMX6_Platform_SDK/output/mx6sdl/lib/libsdk.a(base.o) (EnterNonReentrantSection)
/home/leon/git/swp-report/iMX6_Platform_SDK/output/mx6sdl/lib/libsdk.a(standardapi.o)
                              /home/leon/git/swp-report/iMX6_Platform_SDK/output/mx6sdl/lib/libsdk.a(fs_steering.o) (Fclose_FAT)
/home/leon/git/swp-report/iMX6_Platform_SDK/output/mx6sdl/lib/libsdk.a(string_utilities.o)
                              /home/leon/git/swp-report/iMX6_Platform_SDK/output/mx6sdl/lib/libsdk.a(longfilename.o) (Convert_itoa)
/home/leon/git/swp-report/iMX6_Platform_SDK/output/mx6sdl/lib/libsdk.a(armv7_cache.o)
                              /home/leon/git/swp-report/iMX6_Platform_SDK/output/mx6sdl/filesystem/evb_rev_a/obj/apps/filesystem/src/fs_test.o (arm_dcache_enable)
/home/leon/git/swp-report/iMX6_Platform_SDK/output/mx6sdl/lib/libsdk.a(ccm_pll.o)
                              /home/leon/git/swp-report/iMX6_Platform_SDK/output/mx6sdl/filesystem/evb_rev_a/obj/apps/common/platform_init.o (ccm_init)
/home/leon/git/swp-report/iMX6_Platform_SDK/output/mx6sdl/lib/libsdk.a(cortexA9.o)
                              /home/leon/git/swp-report/iMX6_Platform_SDK/output/mx6sdl/filesystem/evb_rev_a/obj/apps/common/platform_init.o (arm_set_interrupt_state)
/home/leon/git/swp-report/iMX6_Platform_SDK/output/mx6sdl/lib/libsdk.a(gic.o)
                              /home/leon/git/swp-report/iMX6_Platform_SDK/output/mx6sdl/filesystem/evb_rev_a/obj/apps/common/platform_init.o (gic_init)
/home/leon/git/swp-report/iMX6_Platform_SDK/output/mx6sdl/lib/libsdk.a(mmu.o)
[...]
Memory Configuration

Name             Origin             Length             Attributes
OCRAM            0x0000000000900000 0x0000000000020000 xrw
DDR              0x0000000010000000 0x0000000040000000 xrw
*default*        0x0000000000000000 0xffffffffffffffff

Linker script and memory map

LOAD /home/src/arm/target/bin/../lib/gcc/arm-none-eabi/4.8.2//crtbegin.o
LOAD /home/src/arm/target/bin/../lib/gcc/arm-none-eabi/4.8.2//crti.o
LOAD /home/src/arm/target/bin/../lib/gcc/arm-none-eabi/4.8.2//crtend.o
LOAD /home/src/arm/target/bin/../lib/gcc/arm-none-eabi/4.8.2//crtn.o

.l1_page_table  0x0000000000900000     0x4000
                0x0000000000900000                __l1_page_table_start = .
                0x0000000000904000                . = (. + 0x4000)
 *fill*         0x0000000000900000     0x4000 

.heap.ocram     0x0000000000904000    0x1bfb8
                0x0000000000904000                __heap_ocram_start = .
                0x000000000091ffb8                . = (. + 0x1bfb8)
 *fill*         0x0000000000904000    0x1bfb8 
                0x000000000091ffb8                __heap_ocram_end = .

.ram_vectors    0x000000000091ffb8       0x48
                0x000000000091ffb8                __ram_vectors_start = .
                0x0000000000920000                . = (. + 0x48)
 *fill*         0x000000000091ffb8       0x48 
                0x0000000000920000                __ram_vectors_end = .
                0x0000000010000000                _start_image_add = ORIGIN (DDR)

.ivt            0x0000000010000000      0x420
                0x0000000010000400                . = (. + 0x400)
 *fill*         0x0000000010000000      0x400 
 *(.ivt)
 .ivt           0x0000000010000400       0x20 /home/leon/git/swp-report/iMX6_Platform_SDK/output/mx6sdl/filesystem/evb_rev_a/obj/apps/common/ivt.o
                0x0000000010000400                input_ivt

.boot_data      0x0000000010000420        0xc
                0x0000000010000420                __start_boot_data = .
 *(.boot_data)
 .boot_data     0x0000000010000420        0xc /home/leon/git/swp-report/iMX6_Platform_SDK/output/mx6sdl/filesystem/evb_rev_a/obj/apps/common/ivt.o
                0x0000000010000420                bd

.dcd_hdr        0x0000000010000430        0x4
                0x0000000010000430                __start_dcd = .
 *(.dcd_hdr)
 .dcd_hdr       0x0000000010000430        0x4 /home/leon/git/swp-report/iMX6_Platform_SDK/output/mx6sdl/lib/libboard_evb_rev_a.a(dcd.o)
                0x0000000010000430                input_dcd_hdr

.dcd_wrt_cmd    0x0000000010000434        0x4
 *(.dcd_wrt_cmd)
 .dcd_wrt_cmd   0x0000000010000434        0x4 /home/leon/git/swp-report/iMX6_Platform_SDK/output/mx6sdl/lib/libboard_evb_rev_a.a(dcd.o)
                0x0000000010000434                input_dcd_wrt_cmd

.dcd_data       0x0000000010000438      0x2d8
 *(.dcd_data)
 .dcd_data      0x0000000010000438      0x2d8 /home/leon/git/swp-report/iMX6_Platform_SDK/output/mx6sdl/lib/libboard_evb_rev_a.a(dcd.o)
                0x0000000010000438                input_dcd

.text           0x0000000010000710    0x35980
 CREATE_OBJECT_SYMBOLS
 *(.startup)
 .startup       0x0000000010000710      0x138 /home/leon/git/swp-report/iMX6_Platform_SDK/output/mx6sdl/lib/libsdk.a(startup.o)
                0x0000000010000710                _start
 *(.text .text.* .gnu.linkonce.t.*)
 .text          0x0000000010000848      0x128 /home/src/arm/target/bin/../lib/gcc/arm-none-eabi/4.8.2//crtbegin.o
 .text          0x0000000010000970        0x0 /home/src/arm/target/bin/../lib/gcc/arm-none-eabi/4.8.2//crti.o
 .text          0x0000000010000970        0x0 /home/src/arm/target/bin/../lib/gcc/arm-none-eabi/4.8.2//crtend.o
 .text          0x0000000010000970        0x0 /home/src/arm/target/bin/../lib/gcc/arm-none-eabi/4.8.2//crtn.o
 .text          0x0000000010000970        0x0 /home/leon/git/swp-report/iMX6_Platform_SDK/output/mx6sdl/filesystem/evb_rev_a/obj/apps/common/ivt.o
 .text          0x0000000010000970       0xbc /home/leon/git/swp-report/iMX6_Platform_SDK/output/mx6sdl/filesystem/evb_rev_a/obj/apps/common/platform_init.o
                0x0000000010000970                platform_init
 .text          0x0000000010000a2c       0xfc /home/leon/git/swp-report/iMX6_Platform_SDK/output/mx6sdl/filesystem/evb_rev_a/obj/apps/common/print_clock_info.o
                0x0000000010000a2c                show_freq
                0x0000000010000b18                show_ddr_config
 .text          0x0000000010000b28      0x15c /home/leon/git/swp-report/iMX6_Platform_SDK/output/mx6sdl/filesystem/evb_rev_a/obj/apps/common/print_version.o
                0x0000000010000b28                print_version
 .text          0x0000000010000c84     0x1388 /home/leon/git/swp-report/iMX6_Platform_SDK/output/mx6sdl/filesystem/evb_rev_a/obj/apps/filesystem/src/fs_test.o
                0x0000000010000d18                fat_write_speed_test
                0x0000000010001054                sd_raw_write_speed_test
                0x00000000100012c8                create_input_file
                0x0000000010001468                fat_read_speed_test
                0x00000000100017b0                sd_raw_read_speed_test
                0x0000000010001a3c                dump_test_results
                0x0000000010001de4                fat_test
                0x0000000010001fe8                main
 .text          0x000000001000200c     0x2e1c /home/leon/git/swp-report/iMX6_Platform_SDK/output/mx6sdl/lib/libsdk.a(base.o)
                0x0000000010002038                Fcreate
                0x00000000100021a8                Fflush
                0x00000000100024f0                GetFileSize
                0x0000000010002590                Fread_FAT
                0x0000000010002e6c                Fwrite_FAT
                0x0000000010003bb4                UpdateFileSize
                0x0000000010003e48                SeekPoint_InitializeBuffer
                0x0000000010003f0c                SeekPoint_CalculateSeekPointStep
                0x000000001000419c                SeekPoint_FillSeekPoint
                0x00000000100042dc                Fseek_FAT
                0x0000000010004c98                Ftell
                0x0000000010004d38                Feof
 .text          0x0000000010004e28     0x1974 /home/leon/git/swp-report/iMX6_Platform_SDK/output/mx6sdl/lib/libsdk.a(cache_wrappers.o)
                0x0000000010004e28                media_cache_pinned_write
                0x0000000010004e98                media_cache_release
                0x0000000010004ec8                fatCacheAllocate
                0x0000000010005024                updateFatCacheRefIndex
                0x0000000010005094                getFatCache
                0x00000000100051e0                fatCacheRelease
                0x00000000100053f8                print_media_fat_info
                0x00000000100058ac                FsFlushCache
                0x0000000010005968                FSWriteSector
                0x0000000010005d24                FSWriteMultiSectors
                0x0000000010005e20                FSEraseSector
                0x0000000010005f4c                FSReadSector
                0x0000000010006194                FSReadMultiSectors
                0x000000001000627c                FSReleaseSector
                0x00000000100062b8                FSFlushSector
                0x00000000100062e8                FlushCache
                0x0000000010006300                FSFlushDriveCache
                0x0000000010006328                VerifyPBS
                0x0000000010006448                FSDataDriveInit
 .text          0x000000001000679c     0x320c /home/leon/git/swp-report/iMX6_Platform_SDK/output/mx6sdl/lib/libsdk.a(chdir.o)
                0x000000001000679c                Chdir
                0x0000000010006a34                Chdirw
                0x0000000010006c7c                Getcwd
                0x0000000010006c94                Changepath
                0x0000000010006e58                ChangeToRootdirectory
                0x00000000100071c8                Searchdirectory
                0x0000000010007944                SetHandleforsearch
                0x00000000100080b4                Mkdir
                0x00000000100082ac                Mkdirw
                0x00000000100084a0                Rmdir
                0x0000000010008a18                Rmdirw
                0x0000000010008f20                CreateDirectory
                0x000000001000993c                SetCWDHandle
 .text          0x00000000100099a8     0x2368 /home/leon/git/swp-report/iMX6_Platform_SDK/output/mx6sdl/lib/libsdk.a(directories.o)
                0x00000000100099a8                CreateDirRecord
                0x0000000010009e60                ChkSum
                0x0000000010009f04                ReadDirectoryRecord
                0x000000001000a154                GetDateTime
                0x000000001000a18c                CreateShortDirRecord
                0x000000001000a3bc                Isdirectoryempty
                0x000000001000a470                Longdirmatch
                0x000000001000a6fc                MatchdirRecordW
                0x000000001000a898                Shortdirmatch
                0x000000001000aa18                Setfilename
                0x000000001000ab84                Uppercase
                0x000000001000ac3c                ConverToShortname
                0x000000001000afbc                FindfreeRecord
                0x000000001000b1e4                Searchfreerecord
                0x000000001000b2d0                CheckspaceinRootdir
                0x000000001000b438                DeleteRecord
                0x000000001000b768                ReadRootdirRecord
                0x000000001000b958                SetcurrentPos
                0x000000001000baac                GetVolumeLabel
 .text          0x000000001000bd10     0x1e50 /home/leon/git/swp-report/iMX6_Platform_SDK/output/mx6sdl/lib/libsdk.a(fatapi.o)
                0x000000001000bd3c                FATsectorno
                0x000000001000bed8                Computefreecluster
                0x000000001000bf78                Findnextcluster
                0x000000001000c000                FirstfreeAndallocate
                0x000000001000c644                FirstfreeAndallocateFAT32
                0x000000001000c840                Firstsectorofcluster
                0x000000001000c920                GetNewcluster
                0x000000001000cb00                ReadFAT12Entry
                0x000000001000cd10                ReadFATentry
                0x000000001000cf0c                Totalfreecluster
                0x000000001000d24c                TotalfreeclusterFAT16
                0x000000001000d684                WriteFATentry
                0x000000001000da70                ClearCluster
 .text          0x000000001000db60      0x25c /home/leon/git/swp-report/iMX6_Platform_SDK/output/mx6sdl/lib/libsdk.a(findnextsector.o)
                0x000000001000db60                UpdateHandleOffsets
                0x000000001000dcec                FindNextSector
 .text          0x000000001000ddbc     0x20c4 /home/leon/git/swp-report/iMX6_Platform_SDK/output/mx6sdl/lib/libsdk.a(fopen.o)
                0x000000001000ddbc                Fopen
                0x000000001000e50c                Fopenw
                0x000000001000ebd4                Fremove
                0x000000001000ef40                Fremovew
                0x000000001000f244                Frename
                0x000000001000f5ec                DeleteContent
 .text          0x000000001000fe80        0x0 /home/leon/git/swp-report/iMX6_Platform_SDK/output/mx6sdl/lib/libsdk.a(fs_fat_memory.o)
 .text          0x000000001000fe80      0x2ec /home/leon/git/swp-report/iMX6_Platform_SDK/output/mx6sdl/lib/libsdk.a(fs_steering.o)
                0x000000001000feac                FileSystemType
                0x000000001000ff10                Fclose
                0x000000001000ffa4                Fwrite
                0x0000000010010048                Fseek
                0x00000000100100c8                Fread
 .text          0x000000001001016c      0x424 /home/leon/git/swp-report/iMX6_Platform_SDK/output/mx6sdl/lib/libsdk.a(fsinit.o)
                0x000000001001016c                FSInit
                0x0000000010010238                FSDriveInit
                0x000000001001034c                FSClearDriveBuf
                0x00000000100103e8                FSDriveShutdown
                0x00000000100104ac                FSShutdown
 .text          0x0000000010010590      0x2d4 /home/leon/git/swp-report/iMX6_Platform_SDK/output/mx6sdl/lib/libsdk.a(fsunicode.o)
                0x0000000010010590                DBCStoUnicode
                0x0000000010010660                UnicodeToOEM
                0x0000000010010774                DBCStoTwoByteString
 .text          0x0000000010010864      0xea8 /home/leon/git/swp-report/iMX6_Platform_SDK/output/mx6sdl/lib/libsdk.a(handle.o)
                0x0000000010010864                Freehandle
                0x0000000010010934                Updatehandlemode
                0x00000000100109e8                Gethandlemode
                0x0000000010010a8c                IsHandleWriteAllocated
                0x0000000010010c9c                Searchfreehandleallocate
                0x0000000010010e40                Isfileopen
                0x000000001001101c                IsCurrWorkDir
                0x0000000010011170                GetCWDHandle
                0x0000000010011254                GetDeviceFromHandle
                0x0000000010011358                UpdateHandle
                0x000000001001156c                Handleactive
                0x000000001001162c                CheckMode
                0x000000001001166c                Ferror
 .text          0x000000001001170c     0x111c /home/leon/git/swp-report/iMX6_Platform_SDK/output/mx6sdl/lib/libsdk.a(longfilename.o)
                0x000000001001170c                ConstructLongFileName
                0x0000000010011a30                GetUnicodeWord
                0x0000000010011a88                ArrangeLongFileName
                0x0000000010011dc0                Setshortfilename
                0x00000000100123e8                IsShortNameValid
                0x000000001001267c                ArrangeFileName
 .text          0x0000000010012828     0x11fc /home/leon/git/swp-report/iMX6_Platform_SDK/output/mx6sdl/lib/libsdk.a(readdevicerecord.o)
                0x0000000010012828                Readdevicerecord
                0x0000000010013538                FSSize
                0x0000000010013630                FSFreeClusters
                0x0000000010013678                BytesPerCluster
                0x00000000100136c8                FSClusterShift
                0x0000000010013710                FSFreeSpace
                0x0000000010013798                FSFreeSpaceFromHandle
                0x000000001001380c                FSMediaPresent
                0x0000000010013854                FSFATType
                0x000000001001389c                Cleardevicerecord
                0x0000000010013924                FileSystemPresent
                0x00000000100139d4                FileSystemBootSectorVerify
 .text          0x0000000010013a24       0x20 /home/leon/git/swp-report/iMX6_Platform_SDK/output/mx6sdl/lib/libsdk.a(reentrant_section.o)
                0x0000000010013a24                EnterNonReentrantSection
                0x0000000010013a34                LeaveNonReentrantSection
 .text          0x0000000010013a44      0x44c /home/leon/git/swp-report/iMX6_Platform_SDK/output/mx6sdl/lib/libsdk.a(standardapi.o)
                0x0000000010013a44                Fclose_FAT
                0x0000000010013b10                Fgetc
                0x0000000010013be4                Fgets
                0x0000000010013cf8                Fputc
                0x0000000010013dac                Fputs
 .text          0x0000000010013e90      0xcd4 /home/leon/git/swp-report/iMX6_Platform_SDK/output/mx6sdl/lib/libsdk.a(string_utilities.o)
                0x0000000010013e90                Convert_itoa
                0x0000000010013fd0                Changecase
                0x0000000010014040                StrlengthW
                0x00000000100140b0                Strlength
                0x0000000010014118                Strcpy
                0x00000000100141b8                Strcpyw
                0x0000000010014290                GetChar
                0x00000000100142e4                GetCharW
                0x0000000010014338                PutChar
                0x0000000010014390                PutCharW
                0x00000000100143e0                GetnameW
                0x0000000010014440                Getname
                0x0000000010014498                GetDirnameW
                0x00000000100144f0                Extractfilename
                0x000000001001455c                Extractfilenamew
                0x00000000100145ec                Extractdirnamew
                0x0000000010014658                ExtractPathW
                0x000000001001470c                ExtractPath
                0x00000000100147a0                DiscardTrailigPeriods
                0x0000000010014860                DiscardTrailigPeriodsw
                0x0000000010014904                FSGetByte
                0x0000000010014940                FSGetWord
                0x000000001001499c                FSGetDWord
                0x0000000010014a30                PutByte
                0x0000000010014a6c                PutWord
                0x0000000010014ac8                PutDword
 .text          0x0000000010014b64      0x634 /home/leon/git/swp-report/iMX6_Platform_SDK/output/mx6sdl/lib/libsdk.a(armv7_cache.o)
                0x0000000010014b64                arm_dcache_state_query
                0x0000000010014ba4                arm_dcache_enable
                0x0000000010014bec                arm_dcache_disable
                0x0000000010014c24                arm_dcache_invalidate
                0x0000000010014cc0                arm_dcache_invalidate_line
                0x0000000010014d2c                arm_dcache_invalidate_mlines
                0x0000000010014dcc                arm_dcache_flush
                0x0000000010014e68                arm_dcache_flush_line
                0x0000000010014ed4                arm_dcache_flush_mlines
                0x0000000010014f74                arm_icache_state_query
                0x0000000010014fb4                arm_icache_enable
                0x0000000010014ffc                arm_icache_disable
                0x0000000010015034                arm_icache_invalidate
                0x0000000010015060                arm_icache_invalidate_is
                0x000000001001508c                arm_icache_invalidate_line
                0x00000000100150f8                arm_icache_invalidate_mlines
 .text          0x0000000010015198      0xc50 /home/leon/git/swp-report/iMX6_Platform_SDK/output/mx6sdl/lib/libsdk.a(ccm_pll.o)
                0x0000000010015198                ccm_init
                0x00000000100152bc                get_main_clock
                0x0000000010015548                get_peri_clock
                0x00000000100156e8                ccm_ccgr_config
                0x0000000010015750                clock_gating_config
                0x0000000010015b88                ccm_set_lpm_wakeup_source
                0x0000000010015c7c                ccm_enter_low_power
                0x0000000010015cec                ipu_hsp_clk_config
                0x0000000010015d0c                gpu_clock_config
 .text          0x0000000010015de8      0x164 /home/leon/git/swp-report/iMX6_Platform_SDK/output/mx6sdl/lib/libsdk.a(cortexA9.o)
                0x0000000010015de8                arm_set_interrupt_state
                0x0000000010015e0c                cpu_get_current
                0x0000000010015e18                enable_neon_fpu
                0x0000000010015e34                disable_strict_align_check
                0x0000000010015e48                disable_L1_cache
                0x0000000010015e68                get_arm_private_peripheral_base
                0x0000000010015e70                arm_unified_tlb_invalidate
                0x0000000010015e80                arm_unified_tlb_invalidate_is
                0x0000000010015e90                arm_branch_prediction_enable
                0x0000000010015ea0                arm_branch_prediction_disable
                0x0000000010015eb0                arm_branch_target_cache_invalidate
                0x0000000010015ebc                arm_branch_target_cache_invalidate_is
                0x0000000010015ec8                scu_enable
                0x0000000010015edc                scu_join_smp
                0x0000000010015eec                scu_leave_smp
                0x0000000010015efc                scu_get_cpus_in_smp
                0x0000000010015f10                scu_enable_maintenance_broadcast
                0x0000000010015f20                scu_disable_maintenance_broadcast
                0x0000000010015f30                scu_secure_invalidate
 .text          0x0000000010015f4c      0x5e0 /home/leon/git/swp-report/iMX6_Platform_SDK/output/mx6sdl/lib/libsdk.a(gic.o)
                0x0000000010016030                gic_enable
                0x0000000010016090                gic_set_irq_security
                0x0000000010016138                gic_enable_irq
                0x00000000100161b4                gic_set_irq_priority
                0x00000000100161fc                gic_set_cpu_target
                0x0000000010016308                gic_send_sgi
                0x000000001001635c                gic_cpu_enable
                0x00000000100163bc                gic_set_cpu_priority_mask
                0x00000000100163f0                gic_read_irq_ack
                0x000000001001641c                gic_write_end_of_irq
                0x000000001001644c                gic_init
                0x00000000100164f0                gic_init_cpu
 .text          0x000000001001652c      0x458 /home/leon/git/swp-report/iMX6_Platform_SDK/output/mx6sdl/lib/libsdk.a(mmu.o)
                0x000000001001652c                mmu_enable
                0x0000000010016564                mmu_disable
                0x0000000010016598                mmu_init
                0x00000000100166b4                mmu_map_l1_range
                0x00000000100168c8                mmu_virtual_to_physical
 .text          0x0000000010016984        0x0 /home/leon/git/swp-report/iMX6_Platform_SDK/output/mx6sdl/lib/libsdk.a(startup.o)
 .text          0x0000000010016984        0x4 /home/leon/git/swp-report/iMX6_Platform_SDK/output/mx6sdl/lib/libsdk.a(vectors.o)
                0x0000000010016984                exception_handler
 .text.vectors  0x0000000010016988       0x48 /home/leon/git/swp-report/iMX6_Platform_SDK/output/mx6sdl/lib/libsdk.a(vectors.o)
                0x0000000010016988                vectors
 .text          0x00000000100169d0      0x610 /home/leon/git/swp-report/iMX6_Platform_SDK/output/mx6sdl/lib/libsdk.a(runtime_support.o)
                0x00000000100169d0                _execve
                0x0000000010016a0c                _fork
                0x0000000010016a34                _isatty
                0x0000000010016a58                _open
                0x0000000010016a84                _close
                0x0000000010016aa8                _lseek
                0x0000000010016ad4                _fstat
                0x0000000010016b08                _read
                0x0000000010016bd8                _write
                0x0000000010016cc4                _raw_puts
                0x0000000010016d44                _sbrk
                0x0000000010016df4                _exit
                0x0000000010016e14                _kill
                0x0000000010016e4c                _getpid
                0x0000000010016e64                _link
                0x0000000010016e9c                _unlink
                0x0000000010016ed0                _stat
                0x0000000010016f04                _times
                0x0000000010016f28                _gettimeofday
                0x0000000010016fac                _wait
 .text          0x0000000010016fe0        0x0 /home/leon/git/swp-report/iMX6_Platform_SDK/output/mx6sdl/lib/libsdk.a(sdk_version.o)
 .text          0x0000000010016fe0      0x8fc /home/leon/git/swp-report/iMX6_Platform_SDK/output/mx6sdl/lib/libsdk.a(system_util.o)
                0x0000000010016fe0                _sys_exit
                0x0000000010016ffc                mybkpt
                0x0000000010017004                is_input_char
                0x0000000010017184                read_input_string
                0x0000000010017464                get_input_hex
                0x00000000100176dc                read_int
                0x0000000010017838                jump_to_sdp
 .text          0x00000000100178dc       0xdc /home/leon/git/swp-report/iMX6_Platform_SDK/output/mx6sdl/lib/libsdk.a(text_color.o)
                0x00000000100178dc                printf_color
                0x0000000010017974                get_color_supported
 .text          0x00000000100179b8      0x7c8 /home/leon/git/swp-report/iMX6_Platform_SDK/output/mx6sdl/lib/libsdk.a(board_id.o)
                0x00000000100179b8                chip_name
                0x0000000010017ad0                chip_revision
                0x0000000010017ba8                board_name
                0x0000000010017cb0                board_revision
                0x0000000010017d78                board_description
                0x0000000010017e98                get_board_id
                0x0000000010017f74                show_board_id
 .text          0x0000000010018180      0x8dc /home/leon/git/swp-report/iMX6_Platform_SDK/output/mx6sdl/lib/libsdk.a(epit.o)
                0x0000000010018180                epit_reload_counter
                0x00000000100181e0                epit_get_counter_value
                0x000000001001823c                epit_set_compare_event
                0x000000001001829c                epit_get_compare_event
                0x0000000010018394                epit_counter_disable
                0x0000000010018558                epit_counter_enable
                0x00000000100187b4                epit_setup_interrupt
                0x0000000010018844                epit_init
 .text          0x0000000010018a5c      0x27c /home/leon/git/swp-report/iMX6_Platform_SDK/output/mx6sdl/lib/libsdk.a(timer.o)
                0x0000000010018a5c                hal_delay_us
                0x0000000010018ac8                system_time_init
                0x0000000010018c24                time_get_microseconds
 .text          0x0000000010018cd8     0x281c /home/leon/git/swp-report/iMX6_Platform_SDK/output/mx6sdl/lib/libsdk.a(imx_uart.o)
                0x0000000010018cd8                uart_get_reffreq
                0x0000000010018dd4                uart_putchar
                0x0000000010018f24                uart_getchar
                0x0000000010019084                uart_set_FIFO_mode
                0x0000000010019bac                uart_set_loopback_mode
                0x0000000010019e00                uart_setup_interrupt
                0x0000000010019ecc                uart_init
 .text          0x000000001001b4f4     0x1184 /home/leon/git/swp-report/iMX6_Platform_SDK/output/mx6sdl/lib/libsdk.a(usdhc.o)
                0x000000001001b70c                set_card_access_mode
                0x000000001001b74c                read_usdhc_adma_mode
                0x000000001001b76c                read_usdhc_intr_mode
                0x000000001001b78c                card_init
                0x000000001001b93c                card_emmc_init
                0x000000001001b9d0                card_cmd_config
                0x000000001001bae4                card_get_cid
                0x000000001001bb84                card_enter_trans
                0x000000001001bc60                card_trans_status
                0x000000001001bd5c                card_get_port
                0x000000001001be40                card_set_blklen
                0x000000001001bf20                card_data_read
                0x000000001001c200                card_data_write
                0x000000001001c4f4                card_xfer_result
                0x000000001001c5e8                card_wait_xfer_done
 .text          0x000000001001c678     0x3478 /home/leon/git/swp-report/iMX6_Platform_SDK/output/mx6sdl/lib/libsdk.a(usdhc_host.o)
                0x000000001001da50                usdhc1_isr
                0x000000001001da68                usdhc2_isr
                0x000000001001da80                usdhc3_isr
                0x000000001001da98                usdhc4_isr
                0x000000001001dab0                host_init
                0x000000001001dae0                host_init_active
                0x000000001001db88                host_send_cmd
                0x000000001001dfb0                host_cfg_clock
                0x000000001001e750                host_set_bus_width
                0x000000001001e788                host_reset
                0x000000001001e8b8                host_read_response
                0x000000001001eaa8                host_cfg_block
                0x000000001001ed1c                host_clear_fifo
                0x000000001001eec8                host_setup_adma
                0x000000001001f0e8                host_data_read
                0x000000001001f5f0                host_data_write
 .text          0x000000001001faf0      0xe08 /home/leon/git/swp-report/iMX6_Platform_SDK/output/mx6sdl/lib/libsdk.a(usdhc_mmc.o)
                0x0000000010020090                mmc_init
                0x0000000010020134                emmc_init
                0x0000000010020260                emmc_print_cfg_info
                0x0000000010020498                mmc_set_boot_bus_width
                0x0000000010020560                mmc_set_boot_partition
                0x0000000010020660                mmc_set_boot_ack
                0x00000000100206e4                mmc_voltage_validation
 .text          0x00000000100208f8      0x800 /home/leon/git/swp-report/iMX6_Platform_SDK/output/mx6sdl/lib/libsdk.a(usdhc_sd.o)
                0x0000000010020c8c                sd_init
                0x0000000010020d44                sd_voltage_validation
 .text          0x00000000100210f8       0x98 /home/leon/git/swp-report/iMX6_Platform_SDK/output/mx6sdl/lib/libsdk.a(arm_abort.o)
                0x00000000100210f8                common_abort_handler
                0x0000000010021158                data_abort_handler
                0x0000000010021170                prefetch_abort_handler
 .text          0x0000000010021190      0x1b8 /home/leon/git/swp-report/iMX6_Platform_SDK/output/mx6sdl/lib/libsdk.a(interrupt.o)
                0x0000000010021190                IRQ_HDLR
                0x0000000010021254                disable_interrupt
                0x0000000010021290                enable_interrupt
                0x00000000100212e8                register_interrupt_routine
                0x000000001002131c                default_interrupt_routine
 .text          0x0000000010021348      0xc30 /home/leon/git/swp-report/iMX6_Platform_SDK/output/mx6sdl/lib/libsdk.a(menu.o)
                0x00000000100217c4                menu_get_indent
                0x00000000100217e0                menuitem_cmd_showmenu
                0x0000000010021804                menuitem_cmd_exitmenu
                0x0000000010021828                menu_append_menuitems
                0x0000000010021948                menu_present
                0x0000000010021ec8                menu_print_menuitem
 .text          0x0000000010021f78      0x4bc /home/leon/git/swp-report/iMX6_Platform_SDK/output/mx6sdl/lib/libsdk.a(abort_handler.o)
                0x0000000010021f78                dump_regs
 .text          0x0000000010022434       0x80 /home/leon/git/swp-report/iMX6_Platform_SDK/output/mx6sdl/lib/libboard_evb_rev_a.a(board_io_expanders.o)
                0x0000000010022434                board_ioexpander_init
                0x00000000100224a4                board_ioexpander_iomux_config
 .text          0x00000000100224b4      0x1a4 /home/leon/git/swp-report/iMX6_Platform_SDK/output/mx6sdl/lib/libboard_evb_rev_a.a(board_usdhc.o)
                0x00000000100224b4                usdhc_gpio_config
                0x00000000100224f8                usdhc_card_detected
                0x00000000100225a8                usdhc_write_protected
 .text          0x0000000010022658        0x0 /home/leon/git/swp-report/iMX6_Platform_SDK/output/mx6sdl/lib/libboard_evb_rev_a.a(hardware_modules.o)
 .text          0x0000000010022658        0x0 /home/leon/git/swp-report/iMX6_Platform_SDK/output/mx6sdl/lib/libboard_evb_rev_a.a(dcd.o)
 .text          0x0000000010022658       0x8c /home/leon/git/swp-report/iMX6_Platform_SDK/output/mx6sdl/lib/libboard_evb_rev_a.a(uart_iomux_config.o)
                0x0000000010022658                uart_iomux_config
 .text          0x00000000100226e4       0x80 /home/leon/git/swp-report/iMX6_Platform_SDK/output/mx6sdl/lib/libboard_evb_rev_a.a(usdhc_iomux_config.o)
                0x00000000100226e4                usdhc_iomux_config
 .text          0x0000000010022764      0x2c4 /home/leon/git/swp-report/iMX6_Platform_SDK/output/mx6sdl/lib/libboard_evb_rev_a.a(iomux_config.o)
                0x0000000010022764                iomux_config
                0x00000000100227e8                arm_iomux_config
                0x00000000100227f8                asrc_iomux_config
                0x0000000010022808                audmux_iomux_config
                0x0000000010022818                dcic1_iomux_config
                0x0000000010022828                dcic2_iomux_config
                0x0000000010022838                ecspi2_iomux_config
                0x0000000010022848                ecspi3_iomux_config
                0x0000000010022858                ecspi4_iomux_config
                0x0000000010022868                eim_iomux_config
                0x0000000010022878                epdc_iomux_config
                0x0000000010022888                epit1_iomux_config
                0x0000000010022898                epit2_iomux_config
                0x00000000100228a8                gpio1_iomux_config
                0x00000000100228b8                gpio2_iomux_config
                0x00000000100228c8                gpio7_iomux_config
                0x00000000100228d8                gpt_iomux_config
                0x00000000100228e8                i2c4_iomux_config
                0x00000000100228f8                lcd_iomux_config
                0x0000000010022908                ldb_iomux_config
                0x0000000010022918                mipi_csi_iomux_config
                0x0000000010022928                mipi_dsi_iomux_config
                0x0000000010022938                mipi_hsi_iomux_config
                0x0000000010022948                pcie_iomux_config
                0x0000000010022958                pmu_iomux_config
                0x0000000010022968                pwm2_iomux_config
                0x0000000010022978                pwm3_iomux_config
                0x0000000010022988                pwm4_iomux_config
                0x0000000010022998                sdma_iomux_config
                0x00000000100229a8                snvs_iomux_config
                0x00000000100229b8                src_iomux_config
                0x00000000100229c8                uart1_iomux_config
                0x00000000100229d8                uart3_iomux_config
                0x00000000100229e8                uart5_iomux_config
                0x00000000100229f8                wdog1_iomux_config
                0x0000000010022a08                wdog2_iomux_config
                0x0000000010022a18                xtalosc_iomux_config
 .text          0x0000000010022a28      0x5f8 /home/leon/git/swp-report/iMX6_Platform_SDK/output/mx6sdl/lib/libboard_evb_rev_a.a(ipu1_iomux_config.o)
                0x0000000010022a28                ipu1_iomux_config
 .text          0x0000000010023020      0x148 /home/leon/git/swp-report/iMX6_Platform_SDK/output/mx6sdl/lib/libboard_evb_rev_a.a(kpp_iomux_config.o)
                0x0000000010023020                kpp_iomux_config
 .text          0x0000000010023168       0xac /home/leon/git/swp-report/iMX6_Platform_SDK/output/mx6sdl/lib/libboard_evb_rev_a.a(mlb_iomux_config.o)
                0x0000000010023168                mlb_iomux_config
 .text          0x0000000010023214     0x2484 /home/leon/git/swp-report/iMX6_Platform_SDK/output/mx6sdl/lib/libboard_evb_rev_a.a(mmdc_iomux_config.o)
                0x0000000010023214                mmdc_iomux_config
 .text          0x0000000010025698       0x34 /home/leon/git/swp-report/iMX6_Platform_SDK/output/mx6sdl/lib/libboard_evb_rev_a.a(pwm1_iomux_config.o)
                0x0000000010025698                pwm1_iomux_config
 .text          0x00000000100256cc       0x70 /home/leon/git/swp-report/iMX6_Platform_SDK/output/mx6sdl/lib/libboard_evb_rev_a.a(sjc_iomux_config.o)
                0x00000000100256cc                sjc_iomux_config
 .text          0x000000001002573c       0xe0 /home/leon/git/swp-report/iMX6_Platform_SDK/output/mx6sdl/lib/libboard_evb_rev_a.a(spdif_iomux_config.o)
                0x000000001002573c                spdif_iomux_config
 .text          0x000000001002581c       0xe0 /home/leon/git/swp-report/iMX6_Platform_SDK/output/mx6sdl/lib/libboard_evb_rev_a.a(uart2_iomux_config.o)
                0x000000001002581c                uart2_iomux_config
 .text          0x00000000100258fc       0x78 /home/leon/git/swp-report/iMX6_Platform_SDK/output/mx6sdl/lib/libboard_evb_rev_a.a(uart4_iomux_config.o)
                0x00000000100258fc                uart4_iomux_config
 .text          0x0000000010025974       0x9c /home/leon/git/swp-report/iMX6_Platform_SDK/output/mx6sdl/lib/libboard_evb_rev_a.a(usb_iomux_config.o)
                0x0000000010025974                usb_iomux_config
 .text          0x0000000010025a10      0x188 /home/leon/git/swp-report/iMX6_Platform_SDK/output/mx6sdl/lib/libboard_evb_rev_a.a(usdhc1_iomux_config.o)
                0x0000000010025a10                usdhc1_iomux_config
 .text          0x0000000010025b98      0x1ac /home/leon/git/swp-report/iMX6_Platform_SDK/output/mx6sdl/lib/libboard_evb_rev_a.a(usdhc2_iomux_config.o)
                0x0000000010025b98                usdhc2_iomux_config
 .text          0x0000000010025d44      0x1d0 /home/leon/git/swp-report/iMX6_Platform_SDK/output/mx6sdl/lib/libboard_evb_rev_a.a(usdhc3_iomux_config.o)
                0x0000000010025d44                usdhc3_iomux_config
 .text          0x0000000010025f14      0x188 /home/leon/git/swp-report/iMX6_Platform_SDK/output/mx6sdl/lib/libboard_evb_rev_a.a(usdhc4_iomux_config.o)
                0x0000000010025f14                usdhc4_iomux_config
 .text          0x000000001002609c       0x34 /home/leon/git/swp-report/iMX6_Platform_SDK/output/mx6sdl/lib/libboard_evb_rev_a.a(ccm_iomux_config.o)
                0x000000001002609c                ccm_iomux_config
 .text          0x00000000100260d0      0x114 /home/leon/git/swp-report/iMX6_Platform_SDK/output/mx6sdl/lib/libboard_evb_rev_a.a(ecspi1_iomux_config.o)
                0x00000000100260d0                ecspi1_iomux_config
 .text          0x00000000100261e4      0x3bc /home/leon/git/swp-report/iMX6_Platform_SDK/output/mx6sdl/lib/libboard_evb_rev_a.a(enet_iomux_config.o)
                0x00000000100261e4                enet_iomux_config
 .text          0x00000000100265a0      0x280 /home/leon/git/swp-report/iMX6_Platform_SDK/output/mx6sdl/lib/libboard_evb_rev_a.a(esai_iomux_config.o)
                0x00000000100265a0                esai_iomux_config
 .text          0x0000000010026820       0x68 /home/leon/git/swp-report/iMX6_Platform_SDK/output/mx6sdl/lib/libboard_evb_rev_a.a(flexcan1_iomux_config.o)
                0x0000000010026820                flexcan1_iomux_config
 .text          0x0000000010026888       0x68 /home/leon/git/swp-report/iMX6_Platform_SDK/output/mx6sdl/lib/libboard_evb_rev_a.a(flexcan2_iomux_config.o)
                0x0000000010026888                flexcan2_iomux_config
 .text          0x00000000100268f0       0x58 /home/leon/git/swp-report/iMX6_Platform_SDK/output/mx6sdl/lib/libboard_evb_rev_a.a(gpio3_iomux_config.o)
                0x00000000100268f0                gpio3_iomux_config
 .text          0x0000000010026948       0x58 /home/leon/git/swp-report/iMX6_Platform_SDK/output/mx6sdl/lib/libboard_evb_rev_a.a(gpio4_iomux_config.o)
                0x0000000010026948                gpio4_iomux_config
 .text          0x00000000100269a0       0xa0 /home/leon/git/swp-report/iMX6_Platform_SDK/output/mx6sdl/lib/libboard_evb_rev_a.a(gpio5_iomux_config.o)
                0x00000000100269a0                gpio5_iomux_config
 .text          0x0000000010026a40       0x58 /home/leon/git/swp-report/iMX6_Platform_SDK/output/mx6sdl/lib/libboard_evb_rev_a.a(gpio6_iomux_config.o)
                0x0000000010026a40                gpio6_iomux_config
 .text          0x0000000010026a98      0x2bc /home/leon/git/swp-report/iMX6_Platform_SDK/output/mx6sdl/lib/libboard_evb_rev_a.a(gpmi_iomux_config.o)
                0x0000000010026a98                gpmi_iomux_config
 .text          0x0000000010026d54       0x40 /home/leon/git/swp-report/iMX6_Platform_SDK/output/mx6sdl/lib/libboard_evb_rev_a.a(hdmi_iomux_config.o)
                0x0000000010026d54                hdmi_iomux_config
 .text          0x0000000010026d94       0x78 /home/leon/git/swp-report/iMX6_Platform_SDK/output/mx6sdl/lib/libboard_evb_rev_a.a(i2c1_iomux_config.o)
                0x0000000010026d94                i2c1_iomux_config
 .text          0x0000000010026e0c       0x78 /home/leon/git/swp-report/iMX6_Platform_SDK/output/mx6sdl/lib/libboard_evb_rev_a.a(i2c2_iomux_config.o)
                0x0000000010026e0c                i2c2_iomux_config
 .text          0x0000000010026e84       0x78 /home/leon/git/swp-report/iMX6_Platform_SDK/output/mx6sdl/lib/libboard_evb_rev_a.a(i2c3_iomux_config.o)
                0x0000000010026e84                i2c3_iomux_config
 .text          0x0000000010026efc       0x14 /home/src/arm/target/bin/../arm-none-eabi/lib//libc.a(lib_a-abort.o)
                0x0000000010026efc                abort
 .text          0x0000000010026f10       0x64 /home/src/arm/target/bin/../arm-none-eabi/lib//libc.a(lib_a-assert.o)
                0x0000000010026f10                __assert_func
                0x0000000010026f64                __assert
 .text          0x0000000010026f74       0x20 /home/src/arm/target/bin/../arm-none-eabi/lib//libc.a(lib_a-bzero.o)
                0x0000000010026f74                bzero
 .text          0x0000000010026f94       0x24 /home/src/arm/target/bin/../arm-none-eabi/lib//libc.a(lib_a-calloc.o)
                0x0000000010026f94                calloc
 .text          0x0000000010026fb8       0x9c /home/src/arm/target/bin/../arm-none-eabi/lib//libc.a(lib_a-callocr.o)
                0x0000000010026fb8                _calloc_r
 .text          0x0000000010027054       0x70 /home/src/arm/target/bin/../arm-none-eabi/lib//libc.a(lib_a-fiprintf.o)
                0x0000000010027054                _fiprintf_r
                0x0000000010027084                fiprintf
 .text          0x00000000100270c4       0x8c /home/src/arm/target/bin/../arm-none-eabi/lib//libc.a(lib_a-fputc.o)
                0x00000000100270c4                _fputc_r
                0x0000000010027108                fputc
 .text          0x0000000010027150        0x0 /home/src/arm/target/bin/../arm-none-eabi/lib//libc.a(lib_a-impure.o)
 .text          0x0000000010027150       0x88 /home/src/arm/target/bin/../arm-none-eabi/lib//libc.a(lib_a-init.o)
                0x0000000010027150                __libc_init_array
 .text          0x00000000100271d8       0x40 /home/src/arm/target/bin/../arm-none-eabi/lib//libc.a(lib_a-malloc.o)
                0x00000000100271d8                malloc
                0x00000000100271f8                free
 .text          0x0000000010027218      0x72c /home/src/arm/target/bin/../arm-none-eabi/lib//libc.a(lib_a-mallocr.o)
                0x0000000010027218                _malloc_r
 .text          0x0000000010027944      0x114 /home/src/arm/target/bin/../arm-none-eabi/lib//libc.a(lib_a-memchr-stub.o)
                0x0000000010027944                memchr
 .text          0x0000000010027a58       0xf0 /home/src/arm/target/bin/../arm-none-eabi/lib//libc.a(lib_a-memcpy-stub.o)
                0x0000000010027a58                memcpy
 .text          0x0000000010027b48       0xf4 /home/src/arm/target/bin/../arm-none-eabi/lib//libc.a(lib_a-memset.o)
                0x0000000010027b48                memset
 .text          0x0000000010027c3c        0x8 /home/src/arm/target/bin/../arm-none-eabi/lib//libc.a(lib_a-mlock.o)
                0x0000000010027c3c                __malloc_lock
                0x0000000010027c40                __malloc_unlock
 .text          0x0000000010027c44       0x74 /home/src/arm/target/bin/../arm-none-eabi/lib//libc.a(lib_a-printf.o)
                0x0000000010027c44                _printf_r
                0x0000000010027c78                printf
 .text          0x0000000010027cb8      0x158 /home/src/arm/target/bin/../arm-none-eabi/lib//libc.a(lib_a-putc.o)
                0x0000000010027cb8                _putc_r
                0x0000000010027d5c                putc
 .text          0x0000000010027e10       0x24 /home/src/arm/target/bin/../arm-none-eabi/lib//libc.a(lib_a-realloc.o)
                0x0000000010027e10                realloc
 .text          0x0000000010027e34      0x56c /home/src/arm/target/bin/../arm-none-eabi/lib//libc.a(lib_a-reallocr.o)
                0x0000000010027e34                _realloc_r
 .text          0x00000000100283a0      0x134 /home/src/arm/target/bin/../arm-none-eabi/lib//libc.a(lib_a-reent.o)
                0x00000000100283a0                cleanup_glue
                0x00000000100283cc                _reclaim_reent
 .text          0x00000000100284d4       0x70 /home/src/arm/target/bin/../arm-none-eabi/lib//libc.a(lib_a-rget.o)
                0x00000000100284d4                __srget_r
                0x0000000010028530                __srget
 .text          0x0000000010028544       0x44 /home/src/arm/target/bin/../arm-none-eabi/lib//libc.a(lib_a-sbrkr.o)
                0x0000000010028544                _sbrk_r
 .text          0x0000000010028588      0x254 /home/src/arm/target/bin/../arm-none-eabi/lib//libc.a(lib_a-signal.o)
                0x0000000010028588                _init_signal_r
                0x00000000100285ec                _signal_r
                0x0000000010028660                _raise_r
                0x00000000100286f8                __sigtramp_r
                0x000000001002878c                raise
                0x00000000100287a0                signal
                0x00000000100287b8                _init_signal
                0x00000000100287c8                __sigtramp
 .text          0x00000000100287dc       0x50 /home/src/arm/target/bin/../arm-none-eabi/lib//libc.a(lib_a-signalr.o)
                0x00000000100287dc                _kill_r
                0x000000001002881c                _getpid_r
 .text          0x000000001002882c       0xdc /home/src/arm/target/bin/../arm-none-eabi/lib//libc.a(lib_a-sprintf.o)
                0x000000001002882c                _sprintf_r
                0x0000000010028894                sprintf
 .text          0x0000000010028908       0x60 /home/src/arm/target/bin/../arm-none-eabi/lib//libc.a(lib_a-strlen.o)
                0x0000000010028908                strlen
 .text          0x0000000010028968       0x8c /home/src/arm/target/bin/../arm-none-eabi/lib//libc.a(lib_a-strncasecmp.o)
                0x0000000010028968                strncasecmp
 .text          0x00000000100289f4     0x1d44 /home/src/arm/target/bin/../arm-none-eabi/lib//libc.a(lib_a-svfprintf.o)
                0x00000000100289f4                _svfprintf_r
 .text          0x000000001002a738     0x1238 /home/src/arm/target/bin/../arm-none-eabi/lib//libc.a(lib_a-vfiprintf.o)
                0x000000001002a7e4                __sprint_r
                0x000000001002a7fc                _vfiprintf_r
                0x000000001002b878                vfiprintf
 .text          0x000000001002b970     0x1e98 /home/src/arm/target/bin/../arm-none-eabi/lib//libc.a(lib_a-vfprintf.o)
                0x000000001002b970                _vfprintf_r
                0x000000001002d710                vfprintf
 .text          0x000000001002d808       0x48 /home/src/arm/target/bin/../arm-none-eabi/lib//libc.a(lib_a-vprintf.o)
                0x000000001002d808                vprintf
                0x000000001002d834                _vprintf_r
 .text          0x000000001002d850      0x13c /home/src/arm/target/bin/../arm-none-eabi/lib//libc.a(lib_a-wbuf.o)
                0x000000001002d850                __swbuf_r
                0x000000001002d974                __swbuf
 .text          0x000000001002d98c      0x15c /home/src/arm/target/bin/../arm-none-eabi/lib//libc.a(lib_a-wsetup.o)
                0x000000001002d98c                __swsetup_r
 .text          0x000000001002dae8        0x0 /home/src/arm/target/bin/../arm-none-eabi/lib//libc.a(lib_a-ctype_.o)
 .text          0x000000001002dae8     0x18d8 /home/src/arm/target/bin/../arm-none-eabi/lib//libc.a(lib_a-dtoa.o)
                0x000000001002dcc8                _dtoa_r
 .text          0x000000001002f3c0      0x2d4 /home/src/arm/target/bin/../arm-none-eabi/lib//libc.a(lib_a-fflush.o)
                0x000000001002f3c0                __sflush_r
                0x000000001002f604                _fflush_r
                0x000000001002f658                fflush
 .text          0x000000001002f694      0x354 /home/src/arm/target/bin/../arm-none-eabi/lib//libc.a(lib_a-findfp.o)
                0x000000001002f6a4                _cleanup_r
                0x000000001002f6bc                __sfmoreglue
                0x000000001002f70c                _cleanup
                0x000000001002f730                __sinit
                0x000000001002f898                __sfp
                0x000000001002f990                __sfp_lock_acquire
                0x000000001002f994                __sfp_lock_release
                0x000000001002f998                __sinit_lock_acquire
                0x000000001002f99c                __sinit_lock_release
                0x000000001002f9a0                __fp_lock_all
                0x000000001002f9c4                __fp_unlock_all
 .text          0x000000001002f9e8      0x188 /home/src/arm/target/bin/../arm-none-eabi/lib//libc.a(lib_a-fputwc.o)
                0x000000001002f9e8                _fputwc_r
                0x000000001002fb2c                fputwc
 .text          0x000000001002fb70      0x36c /home/src/arm/target/bin/../arm-none-eabi/lib//libc.a(lib_a-freer.o)
                0x000000001002fb70                _malloc_trim_r
                0x000000001002fc70                _free_r
 .text          0x000000001002fedc      0x4dc /home/src/arm/target/bin/../arm-none-eabi/lib//libc.a(lib_a-fvwrite.o)
                0x000000001002fedc                __sfvwrite_r
 .text          0x00000000100303b8      0x110 /home/src/arm/target/bin/../arm-none-eabi/lib//libc.a(lib_a-fwalk.o)
                0x00000000100303b8                _fwalk
                0x000000001003043c                _fwalk_reent
 .text          0x00000000100304c8       0xd0 /home/src/arm/target/bin/../arm-none-eabi/lib//libc.a(lib_a-locale.o)
                0x00000000100304c8                _setlocale_r
                0x0000000010030538                __locale_charset
                0x0000000010030544                __locale_mb_cur_max
                0x0000000010030554                __locale_msgcharset
                0x0000000010030560                __locale_cjk_lang
                0x0000000010030568                _localeconv_r
                0x0000000010030574                setlocale
                0x000000001003058c                localeconv
 .text          0x0000000010030598      0x174 /home/src/arm/target/bin/../arm-none-eabi/lib//libc.a(lib_a-makebuf.o)
                0x0000000010030598                __smakebuf_r
 .text          0x000000001003070c      0x134 /home/src/arm/target/bin/../arm-none-eabi/lib//libc.a(lib_a-memmove.o)
                0x000000001003070c                memmove
 .text          0x0000000010030840      0xd30 /home/src/arm/target/bin/../arm-none-eabi/lib//libc.a(lib_a-mprec.o)
                0x0000000010030840                _Balloc
                0x00000000100308cc                _Bfree
                0x00000000100308e8                __multadd
                0x00000000100309c4                __s2b
                0x0000000010030aac                __hi0bits
                0x0000000010030b08                __lo0bits
                0x0000000010030b9c                __i2b
                0x0000000010030bc0                __multiply
                0x0000000010030da8                __pow5mult
                0x0000000010030eac                __lshift
                0x0000000010030fb8                __mcmp
                0x0000000010031018                __mdiff
                0x000000001003115c                __ulp
                0x00000000100311c0                __b2d
                0x0000000010031298                __d2b
                0x00000000100313a4                __ratio
                0x000000001003142c                _mprec_log10
                0x0000000010031484                __copybits
                0x00000000100314f4                __any_on
 .text          0x0000000010031570      0x20c /home/src/arm/target/bin/../arm-none-eabi/lib//libc.a(lib_a-refill.o)
                0x000000001003159c                __srefill_r
 .text          0x000000001003177c       0x6c /home/src/arm/target/bin/../arm-none-eabi/lib//libc.a(lib_a-s_fpclassify.o)
                0x000000001003177c                __fpclassifyd
 .text          0x00000000100317e8       0xd8 /home/src/arm/target/bin/../arm-none-eabi/lib//libc.a(lib_a-stdio.o)
                0x00000000100317e8                __sread
                0x000000001003181c                __seofread
                0x0000000010031824                __swrite
                0x000000001003187c                __sseek
                0x00000000100318ac                __sclose
 .text          0x00000000100318c0      0x230 /home/src/arm/target/bin/../arm-none-eabi/lib//libc.a(lib_a-strcmp.o)
                0x00000000100318c0                strcmp
 .text          0x0000000010031af0     0x101c /home/src/arm/target/bin/../arm-none-eabi/lib//libc.a(lib_a-svfiprintf.o)
                0x0000000010031af0                __ssprint_r
                0x0000000010031c9c                _svfiprintf_r
 .text          0x0000000010032b0c      0x128 /home/src/arm/target/bin/../arm-none-eabi/lib//libc.a(lib_a-wcrtomb.o)
                0x0000000010032b0c                _wcrtomb_r
                0x0000000010032b9c                wcrtomb
 .text          0x0000000010032c34       0x7c /home/src/arm/target/bin/../arm-none-eabi/lib//libc.a(lib_a-wctomb_r.o)
                0x0000000010032c34                __ascii_wctomb
                0x0000000010032c60                _wctomb_r
 .text          0x0000000010032cb0       0x44 /home/src/arm/target/bin/../arm-none-eabi/lib//libc.a(lib_a-writer.o)
                0x0000000010032cb0                _write_r
 .text          0x0000000010032cf4       0x3c /home/src/arm/target/bin/../arm-none-eabi/lib//libc.a(lib_a-closer.o)
                0x0000000010032cf4                _close_r
 .text          0x0000000010032d30      0x104 /home/src/arm/target/bin/../arm-none-eabi/lib//libc.a(lib_a-fclose.o)
                0x0000000010032d30                _fclose_r
                0x0000000010032e20                fclose
 .text          0x0000000010032e34       0x40 /home/src/arm/target/bin/../arm-none-eabi/lib//libc.a(lib_a-fstatr.o)
                0x0000000010032e34                _fstat_r
 .text          0x0000000010032e74       0x3c /home/src/arm/target/bin/../arm-none-eabi/lib//libc.a(lib_a-isattyr.o)
                0x0000000010032e74                _isatty_r
 .text          0x0000000010032eb0       0x44 /home/src/arm/target/bin/../arm-none-eabi/lib//libc.a(lib_a-lseekr.o)
                0x0000000010032eb0                _lseek_r
 .text          0x0000000010032ef4       0x44 /home/src/arm/target/bin/../arm-none-eabi/lib//libc.a(lib_a-readr.o)
                0x0000000010032ef4                _read_r
 .text          0x0000000010032f38      0x114 /home/src/arm/target/bin/../lib/gcc/arm-none-eabi/4.8.2//libgcc.a(_udivsi3.o)
                0x0000000010032f38                __udivsi3
                0x0000000010032f38                __aeabi_uidiv
                0x000000001003302c                __aeabi_uidivmod
 .text          0x000000001003304c      0x148 /home/src/arm/target/bin/../lib/gcc/arm-none-eabi/4.8.2//libgcc.a(_divsi3.o)
                0x000000001003304c                __aeabi_idiv
                0x000000001003304c                __divsi3
                0x0000000010033174                __aeabi_idivmod
 .text          0x0000000010033194        0x4 /home/src/arm/target/bin/../lib/gcc/arm-none-eabi/4.8.2//libgcc.a(_dvmd_tls.o)
                0x0000000010033194                __aeabi_ldiv0
                0x0000000010033194                __aeabi_idiv0
 .text          0x0000000010033198      0x41c /home/src/arm/target/bin/../lib/gcc/arm-none-eabi/4.8.2//libgcc.a(_arm_addsubdf3.o)
                0x0000000010033198                __aeabi_drsub
                0x00000000100331a0                __aeabi_dsub
                0x00000000100331a0                __subdf3
                0x00000000100331a4                __adddf3
                0x00000000100331a4                __aeabi_dadd
                0x00000000100334b4                __aeabi_ui2d
                0x00000000100334b4                __floatunsidf
                0x00000000100334d8                __floatsidf
                0x00000000100334d8                __aeabi_i2d
                0x0000000010033500                __extendsfdf2
                0x0000000010033500                __aeabi_f2d
                0x0000000010033540                __aeabi_ul2d
                0x0000000010033540                __floatundidf
                0x0000000010033554                __floatdidf
                0x0000000010033554                __aeabi_l2d
 .text          0x00000000100335b4      0x49c /home/src/arm/target/bin/../lib/gcc/arm-none-eabi/4.8.2//libgcc.a(_arm_muldivdf3.o)
                0x00000000100335b4                __aeabi_dmul
                0x00000000100335b4                __muldf3
                0x0000000010033844                __aeabi_ddiv
                0x0000000010033844                __divdf3
 .text          0x0000000010033a50      0x144 /home/src/arm/target/bin/../lib/gcc/arm-none-eabi/4.8.2//libgcc.a(_arm_cmpdf2.o)
                0x0000000010033a50                __gtdf2
                0x0000000010033a50                __gedf2
                0x0000000010033a58                __ltdf2
                0x0000000010033a58                __ledf2
                0x0000000010033a60                __cmpdf2
                0x0000000010033a60                __eqdf2
                0x0000000010033a60                __nedf2
                0x0000000010033ae8                __aeabi_cdrcmple
                0x0000000010033b04                __aeabi_cdcmple
                0x0000000010033b04                __aeabi_cdcmpeq
                0x0000000010033b1c                __aeabi_dcmpeq
                0x0000000010033b34                __aeabi_dcmplt
                0x0000000010033b4c                __aeabi_dcmple
                0x0000000010033b64                __aeabi_dcmpge
                0x0000000010033b7c                __aeabi_dcmpgt
 .text          0x0000000010033b94       0x5c /home/src/arm/target/bin/../lib/gcc/arm-none-eabi/4.8.2//libgcc.a(_arm_fixdfsi.o)
                0x0000000010033b94                __fixdfsi
                0x0000000010033b94                __aeabi_d2iz
 .text          0x0000000010033bf0       0x3c /home/src/arm/target/bin/../lib/gcc/arm-none-eabi/4.8.2//libgcc.a(_aeabi_uldivmod.o)
                0x0000000010033bf0                __aeabi_uldivmod
 .text          0x0000000010033c2c       0x84 /home/src/arm/target/bin/../lib/gcc/arm-none-eabi/4.8.2//libgcc.a(bpabi.o)
                0x0000000010033c2c                __gnu_ldivmod_helper
                0x0000000010033c70                __gnu_uldivmod_helper
 .text          0x0000000010033cb0      0x4d0 /home/src/arm/target/bin/../lib/gcc/arm-none-eabi/4.8.2//libgcc.a(_divdi3.o)
                0x0000000010033cb0                __divdi3
 .text          0x0000000010034180      0x470 /home/src/arm/target/bin/../lib/gcc/arm-none-eabi/4.8.2//libgcc.a(_udivdi3.o)
                0x0000000010034180                __udivdi3
 .text          0x00000000100345f0       0x48 /home/src/arm/target/bin/../lib/gcc/arm-none-eabi/4.8.2//libgcc.a(_clzsi2.o)
                0x00000000100345f0                __clzsi2
 .text          0x0000000010034638      0x264 /home/leon/git/swp-report/iMX6_Platform_SDK/output/mx6sdl/lib/libsdk.a(max7310.o)
                0x0000000010034638                max7310_reg_read
                0x000000001003469c                max7310_reg_write
                0x0000000010034708                max7310_init
                0x00000000100347e8                max7310_set_gpio_output
 .text          0x000000001003489c     0x1774 /home/leon/git/swp-report/iMX6_Platform_SDK/output/mx6sdl/lib/libsdk.a(imx_i2c.o)
                0x00000000100348cc                i2c_get_request_instance
                0x0000000010035324                i2c_xfer
                0x0000000010035a3c                i2c_read
                0x0000000010035a6c                i2c_write
                0x0000000010035a9c                i2c_setup_interrupt
                0x0000000010035d08                i2c_init
 .text          0x0000000010036010       0x80 /home/leon/git/swp-report/iMX6_Platform_SDK/output/mx6sdl/lib/libboard_evb_rev_a.a(i2c_iomux_config.o)
                0x0000000010036010                i2c_iomux_config
 *(.glue_7t)
 .glue_7t       0x0000000000000000        0x0 linker stubs
 *(.glue_7)
 .glue_7        0x0000000000000000        0x0 linker stubs
 *(.vfp11_veneer)
 .vfp11_veneer  0x0000000000000000        0x0 linker stubs
 *(.ARM.extab* .gnu.linkonce.armextab.*)
 .ARM.extab.startup
                0x0000000010036090        0x0 /home/leon/git/swp-report/iMX6_Platform_SDK/output/mx6sdl/lib/libsdk.a(startup.o)
 .ARM.extab     0x0000000010036090        0x0 /home/src/arm/target/bin/../lib/gcc/arm-none-eabi/4.8.2//libgcc.a(_divdi3.o)
 .ARM.extab     0x0000000010036090        0x0 /home/src/arm/target/bin/../lib/gcc/arm-none-eabi/4.8.2//libgcc.a(_udivdi3.o)
 *(.gcc_except_table)

.v4_bx          0x0000000010036090        0x0
 .v4_bx         0x0000000000000000        0x0 linker stubs

.iplt           0x0000000010036090        0x0
 .iplt          0x0000000000000000        0x0 /home/src/arm/target/bin/../lib/gcc/arm-none-eabi/4.8.2//crtbegin.o

.ctors
 *crtbegin.o(.ctors)
 *crtbegin?.o(.ctors)
 *(EXCLUDE_FILE(*crtend?.o *crtend.o) .ctors)
 *(SORT(.ctors.*))
 *(.ctors)

.dtors
 *crtbegin.o(.dtors)
 *crtbegin?.o(.dtors)
 *(EXCLUDE_FILE(*crtend?.o *crtend.o) .dtors)
 *(SORT(.dtors.*))
 *(.dtors)

.rodata         0x0000000010036090     0x1ce8
 *(.rodata .rodata.* .gnu.linkonce.r.*)
 .rodata        0x0000000010036090       0x9c /home/leon/git/swp-report/iMX6_Platform_SDK/output/mx6sdl/filesystem/evb_rev_a/obj/apps/common/print_clock_info.o
 .rodata        0x000000001003612c      0x100 /home/leon/git/swp-report/iMX6_Platform_SDK/output/mx6sdl/filesystem/evb_rev_a/obj/apps/common/print_version.o
 .rodata        0x000000001003622c      0x284 /home/leon/git/swp-report/iMX6_Platform_SDK/output/mx6sdl/filesystem/evb_rev_a/obj/apps/filesystem/src/fs_test.o
 .rodata        0x00000000100364b0       0x34 /home/leon/git/swp-report/iMX6_Platform_SDK/output/mx6sdl/lib/libsdk.a(base.o)
 .rodata        0x00000000100364e4      0x270 /home/leon/git/swp-report/iMX6_Platform_SDK/output/mx6sdl/lib/libsdk.a(cache_wrappers.o)
 .rodata        0x0000000010036754       0x58 /home/leon/git/swp-report/iMX6_Platform_SDK/output/mx6sdl/lib/libsdk.a(fatapi.o)
 .rodata        0x00000000100367ac       0x10 /home/leon/git/swp-report/iMX6_Platform_SDK/output/mx6sdl/lib/libsdk.a(fs_fat_memory.o)
                0x00000000100367ac                maxcaches
                0x00000000100367b0                maxdevices
                0x00000000100367b4                maxhandles
                0x00000000100367b8                DriveLetter
 .rodata        0x00000000100367bc       0x40 /home/leon/git/swp-report/iMX6_Platform_SDK/output/mx6sdl/lib/libsdk.a(fs_steering.o)
                0x00000000100367bc                pRedirectFclose
                0x00000000100367c8                pRedirectFwrite
                0x00000000100367d4                pRedirectFseek
                0x00000000100367e0                pRedirectFread
 .rodata        0x00000000100367fc       0x14 /home/leon/git/swp-report/iMX6_Platform_SDK/output/mx6sdl/lib/libsdk.a(fsunicode.o)
                0x00000000100367fc                Long_NameRes_Ch
                0x0000000010036808                Short_NameRes_Ch
 .rodata        0x0000000010036810      0x10c /home/leon/git/swp-report/iMX6_Platform_SDK/output/mx6sdl/lib/libsdk.a(handle.o)
 .rodata        0x000000001003691c       0x34 /home/leon/git/swp-report/iMX6_Platform_SDK/output/mx6sdl/lib/libsdk.a(ccm_pll.o)
                0x000000001003691c                PLL1_OUTPUT
                0x0000000010036920                PLL2_OUTPUT
                0x0000000010036934                PLL3_OUTPUT
                0x0000000010036948                PLL4_OUTPUT
                0x000000001003694c                PLL5_OUTPUT
 .rodata        0x0000000010036950       0x64 /home/leon/git/swp-report/iMX6_Platform_SDK/output/mx6sdl/lib/libsdk.a(gic.o)
 .rodata        0x00000000100369b4       0x20 /home/leon/git/swp-report/iMX6_Platform_SDK/output/mx6sdl/lib/libsdk.a(runtime_support.o)
 .rodata        0x00000000100369d4       0x50 /home/leon/git/swp-report/iMX6_Platform_SDK/output/mx6sdl/lib/libsdk.a(sdk_version.o)
                0x00000000100369d4                k_sdk_version
                0x00000000100369d8                k_sdk_copyright
 .rodata        0x0000000010036a24       0xcc /home/leon/git/swp-report/iMX6_Platform_SDK/output/mx6sdl/lib/libsdk.a(system_util.o)
 .rodata        0x0000000010036af0       0xf4 /home/leon/git/swp-report/iMX6_Platform_SDK/output/mx6sdl/lib/libsdk.a(text_color.o)
                0x0000000010036af8                g_TextAttributeDefault
                0x0000000010036b04                g_TextAttributeBold
                0x0000000010036b10                g_TextAttributeDim
                0x0000000010036b1c                g_TextAttributeUnderline
                0x0000000010036b28                g_TextAttributeBlink
                0x0000000010036b34                g_TextAttributeReverse
                0x0000000010036b40                g_TextAttributeHidden
                0x0000000010036b4c                g_TextColorBlack
                0x0000000010036b58                g_TextColorRed
                0x0000000010036b64                g_TextColorGreen
                0x0000000010036b70                g_TextColorYellow
                0x0000000010036b7c                g_TextColorBlue
                0x0000000010036b88                g_TextColorMagenta
                0x0000000010036b94                g_TextColorCyan
                0x0000000010036ba0                g_TextColorWhite
                0x0000000010036bb0                g_TextColorOrange
                0x0000000010036bc0                g_TextColorLightBlue
                0x0000000010036bd0                g_TextColorGray
                0x0000000010036be0                g_TextColorPurple
 .rodata        0x0000000010036be4      0x1f8 /home/leon/git/swp-report/iMX6_Platform_SDK/output/mx6sdl/lib/libsdk.a(board_id.o)
 .rodata        0x0000000010036ddc      0x1cc /home/leon/git/swp-report/iMX6_Platform_SDK/output/mx6sdl/lib/libsdk.a(usdhc.o)
 .rodata        0x0000000010036fa8       0x1c /home/leon/git/swp-report/iMX6_Platform_SDK/output/mx6sdl/lib/libsdk.a(usdhc_host.o)
 .rodata        0x0000000010036fc4      0x20c /home/leon/git/swp-report/iMX6_Platform_SDK/output/mx6sdl/lib/libsdk.a(usdhc_mmc.o)
 .rodata        0x00000000100371d0       0x58 /home/leon/git/swp-report/iMX6_Platform_SDK/output/mx6sdl/lib/libsdk.a(usdhc_sd.o)
                0x00000000100371d0                sd_ocr_value
                0x00000000100371dc                sd_if_cmd_arg
 .rodata        0x0000000010037228       0x20 /home/leon/git/swp-report/iMX6_Platform_SDK/output/mx6sdl/lib/libsdk.a(interrupt.o)
 .rodata        0x0000000010037248      0x154 /home/leon/git/swp-report/iMX6_Platform_SDK/output/mx6sdl/lib/libsdk.a(menu.o)
 .rodata        0x000000001003739c      0x230 /home/leon/git/swp-report/iMX6_Platform_SDK/output/mx6sdl/lib/libsdk.a(abort_handler.o)
 .rodata        0x00000000100375cc       0x74 /home/leon/git/swp-report/iMX6_Platform_SDK/output/mx6sdl/lib/libboard_evb_rev_a.a(uart_iomux_config.o)
 .rodata        0x0000000010037640       0x74 /home/leon/git/swp-report/iMX6_Platform_SDK/output/mx6sdl/lib/libboard_evb_rev_a.a(usdhc_iomux_config.o)
 .rodata.str1.4
                0x00000000100376b4       0x3f /home/src/arm/target/bin/../arm-none-eabi/lib//libc.a(lib_a-assert.o)
                                         0x44 (size before relaxing)
 *fill*         0x00000000100376f3        0x1 
 .rodata        0x00000000100376f4        0x4 /home/src/arm/target/bin/../arm-none-eabi/lib//libc.a(lib_a-impure.o)
                0x00000000100376f4                _global_impure_ptr
 .rodata.str1.4
                0x00000000100376f8        0x2 /home/src/arm/target/bin/../arm-none-eabi/lib//libc.a(lib_a-impure.o)
                                          0x4 (size before relaxing)
 *fill*         0x00000000100376fa        0x2 
 .rodata        0x00000000100376fc       0x20 /home/src/arm/target/bin/../arm-none-eabi/lib//libc.a(lib_a-svfprintf.o)
 .rodata.str1.4
                0x000000001003771c       0x42 /home/src/arm/target/bin/../arm-none-eabi/lib//libc.a(lib_a-svfprintf.o)
                                         0x44 (size before relaxing)
 *fill*         0x000000001003775e        0x2 
 .rodata        0x0000000010037760       0x20 /home/src/arm/target/bin/../arm-none-eabi/lib//libc.a(lib_a-vfiprintf.o)
 .rodata.str1.4
                0x0000000000000000       0x30 /home/src/arm/target/bin/../arm-none-eabi/lib//libc.a(lib_a-vfiprintf.o)
 .rodata        0x0000000010037780       0x20 /home/src/arm/target/bin/../arm-none-eabi/lib//libc.a(lib_a-vfprintf.o)
 .rodata.str1.4
                0x0000000000000000       0x44 /home/src/arm/target/bin/../arm-none-eabi/lib//libc.a(lib_a-vfprintf.o)
 .rodata        0x00000000100377a0      0x104 /home/src/arm/target/bin/../arm-none-eabi/lib//libc.a(lib_a-ctype_.o)
                0x00000000100377a0                _ctype_
 .rodata.str1.4
                0x00000000100378a4       0x10 /home/src/arm/target/bin/../arm-none-eabi/lib//libc.a(lib_a-dtoa.o)
                                         0x14 (size before relaxing)
 .rodata.str1.4
                0x00000000100378b4        0xc /home/src/arm/target/bin/../arm-none-eabi/lib//libc.a(lib_a-locale.o)
                                         0x14 (size before relaxing)
 .rodata        0x00000000100378c0      0x128 /home/src/arm/target/bin/../arm-none-eabi/lib//libc.a(lib_a-mprec.o)
                0x00000000100378d0                __mprec_tens
                0x0000000010037998                __mprec_tinytens
                0x00000000100379c0                __mprec_bigtens
 .rodata        0x00000000100379e8       0x20 /home/src/arm/target/bin/../arm-none-eabi/lib//libc.a(lib_a-svfiprintf.o)
 .rodata.str1.4
                0x0000000000000000       0x30 /home/src/arm/target/bin/../arm-none-eabi/lib//libc.a(lib_a-svfiprintf.o)
 .rodata        0x0000000010037a08      0x2c4 /home/leon/git/swp-report/iMX6_Platform_SDK/output/mx6sdl/lib/libsdk.a(imx_i2c.o)
 .rodata        0x0000000010037ccc       0x74 /home/leon/git/swp-report/iMX6_Platform_SDK/output/mx6sdl/lib/libboard_evb_rev_a.a(i2c_iomux_config.o)
                0x0000000010037d40                . = ALIGN (0x4)
 *(.init)
 .init          0x0000000010037d40        0xc /home/src/arm/target/bin/../lib/gcc/arm-none-eabi/4.8.2//crti.o
                0x0000000010037d40                _init
 .init          0x0000000010037d4c        0xc /home/src/arm/target/bin/../lib/gcc/arm-none-eabi/4.8.2//crtn.o
                0x0000000010037d58                . = ALIGN (0x4)
                0x0000000010037d58                __init_array_start = .
 *(SORT(.init_array.*))
 *(.init_array)
 .init_array    0x0000000010037d58        0x4 /home/src/arm/target/bin/../lib/gcc/arm-none-eabi/4.8.2//crtbegin.o
                0x0000000010037d5c                __init_array_end = .
                0x0000000010037d5c                . = ALIGN (0x4)
 *(.fini)
 .fini          0x0000000010037d5c        0xc /home/src/arm/target/bin/../lib/gcc/arm-none-eabi/4.8.2//crti.o
                0x0000000010037d5c                _fini
 .fini          0x0000000010037d68        0xc /home/src/arm/target/bin/../lib/gcc/arm-none-eabi/4.8.2//crtn.o
                0x0000000010037d74                . = ALIGN (0x4)
                0x0000000010037d74                __fini_array_start = .
 *(.fini_array)
 .fini_array    0x0000000010037d74        0x4 /home/src/arm/target/bin/../lib/gcc/arm-none-eabi/4.8.2//crtbegin.o
 *(SORT(.fini_array.*))
                0x0000000010037d78                __fini_array_end = .
                0x0000000010037d78                PROVIDE (__exidx_start, .)

.eh_frame       0x0000000010037d78        0x4
 .eh_frame      0x0000000010037d78        0x0 /home/src/arm/target/bin/../lib/gcc/arm-none-eabi/4.8.2//crtbegin.o
 .eh_frame      0x0000000010037d78        0x4 /home/src/arm/target/bin/../lib/gcc/arm-none-eabi/4.8.2//crtend.o

.ARM.exidx      0x0000000010037d7c        0x8
 *(.ARM.exidx* .gnu.linkonce.armexidx.*)
 .ARM.exidx.startup
                0x0000000010037d7c        0x8 /home/leon/git/swp-report/iMX6_Platform_SDK/output/mx6sdl/lib/libsdk.a(startup.o)
 .ARM.exidx     0x0000000010037d84        0x0 /home/src/arm/target/bin/../lib/gcc/arm-none-eabi/4.8.2//libgcc.a(_divdi3.o)
                                          0x8 (size before relaxing)
 .ARM.exidx     0x0000000010037d84        0x0 /home/src/arm/target/bin/../lib/gcc/arm-none-eabi/4.8.2//libgcc.a(_udivdi3.o)
                                          0x8 (size before relaxing)
                0x0000000010037d84                PROVIDE (__exidx_end, .)

.rel.dyn        0x0000000010037d84        0x0
 .rel.iplt      0x0000000000000000        0x0 /home/src/arm/target/bin/../lib/gcc/arm-none-eabi/4.8.2//crtbegin.o

.data           0x0000000010037d88      0xa6c
 *(.data .data.* .gnu.linkonce.d.*)
 .data          0x0000000010037d88        0x4 /home/src/arm/target/bin/../lib/gcc/arm-none-eabi/4.8.2//crtbegin.o
                0x0000000010037d88                __dso_handle
 .data          0x0000000010037d8c        0x0 /home/src/arm/target/bin/../lib/gcc/arm-none-eabi/4.8.2//crti.o
 .data          0x0000000010037d8c        0x0 /home/src/arm/target/bin/../lib/gcc/arm-none-eabi/4.8.2//crtend.o
 .data          0x0000000010037d8c        0x0 /home/src/arm/target/bin/../lib/gcc/arm-none-eabi/4.8.2//crtn.o
 .data          0x0000000010037d8c        0x0 /home/leon/git/swp-report/iMX6_Platform_SDK/output/mx6sdl/filesystem/evb_rev_a/obj/apps/common/ivt.o
 .data          0x0000000010037d8c        0x0 /home/leon/git/swp-report/iMX6_Platform_SDK/output/mx6sdl/filesystem/evb_rev_a/obj/apps/common/platform_init.o
 .data          0x0000000010037d8c        0x0 /home/leon/git/swp-report/iMX6_Platform_SDK/output/mx6sdl/filesystem/evb_rev_a/obj/apps/common/print_clock_info.o
 .data          0x0000000010037d8c        0x0 /home/leon/git/swp-report/iMX6_Platform_SDK/output/mx6sdl/filesystem/evb_rev_a/obj/apps/common/print_version.o
 .data          0x0000000010037d8c      0x128 /home/leon/git/swp-report/iMX6_Platform_SDK/output/mx6sdl/filesystem/evb_rev_a/obj/apps/filesystem/src/fs_test.o
                0x0000000010037d8c                test_mode
                0x0000000010037d9c                status_tag
                0x0000000010037da4                rw_test_data
                0x0000000010037e94                readfile
                0x0000000010037ea0                writefile
                0x0000000010037eb0                epit_instance
 .data          0x0000000010037eb4        0x0 /home/leon/git/swp-report/iMX6_Platform_SDK/output/mx6sdl/lib/libsdk.a(base.o)
 .data          0x0000000010037eb4        0x8 /home/leon/git/swp-report/iMX6_Platform_SDK/output/mx6sdl/lib/libsdk.a(cache_wrappers.o)
                0x0000000010037eb4                g_usdhc_instance
                0x0000000010037eb8                cache_line
 .data          0x0000000010037ebc        0x0 /home/leon/git/swp-report/iMX6_Platform_SDK/output/mx6sdl/lib/libsdk.a(chdir.o)
 .data          0x0000000010037ebc        0x0 /home/leon/git/swp-report/iMX6_Platform_SDK/output/mx6sdl/lib/libsdk.a(directories.o)
 .data          0x0000000010037ebc        0x0 /home/leon/git/swp-report/iMX6_Platform_SDK/output/mx6sdl/lib/libsdk.a(fatapi.o)
 .data          0x0000000010037ebc        0x0 /home/leon/git/swp-report/iMX6_Platform_SDK/output/mx6sdl/lib/libsdk.a(findnextsector.o)
 .data          0x0000000010037ebc        0x0 /home/leon/git/swp-report/iMX6_Platform_SDK/output/mx6sdl/lib/libsdk.a(fopen.o)
 .data          0x0000000010037ebc        0x0 /home/leon/git/swp-report/iMX6_Platform_SDK/output/mx6sdl/lib/libsdk.a(fs_fat_memory.o)
 .data          0x0000000010037ebc        0x0 /home/leon/git/swp-report/iMX6_Platform_SDK/output/mx6sdl/lib/libsdk.a(fs_steering.o)
 .data          0x0000000010037ebc        0x0 /home/leon/git/swp-report/iMX6_Platform_SDK/output/mx6sdl/lib/libsdk.a(fsinit.o)
 .data          0x0000000010037ebc        0x0 /home/leon/git/swp-report/iMX6_Platform_SDK/output/mx6sdl/lib/libsdk.a(fsunicode.o)
 .data          0x0000000010037ebc        0x0 /home/leon/git/swp-report/iMX6_Platform_SDK/output/mx6sdl/lib/libsdk.a(handle.o)
 .data          0x0000000010037ebc        0x0 /home/leon/git/swp-report/iMX6_Platform_SDK/output/mx6sdl/lib/libsdk.a(longfilename.o)
 .data          0x0000000010037ebc        0x0 /home/leon/git/swp-report/iMX6_Platform_SDK/output/mx6sdl/lib/libsdk.a(readdevicerecord.o)
 .data          0x0000000010037ebc        0x0 /home/leon/git/swp-report/iMX6_Platform_SDK/output/mx6sdl/lib/libsdk.a(reentrant_section.o)
 .data          0x0000000010037ebc        0x0 /home/leon/git/swp-report/iMX6_Platform_SDK/output/mx6sdl/lib/libsdk.a(standardapi.o)
 .data          0x0000000010037ebc        0x0 /home/leon/git/swp-report/iMX6_Platform_SDK/output/mx6sdl/lib/libsdk.a(string_utilities.o)
 .data          0x0000000010037ebc        0x0 /home/leon/git/swp-report/iMX6_Platform_SDK/output/mx6sdl/lib/libsdk.a(armv7_cache.o)
 .data          0x0000000010037ebc        0x0 /home/leon/git/swp-report/iMX6_Platform_SDK/output/mx6sdl/lib/libsdk.a(ccm_pll.o)
 .data          0x0000000010037ebc        0x0 /home/leon/git/swp-report/iMX6_Platform_SDK/output/mx6sdl/lib/libsdk.a(cortexA9.o)
 .data          0x0000000010037ebc        0x0 /home/leon/git/swp-report/iMX6_Platform_SDK/output/mx6sdl/lib/libsdk.a(gic.o)
 .data          0x0000000010037ebc        0x0 /home/leon/git/swp-report/iMX6_Platform_SDK/output/mx6sdl/lib/libsdk.a(mmu.o)
 .data          0x0000000010037ebc        0x0 /home/leon/git/swp-report/iMX6_Platform_SDK/output/mx6sdl/lib/libsdk.a(startup.o)
 .data          0x0000000010037ebc        0x0 /home/leon/git/swp-report/iMX6_Platform_SDK/output/mx6sdl/lib/libsdk.a(vectors.o)
 .data          0x0000000010037ebc        0x4 /home/leon/git/swp-report/iMX6_Platform_SDK/output/mx6sdl/lib/libsdk.a(runtime_support.o)
                0x0000000010037ebc                environ
 .data          0x0000000010037ec0        0x0 /home/leon/git/swp-report/iMX6_Platform_SDK/output/mx6sdl/lib/libsdk.a(sdk_version.o)
 .data          0x0000000010037ec0        0x0 /home/leon/git/swp-report/iMX6_Platform_SDK/output/mx6sdl/lib/libsdk.a(system_util.o)
 .data          0x0000000010037ec0        0x4 /home/leon/git/swp-report/iMX6_Platform_SDK/output/mx6sdl/lib/libsdk.a(text_color.o)
                0x0000000010037ec0                is_color_supported
 .data          0x0000000010037ec4        0x0 /home/leon/git/swp-report/iMX6_Platform_SDK/output/mx6sdl/lib/libsdk.a(board_id.o)
 .data          0x0000000010037ec4        0x0 /home/leon/git/swp-report/iMX6_Platform_SDK/output/mx6sdl/lib/libsdk.a(epit.o)
 .data          0x0000000010037ec4        0x0 /home/leon/git/swp-report/iMX6_Platform_SDK/output/mx6sdl/lib/libsdk.a(timer.o)
 .data          0x0000000010037ec4        0x0 /home/leon/git/swp-report/iMX6_Platform_SDK/output/mx6sdl/lib/libsdk.a(imx_uart.o)
 .data          0x0000000010037ec4       0x58 /home/leon/git/swp-report/iMX6_Platform_SDK/output/mx6sdl/lib/libsdk.a(usdhc.o)
                0x0000000010037ec4                usdhc_device
                0x0000000010037f14                card_detect_test_en
                0x0000000010037f18                write_protect_test_en
 .data          0x0000000010037f1c        0x0 /home/leon/git/swp-report/iMX6_Platform_SDK/output/mx6sdl/lib/libsdk.a(usdhc_host.o)
 .data          0x0000000010037f1c        0x4 /home/leon/git/swp-report/iMX6_Platform_SDK/output/mx6sdl/lib/libsdk.a(usdhc_mmc.o)
 .data          0x0000000010037f20        0x0 /home/leon/git/swp-report/iMX6_Platform_SDK/output/mx6sdl/lib/libsdk.a(usdhc_sd.o)
 .data          0x0000000010037f20        0x4 /home/leon/git/swp-report/iMX6_Platform_SDK/output/mx6sdl/lib/libsdk.a(arm_abort.o)
 .data          0x0000000010037f24        0x0 /home/leon/git/swp-report/iMX6_Platform_SDK/output/mx6sdl/lib/libsdk.a(interrupt.o)
 .data          0x0000000010037f24        0x4 /home/leon/git/swp-report/iMX6_Platform_SDK/output/mx6sdl/lib/libsdk.a(menu.o)
 .data          0x0000000010037f28        0x0 /home/leon/git/swp-report/iMX6_Platform_SDK/output/mx6sdl/lib/libsdk.a(abort_handler.o)
 .data          0x0000000010037f28        0x0 /home/leon/git/swp-report/iMX6_Platform_SDK/output/mx6sdl/lib/libboard_evb_rev_a.a(board_io_expanders.o)
 .data          0x0000000010037f28        0x0 /home/leon/git/swp-report/iMX6_Platform_SDK/output/mx6sdl/lib/libboard_evb_rev_a.a(board_usdhc.o)
 .data          0x0000000010037f28        0x8 /home/leon/git/swp-report/iMX6_Platform_SDK/output/mx6sdl/lib/libboard_evb_rev_a.a(hardware_modules.o)
                0x0000000010037f28                g_debug_uart_port
                0x0000000010037f2c                g_system_timer_port
 .data          0x0000000010037f30        0x0 /home/leon/git/swp-report/iMX6_Platform_SDK/output/mx6sdl/lib/libboard_evb_rev_a.a(dcd.o)
 .data          0x0000000010037f30        0x0 /home/leon/git/swp-report/iMX6_Platform_SDK/output/mx6sdl/lib/libboard_evb_rev_a.a(uart_iomux_config.o)
 .data          0x0000000010037f30        0x0 /home/leon/git/swp-report/iMX6_Platform_SDK/output/mx6sdl/lib/libboard_evb_rev_a.a(usdhc_iomux_config.o)
 .data          0x0000000010037f30        0x0 /home/leon/git/swp-report/iMX6_Platform_SDK/output/mx6sdl/lib/libboard_evb_rev_a.a(iomux_config.o)
 .data          0x0000000010037f30        0x0 /home/leon/git/swp-report/iMX6_Platform_SDK/output/mx6sdl/lib/libboard_evb_rev_a.a(ipu1_iomux_config.o)
 .data          0x0000000010037f30        0x0 /home/leon/git/swp-report/iMX6_Platform_SDK/output/mx6sdl/lib/libboard_evb_rev_a.a(kpp_iomux_config.o)
 .data          0x0000000010037f30        0x0 /home/leon/git/swp-report/iMX6_Platform_SDK/output/mx6sdl/lib/libboard_evb_rev_a.a(mlb_iomux_config.o)
 .data          0x0000000010037f30        0x0 /home/leon/git/swp-report/iMX6_Platform_SDK/output/mx6sdl/lib/libboard_evb_rev_a.a(mmdc_iomux_config.o)
 .data          0x0000000010037f30        0x0 /home/leon/git/swp-report/iMX6_Platform_SDK/output/mx6sdl/lib/libboard_evb_rev_a.a(pwm1_iomux_config.o)
 .data          0x0000000010037f30        0x0 /home/leon/git/swp-report/iMX6_Platform_SDK/output/mx6sdl/lib/libboard_evb_rev_a.a(sjc_iomux_config.o)
 .data          0x0000000010037f30        0x0 /home/leon/git/swp-report/iMX6_Platform_SDK/output/mx6sdl/lib/libboard_evb_rev_a.a(spdif_iomux_config.o)
 .data          0x0000000010037f30        0x0 /home/leon/git/swp-report/iMX6_Platform_SDK/output/mx6sdl/lib/libboard_evb_rev_a.a(uart2_iomux_config.o)
 .data          0x0000000010037f30        0x0 /home/leon/git/swp-report/iMX6_Platform_SDK/output/mx6sdl/lib/libboard_evb_rev_a.a(uart4_iomux_config.o)
 .data          0x0000000010037f30        0x0 /home/leon/git/swp-report/iMX6_Platform_SDK/output/mx6sdl/lib/libboard_evb_rev_a.a(usb_iomux_config.o)
 .data          0x0000000010037f30        0x0 /home/leon/git/swp-report/iMX6_Platform_SDK/output/mx6sdl/lib/libboard_evb_rev_a.a(usdhc1_iomux_config.o)
 .data          0x0000000010037f30        0x0 /home/leon/git/swp-report/iMX6_Platform_SDK/output/mx6sdl/lib/libboard_evb_rev_a.a(usdhc2_iomux_config.o)
 .data          0x0000000010037f30        0x0 /home/leon/git/swp-report/iMX6_Platform_SDK/output/mx6sdl/lib/libboard_evb_rev_a.a(usdhc3_iomux_config.o)
 .data          0x0000000010037f30        0x0 /home/leon/git/swp-report/iMX6_Platform_SDK/output/mx6sdl/lib/libboard_evb_rev_a.a(usdhc4_iomux_config.o)
 .data          0x0000000010037f30        0x0 /home/leon/git/swp-report/iMX6_Platform_SDK/output/mx6sdl/lib/libboard_evb_rev_a.a(ccm_iomux_config.o)
 .data          0x0000000010037f30        0x0 /home/leon/git/swp-report/iMX6_Platform_SDK/output/mx6sdl/lib/libboard_evb_rev_a.a(ecspi1_iomux_config.o)
 .data          0x0000000010037f30        0x0 /home/leon/git/swp-report/iMX6_Platform_SDK/output/mx6sdl/lib/libboard_evb_rev_a.a(enet_iomux_config.o)
 .data          0x0000000010037f30        0x0 /home/leon/git/swp-report/iMX6_Platform_SDK/output/mx6sdl/lib/libboard_evb_rev_a.a(esai_iomux_config.o)
 .data          0x0000000010037f30        0x0 /home/leon/git/swp-report/iMX6_Platform_SDK/output/mx6sdl/lib/libboard_evb_rev_a.a(flexcan1_iomux_config.o)
 .data          0x0000000010037f30        0x0 /home/leon/git/swp-report/iMX6_Platform_SDK/output/mx6sdl/lib/libboard_evb_rev_a.a(flexcan2_iomux_config.o)
 .data          0x0000000010037f30        0x0 /home/leon/git/swp-report/iMX6_Platform_SDK/output/mx6sdl/lib/libboard_evb_rev_a.a(gpio3_iomux_config.o)
 .data          0x0000000010037f30        0x0 /home/leon/git/swp-report/iMX6_Platform_SDK/output/mx6sdl/lib/libboard_evb_rev_a.a(gpio4_iomux_config.o)
 .data          0x0000000010037f30        0x0 /home/leon/git/swp-report/iMX6_Platform_SDK/output/mx6sdl/lib/libboard_evb_rev_a.a(gpio5_iomux_config.o)
 .data          0x0000000010037f30        0x0 /home/leon/git/swp-report/iMX6_Platform_SDK/output/mx6sdl/lib/libboard_evb_rev_a.a(gpio6_iomux_config.o)
 .data          0x0000000010037f30        0x0 /home/leon/git/swp-report/iMX6_Platform_SDK/output/mx6sdl/lib/libboard_evb_rev_a.a(gpmi_iomux_config.o)
 .data          0x0000000010037f30        0x0 /home/leon/git/swp-report/iMX6_Platform_SDK/output/mx6sdl/lib/libboard_evb_rev_a.a(hdmi_iomux_config.o)
 .data          0x0000000010037f30        0x0 /home/leon/git/swp-report/iMX6_Platform_SDK/output/mx6sdl/lib/libboard_evb_rev_a.a(i2c1_iomux_config.o)
 .data          0x0000000010037f30        0x0 /home/leon/git/swp-report/iMX6_Platform_SDK/output/mx6sdl/lib/libboard_evb_rev_a.a(i2c2_iomux_config.o)
 .data          0x0000000010037f30        0x0 /home/leon/git/swp-report/iMX6_Platform_SDK/output/mx6sdl/lib/libboard_evb_rev_a.a(i2c3_iomux_config.o)
 .data          0x0000000010037f30        0x0 /home/src/arm/target/bin/../arm-none-eabi/lib//libc.a(lib_a-abort.o)
 .data          0x0000000010037f30        0x0 /home/src/arm/target/bin/../arm-none-eabi/lib//libc.a(lib_a-assert.o)
 .data          0x0000000010037f30        0x0 /home/src/arm/target/bin/../arm-none-eabi/lib//libc.a(lib_a-bzero.o)
 .data          0x0000000010037f30        0x0 /home/src/arm/target/bin/../arm-none-eabi/lib//libc.a(lib_a-calloc.o)
 .data          0x0000000010037f30        0x0 /home/src/arm/target/bin/../arm-none-eabi/lib//libc.a(lib_a-callocr.o)
 .data          0x0000000010037f30        0x0 /home/src/arm/target/bin/../arm-none-eabi/lib//libc.a(lib_a-fiprintf.o)
 .data          0x0000000010037f30        0x0 /home/src/arm/target/bin/../arm-none-eabi/lib//libc.a(lib_a-fputc.o)
 .data          0x0000000010037f30      0x430 /home/src/arm/target/bin/../arm-none-eabi/lib//libc.a(lib_a-impure.o)
                0x0000000010037f30                _impure_ptr
 .data          0x0000000010038360        0x0 /home/src/arm/target/bin/../arm-none-eabi/lib//libc.a(lib_a-init.o)
 .data          0x0000000010038360        0x0 /home/src/arm/target/bin/../arm-none-eabi/lib//libc.a(lib_a-malloc.o)
 .data          0x0000000010038360      0x410 /home/src/arm/target/bin/../arm-none-eabi/lib//libc.a(lib_a-mallocr.o)
                0x0000000010038360                __malloc_av_
                0x0000000010038768                __malloc_sbrk_base
                0x000000001003876c                __malloc_trim_threshold
 .data          0x0000000010038770        0x0 /home/src/arm/target/bin/../arm-none-eabi/lib//libc.a(lib_a-memchr-stub.o)
 .data          0x0000000010038770        0x0 /home/src/arm/target/bin/../arm-none-eabi/lib//libc.a(lib_a-memcpy-stub.o)
 .data          0x0000000010038770        0x0 /home/src/arm/target/bin/../arm-none-eabi/lib//libc.a(lib_a-memset.o)
 .data          0x0000000010038770        0x0 /home/src/arm/target/bin/../arm-none-eabi/lib//libc.a(lib_a-mlock.o)
 .data          0x0000000010038770        0x0 /home/src/arm/target/bin/../arm-none-eabi/lib//libc.a(lib_a-printf.o)
 .data          0x0000000010038770        0x0 /home/src/arm/target/bin/../arm-none-eabi/lib//libc.a(lib_a-putc.o)
 .data          0x0000000010038770        0x0 /home/src/arm/target/bin/../arm-none-eabi/lib//libc.a(lib_a-realloc.o)
 .data          0x0000000010038770        0x0 /home/src/arm/target/bin/../arm-none-eabi/lib//libc.a(lib_a-reallocr.o)
 .data          0x0000000010038770        0x0 /home/src/arm/target/bin/../arm-none-eabi/lib//libc.a(lib_a-reent.o)
 .data          0x0000000010038770        0x0 /home/src/arm/target/bin/../arm-none-eabi/lib//libc.a(lib_a-rget.o)
 .data          0x0000000010038770        0x0 /home/src/arm/target/bin/../arm-none-eabi/lib//libc.a(lib_a-sbrkr.o)
 .data          0x0000000010038770        0x0 /home/src/arm/target/bin/../arm-none-eabi/lib//libc.a(lib_a-signal.o)
 .data          0x0000000010038770        0x0 /home/src/arm/target/bin/../arm-none-eabi/lib//libc.a(lib_a-signalr.o)
 .data          0x0000000010038770        0x0 /home/src/arm/target/bin/../arm-none-eabi/lib//libc.a(lib_a-sprintf.o)
 .data          0x0000000010038770        0x0 /home/src/arm/target/bin/../arm-none-eabi/lib//libc.a(lib_a-strlen.o)
 .data          0x0000000010038770        0x0 /home/src/arm/target/bin/../arm-none-eabi/lib//libc.a(lib_a-strncasecmp.o)
 .data          0x0000000010038770        0x0 /home/src/arm/target/bin/../arm-none-eabi/lib//libc.a(lib_a-svfprintf.o)
 .data          0x0000000010038770        0x0 /home/src/arm/target/bin/../arm-none-eabi/lib//libc.a(lib_a-vfiprintf.o)
 .data          0x0000000010038770        0x0 /home/src/arm/target/bin/../arm-none-eabi/lib//libc.a(lib_a-vfprintf.o)
 .data          0x0000000010038770        0x0 /home/src/arm/target/bin/../arm-none-eabi/lib//libc.a(lib_a-vprintf.o)
 .data          0x0000000010038770        0x0 /home/src/arm/target/bin/../arm-none-eabi/lib//libc.a(lib_a-wbuf.o)
 .data          0x0000000010038770        0x0 /home/src/arm/target/bin/../arm-none-eabi/lib//libc.a(lib_a-wsetup.o)
 .data          0x0000000010038770        0x4 /home/src/arm/target/bin/../arm-none-eabi/lib//libc.a(lib_a-ctype_.o)
                0x0000000010038770                __ctype_ptr__
 .data          0x0000000010038774        0x0 /home/src/arm/target/bin/../arm-none-eabi/lib//libc.a(lib_a-dtoa.o)
 .data          0x0000000010038774        0x0 /home/src/arm/target/bin/../arm-none-eabi/lib//libc.a(lib_a-fflush.o)
 .data          0x0000000010038774        0x0 /home/src/arm/target/bin/../arm-none-eabi/lib//libc.a(lib_a-findfp.o)
 .data          0x0000000010038774        0x0 /home/src/arm/target/bin/../arm-none-eabi/lib//libc.a(lib_a-fputwc.o)
 .data          0x0000000010038774        0x0 /home/src/arm/target/bin/../arm-none-eabi/lib//libc.a(lib_a-freer.o)
 .data          0x0000000010038774        0x0 /home/src/arm/target/bin/../arm-none-eabi/lib//libc.a(lib_a-fvwrite.o)
 .data          0x0000000010038774        0x0 /home/src/arm/target/bin/../arm-none-eabi/lib//libc.a(lib_a-fwalk.o)
 .data          0x0000000010038774       0x7c /home/src/arm/target/bin/../arm-none-eabi/lib//libc.a(lib_a-locale.o)
                0x0000000010038794                __mb_cur_max
 .data          0x00000000100387f0        0x0 /home/src/arm/target/bin/../arm-none-eabi/lib//libc.a(lib_a-makebuf.o)
 .data          0x00000000100387f0        0x0 /home/src/arm/target/bin/../arm-none-eabi/lib//libc.a(lib_a-memmove.o)
 .data          0x00000000100387f0        0x0 /home/src/arm/target/bin/../arm-none-eabi/lib//libc.a(lib_a-mprec.o)
 .data          0x00000000100387f0        0x0 /home/src/arm/target/bin/../arm-none-eabi/lib//libc.a(lib_a-refill.o)