Archive member included because of file (symbol)

/home/leon/git/swp-report/iMX6_Platform_SDK/output/mx6sdl/lib/libsdk.a(base.o)
                              /home/leon/git/swp-report/iMX6_Platform_SDK/output/mx6sdl/filesystem/evb_rev_a/obj/apps/filesystem/src/fs_test.o (GetFileSize)
/home/leon/git/swp-report/iMX6_Platform_SDK/output/mx6sdl/lib/libsdk.a(cache_wrappers.o)
                              /home/leon/git/swp-report/iMX6_Platform_SDK/output/mx6sdl/filesystem/evb_rev_a/obj/apps/filesystem/src/fs_test.o (g_usdhc_instance)
/home/leon/git/swp-report/iMX6_Platform_SDK/output/mx6sdl/lib/libsdk.a(chdir.o)
                              /home/leon/git/swp-report/iMX6_Platform_SDK/output/mx6sdl/filesystem/evb_rev_a/obj/apps/filesystem/src/fs_test.o (SetCWDHandle)
/home/leon/git/swp-report/iMX6_Platform_SDK/output/mx6sdl/lib/libsdk.a(directories.o)
                              /home/leon/git/swp-report/iMX6_Platform_SDK/output/mx6sdl/lib/libsdk.a(base.o) (CreateDirRecord)
/home/leon/git/swp-report/iMX6_Platform_SDK/output/mx6sdl/lib/libsdk.a(fatapi.o)
                              /home/leon/git/swp-report/iMX6_Platform_SDK/output/mx6sdl/lib/libsdk.a(base.o) (Findnextcluster)
/home/leon/git/swp-report/iMX6_Platform_SDK/output/mx6sdl/lib/libsdk.a(findnextsector.o)
                              /home/leon/git/swp-report/iMX6_Platform_SDK/output/mx6sdl/lib/libsdk.a(base.o) (UpdateHandleOffsets)
/home/leon/git/swp-report/iMX6_Platform_SDK/output/mx6sdl/lib/libsdk.a(fopen.o)
                              /home/leon/git/swp-report/iMX6_Platform_SDK/output/mx6sdl/lib/libsdk.a(cache_wrappers.o) (totalFileOpened)
/home/leon/git/swp-report/iMX6_Platform_SDK/output/mx6sdl/lib/libsdk.a(fs_fat_memory.o)
                              /home/leon/git/swp-report/iMX6_Platform_SDK/output/mx6sdl/filesystem/evb_rev_a/obj/apps/filesystem/src/fs_test.o (maxcaches)
/home/leon/git/swp-report/iMX6_Platform_SDK/output/mx6sdl/lib/libsdk.a(fs_steering.o)
                              /home/leon/git/swp-report/iMX6_Platform_SDK/output/mx6sdl/filesystem/evb_rev_a/obj/apps/filesystem/src/fs_test.o (Fclose)
/home/leon/git/swp-report/iMX6_Platform_SDK/output/mx6sdl/lib/libsdk.a(fsinit.o)
                              /home/leon/git/swp-report/iMX6_Platform_SDK/output/mx6sdl/lib/libsdk.a(base.o) (Handle)
/home/leon/git/swp-report/iMX6_Platform_SDK/output/mx6sdl/lib/libsdk.a(fsunicode.o)
                              /home/leon/git/swp-report/iMX6_Platform_SDK/output/mx6sdl/lib/libsdk.a(directories.o) (Long_NameRes_Ch)
/home/leon/git/swp-report/iMX6_Platform_SDK/output/mx6sdl/lib/libsdk.a(handle.o)
                              /home/leon/git/swp-report/iMX6_Platform_SDK/output/mx6sdl/lib/libsdk.a(chdir.o) (Freehandle)
/home/leon/git/swp-report/iMX6_Platform_SDK/output/mx6sdl/lib/libsdk.a(longfilename.o)
                              /home/leon/git/swp-report/iMX6_Platform_SDK/output/mx6sdl/lib/libsdk.a(directories.o) (ArrangeLongFileName)
/home/leon/git/swp-report/iMX6_Platform_SDK/output/mx6sdl/lib/libsdk.a(readdevicerecord.o)
                              /home/leon/git/swp-report/iMX6_Platform_SDK/output/mx6sdl/lib/libsdk.a(fsinit.o) (Readdevicerecord)
/home/leon/git/swp-report/iMX6_Platform_SDK/output/mx6sdl/lib/libsdk.a(reentrant_section.o)
                              /home/leon/git/swp-report/iMX6_Platform_SDK/output/mx6sdl/lib/libsdk.a(base.o) (EnterNonReentrantSection)
/home/leon/git/swp-report/iMX6_Platform_SDK/output/mx6sdl/lib/libsdk.a(standardapi.o)
                              /home/leon/git/swp-report/iMX6_Platform_SDK/output/mx6sdl/lib/libsdk.a(fs_steering.o) (Fclose_FAT)
/home/leon/git/swp-report/iMX6_Platform_SDK/output/mx6sdl/lib/libsdk.a(string_utilities.o)
                              /home/leon/git/swp-report/iMX6_Platform_SDK/output/mx6sdl/lib/libsdk.a(longfilename.o) (Convert_itoa)
/home/leon/git/swp-report/iMX6_Platform_SDK/output/mx6sdl/lib/libsdk.a(armv7_cache.o)
                              /home/leon/git/swp-report/iMX6_Platform_SDK/output/mx6sdl/filesystem/evb_rev_a/obj/apps/filesystem/src/fs_test.o (arm_dcache_enable)
/home/leon/git/swp-report/iMX6_Platform_SDK/output/mx6sdl/lib/libsdk.a(ccm_pll.o)
                              /home/leon/git/swp-report/iMX6_Platform_SDK/output/mx6sdl/filesystem/evb_rev_a/obj/apps/common/platform_init.o (ccm_init)
/home/leon/git/swp-report/iMX6_Platform_SDK/output/mx6sdl/lib/libsdk.a(cortexA9.o)
                              /home/leon/git/swp-report/iMX6_Platform_SDK/output/mx6sdl/filesystem/evb_rev_a/obj/apps/common/platform_init.o (arm_set_interrupt_state)
/home/leon/git/swp-report/iMX6_Platform_SDK/output/mx6sdl/lib/libsdk.a(gic.o)
                              /home/leon/git/swp-report/iMX6_Platform_SDK/output/mx6sdl/filesystem/evb_rev_a/obj/apps/common/platform_init.o (gic_init)
/home/leon/git/swp-report/iMX6_Platform_SDK/output/mx6sdl/lib/libsdk.a(mmu.o)
[...]
Memory Configuration

Name             Origin             Length             Attributes
OCRAM            0x00900000         0x00020000         xrw
DDR              0x10000000         0x40000000         xrw
*default*        0x00000000         0xffffffff

Linker script and memory map

LOAD /home/leon/riotboard/arm-2012.09/bin/../lib/gcc/arm-none-eabi/4.7.2//crtbegin.o
LOAD /home/leon/riotboard/arm-2012.09/bin/../lib/gcc/arm-none-eabi/4.7.2//crti.o
LOAD /home/leon/riotboard/arm-2012.09/bin/../lib/gcc/arm-none-eabi/4.7.2//crtend.o
LOAD /home/leon/riotboard/arm-2012.09/bin/../lib/gcc/arm-none-eabi/4.7.2//crtn.o

.l1_page_table  0x00900000     0x4000
                0x00900000                __l1_page_table_start = .
                0x00904000                . = (. + 0x4000)
 *fill*         0x00900000     0x4000 

.heap.ocram     0x00904000    0x1bfb8
                0x00904000                __heap_ocram_start = .
                0x0091ffb8                . = (. + 0x1bfb8)
 *fill*         0x00904000    0x1bfb8 
                0x0091ffb8                __heap_ocram_end = .

.ram_vectors    0x0091ffb8       0x48
                0x0091ffb8                __ram_vectors_start = .
                0x00920000                . = (. + 0x48)
 *fill*         0x0091ffb8       0x48 
                0x00920000                __ram_vectors_end = .
                0x10000000                _start_image_add = ORIGIN (DDR)

.ivt            0x10000000      0x420
                0x10000400                . = (. + 0x400)
 *fill*         0x10000000      0x400 
 *(.ivt)
 .ivt           0x10000400       0x20 /home/leon/git/swp-report/iMX6_Platform_SDK/output/mx6sdl/filesystem/evb_rev_a/obj/apps/common/ivt.o
                0x10000400                input_ivt

.boot_data      0x10000420        0xc
                0x10000420                __start_boot_data = .
 *(.boot_data)
 .boot_data     0x10000420        0xc /home/leon/git/swp-report/iMX6_Platform_SDK/output/mx6sdl/filesystem/evb_rev_a/obj/apps/common/ivt.o
                0x10000420                bd

.dcd_hdr        0x10000430        0x4
                0x10000430                __start_dcd = .
 *(.dcd_hdr)
 .dcd_hdr       0x10000430        0x4 /home/leon/git/swp-report/iMX6_Platform_SDK/output/mx6sdl/lib/libboard_evb_rev_a.a(dcd.o)
                0x10000430                input_dcd_hdr

.dcd_wrt_cmd    0x10000434        0x4
 *(.dcd_wrt_cmd)
 .dcd_wrt_cmd   0x10000434        0x4 /home/leon/git/swp-report/iMX6_Platform_SDK/output/mx6sdl/lib/libboard_evb_rev_a.a(dcd.o)
                0x10000434                input_dcd_wrt_cmd

.dcd_data       0x10000438      0x2d8
 *(.dcd_data)
 .dcd_data      0x10000438      0x2d8 /home/leon/git/swp-report/iMX6_Platform_SDK/output/mx6sdl/lib/libboard_evb_rev_a.a(dcd.o)
                0x10000438                input_dcd

.text           0x10000710    0x363dc
 CREATE_OBJECT_SYMBOLS
 *(.startup)
 .startup       0x10000710      0x138 /home/leon/git/swp-report/iMX6_Platform_SDK/output/mx6sdl/lib/libsdk.a(startup.o)
                0x10000710                _start
 *(.text .text.* .gnu.linkonce.t.*)
 .text          0x10000848      0x128 /home/leon/riotboard/arm-2012.09/bin/../lib/gcc/arm-none-eabi/4.7.2//crtbegin.o
 .text          0x10000970        0x0 /home/leon/riotboard/arm-2012.09/bin/../lib/gcc/arm-none-eabi/4.7.2//crti.o
 .text          0x10000970        0x0 /home/leon/riotboard/arm-2012.09/bin/../lib/gcc/arm-none-eabi/4.7.2//crtend.o
 .text          0x10000970        0x0 /home/leon/riotboard/arm-2012.09/bin/../lib/gcc/arm-none-eabi/4.7.2//crtn.o
 .text          0x10000970        0x0 /home/leon/git/swp-report/iMX6_Platform_SDK/output/mx6sdl/filesystem/evb_rev_a/obj/apps/common/ivt.o
 .text          0x10000970       0xbc /home/leon/git/swp-report/iMX6_Platform_SDK/output/mx6sdl/filesystem/evb_rev_a/obj/apps/common/platform_init.o
                0x10000970                platform_init
 .text          0x10000a2c       0xfc /home/leon/git/swp-report/iMX6_Platform_SDK/output/mx6sdl/filesystem/evb_rev_a/obj/apps/common/print_clock_info.o
                0x10000a2c                show_freq
                0x10000b18                show_ddr_config
 .text          0x10000b28      0x15c /home/leon/git/swp-report/iMX6_Platform_SDK/output/mx6sdl/filesystem/evb_rev_a/obj/apps/common/print_version.o
                0x10000b28                print_version
 .text          0x10000c84     0x135c /home/leon/git/swp-report/iMX6_Platform_SDK/output/mx6sdl/filesystem/evb_rev_a/obj/apps/filesystem/src/fs_test.o
                0x10000d20                fat_write_speed_test
                0x10001050                sd_raw_write_speed_test
                0x100012b8                create_input_file
                0x10001460                fat_read_speed_test
                0x100017a0                sd_raw_read_speed_test
                0x10001a20                dump_test_results
                0x10001db8                fat_test
                0x10001fbc                main
 .text          0x10001fe0     0x2e4c /home/leon/git/swp-report/iMX6_Platform_SDK/output/mx6sdl/lib/libsdk.a(base.o)
                0x1000200c                Fcreate
                0x1000217c                Fflush
                0x100024c4                GetFileSize
                0x10002564                Fread_FAT
                0x10002e54                Fwrite_FAT
                0x10003bb4                UpdateFileSize
                0x10003e48                SeekPoint_InitializeBuffer
                0x10003f0c                SeekPoint_CalculateSeekPointStep
                0x1000419c                SeekPoint_FillSeekPoint
                0x100042dc                Fseek_FAT
                0x10004c9c                Ftell
                0x10004d3c                Feof
 .text          0x10004e2c     0x197c /home/leon/git/swp-report/iMX6_Platform_SDK/output/mx6sdl/lib/libsdk.a(cache_wrappers.o)
                0x10004e2c                media_cache_pinned_write
                0x10004e9c                media_cache_release
                0x10004ecc                fatCacheAllocate
                0x10005028                updateFatCacheRefIndex
                0x10005098                getFatCache
                0x100051e0                fatCacheRelease
                0x10005400                print_media_fat_info
                0x100058b4                FsFlushCache
                0x10005970                FSWriteSector
                0x10005d2c                FSWriteMultiSectors
                0x10005e28                FSEraseSector
                0x10005f54                FSReadSector
                0x1000619c                FSReadMultiSectors
                0x10006284                FSReleaseSector
                0x100062c0                FSFlushSector
                0x100062f0                FlushCache
                0x10006308                FSFlushDriveCache
                0x10006330                VerifyPBS
                0x10006454                FSDataDriveInit
 .text          0x100067a8     0x3214 /home/leon/git/swp-report/iMX6_Platform_SDK/output/mx6sdl/lib/libsdk.a(chdir.o)
                0x100067a8                Chdir
                0x10006a40                Chdirw
                0x10006c88                Getcwd
                0x10006ca0                Changepath
                0x10006e64                ChangeToRootdirectory
                0x100071d4                Searchdirectory
                0x10007954                SetHandleforsearch
                0x100080c8                Mkdir
                0x100082c0                Mkdirw
                0x100084b4                Rmdir
                0x10008a2c                Rmdirw
                0x10008f34                CreateDirectory
                0x10009950                SetCWDHandle
 *fill*         0x100099bc        0x4 
 .text          0x100099c0     0x23d0 /home/leon/git/swp-report/iMX6_Platform_SDK/output/mx6sdl/lib/libsdk.a(directories.o)
                0x100099c0                CreateDirRecord
                0x10009e7c                ChkSum
                0x10009f20                ReadDirectoryRecord
                0x1000a1ac                GetDateTime
                0x1000a1e4                CreateShortDirRecord
                0x1000a418                Isdirectoryempty
                0x1000a4cc                Longdirmatch
                0x1000a754                MatchdirRecordW
                0x1000a8f0                Shortdirmatch
                0x1000aa70                Setfilename
                0x1000abe4                Uppercase
                0x1000ac9c                ConverToShortname
                0x1000b020                FindfreeRecord
                0x1000b250                Searchfreerecord
                0x1000b33c                CheckspaceinRootdir
                0x1000b4a8                DeleteRecord
                0x1000b7e4                ReadRootdirRecord
                0x1000b9d4                SetcurrentPos
                0x1000bb28                GetVolumeLabel
 .text          0x1000bd90     0x1e58 /home/leon/git/swp-report/iMX6_Platform_SDK/output/mx6sdl/lib/libsdk.a(fatapi.o)
                0x1000bdbc                FATsectorno
                0x1000bf58                Computefreecluster
                0x1000bff8                Findnextcluster
                0x1000c080                FirstfreeAndallocate
                0x1000c6c4                FirstfreeAndallocateFAT32
                0x1000c8c0                Firstsectorofcluster
                0x1000c9a0                GetNewcluster
                0x1000cb80                ReadFAT12Entry
                0x1000cd94                ReadFATentry
                0x1000cf90                Totalfreecluster
                0x1000d2d0                TotalfreeclusterFAT16
                0x1000d708                WriteFATentry
                0x1000daf8                ClearCluster
 .text          0x1000dbe8      0x25c /home/leon/git/swp-report/iMX6_Platform_SDK/output/mx6sdl/lib/libsdk.a(findnextsector.o)
                0x1000dbe8                UpdateHandleOffsets
                0x1000dd74                FindNextSector
 .text          0x1000de44     0x20d0 /home/leon/git/swp-report/iMX6_Platform_SDK/output/mx6sdl/lib/libsdk.a(fopen.o)
                0x1000de44                Fopen
                0x1000e594                Fopenw
                0x1000ec5c                Fremove
                0x1000efc8                Fremovew
                0x1000f2cc                Frename
                0x1000f678                DeleteContent
 .text          0x1000ff14        0x0 /home/leon/git/swp-report/iMX6_Platform_SDK/output/mx6sdl/lib/libsdk.a(fs_fat_memory.o)
 .text          0x1000ff14      0x2f0 /home/leon/git/swp-report/iMX6_Platform_SDK/output/mx6sdl/lib/libsdk.a(fs_steering.o)
                0x1000ff40                FileSystemType
                0x1000ffa8                Fclose
                0x1001003c                Fwrite
                0x100100e0                Fseek
                0x10010160                Fread
 .text          0x10010204      0x41c /home/leon/git/swp-report/iMX6_Platform_SDK/output/mx6sdl/lib/libsdk.a(fsinit.o)
                0x10010204                FSInit
                0x100102d0                FSDriveInit
                0x100103e4                FSClearDriveBuf
                0x10010480                FSDriveShutdown
                0x10010544                FSShutdown
 .text          0x10010620      0x2d4 /home/leon/git/swp-report/iMX6_Platform_SDK/output/mx6sdl/lib/libsdk.a(fsunicode.o)
                0x10010620                DBCStoUnicode
                0x100106f0                UnicodeToOEM
                0x10010804                DBCStoTwoByteString
 .text          0x100108f4      0xea8 /home/leon/git/swp-report/iMX6_Platform_SDK/output/mx6sdl/lib/libsdk.a(handle.o)
                0x100108f4                Freehandle
                0x100109c4                Updatehandlemode
                0x10010a78                Gethandlemode
                0x10010b1c                IsHandleWriteAllocated
                0x10010d2c                Searchfreehandleallocate
                0x10010ed0                Isfileopen
                0x100110ac                IsCurrWorkDir
                0x10011200                GetCWDHandle
                0x100112e4                GetDeviceFromHandle
                0x100113e8                UpdateHandle
                0x100115fc                Handleactive
                0x100116bc                CheckMode
                0x100116fc                Ferror
 .text          0x1001179c     0x112c /home/leon/git/swp-report/iMX6_Platform_SDK/output/mx6sdl/lib/libsdk.a(longfilename.o)
                0x1001179c                ConstructLongFileName
                0x10011acc                GetUnicodeWord
                0x10011b24                ArrangeLongFileName
                0x10011e5c                Setshortfilename
                0x10012488                IsShortNameValid
                0x1001271c                ArrangeFileName
 .text          0x100128c8     0x1268 /home/leon/git/swp-report/iMX6_Platform_SDK/output/mx6sdl/lib/libsdk.a(readdevicerecord.o)
                0x100128c8                Readdevicerecord
                0x10013608                FSSize
                0x10013718                FSFreeClusters
                0x10013760                BytesPerCluster
                0x100137b0                FSClusterShift
                0x100137f8                FSFreeSpace
                0x100138a0                FSFreeSpaceFromHandle
                0x10013918                FSMediaPresent
                0x10013960                FSFATType
                0x100139a8                Cleardevicerecord
                0x10013a30                FileSystemPresent
                0x10013ae0                FileSystemBootSectorVerify
 .text          0x10013b30       0x20 /home/leon/git/swp-report/iMX6_Platform_SDK/output/mx6sdl/lib/libsdk.a(reentrant_section.o)
                0x10013b30                EnterNonReentrantSection
                0x10013b40                LeaveNonReentrantSection
 .text          0x10013b50      0x44c /home/leon/git/swp-report/iMX6_Platform_SDK/output/mx6sdl/lib/libsdk.a(standardapi.o)
                0x10013b50                Fclose_FAT
                0x10013c1c                Fgetc
                0x10013cf0                Fgets
                0x10013e04                Fputc
                0x10013eb8                Fputs
 .text          0x10013f9c      0xce8 /home/leon/git/swp-report/iMX6_Platform_SDK/output/mx6sdl/lib/libsdk.a(string_utilities.o)
                0x10013f9c                Convert_itoa
                0x100140dc                Changecase
                0x1001414c                StrlengthW
                0x100141bc                Strlength
                0x10014224                Strcpy
                0x100142cc                Strcpyw
                0x100143a4                GetChar
                0x100143f8                GetCharW
                0x1001444c                PutChar
                0x100144a4                PutCharW
                0x100144f4                GetnameW
                0x10014554                Getname
                0x100145b0                GetDirnameW
                0x1001460c                Extractfilename
                0x10014678                Extractfilenamew
                0x10014708                Extractdirnamew
                0x10014774                ExtractPathW
                0x10014828                ExtractPath
                0x100148c0                DiscardTrailigPeriods
                0x10014980                DiscardTrailigPeriodsw
                0x10014a24                FSGetByte
                0x10014a60                FSGetWord
                0x10014abc                FSGetDWord
                0x10014b50                PutByte
                0x10014b8c                PutWord
                0x10014be8                PutDword
 .text          0x10014c84      0x644 /home/leon/git/swp-report/iMX6_Platform_SDK/output/mx6sdl/lib/libsdk.a(armv7_cache.o)
                0x10014c84                arm_dcache_state_query
                0x10014cc4                arm_dcache_enable
                0x10014d0c                arm_dcache_disable
                0x10014d44                arm_dcache_invalidate
                0x10014de8                arm_dcache_invalidate_line
                0x10014e54                arm_dcache_invalidate_mlines
                0x10014ef4                arm_dcache_flush
                0x10014f98                arm_dcache_flush_line
                0x10015004                arm_dcache_flush_mlines
                0x100150a4                arm_icache_state_query
                0x100150e4                arm_icache_enable
                0x1001512c                arm_icache_disable
                0x10015164                arm_icache_invalidate
                0x10015190                arm_icache_invalidate_is
                0x100151bc                arm_icache_invalidate_line
                0x10015228                arm_icache_invalidate_mlines
 .text          0x100152c8      0xc64 /home/leon/git/swp-report/iMX6_Platform_SDK/output/mx6sdl/lib/libsdk.a(ccm_pll.o)
                0x100152c8                ccm_init
                0x100153ec                get_main_clock
                0x1001567c                get_peri_clock
                0x1001582c                ccm_ccgr_config
                0x10015894                clock_gating_config
                0x10015ccc                ccm_set_lpm_wakeup_source
                0x10015dc0                ccm_enter_low_power
                0x10015e30                ipu_hsp_clk_config
                0x10015e50                gpu_clock_config
 .text          0x10015f2c      0x164 /home/leon/git/swp-report/iMX6_Platform_SDK/output/mx6sdl/lib/libsdk.a(cortexA9.o)
                0x10015f2c                arm_set_interrupt_state
                0x10015f50                cpu_get_current
                0x10015f5c                enable_neon_fpu
                0x10015f78                disable_strict_align_check
                0x10015f8c                disable_L1_cache
                0x10015fac                get_arm_private_peripheral_base
                0x10015fb4                arm_unified_tlb_invalidate
                0x10015fc4                arm_unified_tlb_invalidate_is
                0x10015fd4                arm_branch_prediction_enable
                0x10015fe4                arm_branch_prediction_disable
                0x10015ff4                arm_branch_target_cache_invalidate
                0x10016000                arm_branch_target_cache_invalidate_is
                0x1001600c                scu_enable
                0x10016020                scu_join_smp
                0x10016030                scu_leave_smp
                0x10016040                scu_get_cpus_in_smp
                0x10016054                scu_enable_maintenance_broadcast
                0x10016064                scu_disable_maintenance_broadcast
                0x10016074                scu_secure_invalidate
 .text          0x10016090      0x5e0 /home/leon/git/swp-report/iMX6_Platform_SDK/output/mx6sdl/lib/libsdk.a(gic.o)
                0x10016174                gic_enable
                0x100161d4                gic_set_irq_security
                0x1001627c                gic_enable_irq
                0x100162f8                gic_set_irq_priority
                0x10016340                gic_set_cpu_target
                0x1001644c                gic_send_sgi
                0x100164a0                gic_cpu_enable
                0x10016500                gic_set_cpu_priority_mask
                0x10016534                gic_read_irq_ack
                0x10016560                gic_write_end_of_irq
                0x10016590                gic_init
                0x10016634                gic_init_cpu
 .text          0x10016670      0x460 /home/leon/git/swp-report/iMX6_Platform_SDK/output/mx6sdl/lib/libsdk.a(mmu.o)
                0x10016670                mmu_enable
                0x100166a8                mmu_disable
                0x100166dc                mmu_init
                0x100167f8                mmu_map_l1_range
                0x10016a10                mmu_virtual_to_physical
 .text          0x10016ad0        0x0 /home/leon/git/swp-report/iMX6_Platform_SDK/output/mx6sdl/lib/libsdk.a(startup.o)
 .text          0x10016ad0        0x4 /home/leon/git/swp-report/iMX6_Platform_SDK/output/mx6sdl/lib/libsdk.a(vectors.o)
                0x10016ad0                exception_handler
 .text.vectors  0x10016ad4       0x48 /home/leon/git/swp-report/iMX6_Platform_SDK/output/mx6sdl/lib/libsdk.a(vectors.o)
                0x10016ad4                vectors
 .text          0x10016b1c      0x610 /home/leon/git/swp-report/iMX6_Platform_SDK/output/mx6sdl/lib/libsdk.a(runtime_support.o)
                0x10016b1c                _execve
                0x10016b58                _fork
                0x10016b80                _isatty
                0x10016ba4                _open
                0x10016bd0                _close
                0x10016bf4                _lseek
                0x10016c20                _fstat
                0x10016c54                _read
                0x10016d24                _write
                0x10016e10                _raw_puts
                0x10016e90                _sbrk
                0x10016f40                _exit
                0x10016f60                _kill
                0x10016f98                _getpid
                0x10016fb0                _link
                0x10016fe8                _unlink
                0x1001701c                _stat
                0x10017050                _times
                0x10017074                _gettimeofday
                0x100170f8                _wait
 .text          0x1001712c        0x0 /home/leon/git/swp-report/iMX6_Platform_SDK/output/mx6sdl/lib/libsdk.a(sdk_version.o)
 .text          0x1001712c      0x914 /home/leon/git/swp-report/iMX6_Platform_SDK/output/mx6sdl/lib/libsdk.a(system_util.o)
                0x1001712c                _sys_exit
                0x10017148                mybkpt
                0x10017150                is_input_char
                0x100172d0                read_input_string
                0x100175b8                get_input_hex
                0x10017838                read_int
                0x1001799c                jump_to_sdp
 .text          0x10017a40       0xe0 /home/leon/git/swp-report/iMX6_Platform_SDK/output/mx6sdl/lib/libsdk.a(text_color.o)
                0x10017a40                printf_color
                0x10017adc                get_color_supported
 .text          0x10017b20      0x7c4 /home/leon/git/swp-report/iMX6_Platform_SDK/output/mx6sdl/lib/libsdk.a(board_id.o)
                0x10017b20                chip_name
                0x10017c38                chip_revision
                0x10017d10                board_name
                0x10017e14                board_revision
                0x10017edc                board_description
                0x10017ffc                get_board_id
                0x100180d8                show_board_id
 .text          0x100182e4      0x8e0 /home/leon/git/swp-report/iMX6_Platform_SDK/output/mx6sdl/lib/libsdk.a(epit.o)
                0x100182e4                epit_reload_counter
                0x10018344                epit_get_counter_value
                0x100183a0                epit_set_compare_event
                0x10018400                epit_get_compare_event
                0x100184f8                epit_counter_disable
                0x100186bc                epit_counter_enable
                0x10018918                epit_setup_interrupt
                0x100189a8                epit_init
 .text          0x10018bc4      0x290 /home/leon/git/swp-report/iMX6_Platform_SDK/output/mx6sdl/lib/libsdk.a(timer.o)
                0x10018bc4                hal_delay_us
                0x10018c34                system_time_init
                0x10018d94                time_get_microseconds
 .text          0x10018e54     0x2820 /home/leon/git/swp-report/iMX6_Platform_SDK/output/mx6sdl/lib/libsdk.a(imx_uart.o)
                0x10018e54                uart_get_reffreq
                0x10018f50                uart_putchar
                0x100190a0                uart_getchar
                0x10019200                uart_set_FIFO_mode
                0x10019d2c                uart_set_loopback_mode
                0x10019f80                uart_setup_interrupt
                0x1001a04c                uart_init
 .text          0x1001b674     0x11b8 /home/leon/git/swp-report/iMX6_Platform_SDK/output/mx6sdl/lib/libsdk.a(usdhc.o)
                0x1001b88c                set_card_access_mode
                0x1001b8cc                read_usdhc_adma_mode
                0x1001b8ec                read_usdhc_intr_mode
                0x1001b90c                card_init
                0x1001babc                card_emmc_init
                0x1001bb50                card_cmd_config
                0x1001bc64                card_get_cid
                0x1001bd04                card_enter_trans
                0x1001bde0                card_trans_status
                0x1001bedc                card_get_port
                0x1001bfc4                card_set_blklen
                0x1001c0a8                card_data_read
                0x1001c394                card_data_write
                0x1001c694                card_xfer_result
                0x1001c788                card_wait_xfer_done
 .text          0x1001c82c     0x3484 /home/leon/git/swp-report/iMX6_Platform_SDK/output/mx6sdl/lib/libsdk.a(usdhc_host.o)
                0x1001dc0c                usdhc1_isr
                0x1001dc24                usdhc2_isr
                0x1001dc3c                usdhc3_isr
                0x1001dc54                usdhc4_isr
                0x1001dc6c                host_init
                0x1001dc9c                host_init_active
                0x1001dd44                host_send_cmd
                0x1001e16c                host_cfg_clock
                0x1001e908                host_set_bus_width
                0x1001e940                host_reset
                0x1001ea70                host_read_response
                0x1001ec60                host_cfg_block
                0x1001eedc                host_clear_fifo
                0x1001f088                host_setup_adma
                0x1001f2a8                host_data_read
                0x1001f7b0                host_data_write
 .text          0x1001fcb0      0xe04 /home/leon/git/swp-report/iMX6_Platform_SDK/output/mx6sdl/lib/libsdk.a(usdhc_mmc.o)
                0x10020250                mmc_init
                0x100202f4                emmc_init
                0x10020420                emmc_print_cfg_info
                0x10020658                mmc_set_boot_bus_width
                0x10020720                mmc_set_boot_partition
                0x10020820                mmc_set_boot_ack
                0x100208a4                mmc_voltage_validation
 .text          0x10020ab4      0x800 /home/leon/git/swp-report/iMX6_Platform_SDK/output/mx6sdl/lib/libsdk.a(usdhc_sd.o)
                0x10020e48                sd_init
                0x10020f00                sd_voltage_validation
 .text          0x100212b4       0x98 /home/leon/git/swp-report/iMX6_Platform_SDK/output/mx6sdl/lib/libsdk.a(arm_abort.o)
                0x100212b4                common_abort_handler
                0x10021314                data_abort_handler
                0x1002132c                prefetch_abort_handler
 .text          0x1002134c      0x1bc /home/leon/git/swp-report/iMX6_Platform_SDK/output/mx6sdl/lib/libsdk.a(interrupt.o)
                0x1002134c                IRQ_HDLR
                0x10021414                disable_interrupt
                0x10021450                enable_interrupt
                0x100214a8                register_interrupt_routine
                0x100214dc                default_interrupt_routine
 .text          0x10021508      0xc78 /home/leon/git/swp-report/iMX6_Platform_SDK/output/mx6sdl/lib/libsdk.a(menu.o)
                0x100219b0                menu_get_indent
                0x100219cc                menuitem_cmd_showmenu
                0x100219f0                menuitem_cmd_exitmenu
                0x10021a14                menu_append_menuitems
                0x10021b34                menu_present
                0x100220d0                menu_print_menuitem
 .text          0x10022180      0x4bc /home/leon/git/swp-report/iMX6_Platform_SDK/output/mx6sdl/lib/libsdk.a(abort_handler.o)
                0x10022180                dump_regs
 .text          0x1002263c       0x80 /home/leon/git/swp-report/iMX6_Platform_SDK/output/mx6sdl/lib/libboard_evb_rev_a.a(board_io_expanders.o)
                0x1002263c                board_ioexpander_init
                0x100226ac                board_ioexpander_iomux_config
 .text          0x100226bc      0x1a4 /home/leon/git/swp-report/iMX6_Platform_SDK/output/mx6sdl/lib/libboard_evb_rev_a.a(board_usdhc.o)
                0x100226bc                usdhc_gpio_config
                0x10022700                usdhc_card_detected
                0x100227b0                usdhc_write_protected
 .text          0x10022860        0x0 /home/leon/git/swp-report/iMX6_Platform_SDK/output/mx6sdl/lib/libboard_evb_rev_a.a(hardware_modules.o)
 .text          0x10022860        0x0 /home/leon/git/swp-report/iMX6_Platform_SDK/output/mx6sdl/lib/libboard_evb_rev_a.a(dcd.o)
 .text          0x10022860       0x90 /home/leon/git/swp-report/iMX6_Platform_SDK/output/mx6sdl/lib/libboard_evb_rev_a.a(uart_iomux_config.o)
                0x10022860                uart_iomux_config
 .text          0x100228f0       0x84 /home/leon/git/swp-report/iMX6_Platform_SDK/output/mx6sdl/lib/libboard_evb_rev_a.a(usdhc_iomux_config.o)
                0x100228f0                usdhc_iomux_config
 .text          0x10022974      0x2c4 /home/leon/git/swp-report/iMX6_Platform_SDK/output/mx6sdl/lib/libboard_evb_rev_a.a(iomux_config.o)
                0x10022974                iomux_config
                0x100229f8                arm_iomux_config
                0x10022a08                asrc_iomux_config
                0x10022a18                audmux_iomux_config
                0x10022a28                dcic1_iomux_config
                0x10022a38                dcic2_iomux_config
                0x10022a48                ecspi2_iomux_config
                0x10022a58                ecspi3_iomux_config
                0x10022a68                ecspi4_iomux_config
                0x10022a78                eim_iomux_config
                0x10022a88                epdc_iomux_config
                0x10022a98                epit1_iomux_config
                0x10022aa8                epit2_iomux_config
                0x10022ab8                gpio1_iomux_config
                0x10022ac8                gpio2_iomux_config
                0x10022ad8                gpio7_iomux_config
                0x10022ae8                gpt_iomux_config
                0x10022af8                i2c4_iomux_config
                0x10022b08                lcd_iomux_config
                0x10022b18                ldb_iomux_config
                0x10022b28                mipi_csi_iomux_config
                0x10022b38                mipi_dsi_iomux_config
                0x10022b48                mipi_hsi_iomux_config
                0x10022b58                pcie_iomux_config
                0x10022b68                pmu_iomux_config
                0x10022b78                pwm2_iomux_config
                0x10022b88                pwm3_iomux_config
                0x10022b98                pwm4_iomux_config
                0x10022ba8                sdma_iomux_config
                0x10022bb8                snvs_iomux_config
                0x10022bc8                src_iomux_config
                0x10022bd8                uart1_iomux_config
                0x10022be8                uart3_iomux_config
                0x10022bf8                uart5_iomux_config
                0x10022c08                wdog1_iomux_config
                0x10022c18                wdog2_iomux_config
                0x10022c28                xtalosc_iomux_config
 .text          0x10022c38      0x5f8 /home/leon/git/swp-report/iMX6_Platform_SDK/output/mx6sdl/lib/libboard_evb_rev_a.a(ipu1_iomux_config.o)
                0x10022c38                ipu1_iomux_config
 .text          0x10023230      0x148 /home/leon/git/swp-report/iMX6_Platform_SDK/output/mx6sdl/lib/libboard_evb_rev_a.a(kpp_iomux_config.o)
                0x10023230                kpp_iomux_config
 .text          0x10023378       0xac /home/leon/git/swp-report/iMX6_Platform_SDK/output/mx6sdl/lib/libboard_evb_rev_a.a(mlb_iomux_config.o)
                0x10023378                mlb_iomux_config
 .text          0x10023424     0x2484 /home/leon/git/swp-report/iMX6_Platform_SDK/output/mx6sdl/lib/libboard_evb_rev_a.a(mmdc_iomux_config.o)
                0x10023424                mmdc_iomux_config
 .text          0x100258a8       0x34 /home/leon/git/swp-report/iMX6_Platform_SDK/output/mx6sdl/lib/libboard_evb_rev_a.a(pwm1_iomux_config.o)
                0x100258a8                pwm1_iomux_config
 .text          0x100258dc       0x70 /home/leon/git/swp-report/iMX6_Platform_SDK/output/mx6sdl/lib/libboard_evb_rev_a.a(sjc_iomux_config.o)
                0x100258dc                sjc_iomux_config
 .text          0x1002594c       0xe0 /home/leon/git/swp-report/iMX6_Platform_SDK/output/mx6sdl/lib/libboard_evb_rev_a.a(spdif_iomux_config.o)
                0x1002594c                spdif_iomux_config
 .text          0x10025a2c       0xe0 /home/leon/git/swp-report/iMX6_Platform_SDK/output/mx6sdl/lib/libboard_evb_rev_a.a(uart2_iomux_config.o)
                0x10025a2c                uart2_iomux_config
 .text          0x10025b0c       0x78 /home/leon/git/swp-report/iMX6_Platform_SDK/output/mx6sdl/lib/libboard_evb_rev_a.a(uart4_iomux_config.o)
                0x10025b0c                uart4_iomux_config
 .text          0x10025b84       0x9c /home/leon/git/swp-report/iMX6_Platform_SDK/output/mx6sdl/lib/libboard_evb_rev_a.a(usb_iomux_config.o)
                0x10025b84                usb_iomux_config
 .text          0x10025c20      0x188 /home/leon/git/swp-report/iMX6_Platform_SDK/output/mx6sdl/lib/libboard_evb_rev_a.a(usdhc1_iomux_config.o)
                0x10025c20                usdhc1_iomux_config
 .text          0x10025da8      0x1ac /home/leon/git/swp-report/iMX6_Platform_SDK/output/mx6sdl/lib/libboard_evb_rev_a.a(usdhc2_iomux_config.o)
                0x10025da8                usdhc2_iomux_config
 .text          0x10025f54      0x1d0 /home/leon/git/swp-report/iMX6_Platform_SDK/output/mx6sdl/lib/libboard_evb_rev_a.a(usdhc3_iomux_config.o)
                0x10025f54                usdhc3_iomux_config
 .text          0x10026124      0x188 /home/leon/git/swp-report/iMX6_Platform_SDK/output/mx6sdl/lib/libboard_evb_rev_a.a(usdhc4_iomux_config.o)
                0x10026124                usdhc4_iomux_config
 .text          0x100262ac       0x34 /home/leon/git/swp-report/iMX6_Platform_SDK/output/mx6sdl/lib/libboard_evb_rev_a.a(ccm_iomux_config.o)
                0x100262ac                ccm_iomux_config
 .text          0x100262e0      0x114 /home/leon/git/swp-report/iMX6_Platform_SDK/output/mx6sdl/lib/libboard_evb_rev_a.a(ecspi1_iomux_config.o)
                0x100262e0                ecspi1_iomux_config
 .text          0x100263f4      0x3bc /home/leon/git/swp-report/iMX6_Platform_SDK/output/mx6sdl/lib/libboard_evb_rev_a.a(enet_iomux_config.o)
                0x100263f4                enet_iomux_config
 .text          0x100267b0      0x280 /home/leon/git/swp-report/iMX6_Platform_SDK/output/mx6sdl/lib/libboard_evb_rev_a.a(esai_iomux_config.o)
                0x100267b0                esai_iomux_config
 .text          0x10026a30       0x68 /home/leon/git/swp-report/iMX6_Platform_SDK/output/mx6sdl/lib/libboard_evb_rev_a.a(flexcan1_iomux_config.o)
                0x10026a30                flexcan1_iomux_config
 .text          0x10026a98       0x68 /home/leon/git/swp-report/iMX6_Platform_SDK/output/mx6sdl/lib/libboard_evb_rev_a.a(flexcan2_iomux_config.o)
                0x10026a98                flexcan2_iomux_config
 .text          0x10026b00       0x58 /home/leon/git/swp-report/iMX6_Platform_SDK/output/mx6sdl/lib/libboard_evb_rev_a.a(gpio3_iomux_config.o)
                0x10026b00                gpio3_iomux_config
 .text          0x10026b58       0x58 /home/leon/git/swp-report/iMX6_Platform_SDK/output/mx6sdl/lib/libboard_evb_rev_a.a(gpio4_iomux_config.o)
                0x10026b58                gpio4_iomux_config
 .text          0x10026bb0       0xa0 /home/leon/git/swp-report/iMX6_Platform_SDK/output/mx6sdl/lib/libboard_evb_rev_a.a(gpio5_iomux_config.o)
                0x10026bb0                gpio5_iomux_config
 .text          0x10026c50       0x58 /home/leon/git/swp-report/iMX6_Platform_SDK/output/mx6sdl/lib/libboard_evb_rev_a.a(gpio6_iomux_config.o)
                0x10026c50                gpio6_iomux_config
 .text          0x10026ca8      0x2bc /home/leon/git/swp-report/iMX6_Platform_SDK/output/mx6sdl/lib/libboard_evb_rev_a.a(gpmi_iomux_config.o)
                0x10026ca8                gpmi_iomux_config
 .text          0x10026f64       0x40 /home/leon/git/swp-report/iMX6_Platform_SDK/output/mx6sdl/lib/libboard_evb_rev_a.a(hdmi_iomux_config.o)
                0x10026f64                hdmi_iomux_config
 .text          0x10026fa4       0x78 /home/leon/git/swp-report/iMX6_Platform_SDK/output/mx6sdl/lib/libboard_evb_rev_a.a(i2c1_iomux_config.o)
                0x10026fa4                i2c1_iomux_config
 .text          0x1002701c       0x78 /home/leon/git/swp-report/iMX6_Platform_SDK/output/mx6sdl/lib/libboard_evb_rev_a.a(i2c2_iomux_config.o)
                0x1002701c                i2c2_iomux_config
 .text          0x10027094       0x78 /home/leon/git/swp-report/iMX6_Platform_SDK/output/mx6sdl/lib/libboard_evb_rev_a.a(i2c3_iomux_config.o)
                0x10027094                i2c3_iomux_config
 .text          0x1002710c       0x14 /home/leon/riotboard/arm-2012.09/bin/../arm-none-eabi/lib//libc.a(lib_a-abort.o)
                0x1002710c                abort
 .text          0x10027120       0x68 /home/leon/riotboard/arm-2012.09/bin/../arm-none-eabi/lib//libc.a(lib_a-assert.o)
                0x10027120                __assert_func
                0x10027178                __assert
 .text          0x10027188       0x20 /home/leon/riotboard/arm-2012.09/bin/../arm-none-eabi/lib//libc.a(lib_a-bzero.o)
                0x10027188                bzero
 .text          0x100271a8       0x28 /home/leon/riotboard/arm-2012.09/bin/../arm-none-eabi/lib//libc.a(lib_a-calloc.o)
                0x100271a8                calloc
 .text          0x100271d0       0x94 /home/leon/riotboard/arm-2012.09/bin/../arm-none-eabi/lib//libc.a(lib_a-callocr.o)
                0x100271d0                _calloc_r
 .text          0x10027264       0x70 /home/leon/riotboard/arm-2012.09/bin/../arm-none-eabi/lib//libc.a(lib_a-fiprintf.o)
                0x10027264                _fiprintf_r
                0x10027294                fiprintf
 .text          0x100272d4       0x94 /home/leon/riotboard/arm-2012.09/bin/../arm-none-eabi/lib//libc.a(lib_a-fputc.o)
                0x100272d4                _fputc_r
                0x10027318                fputc
 .text          0x10027368        0x0 /home/leon/riotboard/arm-2012.09/bin/../arm-none-eabi/lib//libc.a(lib_a-impure.o)
 .text          0x10027368       0x88 /home/leon/riotboard/arm-2012.09/bin/../arm-none-eabi/lib//libc.a(lib_a-init.o)
                0x10027368                __libc_init_array
 .text          0x100273f0       0x40 /home/leon/riotboard/arm-2012.09/bin/../arm-none-eabi/lib//libc.a(lib_a-malloc.o)
                0x100273f0                malloc
                0x10027410                free
 .text          0x10027430      0x71c /home/leon/riotboard/arm-2012.09/bin/../arm-none-eabi/lib//libc.a(lib_a-mallocr.o)
                0x10027430                _malloc_r
 .text          0x10027b4c      0x11c /home/leon/riotboard/arm-2012.09/bin/../arm-none-eabi/lib//libc.a(lib_a-memchr.o)
                0x10027b4c                memchr
 .text          0x10027c68      0x20c /home/leon/riotboard/arm-2012.09/bin/../arm-none-eabi/lib//libc.a(lib_a-memcpy.o)
                0x10027c68                memcpy
 .text          0x10027e74      0x134 /home/leon/riotboard/arm-2012.09/bin/../arm-none-eabi/lib//libc.a(lib_a-memset.o)
                0x10027e74                memset
 .text          0x10027fa8        0x8 /home/leon/riotboard/arm-2012.09/bin/../arm-none-eabi/lib//libc.a(lib_a-mlock.o)
                0x10027fa8                __malloc_lock
                0x10027fac                __malloc_unlock
 .text          0x10027fb0       0x74 /home/leon/riotboard/arm-2012.09/bin/../arm-none-eabi/lib//libc.a(lib_a-printf.o)
                0x10027fb0                _printf_r
                0x10027fe4                printf
 .text          0x10028024      0x170 /home/leon/riotboard/arm-2012.09/bin/../arm-none-eabi/lib//libc.a(lib_a-putc.o)
                0x10028024                _putc_r
                0x100280d4                putc
 .text          0x10028194       0x28 /home/leon/riotboard/arm-2012.09/bin/../arm-none-eabi/lib//libc.a(lib_a-realloc.o)
                0x10028194                realloc
 .text          0x100281bc      0x574 /home/leon/riotboard/arm-2012.09/bin/../arm-none-eabi/lib//libc.a(lib_a-reallocr.o)
                0x100281bc                _realloc_r
 .text          0x10028730      0x19c /home/leon/riotboard/arm-2012.09/bin/../arm-none-eabi/lib//libc.a(lib_a-reent.o)
                0x10028730                cleanup_glue
                0x1002875c                _reclaim_reent
                0x10028858                _wrapup_reent
 .text          0x100288cc       0x6c /home/leon/riotboard/arm-2012.09/bin/../arm-none-eabi/lib//libc.a(lib_a-rget.o)
                0x100288cc                __srget_r
                0x10028924                __srget
 .text          0x10028938       0x40 /home/leon/riotboard/arm-2012.09/bin/../arm-none-eabi/lib//libc.a(lib_a-sbrkr.o)
                0x10028938                _sbrk_r
 .text          0x10028978      0x24c /home/leon/riotboard/arm-2012.09/bin/../arm-none-eabi/lib//libc.a(lib_a-signal.o)
                0x10028978                _init_signal_r
                0x100289d8                _signal_r
                0x10028a44                _raise_r
                0x10028adc                __sigtramp_r
                0x10028b70                raise
                0x10028b84                signal
                0x10028ba0                _init_signal
                0x10028bb0                __sigtramp
 .text          0x10028bc4       0x50 /home/leon/riotboard/arm-2012.09/bin/../arm-none-eabi/lib//libc.a(lib_a-signalr.o)
                0x10028bc4                _kill_r
                0x10028c04                _getpid_r
 .text          0x10028c14       0xdc /home/leon/riotboard/arm-2012.09/bin/../arm-none-eabi/lib//libc.a(lib_a-sprintf.o)
                0x10028c14                _sprintf_r
                0x10028c7c                sprintf
 .text          0x10028cf0       0x60 /home/leon/riotboard/arm-2012.09/bin/../arm-none-eabi/lib//libc.a(lib_a-strlen.o)
                0x10028cf0                strlen
 .text          0x10028d50       0x78 /home/leon/riotboard/arm-2012.09/bin/../arm-none-eabi/lib//libc.a(lib_a-strncasecmp.o)
                0x10028d50                strncasecmp
 .text          0x10028dc8     0x1f7c /home/leon/riotboard/arm-2012.09/bin/../arm-none-eabi/lib//libc.a(lib_a-svfprintf.o)
                0x10028dc8                _svfprintf_r
 .text          0x1002ad44     0x12c4 /home/leon/riotboard/arm-2012.09/bin/../arm-none-eabi/lib//libc.a(lib_a-vfiprintf.o)
                0x1002ad44                __sprint_r
                0x1002ae00                _vfiprintf_r
                0x1002bfdc                vfiprintf
 .text          0x1002c008     0x2180 /home/leon/riotboard/arm-2012.09/bin/../arm-none-eabi/lib//libc.a(lib_a-vfprintf.o)
                0x1002c008                _vfprintf_r
                0x1002e15c                vfprintf
 .text          0x1002e188       0x4c /home/leon/riotboard/arm-2012.09/bin/../arm-none-eabi/lib//libc.a(lib_a-vprintf.o)
                0x1002e188                vprintf
                0x1002e1b4                _vprintf_r
 .text          0x1002e1d4      0x14c /home/leon/riotboard/arm-2012.09/bin/../arm-none-eabi/lib//libc.a(lib_a-wbuf.o)
                0x1002e1d4                __swbuf_r
                0x1002e304                __swbuf
 .text          0x1002e320      0x138 /home/leon/riotboard/arm-2012.09/bin/../arm-none-eabi/lib//libc.a(lib_a-wsetup.o)
                0x1002e320                __swsetup_r
 .text          0x1002e458        0x0 /home/leon/riotboard/arm-2012.09/bin/../arm-none-eabi/lib//libc.a(lib_a-ctype_.o)
 .text          0x1002e458     0x18a8 /home/leon/riotboard/arm-2012.09/bin/../arm-none-eabi/lib//libc.a(lib_a-dtoa.o)
                0x1002e638                _dtoa_r
 .text          0x1002fd00      0x26c /home/leon/riotboard/arm-2012.09/bin/../arm-none-eabi/lib//libc.a(lib_a-fflush.o)
                0x1002fd00                _fflush_r
                0x1002ff2c                fflush
 .text          0x1002ff6c      0x2c4 /home/leon/riotboard/arm-2012.09/bin/../arm-none-eabi/lib//libc.a(lib_a-findfp.o)
                0x1002ff7c                _cleanup_r
                0x10030010                __sfmoreglue
                0x10030058                _cleanup
                0x10030068                __sinit
                0x100300e0                __sfp
                0x100301d8                __sfp_lock_acquire
                0x100301dc                __sfp_lock_release
                0x100301e0                __sinit_lock_acquire
                0x100301e4                __sinit_lock_release
                0x100301e8                __fp_lock_all
                0x1003020c                __fp_unlock_all
 .text          0x10030230      0x19c /home/leon/riotboard/arm-2012.09/bin/../arm-none-eabi/lib//libc.a(lib_a-fputwc.o)
                0x10030230                _fputwc_r
                0x10030380                fputwc
 .text          0x100303cc      0x368 /home/leon/riotboard/arm-2012.09/bin/../arm-none-eabi/lib//libc.a(lib_a-freer.o)
                0x100303cc                _malloc_trim_r
                0x100304c8                _free_r
 .text          0x10030734      0x4c4 /home/leon/riotboard/arm-2012.09/bin/../arm-none-eabi/lib//libc.a(lib_a-fvwrite.o)
                0x10030734                __sfvwrite_r
 .text          0x10030bf8      0x114 /home/leon/riotboard/arm-2012.09/bin/../arm-none-eabi/lib//libc.a(lib_a-fwalk.o)
                0x10030bf8                _fwalk
                0x10030c80                _fwalk_reent
 .text          0x10030d0c       0xd0 /home/leon/riotboard/arm-2012.09/bin/../arm-none-eabi/lib//libc.a(lib_a-locale.o)
                0x10030d0c                _setlocale_r
                0x10030d78                __locale_charset
                0x10030d84                __locale_mb_cur_max
                0x10030d94                __locale_msgcharset
                0x10030da0                __locale_cjk_lang
                0x10030da8                _localeconv_r
                0x10030db4                setlocale
                0x10030dd0                localeconv
 .text          0x10030ddc      0x15c /home/leon/riotboard/arm-2012.09/bin/../arm-none-eabi/lib//libc.a(lib_a-makebuf.o)
                0x10030ddc                __smakebuf_r
 .text          0x10030f38      0x134 /home/leon/riotboard/arm-2012.09/bin/../arm-none-eabi/lib//libc.a(lib_a-memmove.o)
                0x10030f38                memmove
 .text          0x1003106c      0xd20 /home/leon/riotboard/arm-2012.09/bin/../arm-none-eabi/lib//libc.a(lib_a-mprec.o)
                0x1003106c                _Balloc
                0x100310f8                _Bfree
                0x10031114                __multadd
                0x100311f0                __s2b
                0x100312e0                __hi0bits
                0x10031330                __lo0bits
                0x100313c4                __i2b
                0x100313e8                __multiply
                0x100315cc                __pow5mult
                0x100316c0                __lshift
                0x100317c4                __mcmp
                0x10031828                __mdiff
                0x10031974                __ulp
                0x100319d8                __b2d
                0x10031aa4                __d2b
                0x10031bac                __ratio
                0x10031c3c                _mprec_log10
                0x10031c90                __copybits
                0x10031d04                __any_on
 .text          0x10031d8c      0x1cc /home/leon/riotboard/arm-2012.09/bin/../arm-none-eabi/lib//libc.a(lib_a-refill.o)
                0x10031db4                __srefill_r
 .text          0x10031f58       0x6c /home/leon/riotboard/arm-2012.09/bin/../arm-none-eabi/lib//libc.a(lib_a-s_fpclassify.o)
                0x10031f58                __fpclassifyd
 .text          0x10031fc4       0xdc /home/leon/riotboard/arm-2012.09/bin/../arm-none-eabi/lib//libc.a(lib_a-stdio.o)
                0x10031fc4                __sread
                0x10031ff8                __seofread
                0x10032000                __swrite
                0x10032058                __sseek
                0x1003208c                __sclose
 .text          0x100320a0      0x230 /home/leon/riotboard/arm-2012.09/bin/../arm-none-eabi/lib//libc.a(lib_a-strcmp.o)
                0x100320a0                strcmp
 .text          0x100322d0     0x1224 /home/leon/riotboard/arm-2012.09/bin/../arm-none-eabi/lib//libc.a(lib_a-svfiprintf.o)
                0x100322d0                __ssprint_r
                0x10032474                _svfiprintf_r
 .text          0x100334f4      0x134 /home/leon/riotboard/arm-2012.09/bin/../arm-none-eabi/lib//libc.a(lib_a-wcrtomb.o)
                0x100334f4                _wcrtomb_r
                0x10033584                wcrtomb
 .text          0x10033628       0x7c /home/leon/riotboard/arm-2012.09/bin/../arm-none-eabi/lib//libc.a(lib_a-wctomb_r.o)
                0x10033628                __ascii_wctomb
                0x10033654                _wctomb_r
 .text          0x100336a4       0x44 /home/leon/riotboard/arm-2012.09/bin/../arm-none-eabi/lib//libc.a(lib_a-writer.o)
                0x100336a4                _write_r
 .text          0x100336e8       0x3c /home/leon/riotboard/arm-2012.09/bin/../arm-none-eabi/lib//libc.a(lib_a-closer.o)
                0x100336e8                _close_r
 .text          0x10033724      0x10c /home/leon/riotboard/arm-2012.09/bin/../arm-none-eabi/lib//libc.a(lib_a-fclose.o)
                0x10033724                _fclose_r
                0x1003381c                fclose
 .text          0x10033830       0x40 /home/leon/riotboard/arm-2012.09/bin/../arm-none-eabi/lib//libc.a(lib_a-fstatr.o)
                0x10033830                _fstat_r
 .text          0x10033870       0x3c /home/leon/riotboard/arm-2012.09/bin/../arm-none-eabi/lib//libc.a(lib_a-isattyr.o)
                0x10033870                _isatty_r
 .text          0x100338ac       0x44 /home/leon/riotboard/arm-2012.09/bin/../arm-none-eabi/lib//libc.a(lib_a-lseekr.o)
                0x100338ac                _lseek_r
 .text          0x100338f0       0x44 /home/leon/riotboard/arm-2012.09/bin/../arm-none-eabi/lib//libc.a(lib_a-readr.o)
                0x100338f0                _read_r
 .text          0x10033934      0x114 /home/leon/riotboard/arm-2012.09/bin/../lib/gcc/arm-none-eabi/4.7.2//libgcc.a(_udivsi3.o)
                0x10033934                __udivsi3
                0x10033934                __aeabi_uidiv
                0x10033a28                __aeabi_uidivmod
 .text          0x10033a48      0x148 /home/leon/riotboard/arm-2012.09/bin/../lib/gcc/arm-none-eabi/4.7.2//libgcc.a(_divsi3.o)
                0x10033a48                __aeabi_idiv
                0x10033a48                __divsi3
                0x10033b70                __aeabi_idivmod
 .text          0x10033b90        0x4 /home/leon/riotboard/arm-2012.09/bin/../lib/gcc/arm-none-eabi/4.7.2//libgcc.a(_dvmd_tls.o)
                0x10033b90                __aeabi_ldiv0
                0x10033b90                __aeabi_idiv0
 .text          0x10033b94      0x41c /home/leon/riotboard/arm-2012.09/bin/../lib/gcc/arm-none-eabi/4.7.2//libgcc.a(_arm_addsubdf3.o)
                0x10033b94                __aeabi_drsub
                0x10033b9c                __aeabi_dsub
                0x10033b9c                __subdf3
                0x10033ba0                __adddf3
                0x10033ba0                __aeabi_dadd
                0x10033eb0                __aeabi_ui2d
                0x10033eb0                __floatunsidf
                0x10033ed4                __floatsidf
                0x10033ed4                __aeabi_i2d
                0x10033efc                __extendsfdf2
                0x10033efc                __aeabi_f2d
                0x10033f3c                __aeabi_ul2d
                0x10033f3c                __floatundidf
                0x10033f50                __floatdidf
                0x10033f50                __aeabi_l2d
 .text          0x10033fb0      0x49c /home/leon/riotboard/arm-2012.09/bin/../lib/gcc/arm-none-eabi/4.7.2//libgcc.a(_arm_muldivdf3.o)
                0x10033fb0                __aeabi_dmul
                0x10033fb0                __muldf3
                0x10034240                __aeabi_ddiv
                0x10034240                __divdf3
 .text          0x1003444c      0x144 /home/leon/riotboard/arm-2012.09/bin/../lib/gcc/arm-none-eabi/4.7.2//libgcc.a(_arm_cmpdf2.o)
                0x1003444c                __gtdf2
                0x1003444c                __gedf2
                0x10034454                __ltdf2
                0x10034454                __ledf2
                0x1003445c                __cmpdf2
                0x1003445c                __eqdf2
                0x1003445c                __nedf2
                0x100344e4                __aeabi_cdrcmple
                0x10034500                __aeabi_cdcmple
                0x10034500                __aeabi_cdcmpeq
                0x10034518                __aeabi_dcmpeq
                0x10034530                __aeabi_dcmplt
                0x10034548                __aeabi_dcmple
                0x10034560                __aeabi_dcmpge
                0x10034578                __aeabi_dcmpgt
 .text          0x10034590       0x5c /home/leon/riotboard/arm-2012.09/bin/../lib/gcc/arm-none-eabi/4.7.2//libgcc.a(_arm_fixdfsi.o)
                0x10034590                __fixdfsi
                0x10034590                __aeabi_d2iz
 .text          0x100345ec       0x3c /home/leon/riotboard/arm-2012.09/bin/../lib/gcc/arm-none-eabi/4.7.2//libgcc.a(_aeabi_uldivmod.o)
                0x100345ec                __aeabi_uldivmod
 .text          0x10034628       0x84 /home/leon/riotboard/arm-2012.09/bin/../lib/gcc/arm-none-eabi/4.7.2//libgcc.a(bpabi.o)
                0x10034628                __gnu_ldivmod_helper
                0x1003466c                __gnu_uldivmod_helper
 .text          0x100346ac      0x4f0 /home/leon/riotboard/arm-2012.09/bin/../lib/gcc/arm-none-eabi/4.7.2//libgcc.a(_divdi3.o)
                0x100346ac                __divdi3
 .text          0x10034b9c      0x488 /home/leon/riotboard/arm-2012.09/bin/../lib/gcc/arm-none-eabi/4.7.2//libgcc.a(_udivdi3.o)
                0x10034b9c                __udivdi3
 .text          0x10035024       0x48 /home/leon/riotboard/arm-2012.09/bin/../lib/gcc/arm-none-eabi/4.7.2//libgcc.a(_clzsi2.o)
                0x10035024                __clzsi2
 .text          0x1003506c      0x264 /home/leon/git/swp-report/iMX6_Platform_SDK/output/mx6sdl/lib/libsdk.a(max7310.o)
                0x1003506c                max7310_reg_read
                0x100350d0                max7310_reg_write
                0x1003513c                max7310_init
                0x1003521c                max7310_set_gpio_output
 .text          0x100352d0     0x1798 /home/leon/git/swp-report/iMX6_Platform_SDK/output/mx6sdl/lib/libsdk.a(imx_i2c.o)
                0x10035300                i2c_get_request_instance
                0x10035d78                i2c_xfer
                0x10036494                i2c_read
                0x100364c4                i2c_write
                0x100364f4                i2c_setup_interrupt
                0x10036760                i2c_init
 .text          0x10036a68       0x84 /home/leon/git/swp-report/iMX6_Platform_SDK/output/mx6sdl/lib/libboard_evb_rev_a.a(i2c_iomux_config.o)
                0x10036a68                i2c_iomux_config
 *(.glue_7t)
 .glue_7t       0x00000000        0x0 linker stubs
 *(.glue_7)
 .glue_7        0x00000000        0x0 linker stubs
 *(.vfp11_veneer)
 .vfp11_veneer  0x00000000        0x0 linker stubs
 *(.ARM.extab* .gnu.linkonce.armextab.*)
 .ARM.extab.startup
                0x10036aec        0x0 /home/leon/git/swp-report/iMX6_Platform_SDK/output/mx6sdl/lib/libsdk.a(startup.o)
 .ARM.extab     0x10036aec        0x0 /home/leon/riotboard/arm-2012.09/bin/../lib/gcc/arm-none-eabi/4.7.2//libgcc.a(_divdi3.o)
 .ARM.extab     0x10036aec        0x0 /home/leon/riotboard/arm-2012.09/bin/../lib/gcc/arm-none-eabi/4.7.2//libgcc.a(_udivdi3.o)
 *(.gcc_except_table)

.v4_bx          0x10036aec        0x0
 .v4_bx         0x00000000        0x0 linker stubs

.iplt           0x10036aec        0x0
 .iplt          0x00000000        0x0 /home/leon/riotboard/arm-2012.09/bin/../lib/gcc/arm-none-eabi/4.7.2//crtbegin.o

.ctors
 *crtbegin.o(.ctors)
 *crtbegin?.o(.ctors)
 *(EXCLUDE_FILE(*crtend?.o *crtend.o) .ctors)
 *(SORT(.ctors.*))
 *(.ctors)

.dtors
 *crtbegin.o(.dtors)
 *crtbegin?.o(.dtors)
 *(EXCLUDE_FILE(*crtend?.o *crtend.o) .dtors)
 *(SORT(.dtors.*))
 *(.dtors)

.rodata         0x10036af0     0x1ce8
 *(.rodata .rodata.* .gnu.linkonce.r.*)
 .rodata        0x10036af0       0x9c /home/leon/git/swp-report/iMX6_Platform_SDK/output/mx6sdl/filesystem/evb_rev_a/obj/apps/common/print_clock_info.o
 .rodata        0x10036b8c      0x100 /home/leon/git/swp-report/iMX6_Platform_SDK/output/mx6sdl/filesystem/evb_rev_a/obj/apps/common/print_version.o
 .rodata        0x10036c8c      0x284 /home/leon/git/swp-report/iMX6_Platform_SDK/output/mx6sdl/filesystem/evb_rev_a/obj/apps/filesystem/src/fs_test.o
 .rodata        0x10036f10       0x34 /home/leon/git/swp-report/iMX6_Platform_SDK/output/mx6sdl/lib/libsdk.a(base.o)
 .rodata        0x10036f44      0x270 /home/leon/git/swp-report/iMX6_Platform_SDK/output/mx6sdl/lib/libsdk.a(cache_wrappers.o)
 .rodata        0x100371b4       0x58 /home/leon/git/swp-report/iMX6_Platform_SDK/output/mx6sdl/lib/libsdk.a(fatapi.o)
 .rodata        0x1003720c       0x10 /home/leon/git/swp-report/iMX6_Platform_SDK/output/mx6sdl/lib/libsdk.a(fs_fat_memory.o)
                0x1003720c                maxcaches
                0x10037210                maxdevices
                0x10037214                maxhandles
                0x10037218                DriveLetter
 .rodata        0x1003721c       0x40 /home/leon/git/swp-report/iMX6_Platform_SDK/output/mx6sdl/lib/libsdk.a(fs_steering.o)
                0x1003721c                pRedirectFclose
                0x10037228                pRedirectFwrite
                0x10037234                pRedirectFseek
                0x10037240                pRedirectFread
 .rodata        0x1003725c       0x14 /home/leon/git/swp-report/iMX6_Platform_SDK/output/mx6sdl/lib/libsdk.a(fsunicode.o)
                0x1003725c                Long_NameRes_Ch
                0x10037268                Short_NameRes_Ch
 .rodata        0x10037270      0x10c /home/leon/git/swp-report/iMX6_Platform_SDK/output/mx6sdl/lib/libsdk.a(handle.o)
 .rodata        0x1003737c       0x34 /home/leon/git/swp-report/iMX6_Platform_SDK/output/mx6sdl/lib/libsdk.a(ccm_pll.o)
                0x1003737c                PLL1_OUTPUT
                0x10037380                PLL2_OUTPUT
                0x10037394                PLL3_OUTPUT
                0x100373a8                PLL4_OUTPUT
                0x100373ac                PLL5_OUTPUT
 .rodata        0x100373b0       0x64 /home/leon/git/swp-report/iMX6_Platform_SDK/output/mx6sdl/lib/libsdk.a(gic.o)
 .rodata        0x10037414       0x20 /home/leon/git/swp-report/iMX6_Platform_SDK/output/mx6sdl/lib/libsdk.a(runtime_support.o)
 .rodata        0x10037434       0x50 /home/leon/git/swp-report/iMX6_Platform_SDK/output/mx6sdl/lib/libsdk.a(sdk_version.o)
                0x10037434                k_sdk_version
                0x10037438                k_sdk_copyright
 .rodata        0x10037484       0xcc /home/leon/git/swp-report/iMX6_Platform_SDK/output/mx6sdl/lib/libsdk.a(system_util.o)
 .rodata        0x10037550       0xf4 /home/leon/git/swp-report/iMX6_Platform_SDK/output/mx6sdl/lib/libsdk.a(text_color.o)
                0x10037558                g_TextAttributeDefault
                0x10037564                g_TextAttributeBold
                0x10037570                g_TextAttributeDim
                0x1003757c                g_TextAttributeUnderline
                0x10037588                g_TextAttributeBlink
                0x10037594                g_TextAttributeReverse
                0x100375a0                g_TextAttributeHidden
                0x100375ac                g_TextColorBlack
                0x100375b8                g_TextColorRed
                0x100375c4                g_TextColorGreen
                0x100375d0                g_TextColorYellow
                0x100375dc                g_TextColorBlue
                0x100375e8                g_TextColorMagenta
                0x100375f4                g_TextColorCyan
                0x10037600                g_TextColorWhite
                0x10037610                g_TextColorOrange
                0x10037620                g_TextColorLightBlue
                0x10037630                g_TextColorGray
                0x10037640                g_TextColorPurple
 .rodata        0x10037644      0x1f8 /home/leon/git/swp-report/iMX6_Platform_SDK/output/mx6sdl/lib/libsdk.a(board_id.o)
 .rodata        0x1003783c      0x1cc /home/leon/git/swp-report/iMX6_Platform_SDK/output/mx6sdl/lib/libsdk.a(usdhc.o)
 .rodata        0x10037a08       0x1c /home/leon/git/swp-report/iMX6_Platform_SDK/output/mx6sdl/lib/libsdk.a(usdhc_host.o)
 .rodata        0x10037a24      0x20c /home/leon/git/swp-report/iMX6_Platform_SDK/output/mx6sdl/lib/libsdk.a(usdhc_mmc.o)
 .rodata        0x10037c30       0x58 /home/leon/git/swp-report/iMX6_Platform_SDK/output/mx6sdl/lib/libsdk.a(usdhc_sd.o)
                0x10037c30                sd_ocr_value
                0x10037c3c                sd_if_cmd_arg
 .rodata        0x10037c88       0x20 /home/leon/git/swp-report/iMX6_Platform_SDK/output/mx6sdl/lib/libsdk.a(interrupt.o)
 .rodata        0x10037ca8      0x154 /home/leon/git/swp-report/iMX6_Platform_SDK/output/mx6sdl/lib/libsdk.a(menu.o)
 .rodata        0x10037dfc      0x230 /home/leon/git/swp-report/iMX6_Platform_SDK/output/mx6sdl/lib/libsdk.a(abort_handler.o)
 .rodata        0x1003802c       0x74 /home/leon/git/swp-report/iMX6_Platform_SDK/output/mx6sdl/lib/libboard_evb_rev_a.a(uart_iomux_config.o)
 .rodata        0x100380a0       0x74 /home/leon/git/swp-report/iMX6_Platform_SDK/output/mx6sdl/lib/libboard_evb_rev_a.a(usdhc_iomux_config.o)
 .rodata.str1.4
                0x10038114       0x3f /home/leon/riotboard/arm-2012.09/bin/../arm-none-eabi/lib//libc.a(lib_a-assert.o)
                                 0x44 (size before relaxing)
 *fill*         0x10038153        0x1 
 .rodata        0x10038154        0x4 /home/leon/riotboard/arm-2012.09/bin/../arm-none-eabi/lib//libc.a(lib_a-impure.o)
                0x10038154                _global_impure_ptr
 .rodata.str1.4
                0x10038158        0x2 /home/leon/riotboard/arm-2012.09/bin/../arm-none-eabi/lib//libc.a(lib_a-impure.o)
                                  0x4 (size before relaxing)
 *fill*         0x1003815a        0x2 
 .rodata        0x1003815c       0x20 /home/leon/riotboard/arm-2012.09/bin/../arm-none-eabi/lib//libc.a(lib_a-svfprintf.o)
 .rodata.str1.4
                0x1003817c       0x42 /home/leon/riotboard/arm-2012.09/bin/../arm-none-eabi/lib//libc.a(lib_a-svfprintf.o)
                                 0x44 (size before relaxing)
 *fill*         0x100381be        0x2 
 .rodata        0x100381c0       0x20 /home/leon/riotboard/arm-2012.09/bin/../arm-none-eabi/lib//libc.a(lib_a-vfiprintf.o)
 .rodata.str1.4
                0x00000000       0x30 /home/leon/riotboard/arm-2012.09/bin/../arm-none-eabi/lib//libc.a(lib_a-vfiprintf.o)
 .rodata        0x100381e0       0x20 /home/leon/riotboard/arm-2012.09/bin/../arm-none-eabi/lib//libc.a(lib_a-vfprintf.o)
 .rodata.str1.4
                0x00000000       0x44 /home/leon/riotboard/arm-2012.09/bin/../arm-none-eabi/lib//libc.a(lib_a-vfprintf.o)
 .rodata        0x10038200      0x104 /home/leon/riotboard/arm-2012.09/bin/../arm-none-eabi/lib//libc.a(lib_a-ctype_.o)
                0x10038200                _ctype_
 .rodata.str1.4
                0x10038304       0x10 /home/leon/riotboard/arm-2012.09/bin/../arm-none-eabi/lib//libc.a(lib_a-dtoa.o)
                                 0x14 (size before relaxing)
 .rodata.str1.4
                0x10038314        0xc /home/leon/riotboard/arm-2012.09/bin/../arm-none-eabi/lib//libc.a(lib_a-locale.o)
                                 0x14 (size before relaxing)
 .rodata        0x10038320      0x128 /home/leon/riotboard/arm-2012.09/bin/../arm-none-eabi/lib//libc.a(lib_a-mprec.o)
                0x10038330                __mprec_tens
                0x100383f8                __mprec_tinytens
                0x10038420                __mprec_bigtens
 .rodata        0x10038448       0x20 /home/leon/riotboard/arm-2012.09/bin/../arm-none-eabi/lib//libc.a(lib_a-svfiprintf.o)
 .rodata.str1.4
                0x00000000       0x30 /home/leon/riotboard/arm-2012.09/bin/../arm-none-eabi/lib//libc.a(lib_a-svfiprintf.o)
 .rodata        0x10038468      0x2c4 /home/leon/git/swp-report/iMX6_Platform_SDK/output/mx6sdl/lib/libsdk.a(imx_i2c.o)
 .rodata        0x1003872c       0x74 /home/leon/git/swp-report/iMX6_Platform_SDK/output/mx6sdl/lib/libboard_evb_rev_a.a(i2c_iomux_config.o)
                0x100387a0                . = ALIGN (0x4)
 *(.init)
 .init          0x100387a0        0xc /home/leon/riotboard/arm-2012.09/bin/../lib/gcc/arm-none-eabi/4.7.2//crti.o
                0x100387a0                _init
 .init          0x100387ac        0xc /home/leon/riotboard/arm-2012.09/bin/../lib/gcc/arm-none-eabi/4.7.2//crtn.o
                0x100387b8                . = ALIGN (0x4)
                0x100387b8                __init_array_start = .
 *(SORT(.init_array.*))
 *(.init_array)
 .init_array    0x100387b8        0x4 /home/leon/riotboard/arm-2012.09/bin/../lib/gcc/arm-none-eabi/4.7.2//crtbegin.o
                0x100387bc                __init_array_end = .
                0x100387bc                . = ALIGN (0x4)
 *(.fini)
 .fini          0x100387bc        0xc /home/leon/riotboard/arm-2012.09/bin/../lib/gcc/arm-none-eabi/4.7.2//crti.o
                0x100387bc                _fini
 .fini          0x100387c8        0xc /home/leon/riotboard/arm-2012.09/bin/../lib/gcc/arm-none-eabi/4.7.2//crtn.o
                0x100387d4                . = ALIGN (0x4)
                0x100387d4                __fini_array_start = .
 *(.fini_array)
 .fini_array    0x100387d4        0x4 /home/leon/riotboard/arm-2012.09/bin/../lib/gcc/arm-none-eabi/4.7.2//crtbegin.o
 *(SORT(.fini_array.*))
                0x100387d8                __fini_array_end = .
                0x100387d8                PROVIDE (__exidx_start, .)

.eh_frame       0x100387d8        0x4
 .eh_frame      0x100387d8        0x0 /home/leon/riotboard/arm-2012.09/bin/../lib/gcc/arm-none-eabi/4.7.2//crtbegin.o
 .eh_frame      0x100387d8        0x4 /home/leon/riotboard/arm-2012.09/bin/../lib/gcc/arm-none-eabi/4.7.2//crtend.o

.ARM.exidx      0x100387dc        0x8
 *(.ARM.exidx* .gnu.linkonce.armexidx.*)
 .ARM.exidx.startup
                0x100387dc        0x8 /home/leon/git/swp-report/iMX6_Platform_SDK/output/mx6sdl/lib/libsdk.a(startup.o)
 .ARM.exidx     0x100387e4        0x0 /home/leon/riotboard/arm-2012.09/bin/../lib/gcc/arm-none-eabi/4.7.2//libgcc.a(_divdi3.o)
                                  0x8 (size before relaxing)
 .ARM.exidx     0x100387e4        0x0 /home/leon/riotboard/arm-2012.09/bin/../lib/gcc/arm-none-eabi/4.7.2//libgcc.a(_udivdi3.o)
                                  0x8 (size before relaxing)
                0x100387e4                PROVIDE (__exidx_end, .)

.rel.dyn        0x100387e4        0x0
 .rel.iplt      0x00000000        0x0 /home/leon/riotboard/arm-2012.09/bin/../lib/gcc/arm-none-eabi/4.7.2//crtbegin.o

.data           0x100387e8      0xa6c
 *(.data .data.* .gnu.linkonce.d.*)
 .data          0x100387e8        0x4 /home/leon/riotboard/arm-2012.09/bin/../lib/gcc/arm-none-eabi/4.7.2//crtbegin.o
                0x100387e8                __dso_handle
 .data          0x100387ec        0x0 /home/leon/riotboard/arm-2012.09/bin/../lib/gcc/arm-none-eabi/4.7.2//crti.o
 .data          0x100387ec        0x0 /home/leon/riotboard/arm-2012.09/bin/../lib/gcc/arm-none-eabi/4.7.2//crtend.o
 .data          0x100387ec        0x0 /home/leon/riotboard/arm-2012.09/bin/../lib/gcc/arm-none-eabi/4.7.2//crtn.o
 .data          0x100387ec        0x0 /home/leon/git/swp-report/iMX6_Platform_SDK/output/mx6sdl/filesystem/evb_rev_a/obj/apps/common/ivt.o
 .data          0x100387ec        0x0 /home/leon/git/swp-report/iMX6_Platform_SDK/output/mx6sdl/filesystem/evb_rev_a/obj/apps/common/platform_init.o
 .data          0x100387ec        0x0 /home/leon/git/swp-report/iMX6_Platform_SDK/output/mx6sdl/filesystem/evb_rev_a/obj/apps/common/print_clock_info.o
 .data          0x100387ec        0x0 /home/leon/git/swp-report/iMX6_Platform_SDK/output/mx6sdl/filesystem/evb_rev_a/obj/apps/common/print_version.o
 .data          0x100387ec      0x128 /home/leon/git/swp-report/iMX6_Platform_SDK/output/mx6sdl/filesystem/evb_rev_a/obj/apps/filesystem/src/fs_test.o
                0x100387ec                test_mode
                0x100387fc                status_tag
                0x10038804                rw_test_data
                0x100388f4                readfile
                0x10038900                writefile
                0x10038910                epit_instance
 .data          0x10038914        0x0 /home/leon/git/swp-report/iMX6_Platform_SDK/output/mx6sdl/lib/libsdk.a(base.o)
 .data          0x10038914        0x8 /home/leon/git/swp-report/iMX6_Platform_SDK/output/mx6sdl/lib/libsdk.a(cache_wrappers.o)
                0x10038914                g_usdhc_instance
                0x10038918                cache_line
 .data          0x1003891c        0x0 /home/leon/git/swp-report/iMX6_Platform_SDK/output/mx6sdl/lib/libsdk.a(chdir.o)
 .data          0x1003891c        0x0 /home/leon/git/swp-report/iMX6_Platform_SDK/output/mx6sdl/lib/libsdk.a(directories.o)
 .data          0x1003891c        0x0 /home/leon/git/swp-report/iMX6_Platform_SDK/output/mx6sdl/lib/libsdk.a(fatapi.o)
 .data          0x1003891c        0x0 /home/leon/git/swp-report/iMX6_Platform_SDK/output/mx6sdl/lib/libsdk.a(findnextsector.o)
 .data          0x1003891c        0x0 /home/leon/git/swp-report/iMX6_Platform_SDK/output/mx6sdl/lib/libsdk.a(fopen.o)
 .data          0x1003891c        0x0 /home/leon/git/swp-report/iMX6_Platform_SDK/output/mx6sdl/lib/libsdk.a(fs_fat_memory.o)
 .data          0x1003891c        0x0 /home/leon/git/swp-report/iMX6_Platform_SDK/output/mx6sdl/lib/libsdk.a(fs_steering.o)
 .data          0x1003891c        0x0 /home/leon/git/swp-report/iMX6_Platform_SDK/output/mx6sdl/lib/libsdk.a(fsinit.o)
 .data          0x1003891c        0x0 /home/leon/git/swp-report/iMX6_Platform_SDK/output/mx6sdl/lib/libsdk.a(fsunicode.o)
 .data          0x1003891c        0x0 /home/leon/git/swp-report/iMX6_Platform_SDK/output/mx6sdl/lib/libsdk.a(handle.o)
 .data          0x1003891c        0x0 /home/leon/git/swp-report/iMX6_Platform_SDK/output/mx6sdl/lib/libsdk.a(longfilename.o)
 .data          0x1003891c        0x0 /home/leon/git/swp-report/iMX6_Platform_SDK/output/mx6sdl/lib/libsdk.a(readdevicerecord.o)
 .data          0x1003891c        0x0 /home/leon/git/swp-report/iMX6_Platform_SDK/output/mx6sdl/lib/libsdk.a(reentrant_section.o)
 .data          0x1003891c        0x0 /home/leon/git/swp-report/iMX6_Platform_SDK/output/mx6sdl/lib/libsdk.a(standardapi.o)
 .data          0x1003891c        0x0 /home/leon/git/swp-report/iMX6_Platform_SDK/output/mx6sdl/lib/libsdk.a(string_utilities.o)
 .data          0x1003891c        0x0 /home/leon/git/swp-report/iMX6_Platform_SDK/output/mx6sdl/lib/libsdk.a(armv7_cache.o)
 .data          0x1003891c        0x0 /home/leon/git/swp-report/iMX6_Platform_SDK/output/mx6sdl/lib/libsdk.a(ccm_pll.o)
 .data          0x1003891c        0x0 /home/leon/git/swp-report/iMX6_Platform_SDK/output/mx6sdl/lib/libsdk.a(cortexA9.o)
 .data          0x1003891c        0x0 /home/leon/git/swp-report/iMX6_Platform_SDK/output/mx6sdl/lib/libsdk.a(gic.o)
 .data          0x1003891c        0x0 /home/leon/git/swp-report/iMX6_Platform_SDK/output/mx6sdl/lib/libsdk.a(mmu.o)
 .data          0x1003891c        0x0 /home/leon/git/swp-report/iMX6_Platform_SDK/output/mx6sdl/lib/libsdk.a(startup.o)
 .data          0x1003891c        0x0 /home/leon/git/swp-report/iMX6_Platform_SDK/output/mx6sdl/lib/libsdk.a(vectors.o)
 .data          0x1003891c        0x4 /home/leon/git/swp-report/iMX6_Platform_SDK/output/mx6sdl/lib/libsdk.a(runtime_support.o)
                0x1003891c                environ
 .data          0x10038920        0x0 /home/leon/git/swp-report/iMX6_Platform_SDK/output/mx6sdl/lib/libsdk.a(sdk_version.o)
 .data          0x10038920        0x0 /home/leon/git/swp-report/iMX6_Platform_SDK/output/mx6sdl/lib/libsdk.a(system_util.o)
 .data          0x10038920        0x4 /home/leon/git/swp-report/iMX6_Platform_SDK/output/mx6sdl/lib/libsdk.a(text_color.o)
                0x10038920                is_color_supported
 .data          0x10038924        0x0 /home/leon/git/swp-report/iMX6_Platform_SDK/output/mx6sdl/lib/libsdk.a(board_id.o)
 .data          0x10038924        0x0 /home/leon/git/swp-report/iMX6_Platform_SDK/output/mx6sdl/lib/libsdk.a(epit.o)
 .data          0x10038924        0x0 /home/leon/git/swp-report/iMX6_Platform_SDK/output/mx6sdl/lib/libsdk.a(timer.o)
 .data          0x10038924        0x0 /home/leon/git/swp-report/iMX6_Platform_SDK/output/mx6sdl/lib/libsdk.a(imx_uart.o)
 .data          0x10038924       0x58 /home/leon/git/swp-report/iMX6_Platform_SDK/output/mx6sdl/lib/libsdk.a(usdhc.o)
                0x10038924                usdhc_device
                0x10038974                card_detect_test_en
                0x10038978                write_protect_test_en
 .data          0x1003897c        0x0 /home/leon/git/swp-report/iMX6_Platform_SDK/output/mx6sdl/lib/libsdk.a(usdhc_host.o)
 .data          0x1003897c        0x4 /home/leon/git/swp-report/iMX6_Platform_SDK/output/mx6sdl/lib/libsdk.a(usdhc_mmc.o)
 .data          0x10038980        0x0 /home/leon/git/swp-report/iMX6_Platform_SDK/output/mx6sdl/lib/libsdk.a(usdhc_sd.o)
 .data          0x10038980        0x4 /home/leon/git/swp-report/iMX6_Platform_SDK/output/mx6sdl/lib/libsdk.a(arm_abort.o)
 .data          0x10038984        0x0 /home/leon/git/swp-report/iMX6_Platform_SDK/output/mx6sdl/lib/libsdk.a(interrupt.o)
 .data          0x10038984        0x4 /home/leon/git/swp-report/iMX6_Platform_SDK/output/mx6sdl/lib/libsdk.a(menu.o)
 .data          0x10038988        0x0 /home/leon/git/swp-report/iMX6_Platform_SDK/output/mx6sdl/lib/libsdk.a(abort_handler.o)
 .data          0x10038988        0x0 /home/leon/git/swp-report/iMX6_Platform_SDK/output/mx6sdl/lib/libboard_evb_rev_a.a(board_io_expanders.o)
 .data          0x10038988        0x0 /home/leon/git/swp-report/iMX6_Platform_SDK/output/mx6sdl/lib/libboard_evb_rev_a.a(board_usdhc.o)
 .data          0x10038988        0x8 /home/leon/git/swp-report/iMX6_Platform_SDK/output/mx6sdl/lib/libboard_evb_rev_a.a(hardware_modules.o)
                0x10038988                g_debug_uart_port
                0x1003898c                g_system_timer_port
 .data          0x10038990        0x0 /home/leon/git/swp-report/iMX6_Platform_SDK/output/mx6sdl/lib/libboard_evb_rev_a.a(dcd.o)
 .data          0x10038990        0x0 /home/leon/git/swp-report/iMX6_Platform_SDK/output/mx6sdl/lib/libboard_evb_rev_a.a(uart_iomux_config.o)
 .data          0x10038990        0x0 /home/leon/git/swp-report/iMX6_Platform_SDK/output/mx6sdl/lib/libboard_evb_rev_a.a(usdhc_iomux_config.o)
 .data          0x10038990        0x0 /home/leon/git/swp-report/iMX6_Platform_SDK/output/mx6sdl/lib/libboard_evb_rev_a.a(iomux_config.o)
 .data          0x10038990        0x0 /home/leon/git/swp-report/iMX6_Platform_SDK/output/mx6sdl/lib/libboard_evb_rev_a.a(ipu1_iomux_config.o)
 .data          0x10038990        0x0 /home/leon/git/swp-report/iMX6_Platform_SDK/output/mx6sdl/lib/libboard_evb_rev_a.a(kpp_iomux_config.o)
 .data          0x10038990        0x0 /home/leon/git/swp-report/iMX6_Platform_SDK/output/mx6sdl/lib/libboard_evb_rev_a.a(mlb_iomux_config.o)
 .data          0x10038990        0x0 /home/leon/git/swp-report/iMX6_Platform_SDK/output/mx6sdl/lib/libboard_evb_rev_a.a(mmdc_iomux_config.o)
 .data          0x10038990        0x0 /home/leon/git/swp-report/iMX6_Platform_SDK/output/mx6sdl/lib/libboard_evb_rev_a.a(pwm1_iomux_config.o)
 .data          0x10038990        0x0 /home/leon/git/swp-report/iMX6_Platform_SDK/output/mx6sdl/lib/libboard_evb_rev_a.a(sjc_iomux_config.o)
 .data          0x10038990        0x0 /home/leon/git/swp-report/iMX6_Platform_SDK/output/mx6sdl/lib/libboard_evb_rev_a.a(spdif_iomux_config.o)
 .data          0x10038990        0x0 /home/leon/git/swp-report/iMX6_Platform_SDK/output/mx6sdl/lib/libboard_evb_rev_a.a(uart2_iomux_config.o)
 .data          0x10038990        0x0 /home/leon/git/swp-report/iMX6_Platform_SDK/output/mx6sdl/lib/libboard_evb_rev_a.a(uart4_iomux_config.o)
 .data          0x10038990        0x0 /home/leon/git/swp-report/iMX6_Platform_SDK/output/mx6sdl/lib/libboard_evb_rev_a.a(usb_iomux_config.o)
 .data          0x10038990        0x0 /home/leon/git/swp-report/iMX6_Platform_SDK/output/mx6sdl/lib/libboard_evb_rev_a.a(usdhc1_iomux_config.o)
 .data          0x10038990        0x0 /home/leon/git/swp-report/iMX6_Platform_SDK/output/mx6sdl/lib/libboard_evb_rev_a.a(usdhc2_iomux_config.o)
 .data          0x10038990        0x0 /home/leon/git/swp-report/iMX6_Platform_SDK/output/mx6sdl/lib/libboard_evb_rev_a.a(usdhc3_iomux_config.o)
 .data          0x10038990        0x0 /home/leon/git/swp-report/iMX6_Platform_SDK/output/mx6sdl/lib/libboard_evb_rev_a.a(usdhc4_iomux_config.o)
 .data          0x10038990        0x0 /home/leon/git/swp-report/iMX6_Platform_SDK/output/mx6sdl/lib/libboard_evb_rev_a.a(ccm_iomux_config.o)
 .data          0x10038990        0x0 /home/leon/git/swp-report/iMX6_Platform_SDK/output/mx6sdl/lib/libboard_evb_rev_a.a(ecspi1_iomux_config.o)
 .data          0x10038990        0x0 /home/leon/git/swp-report/iMX6_Platform_SDK/output/mx6sdl/lib/libboard_evb_rev_a.a(enet_iomux_config.o)
 .data          0x10038990        0x0 /home/leon/git/swp-report/iMX6_Platform_SDK/output/mx6sdl/lib/libboard_evb_rev_a.a(esai_iomux_config.o)
 .data          0x10038990        0x0 /home/leon/git/swp-report/iMX6_Platform_SDK/output/mx6sdl/lib/libboard_evb_rev_a.a(flexcan1_iomux_config.o)
 .data          0x10038990        0x0 /home/leon/git/swp-report/iMX6_Platform_SDK/output/mx6sdl/lib/libboard_evb_rev_a.a(flexcan2_iomux_config.o)
 .data          0x10038990        0x0 /home/leon/git/swp-report/iMX6_Platform_SDK/output/mx6sdl/lib/libboard_evb_rev_a.a(gpio3_iomux_config.o)
 .data          0x10038990        0x0 /home/leon/git/swp-report/iMX6_Platform_SDK/output/mx6sdl/lib/libboard_evb_rev_a.a(gpio4_iomux_config.o)
 .data          0x10038990        0x0 /home/leon/git/swp-report/iMX6_Platform_SDK/output/mx6sdl/lib/libboard_evb_rev_a.a(gpio5_iomux_config.o)
 .data          0x10038990        0x0 /home/leon/git/swp-report/iMX6_Platform_SDK/output/mx6sdl/lib/libboard_evb_rev_a.a(gpio6_iomux_config.o)
 .data          0x10038990        0x0 /home/leon/git/swp-report/iMX6_Platform_SDK/output/mx6sdl/lib/libboard_evb_rev_a.a(gpmi_iomux_config.o)
 .data          0x10038990        0x0 /home/leon/git/swp-report/iMX6_Platform_SDK/output/mx6sdl/lib/libboard_evb_rev_a.a(hdmi_iomux_config.o)
 .data          0x10038990        0x0 /home/leon/git/swp-report/iMX6_Platform_SDK/output/mx6sdl/lib/libboard_evb_rev_a.a(i2c1_iomux_config.o)
 .data          0x10038990        0x0 /home/leon/git/swp-report/iMX6_Platform_SDK/output/mx6sdl/lib/libboard_evb_rev_a.a(i2c2_iomux_config.o)
 .data          0x10038990        0x0 /home/leon/git/swp-report/iMX6_Platform_SDK/output/mx6sdl/lib/libboard_evb_rev_a.a(i2c3_iomux_config.o)
 .data          0x10038990        0x0 /home/leon/riotboard/arm-2012.09/bin/../arm-none-eabi/lib//libc.a(lib_a-abort.o)
 .data          0x10038990        0x0 /home/leon/riotboard/arm-2012.09/bin/../arm-none-eabi/lib//libc.a(lib_a-assert.o)
 .data          0x10038990        0x0 /home/leon/riotboard/arm-2012.09/bin/../arm-none-eabi/lib//libc.a(lib_a-bzero.o)
 .data          0x10038990        0x0 /home/leon/riotboard/arm-2012.09/bin/../arm-none-eabi/lib//libc.a(lib_a-calloc.o)
 .data          0x10038990        0x0 /home/leon/riotboard/arm-2012.09/bin/../arm-none-eabi/lib//libc.a(lib_a-callocr.o)
 .data          0x10038990        0x0 /home/leon/riotboard/arm-2012.09/bin/../arm-none-eabi/lib//libc.a(lib_a-fiprintf.o)
 .data          0x10038990        0x0 /home/leon/riotboard/arm-2012.09/bin/../arm-none-eabi/lib//libc.a(lib_a-fputc.o)
 .data          0x10038990      0x430 /home/leon/riotboard/arm-2012.09/bin/../arm-none-eabi/lib//libc.a(lib_a-impure.o)
                0x10038990                _impure_ptr
 .data          0x10038dc0        0x0 /home/leon/riotboard/arm-2012.09/bin/../arm-none-eabi/lib//libc.a(lib_a-init.o)
 .data          0x10038dc0        0x0 /home/leon/riotboard/arm-2012.09/bin/../arm-none-eabi/lib//libc.a(lib_a-malloc.o)
 .data          0x10038dc0      0x410 /home/leon/riotboard/arm-2012.09/bin/../arm-none-eabi/lib//libc.a(lib_a-mallocr.o)
                0x10038dc0                __malloc_av_
                0x100391c8                __malloc_sbrk_base
                0x100391cc                __malloc_trim_threshold
 .data          0x100391d0        0x0 /home/leon/riotboard/arm-2012.09/bin/../arm-none-eabi/lib//libc.a(lib_a-memchr.o)
 .data          0x100391d0        0x0 /home/leon/riotboard/arm-2012.09/bin/../arm-none-eabi/lib//libc.a(lib_a-memcpy.o)
 .data          0x100391d0        0x0 /home/leon/riotboard/arm-2012.09/bin/../arm-none-eabi/lib//libc.a(lib_a-memset.o)
 .data          0x100391d0        0x0 /home/leon/riotboard/arm-2012.09/bin/../arm-none-eabi/lib//libc.a(lib_a-mlock.o)
 .data          0x100391d0        0x0 /home/leon/riotboard/arm-2012.09/bin/../arm-none-eabi/lib//libc.a(lib_a-printf.o)
 .data          0x100391d0        0x0 /home/leon/riotboard/arm-2012.09/bin/../arm-none-eabi/lib//libc.a(lib_a-putc.o)
 .data          0x100391d0        0x0 /home/leon/riotboard/arm-2012.09/bin/../arm-none-eabi/lib//libc.a(lib_a-realloc.o)
 .data          0x100391d0        0x0 /home/leon/riotboard/arm-2012.09/bin/../arm-none-eabi/lib//libc.a(lib_a-reallocr.o)
 .data          0x100391d0        0x0 /home/leon/riotboard/arm-2012.09/bin/../arm-none-eabi/lib//libc.a(lib_a-reent.o)
 .data          0x100391d0        0x0 /home/leon/riotboard/arm-2012.09/bin/../arm-none-eabi/lib//libc.a(lib_a-rget.o)
 .data          0x100391d0        0x0 /home/leon/riotboard/arm-2012.09/bin/../arm-none-eabi/lib//libc.a(lib_a-sbrkr.o)
 .data          0x100391d0        0x0 /home/leon/riotboard/arm-2012.09/bin/../arm-none-eabi/lib//libc.a(lib_a-signal.o)
 .data          0x100391d0        0x0 /home/leon/riotboard/arm-2012.09/bin/../arm-none-eabi/lib//libc.a(lib_a-signalr.o)
 .data          0x100391d0        0x0 /home/leon/riotboard/arm-2012.09/bin/../arm-none-eabi/lib//libc.a(lib_a-sprintf.o)
 .data          0x100391d0        0x0 /home/leon/riotboard/arm-2012.09/bin/../arm-none-eabi/lib//libc.a(lib_a-strlen.o)
 .data          0x100391d0        0x0 /home/leon/riotboard/arm-2012.09/bin/../arm-none-eabi/lib//libc.a(lib_a-strncasecmp.o)
 .data          0x100391d0        0x0 /home/leon/riotboard/arm-2012.09/bin/../arm-none-eabi/lib//libc.a(lib_a-svfprintf.o)
 .data          0x100391d0        0x0 /home/leon/riotboard/arm-2012.09/bin/../arm-none-eabi/lib//libc.a(lib_a-vfiprintf.o)
 .data          0x100391d0        0x0 /home/leon/riotboard/arm-2012.09/bin/../arm-none-eabi/lib//libc.a(lib_a-vfprintf.o)
 .data          0x100391d0        0x0 /home/leon/riotboard/arm-2012.09/bin/../arm-none-eabi/lib//libc.a(lib_a-vprintf.o)
 .data          0x100391d0        0x0 /home/leon/riotboard/arm-2012.09/bin/../arm-none-eabi/lib//libc.a(lib_a-wbuf.o)
 .data          0x100391d0        0x0 /home/leon/riotboard/arm-2012.09/bin/../arm-none-eabi/lib//libc.a(lib_a-wsetup.o)
 .data          0x100391d0        0x4 /home/leon/riotboard/arm-2012.09/bin/../arm-none-eabi/lib//libc.a(lib_a-ctype_.o)
                0x100391d0                __ctype_ptr__
 .data          0x100391d4        0x0 /home/leon/riotboard/arm-2012.09/bin/../arm-none-eabi/lib//libc.a(lib_a-dtoa.o)
 .data          0x100391d4        0x0 /home/leon/riotboard/arm-2012.09/bin/../arm-none-eabi/lib//libc.a(lib_a-fflush.o)
 .data          0x100391d4        0x0 /home/leon/riotboard/arm-2012.09/bin/../arm-none-eabi/lib//libc.a(lib_a-findfp.o)
 .data          0x100391d4        0x0 /home/leon/riotboard/arm-2012.09/bin/../arm-none-eabi/lib//libc.a(lib_a-fputwc.o)
 .data          0x100391d4        0x0 /home/leon/riotboard/arm-2012.09/bin/../arm-none-eabi/lib//libc.a(lib_a-freer.o)
 .data          0x100391d4        0x0 /home/leon/riotboard/arm-2012.09/bin/../arm-none-eabi/lib//libc.a(lib_a-fvwrite.o)
 .data          0x100391d4        0x0 /home/leon/riotboard/arm-2012.09/bin/../arm-none-eabi/lib//libc.a(lib_a-fwalk.o)
 .data          0x100391d4       0x7c /home/leon/riotboard/arm-2012.09/bin/../arm-none-eabi/lib//libc.a(lib_a-locale.o)
                0x100391f4                __mb_cur_max
 .data          0x10039250        0x0 /home/leon/riotboard/arm-2012.09/bin/../arm-none-eabi/lib//libc.a(lib_a-makebuf.o)
 .data          0x10039250        0x0 /home/leon/riotboard/arm-2012.09/bin/../arm-none-eabi/lib//libc.a(lib_a-memmove.o)
 .data          0x10039250        0x0 /home/leon/riotboard/arm-2012.09/bin/../arm-none-eabi/lib//libc.a(lib_a-mprec.o)
 .data          0x10039250        0x0 /home/leon/riotboard/arm-2012.09/bin/../arm-none-eabi/lib//libc.a(lib_a-refill.o)
 .data          0x10039250        0x0 /home/leon/riotboard/arm-2012.09/bin/../arm-none-eabi/lib//libc.a(lib_a-s_fpclassify.o)
 .data          0x10039250        0x0 /home/leon/riotboard/arm-2012.09/bin/../arm-none-eabi/lib//libc.a(lib_a-stdio.o)
 .data          0x10039250        0x0 /home/leon/riotboard/arm-2012.09/bin/../arm-none-eabi/lib//libc.a(lib_a-strcmp.o)
 .data          0x10039250        0x0 /home/leon/riotboard/arm-2012.09/bin/../arm-none-eabi/lib//libc.a(lib_a-svfiprintf.o)
 .data          0x10039250        0x0 /home/leon/riotboard/arm-2012.09/bin/../arm-none-eabi/lib//libc.a(lib_a-wcrtomb.o)
 .data          0x10039250        0x4 /home/leon/riotboard/arm-2012.09/bin/../arm-none-eabi/lib//libc.a(lib_a-wctomb_r.o)
                0x10039250                __wctomb
 .data          0x10039254        0x0 /home/leon/riotboard/arm-2012.09/bin/../arm-none-eabi/lib//libc.a(lib_a-writer.o)
 .data          0x10039254        0x0 /home/leon/riotboard/arm-2012.09/bin/../arm-none-eabi/lib//libc.a(lib_a-closer.o)
 .data          0x10039254        0x0 /home/leon/riotboard/arm-2012.09/bin/../arm-none-eabi/lib//libc.a(lib_a-fclose.o)
 .data          0x10039254        0x0 /home/leon/riotboard/arm-2012.09/bin/../arm-none-eabi/lib//libc.a(lib_a-fstatr.o)
 .data          0x10039254        0x0 /home/leon/riotboard/arm-2012.09/bin/../arm-none-eabi/lib//libc.a(lib_a-isattyr.o)
 .data          0x10039254        0x0 /home/leon/riotboard/arm-2012.09/bin/../arm-none-eabi/lib//libc.a(lib_a-lseekr.o)
 .data          0x10039254        0x0 /home/leon/riotboard/arm-2012.09/bin/../arm-none-eabi/lib//libc.a(lib_a-readr.o)
 .data          0x10039254        0x0 /home/leon/riotboard/arm-2012.09/bin/../lib/gcc/arm-none-eabi/4.7.2//libgcc.a(_udivsi3.o)
 .data          0x10039254        0x0 /home/leon/riotboard/arm-2012.09/bin/../lib/gcc/arm-none-eabi/4.7.2//libgcc.a(_divsi3.o)
 .data          0x10039254        0x0 /home/leon/riotboard/arm-2012.09/bin/../lib/gcc/arm-none-eabi/4.7.2//libgcc.a(_dvmd_tls.o)
 .data          0x10039254        0x0 /home/leon/riotboard/arm-2012.09/bin/../lib/gcc/arm-none-eabi/4.7.2//libgcc.a(_arm_addsubdf3.o)
 .data          0x10039254        0x0 /home/leon/riotboard/arm-2012.09/bin/../lib/gcc/arm-none-eabi/4.7.2//libgcc.a(_arm_muldivdf3.o)
 .data          0x10039254        0x0 /home/leon/riotboard/arm-2012.09/bin/../lib/gcc/arm-none-eabi/4.7.2//libgcc.a(_arm_cmpdf2.o)
 .data          0x10039254        0x0 /home/leon/riotboard/arm-2012.09/bin/../lib/gcc/arm-none-eabi/4.7.2//libgcc.a(_arm_fixdfsi.o)
 .data          0x10039254        0x0 /home/leon/riotboard/arm-2012.09/bin/../lib/gcc/arm-none-eabi/4.7.2//libgcc.a(_aeabi_uldivmod.o)
 .data          0x10039254        0x0 /home/leon/riotboard/arm-2012.09/bin/../lib/gcc/arm-none-eabi/4.7.2//libgcc.a(bpabi.o)
 .data          0x10039254        0x0 /home/leon/riotboard/arm-2012.09/bin/../lib/gcc/arm-none-eabi/4.7.2//libgcc.a(_divdi3.o)
 .data          0x10039254        0x0 /home/leon/riotboard/arm-2012.09/bin/../lib/gcc/arm-none-eabi/4.7.2//libgcc.a(_udivdi3.o)
 .data          0x10039254        0x0 /home/leon/riotboard/arm-2012.09/bin/../lib/gcc/arm-none-eabi/4.7.2//libgcc.a(_clzsi2.o)
 .data          0x10039254        0x0 /home/leon/git/swp-report/iMX6_Platform_SDK/output/mx6sdl/lib/libsdk.a(max7310.o)
 .data          0x10039254        0x0 /home/leon/git/swp-report/iMX6_Platform_SDK/output/mx6sdl/lib/libsdk.a(imx_i2c.o)
 .data          0x10039254        0x0 /home/leon/git/swp-report/iMX6_Platform_SDK/output/mx6sdl/lib/libboard_evb_rev_a.a(i2c_iomux_config.o)

.jcr            0x10039254        0x4
 .jcr           0x10039254        0x0 /home/leon/riotboard/arm-2012.09/bin/../lib/gcc/arm-none-eabi/4.7.2//crtbegin.o
 .jcr           0x10039254        0x4 /home/leon/riotboard/arm-2012.09/bin/../lib/gcc/arm-none-eabi/4.7.2//crtend.o

.tm_clone_table
                0x10039258        0x0
 .tm_clone_table
                0x10039258        0x0 /home/leon/riotboard/arm-2012.09/bin/../lib/gcc/arm-none-eabi/4.7.2//crtbegin.o
 .tm_clone_table
                0x10039258        0x0 /home/leon/riotboard/arm-2012.09/bin/../lib/gcc/arm-none-eabi/4.7.2//crtend.o

.igot.plt       0x10039258        0x0
 .igot.plt      0x00000000        0x0 /home/leon/riotboard/arm-2012.09/bin/../lib/gcc/arm-none-eabi/4.7.2//crtbegin.o

.hab.data       0x10400000     0x2000
                0x10400000                __hab_data = .
                0x10402000                . = (. + 0x2000)
 *fill*         0x10400000     0x2000 
                0x10402000                . = ALIGN (0x20)
                0x10402000                __hab_data_end = .
                0x00402000                _image_size = (. - _start_image_add)

.bss            0x10402000     0x1504
                0x10402000                __bss_start__ = .
 *(.shbss)
 *(.bss .bss.* .gnu.linkonce.b.*)
 .bss           0x10402000       0x1c /home/leon/riotboard/arm-2012.09/bin/../lib/gcc/arm-none-eabi/4.7.2//crtbegin.o
 .bss           0x1040201c        0x0 /home/leon/riotboard/arm-2012.09/bin/../lib/gcc/arm-none-eabi/4.7.2//crti.o
 .bss           0x1040201c        0x0 /home/leon/riotboard/arm-2012.09/bin/../lib/gcc/arm-none-eabi/4.7.2//crtend.o
 .bss           0x1040201c        0x0 /home/leon/riotboard/arm-2012.09/bin/../lib/gcc/arm-none-eabi/4.7.2//crtn.o
 .bss           0x1040201c        0x0 /home/leon/git/swp-report/iMX6_Platform_SDK/output/mx6sdl/filesystem/evb_rev_a/obj/apps/common/ivt.o
 .bss           0x1040201c        0x0 /home/leon/git/swp-report/iMX6_Platform_SDK/output/mx6sdl/filesystem/evb_rev_a/obj/apps/common/platform_init.o
 .bss           0x1040201c        0x0 /home/leon/git/swp-report/iMX6_Platform_SDK/output/mx6sdl/filesystem/evb_rev_a/obj/apps/common/print_clock_info.o
 .bss           0x1040201c        0x0 /home/leon/git/swp-report/iMX6_Platform_SDK/output/mx6sdl/filesystem/evb_rev_a/obj/apps/common/print_version.o
 .bss           0x1040201c       0x14 /home/leon/git/swp-report/iMX6_Platform_SDK/output/mx6sdl/filesystem/evb_rev_a/obj/apps/filesystem/src/fs_test.o
                0x1040201c                dataSize
                0x1040202c                epit_freq
 .bss           0x10402030        0x0 /home/leon/git/swp-report/iMX6_Platform_SDK/output/mx6sdl/lib/libsdk.a(base.o)
 .bss           0x10402030        0x8 /home/leon/git/swp-report/iMX6_Platform_SDK/output/mx6sdl/lib/libsdk.a(cache_wrappers.o)
                0x10402034                g_u32MbrStartSector
 .bss           0x10402038        0x0 /home/leon/git/swp-report/iMX6_Platform_SDK/output/mx6sdl/lib/libsdk.a(chdir.o)
 .bss           0x10402038        0x0 /home/leon/git/swp-report/iMX6_Platform_SDK/output/mx6sdl/lib/libsdk.a(directories.o)
 .bss           0x10402038        0x0 /home/leon/git/swp-report/iMX6_Platform_SDK/output/mx6sdl/lib/libsdk.a(fatapi.o)