Archive member included because of file (symbol)

/home/leon/git/swp-report/iMX6_Platform_SDK/output/mx6dq/lib/libsdk.a(armv7_cache.o)
                              /home/leon/git/swp-report/iMX6_Platform_SDK/output/mx6dq/smp_primes/smart_device_rev_a/obj/apps/smp_primes/src/main.o (arm_dcache_enable)
/home/leon/git/swp-report/iMX6_Platform_SDK/output/mx6dq/lib/libsdk.a(ccm_pll.o)
                              /home/leon/git/swp-report/iMX6_Platform_SDK/output/mx6dq/smp_primes/smart_device_rev_a/obj/apps/common/platform_init.o (ccm_init)
/home/leon/git/swp-report/iMX6_Platform_SDK/output/mx6dq/lib/libsdk.a(cortexA9.o)
                              /home/leon/git/swp-report/iMX6_Platform_SDK/output/mx6dq/smp_primes/smart_device_rev_a/obj/apps/common/platform_init.o (arm_set_interrupt_state)
/home/leon/git/swp-report/iMX6_Platform_SDK/output/mx6dq/lib/libsdk.a(gic.o)
                              /home/leon/git/swp-report/iMX6_Platform_SDK/output/mx6dq/smp_primes/smart_device_rev_a/obj/apps/common/platform_init.o (gic_init)
/home/leon/git/swp-report/iMX6_Platform_SDK/output/mx6dq/lib/libsdk.a(mmu.o)
                              /home/leon/git/swp-report/iMX6_Platform_SDK/output/mx6dq/smp_primes/smart_device_rev_a/obj/apps/common/platform_init.o (mmu_init)
/home/leon/git/swp-report/iMX6_Platform_SDK/output/mx6dq/lib/libsdk.a(startup.o)
                              (_start)
/home/leon/git/swp-report/iMX6_Platform_SDK/output/mx6dq/lib/libsdk.a(vectors.o)
                              /home/leon/git/swp-report/iMX6_Platform_SDK/output/mx6dq/lib/libsdk.a(startup.o) (vectors)
/home/leon/git/swp-report/iMX6_Platform_SDK/output/mx6dq/lib/libsdk.a(spinlock.o)
                              /home/leon/git/swp-report/iMX6_Platform_SDK/output/mx6dq/smp_primes/smart_device_rev_a/obj/apps/smp_primes/src/main.o (spinlock_init)
/home/leon/git/swp-report/iMX6_Platform_SDK/output/mx6dq/lib/libsdk.a(spinlock_lock_unlock.o)
                              /home/leon/git/swp-report/iMX6_Platform_SDK/output/mx6dq/smp_primes/smart_device_rev_a/obj/apps/smp_primes/src/main.o (spinlock_lock)
/home/leon/git/swp-report/iMX6_Platform_SDK/output/mx6dq/lib/libsdk.a(system_util.o)
                              /home/leon/git/swp-report/iMX6_Platform_SDK/output/mx6dq/lib/libsdk.a(startup.o) (_sys_exit)
/home/leon/git/swp-report/iMX6_Platform_SDK/output/mx6dq/lib/libsdk.a(text_color.o)
                              /home/leon/git/swp-report/iMX6_Platform_SDK/output/mx6dq/lib/libsdk.a(system_util.o) (g_TextAttributeBold)
/home/leon/git/swp-report/iMX6_Platform_SDK/output/mx6dq/lib/libsdk.a(cpu_get_cores.o)
                              /home/leon/git/swp-report/iMX6_Platform_SDK/output/mx6dq/smp_primes/smart_device_rev_a/obj/apps/smp_primes/src/main.o (cpu_get_cores)
/home/leon/git/swp-report/iMX6_Platform_SDK/output/mx6dq/lib/libsdk.a(cpu_multicore.o)
                              /home/leon/git/swp-report/iMX6_Platform_SDK/output/mx6dq/smp_primes/smart_device_rev_a/obj/apps/smp_primes/src/main.o (cpu_start_secondary)
/home/leon/git/swp-report/iMX6_Platform_SDK/output/mx6dq/lib/libsdk.a(timer.o)
                              /home/leon/git/swp-report/iMX6_Platform_SDK/output/mx6dq/smp_primes/smart_device_rev_a/obj/apps/common/platform_init.o (system_time_init)
/home/leon/git/swp-report/iMX6_Platform_SDK/output/mx6dq/lib/libsdk.a(imx_uart.o)
                              /home/leon/git/swp-report/iMX6_Platform_SDK/output/mx6dq/smp_primes/smart_device_rev_a/obj/apps/common/platform_init.o (uart_getchar)
/home/leon/git/swp-report/iMX6_Platform_SDK/output/mx6dq/lib/libsdk.a(arm_abort.o)
                              /home/leon/git/swp-report/iMX6_Platform_SDK/output/mx6dq/lib/libsdk.a(vectors.o) (data_abort_handler)
/home/leon/git/swp-report/iMX6_Platform_SDK/output/mx6dq/lib/libsdk.a(interrupt.o)
                              /home/leon/git/swp-report/iMX6_Platform_SDK/output/mx6dq/lib/libsdk.a(vectors.o) (IRQ_HDLR)
/home/leon/git/swp-report/iMX6_Platform_SDK/output/mx6dq/lib/libsdk.a(epit.o)
                              /home/leon/git/swp-report/iMX6_Platform_SDK/output/mx6dq/lib/libsdk.a(timer.o) (epit_get_compare_event)
/home/leon/git/swp-report/iMX6_Platform_SDK/output/mx6dq/lib/libsdk.a(abort_handler.o)
                              /home/leon/git/swp-report/iMX6_Platform_SDK/output/mx6dq/lib/libsdk.a(arm_abort.o) (dump_regs)
/home/leon/git/swp-report/iMX6_Platform_SDK/output/mx6dq/lib/libboard_smart_device_rev_a.a(board_io_expanders.o)
                              /home/leon/git/swp-report/iMX6_Platform_SDK/output/mx6dq/smp_primes/smart_device_rev_a/obj/apps/common/platform_init.o (board_ioexpander_init)
/home/leon/git/swp-report/iMX6_Platform_SDK/output/mx6dq/lib/libboard_smart_device_rev_a.a(hardware_modules.o)
                              /home/leon/git/swp-report/iMX6_Platform_SDK/output/mx6dq/smp_primes/smart_device_rev_a/obj/apps/common/platform_init.o (g_debug_uart_port)
[...]
Memory Configuration

Name             Origin             Length             Attributes
OCRAM            0x00900000         0x00040000         xrw
DDR              0x10000000         0x40000000         xrw
*default*        0x00000000         0xffffffff

Linker script and memory map

LOAD /home/leon/riotboard/arm-2012.09/bin/../lib/gcc/arm-none-eabi/4.7.2//crtbegin.o
LOAD /home/leon/riotboard/arm-2012.09/bin/../lib/gcc/arm-none-eabi/4.7.2//crti.o
LOAD /home/leon/riotboard/arm-2012.09/bin/../lib/gcc/arm-none-eabi/4.7.2//crtend.o
LOAD /home/leon/riotboard/arm-2012.09/bin/../lib/gcc/arm-none-eabi/4.7.2//crtn.o

.l1_page_table  0x00900000     0x4000
                0x00900000                __l1_page_table_start = .
                0x00904000                . = (. + 0x4000)
 *fill*         0x00900000     0x4000 

.heap.ocram     0x00904000    0x3bfb8
                0x00904000                __heap_ocram_start = .
                0x0093ffb8                . = (. + 0x3bfb8)
 *fill*         0x00904000    0x3bfb8 
                0x0093ffb8                __heap_ocram_end = .

.ram_vectors    0x0093ffb8       0x48
                0x0093ffb8                __ram_vectors_start = .
                0x00940000                . = (. + 0x48)
 *fill*         0x0093ffb8       0x48 
                0x00940000                __ram_vectors_end = .
                0x10000000                _start_image_add = ORIGIN (DDR)

.ivt            0x10000000      0x420
                0x10000400                . = (. + 0x400)
 *fill*         0x10000000      0x400 
 *(.ivt)
 .ivt           0x10000400       0x20 /home/leon/git/swp-report/iMX6_Platform_SDK/output/mx6dq/smp_primes/smart_device_rev_a/obj/apps/common/ivt.o
                0x10000400                input_ivt

.boot_data      0x10000420        0xc
                0x10000420                __start_boot_data = .
 *(.boot_data)
 .boot_data     0x10000420        0xc /home/leon/git/swp-report/iMX6_Platform_SDK/output/mx6dq/smp_primes/smart_device_rev_a/obj/apps/common/ivt.o
                0x10000420                bd

.dcd_hdr        0x10000430        0x4
                0x10000430                __start_dcd = .
 *(.dcd_hdr)
 .dcd_hdr       0x10000430        0x4 /home/leon/git/swp-report/iMX6_Platform_SDK/output/mx6dq/lib/libboard_smart_device_rev_a.a(dcd.o)
                0x10000430                input_dcd_hdr

.dcd_wrt_cmd    0x10000434        0x4
 *(.dcd_wrt_cmd)
 .dcd_wrt_cmd   0x10000434        0x4 /home/leon/git/swp-report/iMX6_Platform_SDK/output/mx6dq/lib/libboard_smart_device_rev_a.a(dcd.o)
                0x10000434                input_dcd_wrt_cmd

.dcd_data       0x10000438      0x298
 *(.dcd_data)
 .dcd_data      0x10000438      0x298 /home/leon/git/swp-report/iMX6_Platform_SDK/output/mx6dq/lib/libboard_smart_device_rev_a.a(dcd.o)
                0x10000438                input_dcd

.text           0x100006d0    0x16fd8
 CREATE_OBJECT_SYMBOLS
 *(.startup)
 .startup       0x100006d0      0x138 /home/leon/git/swp-report/iMX6_Platform_SDK/output/mx6dq/lib/libsdk.a(startup.o)
                0x100006d0                _start
 *(.text .text.* .gnu.linkonce.t.*)
 .text          0x10000808      0x128 /home/leon/riotboard/arm-2012.09/bin/../lib/gcc/arm-none-eabi/4.7.2//crtbegin.o
 .text          0x10000930        0x0 /home/leon/riotboard/arm-2012.09/bin/../lib/gcc/arm-none-eabi/4.7.2//crti.o
 .text          0x10000930        0x0 /home/leon/riotboard/arm-2012.09/bin/../lib/gcc/arm-none-eabi/4.7.2//crtend.o
 .text          0x10000930        0x0 /home/leon/riotboard/arm-2012.09/bin/../lib/gcc/arm-none-eabi/4.7.2//crtn.o
 .text          0x10000930        0x0 /home/leon/git/swp-report/iMX6_Platform_SDK/output/mx6dq/smp_primes/smart_device_rev_a/obj/apps/common/ivt.o
 .text          0x10000930       0xbc /home/leon/git/swp-report/iMX6_Platform_SDK/output/mx6dq/smp_primes/smart_device_rev_a/obj/apps/common/platform_init.o
                0x10000930                platform_init
 .text          0x100009ec      0x380 /home/leon/git/swp-report/iMX6_Platform_SDK/output/mx6dq/smp_primes/smart_device_rev_a/obj/apps/smp_primes/src/main.o
                0x100009ec                configure_cpu
                0x10000a40                smp_primes
                0x10000d50                main
 .text          0x10000d6c      0x55c /home/leon/git/swp-report/iMX6_Platform_SDK/output/mx6dq/smp_primes/smart_device_rev_a/obj/apps/smp_primes/src/primes.o
                0x10000ea0                initPrimes
                0x1000119c                calculatePrimes
 .text          0x100012c8      0x644 /home/leon/git/swp-report/iMX6_Platform_SDK/output/mx6dq/lib/libsdk.a(armv7_cache.o)
                0x100012c8                arm_dcache_state_query
                0x10001308                arm_dcache_enable
                0x10001350                arm_dcache_disable
                0x10001388                arm_dcache_invalidate
                0x1000142c                arm_dcache_invalidate_line
                0x10001498                arm_dcache_invalidate_mlines
                0x10001538                arm_dcache_flush
                0x100015dc                arm_dcache_flush_line
                0x10001648                arm_dcache_flush_mlines
                0x100016e8                arm_icache_state_query
                0x10001728                arm_icache_enable
                0x10001770                arm_icache_disable
                0x100017a8                arm_icache_invalidate
                0x100017d4                arm_icache_invalidate_is
                0x10001800                arm_icache_invalidate_line
                0x1000186c                arm_icache_invalidate_mlines
 .text          0x1000190c      0xcdc /home/leon/git/swp-report/iMX6_Platform_SDK/output/mx6dq/lib/libsdk.a(ccm_pll.o)
                0x1000190c                ccm_init
                0x10001a30                get_main_clock
                0x10001cc0                get_peri_clock
                0x10001e70                ccm_ccgr_config
                0x10001ed8                clock_gating_config
                0x10002358                ccm_set_lpm_wakeup_source
                0x1000244c                ccm_enter_low_power
                0x100024bc                ipu_hsp_clk_config
                0x100024dc                gpu_clock_config
 .text          0x100025e8      0x164 /home/leon/git/swp-report/iMX6_Platform_SDK/output/mx6dq/lib/libsdk.a(cortexA9.o)
                0x100025e8                arm_set_interrupt_state
                0x1000260c                cpu_get_current
                0x10002618                enable_neon_fpu
                0x10002634                disable_strict_align_check
                0x10002648                disable_L1_cache
                0x10002668                get_arm_private_peripheral_base
                0x10002670                arm_unified_tlb_invalidate
                0x10002680                arm_unified_tlb_invalidate_is
                0x10002690                arm_branch_prediction_enable
                0x100026a0                arm_branch_prediction_disable
                0x100026b0                arm_branch_target_cache_invalidate
                0x100026bc                arm_branch_target_cache_invalidate_is
                0x100026c8                scu_enable
                0x100026dc                scu_join_smp
                0x100026ec                scu_leave_smp
                0x100026fc                scu_get_cpus_in_smp
                0x10002710                scu_enable_maintenance_broadcast
                0x10002720                scu_disable_maintenance_broadcast
                0x10002730                scu_secure_invalidate
 .text          0x1000274c      0x5e0 /home/leon/git/swp-report/iMX6_Platform_SDK/output/mx6dq/lib/libsdk.a(gic.o)
                0x10002830                gic_enable
                0x10002890                gic_set_irq_security
                0x10002938                gic_enable_irq
                0x100029b4                gic_set_irq_priority
                0x100029fc                gic_set_cpu_target
                0x10002b08                gic_send_sgi
                0x10002b5c                gic_cpu_enable
                0x10002bbc                gic_set_cpu_priority_mask
                0x10002bf0                gic_read_irq_ack
                0x10002c1c                gic_write_end_of_irq
                0x10002c4c                gic_init
                0x10002cf0                gic_init_cpu
 .text          0x10002d2c      0x460 /home/leon/git/swp-report/iMX6_Platform_SDK/output/mx6dq/lib/libsdk.a(mmu.o)
                0x10002d2c                mmu_enable
                0x10002d64                mmu_disable
                0x10002d98                mmu_init
                0x10002eb4                mmu_map_l1_range
                0x100030cc                mmu_virtual_to_physical
 .text          0x1000318c        0x0 /home/leon/git/swp-report/iMX6_Platform_SDK/output/mx6dq/lib/libsdk.a(startup.o)
 .text          0x1000318c        0x4 /home/leon/git/swp-report/iMX6_Platform_SDK/output/mx6dq/lib/libsdk.a(vectors.o)
                0x1000318c                exception_handler
 .text.vectors  0x10003190       0x48 /home/leon/git/swp-report/iMX6_Platform_SDK/output/mx6dq/lib/libsdk.a(vectors.o)
                0x10003190                vectors
 .text          0x100031d8       0x60 /home/leon/git/swp-report/iMX6_Platform_SDK/output/mx6dq/lib/libsdk.a(spinlock.o)
                0x100031d8                spinlock_init
                0x10003200                spinlock_is_locked
 .text          0x10003238       0x60 /home/leon/git/swp-report/iMX6_Platform_SDK/output/mx6dq/lib/libsdk.a(spinlock_lock_unlock.o)
                0x10003238                spinlock_lock
                0x10003264                spinlock_unlock
 .text          0x10003298      0x914 /home/leon/git/swp-report/iMX6_Platform_SDK/output/mx6dq/lib/libsdk.a(system_util.o)
                0x10003298                _sys_exit
                0x100032b4                mybkpt
                0x100032bc                is_input_char
                0x1000343c                read_input_string
                0x10003724                get_input_hex
                0x100039a4                read_int
                0x10003b08                jump_to_sdp
 .text          0x10003bac       0xe0 /home/leon/git/swp-report/iMX6_Platform_SDK/output/mx6dq/lib/libsdk.a(text_color.o)
                0x10003bac                printf_color
                0x10003c48                get_color_supported
 .text          0x10003c8c       0x78 /home/leon/git/swp-report/iMX6_Platform_SDK/output/mx6dq/lib/libsdk.a(cpu_get_cores.o)
                0x10003c8c                cpu_get_cores
 .text          0x10003d04      0x2a8 /home/leon/git/swp-report/iMX6_Platform_SDK/output/mx6dq/lib/libsdk.a(cpu_multicore.o)
                0x10003d68                cpu_start_secondary
                0x10003efc                cpu_disable
 .text          0x10003fac      0x290 /home/leon/git/swp-report/iMX6_Platform_SDK/output/mx6dq/lib/libsdk.a(timer.o)
                0x10003fac                hal_delay_us
                0x1000401c                system_time_init
                0x1000417c                time_get_microseconds
 .text          0x1000423c     0x2820 /home/leon/git/swp-report/iMX6_Platform_SDK/output/mx6dq/lib/libsdk.a(imx_uart.o)
                0x1000423c                uart_get_reffreq
                0x10004338                uart_putchar
                0x10004488                uart_getchar
                0x100045e8                uart_set_FIFO_mode
                0x10005114                uart_set_loopback_mode
                0x10005368                uart_setup_interrupt
                0x10005434                uart_init
 .text          0x10006a5c       0x98 /home/leon/git/swp-report/iMX6_Platform_SDK/output/mx6dq/lib/libsdk.a(arm_abort.o)
                0x10006a5c                common_abort_handler
                0x10006abc                data_abort_handler
                0x10006ad4                prefetch_abort_handler
 .text          0x10006af4      0x1bc /home/leon/git/swp-report/iMX6_Platform_SDK/output/mx6dq/lib/libsdk.a(interrupt.o)
                0x10006af4                IRQ_HDLR
                0x10006bbc                disable_interrupt
                0x10006bf8                enable_interrupt
                0x10006c50                register_interrupt_routine
                0x10006c84                default_interrupt_routine
 .text          0x10006cb0      0x8e0 /home/leon/git/swp-report/iMX6_Platform_SDK/output/mx6dq/lib/libsdk.a(epit.o)
                0x10006cb0                epit_reload_counter
                0x10006d10                epit_get_counter_value
                0x10006d6c                epit_set_compare_event
                0x10006dcc                epit_get_compare_event
                0x10006ec4                epit_counter_disable
                0x10007088                epit_counter_enable
                0x100072e4                epit_setup_interrupt
                0x10007374                epit_init
 .text          0x10007590      0x4bc /home/leon/git/swp-report/iMX6_Platform_SDK/output/mx6dq/lib/libsdk.a(abort_handler.o)
                0x10007590                dump_regs
 .text          0x10007a4c       0x20 /home/leon/git/swp-report/iMX6_Platform_SDK/output/mx6dq/lib/libboard_smart_device_rev_a.a(board_io_expanders.o)
                0x10007a4c                board_ioexpander_init
                0x10007a5c                board_ioexpander_iomux_config
 .text          0x10007a6c        0x0 /home/leon/git/swp-report/iMX6_Platform_SDK/output/mx6dq/lib/libboard_smart_device_rev_a.a(hardware_modules.o)
 .text          0x10007a6c        0x0 /home/leon/git/swp-report/iMX6_Platform_SDK/output/mx6dq/lib/libboard_smart_device_rev_a.a(dcd.o)
 .text          0x10007a6c       0x90 /home/leon/git/swp-report/iMX6_Platform_SDK/output/mx6dq/lib/libboard_smart_device_rev_a.a(uart_iomux_config.o)
                0x10007a6c                uart_iomux_config
 .text          0x10007afc      0x304 /home/leon/git/swp-report/iMX6_Platform_SDK/output/mx6dq/lib/libboard_smart_device_rev_a.a(iomux_config.o)
                0x10007afc                iomux_config
                0x10007b70                arm_iomux_config
                0x10007b80                asrc_iomux_config
                0x10007b90                dcic1_iomux_config
                0x10007ba0                dcic2_iomux_config
                0x10007bb0                ecspi2_iomux_config
                0x10007bc0                ecspi3_iomux_config
                0x10007bd0                ecspi4_iomux_config
                0x10007be0                ecspi5_iomux_config
                0x10007bf0                eim_iomux_config
                0x10007c00                epit1_iomux_config
                0x10007c10                epit2_iomux_config
                0x10007c20                esai_iomux_config
                0x10007c30                flexcan2_iomux_config
                0x10007c40                gpmi_iomux_config
                0x10007c50                gpt_iomux_config
                0x10007c60                hdmi_iomux_config
                0x10007c70                ipu2_iomux_config
                0x10007c80                ldb_iomux_config
                0x10007c90                mipi_csi_iomux_config
                0x10007ca0                mipi_dsi_iomux_config
                0x10007cb0                mipi_hsi_iomux_config
                0x10007cc0                mlb_iomux_config
                0x10007cd0                pcie_iomux_config
                0x10007ce0                pmu_iomux_config
                0x10007cf0                pwm2_iomux_config
                0x10007d00                pwm3_iomux_config
                0x10007d10                pwm4_iomux_config
                0x10007d20                sata_phy_iomux_config
                0x10007d30                sdma_iomux_config
                0x10007d40                snvs_iomux_config
                0x10007d50                spdif_iomux_config
                0x10007d60                src_iomux_config
                0x10007d70                uart2_iomux_config
                0x10007d80                uart3_iomux_config
                0x10007d90                uart4_iomux_config
                0x10007da0                uart5_iomux_config
                0x10007db0                usb_iomux_config
                0x10007dc0                usdhc1_iomux_config
                0x10007dd0                wdog1_iomux_config
                0x10007de0                wdog2_iomux_config
                0x10007df0                xtalosc_iomux_config
 .text          0x10007e00      0x5b0 /home/leon/git/swp-report/iMX6_Platform_SDK/output/mx6dq/lib/libboard_smart_device_rev_a.a(ipu1_iomux_config.o)
                0x10007e00                ipu1_iomux_config
 .text          0x100083b0      0x190 /home/leon/git/swp-report/iMX6_Platform_SDK/output/mx6dq/lib/libboard_smart_device_rev_a.a(kpp_iomux_config.o)
                0x100083b0                kpp_iomux_config
 .text          0x10008540     0x2884 /home/leon/git/swp-report/iMX6_Platform_SDK/output/mx6dq/lib/libboard_smart_device_rev_a.a(mmdc_iomux_config.o)
                0x10008540                mmdc_iomux_config
 .text          0x1000adc4       0x34 /home/leon/git/swp-report/iMX6_Platform_SDK/output/mx6dq/lib/libboard_smart_device_rev_a.a(pwm1_iomux_config.o)
                0x1000adc4                pwm1_iomux_config
 .text          0x1000adf8       0x70 /home/leon/git/swp-report/iMX6_Platform_SDK/output/mx6dq/lib/libboard_smart_device_rev_a.a(sjc_iomux_config.o)
                0x1000adf8                sjc_iomux_config
 .text          0x1000ae68       0x78 /home/leon/git/swp-report/iMX6_Platform_SDK/output/mx6dq/lib/libboard_smart_device_rev_a.a(uart1_iomux_config.o)
                0x1000ae68                uart1_iomux_config
 .text          0x1000aee0      0x178 /home/leon/git/swp-report/iMX6_Platform_SDK/output/mx6dq/lib/libboard_smart_device_rev_a.a(usdhc2_iomux_config.o)
                0x1000aee0                usdhc2_iomux_config
 .text          0x1000b058      0x178 /home/leon/git/swp-report/iMX6_Platform_SDK/output/mx6dq/lib/libboard_smart_device_rev_a.a(usdhc3_iomux_config.o)
                0x1000b058                usdhc3_iomux_config
 .text          0x1000b1d0      0x178 /home/leon/git/swp-report/iMX6_Platform_SDK/output/mx6dq/lib/libboard_smart_device_rev_a.a(usdhc4_iomux_config.o)
                0x1000b1d0                usdhc4_iomux_config
 .text          0x1000b348       0xa0 /home/leon/git/swp-report/iMX6_Platform_SDK/output/mx6dq/lib/libboard_smart_device_rev_a.a(audmux_iomux_config.o)
                0x1000b348                audmux_iomux_config
 .text          0x1000b3e8       0x34 /home/leon/git/swp-report/iMX6_Platform_SDK/output/mx6dq/lib/libboard_smart_device_rev_a.a(ccm_iomux_config.o)
                0x1000b3e8                ccm_iomux_config
 .text          0x1000b41c       0xe0 /home/leon/git/swp-report/iMX6_Platform_SDK/output/mx6dq/lib/libboard_smart_device_rev_a.a(ecspi1_iomux_config.o)
                0x1000b41c                ecspi1_iomux_config
 .text          0x1000b4fc      0x3bc /home/leon/git/swp-report/iMX6_Platform_SDK/output/mx6dq/lib/libboard_smart_device_rev_a.a(enet_iomux_config.o)
                0x1000b4fc                enet_iomux_config
 .text          0x1000b8b8       0x68 /home/leon/git/swp-report/iMX6_Platform_SDK/output/mx6dq/lib/libboard_smart_device_rev_a.a(flexcan1_iomux_config.o)
                0x1000b8b8                flexcan1_iomux_config
 .text          0x1000b920      0x274 /home/leon/git/swp-report/iMX6_Platform_SDK/output/mx6dq/lib/libboard_smart_device_rev_a.a(gpio1_iomux_config.o)
                0x1000b920                gpio1_iomux_config
 .text          0x1000bb94      0x164 /home/leon/git/swp-report/iMX6_Platform_SDK/output/mx6dq/lib/libboard_smart_device_rev_a.a(gpio2_iomux_config.o)
                0x1000bb94                gpio2_iomux_config
 .text          0x1000bcf8      0x258 /home/leon/git/swp-report/iMX6_Platform_SDK/output/mx6dq/lib/libboard_smart_device_rev_a.a(gpio3_iomux_config.o)
                0x1000bcf8                gpio3_iomux_config
 .text          0x1000bf50       0xa0 /home/leon/git/swp-report/iMX6_Platform_SDK/output/mx6dq/lib/libboard_smart_device_rev_a.a(gpio4_iomux_config.o)
                0x1000bf50                gpio4_iomux_config
 .text          0x1000bff0       0x50 /home/leon/git/swp-report/iMX6_Platform_SDK/output/mx6dq/lib/libboard_smart_device_rev_a.a(gpio5_iomux_config.o)
                0x1000bff0                gpio5_iomux_config
 .text          0x1000c040      0x150 /home/leon/git/swp-report/iMX6_Platform_SDK/output/mx6dq/lib/libboard_smart_device_rev_a.a(gpio6_iomux_config.o)
                0x1000c040                gpio6_iomux_config
 .text          0x1000c190       0x7c /home/leon/git/swp-report/iMX6_Platform_SDK/output/mx6dq/lib/libboard_smart_device_rev_a.a(gpio7_iomux_config.o)
                0x1000c190                gpio7_iomux_config
 .text          0x1000c20c       0xdc /home/leon/git/swp-report/iMX6_Platform_SDK/output/mx6dq/lib/libboard_smart_device_rev_a.a(gps_iomux_config.o)
                0x1000c20c                gps_iomux_config
 .text          0x1000c2e8       0x78 /home/leon/git/swp-report/iMX6_Platform_SDK/output/mx6dq/lib/libboard_smart_device_rev_a.a(i2c1_iomux_config.o)
                0x1000c2e8                i2c1_iomux_config
 .text          0x1000c360       0x78 /home/leon/git/swp-report/iMX6_Platform_SDK/output/mx6dq/lib/libboard_smart_device_rev_a.a(i2c2_iomux_config.o)
                0x1000c360                i2c2_iomux_config
 .text          0x1000c3d8       0x78 /home/leon/git/swp-report/iMX6_Platform_SDK/output/mx6dq/lib/libboard_smart_device_rev_a.a(i2c3_iomux_config.o)
                0x1000c3d8                i2c3_iomux_config
 .text          0x1000c450       0x68 /home/leon/riotboard/arm-2012.09/bin/../arm-none-eabi/lib//libc.a(lib_a-assert.o)
                0x1000c450                __assert_func
                0x1000c4a8                __assert
 .text          0x1000c4b8       0x20 /home/leon/riotboard/arm-2012.09/bin/../arm-none-eabi/lib//libc.a(lib_a-bzero.o)
                0x1000c4b8                bzero
 .text          0x1000c4d8       0x70 /home/leon/riotboard/arm-2012.09/bin/../arm-none-eabi/lib//libc.a(lib_a-fiprintf.o)
                0x1000c4d8                _fiprintf_r
                0x1000c508                fiprintf
 .text          0x1000c548       0x94 /home/leon/riotboard/arm-2012.09/bin/../arm-none-eabi/lib//libc.a(lib_a-fputc.o)
                0x1000c548                _fputc_r
                0x1000c58c                fputc
 .text          0x1000c5dc        0x0 /home/leon/riotboard/arm-2012.09/bin/../arm-none-eabi/lib//libc.a(lib_a-impure.o)
 .text          0x1000c5dc       0x88 /home/leon/riotboard/arm-2012.09/bin/../arm-none-eabi/lib//libc.a(lib_a-init.o)
                0x1000c5dc                __libc_init_array
 .text          0x1000c664       0x40 /home/leon/riotboard/arm-2012.09/bin/../arm-none-eabi/lib//libc.a(lib_a-malloc.o)
                0x1000c664                malloc
                0x1000c684                free
 .text          0x1000c6a4      0x71c /home/leon/riotboard/arm-2012.09/bin/../arm-none-eabi/lib//libc.a(lib_a-mallocr.o)
                0x1000c6a4                _malloc_r
 .text          0x1000cdc0        0x8 /home/leon/riotboard/arm-2012.09/bin/../arm-none-eabi/lib//libc.a(lib_a-mlock.o)
                0x1000cdc0                __malloc_lock
                0x1000cdc4                __malloc_unlock
 .text          0x1000cdc8       0x74 /home/leon/riotboard/arm-2012.09/bin/../arm-none-eabi/lib//libc.a(lib_a-printf.o)
                0x1000cdc8                _printf_r
                0x1000cdfc                printf
 .text          0x1000ce3c      0x170 /home/leon/riotboard/arm-2012.09/bin/../arm-none-eabi/lib//libc.a(lib_a-putc.o)
                0x1000ce3c                _putc_r
                0x1000ceec                putc
 .text          0x1000cfac       0x28 /home/leon/riotboard/arm-2012.09/bin/../arm-none-eabi/lib//libc.a(lib_a-realloc.o)
                0x1000cfac                realloc
 .text          0x1000cfd4      0x574 /home/leon/riotboard/arm-2012.09/bin/../arm-none-eabi/lib//libc.a(lib_a-reallocr.o)
                0x1000cfd4                _realloc_r
 .text          0x1000d548       0x6c /home/leon/riotboard/arm-2012.09/bin/../arm-none-eabi/lib//libc.a(lib_a-rget.o)
                0x1000d548                __srget_r
                0x1000d5a0                __srget
 .text          0x1000d5b4       0x40 /home/leon/riotboard/arm-2012.09/bin/../arm-none-eabi/lib//libc.a(lib_a-sbrkr.o)
                0x1000d5b4                _sbrk_r
 .text          0x1000d5f4     0x12c4 /home/leon/riotboard/arm-2012.09/bin/../arm-none-eabi/lib//libc.a(lib_a-vfiprintf.o)
                0x1000d5f4                __sprint_r
                0x1000d6b0                _vfiprintf_r
                0x1000e88c                vfiprintf
 .text          0x1000e8b8     0x2180 /home/leon/riotboard/arm-2012.09/bin/../arm-none-eabi/lib//libc.a(lib_a-vfprintf.o)
                0x1000e8b8                _vfprintf_r
                0x10010a0c                vfprintf
 .text          0x10010a38       0x4c /home/leon/riotboard/arm-2012.09/bin/../arm-none-eabi/lib//libc.a(lib_a-vprintf.o)
                0x10010a38                vprintf
                0x10010a64                _vprintf_r
 .text          0x10010a84      0x14c /home/leon/riotboard/arm-2012.09/bin/../arm-none-eabi/lib//libc.a(lib_a-wbuf.o)
                0x10010a84                __swbuf_r
                0x10010bb4                __swbuf
 .text          0x10010bd0      0x138 /home/leon/riotboard/arm-2012.09/bin/../arm-none-eabi/lib//libc.a(lib_a-wsetup.o)
                0x10010bd0                __swsetup_r
 .text          0x10010d08       0x14 /home/leon/riotboard/arm-2012.09/bin/../arm-none-eabi/lib//libc.a(lib_a-abort.o)
                0x10010d08                abort
 *fill*         0x10010d1c        0x4 
 .text          0x10010d20     0x18a8 /home/leon/riotboard/arm-2012.09/bin/../arm-none-eabi/lib//libc.a(lib_a-dtoa.o)
                0x10010f00                _dtoa_r
 .text          0x100125c8      0x26c /home/leon/riotboard/arm-2012.09/bin/../arm-none-eabi/lib//libc.a(lib_a-fflush.o)
                0x100125c8                _fflush_r
                0x100127f4                fflush
 .text          0x10012834      0x2c4 /home/leon/riotboard/arm-2012.09/bin/../arm-none-eabi/lib//libc.a(lib_a-findfp.o)
                0x10012844                _cleanup_r
                0x100128d8                __sfmoreglue
                0x10012920                _cleanup
                0x10012930                __sinit
                0x100129a8                __sfp
                0x10012aa0                __sfp_lock_acquire
                0x10012aa4                __sfp_lock_release
                0x10012aa8                __sinit_lock_acquire
                0x10012aac                __sinit_lock_release
                0x10012ab0                __fp_lock_all
                0x10012ad4                __fp_unlock_all
 .text          0x10012af8      0x19c /home/leon/riotboard/arm-2012.09/bin/../arm-none-eabi/lib//libc.a(lib_a-fputwc.o)
                0x10012af8                _fputwc_r
                0x10012c48                fputwc
 .text          0x10012c94      0x368 /home/leon/riotboard/arm-2012.09/bin/../arm-none-eabi/lib//libc.a(lib_a-freer.o)
                0x10012c94                _malloc_trim_r
                0x10012d90                _free_r
 .text          0x10012ffc      0x4c4 /home/leon/riotboard/arm-2012.09/bin/../arm-none-eabi/lib//libc.a(lib_a-fvwrite.o)
                0x10012ffc                __sfvwrite_r
 .text          0x100134c0      0x114 /home/leon/riotboard/arm-2012.09/bin/../arm-none-eabi/lib//libc.a(lib_a-fwalk.o)
                0x100134c0                _fwalk
                0x10013548                _fwalk_reent
 .text          0x100135d4       0xd0 /home/leon/riotboard/arm-2012.09/bin/../arm-none-eabi/lib//libc.a(lib_a-locale.o)
                0x100135d4                _setlocale_r
                0x10013640                __locale_charset
                0x1001364c                __locale_mb_cur_max
                0x1001365c                __locale_msgcharset
                0x10013668                __locale_cjk_lang
                0x10013670                _localeconv_r
                0x1001367c                setlocale
                0x10013698                localeconv
 .text          0x100136a4      0x15c /home/leon/riotboard/arm-2012.09/bin/../arm-none-eabi/lib//libc.a(lib_a-makebuf.o)
                0x100136a4                __smakebuf_r
 .text          0x10013800      0x11c /home/leon/riotboard/arm-2012.09/bin/../arm-none-eabi/lib//libc.a(lib_a-memchr.o)
                0x10013800                memchr
 .text          0x1001391c      0x20c /home/leon/riotboard/arm-2012.09/bin/../arm-none-eabi/lib//libc.a(lib_a-memcpy.o)
                0x1001391c                memcpy
 .text          0x10013b28      0x134 /home/leon/riotboard/arm-2012.09/bin/../arm-none-eabi/lib//libc.a(lib_a-memmove.o)
                0x10013b28                memmove
 .text          0x10013c5c      0x134 /home/leon/riotboard/arm-2012.09/bin/../arm-none-eabi/lib//libc.a(lib_a-memset.o)
                0x10013c5c                memset
 .text          0x10013d90      0xd20 /home/leon/riotboard/arm-2012.09/bin/../arm-none-eabi/lib//libc.a(lib_a-mprec.o)
                0x10013d90                _Balloc
                0x10013e1c                _Bfree
                0x10013e38                __multadd
                0x10013f14                __s2b
                0x10014004                __hi0bits
                0x10014054                __lo0bits
                0x100140e8                __i2b
                0x1001410c                __multiply
                0x100142f0                __pow5mult
                0x100143e4                __lshift
                0x100144e8                __mcmp
                0x1001454c                __mdiff
                0x10014698                __ulp
                0x100146fc                __b2d
                0x100147c8                __d2b
                0x100148d0                __ratio
                0x10014960                _mprec_log10
                0x100149b4                __copybits
                0x10014a28                __any_on
 .text          0x10014ab0      0x19c /home/leon/riotboard/arm-2012.09/bin/../arm-none-eabi/lib//libc.a(lib_a-reent.o)
                0x10014ab0                cleanup_glue
                0x10014adc                _reclaim_reent
                0x10014bd8                _wrapup_reent
 .text          0x10014c4c      0x1cc /home/leon/riotboard/arm-2012.09/bin/../arm-none-eabi/lib//libc.a(lib_a-refill.o)
                0x10014c74                __srefill_r
 .text          0x10014e18       0x6c /home/leon/riotboard/arm-2012.09/bin/../arm-none-eabi/lib//libc.a(lib_a-s_fpclassify.o)
                0x10014e18                __fpclassifyd
 .text          0x10014e84      0x24c /home/leon/riotboard/arm-2012.09/bin/../arm-none-eabi/lib//libc.a(lib_a-signal.o)
                0x10014e84                _init_signal_r
                0x10014ee4                _signal_r
                0x10014f50                _raise_r
                0x10014fe8                __sigtramp_r
                0x1001507c                raise
                0x10015090                signal
                0x100150ac                _init_signal
                0x100150bc                __sigtramp
 .text          0x100150d0       0x50 /home/leon/riotboard/arm-2012.09/bin/../arm-none-eabi/lib//libc.a(lib_a-signalr.o)
                0x100150d0                _kill_r
                0x10015110                _getpid_r
 .text          0x10015120       0xdc /home/leon/riotboard/arm-2012.09/bin/../arm-none-eabi/lib//libc.a(lib_a-stdio.o)
                0x10015120                __sread
                0x10015154                __seofread
                0x1001515c                __swrite
                0x100151b4                __sseek
                0x100151e8                __sclose
 .text          0x100151fc      0x230 /home/leon/riotboard/arm-2012.09/bin/../arm-none-eabi/lib//libc.a(lib_a-strcmp.o)
                0x100151fc                strcmp
 .text          0x1001542c       0x60 /home/leon/riotboard/arm-2012.09/bin/../arm-none-eabi/lib//libc.a(lib_a-strlen.o)
                0x1001542c                strlen
 .text          0x1001548c      0x134 /home/leon/riotboard/arm-2012.09/bin/../arm-none-eabi/lib//libc.a(lib_a-wcrtomb.o)
                0x1001548c                _wcrtomb_r
                0x1001551c                wcrtomb
 .text          0x100155c0       0x7c /home/leon/riotboard/arm-2012.09/bin/../arm-none-eabi/lib//libc.a(lib_a-wctomb_r.o)
                0x100155c0                __ascii_wctomb
                0x100155ec                _wctomb_r
 .text          0x1001563c       0x44 /home/leon/riotboard/arm-2012.09/bin/../arm-none-eabi/lib//libc.a(lib_a-writer.o)
                0x1001563c                _write_r
 .text          0x10015680       0x94 /home/leon/riotboard/arm-2012.09/bin/../arm-none-eabi/lib//libc.a(lib_a-callocr.o)
                0x10015680                _calloc_r
 .text          0x10015714       0x3c /home/leon/riotboard/arm-2012.09/bin/../arm-none-eabi/lib//libc.a(lib_a-closer.o)
                0x10015714                _close_r
 .text          0x10015750      0x10c /home/leon/riotboard/arm-2012.09/bin/../arm-none-eabi/lib//libc.a(lib_a-fclose.o)
                0x10015750                _fclose_r
                0x10015848                fclose
 .text          0x1001585c       0x40 /home/leon/riotboard/arm-2012.09/bin/../arm-none-eabi/lib//libc.a(lib_a-fstatr.o)
                0x1001585c                _fstat_r
 .text          0x1001589c       0x3c /home/leon/riotboard/arm-2012.09/bin/../arm-none-eabi/lib//libc.a(lib_a-isattyr.o)
                0x1001589c                _isatty_r
 .text          0x100158d8       0x44 /home/leon/riotboard/arm-2012.09/bin/../arm-none-eabi/lib//libc.a(lib_a-lseekr.o)
                0x100158d8                _lseek_r
 .text          0x1001591c       0x44 /home/leon/riotboard/arm-2012.09/bin/../arm-none-eabi/lib//libc.a(lib_a-readr.o)
                0x1001591c                _read_r
 .text          0x10015960      0x114 /home/leon/riotboard/arm-2012.09/bin/../lib/gcc/arm-none-eabi/4.7.2//libgcc.a(_udivsi3.o)
                0x10015960                __udivsi3
                0x10015960                __aeabi_uidiv
                0x10015a54                __aeabi_uidivmod
 .text          0x10015a74      0x148 /home/leon/riotboard/arm-2012.09/bin/../lib/gcc/arm-none-eabi/4.7.2//libgcc.a(_divsi3.o)
                0x10015a74                __aeabi_idiv
                0x10015a74                __divsi3
                0x10015b9c                __aeabi_idivmod
 .text          0x10015bbc        0x4 /home/leon/riotboard/arm-2012.09/bin/../lib/gcc/arm-none-eabi/4.7.2//libgcc.a(_dvmd_tls.o)
                0x10015bbc                __aeabi_ldiv0
                0x10015bbc                __aeabi_idiv0
 .text          0x10015bc0      0x41c /home/leon/riotboard/arm-2012.09/bin/../lib/gcc/arm-none-eabi/4.7.2//libgcc.a(_arm_addsubdf3.o)
                0x10015bc0                __aeabi_drsub
                0x10015bc8                __aeabi_dsub
                0x10015bc8                __subdf3
                0x10015bcc                __adddf3
                0x10015bcc                __aeabi_dadd
                0x10015edc                __aeabi_ui2d
                0x10015edc                __floatunsidf
                0x10015f00                __floatsidf
                0x10015f00                __aeabi_i2d
                0x10015f28                __extendsfdf2
                0x10015f28                __aeabi_f2d
                0x10015f68                __aeabi_ul2d
                0x10015f68                __floatundidf
                0x10015f7c                __floatdidf
                0x10015f7c                __aeabi_l2d
 .text          0x10015fdc      0x49c /home/leon/riotboard/arm-2012.09/bin/../lib/gcc/arm-none-eabi/4.7.2//libgcc.a(_arm_muldivdf3.o)
                0x10015fdc                __aeabi_dmul
                0x10015fdc                __muldf3
                0x1001626c                __aeabi_ddiv
                0x1001626c                __divdf3
 .text          0x10016478      0x144 /home/leon/riotboard/arm-2012.09/bin/../lib/gcc/arm-none-eabi/4.7.2//libgcc.a(_arm_cmpdf2.o)
                0x10016478                __gtdf2
                0x10016478                __gedf2
                0x10016480                __ltdf2
                0x10016480                __ledf2
                0x10016488                __cmpdf2
                0x10016488                __eqdf2
                0x10016488                __nedf2
                0x10016510                __aeabi_cdrcmple
                0x1001652c                __aeabi_cdcmple
                0x1001652c                __aeabi_cdcmpeq
                0x10016544                __aeabi_dcmpeq
                0x1001655c                __aeabi_dcmplt
                0x10016574                __aeabi_dcmple
                0x1001658c                __aeabi_dcmpge
                0x100165a4                __aeabi_dcmpgt
 .text          0x100165bc       0x5c /home/leon/riotboard/arm-2012.09/bin/../lib/gcc/arm-none-eabi/4.7.2//libgcc.a(_arm_fixdfsi.o)
                0x100165bc                __fixdfsi
                0x100165bc                __aeabi_d2iz
 .text          0x10016618       0x3c /home/leon/riotboard/arm-2012.09/bin/../lib/gcc/arm-none-eabi/4.7.2//libgcc.a(_aeabi_uldivmod.o)
                0x10016618                __aeabi_uldivmod
 .text          0x10016654       0x84 /home/leon/riotboard/arm-2012.09/bin/../lib/gcc/arm-none-eabi/4.7.2//libgcc.a(bpabi.o)
                0x10016654                __gnu_ldivmod_helper
                0x10016698                __gnu_uldivmod_helper
 .text          0x100166d8      0x4f0 /home/leon/riotboard/arm-2012.09/bin/../lib/gcc/arm-none-eabi/4.7.2//libgcc.a(_divdi3.o)
                0x100166d8                __divdi3
 .text          0x10016bc8      0x488 /home/leon/riotboard/arm-2012.09/bin/../lib/gcc/arm-none-eabi/4.7.2//libgcc.a(_udivdi3.o)
                0x10016bc8                __udivdi3
 .text          0x10017050       0x48 /home/leon/riotboard/arm-2012.09/bin/../lib/gcc/arm-none-eabi/4.7.2//libgcc.a(_clzsi2.o)
                0x10017050                __clzsi2
 .text          0x10017098      0x610 /home/leon/git/swp-report/iMX6_Platform_SDK/output/mx6dq/lib/libsdk.a(runtime_support.o)
                0x10017098                _execve
                0x100170d4                _fork
                0x100170fc                _isatty
                0x10017120                _open
                0x1001714c                _close
                0x10017170                _lseek
                0x1001719c                _fstat
                0x100171d0                _read
                0x100172a0                _write
                0x1001738c                _raw_puts
                0x1001740c                _sbrk
                0x100174bc                _exit
                0x100174dc                _kill
                0x10017514                _getpid
                0x1001752c                _link
                0x10017564                _unlink
                0x10017598                _stat
                0x100175cc                _times
                0x100175f0                _gettimeofday
                0x10017674                _wait
 *(.glue_7t)
 .glue_7t       0x00000000        0x0 linker stubs
 *(.glue_7)
 .glue_7        0x00000000        0x0 linker stubs
 *(.vfp11_veneer)
 .vfp11_veneer  0x00000000        0x0 linker stubs
 *(.ARM.extab* .gnu.linkonce.armextab.*)
 .ARM.extab.startup
                0x100176a8        0x0 /home/leon/git/swp-report/iMX6_Platform_SDK/output/mx6dq/lib/libsdk.a(startup.o)
 .ARM.extab     0x100176a8        0x0 /home/leon/riotboard/arm-2012.09/bin/../lib/gcc/arm-none-eabi/4.7.2//libgcc.a(_divdi3.o)
 .ARM.extab     0x100176a8        0x0 /home/leon/riotboard/arm-2012.09/bin/../lib/gcc/arm-none-eabi/4.7.2//libgcc.a(_udivdi3.o)
 *(.gcc_except_table)

.v4_bx          0x100176a8        0x0
 .v4_bx         0x00000000        0x0 linker stubs

.iplt           0x100176a8        0x0
 .iplt          0x00000000        0x0 /home/leon/riotboard/arm-2012.09/bin/../lib/gcc/arm-none-eabi/4.7.2//crtbegin.o

.ctors
 *crtbegin.o(.ctors)
 *crtbegin?.o(.ctors)
 *(EXCLUDE_FILE(*crtend?.o *crtend.o) .ctors)
 *(SORT(.ctors.*))
 *(.ctors)

.dtors
 *crtbegin.o(.dtors)
 *crtbegin?.o(.dtors)
 *(EXCLUDE_FILE(*crtend?.o *crtend.o) .dtors)
 *(SORT(.dtors.*))
 *(.dtors)

.rodata         0x100176a8      0x8e8
 *(.rodata .rodata.* .gnu.linkonce.r.*)
 .rodata        0x100176a8       0xac /home/leon/git/swp-report/iMX6_Platform_SDK/output/mx6dq/smp_primes/smart_device_rev_a/obj/apps/smp_primes/src/main.o
 .rodata        0x10017754       0x20 /home/leon/git/swp-report/iMX6_Platform_SDK/output/mx6dq/smp_primes/smart_device_rev_a/obj/apps/smp_primes/src/primes.o
 .rodata        0x10017774       0x34 /home/leon/git/swp-report/iMX6_Platform_SDK/output/mx6dq/lib/libsdk.a(ccm_pll.o)
                0x10017774                PLL1_OUTPUT
                0x10017778                PLL2_OUTPUT
                0x1001778c                PLL3_OUTPUT
                0x100177a0                PLL4_OUTPUT
                0x100177a4                PLL5_OUTPUT
 .rodata        0x100177a8       0x64 /home/leon/git/swp-report/iMX6_Platform_SDK/output/mx6dq/lib/libsdk.a(gic.o)
 .rodata        0x1001780c       0xcc /home/leon/git/swp-report/iMX6_Platform_SDK/output/mx6dq/lib/libsdk.a(system_util.o)
 .rodata        0x100178d8       0xf4 /home/leon/git/swp-report/iMX6_Platform_SDK/output/mx6dq/lib/libsdk.a(text_color.o)
                0x100178e0                g_TextAttributeDefault
                0x100178ec                g_TextAttributeBold
                0x100178f8                g_TextAttributeDim
                0x10017904                g_TextAttributeUnderline
                0x10017910                g_TextAttributeBlink
                0x1001791c                g_TextAttributeReverse
                0x10017928                g_TextAttributeHidden
                0x10017934                g_TextColorBlack
                0x10017940                g_TextColorRed
                0x1001794c                g_TextColorGreen
                0x10017958                g_TextColorYellow
                0x10017964                g_TextColorBlue
                0x10017970                g_TextColorMagenta
                0x1001797c                g_TextColorCyan
                0x10017988                g_TextColorWhite
                0x10017998                g_TextColorOrange
                0x100179a8                g_TextColorLightBlue
                0x100179b8                g_TextColorGray
                0x100179c8                g_TextColorPurple
 .rodata        0x100179cc       0x88 /home/leon/git/swp-report/iMX6_Platform_SDK/output/mx6dq/lib/libsdk.a(cpu_multicore.o)
 .rodata        0x10017a54       0x20 /home/leon/git/swp-report/iMX6_Platform_SDK/output/mx6dq/lib/libsdk.a(interrupt.o)
 .rodata        0x10017a74      0x230 /home/leon/git/swp-report/iMX6_Platform_SDK/output/mx6dq/lib/libsdk.a(abort_handler.o)
 .rodata        0x10017ca4       0x84 /home/leon/git/swp-report/iMX6_Platform_SDK/output/mx6dq/lib/libboard_smart_device_rev_a.a(uart_iomux_config.o)
 .rodata.str1.4
                0x10017d28       0x3f /home/leon/riotboard/arm-2012.09/bin/../arm-none-eabi/lib//libc.a(lib_a-assert.o)
                                 0x44 (size before relaxing)
 *fill*         0x10017d67        0x1 
 .rodata        0x10017d68        0x4 /home/leon/riotboard/arm-2012.09/bin/../arm-none-eabi/lib//libc.a(lib_a-impure.o)
                0x10017d68                _global_impure_ptr
 .rodata.str1.4
                0x10017d6c        0x2 /home/leon/riotboard/arm-2012.09/bin/../arm-none-eabi/lib//libc.a(lib_a-impure.o)
                                  0x4 (size before relaxing)
 *fill*         0x10017d6e        0x2 
 .rodata        0x10017d70       0x20 /home/leon/riotboard/arm-2012.09/bin/../arm-none-eabi/lib//libc.a(lib_a-vfiprintf.o)
 .rodata.str1.4
                0x10017d90       0x2f /home/leon/riotboard/arm-2012.09/bin/../arm-none-eabi/lib//libc.a(lib_a-vfiprintf.o)
                                 0x30 (size before relaxing)
 *fill*         0x10017dbf        0x1 
 .rodata        0x10017dc0       0x20 /home/leon/riotboard/arm-2012.09/bin/../arm-none-eabi/lib//libc.a(lib_a-vfprintf.o)
 .rodata.str1.4
                0x10017de0       0x12 /home/leon/riotboard/arm-2012.09/bin/../arm-none-eabi/lib//libc.a(lib_a-vfprintf.o)
                                 0x44 (size before relaxing)
 *fill*         0x10017df2        0x2 
 .rodata.str1.4
                0x10017df4       0x10 /home/leon/riotboard/arm-2012.09/bin/../arm-none-eabi/lib//libc.a(lib_a-dtoa.o)
                                 0x14 (size before relaxing)
 .rodata.str1.4
                0x10017e04        0xc /home/leon/riotboard/arm-2012.09/bin/../arm-none-eabi/lib//libc.a(lib_a-locale.o)
                                 0x14 (size before relaxing)
 .rodata        0x10017e10      0x128 /home/leon/riotboard/arm-2012.09/bin/../arm-none-eabi/lib//libc.a(lib_a-mprec.o)
                0x10017e20                __mprec_tens
                0x10017ee8                __mprec_tinytens
                0x10017f10                __mprec_bigtens
 .rodata        0x10017f38       0x20 /home/leon/git/swp-report/iMX6_Platform_SDK/output/mx6dq/lib/libsdk.a(runtime_support.o)
                0x10017f58                . = ALIGN (0x4)
 *(.init)
 .init          0x10017f58        0xc /home/leon/riotboard/arm-2012.09/bin/../lib/gcc/arm-none-eabi/4.7.2//crti.o
                0x10017f58                _init
 .init          0x10017f64        0xc /home/leon/riotboard/arm-2012.09/bin/../lib/gcc/arm-none-eabi/4.7.2//crtn.o
                0x10017f70                . = ALIGN (0x4)
                0x10017f70                __init_array_start = .
 *(SORT(.init_array.*))
 *(.init_array)
 .init_array    0x10017f70        0x4 /home/leon/riotboard/arm-2012.09/bin/../lib/gcc/arm-none-eabi/4.7.2//crtbegin.o
                0x10017f74                __init_array_end = .
                0x10017f74                . = ALIGN (0x4)
 *(.fini)
 .fini          0x10017f74        0xc /home/leon/riotboard/arm-2012.09/bin/../lib/gcc/arm-none-eabi/4.7.2//crti.o
                0x10017f74                _fini
 .fini          0x10017f80        0xc /home/leon/riotboard/arm-2012.09/bin/../lib/gcc/arm-none-eabi/4.7.2//crtn.o
                0x10017f8c                . = ALIGN (0x4)
                0x10017f8c                __fini_array_start = .
 *(.fini_array)
 .fini_array    0x10017f8c        0x4 /home/leon/riotboard/arm-2012.09/bin/../lib/gcc/arm-none-eabi/4.7.2//crtbegin.o
 *(SORT(.fini_array.*))
                0x10017f90                __fini_array_end = .
                0x10017f90                PROVIDE (__exidx_start, .)

.eh_frame       0x10017f90        0x4
 .eh_frame      0x10017f90        0x0 /home/leon/riotboard/arm-2012.09/bin/../lib/gcc/arm-none-eabi/4.7.2//crtbegin.o
 .eh_frame      0x10017f90        0x4 /home/leon/riotboard/arm-2012.09/bin/../lib/gcc/arm-none-eabi/4.7.2//crtend.o

.ARM.exidx      0x10017f94        0x8
 *(.ARM.exidx* .gnu.linkonce.armexidx.*)
 .ARM.exidx.startup
                0x10017f94        0x8 /home/leon/git/swp-report/iMX6_Platform_SDK/output/mx6dq/lib/libsdk.a(startup.o)
 .ARM.exidx     0x10017f9c        0x0 /home/leon/riotboard/arm-2012.09/bin/../lib/gcc/arm-none-eabi/4.7.2//libgcc.a(_divdi3.o)
                                  0x8 (size before relaxing)
 .ARM.exidx     0x10017f9c        0x0 /home/leon/riotboard/arm-2012.09/bin/../lib/gcc/arm-none-eabi/4.7.2//libgcc.a(_udivdi3.o)
                                  0x8 (size before relaxing)
                0x10017f9c                PROVIDE (__exidx_end, .)

.rel.dyn        0x10017f9c        0x0
 .rel.iplt      0x00000000        0x0 /home/leon/riotboard/arm-2012.09/bin/../lib/gcc/arm-none-eabi/4.7.2//crtbegin.o

.data           0x10017fa0      0x8dc
 *(.data .data.* .gnu.linkonce.d.*)
 .data          0x10017fa0        0x4 /home/leon/riotboard/arm-2012.09/bin/../lib/gcc/arm-none-eabi/4.7.2//crtbegin.o
                0x10017fa0                __dso_handle
 .data          0x10017fa4        0x0 /home/leon/riotboard/arm-2012.09/bin/../lib/gcc/arm-none-eabi/4.7.2//crti.o
 .data          0x10017fa4        0x0 /home/leon/riotboard/arm-2012.09/bin/../lib/gcc/arm-none-eabi/4.7.2//crtend.o
 .data          0x10017fa4        0x0 /home/leon/riotboard/arm-2012.09/bin/../lib/gcc/arm-none-eabi/4.7.2//crtn.o
 .data          0x10017fa4        0x0 /home/leon/git/swp-report/iMX6_Platform_SDK/output/mx6dq/smp_primes/smart_device_rev_a/obj/apps/common/ivt.o
 .data          0x10017fa4        0x0 /home/leon/git/swp-report/iMX6_Platform_SDK/output/mx6dq/smp_primes/smart_device_rev_a/obj/apps/common/platform_init.o
 .data          0x10017fa4        0x4 /home/leon/git/swp-report/iMX6_Platform_SDK/output/mx6dq/smp_primes/smart_device_rev_a/obj/apps/smp_primes/src/main.o
 .data          0x10017fa8        0x0 /home/leon/git/swp-report/iMX6_Platform_SDK/output/mx6dq/smp_primes/smart_device_rev_a/obj/apps/smp_primes/src/primes.o
 .data          0x10017fa8        0x0 /home/leon/git/swp-report/iMX6_Platform_SDK/output/mx6dq/lib/libsdk.a(armv7_cache.o)
 .data          0x10017fa8        0x0 /home/leon/git/swp-report/iMX6_Platform_SDK/output/mx6dq/lib/libsdk.a(ccm_pll.o)
 .data          0x10017fa8        0x0 /home/leon/git/swp-report/iMX6_Platform_SDK/output/mx6dq/lib/libsdk.a(cortexA9.o)
 .data          0x10017fa8        0x0 /home/leon/git/swp-report/iMX6_Platform_SDK/output/mx6dq/lib/libsdk.a(gic.o)
 .data          0x10017fa8        0x0 /home/leon/git/swp-report/iMX6_Platform_SDK/output/mx6dq/lib/libsdk.a(mmu.o)
 .data          0x10017fa8        0x0 /home/leon/git/swp-report/iMX6_Platform_SDK/output/mx6dq/lib/libsdk.a(startup.o)
 .data          0x10017fa8        0x0 /home/leon/git/swp-report/iMX6_Platform_SDK/output/mx6dq/lib/libsdk.a(vectors.o)
 .data          0x10017fa8        0x0 /home/leon/git/swp-report/iMX6_Platform_SDK/output/mx6dq/lib/libsdk.a(spinlock.o)
 .data          0x10017fa8        0x0 /home/leon/git/swp-report/iMX6_Platform_SDK/output/mx6dq/lib/libsdk.a(spinlock_lock_unlock.o)
 .data          0x10017fa8        0x0 /home/leon/git/swp-report/iMX6_Platform_SDK/output/mx6dq/lib/libsdk.a(system_util.o)
 .data          0x10017fa8        0x4 /home/leon/git/swp-report/iMX6_Platform_SDK/output/mx6dq/lib/libsdk.a(text_color.o)
                0x10017fa8                is_color_supported
 .data          0x10017fac        0x0 /home/leon/git/swp-report/iMX6_Platform_SDK/output/mx6dq/lib/libsdk.a(cpu_get_cores.o)
 .data          0x10017fac        0x0 /home/leon/git/swp-report/iMX6_Platform_SDK/output/mx6dq/lib/libsdk.a(cpu_multicore.o)
 .data          0x10017fac        0x0 /home/leon/git/swp-report/iMX6_Platform_SDK/output/mx6dq/lib/libsdk.a(timer.o)
 .data          0x10017fac        0x0 /home/leon/git/swp-report/iMX6_Platform_SDK/output/mx6dq/lib/libsdk.a(imx_uart.o)
 .data          0x10017fac        0x4 /home/leon/git/swp-report/iMX6_Platform_SDK/output/mx6dq/lib/libsdk.a(arm_abort.o)
 .data          0x10017fb0        0x0 /home/leon/git/swp-report/iMX6_Platform_SDK/output/mx6dq/lib/libsdk.a(interrupt.o)
 .data          0x10017fb0        0x0 /home/leon/git/swp-report/iMX6_Platform_SDK/output/mx6dq/lib/libsdk.a(epit.o)
 .data          0x10017fb0        0x0 /home/leon/git/swp-report/iMX6_Platform_SDK/output/mx6dq/lib/libsdk.a(abort_handler.o)
 .data          0x10017fb0        0x0 /home/leon/git/swp-report/iMX6_Platform_SDK/output/mx6dq/lib/libboard_smart_device_rev_a.a(board_io_expanders.o)
 .data          0x10017fb0        0x8 /home/leon/git/swp-report/iMX6_Platform_SDK/output/mx6dq/lib/libboard_smart_device_rev_a.a(hardware_modules.o)
                0x10017fb0                g_debug_uart_port
                0x10017fb4                g_system_timer_port
 .data          0x10017fb8        0x0 /home/leon/git/swp-report/iMX6_Platform_SDK/output/mx6dq/lib/libboard_smart_device_rev_a.a(dcd.o)
 .data          0x10017fb8        0x0 /home/leon/git/swp-report/iMX6_Platform_SDK/output/mx6dq/lib/libboard_smart_device_rev_a.a(uart_iomux_config.o)
 .data          0x10017fb8        0x0 /home/leon/git/swp-report/iMX6_Platform_SDK/output/mx6dq/lib/libboard_smart_device_rev_a.a(iomux_config.o)
 .data          0x10017fb8        0x0 /home/leon/git/swp-report/iMX6_Platform_SDK/output/mx6dq/lib/libboard_smart_device_rev_a.a(ipu1_iomux_config.o)
 .data          0x10017fb8        0x0 /home/leon/git/swp-report/iMX6_Platform_SDK/output/mx6dq/lib/libboard_smart_device_rev_a.a(kpp_iomux_config.o)
 .data          0x10017fb8        0x0 /home/leon/git/swp-report/iMX6_Platform_SDK/output/mx6dq/lib/libboard_smart_device_rev_a.a(mmdc_iomux_config.o)
 .data          0x10017fb8        0x0 /home/leon/git/swp-report/iMX6_Platform_SDK/output/mx6dq/lib/libboard_smart_device_rev_a.a(pwm1_iomux_config.o)
 .data          0x10017fb8        0x0 /home/leon/git/swp-report/iMX6_Platform_SDK/output/mx6dq/lib/libboard_smart_device_rev_a.a(sjc_iomux_config.o)
 .data          0x10017fb8        0x0 /home/leon/git/swp-report/iMX6_Platform_SDK/output/mx6dq/lib/libboard_smart_device_rev_a.a(uart1_iomux_config.o)
 .data          0x10017fb8        0x0 /home/leon/git/swp-report/iMX6_Platform_SDK/output/mx6dq/lib/libboard_smart_device_rev_a.a(usdhc2_iomux_config.o)
 .data          0x10017fb8        0x0 /home/leon/git/swp-report/iMX6_Platform_SDK/output/mx6dq/lib/libboard_smart_device_rev_a.a(usdhc3_iomux_config.o)
 .data          0x10017fb8        0x0 /home/leon/git/swp-report/iMX6_Platform_SDK/output/mx6dq/lib/libboard_smart_device_rev_a.a(usdhc4_iomux_config.o)
 .data          0x10017fb8        0x0 /home/leon/git/swp-report/iMX6_Platform_SDK/output/mx6dq/lib/libboard_smart_device_rev_a.a(audmux_iomux_config.o)
 .data          0x10017fb8        0x0 /home/leon/git/swp-report/iMX6_Platform_SDK/output/mx6dq/lib/libboard_smart_device_rev_a.a(ccm_iomux_config.o)
 .data          0x10017fb8        0x0 /home/leon/git/swp-report/iMX6_Platform_SDK/output/mx6dq/lib/libboard_smart_device_rev_a.a(ecspi1_iomux_config.o)
 .data          0x10017fb8        0x0 /home/leon/git/swp-report/iMX6_Platform_SDK/output/mx6dq/lib/libboard_smart_device_rev_a.a(enet_iomux_config.o)
 .data          0x10017fb8        0x0 /home/leon/git/swp-report/iMX6_Platform_SDK/output/mx6dq/lib/libboard_smart_device_rev_a.a(flexcan1_iomux_config.o)
 .data          0x10017fb8        0x0 /home/leon/git/swp-report/iMX6_Platform_SDK/output/mx6dq/lib/libboard_smart_device_rev_a.a(gpio1_iomux_config.o)
 .data          0x10017fb8        0x0 /home/leon/git/swp-report/iMX6_Platform_SDK/output/mx6dq/lib/libboard_smart_device_rev_a.a(gpio2_iomux_config.o)
 .data          0x10017fb8        0x0 /home/leon/git/swp-report/iMX6_Platform_SDK/output/mx6dq/lib/libboard_smart_device_rev_a.a(gpio3_iomux_config.o)
 .data          0x10017fb8        0x0 /home/leon/git/swp-report/iMX6_Platform_SDK/output/mx6dq/lib/libboard_smart_device_rev_a.a(gpio4_iomux_config.o)
 .data          0x10017fb8        0x0 /home/leon/git/swp-report/iMX6_Platform_SDK/output/mx6dq/lib/libboard_smart_device_rev_a.a(gpio5_iomux_config.o)
 .data          0x10017fb8        0x0 /home/leon/git/swp-report/iMX6_Platform_SDK/output/mx6dq/lib/libboard_smart_device_rev_a.a(gpio6_iomux_config.o)
 .data          0x10017fb8        0x0 /home/leon/git/swp-report/iMX6_Platform_SDK/output/mx6dq/lib/libboard_smart_device_rev_a.a(gpio7_iomux_config.o)
 .data          0x10017fb8        0x0 /home/leon/git/swp-report/iMX6_Platform_SDK/output/mx6dq/lib/libboard_smart_device_rev_a.a(gps_iomux_config.o)
 .data          0x10017fb8        0x0 /home/leon/git/swp-report/iMX6_Platform_SDK/output/mx6dq/lib/libboard_smart_device_rev_a.a(i2c1_iomux_config.o)
 .data          0x10017fb8        0x0 /home/leon/git/swp-report/iMX6_Platform_SDK/output/mx6dq/lib/libboard_smart_device_rev_a.a(i2c2_iomux_config.o)
 .data          0x10017fb8        0x0 /home/leon/git/swp-report/iMX6_Platform_SDK/output/mx6dq/lib/libboard_smart_device_rev_a.a(i2c3_iomux_config.o)
 .data          0x10017fb8        0x0 /home/leon/riotboard/arm-2012.09/bin/../arm-none-eabi/lib//libc.a(lib_a-assert.o)
 .data          0x10017fb8        0x0 /home/leon/riotboard/arm-2012.09/bin/../arm-none-eabi/lib//libc.a(lib_a-bzero.o)
 .data          0x10017fb8        0x0 /home/leon/riotboard/arm-2012.09/bin/../arm-none-eabi/lib//libc.a(lib_a-fiprintf.o)
 .data          0x10017fb8        0x0 /home/leon/riotboard/arm-2012.09/bin/../arm-none-eabi/lib//libc.a(lib_a-fputc.o)
 .data          0x10017fb8      0x430 /home/leon/riotboard/arm-2012.09/bin/../arm-none-eabi/lib//libc.a(lib_a-impure.o)
                0x10017fb8                _impure_ptr
 .data          0x100183e8        0x0 /home/leon/riotboard/arm-2012.09/bin/../arm-none-eabi/lib//libc.a(lib_a-init.o)
 .data          0x100183e8        0x0 /home/leon/riotboard/arm-2012.09/bin/../arm-none-eabi/lib//libc.a(lib_a-malloc.o)
 .data          0x100183e8      0x410 /home/leon/riotboard/arm-2012.09/bin/../arm-none-eabi/lib//libc.a(lib_a-mallocr.o)
                0x100183e8                __malloc_av_
                0x100187f0                __malloc_sbrk_base
                0x100187f4                __malloc_trim_threshold
 .data          0x100187f8        0x0 /home/leon/riotboard/arm-2012.09/bin/../arm-none-eabi/lib//libc.a(lib_a-mlock.o)
 .data          0x100187f8        0x0 /home/leon/riotboard/arm-2012.09/bin/../arm-none-eabi/lib//libc.a(lib_a-printf.o)
 .data          0x100187f8        0x0 /home/leon/riotboard/arm-2012.09/bin/../arm-none-eabi/lib//libc.a(lib_a-putc.o)
 .data          0x100187f8        0x0 /home/leon/riotboard/arm-2012.09/bin/../arm-none-eabi/lib//libc.a(lib_a-realloc.o)
 .data          0x100187f8        0x0 /home/leon/riotboard/arm-2012.09/bin/../arm-none-eabi/lib//libc.a(lib_a-reallocr.o)
 .data          0x100187f8        0x0 /home/leon/riotboard/arm-2012.09/bin/../arm-none-eabi/lib//libc.a(lib_a-rget.o)
 .data          0x100187f8        0x0 /home/leon/riotboard/arm-2012.09/bin/../arm-none-eabi/lib//libc.a(lib_a-sbrkr.o)
 .data          0x100187f8        0x0 /home/leon/riotboard/arm-2012.09/bin/../arm-none-eabi/lib//libc.a(lib_a-vfiprintf.o)
 .data          0x100187f8        0x0 /home/leon/riotboard/arm-2012.09/bin/../arm-none-eabi/lib//libc.a(lib_a-vfprintf.o)
 .data          0x100187f8        0x0 /home/leon/riotboard/arm-2012.09/bin/../arm-none-eabi/lib//libc.a(lib_a-vprintf.o)
 .data          0x100187f8        0x0 /home/leon/riotboard/arm-2012.09/bin/../arm-none-eabi/lib//libc.a(lib_a-wbuf.o)
 .data          0x100187f8        0x0 /home/leon/riotboard/arm-2012.09/bin/../arm-none-eabi/lib//libc.a(lib_a-wsetup.o)
 .data          0x100187f8        0x0 /home/leon/riotboard/arm-2012.09/bin/../arm-none-eabi/lib//libc.a(lib_a-abort.o)
 .data          0x100187f8        0x0 /home/leon/riotboard/arm-2012.09/bin/../arm-none-eabi/lib//libc.a(lib_a-dtoa.o)
 .data          0x100187f8        0x0 /home/leon/riotboard/arm-2012.09/bin/../arm-none-eabi/lib//libc.a(lib_a-fflush.o)
 .data          0x100187f8        0x0 /home/leon/riotboard/arm-2012.09/bin/../arm-none-eabi/lib//libc.a(lib_a-findfp.o)
 .data          0x100187f8        0x0 /home/leon/riotboard/arm-2012.09/bin/../arm-none-eabi/lib//libc.a(lib_a-fputwc.o)
 .data          0x100187f8        0x0 /home/leon/riotboard/arm-2012.09/bin/../arm-none-eabi/lib//libc.a(lib_a-freer.o)
 .data          0x100187f8        0x0 /home/leon/riotboard/arm-2012.09/bin/../arm-none-eabi/lib//libc.a(lib_a-fvwrite.o)
 .data          0x100187f8        0x0 /home/leon/riotboard/arm-2012.09/bin/../arm-none-eabi/lib//libc.a(lib_a-fwalk.o)
 .data          0x100187f8       0x7c /home/leon/riotboard/arm-2012.09/bin/../arm-none-eabi/lib//libc.a(lib_a-locale.o)
                0x10018818                __mb_cur_max
 .data          0x10018874        0x0 /home/leon/riotboard/arm-2012.09/bin/../arm-none-eabi/lib//libc.a(lib_a-makebuf.o)
 .data          0x10018874        0x0 /home/leon/riotboard/arm-2012.09/bin/../arm-none-eabi/lib//libc.a(lib_a-memchr.o)
 .data          0x10018874        0x0 /home/leon/riotboard/arm-2012.09/bin/../arm-none-eabi/lib//libc.a(lib_a-memcpy.o)
 .data          0x10018874        0x0 /home/leon/riotboard/arm-2012.09/bin/../arm-none-eabi/lib//libc.a(lib_a-memmove.o)
 .data          0x10018874        0x0 /home/leon/riotboard/arm-2012.09/bin/../arm-none-eabi/lib//libc.a(lib_a-memset.o)
 .data          0x10018874        0x0 /home/leon/riotboard/arm-2012.09/bin/../arm-none-eabi/lib//libc.a(lib_a-mprec.o)
 .data          0x10018874        0x0 /home/leon/riotboard/arm-2012.09/bin/../arm-none-eabi/lib//libc.a(lib_a-reent.o)
 .data          0x10018874        0x0 /home/leon/riotboard/arm-2012.09/bin/../arm-none-eabi/lib//libc.a(lib_a-refill.o)
 .data          0x10018874        0x0 /home/leon/riotboard/arm-2012.09/bin/../arm-none-eabi/lib//libc.a(lib_a-s_fpclassify.o)
 .data          0x10018874        0x0 /home/leon/riotboard/arm-2012.09/bin/../arm-none-eabi/lib//libc.a(lib_a-signal.o)
 .data          0x10018874        0x0 /home/leon/riotboard/arm-2012.09/bin/../arm-none-eabi/lib//libc.a(lib_a-signalr.o)
 .data          0x10018874        0x0 /home/leon/riotboard/arm-2012.09/bin/../arm-none-eabi/lib//libc.a(lib_a-stdio.o)
 .data          0x10018874        0x0 /home/leon/riotboard/arm-2012.09/bin/../arm-none-eabi/lib//libc.a(lib_a-strcmp.o)
 .data          0x10018874        0x0 /home/leon/riotboard/arm-2012.09/bin/../arm-none-eabi/lib//libc.a(lib_a-strlen.o)
 .data          0x10018874        0x0 /home/leon/riotboard/arm-2012.09/bin/../arm-none-eabi/lib//libc.a(lib_a-wcrtomb.o)
 .data          0x10018874        0x4 /home/leon/riotboard/arm-2012.09/bin/../arm-none-eabi/lib//libc.a(lib_a-wctomb_r.o)
                0x10018874                __wctomb
 .data          0x10018878        0x0 /home/leon/riotboard/arm-2012.09/bin/../arm-none-eabi/lib//libc.a(lib_a-writer.o)
 .data          0x10018878        0x0 /home/leon/riotboard/arm-2012.09/bin/../arm-none-eabi/lib//libc.a(lib_a-callocr.o)
 .data          0x10018878        0x0 /home/leon/riotboard/arm-2012.09/bin/../arm-none-eabi/lib//libc.a(lib_a-closer.o)
 .data          0x10018878        0x0 /home/leon/riotboard/arm-2012.09/bin/../arm-none-eabi/lib//libc.a(lib_a-fclose.o)
 .data          0x10018878        0x0 /home/leon/riotboard/arm-2012.09/bin/../arm-none-eabi/lib//libc.a(lib_a-fstatr.o)
 .data          0x10018878        0x0 /home/leon/riotboard/arm-2012.09/bin/../arm-none-eabi/lib//libc.a(lib_a-isattyr.o)
 .data          0x10018878        0x0 /home/leon/riotboard/arm-2012.09/bin/../arm-none-eabi/lib//libc.a(lib_a-lseekr.o)
 .data          0x10018878        0x0 /home/leon/riotboard/arm-2012.09/bin/../arm-none-eabi/lib//libc.a(lib_a-readr.o)
 .data          0x10018878        0x0 /home/leon/riotboard/arm-2012.09/bin/../lib/gcc/arm-none-eabi/4.7.2//libgcc.a(_udivsi3.o)
 .data          0x10018878        0x0 /home/leon/riotboard/arm-2012.09/bin/../lib/gcc/arm-none-eabi/4.7.2//libgcc.a(_divsi3.o)
 .data          0x10018878        0x0 /home/leon/riotboard/arm-2012.09/bin/../lib/gcc/arm-none-eabi/4.7.2//libgcc.a(_dvmd_tls.o)
 .data          0x10018878        0x0 /home/leon/riotboard/arm-2012.09/bin/../lib/gcc/arm-none-eabi/4.7.2//libgcc.a(_arm_addsubdf3.o)
 .data          0x10018878        0x0 /home/leon/riotboard/arm-2012.09/bin/../lib/gcc/arm-none-eabi/4.7.2//libgcc.a(_arm_muldivdf3.o)
 .data          0x10018878        0x0 /home/leon/riotboard/arm-2012.09/bin/../lib/gcc/arm-none-eabi/4.7.2//libgcc.a(_arm_cmpdf2.o)
 .data          0x10018878        0x0 /home/leon/riotboard/arm-2012.09/bin/../lib/gcc/arm-none-eabi/4.7.2//libgcc.a(_arm_fixdfsi.o)
 .data          0x10018878        0x0 /home/leon/riotboard/arm-2012.09/bin/../lib/gcc/arm-none-eabi/4.7.2//libgcc.a(_aeabi_uldivmod.o)
 .data          0x10018878        0x0 /home/leon/riotboard/arm-2012.09/bin/../lib/gcc/arm-none-eabi/4.7.2//libgcc.a(bpabi.o)
 .data          0x10018878        0x0 /home/leon/riotboard/arm-2012.09/bin/../lib/gcc/arm-none-eabi/4.7.2//libgcc.a(_divdi3.o)
 .data          0x10018878        0x0 /home/leon/riotboard/arm-2012.09/bin/../lib/gcc/arm-none-eabi/4.7.2//libgcc.a(_udivdi3.o)
 .data          0x10018878        0x0 /home/leon/riotboard/arm-2012.09/bin/../lib/gcc/arm-none-eabi/4.7.2//libgcc.a(_clzsi2.o)
 .data          0x10018878        0x4 /home/leon/git/swp-report/iMX6_Platform_SDK/output/mx6dq/lib/libsdk.a(runtime_support.o)
                0x10018878                environ

.jcr            0x1001887c        0x4
 .jcr           0x1001887c        0x0 /home/leon/riotboard/arm-2012.09/bin/../lib/gcc/arm-none-eabi/4.7.2//crtbegin.o
 .jcr           0x1001887c        0x4 /home/leon/riotboard/arm-2012.09/bin/../lib/gcc/arm-none-eabi/4.7.2//crtend.o

.tm_clone_table
                0x10018880        0x0
 .tm_clone_table
                0x10018880        0x0 /home/leon/riotboard/arm-2012.09/bin/../lib/gcc/arm-none-eabi/4.7.2//crtbegin.o
 .tm_clone_table
                0x10018880        0x0 /home/leon/riotboard/arm-2012.09/bin/../lib/gcc/arm-none-eabi/4.7.2//crtend.o

.igot.plt       0x10018880        0x0
 .igot.plt      0x00000000        0x0 /home/leon/riotboard/arm-2012.09/bin/../lib/gcc/arm-none-eabi/4.7.2//crtbegin.o

.hab.data       0x10400000     0x2000
                0x10400000                __hab_data = .
                0x10402000                . = (. + 0x2000)
 *fill*         0x10400000     0x2000 
                0x10402000                . = ALIGN (0x20)
                0x10402000                __hab_data_end = .
                0x00402000                _image_size = (. - _start_image_add)

.bss            0x10402000     0x9fc8
                0x10402000                __bss_start__ = .
 *(.shbss)
 *(.bss .bss.* .gnu.linkonce.b.*)
 .bss           0x10402000       0x1c /home/leon/riotboard/arm-2012.09/bin/../lib/gcc/arm-none-eabi/4.7.2//crtbegin.o
 .bss           0x1040201c        0x0 /home/leon/riotboard/arm-2012.09/bin/../lib/gcc/arm-none-eabi/4.7.2//crti.o
 .bss           0x1040201c        0x0 /home/leon/riotboard/arm-2012.09/bin/../lib/gcc/arm-none-eabi/4.7.2//crtend.o
 .bss           0x1040201c        0x0 /home/leon/riotboard/arm-2012.09/bin/../lib/gcc/arm-none-eabi/4.7.2//crtn.o
 .bss           0x1040201c        0x0 /home/leon/git/swp-report/iMX6_Platform_SDK/output/mx6dq/smp_primes/smart_device_rev_a/obj/apps/common/ivt.o
 .bss           0x1040201c        0x0 /home/leon/git/swp-report/iMX6_Platform_SDK/output/mx6dq/smp_primes/smart_device_rev_a/obj/apps/common/platform_init.o
 .bss           0x1040201c        0x4 /home/leon/git/swp-report/iMX6_Platform_SDK/output/mx6dq/smp_primes/smart_device_rev_a/obj/apps/smp_primes/src/main.o
 .bss           0x10402020     0x9ca0 /home/leon/git/swp-report/iMX6_Platform_SDK/output/mx6dq/smp_primes/smart_device_rev_a/obj/apps/smp_primes/src/primes.o
                0x10402020                target_count
                0x10402024                prime_numbers
                0x1040bc64                next_number
                0x1040bc68                prime_count
                0x1040bc80                prime_lock
                0x1040bca0                next_num_lock
 .bss           0x1040bcc0        0x0 /home/leon/git/swp-report/iMX6_Platform_SDK/output/mx6dq/lib/libsdk.a(armv7_cache.o)
 .bss           0x1040bcc0        0x0 /home/leon/git/swp-report/iMX6_Platform_SDK/output/mx6dq/lib/libsdk.a(ccm_pll.o)
 .bss           0x1040bcc0        0x0 /home/leon/git/swp-report/iMX6_Platform_SDK/output/mx6dq/lib/libsdk.a(cortexA9.o)
 .bss           0x1040bcc0        0x0 /home/leon/git/swp-report/iMX6_Platform_SDK/output/mx6dq/lib/libsdk.a(gic.o)
 .bss           0x1040bcc0        0x0 /home/leon/git/swp-report/iMX6_Platform_SDK/output/mx6dq/lib/libsdk.a(mmu.o)
 .bss           0x1040bcc0        0x0 /home/leon/git/swp-report/iMX6_Platform_SDK/output/mx6dq/lib/libsdk.a(startup.o)
 .bss           0x1040bcc0        0x0 /home/leon/git/swp-report/iMX6_Platform_SDK/output/mx6dq/lib/libsdk.a(vectors.o)
 .bss           0x1040bcc0        0x0 /home/leon/git/swp-report/iMX6_Platform_SDK/output/mx6dq/lib/libsdk.a(spinlock.o)
 .bss           0x1040bcc0        0x0 /home/leon/git/swp-report/iMX6_Platform_SDK/output/mx6dq/lib/libsdk.a(spinlock_lock_unlock.o)
 .bss           0x1040bcc0        0x0 /home/leon/git/swp-report/iMX6_Platform_SDK/output/mx6dq/lib/libsdk.a(system_util.o)
 .bss           0x1040bcc0        0x0 /home/leon/git/swp-report/iMX6_Platform_SDK/output/mx6dq/lib/libsdk.a(text_color.o)
 .bss           0x1040bcc0        0x0 /home/leon/git/swp-report/iMX6_Platform_SDK/output/mx6dq/lib/libsdk.a(cpu_get_cores.o)
 .bss           0x1040bcc0       0x20 /home/leon/git/swp-report/iMX6_Platform_SDK/output/mx6dq/lib/libsdk.a(cpu_multicore.o)
 .bss           0x1040bce0        0x4 /home/leon/git/swp-report/iMX6_Platform_SDK/output/mx6dq/lib/libsdk.a(timer.o)
                0x1040bce0                g_microsecondTimerMultiple
 .bss           0x1040bce4        0x0 /home/leon/git/swp-report/iMX6_Platform_SDK/output/mx6dq/lib/libsdk.a(imx_uart.o)
 .bss           0x1040bce4        0x0 /home/leon/git/swp-report/iMX6_Platform_SDK/output/mx6dq/lib/libsdk.a(arm_abort.o)
 .bss           0x1040bce4      0x290 /home/leon/git/swp-report/iMX6_Platform_SDK/output/mx6dq/lib/libsdk.a(interrupt.o)
                0x1040bce4                g_interrupt_handlers
                0x1040bf64                g_vectNum
 .bss           0x1040bf74        0x0 /home/leon/git/swp-report/iMX6_Platform_SDK/output/mx6dq/lib/libsdk.a(epit.o)
 .bss           0x1040bf74        0x0 /home/leon/git/swp-report/iMX6_Platform_SDK/output/mx6dq/lib/libsdk.a(abort_handler.o)
 .bss           0x1040bf74        0x4 /home/leon/git/swp-report/iMX6_Platform_SDK/output/mx6dq/lib/libboard_smart_device_rev_a.a(board_io_expanders.o)
                0x1040bf74                max7310_i2c_req_array
 .bss           0x1040bf78        0x0 /home/leon/git/swp-report/iMX6_Platform_SDK/output/mx6dq/lib/libboard_smart_device_rev_a.a(hardware_modules.o)
 .bss           0x1040bf78        0x0 /home/leon/git/swp-report/iMX6_Platform_SDK/output/mx6dq/lib/libboard_smart_device_rev_a.a(dcd.o)
 .bss           0x1040bf78        0x0 /home/leon/git/swp-report/iMX6_Platform_SDK/output/mx6dq/lib/libboard_smart_device_rev_a.a(uart_iomux_config.o)
 .bss           0x1040bf78        0x0 /home/leon/git/swp-report/iMX6_Platform_SDK/output/mx6dq/lib/libboard_smart_device_rev_a.a(iomux_config.o)
 .bss           0x1040bf78        0x0 /home/leon/git/swp-report/iMX6_Platform_SDK/output/mx6dq/lib/libboard_smart_device_rev_a.a(ipu1_iomux_config.o)
 .bss           0x1040bf78        0x0 /home/leon/git/swp-report/iMX6_Platform_SDK/output/mx6dq/lib/libboard_smart_device_rev_a.a(kpp_iomux_config.o)
 .bss           0x1040bf78        0x0 /home/leon/git/swp-report/iMX6_Platform_SDK/output/mx6dq/lib/libboard_smart_device_rev_a.a(mmdc_iomux_config.o)
 .bss           0x1040bf78        0x0 /home/leon/git/swp-report/iMX6_Platform_SDK/output/mx6dq/lib/libboard_smart_device_rev_a.a(pwm1_iomux_config.o)
 .bss           0x1040bf78        0x0 /home/leon/git/swp-report/iMX6_Platform_SDK/output/mx6dq/lib/libboard_smart_device_rev_a.a(sjc_iomux_config.o)
 .bss           0x1040bf78        0x0 /home/leon/git/swp-report/iMX6_Platform_SDK/output/mx6dq/lib/libboard_smart_device_rev_a.a(uart1_iomux_config.o)
 .bss           0x1040bf78        0x0 /home/leon/git/swp-report/iMX6_Platform_SDK/output/mx6dq/lib/libboard_smart_device_rev_a.a(usdhc2_iomux_config.o)
 .bss           0x1040bf78        0x0 /home/leon/git/swp-report/iMX6_Platform_SDK/output/mx6dq/lib/libboard_smart_device_rev_a.a(usdhc3_iomux_config.o)
 .bss           0x1040bf78        0x0 /home/leon/git/swp-report/iMX6_Platform_SDK/output/mx6dq/lib/libboard_smart_device_rev_a.a(usdhc4_iomux_config.o)
 .bss           0x1040bf78        0x0 /home/leon/git/swp-report/iMX6_Platform_SDK/output/mx6dq/lib/libboard_smart_device_rev_a.a(audmux_iomux_config.o)
 .bss           0x1040bf78        0x0 /home/leon/git/swp-report/iMX6_Platform_SDK/output/mx6dq/lib/libboard_smart_device_rev_a.a(ccm_iomux_config.o)
 .bss           0x1040bf78        0x0 /home/leon/git/swp-report/iMX6_Platform_SDK/output/mx6dq/lib/libboard_smart_device_rev_a.a(ecspi1_iomux_config.o)
 .bss           0x1040bf78        0x0 /home/leon/git/swp-report/iMX6_Platform_SDK/output/mx6dq/lib/libboard_smart_device_rev_a.a(enet_iomux_config.o)
 .bss           0x1040bf78        0x0 /home/leon/git/swp-report/iMX6_Platform_SDK/output/mx6dq/lib/libboard_smart_device_rev_a.a(flexcan1_iomux_config.o)
 .bss           0x1040bf78        0x0 /home/leon/git/swp-report/iMX6_Platform_SDK/output/mx6dq/lib/libboard_smart_device_rev_a.a(gpio1_iomux_config.o)
 .bss           0x1040bf78        0x0 /home/leon/git/swp-report/iMX6_Platform_SDK/output/mx6dq/lib/libboard_smart_device_rev_a.a(gpio2_iomux_config.o)
 .bss           0x1040bf78        0x0 /home/leon/git/swp-report/iMX6_Platform_SDK/output/mx6dq/lib/libboard_smart_device_rev_a.a(gpio3_iomux_config.o)
 .bss           0x1040bf78        0x0 /home/leon/git/swp-report/iMX6_Platform_SDK/output/mx6dq/lib/libboard_smart_device_rev_a.a(gpio4_iomux_config.o)
 .bss           0x1040bf78        0x0 /home/leon/git/swp-report/iMX6_Platform_SDK/output/mx6dq/lib/libboard_smart_device_rev_a.a(gpio5_iomux_config.o)
 .bss           0x1040bf78        0x0 /home/leon/git/swp-report/iMX6_Platform_SDK/output/mx6dq/lib/libboard_smart_device_rev_a.a(gpio6_iomux_config.o)
 .bss           0x1040bf78        0x0 /home/leon/git/swp-report/iMX6_Platform_SDK/output/mx6dq/lib/libboard_smart_device_rev_a.a(gpio7_iomux_config.o)
 .bss           0x1040bf78        0x0 /home/leon/git/swp-report/iMX6_Platform_SDK/output/mx6dq/lib/libboard_smart_device_rev_a.a(gps_iomux_config.o)
 .bss           0x1040bf78        0x0 /home/leon/git/swp-report/iMX6_Platform_SDK/output/mx6dq/lib/libboard_smart_device_rev_a.a(i2c1_iomux_config.o)
 .bss           0x1040bf78        0x0 /home/leon/git/swp-report/iMX6_Platform_SDK/output/mx6dq/lib/libboard_smart_device_rev_a.a(i2c2_iomux_config.o)
 .bss           0x1040bf78        0x0 /home/leon/git/swp-report/iMX6_Platform_SDK/output/mx6dq/lib/libboard_smart_device_rev_a.a(i2c3_iomux_config.o)
 .bss           0x1040bf78        0x0 /home/leon/riotboard/arm-2012.09/bin/../arm-none-eabi/lib//libc.a(lib_a-assert.o)
 .bss           0x1040bf78        0x0 /home/leon/riotboard/arm-2012.09/bin/../arm-none-eabi/lib//libc.a(lib_a-bzero.o)
 .bss           0x1040bf78        0x0 /home/leon/riotboard/arm-2012.09/bin/../arm-none-eabi/lib//libc.a(lib_a-fiprintf.o)
 .bss           0x1040bf78        0x0 /home/leon/riotboard/arm-2012.09/bin/../arm-none-eabi/lib//libc.a(lib_a-fputc.o)
 .bss           0x1040bf78        0x0 /home/leon/riotboard/arm-2012.09/bin/../arm-none-eabi/lib//libc.a(lib_a-impure.o)
 .bss           0x1040bf78        0x0 /home/leon/riotboard/arm-2012.09/bin/../arm-none-eabi/lib//libc.a(lib_a-init.o)
 .bss           0x1040bf78        0x0 /home/leon/riotboard/arm-2012.09/bin/../arm-none-eabi/lib//libc.a(lib_a-malloc.o)
 .bss           0x1040bf78       0x34 /home/leon/riotboard/arm-2012.09/bin/../arm-none-eabi/lib//libc.a(lib_a-mallocr.o)
                0x1040bf78                __malloc_top_pad
                0x1040bf7c                __malloc_current_mallinfo
                0x1040bfa4                __malloc_max_sbrked_mem
                0x1040bfa8                __malloc_max_total_mem
 .bss           0x1040bfac        0x0 /home/leon/riotboard/arm-2012.09/bin/../arm-none-eabi/lib//libc.a(lib_a-mlock.o)
 .bss           0x1040bfac        0x0 /home/leon/riotboard/arm-2012.09/bin/../arm-none-eabi/lib//libc.a(lib_a-printf.o)
 .bss           0x1040bfac        0x0 /home/leon/riotboard/arm-2012.09/bin/../arm-none-eabi/lib//libc.a(lib_a-putc.o)
 .bss           0x1040bfac        0x0 /home/leon/riotboard/arm-2012.09/bin/../arm-none-eabi/lib//libc.a(lib_a-realloc.o)
 .bss           0x1040bfac        0x0 /home/leon/riotboard/arm-2012.09/bin/../arm-none-eabi/lib//libc.a(lib_a-reallocr.o)
 .bss           0x1040bfac        0x0 /home/leon/riotboard/arm-2012.09/bin/../arm-none-eabi/lib//libc.a(lib_a-rget.o)
 .bss           0x1040bfac        0x0 /home/leon/riotboard/arm-2012.09/bin/../arm-none-eabi/lib//libc.a(lib_a-sbrkr.o)
 .bss           0x1040bfac        0x0 /home/leon/riotboard/arm-2012.09/bin/../arm-none-eabi/lib//libc.a(lib_a-vfiprintf.o)
 .bss           0x1040bfac        0x0 /home/leon/riotboard/arm-2012.09/bin/../arm-none-eabi/lib//libc.a(lib_a-vfprintf.o)
 .bss           0x1040bfac        0x0 /home/leon/riotboard/arm-2012.09/bin/../arm-none-eabi/lib//libc.a(lib_a-vprintf.o)
 .bss           0x1040bfac        0x0 /home/leon/riotboard/arm-2012.09/bin/../arm-none-eabi/lib//libc.a(lib_a-wbuf.o)
 .bss           0x1040bfac        0x0 /home/leon/riotboard/arm-2012.09/bin/../arm-none-eabi/lib//libc.a(lib_a-wsetup.o)
 .bss           0x1040bfac        0x0 /home/leon/riotboard/arm-2012.09/bin/../arm-none-eabi/lib//libc.a(lib_a-abort.o)
 .bss           0x1040bfac        0x0 /home/leon/riotboard/arm-2012.09/bin/../arm-none-eabi/lib//libc.a(lib_a-dtoa.o)
 .bss           0x1040bfac        0x0 /home/leon/riotboard/arm-2012.09/bin/../arm-none-eabi/lib//libc.a(lib_a-fflush.o)
 .bss           0x1040bfac        0x0 /home/leon/riotboard/arm-2012.09/bin/../arm-none-eabi/lib//libc.a(lib_a-findfp.o)
 .bss           0x1040bfac        0x0 /home/leon/riotboard/arm-2012.09/bin/../arm-none-eabi/lib//libc.a(lib_a-fputwc.o)
 .bss           0x1040bfac        0x0 /home/leon/riotboard/arm-2012.09/bin/../arm-none-eabi/lib//libc.a(lib_a-freer.o)
 .bss           0x1040bfac        0x0 /home/leon/riotboard/arm-2012.09/bin/../arm-none-eabi/lib//libc.a(lib_a-fvwrite.o)
 .bss           0x1040bfac        0x0 /home/leon/riotboard/arm-2012.09/bin/../arm-none-eabi/lib//libc.a(lib_a-fwalk.o)
 .bss           0x1040bfac        0xc /home/leon/riotboard/arm-2012.09/bin/../arm-none-eabi/lib//libc.a(lib_a-locale.o)
                0x1040bfac                _PathLocale
                0x1040bfb0                __mlocale_changed
                0x1040bfb4                __nlocale_changed
 .bss           0x1040bfb8        0x0 /home/leon/riotboard/arm-2012.09/bin/../arm-none-eabi/lib//libc.a(lib_a-makebuf.o)
 .bss           0x1040bfb8        0x0 /home/leon/riotboard/arm-2012.09/bin/../arm-none-eabi/lib//libc.a(lib_a-memchr.o)
 .bss           0x1040bfb8        0x0 /home/leon/riotboard/arm-2012.09/bin/../arm-none-eabi/lib//libc.a(lib_a-memcpy.o)
 .bss           0x1040bfb8        0x0 /home/leon/riotboard/arm-2012.09/bin/../arm-none-eabi/lib//libc.a(lib_a-memmove.o)
 .bss           0x1040bfb8        0x0 /home/leon/riotboard/arm-2012.09/bin/../arm-none-eabi/lib//libc.a(lib_a-memset.o)
 .bss           0x1040bfb8        0x0 /home/leon/riotboard/arm-2012.09/bin/../arm-none-eabi/lib//libc.a(lib_a-mprec.o)
 .bss           0x1040bfb8        0x0 /home/leon/riotboard/arm-2012.09/bin/../arm-none-eabi/lib//libc.a(lib_a-reent.o)
 .bss           0x1040bfb8        0x0 /home/leon/riotboard/arm-2012.09/bin/../arm-none-eabi/lib//libc.a(lib_a-refill.o)
 .bss           0x1040bfb8        0x0 /home/leon/riotboard/arm-2012.09/bin/../arm-none-eabi/lib//libc.a(lib_a-s_fpclassify.o)
 .bss           0x1040bfb8        0x0 /home/leon/riotboard/arm-2012.09/bin/../arm-none-eabi/lib//libc.a(lib_a-signal.o)
 .bss           0x1040bfb8        0x0 /home/leon/riotboard/arm-2012.09/bin/../arm-none-eabi/lib//libc.a(lib_a-signalr.o)
 .bss           0x1040bfb8        0x0 /home/leon/riotboard/arm-2012.09/bin/../arm-none-eabi/lib//libc.a(lib_a-stdio.o)
 .bss           0x1040bfb8        0x0 /home/leon/riotboard/arm-2012.09/bin/../arm-none-eabi/lib//libc.a(lib_a-strcmp.o)
 .bss           0x1040bfb8        0x0 /home/leon/riotboard/arm-2012.09/bin/../arm-none-eabi/lib//libc.a(lib_a-strlen.o)
 .bss           0x1040bfb8        0x0 /home/leon/riotboard/arm-2012.09/bin/../arm-none-eabi/lib//libc.a(lib_a-wcrtomb.o)
 .bss           0x1040bfb8        0x0 /home/leon/riotboard/arm-2012.09/bin/../arm-none-eabi/lib//libc.a(lib_a-wctomb_r.o)
 .bss           0x1040bfb8        0x0 /home/leon/riotboard/arm-2012.09/bin/../arm-none-eabi/lib//libc.a(lib_a-writer.o)
 .bss           0x1040bfb8        0x0 /home/leon/riotboard/arm-2012.09/bin/../arm-none-eabi/lib//libc.a(lib_a-callocr.o)
 .bss           0x1040bfb8        0x0 /home/leon/riotboard/arm-2012.09/bin/../arm-none-eabi/lib//libc.a(lib_a-closer.o)
 .bss           0x1040bfb8        0x0 /home/leon/riotboard/arm-2012.09/bin/../arm-none-eabi/lib//libc.a(lib_a-fclose.o)
 .bss           0x1040bfb8        0x0 /home/leon/riotboard/arm-2012.09/bin/../arm-none-eabi/lib//libc.a(lib_a-fstatr.o)
 .bss           0x1040bfb8        0x0 /home/leon/riotboard/arm-2012.09/bin/../arm-none-eabi/lib//libc.a(lib_a-isattyr.o)
 .bss           0x1040bfb8        0x0 /home/leon/riotboard/arm-2012.09/bin/../arm-none-eabi/lib//libc.a(lib_a-lseekr.o)
 .bss           0x1040bfb8        0x0 /home/leon/riotboard/arm-2012.09/bin/../arm-none-eabi/lib//libc.a(lib_a-readr.o)
 .bss           0x1040bfb8        0x0 /home/leon/riotboard/arm-2012.09/bin/../lib/gcc/arm-none-eabi/4.7.2//libgcc.a(_udivsi3.o)
 .bss           0x1040bfb8        0x0 /home/leon/riotboard/arm-2012.09/bin/../lib/gcc/arm-none-eabi/4.7.2//libgcc.a(_divsi3.o)
 .bss           0x1040bfb8        0x0 /home/leon/riotboard/arm-2012.09/bin/../lib/gcc/arm-none-eabi/4.7.2//libgcc.a(_dvmd_tls.o)
 .bss           0x1040bfb8        0x0 /home/leon/riotboard/arm-2012.09/bin/../lib/gcc/arm-none-eabi/4.7.2//libgcc.a(_arm_addsubdf3.o)
 .bss           0x1040bfb8        0x0 /home/leon/riotboard/arm-2012.09/bin/../lib/gcc/arm-none-eabi/4.7.2//libgcc.a(_arm_muldivdf3.o)
 .bss           0x1040bfb8        0x0 /home/leon/riotboard/arm-2012.09/bin/../lib/gcc/arm-none-eabi/4.7.2//libgcc.a(_arm_cmpdf2.o)
 .bss           0x1040bfb8        0x0 /home/leon/riotboard/arm-2012.09/bin/../lib/gcc/arm-none-eabi/4.7.2//libgcc.a(_arm_fixdfsi.o)
 .bss           0x1040bfb8        0x0 /home/leon/riotboard/arm-2012.09/bin/../lib/gcc/arm-none-eabi/4.7.2//libgcc.a(_aeabi_uldivmod.o)
 .bss           0x1040bfb8        0x0 /home/leon/riotboard/arm-2012.09/bin/../lib/gcc/arm-none-eabi/4.7.2//libgcc.a(bpabi.o)
 .bss           0x1040bfb8        0x0 /home/leon/riotboard/arm-2012.09/bin/../lib/gcc/arm-none-eabi/4.7.2//libgcc.a(_divdi3.o)
 .bss           0x1040bfb8        0x0 /home/leon/riotboard/arm-2012.09/bin/../lib/gcc/arm-none-eabi/4.7.2//libgcc.a(_udivdi3.o)
 .bss           0x1040bfb8        0x0 /home/leon/riotboard/arm-2012.09/bin/../lib/gcc/arm-none-eabi/4.7.2//libgcc.a(_clzsi2.o)
 .bss           0x1040bfb8        0xc /home/leon/git/swp-report/iMX6_Platform_SDK/output/mx6dq/lib/libsdk.a(runtime_support.o)
                0x1040bfb8                __env
 *(COMMON)
 COMMON         0x1040bfc4        0x4 /home/leon/riotboard/arm-2012.09/bin/../arm-none-eabi/lib//libc.a(lib_a-reent.o)
                0x1040bfc4                errno
 *(.bss)
                0x1040bfc8                __bss_end__ = .

.stacks         0x1040bfc8     0xc000
                0x1040bfc8                __stacks_start = .
                0x10417fc8                . = (. + 0xc000)
 *fill*         0x1040bfc8     0xc000 
                0x10417fc8                __stacks_end = .
                0x10417fc8                top_of_stacks = .
                0x10417fe0                free_memory_start = ALIGN (0x20)
                0x18417fc8                . = (. + 0x8000000)
                0x18417fc8                free_memory_end = .
                0x18417fc8                _end = .
START GROUP
LOAD /home/leon/git/swp-report/iMX6_Platform_SDK/output/mx6dq/smp_primes/smart_device_rev_a/obj/apps/common/ivt.o
LOAD /home/leon/git/swp-report/iMX6_Platform_SDK/output/mx6dq/smp_primes/smart_device_rev_a/obj/apps/common/platform_init.o
LOAD /home/leon/git/swp-report/iMX6_Platform_SDK/output/mx6dq/smp_primes/smart_device_rev_a/obj/apps/smp_primes/src/main.o
LOAD /home/leon/git/swp-report/iMX6_Platform_SDK/output/mx6dq/smp_primes/smart_device_rev_a/obj/apps/smp_primes/src/primes.o
LOAD /home/leon/git/swp-report/iMX6_Platform_SDK/output/mx6dq/lib/libsdk.a
LOAD /home/leon/git/swp-report/iMX6_Platform_SDK/output/mx6dq/lib/libboard_smart_device_rev_a.a
LOAD /home/leon/riotboard/arm-2012.09/bin/../arm-none-eabi/lib//libm.a
LOAD /home/leon/riotboard/arm-2012.09/bin/../arm-none-eabi/lib//libstdc++.a
LOAD /home/leon/riotboard/arm-2012.09/bin/../arm-none-eabi/lib//libc.a
LOAD /home/leon/riotboard/arm-2012.09/bin/../lib/gcc/arm-none-eabi/4.7.2//libgcc.a
END GROUP
OUTPUT(/home/leon/git/swp-report/iMX6_Platform_SDK/output/mx6dq/smp_primes/smart_device_rev_a/smp_primes.elf elf32-littlearm)

.ARM.attributes
                0x00000000       0x3b
 .ARM.attributes
                0x00000000       0x30 /home/leon/riotboard/arm-2012.09/bin/../lib/gcc/arm-none-eabi/4.7.2//crtbegin.o
 .ARM.attributes
                0x00000030       0x16 /home/leon/riotboard/arm-2012.09/bin/../lib/gcc/arm-none-eabi/4.7.2//crti.o
 .ARM.attributes
                0x00000046       0x30 /home/leon/riotboard/arm-2012.09/bin/../lib/gcc/arm-none-eabi/4.7.2//crtend.o
 .ARM.attributes
                0x00000076       0x18 /home/leon/riotboard/arm-2012.09/bin/../lib/gcc/arm-none-eabi/4.7.2//crtn.o
 .ARM.attributes
                0x0000008e       0x39 /home/leon/git/swp-report/iMX6_Platform_SDK/output/mx6dq/smp_primes/smart_device_rev_a/obj/apps/common/ivt.o
 .ARM.attributes
                0x000000c7       0x39 /home/leon/git/swp-report/iMX6_Platform_SDK/output/mx6dq/smp_primes/smart_device_rev_a/obj/apps/common/platform_init.o
 .ARM.attributes
                0x00000100       0x39 /home/leon/git/swp-report/iMX6_Platform_SDK/output/mx6dq/smp_primes/smart_device_rev_a/obj/apps/smp_primes/src/main.o
 .ARM.attributes
                0x00000139       0x39 /home/leon/git/swp-report/iMX6_Platform_SDK/output/mx6dq/smp_primes/smart_device_rev_a/obj/apps/smp_primes/src/primes.o
 .ARM.attributes
                0x00000172       0x39 /home/leon/git/swp-report/iMX6_Platform_SDK/output/mx6dq/lib/libsdk.a(armv7_cache.o)
 .ARM.attributes
                0x000001ab       0x39 /home/leon/git/swp-report/iMX6_Platform_SDK/output/mx6dq/lib/libsdk.a(ccm_pll.o)
 .ARM.attributes
                0x000001e4       0x16 /home/leon/git/swp-report/iMX6_Platform_SDK/output/mx6dq/lib/libsdk.a(cortexA9.o)
 .ARM.attributes
                0x000001fa       0x39 /home/leon/git/swp-report/iMX6_Platform_SDK/output/mx6dq/lib/libsdk.a(gic.o)
 .ARM.attributes
                0x00000233       0x39 /home/leon/git/swp-report/iMX6_Platform_SDK/output/mx6dq/lib/libsdk.a(mmu.o)
 .ARM.attributes
                0x0000026c       0x16 /home/leon/git/swp-report/iMX6_Platform_SDK/output/mx6dq/lib/libsdk.a(startup.o)
 .ARM.attributes
                0x00000282       0x14 /home/leon/git/swp-report/iMX6_Platform_SDK/output/mx6dq/lib/libsdk.a(vectors.o)
 .ARM.attributes
                0x00000296       0x39 /home/leon/git/swp-report/iMX6_Platform_SDK/output/mx6dq/lib/libsdk.a(spinlock.o)
 .ARM.attributes
                0x000002cf       0x16 /home/leon/git/swp-report/iMX6_Platform_SDK/output/mx6dq/lib/libsdk.a(spinlock_lock_unlock.o)
 .ARM.attributes
                0x000002e5       0x39 /home/leon/git/swp-report/iMX6_Platform_SDK/output/mx6dq/lib/libsdk.a(system_util.o)
 .ARM.attributes
                0x0000031e       0x39 /home/leon/git/swp-report/iMX6_Platform_SDK/output/mx6dq/lib/libsdk.a(text_color.o)
 .ARM.attributes
                0x00000357       0x39 /home/leon/git/swp-report/iMX6_Platform_SDK/output/mx6dq/lib/libsdk.a(cpu_get_cores.o)
 .ARM.attributes
                0x00000390       0x39 /home/leon/git/swp-report/iMX6_Platform_SDK/output/mx6dq/lib/libsdk.a(cpu_multicore.o)
 .ARM.attributes
                0x000003c9       0x39 /home/leon/git/swp-report/iMX6_Platform_SDK/output/mx6dq/lib/libsdk.a(timer.o)
 .ARM.attributes
                0x00000402       0x39 /home/leon/git/swp-report/iMX6_Platform_SDK/output/mx6dq/lib/libsdk.a(imx_uart.o)
 .ARM.attributes
                0x0000043b       0x14 /home/leon/git/swp-report/iMX6_Platform_SDK/output/mx6dq/lib/libsdk.a(arm_abort.o)
 .ARM.attributes
                0x0000044f       0x39 /home/leon/git/swp-report/iMX6_Platform_SDK/output/mx6dq/lib/libsdk.a(interrupt.o)
 .ARM.attributes
                0x00000488       0x39 /home/leon/git/swp-report/iMX6_Platform_SDK/output/mx6dq/lib/libsdk.a(epit.o)
 .ARM.attributes
                0x000004c1       0x39 /home/leon/git/swp-report/iMX6_Platform_SDK/output/mx6dq/lib/libsdk.a(abort_handler.o)
 .ARM.attributes
                0x000004fa       0x39 /home/leon/git/swp-report/iMX6_Platform_SDK/output/mx6dq/lib/libboard_smart_device_rev_a.a(board_io_expanders.o)
 .ARM.attributes
                0x00000533       0x39 /home/leon/git/swp-report/iMX6_Platform_SDK/output/mx6dq/lib/libboard_smart_device_rev_a.a(hardware_modules.o)
 .ARM.attributes
                0x0000056c       0x39 /home/leon/git/swp-report/iMX6_Platform_SDK/output/mx6dq/lib/libboard_smart_device_rev_a.a(dcd.o)
 .ARM.attributes
                0x000005a5       0x39 /home/leon/git/swp-report/iMX6_Platform_SDK/output/mx6dq/lib/libboard_smart_device_rev_a.a(uart_iomux_config.o)
 .ARM.attributes
                0x000005de       0x39 /home/leon/git/swp-report/iMX6_Platform_SDK/output/mx6dq/lib/libboard_smart_device_rev_a.a(iomux_config.o)
 .ARM.attributes
                0x00000617       0x39 /home/leon/git/swp-report/iMX6_Platform_SDK/output/mx6dq/lib/libboard_smart_device_rev_a.a(ipu1_iomux_config.o)
 .ARM.attributes
                0x00000650       0x39 /home/leon/git/swp-report/iMX6_Platform_SDK/output/mx6dq/lib/libboard_smart_device_rev_a.a(kpp_iomux_config.o)
 .ARM.attributes
                0x00000689       0x39 /home/leon/git/swp-report/iMX6_Platform_SDK/output/mx6dq/lib/libboard_smart_device_rev_a.a(mmdc_iomux_config.o)
 .ARM.attributes
                0x000006c2       0x39 /home/leon/git/swp-report/iMX6_Platform_SDK/output/mx6dq/lib/libboard_smart_device_rev_a.a(pwm1_iomux_config.o)
 .ARM.attributes
                0x000006fb       0x39 /home/leon/git/swp-report/iMX6_Platform_SDK/output/mx6dq/lib/libboard_smart_device_rev_a.a(sjc_iomux_config.o)
 .ARM.attributes
                0x00000734       0x39 /home/leon/git/swp-report/iMX6_Platform_SDK/output/mx6dq/lib/libboard_smart_device_rev_a.a(uart1_iomux_config.o)
 .ARM.attributes
                0x0000076d       0x39 /home/leon/git/swp-report/iMX6_Platform_SDK/output/mx6dq/lib/libboard_smart_device_rev_a.a(usdhc2_iomux_config.o)
 .ARM.attributes
                0x000007a6       0x39 /home/leon/git/swp-report/iMX6_Platform_SDK/output/mx6dq/lib/libboard_smart_device_rev_a.a(usdhc3_iomux_config.o)
 .ARM.attributes
                0x000007df       0x39 /home/leon/git/swp-report/iMX6_Platform_SDK/output/mx6dq/lib/libboard_smart_device_rev_a.a(usdhc4_iomux_config.o)
 .ARM.attributes
                0x00000818       0x39 /home/leon/git/swp-report/iMX6_Platform_SDK/output/mx6dq/lib/libboard_smart_device_rev_a.a(audmux_iomux_config.o)
 .ARM.attributes
                0x00000851       0x39 /home/leon/git/swp-report/iMX6_Platform_SDK/output/mx6dq/lib/libboard_smart_device_rev_a.a(ccm_iomux_config.o)
 .ARM.attributes
                0x0000088a       0x39 /home/leon/git/swp-report/iMX6_Platform_SDK/output/mx6dq/lib/libboard_smart_device_rev_a.a(ecspi1_iomux_config.o)
 .ARM.attributes
                0x000008c3       0x39 /home/leon/git/swp-report/iMX6_Platform_SDK/output/mx6dq/lib/libboard_smart_device_rev_a.a(enet_iomux_config.o)
 .ARM.attributes
                0x000008fc       0x39 /home/leon/git/swp-report/iMX6_Platform_SDK/output/mx6dq/lib/libboard_smart_device_rev_a.a(flexcan1_iomux_config.o)
 .ARM.attributes
                0x00000935       0x39 /home/leon/git/swp-report/iMX6_Platform_SDK/output/mx6dq/lib/libboard_smart_device_rev_a.a(gpio1_iomux_config.o)
 .ARM.attributes
                0x0000096e       0x39 /home/leon/git/swp-report/iMX6_Platform_SDK/output/mx6dq/lib/libboard_smart_device_rev_a.a(gpio2_iomux_config.o)
 .ARM.attributes
                0x000009a7       0x39 /home/leon/git/swp-report/iMX6_Platform_SDK/output/mx6dq/lib/libboard_smart_device_rev_a.a(gpio3_iomux_config.o)
 .ARM.attributes
                0x000009e0       0x39 /home/leon/git/swp-report/iMX6_Platform_SDK/output/mx6dq/lib/libboard_smart_device_rev_a.a(gpio4_iomux_config.o)
 .ARM.attributes
                0x00000a19       0x39 /home/leon/git/swp-report/iMX6_Platform_SDK/output/mx6dq/lib/libboard_smart_device_rev_a.a(gpio5_iomux_config.o)
 .ARM.attributes
                0x00000a52       0x39 /home/leon/git/swp-report/iMX6_Platform_SDK/output/mx6dq/lib/libboard_smart_device_rev_a.a(gpio6_iomux_config.o)
 .ARM.attributes
                0x00000a8b       0x39 /home/leon/git/swp-report/iMX6_Platform_SDK/output/mx6dq/lib/libboard_smart_device_rev_a.a(gpio7_iomux_config.o)
 .ARM.attributes
                0x00000ac4       0x39 /home/leon/git/swp-report/iMX6_Platform_SDK/output/mx6dq/lib/libboard_smart_device_rev_a.a(gps_iomux_config.o)
 .ARM.attributes
                0x00000afd       0x39 /home/leon/git/swp-report/iMX6_Platform_SDK/output/mx6dq/lib/libboard_smart_device_rev_a.a(i2c1_iomux_config.o)
 .ARM.attributes
                0x00000b36       0x39 /home/leon/git/swp-report/iMX6_Platform_SDK/output/mx6dq/lib/libboard_smart_device_rev_a.a(i2c2_iomux_config.o)
 .ARM.attributes
                0x00000b6f       0x39 /home/leon/git/swp-report/iMX6_Platform_SDK/output/mx6dq/lib/libboard_smart_device_rev_a.a(i2c3_iomux_config.o)
 .ARM.attributes
                0x00000ba8       0x30 /home/leon/riotboard/arm-2012.09/bin/../arm-none-eabi/lib//libc.a(lib_a-assert.o)
 .ARM.attributes