Archive member included because of file (symbol)

/home/leon/git/swp-report/iMX6_Platform_SDK/output/mx6dq/lib/libsdk.a(base.o)
                              /home/leon/git/swp-report/iMX6_Platform_SDK/output/mx6dq/filesystem/smart_device_rev_b/obj/apps/filesystem/src/fs_test.o (GetFileSize)
/home/leon/git/swp-report/iMX6_Platform_SDK/output/mx6dq/lib/libsdk.a(cache_wrappers.o)
                              /home/leon/git/swp-report/iMX6_Platform_SDK/output/mx6dq/filesystem/smart_device_rev_b/obj/apps/filesystem/src/fs_test.o (g_usdhc_instance)
/home/leon/git/swp-report/iMX6_Platform_SDK/output/mx6dq/lib/libsdk.a(chdir.o)
                              /home/leon/git/swp-report/iMX6_Platform_SDK/output/mx6dq/filesystem/smart_device_rev_b/obj/apps/filesystem/src/fs_test.o (SetCWDHandle)
/home/leon/git/swp-report/iMX6_Platform_SDK/output/mx6dq/lib/libsdk.a(directories.o)
                              /home/leon/git/swp-report/iMX6_Platform_SDK/output/mx6dq/lib/libsdk.a(base.o) (CreateDirRecord)
/home/leon/git/swp-report/iMX6_Platform_SDK/output/mx6dq/lib/libsdk.a(fatapi.o)
                              /home/leon/git/swp-report/iMX6_Platform_SDK/output/mx6dq/lib/libsdk.a(base.o) (Findnextcluster)
/home/leon/git/swp-report/iMX6_Platform_SDK/output/mx6dq/lib/libsdk.a(findnextsector.o)
                              /home/leon/git/swp-report/iMX6_Platform_SDK/output/mx6dq/lib/libsdk.a(base.o) (UpdateHandleOffsets)
/home/leon/git/swp-report/iMX6_Platform_SDK/output/mx6dq/lib/libsdk.a(fopen.o)
                              /home/leon/git/swp-report/iMX6_Platform_SDK/output/mx6dq/lib/libsdk.a(cache_wrappers.o) (totalFileOpened)
/home/leon/git/swp-report/iMX6_Platform_SDK/output/mx6dq/lib/libsdk.a(fs_fat_memory.o)
                              /home/leon/git/swp-report/iMX6_Platform_SDK/output/mx6dq/filesystem/smart_device_rev_b/obj/apps/filesystem/src/fs_test.o (maxcaches)
/home/leon/git/swp-report/iMX6_Platform_SDK/output/mx6dq/lib/libsdk.a(fs_steering.o)
                              /home/leon/git/swp-report/iMX6_Platform_SDK/output/mx6dq/filesystem/smart_device_rev_b/obj/apps/filesystem/src/fs_test.o (Fclose)
/home/leon/git/swp-report/iMX6_Platform_SDK/output/mx6dq/lib/libsdk.a(fsinit.o)
                              /home/leon/git/swp-report/iMX6_Platform_SDK/output/mx6dq/lib/libsdk.a(base.o) (Handle)
/home/leon/git/swp-report/iMX6_Platform_SDK/output/mx6dq/lib/libsdk.a(fsunicode.o)
                              /home/leon/git/swp-report/iMX6_Platform_SDK/output/mx6dq/lib/libsdk.a(directories.o) (Long_NameRes_Ch)
/home/leon/git/swp-report/iMX6_Platform_SDK/output/mx6dq/lib/libsdk.a(handle.o)
                              /home/leon/git/swp-report/iMX6_Platform_SDK/output/mx6dq/lib/libsdk.a(chdir.o) (Freehandle)
/home/leon/git/swp-report/iMX6_Platform_SDK/output/mx6dq/lib/libsdk.a(longfilename.o)
                              /home/leon/git/swp-report/iMX6_Platform_SDK/output/mx6dq/lib/libsdk.a(directories.o) (ArrangeLongFileName)
/home/leon/git/swp-report/iMX6_Platform_SDK/output/mx6dq/lib/libsdk.a(readdevicerecord.o)
                              /home/leon/git/swp-report/iMX6_Platform_SDK/output/mx6dq/lib/libsdk.a(fsinit.o) (Readdevicerecord)
/home/leon/git/swp-report/iMX6_Platform_SDK/output/mx6dq/lib/libsdk.a(reentrant_section.o)
                              /home/leon/git/swp-report/iMX6_Platform_SDK/output/mx6dq/lib/libsdk.a(base.o) (EnterNonReentrantSection)
/home/leon/git/swp-report/iMX6_Platform_SDK/output/mx6dq/lib/libsdk.a(standardapi.o)
                              /home/leon/git/swp-report/iMX6_Platform_SDK/output/mx6dq/lib/libsdk.a(fs_steering.o) (Fclose_FAT)
/home/leon/git/swp-report/iMX6_Platform_SDK/output/mx6dq/lib/libsdk.a(string_utilities.o)
                              /home/leon/git/swp-report/iMX6_Platform_SDK/output/mx6dq/lib/libsdk.a(longfilename.o) (Convert_itoa)
/home/leon/git/swp-report/iMX6_Platform_SDK/output/mx6dq/lib/libsdk.a(armv7_cache.o)
                              /home/leon/git/swp-report/iMX6_Platform_SDK/output/mx6dq/filesystem/smart_device_rev_b/obj/apps/filesystem/src/fs_test.o (arm_dcache_enable)
/home/leon/git/swp-report/iMX6_Platform_SDK/output/mx6dq/lib/libsdk.a(ccm_pll.o)
                              /home/leon/git/swp-report/iMX6_Platform_SDK/output/mx6dq/filesystem/smart_device_rev_b/obj/apps/common/platform_init.o (ccm_init)
/home/leon/git/swp-report/iMX6_Platform_SDK/output/mx6dq/lib/libsdk.a(cortexA9.o)
                              /home/leon/git/swp-report/iMX6_Platform_SDK/output/mx6dq/filesystem/smart_device_rev_b/obj/apps/common/platform_init.o (arm_set_interrupt_state)
/home/leon/git/swp-report/iMX6_Platform_SDK/output/mx6dq/lib/libsdk.a(gic.o)
                              /home/leon/git/swp-report/iMX6_Platform_SDK/output/mx6dq/filesystem/smart_device_rev_b/obj/apps/common/platform_init.o (gic_init)
/home/leon/git/swp-report/iMX6_Platform_SDK/output/mx6dq/lib/libsdk.a(mmu.o)
[...]
Memory Configuration

Name             Origin             Length             Attributes
OCRAM            0x00900000         0x00040000         xrw
DDR              0x10000000         0x40000000         xrw
*default*        0x00000000         0xffffffff

Linker script and memory map

LOAD /home/leon/riotboard/arm-2012.09/bin/../lib/gcc/arm-none-eabi/4.7.2//crtbegin.o
LOAD /home/leon/riotboard/arm-2012.09/bin/../lib/gcc/arm-none-eabi/4.7.2//crti.o
LOAD /home/leon/riotboard/arm-2012.09/bin/../lib/gcc/arm-none-eabi/4.7.2//crtend.o
LOAD /home/leon/riotboard/arm-2012.09/bin/../lib/gcc/arm-none-eabi/4.7.2//crtn.o

.l1_page_table  0x00900000     0x4000
                0x00900000                __l1_page_table_start = .
                0x00904000                . = (. + 0x4000)
 *fill*         0x00900000     0x4000 

.heap.ocram     0x00904000    0x3bfb8
                0x00904000                __heap_ocram_start = .
                0x0093ffb8                . = (. + 0x3bfb8)
 *fill*         0x00904000    0x3bfb8 
                0x0093ffb8                __heap_ocram_end = .

.ram_vectors    0x0093ffb8       0x48
                0x0093ffb8                __ram_vectors_start = .
                0x00940000                . = (. + 0x48)
 *fill*         0x0093ffb8       0x48 
                0x00940000                __ram_vectors_end = .
                0x10000000                _start_image_add = ORIGIN (DDR)

.ivt            0x10000000      0x420
                0x10000400                . = (. + 0x400)
 *fill*         0x10000000      0x400 
 *(.ivt)
 .ivt           0x10000400       0x20 /home/leon/git/swp-report/iMX6_Platform_SDK/output/mx6dq/filesystem/smart_device_rev_b/obj/apps/common/ivt.o
                0x10000400                input_ivt

.boot_data      0x10000420        0xc
                0x10000420                __start_boot_data = .
 *(.boot_data)
 .boot_data     0x10000420        0xc /home/leon/git/swp-report/iMX6_Platform_SDK/output/mx6dq/filesystem/smart_device_rev_b/obj/apps/common/ivt.o
                0x10000420                bd

.dcd_hdr        0x10000430        0x4
                0x10000430                __start_dcd = .
 *(.dcd_hdr)
 .dcd_hdr       0x10000430        0x4 /home/leon/git/swp-report/iMX6_Platform_SDK/output/mx6dq/lib/libboard_smart_device_rev_b.a(dcd.o)
                0x10000430                input_dcd_hdr

.dcd_wrt_cmd    0x10000434        0x4
 *(.dcd_wrt_cmd)
 .dcd_wrt_cmd   0x10000434        0x4 /home/leon/git/swp-report/iMX6_Platform_SDK/output/mx6dq/lib/libboard_smart_device_rev_b.a(dcd.o)
                0x10000434                input_dcd_wrt_cmd

.dcd_data       0x10000438      0x298
 *(.dcd_data)
 .dcd_data      0x10000438      0x298 /home/leon/git/swp-report/iMX6_Platform_SDK/output/mx6dq/lib/libboard_smart_device_rev_b.a(dcd.o)
                0x10000438                input_dcd

.text           0x100006d0    0x35b44
 CREATE_OBJECT_SYMBOLS
 *(.startup)
 .startup       0x100006d0      0x138 /home/leon/git/swp-report/iMX6_Platform_SDK/output/mx6dq/lib/libsdk.a(startup.o)
                0x100006d0                _start
 *(.text .text.* .gnu.linkonce.t.*)
 .text          0x10000808      0x128 /home/leon/riotboard/arm-2012.09/bin/../lib/gcc/arm-none-eabi/4.7.2//crtbegin.o
 .text          0x10000930        0x0 /home/leon/riotboard/arm-2012.09/bin/../lib/gcc/arm-none-eabi/4.7.2//crti.o
 .text          0x10000930        0x0 /home/leon/riotboard/arm-2012.09/bin/../lib/gcc/arm-none-eabi/4.7.2//crtend.o
 .text          0x10000930        0x0 /home/leon/riotboard/arm-2012.09/bin/../lib/gcc/arm-none-eabi/4.7.2//crtn.o
 .text          0x10000930        0x0 /home/leon/git/swp-report/iMX6_Platform_SDK/output/mx6dq/filesystem/smart_device_rev_b/obj/apps/common/ivt.o
 .text          0x10000930       0xbc /home/leon/git/swp-report/iMX6_Platform_SDK/output/mx6dq/filesystem/smart_device_rev_b/obj/apps/common/platform_init.o
                0x10000930                platform_init
 .text          0x100009ec       0xfc /home/leon/git/swp-report/iMX6_Platform_SDK/output/mx6dq/filesystem/smart_device_rev_b/obj/apps/common/print_clock_info.o
                0x100009ec                show_freq
                0x10000ad8                show_ddr_config
 .text          0x10000ae8      0x15c /home/leon/git/swp-report/iMX6_Platform_SDK/output/mx6dq/filesystem/smart_device_rev_b/obj/apps/common/print_version.o
                0x10000ae8                print_version
 .text          0x10000c44     0x135c /home/leon/git/swp-report/iMX6_Platform_SDK/output/mx6dq/filesystem/smart_device_rev_b/obj/apps/filesystem/src/fs_test.o
                0x10000ce0                fat_write_speed_test
                0x10001010                sd_raw_write_speed_test
                0x10001278                create_input_file
                0x10001420                fat_read_speed_test
                0x10001760                sd_raw_read_speed_test
                0x100019e0                dump_test_results
                0x10001d78                fat_test
                0x10001f7c                main
 .text          0x10001fa0     0x2e4c /home/leon/git/swp-report/iMX6_Platform_SDK/output/mx6dq/lib/libsdk.a(base.o)
                0x10001fcc                Fcreate
                0x1000213c                Fflush
                0x10002484                GetFileSize
                0x10002524                Fread_FAT
                0x10002e14                Fwrite_FAT
                0x10003b74                UpdateFileSize
                0x10003e08                SeekPoint_InitializeBuffer
                0x10003ecc                SeekPoint_CalculateSeekPointStep
                0x1000415c                SeekPoint_FillSeekPoint
                0x1000429c                Fseek_FAT
                0x10004c5c                Ftell
                0x10004cfc                Feof
 .text          0x10004dec     0x197c /home/leon/git/swp-report/iMX6_Platform_SDK/output/mx6dq/lib/libsdk.a(cache_wrappers.o)
                0x10004dec                media_cache_pinned_write
                0x10004e5c                media_cache_release
                0x10004e8c                fatCacheAllocate
                0x10004fe8                updateFatCacheRefIndex
                0x10005058                getFatCache
                0x100051a0                fatCacheRelease
                0x100053c0                print_media_fat_info
                0x10005874                FsFlushCache
                0x10005930                FSWriteSector
                0x10005cec                FSWriteMultiSectors
                0x10005de8                FSEraseSector
                0x10005f14                FSReadSector
                0x1000615c                FSReadMultiSectors
                0x10006244                FSReleaseSector
                0x10006280                FSFlushSector
                0x100062b0                FlushCache
                0x100062c8                FSFlushDriveCache
                0x100062f0                VerifyPBS
                0x10006414                FSDataDriveInit
 .text          0x10006768     0x3214 /home/leon/git/swp-report/iMX6_Platform_SDK/output/mx6dq/lib/libsdk.a(chdir.o)
                0x10006768                Chdir
                0x10006a00                Chdirw
                0x10006c48                Getcwd
                0x10006c60                Changepath
                0x10006e24                ChangeToRootdirectory
                0x10007194                Searchdirectory
                0x10007914                SetHandleforsearch
                0x10008088                Mkdir
                0x10008280                Mkdirw
                0x10008474                Rmdir
                0x100089ec                Rmdirw
                0x10008ef4                CreateDirectory
                0x10009910                SetCWDHandle
 *fill*         0x1000997c        0x4 
 .text          0x10009980     0x23d0 /home/leon/git/swp-report/iMX6_Platform_SDK/output/mx6dq/lib/libsdk.a(directories.o)
                0x10009980                CreateDirRecord
                0x10009e3c                ChkSum
                0x10009ee0                ReadDirectoryRecord
                0x1000a16c                GetDateTime
                0x1000a1a4                CreateShortDirRecord
                0x1000a3d8                Isdirectoryempty
                0x1000a48c                Longdirmatch
                0x1000a714                MatchdirRecordW
                0x1000a8b0                Shortdirmatch
                0x1000aa30                Setfilename
                0x1000aba4                Uppercase
                0x1000ac5c                ConverToShortname
                0x1000afe0                FindfreeRecord
                0x1000b210                Searchfreerecord
                0x1000b2fc                CheckspaceinRootdir
                0x1000b468                DeleteRecord
                0x1000b7a4                ReadRootdirRecord
                0x1000b994                SetcurrentPos
                0x1000bae8                GetVolumeLabel
 .text          0x1000bd50     0x1e58 /home/leon/git/swp-report/iMX6_Platform_SDK/output/mx6dq/lib/libsdk.a(fatapi.o)
                0x1000bd7c                FATsectorno
                0x1000bf18                Computefreecluster
                0x1000bfb8                Findnextcluster
                0x1000c040                FirstfreeAndallocate
                0x1000c684                FirstfreeAndallocateFAT32
                0x1000c880                Firstsectorofcluster
                0x1000c960                GetNewcluster
                0x1000cb40                ReadFAT12Entry
                0x1000cd54                ReadFATentry
                0x1000cf50                Totalfreecluster
                0x1000d290                TotalfreeclusterFAT16
                0x1000d6c8                WriteFATentry
                0x1000dab8                ClearCluster
 .text          0x1000dba8      0x25c /home/leon/git/swp-report/iMX6_Platform_SDK/output/mx6dq/lib/libsdk.a(findnextsector.o)
                0x1000dba8                UpdateHandleOffsets
                0x1000dd34                FindNextSector
 .text          0x1000de04     0x20d0 /home/leon/git/swp-report/iMX6_Platform_SDK/output/mx6dq/lib/libsdk.a(fopen.o)
                0x1000de04                Fopen
                0x1000e554                Fopenw
                0x1000ec1c                Fremove
                0x1000ef88                Fremovew
                0x1000f28c                Frename
                0x1000f638                DeleteContent
 .text          0x1000fed4        0x0 /home/leon/git/swp-report/iMX6_Platform_SDK/output/mx6dq/lib/libsdk.a(fs_fat_memory.o)
 .text          0x1000fed4      0x2f0 /home/leon/git/swp-report/iMX6_Platform_SDK/output/mx6dq/lib/libsdk.a(fs_steering.o)
                0x1000ff00                FileSystemType
                0x1000ff68                Fclose
                0x1000fffc                Fwrite
                0x100100a0                Fseek
                0x10010120                Fread
 .text          0x100101c4      0x41c /home/leon/git/swp-report/iMX6_Platform_SDK/output/mx6dq/lib/libsdk.a(fsinit.o)
                0x100101c4                FSInit
                0x10010290                FSDriveInit
                0x100103a4                FSClearDriveBuf
                0x10010440                FSDriveShutdown
                0x10010504                FSShutdown
 .text          0x100105e0      0x2d4 /home/leon/git/swp-report/iMX6_Platform_SDK/output/mx6dq/lib/libsdk.a(fsunicode.o)
                0x100105e0                DBCStoUnicode
                0x100106b0                UnicodeToOEM
                0x100107c4                DBCStoTwoByteString
 .text          0x100108b4      0xea8 /home/leon/git/swp-report/iMX6_Platform_SDK/output/mx6dq/lib/libsdk.a(handle.o)
                0x100108b4                Freehandle
                0x10010984                Updatehandlemode
                0x10010a38                Gethandlemode
                0x10010adc                IsHandleWriteAllocated
                0x10010cec                Searchfreehandleallocate
                0x10010e90                Isfileopen
                0x1001106c                IsCurrWorkDir
                0x100111c0                GetCWDHandle
                0x100112a4                GetDeviceFromHandle
                0x100113a8                UpdateHandle
                0x100115bc                Handleactive
                0x1001167c                CheckMode
                0x100116bc                Ferror
 .text          0x1001175c     0x112c /home/leon/git/swp-report/iMX6_Platform_SDK/output/mx6dq/lib/libsdk.a(longfilename.o)
                0x1001175c                ConstructLongFileName
                0x10011a8c                GetUnicodeWord
                0x10011ae4                ArrangeLongFileName
                0x10011e1c                Setshortfilename
                0x10012448                IsShortNameValid
                0x100126dc                ArrangeFileName
 .text          0x10012888     0x1268 /home/leon/git/swp-report/iMX6_Platform_SDK/output/mx6dq/lib/libsdk.a(readdevicerecord.o)
                0x10012888                Readdevicerecord
                0x100135c8                FSSize
                0x100136d8                FSFreeClusters
                0x10013720                BytesPerCluster
                0x10013770                FSClusterShift
                0x100137b8                FSFreeSpace
                0x10013860                FSFreeSpaceFromHandle
                0x100138d8                FSMediaPresent
                0x10013920                FSFATType
                0x10013968                Cleardevicerecord
                0x100139f0                FileSystemPresent
                0x10013aa0                FileSystemBootSectorVerify
 .text          0x10013af0       0x20 /home/leon/git/swp-report/iMX6_Platform_SDK/output/mx6dq/lib/libsdk.a(reentrant_section.o)
                0x10013af0                EnterNonReentrantSection
                0x10013b00                LeaveNonReentrantSection
 .text          0x10013b10      0x44c /home/leon/git/swp-report/iMX6_Platform_SDK/output/mx6dq/lib/libsdk.a(standardapi.o)
                0x10013b10                Fclose_FAT
                0x10013bdc                Fgetc
                0x10013cb0                Fgets
                0x10013dc4                Fputc
                0x10013e78                Fputs
 .text          0x10013f5c      0xce8 /home/leon/git/swp-report/iMX6_Platform_SDK/output/mx6dq/lib/libsdk.a(string_utilities.o)
                0x10013f5c                Convert_itoa
                0x1001409c                Changecase
                0x1001410c                StrlengthW
                0x1001417c                Strlength
                0x100141e4                Strcpy
                0x1001428c                Strcpyw
                0x10014364                GetChar
                0x100143b8                GetCharW
                0x1001440c                PutChar
                0x10014464                PutCharW
                0x100144b4                GetnameW
                0x10014514                Getname
                0x10014570                GetDirnameW
                0x100145cc                Extractfilename
                0x10014638                Extractfilenamew
                0x100146c8                Extractdirnamew
                0x10014734                ExtractPathW
                0x100147e8                ExtractPath
                0x10014880                DiscardTrailigPeriods
                0x10014940                DiscardTrailigPeriodsw
                0x100149e4                FSGetByte
                0x10014a20                FSGetWord
                0x10014a7c                FSGetDWord
                0x10014b10                PutByte
                0x10014b4c                PutWord
                0x10014ba8                PutDword
 .text          0x10014c44      0x644 /home/leon/git/swp-report/iMX6_Platform_SDK/output/mx6dq/lib/libsdk.a(armv7_cache.o)
                0x10014c44                arm_dcache_state_query
                0x10014c84                arm_dcache_enable
                0x10014ccc                arm_dcache_disable
                0x10014d04                arm_dcache_invalidate
                0x10014da8                arm_dcache_invalidate_line
                0x10014e14                arm_dcache_invalidate_mlines
                0x10014eb4                arm_dcache_flush
                0x10014f58                arm_dcache_flush_line
                0x10014fc4                arm_dcache_flush_mlines
                0x10015064                arm_icache_state_query
                0x100150a4                arm_icache_enable
                0x100150ec                arm_icache_disable
                0x10015124                arm_icache_invalidate
                0x10015150                arm_icache_invalidate_is
                0x1001517c                arm_icache_invalidate_line
                0x100151e8                arm_icache_invalidate_mlines
 .text          0x10015288      0xcdc /home/leon/git/swp-report/iMX6_Platform_SDK/output/mx6dq/lib/libsdk.a(ccm_pll.o)
                0x10015288                ccm_init
                0x100153ac                get_main_clock
                0x1001563c                get_peri_clock
                0x100157ec                ccm_ccgr_config
                0x10015854                clock_gating_config
                0x10015cd4                ccm_set_lpm_wakeup_source
                0x10015dc8                ccm_enter_low_power
                0x10015e38                ipu_hsp_clk_config
                0x10015e58                gpu_clock_config
 .text          0x10015f64      0x164 /home/leon/git/swp-report/iMX6_Platform_SDK/output/mx6dq/lib/libsdk.a(cortexA9.o)
                0x10015f64                arm_set_interrupt_state
                0x10015f88                cpu_get_current
                0x10015f94                enable_neon_fpu
                0x10015fb0                disable_strict_align_check
                0x10015fc4                disable_L1_cache
                0x10015fe4                get_arm_private_peripheral_base
                0x10015fec                arm_unified_tlb_invalidate
                0x10015ffc                arm_unified_tlb_invalidate_is
                0x1001600c                arm_branch_prediction_enable
                0x1001601c                arm_branch_prediction_disable
                0x1001602c                arm_branch_target_cache_invalidate
                0x10016038                arm_branch_target_cache_invalidate_is
                0x10016044                scu_enable
                0x10016058                scu_join_smp
                0x10016068                scu_leave_smp
                0x10016078                scu_get_cpus_in_smp
                0x1001608c                scu_enable_maintenance_broadcast
                0x1001609c                scu_disable_maintenance_broadcast
                0x100160ac                scu_secure_invalidate
 .text          0x100160c8      0x5e0 /home/leon/git/swp-report/iMX6_Platform_SDK/output/mx6dq/lib/libsdk.a(gic.o)
                0x100161ac                gic_enable
                0x1001620c                gic_set_irq_security
                0x100162b4                gic_enable_irq
                0x10016330                gic_set_irq_priority
                0x10016378                gic_set_cpu_target
                0x10016484                gic_send_sgi
                0x100164d8                gic_cpu_enable
                0x10016538                gic_set_cpu_priority_mask
                0x1001656c                gic_read_irq_ack
                0x10016598                gic_write_end_of_irq
                0x100165c8                gic_init
                0x1001666c                gic_init_cpu
 .text          0x100166a8      0x460 /home/leon/git/swp-report/iMX6_Platform_SDK/output/mx6dq/lib/libsdk.a(mmu.o)
                0x100166a8                mmu_enable
                0x100166e0                mmu_disable
                0x10016714                mmu_init
                0x10016830                mmu_map_l1_range
                0x10016a48                mmu_virtual_to_physical
 .text          0x10016b08        0x0 /home/leon/git/swp-report/iMX6_Platform_SDK/output/mx6dq/lib/libsdk.a(startup.o)
 .text          0x10016b08        0x4 /home/leon/git/swp-report/iMX6_Platform_SDK/output/mx6dq/lib/libsdk.a(vectors.o)
                0x10016b08                exception_handler
 .text.vectors  0x10016b0c       0x48 /home/leon/git/swp-report/iMX6_Platform_SDK/output/mx6dq/lib/libsdk.a(vectors.o)
                0x10016b0c                vectors
 .text          0x10016b54      0x610 /home/leon/git/swp-report/iMX6_Platform_SDK/output/mx6dq/lib/libsdk.a(runtime_support.o)
                0x10016b54                _execve
                0x10016b90                _fork
                0x10016bb8                _isatty
                0x10016bdc                _open
                0x10016c08                _close
                0x10016c2c                _lseek
                0x10016c58                _fstat
                0x10016c8c                _read
                0x10016d5c                _write
                0x10016e48                _raw_puts
                0x10016ec8                _sbrk
                0x10016f78                _exit
                0x10016f98                _kill
                0x10016fd0                _getpid
                0x10016fe8                _link
                0x10017020                _unlink
                0x10017054                _stat
                0x10017088                _times
                0x100170ac                _gettimeofday
                0x10017130                _wait
 .text          0x10017164        0x0 /home/leon/git/swp-report/iMX6_Platform_SDK/output/mx6dq/lib/libsdk.a(sdk_version.o)
 .text          0x10017164      0x914 /home/leon/git/swp-report/iMX6_Platform_SDK/output/mx6dq/lib/libsdk.a(system_util.o)
                0x10017164                _sys_exit
                0x10017180                mybkpt
                0x10017188                is_input_char
                0x10017308                read_input_string
                0x100175f0                get_input_hex
                0x10017870                read_int
                0x100179d4                jump_to_sdp
 .text          0x10017a78       0xe0 /home/leon/git/swp-report/iMX6_Platform_SDK/output/mx6dq/lib/libsdk.a(text_color.o)
                0x10017a78                printf_color
                0x10017b14                get_color_supported
 .text          0x10017b58      0x7c4 /home/leon/git/swp-report/iMX6_Platform_SDK/output/mx6dq/lib/libsdk.a(board_id.o)
                0x10017b58                chip_name
                0x10017c70                chip_revision
                0x10017d48                board_name
                0x10017e4c                board_revision
                0x10017f14                board_description
                0x10018034                get_board_id
                0x10018110                show_board_id
 .text          0x1001831c      0x8e0 /home/leon/git/swp-report/iMX6_Platform_SDK/output/mx6dq/lib/libsdk.a(epit.o)
                0x1001831c                epit_reload_counter
                0x1001837c                epit_get_counter_value
                0x100183d8                epit_set_compare_event
                0x10018438                epit_get_compare_event
                0x10018530                epit_counter_disable
                0x100186f4                epit_counter_enable
                0x10018950                epit_setup_interrupt
                0x100189e0                epit_init
 .text          0x10018bfc      0x290 /home/leon/git/swp-report/iMX6_Platform_SDK/output/mx6dq/lib/libsdk.a(timer.o)
                0x10018bfc                hal_delay_us
                0x10018c6c                system_time_init
                0x10018dcc                time_get_microseconds
 .text          0x10018e8c     0x2820 /home/leon/git/swp-report/iMX6_Platform_SDK/output/mx6dq/lib/libsdk.a(imx_uart.o)
                0x10018e8c                uart_get_reffreq
                0x10018f88                uart_putchar
                0x100190d8                uart_getchar
                0x10019238                uart_set_FIFO_mode
                0x10019d64                uart_set_loopback_mode
                0x10019fb8                uart_setup_interrupt
                0x1001a084                uart_init
 .text          0x1001b6ac     0x11b8 /home/leon/git/swp-report/iMX6_Platform_SDK/output/mx6dq/lib/libsdk.a(usdhc.o)
                0x1001b8c4                set_card_access_mode
                0x1001b904                read_usdhc_adma_mode
                0x1001b924                read_usdhc_intr_mode
                0x1001b944                card_init
                0x1001baf4                card_emmc_init
                0x1001bb88                card_cmd_config
                0x1001bc9c                card_get_cid
                0x1001bd3c                card_enter_trans
                0x1001be18                card_trans_status
                0x1001bf14                card_get_port
                0x1001bffc                card_set_blklen
                0x1001c0e0                card_data_read
                0x1001c3cc                card_data_write
                0x1001c6cc                card_xfer_result
                0x1001c7c0                card_wait_xfer_done
 .text          0x1001c864     0x3484 /home/leon/git/swp-report/iMX6_Platform_SDK/output/mx6dq/lib/libsdk.a(usdhc_host.o)
                0x1001dc44                usdhc1_isr
                0x1001dc5c                usdhc2_isr
                0x1001dc74                usdhc3_isr
                0x1001dc8c                usdhc4_isr
                0x1001dca4                host_init
                0x1001dcd4                host_init_active
                0x1001dd7c                host_send_cmd
                0x1001e1a4                host_cfg_clock
                0x1001e940                host_set_bus_width
                0x1001e978                host_reset
                0x1001eaa8                host_read_response
                0x1001ec98                host_cfg_block
                0x1001ef14                host_clear_fifo
                0x1001f0c0                host_setup_adma
                0x1001f2e0                host_data_read
                0x1001f7e8                host_data_write
 .text          0x1001fce8      0xe04 /home/leon/git/swp-report/iMX6_Platform_SDK/output/mx6dq/lib/libsdk.a(usdhc_mmc.o)
                0x10020288                mmc_init
                0x1002032c                emmc_init
                0x10020458                emmc_print_cfg_info
                0x10020690                mmc_set_boot_bus_width
                0x10020758                mmc_set_boot_partition
                0x10020858                mmc_set_boot_ack
                0x100208dc                mmc_voltage_validation
 .text          0x10020aec      0x800 /home/leon/git/swp-report/iMX6_Platform_SDK/output/mx6dq/lib/libsdk.a(usdhc_sd.o)
                0x10020e80                sd_init
                0x10020f38                sd_voltage_validation
 .text          0x100212ec       0x98 /home/leon/git/swp-report/iMX6_Platform_SDK/output/mx6dq/lib/libsdk.a(arm_abort.o)
                0x100212ec                common_abort_handler
                0x1002134c                data_abort_handler
                0x10021364                prefetch_abort_handler
 .text          0x10021384      0x1bc /home/leon/git/swp-report/iMX6_Platform_SDK/output/mx6dq/lib/libsdk.a(interrupt.o)
                0x10021384                IRQ_HDLR
                0x1002144c                disable_interrupt
                0x10021488                enable_interrupt
                0x100214e0                register_interrupt_routine
                0x10021514                default_interrupt_routine
 .text          0x10021540      0xc78 /home/leon/git/swp-report/iMX6_Platform_SDK/output/mx6dq/lib/libsdk.a(menu.o)
                0x100219e8                menu_get_indent
                0x10021a04                menuitem_cmd_showmenu
                0x10021a28                menuitem_cmd_exitmenu
                0x10021a4c                menu_append_menuitems
                0x10021b6c                menu_present
                0x10022108                menu_print_menuitem
 .text          0x100221b8      0x4bc /home/leon/git/swp-report/iMX6_Platform_SDK/output/mx6dq/lib/libsdk.a(abort_handler.o)
                0x100221b8                dump_regs
 .text          0x10022674       0x20 /home/leon/git/swp-report/iMX6_Platform_SDK/output/mx6dq/lib/libboard_smart_device_rev_b.a(board_io_expanders.o)
                0x10022674                board_ioexpander_init
                0x10022684                board_ioexpander_iomux_config
 .text          0x10022694      0x154 /home/leon/git/swp-report/iMX6_Platform_SDK/output/mx6dq/lib/libboard_smart_device_rev_b.a(board_usdhc.o)
                0x10022694                usdhc_gpio_config
                0x100226d8                usdhc_card_detected
                0x10022760                usdhc_write_protected
 .text          0x100227e8        0x0 /home/leon/git/swp-report/iMX6_Platform_SDK/output/mx6dq/lib/libboard_smart_device_rev_b.a(hardware_modules.o)
 .text          0x100227e8        0x0 /home/leon/git/swp-report/iMX6_Platform_SDK/output/mx6dq/lib/libboard_smart_device_rev_b.a(dcd.o)
 .text          0x100227e8       0x90 /home/leon/git/swp-report/iMX6_Platform_SDK/output/mx6dq/lib/libboard_smart_device_rev_b.a(uart_iomux_config.o)
                0x100227e8                uart_iomux_config
 .text          0x10022878       0x84 /home/leon/git/swp-report/iMX6_Platform_SDK/output/mx6dq/lib/libboard_smart_device_rev_b.a(usdhc_iomux_config.o)
                0x10022878                usdhc_iomux_config
 .text          0x100228fc      0x304 /home/leon/git/swp-report/iMX6_Platform_SDK/output/mx6dq/lib/libboard_smart_device_rev_b.a(iomux_config.o)
                0x100228fc                iomux_config
                0x10022970                arm_iomux_config
                0x10022980                asrc_iomux_config
                0x10022990                dcic1_iomux_config
                0x100229a0                dcic2_iomux_config
                0x100229b0                ecspi2_iomux_config
                0x100229c0                ecspi3_iomux_config
                0x100229d0                ecspi4_iomux_config
                0x100229e0                ecspi5_iomux_config
                0x100229f0                eim_iomux_config
                0x10022a00                epit1_iomux_config
                0x10022a10                epit2_iomux_config
                0x10022a20                esai_iomux_config
                0x10022a30                flexcan2_iomux_config
                0x10022a40                gpmi_iomux_config
                0x10022a50                gpt_iomux_config
                0x10022a60                hdmi_iomux_config
                0x10022a70                ipu2_iomux_config
                0x10022a80                kpp_iomux_config
                0x10022a90                ldb_iomux_config
                0x10022aa0                mipi_csi_iomux_config
                0x10022ab0                mipi_dsi_iomux_config
                0x10022ac0                mipi_hsi_iomux_config
                0x10022ad0                mlb_iomux_config
                0x10022ae0                pcie_iomux_config
                0x10022af0                pmu_iomux_config
                0x10022b00                pwm2_iomux_config
                0x10022b10                pwm3_iomux_config
                0x10022b20                pwm4_iomux_config
                0x10022b30                sata_phy_iomux_config
                0x10022b40                sdma_iomux_config
                0x10022b50                snvs_iomux_config
                0x10022b60                spdif_iomux_config
                0x10022b70                src_iomux_config
                0x10022b80                uart2_iomux_config
                0x10022b90                uart3_iomux_config
                0x10022ba0                uart4_iomux_config
                0x10022bb0                uart5_iomux_config
                0x10022bc0                usdhc1_iomux_config
                0x10022bd0                wdog1_iomux_config
                0x10022be0                wdog2_iomux_config
                0x10022bf0                xtalosc_iomux_config
 .text          0x10022c00      0x424 /home/leon/git/swp-report/iMX6_Platform_SDK/output/mx6dq/lib/libboard_smart_device_rev_b.a(ipu1_iomux_config.o)
                0x10022c00                ipu1_iomux_config
 .text          0x10023024     0x2884 /home/leon/git/swp-report/iMX6_Platform_SDK/output/mx6dq/lib/libboard_smart_device_rev_b.a(mmdc_iomux_config.o)
                0x10023024                mmdc_iomux_config
 .text          0x100258a8       0x34 /home/leon/git/swp-report/iMX6_Platform_SDK/output/mx6dq/lib/libboard_smart_device_rev_b.a(pwm1_iomux_config.o)
                0x100258a8                pwm1_iomux_config
 .text          0x100258dc       0x70 /home/leon/git/swp-report/iMX6_Platform_SDK/output/mx6dq/lib/libboard_smart_device_rev_b.a(sjc_iomux_config.o)
                0x100258dc                sjc_iomux_config
 .text          0x1002594c       0x78 /home/leon/git/swp-report/iMX6_Platform_SDK/output/mx6dq/lib/libboard_smart_device_rev_b.a(uart1_iomux_config.o)
                0x1002594c                uart1_iomux_config
 .text          0x100259c4       0x78 /home/leon/git/swp-report/iMX6_Platform_SDK/output/mx6dq/lib/libboard_smart_device_rev_b.a(usb_iomux_config.o)
                0x100259c4                usb_iomux_config
 .text          0x10025a3c      0x178 /home/leon/git/swp-report/iMX6_Platform_SDK/output/mx6dq/lib/libboard_smart_device_rev_b.a(usdhc2_iomux_config.o)
                0x10025a3c                usdhc2_iomux_config
 .text          0x10025bb4      0x178 /home/leon/git/swp-report/iMX6_Platform_SDK/output/mx6dq/lib/libboard_smart_device_rev_b.a(usdhc3_iomux_config.o)
                0x10025bb4                usdhc3_iomux_config
 .text          0x10025d2c      0x178 /home/leon/git/swp-report/iMX6_Platform_SDK/output/mx6dq/lib/libboard_smart_device_rev_b.a(usdhc4_iomux_config.o)
                0x10025d2c                usdhc4_iomux_config
 .text          0x10025ea4       0xa0 /home/leon/git/swp-report/iMX6_Platform_SDK/output/mx6dq/lib/libboard_smart_device_rev_b.a(audmux_iomux_config.o)
                0x10025ea4                audmux_iomux_config
 .text          0x10025f44       0x34 /home/leon/git/swp-report/iMX6_Platform_SDK/output/mx6dq/lib/libboard_smart_device_rev_b.a(ccm_iomux_config.o)
                0x10025f44                ccm_iomux_config
 .text          0x10025f78       0xe0 /home/leon/git/swp-report/iMX6_Platform_SDK/output/mx6dq/lib/libboard_smart_device_rev_b.a(ecspi1_iomux_config.o)
                0x10025f78                ecspi1_iomux_config
 .text          0x10026058      0x424 /home/leon/git/swp-report/iMX6_Platform_SDK/output/mx6dq/lib/libboard_smart_device_rev_b.a(enet_iomux_config.o)
                0x10026058                enet_iomux_config
 .text          0x1002647c       0x68 /home/leon/git/swp-report/iMX6_Platform_SDK/output/mx6dq/lib/libboard_smart_device_rev_b.a(flexcan1_iomux_config.o)
                0x1002647c                flexcan1_iomux_config
 .text          0x100264e4      0x208 /home/leon/git/swp-report/iMX6_Platform_SDK/output/mx6dq/lib/libboard_smart_device_rev_b.a(gpio1_iomux_config.o)
                0x100264e4                gpio1_iomux_config
 .text          0x100266ec      0x164 /home/leon/git/swp-report/iMX6_Platform_SDK/output/mx6dq/lib/libboard_smart_device_rev_b.a(gpio2_iomux_config.o)
                0x100266ec                gpio2_iomux_config
 .text          0x10026850      0x210 /home/leon/git/swp-report/iMX6_Platform_SDK/output/mx6dq/lib/libboard_smart_device_rev_b.a(gpio3_iomux_config.o)
                0x10026850                gpio3_iomux_config
 .text          0x10026a60       0xc4 /home/leon/git/swp-report/iMX6_Platform_SDK/output/mx6dq/lib/libboard_smart_device_rev_b.a(gpio4_iomux_config.o)
                0x10026a60                gpio4_iomux_config
 .text          0x10026b24       0x74 /home/leon/git/swp-report/iMX6_Platform_SDK/output/mx6dq/lib/libboard_smart_device_rev_b.a(gpio5_iomux_config.o)
                0x10026b24                gpio5_iomux_config
 .text          0x10026b98      0x150 /home/leon/git/swp-report/iMX6_Platform_SDK/output/mx6dq/lib/libboard_smart_device_rev_b.a(gpio6_iomux_config.o)
                0x10026b98                gpio6_iomux_config
 .text          0x10026ce8       0x7c /home/leon/git/swp-report/iMX6_Platform_SDK/output/mx6dq/lib/libboard_smart_device_rev_b.a(gpio7_iomux_config.o)
                0x10026ce8                gpio7_iomux_config
 .text          0x10026d64       0xdc /home/leon/git/swp-report/iMX6_Platform_SDK/output/mx6dq/lib/libboard_smart_device_rev_b.a(gps_iomux_config.o)
                0x10026d64                gps_iomux_config
 .text          0x10026e40       0x78 /home/leon/git/swp-report/iMX6_Platform_SDK/output/mx6dq/lib/libboard_smart_device_rev_b.a(i2c1_iomux_config.o)
                0x10026e40                i2c1_iomux_config
 .text          0x10026eb8       0x78 /home/leon/git/swp-report/iMX6_Platform_SDK/output/mx6dq/lib/libboard_smart_device_rev_b.a(i2c2_iomux_config.o)
                0x10026eb8                i2c2_iomux_config
 .text          0x10026f30       0x78 /home/leon/git/swp-report/iMX6_Platform_SDK/output/mx6dq/lib/libboard_smart_device_rev_b.a(i2c3_iomux_config.o)
                0x10026f30                i2c3_iomux_config
 .text          0x10026fa8       0x14 /home/leon/riotboard/arm-2012.09/bin/../arm-none-eabi/lib//libc.a(lib_a-abort.o)
                0x10026fa8                abort
 .text          0x10026fbc       0x68 /home/leon/riotboard/arm-2012.09/bin/../arm-none-eabi/lib//libc.a(lib_a-assert.o)
                0x10026fbc                __assert_func
                0x10027014                __assert
 .text          0x10027024       0x20 /home/leon/riotboard/arm-2012.09/bin/../arm-none-eabi/lib//libc.a(lib_a-bzero.o)
                0x10027024                bzero
 .text          0x10027044       0x28 /home/leon/riotboard/arm-2012.09/bin/../arm-none-eabi/lib//libc.a(lib_a-calloc.o)
                0x10027044                calloc
 .text          0x1002706c       0x94 /home/leon/riotboard/arm-2012.09/bin/../arm-none-eabi/lib//libc.a(lib_a-callocr.o)
                0x1002706c                _calloc_r
 .text          0x10027100       0x70 /home/leon/riotboard/arm-2012.09/bin/../arm-none-eabi/lib//libc.a(lib_a-fiprintf.o)
                0x10027100                _fiprintf_r
                0x10027130                fiprintf
 .text          0x10027170       0x94 /home/leon/riotboard/arm-2012.09/bin/../arm-none-eabi/lib//libc.a(lib_a-fputc.o)
                0x10027170                _fputc_r
                0x100271b4                fputc
 .text          0x10027204        0x0 /home/leon/riotboard/arm-2012.09/bin/../arm-none-eabi/lib//libc.a(lib_a-impure.o)
 .text          0x10027204       0x88 /home/leon/riotboard/arm-2012.09/bin/../arm-none-eabi/lib//libc.a(lib_a-init.o)
                0x10027204                __libc_init_array
 .text          0x1002728c       0x40 /home/leon/riotboard/arm-2012.09/bin/../arm-none-eabi/lib//libc.a(lib_a-malloc.o)
                0x1002728c                malloc
                0x100272ac                free
 .text          0x100272cc      0x71c /home/leon/riotboard/arm-2012.09/bin/../arm-none-eabi/lib//libc.a(lib_a-mallocr.o)
                0x100272cc                _malloc_r
 .text          0x100279e8      0x11c /home/leon/riotboard/arm-2012.09/bin/../arm-none-eabi/lib//libc.a(lib_a-memchr.o)
                0x100279e8                memchr
 .text          0x10027b04      0x20c /home/leon/riotboard/arm-2012.09/bin/../arm-none-eabi/lib//libc.a(lib_a-memcpy.o)
                0x10027b04                memcpy
 .text          0x10027d10      0x134 /home/leon/riotboard/arm-2012.09/bin/../arm-none-eabi/lib//libc.a(lib_a-memset.o)
                0x10027d10                memset
 .text          0x10027e44        0x8 /home/leon/riotboard/arm-2012.09/bin/../arm-none-eabi/lib//libc.a(lib_a-mlock.o)
                0x10027e44                __malloc_lock
                0x10027e48                __malloc_unlock
 .text          0x10027e4c       0x74 /home/leon/riotboard/arm-2012.09/bin/../arm-none-eabi/lib//libc.a(lib_a-printf.o)
                0x10027e4c                _printf_r
                0x10027e80                printf
 .text          0x10027ec0      0x170 /home/leon/riotboard/arm-2012.09/bin/../arm-none-eabi/lib//libc.a(lib_a-putc.o)
                0x10027ec0                _putc_r
                0x10027f70                putc
 .text          0x10028030       0x28 /home/leon/riotboard/arm-2012.09/bin/../arm-none-eabi/lib//libc.a(lib_a-realloc.o)
                0x10028030                realloc
 .text          0x10028058      0x574 /home/leon/riotboard/arm-2012.09/bin/../arm-none-eabi/lib//libc.a(lib_a-reallocr.o)
                0x10028058                _realloc_r
 .text          0x100285cc      0x19c /home/leon/riotboard/arm-2012.09/bin/../arm-none-eabi/lib//libc.a(lib_a-reent.o)
                0x100285cc                cleanup_glue
                0x100285f8                _reclaim_reent
                0x100286f4                _wrapup_reent
 .text          0x10028768       0x6c /home/leon/riotboard/arm-2012.09/bin/../arm-none-eabi/lib//libc.a(lib_a-rget.o)
                0x10028768                __srget_r
                0x100287c0                __srget
 .text          0x100287d4       0x40 /home/leon/riotboard/arm-2012.09/bin/../arm-none-eabi/lib//libc.a(lib_a-sbrkr.o)
                0x100287d4                _sbrk_r
 .text          0x10028814      0x24c /home/leon/riotboard/arm-2012.09/bin/../arm-none-eabi/lib//libc.a(lib_a-signal.o)
                0x10028814                _init_signal_r
                0x10028874                _signal_r
                0x100288e0                _raise_r
                0x10028978                __sigtramp_r
                0x10028a0c                raise
                0x10028a20                signal
                0x10028a3c                _init_signal
                0x10028a4c                __sigtramp
 .text          0x10028a60       0x50 /home/leon/riotboard/arm-2012.09/bin/../arm-none-eabi/lib//libc.a(lib_a-signalr.o)
                0x10028a60                _kill_r
                0x10028aa0                _getpid_r
 .text          0x10028ab0       0xdc /home/leon/riotboard/arm-2012.09/bin/../arm-none-eabi/lib//libc.a(lib_a-sprintf.o)
                0x10028ab0                _sprintf_r
                0x10028b18                sprintf
 .text          0x10028b8c       0x60 /home/leon/riotboard/arm-2012.09/bin/../arm-none-eabi/lib//libc.a(lib_a-strlen.o)
                0x10028b8c                strlen
 .text          0x10028bec       0x78 /home/leon/riotboard/arm-2012.09/bin/../arm-none-eabi/lib//libc.a(lib_a-strncasecmp.o)
                0x10028bec                strncasecmp
 .text          0x10028c64     0x1f7c /home/leon/riotboard/arm-2012.09/bin/../arm-none-eabi/lib//libc.a(lib_a-svfprintf.o)
                0x10028c64                _svfprintf_r
 .text          0x1002abe0     0x12c4 /home/leon/riotboard/arm-2012.09/bin/../arm-none-eabi/lib//libc.a(lib_a-vfiprintf.o)
                0x1002abe0                __sprint_r
                0x1002ac9c                _vfiprintf_r
                0x1002be78                vfiprintf
 .text          0x1002bea4     0x2180 /home/leon/riotboard/arm-2012.09/bin/../arm-none-eabi/lib//libc.a(lib_a-vfprintf.o)
                0x1002bea4                _vfprintf_r
                0x1002dff8                vfprintf
 .text          0x1002e024       0x4c /home/leon/riotboard/arm-2012.09/bin/../arm-none-eabi/lib//libc.a(lib_a-vprintf.o)
                0x1002e024                vprintf
                0x1002e050                _vprintf_r
 .text          0x1002e070      0x14c /home/leon/riotboard/arm-2012.09/bin/../arm-none-eabi/lib//libc.a(lib_a-wbuf.o)
                0x1002e070                __swbuf_r
                0x1002e1a0                __swbuf
 .text          0x1002e1bc      0x138 /home/leon/riotboard/arm-2012.09/bin/../arm-none-eabi/lib//libc.a(lib_a-wsetup.o)
                0x1002e1bc                __swsetup_r
 .text          0x1002e2f4        0x0 /home/leon/riotboard/arm-2012.09/bin/../arm-none-eabi/lib//libc.a(lib_a-ctype_.o)
 *fill*         0x1002e2f4        0x4 
 .text          0x1002e2f8     0x18a8 /home/leon/riotboard/arm-2012.09/bin/../arm-none-eabi/lib//libc.a(lib_a-dtoa.o)
                0x1002e4d8                _dtoa_r
 .text          0x1002fba0      0x26c /home/leon/riotboard/arm-2012.09/bin/../arm-none-eabi/lib//libc.a(lib_a-fflush.o)
                0x1002fba0                _fflush_r
                0x1002fdcc                fflush
 .text          0x1002fe0c      0x2c4 /home/leon/riotboard/arm-2012.09/bin/../arm-none-eabi/lib//libc.a(lib_a-findfp.o)
                0x1002fe1c                _cleanup_r
                0x1002feb0                __sfmoreglue
                0x1002fef8                _cleanup
                0x1002ff08                __sinit
                0x1002ff80                __sfp
                0x10030078                __sfp_lock_acquire
                0x1003007c                __sfp_lock_release
                0x10030080                __sinit_lock_acquire
                0x10030084                __sinit_lock_release
                0x10030088                __fp_lock_all
                0x100300ac                __fp_unlock_all
 .text          0x100300d0      0x19c /home/leon/riotboard/arm-2012.09/bin/../arm-none-eabi/lib//libc.a(lib_a-fputwc.o)
                0x100300d0                _fputwc_r
                0x10030220                fputwc
 .text          0x1003026c      0x368 /home/leon/riotboard/arm-2012.09/bin/../arm-none-eabi/lib//libc.a(lib_a-freer.o)
                0x1003026c                _malloc_trim_r
                0x10030368                _free_r
 .text          0x100305d4      0x4c4 /home/leon/riotboard/arm-2012.09/bin/../arm-none-eabi/lib//libc.a(lib_a-fvwrite.o)
                0x100305d4                __sfvwrite_r
 .text          0x10030a98      0x114 /home/leon/riotboard/arm-2012.09/bin/../arm-none-eabi/lib//libc.a(lib_a-fwalk.o)
                0x10030a98                _fwalk
                0x10030b20                _fwalk_reent
 .text          0x10030bac       0xd0 /home/leon/riotboard/arm-2012.09/bin/../arm-none-eabi/lib//libc.a(lib_a-locale.o)
                0x10030bac                _setlocale_r
                0x10030c18                __locale_charset
                0x10030c24                __locale_mb_cur_max
                0x10030c34                __locale_msgcharset
                0x10030c40                __locale_cjk_lang
                0x10030c48                _localeconv_r
                0x10030c54                setlocale
                0x10030c70                localeconv
 .text          0x10030c7c      0x15c /home/leon/riotboard/arm-2012.09/bin/../arm-none-eabi/lib//libc.a(lib_a-makebuf.o)
                0x10030c7c                __smakebuf_r
 .text          0x10030dd8      0x134 /home/leon/riotboard/arm-2012.09/bin/../arm-none-eabi/lib//libc.a(lib_a-memmove.o)
                0x10030dd8                memmove
 .text          0x10030f0c      0xd20 /home/leon/riotboard/arm-2012.09/bin/../arm-none-eabi/lib//libc.a(lib_a-mprec.o)
                0x10030f0c                _Balloc
                0x10030f98                _Bfree
                0x10030fb4                __multadd
                0x10031090                __s2b
                0x10031180                __hi0bits
                0x100311d0                __lo0bits
                0x10031264                __i2b
                0x10031288                __multiply
                0x1003146c                __pow5mult
                0x10031560                __lshift
                0x10031664                __mcmp
                0x100316c8                __mdiff
                0x10031814                __ulp
                0x10031878                __b2d
                0x10031944                __d2b
                0x10031a4c                __ratio
                0x10031adc                _mprec_log10
                0x10031b30                __copybits
                0x10031ba4                __any_on
 .text          0x10031c2c      0x1cc /home/leon/riotboard/arm-2012.09/bin/../arm-none-eabi/lib//libc.a(lib_a-refill.o)
                0x10031c54                __srefill_r
 .text          0x10031df8       0x6c /home/leon/riotboard/arm-2012.09/bin/../arm-none-eabi/lib//libc.a(lib_a-s_fpclassify.o)
                0x10031df8                __fpclassifyd
 .text          0x10031e64       0xdc /home/leon/riotboard/arm-2012.09/bin/../arm-none-eabi/lib//libc.a(lib_a-stdio.o)
                0x10031e64                __sread
                0x10031e98                __seofread
                0x10031ea0                __swrite
                0x10031ef8                __sseek
                0x10031f2c                __sclose
 .text          0x10031f40      0x230 /home/leon/riotboard/arm-2012.09/bin/../arm-none-eabi/lib//libc.a(lib_a-strcmp.o)
                0x10031f40                strcmp
 .text          0x10032170     0x1224 /home/leon/riotboard/arm-2012.09/bin/../arm-none-eabi/lib//libc.a(lib_a-svfiprintf.o)
                0x10032170                __ssprint_r
                0x10032314                _svfiprintf_r
 .text          0x10033394      0x134 /home/leon/riotboard/arm-2012.09/bin/../arm-none-eabi/lib//libc.a(lib_a-wcrtomb.o)
                0x10033394                _wcrtomb_r
                0x10033424                wcrtomb
 .text          0x100334c8       0x7c /home/leon/riotboard/arm-2012.09/bin/../arm-none-eabi/lib//libc.a(lib_a-wctomb_r.o)
                0x100334c8                __ascii_wctomb
                0x100334f4                _wctomb_r
 .text          0x10033544       0x44 /home/leon/riotboard/arm-2012.09/bin/../arm-none-eabi/lib//libc.a(lib_a-writer.o)
                0x10033544                _write_r
 .text          0x10033588       0x3c /home/leon/riotboard/arm-2012.09/bin/../arm-none-eabi/lib//libc.a(lib_a-closer.o)
                0x10033588                _close_r
 .text          0x100335c4      0x10c /home/leon/riotboard/arm-2012.09/bin/../arm-none-eabi/lib//libc.a(lib_a-fclose.o)
                0x100335c4                _fclose_r
                0x100336bc                fclose
 .text          0x100336d0       0x40 /home/leon/riotboard/arm-2012.09/bin/../arm-none-eabi/lib//libc.a(lib_a-fstatr.o)
                0x100336d0                _fstat_r
 .text          0x10033710       0x3c /home/leon/riotboard/arm-2012.09/bin/../arm-none-eabi/lib//libc.a(lib_a-isattyr.o)
                0x10033710                _isatty_r
 .text          0x1003374c       0x44 /home/leon/riotboard/arm-2012.09/bin/../arm-none-eabi/lib//libc.a(lib_a-lseekr.o)
                0x1003374c                _lseek_r
 .text          0x10033790       0x44 /home/leon/riotboard/arm-2012.09/bin/../arm-none-eabi/lib//libc.a(lib_a-readr.o)
                0x10033790                _read_r
 .text          0x100337d4      0x114 /home/leon/riotboard/arm-2012.09/bin/../lib/gcc/arm-none-eabi/4.7.2//libgcc.a(_udivsi3.o)
                0x100337d4                __udivsi3
                0x100337d4                __aeabi_uidiv
                0x100338c8                __aeabi_uidivmod
 .text          0x100338e8      0x148 /home/leon/riotboard/arm-2012.09/bin/../lib/gcc/arm-none-eabi/4.7.2//libgcc.a(_divsi3.o)
                0x100338e8                __aeabi_idiv
                0x100338e8                __divsi3
                0x10033a10                __aeabi_idivmod
 .text          0x10033a30        0x4 /home/leon/riotboard/arm-2012.09/bin/../lib/gcc/arm-none-eabi/4.7.2//libgcc.a(_dvmd_tls.o)
                0x10033a30                __aeabi_ldiv0
                0x10033a30                __aeabi_idiv0
 .text          0x10033a34      0x41c /home/leon/riotboard/arm-2012.09/bin/../lib/gcc/arm-none-eabi/4.7.2//libgcc.a(_arm_addsubdf3.o)
                0x10033a34                __aeabi_drsub
                0x10033a3c                __aeabi_dsub
                0x10033a3c                __subdf3
                0x10033a40                __adddf3
                0x10033a40                __aeabi_dadd
                0x10033d50                __aeabi_ui2d
                0x10033d50                __floatunsidf
                0x10033d74                __floatsidf
                0x10033d74                __aeabi_i2d
                0x10033d9c                __extendsfdf2
                0x10033d9c                __aeabi_f2d
                0x10033ddc                __aeabi_ul2d
                0x10033ddc                __floatundidf
                0x10033df0                __floatdidf
                0x10033df0                __aeabi_l2d
 .text          0x10033e50      0x49c /home/leon/riotboard/arm-2012.09/bin/../lib/gcc/arm-none-eabi/4.7.2//libgcc.a(_arm_muldivdf3.o)
                0x10033e50                __aeabi_dmul
                0x10033e50                __muldf3
                0x100340e0                __aeabi_ddiv
                0x100340e0                __divdf3
 .text          0x100342ec      0x144 /home/leon/riotboard/arm-2012.09/bin/../lib/gcc/arm-none-eabi/4.7.2//libgcc.a(_arm_cmpdf2.o)
                0x100342ec                __gtdf2
                0x100342ec                __gedf2
                0x100342f4                __ltdf2
                0x100342f4                __ledf2
                0x100342fc                __cmpdf2
                0x100342fc                __eqdf2
                0x100342fc                __nedf2
                0x10034384                __aeabi_cdrcmple
                0x100343a0                __aeabi_cdcmple
                0x100343a0                __aeabi_cdcmpeq
                0x100343b8                __aeabi_dcmpeq
                0x100343d0                __aeabi_dcmplt
                0x100343e8                __aeabi_dcmple
                0x10034400                __aeabi_dcmpge
                0x10034418                __aeabi_dcmpgt
 .text          0x10034430       0x5c /home/leon/riotboard/arm-2012.09/bin/../lib/gcc/arm-none-eabi/4.7.2//libgcc.a(_arm_fixdfsi.o)
                0x10034430                __fixdfsi
                0x10034430                __aeabi_d2iz
 .text          0x1003448c       0x3c /home/leon/riotboard/arm-2012.09/bin/../lib/gcc/arm-none-eabi/4.7.2//libgcc.a(_aeabi_uldivmod.o)
                0x1003448c                __aeabi_uldivmod
 .text          0x100344c8       0x84 /home/leon/riotboard/arm-2012.09/bin/../lib/gcc/arm-none-eabi/4.7.2//libgcc.a(bpabi.o)
                0x100344c8                __gnu_ldivmod_helper
                0x1003450c                __gnu_uldivmod_helper
 .text          0x1003454c      0x4f0 /home/leon/riotboard/arm-2012.09/bin/../lib/gcc/arm-none-eabi/4.7.2//libgcc.a(_divdi3.o)
                0x1003454c                __divdi3
 .text          0x10034a3c      0x488 /home/leon/riotboard/arm-2012.09/bin/../lib/gcc/arm-none-eabi/4.7.2//libgcc.a(_udivdi3.o)
                0x10034a3c                __udivdi3
 .text          0x10034ec4       0x48 /home/leon/riotboard/arm-2012.09/bin/../lib/gcc/arm-none-eabi/4.7.2//libgcc.a(_clzsi2.o)
                0x10034ec4                __clzsi2
 .text          0x10034f0c     0x1308 /home/leon/git/swp-report/iMX6_Platform_SDK/output/mx6dq/lib/libsdk.a(gpio.o)
                0x10034f3c                gpio_get_port_count
                0x10034f54                gpio_set_gpio
                0x10035018                gpio_set_direction
                0x10035274                gpio_get_direction
                0x100353bc                gpio_set_level
                0x100356fc                gpio_get_level
                0x1003585c                gpio_set_interrupt_config
                0x10035c60                gpio_set_interrupt_mask
                0x10035ea4                gpio_get_interrupt_status
                0x10036000                gpio_clear_interrupt
 .text          0x10036214        0x0 /home/leon/git/swp-report/iMX6_Platform_SDK/output/mx6dq/lib/libsdk.a(imx6dq_gpio_map.o)
 *(.glue_7t)
 .glue_7t       0x00000000        0x0 linker stubs
 *(.glue_7)
 .glue_7        0x00000000        0x0 linker stubs
 *(.vfp11_veneer)
 .vfp11_veneer  0x00000000        0x0 linker stubs
 *(.ARM.extab* .gnu.linkonce.armextab.*)
 .ARM.extab.startup
                0x10036214        0x0 /home/leon/git/swp-report/iMX6_Platform_SDK/output/mx6dq/lib/libsdk.a(startup.o)
 .ARM.extab     0x10036214        0x0 /home/leon/riotboard/arm-2012.09/bin/../lib/gcc/arm-none-eabi/4.7.2//libgcc.a(_divdi3.o)
 .ARM.extab     0x10036214        0x0 /home/leon/riotboard/arm-2012.09/bin/../lib/gcc/arm-none-eabi/4.7.2//libgcc.a(_udivdi3.o)
 *(.gcc_except_table)

.v4_bx          0x10036214        0x0
 .v4_bx         0x00000000        0x0 linker stubs

.iplt           0x10036214        0x0
 .iplt          0x00000000        0x0 /home/leon/riotboard/arm-2012.09/bin/../lib/gcc/arm-none-eabi/4.7.2//crtbegin.o

.ctors
 *crtbegin.o(.ctors)
 *crtbegin?.o(.ctors)
 *(EXCLUDE_FILE(*crtend?.o *crtend.o) .ctors)
 *(SORT(.ctors.*))
 *(.ctors)

.dtors
 *crtbegin.o(.dtors)
 *crtbegin?.o(.dtors)
 *(EXCLUDE_FILE(*crtend?.o *crtend.o) .dtors)
 *(SORT(.dtors.*))
 *(.dtors)

.rodata         0x10036218     0x1e30
 *(.rodata .rodata.* .gnu.linkonce.r.*)
 .rodata        0x10036218       0x9c /home/leon/git/swp-report/iMX6_Platform_SDK/output/mx6dq/filesystem/smart_device_rev_b/obj/apps/common/print_clock_info.o
 .rodata        0x100362b4      0x100 /home/leon/git/swp-report/iMX6_Platform_SDK/output/mx6dq/filesystem/smart_device_rev_b/obj/apps/common/print_version.o
 .rodata        0x100363b4      0x284 /home/leon/git/swp-report/iMX6_Platform_SDK/output/mx6dq/filesystem/smart_device_rev_b/obj/apps/filesystem/src/fs_test.o
 .rodata        0x10036638       0x34 /home/leon/git/swp-report/iMX6_Platform_SDK/output/mx6dq/lib/libsdk.a(base.o)
 .rodata        0x1003666c      0x270 /home/leon/git/swp-report/iMX6_Platform_SDK/output/mx6dq/lib/libsdk.a(cache_wrappers.o)
 .rodata        0x100368dc       0x58 /home/leon/git/swp-report/iMX6_Platform_SDK/output/mx6dq/lib/libsdk.a(fatapi.o)
 .rodata        0x10036934       0x10 /home/leon/git/swp-report/iMX6_Platform_SDK/output/mx6dq/lib/libsdk.a(fs_fat_memory.o)
                0x10036934                maxcaches
                0x10036938                maxdevices
                0x1003693c                maxhandles
                0x10036940                DriveLetter
 .rodata        0x10036944       0x40 /home/leon/git/swp-report/iMX6_Platform_SDK/output/mx6dq/lib/libsdk.a(fs_steering.o)
                0x10036944                pRedirectFclose
                0x10036950                pRedirectFwrite
                0x1003695c                pRedirectFseek
                0x10036968                pRedirectFread
 .rodata        0x10036984       0x14 /home/leon/git/swp-report/iMX6_Platform_SDK/output/mx6dq/lib/libsdk.a(fsunicode.o)
                0x10036984                Long_NameRes_Ch
                0x10036990                Short_NameRes_Ch
 .rodata        0x10036998      0x10c /home/leon/git/swp-report/iMX6_Platform_SDK/output/mx6dq/lib/libsdk.a(handle.o)
 .rodata        0x10036aa4       0x34 /home/leon/git/swp-report/iMX6_Platform_SDK/output/mx6dq/lib/libsdk.a(ccm_pll.o)
                0x10036aa4                PLL1_OUTPUT
                0x10036aa8                PLL2_OUTPUT
                0x10036abc                PLL3_OUTPUT
                0x10036ad0                PLL4_OUTPUT
                0x10036ad4                PLL5_OUTPUT
 .rodata        0x10036ad8       0x64 /home/leon/git/swp-report/iMX6_Platform_SDK/output/mx6dq/lib/libsdk.a(gic.o)
 .rodata        0x10036b3c       0x20 /home/leon/git/swp-report/iMX6_Platform_SDK/output/mx6dq/lib/libsdk.a(runtime_support.o)
 .rodata        0x10036b5c       0x50 /home/leon/git/swp-report/iMX6_Platform_SDK/output/mx6dq/lib/libsdk.a(sdk_version.o)
                0x10036b5c                k_sdk_version
                0x10036b60                k_sdk_copyright
 .rodata        0x10036bac       0xcc /home/leon/git/swp-report/iMX6_Platform_SDK/output/mx6dq/lib/libsdk.a(system_util.o)
 .rodata        0x10036c78       0xf4 /home/leon/git/swp-report/iMX6_Platform_SDK/output/mx6dq/lib/libsdk.a(text_color.o)
                0x10036c80                g_TextAttributeDefault
                0x10036c8c                g_TextAttributeBold
                0x10036c98                g_TextAttributeDim
                0x10036ca4                g_TextAttributeUnderline
                0x10036cb0                g_TextAttributeBlink
                0x10036cbc                g_TextAttributeReverse
                0x10036cc8                g_TextAttributeHidden
                0x10036cd4                g_TextColorBlack
                0x10036ce0                g_TextColorRed
                0x10036cec                g_TextColorGreen
                0x10036cf8                g_TextColorYellow
                0x10036d04                g_TextColorBlue
                0x10036d10                g_TextColorMagenta
                0x10036d1c                g_TextColorCyan
                0x10036d28                g_TextColorWhite
                0x10036d38                g_TextColorOrange
                0x10036d48                g_TextColorLightBlue
                0x10036d58                g_TextColorGray
                0x10036d68                g_TextColorPurple
 .rodata        0x10036d6c      0x1f8 /home/leon/git/swp-report/iMX6_Platform_SDK/output/mx6dq/lib/libsdk.a(board_id.o)
 .rodata        0x10036f64      0x1cc /home/leon/git/swp-report/iMX6_Platform_SDK/output/mx6dq/lib/libsdk.a(usdhc.o)
 .rodata        0x10037130       0x1c /home/leon/git/swp-report/iMX6_Platform_SDK/output/mx6dq/lib/libsdk.a(usdhc_host.o)
 .rodata        0x1003714c      0x20c /home/leon/git/swp-report/iMX6_Platform_SDK/output/mx6dq/lib/libsdk.a(usdhc_mmc.o)
 .rodata        0x10037358       0x58 /home/leon/git/swp-report/iMX6_Platform_SDK/output/mx6dq/lib/libsdk.a(usdhc_sd.o)
                0x10037358                sd_ocr_value
                0x10037364                sd_if_cmd_arg
 .rodata        0x100373b0       0x20 /home/leon/git/swp-report/iMX6_Platform_SDK/output/mx6dq/lib/libsdk.a(interrupt.o)
 .rodata        0x100373d0      0x154 /home/leon/git/swp-report/iMX6_Platform_SDK/output/mx6dq/lib/libsdk.a(menu.o)
 .rodata        0x10037524      0x230 /home/leon/git/swp-report/iMX6_Platform_SDK/output/mx6dq/lib/libsdk.a(abort_handler.o)
 .rodata        0x10037754       0x84 /home/leon/git/swp-report/iMX6_Platform_SDK/output/mx6dq/lib/libboard_smart_device_rev_b.a(uart_iomux_config.o)
 .rodata        0x100377d8       0x84 /home/leon/git/swp-report/iMX6_Platform_SDK/output/mx6dq/lib/libboard_smart_device_rev_b.a(usdhc_iomux_config.o)
 .rodata.str1.4
                0x1003785c       0x3f /home/leon/riotboard/arm-2012.09/bin/../arm-none-eabi/lib//libc.a(lib_a-assert.o)
                                 0x44 (size before relaxing)
 *fill*         0x1003789b        0x1 
 .rodata        0x1003789c        0x4 /home/leon/riotboard/arm-2012.09/bin/../arm-none-eabi/lib//libc.a(lib_a-impure.o)
                0x1003789c                _global_impure_ptr
 .rodata.str1.4
                0x100378a0        0x2 /home/leon/riotboard/arm-2012.09/bin/../arm-none-eabi/lib//libc.a(lib_a-impure.o)
                                  0x4 (size before relaxing)
 *fill*         0x100378a2        0x2 
 .rodata        0x100378a4       0x20 /home/leon/riotboard/arm-2012.09/bin/../arm-none-eabi/lib//libc.a(lib_a-svfprintf.o)
 .rodata.str1.4
                0x100378c4       0x42 /home/leon/riotboard/arm-2012.09/bin/../arm-none-eabi/lib//libc.a(lib_a-svfprintf.o)
                                 0x44 (size before relaxing)
 *fill*         0x10037906        0x2 
 .rodata        0x10037908       0x20 /home/leon/riotboard/arm-2012.09/bin/../arm-none-eabi/lib//libc.a(lib_a-vfiprintf.o)
 .rodata.str1.4
                0x00000000       0x30 /home/leon/riotboard/arm-2012.09/bin/../arm-none-eabi/lib//libc.a(lib_a-vfiprintf.o)
 .rodata        0x10037928       0x20 /home/leon/riotboard/arm-2012.09/bin/../arm-none-eabi/lib//libc.a(lib_a-vfprintf.o)
 .rodata.str1.4
                0x00000000       0x44 /home/leon/riotboard/arm-2012.09/bin/../arm-none-eabi/lib//libc.a(lib_a-vfprintf.o)
 .rodata        0x10037948      0x104 /home/leon/riotboard/arm-2012.09/bin/../arm-none-eabi/lib//libc.a(lib_a-ctype_.o)
                0x10037948                _ctype_
 .rodata.str1.4
                0x10037a4c       0x10 /home/leon/riotboard/arm-2012.09/bin/../arm-none-eabi/lib//libc.a(lib_a-dtoa.o)
                                 0x14 (size before relaxing)
 .rodata.str1.4
                0x10037a5c        0xc /home/leon/riotboard/arm-2012.09/bin/../arm-none-eabi/lib//libc.a(lib_a-locale.o)
                                 0x14 (size before relaxing)
 .rodata        0x10037a68      0x128 /home/leon/riotboard/arm-2012.09/bin/../arm-none-eabi/lib//libc.a(lib_a-mprec.o)
                0x10037a78                __mprec_tens
                0x10037b40                __mprec_tinytens
                0x10037b68                __mprec_bigtens
 .rodata        0x10037b90       0x20 /home/leon/riotboard/arm-2012.09/bin/../arm-none-eabi/lib//libc.a(lib_a-svfiprintf.o)
 .rodata.str1.4
                0x00000000       0x30 /home/leon/riotboard/arm-2012.09/bin/../arm-none-eabi/lib//libc.a(lib_a-svfiprintf.o)
 .rodata        0x10037bb0       0xe0 /home/leon/git/swp-report/iMX6_Platform_SDK/output/mx6dq/lib/libsdk.a(gpio.o)
 .rodata        0x10037c90      0x380 /home/leon/git/swp-report/iMX6_Platform_SDK/output/mx6dq/lib/libsdk.a(imx6dq_gpio_map.o)
                0x10037c90                k_gpio_mux_registers
                0x10038010                . = ALIGN (0x4)
 *(.init)
 .init          0x10038010        0xc /home/leon/riotboard/arm-2012.09/bin/../lib/gcc/arm-none-eabi/4.7.2//crti.o
                0x10038010                _init
 .init          0x1003801c        0xc /home/leon/riotboard/arm-2012.09/bin/../lib/gcc/arm-none-eabi/4.7.2//crtn.o
                0x10038028                . = ALIGN (0x4)
                0x10038028                __init_array_start = .
 *(SORT(.init_array.*))
 *(.init_array)
 .init_array    0x10038028        0x4 /home/leon/riotboard/arm-2012.09/bin/../lib/gcc/arm-none-eabi/4.7.2//crtbegin.o
                0x1003802c                __init_array_end = .
                0x1003802c                . = ALIGN (0x4)
 *(.fini)
 .fini          0x1003802c        0xc /home/leon/riotboard/arm-2012.09/bin/../lib/gcc/arm-none-eabi/4.7.2//crti.o
                0x1003802c                _fini
 .fini          0x10038038        0xc /home/leon/riotboard/arm-2012.09/bin/../lib/gcc/arm-none-eabi/4.7.2//crtn.o
                0x10038044                . = ALIGN (0x4)
                0x10038044                __fini_array_start = .
 *(.fini_array)
 .fini_array    0x10038044        0x4 /home/leon/riotboard/arm-2012.09/bin/../lib/gcc/arm-none-eabi/4.7.2//crtbegin.o
 *(SORT(.fini_array.*))
                0x10038048                __fini_array_end = .
                0x10038048                PROVIDE (__exidx_start, .)

.eh_frame       0x10038048        0x4
 .eh_frame      0x10038048        0x0 /home/leon/riotboard/arm-2012.09/bin/../lib/gcc/arm-none-eabi/4.7.2//crtbegin.o
 .eh_frame      0x10038048        0x4 /home/leon/riotboard/arm-2012.09/bin/../lib/gcc/arm-none-eabi/4.7.2//crtend.o

.ARM.exidx      0x1003804c        0x8
 *(.ARM.exidx* .gnu.linkonce.armexidx.*)
 .ARM.exidx.startup
                0x1003804c        0x8 /home/leon/git/swp-report/iMX6_Platform_SDK/output/mx6dq/lib/libsdk.a(startup.o)
 .ARM.exidx     0x10038054        0x0 /home/leon/riotboard/arm-2012.09/bin/../lib/gcc/arm-none-eabi/4.7.2//libgcc.a(_divdi3.o)
                                  0x8 (size before relaxing)
 .ARM.exidx     0x10038054        0x0 /home/leon/riotboard/arm-2012.09/bin/../lib/gcc/arm-none-eabi/4.7.2//libgcc.a(_udivdi3.o)
                                  0x8 (size before relaxing)
                0x10038054                PROVIDE (__exidx_end, .)

.rel.dyn        0x10038054        0x0
 .rel.iplt      0x00000000        0x0 /home/leon/riotboard/arm-2012.09/bin/../lib/gcc/arm-none-eabi/4.7.2//crtbegin.o

.data           0x10038058      0xa6c
 *(.data .data.* .gnu.linkonce.d.*)
 .data          0x10038058        0x4 /home/leon/riotboard/arm-2012.09/bin/../lib/gcc/arm-none-eabi/4.7.2//crtbegin.o
                0x10038058                __dso_handle
 .data          0x1003805c        0x0 /home/leon/riotboard/arm-2012.09/bin/../lib/gcc/arm-none-eabi/4.7.2//crti.o
 .data          0x1003805c        0x0 /home/leon/riotboard/arm-2012.09/bin/../lib/gcc/arm-none-eabi/4.7.2//crtend.o
 .data          0x1003805c        0x0 /home/leon/riotboard/arm-2012.09/bin/../lib/gcc/arm-none-eabi/4.7.2//crtn.o
 .data          0x1003805c        0x0 /home/leon/git/swp-report/iMX6_Platform_SDK/output/mx6dq/filesystem/smart_device_rev_b/obj/apps/common/ivt.o
 .data          0x1003805c        0x0 /home/leon/git/swp-report/iMX6_Platform_SDK/output/mx6dq/filesystem/smart_device_rev_b/obj/apps/common/platform_init.o
 .data          0x1003805c        0x0 /home/leon/git/swp-report/iMX6_Platform_SDK/output/mx6dq/filesystem/smart_device_rev_b/obj/apps/common/print_clock_info.o
 .data          0x1003805c        0x0 /home/leon/git/swp-report/iMX6_Platform_SDK/output/mx6dq/filesystem/smart_device_rev_b/obj/apps/common/print_version.o
 .data          0x1003805c      0x128 /home/leon/git/swp-report/iMX6_Platform_SDK/output/mx6dq/filesystem/smart_device_rev_b/obj/apps/filesystem/src/fs_test.o
                0x1003805c                test_mode
                0x1003806c                status_tag
                0x10038074                rw_test_data
                0x10038164                readfile
                0x10038170                writefile
                0x10038180                epit_instance
 .data          0x10038184        0x0 /home/leon/git/swp-report/iMX6_Platform_SDK/output/mx6dq/lib/libsdk.a(base.o)
 .data          0x10038184        0x8 /home/leon/git/swp-report/iMX6_Platform_SDK/output/mx6dq/lib/libsdk.a(cache_wrappers.o)
                0x10038184                g_usdhc_instance
                0x10038188                cache_line
 .data          0x1003818c        0x0 /home/leon/git/swp-report/iMX6_Platform_SDK/output/mx6dq/lib/libsdk.a(chdir.o)
 .data          0x1003818c        0x0 /home/leon/git/swp-report/iMX6_Platform_SDK/output/mx6dq/lib/libsdk.a(directories.o)
 .data          0x1003818c        0x0 /home/leon/git/swp-report/iMX6_Platform_SDK/output/mx6dq/lib/libsdk.a(fatapi.o)
 .data          0x1003818c        0x0 /home/leon/git/swp-report/iMX6_Platform_SDK/output/mx6dq/lib/libsdk.a(findnextsector.o)
 .data          0x1003818c        0x0 /home/leon/git/swp-report/iMX6_Platform_SDK/output/mx6dq/lib/libsdk.a(fopen.o)
 .data          0x1003818c        0x0 /home/leon/git/swp-report/iMX6_Platform_SDK/output/mx6dq/lib/libsdk.a(fs_fat_memory.o)
 .data          0x1003818c        0x0 /home/leon/git/swp-report/iMX6_Platform_SDK/output/mx6dq/lib/libsdk.a(fs_steering.o)
 .data          0x1003818c        0x0 /home/leon/git/swp-report/iMX6_Platform_SDK/output/mx6dq/lib/libsdk.a(fsinit.o)
 .data          0x1003818c        0x0 /home/leon/git/swp-report/iMX6_Platform_SDK/output/mx6dq/lib/libsdk.a(fsunicode.o)
 .data          0x1003818c        0x0 /home/leon/git/swp-report/iMX6_Platform_SDK/output/mx6dq/lib/libsdk.a(handle.o)
 .data          0x1003818c        0x0 /home/leon/git/swp-report/iMX6_Platform_SDK/output/mx6dq/lib/libsdk.a(longfilename.o)
 .data          0x1003818c        0x0 /home/leon/git/swp-report/iMX6_Platform_SDK/output/mx6dq/lib/libsdk.a(readdevicerecord.o)
 .data          0x1003818c        0x0 /home/leon/git/swp-report/iMX6_Platform_SDK/output/mx6dq/lib/libsdk.a(reentrant_section.o)
 .data          0x1003818c        0x0 /home/leon/git/swp-report/iMX6_Platform_SDK/output/mx6dq/lib/libsdk.a(standardapi.o)
 .data          0x1003818c        0x0 /home/leon/git/swp-report/iMX6_Platform_SDK/output/mx6dq/lib/libsdk.a(string_utilities.o)
 .data          0x1003818c        0x0 /home/leon/git/swp-report/iMX6_Platform_SDK/output/mx6dq/lib/libsdk.a(armv7_cache.o)
 .data          0x1003818c        0x0 /home/leon/git/swp-report/iMX6_Platform_SDK/output/mx6dq/lib/libsdk.a(ccm_pll.o)
 .data          0x1003818c        0x0 /home/leon/git/swp-report/iMX6_Platform_SDK/output/mx6dq/lib/libsdk.a(cortexA9.o)
 .data          0x1003818c        0x0 /home/leon/git/swp-report/iMX6_Platform_SDK/output/mx6dq/lib/libsdk.a(gic.o)
 .data          0x1003818c        0x0 /home/leon/git/swp-report/iMX6_Platform_SDK/output/mx6dq/lib/libsdk.a(mmu.o)
 .data          0x1003818c        0x0 /home/leon/git/swp-report/iMX6_Platform_SDK/output/mx6dq/lib/libsdk.a(startup.o)
 .data          0x1003818c        0x0 /home/leon/git/swp-report/iMX6_Platform_SDK/output/mx6dq/lib/libsdk.a(vectors.o)
 .data          0x1003818c        0x4 /home/leon/git/swp-report/iMX6_Platform_SDK/output/mx6dq/lib/libsdk.a(runtime_support.o)
                0x1003818c                environ
 .data          0x10038190        0x0 /home/leon/git/swp-report/iMX6_Platform_SDK/output/mx6dq/lib/libsdk.a(sdk_version.o)
 .data          0x10038190        0x0 /home/leon/git/swp-report/iMX6_Platform_SDK/output/mx6dq/lib/libsdk.a(system_util.o)
 .data          0x10038190        0x4 /home/leon/git/swp-report/iMX6_Platform_SDK/output/mx6dq/lib/libsdk.a(text_color.o)
                0x10038190                is_color_supported
 .data          0x10038194        0x0 /home/leon/git/swp-report/iMX6_Platform_SDK/output/mx6dq/lib/libsdk.a(board_id.o)
 .data          0x10038194        0x0 /home/leon/git/swp-report/iMX6_Platform_SDK/output/mx6dq/lib/libsdk.a(epit.o)
 .data          0x10038194        0x0 /home/leon/git/swp-report/iMX6_Platform_SDK/output/mx6dq/lib/libsdk.a(timer.o)
 .data          0x10038194        0x0 /home/leon/git/swp-report/iMX6_Platform_SDK/output/mx6dq/lib/libsdk.a(imx_uart.o)
 .data          0x10038194       0x58 /home/leon/git/swp-report/iMX6_Platform_SDK/output/mx6dq/lib/libsdk.a(usdhc.o)
                0x10038194                usdhc_device
                0x100381e4                card_detect_test_en
                0x100381e8                write_protect_test_en
 .data          0x100381ec        0x0 /home/leon/git/swp-report/iMX6_Platform_SDK/output/mx6dq/lib/libsdk.a(usdhc_host.o)
 .data          0x100381ec        0x4 /home/leon/git/swp-report/iMX6_Platform_SDK/output/mx6dq/lib/libsdk.a(usdhc_mmc.o)
 .data          0x100381f0        0x0 /home/leon/git/swp-report/iMX6_Platform_SDK/output/mx6dq/lib/libsdk.a(usdhc_sd.o)
 .data          0x100381f0        0x4 /home/leon/git/swp-report/iMX6_Platform_SDK/output/mx6dq/lib/libsdk.a(arm_abort.o)
 .data          0x100381f4        0x0 /home/leon/git/swp-report/iMX6_Platform_SDK/output/mx6dq/lib/libsdk.a(interrupt.o)
 .data          0x100381f4        0x4 /home/leon/git/swp-report/iMX6_Platform_SDK/output/mx6dq/lib/libsdk.a(menu.o)
 .data          0x100381f8        0x0 /home/leon/git/swp-report/iMX6_Platform_SDK/output/mx6dq/lib/libsdk.a(abort_handler.o)
 .data          0x100381f8        0x0 /home/leon/git/swp-report/iMX6_Platform_SDK/output/mx6dq/lib/libboard_smart_device_rev_b.a(board_io_expanders.o)
 .data          0x100381f8        0x0 /home/leon/git/swp-report/iMX6_Platform_SDK/output/mx6dq/lib/libboard_smart_device_rev_b.a(board_usdhc.o)
 .data          0x100381f8        0x8 /home/leon/git/swp-report/iMX6_Platform_SDK/output/mx6dq/lib/libboard_smart_device_rev_b.a(hardware_modules.o)
                0x100381f8                g_debug_uart_port
                0x100381fc                g_system_timer_port
 .data          0x10038200        0x0 /home/leon/git/swp-report/iMX6_Platform_SDK/output/mx6dq/lib/libboard_smart_device_rev_b.a(dcd.o)
 .data          0x10038200        0x0 /home/leon/git/swp-report/iMX6_Platform_SDK/output/mx6dq/lib/libboard_smart_device_rev_b.a(uart_iomux_config.o)
 .data          0x10038200        0x0 /home/leon/git/swp-report/iMX6_Platform_SDK/output/mx6dq/lib/libboard_smart_device_rev_b.a(usdhc_iomux_config.o)
 .data          0x10038200        0x0 /home/leon/git/swp-report/iMX6_Platform_SDK/output/mx6dq/lib/libboard_smart_device_rev_b.a(iomux_config.o)
 .data          0x10038200        0x0 /home/leon/git/swp-report/iMX6_Platform_SDK/output/mx6dq/lib/libboard_smart_device_rev_b.a(ipu1_iomux_config.o)
 .data          0x10038200        0x0 /home/leon/git/swp-report/iMX6_Platform_SDK/output/mx6dq/lib/libboard_smart_device_rev_b.a(mmdc_iomux_config.o)
 .data          0x10038200        0x0 /home/leon/git/swp-report/iMX6_Platform_SDK/output/mx6dq/lib/libboard_smart_device_rev_b.a(pwm1_iomux_config.o)
 .data          0x10038200        0x0 /home/leon/git/swp-report/iMX6_Platform_SDK/output/mx6dq/lib/libboard_smart_device_rev_b.a(sjc_iomux_config.o)
 .data          0x10038200        0x0 /home/leon/git/swp-report/iMX6_Platform_SDK/output/mx6dq/lib/libboard_smart_device_rev_b.a(uart1_iomux_config.o)
 .data          0x10038200        0x0 /home/leon/git/swp-report/iMX6_Platform_SDK/output/mx6dq/lib/libboard_smart_device_rev_b.a(usb_iomux_config.o)
 .data          0x10038200        0x0 /home/leon/git/swp-report/iMX6_Platform_SDK/output/mx6dq/lib/libboard_smart_device_rev_b.a(usdhc2_iomux_config.o)
 .data          0x10038200        0x0 /home/leon/git/swp-report/iMX6_Platform_SDK/output/mx6dq/lib/libboard_smart_device_rev_b.a(usdhc3_iomux_config.o)
 .data          0x10038200        0x0 /home/leon/git/swp-report/iMX6_Platform_SDK/output/mx6dq/lib/libboard_smart_device_rev_b.a(usdhc4_iomux_config.o)
 .data          0x10038200        0x0 /home/leon/git/swp-report/iMX6_Platform_SDK/output/mx6dq/lib/libboard_smart_device_rev_b.a(audmux_iomux_config.o)
 .data          0x10038200        0x0 /home/leon/git/swp-report/iMX6_Platform_SDK/output/mx6dq/lib/libboard_smart_device_rev_b.a(ccm_iomux_config.o)
 .data          0x10038200        0x0 /home/leon/git/swp-report/iMX6_Platform_SDK/output/mx6dq/lib/libboard_smart_device_rev_b.a(ecspi1_iomux_config.o)
 .data          0x10038200        0x0 /home/leon/git/swp-report/iMX6_Platform_SDK/output/mx6dq/lib/libboard_smart_device_rev_b.a(enet_iomux_config.o)
 .data          0x10038200        0x0 /home/leon/git/swp-report/iMX6_Platform_SDK/output/mx6dq/lib/libboard_smart_device_rev_b.a(flexcan1_iomux_config.o)
 .data          0x10038200        0x0 /home/leon/git/swp-report/iMX6_Platform_SDK/output/mx6dq/lib/libboard_smart_device_rev_b.a(gpio1_iomux_config.o)
 .data          0x10038200        0x0 /home/leon/git/swp-report/iMX6_Platform_SDK/output/mx6dq/lib/libboard_smart_device_rev_b.a(gpio2_iomux_config.o)
 .data          0x10038200        0x0 /home/leon/git/swp-report/iMX6_Platform_SDK/output/mx6dq/lib/libboard_smart_device_rev_b.a(gpio3_iomux_config.o)
 .data          0x10038200        0x0 /home/leon/git/swp-report/iMX6_Platform_SDK/output/mx6dq/lib/libboard_smart_device_rev_b.a(gpio4_iomux_config.o)
 .data          0x10038200        0x0 /home/leon/git/swp-report/iMX6_Platform_SDK/output/mx6dq/lib/libboard_smart_device_rev_b.a(gpio5_iomux_config.o)
 .data          0x10038200        0x0 /home/leon/git/swp-report/iMX6_Platform_SDK/output/mx6dq/lib/libboard_smart_device_rev_b.a(gpio6_iomux_config.o)
 .data          0x10038200        0x0 /home/leon/git/swp-report/iMX6_Platform_SDK/output/mx6dq/lib/libboard_smart_device_rev_b.a(gpio7_iomux_config.o)
 .data          0x10038200        0x0 /home/leon/git/swp-report/iMX6_Platform_SDK/output/mx6dq/lib/libboard_smart_device_rev_b.a(gps_iomux_config.o)
 .data          0x10038200        0x0 /home/leon/git/swp-report/iMX6_Platform_SDK/output/mx6dq/lib/libboard_smart_device_rev_b.a(i2c1_iomux_config.o)
 .data          0x10038200        0x0 /home/leon/git/swp-report/iMX6_Platform_SDK/output/mx6dq/lib/libboard_smart_device_rev_b.a(i2c2_iomux_config.o)
 .data          0x10038200        0x0 /home/leon/git/swp-report/iMX6_Platform_SDK/output/mx6dq/lib/libboard_smart_device_rev_b.a(i2c3_iomux_config.o)
 .data          0x10038200        0x0 /home/leon/riotboard/arm-2012.09/bin/../arm-none-eabi/lib//libc.a(lib_a-abort.o)
 .data          0x10038200        0x0 /home/leon/riotboard/arm-2012.09/bin/../arm-none-eabi/lib//libc.a(lib_a-assert.o)
 .data          0x10038200        0x0 /home/leon/riotboard/arm-2012.09/bin/../arm-none-eabi/lib//libc.a(lib_a-bzero.o)
 .data          0x10038200        0x0 /home/leon/riotboard/arm-2012.09/bin/../arm-none-eabi/lib//libc.a(lib_a-calloc.o)
 .data          0x10038200        0x0 /home/leon/riotboard/arm-2012.09/bin/../arm-none-eabi/lib//libc.a(lib_a-callocr.o)
 .data          0x10038200        0x0 /home/leon/riotboard/arm-2012.09/bin/../arm-none-eabi/lib//libc.a(lib_a-fiprintf.o)
 .data          0x10038200        0x0 /home/leon/riotboard/arm-2012.09/bin/../arm-none-eabi/lib//libc.a(lib_a-fputc.o)
 .data          0x10038200      0x430 /home/leon/riotboard/arm-2012.09/bin/../arm-none-eabi/lib//libc.a(lib_a-impure.o)
                0x10038200                _impure_ptr
 .data          0x10038630        0x0 /home/leon/riotboard/arm-2012.09/bin/../arm-none-eabi/lib//libc.a(lib_a-init.o)
 .data          0x10038630        0x0 /home/leon/riotboard/arm-2012.09/bin/../arm-none-eabi/lib//libc.a(lib_a-malloc.o)
 .data          0x10038630      0x410 /home/leon/riotboard/arm-2012.09/bin/../arm-none-eabi/lib//libc.a(lib_a-mallocr.o)
                0x10038630                __malloc_av_
                0x10038a38                __malloc_sbrk_base
                0x10038a3c                __malloc_trim_threshold
 .data          0x10038a40        0x0 /home/leon/riotboard/arm-2012.09/bin/../arm-none-eabi/lib//libc.a(lib_a-memchr.o)
 .data          0x10038a40        0x0 /home/leon/riotboard/arm-2012.09/bin/../arm-none-eabi/lib//libc.a(lib_a-memcpy.o)
 .data          0x10038a40        0x0 /home/leon/riotboard/arm-2012.09/bin/../arm-none-eabi/lib//libc.a(lib_a-memset.o)
 .data          0x10038a40        0x0 /home/leon/riotboard/arm-2012.09/bin/../arm-none-eabi/lib//libc.a(lib_a-mlock.o)
 .data          0x10038a40        0x0 /home/leon/riotboard/arm-2012.09/bin/../arm-none-eabi/lib//libc.a(lib_a-printf.o)
 .data          0x10038a40        0x0 /home/leon/riotboard/arm-2012.09/bin/../arm-none-eabi/lib//libc.a(lib_a-putc.o)
 .data          0x10038a40        0x0 /home/leon/riotboard/arm-2012.09/bin/../arm-none-eabi/lib//libc.a(lib_a-realloc.o)
 .data          0x10038a40        0x0 /home/leon/riotboard/arm-2012.09/bin/../arm-none-eabi/lib//libc.a(lib_a-reallocr.o)
 .data          0x10038a40        0x0 /home/leon/riotboard/arm-2012.09/bin/../arm-none-eabi/lib//libc.a(lib_a-reent.o)
 .data          0x10038a40        0x0 /home/leon/riotboard/arm-2012.09/bin/../arm-none-eabi/lib//libc.a(lib_a-rget.o)
 .data          0x10038a40        0x0 /home/leon/riotboard/arm-2012.09/bin/../arm-none-eabi/lib//libc.a(lib_a-sbrkr.o)
 .data          0x10038a40        0x0 /home/leon/riotboard/arm-2012.09/bin/../arm-none-eabi/lib//libc.a(lib_a-signal.o)
 .data          0x10038a40        0x0 /home/leon/riotboard/arm-2012.09/bin/../arm-none-eabi/lib//libc.a(lib_a-signalr.o)
 .data          0x10038a40        0x0 /home/leon/riotboard/arm-2012.09/bin/../arm-none-eabi/lib//libc.a(lib_a-sprintf.o)
 .data          0x10038a40        0x0 /home/leon/riotboard/arm-2012.09/bin/../arm-none-eabi/lib//libc.a(lib_a-strlen.o)
 .data          0x10038a40        0x0 /home/leon/riotboard/arm-2012.09/bin/../arm-none-eabi/lib//libc.a(lib_a-strncasecmp.o)
 .data          0x10038a40        0x0 /home/leon/riotboard/arm-2012.09/bin/../arm-none-eabi/lib//libc.a(lib_a-svfprintf.o)
 .data          0x10038a40        0x0 /home/leon/riotboard/arm-2012.09/bin/../arm-none-eabi/lib//libc.a(lib_a-vfiprintf.o)
 .data          0x10038a40        0x0 /home/leon/riotboard/arm-2012.09/bin/../arm-none-eabi/lib//libc.a(lib_a-vfprintf.o)
 .data          0x10038a40        0x0 /home/leon/riotboard/arm-2012.09/bin/../arm-none-eabi/lib//libc.a(lib_a-vprintf.o)
 .data          0x10038a40        0x0 /home/leon/riotboard/arm-2012.09/bin/../arm-none-eabi/lib//libc.a(lib_a-wbuf.o)
 .data          0x10038a40        0x0 /home/leon/riotboard/arm-2012.09/bin/../arm-none-eabi/lib//libc.a(lib_a-wsetup.o)
 .data          0x10038a40        0x4 /home/leon/riotboard/arm-2012.09/bin/../arm-none-eabi/lib//libc.a(lib_a-ctype_.o)
                0x10038a40                __ctype_ptr__
 .data          0x10038a44        0x0 /home/leon/riotboard/arm-2012.09/bin/../arm-none-eabi/lib//libc.a(lib_a-dtoa.o)
 .data          0x10038a44        0x0 /home/leon/riotboard/arm-2012.09/bin/../arm-none-eabi/lib//libc.a(lib_a-fflush.o)
 .data          0x10038a44        0x0 /home/leon/riotboard/arm-2012.09/bin/../arm-none-eabi/lib//libc.a(lib_a-findfp.o)
 .data          0x10038a44        0x0 /home/leon/riotboard/arm-2012.09/bin/../arm-none-eabi/lib//libc.a(lib_a-fputwc.o)
 .data          0x10038a44        0x0 /home/leon/riotboard/arm-2012.09/bin/../arm-none-eabi/lib//libc.a(lib_a-freer.o)
 .data          0x10038a44        0x0 /home/leon/riotboard/arm-2012.09/bin/../arm-none-eabi/lib//libc.a(lib_a-fvwrite.o)
 .data          0x10038a44        0x0 /home/leon/riotboard/arm-2012.09/bin/../arm-none-eabi/lib//libc.a(lib_a-fwalk.o)
 .data          0x10038a44       0x7c /home/leon/riotboard/arm-2012.09/bin/../arm-none-eabi/lib//libc.a(lib_a-locale.o)
                0x10038a64                __mb_cur_max
 .data          0x10038ac0        0x0 /home/leon/riotboard/arm-2012.09/bin/../arm-none-eabi/lib//libc.a(lib_a-makebuf.o)
 .data          0x10038ac0        0x0 /home/leon/riotboard/arm-2012.09/bin/../arm-none-eabi/lib//libc.a(lib_a-memmove.o)
 .data          0x10038ac0        0x0 /home/leon/riotboard/arm-2012.09/bin/../arm-none-eabi/lib//libc.a(lib_a-mprec.o)
 .data          0x10038ac0        0x0 /home/leon/riotboard/arm-2012.09/bin/../arm-none-eabi/lib//libc.a(lib_a-refill.o)
 .data          0x10038ac0        0x0 /home/leon/riotboard/arm-2012.09/bin/../arm-none-eabi/lib//libc.a(lib_a-s_fpclassify.o)
 .data          0x10038ac0        0x0 /home/leon/riotboard/arm-2012.09/bin/../arm-none-eabi/lib//libc.a(lib_a-stdio.o)
 .data          0x10038ac0        0x0 /home/leon/riotboard/arm-2012.09/bin/../arm-none-eabi/lib//libc.a(lib_a-strcmp.o)
 .data          0x10038ac0        0x0 /home/leon/riotboard/arm-2012.09/bin/../arm-none-eabi/lib//libc.a(lib_a-svfiprintf.o)
 .data          0x10038ac0        0x0 /home/leon/riotboard/arm-2012.09/bin/../arm-none-eabi/lib//libc.a(lib_a-wcrtomb.o)
 .data          0x10038ac0        0x4 /home/leon/riotboard/arm-2012.09/bin/../arm-none-eabi/lib//libc.a(lib_a-wctomb_r.o)
                0x10038ac0                __wctomb
 .data          0x10038ac4        0x0 /home/leon/riotboard/arm-2012.09/bin/../arm-none-eabi/lib//libc.a(lib_a-writer.o)
 .data          0x10038ac4        0x0 /home/leon/riotboard/arm-2012.09/bin/../arm-none-eabi/lib//libc.a(lib_a-closer.o)
 .data          0x10038ac4        0x0 /home/leon/riotboard/arm-2012.09/bin/../arm-none-eabi/lib//libc.a(lib_a-fclose.o)
 .data          0x10038ac4        0x0 /home/leon/riotboard/arm-2012.09/bin/../arm-none-eabi/lib//libc.a(lib_a-fstatr.o)
 .data          0x10038ac4        0x0 /home/leon/riotboard/arm-2012.09/bin/../arm-none-eabi/lib//libc.a(lib_a-isattyr.o)
 .data          0x10038ac4        0x0 /home/leon/riotboard/arm-2012.09/bin/../arm-none-eabi/lib//libc.a(lib_a-lseekr.o)
 .data          0x10038ac4        0x0 /home/leon/riotboard/arm-2012.09/bin/../arm-none-eabi/lib//libc.a(lib_a-readr.o)
 .data          0x10038ac4        0x0 /home/leon/riotboard/arm-2012.09/bin/../lib/gcc/arm-none-eabi/4.7.2//libgcc.a(_udivsi3.o)
 .data          0x10038ac4        0x0 /home/leon/riotboard/arm-2012.09/bin/../lib/gcc/arm-none-eabi/4.7.2//libgcc.a(_divsi3.o)
 .data          0x10038ac4        0x0 /home/leon/riotboard/arm-2012.09/bin/../lib/gcc/arm-none-eabi/4.7.2//libgcc.a(_dvmd_tls.o)
 .data          0x10038ac4        0x0 /home/leon/riotboard/arm-2012.09/bin/../lib/gcc/arm-none-eabi/4.7.2//libgcc.a(_arm_addsubdf3.o)
 .data          0x10038ac4        0x0 /home/leon/riotboard/arm-2012.09/bin/../lib/gcc/arm-none-eabi/4.7.2//libgcc.a(_arm_muldivdf3.o)
 .data          0x10038ac4        0x0 /home/leon/riotboard/arm-2012.09/bin/../lib/gcc/arm-none-eabi/4.7.2//libgcc.a(_arm_cmpdf2.o)
 .data          0x10038ac4        0x0 /home/leon/riotboard/arm-2012.09/bin/../lib/gcc/arm-none-eabi/4.7.2//libgcc.a(_arm_fixdfsi.o)
 .data          0x10038ac4        0x0 /home/leon/riotboard/arm-2012.09/bin/../lib/gcc/arm-none-eabi/4.7.2//libgcc.a(_aeabi_uldivmod.o)
 .data          0x10038ac4        0x0 /home/leon/riotboard/arm-2012.09/bin/../lib/gcc/arm-none-eabi/4.7.2//libgcc.a(bpabi.o)
 .data          0x10038ac4        0x0 /home/leon/riotboard/arm-2012.09/bin/../lib/gcc/arm-none-eabi/4.7.2//libgcc.a(_divdi3.o)
 .data          0x10038ac4        0x0 /home/leon/riotboard/arm-2012.09/bin/../lib/gcc/arm-none-eabi/4.7.2//libgcc.a(_udivdi3.o)
 .data          0x10038ac4        0x0 /home/leon/riotboard/arm-2012.09/bin/../lib/gcc/arm-none-eabi/4.7.2//libgcc.a(_clzsi2.o)
 .data          0x10038ac4        0x0 /home/leon/git/swp-report/iMX6_Platform_SDK/output/mx6dq/lib/libsdk.a(gpio.o)
 .data          0x10038ac4        0x0 /home/leon/git/swp-report/iMX6_Platform_SDK/output/mx6dq/lib/libsdk.a(imx6dq_gpio_map.o)

.jcr            0x10038ac4        0x4
 .jcr           0x10038ac4        0x0 /home/leon/riotboard/arm-2012.09/bin/../lib/gcc/arm-none-eabi/4.7.2//crtbegin.o
 .jcr           0x10038ac4        0x4 /home/leon/riotboard/arm-2012.09/bin/../lib/gcc/arm-none-eabi/4.7.2//crtend.o

.tm_clone_table
                0x10038ac8        0x0
 .tm_clone_table
                0x10038ac8        0x0 /home/leon/riotboard/arm-2012.09/bin/../lib/gcc/arm-none-eabi/4.7.2//crtbegin.o
 .tm_clone_table
                0x10038ac8        0x0 /home/leon/riotboard/arm-2012.09/bin/../lib/gcc/arm-none-eabi/4.7.2//crtend.o

.igot.plt       0x10038ac8        0x0
 .igot.plt      0x00000000        0x0 /home/leon/riotboard/arm-2012.09/bin/../lib/gcc/arm-none-eabi/4.7.2//crtbegin.o

.hab.data       0x10400000     0x2000
                0x10400000                __hab_data = .
                0x10402000                . = (. + 0x2000)
 *fill*         0x10400000     0x2000 
                0x10402000                . = ALIGN (0x20)
                0x10402000                __hab_data_end = .
                0x00402000                _image_size = (. - _start_image_add)

.bss            0x10402000     0x14bc
                0x10402000                __bss_start__ = .
 *(.shbss)
 *(.bss .bss.* .gnu.linkonce.b.*)
 .bss           0x10402000       0x1c /home/leon/riotboard/arm-2012.09/bin/../lib/gcc/arm-none-eabi/4.7.2//crtbegin.o
 .bss           0x1040201c        0x0 /home/leon/riotboard/arm-2012.09/bin/../lib/gcc/arm-none-eabi/4.7.2//crti.o
 .bss           0x1040201c        0x0 /home/leon/riotboard/arm-2012.09/bin/../lib/gcc/arm-none-eabi/4.7.2//crtend.o
 .bss           0x1040201c        0x0 /home/leon/riotboard/arm-2012.09/bin/../lib/gcc/arm-none-eabi/4.7.2//crtn.o
 .bss           0x1040201c        0x0 /home/leon/git/swp-report/iMX6_Platform_SDK/output/mx6dq/filesystem/smart_device_rev_b/obj/apps/common/ivt.o
 .bss           0x1040201c        0x0 /home/leon/git/swp-report/iMX6_Platform_SDK/output/mx6dq/filesystem/smart_device_rev_b/obj/apps/common/platform_init.o
 .bss           0x1040201c        0x0 /home/leon/git/swp-report/iMX6_Platform_SDK/output/mx6dq/filesystem/smart_device_rev_b/obj/apps/common/print_clock_info.o
 .bss           0x1040201c        0x0 /home/leon/git/swp-report/iMX6_Platform_SDK/output/mx6dq/filesystem/smart_device_rev_b/obj/apps/common/print_version.o
 .bss           0x1040201c       0x14 /home/leon/git/swp-report/iMX6_Platform_SDK/output/mx6dq/filesystem/smart_device_rev_b/obj/apps/filesystem/src/fs_test.o
                0x1040201c                dataSize
                0x1040202c                epit_freq
 .bss           0x10402030        0x0 /home/leon/git/swp-report/iMX6_Platform_SDK/output/mx6dq/lib/libsdk.a(base.o)
 .bss           0x10402030        0x8 /home/leon/git/swp-report/iMX6_Platform_SDK/output/mx6dq/lib/libsdk.a(cache_wrappers.o)
                0x10402034                g_u32MbrStartSector
 .bss           0x10402038        0x0 /home/leon/git/swp-report/iMX6_Platform_SDK/output/mx6dq/lib/libsdk.a(chdir.o)
 .bss           0x10402038        0x0 /home/leon/git/swp-report/iMX6_Platform_SDK/output/mx6dq/lib/libsdk.a(directories.o)
 .bss           0x10402038        0x0 /home/leon/git/swp-report/iMX6_Platform_SDK/output/mx6dq/lib/libsdk.a(fatapi.o)
 .bss           0x10402038        0x0 /home/leon/git/swp-report/iMX6_Platform_SDK/output/mx6dq/lib/libsdk.a(findnextsector.o)
 .bss           0x10402038        0x4 /home/leon/git/swp-report/iMX6_Platform_SDK/output/mx6dq/lib/libsdk.a(fopen.o)
                0x10402038                totalFileOpened
 .bss           0x1040203c      0xef0 /home/leon/git/swp-report/iMX6_Platform_SDK/output/mx6dq/lib/libsdk.a(fs_fat_memory.o)
                0x1040203c                bufy
 .bss           0x10402f2c        0x0 /home/leon/git/swp-report/iMX6_Platform_SDK/output/mx6dq/lib/libsdk.a(fs_steering.o)
 .bss           0x10402f2c       0x10 /home/leon/git/swp-report/iMX6_Platform_SDK/output/mx6dq/lib/libsdk.a(fsinit.o)
                0x10402f2c                g_FSinitErrorCode