Archive member included because of file (symbol)

/home/leon/git/swp-report/iMX6_Platform_SDK/output/mx6sdl/lib/libsdk.a(ccm_pll.o)
                              /home/leon/git/swp-report/iMX6_Platform_SDK/output/mx6sdl/sdk_unit_test/smart_device_rev_a/obj/apps/common/platform_init.o (ccm_init)
/home/leon/git/swp-report/iMX6_Platform_SDK/output/mx6sdl/lib/libsdk.a(cortexA9.o)
                              /home/leon/git/swp-report/iMX6_Platform_SDK/output/mx6sdl/sdk_unit_test/smart_device_rev_a/obj/apps/common/platform_init.o (arm_set_interrupt_state)
/home/leon/git/swp-report/iMX6_Platform_SDK/output/mx6sdl/lib/libsdk.a(gic.o)
                              /home/leon/git/swp-report/iMX6_Platform_SDK/output/mx6sdl/sdk_unit_test/smart_device_rev_a/obj/apps/common/platform_init.o (gic_init)
/home/leon/git/swp-report/iMX6_Platform_SDK/output/mx6sdl/lib/libsdk.a(mmu.o)
                              /home/leon/git/swp-report/iMX6_Platform_SDK/output/mx6sdl/sdk_unit_test/smart_device_rev_a/obj/apps/common/platform_init.o (mmu_init)
/home/leon/git/swp-report/iMX6_Platform_SDK/output/mx6sdl/lib/libsdk.a(startup.o)
                              (_start)
/home/leon/git/swp-report/iMX6_Platform_SDK/output/mx6sdl/lib/libsdk.a(vectors.o)
                              /home/leon/git/swp-report/iMX6_Platform_SDK/output/mx6sdl/lib/libsdk.a(startup.o) (vectors)
/home/leon/git/swp-report/iMX6_Platform_SDK/output/mx6sdl/lib/libsdk.a(menu.o)
                              /home/leon/git/swp-report/iMX6_Platform_SDK/output/mx6sdl/sdk_unit_test/smart_device_rev_a/obj/apps/sdk_unit_test/src/all_test.o (menuitem_cmd_exitmenu)
/home/leon/git/swp-report/iMX6_Platform_SDK/output/mx6sdl/lib/libsdk.a(sdk_version.o)
                              /home/leon/git/swp-report/iMX6_Platform_SDK/output/mx6sdl/sdk_unit_test/smart_device_rev_a/obj/apps/common/print_version.o (k_sdk_version)
/home/leon/git/swp-report/iMX6_Platform_SDK/output/mx6sdl/lib/libsdk.a(system_util.o)
                              /home/leon/git/swp-report/iMX6_Platform_SDK/output/mx6sdl/lib/libsdk.a(startup.o) (_sys_exit)
/home/leon/git/swp-report/iMX6_Platform_SDK/output/mx6sdl/lib/libsdk.a(text_color.o)
                              /home/leon/git/swp-report/iMX6_Platform_SDK/output/mx6sdl/lib/libsdk.a(menu.o) (g_TextAttributeDefault)
/home/leon/git/swp-report/iMX6_Platform_SDK/output/mx6sdl/lib/libsdk.a(board_id.o)
                              /home/leon/git/swp-report/iMX6_Platform_SDK/output/mx6sdl/sdk_unit_test/smart_device_rev_a/obj/apps/common/print_version.o (chip_name)
/home/leon/git/swp-report/iMX6_Platform_SDK/output/mx6sdl/lib/libsdk.a(timer.o)
                              /home/leon/git/swp-report/iMX6_Platform_SDK/output/mx6sdl/sdk_unit_test/smart_device_rev_a/obj/apps/common/platform_init.o (system_time_init)
/home/leon/git/swp-report/iMX6_Platform_SDK/output/mx6sdl/lib/libsdk.a(imx_uart.o)
                              /home/leon/git/swp-report/iMX6_Platform_SDK/output/mx6sdl/sdk_unit_test/smart_device_rev_a/obj/apps/common/platform_init.o (uart_getchar)
/home/leon/git/swp-report/iMX6_Platform_SDK/output/mx6sdl/lib/libsdk.a(arm_abort.o)
                              /home/leon/git/swp-report/iMX6_Platform_SDK/output/mx6sdl/lib/libsdk.a(vectors.o) (data_abort_handler)
/home/leon/git/swp-report/iMX6_Platform_SDK/output/mx6sdl/lib/libsdk.a(interrupt.o)
                              /home/leon/git/swp-report/iMX6_Platform_SDK/output/mx6sdl/lib/libsdk.a(vectors.o) (IRQ_HDLR)
/home/leon/git/swp-report/iMX6_Platform_SDK/output/mx6sdl/lib/libsdk.a(epit.o)
                              /home/leon/git/swp-report/iMX6_Platform_SDK/output/mx6sdl/lib/libsdk.a(timer.o) (epit_get_compare_event)
/home/leon/git/swp-report/iMX6_Platform_SDK/output/mx6sdl/lib/libsdk.a(abort_handler.o)
                              /home/leon/git/swp-report/iMX6_Platform_SDK/output/mx6sdl/lib/libsdk.a(arm_abort.o) (dump_regs)
/home/leon/git/swp-report/iMX6_Platform_SDK/output/mx6sdl/lib/libboard_smart_device_rev_a.a(board_io_expanders.o)
                              /home/leon/git/swp-report/iMX6_Platform_SDK/output/mx6sdl/sdk_unit_test/smart_device_rev_a/obj/apps/common/platform_init.o (board_ioexpander_init)
/home/leon/git/swp-report/iMX6_Platform_SDK/output/mx6sdl/lib/libboard_smart_device_rev_a.a(hardware_modules.o)
                              /home/leon/git/swp-report/iMX6_Platform_SDK/output/mx6sdl/sdk_unit_test/smart_device_rev_a/obj/apps/common/platform_init.o (g_debug_uart_port)
/home/leon/git/swp-report/iMX6_Platform_SDK/output/mx6sdl/lib/libboard_smart_device_rev_a.a(dcd.o)
                              /home/leon/git/swp-report/iMX6_Platform_SDK/output/mx6sdl/sdk_unit_test/smart_device_rev_a/obj/apps/common/ivt.o (input_dcd_hdr)
/home/leon/git/swp-report/iMX6_Platform_SDK/output/mx6sdl/lib/libboard_smart_device_rev_a.a(uart_iomux_config.o)
                              /home/leon/git/swp-report/iMX6_Platform_SDK/output/mx6sdl/lib/libsdk.a(imx_uart.o) (uart_iomux_config)
[...]
Memory Configuration

Name             Origin             Length             Attributes
OCRAM            0x00900000         0x00020000         xrw
DDR              0x10000000         0x40000000         xrw
*default*        0x00000000         0xffffffff

Linker script and memory map

LOAD /home/leon/riotboard/arm-2012.09/bin/../lib/gcc/arm-none-eabi/4.7.2//crtbegin.o
LOAD /home/leon/riotboard/arm-2012.09/bin/../lib/gcc/arm-none-eabi/4.7.2//crti.o
LOAD /home/leon/riotboard/arm-2012.09/bin/../lib/gcc/arm-none-eabi/4.7.2//crtend.o
LOAD /home/leon/riotboard/arm-2012.09/bin/../lib/gcc/arm-none-eabi/4.7.2//crtn.o

.l1_page_table  0x00900000     0x4000
                0x00900000                __l1_page_table_start = .
                0x00904000                . = (. + 0x4000)
 *fill*         0x00900000     0x4000 

.heap.ocram     0x00904000    0x1bfb8
                0x00904000                __heap_ocram_start = .
                0x0091ffb8                . = (. + 0x1bfb8)
 *fill*         0x00904000    0x1bfb8 
                0x0091ffb8                __heap_ocram_end = .

.ram_vectors    0x0091ffb8       0x48
                0x0091ffb8                __ram_vectors_start = .
                0x00920000                . = (. + 0x48)
 *fill*         0x0091ffb8       0x48 
                0x00920000                __ram_vectors_end = .
                0x10000000                _start_image_add = ORIGIN (DDR)

.ivt            0x10000000      0x420
                0x10000400                . = (. + 0x400)
 *fill*         0x10000000      0x400 
 *(.ivt)
 .ivt           0x10000400       0x20 /home/leon/git/swp-report/iMX6_Platform_SDK/output/mx6sdl/sdk_unit_test/smart_device_rev_a/obj/apps/common/ivt.o
                0x10000400                input_ivt

.boot_data      0x10000420        0xc
                0x10000420                __start_boot_data = .
 *(.boot_data)
 .boot_data     0x10000420        0xc /home/leon/git/swp-report/iMX6_Platform_SDK/output/mx6sdl/sdk_unit_test/smart_device_rev_a/obj/apps/common/ivt.o
                0x10000420                bd

.dcd_hdr        0x10000430        0x4
                0x10000430                __start_dcd = .
 *(.dcd_hdr)
 .dcd_hdr       0x10000430        0x4 /home/leon/git/swp-report/iMX6_Platform_SDK/output/mx6sdl/lib/libboard_smart_device_rev_a.a(dcd.o)
                0x10000430                input_dcd_hdr

.dcd_wrt_cmd    0x10000434        0x4
 *(.dcd_wrt_cmd)
 .dcd_wrt_cmd   0x10000434        0x4 /home/leon/git/swp-report/iMX6_Platform_SDK/output/mx6sdl/lib/libboard_smart_device_rev_a.a(dcd.o)
                0x10000434                input_dcd_wrt_cmd

.dcd_data       0x10000438      0x298
 *(.dcd_data)
 .dcd_data      0x10000438      0x298 /home/leon/git/swp-report/iMX6_Platform_SDK/output/mx6sdl/lib/libboard_smart_device_rev_a.a(dcd.o)
                0x10000438                input_dcd

.text           0x100006d0    0x64f28
 CREATE_OBJECT_SYMBOLS
 *(.startup)
 .startup       0x100006d0      0x138 /home/leon/git/swp-report/iMX6_Platform_SDK/output/mx6sdl/lib/libsdk.a(startup.o)
                0x100006d0                _start
 *(.text .text.* .gnu.linkonce.t.*)
 .text          0x10000808      0x128 /home/leon/riotboard/arm-2012.09/bin/../lib/gcc/arm-none-eabi/4.7.2//crtbegin.o
 .text          0x10000930        0x0 /home/leon/riotboard/arm-2012.09/bin/../lib/gcc/arm-none-eabi/4.7.2//crti.o
 .text          0x10000930        0x0 /home/leon/riotboard/arm-2012.09/bin/../lib/gcc/arm-none-eabi/4.7.2//crtend.o
 .text          0x10000930        0x0 /home/leon/riotboard/arm-2012.09/bin/../lib/gcc/arm-none-eabi/4.7.2//crtn.o
 .text          0x10000930        0x0 /home/leon/git/swp-report/iMX6_Platform_SDK/output/mx6sdl/sdk_unit_test/smart_device_rev_a/obj/apps/common/ivt.o
 .text          0x10000930       0xbc /home/leon/git/swp-report/iMX6_Platform_SDK/output/mx6sdl/sdk_unit_test/smart_device_rev_a/obj/apps/common/platform_init.o
                0x10000930                platform_init
 .text          0x100009ec       0xfc /home/leon/git/swp-report/iMX6_Platform_SDK/output/mx6sdl/sdk_unit_test/smart_device_rev_a/obj/apps/common/print_clock_info.o
                0x100009ec                show_freq
                0x10000ad8                show_ddr_config
 .text          0x10000ae8      0x15c /home/leon/git/swp-report/iMX6_Platform_SDK/output/mx6sdl/sdk_unit_test/smart_device_rev_a/obj/apps/common/print_version.o
                0x10000ae8                print_version
 .text          0x10000c44       0x50 /home/leon/git/swp-report/iMX6_Platform_SDK/output/mx6sdl/sdk_unit_test/smart_device_rev_a/obj/apps/sdk_unit_test/src/all_test.o
                0x10000c44                run_test
                0x10000c78                ALL_test
 .text          0x10000c94       0x2c /home/leon/git/swp-report/iMX6_Platform_SDK/output/mx6sdl/sdk_unit_test/smart_device_rev_a/obj/apps/sdk_unit_test/src/unit_test_main.o
                0x10000c94                main
 .text          0x10000cc0      0xc64 /home/leon/git/swp-report/iMX6_Platform_SDK/output/mx6sdl/lib/libsdk.a(ccm_pll.o)
                0x10000cc0                ccm_init
                0x10000de4                get_main_clock
                0x10001074                get_peri_clock
                0x10001224                ccm_ccgr_config
                0x1000128c                clock_gating_config
                0x100016c4                ccm_set_lpm_wakeup_source
                0x100017b8                ccm_enter_low_power
                0x10001828                ipu_hsp_clk_config
                0x10001848                gpu_clock_config
 .text          0x10001924      0x164 /home/leon/git/swp-report/iMX6_Platform_SDK/output/mx6sdl/lib/libsdk.a(cortexA9.o)
                0x10001924                arm_set_interrupt_state
                0x10001948                cpu_get_current
                0x10001954                enable_neon_fpu
                0x10001970                disable_strict_align_check
                0x10001984                disable_L1_cache
                0x100019a4                get_arm_private_peripheral_base
                0x100019ac                arm_unified_tlb_invalidate
                0x100019bc                arm_unified_tlb_invalidate_is
                0x100019cc                arm_branch_prediction_enable
                0x100019dc                arm_branch_prediction_disable
                0x100019ec                arm_branch_target_cache_invalidate
                0x100019f8                arm_branch_target_cache_invalidate_is
                0x10001a04                scu_enable
                0x10001a18                scu_join_smp
                0x10001a28                scu_leave_smp
                0x10001a38                scu_get_cpus_in_smp
                0x10001a4c                scu_enable_maintenance_broadcast
                0x10001a5c                scu_disable_maintenance_broadcast
                0x10001a6c                scu_secure_invalidate
 .text          0x10001a88      0x5e0 /home/leon/git/swp-report/iMX6_Platform_SDK/output/mx6sdl/lib/libsdk.a(gic.o)
                0x10001b6c                gic_enable
                0x10001bcc                gic_set_irq_security
                0x10001c74                gic_enable_irq
                0x10001cf0                gic_set_irq_priority
                0x10001d38                gic_set_cpu_target
                0x10001e44                gic_send_sgi
                0x10001e98                gic_cpu_enable
                0x10001ef8                gic_set_cpu_priority_mask
                0x10001f2c                gic_read_irq_ack
                0x10001f58                gic_write_end_of_irq
                0x10001f88                gic_init
                0x1000202c                gic_init_cpu
 .text          0x10002068      0x460 /home/leon/git/swp-report/iMX6_Platform_SDK/output/mx6sdl/lib/libsdk.a(mmu.o)
                0x10002068                mmu_enable
                0x100020a0                mmu_disable
                0x100020d4                mmu_init
                0x100021f0                mmu_map_l1_range
                0x10002408                mmu_virtual_to_physical
 .text          0x100024c8        0x0 /home/leon/git/swp-report/iMX6_Platform_SDK/output/mx6sdl/lib/libsdk.a(startup.o)
 .text          0x100024c8        0x4 /home/leon/git/swp-report/iMX6_Platform_SDK/output/mx6sdl/lib/libsdk.a(vectors.o)
                0x100024c8                exception_handler
 .text.vectors  0x100024cc       0x48 /home/leon/git/swp-report/iMX6_Platform_SDK/output/mx6sdl/lib/libsdk.a(vectors.o)
                0x100024cc                vectors
 .text          0x10002514      0xc78 /home/leon/git/swp-report/iMX6_Platform_SDK/output/mx6sdl/lib/libsdk.a(menu.o)
                0x100029bc                menu_get_indent
                0x100029d8                menuitem_cmd_showmenu
                0x100029fc                menuitem_cmd_exitmenu
                0x10002a20                menu_append_menuitems
                0x10002b40                menu_present
                0x100030dc                menu_print_menuitem
 .text          0x1000318c        0x0 /home/leon/git/swp-report/iMX6_Platform_SDK/output/mx6sdl/lib/libsdk.a(sdk_version.o)
 .text          0x1000318c      0x914 /home/leon/git/swp-report/iMX6_Platform_SDK/output/mx6sdl/lib/libsdk.a(system_util.o)
                0x1000318c                _sys_exit
                0x100031a8                mybkpt
                0x100031b0                is_input_char
                0x10003330                read_input_string
                0x10003618                get_input_hex
                0x10003898                read_int
                0x100039fc                jump_to_sdp
 .text          0x10003aa0       0xe0 /home/leon/git/swp-report/iMX6_Platform_SDK/output/mx6sdl/lib/libsdk.a(text_color.o)
                0x10003aa0                printf_color
                0x10003b3c                get_color_supported
 .text          0x10003b80      0x7c4 /home/leon/git/swp-report/iMX6_Platform_SDK/output/mx6sdl/lib/libsdk.a(board_id.o)
                0x10003b80                chip_name
                0x10003c98                chip_revision
                0x10003d70                board_name
                0x10003e74                board_revision
                0x10003f3c                board_description
                0x1000405c                get_board_id
                0x10004138                show_board_id
 .text          0x10004344      0x290 /home/leon/git/swp-report/iMX6_Platform_SDK/output/mx6sdl/lib/libsdk.a(timer.o)
                0x10004344                hal_delay_us
                0x100043b4                system_time_init
                0x10004514                time_get_microseconds
 .text          0x100045d4     0x2820 /home/leon/git/swp-report/iMX6_Platform_SDK/output/mx6sdl/lib/libsdk.a(imx_uart.o)
                0x100045d4                uart_get_reffreq
                0x100046d0                uart_putchar
                0x10004820                uart_getchar
                0x10004980                uart_set_FIFO_mode
                0x100054ac                uart_set_loopback_mode
                0x10005700                uart_setup_interrupt
                0x100057cc                uart_init
 .text          0x10006df4       0x98 /home/leon/git/swp-report/iMX6_Platform_SDK/output/mx6sdl/lib/libsdk.a(arm_abort.o)
                0x10006df4                common_abort_handler
                0x10006e54                data_abort_handler
                0x10006e6c                prefetch_abort_handler
 .text          0x10006e8c      0x1bc /home/leon/git/swp-report/iMX6_Platform_SDK/output/mx6sdl/lib/libsdk.a(interrupt.o)
                0x10006e8c                IRQ_HDLR
                0x10006f54                disable_interrupt
                0x10006f90                enable_interrupt
                0x10006fe8                register_interrupt_routine
                0x1000701c                default_interrupt_routine
 .text          0x10007048      0x8e0 /home/leon/git/swp-report/iMX6_Platform_SDK/output/mx6sdl/lib/libsdk.a(epit.o)
                0x10007048                epit_reload_counter
                0x100070a8                epit_get_counter_value
                0x10007104                epit_set_compare_event
                0x10007164                epit_get_compare_event
                0x1000725c                epit_counter_disable
                0x10007420                epit_counter_enable
                0x1000767c                epit_setup_interrupt
                0x1000770c                epit_init
 .text          0x10007928      0x4bc /home/leon/git/swp-report/iMX6_Platform_SDK/output/mx6sdl/lib/libsdk.a(abort_handler.o)
                0x10007928                dump_regs
 .text          0x10007de4       0x20 /home/leon/git/swp-report/iMX6_Platform_SDK/output/mx6sdl/lib/libboard_smart_device_rev_a.a(board_io_expanders.o)
                0x10007de4                board_ioexpander_init
                0x10007df4                board_ioexpander_iomux_config
 .text          0x10007e04        0x0 /home/leon/git/swp-report/iMX6_Platform_SDK/output/mx6sdl/lib/libboard_smart_device_rev_a.a(hardware_modules.o)
 .text          0x10007e04        0x0 /home/leon/git/swp-report/iMX6_Platform_SDK/output/mx6sdl/lib/libboard_smart_device_rev_a.a(dcd.o)
 .text          0x10007e04       0x90 /home/leon/git/swp-report/iMX6_Platform_SDK/output/mx6sdl/lib/libboard_smart_device_rev_a.a(uart_iomux_config.o)
                0x10007e04                uart_iomux_config
 .text          0x10007e94      0x2f8 /home/leon/git/swp-report/iMX6_Platform_SDK/output/mx6sdl/lib/libboard_smart_device_rev_a.a(iomux_config.o)
                0x10007e94                iomux_config
                0x10007f0c                arm_iomux_config
                0x10007f1c                asrc_iomux_config
                0x10007f2c                dcic1_iomux_config
                0x10007f3c                dcic2_iomux_config
                0x10007f4c                ecspi2_iomux_config
                0x10007f5c                ecspi3_iomux_config
                0x10007f6c                ecspi4_iomux_config
                0x10007f7c                eim_iomux_config
                0x10007f8c                epit1_iomux_config
                0x10007f9c                epit2_iomux_config
                0x10007fac                esai_iomux_config
                0x10007fbc                flexcan2_iomux_config
                0x10007fcc                gpmi_iomux_config
                0x10007fdc                gpt_iomux_config
                0x10007fec                hdmi_iomux_config
                0x10007ffc                i2c4_iomux_config
                0x1000800c                lcd_iomux_config
                0x1000801c                ldb_iomux_config
                0x1000802c                mipi_csi_iomux_config
                0x1000803c                mipi_dsi_iomux_config
                0x1000804c                mipi_hsi_iomux_config
                0x1000805c                mlb_iomux_config
                0x1000806c                pcie_iomux_config
                0x1000807c                pmu_iomux_config
                0x1000808c                pwm2_iomux_config
                0x1000809c                pwm3_iomux_config
                0x100080ac                pwm4_iomux_config
                0x100080bc                sdma_iomux_config
                0x100080cc                snvs_iomux_config
                0x100080dc                spdif_iomux_config
                0x100080ec                src_iomux_config
                0x100080fc                uart2_iomux_config
                0x1000810c                uart3_iomux_config
                0x1000811c                uart4_iomux_config
                0x1000812c                uart5_iomux_config
                0x1000813c                usb_iomux_config
                0x1000814c                usdhc1_iomux_config
                0x1000815c                wdog1_iomux_config
                0x1000816c                wdog2_iomux_config
                0x1000817c                xtalosc_iomux_config
 .text          0x1000818c      0x5b0 /home/leon/git/swp-report/iMX6_Platform_SDK/output/mx6sdl/lib/libboard_smart_device_rev_a.a(ipu1_iomux_config.o)
                0x1000818c                ipu1_iomux_config
 .text          0x1000873c      0x190 /home/leon/git/swp-report/iMX6_Platform_SDK/output/mx6sdl/lib/libboard_smart_device_rev_a.a(kpp_iomux_config.o)
                0x1000873c                kpp_iomux_config
 .text          0x100088cc     0x2484 /home/leon/git/swp-report/iMX6_Platform_SDK/output/mx6sdl/lib/libboard_smart_device_rev_a.a(mmdc_iomux_config.o)
                0x100088cc                mmdc_iomux_config
 .text          0x1000ad50       0x34 /home/leon/git/swp-report/iMX6_Platform_SDK/output/mx6sdl/lib/libboard_smart_device_rev_a.a(pwm1_iomux_config.o)
                0x1000ad50                pwm1_iomux_config
 .text          0x1000ad84       0x70 /home/leon/git/swp-report/iMX6_Platform_SDK/output/mx6sdl/lib/libboard_smart_device_rev_a.a(sjc_iomux_config.o)
                0x1000ad84                sjc_iomux_config
 .text          0x1000adf4       0x78 /home/leon/git/swp-report/iMX6_Platform_SDK/output/mx6sdl/lib/libboard_smart_device_rev_a.a(uart1_iomux_config.o)
                0x1000adf4                uart1_iomux_config
 .text          0x1000ae6c      0x188 /home/leon/git/swp-report/iMX6_Platform_SDK/output/mx6sdl/lib/libboard_smart_device_rev_a.a(usdhc2_iomux_config.o)
                0x1000ae6c                usdhc2_iomux_config
 .text          0x1000aff4      0x188 /home/leon/git/swp-report/iMX6_Platform_SDK/output/mx6sdl/lib/libboard_smart_device_rev_a.a(usdhc3_iomux_config.o)
                0x1000aff4                usdhc3_iomux_config
 .text          0x1000b17c      0x188 /home/leon/git/swp-report/iMX6_Platform_SDK/output/mx6sdl/lib/libboard_smart_device_rev_a.a(usdhc4_iomux_config.o)
                0x1000b17c                usdhc4_iomux_config
 .text          0x1000b304       0xa0 /home/leon/git/swp-report/iMX6_Platform_SDK/output/mx6sdl/lib/libboard_smart_device_rev_a.a(audmux_iomux_config.o)
                0x1000b304                audmux_iomux_config
 .text          0x1000b3a4       0x34 /home/leon/git/swp-report/iMX6_Platform_SDK/output/mx6sdl/lib/libboard_smart_device_rev_a.a(ccm_iomux_config.o)
                0x1000b3a4                ccm_iomux_config
 .text          0x1000b3d8       0xe0 /home/leon/git/swp-report/iMX6_Platform_SDK/output/mx6sdl/lib/libboard_smart_device_rev_a.a(ecspi1_iomux_config.o)
                0x1000b3d8                ecspi1_iomux_config
 .text          0x1000b4b8      0x3bc /home/leon/git/swp-report/iMX6_Platform_SDK/output/mx6sdl/lib/libboard_smart_device_rev_a.a(enet_iomux_config.o)
                0x1000b4b8                enet_iomux_config
 .text          0x1000b874      0x66c /home/leon/git/swp-report/iMX6_Platform_SDK/output/mx6sdl/lib/libboard_smart_device_rev_a.a(epdc_iomux_config.o)
                0x1000b874                epdc_iomux_config
 .text          0x1000bee0       0x68 /home/leon/git/swp-report/iMX6_Platform_SDK/output/mx6sdl/lib/libboard_smart_device_rev_a.a(flexcan1_iomux_config.o)
                0x1000bee0                flexcan1_iomux_config
 .text          0x1000bf48      0x274 /home/leon/git/swp-report/iMX6_Platform_SDK/output/mx6sdl/lib/libboard_smart_device_rev_a.a(gpio1_iomux_config.o)
                0x1000bf48                gpio1_iomux_config
 .text          0x1000c1bc      0x164 /home/leon/git/swp-report/iMX6_Platform_SDK/output/mx6sdl/lib/libboard_smart_device_rev_a.a(gpio2_iomux_config.o)
                0x1000c1bc                gpio2_iomux_config
 .text          0x1000c320      0x258 /home/leon/git/swp-report/iMX6_Platform_SDK/output/mx6sdl/lib/libboard_smart_device_rev_a.a(gpio3_iomux_config.o)
                0x1000c320                gpio3_iomux_config
 .text          0x1000c578       0xa0 /home/leon/git/swp-report/iMX6_Platform_SDK/output/mx6sdl/lib/libboard_smart_device_rev_a.a(gpio4_iomux_config.o)
                0x1000c578                gpio4_iomux_config
 .text          0x1000c618       0x50 /home/leon/git/swp-report/iMX6_Platform_SDK/output/mx6sdl/lib/libboard_smart_device_rev_a.a(gpio5_iomux_config.o)
                0x1000c618                gpio5_iomux_config
 .text          0x1000c668      0x150 /home/leon/git/swp-report/iMX6_Platform_SDK/output/mx6sdl/lib/libboard_smart_device_rev_a.a(gpio6_iomux_config.o)
                0x1000c668                gpio6_iomux_config
 .text          0x1000c7b8       0x7c /home/leon/git/swp-report/iMX6_Platform_SDK/output/mx6sdl/lib/libboard_smart_device_rev_a.a(gpio7_iomux_config.o)
                0x1000c7b8                gpio7_iomux_config
 .text          0x1000c834       0xdc /home/leon/git/swp-report/iMX6_Platform_SDK/output/mx6sdl/lib/libboard_smart_device_rev_a.a(gps_iomux_config.o)
                0x1000c834                gps_iomux_config
 .text          0x1000c910       0x78 /home/leon/git/swp-report/iMX6_Platform_SDK/output/mx6sdl/lib/libboard_smart_device_rev_a.a(i2c1_iomux_config.o)
                0x1000c910                i2c1_iomux_config
 .text          0x1000c988       0x78 /home/leon/git/swp-report/iMX6_Platform_SDK/output/mx6sdl/lib/libboard_smart_device_rev_a.a(i2c2_iomux_config.o)
                0x1000c988                i2c2_iomux_config
 .text          0x1000ca00       0x78 /home/leon/git/swp-report/iMX6_Platform_SDK/output/mx6sdl/lib/libboard_smart_device_rev_a.a(i2c3_iomux_config.o)
                0x1000ca00                i2c3_iomux_config
 .text          0x1000ca78      0x1fc /home/leon/git/swp-report/iMX6_Platform_SDK/output/mx6sdl/sdk_unit_test/smart_device_rev_a/libsdk_unit_test.a(cpu_wp_test.o)
                0x1000ca78                my_memcpy
                0x1000cab4                memcpy_perf_record
                0x1000cb9c                cpu_wp_test
 .text          0x1000cc74      0x20c /home/leon/git/swp-report/iMX6_Platform_SDK/output/mx6sdl/sdk_unit_test/smart_device_rev_a/libsdk_unit_test.a(multicore_test.o)
                0x1000cc74                SGI3_ISR
                0x1000cd10                multicore_entry
                0x1000ce68                multicore_test
 .text          0x1000ce80      0x2d0 /home/leon/git/swp-report/iMX6_Platform_SDK/output/mx6sdl/sdk_unit_test/smart_device_rev_a/libsdk_unit_test.a(audio_test.o)
                0x1000ce80                audio_test
 .text          0x1000d150        0x0 /home/leon/git/swp-report/iMX6_Platform_SDK/output/mx6sdl/sdk_unit_test/smart_device_rev_a/libsdk_unit_test.a(wav_file.o)
 .text          0x1000d150       0xc4 /home/leon/git/swp-report/iMX6_Platform_SDK/output/mx6sdl/sdk_unit_test/smart_device_rev_a/libsdk_unit_test.a(gic_test.o)
                0x1000d150                gic_sgi_test_handler
                0x1000d17c                gic_test
 .text          0x1000d214      0x3ec /home/leon/git/swp-report/iMX6_Platform_SDK/output/mx6sdl/sdk_unit_test/smart_device_rev_a/libsdk_unit_test.a(ocotp_test.o)
                0x1000d214                ocotp_test
 .text          0x1000d600      0x340 /home/leon/git/swp-report/iMX6_Platform_SDK/output/mx6sdl/sdk_unit_test/smart_device_rev_a/libsdk_unit_test.a(snvs_rtc_test.o)
                0x1000d600                one_time_tick_callback
                0x1000d62c                periodic_tick_callback
                0x1000d67c                one_time_timer_test
                0x1000d744                periodic_timer_test
                0x1000d818                snvs_rtc_test
 .text          0x1000d940      0x1fc /home/leon/git/swp-report/iMX6_Platform_SDK/output/mx6sdl/sdk_unit_test/smart_device_rev_a/libsdk_unit_test.a(snvs_srtc_test.o)
                0x1000d940                srtc_one_time_tick_callback
                0x1000d96c                srtc_one_time_timer_test
                0x1000da30                snvs_srtc_test
 .text          0x1000db3c      0x128 /home/leon/git/swp-report/iMX6_Platform_SDK/output/mx6sdl/sdk_unit_test/smart_device_rev_a/libsdk_unit_test.a(i2c_test.o)
                0x1000db3c                i2c_test
 .text          0x1000dc64      0x884 /home/leon/git/swp-report/iMX6_Platform_SDK/output/mx6sdl/sdk_unit_test/smart_device_rev_a/libsdk_unit_test.a(imx6_i2c_device.o)
                0x1000dc64                imx6_slave_receive
                0x1000dd9c                imx6_slave_transmit
                0x1000df88                i2c_imx6_slave_test
 .text          0x1000e4e8      0x290 /home/leon/git/swp-report/iMX6_Platform_SDK/output/mx6sdl/sdk_unit_test/smart_device_rev_a/libsdk_unit_test.a(tempmon_test.o)
                0x1000e4e8                over_temp_callback
                0x1000e51c                print_current_temp
                0x1000e554                tempmon_test
 .text          0x1000e778      0x1f4 /home/leon/git/swp-report/iMX6_Platform_SDK/output/mx6sdl/sdk_unit_test/smart_device_rev_a/libsdk_unit_test.a(sdma_test.o)
                0x1000e778                sdma_test
 .text          0x1000e96c      0xa1c /home/leon/git/swp-report/iMX6_Platform_SDK/output/mx6sdl/sdk_unit_test/smart_device_rev_a/libsdk_unit_test.a(spi_lpb.o)
                0x1000ea6c                ecspi_app_test
                0x1000eefc                ecspi_shp_test
 .text          0x1000f388      0xfbc /home/leon/git/swp-report/iMX6_Platform_SDK/output/mx6sdl/sdk_unit_test/smart_device_rev_a/libsdk_unit_test.a(uart_loopback.o)
                0x1000f594                uart_app_test
                0x1000fa10                uart_shp_test
                0x1000fe9c                uart5_trans_isr
                0x1000fed8                uart_app_interrupt_test
 .text          0x10010344      0x24c /home/leon/git/swp-report/iMX6_Platform_SDK/output/mx6sdl/sdk_unit_test/smart_device_rev_a/libsdk_unit_test.a(uart_test.o)
                0x10010344                uart_interrupt_handler
                0x1001039c                uart_test
 .text          0x10010590      0x374 /home/leon/git/swp-report/iMX6_Platform_SDK/output/mx6sdl/sdk_unit_test/smart_device_rev_a/libsdk_unit_test.a(epit_test.o)
                0x10010590                epit_test
 .text          0x10010904      0x4fc /home/leon/git/swp-report/iMX6_Platform_SDK/output/mx6sdl/sdk_unit_test/smart_device_rev_a/libsdk_unit_test.a(gpt_test.o)
                0x10010904                gpt_test
                0x10010a2c                gpt_out_compare_test
                0x10010b84                gpt_interrupt_routine
                0x10010c18                gpt_in_capture_test
 .text          0x10010e00       0xb4 /home/leon/git/swp-report/iMX6_Platform_SDK/output/mx6sdl/sdk_unit_test/smart_device_rev_a/libsdk_unit_test.a(timer_test.o)
                0x10010e00                microseconds_test
 .text          0x10010eb4      0xcf4 /home/leon/git/swp-report/iMX6_Platform_SDK/output/mx6sdl/sdk_unit_test/smart_device_rev_a/libsdk_unit_test.a(usdhc_test.o)
                0x10010eb4                mmc_sd_test
                0x10010ee8                usdhc_test
 .text          0x10011ba8      0x244 /home/leon/git/swp-report/iMX6_Platform_SDK/output/mx6sdl/sdk_unit_test/smart_device_rev_a/libsdk_unit_test.a(watchdog_test.o)
                0x10011dc0                wdog_test
 .text          0x10011dec      0x1ec /home/leon/git/swp-report/iMX6_Platform_SDK/output/mx6sdl/sdk_unit_test/smart_device_rev_a/libsdk_unit_test.a(pwm_test.o)
                0x10011dec                pwm_test
 .text          0x10011fd8      0x82c /home/leon/git/swp-report/iMX6_Platform_SDK/output/mx6sdl/sdk_unit_test/smart_device_rev_a/libsdk_unit_test.a(hdmi_test.o)
                0x10011fd8                hdmi_test
                0x10012344                init_hdmi_interrupt
                0x100123f4                hdmi_tx_ISR
                0x10012484                hdmi_1080P60_video_output
                0x10012644                hdmi_720P60_video_output
 .text          0x10012804      0xb98 /home/leon/git/swp-report/iMX6_Platform_SDK/output/mx6sdl/sdk_unit_test/smart_device_rev_a/libsdk_unit_test.a(ips_display.o)
                0x10012804                ips_display_test
                0x10012940                ips_hdmi_stream
                0x10012aa0                ips_hdmi_720P60_stream
                0x10012d04                ips_hdmi_1080P60_stream
                0x10012efc                ips_ext_hdmi_transmitter_1080P60_stream
                0x100130bc                ips_hannstar_xga_yuv_stream
                0x100132fc                ips_mipi_wvga_rgb_stream
 .text          0x1001339c      0x238 /home/leon/git/swp-report/iMX6_Platform_SDK/output/mx6sdl/sdk_unit_test/smart_device_rev_a/libsdk_unit_test.a(ips_test.o)
                0x1001339c                ipu_test
 .text          0x100135d4      0x538 /home/leon/git/swp-report/iMX6_Platform_SDK/output/mx6sdl/sdk_unit_test/smart_device_rev_a/libsdk_unit_test.a(ipu_image.o)
                0x100135d4                load_centralized_image
                0x10013710                load_foreground_image
                0x1001375c                load_horiz_image
                0x100138cc                set_background_margin
                0x100139bc                load_vert_image
 .text          0x10013b0c      0x2b4 /home/leon/git/swp-report/iMX6_Platform_SDK/output/mx6sdl/sdk_unit_test/smart_device_rev_a/libsdk_unit_test.a(keypad_test.o)
                0x10013b0c                keypad_test
                0x10013c10                multiple_key_press_test
 .text          0x10013dc0      0x204 /home/leon/git/swp-report/iMX6_Platform_SDK/output/mx6sdl/sdk_unit_test/smart_device_rev_a/libsdk_unit_test.a(camera_test.o)
                0x10013dc0                camera_test
 .text          0x10013fc4      0x2f0 /home/leon/git/swp-report/iMX6_Platform_SDK/output/mx6sdl/sdk_unit_test/smart_device_rev_a/libsdk_unit_test.a(csi_test_mode.o)
                0x10013fc4                csi_test_mode
 .text          0x100142b4      0x2b8 /home/leon/git/swp-report/iMX6_Platform_SDK/output/mx6sdl/sdk_unit_test/smart_device_rev_a/libsdk_unit_test.a(sensor_capture.o)
                0x100142b4                sensor_capture
 .text          0x1001456c      0x758 /home/leon/git/swp-report/iMX6_Platform_SDK/output/mx6sdl/sdk_unit_test/smart_device_rev_a/libsdk_unit_test.a(pcie_test_rc.o)
                0x1001456c                pcie_test
 .text          0x10014cc4      0x194 /home/leon/git/swp-report/iMX6_Platform_SDK/output/mx6sdl/sdk_unit_test/smart_device_rev_a/libsdk_unit_test.a(usb_test.o)
                0x10014cc4                usb_test
 .text          0x10014e58      0x4d0 /home/leon/git/swp-report/iMX6_Platform_SDK/output/mx6sdl/sdk_unit_test/smart_device_rev_a/libsdk_unit_test.a(enet_test.o)
                0x10014ffc                enet_test
 .text          0x10015328      0x508 /home/leon/git/swp-report/iMX6_Platform_SDK/output/mx6sdl/sdk_unit_test/smart_device_rev_a/libsdk_unit_test.a(spi_test.o)
                0x1001563c                spi_test
 .text          0x10015830      0x368 /home/leon/git/swp-report/iMX6_Platform_SDK/output/mx6sdl/sdk_unit_test/smart_device_rev_a/libsdk_unit_test.a(accelerometer_test.o)
                0x10015830                accelerometer_test
 .text          0x10015b98      0x2ac /home/leon/git/swp-report/iMX6_Platform_SDK/output/mx6sdl/sdk_unit_test/smart_device_rev_a/libsdk_unit_test.a(at24cxx.o)
                0x10015c4c                i2c_eeprom_at24cxx_test
 .text          0x10015e44      0x404 /home/leon/git/swp-report/iMX6_Platform_SDK/output/mx6sdl/sdk_unit_test/smart_device_rev_a/libsdk_unit_test.a(mem_2_mem.o)
                0x10015e44                mem_2_mem_test
 .text          0x10016248      0x2f4 /home/leon/git/swp-report/iMX6_Platform_SDK/output/mx6sdl/sdk_unit_test/smart_device_rev_a/libsdk_unit_test.a(pwm_output.o)
                0x100162d4                pwm_output_test
 .text          0x1001653c      0x540 /home/leon/git/swp-report/iMX6_Platform_SDK/output/mx6sdl/sdk_unit_test/smart_device_rev_a/libsdk_unit_test.a(init_dma_data.o)
                0x1001653c                init_dma_data
 .text          0x10016a7c      0x37c /home/leon/git/swp-report/iMX6_Platform_SDK/output/mx6sdl/sdk_unit_test/smart_device_rev_a/libsdk_unit_test.a(ips_combiner.o)
                0x10016a7c                ips_combiner_test
 .text          0x10016df8      0x52c /home/leon/git/swp-report/iMX6_Platform_SDK/output/mx6sdl/sdk_unit_test/smart_device_rev_a/libsdk_unit_test.a(ips_csc.o)
                0x10016df8                ips_csc_test
 .text          0x10017324      0x738 /home/leon/git/swp-report/iMX6_Platform_SDK/output/mx6sdl/sdk_unit_test/smart_device_rev_a/libsdk_unit_test.a(ips_resize.o)
                0x10017324                ips_resize_test
 .text          0x10017a5c      0x3e8 /home/leon/git/swp-report/iMX6_Platform_SDK/output/mx6sdl/sdk_unit_test/smart_device_rev_a/libsdk_unit_test.a(ips_rotate.o)
                0x10017a5c                ips_rotate_test
 .text          0x10017e44     0x16bc /home/leon/git/swp-report/iMX6_Platform_SDK/output/mx6sdl/sdk_unit_test/smart_device_rev_a/libsdk_unit_test.a(usb0_device_mouse_test.o)
                0x10017e44                usb0_device_mouse_test
                0x10018ce4                hid_device_enum
                0x100192c4                fillBuffer
 .text          0x10019500     0x39f0 /home/leon/git/swp-report/iMX6_Platform_SDK/output/mx6sdl/sdk_unit_test/smart_device_rev_a/libsdk_unit_test.a(usb0_host_test.o)
                0x10019500                usb0_host_test
                0x1001a034                emuerateDevice
                0x1001a1b4                usbh_set_device_address
                0x1001a8dc                usbh_get_dev_desc
                0x1001b02c                usbh_get_config_desc
                0x1001b7bc                usbh_get_interface_desc
                0x1001c02c                usbh_set_configuration
                0x1001c768                usbh_get_report_desc
 .text          0x1001cef0      0x978 /home/leon/git/swp-report/iMX6_Platform_SDK/output/mx6sdl/sdk_unit_test/smart_device_rev_a/libsdk_unit_test.a(usb0_host_testmodes_test.o)
                0x1001cef0                usb0_host_testmodes_test
 .text          0x1001d868      0xb00 /home/leon/git/swp-report/iMX6_Platform_SDK/output/mx6sdl/sdk_unit_test/smart_device_rev_a/libsdk_unit_test.a(spi_nor_numonyx.o)
                0x1001db40                spi_nor_query_numonyx
                0x1001dc0c                spi_nor_erase_numonyx
                0x1001dc98                spi_nor_read_numonyx
                0x1001dee0                spi_nor_write_numonyx
 .text          0x1001e368       0xa4 /home/leon/riotboard/arm-2012.09/bin/../arm-none-eabi/lib//libm.a(lib_a-sf_cos.o)
                0x1001e368                cosf
 .text          0x1001e40c        0x8 /home/leon/riotboard/arm-2012.09/bin/../arm-none-eabi/lib//libm.a(lib_a-sf_fabs.o)
                0x1001e40c                fabsf
 .text          0x1001e414       0x70 /home/leon/riotboard/arm-2012.09/bin/../arm-none-eabi/lib//libm.a(lib_a-sf_modf.o)
                0x1001e414                modff
 .text          0x1001e484       0xbc /home/leon/riotboard/arm-2012.09/bin/../arm-none-eabi/lib//libm.a(lib_a-sf_sin.o)
                0x1001e484                sinf
 .text          0x1001e540      0x460 /home/leon/riotboard/arm-2012.09/bin/../arm-none-eabi/lib//libm.a(lib_a-ef_rem_pio2.o)
                0x1001e540                __ieee754_rem_pio2f
 .text          0x1001e9a0      0x214 /home/leon/riotboard/arm-2012.09/bin/../arm-none-eabi/lib//libm.a(lib_a-kf_cos.o)
                0x1001e9a0                __kernel_cosf
 .text          0x1001ebb4      0x960 /home/leon/riotboard/arm-2012.09/bin/../arm-none-eabi/lib//libm.a(lib_a-kf_rem_pio2.o)
                0x1001ebb4                __kernel_rem_pio2f
 .text          0x1001f514      0x14c /home/leon/riotboard/arm-2012.09/bin/../arm-none-eabi/lib//libm.a(lib_a-kf_sin.o)
                0x1001f514                __kernel_sinf
 .text          0x1001f660       0xd0 /home/leon/riotboard/arm-2012.09/bin/../arm-none-eabi/lib//libm.a(lib_a-sf_floor.o)
                0x1001f660                floorf
 .text          0x1001f730      0x120 /home/leon/riotboard/arm-2012.09/bin/../arm-none-eabi/lib//libm.a(lib_a-sf_scalbn.o)
                0x1001f730                scalbnf
 .text          0x1001f850       0x10 /home/leon/riotboard/arm-2012.09/bin/../arm-none-eabi/lib//libm.a(lib_a-sf_copysign.o)
                0x1001f850                copysignf
 .text          0x1001f860       0x68 /home/leon/riotboard/arm-2012.09/bin/../arm-none-eabi/lib//libc.a(lib_a-assert.o)
                0x1001f860                __assert_func
                0x1001f8b8                __assert
 .text          0x1001f8c8       0x20 /home/leon/riotboard/arm-2012.09/bin/../arm-none-eabi/lib//libc.a(lib_a-bzero.o)
                0x1001f8c8                bzero
 .text          0x1001f8e8      0x26c /home/leon/riotboard/arm-2012.09/bin/../arm-none-eabi/lib//libc.a(lib_a-fflush.o)
                0x1001f8e8                _fflush_r
                0x1001fb14                fflush
 .text          0x1001fb54      0x2c4 /home/leon/riotboard/arm-2012.09/bin/../arm-none-eabi/lib//libc.a(lib_a-findfp.o)
                0x1001fb64                _cleanup_r
                0x1001fbf8                __sfmoreglue
                0x1001fc40                _cleanup
                0x1001fc50                __sinit
                0x1001fcc8                __sfp
                0x1001fdc0                __sfp_lock_acquire
                0x1001fdc4                __sfp_lock_release
                0x1001fdc8                __sinit_lock_acquire
                0x1001fdcc                __sinit_lock_release
                0x1001fdd0                __fp_lock_all
                0x1001fdf4                __fp_unlock_all
 .text          0x1001fe18       0x70 /home/leon/riotboard/arm-2012.09/bin/../arm-none-eabi/lib//libc.a(lib_a-fiprintf.o)
                0x1001fe18                _fiprintf_r
                0x1001fe48                fiprintf
 .text          0x1001fe88       0x94 /home/leon/riotboard/arm-2012.09/bin/../arm-none-eabi/lib//libc.a(lib_a-fputc.o)
                0x1001fe88                _fputc_r
                0x1001fecc                fputc
 .text          0x1001ff1c       0xa8 /home/leon/riotboard/arm-2012.09/bin/../arm-none-eabi/lib//libc.a(lib_a-fputs.o)
                0x1001ff1c                _fputs_r
                0x1001ffa8                fputs
 .text          0x1001ffc4      0x368 /home/leon/riotboard/arm-2012.09/bin/../arm-none-eabi/lib//libc.a(lib_a-freer.o)
                0x1001ffc4                _malloc_trim_r
                0x100200c0                _free_r
 .text          0x1002032c      0x4c4 /home/leon/riotboard/arm-2012.09/bin/../arm-none-eabi/lib//libc.a(lib_a-fvwrite.o)
                0x1002032c                __sfvwrite_r
 .text          0x100207f0      0x114 /home/leon/riotboard/arm-2012.09/bin/../arm-none-eabi/lib//libc.a(lib_a-fwalk.o)
                0x100207f0                _fwalk
                0x10020878                _fwalk_reent
 .text          0x10020904        0x0 /home/leon/riotboard/arm-2012.09/bin/../arm-none-eabi/lib//libc.a(lib_a-impure.o)
 .text          0x10020904       0x88 /home/leon/riotboard/arm-2012.09/bin/../arm-none-eabi/lib//libc.a(lib_a-init.o)
                0x10020904                __libc_init_array
 .text          0x1002098c       0x40 /home/leon/riotboard/arm-2012.09/bin/../arm-none-eabi/lib//libc.a(lib_a-malloc.o)
                0x1002098c                malloc
                0x100209ac                free
 .text          0x100209cc      0x71c /home/leon/riotboard/arm-2012.09/bin/../arm-none-eabi/lib//libc.a(lib_a-mallocr.o)
                0x100209cc                _malloc_r
 .text          0x100210e8      0x11c /home/leon/riotboard/arm-2012.09/bin/../arm-none-eabi/lib//libc.a(lib_a-memchr.o)
                0x100210e8                memchr
 .text          0x10021204      0x20c /home/leon/riotboard/arm-2012.09/bin/../arm-none-eabi/lib//libc.a(lib_a-memcpy.o)
                0x10021204                memcpy
 .text          0x10021410      0x134 /home/leon/riotboard/arm-2012.09/bin/../arm-none-eabi/lib//libc.a(lib_a-memmove.o)
                0x10021410                memmove
 .text          0x10021544      0x134 /home/leon/riotboard/arm-2012.09/bin/../arm-none-eabi/lib//libc.a(lib_a-memset.o)
                0x10021544                memset
 .text          0x10021678        0x8 /home/leon/riotboard/arm-2012.09/bin/../arm-none-eabi/lib//libc.a(lib_a-mlock.o)
                0x10021678                __malloc_lock
                0x1002167c                __malloc_unlock
 .text          0x10021680       0x74 /home/leon/riotboard/arm-2012.09/bin/../arm-none-eabi/lib//libc.a(lib_a-printf.o)
                0x10021680                _printf_r
                0x100216b4                printf
 .text          0x100216f4      0x170 /home/leon/riotboard/arm-2012.09/bin/../arm-none-eabi/lib//libc.a(lib_a-putc.o)
                0x100216f4                _putc_r
                0x100217a4                putc
 .text          0x10021864       0x28 /home/leon/riotboard/arm-2012.09/bin/../arm-none-eabi/lib//libc.a(lib_a-realloc.o)
                0x10021864                realloc
 .text          0x1002188c      0x574 /home/leon/riotboard/arm-2012.09/bin/../arm-none-eabi/lib//libc.a(lib_a-reallocr.o)
                0x1002188c                _realloc_r
 .text          0x10021e00       0x6c /home/leon/riotboard/arm-2012.09/bin/../arm-none-eabi/lib//libc.a(lib_a-rget.o)
                0x10021e00                __srget_r
                0x10021e58                __srget
 .text          0x10021e6c       0x40 /home/leon/riotboard/arm-2012.09/bin/../arm-none-eabi/lib//libc.a(lib_a-sbrkr.o)
                0x10021e6c                _sbrk_r
 .text          0x10021eac       0xdc /home/leon/riotboard/arm-2012.09/bin/../arm-none-eabi/lib//libc.a(lib_a-sprintf.o)
                0x10021eac                _sprintf_r
                0x10021f14                sprintf
 .text          0x10021f88       0xdc /home/leon/riotboard/arm-2012.09/bin/../arm-none-eabi/lib//libc.a(lib_a-stdio.o)
                0x10021f88                __sread
                0x10021fbc                __seofread
                0x10021fc4                __swrite
                0x1002201c                __sseek
                0x10022050                __sclose
 .text          0x10022064       0x60 /home/leon/riotboard/arm-2012.09/bin/../arm-none-eabi/lib//libc.a(lib_a-strlen.o)
                0x10022064                strlen
 .text          0x100220c4       0x78 /home/leon/riotboard/arm-2012.09/bin/../arm-none-eabi/lib//libc.a(lib_a-strncasecmp.o)
                0x100220c4                strncasecmp
 .text          0x1002213c     0x1f7c /home/leon/riotboard/arm-2012.09/bin/../arm-none-eabi/lib//libc.a(lib_a-svfprintf.o)
                0x1002213c                _svfprintf_r
 .text          0x100240b8     0x12c4 /home/leon/riotboard/arm-2012.09/bin/../arm-none-eabi/lib//libc.a(lib_a-vfiprintf.o)
                0x100240b8                __sprint_r
                0x10024174                _vfiprintf_r
                0x10025350                vfiprintf
 .text          0x1002537c     0x2180 /home/leon/riotboard/arm-2012.09/bin/../arm-none-eabi/lib//libc.a(lib_a-vfprintf.o)
                0x1002537c                _vfprintf_r
                0x100274d0                vfprintf
 .text          0x100274fc       0x4c /home/leon/riotboard/arm-2012.09/bin/../arm-none-eabi/lib//libc.a(lib_a-vprintf.o)
                0x100274fc                vprintf
                0x10027528                _vprintf_r
 .text          0x10027548      0x14c /home/leon/riotboard/arm-2012.09/bin/../arm-none-eabi/lib//libc.a(lib_a-wbuf.o)
                0x10027548                __swbuf_r
                0x10027678                __swbuf
 .text          0x10027694       0x44 /home/leon/riotboard/arm-2012.09/bin/../arm-none-eabi/lib//libc.a(lib_a-writer.o)
                0x10027694                _write_r
 .text          0x100276d8      0x138 /home/leon/riotboard/arm-2012.09/bin/../arm-none-eabi/lib//libc.a(lib_a-wsetup.o)
                0x100276d8                __swsetup_r
 .text          0x10027810       0x14 /home/leon/riotboard/arm-2012.09/bin/../arm-none-eabi/lib//libc.a(lib_a-abort.o)
                0x10027810                abort
 .text          0x10027824       0x3c /home/leon/riotboard/arm-2012.09/bin/../arm-none-eabi/lib//libc.a(lib_a-closer.o)
                0x10027824                _close_r
 .text          0x10027860        0x0 /home/leon/riotboard/arm-2012.09/bin/../arm-none-eabi/lib//libc.a(lib_a-ctype_.o)
 .text          0x10027860     0x18a8 /home/leon/riotboard/arm-2012.09/bin/../arm-none-eabi/lib//libc.a(lib_a-dtoa.o)
                0x10027a40                _dtoa_r
 .text          0x10029108      0x10c /home/leon/riotboard/arm-2012.09/bin/../arm-none-eabi/lib//libc.a(lib_a-fclose.o)
                0x10029108                _fclose_r
                0x10029200                fclose
 .text          0x10029214      0x19c /home/leon/riotboard/arm-2012.09/bin/../arm-none-eabi/lib//libc.a(lib_a-fputwc.o)
                0x10029214                _fputwc_r
                0x10029364                fputwc
 .text          0x100293b0       0xd0 /home/leon/riotboard/arm-2012.09/bin/../arm-none-eabi/lib//libc.a(lib_a-locale.o)
                0x100293b0                _setlocale_r
                0x1002941c                __locale_charset
                0x10029428                __locale_mb_cur_max
                0x10029438                __locale_msgcharset
                0x10029444                __locale_cjk_lang
                0x1002944c                _localeconv_r
                0x10029458                setlocale
                0x10029474                localeconv
 .text          0x10029480       0x44 /home/leon/riotboard/arm-2012.09/bin/../arm-none-eabi/lib//libc.a(lib_a-lseekr.o)
                0x10029480                _lseek_r
 .text          0x100294c4      0x15c /home/leon/riotboard/arm-2012.09/bin/../arm-none-eabi/lib//libc.a(lib_a-makebuf.o)
                0x100294c4                __smakebuf_r
 .text          0x10029620      0xd20 /home/leon/riotboard/arm-2012.09/bin/../arm-none-eabi/lib//libc.a(lib_a-mprec.o)
                0x10029620                _Balloc
                0x100296ac                _Bfree
                0x100296c8                __multadd
                0x100297a4                __s2b
                0x10029894                __hi0bits
                0x100298e4                __lo0bits
                0x10029978                __i2b
                0x1002999c                __multiply
                0x10029b80                __pow5mult
                0x10029c74                __lshift
                0x10029d78                __mcmp
                0x10029ddc                __mdiff
                0x10029f28                __ulp
                0x10029f8c                __b2d
                0x1002a058                __d2b
                0x1002a160                __ratio
                0x1002a1f0                _mprec_log10
                0x1002a244                __copybits
                0x1002a2b8                __any_on
 .text          0x1002a340       0x44 /home/leon/riotboard/arm-2012.09/bin/../arm-none-eabi/lib//libc.a(lib_a-readr.o)
                0x1002a340                _read_r
 .text          0x1002a384      0x19c /home/leon/riotboard/arm-2012.09/bin/../arm-none-eabi/lib//libc.a(lib_a-reent.o)
                0x1002a384                cleanup_glue
                0x1002a3b0                _reclaim_reent
                0x1002a4ac                _wrapup_reent
 .text          0x1002a520      0x1cc /home/leon/riotboard/arm-2012.09/bin/../arm-none-eabi/lib//libc.a(lib_a-refill.o)
                0x1002a548                __srefill_r
 .text          0x1002a6ec       0x6c /home/leon/riotboard/arm-2012.09/bin/../arm-none-eabi/lib//libc.a(lib_a-s_fpclassify.o)
                0x1002a6ec                __fpclassifyd
 .text          0x1002a758      0x24c /home/leon/riotboard/arm-2012.09/bin/../arm-none-eabi/lib//libc.a(lib_a-signal.o)
                0x1002a758                _init_signal_r
                0x1002a7b8                _signal_r
                0x1002a824                _raise_r
                0x1002a8bc                __sigtramp_r
                0x1002a950                raise
                0x1002a964                signal
                0x1002a980                _init_signal
                0x1002a990                __sigtramp
 .text          0x1002a9a4       0x50 /home/leon/riotboard/arm-2012.09/bin/../arm-none-eabi/lib//libc.a(lib_a-signalr.o)
                0x1002a9a4                _kill_r
                0x1002a9e4                _getpid_r
 .text          0x1002a9f4      0x230 /home/leon/riotboard/arm-2012.09/bin/../arm-none-eabi/lib//libc.a(lib_a-strcmp.o)
                0x1002a9f4                strcmp
 .text          0x1002ac24     0x1224 /home/leon/riotboard/arm-2012.09/bin/../arm-none-eabi/lib//libc.a(lib_a-svfiprintf.o)
                0x1002ac24                __ssprint_r
                0x1002adc8                _svfiprintf_r
 .text          0x1002be48      0x134 /home/leon/riotboard/arm-2012.09/bin/../arm-none-eabi/lib//libc.a(lib_a-wcrtomb.o)
                0x1002be48                _wcrtomb_r
                0x1002bed8                wcrtomb
 .text          0x1002bf7c       0x7c /home/leon/riotboard/arm-2012.09/bin/../arm-none-eabi/lib//libc.a(lib_a-wctomb_r.o)
                0x1002bf7c                __ascii_wctomb
                0x1002bfa8                _wctomb_r
 .text          0x1002bff8       0x94 /home/leon/riotboard/arm-2012.09/bin/../arm-none-eabi/lib//libc.a(lib_a-callocr.o)
                0x1002bff8                _calloc_r
 .text          0x1002c08c       0x40 /home/leon/riotboard/arm-2012.09/bin/../arm-none-eabi/lib//libc.a(lib_a-fstatr.o)
                0x1002c08c                _fstat_r
 .text          0x1002c0cc       0x3c /home/leon/riotboard/arm-2012.09/bin/../arm-none-eabi/lib//libc.a(lib_a-isattyr.o)
                0x1002c0cc                _isatty_r
 .text          0x1002c108      0x114 /home/leon/riotboard/arm-2012.09/bin/../lib/gcc/arm-none-eabi/4.7.2//libgcc.a(_udivsi3.o)
                0x1002c108                __udivsi3
                0x1002c108                __aeabi_uidiv
                0x1002c1fc                __aeabi_uidivmod
 .text          0x1002c21c        0x4 /home/leon/riotboard/arm-2012.09/bin/../lib/gcc/arm-none-eabi/4.7.2//libgcc.a(_dvmd_tls.o)
                0x1002c21c                __aeabi_ldiv0
                0x1002c21c                __aeabi_idiv0
 .text          0x1002c220      0x41c /home/leon/riotboard/arm-2012.09/bin/../lib/gcc/arm-none-eabi/4.7.2//libgcc.a(_arm_addsubdf3.o)
                0x1002c220                __aeabi_drsub
                0x1002c228                __aeabi_dsub
                0x1002c228                __subdf3
                0x1002c22c                __adddf3
                0x1002c22c                __aeabi_dadd
                0x1002c53c                __aeabi_ui2d
                0x1002c53c                __floatunsidf
                0x1002c560                __floatsidf
                0x1002c560                __aeabi_i2d
                0x1002c588                __extendsfdf2
                0x1002c588                __aeabi_f2d
                0x1002c5c8                __aeabi_ul2d
                0x1002c5c8                __floatundidf
                0x1002c5dc                __floatdidf
                0x1002c5dc                __aeabi_l2d
 .text          0x1002c63c      0x49c /home/leon/riotboard/arm-2012.09/bin/../lib/gcc/arm-none-eabi/4.7.2//libgcc.a(_arm_muldivdf3.o)
                0x1002c63c                __aeabi_dmul
                0x1002c63c                __muldf3
                0x1002c8cc                __aeabi_ddiv
                0x1002c8cc                __divdf3
 .text          0x1002cad8      0x144 /home/leon/riotboard/arm-2012.09/bin/../lib/gcc/arm-none-eabi/4.7.2//libgcc.a(_arm_cmpdf2.o)
                0x1002cad8                __gtdf2
                0x1002cad8                __gedf2
                0x1002cae0                __ltdf2
                0x1002cae0                __ledf2
                0x1002cae8                __cmpdf2
                0x1002cae8                __eqdf2
                0x1002cae8                __nedf2
                0x1002cb70                __aeabi_cdrcmple
                0x1002cb8c                __aeabi_cdcmple
                0x1002cb8c                __aeabi_cdcmpeq
                0x1002cba4                __aeabi_dcmpeq
                0x1002cbbc                __aeabi_dcmplt
                0x1002cbd4                __aeabi_dcmple
                0x1002cbec                __aeabi_dcmpge
                0x1002cc04                __aeabi_dcmpgt
 .text          0x1002cc1c       0x5c /home/leon/riotboard/arm-2012.09/bin/../lib/gcc/arm-none-eabi/4.7.2//libgcc.a(_arm_fixdfsi.o)
                0x1002cc1c                __fixdfsi
                0x1002cc1c                __aeabi_d2iz
 .text          0x1002cc78      0x2ac /home/leon/riotboard/arm-2012.09/bin/../lib/gcc/arm-none-eabi/4.7.2//libgcc.a(_arm_addsubsf3.o)
                0x1002cc78                __aeabi_frsub
                0x1002cc80                __subsf3
                0x1002cc80                __aeabi_fsub
                0x1002cc84                __aeabi_fadd
                0x1002cc84                __addsf3
                0x1002ce40                __aeabi_ui2f
                0x1002ce40                __floatunsisf
                0x1002ce48                __aeabi_i2f
                0x1002ce48                __floatsisf
                0x1002ce68                __floatundisf
                0x1002ce68                __aeabi_ul2f
                0x1002ce78                __floatdisf
                0x1002ce78                __aeabi_l2f
 .text          0x1002cf24      0x2f8 /home/leon/riotboard/arm-2012.09/bin/../lib/gcc/arm-none-eabi/4.7.2//libgcc.a(_arm_muldivsf3.o)
                0x1002cf24                __mulsf3
                0x1002cf24                __aeabi_fmul
                0x1002d0bc                __divsf3
                0x1002d0bc                __aeabi_fdiv
 .text          0x1002d21c      0x114 /home/leon/riotboard/arm-2012.09/bin/../lib/gcc/arm-none-eabi/4.7.2//libgcc.a(_arm_cmpsf2.o)
                0x1002d21c                __gtsf2
                0x1002d21c                __gesf2
                0x1002d224                __lesf2
                0x1002d224                __ltsf2
                0x1002d22c                __nesf2
                0x1002d22c                __eqsf2
                0x1002d22c                __cmpsf2
                0x1002d290                __aeabi_cfrcmple
                0x1002d2a0                __aeabi_cfcmple
                0x1002d2a0                __aeabi_cfcmpeq
                0x1002d2b8                __aeabi_fcmpeq
                0x1002d2d0                __aeabi_fcmplt
                0x1002d2e8                __aeabi_fcmple
                0x1002d300                __aeabi_fcmpge
                0x1002d318                __aeabi_fcmpgt
 .text          0x1002d330       0x5c /home/leon/riotboard/arm-2012.09/bin/../lib/gcc/arm-none-eabi/4.7.2//libgcc.a(_arm_fixsfsi.o)
                0x1002d330                __fixsfsi
                0x1002d330                __aeabi_f2iz
 .text          0x1002d38c       0x3c /home/leon/riotboard/arm-2012.09/bin/../lib/gcc/arm-none-eabi/4.7.2//libgcc.a(_aeabi_uldivmod.o)
                0x1002d38c                __aeabi_uldivmod
 .text          0x1002d3c8       0x84 /home/leon/riotboard/arm-2012.09/bin/../lib/gcc/arm-none-eabi/4.7.2//libgcc.a(bpabi.o)
                0x1002d3c8                __gnu_ldivmod_helper
                0x1002d40c                __gnu_uldivmod_helper
 .text          0x1002d44c      0x4f0 /home/leon/riotboard/arm-2012.09/bin/../lib/gcc/arm-none-eabi/4.7.2//libgcc.a(_divdi3.o)
                0x1002d44c                __divdi3
 .text          0x1002d93c      0x488 /home/leon/riotboard/arm-2012.09/bin/../lib/gcc/arm-none-eabi/4.7.2//libgcc.a(_udivdi3.o)
                0x1002d93c                __udivdi3
 .text          0x1002ddc4       0x48 /home/leon/riotboard/arm-2012.09/bin/../lib/gcc/arm-none-eabi/4.7.2//libgcc.a(_clzsi2.o)
                0x1002ddc4                __clzsi2
 .text          0x1002de0c       0x64 /home/leon/git/swp-report/iMX6_Platform_SDK/output/mx6sdl/lib/libsdk.a(profile.o)
                0x1002de0c                StartPerfCounter
                0x1002de34                StopPerfCounter
 .text          0x1002de70      0x644 /home/leon/git/swp-report/iMX6_Platform_SDK/output/mx6sdl/lib/libsdk.a(armv7_cache.o)
                0x1002de70                arm_dcache_state_query
                0x1002deb0                arm_dcache_enable
                0x1002def8                arm_dcache_disable
                0x1002df30                arm_dcache_invalidate
                0x1002dfd4                arm_dcache_invalidate_line
                0x1002e040                arm_dcache_invalidate_mlines
                0x1002e0e0                arm_dcache_flush
                0x1002e184                arm_dcache_flush_line
                0x1002e1f0                arm_dcache_flush_mlines
                0x1002e290                arm_icache_state_query
                0x1002e2d0                arm_icache_enable
                0x1002e318                arm_icache_disable
                0x1002e350                arm_icache_invalidate
                0x1002e37c                arm_icache_invalidate_is
                0x1002e3a8                arm_icache_invalidate_line
                0x1002e414                arm_icache_invalidate_mlines
 .text          0x1002e4b4      0x610 /home/leon/git/swp-report/iMX6_Platform_SDK/output/mx6sdl/lib/libsdk.a(runtime_support.o)
                0x1002e4b4                _execve
                0x1002e4f0                _fork
                0x1002e518                _isatty
                0x1002e53c                _open
                0x1002e568                _close
                0x1002e58c                _lseek
                0x1002e5b8                _fstat
                0x1002e5ec                _read
                0x1002e6bc                _write
                0x1002e7a8                _raw_puts
                0x1002e828                _sbrk
                0x1002e8d8                _exit
                0x1002e8f8                _kill
                0x1002e930                _getpid
                0x1002e948                _link
                0x1002e980                _unlink
                0x1002e9b4                _stat
                0x1002e9e8                _times
                0x1002ea0c                _gettimeofday
                0x1002ea90                _wait
 .text          0x1002eac4      0x62c /home/leon/git/swp-report/iMX6_Platform_SDK/output/mx6sdl/lib/libsdk.a(mma8451.o)
                0x1002eac4                mma8451_read_register
                0x1002eb94                mma8451_write_register
                0x1002ec74                mma8451_init
                0x1002ee30                mma8451_get_acceleration
 .text          0x1002f0f0      0xa88 /home/leon/git/swp-report/iMX6_Platform_SDK/output/mx6sdl/lib/libsdk.a(smd_sensor.o)
                0x1002f488                sensor_config
                0x1002f4c4                sensor_search
                0x1002f654                sensor_init
                0x1002f7c8                sensor_af_trigger
                0x1002f8a8                sensor_autofocus_init
                0x1002fa28                camera_strobeflash_on
                0x1002fb04                camera_strobeflash_off
 .text          0x1002fb78       0x78 /home/leon/git/swp-report/iMX6_Platform_SDK/output/mx6sdl/lib/libsdk.a(cpu_get_cores.o)
                0x1002fb78                cpu_get_cores
 .text          0x1002fbf0      0x1d8 /home/leon/git/swp-report/iMX6_Platform_SDK/output/mx6sdl/lib/libsdk.a(cpu_multicore.o)
                0x1002fc54                cpu_start_secondary
                0x1002fd58                cpu_disable
 .text          0x1002fdc8      0x1cc /home/leon/git/swp-report/iMX6_Platform_SDK/output/mx6sdl/lib/libsdk.a(cpu_workpoint.o)
                0x1002fdc8                cpu_workpoint_set
 .text          0x1002ff94     0x17e0 /home/leon/git/swp-report/iMX6_Platform_SDK/output/mx6sdl/lib/libsdk.a(enet_drv.o)
                0x1002ff94                imx_enet_mii_read
                0x100300a4                imx_enet_mii_write
                0x10030578                enet_phy_rework_ar8031
                0x100306ec                enet_phy_rework_ksz9021
                0x100307e0                imx_enet_phy_init
                0x10030a60                imx_enet_get_phy_status
                0x10030d88                imx_enet_phy_enable_external_loopback
                0x10030ea4                imx_enet_poll
                0x10030f9c                imx_enet_send
                0x100310b4                imx_enet_recv
                0x10031290                imx_enet_init
                0x100313e4                imx_enet_start
                0x10031478                imx_enet_stop
                0x100314bc                imx_enet_isolate_phy
                0x10031560                imx_enet_unisolate_phy
                0x10031628                imx_enet_mii_type
 .text          0x10031774     0x1308 /home/leon/git/swp-report/iMX6_Platform_SDK/output/mx6sdl/lib/libsdk.a(gpio.o)
                0x100317a4                gpio_get_port_count
                0x100317bc                gpio_set_gpio
                0x10031880                gpio_set_direction
                0x10031adc                gpio_get_direction
                0x10031c24                gpio_set_level
                0x10031f64                gpio_get_level
                0x100320c4                gpio_set_interrupt_config
                0x100324c8                gpio_set_interrupt_mask
                0x1003270c                gpio_get_interrupt_status
                0x10032868                gpio_clear_interrupt
 .text          0x10032a7c        0x0 /home/leon/git/swp-report/iMX6_Platform_SDK/output/mx6sdl/lib/libsdk.a(imx6sdl_gpio_map.o)
 .text          0x10032a7c     0x1334 /home/leon/git/swp-report/iMX6_Platform_SDK/output/mx6sdl/lib/libsdk.a(hdmi_tx.o)
                0x10032a7c                hdmi_config_input_source
                0x10032abc                hdmi_video_sample
                0x10032d04                update_csc_coeffs
                0x10033218                hdmi_video_csc
                0x100333b8                hdmi_video_packetize
                0x10033784                preamble_filter_set
                0x10033844                hdmi_av_frame_composer
                0x10033c8c                hdmi_tx_hdcp_config
                0x10033cf8                hdmi_config_force_video
                0x10033d50                hdmi_config_forced_pixels
 .text          0x10033db0      0xd24 /home/leon/git/swp-report/iMX6_Platform_SDK/output/mx6sdl/lib/libsdk.a(hdmi_tx_audio.o)
                0x10033db0                hdmi_audio_mute
                0x10033e00                audio_PacketLayout
                0x10033e40                audio_DMA_InterruptMask
                0x10033e70                audio_DMA_InterruptPolarity
                0x10033ea0                audio_DMA_ResetFIFO
                0x10033ec4                audio_clk_N
                0x10033f24                audio_clk_CTS
                0x10033fc4                audio_ComputeN
                0x100342e4                audio_ComputeCTS
                0x10034520                audio_DMA_StartAddr
                0x10034598                audio_DMA_StopAddr
                0x10034610                audio_DMA_LockEnable
                0x10034650                audio_DMA_BurstMode
                0x10034690                audio_DMA_IncrType
                0x100346d0                audio_DMA_Threshold
                0x10034700                audio_DMA_SetCONF1
                0x10034730                audio_DMA_Start
                0x10034754                audio_Configure
                0x1003480c                Audio_ChannelCount
                0x100348fc                audio_Configure_DMA
                0x10034a94                audio_info_config
 .text          0x10034ad4     0x14fc /home/leon/git/swp-report/iMX6_Platform_SDK/output/mx6sdl/lib/libsdk.a(hdmi_tx_phy.o)
                0x10034ad4                hdmi_phy_int_mask
                0x10035f3c                hdmi_phy_init
 .text          0x10035fd0     0x1798 /home/leon/git/swp-report/iMX6_Platform_SDK/output/mx6sdl/lib/libsdk.a(imx_i2c.o)
                0x10036000                i2c_get_request_instance
                0x10036a78                i2c_xfer
                0x10037194                i2c_read
                0x100371c4                i2c_write
                0x100371f4                i2c_setup_interrupt
                0x10037460                i2c_init
 .text          0x10037768      0xd38 /home/leon/git/swp-report/iMX6_Platform_SDK/output/mx6sdl/lib/libsdk.a(imx_i2c_slave.o)
                0x10037768                i2c_slave_interrupt_routine
                0x100378b4                i2c_slave_handler
                0x10037ee4                i2c_slave_xfer
 .text          0x100384a0      0x474 /home/leon/git/swp-report/iMX6_Platform_SDK/output/mx6sdl/lib/libsdk.a(ips_disp_panel.o)
                0x10038734                search_panel
                0x100387f4                list_panel
                0x1003888c                get_panel_by_id
 .text          0x10038914      0xf90 /home/leon/git/swp-report/iMX6_Platform_SDK/output/mx6sdl/lib/libsdk.a(ipu_common.o)
                0x10038914                need_csc
                0x1003897c                ipu_write_field
                0x10038a20                ipu_read
                0x10038a78                ipu_write
                0x10038acc                ipu_enable_display
                0x10038b38                ipu_disable_display
                0x10038bb8                ipu_sw_reset
                0x10038c98                ipu_display_setup
                0x10038e0c                ipu_dual_display_setup
                0x10038f10                ipu_capture_setup
                0x10039354                ipu_capture_streamoff
                0x10039428                ipu_mipi_csi2_setup
                0x10039620                ipu1_ch0_eobnd_isr
                0x100397fc                ipu_ch0_eobnd_interrupt_register
 .text          0x100398a4      0xcb8 /home/leon/git/swp-report/iMX6_Platform_SDK/output/mx6sdl/lib/libsdk.a(ipu_csi.o)
                0x100398a4                ipu_csi_config
                0x10039ee8                ipu_smfc_fifo_allocate
                0x1003a044                ipu_capture_disp_link
                0x1003a170                ipu_disable_csi
                0x1003a1dc                ipu_disable_smfc
                0x1003a210                ipu_csi_test_mode_color
 .text          0x1003a55c     0x1bd8 /home/leon/git/swp-report/iMX6_Platform_SDK/output/mx6sdl/lib/libsdk.a(ipu_dc.o)
                0x1003a55c                ipu_dc_config
                0x1003a84c                ipu_dc_write_channel_config
                0x1003ab04                ipu_dc_display_config
                0x1003ac98                ipu_dc_map
                0x1003b02c                ipu_dc_microcode_config
                0x1003bdd8                ipu_dc_microcode_event
 .text          0x1003c134      0xfd8 /home/leon/git/swp-report/iMX6_Platform_SDK/output/mx6sdl/lib/libsdk.a(ipu_di.o)
                0x1003c134                ipu_di_config
                0x1003c764                ipu_di_waveform_config
                0x1003c82c                ipu_di_screen_set
                0x1003c8c0                ipu_di_pointer_config
                0x1003ca10                ipu_di_bsclk_gen
                0x1003cb48                ipu_di_sync_config
                0x1003ce50                ipu_di_interface_set
 .text          0x1003d10c      0x3e0 /home/leon/git/swp-report/iMX6_Platform_SDK/output/mx6sdl/lib/libsdk.a(ipu_dmfc.o)
                0x1003d10c                ipu_dmfc_config
                0x1003d3a0                ipu_dmfc_alloc
 .text          0x1003d4ec      0x59c /home/leon/git/swp-report/iMX6_Platform_SDK/output/mx6sdl/lib/libsdk.a(ipu_dp.o)
                0x1003d4ec                ipu_dp_config
                0x1003d540                ipu_dp_csc_config
                0x1003d8e4                ipu_dp_fg_config
 .text          0x1003da88     0x167c /home/leon/git/swp-report/iMX6_Platform_SDK/output/mx6sdl/lib/libsdk.a(ipu_ic.o)
                0x1003da88                ipu_ic_enable
                0x1003dad4                ipu_ic_rotation_config
                0x1003dce0                ipu_ic_resize_config
                0x1003e234                ipu_ic_deinterlace_config
                0x1003e410                ipu_ic_calc_resize_coeffs
                0x1003e528                ipu_ic_config_resize_rate
                0x1003e650                ipu_ic_combine_config
                0x1003e80c                ipu_ic_csc_config
                0x1003ef04                ipu_ic_task_enable
 .text          0x1003f104     0x2828 /home/leon/git/swp-report/iMX6_Platform_SDK/output/mx6sdl/lib/libsdk.a(ipu_idmac.o)
                0x1003f104                ipu_cpmem_set_field
                0x1003f230                ipu_cpmem_mod_field
                0x1003f3bc                ipu_cpmem_read_field
                0x1003f518                ipu_channel_buf_ready
                0x1003f690                ipu_channel_buf_not_ready
                0x1003f808                ipu_idmac_channel_mode_sel
                0x1003f890                ipu_idmac_channel_enable
                0x1003f918                ipu_idmac_channel_busy
                0x1003f9c4                ipu_general_idmac_config
                0x1003fea8                ipu_disp_bg_idmac_config
                0x1003ff90                ipu_disp_fg_idmac_config
                0x10040078                ipu_dma_update_buffer
                0x1004016c                ipu_idmac_chan_cur_buff
                0x10040200                ipu_rotate_idmac_config
                0x10040334                ipu_resize_idmac_config
                0x10040470                ipu_deinterlace_idmac_config
                0x100405c4                ipu_idma_pixel_format_config
 .text          0x1004192c      0x598 /home/leon/git/swp-report/iMX6_Platform_SDK/output/mx6sdl/lib/libsdk.a(ipu_vdi.o)
                0x1004192c                ipu_deinterlace_3_fields
                0x1004197c                ipu_vdi_set_top_field_man
                0x100419f0                ipu_vdi_set_motion
                0x10041af8                ipu_vdi_init
                0x10041c3c                ipu_vdi_uninit
                0x10041c84                ips_deinterlace_proc
 .text          0x10041ec4      0x520 /home/leon/git/swp-report/iMX6_Platform_SDK/output/mx6sdl/lib/libsdk.a(keypad_port.o)
                0x10041ee4                kpp_scan_matrix
                0x10042128                kpp_get_keypad_state
                0x100421e8                kpp_wait_for_release_state
                0x10042230                kpp_interrupt_routine
                0x10042270                kpp_setup_interrupt
                0x100422d4                kpp_open
                0x10042398                kpp_close
 .text          0x100423e4      0x4ac /home/leon/git/swp-report/iMX6_Platform_SDK/output/mx6sdl/lib/libsdk.a(ldb.o)
                0x100425b4                ldb_config
                0x100427ec                ldb_set_vs_polarity
 .text          0x10042890      0x3f4 /home/leon/git/swp-report/iMX6_Platform_SDK/output/mx6sdl/lib/libsdk.a(ocotp.o)
                0x100428fc                Delay4Reload
                0x10042b40                ocotp_sense_fuse
                0x10042bb0                ocotp_fuse_blow_row
                0x10042c0c                ocotp_reload_otp_shadow_registers
 .text          0x10042c84      0x55c /home/leon/git/swp-report/iMX6_Platform_SDK/output/mx6sdl/lib/libsdk.a(pcie.o)
                0x10042f38                pcie_map_space
                0x10042ffc                pcie_init
 .text          0x100431e0      0x394 /home/leon/git/swp-report/iMX6_Platform_SDK/output/mx6sdl/lib/libsdk.a(pcie_phy.o)
                0x1004332c                pcie_phy_cr_read
                0x10043404                pcie_phy_cr_write
 .text          0x10043574      0x70c /home/leon/git/swp-report/iMX6_Platform_SDK/output/mx6sdl/lib/libsdk.a(pcie_prot.o)
                0x1004390c                pcie_dump_cfg_header
                0x10043978                pcie_enum_resources
                0x10043c08                pcie_cfg_ep_bar
 .text          0x10043c80     0x1bf0 /home/leon/git/swp-report/iMX6_Platform_SDK/output/mx6sdl/lib/libsdk.a(pmu_driver.o)
                0x10043eec                pmu_init
                0x10044088                pmu_get_property
                0x100440e8                pmu_set_property
                0x1004414c                pmu::Regulator::getProperty(_pmu_regulator_properties, void*)
                0x100443c8                pmu::Regulator::setProperty(_pmu_regulator_properties, void const*)
                0x10044540                pmu::Regulator::setVoltageRange(unsigned long, unsigned long, unsigned long)
                0x1004458c                pmu::AnalogRegulator::getProperty(_pmu_regulator_properties, void*)
                0x10044658                pmu::AnalogRegulator::setProperty(_pmu_regulator_properties, void const*)
                0x10044718                pmu::AnalogRegulator::getOutputMillivolts() const
                0x10044770                pmu::AnalogRegulator::setOutputMillivolts(unsigned long)
                0x10044858                pmu::AnalogRegulator::getBrownoutMillivolts() const
                0x100448c8                pmu::AnalogRegulator::setBrownoutMillivolts(unsigned long)
                0x10044960                pmu::AnalogRegulator::isBrownoutDetectEnabled() const
                0x100449a4                pmu::AnalogRegulator::setBrownoutDetectIsEnabled(bool)
                0x100449f0                pmu::AnalogRegulator::isEnabled() const
                0x10044a34                pmu::AnalogRegulator::setIsEnabled(bool)
                0x10044a80                pmu::DigitalRegulator::DigitalRegulator()
                0x10044a80                pmu::DigitalRegulator::DigitalRegulator()
                0x10044ac0                pmu::DigitalRegulator::getProperty(_pmu_regulator_properties, void*)
                0x10044bc0                pmu::DigitalRegulator::setProperty(_pmu_regulator_properties, void const*)
                0x10044c88                pmu::DigitalRegulator::isBypassed() const
                0x10044cd4                pmu::DigitalRegulator::setIsBypassed(bool)
                0x10044d88                pmu::DigitalRegulator::getOutputMillivolts() const
                0x10044e24                pmu::DigitalRegulator::setOutputMillivolts(unsigned long)
                0x10044f08                pmu::DigitalRegulator::getBrownoutMillivolts() const
                0x10044f7c                pmu::DigitalRegulator::setBrownoutMillivolts(unsigned long)
                0x10045014                pmu::DigitalRegulator::isEnabled() const
                0x10045060                pmu::DigitalRegulator::setIsEnabled(bool)
                0x1004511c                pmu::LDO1p1Regulator::LDO1p1Regulator()
                0x1004511c                pmu::LDO1p1Regulator::LDO1p1Regulator()
                0x1004517c                pmu::LDO1p1Regulator::getProperty(_pmu_regulator_properties, void*)
                0x10045214                pmu::LDO1p1Regulator::getOutputMillivolts() const
                0x10045270                pmu::LDO1p1Regulator::setOutputMillivolts(unsigned long)
                0x10045364                pmu::LDO2p5Regulator::LDO2p5Regulator()
                0x10045364                pmu::LDO2p5Regulator::LDO2p5Regulator()
                0x100453c4                pmu::LDO3p0Regulator::LDO3p0Regulator()
                0x100453c4                pmu::LDO3p0Regulator::LDO3p0Regulator()
                0x10045424                pmu::LDO3p0Regulator::getProperty(_pmu_regulator_properties, void*)
                0x10045490                pmu::LDO3p0Regulator::setProperty(_pmu_regulator_properties, void const*)
                0x10045500                pmu::LDOARMRegulator::LDOARMRegulator()
                0x10045500                pmu::LDOARMRegulator::LDOARMRegulator()
                0x10045558                pmu::LDOARMRegulator::setBrownoutDetectIsEnabled(bool)
                0x100455a4                pmu::LDOARMRegulator::setRampRate(unsigned long)
                0x10045604                pmu::LDOGraphicsRegulator::LDOGraphicsRegulator()
                0x10045604                pmu::LDOGraphicsRegulator::LDOGraphicsRegulator()
                0x1004565c                pmu::LDOGraphicsRegulator::setBrownoutDetectIsEnabled(bool)
                0x100456a8                pmu::LDOGraphicsRegulator::setRampRate(unsigned long)
                0x10045708                pmu::LDOSoCRegulator::LDOSoCRegulator()
                0x10045708                pmu::LDOSoCRegulator::LDOSoCRegulator()
                0x10045760                pmu::LDOSoCRegulator::setBrownoutDetectIsEnabled(bool)
                0x100457ac                pmu::LDOSoCRegulator::setRampRate(unsigned long)
 .text._ZnwjPv  0x10045870       0x28 /home/leon/git/swp-report/iMX6_Platform_SDK/output/mx6sdl/lib/libsdk.a(pmu_driver.o)
                0x10045870                operator new(unsigned int, void*)
 .text._ZN3pmu9RegulatorC2Ev
                0x10045898       0x64 /home/leon/git/swp-report/iMX6_Platform_SDK/output/mx6sdl/lib/libsdk.a(pmu_driver.o)
                0x10045898                pmu::Regulator::Regulator()
                0x10045898                pmu::Regulator::Regulator()
 .text._ZN3pmu9Regulator18setBrownoutHandlerEPFv9_pmu_regsE
                0x100458fc       0x2c /home/leon/git/swp-report/iMX6_Platform_SDK/output/mx6sdl/lib/libsdk.a(pmu_driver.o)
                0x100458fc                pmu::Regulator::setBrownoutHandler(void (*)(_pmu_regs))
 .text._ZN3pmu9Regulator18getBrownoutHandlerEv
                0x10045928       0x28 /home/leon/git/swp-report/iMX6_Platform_SDK/output/mx6sdl/lib/libsdk.a(pmu_driver.o)
                0x10045928                pmu::Regulator::getBrownoutHandler()
 .text._ZN3pmu15AnalogRegulatorC2ERV15_hw_pmu_reg_1p1
                0x10045950       0x50 /home/leon/git/swp-report/iMX6_Platform_SDK/output/mx6sdl/lib/libsdk.a(pmu_driver.o)
                0x10045950                pmu::AnalogRegulator::AnalogRegulator(_hw_pmu_reg_1p1 volatile&)
                0x10045950                pmu::AnalogRegulator::AnalogRegulator(_hw_pmu_reg_1p1 volatile&)
 .text._ZNK3pmu15LDO1p1Regulator12isInBrownoutEv
                0x100459a0       0x70 /home/leon/git/swp-report/iMX6_Platform_SDK/output/mx6sdl/lib/libsdk.a(pmu_driver.o)
                0x100459a0                pmu::LDO1p1Regulator::isInBrownout() const
 .text._ZNK3pmu15LDO1p1Regulator4isOKEv
                0x10045a10       0x78 /home/leon/git/swp-report/iMX6_Platform_SDK/output/mx6sdl/lib/libsdk.a(pmu_driver.o)
                0x10045a10                pmu::LDO1p1Regulator::isOK() const
 .text._ZNK3pmu15LDO2p5Regulator12isInBrownoutEv
                0x10045a88       0x70 /home/leon/git/swp-report/iMX6_Platform_SDK/output/mx6sdl/lib/libsdk.a(pmu_driver.o)
                0x10045a88                pmu::LDO2p5Regulator::isInBrownout() const
 .text._ZNK3pmu15LDO2p5Regulator4isOKEv
                0x10045af8       0x78 /home/leon/git/swp-report/iMX6_Platform_SDK/output/mx6sdl/lib/libsdk.a(pmu_driver.o)
                0x10045af8                pmu::LDO2p5Regulator::isOK() const
 .text._ZNK3pmu15LDO3p0Regulator12isInBrownoutEv
                0x10045b70       0x70 /home/leon/git/swp-report/iMX6_Platform_SDK/output/mx6sdl/lib/libsdk.a(pmu_driver.o)
                0x10045b70                pmu::LDO3p0Regulator::isInBrownout() const
 .text._ZNK3pmu15LDO3p0Regulator4isOKEv
                0x10045be0       0x78 /home/leon/git/swp-report/iMX6_Platform_SDK/output/mx6sdl/lib/libsdk.a(pmu_driver.o)
                0x10045be0                pmu::LDO3p0Regulator::isOK() const
 .text._ZNK3pmu15LDOARMRegulator23isBrownoutDetectEnabledEv
                0x10045c58       0x44 /home/leon/git/swp-report/iMX6_Platform_SDK/output/mx6sdl/lib/libsdk.a(pmu_driver.o)
                0x10045c58                pmu::LDOARMRegulator::isBrownoutDetectEnabled() const
 .text._ZNK3pmu15LDOARMRegulator12isInBrownoutEv
                0x10045c9c       0x6c /home/leon/git/swp-report/iMX6_Platform_SDK/output/mx6sdl/lib/libsdk.a(pmu_driver.o)
                0x10045c9c                pmu::LDOARMRegulator::isInBrownout() const
 .text._ZNK3pmu15LDOARMRegulator4isOKEv
                0x10045d08       0x24 /home/leon/git/swp-report/iMX6_Platform_SDK/output/mx6sdl/lib/libsdk.a(pmu_driver.o)
                0x10045d08                pmu::LDOARMRegulator::isOK() const
 .text._ZNK3pmu15LDOARMRegulator11getRampRateEv
                0x10045d2c       0x34 /home/leon/git/swp-report/iMX6_Platform_SDK/output/mx6sdl/lib/libsdk.a(pmu_driver.o)
                0x10045d2c                pmu::LDOARMRegulator::getRampRate() const
 .text._ZNK3pmu15LDOARMRegulator10getTriggerEv
                0x10045d60       0x34 /home/leon/git/swp-report/iMX6_Platform_SDK/output/mx6sdl/lib/libsdk.a(pmu_driver.o)
                0x10045d60                pmu::LDOARMRegulator::getTrigger() const
 .text._ZN3pmu15LDOARMRegulator10setTriggerEm
                0x10045d94       0x44 /home/leon/git/swp-report/iMX6_Platform_SDK/output/mx6sdl/lib/libsdk.a(pmu_driver.o)
                0x10045d94                pmu::LDOARMRegulator::setTrigger(unsigned long)
 .text._ZNK3pmu15LDOARMRegulator11getBrownoutEv
                0x10045dd8       0x34 /home/leon/git/swp-report/iMX6_Platform_SDK/output/mx6sdl/lib/libsdk.a(pmu_driver.o)
                0x10045dd8                pmu::LDOARMRegulator::getBrownout() const
 .text._ZN3pmu15LDOARMRegulator11setBrownoutEm
                0x10045e0c       0x44 /home/leon/git/swp-report/iMX6_Platform_SDK/output/mx6sdl/lib/libsdk.a(pmu_driver.o)
                0x10045e0c                pmu::LDOARMRegulator::setBrownout(unsigned long)
 .text._ZNK3pmu20LDOGraphicsRegulator23isBrownoutDetectEnabledEv
                0x10045e50       0x44 /home/leon/git/swp-report/iMX6_Platform_SDK/output/mx6sdl/lib/libsdk.a(pmu_driver.o)
                0x10045e50                pmu::LDOGraphicsRegulator::isBrownoutDetectEnabled() const
 .text._ZNK3pmu20LDOGraphicsRegulator12isInBrownoutEv
                0x10045e94       0x6c /home/leon/git/swp-report/iMX6_Platform_SDK/output/mx6sdl/lib/libsdk.a(pmu_driver.o)
                0x10045e94                pmu::LDOGraphicsRegulator::isInBrownout() const
 .text._ZNK3pmu20LDOGraphicsRegulator4isOKEv
                0x10045f00       0x24 /home/leon/git/swp-report/iMX6_Platform_SDK/output/mx6sdl/lib/libsdk.a(pmu_driver.o)
                0x10045f00                pmu::LDOGraphicsRegulator::isOK() const
 .text._ZNK3pmu20LDOGraphicsRegulator11getRampRateEv
                0x10045f24       0x34 /home/leon/git/swp-report/iMX6_Platform_SDK/output/mx6sdl/lib/libsdk.a(pmu_driver.o)
                0x10045f24                pmu::LDOGraphicsRegulator::getRampRate() const
 .text._ZNK3pmu20LDOGraphicsRegulator10getTriggerEv
                0x10045f58       0x34 /home/leon/git/swp-report/iMX6_Platform_SDK/output/mx6sdl/lib/libsdk.a(pmu_driver.o)
                0x10045f58                pmu::LDOGraphicsRegulator::getTrigger() const
 .text._ZN3pmu20LDOGraphicsRegulator10setTriggerEm
                0x10045f8c       0x44 /home/leon/git/swp-report/iMX6_Platform_SDK/output/mx6sdl/lib/libsdk.a(pmu_driver.o)
                0x10045f8c                pmu::LDOGraphicsRegulator::setTrigger(unsigned long)
 .text._ZNK3pmu20LDOGraphicsRegulator11getBrownoutEv
                0x10045fd0       0x34 /home/leon/git/swp-report/iMX6_Platform_SDK/output/mx6sdl/lib/libsdk.a(pmu_driver.o)
                0x10045fd0                pmu::LDOGraphicsRegulator::getBrownout() const
 .text._ZN3pmu20LDOGraphicsRegulator11setBrownoutEm
                0x10046004       0x44 /home/leon/git/swp-report/iMX6_Platform_SDK/output/mx6sdl/lib/libsdk.a(pmu_driver.o)
                0x10046004                pmu::LDOGraphicsRegulator::setBrownout(unsigned long)
 .text._ZNK3pmu15LDOSoCRegulator23isBrownoutDetectEnabledEv
                0x10046048       0x44 /home/leon/git/swp-report/iMX6_Platform_SDK/output/mx6sdl/lib/libsdk.a(pmu_driver.o)
                0x10046048                pmu::LDOSoCRegulator::isBrownoutDetectEnabled() const
 .text._ZNK3pmu15LDOSoCRegulator12isInBrownoutEv
                0x1004608c       0x6c /home/leon/git/swp-report/iMX6_Platform_SDK/output/mx6sdl/lib/libsdk.a(pmu_driver.o)
                0x1004608c                pmu::LDOSoCRegulator::isInBrownout() const
 .text._ZNK3pmu15LDOSoCRegulator4isOKEv
                0x100460f8       0x74 /home/leon/git/swp-report/iMX6_Platform_SDK/output/mx6sdl/lib/libsdk.a(pmu_driver.o)
                0x100460f8                pmu::LDOSoCRegulator::isOK() const
 .text._ZNK3pmu15LDOSoCRegulator11getRampRateEv
                0x1004616c       0x34 /home/leon/git/swp-report/iMX6_Platform_SDK/output/mx6sdl/lib/libsdk.a(pmu_driver.o)
                0x1004616c                pmu::LDOSoCRegulator::getRampRate() const
 .text._ZNK3pmu15LDOSoCRegulator10getTriggerEv
                0x100461a0       0x34 /home/leon/git/swp-report/iMX6_Platform_SDK/output/mx6sdl/lib/libsdk.a(pmu_driver.o)
                0x100461a0                pmu::LDOSoCRegulator::getTrigger() const
 .text._ZN3pmu15LDOSoCRegulator10setTriggerEm
                0x100461d4       0x44 /home/leon/git/swp-report/iMX6_Platform_SDK/output/mx6sdl/lib/libsdk.a(pmu_driver.o)
                0x100461d4                pmu::LDOSoCRegulator::setTrigger(unsigned long)
 .text._ZNK3pmu15LDOSoCRegulator11getBrownoutEv
                0x10046218       0x34 /home/leon/git/swp-report/iMX6_Platform_SDK/output/mx6sdl/lib/libsdk.a(pmu_driver.o)
                0x10046218                pmu::LDOSoCRegulator::getBrownout() const
 .text._ZN3pmu15LDOSoCRegulator11setBrownoutEm
                0x1004624c       0x44 /home/leon/git/swp-report/iMX6_Platform_SDK/output/mx6sdl/lib/libsdk.a(pmu_driver.o)
                0x1004624c                pmu::LDOSoCRegulator::setBrownout(unsigned long)
 .text._ZN3pmu9_pmu_infoC2Ev
                0x10046290       0x84 /home/leon/git/swp-report/iMX6_Platform_SDK/output/mx6sdl/lib/libsdk.a(pmu_driver.o)
                0x10046290                pmu::_pmu_info::_pmu_info()
                0x10046290                pmu::_pmu_info::_pmu_info()
 .text._ZN3pmu15AnalogRegulatorC2I15_hw_pmu_reg_2p5EERVT_
                0x10046314       0x50 /home/leon/git/swp-report/iMX6_Platform_SDK/output/mx6sdl/lib/libsdk.a(pmu_driver.o)
                0x10046314                pmu::AnalogRegulator::AnalogRegulator<_hw_pmu_reg_2p5>(_hw_pmu_reg_2p5 volatile&)
                0x10046314                pmu::AnalogRegulator::AnalogRegulator<_hw_pmu_reg_2p5>(_hw_pmu_reg_2p5 volatile&)
 .text._ZN3pmu15AnalogRegulatorC2I15_hw_pmu_reg_3p0EERVT_
                0x10046364       0x50 /home/leon/git/swp-report/iMX6_Platform_SDK/output/mx6sdl/lib/libsdk.a(pmu_driver.o)
                0x10046364                pmu::AnalogRegulator::AnalogRegulator<_hw_pmu_reg_3p0>(_hw_pmu_reg_3p0 volatile&)
                0x10046364                pmu::AnalogRegulator::AnalogRegulator<_hw_pmu_reg_3p0>(_hw_pmu_reg_3p0 volatile&)
 .text          0x100463b4      0xb4c /home/leon/git/swp-report/iMX6_Platform_SDK/output/mx6sdl/lib/libsdk.a(pwm.o)
                0x100463b4                pwm_init
                0x100468cc                pwm_clear_int_status
                0x100469b8                pwm_setup_interrupt
                0x10046c80                pwm_free_interrupt
                0x10046d28                pwm_isr_test_end
                0x10046d6c                pwm_enable
                0x10046df4                pwm_disable
                0x10046e84                pwm_get_clock_freq
 .text          0x10046f00      0x3b0 /home/leon/git/swp-report/iMX6_Platform_SDK/output/mx6sdl/lib/libsdk.a(rtc.o)
                0x10046f00                snvs_rtc_interrupt_handler
                0x1004701c                snvs_rtc_setup_interrupt
                0x10047080                rtc_init
                0x10047100                rtc_deinit
                0x1004715c                rtc_setup_onetime_timer
                0x100471d0                rtc_setup_periodic_timer
                0x10047258                rtc_disable_periodic_timer
 .text          0x100472b0      0x210 /home/leon/git/swp-report/iMX6_Platform_SDK/output/mx6sdl/lib/libsdk.a(srtc.o)
                0x100472b0                snvs_srtc_setup_interrupt
                0x10047314                snvs_srtc_interrupt_handler
                0x100473d8                srtc_init
                0x1004741c                srtc_deinit
                0x1004744c                srtc_setup_onetime_timer
 .text          0x100474c0     0x1224 /home/leon/git/swp-report/iMX6_Platform_SDK/output/mx6sdl/lib/libsdk.a(sdma.o)
                0x10047a0c                sdma_init
                0x10047bd4                sdma_deinit
                0x10047cc8                sdma_channel_start
                0x10047d74                sdma_channel_stop
                0x10047dd4                sdma_channel_request
                0x100481cc                sdma_channel_release
                0x100483ec                sdma_channel_status
                0x10048520                sdma_lookup_script
                0x1004860c                sdma_setup_interrupt
                0x10048680                sdma_channel_isr_attach
 .text          0x100486e4        0x0 /home/leon/git/swp-report/iMX6_Platform_SDK/output/mx6sdl/lib/libsdk.a(sdma_script_info.o)
 .text          0x100486e4      0x4e8 /home/leon/git/swp-report/iMX6_Platform_SDK/output/mx6sdl/lib/libsdk.a(snvs.o)
                0x100486e4                snvs_rtc_counter
                0x1004878c                snvs_rtc_alarm
                0x10048834                snvs_rtc_periodic_interrupt
                0x10048918                snvs_rtc_set_counter
                0x10048970                snvs_rtc_set_alarm_timeout
                0x100489c8                snvs_srtc_counter
                0x10048a70                snvs_srtc_alarm
                0x10048b18                snvs_srtc_set_counter
                0x10048b70                snvs_srtc_set_alarm_timeout
                0x10048bac                snvs_init
                0x10048bbc                snvs_deinit
 .text          0x10048bcc     0x132c /home/leon/git/swp-report/iMX6_Platform_SDK/output/mx6sdl/lib/libsdk.a(ecspi.o)
                0x100491bc                ecspi_configure
                0x10049b44                ecspi_open
                0x10049bfc                ecspi_close
                0x10049d08                ecspi_xfer
 .text          0x10049ef8      0x4e8 /home/leon/git/swp-report/iMX6_Platform_SDK/output/mx6sdl/lib/libsdk.a(tempmon.o)
                0x10049ef8                compute_temp
                0x10049fa8                compute_alarm
                0x1004a0a4                tempmon_init
                0x1004a16c                tempmon_get_temp
                0x1004a24c                tempmon_set_alarm
                0x1004a374                tempmon_disable_alarm
 .text          0x1004a3e0      0x528 /home/leon/git/swp-report/iMX6_Platform_SDK/output/mx6sdl/lib/libsdk.a(gpt.o)
                0x1004a400                gpt_get_rollover_event
                0x1004a44c                gpt_get_capture_event
                0x1004a4fc                gpt_set_capture_event
                0x1004a584                gpt_get_compare_event
                0x1004a5ec                gpt_set_compare_event
                0x1004a6f4                gpt_counter_disable
                0x1004a72c                gpt_counter_enable
                0x1004a774                gpt_setup_interrupt
                0x1004a7d8                gpt_init
 .text          0x1004a908      0x3a8 /home/leon/git/swp-report/iMX6_Platform_SDK/output/mx6sdl/lib/libsdk.a(usb_common.o)
                0x1004a908                usb_get_port_speed
                0x1004aaa4                swap32
                0x1004ab20                get_menu_item
 .text          0x1004acb0     0x2ac4 /home/leon/git/swp-report/iMX6_Platform_SDK/output/mx6sdl/lib/libsdk.a(usbd_drv.o)
                0x1004acb0                usbd_device_init
                0x1004bcd8                usbd_bus_reset
                0x1004c044                usbd_get_setup_packet
                0x1004c5fc                usbd_device_send_control_packet
                0x1004ca10                usbd_device_send_zero_len_packet
                0x1004cd90                usbd_endpoint_qh_init
                0x1004ceb4                usbd_dtd_init
                0x1004d000                usbd_add_dtd
                0x1004d694                usbd_reclaim_dtd
 .text          0x1004d774     0x37f0 /home/leon/git/swp-report/iMX6_Platform_SDK/output/mx6sdl/lib/libsdk.a(usbh_drv.o)
                0x1004d774                usbh_init