Archive member included because of file (symbol)

/home/leon/git/swp-report/iMX6_Platform_SDK/output/mx6sl/lib/libsdk.a(ccm_pll.o)
                              /home/leon/git/swp-report/iMX6_Platform_SDK/output/mx6sl/ping/evk_rev_a/obj/apps/common/platform_init.o (ccm_init)
/home/leon/git/swp-report/iMX6_Platform_SDK/output/mx6sl/lib/libsdk.a(cortexA9.o)
                              /home/leon/git/swp-report/iMX6_Platform_SDK/output/mx6sl/ping/evk_rev_a/obj/apps/common/platform_init.o (arm_set_interrupt_state)
/home/leon/git/swp-report/iMX6_Platform_SDK/output/mx6sl/lib/libsdk.a(gic.o)
                              /home/leon/git/swp-report/iMX6_Platform_SDK/output/mx6sl/ping/evk_rev_a/obj/apps/common/platform_init.o (gic_init)
/home/leon/git/swp-report/iMX6_Platform_SDK/output/mx6sl/lib/libsdk.a(mmu.o)
                              /home/leon/git/swp-report/iMX6_Platform_SDK/output/mx6sl/ping/evk_rev_a/obj/apps/common/platform_init.o (mmu_init)
/home/leon/git/swp-report/iMX6_Platform_SDK/output/mx6sl/lib/libsdk.a(startup.o)
                              (_start)
/home/leon/git/swp-report/iMX6_Platform_SDK/output/mx6sl/lib/libsdk.a(vectors.o)
                              /home/leon/git/swp-report/iMX6_Platform_SDK/output/mx6sl/lib/libsdk.a(startup.o) (vectors)
/home/leon/git/swp-report/iMX6_Platform_SDK/output/mx6sl/lib/libsdk.a(system_util.o)
                              /home/leon/git/swp-report/iMX6_Platform_SDK/output/mx6sl/lib/libsdk.a(startup.o) (_sys_exit)
/home/leon/git/swp-report/iMX6_Platform_SDK/output/mx6sl/lib/libsdk.a(text_color.o)
                              /home/leon/git/swp-report/iMX6_Platform_SDK/output/mx6sl/lib/libsdk.a(system_util.o) (g_TextAttributeBold)
/home/leon/git/swp-report/iMX6_Platform_SDK/output/mx6sl/lib/libsdk.a(fec_drv.o)
                              /home/leon/git/swp-report/iMX6_Platform_SDK/output/mx6sl/ping/evk_rev_a/obj/apps/ping/src/ping_main.o (imx_fec_get_phy_status)
/home/leon/git/swp-report/iMX6_Platform_SDK/output/mx6sl/lib/libsdk.a(timer.o)
                              /home/leon/git/swp-report/iMX6_Platform_SDK/output/mx6sl/ping/evk_rev_a/obj/apps/ping/src/ping_main.o (hal_delay_us)
/home/leon/git/swp-report/iMX6_Platform_SDK/output/mx6sl/lib/libsdk.a(imx_uart.o)
                              /home/leon/git/swp-report/iMX6_Platform_SDK/output/mx6sl/ping/evk_rev_a/obj/apps/common/platform_init.o (uart_getchar)
/home/leon/git/swp-report/iMX6_Platform_SDK/output/mx6sl/lib/libsdk.a(arm_abort.o)
                              /home/leon/git/swp-report/iMX6_Platform_SDK/output/mx6sl/lib/libsdk.a(vectors.o) (data_abort_handler)
/home/leon/git/swp-report/iMX6_Platform_SDK/output/mx6sl/lib/libsdk.a(interrupt.o)
                              /home/leon/git/swp-report/iMX6_Platform_SDK/output/mx6sl/lib/libsdk.a(vectors.o) (IRQ_HDLR)
/home/leon/git/swp-report/iMX6_Platform_SDK/output/mx6sl/lib/libsdk.a(epit.o)
                              /home/leon/git/swp-report/iMX6_Platform_SDK/output/mx6sl/lib/libsdk.a(timer.o) (epit_get_compare_event)
/home/leon/git/swp-report/iMX6_Platform_SDK/output/mx6sl/lib/libsdk.a(abort_handler.o)
                              /home/leon/git/swp-report/iMX6_Platform_SDK/output/mx6sl/lib/libsdk.a(arm_abort.o) (dump_regs)
/home/leon/git/swp-report/iMX6_Platform_SDK/output/mx6sl/lib/libboard_evk_rev_a.a(board_io_expanders.o)
                              /home/leon/git/swp-report/iMX6_Platform_SDK/output/mx6sl/ping/evk_rev_a/obj/apps/common/platform_init.o (board_ioexpander_init)
/home/leon/git/swp-report/iMX6_Platform_SDK/output/mx6sl/lib/libboard_evk_rev_a.a(dcd.o)
                              /home/leon/git/swp-report/iMX6_Platform_SDK/output/mx6sl/ping/evk_rev_a/obj/apps/common/ivt.o (input_dcd_hdr)
/home/leon/git/swp-report/iMX6_Platform_SDK/output/mx6sl/lib/libboard_evk_rev_a.a(hardware_modules.o)
                              /home/leon/git/swp-report/iMX6_Platform_SDK/output/mx6sl/ping/evk_rev_a/obj/apps/common/platform_init.o (g_debug_uart_port)
/home/leon/git/swp-report/iMX6_Platform_SDK/output/mx6sl/lib/libboard_evk_rev_a.a(uart_iomux_config.o)
                              /home/leon/git/swp-report/iMX6_Platform_SDK/output/mx6sl/lib/libsdk.a(imx_uart.o) (uart_iomux_config)
/home/leon/git/swp-report/iMX6_Platform_SDK/output/mx6sl/lib/libboard_evk_rev_a.a(iomux_config.o)
                              /home/leon/git/swp-report/iMX6_Platform_SDK/output/mx6sl/lib/libboard_evk_rev_a.a(uart_iomux_config.o) (uart2_iomux_config)
/home/leon/git/swp-report/iMX6_Platform_SDK/output/mx6sl/lib/libboard_evk_rev_a.a(kpp_iomux_config.o)
                              /home/leon/git/swp-report/iMX6_Platform_SDK/output/mx6sl/lib/libboard_evk_rev_a.a(iomux_config.o) (kpp_iomux_config)
/home/leon/git/swp-report/iMX6_Platform_SDK/output/mx6sl/lib/libboard_evk_rev_a.a(lcd_iomux_config.o)
                              /home/leon/git/swp-report/iMX6_Platform_SDK/output/mx6sl/lib/libboard_evk_rev_a.a(iomux_config.o) (lcd_iomux_config)
[...]
Memory Configuration

Name             Origin             Length             Attributes
OCRAM            0x00900000         0x00020000         xrw
DDR              0x80000000         0x40000000         xrw
*default*        0x00000000         0xffffffff

Linker script and memory map

LOAD /home/leon/riotboard/arm-2012.09/bin/../lib/gcc/arm-none-eabi/4.7.2//crtbegin.o
LOAD /home/leon/riotboard/arm-2012.09/bin/../lib/gcc/arm-none-eabi/4.7.2//crti.o
LOAD /home/leon/riotboard/arm-2012.09/bin/../lib/gcc/arm-none-eabi/4.7.2//crtend.o
LOAD /home/leon/riotboard/arm-2012.09/bin/../lib/gcc/arm-none-eabi/4.7.2//crtn.o

.l1_page_table  0x00900000     0x4000
                0x00900000                __l1_page_table_start = .
                0x00904000                . = (. + 0x4000)
 *fill*         0x00900000     0x4000 

.heap.ocram     0x00904000    0x1bfb8
                0x00904000                __heap_ocram_start = .
                0x0091ffb8                . = (. + 0x1bfb8)
 *fill*         0x00904000    0x1bfb8 
                0x0091ffb8                __heap_ocram_end = .

.ram_vectors    0x0091ffb8       0x48
                0x0091ffb8                __ram_vectors_start = .
                0x00920000                . = (. + 0x48)
 *fill*         0x0091ffb8       0x48 
                0x00920000                __ram_vectors_end = .
                0x80000000                _start_image_add = ORIGIN (DDR)

.ivt            0x80000000      0x420
                0x80000400                . = (. + 0x400)
 *fill*         0x80000000      0x400 
 *(.ivt)
 .ivt           0x80000400       0x20 /home/leon/git/swp-report/iMX6_Platform_SDK/output/mx6sl/ping/evk_rev_a/obj/apps/common/ivt.o
                0x80000400                input_ivt

.boot_data      0x80000420        0xc
                0x80000420                __start_boot_data = .
 *(.boot_data)
 .boot_data     0x80000420        0xc /home/leon/git/swp-report/iMX6_Platform_SDK/output/mx6sl/ping/evk_rev_a/obj/apps/common/ivt.o
                0x80000420                bd

.dcd_hdr        0x80000430        0x4
                0x80000430                __start_dcd = .
 *(.dcd_hdr)
 .dcd_hdr       0x80000430        0x4 /home/leon/git/swp-report/iMX6_Platform_SDK/output/mx6sl/lib/libboard_evk_rev_a.a(dcd.o)
                0x80000430                input_dcd_hdr

.dcd_wrt_cmd    0x80000434        0x4
 *(.dcd_wrt_cmd)
 .dcd_wrt_cmd   0x80000434        0x4 /home/leon/git/swp-report/iMX6_Platform_SDK/output/mx6sl/lib/libboard_evk_rev_a.a(dcd.o)
                0x80000434                input_dcd_wrt_cmd

.dcd_data       0x80000438      0x240
 *(.dcd_data)
 .dcd_data      0x80000438      0x240 /home/leon/git/swp-report/iMX6_Platform_SDK/output/mx6sl/lib/libboard_evk_rev_a.a(dcd.o)
                0x80000438                input_dcd

.text           0x80000678    0x41d3c
 CREATE_OBJECT_SYMBOLS
 *(.startup)
 .startup       0x80000678      0x138 /home/leon/git/swp-report/iMX6_Platform_SDK/output/mx6sl/lib/libsdk.a(startup.o)
                0x80000678                _start
 *(.text .text.* .gnu.linkonce.t.*)
 .text          0x800007b0      0x128 /home/leon/riotboard/arm-2012.09/bin/../lib/gcc/arm-none-eabi/4.7.2//crtbegin.o
 .text          0x800008d8        0x0 /home/leon/riotboard/arm-2012.09/bin/../lib/gcc/arm-none-eabi/4.7.2//crti.o
 .text          0x800008d8        0x0 /home/leon/riotboard/arm-2012.09/bin/../lib/gcc/arm-none-eabi/4.7.2//crtend.o
 .text          0x800008d8        0x0 /home/leon/riotboard/arm-2012.09/bin/../lib/gcc/arm-none-eabi/4.7.2//crtn.o
 .text          0x800008d8        0x0 /home/leon/git/swp-report/iMX6_Platform_SDK/output/mx6sl/ping/evk_rev_a/obj/apps/common/ivt.o
 .text          0x800008d8       0x98 /home/leon/git/swp-report/iMX6_Platform_SDK/output/mx6sl/ping/evk_rev_a/obj/apps/common/platform_init.o
                0x800008d8                platform_init
 .text          0x80000970      0x6f4 /home/leon/git/swp-report/iMX6_Platform_SDK/output/mx6sl/ping/evk_rev_a/obj/apps/ping/src/ping.o
                0x80000f18                ping_send_now
                0x80000fc8                ping_send_to
                0x80001050                ping_init
 .text          0x80001064      0x514 /home/leon/git/swp-report/iMX6_Platform_SDK/output/mx6sl/ping/evk_rev_a/obj/apps/ping/src/ping_main.o
                0x80001064                netif_status_callback
                0x80001114                netif_link_status_callback
                0x80001180                init_lwip
                0x800012c0                dns_found
                0x80001350                get_target_address
                0x800013dc                ping_received
                0x80001464                run
                0x8000155c                main
 .text          0x80001578      0x968 /home/leon/git/swp-report/iMX6_Platform_SDK/output/mx6sl/lib/libsdk.a(ccm_pll.o)
                0x80001578                ccm_init
                0x8000169c                get_main_clock
                0x80001868                get_peri_clock
                0x80001948                ccm_ccgr_config
                0x800019b0                clock_gating_config
                0x80001d7c                ccm_set_lpm_wakeup_source
                0x80001e70                ccm_enter_low_power
 .text          0x80001ee0      0x164 /home/leon/git/swp-report/iMX6_Platform_SDK/output/mx6sl/lib/libsdk.a(cortexA9.o)
                0x80001ee0                arm_set_interrupt_state
                0x80001f04                cpu_get_current
                0x80001f10                enable_neon_fpu
                0x80001f2c                disable_strict_align_check
                0x80001f40                disable_L1_cache
                0x80001f60                get_arm_private_peripheral_base
                0x80001f68                arm_unified_tlb_invalidate
                0x80001f78                arm_unified_tlb_invalidate_is
                0x80001f88                arm_branch_prediction_enable
                0x80001f98                arm_branch_prediction_disable
                0x80001fa8                arm_branch_target_cache_invalidate
                0x80001fb4                arm_branch_target_cache_invalidate_is
                0x80001fc0                scu_enable
                0x80001fd4                scu_join_smp
                0x80001fe4                scu_leave_smp
                0x80001ff4                scu_get_cpus_in_smp
                0x80002008                scu_enable_maintenance_broadcast
                0x80002018                scu_disable_maintenance_broadcast
                0x80002028                scu_secure_invalidate
 .text          0x80002044      0x5e0 /home/leon/git/swp-report/iMX6_Platform_SDK/output/mx6sl/lib/libsdk.a(gic.o)
                0x80002128                gic_enable
                0x80002188                gic_set_irq_security
                0x80002230                gic_enable_irq
                0x800022ac                gic_set_irq_priority
                0x800022f4                gic_set_cpu_target
                0x80002400                gic_send_sgi
                0x80002454                gic_cpu_enable
                0x800024b4                gic_set_cpu_priority_mask
                0x800024e8                gic_read_irq_ack
                0x80002514                gic_write_end_of_irq
                0x80002544                gic_init
                0x800025e8                gic_init_cpu
 .text          0x80002624      0x460 /home/leon/git/swp-report/iMX6_Platform_SDK/output/mx6sl/lib/libsdk.a(mmu.o)
                0x80002624                mmu_enable
                0x8000265c                mmu_disable
                0x80002690                mmu_init
                0x800027ac                mmu_map_l1_range
                0x800029c4                mmu_virtual_to_physical
 .text          0x80002a84        0x0 /home/leon/git/swp-report/iMX6_Platform_SDK/output/mx6sl/lib/libsdk.a(startup.o)
 .text          0x80002a84        0x4 /home/leon/git/swp-report/iMX6_Platform_SDK/output/mx6sl/lib/libsdk.a(vectors.o)
                0x80002a84                exception_handler
 .text.vectors  0x80002a88       0x48 /home/leon/git/swp-report/iMX6_Platform_SDK/output/mx6sl/lib/libsdk.a(vectors.o)
                0x80002a88                vectors
 .text          0x80002ad0      0x914 /home/leon/git/swp-report/iMX6_Platform_SDK/output/mx6sl/lib/libsdk.a(system_util.o)
                0x80002ad0                _sys_exit
                0x80002aec                mybkpt
                0x80002af4                is_input_char
                0x80002c74                read_input_string
                0x80002f5c                get_input_hex
                0x800031dc                read_int
                0x80003340                jump_to_sdp
 .text          0x800033e4       0xe0 /home/leon/git/swp-report/iMX6_Platform_SDK/output/mx6sl/lib/libsdk.a(text_color.o)
                0x800033e4                printf_color
                0x80003480                get_color_supported
 .text          0x800034c4     0x10d4 /home/leon/git/swp-report/iMX6_Platform_SDK/output/mx6sl/lib/libsdk.a(fec_drv.o)
                0x800034c4                imx_fec_mii_read
                0x800035d4                imx_fec_mii_write
                0x80003aa8                imx_fec_phy_init
                0x80003c1c                imx_fec_get_phy_status
                0x80003d4c                imx_fec_poll
                0x80003e44                imx_fec_send
                0x80003f5c                imx_fec_recv
                0x80004138                imx_fec_init
                0x8000428c                imx_fec_start
                0x8000431c                imx_fec_stop
                0x80004360                imx_fec_isolate_phy
                0x80004404                imx_fec_unisolate_phy
                0x800044cc                imx_fec_mii_type
 .text          0x80004598      0x290 /home/leon/git/swp-report/iMX6_Platform_SDK/output/mx6sl/lib/libsdk.a(timer.o)
                0x80004598                hal_delay_us
                0x80004608                system_time_init
                0x80004768                time_get_microseconds
 .text          0x80004828     0x2820 /home/leon/git/swp-report/iMX6_Platform_SDK/output/mx6sl/lib/libsdk.a(imx_uart.o)
                0x80004828                uart_get_reffreq
                0x80004924                uart_putchar
                0x80004a74                uart_getchar
                0x80004bd4                uart_set_FIFO_mode
                0x80005700                uart_set_loopback_mode
                0x80005954                uart_setup_interrupt
                0x80005a20                uart_init
 .text          0x80007048       0x98 /home/leon/git/swp-report/iMX6_Platform_SDK/output/mx6sl/lib/libsdk.a(arm_abort.o)
                0x80007048                common_abort_handler
                0x800070a8                data_abort_handler
                0x800070c0                prefetch_abort_handler
 .text          0x800070e0      0x1bc /home/leon/git/swp-report/iMX6_Platform_SDK/output/mx6sl/lib/libsdk.a(interrupt.o)
                0x800070e0                IRQ_HDLR
                0x800071a8                disable_interrupt
                0x800071e4                enable_interrupt
                0x8000723c                register_interrupt_routine
                0x80007270                default_interrupt_routine
 .text          0x8000729c      0x8e0 /home/leon/git/swp-report/iMX6_Platform_SDK/output/mx6sl/lib/libsdk.a(epit.o)
                0x8000729c                epit_reload_counter
                0x800072fc                epit_get_counter_value
                0x80007358                epit_set_compare_event
                0x800073b8                epit_get_compare_event
                0x800074b0                epit_counter_disable
                0x80007674                epit_counter_enable
                0x800078d0                epit_setup_interrupt
                0x80007960                epit_init
 .text          0x80007b7c      0x4bc /home/leon/git/swp-report/iMX6_Platform_SDK/output/mx6sl/lib/libsdk.a(abort_handler.o)
                0x80007b7c                dump_regs
 .text          0x80008038       0x10 /home/leon/git/swp-report/iMX6_Platform_SDK/output/mx6sl/lib/libboard_evk_rev_a.a(board_io_expanders.o)
                0x80008038                board_ioexpander_init
 .text          0x80008048        0x0 /home/leon/git/swp-report/iMX6_Platform_SDK/output/mx6sl/lib/libboard_evk_rev_a.a(dcd.o)
 .text          0x80008048        0x0 /home/leon/git/swp-report/iMX6_Platform_SDK/output/mx6sl/lib/libboard_evk_rev_a.a(hardware_modules.o)
 .text          0x80008048       0x90 /home/leon/git/swp-report/iMX6_Platform_SDK/output/mx6sl/lib/libboard_evk_rev_a.a(uart_iomux_config.o)
                0x80008048                uart_iomux_config
 .text          0x800080d8      0x20c /home/leon/git/swp-report/iMX6_Platform_SDK/output/mx6sl/lib/libboard_evk_rev_a.a(iomux_config.o)
                0x800080d8                iomux_config
                0x80008144                arm_iomux_config
                0x80008154                ccm_iomux_config
                0x80008164                ecspi3_iomux_config
                0x80008174                ecspi4_iomux_config
                0x80008184                eim_iomux_config
                0x80008194                epit1_iomux_config
                0x800081a4                epit2_iomux_config
                0x800081b4                gpio2_iomux_config
                0x800081c4                gpio3_iomux_config
                0x800081d4                gpio5_iomux_config
                0x800081e4                gpt_iomux_config
                0x800081f4                pmu_iomux_config
                0x80008204                pwm2_iomux_config
                0x80008214                pwm3_iomux_config
                0x80008224                pwm4_iomux_config
                0x80008234                sdma_iomux_config
                0x80008244                snvs_iomux_config
                0x80008254                spdif_iomux_config
                0x80008264                src_iomux_config
                0x80008274                uart2_iomux_config
                0x80008284                uart3_iomux_config
                0x80008294                uart4_iomux_config
                0x800082a4                uart5_iomux_config
                0x800082b4                usdhc4_iomux_config
                0x800082c4                wdog2_iomux_config
                0x800082d4                xtalosc_iomux_config
 .text          0x800082e4      0x1b0 /home/leon/git/swp-report/iMX6_Platform_SDK/output/mx6sl/lib/libboard_evk_rev_a.a(kpp_iomux_config.o)
                0x800082e4                kpp_iomux_config
 .text          0x80008494      0x5b4 /home/leon/git/swp-report/iMX6_Platform_SDK/output/mx6sl/lib/libboard_evk_rev_a.a(lcd_iomux_config.o)
                0x80008494                lcd_iomux_config
 .text          0x80008a48     0x1644 /home/leon/git/swp-report/iMX6_Platform_SDK/output/mx6sl/lib/libboard_evk_rev_a.a(mmdc_iomux_config.o)
                0x80008a48                mmdc_iomux_config
 .text          0x8000a08c       0x34 /home/leon/git/swp-report/iMX6_Platform_SDK/output/mx6sl/lib/libboard_evk_rev_a.a(pwm1_iomux_config.o)
                0x8000a08c                pwm1_iomux_config
 .text          0x8000a0c0       0x70 /home/leon/git/swp-report/iMX6_Platform_SDK/output/mx6sl/lib/libboard_evk_rev_a.a(sjc_iomux_config.o)
                0x8000a0c0                sjc_iomux_config
 .text          0x8000a130      0x250 /home/leon/git/swp-report/iMX6_Platform_SDK/output/mx6sl/lib/libboard_evk_rev_a.a(spdc_iomux_config.o)
                0x8000a130                spdc_iomux_config
 .text          0x8000a380       0x78 /home/leon/git/swp-report/iMX6_Platform_SDK/output/mx6sl/lib/libboard_evk_rev_a.a(uart1_iomux_config.o)
                0x8000a380                uart1_iomux_config
 .text          0x8000a3f8       0xc0 /home/leon/git/swp-report/iMX6_Platform_SDK/output/mx6sl/lib/libboard_evk_rev_a.a(usb_iomux_config.o)
                0x8000a3f8                usb_iomux_config
 .text          0x8000a4b8      0x1e0 /home/leon/git/swp-report/iMX6_Platform_SDK/output/mx6sl/lib/libboard_evk_rev_a.a(usdhc1_iomux_config.o)
                0x8000a4b8                usdhc1_iomux_config
 .text          0x8000a698      0x174 /home/leon/git/swp-report/iMX6_Platform_SDK/output/mx6sl/lib/libboard_evk_rev_a.a(usdhc2_iomux_config.o)
                0x8000a698                usdhc2_iomux_config
 .text          0x8000a80c      0x11c /home/leon/git/swp-report/iMX6_Platform_SDK/output/mx6sl/lib/libboard_evk_rev_a.a(usdhc3_iomux_config.o)
                0x8000a80c                usdhc3_iomux_config
 .text          0x8000a928       0x34 /home/leon/git/swp-report/iMX6_Platform_SDK/output/mx6sl/lib/libboard_evk_rev_a.a(wdog1_iomux_config.o)
                0x8000a928                wdog1_iomux_config
 .text          0x8000a95c      0x10c /home/leon/git/swp-report/iMX6_Platform_SDK/output/mx6sl/lib/libboard_evk_rev_a.a(audmux_iomux_config.o)
                0x8000a95c                audmux_iomux_config
 .text          0x8000aa68      0x320 /home/leon/git/swp-report/iMX6_Platform_SDK/output/mx6sl/lib/libboard_evk_rev_a.a(csi_iomux_config.o)
                0x8000aa68                csi_iomux_config
 .text          0x8000ad88       0xe0 /home/leon/git/swp-report/iMX6_Platform_SDK/output/mx6sl/lib/libboard_evk_rev_a.a(ecspi1_iomux_config.o)
                0x8000ad88                ecspi1_iomux_config
 .text          0x8000ae68       0xe0 /home/leon/git/swp-report/iMX6_Platform_SDK/output/mx6sl/lib/libboard_evk_rev_a.a(ecspi2_iomux_config.o)
                0x8000ae68                ecspi2_iomux_config
 .text          0x8000af48      0x5d0 /home/leon/git/swp-report/iMX6_Platform_SDK/output/mx6sl/lib/libboard_evk_rev_a.a(epdc_iomux_config.o)
                0x8000af48                epdc_iomux_config
 .text          0x8000b518      0x1dc /home/leon/git/swp-report/iMX6_Platform_SDK/output/mx6sl/lib/libboard_evk_rev_a.a(fec_iomux_config.o)
                0x8000b518                fec_iomux_config
 .text          0x8000b6f4       0x10 /home/leon/git/swp-report/iMX6_Platform_SDK/output/mx6sl/lib/libboard_evk_rev_a.a(gpio1_iomux_config.o)
                0x8000b6f4                gpio1_iomux_config
 .text          0x8000b704       0x10 /home/leon/git/swp-report/iMX6_Platform_SDK/output/mx6sl/lib/libboard_evk_rev_a.a(gpio4_iomux_config.o)
                0x8000b704                gpio4_iomux_config
 .text          0x8000b714       0x78 /home/leon/git/swp-report/iMX6_Platform_SDK/output/mx6sl/lib/libboard_evk_rev_a.a(i2c1_iomux_config.o)
                0x8000b714                i2c1_iomux_config
 .text          0x8000b78c       0x78 /home/leon/git/swp-report/iMX6_Platform_SDK/output/mx6sl/lib/libboard_evk_rev_a.a(i2c2_iomux_config.o)
                0x8000b78c                i2c2_iomux_config
 .text          0x8000b804       0x70 /home/leon/git/swp-report/iMX6_Platform_SDK/output/mx6sl/lib/libboard_evk_rev_a.a(i2c3_iomux_config.o)
                0x8000b804                i2c3_iomux_config
 .text          0x8000b874      0x100 /home/leon/git/swp-report/iMX6_Platform_SDK/output/mx6sl/lib/liblwip.a(def.o)
                0x8000b874                lwip_htons
                0x8000b8c0                lwip_ntohs
                0x8000b8f4                lwip_htonl
                0x8000b948                lwip_ntohl
 .text          0x8000b974     0x3aa8 /home/leon/git/swp-report/iMX6_Platform_SDK/output/mx6sl/lib/liblwip.a(dhcp.o)
                0x8000bda0                dhcp_coarse_tmr
                0x8000be80                dhcp_fine_tmr
                0x8000c3f4                dhcp_set_struct
                0x8000c4dc                dhcp_cleanup
                0x8000c55c                dhcp_start
                0x8000c820                dhcp_inform
                0x8000c9f4                dhcp_network_changed
                0x8000cad4                dhcp_arp_reply
                0x8000d244                dhcp_renew
                0x8000d75c                dhcp_release
                0x8000d978                dhcp_stop
 .text          0x8000f41c     0x10d0 /home/leon/git/swp-report/iMX6_Platform_SDK/output/mx6sl/lib/liblwip.a(dns.o)
                0x8000f41c                dns_init
                0x8000f4f4                dns_setserver
                0x8000f578                dns_getserver
                0x8000f5c8                dns_tmr
                0x8001040c                dns_gethostbyname
 .text          0x800104ec      0x864 /home/leon/git/swp-report/iMX6_Platform_SDK/output/mx6sl/lib/liblwip.a(inet_chksum.o)
                0x800104ec                lwip_standard_chksum
                0x800107f8                inet_chksum_pseudo
                0x80010afc                inet_chksum_pseudo_partial
                0x80010be8                inet_chksum
                0x80010c2c                inet_chksum_pbuf
 .text          0x80010d50       0x30 /home/leon/git/swp-report/iMX6_Platform_SDK/output/mx6sl/lib/liblwip.a(init.o)
                0x80010d50                lwip_init
 .text          0x80010d80      0xcc0 /home/leon/git/swp-report/iMX6_Platform_SDK/output/mx6sl/lib/liblwip.a(autoip.o)
                0x80010d80                autoip_set_struct
                0x8001123c                autoip_start
                0x800114c8                autoip_network_changed
                0x80011518                autoip_stop
                0x80011558                autoip_tmr
                0x800118a0                autoip_arp_reply
 .text          0x80011a40     0x11b0 /home/leon/git/swp-report/iMX6_Platform_SDK/output/mx6sl/lib/liblwip.a(igmp.o)
                0x80011a40                igmp_init
                0x80011a78                igmp_dump_group_list
                0x80011abc                igmp_start
                0x80011b5c                igmp_stop
                0x80011c58                igmp_report_groups
                0x80011cc0                igmp_lookfor_group
                0x80011f1c                igmp_input
                0x80012328                igmp_joingroup
                0x8001252c                igmp_leavegroup
                0x80012718                igmp_tmr
 .text          0x80012bf0     0x11e4 /home/leon/git/swp-report/iMX6_Platform_SDK/output/mx6sl/lib/liblwip.a(ip4.o)
                0x80012bf0                ip_route
                0x80012ce4                ip_input
                0x80013480                ip_output_if
                0x800134ec                ip_output_if_opt
                0x80013c04                ip_output
                0x80013cdc                ip_output_hinted
 .text          0x80013dd4      0x7dc /home/leon/git/swp-report/iMX6_Platform_SDK/output/mx6sl/lib/liblwip.a(ip4_addr.o)
                0x80013dd4                ip4_addr_isbroadcast
                0x80013eb0                ip4_addr_netmask_valid
                0x80013f58                ipaddr_addr
                0x80013fa0                ipaddr_aton
                0x8001436c                ipaddr_ntoa
                0x800143a4                ipaddr_ntoa_r
 .text          0x800145b0        0x0 /home/leon/git/swp-report/iMX6_Platform_SDK/output/mx6sl/lib/liblwip.a(memp.o)
 .text          0x800145b0      0xdd8 /home/leon/git/swp-report/iMX6_Platform_SDK/output/mx6sl/lib/liblwip.a(netif.o)
                0x800145b0                netif_init
                0x800145c0                netif_add
                0x80014784                netif_set_addr
                0x800147d0                netif_remove
                0x80014900                netif_find
                0x800149c8                netif_set_ipaddr
                0x80014b5c                netif_set_gw
                0x80014ba0                netif_set_netmask
                0x80014bfc                netif_set_default
                0x80014c50                netif_set_up
                0x80014d30                netif_set_down
                0x80014dc4                netif_set_status_callback
                0x80014dfc                netif_set_link_up
                0x80014ef0                netif_set_link_down
                0x80014f58                netif_set_link_callback
                0x80014f90                netif_loop_output
                0x8001518c                netif_poll
                0x8001533c                netif_poll_all
 .text          0x80015388     0x1b34 /home/leon/git/swp-report/iMX6_Platform_SDK/output/mx6sl/lib/liblwip.a(pbuf.o)
                0x80015388                pbuf_free_ooseq
                0x8001542c                pbuf_alloc
                0x800159e4                pbuf_realloc
                0x80015c5c                pbuf_header
                0x80015e7c                pbuf_free
                0x80016058                pbuf_clen
                0x800160ac                pbuf_ref
                0x800160ec                pbuf_cat
                0x80016244                pbuf_chain
                0x80016278                pbuf_dechain
                0x800163b8                pbuf_copy
                0x800166e0                pbuf_copy_partial
                0x800168ac                pbuf_take
                0x80016aa8                pbuf_coalesce
                0x80016b74                pbuf_get_at
                0x80016c2c                pbuf_memcmp
                0x80016d58                pbuf_memfind
                0x80016e1c                pbuf_strstr
 .text          0x80016ebc      0x5e4 /home/leon/git/swp-report/iMX6_Platform_SDK/output/mx6sl/lib/liblwip.a(raw.o)
                0x80016ebc                raw_input
                0x80017038                raw_bind
                0x80017088                raw_connect
                0x800170d8                raw_recv
                0x80017114                raw_sendto
                0x8001730c                raw_send
                0x8001734c                raw_remove
                0x80017408                raw_new
 .text          0x800174a0     0x5eb4 /home/leon/git/swp-report/iMX6_Platform_SDK/output/mx6sl/lib/liblwip.a(mib2.o)
                0x80017514                objectidncpy
                0x80017588                snmp_set_sysdesr
                0x800175d4                snmp_get_sysobjid_ptr
                0x80017600                snmp_set_sysobjid
                0x80017640                snmp_inc_sysuptime
                0x8001766c                snmp_add_sysuptime
                0x800176a8                snmp_get_sysuptime
                0x800176fc                snmp_set_syscontact
                0x80017748                snmp_set_sysname
                0x80017794                snmp_set_syslocation
                0x800177e0                snmp_add_ifinoctets
                0x80017818                snmp_inc_ifinucastpkts
                0x80017848                snmp_inc_ifinnucastpkts
                0x80017878                snmp_inc_ifindiscards
                0x800178a8                snmp_add_ifoutoctets
                0x800178e0                snmp_inc_ifoutucastpkts
                0x80017910                snmp_inc_ifoutnucastpkts
                0x80017940                snmp_inc_ifoutdiscards
                0x80017970                snmp_inc_iflist
                0x800179c8                snmp_dec_iflist
                0x80017a18                snmp_insert_arpidx_tree
                0x80017c38                snmp_delete_arpidx_tree
                0x80017ee8                snmp_inc_ipinreceives
                0x80017f14                snmp_inc_ipinhdrerrors
                0x80017f40                snmp_inc_ipinaddrerrors
                0x80017f6c                snmp_inc_ipforwdatagrams
                0x80017f98                snmp_inc_ipinunknownprotos
                0x80017fc4                snmp_inc_ipindiscards
                0x80017ff0                snmp_inc_ipindelivers
                0x8001801c                snmp_inc_ipoutrequests
                0x80018048                snmp_inc_ipoutdiscards
                0x80018074                snmp_inc_ipoutnoroutes
                0x800180a0                snmp_inc_ipreasmreqds
                0x800180cc                snmp_inc_ipreasmoks
                0x800180f8                snmp_inc_ipreasmfails
                0x80018124                snmp_inc_ipfragoks
                0x80018150                snmp_inc_ipfragfails
                0x8001817c                snmp_inc_ipfragcreates
                0x800181a8                snmp_inc_iproutingdiscards
                0x800181d4                snmp_insert_ipaddridx_tree
                0x80018364                snmp_delete_ipaddridx_tree
                0x800185d8                snmp_insert_iprteidx_tree
                0x80018794                snmp_delete_iprteidx_tree
                0x80018a34                snmp_inc_icmpinmsgs
                0x80018a60                snmp_inc_icmpinerrors
                0x80018a8c                snmp_inc_icmpindestunreachs
                0x80018ab8                snmp_inc_icmpintimeexcds
                0x80018ae4                snmp_inc_icmpinparmprobs
                0x80018b10                snmp_inc_icmpinsrcquenchs
                0x80018b3c                snmp_inc_icmpinredirects
                0x80018b68                snmp_inc_icmpinechos
                0x80018b94                snmp_inc_icmpinechoreps
                0x80018bc0                snmp_inc_icmpintimestamps
                0x80018bec                snmp_inc_icmpintimestampreps
                0x80018c18                snmp_inc_icmpinaddrmasks
                0x80018c44                snmp_inc_icmpinaddrmaskreps
                0x80018c70                snmp_inc_icmpoutmsgs
                0x80018c9c                snmp_inc_icmpouterrors
                0x80018cc8                snmp_inc_icmpoutdestunreachs
                0x80018cf4                snmp_inc_icmpouttimeexcds
                0x80018d20                snmp_inc_icmpoutparmprobs
                0x80018d4c                snmp_inc_icmpoutsrcquenchs
                0x80018d78                snmp_inc_icmpoutredirects
                0x80018da4                snmp_inc_icmpoutechos
                0x80018dd0                snmp_inc_icmpoutechoreps
                0x80018dfc                snmp_inc_icmpouttimestamps
                0x80018e28                snmp_inc_icmpouttimestampreps
                0x80018e54                snmp_inc_icmpoutaddrmasks
                0x80018e80                snmp_inc_icmpoutaddrmaskreps
                0x80018eac                snmp_inc_tcpactiveopens
                0x80018ed8                snmp_inc_tcppassiveopens
                0x80018f04                snmp_inc_tcpattemptfails
                0x80018f30                snmp_inc_tcpestabresets
                0x80018f5c                snmp_inc_tcpinsegs
                0x80018f88                snmp_inc_tcpoutsegs
                0x80018fb4                snmp_inc_tcpretranssegs
                0x80018fe0                snmp_inc_tcpinerrs
                0x8001900c                snmp_inc_tcpoutrsts
                0x80019038                snmp_inc_udpindatagrams
                0x80019064                snmp_inc_udpnoports
                0x80019090                snmp_inc_udpinerrors
                0x800190bc                snmp_inc_udpoutdatagrams
                0x800190e8                snmp_insert_udpidx_tree
                0x80019280                snmp_delete_udpidx_tree
                0x80019578                snmp_inc_snmpinpkts
                0x800195a4                snmp_inc_snmpoutpkts
                0x800195d0                snmp_inc_snmpinbadversions
                0x800195fc                snmp_inc_snmpinbadcommunitynames
                0x80019628                snmp_inc_snmpinbadcommunityuses
                0x80019654                snmp_inc_snmpinasnparseerrs
                0x80019680                snmp_inc_snmpintoobigs
                0x800196ac                snmp_inc_snmpinnosuchnames
                0x800196d8                snmp_inc_snmpinbadvalues
                0x80019704                snmp_inc_snmpinreadonlys
                0x80019730                snmp_inc_snmpingenerrs
                0x8001975c                snmp_add_snmpintotalreqvars
                0x8001979c                snmp_add_snmpintotalsetvars
                0x800197dc                snmp_inc_snmpingetrequests
                0x80019808                snmp_inc_snmpingetnexts
                0x80019834                snmp_inc_snmpinsetrequests
                0x80019860                snmp_inc_snmpingetresponses
                0x8001988c                snmp_inc_snmpintraps
                0x800198b8                snmp_inc_snmpouttoobigs
                0x800198e4                snmp_inc_snmpoutnosuchnames
                0x80019910                snmp_inc_snmpoutbadvalues
                0x8001993c                snmp_inc_snmpoutgenerrs
                0x80019968                snmp_inc_snmpoutgetrequests
                0x80019994                snmp_inc_snmpoutgetnexts
                0x800199c0                snmp_inc_snmpoutsetrequests
                0x800199ec                snmp_inc_snmpoutgetresponses
                0x80019a18                snmp_inc_snmpouttraps
                0x80019a44                snmp_get_snmpgrpid_ptr
                0x80019a70                snmp_set_snmpenableauthentraps
                0x80019aa8                snmp_get_snmpenableauthentraps
                0x80019adc                noleafs_get_object_def
                0x80019b10                noleafs_get_value
                0x80019b38                noleafs_set_test
                0x80019b68                noleafs_set_value
 .text          0x8001d354     0x1e68 /home/leon/git/swp-report/iMX6_Platform_SDK/output/mx6sl/lib/liblwip.a(mib_structs.o)
                0x8001d4a8                snmp_ifindextonetif
                0x8001d530                snmp_netiftoifindex
                0x8001d5b0                snmp_oidtoip
                0x8001d62c                snmp_iptooid
                0x8001d6a8                snmp_mib_ln_alloc
                0x8001d720                snmp_mib_ln_free
                0x8001d744                snmp_mib_lrn_alloc
                0x8001d804                snmp_mib_lrn_free
                0x8001d828                snmp_mib_node_insert
                0x8001db00                snmp_mib_node_find
                0x8001dc34                snmp_mib_node_delete
                0x8001ddd8                snmp_search_tree
                0x8001e2c4                snmp_expand_tree
                0x8001effc                snmp_iso_prefix_tst
                0x8001f088                snmp_iso_prefix_expand
 .text          0x8001f1bc     0x3030 /home/leon/git/swp-report/iMX6_Platform_SDK/output/mx6sl/lib/liblwip.a(msg_in.o)
                0x8001f1bc                snmp_init
                0x800209b4                snmp_msg_event
                0x80021dc8                snmp_varbind_alloc
                0x80021ffc                snmp_varbind_free
                0x80022060                snmp_varbind_list_free
                0x800220d8                snmp_varbind_tail_add
                0x80022168                snmp_varbind_tail_remove
 .text          0x800221ec     0x1bcc /home/leon/git/swp-report/iMX6_Platform_SDK/output/mx6sl/lib/liblwip.a(msg_out.o)
                0x800221ec                snmp_trap_dst_enable
                0x80022244                snmp_trap_dst_ip_set
                0x800222a0                snmp_send_response
                0x800224b4                snmp_send_trap
                0x800226fc                snmp_coldstart_trap
                0x8002274c                snmp_authfail_trap
 .text          0x80023db8      0x6c8 /home/leon/git/swp-report/iMX6_Platform_SDK/output/mx6sl/lib/liblwip.a(stats.o)
                0x80023db8                stats_init
                0x80023e80                stats_display_proto
                0x80023fd0                stats_display_igmp
                0x80024150                stats_display_mem
                0x800241e0                stats_display_memp
                0x80024264                stats_display_sys
                0x80024364                stats_display
 .text          0x80024480     0x4af8 /home/leon/git/swp-report/iMX6_Platform_SDK/output/mx6sl/lib/liblwip.a(tcp_in.o)
                0x80024480                tcp_input
 .text          0x80028f78     0x2ee0 /home/leon/git/swp-report/iMX6_Platform_SDK/output/mx6sl/lib/liblwip.a(tcp.o)
                0x80028f78                tcp_init
                0x80028f88                tcp_tmr
                0x80029470                tcp_close
                0x800294c8                tcp_shutdown
                0x800295d0                tcp_abandon
                0x80029794                tcp_abort
                0x800297bc                tcp_bind
                0x80029a14                tcp_listen_with_backlog
                0x80029d10                tcp_update_rcv_ann_wnd
                0x80029e3c                tcp_recved
                0x8002a078                tcp_connect
                0x8002a4f4                tcp_slowtmr
                0x8002aedc                tcp_fasttmr
                0x8002b008                tcp_process_refused_data
                0x8002b174                tcp_segs_free
                0x8002b1bc                tcp_seg_free
                0x8002b20c                tcp_setprio
                0x8002b23c                tcp_seg_copy
                0x8002b2ac                tcp_recv_null
                0x8002b4cc                tcp_alloc
                0x8002b720                tcp_new
                0x8002b740                tcp_arg
                0x8002b76c                tcp_recv
                0x8002b7d4                tcp_sent
                0x8002b83c                tcp_err
                0x8002b8a4                tcp_accept
                0x8002b8d0                tcp_poll
                0x8002b94c                tcp_pcb_purge
                0x8002bb54                tcp_pcb_remove
                0x8002bd58                tcp_next_iss
                0x8002bda0                tcp_eff_send_mss_impl
                0x8002be24                tcp_debug_state_str
 .text          0x8002be58     0x2e6c /home/leon/git/swp-report/iMX6_Platform_SDK/output/mx6sl/lib/liblwip.a(tcp_out.o)
                0x8002c118                tcp_send_fin
                0x8002c814                tcp_write
                0x8002d338                tcp_enqueue_flags
                0x8002d79c                tcp_send_empty_ack
                0x8002d8cc                tcp_output
                0x8002e310                tcp_rst_impl
                0x8002e5e8                tcp_rexmit_rto
                0x8002e6a0                tcp_rexmit
                0x8002e804                tcp_rexmit_fast
                0x8002e918                tcp_keepalive
                0x8002ea30                tcp_zero_window_probe
 .text          0x8002ecc4      0x724 /home/leon/git/swp-report/iMX6_Platform_SDK/output/mx6sl/lib/liblwip.a(timers.o)
                0x8002ed34                tcp_timer_needed
                0x8002eedc                sys_timeouts_init
                0x8002ef78                sys_timeout
                0x8002f18c                sys_untimeout
                0x8002f2a0                sys_check_timeouts
                0x8002f3c4                sys_restart_timeouts
 .text          0x8002f3e8     0x1294 /home/leon/git/swp-report/iMX6_Platform_SDK/output/mx6sl/lib/liblwip.a(udp.o)
                0x8002f3e8                udp_init
                0x8002f4e8                udp_input
                0x8002fd00                udp_send
                0x8002fd44                udp_sendto
                0x8002fdf8                udp_sendto_if
                0x800301c0                udp_bind
                0x800303a4                udp_connect
                0x800304d0                udp_disconnect
                0x8003051c                udp_recv
                0x80030558                udp_remove
                0x8003061c                udp_new
 .text          0x8003067c     0x2750 /home/leon/git/swp-report/iMX6_Platform_SDK/output/mx6sl/lib/liblwip.a(etharp.o)
                0x80030a58                etharp_tmr
                0x80031530                etharp_cleanup_netif
                0x800315f0                etharp_find_addr
                0x80031df0                etharp_output
                0x80032254                etharp_query
                0x800327f4                etharp_raw
                0x80032ae4                etharp_request
                0x80032b5c                ethernet_input
 .text          0x80032dcc      0x660 /home/leon/git/swp-report/iMX6_Platform_SDK/output/mx6sl/lib/liblwip.a(mx6_ethernetif.o)
                0x80032dcc                enet_set_mac
                0x80032dfc                imx_fec_setup
                0x80032e60                init_fec
                0x8003329c                enet_poll_for_packet
                0x800332e8                enet_init
 .text          0x8003342c      0x188 /home/leon/git/swp-report/iMX6_Platform_SDK/output/mx6sl/lib/liblwip.a(mx6_lwip.o)
                0x8003342c                mx6_init_lwip
                0x80033458                check_and_update_ms_timer
                0x800334d0                mx6_run_lwip
 .text          0x800335b4       0x40 /home/leon/git/swp-report/iMX6_Platform_SDK/output/mx6sl/lib/liblwip.a(sys_arch.o)
                0x800335b4                sys_now
 .text          0x800335f4      0x8a8 /home/leon/git/swp-report/iMX6_Platform_SDK/output/mx6sl/lib/liblwip.a(icmp.o)
                0x800335f4                icmp_input
                0x80033c84                icmp_dest_unreach
 .text          0x80033e9c      0xfa0 /home/leon/git/swp-report/iMX6_Platform_SDK/output/mx6sl/lib/liblwip.a(asn1_dec.o)
                0x80033e9c                snmp_asn1_dec_type
                0x80033f5c                snmp_asn1_dec_length
                0x80034324                snmp_asn1_dec_u32t
                0x80034588                snmp_asn1_dec_s32t
                0x80034800                snmp_asn1_dec_oid
                0x80034cac                snmp_asn1_dec_raw
 .text          0x80034e3c      0xdb0 /home/leon/git/swp-report/iMX6_Platform_SDK/output/mx6sl/lib/liblwip.a(asn1_enc.o)
                0x80034e3c                snmp_asn1_enc_length_cnt
                0x80034ea4                snmp_asn1_enc_u32t_cnt
                0x80034f4c                snmp_asn1_enc_s32t_cnt
                0x80034ff0                snmp_asn1_enc_oid_cnt
                0x800350d4                snmp_asn1_enc_type
                0x80035190                snmp_asn1_enc_length
                0x800353c0                snmp_asn1_enc_u32t
                0x800355b4                snmp_asn1_enc_s32t
                0x80035718                snmp_asn1_enc_oid
                0x80035a7c                snmp_asn1_enc_raw
 .text          0x80035bec       0x14 /home/leon/riotboard/arm-2012.09/bin/../arm-none-eabi/lib//libc.a(lib_a-abort.o)
                0x80035bec                abort
 .text          0x80035c00       0x68 /home/leon/riotboard/arm-2012.09/bin/../arm-none-eabi/lib//libc.a(lib_a-assert.o)
                0x80035c00                __assert_func
                0x80035c58                __assert
 .text          0x80035c68       0x20 /home/leon/riotboard/arm-2012.09/bin/../arm-none-eabi/lib//libc.a(lib_a-bzero.o)
                0x80035c68                bzero
 .text          0x80035c88      0x26c /home/leon/riotboard/arm-2012.09/bin/../arm-none-eabi/lib//libc.a(lib_a-fflush.o)
                0x80035c88                _fflush_r
                0x80035eb4                fflush
 .text          0x80035ef4      0x2c4 /home/leon/riotboard/arm-2012.09/bin/../arm-none-eabi/lib//libc.a(lib_a-findfp.o)
                0x80035f04                _cleanup_r
                0x80035f98                __sfmoreglue
                0x80035fe0                _cleanup
                0x80035ff0                __sinit
                0x80036068                __sfp
                0x80036160                __sfp_lock_acquire
                0x80036164                __sfp_lock_release
                0x80036168                __sinit_lock_acquire
                0x8003616c                __sinit_lock_release
                0x80036170                __fp_lock_all
                0x80036194                __fp_unlock_all
 .text          0x800361b8       0x70 /home/leon/riotboard/arm-2012.09/bin/../arm-none-eabi/lib//libc.a(lib_a-fiprintf.o)
                0x800361b8                _fiprintf_r
                0x800361e8                fiprintf
 .text          0x80036228       0x94 /home/leon/riotboard/arm-2012.09/bin/../arm-none-eabi/lib//libc.a(lib_a-fputc.o)
                0x80036228                _fputc_r
                0x8003626c                fputc
 .text          0x800362bc      0x368 /home/leon/riotboard/arm-2012.09/bin/../arm-none-eabi/lib//libc.a(lib_a-freer.o)
                0x800362bc                _malloc_trim_r
                0x800363b8                _free_r
 .text          0x80036624      0x114 /home/leon/riotboard/arm-2012.09/bin/../arm-none-eabi/lib//libc.a(lib_a-fwalk.o)
                0x80036624                _fwalk
                0x800366ac                _fwalk_reent
 .text          0x80036738        0x0 /home/leon/riotboard/arm-2012.09/bin/../arm-none-eabi/lib//libc.a(lib_a-impure.o)
 .text          0x80036738       0x88 /home/leon/riotboard/arm-2012.09/bin/../arm-none-eabi/lib//libc.a(lib_a-init.o)
                0x80036738                __libc_init_array
 .text          0x800367c0       0x40 /home/leon/riotboard/arm-2012.09/bin/../arm-none-eabi/lib//libc.a(lib_a-malloc.o)
                0x800367c0                malloc
                0x800367e0                free
 .text          0x80036800      0x71c /home/leon/riotboard/arm-2012.09/bin/../arm-none-eabi/lib//libc.a(lib_a-mallocr.o)
                0x80036800                _malloc_r
 .text          0x80036f1c       0xb4 /home/leon/riotboard/arm-2012.09/bin/../arm-none-eabi/lib//libc.a(lib_a-memcmp.o)
                0x80036f1c                memcmp
 .text          0x80036fd0      0x20c /home/leon/riotboard/arm-2012.09/bin/../arm-none-eabi/lib//libc.a(lib_a-memcpy.o)
                0x80036fd0                memcpy
 .text          0x800371dc      0x134 /home/leon/riotboard/arm-2012.09/bin/../arm-none-eabi/lib//libc.a(lib_a-memset.o)
                0x800371dc                memset
 .text          0x80037310        0x8 /home/leon/riotboard/arm-2012.09/bin/../arm-none-eabi/lib//libc.a(lib_a-mlock.o)
                0x80037310                __malloc_lock
                0x80037314                __malloc_unlock
 .text          0x80037318       0x74 /home/leon/riotboard/arm-2012.09/bin/../arm-none-eabi/lib//libc.a(lib_a-printf.o)
                0x80037318                _printf_r
                0x8003734c                printf
 .text          0x8003738c      0x170 /home/leon/riotboard/arm-2012.09/bin/../arm-none-eabi/lib//libc.a(lib_a-putc.o)
                0x8003738c                _putc_r
                0x8003743c                putc
 .text          0x800374fc       0x78 /home/leon/riotboard/arm-2012.09/bin/../arm-none-eabi/lib//libc.a(lib_a-rand.o)
                0x800374fc                srand
                0x80037518                rand
 .text          0x80037574       0x28 /home/leon/riotboard/arm-2012.09/bin/../arm-none-eabi/lib//libc.a(lib_a-realloc.o)
                0x80037574                realloc
 .text          0x8003759c      0x574 /home/leon/riotboard/arm-2012.09/bin/../arm-none-eabi/lib//libc.a(lib_a-reallocr.o)
                0x8003759c                _realloc_r
 .text          0x80037b10       0x6c /home/leon/riotboard/arm-2012.09/bin/../arm-none-eabi/lib//libc.a(lib_a-rget.o)
                0x80037b10                __srget_r
                0x80037b68                __srget
 .text          0x80037b7c       0x40 /home/leon/riotboard/arm-2012.09/bin/../arm-none-eabi/lib//libc.a(lib_a-sbrkr.o)
                0x80037b7c                _sbrk_r
 .text          0x80037bbc      0x24c /home/leon/riotboard/arm-2012.09/bin/../arm-none-eabi/lib//libc.a(lib_a-signal.o)
                0x80037bbc                _init_signal_r
                0x80037c1c                _signal_r
                0x80037c88                _raise_r
                0x80037d20                __sigtramp_r
                0x80037db4                raise
                0x80037dc8                signal
                0x80037de4                _init_signal
                0x80037df4                __sigtramp
 .text          0x80037e08       0x50 /home/leon/riotboard/arm-2012.09/bin/../arm-none-eabi/lib//libc.a(lib_a-signalr.o)
                0x80037e08                _kill_r
                0x80037e48                _getpid_r
 .text          0x80037e58       0xdc /home/leon/riotboard/arm-2012.09/bin/../arm-none-eabi/lib//libc.a(lib_a-stdio.o)
                0x80037e58                __sread
                0x80037e8c                __seofread
                0x80037e94                __swrite
                0x80037eec                __sseek
                0x80037f20                __sclose
 .text          0x80037f34      0x230 /home/leon/riotboard/arm-2012.09/bin/../arm-none-eabi/lib//libc.a(lib_a-strcmp.o)
                0x80037f34                strcmp
 .text          0x80038164       0x60 /home/leon/riotboard/arm-2012.09/bin/../arm-none-eabi/lib//libc.a(lib_a-strlen.o)
                0x80038164                strlen
 .text          0x800381c4      0x140 /home/leon/riotboard/arm-2012.09/bin/../arm-none-eabi/lib//libc.a(lib_a-strncmp.o)
                0x800381c4                strncmp
 .text          0x80038304     0x12c4 /home/leon/riotboard/arm-2012.09/bin/../arm-none-eabi/lib//libc.a(lib_a-vfiprintf.o)
                0x80038304                __sprint_r
                0x800383c0                _vfiprintf_r
                0x8003959c                vfiprintf
 .text          0x800395c8     0x2180 /home/leon/riotboard/arm-2012.09/bin/../arm-none-eabi/lib//libc.a(lib_a-vfprintf.o)
                0x800395c8                _vfprintf_r
                0x8003b71c                vfprintf
 .text          0x8003b748       0x4c /home/leon/riotboard/arm-2012.09/bin/../arm-none-eabi/lib//libc.a(lib_a-vprintf.o)
                0x8003b748                vprintf
                0x8003b774                _vprintf_r
 .text          0x8003b794      0x14c /home/leon/riotboard/arm-2012.09/bin/../arm-none-eabi/lib//libc.a(lib_a-wbuf.o)
                0x8003b794                __swbuf_r
                0x8003b8c4                __swbuf
 .text          0x8003b8e0       0x44 /home/leon/riotboard/arm-2012.09/bin/../arm-none-eabi/lib//libc.a(lib_a-writer.o)
                0x8003b8e0                _write_r
 .text          0x8003b924      0x138 /home/leon/riotboard/arm-2012.09/bin/../arm-none-eabi/lib//libc.a(lib_a-wsetup.o)
                0x8003b924                __swsetup_r
 .text          0x8003ba5c       0x3c /home/leon/riotboard/arm-2012.09/bin/../arm-none-eabi/lib//libc.a(lib_a-closer.o)
                0x8003ba5c                _close_r
 .text          0x8003ba98     0x18a8 /home/leon/riotboard/arm-2012.09/bin/../arm-none-eabi/lib//libc.a(lib_a-dtoa.o)
                0x8003bc78                _dtoa_r
 .text          0x8003d340      0x10c /home/leon/riotboard/arm-2012.09/bin/../arm-none-eabi/lib//libc.a(lib_a-fclose.o)
                0x8003d340                _fclose_r
                0x8003d438                fclose
 .text          0x8003d44c      0x19c /home/leon/riotboard/arm-2012.09/bin/../arm-none-eabi/lib//libc.a(lib_a-fputwc.o)
                0x8003d44c                _fputwc_r
                0x8003d59c                fputwc
 .text          0x8003d5e8      0x4c4 /home/leon/riotboard/arm-2012.09/bin/../arm-none-eabi/lib//libc.a(lib_a-fvwrite.o)
                0x8003d5e8                __sfvwrite_r
 .text          0x8003daac       0xd0 /home/leon/riotboard/arm-2012.09/bin/../arm-none-eabi/lib//libc.a(lib_a-locale.o)
                0x8003daac                _setlocale_r
                0x8003db18                __locale_charset
                0x8003db24                __locale_mb_cur_max
                0x8003db34                __locale_msgcharset
                0x8003db40                __locale_cjk_lang
                0x8003db48                _localeconv_r
                0x8003db54                setlocale
                0x8003db70                localeconv
 .text          0x8003db7c       0x44 /home/leon/riotboard/arm-2012.09/bin/../arm-none-eabi/lib//libc.a(lib_a-lseekr.o)
                0x8003db7c                _lseek_r
 .text          0x8003dbc0      0x15c /home/leon/riotboard/arm-2012.09/bin/../arm-none-eabi/lib//libc.a(lib_a-makebuf.o)
                0x8003dbc0                __smakebuf_r
 .text          0x8003dd1c      0x11c /home/leon/riotboard/arm-2012.09/bin/../arm-none-eabi/lib//libc.a(lib_a-memchr.o)
                0x8003dd1c                memchr
 .text          0x8003de38      0x134 /home/leon/riotboard/arm-2012.09/bin/../arm-none-eabi/lib//libc.a(lib_a-memmove.o)
                0x8003de38                memmove
 .text          0x8003df6c      0xd20 /home/leon/riotboard/arm-2012.09/bin/../arm-none-eabi/lib//libc.a(lib_a-mprec.o)
                0x8003df6c                _Balloc
                0x8003dff8                _Bfree
                0x8003e014                __multadd
                0x8003e0f0                __s2b
                0x8003e1e0                __hi0bits
                0x8003e230                __lo0bits
                0x8003e2c4                __i2b
                0x8003e2e8                __multiply
                0x8003e4cc                __pow5mult
                0x8003e5c0                __lshift
                0x8003e6c4                __mcmp
                0x8003e728                __mdiff
                0x8003e874                __ulp
                0x8003e8d8                __b2d
                0x8003e9a4                __d2b
                0x8003eaac                __ratio
                0x8003eb3c                _mprec_log10
                0x8003eb90                __copybits
                0x8003ec04                __any_on
 .text          0x8003ec8c       0x44 /home/leon/riotboard/arm-2012.09/bin/../arm-none-eabi/lib//libc.a(lib_a-readr.o)
                0x8003ec8c                _read_r
 .text          0x8003ecd0      0x19c /home/leon/riotboard/arm-2012.09/bin/../arm-none-eabi/lib//libc.a(lib_a-reent.o)
                0x8003ecd0                cleanup_glue
                0x8003ecfc                _reclaim_reent
                0x8003edf8                _wrapup_reent
 .text          0x8003ee6c      0x1cc /home/leon/riotboard/arm-2012.09/bin/../arm-none-eabi/lib//libc.a(lib_a-refill.o)
                0x8003ee94                __srefill_r
 .text          0x8003f038       0x6c /home/leon/riotboard/arm-2012.09/bin/../arm-none-eabi/lib//libc.a(lib_a-s_fpclassify.o)
                0x8003f038                __fpclassifyd
 .text          0x8003f0a4      0x134 /home/leon/riotboard/arm-2012.09/bin/../arm-none-eabi/lib//libc.a(lib_a-wcrtomb.o)
                0x8003f0a4                _wcrtomb_r
                0x8003f134                wcrtomb
 .text          0x8003f1d8       0x7c /home/leon/riotboard/arm-2012.09/bin/../arm-none-eabi/lib//libc.a(lib_a-wctomb_r.o)
                0x8003f1d8                __ascii_wctomb
                0x8003f204                _wctomb_r
 .text          0x8003f254       0x94 /home/leon/riotboard/arm-2012.09/bin/../arm-none-eabi/lib//libc.a(lib_a-callocr.o)
                0x8003f254                _calloc_r
 .text          0x8003f2e8       0x40 /home/leon/riotboard/arm-2012.09/bin/../arm-none-eabi/lib//libc.a(lib_a-fstatr.o)
                0x8003f2e8                _fstat_r
 .text          0x8003f328       0x3c /home/leon/riotboard/arm-2012.09/bin/../arm-none-eabi/lib//libc.a(lib_a-isattyr.o)
                0x8003f328                _isatty_r
 .text          0x8003f364      0x114 /home/leon/riotboard/arm-2012.09/bin/../lib/gcc/arm-none-eabi/4.7.2//libgcc.a(_udivsi3.o)
                0x8003f364                __udivsi3
                0x8003f364                __aeabi_uidiv
                0x8003f458                __aeabi_uidivmod
 .text          0x8003f478      0x148 /home/leon/riotboard/arm-2012.09/bin/../lib/gcc/arm-none-eabi/4.7.2//libgcc.a(_divsi3.o)
                0x8003f478                __aeabi_idiv
                0x8003f478                __divsi3
                0x8003f5a0                __aeabi_idivmod
 .text          0x8003f5c0        0x4 /home/leon/riotboard/arm-2012.09/bin/../lib/gcc/arm-none-eabi/4.7.2//libgcc.a(_dvmd_tls.o)
                0x8003f5c0                __aeabi_ldiv0
                0x8003f5c0                __aeabi_idiv0
 .text          0x8003f5c4      0x41c /home/leon/riotboard/arm-2012.09/bin/../lib/gcc/arm-none-eabi/4.7.2//libgcc.a(_arm_addsubdf3.o)
                0x8003f5c4                __aeabi_drsub
                0x8003f5cc                __aeabi_dsub
                0x8003f5cc                __subdf3
                0x8003f5d0                __adddf3
                0x8003f5d0                __aeabi_dadd
                0x8003f8e0                __aeabi_ui2d
                0x8003f8e0                __floatunsidf
                0x8003f904                __floatsidf
                0x8003f904                __aeabi_i2d
                0x8003f92c                __extendsfdf2
                0x8003f92c                __aeabi_f2d
                0x8003f96c                __aeabi_ul2d
                0x8003f96c                __floatundidf
                0x8003f980                __floatdidf
                0x8003f980                __aeabi_l2d
 .text          0x8003f9e0      0x49c /home/leon/riotboard/arm-2012.09/bin/../lib/gcc/arm-none-eabi/4.7.2//libgcc.a(_arm_muldivdf3.o)
                0x8003f9e0                __aeabi_dmul
                0x8003f9e0                __muldf3
                0x8003fc70                __aeabi_ddiv
                0x8003fc70                __divdf3
 .text          0x8003fe7c      0x144 /home/leon/riotboard/arm-2012.09/bin/../lib/gcc/arm-none-eabi/4.7.2//libgcc.a(_arm_cmpdf2.o)
                0x8003fe7c                __gtdf2
                0x8003fe7c                __gedf2
                0x8003fe84                __ltdf2
                0x8003fe84                __ledf2
                0x8003fe8c                __cmpdf2
                0x8003fe8c                __eqdf2
                0x8003fe8c                __nedf2
                0x8003ff14                __aeabi_cdrcmple
                0x8003ff30                __aeabi_cdcmple
                0x8003ff30                __aeabi_cdcmpeq
                0x8003ff48                __aeabi_dcmpeq
                0x8003ff60                __aeabi_dcmplt
                0x8003ff78                __aeabi_dcmple
                0x8003ff90                __aeabi_dcmpge
                0x8003ffa8                __aeabi_dcmpgt
 .text          0x8003ffc0       0x5c /home/leon/riotboard/arm-2012.09/bin/../lib/gcc/arm-none-eabi/4.7.2//libgcc.a(_arm_fixdfsi.o)
                0x8003ffc0                __fixdfsi
                0x8003ffc0                __aeabi_d2iz
 .text          0x8004001c       0x3c /home/leon/riotboard/arm-2012.09/bin/../lib/gcc/arm-none-eabi/4.7.2//libgcc.a(_aeabi_uldivmod.o)
                0x8004001c                __aeabi_uldivmod
 .text          0x80040058       0x84 /home/leon/riotboard/arm-2012.09/bin/../lib/gcc/arm-none-eabi/4.7.2//libgcc.a(bpabi.o)
                0x80040058                __gnu_ldivmod_helper
                0x8004009c                __gnu_uldivmod_helper
 .text          0x800400dc      0x4f0 /home/leon/riotboard/arm-2012.09/bin/../lib/gcc/arm-none-eabi/4.7.2//libgcc.a(_divdi3.o)
                0x800400dc                __divdi3
 .text          0x800405cc      0x488 /home/leon/riotboard/arm-2012.09/bin/../lib/gcc/arm-none-eabi/4.7.2//libgcc.a(_udivdi3.o)
                0x800405cc                __udivdi3
 .text          0x80040a54       0x48 /home/leon/riotboard/arm-2012.09/bin/../lib/gcc/arm-none-eabi/4.7.2//libgcc.a(_clzsi2.o)
                0x80040a54                __clzsi2
 .text          0x80040a9c      0x610 /home/leon/git/swp-report/iMX6_Platform_SDK/output/mx6sl/lib/libsdk.a(runtime_support.o)
                0x80040a9c                _execve
                0x80040ad8                _fork
                0x80040b00                _isatty
                0x80040b24                _open
                0x80040b50                _close
                0x80040b74                _lseek
                0x80040ba0                _fstat
                0x80040bd4                _read
                0x80040ca4                _write
                0x80040d90                _raw_puts
                0x80040e10                _sbrk
                0x80040ec0                _exit
                0x80040ee0                _kill
                0x80040f18                _getpid
                0x80040f30                _link
                0x80040f68                _unlink
                0x80040f9c                _stat
                0x80040fd0                _times
                0x80040ff4                _gettimeofday
                0x80041078                _wait
 .text          0x800410ac     0x1308 /home/leon/git/swp-report/iMX6_Platform_SDK/output/mx6sl/lib/libsdk.a(gpio.o)
                0x800410dc                gpio_get_port_count
                0x800410f4                gpio_set_gpio
                0x800411b8                gpio_set_direction
                0x80041414                gpio_get_direction
                0x8004155c                gpio_set_level
                0x8004189c                gpio_get_level
                0x800419fc                gpio_set_interrupt_config
                0x80041e00                gpio_set_interrupt_mask
                0x80042044                gpio_get_interrupt_status
                0x800421a0                gpio_clear_interrupt
 .text          0x800423b4        0x0 /home/leon/git/swp-report/iMX6_Platform_SDK/output/mx6sl/lib/libsdk.a(imx6sl_gpio_map.o)
 *(.glue_7t)
 .glue_7t       0x00000000        0x0 linker stubs
 *(.glue_7)
 .glue_7        0x00000000        0x0 linker stubs
 *(.vfp11_veneer)
 .vfp11_veneer  0x00000000        0x0 linker stubs
 *(.ARM.extab* .gnu.linkonce.armextab.*)
 .ARM.extab.startup
                0x800423b4        0x0 /home/leon/git/swp-report/iMX6_Platform_SDK/output/mx6sl/lib/libsdk.a(startup.o)
 .ARM.extab     0x800423b4        0x0 /home/leon/riotboard/arm-2012.09/bin/../lib/gcc/arm-none-eabi/4.7.2//libgcc.a(_divdi3.o)
 .ARM.extab     0x800423b4        0x0 /home/leon/riotboard/arm-2012.09/bin/../lib/gcc/arm-none-eabi/4.7.2//libgcc.a(_udivdi3.o)
 *(.gcc_except_table)

.v4_bx          0x800423b4        0x0
 .v4_bx         0x00000000        0x0 linker stubs

.iplt           0x800423b4        0x0
 .iplt          0x00000000        0x0 /home/leon/riotboard/arm-2012.09/bin/../lib/gcc/arm-none-eabi/4.7.2//crtbegin.o

.ctors
 *crtbegin.o(.ctors)
 *crtbegin?.o(.ctors)
 *(EXCLUDE_FILE(*crtend?.o *crtend.o) .ctors)
 *(SORT(.ctors.*))
 *(.ctors)

.dtors
 *crtbegin.o(.dtors)
 *crtbegin?.o(.dtors)
 *(EXCLUDE_FILE(*crtend?.o *crtend.o) .dtors)
 *(SORT(.dtors.*))
 *(.dtors)

.rodata         0x800423b8     0x4980
 *(.rodata .rodata.* .gnu.linkonce.r.*)
 .rodata        0x800423b8       0xd0 /home/leon/git/swp-report/iMX6_Platform_SDK/output/mx6sl/ping/evk_rev_a/obj/apps/ping/src/ping.o
 .rodata        0x80042488      0x130 /home/leon/git/swp-report/iMX6_Platform_SDK/output/mx6sl/ping/evk_rev_a/obj/apps/ping/src/ping_main.o
                0x80042488                kMACAddress
 .rodata        0x800425b8       0x34 /home/leon/git/swp-report/iMX6_Platform_SDK/output/mx6sl/lib/libsdk.a(ccm_pll.o)
                0x800425b8                PLL1_OUTPUT
                0x800425bc                PLL2_OUTPUT
                0x800425d0                PLL3_OUTPUT
                0x800425e4                PLL4_OUTPUT
                0x800425e8                PLL5_OUTPUT
 .rodata        0x800425ec       0x64 /home/leon/git/swp-report/iMX6_Platform_SDK/output/mx6sl/lib/libsdk.a(gic.o)
 .rodata        0x80042650       0xcc /home/leon/git/swp-report/iMX6_Platform_SDK/output/mx6sl/lib/libsdk.a(system_util.o)
 .rodata        0x8004271c       0xf4 /home/leon/git/swp-report/iMX6_Platform_SDK/output/mx6sl/lib/libsdk.a(text_color.o)
                0x80042724                g_TextAttributeDefault
                0x80042730                g_TextAttributeBold
                0x8004273c                g_TextAttributeDim
                0x80042748                g_TextAttributeUnderline
                0x80042754                g_TextAttributeBlink
                0x80042760                g_TextAttributeReverse
                0x8004276c                g_TextAttributeHidden
                0x80042778                g_TextColorBlack
                0x80042784                g_TextColorRed
                0x80042790                g_TextColorGreen
                0x8004279c                g_TextColorYellow
                0x800427a8                g_TextColorBlue
                0x800427b4                g_TextColorMagenta
                0x800427c0                g_TextColorCyan
                0x800427cc                g_TextColorWhite
                0x800427dc                g_TextColorOrange
                0x800427ec                g_TextColorLightBlue
                0x800427fc                g_TextColorGray
                0x8004280c                g_TextColorPurple
 .rodata        0x80042810      0x158 /home/leon/git/swp-report/iMX6_Platform_SDK/output/mx6sl/lib/libsdk.a(fec_drv.o)
 .rodata        0x80042968       0x20 /home/leon/git/swp-report/iMX6_Platform_SDK/output/mx6sl/lib/libsdk.a(interrupt.o)
 .rodata        0x80042988      0x230 /home/leon/git/swp-report/iMX6_Platform_SDK/output/mx6sl/lib/libsdk.a(abort_handler.o)
 .rodata        0x80042bb8       0x74 /home/leon/git/swp-report/iMX6_Platform_SDK/output/mx6sl/lib/libboard_evk_rev_a.a(uart_iomux_config.o)
 .rodata        0x80042c2c      0xa88 /home/leon/git/swp-report/iMX6_Platform_SDK/output/mx6sl/lib/liblwip.a(dhcp.o)
 .rodata        0x800436b4      0x114 /home/leon/git/swp-report/iMX6_Platform_SDK/output/mx6sl/lib/liblwip.a(dns.o)
 .rodata        0x800437c8       0x84 /home/leon/git/swp-report/iMX6_Platform_SDK/output/mx6sl/lib/liblwip.a(inet_chksum.o)
 .rodata        0x8004384c      0x32c /home/leon/git/swp-report/iMX6_Platform_SDK/output/mx6sl/lib/liblwip.a(autoip.o)
 .rodata        0x80043b78      0x18c /home/leon/git/swp-report/iMX6_Platform_SDK/output/mx6sl/lib/liblwip.a(igmp.o)
 .rodata        0x80043d04       0xb0 /home/leon/git/swp-report/iMX6_Platform_SDK/output/mx6sl/lib/liblwip.a(ip4.o)
 .rodata        0x80043db4       0x8c /home/leon/git/swp-report/iMX6_Platform_SDK/output/mx6sl/lib/liblwip.a(ip4_addr.o)
                0x80043db4                ip_addr_any
                0x80043db8                ip_addr_broadcast
 .rodata        0x80043e40       0x1c /home/leon/git/swp-report/iMX6_Platform_SDK/output/mx6sl/lib/liblwip.a(memp.o)
                0x80043e40                memp_sizes
 .rodata        0x80043e5c      0x10c /home/leon/git/swp-report/iMX6_Platform_SDK/output/mx6sl/lib/liblwip.a(netif.o)
 .rodata        0x80043f68      0x4a8 /home/leon/git/swp-report/iMX6_Platform_SDK/output/mx6sl/lib/liblwip.a(pbuf.o)
 .rodata        0x80044410       0x98 /home/leon/git/swp-report/iMX6_Platform_SDK/output/mx6sl/lib/liblwip.a(raw.o)
 .rodata        0x800444a8      0x9cc /home/leon/git/swp-report/iMX6_Platform_SDK/output/mx6sl/lib/liblwip.a(mib2.o)
                0x800444a8                snmp_scalar
                0x800444bc                snmp_ids
                0x8004452c                snmp_nodes
                0x8004459c                snmp
                0x800445b8                udpentry_ids
                0x800445c0                udpentry_nodes
                0x800445c8                udpentry
                0x800445e4                udp_scalar
                0x800445f8                udp_ids
                0x8004460c                udp_nodes
                0x80044620                udp
                0x8004463c                tcpconnentry_ids
                0x80044650                tcpconnentry_nodes
                0x80044664                tcpconnentry
                0x80044680                tcp_scalar
                0x80044694                tcp_ids
                0x800446d0                tcp_nodes
                0x8004470c                tcp
                0x80044728                icmp_scalar
                0x8004473c                icmp_ids
                0x800447a4                icmp_nodes
                0x8004480c                icmp
                0x80044828                ipntomentry_ids
                0x80044838                ipntomentry_nodes
                0x80044848                ipntomentry
                0x80044864                iprteentry_ids
                0x80044898                iprteentry_nodes
                0x800448cc                iprteentry
                0x800448e8                ipaddrentry_ids
                0x800448fc                ipaddrentry_nodes
                0x80044910                ipaddrentry
                0x8004492c                ip_scalar
                0x80044940                ip_ids
                0x8004499c                ip_nodes
                0x800449f8                mib2_ip
                0x80044a14                atentry_ids
                0x80044a20                atentry_nodes
                0x80044a2c                atentry
                0x80044a48                attable_id
                0x80044a4c                attable_node
                0x80044a50                attable
                0x80044a6c                ifentry_ids
                0x80044ac4                ifentry_nodes
                0x80044b1c                ifentry
                0x80044b38                interfaces_scalar
                0x80044b4c                interfaces_ids
                0x80044b54                interfaces_nodes
                0x80044b5c                interfaces
                0x80044b78                sys_tem_scalar
                0x80044b8c                sys_tem_ids
                0x80044ba8                sys_tem_nodes
                0x80044bc4                sys_tem
                0x80044be0                mib2_ids
                0x80044c00                mib2_nodes
                0x80044c20                mib2
                0x80044c3c                mgmt_ids
                0x80044c40                mgmt_nodes
                0x80044c44                mgmt
                0x80044c60                internet_ids
                0x80044c64                internet_nodes
                0x80044c68                internet
 .rodata        0x80044e74       0xe0 /home/leon/git/swp-report/iMX6_Platform_SDK/output/mx6sl/lib/liblwip.a(mib_structs.o)
                0x80044e74                prefix
 .rodata        0x80044f54       0xf0 /home/leon/git/swp-report/iMX6_Platform_SDK/output/mx6sl/lib/liblwip.a(msg_in.o)
                0x80044f54                snmp_version
                0x80044f58                snmp_publiccommunity
 .rodata        0x80045044      0x324 /home/leon/git/swp-report/iMX6_Platform_SDK/output/mx6sl/lib/liblwip.a(stats.o)
 .rodata        0x80045368      0x340 /home/leon/git/swp-report/iMX6_Platform_SDK/output/mx6sl/lib/liblwip.a(tcp_in.o)
 .rodata        0x800456a8      0x530 /home/leon/git/swp-report/iMX6_Platform_SDK/output/mx6sl/lib/liblwip.a(tcp.o)
                0x80045720                tcp_state_str
                0x8004574c                tcp_backoff
                0x8004575c                tcp_persist_backoff
                0x80045764                tcp_pcb_lists
 .rodata        0x80045bd8      0x424 /home/leon/git/swp-report/iMX6_Platform_SDK/output/mx6sl/lib/liblwip.a(tcp_out.o)
 .rodata        0x80045ffc       0xb0 /home/leon/git/swp-report/iMX6_Platform_SDK/output/mx6sl/lib/liblwip.a(timers.o)
 .rodata        0x800460ac       0xc0 /home/leon/git/swp-report/iMX6_Platform_SDK/output/mx6sl/lib/liblwip.a(udp.o)
 .rodata        0x8004616c      0x2c4 /home/leon/git/swp-report/iMX6_Platform_SDK/output/mx6sl/lib/liblwip.a(etharp.o)
                0x8004616c                ethbroadcast
                0x80046174                ethzero
 .rodata        0x80046430       0xb4 /home/leon/git/swp-report/iMX6_Platform_SDK/output/mx6sl/lib/liblwip.a(mx6_ethernetif.o)
 .rodata        0x800464e4      0x18c /home/leon/git/swp-report/iMX6_Platform_SDK/output/mx6sl/lib/liblwip.a(icmp.o)
 .rodata.str1.4
                0x80046670       0x3f /home/leon/riotboard/arm-2012.09/bin/../arm-none-eabi/lib//libc.a(lib_a-assert.o)
                                 0x44 (size before relaxing)
 *fill*         0x800466af        0x1 
 .rodata        0x800466b0        0x4 /home/leon/riotboard/arm-2012.09/bin/../arm-none-eabi/lib//libc.a(lib_a-impure.o)
                0x800466b0                _global_impure_ptr
 .rodata.str1.4
                0x800466b4        0x2 /home/leon/riotboard/arm-2012.09/bin/../arm-none-eabi/lib//libc.a(lib_a-impure.o)
                                  0x4 (size before relaxing)
 *fill*         0x800466b6        0x2 
 .rodata        0x800466b8       0x20 /home/leon/riotboard/arm-2012.09/bin/../arm-none-eabi/lib//libc.a(lib_a-vfiprintf.o)
 .rodata.str1.4
                0x800466d8       0x2f /home/leon/riotboard/arm-2012.09/bin/../arm-none-eabi/lib//libc.a(lib_a-vfiprintf.o)
                                 0x30 (size before relaxing)
 *fill*         0x80046707        0x1 
 .rodata        0x80046708       0x20 /home/leon/riotboard/arm-2012.09/bin/../arm-none-eabi/lib//libc.a(lib_a-vfprintf.o)
 .rodata.str1.4
                0x80046728       0x12 /home/leon/riotboard/arm-2012.09/bin/../arm-none-eabi/lib//libc.a(lib_a-vfprintf.o)
                                 0x44 (size before relaxing)
 *fill*         0x8004673a        0x2 
 .rodata.str1.4
                0x8004673c       0x10 /home/leon/riotboard/arm-2012.09/bin/../arm-none-eabi/lib//libc.a(lib_a-dtoa.o)
                                 0x14 (size before relaxing)
 .rodata.str1.4
                0x8004674c        0xc /home/leon/riotboard/arm-2012.09/bin/../arm-none-eabi/lib//libc.a(lib_a-locale.o)
                                 0x14 (size before relaxing)
 .rodata        0x80046758      0x128 /home/leon/riotboard/arm-2012.09/bin/../arm-none-eabi/lib//libc.a(lib_a-mprec.o)
                0x80046768                __mprec_tens
                0x80046830                __mprec_tinytens
                0x80046858                __mprec_bigtens
 .rodata        0x80046880       0x20 /home/leon/git/swp-report/iMX6_Platform_SDK/output/mx6sl/lib/libsdk.a(runtime_support.o)
 .rodata        0x800468a0       0xe0 /home/leon/git/swp-report/iMX6_Platform_SDK/output/mx6sl/lib/libsdk.a(gpio.o)
 .rodata        0x80046980      0x380 /home/leon/git/swp-report/iMX6_Platform_SDK/output/mx6sl/lib/libsdk.a(imx6sl_gpio_map.o)
                0x80046980                k_gpio_mux_registers
                0x80046d00                . = ALIGN (0x4)
 *(.init)
 .init          0x80046d00        0xc /home/leon/riotboard/arm-2012.09/bin/../lib/gcc/arm-none-eabi/4.7.2//crti.o
                0x80046d00                _init
 .init          0x80046d0c        0xc /home/leon/riotboard/arm-2012.09/bin/../lib/gcc/arm-none-eabi/4.7.2//crtn.o
                0x80046d18                . = ALIGN (0x4)
                0x80046d18                __init_array_start = .
 *(SORT(.init_array.*))
 *(.init_array)
 .init_array    0x80046d18        0x4 /home/leon/riotboard/arm-2012.09/bin/../lib/gcc/arm-none-eabi/4.7.2//crtbegin.o
                0x80046d1c                __init_array_end = .
                0x80046d1c                . = ALIGN (0x4)
 *(.fini)
 .fini          0x80046d1c        0xc /home/leon/riotboard/arm-2012.09/bin/../lib/gcc/arm-none-eabi/4.7.2//crti.o
                0x80046d1c                _fini
 .fini          0x80046d28        0xc /home/leon/riotboard/arm-2012.09/bin/../lib/gcc/arm-none-eabi/4.7.2//crtn.o
                0x80046d34                . = ALIGN (0x4)
                0x80046d34                __fini_array_start = .
 *(.fini_array)
 .fini_array    0x80046d34        0x4 /home/leon/riotboard/arm-2012.09/bin/../lib/gcc/arm-none-eabi/4.7.2//crtbegin.o
 *(SORT(.fini_array.*))
                0x80046d38                __fini_array_end = .
                0x80046d38                PROVIDE (__exidx_start, .)

.eh_frame       0x80046d38        0x4
 .eh_frame      0x80046d38        0x0 /home/leon/riotboard/arm-2012.09/bin/../lib/gcc/arm-none-eabi/4.7.2//crtbegin.o
 .eh_frame      0x80046d38        0x4 /home/leon/riotboard/arm-2012.09/bin/../lib/gcc/arm-none-eabi/4.7.2//crtend.o

.ARM.exidx      0x80046d3c        0x8
 *(.ARM.exidx* .gnu.linkonce.armexidx.*)
 .ARM.exidx.startup
                0x80046d3c        0x8 /home/leon/git/swp-report/iMX6_Platform_SDK/output/mx6sl/lib/libsdk.a(startup.o)
 .ARM.exidx     0x80046d44        0x0 /home/leon/riotboard/arm-2012.09/bin/../lib/gcc/arm-none-eabi/4.7.2//libgcc.a(_divdi3.o)
                                  0x8 (size before relaxing)
 .ARM.exidx     0x80046d44        0x0 /home/leon/riotboard/arm-2012.09/bin/../lib/gcc/arm-none-eabi/4.7.2//libgcc.a(_udivdi3.o)
                                  0x8 (size before relaxing)
                0x80046d44                PROVIDE (__exidx_end, .)

.rel.dyn        0x80046d44        0x0
 .rel.iplt      0x00000000        0x0 /home/leon/riotboard/arm-2012.09/bin/../lib/gcc/arm-none-eabi/4.7.2//crtbegin.o

.data           0x80046d48      0xbfc
 *(.data .data.* .gnu.linkonce.d.*)
 .data          0x80046d48        0x4 /home/leon/riotboard/arm-2012.09/bin/../lib/gcc/arm-none-eabi/4.7.2//crtbegin.o
                0x80046d48                __dso_handle
 .data          0x80046d4c        0x0 /home/leon/riotboard/arm-2012.09/bin/../lib/gcc/arm-none-eabi/4.7.2//crti.o
 .data          0x80046d4c        0x0 /home/leon/riotboard/arm-2012.09/bin/../lib/gcc/arm-none-eabi/4.7.2//crtend.o
 .data          0x80046d4c        0x0 /home/leon/riotboard/arm-2012.09/bin/../lib/gcc/arm-none-eabi/4.7.2//crtn.o
 .data          0x80046d4c        0x0 /home/leon/git/swp-report/iMX6_Platform_SDK/output/mx6sl/ping/evk_rev_a/obj/apps/common/ivt.o
 .data          0x80046d4c        0x0 /home/leon/git/swp-report/iMX6_Platform_SDK/output/mx6sl/ping/evk_rev_a/obj/apps/common/platform_init.o
 .data          0x80046d4c        0x0 /home/leon/git/swp-report/iMX6_Platform_SDK/output/mx6sl/ping/evk_rev_a/obj/apps/ping/src/ping.o
 .data          0x80046d4c        0x0 /home/leon/git/swp-report/iMX6_Platform_SDK/output/mx6sl/ping/evk_rev_a/obj/apps/ping/src/ping_main.o
 .data          0x80046d4c        0x0 /home/leon/git/swp-report/iMX6_Platform_SDK/output/mx6sl/lib/libsdk.a(ccm_pll.o)
 .data          0x80046d4c        0x0 /home/leon/git/swp-report/iMX6_Platform_SDK/output/mx6sl/lib/libsdk.a(cortexA9.o)
 .data          0x80046d4c        0x0 /home/leon/git/swp-report/iMX6_Platform_SDK/output/mx6sl/lib/libsdk.a(gic.o)
 .data          0x80046d4c        0x0 /home/leon/git/swp-report/iMX6_Platform_SDK/output/mx6sl/lib/libsdk.a(mmu.o)
 .data          0x80046d4c        0x0 /home/leon/git/swp-report/iMX6_Platform_SDK/output/mx6sl/lib/libsdk.a(startup.o)
 .data          0x80046d4c        0x0 /home/leon/git/swp-report/iMX6_Platform_SDK/output/mx6sl/lib/libsdk.a(vectors.o)
 .data          0x80046d4c        0x0 /home/leon/git/swp-report/iMX6_Platform_SDK/output/mx6sl/lib/libsdk.a(system_util.o)
 .data          0x80046d4c        0x4 /home/leon/git/swp-report/iMX6_Platform_SDK/output/mx6sl/lib/libsdk.a(text_color.o)
                0x80046d4c                is_color_supported
 .data          0x80046d50        0x0 /home/leon/git/swp-report/iMX6_Platform_SDK/output/mx6sl/lib/libsdk.a(fec_drv.o)
 .data          0x80046d50        0x0 /home/leon/git/swp-report/iMX6_Platform_SDK/output/mx6sl/lib/libsdk.a(timer.o)
 .data          0x80046d50        0x0 /home/leon/git/swp-report/iMX6_Platform_SDK/output/mx6sl/lib/libsdk.a(imx_uart.o)
 .data          0x80046d50        0x4 /home/leon/git/swp-report/iMX6_Platform_SDK/output/mx6sl/lib/libsdk.a(arm_abort.o)
 .data          0x80046d54        0x0 /home/leon/git/swp-report/iMX6_Platform_SDK/output/mx6sl/lib/libsdk.a(interrupt.o)
 .data          0x80046d54        0x0 /home/leon/git/swp-report/iMX6_Platform_SDK/output/mx6sl/lib/libsdk.a(epit.o)
 .data          0x80046d54        0x0 /home/leon/git/swp-report/iMX6_Platform_SDK/output/mx6sl/lib/libsdk.a(abort_handler.o)
 .data          0x80046d54        0x0 /home/leon/git/swp-report/iMX6_Platform_SDK/output/mx6sl/lib/libboard_evk_rev_a.a(board_io_expanders.o)
 .data          0x80046d54        0x0 /home/leon/git/swp-report/iMX6_Platform_SDK/output/mx6sl/lib/libboard_evk_rev_a.a(dcd.o)
 .data          0x80046d54        0x8 /home/leon/git/swp-report/iMX6_Platform_SDK/output/mx6sl/lib/libboard_evk_rev_a.a(hardware_modules.o)
                0x80046d54                g_debug_uart_port
                0x80046d58                g_system_timer_port
 .data          0x80046d5c        0x0 /home/leon/git/swp-report/iMX6_Platform_SDK/output/mx6sl/lib/libboard_evk_rev_a.a(uart_iomux_config.o)
 .data          0x80046d5c        0x0 /home/leon/git/swp-report/iMX6_Platform_SDK/output/mx6sl/lib/libboard_evk_rev_a.a(iomux_config.o)
 .data          0x80046d5c        0x0 /home/leon/git/swp-report/iMX6_Platform_SDK/output/mx6sl/lib/libboard_evk_rev_a.a(kpp_iomux_config.o)
 .data          0x80046d5c        0x0 /home/leon/git/swp-report/iMX6_Platform_SDK/output/mx6sl/lib/libboard_evk_rev_a.a(lcd_iomux_config.o)
 .data          0x80046d5c        0x0 /home/leon/git/swp-report/iMX6_Platform_SDK/output/mx6sl/lib/libboard_evk_rev_a.a(mmdc_iomux_config.o)
 .data          0x80046d5c        0x0 /home/leon/git/swp-report/iMX6_Platform_SDK/output/mx6sl/lib/libboard_evk_rev_a.a(pwm1_iomux_config.o)
 .data          0x80046d5c        0x0 /home/leon/git/swp-report/iMX6_Platform_SDK/output/mx6sl/lib/libboard_evk_rev_a.a(sjc_iomux_config.o)
 .data          0x80046d5c        0x0 /home/leon/git/swp-report/iMX6_Platform_SDK/output/mx6sl/lib/libboard_evk_rev_a.a(spdc_iomux_config.o)
 .data          0x80046d5c        0x0 /home/leon/git/swp-report/iMX6_Platform_SDK/output/mx6sl/lib/libboard_evk_rev_a.a(uart1_iomux_config.o)
 .data          0x80046d5c        0x0 /home/leon/git/swp-report/iMX6_Platform_SDK/output/mx6sl/lib/libboard_evk_rev_a.a(usb_iomux_config.o)
 .data          0x80046d5c        0x0 /home/leon/git/swp-report/iMX6_Platform_SDK/output/mx6sl/lib/libboard_evk_rev_a.a(usdhc1_iomux_config.o)
 .data          0x80046d5c        0x0 /home/leon/git/swp-report/iMX6_Platform_SDK/output/mx6sl/lib/libboard_evk_rev_a.a(usdhc2_iomux_config.o)
 .data          0x80046d5c        0x0 /home/leon/git/swp-report/iMX6_Platform_SDK/output/mx6sl/lib/libboard_evk_rev_a.a(usdhc3_iomux_config.o)
 .data          0x80046d5c        0x0 /home/leon/git/swp-report/iMX6_Platform_SDK/output/mx6sl/lib/libboard_evk_rev_a.a(wdog1_iomux_config.o)
 .data          0x80046d5c        0x0 /home/leon/git/swp-report/iMX6_Platform_SDK/output/mx6sl/lib/libboard_evk_rev_a.a(audmux_iomux_config.o)
 .data          0x80046d5c        0x0 /home/leon/git/swp-report/iMX6_Platform_SDK/output/mx6sl/lib/libboard_evk_rev_a.a(csi_iomux_config.o)
 .data          0x80046d5c        0x0 /home/leon/git/swp-report/iMX6_Platform_SDK/output/mx6sl/lib/libboard_evk_rev_a.a(ecspi1_iomux_config.o)
 .data          0x80046d5c        0x0 /home/leon/git/swp-report/iMX6_Platform_SDK/output/mx6sl/lib/libboard_evk_rev_a.a(ecspi2_iomux_config.o)
 .data          0x80046d5c        0x0 /home/leon/git/swp-report/iMX6_Platform_SDK/output/mx6sl/lib/libboard_evk_rev_a.a(epdc_iomux_config.o)
 .data          0x80046d5c        0x0 /home/leon/git/swp-report/iMX6_Platform_SDK/output/mx6sl/lib/libboard_evk_rev_a.a(fec_iomux_config.o)
 .data          0x80046d5c        0x0 /home/leon/git/swp-report/iMX6_Platform_SDK/output/mx6sl/lib/libboard_evk_rev_a.a(gpio1_iomux_config.o)
 .data          0x80046d5c        0x0 /home/leon/git/swp-report/iMX6_Platform_SDK/output/mx6sl/lib/libboard_evk_rev_a.a(gpio4_iomux_config.o)
 .data          0x80046d5c        0x0 /home/leon/git/swp-report/iMX6_Platform_SDK/output/mx6sl/lib/libboard_evk_rev_a.a(i2c1_iomux_config.o)
 .data          0x80046d5c        0x0 /home/leon/git/swp-report/iMX6_Platform_SDK/output/mx6sl/lib/libboard_evk_rev_a.a(i2c2_iomux_config.o)
 .data          0x80046d5c        0x0 /home/leon/git/swp-report/iMX6_Platform_SDK/output/mx6sl/lib/libboard_evk_rev_a.a(i2c3_iomux_config.o)
 .data          0x80046d5c        0x0 /home/leon/git/swp-report/iMX6_Platform_SDK/output/mx6sl/lib/liblwip.a(def.o)
 .data          0x80046d5c        0x0 /home/leon/git/swp-report/iMX6_Platform_SDK/output/mx6sl/lib/liblwip.a(dhcp.o)
 .data          0x80046d5c        0x0 /home/leon/git/swp-report/iMX6_Platform_SDK/output/mx6sl/lib/liblwip.a(dns.o)
 .data          0x80046d5c        0x0 /home/leon/git/swp-report/iMX6_Platform_SDK/output/mx6sl/lib/liblwip.a(inet_chksum.o)
 .data          0x80046d5c        0x0 /home/leon/git/swp-report/iMX6_Platform_SDK/output/mx6sl/lib/liblwip.a(init.o)
 .data          0x80046d5c        0x0 /home/leon/git/swp-report/iMX6_Platform_SDK/output/mx6sl/lib/liblwip.a(autoip.o)
 .data          0x80046d5c        0x0 /home/leon/git/swp-report/iMX6_Platform_SDK/output/mx6sl/lib/liblwip.a(igmp.o)
 .data          0x80046d5c        0x0 /home/leon/git/swp-report/iMX6_Platform_SDK/output/mx6sl/lib/liblwip.a(ip4.o)
 .data          0x80046d5c        0x0 /home/leon/git/swp-report/iMX6_Platform_SDK/output/mx6sl/lib/liblwip.a(ip4_addr.o)
 .data          0x80046d5c        0x0 /home/leon/git/swp-report/iMX6_Platform_SDK/output/mx6sl/lib/liblwip.a(memp.o)
 .data          0x80046d5c        0x0 /home/leon/git/swp-report/iMX6_Platform_SDK/output/mx6sl/lib/liblwip.a(netif.o)
 .data          0x80046d5c        0x0 /home/leon/git/swp-report/iMX6_Platform_SDK/output/mx6sl/lib/liblwip.a(pbuf.o)
 .data          0x80046d5c        0x0 /home/leon/git/swp-report/iMX6_Platform_SDK/output/mx6sl/lib/liblwip.a(raw.o)
 .data          0x80046d5c      0x308 /home/leon/git/swp-report/iMX6_Platform_SDK/output/mx6sl/lib/liblwip.a(mib2.o)
                0x80046d5c                udp_root
                0x80046d7c                udptable_id
                0x80046d80                udptable_node
                0x80046d84                udptable
                0x80046da0                tcpconntree_root
                0x80046dc0                tcpconntable_id
                0x80046dc4                tcpconntable_node
                0x80046dc8                tcpconntable
                0x80046de4                ipntomtree_root
                0x80046e04                ipntomtable_id
                0x80046e08                ipntomtable_node
                0x80046e0c                ipntomtable
                0x80046e28                iprtetree_root
                0x80046e48                iprtetable_id
                0x80046e4c                iprtetable_node
                0x80046e50                iprtetable
                0x80046e6c                ipaddrtree_root
                0x80046e8c                ipaddrtable_id
                0x80046e90                ipaddrtable_node
                0x80046e94                ipaddrtable
                0x80046eb0                arptree_root
                0x80046ed0                at_id
                0x80046ed4                mib2_at_node
                0x80046ed8                at
                0x80046ef4                iflist_root
                0x80046f14                iftable_id
                0x80046f18                iftable_node
                0x80046f1c                iftable
 .data          0x80047064        0x0 /home/leon/git/swp-report/iMX6_Platform_SDK/output/mx6sl/lib/liblwip.a(mib_structs.o)
 .data          0x80047064        0x0 /home/leon/git/swp-report/iMX6_Platform_SDK/output/mx6sl/lib/liblwip.a(msg_in.o)
 .data          0x80047064        0x0 /home/leon/git/swp-report/iMX6_Platform_SDK/output/mx6sl/lib/liblwip.a(msg_out.o)
 .data          0x80047064        0x0 /home/leon/git/swp-report/iMX6_Platform_SDK/output/mx6sl/lib/liblwip.a(stats.o)
 .data          0x80047064        0x0 /home/leon/git/swp-report/iMX6_Platform_SDK/output/mx6sl/lib/liblwip.a(tcp_in.o)
 .data          0x80047064        0x8 /home/leon/git/swp-report/iMX6_Platform_SDK/output/mx6sl/lib/liblwip.a(tcp.o)
 .data          0x8004706c        0x0 /home/leon/git/swp-report/iMX6_Platform_SDK/output/mx6sl/lib/liblwip.a(tcp_out.o)
 .data          0x8004706c        0x0 /home/leon/git/swp-report/iMX6_Platform_SDK/output/mx6sl/lib/liblwip.a(timers.o)
 .data          0x8004706c        0x2 /home/leon/git/swp-report/iMX6_Platform_SDK/output/mx6sl/lib/liblwip.a(udp.o)
 .data          0x8004706e        0x0 /home/leon/git/swp-report/iMX6_Platform_SDK/output/mx6sl/lib/liblwip.a(etharp.o)
 *fill*         0x8004706e        0x2 
 .data          0x80047070        0xc /home/leon/git/swp-report/iMX6_Platform_SDK/output/mx6sl/lib/liblwip.a(mx6_ethernetif.o)
                0x80047070                g_en0
 .data          0x8004707c        0x0 /home/leon/git/swp-report/iMX6_Platform_SDK/output/mx6sl/lib/liblwip.a(mx6_lwip.o)
 .data          0x8004707c        0x0 /home/leon/git/swp-report/iMX6_Platform_SDK/output/mx6sl/lib/liblwip.a(sys_arch.o)
 .data          0x8004707c        0x0 /home/leon/git/swp-report/iMX6_Platform_SDK/output/mx6sl/lib/liblwip.a(icmp.o)
 .data          0x8004707c        0x0 /home/leon/git/swp-report/iMX6_Platform_SDK/output/mx6sl/lib/liblwip.a(asn1_dec.o)
 .data          0x8004707c        0x0 /home/leon/git/swp-report/iMX6_Platform_SDK/output/mx6sl/lib/liblwip.a(asn1_enc.o)
 .data          0x8004707c        0x0 /home/leon/riotboard/arm-2012.09/bin/../arm-none-eabi/lib//libc.a(lib_a-abort.o)
 .data          0x8004707c        0x0 /home/leon/riotboard/arm-2012.09/bin/../arm-none-eabi/lib//libc.a(lib_a-assert.o)
 .data          0x8004707c        0x0 /home/leon/riotboard/arm-2012.09/bin/../arm-none-eabi/lib//libc.a(lib_a-bzero.o)
 .data          0x8004707c        0x0 /home/leon/riotboard/arm-2012.09/bin/../arm-none-eabi/lib//libc.a(lib_a-fflush.o)
 .data          0x8004707c        0x0 /home/leon/riotboard/arm-2012.09/bin/../arm-none-eabi/lib//libc.a(lib_a-findfp.o)
 .data          0x8004707c        0x0 /home/leon/riotboard/arm-2012.09/bin/../arm-none-eabi/lib//libc.a(lib_a-fiprintf.o)
 .data          0x8004707c        0x0 /home/leon/riotboard/arm-2012.09/bin/../arm-none-eabi/lib//libc.a(lib_a-fputc.o)
 .data          0x8004707c        0x0 /home/leon/riotboard/arm-2012.09/bin/../arm-none-eabi/lib//libc.a(lib_a-freer.o)
 .data          0x8004707c        0x0 /home/leon/riotboard/arm-2012.09/bin/../arm-none-eabi/lib//libc.a(lib_a-fwalk.o)
 *fill*         0x8004707c        0x4 
 .data          0x80047080      0x430 /home/leon/riotboard/arm-2012.09/bin/../arm-none-eabi/lib//libc.a(lib_a-impure.o)
                0x80047080                _impure_ptr
 .data          0x800474b0        0x0 /home/leon/riotboard/arm-2012.09/bin/../arm-none-eabi/lib//libc.a(lib_a-init.o)
 .data          0x800474b0        0x0 /home/leon/riotboard/arm-2012.09/bin/../arm-none-eabi/lib//libc.a(lib_a-malloc.o)
 .data          0x800474b0      0x410 /home/leon/riotboard/arm-2012.09/bin/../arm-none-eabi/lib//libc.a(lib_a-mallocr.o)
                0x800474b0                __malloc_av_
                0x800478b8                __malloc_sbrk_base
                0x800478bc                __malloc_trim_threshold
 .data          0x800478c0        0x0 /home/leon/riotboard/arm-2012.09/bin/../arm-none-eabi/lib//libc.a(lib_a-memcmp.o)
 .data          0x800478c0        0x0 /home/leon/riotboard/arm-2012.09/bin/../arm-none-eabi/lib//libc.a(lib_a-memcpy.o)
 .data          0x800478c0        0x0 /home/leon/riotboard/arm-2012.09/bin/../arm-none-eabi/lib//libc.a(lib_a-memset.o)
 .data          0x800478c0        0x0 /home/leon/riotboard/arm-2012.09/bin/../arm-none-eabi/lib//libc.a(lib_a-mlock.o)
 .data          0x800478c0        0x0 /home/leon/riotboard/arm-2012.09/bin/../arm-none-eabi/lib//libc.a(lib_a-printf.o)
 .data          0x800478c0        0x0 /home/leon/riotboard/arm-2012.09/bin/../arm-none-eabi/lib//libc.a(lib_a-putc.o)
 .data          0x800478c0        0x0 /home/leon/riotboard/arm-2012.09/bin/../arm-none-eabi/lib//libc.a(lib_a-rand.o)
 .data          0x800478c0        0x0 /home/leon/riotboard/arm-2012.09/bin/../arm-none-eabi/lib//libc.a(lib_a-realloc.o)
 .data          0x800478c0        0x0 /home/leon/riotboard/arm-2012.09/bin/../arm-none-eabi/lib//libc.a(lib_a-reallocr.o)
 .data          0x800478c0        0x0 /home/leon/riotboard/arm-2012.09/bin/../arm-none-eabi/lib//libc.a(lib_a-rget.o)
 .data          0x800478c0        0x0 /home/leon/riotboard/arm-2012.09/bin/../arm-none-eabi/lib//libc.a(lib_a-sbrkr.o)
 .data          0x800478c0        0x0 /home/leon/riotboard/arm-2012.09/bin/../arm-none-eabi/lib//libc.a(lib_a-signal.o)
 .data          0x800478c0        0x0 /home/leon/riotboard/arm-2012.09/bin/../arm-none-eabi/lib//libc.a(lib_a-signalr.o)
 .data          0x800478c0        0x0 /home/leon/riotboard/arm-2012.09/bin/../arm-none-eabi/lib//libc.a(lib_a-stdio.o)
 .data          0x800478c0        0x0 /home/leon/riotboard/arm-2012.09/bin/../arm-none-eabi/lib//libc.a(lib_a-strcmp.o)
 .data          0x800478c0        0x0 /home/leon/riotboard/arm-2012.09/bin/../arm-none-eabi/lib//libc.a(lib_a-strlen.o)