Archive member included because of file (symbol)

/home/leon/git/swp-report/iMX6_Platform_SDK/output/mx6dq/lib/libsdk.a(usb_hid.o)
                              /home/leon/git/swp-report/iMX6_Platform_SDK/output/mx6dq/usb_hid_mouse/smart_device_rev_c/obj/apps/usb_hid_mouse/src/mouse_button.o (USB_Class_HID_Init)
/home/leon/git/swp-report/iMX6_Platform_SDK/output/mx6dq/lib/libsdk.a(usb_class.o)
                              /home/leon/git/swp-report/iMX6_Platform_SDK/output/mx6dq/lib/libsdk.a(usb_hid.o) (USB_Class_Init)
/home/leon/git/swp-report/iMX6_Platform_SDK/output/mx6dq/lib/libsdk.a(usb_framework.o)
                              /home/leon/git/swp-report/iMX6_Platform_SDK/output/mx6dq/lib/libsdk.a(usb_class.o) (USB_Framework_Init)
/home/leon/git/swp-report/iMX6_Platform_SDK/output/mx6dq/lib/libsdk.a(usb_dci_imx6.o)
                              /home/leon/git/swp-report/iMX6_Platform_SDK/output/mx6dq/lib/libsdk.a(usb_framework.o) (_usb_device_recv_data)
/home/leon/git/swp-report/iMX6_Platform_SDK/output/mx6dq/lib/libsdk.a(usb_driver.o)
                              /home/leon/git/swp-report/iMX6_Platform_SDK/output/mx6dq/lib/libsdk.a(usb_hid.o) (_usb_device_init)
/home/leon/git/swp-report/iMX6_Platform_SDK/output/mx6dq/lib/libsdk.a(ccm_pll.o)
                              /home/leon/git/swp-report/iMX6_Platform_SDK/output/mx6dq/usb_hid_mouse/smart_device_rev_c/obj/apps/common/platform_init.o (ccm_init)
/home/leon/git/swp-report/iMX6_Platform_SDK/output/mx6dq/lib/libsdk.a(cortexA9.o)
                              /home/leon/git/swp-report/iMX6_Platform_SDK/output/mx6dq/usb_hid_mouse/smart_device_rev_c/obj/apps/common/platform_init.o (arm_set_interrupt_state)
/home/leon/git/swp-report/iMX6_Platform_SDK/output/mx6dq/lib/libsdk.a(gic.o)
                              /home/leon/git/swp-report/iMX6_Platform_SDK/output/mx6dq/usb_hid_mouse/smart_device_rev_c/obj/apps/common/platform_init.o (gic_init)
/home/leon/git/swp-report/iMX6_Platform_SDK/output/mx6dq/lib/libsdk.a(interrupt.o)
                              /home/leon/git/swp-report/iMX6_Platform_SDK/output/mx6dq/lib/libsdk.a(usb_dci_imx6.o) (enable_interrupt)
/home/leon/git/swp-report/iMX6_Platform_SDK/output/mx6dq/lib/libsdk.a(mmu.o)
                              /home/leon/git/swp-report/iMX6_Platform_SDK/output/mx6dq/usb_hid_mouse/smart_device_rev_c/obj/apps/common/platform_init.o (mmu_init)
/home/leon/git/swp-report/iMX6_Platform_SDK/output/mx6dq/lib/libsdk.a(startup.o)
                              (_start)
/home/leon/git/swp-report/iMX6_Platform_SDK/output/mx6dq/lib/libsdk.a(vectors.o)
                              /home/leon/git/swp-report/iMX6_Platform_SDK/output/mx6dq/lib/libsdk.a(startup.o) (vectors)
/home/leon/git/swp-report/iMX6_Platform_SDK/output/mx6dq/lib/libsdk.a(system_util.o)
                              /home/leon/git/swp-report/iMX6_Platform_SDK/output/mx6dq/lib/libsdk.a(startup.o) (_sys_exit)
/home/leon/git/swp-report/iMX6_Platform_SDK/output/mx6dq/lib/libsdk.a(text_color.o)
                              /home/leon/git/swp-report/iMX6_Platform_SDK/output/mx6dq/lib/libsdk.a(system_util.o) (g_TextAttributeBold)
/home/leon/git/swp-report/iMX6_Platform_SDK/output/mx6dq/lib/libsdk.a(timer.o)
                              /home/leon/git/swp-report/iMX6_Platform_SDK/output/mx6dq/usb_hid_mouse/smart_device_rev_c/obj/apps/usb_hid_mouse/src/mouse_button.o (hal_delay_us)
/home/leon/git/swp-report/iMX6_Platform_SDK/output/mx6dq/lib/libsdk.a(imx_uart.o)
                              /home/leon/git/swp-report/iMX6_Platform_SDK/output/mx6dq/usb_hid_mouse/smart_device_rev_c/obj/apps/common/platform_init.o (uart_getchar)
/home/leon/git/swp-report/iMX6_Platform_SDK/output/mx6dq/lib/libsdk.a(arm_abort.o)
                              /home/leon/git/swp-report/iMX6_Platform_SDK/output/mx6dq/lib/libsdk.a(vectors.o) (data_abort_handler)
/home/leon/git/swp-report/iMX6_Platform_SDK/output/mx6dq/lib/libsdk.a(epit.o)
                              /home/leon/git/swp-report/iMX6_Platform_SDK/output/mx6dq/lib/libsdk.a(timer.o) (epit_get_compare_event)
/home/leon/git/swp-report/iMX6_Platform_SDK/output/mx6dq/lib/libsdk.a(abort_handler.o)
                              /home/leon/git/swp-report/iMX6_Platform_SDK/output/mx6dq/lib/libsdk.a(arm_abort.o) (dump_regs)
/home/leon/git/swp-report/iMX6_Platform_SDK/output/mx6dq/lib/libboard_smart_device_rev_c.a(board_io_expanders.o)
                              /home/leon/git/swp-report/iMX6_Platform_SDK/output/mx6dq/usb_hid_mouse/smart_device_rev_c/obj/apps/common/platform_init.o (board_ioexpander_init)
/home/leon/git/swp-report/iMX6_Platform_SDK/output/mx6dq/lib/libboard_smart_device_rev_c.a(hardware_modules.o)
                              /home/leon/git/swp-report/iMX6_Platform_SDK/output/mx6dq/usb_hid_mouse/smart_device_rev_c/obj/apps/common/platform_init.o (g_debug_uart_port)
/home/leon/git/swp-report/iMX6_Platform_SDK/output/mx6dq/lib/libboard_smart_device_rev_c.a(dcd.o)
[...]
Memory Configuration

Name             Origin             Length             Attributes
OCRAM            0x00900000         0x00040000         xrw
DDR              0x10000000         0x40000000         xrw
*default*        0x00000000         0xffffffff

Linker script and memory map

LOAD /home/leon/riotboard/arm-2012.09/bin/../lib/gcc/arm-none-eabi/4.7.2//crtbegin.o
LOAD /home/leon/riotboard/arm-2012.09/bin/../lib/gcc/arm-none-eabi/4.7.2//crti.o
LOAD /home/leon/riotboard/arm-2012.09/bin/../lib/gcc/arm-none-eabi/4.7.2//crtend.o
LOAD /home/leon/riotboard/arm-2012.09/bin/../lib/gcc/arm-none-eabi/4.7.2//crtn.o

.l1_page_table  0x00900000     0x4000
                0x00900000                __l1_page_table_start = .
                0x00904000                . = (. + 0x4000)
 *fill*         0x00900000     0x4000 

.heap.ocram     0x00904000    0x3bfb8
                0x00904000                __heap_ocram_start = .
                0x0093ffb8                . = (. + 0x3bfb8)
 *fill*         0x00904000    0x3bfb8 
                0x0093ffb8                __heap_ocram_end = .

.ram_vectors    0x0093ffb8       0x48
                0x0093ffb8                __ram_vectors_start = .
                0x00940000                . = (. + 0x48)
 *fill*         0x0093ffb8       0x48 
                0x00940000                __ram_vectors_end = .
                0x10000000                _start_image_add = ORIGIN (DDR)

.ivt            0x10000000      0x420
                0x10000400                . = (. + 0x400)
 *fill*         0x10000000      0x400 
 *(.ivt)
 .ivt           0x10000400       0x20 /home/leon/git/swp-report/iMX6_Platform_SDK/output/mx6dq/usb_hid_mouse/smart_device_rev_c/obj/apps/common/ivt.o
                0x10000400                input_ivt

.boot_data      0x10000420        0xc
                0x10000420                __start_boot_data = .
 *(.boot_data)
 .boot_data     0x10000420        0xc /home/leon/git/swp-report/iMX6_Platform_SDK/output/mx6dq/usb_hid_mouse/smart_device_rev_c/obj/apps/common/ivt.o
                0x10000420                bd

.dcd_hdr        0x10000430        0x4
                0x10000430                __start_dcd = .
 *(.dcd_hdr)
 .dcd_hdr       0x10000430        0x4 /home/leon/git/swp-report/iMX6_Platform_SDK/output/mx6dq/lib/libboard_smart_device_rev_c.a(dcd.o)
                0x10000430                input_dcd_hdr

.dcd_wrt_cmd    0x10000434        0x4
 *(.dcd_wrt_cmd)
 .dcd_wrt_cmd   0x10000434        0x4 /home/leon/git/swp-report/iMX6_Platform_SDK/output/mx6dq/lib/libboard_smart_device_rev_c.a(dcd.o)
                0x10000434                input_dcd_wrt_cmd

.dcd_data       0x10000438      0x298
 *(.dcd_data)
 .dcd_data      0x10000438      0x298 /home/leon/git/swp-report/iMX6_Platform_SDK/output/mx6dq/lib/libboard_smart_device_rev_c.a(dcd.o)
                0x10000438                input_dcd

.text           0x100006d0    0x1dc54
 CREATE_OBJECT_SYMBOLS
 *(.startup)
 .startup       0x100006d0      0x138 /home/leon/git/swp-report/iMX6_Platform_SDK/output/mx6dq/lib/libsdk.a(startup.o)
                0x100006d0                _start
 *(.text .text.* .gnu.linkonce.t.*)
 .text          0x10000808      0x128 /home/leon/riotboard/arm-2012.09/bin/../lib/gcc/arm-none-eabi/4.7.2//crtbegin.o
 .text          0x10000930        0x0 /home/leon/riotboard/arm-2012.09/bin/../lib/gcc/arm-none-eabi/4.7.2//crti.o
 .text          0x10000930        0x0 /home/leon/riotboard/arm-2012.09/bin/../lib/gcc/arm-none-eabi/4.7.2//crtend.o
 .text          0x10000930        0x0 /home/leon/riotboard/arm-2012.09/bin/../lib/gcc/arm-none-eabi/4.7.2//crtn.o
 .text          0x10000930        0x0 /home/leon/git/swp-report/iMX6_Platform_SDK/output/mx6dq/usb_hid_mouse/smart_device_rev_c/obj/apps/common/ivt.o
 .text          0x10000930       0xbc /home/leon/git/swp-report/iMX6_Platform_SDK/output/mx6dq/usb_hid_mouse/smart_device_rev_c/obj/apps/common/platform_init.o
                0x10000930                platform_init
 .text          0x100009ec      0x55c /home/leon/git/swp-report/iMX6_Platform_SDK/output/mx6dq/usb_hid_mouse/smart_device_rev_c/obj/apps/usb_hid_mouse/src/mouse_button.o
                0x100009ec                fillBuffer
                0x10000e7c                TestApp_Init
                0x10000ef8                TestApp_Task
                0x10000f24                main
 .text          0x10000f48      0x4fc /home/leon/git/swp-report/iMX6_Platform_SDK/output/mx6dq/usb_hid_mouse/smart_device_rev_c/obj/apps/usb_hid_mouse/src/usb_descriptor.o
                0x10000f48                USB_Desc_Get_Descriptor
                0x10001240                USB_Desc_Get_Interface
                0x100012a0                USB_Desc_Set_Interface
                0x10001300                USB_Desc_Valid_Configation
                0x10001378                USB_Desc_Valid_Interface
                0x100013f0                USB_Desc_Remote_Wakeup
                0x10001418                USB_Desc_Get_Endpoints
 .text          0x10001444      0xdc4 /home/leon/git/swp-report/iMX6_Platform_SDK/output/mx6dq/lib/libsdk.a(usb_hid.o)
                0x100014f0                USB_Service_Hid
                0x100016d8                USB_Class_Hid_Event
                0x10001c90                USB_Class_HID_Init
                0x10001eb0                USB_Class_HID_DeInit
                0x10001f3c                USB_Class_HID_Send_Data
 .text          0x10002208      0x75c /home/leon/git/swp-report/iMX6_Platform_SDK/output/mx6dq/lib/libsdk.a(usb_class.o)
                0x10002208                USB_Suspend_Service
                0x10002254                USB_Resume_Service
                0x100022b4                USB_Stall_Service
                0x10002314                USB_Sof_Service
                0x100023d4                USB_Reset_Service
                0x10002534                USB_Error_Service
                0x1000257c                USB_Class_Init
                0x10002710                USB_Class_DeInit
                0x10002848                USB_Class_Send_Data
                0x10002954                USB_Class_Periodic_Task
 .text          0x10002964     0x107c /home/leon/git/swp-report/iMX6_Platform_SDK/output/mx6dq/lib/libsdk.a(usb_framework.o)
                0x10002964                USB_Framework_Init
                0x100029dc                USB_Framework_DeInit
                0x10002a3c                USB_Framework_Reset
                0x10002a64                USB_Control_Service
 .text          0x100039e0     0x3100 /home/leon/git/swp-report/iMX6_Platform_SDK/output/mx6dq/lib/libsdk.a(usb_dci_imx6.o)
                0x100039e0                USB_DCI_Init
                0x10003b24                USB_DCI_DeInit
                0x10003b3c                USB_DCI_Init_EndPoint
                0x10003c5c                _usb_device_cancel_transfer
                0x10003c90                USB_DCI_Deinit_EndPoint
                0x10003cc8                _usb_device_stall_endpoint
                0x10003db0                _usb_device_unstall_endpoint
                0x10003e98                _usb_device_read_setup_data
                0x10003ec0                _usb_device_get_transfer_status
                0x10003ef4                _usb_device_recv_data
                0x10003f98                _usb_device_send_data
                0x10004040                _usb_device_set_address
                0x100040b8                _usb_device_shutdown
                0x100040d4                _usb_device_assert_resume
                0x100040f0                Clear_Mem
 .text          0x10006ae0      0x6e0 /home/leon/git/swp-report/iMX6_Platform_SDK/output/mx6dq/lib/libsdk.a(usb_driver.o)
                0x10006b88                _usb_device_init
                0x10006c20                _usb_device_deinit
                0x10006c4c                _usb_device_init_endpoint
                0x10006d44                _usb_device_deinit_endpoint
                0x10006e14                _usb_device_get_status
                0x10006ec8                _usb_device_set_status
                0x10007024                _usb_device_register_service
                0x100070b0                _usb_device_unregister_service
                0x10007134                USB_Device_Call_Service
                0x100071a0                USB_NULL_CALLBACK
 .text          0x100071c0      0xcdc /home/leon/git/swp-report/iMX6_Platform_SDK/output/mx6dq/lib/libsdk.a(ccm_pll.o)
                0x100071c0                ccm_init
                0x100072e4                get_main_clock
                0x10007574                get_peri_clock
                0x10007724                ccm_ccgr_config
                0x1000778c                clock_gating_config
                0x10007c0c                ccm_set_lpm_wakeup_source
                0x10007d00                ccm_enter_low_power
                0x10007d70                ipu_hsp_clk_config
                0x10007d90                gpu_clock_config
 .text          0x10007e9c      0x164 /home/leon/git/swp-report/iMX6_Platform_SDK/output/mx6dq/lib/libsdk.a(cortexA9.o)
                0x10007e9c                arm_set_interrupt_state
                0x10007ec0                cpu_get_current
                0x10007ecc                enable_neon_fpu
                0x10007ee8                disable_strict_align_check
                0x10007efc                disable_L1_cache
                0x10007f1c                get_arm_private_peripheral_base
                0x10007f24                arm_unified_tlb_invalidate
                0x10007f34                arm_unified_tlb_invalidate_is
                0x10007f44                arm_branch_prediction_enable
                0x10007f54                arm_branch_prediction_disable
                0x10007f64                arm_branch_target_cache_invalidate
                0x10007f70                arm_branch_target_cache_invalidate_is
                0x10007f7c                scu_enable
                0x10007f90                scu_join_smp
                0x10007fa0                scu_leave_smp
                0x10007fb0                scu_get_cpus_in_smp
                0x10007fc4                scu_enable_maintenance_broadcast
                0x10007fd4                scu_disable_maintenance_broadcast
                0x10007fe4                scu_secure_invalidate
 .text          0x10008000      0x5e0 /home/leon/git/swp-report/iMX6_Platform_SDK/output/mx6dq/lib/libsdk.a(gic.o)
                0x100080e4                gic_enable
                0x10008144                gic_set_irq_security
                0x100081ec                gic_enable_irq
                0x10008268                gic_set_irq_priority
                0x100082b0                gic_set_cpu_target
                0x100083bc                gic_send_sgi
                0x10008410                gic_cpu_enable
                0x10008470                gic_set_cpu_priority_mask
                0x100084a4                gic_read_irq_ack
                0x100084d0                gic_write_end_of_irq
                0x10008500                gic_init
                0x100085a4                gic_init_cpu
 .text          0x100085e0      0x1bc /home/leon/git/swp-report/iMX6_Platform_SDK/output/mx6dq/lib/libsdk.a(interrupt.o)
                0x100085e0                IRQ_HDLR
                0x100086a8                disable_interrupt
                0x100086e4                enable_interrupt
                0x1000873c                register_interrupt_routine
                0x10008770                default_interrupt_routine
 .text          0x1000879c      0x460 /home/leon/git/swp-report/iMX6_Platform_SDK/output/mx6dq/lib/libsdk.a(mmu.o)
                0x1000879c                mmu_enable
                0x100087d4                mmu_disable
                0x10008808                mmu_init
                0x10008924                mmu_map_l1_range
                0x10008b3c                mmu_virtual_to_physical
 .text          0x10008bfc        0x0 /home/leon/git/swp-report/iMX6_Platform_SDK/output/mx6dq/lib/libsdk.a(startup.o)
 .text          0x10008bfc        0x4 /home/leon/git/swp-report/iMX6_Platform_SDK/output/mx6dq/lib/libsdk.a(vectors.o)
                0x10008bfc                exception_handler
 .text.vectors  0x10008c00       0x48 /home/leon/git/swp-report/iMX6_Platform_SDK/output/mx6dq/lib/libsdk.a(vectors.o)
                0x10008c00                vectors
 .text          0x10008c48      0x914 /home/leon/git/swp-report/iMX6_Platform_SDK/output/mx6dq/lib/libsdk.a(system_util.o)
                0x10008c48                _sys_exit
                0x10008c64                mybkpt
                0x10008c6c                is_input_char
                0x10008dec                read_input_string
                0x100090d4                get_input_hex
                0x10009354                read_int
                0x100094b8                jump_to_sdp
 .text          0x1000955c       0xe0 /home/leon/git/swp-report/iMX6_Platform_SDK/output/mx6dq/lib/libsdk.a(text_color.o)
                0x1000955c                printf_color
                0x100095f8                get_color_supported
 .text          0x1000963c      0x290 /home/leon/git/swp-report/iMX6_Platform_SDK/output/mx6dq/lib/libsdk.a(timer.o)
                0x1000963c                hal_delay_us
                0x100096ac                system_time_init
                0x1000980c                time_get_microseconds
 .text          0x100098cc     0x2820 /home/leon/git/swp-report/iMX6_Platform_SDK/output/mx6dq/lib/libsdk.a(imx_uart.o)
                0x100098cc                uart_get_reffreq
                0x100099c8                uart_putchar
                0x10009b18                uart_getchar
                0x10009c78                uart_set_FIFO_mode
                0x1000a7a4                uart_set_loopback_mode
                0x1000a9f8                uart_setup_interrupt
                0x1000aac4                uart_init
 .text          0x1000c0ec       0x98 /home/leon/git/swp-report/iMX6_Platform_SDK/output/mx6dq/lib/libsdk.a(arm_abort.o)
                0x1000c0ec                common_abort_handler
                0x1000c14c                data_abort_handler
                0x1000c164                prefetch_abort_handler
 .text          0x1000c184      0x8e0 /home/leon/git/swp-report/iMX6_Platform_SDK/output/mx6dq/lib/libsdk.a(epit.o)
                0x1000c184                epit_reload_counter
                0x1000c1e4                epit_get_counter_value
                0x1000c240                epit_set_compare_event
                0x1000c2a0                epit_get_compare_event
                0x1000c398                epit_counter_disable
                0x1000c55c                epit_counter_enable
                0x1000c7b8                epit_setup_interrupt
                0x1000c848                epit_init
 .text          0x1000ca64      0x4bc /home/leon/git/swp-report/iMX6_Platform_SDK/output/mx6dq/lib/libsdk.a(abort_handler.o)
                0x1000ca64                dump_regs
 .text          0x1000cf20       0x20 /home/leon/git/swp-report/iMX6_Platform_SDK/output/mx6dq/lib/libboard_smart_device_rev_c.a(board_io_expanders.o)
                0x1000cf20                board_ioexpander_init
                0x1000cf30                board_ioexpander_iomux_config
 .text          0x1000cf40        0x0 /home/leon/git/swp-report/iMX6_Platform_SDK/output/mx6dq/lib/libboard_smart_device_rev_c.a(hardware_modules.o)
 .text          0x1000cf40        0x0 /home/leon/git/swp-report/iMX6_Platform_SDK/output/mx6dq/lib/libboard_smart_device_rev_c.a(dcd.o)
 .text          0x1000cf40       0x90 /home/leon/git/swp-report/iMX6_Platform_SDK/output/mx6dq/lib/libboard_smart_device_rev_c.a(uart_iomux_config.o)
                0x1000cf40                uart_iomux_config
 .text          0x1000cfd0      0x304 /home/leon/git/swp-report/iMX6_Platform_SDK/output/mx6dq/lib/libboard_smart_device_rev_c.a(iomux_config.o)
                0x1000cfd0                iomux_config
                0x1000d044                arm_iomux_config
                0x1000d054                asrc_iomux_config
                0x1000d064                dcic1_iomux_config
                0x1000d074                dcic2_iomux_config
                0x1000d084                ecspi2_iomux_config
                0x1000d094                ecspi3_iomux_config
                0x1000d0a4                ecspi4_iomux_config
                0x1000d0b4                ecspi5_iomux_config
                0x1000d0c4                eim_iomux_config
                0x1000d0d4                epit1_iomux_config
                0x1000d0e4                epit2_iomux_config
                0x1000d0f4                esai_iomux_config
                0x1000d104                flexcan2_iomux_config
                0x1000d114                gpmi_iomux_config
                0x1000d124                gpt_iomux_config
                0x1000d134                hdmi_iomux_config
                0x1000d144                ipu2_iomux_config
                0x1000d154                kpp_iomux_config
                0x1000d164                ldb_iomux_config
                0x1000d174                mipi_csi_iomux_config
                0x1000d184                mipi_dsi_iomux_config
                0x1000d194                mipi_hsi_iomux_config
                0x1000d1a4                mlb_iomux_config
                0x1000d1b4                pcie_iomux_config
                0x1000d1c4                pmu_iomux_config
                0x1000d1d4                pwm2_iomux_config
                0x1000d1e4                pwm3_iomux_config
                0x1000d1f4                pwm4_iomux_config
                0x1000d204                sata_phy_iomux_config
                0x1000d214                sdma_iomux_config
                0x1000d224                snvs_iomux_config
                0x1000d234                spdif_iomux_config
                0x1000d244                src_iomux_config
                0x1000d254                uart2_iomux_config
                0x1000d264                uart3_iomux_config
                0x1000d274                uart4_iomux_config
                0x1000d284                uart5_iomux_config
                0x1000d294                usdhc1_iomux_config
                0x1000d2a4                wdog1_iomux_config
                0x1000d2b4                wdog2_iomux_config
                0x1000d2c4                xtalosc_iomux_config
 .text          0x1000d2d4      0x424 /home/leon/git/swp-report/iMX6_Platform_SDK/output/mx6dq/lib/libboard_smart_device_rev_c.a(ipu1_iomux_config.o)
                0x1000d2d4                ipu1_iomux_config
 .text          0x1000d6f8     0x2884 /home/leon/git/swp-report/iMX6_Platform_SDK/output/mx6dq/lib/libboard_smart_device_rev_c.a(mmdc_iomux_config.o)
                0x1000d6f8                mmdc_iomux_config
 .text          0x1000ff7c       0x34 /home/leon/git/swp-report/iMX6_Platform_SDK/output/mx6dq/lib/libboard_smart_device_rev_c.a(pwm1_iomux_config.o)
                0x1000ff7c                pwm1_iomux_config
 .text          0x1000ffb0       0x70 /home/leon/git/swp-report/iMX6_Platform_SDK/output/mx6dq/lib/libboard_smart_device_rev_c.a(sjc_iomux_config.o)
                0x1000ffb0                sjc_iomux_config
 .text          0x10010020       0x78 /home/leon/git/swp-report/iMX6_Platform_SDK/output/mx6dq/lib/libboard_smart_device_rev_c.a(uart1_iomux_config.o)
                0x10010020                uart1_iomux_config
 .text          0x10010098       0x78 /home/leon/git/swp-report/iMX6_Platform_SDK/output/mx6dq/lib/libboard_smart_device_rev_c.a(usb_iomux_config.o)
                0x10010098                usb_iomux_config
 .text          0x10010110      0x178 /home/leon/git/swp-report/iMX6_Platform_SDK/output/mx6dq/lib/libboard_smart_device_rev_c.a(usdhc2_iomux_config.o)
                0x10010110                usdhc2_iomux_config
 .text          0x10010288      0x178 /home/leon/git/swp-report/iMX6_Platform_SDK/output/mx6dq/lib/libboard_smart_device_rev_c.a(usdhc3_iomux_config.o)
                0x10010288                usdhc3_iomux_config
 .text          0x10010400      0x178 /home/leon/git/swp-report/iMX6_Platform_SDK/output/mx6dq/lib/libboard_smart_device_rev_c.a(usdhc4_iomux_config.o)
                0x10010400                usdhc4_iomux_config
 .text          0x10010578       0xa0 /home/leon/git/swp-report/iMX6_Platform_SDK/output/mx6dq/lib/libboard_smart_device_rev_c.a(audmux_iomux_config.o)
                0x10010578                audmux_iomux_config
 .text          0x10010618       0x34 /home/leon/git/swp-report/iMX6_Platform_SDK/output/mx6dq/lib/libboard_smart_device_rev_c.a(ccm_iomux_config.o)
                0x10010618                ccm_iomux_config
 .text          0x1001064c       0xe0 /home/leon/git/swp-report/iMX6_Platform_SDK/output/mx6dq/lib/libboard_smart_device_rev_c.a(ecspi1_iomux_config.o)
                0x1001064c                ecspi1_iomux_config
 .text          0x1001072c      0x424 /home/leon/git/swp-report/iMX6_Platform_SDK/output/mx6dq/lib/libboard_smart_device_rev_c.a(enet_iomux_config.o)
                0x1001072c                enet_iomux_config
 .text          0x10010b50       0x68 /home/leon/git/swp-report/iMX6_Platform_SDK/output/mx6dq/lib/libboard_smart_device_rev_c.a(flexcan1_iomux_config.o)
                0x10010b50                flexcan1_iomux_config
 .text          0x10010bb8      0x208 /home/leon/git/swp-report/iMX6_Platform_SDK/output/mx6dq/lib/libboard_smart_device_rev_c.a(gpio1_iomux_config.o)
                0x10010bb8                gpio1_iomux_config
 .text          0x10010dc0      0x164 /home/leon/git/swp-report/iMX6_Platform_SDK/output/mx6dq/lib/libboard_smart_device_rev_c.a(gpio2_iomux_config.o)
                0x10010dc0                gpio2_iomux_config
 .text          0x10010f24      0x210 /home/leon/git/swp-report/iMX6_Platform_SDK/output/mx6dq/lib/libboard_smart_device_rev_c.a(gpio3_iomux_config.o)
                0x10010f24                gpio3_iomux_config
 .text          0x10011134       0xc4 /home/leon/git/swp-report/iMX6_Platform_SDK/output/mx6dq/lib/libboard_smart_device_rev_c.a(gpio4_iomux_config.o)
                0x10011134                gpio4_iomux_config
 .text          0x100111f8       0x74 /home/leon/git/swp-report/iMX6_Platform_SDK/output/mx6dq/lib/libboard_smart_device_rev_c.a(gpio5_iomux_config.o)
                0x100111f8                gpio5_iomux_config
 .text          0x1001126c      0x150 /home/leon/git/swp-report/iMX6_Platform_SDK/output/mx6dq/lib/libboard_smart_device_rev_c.a(gpio6_iomux_config.o)
                0x1001126c                gpio6_iomux_config
 .text          0x100113bc       0x7c /home/leon/git/swp-report/iMX6_Platform_SDK/output/mx6dq/lib/libboard_smart_device_rev_c.a(gpio7_iomux_config.o)
                0x100113bc                gpio7_iomux_config
 .text          0x10011438       0xdc /home/leon/git/swp-report/iMX6_Platform_SDK/output/mx6dq/lib/libboard_smart_device_rev_c.a(gps_iomux_config.o)
                0x10011438                gps_iomux_config
 .text          0x10011514       0x78 /home/leon/git/swp-report/iMX6_Platform_SDK/output/mx6dq/lib/libboard_smart_device_rev_c.a(i2c1_iomux_config.o)
                0x10011514                i2c1_iomux_config
 .text          0x1001158c       0x78 /home/leon/git/swp-report/iMX6_Platform_SDK/output/mx6dq/lib/libboard_smart_device_rev_c.a(i2c2_iomux_config.o)
                0x1001158c                i2c2_iomux_config
 .text          0x10011604       0x78 /home/leon/git/swp-report/iMX6_Platform_SDK/output/mx6dq/lib/libboard_smart_device_rev_c.a(i2c3_iomux_config.o)
                0x10011604                i2c3_iomux_config
 .text          0x1001167c       0xa4 /home/leon/riotboard/arm-2012.09/bin/../arm-none-eabi/lib//libm.a(lib_a-sf_cos.o)
                0x1001167c                cosf
 .text          0x10011720       0xbc /home/leon/riotboard/arm-2012.09/bin/../arm-none-eabi/lib//libm.a(lib_a-sf_sin.o)
                0x10011720                sinf
 .text          0x100117dc      0x460 /home/leon/riotboard/arm-2012.09/bin/../arm-none-eabi/lib//libm.a(lib_a-ef_rem_pio2.o)
                0x100117dc                __ieee754_rem_pio2f
 .text          0x10011c3c      0x214 /home/leon/riotboard/arm-2012.09/bin/../arm-none-eabi/lib//libm.a(lib_a-kf_cos.o)
                0x10011c3c                __kernel_cosf
 .text          0x10011e50      0x960 /home/leon/riotboard/arm-2012.09/bin/../arm-none-eabi/lib//libm.a(lib_a-kf_rem_pio2.o)
                0x10011e50                __kernel_rem_pio2f
 .text          0x100127b0      0x14c /home/leon/riotboard/arm-2012.09/bin/../arm-none-eabi/lib//libm.a(lib_a-kf_sin.o)
                0x100127b0                __kernel_sinf
 .text          0x100128fc        0x8 /home/leon/riotboard/arm-2012.09/bin/../arm-none-eabi/lib//libm.a(lib_a-sf_fabs.o)
                0x100128fc                fabsf
 .text          0x10012904       0xd0 /home/leon/riotboard/arm-2012.09/bin/../arm-none-eabi/lib//libm.a(lib_a-sf_floor.o)
                0x10012904                floorf
 .text          0x100129d4      0x120 /home/leon/riotboard/arm-2012.09/bin/../arm-none-eabi/lib//libm.a(lib_a-sf_scalbn.o)
                0x100129d4                scalbnf
 .text          0x10012af4       0x10 /home/leon/riotboard/arm-2012.09/bin/../arm-none-eabi/lib//libm.a(lib_a-sf_copysign.o)
                0x10012af4                copysignf
 .text          0x10012b04       0x68 /home/leon/riotboard/arm-2012.09/bin/../arm-none-eabi/lib//libc.a(lib_a-assert.o)
                0x10012b04                __assert_func
                0x10012b5c                __assert
 .text          0x10012b6c       0x20 /home/leon/riotboard/arm-2012.09/bin/../arm-none-eabi/lib//libc.a(lib_a-bzero.o)
                0x10012b6c                bzero
 .text          0x10012b8c       0x70 /home/leon/riotboard/arm-2012.09/bin/../arm-none-eabi/lib//libc.a(lib_a-fiprintf.o)
                0x10012b8c                _fiprintf_r
                0x10012bbc                fiprintf
 .text          0x10012bfc       0x94 /home/leon/riotboard/arm-2012.09/bin/../arm-none-eabi/lib//libc.a(lib_a-fputc.o)
                0x10012bfc                _fputc_r
                0x10012c40                fputc
 .text          0x10012c90        0x0 /home/leon/riotboard/arm-2012.09/bin/../arm-none-eabi/lib//libc.a(lib_a-impure.o)
 .text          0x10012c90       0x88 /home/leon/riotboard/arm-2012.09/bin/../arm-none-eabi/lib//libc.a(lib_a-init.o)
                0x10012c90                __libc_init_array
 .text          0x10012d18       0x40 /home/leon/riotboard/arm-2012.09/bin/../arm-none-eabi/lib//libc.a(lib_a-malloc.o)
                0x10012d18                malloc
                0x10012d38                free
 .text          0x10012d58      0x71c /home/leon/riotboard/arm-2012.09/bin/../arm-none-eabi/lib//libc.a(lib_a-mallocr.o)
                0x10012d58                _malloc_r
 .text          0x10013474      0x20c /home/leon/riotboard/arm-2012.09/bin/../arm-none-eabi/lib//libc.a(lib_a-memcpy.o)
                0x10013474                memcpy
 .text          0x10013680      0x134 /home/leon/riotboard/arm-2012.09/bin/../arm-none-eabi/lib//libc.a(lib_a-memset.o)
                0x10013680                memset
 .text          0x100137b4        0x8 /home/leon/riotboard/arm-2012.09/bin/../arm-none-eabi/lib//libc.a(lib_a-mlock.o)
                0x100137b4                __malloc_lock
                0x100137b8                __malloc_unlock
 .text          0x100137bc       0x74 /home/leon/riotboard/arm-2012.09/bin/../arm-none-eabi/lib//libc.a(lib_a-printf.o)
                0x100137bc                _printf_r
                0x100137f0                printf
 .text          0x10013830      0x170 /home/leon/riotboard/arm-2012.09/bin/../arm-none-eabi/lib//libc.a(lib_a-putc.o)
                0x10013830                _putc_r
                0x100138e0                putc
 .text          0x100139a0       0x28 /home/leon/riotboard/arm-2012.09/bin/../arm-none-eabi/lib//libc.a(lib_a-realloc.o)
                0x100139a0                realloc
 .text          0x100139c8      0x574 /home/leon/riotboard/arm-2012.09/bin/../arm-none-eabi/lib//libc.a(lib_a-reallocr.o)
                0x100139c8                _realloc_r
 .text          0x10013f3c       0x6c /home/leon/riotboard/arm-2012.09/bin/../arm-none-eabi/lib//libc.a(lib_a-rget.o)
                0x10013f3c                __srget_r
                0x10013f94                __srget
 .text          0x10013fa8       0x40 /home/leon/riotboard/arm-2012.09/bin/../arm-none-eabi/lib//libc.a(lib_a-sbrkr.o)
                0x10013fa8                _sbrk_r
 .text          0x10013fe8     0x12c4 /home/leon/riotboard/arm-2012.09/bin/../arm-none-eabi/lib//libc.a(lib_a-vfiprintf.o)
                0x10013fe8                __sprint_r
                0x100140a4                _vfiprintf_r
                0x10015280                vfiprintf
 .text          0x100152ac     0x2180 /home/leon/riotboard/arm-2012.09/bin/../arm-none-eabi/lib//libc.a(lib_a-vfprintf.o)
                0x100152ac                _vfprintf_r
                0x10017400                vfprintf
 .text          0x1001742c       0x4c /home/leon/riotboard/arm-2012.09/bin/../arm-none-eabi/lib//libc.a(lib_a-vprintf.o)
                0x1001742c                vprintf
                0x10017458                _vprintf_r
 .text          0x10017478      0x14c /home/leon/riotboard/arm-2012.09/bin/../arm-none-eabi/lib//libc.a(lib_a-wbuf.o)
                0x10017478                __swbuf_r
                0x100175a8                __swbuf
 .text          0x100175c4      0x138 /home/leon/riotboard/arm-2012.09/bin/../arm-none-eabi/lib//libc.a(lib_a-wsetup.o)
                0x100175c4                __swsetup_r
 .text          0x100176fc       0x14 /home/leon/riotboard/arm-2012.09/bin/../arm-none-eabi/lib//libc.a(lib_a-abort.o)
                0x100176fc                abort
 .text          0x10017710     0x18a8 /home/leon/riotboard/arm-2012.09/bin/../arm-none-eabi/lib//libc.a(lib_a-dtoa.o)
                0x100178f0                _dtoa_r
 .text          0x10018fb8      0x26c /home/leon/riotboard/arm-2012.09/bin/../arm-none-eabi/lib//libc.a(lib_a-fflush.o)
                0x10018fb8                _fflush_r
                0x100191e4                fflush
 .text          0x10019224      0x2c4 /home/leon/riotboard/arm-2012.09/bin/../arm-none-eabi/lib//libc.a(lib_a-findfp.o)
                0x10019234                _cleanup_r
                0x100192c8                __sfmoreglue
                0x10019310                _cleanup
                0x10019320                __sinit
                0x10019398                __sfp
                0x10019490                __sfp_lock_acquire
                0x10019494                __sfp_lock_release
                0x10019498                __sinit_lock_acquire
                0x1001949c                __sinit_lock_release
                0x100194a0                __fp_lock_all
                0x100194c4                __fp_unlock_all
 .text          0x100194e8      0x19c /home/leon/riotboard/arm-2012.09/bin/../arm-none-eabi/lib//libc.a(lib_a-fputwc.o)
                0x100194e8                _fputwc_r
                0x10019638                fputwc
 .text          0x10019684      0x368 /home/leon/riotboard/arm-2012.09/bin/../arm-none-eabi/lib//libc.a(lib_a-freer.o)
                0x10019684                _malloc_trim_r
                0x10019780                _free_r
 .text          0x100199ec      0x4c4 /home/leon/riotboard/arm-2012.09/bin/../arm-none-eabi/lib//libc.a(lib_a-fvwrite.o)
                0x100199ec                __sfvwrite_r
 .text          0x10019eb0      0x114 /home/leon/riotboard/arm-2012.09/bin/../arm-none-eabi/lib//libc.a(lib_a-fwalk.o)
                0x10019eb0                _fwalk
                0x10019f38                _fwalk_reent
 .text          0x10019fc4       0xd0 /home/leon/riotboard/arm-2012.09/bin/../arm-none-eabi/lib//libc.a(lib_a-locale.o)
                0x10019fc4                _setlocale_r
                0x1001a030                __locale_charset
                0x1001a03c                __locale_mb_cur_max
                0x1001a04c                __locale_msgcharset
                0x1001a058                __locale_cjk_lang
                0x1001a060                _localeconv_r
                0x1001a06c                setlocale
                0x1001a088                localeconv
 .text          0x1001a094      0x15c /home/leon/riotboard/arm-2012.09/bin/../arm-none-eabi/lib//libc.a(lib_a-makebuf.o)
                0x1001a094                __smakebuf_r
 .text          0x1001a1f0      0x11c /home/leon/riotboard/arm-2012.09/bin/../arm-none-eabi/lib//libc.a(lib_a-memchr.o)
                0x1001a1f0                memchr
 .text          0x1001a30c      0x134 /home/leon/riotboard/arm-2012.09/bin/../arm-none-eabi/lib//libc.a(lib_a-memmove.o)
                0x1001a30c                memmove
 .text          0x1001a440      0xd20 /home/leon/riotboard/arm-2012.09/bin/../arm-none-eabi/lib//libc.a(lib_a-mprec.o)
                0x1001a440                _Balloc
                0x1001a4cc                _Bfree
                0x1001a4e8                __multadd
                0x1001a5c4                __s2b
                0x1001a6b4                __hi0bits
                0x1001a704                __lo0bits
                0x1001a798                __i2b
                0x1001a7bc                __multiply
                0x1001a9a0                __pow5mult
                0x1001aa94                __lshift
                0x1001ab98                __mcmp
                0x1001abfc                __mdiff
                0x1001ad48                __ulp
                0x1001adac                __b2d
                0x1001ae78                __d2b
                0x1001af80                __ratio
                0x1001b010                _mprec_log10
                0x1001b064                __copybits
                0x1001b0d8                __any_on
 .text          0x1001b160      0x19c /home/leon/riotboard/arm-2012.09/bin/../arm-none-eabi/lib//libc.a(lib_a-reent.o)
                0x1001b160                cleanup_glue
                0x1001b18c                _reclaim_reent
                0x1001b288                _wrapup_reent
 .text          0x1001b2fc      0x1cc /home/leon/riotboard/arm-2012.09/bin/../arm-none-eabi/lib//libc.a(lib_a-refill.o)
                0x1001b324                __srefill_r
 .text          0x1001b4c8       0x6c /home/leon/riotboard/arm-2012.09/bin/../arm-none-eabi/lib//libc.a(lib_a-s_fpclassify.o)
                0x1001b4c8                __fpclassifyd
 .text          0x1001b534      0x24c /home/leon/riotboard/arm-2012.09/bin/../arm-none-eabi/lib//libc.a(lib_a-signal.o)
                0x1001b534                _init_signal_r
                0x1001b594                _signal_r
                0x1001b600                _raise_r
                0x1001b698                __sigtramp_r
                0x1001b72c                raise
                0x1001b740                signal
                0x1001b75c                _init_signal
                0x1001b76c                __sigtramp
 .text          0x1001b780       0x50 /home/leon/riotboard/arm-2012.09/bin/../arm-none-eabi/lib//libc.a(lib_a-signalr.o)
                0x1001b780                _kill_r
                0x1001b7c0                _getpid_r
 .text          0x1001b7d0       0xdc /home/leon/riotboard/arm-2012.09/bin/../arm-none-eabi/lib//libc.a(lib_a-stdio.o)
                0x1001b7d0                __sread
                0x1001b804                __seofread
                0x1001b80c                __swrite
                0x1001b864                __sseek
                0x1001b898                __sclose
 .text          0x1001b8ac      0x230 /home/leon/riotboard/arm-2012.09/bin/../arm-none-eabi/lib//libc.a(lib_a-strcmp.o)
                0x1001b8ac                strcmp
 .text          0x1001badc       0x60 /home/leon/riotboard/arm-2012.09/bin/../arm-none-eabi/lib//libc.a(lib_a-strlen.o)
                0x1001badc                strlen
 .text          0x1001bb3c      0x134 /home/leon/riotboard/arm-2012.09/bin/../arm-none-eabi/lib//libc.a(lib_a-wcrtomb.o)
                0x1001bb3c                _wcrtomb_r
                0x1001bbcc                wcrtomb
 .text          0x1001bc70       0x7c /home/leon/riotboard/arm-2012.09/bin/../arm-none-eabi/lib//libc.a(lib_a-wctomb_r.o)
                0x1001bc70                __ascii_wctomb
                0x1001bc9c                _wctomb_r
 .text          0x1001bcec       0x44 /home/leon/riotboard/arm-2012.09/bin/../arm-none-eabi/lib//libc.a(lib_a-writer.o)
                0x1001bcec                _write_r
 .text          0x1001bd30       0x94 /home/leon/riotboard/arm-2012.09/bin/../arm-none-eabi/lib//libc.a(lib_a-callocr.o)
                0x1001bd30                _calloc_r
 .text          0x1001bdc4       0x3c /home/leon/riotboard/arm-2012.09/bin/../arm-none-eabi/lib//libc.a(lib_a-closer.o)
                0x1001bdc4                _close_r
 .text          0x1001be00      0x10c /home/leon/riotboard/arm-2012.09/bin/../arm-none-eabi/lib//libc.a(lib_a-fclose.o)
                0x1001be00                _fclose_r
                0x1001bef8                fclose
 .text          0x1001bf0c       0x40 /home/leon/riotboard/arm-2012.09/bin/../arm-none-eabi/lib//libc.a(lib_a-fstatr.o)
                0x1001bf0c                _fstat_r
 .text          0x1001bf4c       0x3c /home/leon/riotboard/arm-2012.09/bin/../arm-none-eabi/lib//libc.a(lib_a-isattyr.o)
                0x1001bf4c                _isatty_r
 .text          0x1001bf88       0x44 /home/leon/riotboard/arm-2012.09/bin/../arm-none-eabi/lib//libc.a(lib_a-lseekr.o)
                0x1001bf88                _lseek_r
 .text          0x1001bfcc       0x44 /home/leon/riotboard/arm-2012.09/bin/../arm-none-eabi/lib//libc.a(lib_a-readr.o)
                0x1001bfcc                _read_r
 .text          0x1001c010      0x114 /home/leon/riotboard/arm-2012.09/bin/../lib/gcc/arm-none-eabi/4.7.2//libgcc.a(_udivsi3.o)
                0x1001c010                __udivsi3
                0x1001c010                __aeabi_uidiv
                0x1001c104                __aeabi_uidivmod
 .text          0x1001c124        0x4 /home/leon/riotboard/arm-2012.09/bin/../lib/gcc/arm-none-eabi/4.7.2//libgcc.a(_dvmd_tls.o)
                0x1001c124                __aeabi_ldiv0
                0x1001c124                __aeabi_idiv0
 .text          0x1001c128      0x41c /home/leon/riotboard/arm-2012.09/bin/../lib/gcc/arm-none-eabi/4.7.2//libgcc.a(_arm_addsubdf3.o)
                0x1001c128                __aeabi_drsub
                0x1001c130                __aeabi_dsub
                0x1001c130                __subdf3
                0x1001c134                __adddf3
                0x1001c134                __aeabi_dadd
                0x1001c444                __aeabi_ui2d
                0x1001c444                __floatunsidf
                0x1001c468                __floatsidf
                0x1001c468                __aeabi_i2d
                0x1001c490                __extendsfdf2
                0x1001c490                __aeabi_f2d
                0x1001c4d0                __aeabi_ul2d
                0x1001c4d0                __floatundidf
                0x1001c4e4                __floatdidf
                0x1001c4e4                __aeabi_l2d
 .text          0x1001c544      0x49c /home/leon/riotboard/arm-2012.09/bin/../lib/gcc/arm-none-eabi/4.7.2//libgcc.a(_arm_muldivdf3.o)
                0x1001c544                __aeabi_dmul
                0x1001c544                __muldf3
                0x1001c7d4                __aeabi_ddiv
                0x1001c7d4                __divdf3
 .text          0x1001c9e0      0x144 /home/leon/riotboard/arm-2012.09/bin/../lib/gcc/arm-none-eabi/4.7.2//libgcc.a(_arm_cmpdf2.o)
                0x1001c9e0                __gtdf2
                0x1001c9e0                __gedf2
                0x1001c9e8                __ltdf2
                0x1001c9e8                __ledf2
                0x1001c9f0                __cmpdf2
                0x1001c9f0                __eqdf2
                0x1001c9f0                __nedf2
                0x1001ca78                __aeabi_cdrcmple
                0x1001ca94                __aeabi_cdcmple
                0x1001ca94                __aeabi_cdcmpeq
                0x1001caac                __aeabi_dcmpeq
                0x1001cac4                __aeabi_dcmplt
                0x1001cadc                __aeabi_dcmple
                0x1001caf4                __aeabi_dcmpge
                0x1001cb0c                __aeabi_dcmpgt
 .text          0x1001cb24       0x5c /home/leon/riotboard/arm-2012.09/bin/../lib/gcc/arm-none-eabi/4.7.2//libgcc.a(_arm_fixdfsi.o)
                0x1001cb24                __fixdfsi
                0x1001cb24                __aeabi_d2iz
 .text          0x1001cb80      0x2ac /home/leon/riotboard/arm-2012.09/bin/../lib/gcc/arm-none-eabi/4.7.2//libgcc.a(_arm_addsubsf3.o)
                0x1001cb80                __aeabi_frsub
                0x1001cb88                __subsf3
                0x1001cb88                __aeabi_fsub
                0x1001cb8c                __aeabi_fadd
                0x1001cb8c                __addsf3
                0x1001cd48                __aeabi_ui2f
                0x1001cd48                __floatunsisf
                0x1001cd50                __aeabi_i2f
                0x1001cd50                __floatsisf
                0x1001cd70                __floatundisf
                0x1001cd70                __aeabi_ul2f
                0x1001cd80                __floatdisf
                0x1001cd80                __aeabi_l2f
 .text          0x1001ce2c      0x2f8 /home/leon/riotboard/arm-2012.09/bin/../lib/gcc/arm-none-eabi/4.7.2//libgcc.a(_arm_muldivsf3.o)
                0x1001ce2c                __mulsf3
                0x1001ce2c                __aeabi_fmul
                0x1001cfc4                __divsf3
                0x1001cfc4                __aeabi_fdiv
 .text          0x1001d124      0x114 /home/leon/riotboard/arm-2012.09/bin/../lib/gcc/arm-none-eabi/4.7.2//libgcc.a(_arm_cmpsf2.o)
                0x1001d124                __gtsf2
                0x1001d124                __gesf2
                0x1001d12c                __lesf2
                0x1001d12c                __ltsf2
                0x1001d134                __nesf2
                0x1001d134                __eqsf2
                0x1001d134                __cmpsf2
                0x1001d198                __aeabi_cfrcmple
                0x1001d1a8                __aeabi_cfcmple
                0x1001d1a8                __aeabi_cfcmpeq
                0x1001d1c0                __aeabi_fcmpeq
                0x1001d1d8                __aeabi_fcmplt
                0x1001d1f0                __aeabi_fcmple
                0x1001d208                __aeabi_fcmpge
                0x1001d220                __aeabi_fcmpgt
 .text          0x1001d238       0x5c /home/leon/riotboard/arm-2012.09/bin/../lib/gcc/arm-none-eabi/4.7.2//libgcc.a(_arm_fixsfsi.o)
                0x1001d238                __fixsfsi
                0x1001d238                __aeabi_f2iz
 .text          0x1001d294       0x3c /home/leon/riotboard/arm-2012.09/bin/../lib/gcc/arm-none-eabi/4.7.2//libgcc.a(_aeabi_uldivmod.o)
                0x1001d294                __aeabi_uldivmod
 .text          0x1001d2d0       0x84 /home/leon/riotboard/arm-2012.09/bin/../lib/gcc/arm-none-eabi/4.7.2//libgcc.a(bpabi.o)
                0x1001d2d0                __gnu_ldivmod_helper
                0x1001d314                __gnu_uldivmod_helper
 .text          0x1001d354      0x4f0 /home/leon/riotboard/arm-2012.09/bin/../lib/gcc/arm-none-eabi/4.7.2//libgcc.a(_divdi3.o)
                0x1001d354                __divdi3
 .text          0x1001d844      0x488 /home/leon/riotboard/arm-2012.09/bin/../lib/gcc/arm-none-eabi/4.7.2//libgcc.a(_udivdi3.o)
                0x1001d844                __udivdi3
 .text          0x1001dccc       0x48 /home/leon/riotboard/arm-2012.09/bin/../lib/gcc/arm-none-eabi/4.7.2//libgcc.a(_clzsi2.o)
                0x1001dccc                __clzsi2
 .text          0x1001dd14      0x610 /home/leon/git/swp-report/iMX6_Platform_SDK/output/mx6dq/lib/libsdk.a(runtime_support.o)
                0x1001dd14                _execve
                0x1001dd50                _fork
                0x1001dd78                _isatty
                0x1001dd9c                _open
                0x1001ddc8                _close
                0x1001ddec                _lseek
                0x1001de18                _fstat
                0x1001de4c                _read
                0x1001df1c                _write
                0x1001e008                _raw_puts
                0x1001e088                _sbrk
                0x1001e138                _exit
                0x1001e158                _kill
                0x1001e190                _getpid
                0x1001e1a8                _link
                0x1001e1e0                _unlink
                0x1001e214                _stat
                0x1001e248                _times
                0x1001e26c                _gettimeofday
                0x1001e2f0                _wait
 *(.glue_7t)
 .glue_7t       0x00000000        0x0 linker stubs
 *(.glue_7)
 .glue_7        0x00000000        0x0 linker stubs
 *(.vfp11_veneer)
 .vfp11_veneer  0x00000000        0x0 linker stubs
 *(.ARM.extab* .gnu.linkonce.armextab.*)
 .ARM.extab.startup
                0x1001e324        0x0 /home/leon/git/swp-report/iMX6_Platform_SDK/output/mx6dq/lib/libsdk.a(startup.o)
 .ARM.extab     0x1001e324        0x0 /home/leon/riotboard/arm-2012.09/bin/../lib/gcc/arm-none-eabi/4.7.2//libgcc.a(_divdi3.o)
 .ARM.extab     0x1001e324        0x0 /home/leon/riotboard/arm-2012.09/bin/../lib/gcc/arm-none-eabi/4.7.2//libgcc.a(_udivdi3.o)
 *(.gcc_except_table)

.v4_bx          0x1001e324        0x0
 .v4_bx         0x00000000        0x0 linker stubs

.iplt           0x1001e324        0x0
 .iplt          0x00000000        0x0 /home/leon/riotboard/arm-2012.09/bin/../lib/gcc/arm-none-eabi/4.7.2//crtbegin.o

.ctors
 *crtbegin.o(.ctors)
 *crtbegin?.o(.ctors)
 *(EXCLUDE_FILE(*crtend?.o *crtend.o) .ctors)
 *(SORT(.ctors.*))
 *(.ctors)

.dtors
 *crtbegin.o(.dtors)
 *crtbegin?.o(.dtors)
 *(EXCLUDE_FILE(*crtend?.o *crtend.o) .dtors)
 *(SORT(.dtors.*))
 *(.dtors)

.rodata         0x1001e328      0xdf0
 *(.rodata .rodata.* .gnu.linkonce.r.*)
 .rodata        0x1001e328      0x180 /home/leon/git/swp-report/iMX6_Platform_SDK/output/mx6dq/usb_hid_mouse/smart_device_rev_c/obj/apps/usb_hid_mouse/src/usb_descriptor.o
                0x1001e328                usb_desc_ep
                0x1001e354                g_device_descriptor
                0x1001e368                g_config_descriptor
                0x1001e38c                g_report_descriptor
                0x1001e3c0                USB_STR_0
                0x1001e3c4                USB_STR_1
                0x1001e400                USB_STR_2
                0x1001e424                USB_STR_n
                0x1001e448                g_std_desc_size
                0x1001e45c                g_std_descriptors
                0x1001e480                g_string_desc_size
                0x1001e484                g_string_descriptors
                0x1001e494                g_languages
                0x1001e4a4                g_valid_config_values
 .rodata        0x1001e4a8       0x5c /home/leon/git/swp-report/iMX6_Platform_SDK/output/mx6dq/lib/libsdk.a(usb_framework.o)
                0x1001e4a8                g_validate_request
                0x1001e4d0                g_standard_request
 .rodata        0x1001e504       0xb0 /home/leon/git/swp-report/iMX6_Platform_SDK/output/mx6dq/lib/libsdk.a(usb_dci_imx6.o)
 .rodata        0x1001e5b4       0x34 /home/leon/git/swp-report/iMX6_Platform_SDK/output/mx6dq/lib/libsdk.a(ccm_pll.o)
                0x1001e5b4                PLL1_OUTPUT
                0x1001e5b8                PLL2_OUTPUT
                0x1001e5cc                PLL3_OUTPUT
                0x1001e5e0                PLL4_OUTPUT
                0x1001e5e4                PLL5_OUTPUT
 .rodata        0x1001e5e8       0x64 /home/leon/git/swp-report/iMX6_Platform_SDK/output/mx6dq/lib/libsdk.a(gic.o)
 .rodata        0x1001e64c       0x20 /home/leon/git/swp-report/iMX6_Platform_SDK/output/mx6dq/lib/libsdk.a(interrupt.o)
 .rodata        0x1001e66c       0xcc /home/leon/git/swp-report/iMX6_Platform_SDK/output/mx6dq/lib/libsdk.a(system_util.o)
 .rodata        0x1001e738       0xf4 /home/leon/git/swp-report/iMX6_Platform_SDK/output/mx6dq/lib/libsdk.a(text_color.o)
                0x1001e740                g_TextAttributeDefault
                0x1001e74c                g_TextAttributeBold
                0x1001e758                g_TextAttributeDim
                0x1001e764                g_TextAttributeUnderline
                0x1001e770                g_TextAttributeBlink
                0x1001e77c                g_TextAttributeReverse
                0x1001e788                g_TextAttributeHidden
                0x1001e794                g_TextColorBlack
                0x1001e7a0                g_TextColorRed
                0x1001e7ac                g_TextColorGreen
                0x1001e7b8                g_TextColorYellow
                0x1001e7c4                g_TextColorBlue
                0x1001e7d0                g_TextColorMagenta
                0x1001e7dc                g_TextColorCyan
                0x1001e7e8                g_TextColorWhite
                0x1001e7f8                g_TextColorOrange
                0x1001e808                g_TextColorLightBlue
                0x1001e818                g_TextColorGray
                0x1001e828                g_TextColorPurple
 .rodata        0x1001e82c      0x230 /home/leon/git/swp-report/iMX6_Platform_SDK/output/mx6dq/lib/libsdk.a(abort_handler.o)
 .rodata        0x1001ea5c       0x84 /home/leon/git/swp-report/iMX6_Platform_SDK/output/mx6dq/lib/libboard_smart_device_rev_c.a(uart_iomux_config.o)
 .rodata        0x1001eae0      0x398 /home/leon/riotboard/arm-2012.09/bin/../arm-none-eabi/lib//libm.a(lib_a-ef_rem_pio2.o)
 .rodata        0x1001ee78       0x38 /home/leon/riotboard/arm-2012.09/bin/../arm-none-eabi/lib//libm.a(lib_a-kf_rem_pio2.o)
 .rodata.str1.4
                0x1001eeb0       0x3f /home/leon/riotboard/arm-2012.09/bin/../arm-none-eabi/lib//libc.a(lib_a-assert.o)
                                 0x44 (size before relaxing)
 *fill*         0x1001eeef        0x1 
 .rodata        0x1001eef0        0x4 /home/leon/riotboard/arm-2012.09/bin/../arm-none-eabi/lib//libc.a(lib_a-impure.o)
                0x1001eef0                _global_impure_ptr
 .rodata.str1.4
                0x1001eef4        0x2 /home/leon/riotboard/arm-2012.09/bin/../arm-none-eabi/lib//libc.a(lib_a-impure.o)
                                  0x4 (size before relaxing)
 *fill*         0x1001eef6        0x2 
 .rodata        0x1001eef8       0x20 /home/leon/riotboard/arm-2012.09/bin/../arm-none-eabi/lib//libc.a(lib_a-vfiprintf.o)
 .rodata.str1.4
                0x1001ef18       0x2f /home/leon/riotboard/arm-2012.09/bin/../arm-none-eabi/lib//libc.a(lib_a-vfiprintf.o)
                                 0x30 (size before relaxing)
 *fill*         0x1001ef47        0x1 
 .rodata        0x1001ef48       0x20 /home/leon/riotboard/arm-2012.09/bin/../arm-none-eabi/lib//libc.a(lib_a-vfprintf.o)
 .rodata.str1.4
                0x1001ef68       0x12 /home/leon/riotboard/arm-2012.09/bin/../arm-none-eabi/lib//libc.a(lib_a-vfprintf.o)
                                 0x44 (size before relaxing)
 *fill*         0x1001ef7a        0x2 
 .rodata.str1.4
                0x1001ef7c       0x10 /home/leon/riotboard/arm-2012.09/bin/../arm-none-eabi/lib//libc.a(lib_a-dtoa.o)
                                 0x14 (size before relaxing)
 .rodata.str1.4
                0x1001ef8c        0xc /home/leon/riotboard/arm-2012.09/bin/../arm-none-eabi/lib//libc.a(lib_a-locale.o)
                                 0x14 (size before relaxing)
 .rodata        0x1001ef98      0x128 /home/leon/riotboard/arm-2012.09/bin/../arm-none-eabi/lib//libc.a(lib_a-mprec.o)
                0x1001efa8                __mprec_tens
                0x1001f070                __mprec_tinytens
                0x1001f098                __mprec_bigtens
 .rodata        0x1001f0c0       0x20 /home/leon/git/swp-report/iMX6_Platform_SDK/output/mx6dq/lib/libsdk.a(runtime_support.o)
                0x1001f0e0                . = ALIGN (0x4)
 *(.init)
 .init          0x1001f0e0        0xc /home/leon/riotboard/arm-2012.09/bin/../lib/gcc/arm-none-eabi/4.7.2//crti.o
                0x1001f0e0                _init
 .init          0x1001f0ec        0xc /home/leon/riotboard/arm-2012.09/bin/../lib/gcc/arm-none-eabi/4.7.2//crtn.o
                0x1001f0f8                . = ALIGN (0x4)
                0x1001f0f8                __init_array_start = .
 *(SORT(.init_array.*))
 *(.init_array)
 .init_array    0x1001f0f8        0x4 /home/leon/riotboard/arm-2012.09/bin/../lib/gcc/arm-none-eabi/4.7.2//crtbegin.o
                0x1001f0fc                __init_array_end = .
                0x1001f0fc                . = ALIGN (0x4)
 *(.fini)
 .fini          0x1001f0fc        0xc /home/leon/riotboard/arm-2012.09/bin/../lib/gcc/arm-none-eabi/4.7.2//crti.o
                0x1001f0fc                _fini
 .fini          0x1001f108        0xc /home/leon/riotboard/arm-2012.09/bin/../lib/gcc/arm-none-eabi/4.7.2//crtn.o
                0x1001f114                . = ALIGN (0x4)
                0x1001f114                __fini_array_start = .
 *(.fini_array)
 .fini_array    0x1001f114        0x4 /home/leon/riotboard/arm-2012.09/bin/../lib/gcc/arm-none-eabi/4.7.2//crtbegin.o
 *(SORT(.fini_array.*))
                0x1001f118                __fini_array_end = .
                0x1001f118                PROVIDE (__exidx_start, .)

.eh_frame       0x1001f118        0x4
 .eh_frame      0x1001f118        0x0 /home/leon/riotboard/arm-2012.09/bin/../lib/gcc/arm-none-eabi/4.7.2//crtbegin.o
 .eh_frame      0x1001f118        0x4 /home/leon/riotboard/arm-2012.09/bin/../lib/gcc/arm-none-eabi/4.7.2//crtend.o

.ARM.exidx      0x1001f11c        0x8
 *(.ARM.exidx* .gnu.linkonce.armexidx.*)
 .ARM.exidx.startup
                0x1001f11c        0x8 /home/leon/git/swp-report/iMX6_Platform_SDK/output/mx6dq/lib/libsdk.a(startup.o)
 .ARM.exidx     0x1001f124        0x0 /home/leon/riotboard/arm-2012.09/bin/../lib/gcc/arm-none-eabi/4.7.2//libgcc.a(_divdi3.o)
                                  0x8 (size before relaxing)
 .ARM.exidx     0x1001f124        0x0 /home/leon/riotboard/arm-2012.09/bin/../lib/gcc/arm-none-eabi/4.7.2//libgcc.a(_udivdi3.o)
                                  0x8 (size before relaxing)
                0x1001f124                PROVIDE (__exidx_end, .)

.rel.dyn        0x1001f124        0x0
 .rel.iplt      0x00000000        0x0 /home/leon/riotboard/arm-2012.09/bin/../lib/gcc/arm-none-eabi/4.7.2//crtbegin.o

.data           0x1001f128      0x8e4
 *(.data .data.* .gnu.linkonce.d.*)
 .data          0x1001f128        0x4 /home/leon/riotboard/arm-2012.09/bin/../lib/gcc/arm-none-eabi/4.7.2//crtbegin.o
                0x1001f128                __dso_handle
 .data          0x1001f12c        0x0 /home/leon/riotboard/arm-2012.09/bin/../lib/gcc/arm-none-eabi/4.7.2//crti.o
 .data          0x1001f12c        0x0 /home/leon/riotboard/arm-2012.09/bin/../lib/gcc/arm-none-eabi/4.7.2//crtend.o
 .data          0x1001f12c        0x0 /home/leon/riotboard/arm-2012.09/bin/../lib/gcc/arm-none-eabi/4.7.2//crtn.o
 .data          0x1001f12c        0x0 /home/leon/git/swp-report/iMX6_Platform_SDK/output/mx6dq/usb_hid_mouse/smart_device_rev_c/obj/apps/common/ivt.o
 .data          0x1001f12c        0x0 /home/leon/git/swp-report/iMX6_Platform_SDK/output/mx6dq/usb_hid_mouse/smart_device_rev_c/obj/apps/common/platform_init.o
 .data          0x1001f12c        0x4 /home/leon/git/swp-report/iMX6_Platform_SDK/output/mx6dq/usb_hid_mouse/smart_device_rev_c/obj/apps/usb_hid_mouse/src/mouse_button.o
 .data          0x1001f130        0x0 /home/leon/git/swp-report/iMX6_Platform_SDK/output/mx6dq/usb_hid_mouse/smart_device_rev_c/obj/apps/usb_hid_mouse/src/usb_descriptor.o
 .data          0x1001f130        0x0 /home/leon/git/swp-report/iMX6_Platform_SDK/output/mx6dq/lib/libsdk.a(usb_hid.o)
 .data          0x1001f130        0x0 /home/leon/git/swp-report/iMX6_Platform_SDK/output/mx6dq/lib/libsdk.a(usb_class.o)
 .data          0x1001f130        0x0 /home/leon/git/swp-report/iMX6_Platform_SDK/output/mx6dq/lib/libsdk.a(usb_framework.o)
 .data          0x1001f130        0x8 /home/leon/git/swp-report/iMX6_Platform_SDK/output/mx6dq/lib/libsdk.a(usb_dci_imx6.o)
                0x1001f130                usbotg
 .data          0x1001f138        0x0 /home/leon/git/swp-report/iMX6_Platform_SDK/output/mx6dq/lib/libsdk.a(usb_driver.o)
 .data          0x1001f138        0x0 /home/leon/git/swp-report/iMX6_Platform_SDK/output/mx6dq/lib/libsdk.a(ccm_pll.o)
 .data          0x1001f138        0x0 /home/leon/git/swp-report/iMX6_Platform_SDK/output/mx6dq/lib/libsdk.a(cortexA9.o)
 .data          0x1001f138        0x0 /home/leon/git/swp-report/iMX6_Platform_SDK/output/mx6dq/lib/libsdk.a(gic.o)
 .data          0x1001f138        0x0 /home/leon/git/swp-report/iMX6_Platform_SDK/output/mx6dq/lib/libsdk.a(interrupt.o)
 .data          0x1001f138        0x0 /home/leon/git/swp-report/iMX6_Platform_SDK/output/mx6dq/lib/libsdk.a(mmu.o)
 .data          0x1001f138        0x0 /home/leon/git/swp-report/iMX6_Platform_SDK/output/mx6dq/lib/libsdk.a(startup.o)
 .data          0x1001f138        0x0 /home/leon/git/swp-report/iMX6_Platform_SDK/output/mx6dq/lib/libsdk.a(vectors.o)
 .data          0x1001f138        0x0 /home/leon/git/swp-report/iMX6_Platform_SDK/output/mx6dq/lib/libsdk.a(system_util.o)
 .data          0x1001f138        0x4 /home/leon/git/swp-report/iMX6_Platform_SDK/output/mx6dq/lib/libsdk.a(text_color.o)
                0x1001f138                is_color_supported
 .data          0x1001f13c        0x0 /home/leon/git/swp-report/iMX6_Platform_SDK/output/mx6dq/lib/libsdk.a(timer.o)
 .data          0x1001f13c        0x0 /home/leon/git/swp-report/iMX6_Platform_SDK/output/mx6dq/lib/libsdk.a(imx_uart.o)
 .data          0x1001f13c        0x4 /home/leon/git/swp-report/iMX6_Platform_SDK/output/mx6dq/lib/libsdk.a(arm_abort.o)
 .data          0x1001f140        0x0 /home/leon/git/swp-report/iMX6_Platform_SDK/output/mx6dq/lib/libsdk.a(epit.o)
 .data          0x1001f140        0x0 /home/leon/git/swp-report/iMX6_Platform_SDK/output/mx6dq/lib/libsdk.a(abort_handler.o)
 .data          0x1001f140        0x0 /home/leon/git/swp-report/iMX6_Platform_SDK/output/mx6dq/lib/libboard_smart_device_rev_c.a(board_io_expanders.o)
 .data          0x1001f140        0x8 /home/leon/git/swp-report/iMX6_Platform_SDK/output/mx6dq/lib/libboard_smart_device_rev_c.a(hardware_modules.o)
                0x1001f140                g_debug_uart_port
                0x1001f144                g_system_timer_port
 .data          0x1001f148        0x0 /home/leon/git/swp-report/iMX6_Platform_SDK/output/mx6dq/lib/libboard_smart_device_rev_c.a(dcd.o)
 .data          0x1001f148        0x0 /home/leon/git/swp-report/iMX6_Platform_SDK/output/mx6dq/lib/libboard_smart_device_rev_c.a(uart_iomux_config.o)
 .data          0x1001f148        0x0 /home/leon/git/swp-report/iMX6_Platform_SDK/output/mx6dq/lib/libboard_smart_device_rev_c.a(iomux_config.o)
 .data          0x1001f148        0x0 /home/leon/git/swp-report/iMX6_Platform_SDK/output/mx6dq/lib/libboard_smart_device_rev_c.a(ipu1_iomux_config.o)
 .data          0x1001f148        0x0 /home/leon/git/swp-report/iMX6_Platform_SDK/output/mx6dq/lib/libboard_smart_device_rev_c.a(mmdc_iomux_config.o)
 .data          0x1001f148        0x0 /home/leon/git/swp-report/iMX6_Platform_SDK/output/mx6dq/lib/libboard_smart_device_rev_c.a(pwm1_iomux_config.o)
 .data          0x1001f148        0x0 /home/leon/git/swp-report/iMX6_Platform_SDK/output/mx6dq/lib/libboard_smart_device_rev_c.a(sjc_iomux_config.o)
 .data          0x1001f148        0x0 /home/leon/git/swp-report/iMX6_Platform_SDK/output/mx6dq/lib/libboard_smart_device_rev_c.a(uart1_iomux_config.o)
 .data          0x1001f148        0x0 /home/leon/git/swp-report/iMX6_Platform_SDK/output/mx6dq/lib/libboard_smart_device_rev_c.a(usb_iomux_config.o)
 .data          0x1001f148        0x0 /home/leon/git/swp-report/iMX6_Platform_SDK/output/mx6dq/lib/libboard_smart_device_rev_c.a(usdhc2_iomux_config.o)
 .data          0x1001f148        0x0 /home/leon/git/swp-report/iMX6_Platform_SDK/output/mx6dq/lib/libboard_smart_device_rev_c.a(usdhc3_iomux_config.o)
 .data          0x1001f148        0x0 /home/leon/git/swp-report/iMX6_Platform_SDK/output/mx6dq/lib/libboard_smart_device_rev_c.a(usdhc4_iomux_config.o)
 .data          0x1001f148        0x0 /home/leon/git/swp-report/iMX6_Platform_SDK/output/mx6dq/lib/libboard_smart_device_rev_c.a(audmux_iomux_config.o)
 .data          0x1001f148        0x0 /home/leon/git/swp-report/iMX6_Platform_SDK/output/mx6dq/lib/libboard_smart_device_rev_c.a(ccm_iomux_config.o)
 .data          0x1001f148        0x0 /home/leon/git/swp-report/iMX6_Platform_SDK/output/mx6dq/lib/libboard_smart_device_rev_c.a(ecspi1_iomux_config.o)
 .data          0x1001f148        0x0 /home/leon/git/swp-report/iMX6_Platform_SDK/output/mx6dq/lib/libboard_smart_device_rev_c.a(enet_iomux_config.o)
 .data          0x1001f148        0x0 /home/leon/git/swp-report/iMX6_Platform_SDK/output/mx6dq/lib/libboard_smart_device_rev_c.a(flexcan1_iomux_config.o)
 .data          0x1001f148        0x0 /home/leon/git/swp-report/iMX6_Platform_SDK/output/mx6dq/lib/libboard_smart_device_rev_c.a(gpio1_iomux_config.o)
 .data          0x1001f148        0x0 /home/leon/git/swp-report/iMX6_Platform_SDK/output/mx6dq/lib/libboard_smart_device_rev_c.a(gpio2_iomux_config.o)
 .data          0x1001f148        0x0 /home/leon/git/swp-report/iMX6_Platform_SDK/output/mx6dq/lib/libboard_smart_device_rev_c.a(gpio3_iomux_config.o)
 .data          0x1001f148        0x0 /home/leon/git/swp-report/iMX6_Platform_SDK/output/mx6dq/lib/libboard_smart_device_rev_c.a(gpio4_iomux_config.o)
 .data          0x1001f148        0x0 /home/leon/git/swp-report/iMX6_Platform_SDK/output/mx6dq/lib/libboard_smart_device_rev_c.a(gpio5_iomux_config.o)
 .data          0x1001f148        0x0 /home/leon/git/swp-report/iMX6_Platform_SDK/output/mx6dq/lib/libboard_smart_device_rev_c.a(gpio6_iomux_config.o)
 .data          0x1001f148        0x0 /home/leon/git/swp-report/iMX6_Platform_SDK/output/mx6dq/lib/libboard_smart_device_rev_c.a(gpio7_iomux_config.o)
 .data          0x1001f148        0x0 /home/leon/git/swp-report/iMX6_Platform_SDK/output/mx6dq/lib/libboard_smart_device_rev_c.a(gps_iomux_config.o)
 .data          0x1001f148        0x0 /home/leon/git/swp-report/iMX6_Platform_SDK/output/mx6dq/lib/libboard_smart_device_rev_c.a(i2c1_iomux_config.o)
 .data          0x1001f148        0x0 /home/leon/git/swp-report/iMX6_Platform_SDK/output/mx6dq/lib/libboard_smart_device_rev_c.a(i2c2_iomux_config.o)
 .data          0x1001f148        0x0 /home/leon/git/swp-report/iMX6_Platform_SDK/output/mx6dq/lib/libboard_smart_device_rev_c.a(i2c3_iomux_config.o)
 .data          0x1001f148        0x0 /home/leon/riotboard/arm-2012.09/bin/../arm-none-eabi/lib//libm.a(lib_a-sf_cos.o)
 .data          0x1001f148        0x0 /home/leon/riotboard/arm-2012.09/bin/../arm-none-eabi/lib//libm.a(lib_a-sf_sin.o)
 .data          0x1001f148        0x0 /home/leon/riotboard/arm-2012.09/bin/../arm-none-eabi/lib//libm.a(lib_a-ef_rem_pio2.o)
 .data          0x1001f148        0x0 /home/leon/riotboard/arm-2012.09/bin/../arm-none-eabi/lib//libm.a(lib_a-kf_cos.o)
 .data          0x1001f148        0x0 /home/leon/riotboard/arm-2012.09/bin/../arm-none-eabi/lib//libm.a(lib_a-kf_rem_pio2.o)
 .data          0x1001f148        0x0 /home/leon/riotboard/arm-2012.09/bin/../arm-none-eabi/lib//libm.a(lib_a-kf_sin.o)
 .data          0x1001f148        0x0 /home/leon/riotboard/arm-2012.09/bin/../arm-none-eabi/lib//libm.a(lib_a-sf_fabs.o)
 .data          0x1001f148        0x0 /home/leon/riotboard/arm-2012.09/bin/../arm-none-eabi/lib//libm.a(lib_a-sf_floor.o)
 .data          0x1001f148        0x0 /home/leon/riotboard/arm-2012.09/bin/../arm-none-eabi/lib//libm.a(lib_a-sf_scalbn.o)
 .data          0x1001f148        0x0 /home/leon/riotboard/arm-2012.09/bin/../arm-none-eabi/lib//libm.a(lib_a-sf_copysign.o)
 .data          0x1001f148        0x0 /home/leon/riotboard/arm-2012.09/bin/../arm-none-eabi/lib//libc.a(lib_a-assert.o)
 .data          0x1001f148        0x0 /home/leon/riotboard/arm-2012.09/bin/../arm-none-eabi/lib//libc.a(lib_a-bzero.o)
 .data          0x1001f148        0x0 /home/leon/riotboard/arm-2012.09/bin/../arm-none-eabi/lib//libc.a(lib_a-fiprintf.o)
 .data          0x1001f148        0x0 /home/leon/riotboard/arm-2012.09/bin/../arm-none-eabi/lib//libc.a(lib_a-fputc.o)
 .data          0x1001f148      0x430 /home/leon/riotboard/arm-2012.09/bin/../arm-none-eabi/lib//libc.a(lib_a-impure.o)
                0x1001f148                _impure_ptr
 .data          0x1001f578        0x0 /home/leon/riotboard/arm-2012.09/bin/../arm-none-eabi/lib//libc.a(lib_a-init.o)
 .data          0x1001f578        0x0 /home/leon/riotboard/arm-2012.09/bin/../arm-none-eabi/lib//libc.a(lib_a-malloc.o)
 .data          0x1001f578      0x410 /home/leon/riotboard/arm-2012.09/bin/../arm-none-eabi/lib//libc.a(lib_a-mallocr.o)
                0x1001f578                __malloc_av_
                0x1001f980                __malloc_sbrk_base
                0x1001f984                __malloc_trim_threshold
 .data          0x1001f988        0x0 /home/leon/riotboard/arm-2012.09/bin/../arm-none-eabi/lib//libc.a(lib_a-memcpy.o)
 .data          0x1001f988        0x0 /home/leon/riotboard/arm-2012.09/bin/../arm-none-eabi/lib//libc.a(lib_a-memset.o)
 .data          0x1001f988        0x0 /home/leon/riotboard/arm-2012.09/bin/../arm-none-eabi/lib//libc.a(lib_a-mlock.o)
 .data          0x1001f988        0x0 /home/leon/riotboard/arm-2012.09/bin/../arm-none-eabi/lib//libc.a(lib_a-printf.o)
 .data          0x1001f988        0x0 /home/leon/riotboard/arm-2012.09/bin/../arm-none-eabi/lib//libc.a(lib_a-putc.o)
 .data          0x1001f988        0x0 /home/leon/riotboard/arm-2012.09/bin/../arm-none-eabi/lib//libc.a(lib_a-realloc.o)
 .data          0x1001f988        0x0 /home/leon/riotboard/arm-2012.09/bin/../arm-none-eabi/lib//libc.a(lib_a-reallocr.o)
 .data          0x1001f988        0x0 /home/leon/riotboard/arm-2012.09/bin/../arm-none-eabi/lib//libc.a(lib_a-rget.o)
 .data          0x1001f988        0x0 /home/leon/riotboard/arm-2012.09/bin/../arm-none-eabi/lib//libc.a(lib_a-sbrkr.o)
 .data          0x1001f988        0x0 /home/leon/riotboard/arm-2012.09/bin/../arm-none-eabi/lib//libc.a(lib_a-vfiprintf.o)
 .data          0x1001f988        0x0 /home/leon/riotboard/arm-2012.09/bin/../arm-none-eabi/lib//libc.a(lib_a-vfprintf.o)
 .data          0x1001f988        0x0 /home/leon/riotboard/arm-2012.09/bin/../arm-none-eabi/lib//libc.a(lib_a-vprintf.o)
 .data          0x1001f988        0x0 /home/leon/riotboard/arm-2012.09/bin/../arm-none-eabi/lib//libc.a(lib_a-wbuf.o)
 .data          0x1001f988        0x0 /home/leon/riotboard/arm-2012.09/bin/../arm-none-eabi/lib//libc.a(lib_a-wsetup.o)
 .data          0x1001f988        0x0 /home/leon/riotboard/arm-2012.09/bin/../arm-none-eabi/lib//libc.a(lib_a-abort.o)
 .data          0x1001f988        0x0 /home/leon/riotboard/arm-2012.09/bin/../arm-none-eabi/lib//libc.a(lib_a-dtoa.o)
 .data          0x1001f988        0x0 /home/leon/riotboard/arm-2012.09/bin/../arm-none-eabi/lib//libc.a(lib_a-fflush.o)
 .data          0x1001f988        0x0 /home/leon/riotboard/arm-2012.09/bin/../arm-none-eabi/lib//libc.a(lib_a-findfp.o)
 .data          0x1001f988        0x0 /home/leon/riotboard/arm-2012.09/bin/../arm-none-eabi/lib//libc.a(lib_a-fputwc.o)
 .data          0x1001f988        0x0 /home/leon/riotboard/arm-2012.09/bin/../arm-none-eabi/lib//libc.a(lib_a-freer.o)
 .data          0x1001f988        0x0 /home/leon/riotboard/arm-2012.09/bin/../arm-none-eabi/lib//libc.a(lib_a-fvwrite.o)
 .data          0x1001f988        0x0 /home/leon/riotboard/arm-2012.09/bin/../arm-none-eabi/lib//libc.a(lib_a-fwalk.o)
 .data          0x1001f988       0x7c /home/leon/riotboard/arm-2012.09/bin/../arm-none-eabi/lib//libc.a(lib_a-locale.o)
                0x1001f9a8                __mb_cur_max
 .data          0x1001fa04        0x0 /home/leon/riotboard/arm-2012.09/bin/../arm-none-eabi/lib//libc.a(lib_a-makebuf.o)
 .data          0x1001fa04        0x0 /home/leon/riotboard/arm-2012.09/bin/../arm-none-eabi/lib//libc.a(lib_a-memchr.o)
 .data          0x1001fa04        0x0 /home/leon/riotboard/arm-2012.09/bin/../arm-none-eabi/lib//libc.a(lib_a-memmove.o)
 .data          0x1001fa04        0x0 /home/leon/riotboard/arm-2012.09/bin/../arm-none-eabi/lib//libc.a(lib_a-mprec.o)
 .data          0x1001fa04        0x0 /home/leon/riotboard/arm-2012.09/bin/../arm-none-eabi/lib//libc.a(lib_a-reent.o)
 .data          0x1001fa04        0x0 /home/leon/riotboard/arm-2012.09/bin/../arm-none-eabi/lib//libc.a(lib_a-refill.o)
 .data          0x1001fa04        0x0 /home/leon/riotboard/arm-2012.09/bin/../arm-none-eabi/lib//libc.a(lib_a-s_fpclassify.o)
 .data          0x1001fa04        0x0 /home/leon/riotboard/arm-2012.09/bin/../arm-none-eabi/lib//libc.a(lib_a-signal.o)
 .data          0x1001fa04        0x0 /home/leon/riotboard/arm-2012.09/bin/../arm-none-eabi/lib//libc.a(lib_a-signalr.o)
 .data          0x1001fa04        0x0 /home/leon/riotboard/arm-2012.09/bin/../arm-none-eabi/lib//libc.a(lib_a-stdio.o)
 .data          0x1001fa04        0x0 /home/leon/riotboard/arm-2012.09/bin/../arm-none-eabi/lib//libc.a(lib_a-strcmp.o)
 .data          0x1001fa04        0x0 /home/leon/riotboard/arm-2012.09/bin/../arm-none-eabi/lib//libc.a(lib_a-strlen.o)
 .data          0x1001fa04        0x0 /home/leon/riotboard/arm-2012.09/bin/../arm-none-eabi/lib//libc.a(lib_a-wcrtomb.o)
 .data          0x1001fa04        0x4 /home/leon/riotboard/arm-2012.09/bin/../arm-none-eabi/lib//libc.a(lib_a-wctomb_r.o)
                0x1001fa04                __wctomb
 .data          0x1001fa08        0x0 /home/leon/riotboard/arm-2012.09/bin/../arm-none-eabi/lib//libc.a(lib_a-writer.o)
 .data          0x1001fa08        0x0 /home/leon/riotboard/arm-2012.09/bin/../arm-none-eabi/lib//libc.a(lib_a-callocr.o)
 .data          0x1001fa08        0x0 /home/leon/riotboard/arm-2012.09/bin/../arm-none-eabi/lib//libc.a(lib_a-closer.o)
 .data          0x1001fa08        0x0 /home/leon/riotboard/arm-2012.09/bin/../arm-none-eabi/lib//libc.a(lib_a-fclose.o)
 .data          0x1001fa08        0x0 /home/leon/riotboard/arm-2012.09/bin/../arm-none-eabi/lib//libc.a(lib_a-fstatr.o)
 .data          0x1001fa08        0x0 /home/leon/riotboard/arm-2012.09/bin/../arm-none-eabi/lib//libc.a(lib_a-isattyr.o)
 .data          0x1001fa08        0x0 /home/leon/riotboard/arm-2012.09/bin/../arm-none-eabi/lib//libc.a(lib_a-lseekr.o)
 .data          0x1001fa08        0x0 /home/leon/riotboard/arm-2012.09/bin/../arm-none-eabi/lib//libc.a(lib_a-readr.o)
 .data          0x1001fa08        0x0 /home/leon/riotboard/arm-2012.09/bin/../lib/gcc/arm-none-eabi/4.7.2//libgcc.a(_udivsi3.o)
 .data          0x1001fa08        0x0 /home/leon/riotboard/arm-2012.09/bin/../lib/gcc/arm-none-eabi/4.7.2//libgcc.a(_dvmd_tls.o)
 .data          0x1001fa08        0x0 /home/leon/riotboard/arm-2012.09/bin/../lib/gcc/arm-none-eabi/4.7.2//libgcc.a(_arm_addsubdf3.o)
 .data          0x1001fa08        0x0 /home/leon/riotboard/arm-2012.09/bin/../lib/gcc/arm-none-eabi/4.7.2//libgcc.a(_arm_muldivdf3.o)
 .data          0x1001fa08        0x0 /home/leon/riotboard/arm-2012.09/bin/../lib/gcc/arm-none-eabi/4.7.2//libgcc.a(_arm_cmpdf2.o)
 .data          0x1001fa08        0x0 /home/leon/riotboard/arm-2012.09/bin/../lib/gcc/arm-none-eabi/4.7.2//libgcc.a(_arm_fixdfsi.o)
 .data          0x1001fa08        0x0 /home/leon/riotboard/arm-2012.09/bin/../lib/gcc/arm-none-eabi/4.7.2//libgcc.a(_arm_addsubsf3.o)
 .data          0x1001fa08        0x0 /home/leon/riotboard/arm-2012.09/bin/../lib/gcc/arm-none-eabi/4.7.2//libgcc.a(_arm_muldivsf3.o)
 .data          0x1001fa08        0x0 /home/leon/riotboard/arm-2012.09/bin/../lib/gcc/arm-none-eabi/4.7.2//libgcc.a(_arm_cmpsf2.o)
 .data          0x1001fa08        0x0 /home/leon/riotboard/arm-2012.09/bin/../lib/gcc/arm-none-eabi/4.7.2//libgcc.a(_arm_fixsfsi.o)
 .data          0x1001fa08        0x0 /home/leon/riotboard/arm-2012.09/bin/../lib/gcc/arm-none-eabi/4.7.2//libgcc.a(_aeabi_uldivmod.o)
 .data          0x1001fa08        0x0 /home/leon/riotboard/arm-2012.09/bin/../lib/gcc/arm-none-eabi/4.7.2//libgcc.a(bpabi.o)
 .data          0x1001fa08        0x0 /home/leon/riotboard/arm-2012.09/bin/../lib/gcc/arm-none-eabi/4.7.2//libgcc.a(_divdi3.o)
 .data          0x1001fa08        0x0 /home/leon/riotboard/arm-2012.09/bin/../lib/gcc/arm-none-eabi/4.7.2//libgcc.a(_udivdi3.o)
 .data          0x1001fa08        0x0 /home/leon/riotboard/arm-2012.09/bin/../lib/gcc/arm-none-eabi/4.7.2//libgcc.a(_clzsi2.o)
 .data          0x1001fa08        0x4 /home/leon/git/swp-report/iMX6_Platform_SDK/output/mx6dq/lib/libsdk.a(runtime_support.o)
                0x1001fa08                environ

.jcr            0x1001fa0c        0x4
 .jcr           0x1001fa0c        0x0 /home/leon/riotboard/arm-2012.09/bin/../lib/gcc/arm-none-eabi/4.7.2//crtbegin.o
 .jcr           0x1001fa0c        0x4 /home/leon/riotboard/arm-2012.09/bin/../lib/gcc/arm-none-eabi/4.7.2//crtend.o

.tm_clone_table
                0x1001fa10        0x0
 .tm_clone_table
                0x1001fa10        0x0 /home/leon/riotboard/arm-2012.09/bin/../lib/gcc/arm-none-eabi/4.7.2//crtbegin.o
 .tm_clone_table
                0x1001fa10        0x0 /home/leon/riotboard/arm-2012.09/bin/../lib/gcc/arm-none-eabi/4.7.2//crtend.o

.igot.plt       0x1001fa10        0x0
 .igot.plt      0x00000000        0x0 /home/leon/riotboard/arm-2012.09/bin/../lib/gcc/arm-none-eabi/4.7.2//crtbegin.o

.hab.data       0x10400000     0x2000
                0x10400000                __hab_data = .
                0x10402000                . = (. + 0x2000)
 *fill*         0x10400000     0x2000 
                0x10402000                . = ALIGN (0x20)
                0x10402000                __hab_data_end = .
                0x00402000                _image_size = (. - _start_image_add)

.bss            0x10402000      0x984
                0x10402000                __bss_start__ = .
 *(.shbss)
 *(.bss .bss.* .gnu.linkonce.b.*)
 .bss           0x10402000       0x1c /home/leon/riotboard/arm-2012.09/bin/../lib/gcc/arm-none-eabi/4.7.2//crtbegin.o
 .bss           0x1040201c        0x0 /home/leon/riotboard/arm-2012.09/bin/../lib/gcc/arm-none-eabi/4.7.2//crti.o
 .bss           0x1040201c        0x0 /home/leon/riotboard/arm-2012.09/bin/../lib/gcc/arm-none-eabi/4.7.2//crtend.o
 .bss           0x1040201c        0x0 /home/leon/riotboard/arm-2012.09/bin/../lib/gcc/arm-none-eabi/4.7.2//crtn.o
 .bss           0x1040201c        0x0 /home/leon/git/swp-report/iMX6_Platform_SDK/output/mx6dq/usb_hid_mouse/smart_device_rev_c/obj/apps/common/ivt.o
 .bss           0x1040201c        0x0 /home/leon/git/swp-report/iMX6_Platform_SDK/output/mx6dq/usb_hid_mouse/smart_device_rev_c/obj/apps/common/platform_init.o
 .bss           0x1040201c       0x28 /home/leon/git/swp-report/iMX6_Platform_SDK/output/mx6dq/usb_hid_mouse/smart_device_rev_c/obj/apps/usb_hid_mouse/src/mouse_button.o
                0x1040201c                kbi_stat
 .bss           0x10402044        0x8 /home/leon/git/swp-report/iMX6_Platform_SDK/output/mx6dq/usb_hid_mouse/smart_device_rev_c/obj/apps/usb_hid_mouse/src/usb_descriptor.o
                0x10402048                device_desc_req_count
 .bss           0x1040204c      0x13c /home/leon/git/swp-report/iMX6_Platform_SDK/output/mx6dq/lib/libsdk.a(usb_hid.o)
                0x10402184                g_class_request_params
 .bss           0x10402188        0x8 /home/leon/git/swp-report/iMX6_Platform_SDK/output/mx6dq/lib/libsdk.a(usb_class.o)
 .bss           0x10402190       0x34 /home/leon/git/swp-report/iMX6_Platform_SDK/output/mx6dq/lib/libsdk.a(usb_framework.o)
 .bss           0x104021c4      0x468 /home/leon/git/swp-report/iMX6_Platform_SDK/output/mx6dq/lib/libsdk.a(usb_dci_imx6.o)
                0x104021c4                g_usbd_qh_bufs
                0x104021cc                g_usbd_td_bufs
                0x1040261c                sof_counter
 .bss           0x1040262c       0x70 /home/leon/git/swp-report/iMX6_Platform_SDK/output/mx6dq/lib/libsdk.a(usb_driver.o)
 .bss           0x1040269c        0x0 /home/leon/git/swp-report/iMX6_Platform_SDK/output/mx6dq/lib/libsdk.a(ccm_pll.o)
 .bss           0x1040269c        0x0 /home/leon/git/swp-report/iMX6_Platform_SDK/output/mx6dq/lib/libsdk.a(cortexA9.o)
 .bss           0x1040269c        0x0 /home/leon/git/swp-report/iMX6_Platform_SDK/output/mx6dq/lib/libsdk.a(gic.o)
 .bss           0x1040269c      0x290 /home/leon/git/swp-report/iMX6_Platform_SDK/output/mx6dq/lib/libsdk.a(interrupt.o)
                0x1040269c                g_interrupt_handlers
                0x1040291c                g_vectNum
 .bss           0x1040292c        0x0 /home/leon/git/swp-report/iMX6_Platform_SDK/output/mx6dq/lib/libsdk.a(mmu.o)
 .bss           0x1040292c        0x0 /home/leon/git/swp-report/iMX6_Platform_SDK/output/mx6dq/lib/libsdk.a(startup.o)
 .bss           0x1040292c        0x0 /home/leon/git/swp-report/iMX6_Platform_SDK/output/mx6dq/lib/libsdk.a(vectors.o)
 .bss           0x1040292c        0x0 /home/leon/git/swp-report/iMX6_Platform_SDK/output/mx6dq/lib/libsdk.a(system_util.o)
 .bss           0x1040292c        0x0 /home/leon/git/swp-report/iMX6_Platform_SDK/output/mx6dq/lib/libsdk.a(text_color.o)
 .bss           0x1040292c        0x4 /home/leon/git/swp-report/iMX6_Platform_SDK/output/mx6dq/lib/libsdk.a(timer.o)
                0x1040292c                g_microsecondTimerMultiple
 .bss           0x10402930        0x0 /home/leon/git/swp-report/iMX6_Platform_SDK/output/mx6dq/lib/libsdk.a(imx_uart.o)
 .bss           0x10402930        0x0 /home/leon/git/swp-report/iMX6_Platform_SDK/output/mx6dq/lib/libsdk.a(arm_abort.o)
 .bss           0x10402930        0x0 /home/leon/git/swp-report/iMX6_Platform_SDK/output/mx6dq/lib/libsdk.a(epit.o)
 .bss           0x10402930        0x0 /home/leon/git/swp-report/iMX6_Platform_SDK/output/mx6dq/lib/libsdk.a(abort_handler.o)
 .bss           0x10402930        0x4 /home/leon/git/swp-report/iMX6_Platform_SDK/output/mx6dq/lib/libboard_smart_device_rev_c.a(board_io_expanders.o)
                0x10402930                max7310_i2c_req_array
 .bss           0x10402934        0x0 /home/leon/git/swp-report/iMX6_Platform_SDK/output/mx6dq/lib/libboard_smart_device_rev_c.a(hardware_modules.o)
 .bss           0x10402934        0x0 /home/leon/git/swp-report/iMX6_Platform_SDK/output/mx6dq/lib/libboard_smart_device_rev_c.a(dcd.o)
 .bss           0x10402934        0x0 /home/leon/git/swp-report/iMX6_Platform_SDK/output/mx6dq/lib/libboard_smart_device_rev_c.a(uart_iomux_config.o)
 .bss           0x10402934        0x0 /home/leon/git/swp-report/iMX6_Platform_SDK/output/mx6dq/lib/libboard_smart_device_rev_c.a(iomux_config.o)
 .bss           0x10402934        0x0 /home/leon/git/swp-report/iMX6_Platform_SDK/output/mx6dq/lib/libboard_smart_device_rev_c.a(ipu1_iomux_config.o)
 .bss           0x10402934        0x0 /home/leon/git/swp-report/iMX6_Platform_SDK/output/mx6dq/lib/libboard_smart_device_rev_c.a(mmdc_iomux_config.o)
 .bss           0x10402934        0x0 /home/leon/git/swp-report/iMX6_Platform_SDK/output/mx6dq/lib/libboard_smart_device_rev_c.a(pwm1_iomux_config.o)
 .bss           0x10402934        0x0 /home/leon/git/swp-report/iMX6_Platform_SDK/output/mx6dq/lib/libboard_smart_device_rev_c.a(sjc_iomux_config.o)
 .bss           0x10402934        0x0 /home/leon/git/swp-report/iMX6_Platform_SDK/output/mx6dq/lib/libboard_smart_device_rev_c.a(uart1_iomux_config.o)
 .bss           0x10402934        0x0 /home/leon/git/swp-report/iMX6_Platform_SDK/output/mx6dq/lib/libboard_smart_device_rev_c.a(usb_iomux_config.o)
 .bss           0x10402934        0x0 /home/leon/git/swp-report/iMX6_Platform_SDK/output/mx6dq/lib/libboard_smart_device_rev_c.a(usdhc2_iomux_config.o)
 .bss           0x10402934        0x0 /home/leon/git/swp-report/iMX6_Platform_SDK/output/mx6dq/lib/libboard_smart_device_rev_c.a(usdhc3_iomux_config.o)
 .bss           0x10402934        0x0 /home/leon/git/swp-report/iMX6_Platform_SDK/output/mx6dq/lib/libboard_smart_device_rev_c.a(usdhc4_iomux_config.o)
 .bss           0x10402934        0x0 /home/leon/git/swp-report/iMX6_Platform_SDK/output/mx6dq/lib/libboard_smart_device_rev_c.a(audmux_iomux_config.o)
 .bss           0x10402934        0x0 /home/leon/git/swp-report/iMX6_Platform_SDK/output/mx6dq/lib/libboard_smart_device_rev_c.a(ccm_iomux_config.o)
 .bss           0x10402934        0x0 /home/leon/git/swp-report/iMX6_Platform_SDK/output/mx6dq/lib/libboard_smart_device_rev_c.a(ecspi1_iomux_config.o)
 .bss           0x10402934        0x0 /home/leon/git/swp-report/iMX6_Platform_SDK/output/mx6dq/lib/libboard_smart_device_rev_c.a(enet_iomux_config.o)
 .bss           0x10402934        0x0 /home/leon/git/swp-report/iMX6_Platform_SDK/output/mx6dq/lib/libboard_smart_device_rev_c.a(flexcan1_iomux_config.o)
 .bss           0x10402934        0x0 /home/leon/git/swp-report/iMX6_Platform_SDK/output/mx6dq/lib/libboard_smart_device_rev_c.a(gpio1_iomux_config.o)
 .bss           0x10402934        0x0 /home/leon/git/swp-report/iMX6_Platform_SDK/output/mx6dq/lib/libboard_smart_device_rev_c.a(gpio2_iomux_config.o)
 .bss           0x10402934        0x0 /home/leon/git/swp-report/iMX6_Platform_SDK/output/mx6dq/lib/libboard_smart_device_rev_c.a(gpio3_iomux_config.o)
 .bss           0x10402934        0x0 /home/leon/git/swp-report/iMX6_Platform_SDK/output/mx6dq/lib/libboard_smart_device_rev_c.a(gpio4_iomux_config.o)
 .bss           0x10402934        0x0 /home/leon/git/swp-report/iMX6_Platform_SDK/output/mx6dq/lib/libboard_smart_device_rev_c.a(gpio5_iomux_config.o)
 .bss           0x10402934        0x0 /home/leon/git/swp-report/iMX6_Platform_SDK/output/mx6dq/lib/libboard_smart_device_rev_c.a(gpio6_iomux_config.o)
 .bss           0x10402934        0x0 /home/leon/git/swp-report/iMX6_Platform_SDK/output/mx6dq/lib/libboard_smart_device_rev_c.a(gpio7_iomux_config.o)
 .bss           0x10402934        0x0 /home/leon/git/swp-report/iMX6_Platform_SDK/output/mx6dq/lib/libboard_smart_device_rev_c.a(gps_iomux_config.o)
 .bss           0x10402934        0x0 /home/leon/git/swp-report/iMX6_Platform_SDK/output/mx6dq/lib/libboard_smart_device_rev_c.a(i2c1_iomux_config.o)
 .bss           0x10402934        0x0 /home/leon/git/swp-report/iMX6_Platform_SDK/output/mx6dq/lib/libboard_smart_device_rev_c.a(i2c2_iomux_config.o)
 .bss           0x10402934        0x0 /home/leon/git/swp-report/iMX6_Platform_SDK/output/mx6dq/lib/libboard_smart_device_rev_c.a(i2c3_iomux_config.o)
 .bss           0x10402934        0x0 /home/leon/riotboard/arm-2012.09/bin/../arm-none-eabi/lib//libm.a(lib_a-sf_cos.o)
 .bss           0x10402934        0x0 /home/leon/riotboard/arm-2012.09/bin/../arm-none-eabi/lib//libm.a(lib_a-sf_sin.o)
 .bss           0x10402934        0x0 /home/leon/riotboard/arm-2012.09/bin/../arm-none-eabi/lib//libm.a(lib_a-ef_rem_pio2.o)
 .bss           0x10402934        0x0 /home/leon/riotboard/arm-2012.09/bin/../arm-none-eabi/lib//libm.a(lib_a-kf_cos.o)
 .bss           0x10402934        0x0 /home/leon/riotboard/arm-2012.09/bin/../arm-none-eabi/lib//libm.a(lib_a-kf_rem_pio2.o)
 .bss           0x10402934        0x0 /home/leon/riotboard/arm-2012.09/bin/../arm-none-eabi/lib//libm.a(lib_a-kf_sin.o)
 .bss           0x10402934        0x0 /home/leon/riotboard/arm-2012.09/bin/../arm-none-eabi/lib//libm.a(lib_a-sf_fabs.o)
 .bss           0x10402934        0x0 /home/leon/riotboard/arm-2012.09/bin/../arm-none-eabi/lib//libm.a(lib_a-sf_floor.o)
 .bss           0x10402934        0x0 /home/leon/riotboard/arm-2012.09/bin/../arm-none-eabi/lib//libm.a(lib_a-sf_scalbn.o)
 .bss           0x10402934        0x0 /home/leon/riotboard/arm-2012.09/bin/../arm-none-eabi/lib//libm.a(lib_a-sf_copysign.o)
 .bss           0x10402934        0x0 /home/leon/riotboard/arm-2012.09/bin/../arm-none-eabi/lib//libc.a(lib_a-assert.o)
 .bss           0x10402934        0x0 /home/leon/riotboard/arm-2012.09/bin/../arm-none-eabi/lib//libc.a(lib_a-bzero.o)
 .bss           0x10402934        0x0 /home/leon/riotboard/arm-2012.09/bin/../arm-none-eabi/lib//libc.a(lib_a-fiprintf.o)
 .bss           0x10402934        0x0 /home/leon/riotboard/arm-2012.09/bin/../arm-none-eabi/lib//libc.a(lib_a-fputc.o)
 .bss           0x10402934        0x0 /home/leon/riotboard/arm-2012.09/bin/../arm-none-eabi/lib//libc.a(lib_a-impure.o)
 .bss           0x10402934        0x0 /home/leon/riotboard/arm-2012.09/bin/../arm-none-eabi/lib//libc.a(lib_a-init.o)
 .bss           0x10402934        0x0 /home/leon/riotboard/arm-2012.09/bin/../arm-none-eabi/lib//libc.a(lib_a-malloc.o)
 .bss           0x10402934       0x34 /home/leon/riotboard/arm-2012.09/bin/../arm-none-eabi/lib//libc.a(lib_a-mallocr.o)
                0x10402934                __malloc_top_pad
                0x10402938                __malloc_current_mallinfo
                0x10402960                __malloc_max_sbrked_mem
                0x10402964                __malloc_max_total_mem
 .bss           0x10402968        0x0 /home/leon/riotboard/arm-2012.09/bin/../arm-none-eabi/lib//libc.a(lib_a-memcpy.o)
 .bss           0x10402968        0x0 /home/leon/riotboard/arm-2012.09/bin/../arm-none-eabi/lib//libc.a(lib_a-memset.o)
 .bss           0x10402968        0x0 /home/leon/riotboard/arm-2012.09/bin/../arm-none-eabi/lib//libc.a(lib_a-mlock.o)
 .bss           0x10402968        0x0 /home/leon/riotboard/arm-2012.09/bin/../arm-none-eabi/lib//libc.a(lib_a-printf.o)
 .bss           0x10402968        0x0 /home/leon/riotboard/arm-2012.09/bin/../arm-none-eabi/lib//libc.a(lib_a-putc.o)
 .bss           0x10402968        0x0 /home/leon/riotboard/arm-2012.09/bin/../arm-none-eabi/lib//libc.a(lib_a-realloc.o)
 .bss           0x10402968        0x0 /home/leon/riotboard/arm-2012.09/bin/../arm-none-eabi/lib//libc.a(lib_a-reallocr.o)
 .bss           0x10402968        0x0 /home/leon/riotboard/arm-2012.09/bin/../arm-none-eabi/lib//libc.a(lib_a-rget.o)
 .bss           0x10402968        0x0 /home/leon/riotboard/arm-2012.09/bin/../arm-none-eabi/lib//libc.a(lib_a-sbrkr.o)
 .bss           0x10402968        0x0 /home/leon/riotboard/arm-2012.09/bin/../arm-none-eabi/lib//libc.a(lib_a-vfiprintf.o)
 .bss           0x10402968        0x0 /home/leon/riotboard/arm-2012.09/bin/../arm-none-eabi/lib//libc.a(lib_a-vfprintf.o)
 .bss           0x10402968        0x0 /home/leon/riotboard/arm-2012.09/bin/../arm-none-eabi/lib//libc.a(lib_a-vprintf.o)
 .bss           0x10402968        0x0 /home/leon/riotboard/arm-2012.09/bin/../arm-none-eabi/lib//libc.a(lib_a-wbuf.o)
 .bss           0x10402968        0x0 /home/leon/riotboard/arm-2012.09/bin/../arm-none-eabi/lib//libc.a(lib_a-wsetup.o)
 .bss           0x10402968        0x0 /home/leon/riotboard/arm-2012.09/bin/../arm-none-eabi/lib//libc.a(lib_a-abort.o)
 .bss           0x10402968        0x0 /home/leon/riotboard/arm-2012.09/bin/../arm-none-eabi/lib//libc.a(lib_a-dtoa.o)
 .bss           0x10402968        0x0 /home/leon/riotboard/arm-2012.09/bin/../arm-none-eabi/lib//libc.a(lib_a-fflush.o)
 .bss           0x10402968        0x0 /home/leon/riotboard/arm-2012.09/bin/../arm-none-eabi/lib//libc.a(lib_a-findfp.o)
 .bss           0x10402968        0x0 /home/leon/riotboard/arm-2012.09/bin/../arm-none-eabi/lib//libc.a(lib_a-fputwc.o)
 .bss           0x10402968        0x0 /home/leon/riotboard/arm-2012.09/bin/../arm-none-eabi/lib//libc.a(lib_a-freer.o)
 .bss           0x10402968        0x0 /home/leon/riotboard/arm-2012.09/bin/../arm-none-eabi/lib//libc.a(lib_a-fvwrite.o)
 .bss           0x10402968        0x0 /home/leon/riotboard/arm-2012.09/bin/../arm-none-eabi/lib//libc.a(lib_a-fwalk.o)
 .bss           0x10402968        0xc /home/leon/riotboard/arm-2012.09/bin/../arm-none-eabi/lib//libc.a(lib_a-locale.o)
                0x10402968                _PathLocale
                0x1040296c                __mlocale_changed
                0x10402970                __nlocale_changed
 .bss           0x10402974        0x0 /home/leon/riotboard/arm-2012.09/bin/../arm-none-eabi/lib//libc.a(lib_a-makebuf.o)
 .bss           0x10402974        0x0 /home/leon/riotboard/arm-2012.09/bin/../arm-none-eabi/lib//libc.a(lib_a-memchr.o)
 .bss           0x10402974        0x0 /home/leon/riotboard/arm-2012.09/bin/../arm-none-eabi/lib//libc.a(lib_a-memmove.o)
 .bss           0x10402974        0x0 /home/leon/riotboard/arm-2012.09/bin/../arm-none-eabi/lib//libc.a(lib_a-mprec.o)
 .bss           0x10402974        0x0 /home/leon/riotboard/arm-2012.09/bin/../arm-none-eabi/lib//libc.a(lib_a-reent.o)
 .bss           0x10402974        0x0 /home/leon/riotboard/arm-2012.09/bin/../arm-none-eabi/lib//libc.a(lib_a-refill.o)
 .bss           0x10402974        0x0 /home/leon/riotboard/arm-2012.09/bin/../arm-none-eabi/lib//libc.a(lib_a-s_fpclassify.o)
 .bss           0x10402974        0x0 /home/leon/riotboard/arm-2012.09/bin/../arm-none-eabi/lib//libc.a(lib_a-signal.o)
 .bss           0x10402974        0x0 /home/leon/riotboard/arm-2012.09/bin/../arm-none-eabi/lib//libc.a(lib_a-signalr.o)
 .bss           0x10402974        0x0 /home/leon/riotboard/arm-2012.09/bin/../arm-none-eabi/lib//libc.a(lib_a-stdio.o)
 .bss           0x10402974        0x0 /home/leon/riotboard/arm-2012.09/bin/../arm-none-eabi/lib//libc.a(lib_a-strcmp.o)
 .bss           0x10402974        0x0 /home/leon/riotboard/arm-2012.09/bin/../arm-none-eabi/lib//libc.a(lib_a-strlen.o)
 .bss           0x10402974        0x0 /home/leon/riotboard/arm-2012.09/bin/../arm-none-eabi/lib//libc.a(lib_a-wcrtomb.o)
 .bss           0x10402974        0x0 /home/leon/riotboard/arm-2012.09/bin/../arm-none-eabi/lib//libc.a(lib_a-wctomb_r.o)
 .bss           0x10402974        0x0 /home/leon/riotboard/arm-2012.09/bin/../arm-none-eabi/lib//libc.a(lib_a-writer.o)
 .bss           0x10402974        0x0 /home/leon/riotboard/arm-2012.09/bin/../arm-none-eabi/lib//libc.a(lib_a-callocr.o)
 .bss           0x10402974        0x0 /home/leon/riotboard/arm-2012.09/bin/../arm-none-eabi/lib//libc.a(lib_a-closer.o)
 .bss           0x10402974        0x0 /home/leon/riotboard/arm-2012.09/bin/../arm-none-eabi/lib//libc.a(lib_a-fclose.o)
 .bss           0x10402974        0x0 /home/leon/riotboard/arm-2012.09/bin/../arm-none-eabi/lib//libc.a(lib_a-fstatr.o)
 .bss           0x10402974        0x0 /home/leon/riotboard/arm-2012.09/bin/../arm-none-eabi/lib//libc.a(lib_a-isattyr.o)
 .bss           0x10402974        0x0 /home/leon/riotboard/arm-2012.09/bin/../arm-none-eabi/lib//libc.a(lib_a-lseekr.o)
 .bss           0x10402974        0x0 /home/leon/riotboard/arm-2012.09/bin/../arm-none-eabi/lib//libc.a(lib_a-readr.o)
 .bss           0x10402974        0x0 /home/leon/riotboard/arm-2012.09/bin/../lib/gcc/arm-none-eabi/4.7.2//libgcc.a(_udivsi3.o)
 .bss           0x10402974        0x0 /home/leon/riotboard/arm-2012.09/bin/../lib/gcc/arm-none-eabi/4.7.2//libgcc.a(_dvmd_tls.o)
 .bss           0x10402974        0x0 /home/leon/riotboard/arm-2012.09/bin/../lib/gcc/arm-none-eabi/4.7.2//libgcc.a(_arm_addsubdf3.o)
 .bss           0x10402974        0x0 /home/leon/riotboard/arm-2012.09/bin/../lib/gcc/arm-none-eabi/4.7.2//libgcc.a(_arm_muldivdf3.o)
 .bss           0x10402974        0x0 /home/leon/riotboard/arm-2012.09/bin/../lib/gcc/arm-none-eabi/4.7.2//libgcc.a(_arm_cmpdf2.o)
 .bss           0x10402974        0x0 /home/leon/riotboard/arm-2012.09/bin/../lib/gcc/arm-none-eabi/4.7.2//libgcc.a(_arm_fixdfsi.o)
 .bss           0x10402974        0x0 /home/leon/riotboard/arm-2012.09/bin/../lib/gcc/arm-none-eabi/4.7.2//libgcc.a(_arm_addsubsf3.o)
 .bss           0x10402974        0x0 /home/leon/riotboard/arm-2012.09/bin/../lib/gcc/arm-none-eabi/4.7.2//libgcc.a(_arm_muldivsf3.o)
 .bss           0x10402974        0x0 /home/leon/riotboard/arm-2012.09/bin/../lib/gcc/arm-none-eabi/4.7.2//libgcc.a(_arm_cmpsf2.o)
 .bss           0x10402974        0x0 /home/leon/riotboard/arm-2012.09/bin/../lib/gcc/arm-none-eabi/4.7.2//libgcc.a(_arm_fixsfsi.o)
 .bss           0x10402974        0x0 /home/leon/riotboard/arm-2012.09/bin/../lib/gcc/arm-none-eabi/4.7.2//libgcc.a(_aeabi_uldivmod.o)
 .bss           0x10402974        0x0 /home/leon/riotboard/arm-2012.09/bin/../lib/gcc/arm-none-eabi/4.7.2//libgcc.a(bpabi.o)
 .bss           0x10402974        0x0 /home/leon/riotboard/arm-2012.09/bin/../lib/gcc/arm-none-eabi/4.7.2//libgcc.a(_divdi3.o)
 .bss           0x10402974        0x0 /home/leon/riotboard/arm-2012.09/bin/../lib/gcc/arm-none-eabi/4.7.2//libgcc.a(_udivdi3.o)
 .bss           0x10402974        0x0 /home/leon/riotboard/arm-2012.09/bin/../lib/gcc/arm-none-eabi/4.7.2//libgcc.a(_clzsi2.o)
 .bss           0x10402974        0xc /home/leon/git/swp-report/iMX6_Platform_SDK/output/mx6dq/lib/libsdk.a(runtime_support.o)
                0x10402974                __env
 *(COMMON)
 COMMON         0x10402980        0x4 /home/leon/riotboard/arm-2012.09/bin/../arm-none-eabi/lib//libc.a(lib_a-reent.o)
                0x10402980                errno
 *(.bss)
                0x10402984                __bss_end__ = .

.stacks         0x10402984     0xc000
                0x10402984                __stacks_start = .
                0x1040e984                . = (. + 0xc000)
 *fill*         0x10402984     0xc000 
                0x1040e984                __stacks_end = .
                0x1040e984                top_of_stacks = .
                0x1040e9a0                free_memory_start = ALIGN (0x20)
                0x1840e984                . = (. + 0x8000000)
                0x1840e984                free_memory_end = .
                0x1840e984                _end = .
START GROUP
LOAD /home/leon/git/swp-report/iMX6_Platform_SDK/output/mx6dq/usb_hid_mouse/smart_device_rev_c/obj/apps/common/ivt.o