Archive member included because of file (symbol)

/home/leon/git/swp-report/iMX6_Platform_SDK/output/mx6sdl/lib/libsdk.a(usb_hid.o)
                              /home/leon/git/swp-report/iMX6_Platform_SDK/output/mx6sdl/usb_hid_mouse/evb_rev_a/obj/apps/usb_hid_mouse/src/mouse_button.o (USB_Class_HID_Init)
/home/leon/git/swp-report/iMX6_Platform_SDK/output/mx6sdl/lib/libsdk.a(usb_class.o)
                              /home/leon/git/swp-report/iMX6_Platform_SDK/output/mx6sdl/lib/libsdk.a(usb_hid.o) (USB_Class_Init)
/home/leon/git/swp-report/iMX6_Platform_SDK/output/mx6sdl/lib/libsdk.a(usb_framework.o)
                              /home/leon/git/swp-report/iMX6_Platform_SDK/output/mx6sdl/lib/libsdk.a(usb_class.o) (USB_Framework_Init)
/home/leon/git/swp-report/iMX6_Platform_SDK/output/mx6sdl/lib/libsdk.a(usb_dci_imx6.o)
                              /home/leon/git/swp-report/iMX6_Platform_SDK/output/mx6sdl/lib/libsdk.a(usb_framework.o) (_usb_device_recv_data)
/home/leon/git/swp-report/iMX6_Platform_SDK/output/mx6sdl/lib/libsdk.a(usb_driver.o)
                              /home/leon/git/swp-report/iMX6_Platform_SDK/output/mx6sdl/lib/libsdk.a(usb_hid.o) (_usb_device_init)
/home/leon/git/swp-report/iMX6_Platform_SDK/output/mx6sdl/lib/libsdk.a(ccm_pll.o)
                              /home/leon/git/swp-report/iMX6_Platform_SDK/output/mx6sdl/usb_hid_mouse/evb_rev_a/obj/apps/common/platform_init.o (ccm_init)
/home/leon/git/swp-report/iMX6_Platform_SDK/output/mx6sdl/lib/libsdk.a(cortexA9.o)
                              /home/leon/git/swp-report/iMX6_Platform_SDK/output/mx6sdl/usb_hid_mouse/evb_rev_a/obj/apps/common/platform_init.o (arm_set_interrupt_state)
/home/leon/git/swp-report/iMX6_Platform_SDK/output/mx6sdl/lib/libsdk.a(gic.o)
                              /home/leon/git/swp-report/iMX6_Platform_SDK/output/mx6sdl/usb_hid_mouse/evb_rev_a/obj/apps/common/platform_init.o (gic_init)
/home/leon/git/swp-report/iMX6_Platform_SDK/output/mx6sdl/lib/libsdk.a(interrupt.o)
                              /home/leon/git/swp-report/iMX6_Platform_SDK/output/mx6sdl/lib/libsdk.a(usb_dci_imx6.o) (enable_interrupt)
/home/leon/git/swp-report/iMX6_Platform_SDK/output/mx6sdl/lib/libsdk.a(mmu.o)
                              /home/leon/git/swp-report/iMX6_Platform_SDK/output/mx6sdl/usb_hid_mouse/evb_rev_a/obj/apps/common/platform_init.o (mmu_init)
/home/leon/git/swp-report/iMX6_Platform_SDK/output/mx6sdl/lib/libsdk.a(startup.o)
                              (_start)
/home/leon/git/swp-report/iMX6_Platform_SDK/output/mx6sdl/lib/libsdk.a(vectors.o)
                              /home/leon/git/swp-report/iMX6_Platform_SDK/output/mx6sdl/lib/libsdk.a(startup.o) (vectors)
/home/leon/git/swp-report/iMX6_Platform_SDK/output/mx6sdl/lib/libsdk.a(system_util.o)
                              /home/leon/git/swp-report/iMX6_Platform_SDK/output/mx6sdl/lib/libsdk.a(startup.o) (_sys_exit)
/home/leon/git/swp-report/iMX6_Platform_SDK/output/mx6sdl/lib/libsdk.a(text_color.o)
                              /home/leon/git/swp-report/iMX6_Platform_SDK/output/mx6sdl/lib/libsdk.a(system_util.o) (g_TextAttributeBold)
/home/leon/git/swp-report/iMX6_Platform_SDK/output/mx6sdl/lib/libsdk.a(timer.o)
                              /home/leon/git/swp-report/iMX6_Platform_SDK/output/mx6sdl/usb_hid_mouse/evb_rev_a/obj/apps/usb_hid_mouse/src/mouse_button.o (hal_delay_us)
/home/leon/git/swp-report/iMX6_Platform_SDK/output/mx6sdl/lib/libsdk.a(imx_uart.o)
                              /home/leon/git/swp-report/iMX6_Platform_SDK/output/mx6sdl/usb_hid_mouse/evb_rev_a/obj/apps/common/platform_init.o (uart_getchar)
/home/leon/git/swp-report/iMX6_Platform_SDK/output/mx6sdl/lib/libsdk.a(arm_abort.o)
                              /home/leon/git/swp-report/iMX6_Platform_SDK/output/mx6sdl/lib/libsdk.a(vectors.o) (data_abort_handler)
/home/leon/git/swp-report/iMX6_Platform_SDK/output/mx6sdl/lib/libsdk.a(epit.o)
                              /home/leon/git/swp-report/iMX6_Platform_SDK/output/mx6sdl/lib/libsdk.a(timer.o) (epit_get_compare_event)
/home/leon/git/swp-report/iMX6_Platform_SDK/output/mx6sdl/lib/libsdk.a(abort_handler.o)
                              /home/leon/git/swp-report/iMX6_Platform_SDK/output/mx6sdl/lib/libsdk.a(arm_abort.o) (dump_regs)
/home/leon/git/swp-report/iMX6_Platform_SDK/output/mx6sdl/lib/libboard_evb_rev_a.a(board_io_expanders.o)
                              /home/leon/git/swp-report/iMX6_Platform_SDK/output/mx6sdl/usb_hid_mouse/evb_rev_a/obj/apps/common/platform_init.o (board_ioexpander_init)
/home/leon/git/swp-report/iMX6_Platform_SDK/output/mx6sdl/lib/libboard_evb_rev_a.a(hardware_modules.o)
                              /home/leon/git/swp-report/iMX6_Platform_SDK/output/mx6sdl/usb_hid_mouse/evb_rev_a/obj/apps/common/platform_init.o (g_debug_uart_port)
/home/leon/git/swp-report/iMX6_Platform_SDK/output/mx6sdl/lib/libboard_evb_rev_a.a(dcd.o)
[...]
Memory Configuration

Name             Origin             Length             Attributes
OCRAM            0x00900000         0x00020000         xrw
DDR              0x10000000         0x40000000         xrw
*default*        0x00000000         0xffffffff

Linker script and memory map

LOAD /home/leon/riotboard/arm-2012.09/bin/../lib/gcc/arm-none-eabi/4.7.2//crtbegin.o
LOAD /home/leon/riotboard/arm-2012.09/bin/../lib/gcc/arm-none-eabi/4.7.2//crti.o
LOAD /home/leon/riotboard/arm-2012.09/bin/../lib/gcc/arm-none-eabi/4.7.2//crtend.o
LOAD /home/leon/riotboard/arm-2012.09/bin/../lib/gcc/arm-none-eabi/4.7.2//crtn.o

.l1_page_table  0x00900000     0x4000
                0x00900000                __l1_page_table_start = .
                0x00904000                . = (. + 0x4000)
 *fill*         0x00900000     0x4000 

.heap.ocram     0x00904000    0x1bfb8
                0x00904000                __heap_ocram_start = .
                0x0091ffb8                . = (. + 0x1bfb8)
 *fill*         0x00904000    0x1bfb8 
                0x0091ffb8                __heap_ocram_end = .

.ram_vectors    0x0091ffb8       0x48
                0x0091ffb8                __ram_vectors_start = .
                0x00920000                . = (. + 0x48)
 *fill*         0x0091ffb8       0x48 
                0x00920000                __ram_vectors_end = .
                0x10000000                _start_image_add = ORIGIN (DDR)

.ivt            0x10000000      0x420
                0x10000400                . = (. + 0x400)
 *fill*         0x10000000      0x400 
 *(.ivt)
 .ivt           0x10000400       0x20 /home/leon/git/swp-report/iMX6_Platform_SDK/output/mx6sdl/usb_hid_mouse/evb_rev_a/obj/apps/common/ivt.o
                0x10000400                input_ivt

.boot_data      0x10000420        0xc
                0x10000420                __start_boot_data = .
 *(.boot_data)
 .boot_data     0x10000420        0xc /home/leon/git/swp-report/iMX6_Platform_SDK/output/mx6sdl/usb_hid_mouse/evb_rev_a/obj/apps/common/ivt.o
                0x10000420                bd

.dcd_hdr        0x10000430        0x4
                0x10000430                __start_dcd = .
 *(.dcd_hdr)
 .dcd_hdr       0x10000430        0x4 /home/leon/git/swp-report/iMX6_Platform_SDK/output/mx6sdl/lib/libboard_evb_rev_a.a(dcd.o)
                0x10000430                input_dcd_hdr

.dcd_wrt_cmd    0x10000434        0x4
 *(.dcd_wrt_cmd)
 .dcd_wrt_cmd   0x10000434        0x4 /home/leon/git/swp-report/iMX6_Platform_SDK/output/mx6sdl/lib/libboard_evb_rev_a.a(dcd.o)
                0x10000434                input_dcd_wrt_cmd

.dcd_data       0x10000438      0x2d8
 *(.dcd_data)
 .dcd_data      0x10000438      0x2d8 /home/leon/git/swp-report/iMX6_Platform_SDK/output/mx6sdl/lib/libboard_evb_rev_a.a(dcd.o)
                0x10000438                input_dcd

.text           0x10000710    0x1f7ac
 CREATE_OBJECT_SYMBOLS
 *(.startup)
 .startup       0x10000710      0x138 /home/leon/git/swp-report/iMX6_Platform_SDK/output/mx6sdl/lib/libsdk.a(startup.o)
                0x10000710                _start
 *(.text .text.* .gnu.linkonce.t.*)
 .text          0x10000848      0x128 /home/leon/riotboard/arm-2012.09/bin/../lib/gcc/arm-none-eabi/4.7.2//crtbegin.o
 .text          0x10000970        0x0 /home/leon/riotboard/arm-2012.09/bin/../lib/gcc/arm-none-eabi/4.7.2//crti.o
 .text          0x10000970        0x0 /home/leon/riotboard/arm-2012.09/bin/../lib/gcc/arm-none-eabi/4.7.2//crtend.o
 .text          0x10000970        0x0 /home/leon/riotboard/arm-2012.09/bin/../lib/gcc/arm-none-eabi/4.7.2//crtn.o
 .text          0x10000970        0x0 /home/leon/git/swp-report/iMX6_Platform_SDK/output/mx6sdl/usb_hid_mouse/evb_rev_a/obj/apps/common/ivt.o
 .text          0x10000970       0xbc /home/leon/git/swp-report/iMX6_Platform_SDK/output/mx6sdl/usb_hid_mouse/evb_rev_a/obj/apps/common/platform_init.o
                0x10000970                platform_init
 .text          0x10000a2c      0x55c /home/leon/git/swp-report/iMX6_Platform_SDK/output/mx6sdl/usb_hid_mouse/evb_rev_a/obj/apps/usb_hid_mouse/src/mouse_button.o
                0x10000a2c                fillBuffer
                0x10000ebc                TestApp_Init
                0x10000f38                TestApp_Task
                0x10000f64                main
 .text          0x10000f88      0x4fc /home/leon/git/swp-report/iMX6_Platform_SDK/output/mx6sdl/usb_hid_mouse/evb_rev_a/obj/apps/usb_hid_mouse/src/usb_descriptor.o
                0x10000f88                USB_Desc_Get_Descriptor
                0x10001280                USB_Desc_Get_Interface
                0x100012e0                USB_Desc_Set_Interface
                0x10001340                USB_Desc_Valid_Configation
                0x100013b8                USB_Desc_Valid_Interface
                0x10001430                USB_Desc_Remote_Wakeup
                0x10001458                USB_Desc_Get_Endpoints
 .text          0x10001484      0xdc4 /home/leon/git/swp-report/iMX6_Platform_SDK/output/mx6sdl/lib/libsdk.a(usb_hid.o)
                0x10001530                USB_Service_Hid
                0x10001718                USB_Class_Hid_Event
                0x10001cd0                USB_Class_HID_Init
                0x10001ef0                USB_Class_HID_DeInit
                0x10001f7c                USB_Class_HID_Send_Data
 .text          0x10002248      0x75c /home/leon/git/swp-report/iMX6_Platform_SDK/output/mx6sdl/lib/libsdk.a(usb_class.o)
                0x10002248                USB_Suspend_Service
                0x10002294                USB_Resume_Service
                0x100022f4                USB_Stall_Service
                0x10002354                USB_Sof_Service
                0x10002414                USB_Reset_Service
                0x10002574                USB_Error_Service
                0x100025bc                USB_Class_Init
                0x10002750                USB_Class_DeInit
                0x10002888                USB_Class_Send_Data
                0x10002994                USB_Class_Periodic_Task
 .text          0x100029a4     0x107c /home/leon/git/swp-report/iMX6_Platform_SDK/output/mx6sdl/lib/libsdk.a(usb_framework.o)
                0x100029a4                USB_Framework_Init
                0x10002a1c                USB_Framework_DeInit
                0x10002a7c                USB_Framework_Reset
                0x10002aa4                USB_Control_Service
 .text          0x10003a20     0x3100 /home/leon/git/swp-report/iMX6_Platform_SDK/output/mx6sdl/lib/libsdk.a(usb_dci_imx6.o)
                0x10003a20                USB_DCI_Init
                0x10003b64                USB_DCI_DeInit
                0x10003b7c                USB_DCI_Init_EndPoint
                0x10003c9c                _usb_device_cancel_transfer
                0x10003cd0                USB_DCI_Deinit_EndPoint
                0x10003d08                _usb_device_stall_endpoint
                0x10003df0                _usb_device_unstall_endpoint
                0x10003ed8                _usb_device_read_setup_data
                0x10003f00                _usb_device_get_transfer_status
                0x10003f34                _usb_device_recv_data
                0x10003fd8                _usb_device_send_data
                0x10004080                _usb_device_set_address
                0x100040f8                _usb_device_shutdown
                0x10004114                _usb_device_assert_resume
                0x10004130                Clear_Mem
 .text          0x10006b20      0x6e0 /home/leon/git/swp-report/iMX6_Platform_SDK/output/mx6sdl/lib/libsdk.a(usb_driver.o)
                0x10006bc8                _usb_device_init
                0x10006c60                _usb_device_deinit
                0x10006c8c                _usb_device_init_endpoint
                0x10006d84                _usb_device_deinit_endpoint
                0x10006e54                _usb_device_get_status
                0x10006f08                _usb_device_set_status
                0x10007064                _usb_device_register_service
                0x100070f0                _usb_device_unregister_service
                0x10007174                USB_Device_Call_Service
                0x100071e0                USB_NULL_CALLBACK
 .text          0x10007200      0xc64 /home/leon/git/swp-report/iMX6_Platform_SDK/output/mx6sdl/lib/libsdk.a(ccm_pll.o)
                0x10007200                ccm_init
                0x10007324                get_main_clock
                0x100075b4                get_peri_clock
                0x10007764                ccm_ccgr_config
                0x100077cc                clock_gating_config
                0x10007c04                ccm_set_lpm_wakeup_source
                0x10007cf8                ccm_enter_low_power
                0x10007d68                ipu_hsp_clk_config
                0x10007d88                gpu_clock_config
 .text          0x10007e64      0x164 /home/leon/git/swp-report/iMX6_Platform_SDK/output/mx6sdl/lib/libsdk.a(cortexA9.o)
                0x10007e64                arm_set_interrupt_state
                0x10007e88                cpu_get_current
                0x10007e94                enable_neon_fpu
                0x10007eb0                disable_strict_align_check
                0x10007ec4                disable_L1_cache
                0x10007ee4                get_arm_private_peripheral_base
                0x10007eec                arm_unified_tlb_invalidate
                0x10007efc                arm_unified_tlb_invalidate_is
                0x10007f0c                arm_branch_prediction_enable
                0x10007f1c                arm_branch_prediction_disable
                0x10007f2c                arm_branch_target_cache_invalidate
                0x10007f38                arm_branch_target_cache_invalidate_is
                0x10007f44                scu_enable
                0x10007f58                scu_join_smp
                0x10007f68                scu_leave_smp
                0x10007f78                scu_get_cpus_in_smp
                0x10007f8c                scu_enable_maintenance_broadcast
                0x10007f9c                scu_disable_maintenance_broadcast
                0x10007fac                scu_secure_invalidate
 .text          0x10007fc8      0x5e0 /home/leon/git/swp-report/iMX6_Platform_SDK/output/mx6sdl/lib/libsdk.a(gic.o)
                0x100080ac                gic_enable
                0x1000810c                gic_set_irq_security
                0x100081b4                gic_enable_irq
                0x10008230                gic_set_irq_priority
                0x10008278                gic_set_cpu_target
                0x10008384                gic_send_sgi
                0x100083d8                gic_cpu_enable
                0x10008438                gic_set_cpu_priority_mask
                0x1000846c                gic_read_irq_ack
                0x10008498                gic_write_end_of_irq
                0x100084c8                gic_init
                0x1000856c                gic_init_cpu
 .text          0x100085a8      0x1bc /home/leon/git/swp-report/iMX6_Platform_SDK/output/mx6sdl/lib/libsdk.a(interrupt.o)
                0x100085a8                IRQ_HDLR
                0x10008670                disable_interrupt
                0x100086ac                enable_interrupt
                0x10008704                register_interrupt_routine
                0x10008738                default_interrupt_routine
 .text          0x10008764      0x460 /home/leon/git/swp-report/iMX6_Platform_SDK/output/mx6sdl/lib/libsdk.a(mmu.o)
                0x10008764                mmu_enable
                0x1000879c                mmu_disable
                0x100087d0                mmu_init
                0x100088ec                mmu_map_l1_range
                0x10008b04                mmu_virtual_to_physical
 .text          0x10008bc4        0x0 /home/leon/git/swp-report/iMX6_Platform_SDK/output/mx6sdl/lib/libsdk.a(startup.o)
 .text          0x10008bc4        0x4 /home/leon/git/swp-report/iMX6_Platform_SDK/output/mx6sdl/lib/libsdk.a(vectors.o)
                0x10008bc4                exception_handler
 .text.vectors  0x10008bc8       0x48 /home/leon/git/swp-report/iMX6_Platform_SDK/output/mx6sdl/lib/libsdk.a(vectors.o)
                0x10008bc8                vectors
 .text          0x10008c10      0x914 /home/leon/git/swp-report/iMX6_Platform_SDK/output/mx6sdl/lib/libsdk.a(system_util.o)
                0x10008c10                _sys_exit
                0x10008c2c                mybkpt
                0x10008c34                is_input_char
                0x10008db4                read_input_string
                0x1000909c                get_input_hex
                0x1000931c                read_int
                0x10009480                jump_to_sdp
 .text          0x10009524       0xe0 /home/leon/git/swp-report/iMX6_Platform_SDK/output/mx6sdl/lib/libsdk.a(text_color.o)
                0x10009524                printf_color
                0x100095c0                get_color_supported
 .text          0x10009604      0x290 /home/leon/git/swp-report/iMX6_Platform_SDK/output/mx6sdl/lib/libsdk.a(timer.o)
                0x10009604                hal_delay_us
                0x10009674                system_time_init
                0x100097d4                time_get_microseconds
 .text          0x10009894     0x2820 /home/leon/git/swp-report/iMX6_Platform_SDK/output/mx6sdl/lib/libsdk.a(imx_uart.o)
                0x10009894                uart_get_reffreq
                0x10009990                uart_putchar
                0x10009ae0                uart_getchar
                0x10009c40                uart_set_FIFO_mode
                0x1000a76c                uart_set_loopback_mode
                0x1000a9c0                uart_setup_interrupt
                0x1000aa8c                uart_init
 .text          0x1000c0b4       0x98 /home/leon/git/swp-report/iMX6_Platform_SDK/output/mx6sdl/lib/libsdk.a(arm_abort.o)
                0x1000c0b4                common_abort_handler
                0x1000c114                data_abort_handler
                0x1000c12c                prefetch_abort_handler
 .text          0x1000c14c      0x8e0 /home/leon/git/swp-report/iMX6_Platform_SDK/output/mx6sdl/lib/libsdk.a(epit.o)
                0x1000c14c                epit_reload_counter
                0x1000c1ac                epit_get_counter_value
                0x1000c208                epit_set_compare_event
                0x1000c268                epit_get_compare_event
                0x1000c360                epit_counter_disable
                0x1000c524                epit_counter_enable
                0x1000c780                epit_setup_interrupt
                0x1000c810                epit_init
 .text          0x1000ca2c      0x4bc /home/leon/git/swp-report/iMX6_Platform_SDK/output/mx6sdl/lib/libsdk.a(abort_handler.o)
                0x1000ca2c                dump_regs
 .text          0x1000cee8       0x80 /home/leon/git/swp-report/iMX6_Platform_SDK/output/mx6sdl/lib/libboard_evb_rev_a.a(board_io_expanders.o)
                0x1000cee8                board_ioexpander_init
                0x1000cf58                board_ioexpander_iomux_config
 .text          0x1000cf68        0x0 /home/leon/git/swp-report/iMX6_Platform_SDK/output/mx6sdl/lib/libboard_evb_rev_a.a(hardware_modules.o)
 .text          0x1000cf68        0x0 /home/leon/git/swp-report/iMX6_Platform_SDK/output/mx6sdl/lib/libboard_evb_rev_a.a(dcd.o)
 .text          0x1000cf68       0x90 /home/leon/git/swp-report/iMX6_Platform_SDK/output/mx6sdl/lib/libboard_evb_rev_a.a(uart_iomux_config.o)
                0x1000cf68                uart_iomux_config
 .text          0x1000cff8      0x2c4 /home/leon/git/swp-report/iMX6_Platform_SDK/output/mx6sdl/lib/libboard_evb_rev_a.a(iomux_config.o)
                0x1000cff8                iomux_config
                0x1000d07c                arm_iomux_config
                0x1000d08c                asrc_iomux_config
                0x1000d09c                audmux_iomux_config
                0x1000d0ac                dcic1_iomux_config
                0x1000d0bc                dcic2_iomux_config
                0x1000d0cc                ecspi2_iomux_config
                0x1000d0dc                ecspi3_iomux_config
                0x1000d0ec                ecspi4_iomux_config
                0x1000d0fc                eim_iomux_config
                0x1000d10c                epdc_iomux_config
                0x1000d11c                epit1_iomux_config
                0x1000d12c                epit2_iomux_config
                0x1000d13c                gpio1_iomux_config
                0x1000d14c                gpio2_iomux_config
                0x1000d15c                gpio7_iomux_config
                0x1000d16c                gpt_iomux_config
                0x1000d17c                i2c4_iomux_config
                0x1000d18c                lcd_iomux_config
                0x1000d19c                ldb_iomux_config
                0x1000d1ac                mipi_csi_iomux_config
                0x1000d1bc                mipi_dsi_iomux_config
                0x1000d1cc                mipi_hsi_iomux_config
                0x1000d1dc                pcie_iomux_config
                0x1000d1ec                pmu_iomux_config
                0x1000d1fc                pwm2_iomux_config
                0x1000d20c                pwm3_iomux_config
                0x1000d21c                pwm4_iomux_config
                0x1000d22c                sdma_iomux_config
                0x1000d23c                snvs_iomux_config
                0x1000d24c                src_iomux_config
                0x1000d25c                uart1_iomux_config
                0x1000d26c                uart3_iomux_config
                0x1000d27c                uart5_iomux_config
                0x1000d28c                wdog1_iomux_config
                0x1000d29c                wdog2_iomux_config
                0x1000d2ac                xtalosc_iomux_config
 .text          0x1000d2bc      0x5f8 /home/leon/git/swp-report/iMX6_Platform_SDK/output/mx6sdl/lib/libboard_evb_rev_a.a(ipu1_iomux_config.o)
                0x1000d2bc                ipu1_iomux_config
 .text          0x1000d8b4      0x148 /home/leon/git/swp-report/iMX6_Platform_SDK/output/mx6sdl/lib/libboard_evb_rev_a.a(kpp_iomux_config.o)
                0x1000d8b4                kpp_iomux_config
 .text          0x1000d9fc       0xac /home/leon/git/swp-report/iMX6_Platform_SDK/output/mx6sdl/lib/libboard_evb_rev_a.a(mlb_iomux_config.o)
                0x1000d9fc                mlb_iomux_config
 .text          0x1000daa8     0x2484 /home/leon/git/swp-report/iMX6_Platform_SDK/output/mx6sdl/lib/libboard_evb_rev_a.a(mmdc_iomux_config.o)
                0x1000daa8                mmdc_iomux_config
 .text          0x1000ff2c       0x34 /home/leon/git/swp-report/iMX6_Platform_SDK/output/mx6sdl/lib/libboard_evb_rev_a.a(pwm1_iomux_config.o)
                0x1000ff2c                pwm1_iomux_config
 .text          0x1000ff60       0x70 /home/leon/git/swp-report/iMX6_Platform_SDK/output/mx6sdl/lib/libboard_evb_rev_a.a(sjc_iomux_config.o)
                0x1000ff60                sjc_iomux_config
 .text          0x1000ffd0       0xe0 /home/leon/git/swp-report/iMX6_Platform_SDK/output/mx6sdl/lib/libboard_evb_rev_a.a(spdif_iomux_config.o)
                0x1000ffd0                spdif_iomux_config
 .text          0x100100b0       0xe0 /home/leon/git/swp-report/iMX6_Platform_SDK/output/mx6sdl/lib/libboard_evb_rev_a.a(uart2_iomux_config.o)
                0x100100b0                uart2_iomux_config
 .text          0x10010190       0x78 /home/leon/git/swp-report/iMX6_Platform_SDK/output/mx6sdl/lib/libboard_evb_rev_a.a(uart4_iomux_config.o)
                0x10010190                uart4_iomux_config
 .text          0x10010208       0x9c /home/leon/git/swp-report/iMX6_Platform_SDK/output/mx6sdl/lib/libboard_evb_rev_a.a(usb_iomux_config.o)
                0x10010208                usb_iomux_config
 .text          0x100102a4      0x188 /home/leon/git/swp-report/iMX6_Platform_SDK/output/mx6sdl/lib/libboard_evb_rev_a.a(usdhc1_iomux_config.o)
                0x100102a4                usdhc1_iomux_config
 .text          0x1001042c      0x1ac /home/leon/git/swp-report/iMX6_Platform_SDK/output/mx6sdl/lib/libboard_evb_rev_a.a(usdhc2_iomux_config.o)
                0x1001042c                usdhc2_iomux_config
 .text          0x100105d8      0x1d0 /home/leon/git/swp-report/iMX6_Platform_SDK/output/mx6sdl/lib/libboard_evb_rev_a.a(usdhc3_iomux_config.o)
                0x100105d8                usdhc3_iomux_config
 .text          0x100107a8      0x188 /home/leon/git/swp-report/iMX6_Platform_SDK/output/mx6sdl/lib/libboard_evb_rev_a.a(usdhc4_iomux_config.o)
                0x100107a8                usdhc4_iomux_config
 .text          0x10010930       0x34 /home/leon/git/swp-report/iMX6_Platform_SDK/output/mx6sdl/lib/libboard_evb_rev_a.a(ccm_iomux_config.o)
                0x10010930                ccm_iomux_config
 .text          0x10010964      0x114 /home/leon/git/swp-report/iMX6_Platform_SDK/output/mx6sdl/lib/libboard_evb_rev_a.a(ecspi1_iomux_config.o)
                0x10010964                ecspi1_iomux_config
 .text          0x10010a78      0x3bc /home/leon/git/swp-report/iMX6_Platform_SDK/output/mx6sdl/lib/libboard_evb_rev_a.a(enet_iomux_config.o)
                0x10010a78                enet_iomux_config
 .text          0x10010e34      0x280 /home/leon/git/swp-report/iMX6_Platform_SDK/output/mx6sdl/lib/libboard_evb_rev_a.a(esai_iomux_config.o)
                0x10010e34                esai_iomux_config
 .text          0x100110b4       0x68 /home/leon/git/swp-report/iMX6_Platform_SDK/output/mx6sdl/lib/libboard_evb_rev_a.a(flexcan1_iomux_config.o)
                0x100110b4                flexcan1_iomux_config
 .text          0x1001111c       0x68 /home/leon/git/swp-report/iMX6_Platform_SDK/output/mx6sdl/lib/libboard_evb_rev_a.a(flexcan2_iomux_config.o)
                0x1001111c                flexcan2_iomux_config
 .text          0x10011184       0x58 /home/leon/git/swp-report/iMX6_Platform_SDK/output/mx6sdl/lib/libboard_evb_rev_a.a(gpio3_iomux_config.o)
                0x10011184                gpio3_iomux_config
 .text          0x100111dc       0x58 /home/leon/git/swp-report/iMX6_Platform_SDK/output/mx6sdl/lib/libboard_evb_rev_a.a(gpio4_iomux_config.o)
                0x100111dc                gpio4_iomux_config
 .text          0x10011234       0xa0 /home/leon/git/swp-report/iMX6_Platform_SDK/output/mx6sdl/lib/libboard_evb_rev_a.a(gpio5_iomux_config.o)
                0x10011234                gpio5_iomux_config
 .text          0x100112d4       0x58 /home/leon/git/swp-report/iMX6_Platform_SDK/output/mx6sdl/lib/libboard_evb_rev_a.a(gpio6_iomux_config.o)
                0x100112d4                gpio6_iomux_config
 .text          0x1001132c      0x2bc /home/leon/git/swp-report/iMX6_Platform_SDK/output/mx6sdl/lib/libboard_evb_rev_a.a(gpmi_iomux_config.o)
                0x1001132c                gpmi_iomux_config
 .text          0x100115e8       0x40 /home/leon/git/swp-report/iMX6_Platform_SDK/output/mx6sdl/lib/libboard_evb_rev_a.a(hdmi_iomux_config.o)
                0x100115e8                hdmi_iomux_config
 .text          0x10011628       0x78 /home/leon/git/swp-report/iMX6_Platform_SDK/output/mx6sdl/lib/libboard_evb_rev_a.a(i2c1_iomux_config.o)
                0x10011628                i2c1_iomux_config
 .text          0x100116a0       0x78 /home/leon/git/swp-report/iMX6_Platform_SDK/output/mx6sdl/lib/libboard_evb_rev_a.a(i2c2_iomux_config.o)
                0x100116a0                i2c2_iomux_config
 .text          0x10011718       0x78 /home/leon/git/swp-report/iMX6_Platform_SDK/output/mx6sdl/lib/libboard_evb_rev_a.a(i2c3_iomux_config.o)
                0x10011718                i2c3_iomux_config
 .text          0x10011790       0xa4 /home/leon/riotboard/arm-2012.09/bin/../arm-none-eabi/lib//libm.a(lib_a-sf_cos.o)
                0x10011790                cosf
 .text          0x10011834       0xbc /home/leon/riotboard/arm-2012.09/bin/../arm-none-eabi/lib//libm.a(lib_a-sf_sin.o)
                0x10011834                sinf
 .text          0x100118f0      0x460 /home/leon/riotboard/arm-2012.09/bin/../arm-none-eabi/lib//libm.a(lib_a-ef_rem_pio2.o)
                0x100118f0                __ieee754_rem_pio2f
 .text          0x10011d50      0x214 /home/leon/riotboard/arm-2012.09/bin/../arm-none-eabi/lib//libm.a(lib_a-kf_cos.o)
                0x10011d50                __kernel_cosf
 .text          0x10011f64      0x960 /home/leon/riotboard/arm-2012.09/bin/../arm-none-eabi/lib//libm.a(lib_a-kf_rem_pio2.o)
                0x10011f64                __kernel_rem_pio2f
 .text          0x100128c4      0x14c /home/leon/riotboard/arm-2012.09/bin/../arm-none-eabi/lib//libm.a(lib_a-kf_sin.o)
                0x100128c4                __kernel_sinf
 .text          0x10012a10        0x8 /home/leon/riotboard/arm-2012.09/bin/../arm-none-eabi/lib//libm.a(lib_a-sf_fabs.o)
                0x10012a10                fabsf
 .text          0x10012a18       0xd0 /home/leon/riotboard/arm-2012.09/bin/../arm-none-eabi/lib//libm.a(lib_a-sf_floor.o)
                0x10012a18                floorf
 .text          0x10012ae8      0x120 /home/leon/riotboard/arm-2012.09/bin/../arm-none-eabi/lib//libm.a(lib_a-sf_scalbn.o)
                0x10012ae8                scalbnf
 .text          0x10012c08       0x10 /home/leon/riotboard/arm-2012.09/bin/../arm-none-eabi/lib//libm.a(lib_a-sf_copysign.o)
                0x10012c08                copysignf
 .text          0x10012c18       0x68 /home/leon/riotboard/arm-2012.09/bin/../arm-none-eabi/lib//libc.a(lib_a-assert.o)
                0x10012c18                __assert_func
                0x10012c70                __assert
 .text          0x10012c80       0x20 /home/leon/riotboard/arm-2012.09/bin/../arm-none-eabi/lib//libc.a(lib_a-bzero.o)
                0x10012c80                bzero
 .text          0x10012ca0       0x70 /home/leon/riotboard/arm-2012.09/bin/../arm-none-eabi/lib//libc.a(lib_a-fiprintf.o)
                0x10012ca0                _fiprintf_r
                0x10012cd0                fiprintf
 .text          0x10012d10       0x94 /home/leon/riotboard/arm-2012.09/bin/../arm-none-eabi/lib//libc.a(lib_a-fputc.o)
                0x10012d10                _fputc_r
                0x10012d54                fputc
 .text          0x10012da4        0x0 /home/leon/riotboard/arm-2012.09/bin/../arm-none-eabi/lib//libc.a(lib_a-impure.o)
 .text          0x10012da4       0x88 /home/leon/riotboard/arm-2012.09/bin/../arm-none-eabi/lib//libc.a(lib_a-init.o)
                0x10012da4                __libc_init_array
 .text          0x10012e2c       0x40 /home/leon/riotboard/arm-2012.09/bin/../arm-none-eabi/lib//libc.a(lib_a-malloc.o)
                0x10012e2c                malloc
                0x10012e4c                free
 .text          0x10012e6c      0x71c /home/leon/riotboard/arm-2012.09/bin/../arm-none-eabi/lib//libc.a(lib_a-mallocr.o)
                0x10012e6c                _malloc_r
 .text          0x10013588      0x20c /home/leon/riotboard/arm-2012.09/bin/../arm-none-eabi/lib//libc.a(lib_a-memcpy.o)
                0x10013588                memcpy
 .text          0x10013794      0x134 /home/leon/riotboard/arm-2012.09/bin/../arm-none-eabi/lib//libc.a(lib_a-memset.o)
                0x10013794                memset
 .text          0x100138c8        0x8 /home/leon/riotboard/arm-2012.09/bin/../arm-none-eabi/lib//libc.a(lib_a-mlock.o)
                0x100138c8                __malloc_lock
                0x100138cc                __malloc_unlock
 .text          0x100138d0       0x74 /home/leon/riotboard/arm-2012.09/bin/../arm-none-eabi/lib//libc.a(lib_a-printf.o)
                0x100138d0                _printf_r
                0x10013904                printf
 .text          0x10013944      0x170 /home/leon/riotboard/arm-2012.09/bin/../arm-none-eabi/lib//libc.a(lib_a-putc.o)
                0x10013944                _putc_r
                0x100139f4                putc
 .text          0x10013ab4       0x28 /home/leon/riotboard/arm-2012.09/bin/../arm-none-eabi/lib//libc.a(lib_a-realloc.o)
                0x10013ab4                realloc
 .text          0x10013adc      0x574 /home/leon/riotboard/arm-2012.09/bin/../arm-none-eabi/lib//libc.a(lib_a-reallocr.o)
                0x10013adc                _realloc_r
 .text          0x10014050       0x6c /home/leon/riotboard/arm-2012.09/bin/../arm-none-eabi/lib//libc.a(lib_a-rget.o)
                0x10014050                __srget_r
                0x100140a8                __srget
 .text          0x100140bc       0x40 /home/leon/riotboard/arm-2012.09/bin/../arm-none-eabi/lib//libc.a(lib_a-sbrkr.o)
                0x100140bc                _sbrk_r
 .text          0x100140fc     0x12c4 /home/leon/riotboard/arm-2012.09/bin/../arm-none-eabi/lib//libc.a(lib_a-vfiprintf.o)
                0x100140fc                __sprint_r
                0x100141b8                _vfiprintf_r
                0x10015394                vfiprintf
 .text          0x100153c0     0x2180 /home/leon/riotboard/arm-2012.09/bin/../arm-none-eabi/lib//libc.a(lib_a-vfprintf.o)
                0x100153c0                _vfprintf_r
                0x10017514                vfprintf
 .text          0x10017540       0x4c /home/leon/riotboard/arm-2012.09/bin/../arm-none-eabi/lib//libc.a(lib_a-vprintf.o)
                0x10017540                vprintf
                0x1001756c                _vprintf_r
 .text          0x1001758c      0x14c /home/leon/riotboard/arm-2012.09/bin/../arm-none-eabi/lib//libc.a(lib_a-wbuf.o)
                0x1001758c                __swbuf_r
                0x100176bc                __swbuf
 .text          0x100176d8      0x138 /home/leon/riotboard/arm-2012.09/bin/../arm-none-eabi/lib//libc.a(lib_a-wsetup.o)
                0x100176d8                __swsetup_r
 .text          0x10017810       0x14 /home/leon/riotboard/arm-2012.09/bin/../arm-none-eabi/lib//libc.a(lib_a-abort.o)
                0x10017810                abort
 *fill*         0x10017824        0x4 
 .text          0x10017828     0x18a8 /home/leon/riotboard/arm-2012.09/bin/../arm-none-eabi/lib//libc.a(lib_a-dtoa.o)
                0x10017a08                _dtoa_r
 .text          0x100190d0      0x26c /home/leon/riotboard/arm-2012.09/bin/../arm-none-eabi/lib//libc.a(lib_a-fflush.o)
                0x100190d0                _fflush_r
                0x100192fc                fflush
 .text          0x1001933c      0x2c4 /home/leon/riotboard/arm-2012.09/bin/../arm-none-eabi/lib//libc.a(lib_a-findfp.o)
                0x1001934c                _cleanup_r
                0x100193e0                __sfmoreglue
                0x10019428                _cleanup
                0x10019438                __sinit
                0x100194b0                __sfp
                0x100195a8                __sfp_lock_acquire
                0x100195ac                __sfp_lock_release
                0x100195b0                __sinit_lock_acquire
                0x100195b4                __sinit_lock_release
                0x100195b8                __fp_lock_all
                0x100195dc                __fp_unlock_all
 .text          0x10019600      0x19c /home/leon/riotboard/arm-2012.09/bin/../arm-none-eabi/lib//libc.a(lib_a-fputwc.o)
                0x10019600                _fputwc_r
                0x10019750                fputwc
 .text          0x1001979c      0x368 /home/leon/riotboard/arm-2012.09/bin/../arm-none-eabi/lib//libc.a(lib_a-freer.o)
                0x1001979c                _malloc_trim_r
                0x10019898                _free_r
 .text          0x10019b04      0x4c4 /home/leon/riotboard/arm-2012.09/bin/../arm-none-eabi/lib//libc.a(lib_a-fvwrite.o)
                0x10019b04                __sfvwrite_r
 .text          0x10019fc8      0x114 /home/leon/riotboard/arm-2012.09/bin/../arm-none-eabi/lib//libc.a(lib_a-fwalk.o)
                0x10019fc8                _fwalk
                0x1001a050                _fwalk_reent
 .text          0x1001a0dc       0xd0 /home/leon/riotboard/arm-2012.09/bin/../arm-none-eabi/lib//libc.a(lib_a-locale.o)
                0x1001a0dc                _setlocale_r
                0x1001a148                __locale_charset
                0x1001a154                __locale_mb_cur_max
                0x1001a164                __locale_msgcharset
                0x1001a170                __locale_cjk_lang
                0x1001a178                _localeconv_r
                0x1001a184                setlocale
                0x1001a1a0                localeconv
 .text          0x1001a1ac      0x15c /home/leon/riotboard/arm-2012.09/bin/../arm-none-eabi/lib//libc.a(lib_a-makebuf.o)
                0x1001a1ac                __smakebuf_r
 .text          0x1001a308      0x11c /home/leon/riotboard/arm-2012.09/bin/../arm-none-eabi/lib//libc.a(lib_a-memchr.o)
                0x1001a308                memchr
 .text          0x1001a424      0x134 /home/leon/riotboard/arm-2012.09/bin/../arm-none-eabi/lib//libc.a(lib_a-memmove.o)
                0x1001a424                memmove
 .text          0x1001a558      0xd20 /home/leon/riotboard/arm-2012.09/bin/../arm-none-eabi/lib//libc.a(lib_a-mprec.o)
                0x1001a558                _Balloc
                0x1001a5e4                _Bfree
                0x1001a600                __multadd
                0x1001a6dc                __s2b
                0x1001a7cc                __hi0bits
                0x1001a81c                __lo0bits
                0x1001a8b0                __i2b
                0x1001a8d4                __multiply
                0x1001aab8                __pow5mult
                0x1001abac                __lshift
                0x1001acb0                __mcmp
                0x1001ad14                __mdiff
                0x1001ae60                __ulp
                0x1001aec4                __b2d
                0x1001af90                __d2b
                0x1001b098                __ratio
                0x1001b128                _mprec_log10
                0x1001b17c                __copybits
                0x1001b1f0                __any_on
 .text          0x1001b278      0x19c /home/leon/riotboard/arm-2012.09/bin/../arm-none-eabi/lib//libc.a(lib_a-reent.o)
                0x1001b278                cleanup_glue
                0x1001b2a4                _reclaim_reent
                0x1001b3a0                _wrapup_reent
 .text          0x1001b414      0x1cc /home/leon/riotboard/arm-2012.09/bin/../arm-none-eabi/lib//libc.a(lib_a-refill.o)
                0x1001b43c                __srefill_r
 .text          0x1001b5e0       0x6c /home/leon/riotboard/arm-2012.09/bin/../arm-none-eabi/lib//libc.a(lib_a-s_fpclassify.o)
                0x1001b5e0                __fpclassifyd
 .text          0x1001b64c      0x24c /home/leon/riotboard/arm-2012.09/bin/../arm-none-eabi/lib//libc.a(lib_a-signal.o)
                0x1001b64c                _init_signal_r
                0x1001b6ac                _signal_r
                0x1001b718                _raise_r
                0x1001b7b0                __sigtramp_r
                0x1001b844                raise
                0x1001b858                signal
                0x1001b874                _init_signal
                0x1001b884                __sigtramp
 .text          0x1001b898       0x50 /home/leon/riotboard/arm-2012.09/bin/../arm-none-eabi/lib//libc.a(lib_a-signalr.o)
                0x1001b898                _kill_r
                0x1001b8d8                _getpid_r
 .text          0x1001b8e8       0xdc /home/leon/riotboard/arm-2012.09/bin/../arm-none-eabi/lib//libc.a(lib_a-stdio.o)
                0x1001b8e8                __sread
                0x1001b91c                __seofread
                0x1001b924                __swrite
                0x1001b97c                __sseek
                0x1001b9b0                __sclose
 .text          0x1001b9c4      0x230 /home/leon/riotboard/arm-2012.09/bin/../arm-none-eabi/lib//libc.a(lib_a-strcmp.o)
                0x1001b9c4                strcmp
 .text          0x1001bbf4       0x60 /home/leon/riotboard/arm-2012.09/bin/../arm-none-eabi/lib//libc.a(lib_a-strlen.o)
                0x1001bbf4                strlen
 .text          0x1001bc54      0x134 /home/leon/riotboard/arm-2012.09/bin/../arm-none-eabi/lib//libc.a(lib_a-wcrtomb.o)
                0x1001bc54                _wcrtomb_r
                0x1001bce4                wcrtomb
 .text          0x1001bd88       0x7c /home/leon/riotboard/arm-2012.09/bin/../arm-none-eabi/lib//libc.a(lib_a-wctomb_r.o)
                0x1001bd88                __ascii_wctomb
                0x1001bdb4                _wctomb_r
 .text          0x1001be04       0x44 /home/leon/riotboard/arm-2012.09/bin/../arm-none-eabi/lib//libc.a(lib_a-writer.o)
                0x1001be04                _write_r
 .text          0x1001be48       0x94 /home/leon/riotboard/arm-2012.09/bin/../arm-none-eabi/lib//libc.a(lib_a-callocr.o)
                0x1001be48                _calloc_r
 .text          0x1001bedc       0x3c /home/leon/riotboard/arm-2012.09/bin/../arm-none-eabi/lib//libc.a(lib_a-closer.o)
                0x1001bedc                _close_r
 .text          0x1001bf18      0x10c /home/leon/riotboard/arm-2012.09/bin/../arm-none-eabi/lib//libc.a(lib_a-fclose.o)
                0x1001bf18                _fclose_r
                0x1001c010                fclose
 .text          0x1001c024       0x40 /home/leon/riotboard/arm-2012.09/bin/../arm-none-eabi/lib//libc.a(lib_a-fstatr.o)
                0x1001c024                _fstat_r
 .text          0x1001c064       0x3c /home/leon/riotboard/arm-2012.09/bin/../arm-none-eabi/lib//libc.a(lib_a-isattyr.o)
                0x1001c064                _isatty_r
 .text          0x1001c0a0       0x44 /home/leon/riotboard/arm-2012.09/bin/../arm-none-eabi/lib//libc.a(lib_a-lseekr.o)
                0x1001c0a0                _lseek_r
 .text          0x1001c0e4       0x44 /home/leon/riotboard/arm-2012.09/bin/../arm-none-eabi/lib//libc.a(lib_a-readr.o)
                0x1001c0e4                _read_r
 .text          0x1001c128      0x114 /home/leon/riotboard/arm-2012.09/bin/../lib/gcc/arm-none-eabi/4.7.2//libgcc.a(_udivsi3.o)
                0x1001c128                __udivsi3
                0x1001c128                __aeabi_uidiv
                0x1001c21c                __aeabi_uidivmod
 .text          0x1001c23c        0x4 /home/leon/riotboard/arm-2012.09/bin/../lib/gcc/arm-none-eabi/4.7.2//libgcc.a(_dvmd_tls.o)
                0x1001c23c                __aeabi_ldiv0
                0x1001c23c                __aeabi_idiv0
 .text          0x1001c240      0x41c /home/leon/riotboard/arm-2012.09/bin/../lib/gcc/arm-none-eabi/4.7.2//libgcc.a(_arm_addsubdf3.o)
                0x1001c240                __aeabi_drsub
                0x1001c248                __aeabi_dsub
                0x1001c248                __subdf3
                0x1001c24c                __adddf3
                0x1001c24c                __aeabi_dadd
                0x1001c55c                __aeabi_ui2d
                0x1001c55c                __floatunsidf
                0x1001c580                __floatsidf
                0x1001c580                __aeabi_i2d
                0x1001c5a8                __extendsfdf2
                0x1001c5a8                __aeabi_f2d
                0x1001c5e8                __aeabi_ul2d
                0x1001c5e8                __floatundidf
                0x1001c5fc                __floatdidf
                0x1001c5fc                __aeabi_l2d
 .text          0x1001c65c      0x49c /home/leon/riotboard/arm-2012.09/bin/../lib/gcc/arm-none-eabi/4.7.2//libgcc.a(_arm_muldivdf3.o)
                0x1001c65c                __aeabi_dmul
                0x1001c65c                __muldf3
                0x1001c8ec                __aeabi_ddiv
                0x1001c8ec                __divdf3
 .text          0x1001caf8      0x144 /home/leon/riotboard/arm-2012.09/bin/../lib/gcc/arm-none-eabi/4.7.2//libgcc.a(_arm_cmpdf2.o)
                0x1001caf8                __gtdf2
                0x1001caf8                __gedf2
                0x1001cb00                __ltdf2
                0x1001cb00                __ledf2
                0x1001cb08                __cmpdf2
                0x1001cb08                __eqdf2
                0x1001cb08                __nedf2
                0x1001cb90                __aeabi_cdrcmple
                0x1001cbac                __aeabi_cdcmple
                0x1001cbac                __aeabi_cdcmpeq
                0x1001cbc4                __aeabi_dcmpeq
                0x1001cbdc                __aeabi_dcmplt
                0x1001cbf4                __aeabi_dcmple
                0x1001cc0c                __aeabi_dcmpge
                0x1001cc24                __aeabi_dcmpgt
 .text          0x1001cc3c       0x5c /home/leon/riotboard/arm-2012.09/bin/../lib/gcc/arm-none-eabi/4.7.2//libgcc.a(_arm_fixdfsi.o)
                0x1001cc3c                __fixdfsi
                0x1001cc3c                __aeabi_d2iz
 .text          0x1001cc98      0x2ac /home/leon/riotboard/arm-2012.09/bin/../lib/gcc/arm-none-eabi/4.7.2//libgcc.a(_arm_addsubsf3.o)
                0x1001cc98                __aeabi_frsub
                0x1001cca0                __subsf3
                0x1001cca0                __aeabi_fsub
                0x1001cca4                __aeabi_fadd
                0x1001cca4                __addsf3
                0x1001ce60                __aeabi_ui2f
                0x1001ce60                __floatunsisf
                0x1001ce68                __aeabi_i2f
                0x1001ce68                __floatsisf
                0x1001ce88                __floatundisf
                0x1001ce88                __aeabi_ul2f
                0x1001ce98                __floatdisf
                0x1001ce98                __aeabi_l2f
 .text          0x1001cf44      0x2f8 /home/leon/riotboard/arm-2012.09/bin/../lib/gcc/arm-none-eabi/4.7.2//libgcc.a(_arm_muldivsf3.o)
                0x1001cf44                __mulsf3
                0x1001cf44                __aeabi_fmul
                0x1001d0dc                __divsf3
                0x1001d0dc                __aeabi_fdiv
 .text          0x1001d23c      0x114 /home/leon/riotboard/arm-2012.09/bin/../lib/gcc/arm-none-eabi/4.7.2//libgcc.a(_arm_cmpsf2.o)
                0x1001d23c                __gtsf2
                0x1001d23c                __gesf2
                0x1001d244                __lesf2
                0x1001d244                __ltsf2
                0x1001d24c                __nesf2
                0x1001d24c                __eqsf2
                0x1001d24c                __cmpsf2
                0x1001d2b0                __aeabi_cfrcmple
                0x1001d2c0                __aeabi_cfcmple
                0x1001d2c0                __aeabi_cfcmpeq
                0x1001d2d8                __aeabi_fcmpeq
                0x1001d2f0                __aeabi_fcmplt
                0x1001d308                __aeabi_fcmple
                0x1001d320                __aeabi_fcmpge
                0x1001d338                __aeabi_fcmpgt
 .text          0x1001d350       0x5c /home/leon/riotboard/arm-2012.09/bin/../lib/gcc/arm-none-eabi/4.7.2//libgcc.a(_arm_fixsfsi.o)
                0x1001d350                __fixsfsi
                0x1001d350                __aeabi_f2iz
 .text          0x1001d3ac       0x3c /home/leon/riotboard/arm-2012.09/bin/../lib/gcc/arm-none-eabi/4.7.2//libgcc.a(_aeabi_uldivmod.o)
                0x1001d3ac                __aeabi_uldivmod
 .text          0x1001d3e8       0x84 /home/leon/riotboard/arm-2012.09/bin/../lib/gcc/arm-none-eabi/4.7.2//libgcc.a(bpabi.o)
                0x1001d3e8                __gnu_ldivmod_helper
                0x1001d42c                __gnu_uldivmod_helper
 .text          0x1001d46c      0x4f0 /home/leon/riotboard/arm-2012.09/bin/../lib/gcc/arm-none-eabi/4.7.2//libgcc.a(_divdi3.o)
                0x1001d46c                __divdi3
 .text          0x1001d95c      0x488 /home/leon/riotboard/arm-2012.09/bin/../lib/gcc/arm-none-eabi/4.7.2//libgcc.a(_udivdi3.o)
                0x1001d95c                __udivdi3
 .text          0x1001dde4       0x48 /home/leon/riotboard/arm-2012.09/bin/../lib/gcc/arm-none-eabi/4.7.2//libgcc.a(_clzsi2.o)
                0x1001dde4                __clzsi2
 .text          0x1001de2c      0x264 /home/leon/git/swp-report/iMX6_Platform_SDK/output/mx6sdl/lib/libsdk.a(max7310.o)
                0x1001de2c                max7310_reg_read
                0x1001de90                max7310_reg_write
                0x1001defc                max7310_init
                0x1001dfdc                max7310_set_gpio_output
 .text          0x1001e090      0x610 /home/leon/git/swp-report/iMX6_Platform_SDK/output/mx6sdl/lib/libsdk.a(runtime_support.o)
                0x1001e090                _execve
                0x1001e0cc                _fork
                0x1001e0f4                _isatty
                0x1001e118                _open
                0x1001e144                _close
                0x1001e168                _lseek
                0x1001e194                _fstat
                0x1001e1c8                _read
                0x1001e298                _write
                0x1001e384                _raw_puts
                0x1001e404                _sbrk
                0x1001e4b4                _exit
                0x1001e4d4                _kill
                0x1001e50c                _getpid
                0x1001e524                _link
                0x1001e55c                _unlink
                0x1001e590                _stat
                0x1001e5c4                _times
                0x1001e5e8                _gettimeofday
                0x1001e66c                _wait
 .text          0x1001e6a0     0x1798 /home/leon/git/swp-report/iMX6_Platform_SDK/output/mx6sdl/lib/libsdk.a(imx_i2c.o)
                0x1001e6d0                i2c_get_request_instance
                0x1001f148                i2c_xfer
                0x1001f864                i2c_read
                0x1001f894                i2c_write
                0x1001f8c4                i2c_setup_interrupt
                0x1001fb30                i2c_init
 .text          0x1001fe38       0x84 /home/leon/git/swp-report/iMX6_Platform_SDK/output/mx6sdl/lib/libboard_evb_rev_a.a(i2c_iomux_config.o)
                0x1001fe38                i2c_iomux_config
 *(.glue_7t)
 .glue_7t       0x00000000        0x0 linker stubs
 *(.glue_7)
 .glue_7        0x00000000        0x0 linker stubs
 *(.vfp11_veneer)
 .vfp11_veneer  0x00000000        0x0 linker stubs
 *(.ARM.extab* .gnu.linkonce.armextab.*)
 .ARM.extab.startup
                0x1001febc        0x0 /home/leon/git/swp-report/iMX6_Platform_SDK/output/mx6sdl/lib/libsdk.a(startup.o)
 .ARM.extab     0x1001febc        0x0 /home/leon/riotboard/arm-2012.09/bin/../lib/gcc/arm-none-eabi/4.7.2//libgcc.a(_divdi3.o)
 .ARM.extab     0x1001febc        0x0 /home/leon/riotboard/arm-2012.09/bin/../lib/gcc/arm-none-eabi/4.7.2//libgcc.a(_udivdi3.o)
 *(.gcc_except_table)

.v4_bx          0x1001febc        0x0
 .v4_bx         0x00000000        0x0 linker stubs

.iplt           0x1001febc        0x0
 .iplt          0x00000000        0x0 /home/leon/riotboard/arm-2012.09/bin/../lib/gcc/arm-none-eabi/4.7.2//crtbegin.o

.ctors
 *crtbegin.o(.ctors)
 *crtbegin?.o(.ctors)
 *(EXCLUDE_FILE(*crtend?.o *crtend.o) .ctors)
 *(SORT(.ctors.*))
 *(.ctors)

.dtors
 *crtbegin.o(.dtors)
 *crtbegin?.o(.dtors)
 *(EXCLUDE_FILE(*crtend?.o *crtend.o) .dtors)
 *(SORT(.dtors.*))
 *(.dtors)

.rodata         0x1001fec0     0x1118
 *(.rodata .rodata.* .gnu.linkonce.r.*)
 .rodata        0x1001fec0      0x180 /home/leon/git/swp-report/iMX6_Platform_SDK/output/mx6sdl/usb_hid_mouse/evb_rev_a/obj/apps/usb_hid_mouse/src/usb_descriptor.o
                0x1001fec0                usb_desc_ep
                0x1001feec                g_device_descriptor
                0x1001ff00                g_config_descriptor
                0x1001ff24                g_report_descriptor
                0x1001ff58                USB_STR_0
                0x1001ff5c                USB_STR_1
                0x1001ff98                USB_STR_2
                0x1001ffbc                USB_STR_n
                0x1001ffe0                g_std_desc_size
                0x1001fff4                g_std_descriptors
                0x10020018                g_string_desc_size
                0x1002001c                g_string_descriptors
                0x1002002c                g_languages
                0x1002003c                g_valid_config_values
 .rodata        0x10020040       0x5c /home/leon/git/swp-report/iMX6_Platform_SDK/output/mx6sdl/lib/libsdk.a(usb_framework.o)
                0x10020040                g_validate_request
                0x10020068                g_standard_request
 .rodata        0x1002009c       0xb0 /home/leon/git/swp-report/iMX6_Platform_SDK/output/mx6sdl/lib/libsdk.a(usb_dci_imx6.o)
 .rodata        0x1002014c       0x34 /home/leon/git/swp-report/iMX6_Platform_SDK/output/mx6sdl/lib/libsdk.a(ccm_pll.o)
                0x1002014c                PLL1_OUTPUT
                0x10020150                PLL2_OUTPUT
                0x10020164                PLL3_OUTPUT
                0x10020178                PLL4_OUTPUT
                0x1002017c                PLL5_OUTPUT
 .rodata        0x10020180       0x64 /home/leon/git/swp-report/iMX6_Platform_SDK/output/mx6sdl/lib/libsdk.a(gic.o)
 .rodata        0x100201e4       0x20 /home/leon/git/swp-report/iMX6_Platform_SDK/output/mx6sdl/lib/libsdk.a(interrupt.o)
 .rodata        0x10020204       0xcc /home/leon/git/swp-report/iMX6_Platform_SDK/output/mx6sdl/lib/libsdk.a(system_util.o)
 .rodata        0x100202d0       0xf4 /home/leon/git/swp-report/iMX6_Platform_SDK/output/mx6sdl/lib/libsdk.a(text_color.o)
                0x100202d8                g_TextAttributeDefault
                0x100202e4                g_TextAttributeBold
                0x100202f0                g_TextAttributeDim
                0x100202fc                g_TextAttributeUnderline
                0x10020308                g_TextAttributeBlink
                0x10020314                g_TextAttributeReverse
                0x10020320                g_TextAttributeHidden
                0x1002032c                g_TextColorBlack
                0x10020338                g_TextColorRed
                0x10020344                g_TextColorGreen
                0x10020350                g_TextColorYellow
                0x1002035c                g_TextColorBlue
                0x10020368                g_TextColorMagenta
                0x10020374                g_TextColorCyan
                0x10020380                g_TextColorWhite
                0x10020390                g_TextColorOrange
                0x100203a0                g_TextColorLightBlue
                0x100203b0                g_TextColorGray
                0x100203c0                g_TextColorPurple
 .rodata        0x100203c4      0x230 /home/leon/git/swp-report/iMX6_Platform_SDK/output/mx6sdl/lib/libsdk.a(abort_handler.o)
 .rodata        0x100205f4       0x74 /home/leon/git/swp-report/iMX6_Platform_SDK/output/mx6sdl/lib/libboard_evb_rev_a.a(uart_iomux_config.o)
 .rodata        0x10020668      0x398 /home/leon/riotboard/arm-2012.09/bin/../arm-none-eabi/lib//libm.a(lib_a-ef_rem_pio2.o)
 .rodata        0x10020a00       0x38 /home/leon/riotboard/arm-2012.09/bin/../arm-none-eabi/lib//libm.a(lib_a-kf_rem_pio2.o)
 .rodata.str1.4
                0x10020a38       0x3f /home/leon/riotboard/arm-2012.09/bin/../arm-none-eabi/lib//libc.a(lib_a-assert.o)
                                 0x44 (size before relaxing)
 *fill*         0x10020a77        0x1 
 .rodata        0x10020a78        0x4 /home/leon/riotboard/arm-2012.09/bin/../arm-none-eabi/lib//libc.a(lib_a-impure.o)
                0x10020a78                _global_impure_ptr
 .rodata.str1.4
                0x10020a7c        0x2 /home/leon/riotboard/arm-2012.09/bin/../arm-none-eabi/lib//libc.a(lib_a-impure.o)
                                  0x4 (size before relaxing)
 *fill*         0x10020a7e        0x2 
 .rodata        0x10020a80       0x20 /home/leon/riotboard/arm-2012.09/bin/../arm-none-eabi/lib//libc.a(lib_a-vfiprintf.o)
 .rodata.str1.4
                0x10020aa0       0x2f /home/leon/riotboard/arm-2012.09/bin/../arm-none-eabi/lib//libc.a(lib_a-vfiprintf.o)
                                 0x30 (size before relaxing)
 *fill*         0x10020acf        0x1 
 .rodata        0x10020ad0       0x20 /home/leon/riotboard/arm-2012.09/bin/../arm-none-eabi/lib//libc.a(lib_a-vfprintf.o)
 .rodata.str1.4
                0x10020af0       0x12 /home/leon/riotboard/arm-2012.09/bin/../arm-none-eabi/lib//libc.a(lib_a-vfprintf.o)
                                 0x44 (size before relaxing)
 *fill*         0x10020b02        0x2 
 .rodata.str1.4
                0x10020b04       0x10 /home/leon/riotboard/arm-2012.09/bin/../arm-none-eabi/lib//libc.a(lib_a-dtoa.o)
                                 0x14 (size before relaxing)
 .rodata.str1.4
                0x10020b14        0xc /home/leon/riotboard/arm-2012.09/bin/../arm-none-eabi/lib//libc.a(lib_a-locale.o)
                                 0x14 (size before relaxing)
 .rodata        0x10020b20      0x128 /home/leon/riotboard/arm-2012.09/bin/../arm-none-eabi/lib//libc.a(lib_a-mprec.o)
                0x10020b30                __mprec_tens
                0x10020bf8                __mprec_tinytens
                0x10020c20                __mprec_bigtens
 .rodata        0x10020c48       0x20 /home/leon/git/swp-report/iMX6_Platform_SDK/output/mx6sdl/lib/libsdk.a(runtime_support.o)
 .rodata        0x10020c68      0x2c4 /home/leon/git/swp-report/iMX6_Platform_SDK/output/mx6sdl/lib/libsdk.a(imx_i2c.o)
 .rodata        0x10020f2c       0x74 /home/leon/git/swp-report/iMX6_Platform_SDK/output/mx6sdl/lib/libboard_evb_rev_a.a(i2c_iomux_config.o)
                0x10020fa0                . = ALIGN (0x4)
 *(.init)
 .init          0x10020fa0        0xc /home/leon/riotboard/arm-2012.09/bin/../lib/gcc/arm-none-eabi/4.7.2//crti.o
                0x10020fa0                _init
 .init          0x10020fac        0xc /home/leon/riotboard/arm-2012.09/bin/../lib/gcc/arm-none-eabi/4.7.2//crtn.o
                0x10020fb8                . = ALIGN (0x4)
                0x10020fb8                __init_array_start = .
 *(SORT(.init_array.*))
 *(.init_array)
 .init_array    0x10020fb8        0x4 /home/leon/riotboard/arm-2012.09/bin/../lib/gcc/arm-none-eabi/4.7.2//crtbegin.o
                0x10020fbc                __init_array_end = .
                0x10020fbc                . = ALIGN (0x4)
 *(.fini)
 .fini          0x10020fbc        0xc /home/leon/riotboard/arm-2012.09/bin/../lib/gcc/arm-none-eabi/4.7.2//crti.o
                0x10020fbc                _fini
 .fini          0x10020fc8        0xc /home/leon/riotboard/arm-2012.09/bin/../lib/gcc/arm-none-eabi/4.7.2//crtn.o
                0x10020fd4                . = ALIGN (0x4)
                0x10020fd4                __fini_array_start = .
 *(.fini_array)
 .fini_array    0x10020fd4        0x4 /home/leon/riotboard/arm-2012.09/bin/../lib/gcc/arm-none-eabi/4.7.2//crtbegin.o
 *(SORT(.fini_array.*))
                0x10020fd8                __fini_array_end = .
                0x10020fd8                PROVIDE (__exidx_start, .)

.eh_frame       0x10020fd8        0x4
 .eh_frame      0x10020fd8        0x0 /home/leon/riotboard/arm-2012.09/bin/../lib/gcc/arm-none-eabi/4.7.2//crtbegin.o
 .eh_frame      0x10020fd8        0x4 /home/leon/riotboard/arm-2012.09/bin/../lib/gcc/arm-none-eabi/4.7.2//crtend.o

.ARM.exidx      0x10020fdc        0x8
 *(.ARM.exidx* .gnu.linkonce.armexidx.*)
 .ARM.exidx.startup
                0x10020fdc        0x8 /home/leon/git/swp-report/iMX6_Platform_SDK/output/mx6sdl/lib/libsdk.a(startup.o)
 .ARM.exidx     0x10020fe4        0x0 /home/leon/riotboard/arm-2012.09/bin/../lib/gcc/arm-none-eabi/4.7.2//libgcc.a(_divdi3.o)
                                  0x8 (size before relaxing)
 .ARM.exidx     0x10020fe4        0x0 /home/leon/riotboard/arm-2012.09/bin/../lib/gcc/arm-none-eabi/4.7.2//libgcc.a(_udivdi3.o)
                                  0x8 (size before relaxing)
                0x10020fe4                PROVIDE (__exidx_end, .)

.rel.dyn        0x10020fe4        0x0
 .rel.iplt      0x00000000        0x0 /home/leon/riotboard/arm-2012.09/bin/../lib/gcc/arm-none-eabi/4.7.2//crtbegin.o

.data           0x10020fe8      0x8e4
 *(.data .data.* .gnu.linkonce.d.*)
 .data          0x10020fe8        0x4 /home/leon/riotboard/arm-2012.09/bin/../lib/gcc/arm-none-eabi/4.7.2//crtbegin.o
                0x10020fe8                __dso_handle
 .data          0x10020fec        0x0 /home/leon/riotboard/arm-2012.09/bin/../lib/gcc/arm-none-eabi/4.7.2//crti.o
 .data          0x10020fec        0x0 /home/leon/riotboard/arm-2012.09/bin/../lib/gcc/arm-none-eabi/4.7.2//crtend.o
 .data          0x10020fec        0x0 /home/leon/riotboard/arm-2012.09/bin/../lib/gcc/arm-none-eabi/4.7.2//crtn.o
 .data          0x10020fec        0x0 /home/leon/git/swp-report/iMX6_Platform_SDK/output/mx6sdl/usb_hid_mouse/evb_rev_a/obj/apps/common/ivt.o
 .data          0x10020fec        0x0 /home/leon/git/swp-report/iMX6_Platform_SDK/output/mx6sdl/usb_hid_mouse/evb_rev_a/obj/apps/common/platform_init.o
 .data          0x10020fec        0x4 /home/leon/git/swp-report/iMX6_Platform_SDK/output/mx6sdl/usb_hid_mouse/evb_rev_a/obj/apps/usb_hid_mouse/src/mouse_button.o
 .data          0x10020ff0        0x0 /home/leon/git/swp-report/iMX6_Platform_SDK/output/mx6sdl/usb_hid_mouse/evb_rev_a/obj/apps/usb_hid_mouse/src/usb_descriptor.o
 .data          0x10020ff0        0x0 /home/leon/git/swp-report/iMX6_Platform_SDK/output/mx6sdl/lib/libsdk.a(usb_hid.o)
 .data          0x10020ff0        0x0 /home/leon/git/swp-report/iMX6_Platform_SDK/output/mx6sdl/lib/libsdk.a(usb_class.o)
 .data          0x10020ff0        0x0 /home/leon/git/swp-report/iMX6_Platform_SDK/output/mx6sdl/lib/libsdk.a(usb_framework.o)
 .data          0x10020ff0        0x8 /home/leon/git/swp-report/iMX6_Platform_SDK/output/mx6sdl/lib/libsdk.a(usb_dci_imx6.o)
                0x10020ff0                usbotg
 .data          0x10020ff8        0x0 /home/leon/git/swp-report/iMX6_Platform_SDK/output/mx6sdl/lib/libsdk.a(usb_driver.o)
 .data          0x10020ff8        0x0 /home/leon/git/swp-report/iMX6_Platform_SDK/output/mx6sdl/lib/libsdk.a(ccm_pll.o)
 .data          0x10020ff8        0x0 /home/leon/git/swp-report/iMX6_Platform_SDK/output/mx6sdl/lib/libsdk.a(cortexA9.o)
 .data          0x10020ff8        0x0 /home/leon/git/swp-report/iMX6_Platform_SDK/output/mx6sdl/lib/libsdk.a(gic.o)
 .data          0x10020ff8        0x0 /home/leon/git/swp-report/iMX6_Platform_SDK/output/mx6sdl/lib/libsdk.a(interrupt.o)
 .data          0x10020ff8        0x0 /home/leon/git/swp-report/iMX6_Platform_SDK/output/mx6sdl/lib/libsdk.a(mmu.o)
 .data          0x10020ff8        0x0 /home/leon/git/swp-report/iMX6_Platform_SDK/output/mx6sdl/lib/libsdk.a(startup.o)
 .data          0x10020ff8        0x0 /home/leon/git/swp-report/iMX6_Platform_SDK/output/mx6sdl/lib/libsdk.a(vectors.o)
 .data          0x10020ff8        0x0 /home/leon/git/swp-report/iMX6_Platform_SDK/output/mx6sdl/lib/libsdk.a(system_util.o)
 .data          0x10020ff8        0x4 /home/leon/git/swp-report/iMX6_Platform_SDK/output/mx6sdl/lib/libsdk.a(text_color.o)
                0x10020ff8                is_color_supported
 .data          0x10020ffc        0x0 /home/leon/git/swp-report/iMX6_Platform_SDK/output/mx6sdl/lib/libsdk.a(timer.o)
 .data          0x10020ffc        0x0 /home/leon/git/swp-report/iMX6_Platform_SDK/output/mx6sdl/lib/libsdk.a(imx_uart.o)
 .data          0x10020ffc        0x4 /home/leon/git/swp-report/iMX6_Platform_SDK/output/mx6sdl/lib/libsdk.a(arm_abort.o)
 .data          0x10021000        0x0 /home/leon/git/swp-report/iMX6_Platform_SDK/output/mx6sdl/lib/libsdk.a(epit.o)
 .data          0x10021000        0x0 /home/leon/git/swp-report/iMX6_Platform_SDK/output/mx6sdl/lib/libsdk.a(abort_handler.o)
 .data          0x10021000        0x0 /home/leon/git/swp-report/iMX6_Platform_SDK/output/mx6sdl/lib/libboard_evb_rev_a.a(board_io_expanders.o)
 .data          0x10021000        0x8 /home/leon/git/swp-report/iMX6_Platform_SDK/output/mx6sdl/lib/libboard_evb_rev_a.a(hardware_modules.o)
                0x10021000                g_debug_uart_port
                0x10021004                g_system_timer_port
 .data          0x10021008        0x0 /home/leon/git/swp-report/iMX6_Platform_SDK/output/mx6sdl/lib/libboard_evb_rev_a.a(dcd.o)
 .data          0x10021008        0x0 /home/leon/git/swp-report/iMX6_Platform_SDK/output/mx6sdl/lib/libboard_evb_rev_a.a(uart_iomux_config.o)
 .data          0x10021008        0x0 /home/leon/git/swp-report/iMX6_Platform_SDK/output/mx6sdl/lib/libboard_evb_rev_a.a(iomux_config.o)
 .data          0x10021008        0x0 /home/leon/git/swp-report/iMX6_Platform_SDK/output/mx6sdl/lib/libboard_evb_rev_a.a(ipu1_iomux_config.o)
 .data          0x10021008        0x0 /home/leon/git/swp-report/iMX6_Platform_SDK/output/mx6sdl/lib/libboard_evb_rev_a.a(kpp_iomux_config.o)
 .data          0x10021008        0x0 /home/leon/git/swp-report/iMX6_Platform_SDK/output/mx6sdl/lib/libboard_evb_rev_a.a(mlb_iomux_config.o)
 .data          0x10021008        0x0 /home/leon/git/swp-report/iMX6_Platform_SDK/output/mx6sdl/lib/libboard_evb_rev_a.a(mmdc_iomux_config.o)
 .data          0x10021008        0x0 /home/leon/git/swp-report/iMX6_Platform_SDK/output/mx6sdl/lib/libboard_evb_rev_a.a(pwm1_iomux_config.o)
 .data          0x10021008        0x0 /home/leon/git/swp-report/iMX6_Platform_SDK/output/mx6sdl/lib/libboard_evb_rev_a.a(sjc_iomux_config.o)
 .data          0x10021008        0x0 /home/leon/git/swp-report/iMX6_Platform_SDK/output/mx6sdl/lib/libboard_evb_rev_a.a(spdif_iomux_config.o)
 .data          0x10021008        0x0 /home/leon/git/swp-report/iMX6_Platform_SDK/output/mx6sdl/lib/libboard_evb_rev_a.a(uart2_iomux_config.o)
 .data          0x10021008        0x0 /home/leon/git/swp-report/iMX6_Platform_SDK/output/mx6sdl/lib/libboard_evb_rev_a.a(uart4_iomux_config.o)
 .data          0x10021008        0x0 /home/leon/git/swp-report/iMX6_Platform_SDK/output/mx6sdl/lib/libboard_evb_rev_a.a(usb_iomux_config.o)
 .data          0x10021008        0x0 /home/leon/git/swp-report/iMX6_Platform_SDK/output/mx6sdl/lib/libboard_evb_rev_a.a(usdhc1_iomux_config.o)
 .data          0x10021008        0x0 /home/leon/git/swp-report/iMX6_Platform_SDK/output/mx6sdl/lib/libboard_evb_rev_a.a(usdhc2_iomux_config.o)
 .data          0x10021008        0x0 /home/leon/git/swp-report/iMX6_Platform_SDK/output/mx6sdl/lib/libboard_evb_rev_a.a(usdhc3_iomux_config.o)
 .data          0x10021008        0x0 /home/leon/git/swp-report/iMX6_Platform_SDK/output/mx6sdl/lib/libboard_evb_rev_a.a(usdhc4_iomux_config.o)
 .data          0x10021008        0x0 /home/leon/git/swp-report/iMX6_Platform_SDK/output/mx6sdl/lib/libboard_evb_rev_a.a(ccm_iomux_config.o)
 .data          0x10021008        0x0 /home/leon/git/swp-report/iMX6_Platform_SDK/output/mx6sdl/lib/libboard_evb_rev_a.a(ecspi1_iomux_config.o)
 .data          0x10021008        0x0 /home/leon/git/swp-report/iMX6_Platform_SDK/output/mx6sdl/lib/libboard_evb_rev_a.a(enet_iomux_config.o)
 .data          0x10021008        0x0 /home/leon/git/swp-report/iMX6_Platform_SDK/output/mx6sdl/lib/libboard_evb_rev_a.a(esai_iomux_config.o)
 .data          0x10021008        0x0 /home/leon/git/swp-report/iMX6_Platform_SDK/output/mx6sdl/lib/libboard_evb_rev_a.a(flexcan1_iomux_config.o)
 .data          0x10021008        0x0 /home/leon/git/swp-report/iMX6_Platform_SDK/output/mx6sdl/lib/libboard_evb_rev_a.a(flexcan2_iomux_config.o)
 .data          0x10021008        0x0 /home/leon/git/swp-report/iMX6_Platform_SDK/output/mx6sdl/lib/libboard_evb_rev_a.a(gpio3_iomux_config.o)
 .data          0x10021008        0x0 /home/leon/git/swp-report/iMX6_Platform_SDK/output/mx6sdl/lib/libboard_evb_rev_a.a(gpio4_iomux_config.o)
 .data          0x10021008        0x0 /home/leon/git/swp-report/iMX6_Platform_SDK/output/mx6sdl/lib/libboard_evb_rev_a.a(gpio5_iomux_config.o)
 .data          0x10021008        0x0 /home/leon/git/swp-report/iMX6_Platform_SDK/output/mx6sdl/lib/libboard_evb_rev_a.a(gpio6_iomux_config.o)
 .data          0x10021008        0x0 /home/leon/git/swp-report/iMX6_Platform_SDK/output/mx6sdl/lib/libboard_evb_rev_a.a(gpmi_iomux_config.o)
 .data          0x10021008        0x0 /home/leon/git/swp-report/iMX6_Platform_SDK/output/mx6sdl/lib/libboard_evb_rev_a.a(hdmi_iomux_config.o)
 .data          0x10021008        0x0 /home/leon/git/swp-report/iMX6_Platform_SDK/output/mx6sdl/lib/libboard_evb_rev_a.a(i2c1_iomux_config.o)
 .data          0x10021008        0x0 /home/leon/git/swp-report/iMX6_Platform_SDK/output/mx6sdl/lib/libboard_evb_rev_a.a(i2c2_iomux_config.o)
 .data          0x10021008        0x0 /home/leon/git/swp-report/iMX6_Platform_SDK/output/mx6sdl/lib/libboard_evb_rev_a.a(i2c3_iomux_config.o)
 .data          0x10021008        0x0 /home/leon/riotboard/arm-2012.09/bin/../arm-none-eabi/lib//libm.a(lib_a-sf_cos.o)
 .data          0x10021008        0x0 /home/leon/riotboard/arm-2012.09/bin/../arm-none-eabi/lib//libm.a(lib_a-sf_sin.o)
 .data          0x10021008        0x0 /home/leon/riotboard/arm-2012.09/bin/../arm-none-eabi/lib//libm.a(lib_a-ef_rem_pio2.o)
 .data          0x10021008        0x0 /home/leon/riotboard/arm-2012.09/bin/../arm-none-eabi/lib//libm.a(lib_a-kf_cos.o)
 .data          0x10021008        0x0 /home/leon/riotboard/arm-2012.09/bin/../arm-none-eabi/lib//libm.a(lib_a-kf_rem_pio2.o)
 .data          0x10021008        0x0 /home/leon/riotboard/arm-2012.09/bin/../arm-none-eabi/lib//libm.a(lib_a-kf_sin.o)
 .data          0x10021008        0x0 /home/leon/riotboard/arm-2012.09/bin/../arm-none-eabi/lib//libm.a(lib_a-sf_fabs.o)
 .data          0x10021008        0x0 /home/leon/riotboard/arm-2012.09/bin/../arm-none-eabi/lib//libm.a(lib_a-sf_floor.o)
 .data          0x10021008        0x0 /home/leon/riotboard/arm-2012.09/bin/../arm-none-eabi/lib//libm.a(lib_a-sf_scalbn.o)
 .data          0x10021008        0x0 /home/leon/riotboard/arm-2012.09/bin/../arm-none-eabi/lib//libm.a(lib_a-sf_copysign.o)
 .data          0x10021008        0x0 /home/leon/riotboard/arm-2012.09/bin/../arm-none-eabi/lib//libc.a(lib_a-assert.o)
 .data          0x10021008        0x0 /home/leon/riotboard/arm-2012.09/bin/../arm-none-eabi/lib//libc.a(lib_a-bzero.o)
 .data          0x10021008        0x0 /home/leon/riotboard/arm-2012.09/bin/../arm-none-eabi/lib//libc.a(lib_a-fiprintf.o)
 .data          0x10021008        0x0 /home/leon/riotboard/arm-2012.09/bin/../arm-none-eabi/lib//libc.a(lib_a-fputc.o)
 .data          0x10021008      0x430 /home/leon/riotboard/arm-2012.09/bin/../arm-none-eabi/lib//libc.a(lib_a-impure.o)
                0x10021008                _impure_ptr
 .data          0x10021438        0x0 /home/leon/riotboard/arm-2012.09/bin/../arm-none-eabi/lib//libc.a(lib_a-init.o)
 .data          0x10021438        0x0 /home/leon/riotboard/arm-2012.09/bin/../arm-none-eabi/lib//libc.a(lib_a-malloc.o)
 .data          0x10021438      0x410 /home/leon/riotboard/arm-2012.09/bin/../arm-none-eabi/lib//libc.a(lib_a-mallocr.o)
                0x10021438                __malloc_av_
                0x10021840                __malloc_sbrk_base
                0x10021844                __malloc_trim_threshold
 .data          0x10021848        0x0 /home/leon/riotboard/arm-2012.09/bin/../arm-none-eabi/lib//libc.a(lib_a-memcpy.o)
 .data          0x10021848        0x0 /home/leon/riotboard/arm-2012.09/bin/../arm-none-eabi/lib//libc.a(lib_a-memset.o)
 .data          0x10021848        0x0 /home/leon/riotboard/arm-2012.09/bin/../arm-none-eabi/lib//libc.a(lib_a-mlock.o)
 .data          0x10021848        0x0 /home/leon/riotboard/arm-2012.09/bin/../arm-none-eabi/lib//libc.a(lib_a-printf.o)
 .data          0x10021848        0x0 /home/leon/riotboard/arm-2012.09/bin/../arm-none-eabi/lib//libc.a(lib_a-putc.o)
 .data          0x10021848        0x0 /home/leon/riotboard/arm-2012.09/bin/../arm-none-eabi/lib//libc.a(lib_a-realloc.o)
 .data          0x10021848        0x0 /home/leon/riotboard/arm-2012.09/bin/../arm-none-eabi/lib//libc.a(lib_a-reallocr.o)
 .data          0x10021848        0x0 /home/leon/riotboard/arm-2012.09/bin/../arm-none-eabi/lib//libc.a(lib_a-rget.o)
 .data          0x10021848        0x0 /home/leon/riotboard/arm-2012.09/bin/../arm-none-eabi/lib//libc.a(lib_a-sbrkr.o)
 .data          0x10021848        0x0 /home/leon/riotboard/arm-2012.09/bin/../arm-none-eabi/lib//libc.a(lib_a-vfiprintf.o)
 .data          0x10021848        0x0 /home/leon/riotboard/arm-2012.09/bin/../arm-none-eabi/lib//libc.a(lib_a-vfprintf.o)
 .data          0x10021848        0x0 /home/leon/riotboard/arm-2012.09/bin/../arm-none-eabi/lib//libc.a(lib_a-vprintf.o)
 .data          0x10021848        0x0 /home/leon/riotboard/arm-2012.09/bin/../arm-none-eabi/lib//libc.a(lib_a-wbuf.o)
 .data          0x10021848        0x0 /home/leon/riotboard/arm-2012.09/bin/../arm-none-eabi/lib//libc.a(lib_a-wsetup.o)
 .data          0x10021848        0x0 /home/leon/riotboard/arm-2012.09/bin/../arm-none-eabi/lib//libc.a(lib_a-abort.o)
 .data          0x10021848        0x0 /home/leon/riotboard/arm-2012.09/bin/../arm-none-eabi/lib//libc.a(lib_a-dtoa.o)
 .data          0x10021848        0x0 /home/leon/riotboard/arm-2012.09/bin/../arm-none-eabi/lib//libc.a(lib_a-fflush.o)
 .data          0x10021848        0x0 /home/leon/riotboard/arm-2012.09/bin/../arm-none-eabi/lib//libc.a(lib_a-findfp.o)
 .data          0x10021848        0x0 /home/leon/riotboard/arm-2012.09/bin/../arm-none-eabi/lib//libc.a(lib_a-fputwc.o)
 .data          0x10021848        0x0 /home/leon/riotboard/arm-2012.09/bin/../arm-none-eabi/lib//libc.a(lib_a-freer.o)
 .data          0x10021848        0x0 /home/leon/riotboard/arm-2012.09/bin/../arm-none-eabi/lib//libc.a(lib_a-fvwrite.o)
 .data          0x10021848        0x0 /home/leon/riotboard/arm-2012.09/bin/../arm-none-eabi/lib//libc.a(lib_a-fwalk.o)
 .data          0x10021848       0x7c /home/leon/riotboard/arm-2012.09/bin/../arm-none-eabi/lib//libc.a(lib_a-locale.o)
                0x10021868                __mb_cur_max
 .data          0x100218c4        0x0 /home/leon/riotboard/arm-2012.09/bin/../arm-none-eabi/lib//libc.a(lib_a-makebuf.o)
 .data          0x100218c4        0x0 /home/leon/riotboard/arm-2012.09/bin/../arm-none-eabi/lib//libc.a(lib_a-memchr.o)
 .data          0x100218c4        0x0 /home/leon/riotboard/arm-2012.09/bin/../arm-none-eabi/lib//libc.a(lib_a-memmove.o)
 .data          0x100218c4        0x0 /home/leon/riotboard/arm-2012.09/bin/../arm-none-eabi/lib//libc.a(lib_a-mprec.o)
 .data          0x100218c4        0x0 /home/leon/riotboard/arm-2012.09/bin/../arm-none-eabi/lib//libc.a(lib_a-reent.o)
 .data          0x100218c4        0x0 /home/leon/riotboard/arm-2012.09/bin/../arm-none-eabi/lib//libc.a(lib_a-refill.o)
 .data          0x100218c4        0x0 /home/leon/riotboard/arm-2012.09/bin/../arm-none-eabi/lib//libc.a(lib_a-s_fpclassify.o)
 .data          0x100218c4        0x0 /home/leon/riotboard/arm-2012.09/bin/../arm-none-eabi/lib//libc.a(lib_a-signal.o)
 .data          0x100218c4        0x0 /home/leon/riotboard/arm-2012.09/bin/../arm-none-eabi/lib//libc.a(lib_a-signalr.o)
 .data          0x100218c4        0x0 /home/leon/riotboard/arm-2012.09/bin/../arm-none-eabi/lib//libc.a(lib_a-stdio.o)
 .data          0x100218c4        0x0 /home/leon/riotboard/arm-2012.09/bin/../arm-none-eabi/lib//libc.a(lib_a-strcmp.o)
 .data          0x100218c4        0x0 /home/leon/riotboard/arm-2012.09/bin/../arm-none-eabi/lib//libc.a(lib_a-strlen.o)
 .data          0x100218c4        0x0 /home/leon/riotboard/arm-2012.09/bin/../arm-none-eabi/lib//libc.a(lib_a-wcrtomb.o)
 .data          0x100218c4        0x4 /home/leon/riotboard/arm-2012.09/bin/../arm-none-eabi/lib//libc.a(lib_a-wctomb_r.o)
                0x100218c4                __wctomb
 .data          0x100218c8        0x0 /home/leon/riotboard/arm-2012.09/bin/../arm-none-eabi/lib//libc.a(lib_a-writer.o)
 .data          0x100218c8        0x0 /home/leon/riotboard/arm-2012.09/bin/../arm-none-eabi/lib//libc.a(lib_a-callocr.o)
 .data          0x100218c8        0x0 /home/leon/riotboard/arm-2012.09/bin/../arm-none-eabi/lib//libc.a(lib_a-closer.o)
 .data          0x100218c8        0x0 /home/leon/riotboard/arm-2012.09/bin/../arm-none-eabi/lib//libc.a(lib_a-fclose.o)
 .data          0x100218c8        0x0 /home/leon/riotboard/arm-2012.09/bin/../arm-none-eabi/lib//libc.a(lib_a-fstatr.o)
 .data          0x100218c8        0x0 /home/leon/riotboard/arm-2012.09/bin/../arm-none-eabi/lib//libc.a(lib_a-isattyr.o)
 .data          0x100218c8        0x0 /home/leon/riotboard/arm-2012.09/bin/../arm-none-eabi/lib//libc.a(lib_a-lseekr.o)
 .data          0x100218c8        0x0 /home/leon/riotboard/arm-2012.09/bin/../arm-none-eabi/lib//libc.a(lib_a-readr.o)
 .data          0x100218c8        0x0 /home/leon/riotboard/arm-2012.09/bin/../lib/gcc/arm-none-eabi/4.7.2//libgcc.a(_udivsi3.o)
 .data          0x100218c8        0x0 /home/leon/riotboard/arm-2012.09/bin/../lib/gcc/arm-none-eabi/4.7.2//libgcc.a(_dvmd_tls.o)
 .data          0x100218c8        0x0 /home/leon/riotboard/arm-2012.09/bin/../lib/gcc/arm-none-eabi/4.7.2//libgcc.a(_arm_addsubdf3.o)
 .data          0x100218c8        0x0 /home/leon/riotboard/arm-2012.09/bin/../lib/gcc/arm-none-eabi/4.7.2//libgcc.a(_arm_muldivdf3.o)
 .data          0x100218c8        0x0 /home/leon/riotboard/arm-2012.09/bin/../lib/gcc/arm-none-eabi/4.7.2//libgcc.a(_arm_cmpdf2.o)
 .data          0x100218c8        0x0 /home/leon/riotboard/arm-2012.09/bin/../lib/gcc/arm-none-eabi/4.7.2//libgcc.a(_arm_fixdfsi.o)
 .data          0x100218c8        0x0 /home/leon/riotboard/arm-2012.09/bin/../lib/gcc/arm-none-eabi/4.7.2//libgcc.a(_arm_addsubsf3.o)
 .data          0x100218c8        0x0 /home/leon/riotboard/arm-2012.09/bin/../lib/gcc/arm-none-eabi/4.7.2//libgcc.a(_arm_muldivsf3.o)
 .data          0x100218c8        0x0 /home/leon/riotboard/arm-2012.09/bin/../lib/gcc/arm-none-eabi/4.7.2//libgcc.a(_arm_cmpsf2.o)
 .data          0x100218c8        0x0 /home/leon/riotboard/arm-2012.09/bin/../lib/gcc/arm-none-eabi/4.7.2//libgcc.a(_arm_fixsfsi.o)
 .data          0x100218c8        0x0 /home/leon/riotboard/arm-2012.09/bin/../lib/gcc/arm-none-eabi/4.7.2//libgcc.a(_aeabi_uldivmod.o)
 .data          0x100218c8        0x0 /home/leon/riotboard/arm-2012.09/bin/../lib/gcc/arm-none-eabi/4.7.2//libgcc.a(bpabi.o)
 .data          0x100218c8        0x0 /home/leon/riotboard/arm-2012.09/bin/../lib/gcc/arm-none-eabi/4.7.2//libgcc.a(_divdi3.o)
 .data          0x100218c8        0x0 /home/leon/riotboard/arm-2012.09/bin/../lib/gcc/arm-none-eabi/4.7.2//libgcc.a(_udivdi3.o)
 .data          0x100218c8        0x0 /home/leon/riotboard/arm-2012.09/bin/../lib/gcc/arm-none-eabi/4.7.2//libgcc.a(_clzsi2.o)
 .data          0x100218c8        0x0 /home/leon/git/swp-report/iMX6_Platform_SDK/output/mx6sdl/lib/libsdk.a(max7310.o)
 .data          0x100218c8        0x4 /home/leon/git/swp-report/iMX6_Platform_SDK/output/mx6sdl/lib/libsdk.a(runtime_support.o)
                0x100218c8                environ
 .data          0x100218cc        0x0 /home/leon/git/swp-report/iMX6_Platform_SDK/output/mx6sdl/lib/libsdk.a(imx_i2c.o)
 .data          0x100218cc        0x0 /home/leon/git/swp-report/iMX6_Platform_SDK/output/mx6sdl/lib/libboard_evb_rev_a.a(i2c_iomux_config.o)

.jcr            0x100218cc        0x4
 .jcr           0x100218cc        0x0 /home/leon/riotboard/arm-2012.09/bin/../lib/gcc/arm-none-eabi/4.7.2//crtbegin.o
 .jcr           0x100218cc        0x4 /home/leon/riotboard/arm-2012.09/bin/../lib/gcc/arm-none-eabi/4.7.2//crtend.o

.tm_clone_table
                0x100218d0        0x0
 .tm_clone_table
                0x100218d0        0x0 /home/leon/riotboard/arm-2012.09/bin/../lib/gcc/arm-none-eabi/4.7.2//crtbegin.o
 .tm_clone_table
                0x100218d0        0x0 /home/leon/riotboard/arm-2012.09/bin/../lib/gcc/arm-none-eabi/4.7.2//crtend.o

.igot.plt       0x100218d0        0x0
 .igot.plt      0x00000000        0x0 /home/leon/riotboard/arm-2012.09/bin/../lib/gcc/arm-none-eabi/4.7.2//crtbegin.o

.hab.data       0x10400000     0x2000
                0x10400000                __hab_data = .
                0x10402000                . = (. + 0x2000)
 *fill*         0x10400000     0x2000 
                0x10402000                . = ALIGN (0x20)
                0x10402000                __hab_data_end = .
                0x00402000                _image_size = (. - _start_image_add)

.bss            0x10402000      0x9cc
                0x10402000                __bss_start__ = .
 *(.shbss)
 *(.bss .bss.* .gnu.linkonce.b.*)
 .bss           0x10402000       0x1c /home/leon/riotboard/arm-2012.09/bin/../lib/gcc/arm-none-eabi/4.7.2//crtbegin.o
 .bss           0x1040201c        0x0 /home/leon/riotboard/arm-2012.09/bin/../lib/gcc/arm-none-eabi/4.7.2//crti.o
 .bss           0x1040201c        0x0 /home/leon/riotboard/arm-2012.09/bin/../lib/gcc/arm-none-eabi/4.7.2//crtend.o
 .bss           0x1040201c        0x0 /home/leon/riotboard/arm-2012.09/bin/../lib/gcc/arm-none-eabi/4.7.2//crtn.o
 .bss           0x1040201c        0x0 /home/leon/git/swp-report/iMX6_Platform_SDK/output/mx6sdl/usb_hid_mouse/evb_rev_a/obj/apps/common/ivt.o
 .bss           0x1040201c        0x0 /home/leon/git/swp-report/iMX6_Platform_SDK/output/mx6sdl/usb_hid_mouse/evb_rev_a/obj/apps/common/platform_init.o
 .bss           0x1040201c       0x28 /home/leon/git/swp-report/iMX6_Platform_SDK/output/mx6sdl/usb_hid_mouse/evb_rev_a/obj/apps/usb_hid_mouse/src/mouse_button.o
                0x1040201c                kbi_stat
 .bss           0x10402044        0x8 /home/leon/git/swp-report/iMX6_Platform_SDK/output/mx6sdl/usb_hid_mouse/evb_rev_a/obj/apps/usb_hid_mouse/src/usb_descriptor.o
                0x10402048                device_desc_req_count
 .bss           0x1040204c      0x13c /home/leon/git/swp-report/iMX6_Platform_SDK/output/mx6sdl/lib/libsdk.a(usb_hid.o)
                0x10402184                g_class_request_params
 .bss           0x10402188        0x8 /home/leon/git/swp-report/iMX6_Platform_SDK/output/mx6sdl/lib/libsdk.a(usb_class.o)
 .bss           0x10402190       0x34 /home/leon/git/swp-report/iMX6_Platform_SDK/output/mx6sdl/lib/libsdk.a(usb_framework.o)
 .bss           0x104021c4      0x468 /home/leon/git/swp-report/iMX6_Platform_SDK/output/mx6sdl/lib/libsdk.a(usb_dci_imx6.o)
                0x104021c4                g_usbd_qh_bufs
                0x104021cc                g_usbd_td_bufs
                0x1040261c                sof_counter
 .bss           0x1040262c       0x70 /home/leon/git/swp-report/iMX6_Platform_SDK/output/mx6sdl/lib/libsdk.a(usb_driver.o)
 .bss           0x1040269c        0x0 /home/leon/git/swp-report/iMX6_Platform_SDK/output/mx6sdl/lib/libsdk.a(ccm_pll.o)
 .bss           0x1040269c        0x0 /home/leon/git/swp-report/iMX6_Platform_SDK/output/mx6sdl/lib/libsdk.a(cortexA9.o)
 .bss           0x1040269c        0x0 /home/leon/git/swp-report/iMX6_Platform_SDK/output/mx6sdl/lib/libsdk.a(gic.o)
 .bss           0x1040269c      0x290 /home/leon/git/swp-report/iMX6_Platform_SDK/output/mx6sdl/lib/libsdk.a(interrupt.o)
                0x1040269c                g_interrupt_handlers
                0x1040291c                g_vectNum
 .bss           0x1040292c        0x0 /home/leon/git/swp-report/iMX6_Platform_SDK/output/mx6sdl/lib/libsdk.a(mmu.o)
 .bss           0x1040292c        0x0 /home/leon/git/swp-report/iMX6_Platform_SDK/output/mx6sdl/lib/libsdk.a(startup.o)
 .bss           0x1040292c        0x0 /home/leon/git/swp-report/iMX6_Platform_SDK/output/mx6sdl/lib/libsdk.a(vectors.o)
 .bss           0x1040292c        0x0 /home/leon/git/swp-report/iMX6_Platform_SDK/output/mx6sdl/lib/libsdk.a(system_util.o)
 .bss           0x1040292c        0x0 /home/leon/git/swp-report/iMX6_Platform_SDK/output/mx6sdl/lib/libsdk.a(text_color.o)
 .bss           0x1040292c        0x4 /home/leon/git/swp-report/iMX6_Platform_SDK/output/mx6sdl/lib/libsdk.a(timer.o)
                0x1040292c                g_microsecondTimerMultiple
 .bss           0x10402930        0x0 /home/leon/git/swp-report/iMX6_Platform_SDK/output/mx6sdl/lib/libsdk.a(imx_uart.o)
 .bss           0x10402930        0x0 /home/leon/git/swp-report/iMX6_Platform_SDK/output/mx6sdl/lib/libsdk.a(arm_abort.o)
 .bss           0x10402930        0x0 /home/leon/git/swp-report/iMX6_Platform_SDK/output/mx6sdl/lib/libsdk.a(epit.o)
 .bss           0x10402930        0x0 /home/leon/git/swp-report/iMX6_Platform_SDK/output/mx6sdl/lib/libsdk.a(abort_handler.o)
 .bss           0x10402930       0x48 /home/leon/git/swp-report/iMX6_Platform_SDK/output/mx6sdl/lib/libboard_evb_rev_a.a(board_io_expanders.o)
                0x10402930                max7310_i2c_req_array
 .bss           0x10402978        0x0 /home/leon/git/swp-report/iMX6_Platform_SDK/output/mx6sdl/lib/libboard_evb_rev_a.a(hardware_modules.o)
 .bss           0x10402978        0x0 /home/leon/git/swp-report/iMX6_Platform_SDK/output/mx6sdl/lib/libboard_evb_rev_a.a(dcd.o)
 .bss           0x10402978        0x0 /home/leon/git/swp-report/iMX6_Platform_SDK/output/mx6sdl/lib/libboard_evb_rev_a.a(uart_iomux_config.o)
 .bss           0x10402978        0x0 /home/leon/git/swp-report/iMX6_Platform_SDK/output/mx6sdl/lib/libboard_evb_rev_a.a(iomux_config.o)
 .bss           0x10402978        0x0 /home/leon/git/swp-report/iMX6_Platform_SDK/output/mx6sdl/lib/libboard_evb_rev_a.a(ipu1_iomux_config.o)
 .bss           0x10402978        0x0 /home/leon/git/swp-report/iMX6_Platform_SDK/output/mx6sdl/lib/libboard_evb_rev_a.a(kpp_iomux_config.o)
 .bss           0x10402978        0x0 /home/leon/git/swp-report/iMX6_Platform_SDK/output/mx6sdl/lib/libboard_evb_rev_a.a(mlb_iomux_config.o)
 .bss           0x10402978        0x0 /home/leon/git/swp-report/iMX6_Platform_SDK/output/mx6sdl/lib/libboard_evb_rev_a.a(mmdc_iomux_config.o)
 .bss           0x10402978        0x0 /home/leon/git/swp-report/iMX6_Platform_SDK/output/mx6sdl/lib/libboard_evb_rev_a.a(pwm1_iomux_config.o)
 .bss           0x10402978        0x0 /home/leon/git/swp-report/iMX6_Platform_SDK/output/mx6sdl/lib/libboard_evb_rev_a.a(sjc_iomux_config.o)
 .bss           0x10402978        0x0 /home/leon/git/swp-report/iMX6_Platform_SDK/output/mx6sdl/lib/libboard_evb_rev_a.a(spdif_iomux_config.o)
 .bss           0x10402978        0x0 /home/leon/git/swp-report/iMX6_Platform_SDK/output/mx6sdl/lib/libboard_evb_rev_a.a(uart2_iomux_config.o)
 .bss           0x10402978        0x0 /home/leon/git/swp-report/iMX6_Platform_SDK/output/mx6sdl/lib/libboard_evb_rev_a.a(uart4_iomux_config.o)
 .bss           0x10402978        0x0 /home/leon/git/swp-report/iMX6_Platform_SDK/output/mx6sdl/lib/libboard_evb_rev_a.a(usb_iomux_config.o)
 .bss           0x10402978        0x0 /home/leon/git/swp-report/iMX6_Platform_SDK/output/mx6sdl/lib/libboard_evb_rev_a.a(usdhc1_iomux_config.o)
 .bss           0x10402978        0x0 /home/leon/git/swp-report/iMX6_Platform_SDK/output/mx6sdl/lib/libboard_evb_rev_a.a(usdhc2_iomux_config.o)
 .bss           0x10402978        0x0 /home/leon/git/swp-report/iMX6_Platform_SDK/output/mx6sdl/lib/libboard_evb_rev_a.a(usdhc3_iomux_config.o)
 .bss           0x10402978        0x0 /home/leon/git/swp-report/iMX6_Platform_SDK/output/mx6sdl/lib/libboard_evb_rev_a.a(usdhc4_iomux_config.o)
 .bss           0x10402978        0x0 /home/leon/git/swp-report/iMX6_Platform_SDK/output/mx6sdl/lib/libboard_evb_rev_a.a(ccm_iomux_config.o)
 .bss           0x10402978        0x0 /home/leon/git/swp-report/iMX6_Platform_SDK/output/mx6sdl/lib/libboard_evb_rev_a.a(ecspi1_iomux_config.o)
 .bss           0x10402978        0x0 /home/leon/git/swp-report/iMX6_Platform_SDK/output/mx6sdl/lib/libboard_evb_rev_a.a(enet_iomux_config.o)
 .bss           0x10402978        0x0 /home/leon/git/swp-report/iMX6_Platform_SDK/output/mx6sdl/lib/libboard_evb_rev_a.a(esai_iomux_config.o)
 .bss           0x10402978        0x0 /home/leon/git/swp-report/iMX6_Platform_SDK/output/mx6sdl/lib/libboard_evb_rev_a.a(flexcan1_iomux_config.o)
 .bss           0x10402978        0x0 /home/leon/git/swp-report/iMX6_Platform_SDK/output/mx6sdl/lib/libboard_evb_rev_a.a(flexcan2_iomux_config.o)
 .bss           0x10402978        0x0 /home/leon/git/swp-report/iMX6_Platform_SDK/output/mx6sdl/lib/libboard_evb_rev_a.a(gpio3_iomux_config.o)
 .bss           0x10402978        0x0 /home/leon/git/swp-report/iMX6_Platform_SDK/output/mx6sdl/lib/libboard_evb_rev_a.a(gpio4_iomux_config.o)
 .bss           0x10402978        0x0 /home/leon/git/swp-report/iMX6_Platform_SDK/output/mx6sdl/lib/libboard_evb_rev_a.a(gpio5_iomux_config.o)
 .bss           0x10402978        0x0 /home/leon/git/swp-report/iMX6_Platform_SDK/output/mx6sdl/lib/libboard_evb_rev_a.a(gpio6_iomux_config.o)
 .bss           0x10402978        0x0 /home/leon/git/swp-report/iMX6_Platform_SDK/output/mx6sdl/lib/libboard_evb_rev_a.a(gpmi_iomux_config.o)
 .bss           0x10402978        0x0 /home/leon/git/swp-report/iMX6_Platform_SDK/output/mx6sdl/lib/libboard_evb_rev_a.a(hdmi_iomux_config.o)
 .bss           0x10402978        0x0 /home/leon/git/swp-report/iMX6_Platform_SDK/output/mx6sdl/lib/libboard_evb_rev_a.a(i2c1_iomux_config.o)
 .bss           0x10402978        0x0 /home/leon/git/swp-report/iMX6_Platform_SDK/output/mx6sdl/lib/libboard_evb_rev_a.a(i2c2_iomux_config.o)
 .bss           0x10402978        0x0 /home/leon/git/swp-report/iMX6_Platform_SDK/output/mx6sdl/lib/libboard_evb_rev_a.a(i2c3_iomux_config.o)
 .bss           0x10402978        0x0 /home/leon/riotboard/arm-2012.09/bin/../arm-none-eabi/lib//libm.a(lib_a-sf_cos.o)
 .bss           0x10402978        0x0 /home/leon/riotboard/arm-2012.09/bin/../arm-none-eabi/lib//libm.a(lib_a-sf_sin.o)
 .bss           0x10402978        0x0 /home/leon/riotboard/arm-2012.09/bin/../arm-none-eabi/lib//libm.a(lib_a-ef_rem_pio2.o)
 .bss           0x10402978        0x0 /home/leon/riotboard/arm-2012.09/bin/../arm-none-eabi/lib//libm.a(lib_a-kf_cos.o)
 .bss           0x10402978        0x0 /home/leon/riotboard/arm-2012.09/bin/../arm-none-eabi/lib//libm.a(lib_a-kf_rem_pio2.o)
 .bss           0x10402978        0x0 /home/leon/riotboard/arm-2012.09/bin/../arm-none-eabi/lib//libm.a(lib_a-kf_sin.o)
 .bss           0x10402978        0x0 /home/leon/riotboard/arm-2012.09/bin/../arm-none-eabi/lib//libm.a(lib_a-sf_fabs.o)
 .bss           0x10402978        0x0 /home/leon/riotboard/arm-2012.09/bin/../arm-none-eabi/lib//libm.a(lib_a-sf_floor.o)
 .bss           0x10402978        0x0 /home/leon/riotboard/arm-2012.09/bin/../arm-none-eabi/lib//libm.a(lib_a-sf_scalbn.o)
 .bss           0x10402978        0x0 /home/leon/riotboard/arm-2012.09/bin/../arm-none-eabi/lib//libm.a(lib_a-sf_copysign.o)
 .bss           0x10402978        0x0 /home/leon/riotboard/arm-2012.09/bin/../arm-none-eabi/lib//libc.a(lib_a-assert.o)
 .bss           0x10402978        0x0 /home/leon/riotboard/arm-2012.09/bin/../arm-none-eabi/lib//libc.a(lib_a-bzero.o)
 .bss           0x10402978        0x0 /home/leon/riotboard/arm-2012.09/bin/../arm-none-eabi/lib//libc.a(lib_a-fiprintf.o)
 .bss           0x10402978        0x0 /home/leon/riotboard/arm-2012.09/bin/../arm-none-eabi/lib//libc.a(lib_a-fputc.o)
 .bss           0x10402978        0x0 /home/leon/riotboard/arm-2012.09/bin/../arm-none-eabi/lib//libc.a(lib_a-impure.o)
 .bss           0x10402978        0x0 /home/leon/riotboard/arm-2012.09/bin/../arm-none-eabi/lib//libc.a(lib_a-init.o)
 .bss           0x10402978        0x0 /home/leon/riotboard/arm-2012.09/bin/../arm-none-eabi/lib//libc.a(lib_a-malloc.o)
 .bss           0x10402978       0x34 /home/leon/riotboard/arm-2012.09/bin/../arm-none-eabi/lib//libc.a(lib_a-mallocr.o)
                0x10402978                __malloc_top_pad
                0x1040297c                __malloc_current_mallinfo
                0x104029a4                __malloc_max_sbrked_mem
                0x104029a8                __malloc_max_total_mem
 .bss           0x104029ac        0x0 /home/leon/riotboard/arm-2012.09/bin/../arm-none-eabi/lib//libc.a(lib_a-memcpy.o)
 .bss           0x104029ac        0x0 /home/leon/riotboard/arm-2012.09/bin/../arm-none-eabi/lib//libc.a(lib_a-memset.o)
 .bss           0x104029ac        0x0 /home/leon/riotboard/arm-2012.09/bin/../arm-none-eabi/lib//libc.a(lib_a-mlock.o)
 .bss           0x104029ac        0x0 /home/leon/riotboard/arm-2012.09/bin/../arm-none-eabi/lib//libc.a(lib_a-printf.o)
 .bss           0x104029ac        0x0 /home/leon/riotboard/arm-2012.09/bin/../arm-none-eabi/lib//libc.a(lib_a-putc.o)
 .bss           0x104029ac        0x0 /home/leon/riotboard/arm-2012.09/bin/../arm-none-eabi/lib//libc.a(lib_a-realloc.o)
 .bss           0x104029ac        0x0 /home/leon/riotboard/arm-2012.09/bin/../arm-none-eabi/lib//libc.a(lib_a-reallocr.o)
 .bss           0x104029ac        0x0 /home/leon/riotboard/arm-2012.09/bin/../arm-none-eabi/lib//libc.a(lib_a-rget.o)
 .bss           0x104029ac        0x0 /home/leon/riotboard/arm-2012.09/bin/../arm-none-eabi/lib//libc.a(lib_a-sbrkr.o)
 .bss           0x104029ac        0x0 /home/leon/riotboard/arm-2012.09/bin/../arm-none-eabi/lib//libc.a(lib_a-vfiprintf.o)
 .bss           0x104029ac        0x0 /home/leon/riotboard/arm-2012.09/bin/../arm-none-eabi/lib//libc.a(lib_a-vfprintf.o)
 .bss           0x104029ac        0x0 /home/leon/riotboard/arm-2012.09/bin/../arm-none-eabi/lib//libc.a(lib_a-vprintf.o)
 .bss           0x104029ac        0x0 /home/leon/riotboard/arm-2012.09/bin/../arm-none-eabi/lib//libc.a(lib_a-wbuf.o)
 .bss           0x104029ac        0x0 /home/leon/riotboard/arm-2012.09/bin/../arm-none-eabi/lib//libc.a(lib_a-wsetup.o)
 .bss           0x104029ac        0x0 /home/leon/riotboard/arm-2012.09/bin/../arm-none-eabi/lib//libc.a(lib_a-abort.o)
 .bss           0x104029ac        0x0 /home/leon/riotboard/arm-2012.09/bin/../arm-none-eabi/lib//libc.a(lib_a-dtoa.o)
 .bss           0x104029ac        0x0 /home/leon/riotboard/arm-2012.09/bin/../arm-none-eabi/lib//libc.a(lib_a-fflush.o)
 .bss           0x104029ac        0x0 /home/leon/riotboard/arm-2012.09/bin/../arm-none-eabi/lib//libc.a(lib_a-findfp.o)
 .bss           0x104029ac        0x0 /home/leon/riotboard/arm-2012.09/bin/../arm-none-eabi/lib//libc.a(lib_a-fputwc.o)
 .bss           0x104029ac        0x0 /home/leon/riotboard/arm-2012.09/bin/../arm-none-eabi/lib//libc.a(lib_a-freer.o)
 .bss           0x104029ac        0x0 /home/leon/riotboard/arm-2012.09/bin/../arm-none-eabi/lib//libc.a(lib_a-fvwrite.o)
 .bss           0x104029ac        0x0 /home/leon/riotboard/arm-2012.09/bin/../arm-none-eabi/lib//libc.a(lib_a-fwalk.o)
 .bss           0x104029ac        0xc /home/leon/riotboard/arm-2012.09/bin/../arm-none-eabi/lib//libc.a(lib_a-locale.o)
                0x104029ac                _PathLocale
                0x104029b0                __mlocale_changed
                0x104029b4                __nlocale_changed
 .bss           0x104029b8        0x0 /home/leon/riotboard/arm-2012.09/bin/../arm-none-eabi/lib//libc.a(lib_a-makebuf.o)
 .bss           0x104029b8        0x0 /home/leon/riotboard/arm-2012.09/bin/../arm-none-eabi/lib//libc.a(lib_a-memchr.o)
 .bss           0x104029b8        0x0 /home/leon/riotboard/arm-2012.09/bin/../arm-none-eabi/lib//libc.a(lib_a-memmove.o)
 .bss           0x104029b8        0x0 /home/leon/riotboard/arm-2012.09/bin/../arm-none-eabi/lib//libc.a(lib_a-mprec.o)
 .bss           0x104029b8        0x0 /home/leon/riotboard/arm-2012.09/bin/../arm-none-eabi/lib//libc.a(lib_a-reent.o)
 .bss           0x104029b8        0x0 /home/leon/riotboard/arm-2012.09/bin/../arm-none-eabi/lib//libc.a(lib_a-refill.o)
 .bss           0x104029b8        0x0 /home/leon/riotboard/arm-2012.09/bin/../arm-none-eabi/lib//libc.a(lib_a-s_fpclassify.o)
 .bss           0x104029b8        0x0 /home/leon/riotboard/arm-2012.09/bin/../arm-none-eabi/lib//libc.a(lib_a-signal.o)
 .bss           0x104029b8        0x0 /home/leon/riotboard/arm-2012.09/bin/../arm-none-eabi/lib//libc.a(lib_a-signalr.o)
 .bss           0x104029b8        0x0 /home/leon/riotboard/arm-2012.09/bin/../arm-none-eabi/lib//libc.a(lib_a-stdio.o)
 .bss           0x104029b8        0x0 /home/leon/riotboard/arm-2012.09/bin/../arm-none-eabi/lib//libc.a(lib_a-strcmp.o)
 .bss           0x104029b8        0x0 /home/leon/riotboard/arm-2012.09/bin/../arm-none-eabi/lib//libc.a(lib_a-strlen.o)
 .bss           0x104029b8        0x0 /home/leon/riotboard/arm-2012.09/bin/../arm-none-eabi/lib//libc.a(lib_a-wcrtomb.o)
 .bss           0x104029b8        0x0 /home/leon/riotboard/arm-2012.09/bin/../arm-none-eabi/lib//libc.a(lib_a-wctomb_r.o)
 .bss           0x104029b8        0x0 /home/leon/riotboard/arm-2012.09/bin/../arm-none-eabi/lib//libc.a(lib_a-writer.o)
 .bss           0x104029b8        0x0 /home/leon/riotboard/arm-2012.09/bin/../arm-none-eabi/lib//libc.a(lib_a-callocr.o)
 .bss           0x104029b8        0x0 /home/leon/riotboard/arm-2012.09/bin/../arm-none-eabi/lib//libc.a(lib_a-closer.o)
 .bss           0x104029b8        0x0 /home/leon/riotboard/arm-2012.09/bin/../arm-none-eabi/lib//libc.a(lib_a-fclose.o)
 .bss           0x104029b8        0x0 /home/leon/riotboard/arm-2012.09/bin/../arm-none-eabi/lib//libc.a(lib_a-fstatr.o)
 .bss           0x104029b8        0x0 /home/leon/riotboard/arm-2012.09/bin/../arm-none-eabi/lib//libc.a(lib_a-isattyr.o)
 .bss           0x104029b8        0x0 /home/leon/riotboard/arm-2012.09/bin/../arm-none-eabi/lib//libc.a(lib_a-lseekr.o)
 .bss           0x104029b8        0x0 /home/leon/riotboard/arm-2012.09/bin/../arm-none-eabi/lib//libc.a(lib_a-readr.o)
 .bss           0x104029b8        0x0 /home/leon/riotboard/arm-2012.09/bin/../lib/gcc/arm-none-eabi/4.7.2//libgcc.a(_udivsi3.o)
 .bss           0x104029b8        0x0 /home/leon/riotboard/arm-2012.09/bin/../lib/gcc/arm-none-eabi/4.7.2//libgcc.a(_dvmd_tls.o)
 .bss           0x104029b8        0x0 /home/leon/riotboard/arm-2012.09/bin/../lib/gcc/arm-none-eabi/4.7.2//libgcc.a(_arm_addsubdf3.o)
 .bss           0x104029b8        0x0 /home/leon/riotboard/arm-2012.09/bin/../lib/gcc/arm-none-eabi/4.7.2//libgcc.a(_arm_muldivdf3.o)