Archive member included because of file (symbol)

/home/leon/git/swp-report/iMX6_Platform_SDK/output/mx6sdl/lib/libsdk.a(usb_hid.o)
                              /home/leon/git/swp-report/iMX6_Platform_SDK/output/mx6sdl/usb_hid_mouse/evb_rev_a/obj/apps/usb_hid_mouse/src/mouse_button.o (USB_Class_HID_Init)
/home/leon/git/swp-report/iMX6_Platform_SDK/output/mx6sdl/lib/libsdk.a(usb_class.o)
                              /home/leon/git/swp-report/iMX6_Platform_SDK/output/mx6sdl/lib/libsdk.a(usb_hid.o) (USB_Class_Init)
/home/leon/git/swp-report/iMX6_Platform_SDK/output/mx6sdl/lib/libsdk.a(usb_framework.o)
                              /home/leon/git/swp-report/iMX6_Platform_SDK/output/mx6sdl/lib/libsdk.a(usb_class.o) (USB_Framework_Init)
/home/leon/git/swp-report/iMX6_Platform_SDK/output/mx6sdl/lib/libsdk.a(usb_dci_imx6.o)
                              /home/leon/git/swp-report/iMX6_Platform_SDK/output/mx6sdl/lib/libsdk.a(usb_framework.o) (_usb_device_recv_data)
/home/leon/git/swp-report/iMX6_Platform_SDK/output/mx6sdl/lib/libsdk.a(usb_driver.o)
                              /home/leon/git/swp-report/iMX6_Platform_SDK/output/mx6sdl/lib/libsdk.a(usb_hid.o) (_usb_device_init)
/home/leon/git/swp-report/iMX6_Platform_SDK/output/mx6sdl/lib/libsdk.a(ccm_pll.o)
                              /home/leon/git/swp-report/iMX6_Platform_SDK/output/mx6sdl/usb_hid_mouse/evb_rev_a/obj/apps/common/platform_init.o (ccm_init)
/home/leon/git/swp-report/iMX6_Platform_SDK/output/mx6sdl/lib/libsdk.a(cortexA9.o)
                              /home/leon/git/swp-report/iMX6_Platform_SDK/output/mx6sdl/usb_hid_mouse/evb_rev_a/obj/apps/common/platform_init.o (arm_set_interrupt_state)
/home/leon/git/swp-report/iMX6_Platform_SDK/output/mx6sdl/lib/libsdk.a(gic.o)
                              /home/leon/git/swp-report/iMX6_Platform_SDK/output/mx6sdl/usb_hid_mouse/evb_rev_a/obj/apps/common/platform_init.o (gic_init)
/home/leon/git/swp-report/iMX6_Platform_SDK/output/mx6sdl/lib/libsdk.a(interrupt.o)
                              /home/leon/git/swp-report/iMX6_Platform_SDK/output/mx6sdl/lib/libsdk.a(usb_dci_imx6.o) (enable_interrupt)
/home/leon/git/swp-report/iMX6_Platform_SDK/output/mx6sdl/lib/libsdk.a(mmu.o)
                              /home/leon/git/swp-report/iMX6_Platform_SDK/output/mx6sdl/usb_hid_mouse/evb_rev_a/obj/apps/common/platform_init.o (mmu_init)
/home/leon/git/swp-report/iMX6_Platform_SDK/output/mx6sdl/lib/libsdk.a(startup.o)
                              (_start)
/home/leon/git/swp-report/iMX6_Platform_SDK/output/mx6sdl/lib/libsdk.a(vectors.o)
                              /home/leon/git/swp-report/iMX6_Platform_SDK/output/mx6sdl/lib/libsdk.a(startup.o) (vectors)
/home/leon/git/swp-report/iMX6_Platform_SDK/output/mx6sdl/lib/libsdk.a(system_util.o)
                              /home/leon/git/swp-report/iMX6_Platform_SDK/output/mx6sdl/lib/libsdk.a(startup.o) (_sys_exit)
/home/leon/git/swp-report/iMX6_Platform_SDK/output/mx6sdl/lib/libsdk.a(text_color.o)
                              /home/leon/git/swp-report/iMX6_Platform_SDK/output/mx6sdl/lib/libsdk.a(system_util.o) (g_TextAttributeBold)
/home/leon/git/swp-report/iMX6_Platform_SDK/output/mx6sdl/lib/libsdk.a(timer.o)
                              /home/leon/git/swp-report/iMX6_Platform_SDK/output/mx6sdl/usb_hid_mouse/evb_rev_a/obj/apps/usb_hid_mouse/src/mouse_button.o (hal_delay_us)
/home/leon/git/swp-report/iMX6_Platform_SDK/output/mx6sdl/lib/libsdk.a(imx_uart.o)
                              /home/leon/git/swp-report/iMX6_Platform_SDK/output/mx6sdl/usb_hid_mouse/evb_rev_a/obj/apps/common/platform_init.o (uart_getchar)
/home/leon/git/swp-report/iMX6_Platform_SDK/output/mx6sdl/lib/libsdk.a(arm_abort.o)
                              /home/leon/git/swp-report/iMX6_Platform_SDK/output/mx6sdl/lib/libsdk.a(vectors.o) (data_abort_handler)
/home/leon/git/swp-report/iMX6_Platform_SDK/output/mx6sdl/lib/libsdk.a(epit.o)
                              /home/leon/git/swp-report/iMX6_Platform_SDK/output/mx6sdl/lib/libsdk.a(timer.o) (epit_get_compare_event)
/home/leon/git/swp-report/iMX6_Platform_SDK/output/mx6sdl/lib/libsdk.a(abort_handler.o)
                              /home/leon/git/swp-report/iMX6_Platform_SDK/output/mx6sdl/lib/libsdk.a(arm_abort.o) (dump_regs)
/home/leon/git/swp-report/iMX6_Platform_SDK/output/mx6sdl/lib/libboard_evb_rev_a.a(board_io_expanders.o)
                              /home/leon/git/swp-report/iMX6_Platform_SDK/output/mx6sdl/usb_hid_mouse/evb_rev_a/obj/apps/common/platform_init.o (board_ioexpander_init)
/home/leon/git/swp-report/iMX6_Platform_SDK/output/mx6sdl/lib/libboard_evb_rev_a.a(hardware_modules.o)
                              /home/leon/git/swp-report/iMX6_Platform_SDK/output/mx6sdl/usb_hid_mouse/evb_rev_a/obj/apps/common/platform_init.o (g_debug_uart_port)
/home/leon/git/swp-report/iMX6_Platform_SDK/output/mx6sdl/lib/libboard_evb_rev_a.a(dcd.o)
[...]
Memory Configuration

Name             Origin             Length             Attributes
OCRAM            0x0000000000900000 0x0000000000020000 xrw
DDR              0x0000000010000000 0x0000000040000000 xrw
*default*        0x0000000000000000 0xffffffffffffffff

Linker script and memory map

LOAD /home/src/arm/target/bin/../lib/gcc/arm-none-eabi/4.8.2//crtbegin.o
LOAD /home/src/arm/target/bin/../lib/gcc/arm-none-eabi/4.8.2//crti.o
LOAD /home/src/arm/target/bin/../lib/gcc/arm-none-eabi/4.8.2//crtend.o
LOAD /home/src/arm/target/bin/../lib/gcc/arm-none-eabi/4.8.2//crtn.o

.l1_page_table  0x0000000000900000     0x4000
                0x0000000000900000                __l1_page_table_start = .
                0x0000000000904000                . = (. + 0x4000)
 *fill*         0x0000000000900000     0x4000 

.heap.ocram     0x0000000000904000    0x1bfb8
                0x0000000000904000                __heap_ocram_start = .
                0x000000000091ffb8                . = (. + 0x1bfb8)
 *fill*         0x0000000000904000    0x1bfb8 
                0x000000000091ffb8                __heap_ocram_end = .

.ram_vectors    0x000000000091ffb8       0x48
                0x000000000091ffb8                __ram_vectors_start = .
                0x0000000000920000                . = (. + 0x48)
 *fill*         0x000000000091ffb8       0x48 
                0x0000000000920000                __ram_vectors_end = .
                0x0000000010000000                _start_image_add = ORIGIN (DDR)

.ivt            0x0000000010000000      0x420
                0x0000000010000400                . = (. + 0x400)
 *fill*         0x0000000010000000      0x400 
 *(.ivt)
 .ivt           0x0000000010000400       0x20 /home/leon/git/swp-report/iMX6_Platform_SDK/output/mx6sdl/usb_hid_mouse/evb_rev_a/obj/apps/common/ivt.o
                0x0000000010000400                input_ivt

.boot_data      0x0000000010000420        0xc
                0x0000000010000420                __start_boot_data = .
 *(.boot_data)
 .boot_data     0x0000000010000420        0xc /home/leon/git/swp-report/iMX6_Platform_SDK/output/mx6sdl/usb_hid_mouse/evb_rev_a/obj/apps/common/ivt.o
                0x0000000010000420                bd

.dcd_hdr        0x0000000010000430        0x4
                0x0000000010000430                __start_dcd = .
 *(.dcd_hdr)
 .dcd_hdr       0x0000000010000430        0x4 /home/leon/git/swp-report/iMX6_Platform_SDK/output/mx6sdl/lib/libboard_evb_rev_a.a(dcd.o)
                0x0000000010000430                input_dcd_hdr

.dcd_wrt_cmd    0x0000000010000434        0x4
 *(.dcd_wrt_cmd)
 .dcd_wrt_cmd   0x0000000010000434        0x4 /home/leon/git/swp-report/iMX6_Platform_SDK/output/mx6sdl/lib/libboard_evb_rev_a.a(dcd.o)
                0x0000000010000434                input_dcd_wrt_cmd

.dcd_data       0x0000000010000438      0x2d8
 *(.dcd_data)
 .dcd_data      0x0000000010000438      0x2d8 /home/leon/git/swp-report/iMX6_Platform_SDK/output/mx6sdl/lib/libboard_evb_rev_a.a(dcd.o)
                0x0000000010000438                input_dcd

.text           0x0000000010000710    0x1f828
 CREATE_OBJECT_SYMBOLS
 *(.startup)
 .startup       0x0000000010000710      0x138 /home/leon/git/swp-report/iMX6_Platform_SDK/output/mx6sdl/lib/libsdk.a(startup.o)
                0x0000000010000710                _start
 *(.text .text.* .gnu.linkonce.t.*)
 .text          0x0000000010000848      0x128 /home/src/arm/target/bin/../lib/gcc/arm-none-eabi/4.8.2//crtbegin.o
 .text          0x0000000010000970        0x0 /home/src/arm/target/bin/../lib/gcc/arm-none-eabi/4.8.2//crti.o
 .text          0x0000000010000970        0x0 /home/src/arm/target/bin/../lib/gcc/arm-none-eabi/4.8.2//crtend.o
 .text          0x0000000010000970        0x0 /home/src/arm/target/bin/../lib/gcc/arm-none-eabi/4.8.2//crtn.o
 .text          0x0000000010000970        0x0 /home/leon/git/swp-report/iMX6_Platform_SDK/output/mx6sdl/usb_hid_mouse/evb_rev_a/obj/apps/common/ivt.o
 .text          0x0000000010000970       0xbc /home/leon/git/swp-report/iMX6_Platform_SDK/output/mx6sdl/usb_hid_mouse/evb_rev_a/obj/apps/common/platform_init.o
                0x0000000010000970                platform_init
 .text          0x0000000010000a2c      0x56c /home/leon/git/swp-report/iMX6_Platform_SDK/output/mx6sdl/usb_hid_mouse/evb_rev_a/obj/apps/usb_hid_mouse/src/mouse_button.o
                0x0000000010000a2c                fillBuffer
                0x0000000010000ecc                TestApp_Init
                0x0000000010000f48                TestApp_Task
                0x0000000010000f74                main
 .text          0x0000000010000f98      0x4b4 /home/leon/git/swp-report/iMX6_Platform_SDK/output/mx6sdl/usb_hid_mouse/evb_rev_a/obj/apps/usb_hid_mouse/src/usb_descriptor.o
                0x0000000010000f98                USB_Desc_Get_Descriptor
                0x0000000010001248                USB_Desc_Get_Interface
                0x00000000100012a8                USB_Desc_Set_Interface
                0x0000000010001308                USB_Desc_Valid_Configation
                0x0000000010001380                USB_Desc_Valid_Interface
                0x00000000100013f8                USB_Desc_Remote_Wakeup
                0x0000000010001420                USB_Desc_Get_Endpoints
 .text          0x000000001000144c      0xdc0 /home/leon/git/swp-report/iMX6_Platform_SDK/output/mx6sdl/lib/libsdk.a(usb_hid.o)
                0x00000000100014f4                USB_Service_Hid
                0x00000000100016dc                USB_Class_Hid_Event
                0x0000000010001c90                USB_Class_HID_Init
                0x0000000010001eb0                USB_Class_HID_DeInit
                0x0000000010001f3c                USB_Class_HID_Send_Data
 .text          0x000000001000220c      0x764 /home/leon/git/swp-report/iMX6_Platform_SDK/output/mx6sdl/lib/libsdk.a(usb_class.o)
                0x000000001000220c                USB_Suspend_Service
                0x0000000010002258                USB_Resume_Service
                0x00000000100022bc                USB_Stall_Service
                0x000000001000231c                USB_Sof_Service
                0x00000000100023dc                USB_Reset_Service
                0x0000000010002540                USB_Error_Service
                0x0000000010002588                USB_Class_Init
                0x000000001000271c                USB_Class_DeInit
                0x0000000010002854                USB_Class_Send_Data
                0x0000000010002960                USB_Class_Periodic_Task
 .text          0x0000000010002970     0x1084 /home/leon/git/swp-report/iMX6_Platform_SDK/output/mx6sdl/lib/libsdk.a(usb_framework.o)
                0x0000000010002970                USB_Framework_Init
                0x00000000100029e8                USB_Framework_DeInit
                0x0000000010002a48                USB_Framework_Reset
                0x0000000010002a70                USB_Control_Service
 .text          0x00000000100039f4     0x30d8 /home/leon/git/swp-report/iMX6_Platform_SDK/output/mx6sdl/lib/libsdk.a(usb_dci_imx6.o)
                0x00000000100039f4                USB_DCI_Init
                0x0000000010003b38                USB_DCI_DeInit
                0x0000000010003b50                USB_DCI_Init_EndPoint
                0x0000000010003c70                _usb_device_cancel_transfer
                0x0000000010003ca4                USB_DCI_Deinit_EndPoint
                0x0000000010003cdc                _usb_device_stall_endpoint
                0x0000000010003dc4                _usb_device_unstall_endpoint
                0x0000000010003eac                _usb_device_read_setup_data
                0x0000000010003ed4                _usb_device_get_transfer_status
                0x0000000010003f08                _usb_device_recv_data
                0x0000000010003fac                _usb_device_send_data
                0x0000000010004054                _usb_device_set_address
                0x00000000100040cc                _usb_device_shutdown
                0x00000000100040e8                _usb_device_assert_resume
                0x0000000010004104                Clear_Mem
 .text          0x0000000010006acc      0x6e0 /home/leon/git/swp-report/iMX6_Platform_SDK/output/mx6sdl/lib/libsdk.a(usb_driver.o)
                0x0000000010006b74                _usb_device_init
                0x0000000010006c0c                _usb_device_deinit
                0x0000000010006c38                _usb_device_init_endpoint
                0x0000000010006d30                _usb_device_deinit_endpoint
                0x0000000010006e00                _usb_device_get_status
                0x0000000010006eb4                _usb_device_set_status
                0x0000000010007010                _usb_device_register_service
                0x000000001000709c                _usb_device_unregister_service
                0x0000000010007120                USB_Device_Call_Service
                0x000000001000718c                USB_NULL_CALLBACK
 .text          0x00000000100071ac      0xc50 /home/leon/git/swp-report/iMX6_Platform_SDK/output/mx6sdl/lib/libsdk.a(ccm_pll.o)
                0x00000000100071ac                ccm_init
                0x00000000100072d0                get_main_clock
                0x000000001000755c                get_peri_clock
                0x00000000100076fc                ccm_ccgr_config
                0x0000000010007764                clock_gating_config
                0x0000000010007b9c                ccm_set_lpm_wakeup_source
                0x0000000010007c90                ccm_enter_low_power
                0x0000000010007d00                ipu_hsp_clk_config
                0x0000000010007d20                gpu_clock_config
 .text          0x0000000010007dfc      0x164 /home/leon/git/swp-report/iMX6_Platform_SDK/output/mx6sdl/lib/libsdk.a(cortexA9.o)
                0x0000000010007dfc                arm_set_interrupt_state
                0x0000000010007e20                cpu_get_current
                0x0000000010007e2c                enable_neon_fpu
                0x0000000010007e48                disable_strict_align_check
                0x0000000010007e5c                disable_L1_cache
                0x0000000010007e7c                get_arm_private_peripheral_base
                0x0000000010007e84                arm_unified_tlb_invalidate
                0x0000000010007e94                arm_unified_tlb_invalidate_is
                0x0000000010007ea4                arm_branch_prediction_enable
                0x0000000010007eb4                arm_branch_prediction_disable
                0x0000000010007ec4                arm_branch_target_cache_invalidate
                0x0000000010007ed0                arm_branch_target_cache_invalidate_is
                0x0000000010007edc                scu_enable
                0x0000000010007ef0                scu_join_smp
                0x0000000010007f00                scu_leave_smp
                0x0000000010007f10                scu_get_cpus_in_smp
                0x0000000010007f24                scu_enable_maintenance_broadcast
                0x0000000010007f34                scu_disable_maintenance_broadcast
                0x0000000010007f44                scu_secure_invalidate
 .text          0x0000000010007f60      0x5e0 /home/leon/git/swp-report/iMX6_Platform_SDK/output/mx6sdl/lib/libsdk.a(gic.o)
                0x0000000010008044                gic_enable
                0x00000000100080a4                gic_set_irq_security
                0x000000001000814c                gic_enable_irq
                0x00000000100081c8                gic_set_irq_priority
                0x0000000010008210                gic_set_cpu_target
                0x000000001000831c                gic_send_sgi
                0x0000000010008370                gic_cpu_enable
                0x00000000100083d0                gic_set_cpu_priority_mask
                0x0000000010008404                gic_read_irq_ack
                0x0000000010008430                gic_write_end_of_irq
                0x0000000010008460                gic_init
                0x0000000010008504                gic_init_cpu
 .text          0x0000000010008540      0x1b8 /home/leon/git/swp-report/iMX6_Platform_SDK/output/mx6sdl/lib/libsdk.a(interrupt.o)
                0x0000000010008540                IRQ_HDLR
                0x0000000010008604                disable_interrupt
                0x0000000010008640                enable_interrupt
                0x0000000010008698                register_interrupt_routine
                0x00000000100086cc                default_interrupt_routine
 .text          0x00000000100086f8      0x458 /home/leon/git/swp-report/iMX6_Platform_SDK/output/mx6sdl/lib/libsdk.a(mmu.o)
                0x00000000100086f8                mmu_enable
                0x0000000010008730                mmu_disable
                0x0000000010008764                mmu_init
                0x0000000010008880                mmu_map_l1_range
                0x0000000010008a94                mmu_virtual_to_physical
 .text          0x0000000010008b50        0x0 /home/leon/git/swp-report/iMX6_Platform_SDK/output/mx6sdl/lib/libsdk.a(startup.o)
 .text          0x0000000010008b50        0x4 /home/leon/git/swp-report/iMX6_Platform_SDK/output/mx6sdl/lib/libsdk.a(vectors.o)
                0x0000000010008b50                exception_handler
 .text.vectors  0x0000000010008b54       0x48 /home/leon/git/swp-report/iMX6_Platform_SDK/output/mx6sdl/lib/libsdk.a(vectors.o)
                0x0000000010008b54                vectors
 .text          0x0000000010008b9c      0x8fc /home/leon/git/swp-report/iMX6_Platform_SDK/output/mx6sdl/lib/libsdk.a(system_util.o)
                0x0000000010008b9c                _sys_exit
                0x0000000010008bb8                mybkpt
                0x0000000010008bc0                is_input_char
                0x0000000010008d40                read_input_string
                0x0000000010009020                get_input_hex
                0x0000000010009298                read_int
                0x00000000100093f4                jump_to_sdp
 .text          0x0000000010009498       0xdc /home/leon/git/swp-report/iMX6_Platform_SDK/output/mx6sdl/lib/libsdk.a(text_color.o)
                0x0000000010009498                printf_color
                0x0000000010009530                get_color_supported
 .text          0x0000000010009574      0x27c /home/leon/git/swp-report/iMX6_Platform_SDK/output/mx6sdl/lib/libsdk.a(timer.o)
                0x0000000010009574                hal_delay_us
                0x00000000100095e0                system_time_init
                0x000000001000973c                time_get_microseconds
 .text          0x00000000100097f0     0x281c /home/leon/git/swp-report/iMX6_Platform_SDK/output/mx6sdl/lib/libsdk.a(imx_uart.o)
                0x00000000100097f0                uart_get_reffreq
                0x00000000100098ec                uart_putchar
                0x0000000010009a3c                uart_getchar
                0x0000000010009b9c                uart_set_FIFO_mode
                0x000000001000a6c4                uart_set_loopback_mode
                0x000000001000a918                uart_setup_interrupt
                0x000000001000a9e4                uart_init
 .text          0x000000001000c00c       0x98 /home/leon/git/swp-report/iMX6_Platform_SDK/output/mx6sdl/lib/libsdk.a(arm_abort.o)
                0x000000001000c00c                common_abort_handler
                0x000000001000c06c                data_abort_handler
                0x000000001000c084                prefetch_abort_handler
 .text          0x000000001000c0a4      0x8dc /home/leon/git/swp-report/iMX6_Platform_SDK/output/mx6sdl/lib/libsdk.a(epit.o)
                0x000000001000c0a4                epit_reload_counter
                0x000000001000c104                epit_get_counter_value
                0x000000001000c160                epit_set_compare_event
                0x000000001000c1c0                epit_get_compare_event
                0x000000001000c2b8                epit_counter_disable
                0x000000001000c47c                epit_counter_enable
                0x000000001000c6d8                epit_setup_interrupt
                0x000000001000c768                epit_init
 .text          0x000000001000c980      0x4bc /home/leon/git/swp-report/iMX6_Platform_SDK/output/mx6sdl/lib/libsdk.a(abort_handler.o)
                0x000000001000c980                dump_regs
 .text          0x000000001000ce3c       0x80 /home/leon/git/swp-report/iMX6_Platform_SDK/output/mx6sdl/lib/libboard_evb_rev_a.a(board_io_expanders.o)
                0x000000001000ce3c                board_ioexpander_init
                0x000000001000ceac                board_ioexpander_iomux_config
 .text          0x000000001000cebc        0x0 /home/leon/git/swp-report/iMX6_Platform_SDK/output/mx6sdl/lib/libboard_evb_rev_a.a(hardware_modules.o)
 .text          0x000000001000cebc        0x0 /home/leon/git/swp-report/iMX6_Platform_SDK/output/mx6sdl/lib/libboard_evb_rev_a.a(dcd.o)
 .text          0x000000001000cebc       0x8c /home/leon/git/swp-report/iMX6_Platform_SDK/output/mx6sdl/lib/libboard_evb_rev_a.a(uart_iomux_config.o)
                0x000000001000cebc                uart_iomux_config
 .text          0x000000001000cf48      0x2c4 /home/leon/git/swp-report/iMX6_Platform_SDK/output/mx6sdl/lib/libboard_evb_rev_a.a(iomux_config.o)
                0x000000001000cf48                iomux_config
                0x000000001000cfcc                arm_iomux_config
                0x000000001000cfdc                asrc_iomux_config
                0x000000001000cfec                audmux_iomux_config
                0x000000001000cffc                dcic1_iomux_config
                0x000000001000d00c                dcic2_iomux_config
                0x000000001000d01c                ecspi2_iomux_config
                0x000000001000d02c                ecspi3_iomux_config
                0x000000001000d03c                ecspi4_iomux_config
                0x000000001000d04c                eim_iomux_config
                0x000000001000d05c                epdc_iomux_config
                0x000000001000d06c                epit1_iomux_config
                0x000000001000d07c                epit2_iomux_config
                0x000000001000d08c                gpio1_iomux_config
                0x000000001000d09c                gpio2_iomux_config
                0x000000001000d0ac                gpio7_iomux_config
                0x000000001000d0bc                gpt_iomux_config
                0x000000001000d0cc                i2c4_iomux_config
                0x000000001000d0dc                lcd_iomux_config
                0x000000001000d0ec                ldb_iomux_config
                0x000000001000d0fc                mipi_csi_iomux_config
                0x000000001000d10c                mipi_dsi_iomux_config
                0x000000001000d11c                mipi_hsi_iomux_config
                0x000000001000d12c                pcie_iomux_config
                0x000000001000d13c                pmu_iomux_config
                0x000000001000d14c                pwm2_iomux_config
                0x000000001000d15c                pwm3_iomux_config
                0x000000001000d16c                pwm4_iomux_config
                0x000000001000d17c                sdma_iomux_config
                0x000000001000d18c                snvs_iomux_config
                0x000000001000d19c                src_iomux_config
                0x000000001000d1ac                uart1_iomux_config
                0x000000001000d1bc                uart3_iomux_config
                0x000000001000d1cc                uart5_iomux_config
                0x000000001000d1dc                wdog1_iomux_config
                0x000000001000d1ec                wdog2_iomux_config
                0x000000001000d1fc                xtalosc_iomux_config
 .text          0x000000001000d20c      0x5f8 /home/leon/git/swp-report/iMX6_Platform_SDK/output/mx6sdl/lib/libboard_evb_rev_a.a(ipu1_iomux_config.o)
                0x000000001000d20c                ipu1_iomux_config
 .text          0x000000001000d804      0x148 /home/leon/git/swp-report/iMX6_Platform_SDK/output/mx6sdl/lib/libboard_evb_rev_a.a(kpp_iomux_config.o)
                0x000000001000d804                kpp_iomux_config
 .text          0x000000001000d94c       0xac /home/leon/git/swp-report/iMX6_Platform_SDK/output/mx6sdl/lib/libboard_evb_rev_a.a(mlb_iomux_config.o)
                0x000000001000d94c                mlb_iomux_config
 .text          0x000000001000d9f8     0x2484 /home/leon/git/swp-report/iMX6_Platform_SDK/output/mx6sdl/lib/libboard_evb_rev_a.a(mmdc_iomux_config.o)
                0x000000001000d9f8                mmdc_iomux_config
 .text          0x000000001000fe7c       0x34 /home/leon/git/swp-report/iMX6_Platform_SDK/output/mx6sdl/lib/libboard_evb_rev_a.a(pwm1_iomux_config.o)
                0x000000001000fe7c                pwm1_iomux_config
 .text          0x000000001000feb0       0x70 /home/leon/git/swp-report/iMX6_Platform_SDK/output/mx6sdl/lib/libboard_evb_rev_a.a(sjc_iomux_config.o)
                0x000000001000feb0                sjc_iomux_config
 .text          0x000000001000ff20       0xe0 /home/leon/git/swp-report/iMX6_Platform_SDK/output/mx6sdl/lib/libboard_evb_rev_a.a(spdif_iomux_config.o)
                0x000000001000ff20                spdif_iomux_config
 .text          0x0000000010010000       0xe0 /home/leon/git/swp-report/iMX6_Platform_SDK/output/mx6sdl/lib/libboard_evb_rev_a.a(uart2_iomux_config.o)
                0x0000000010010000                uart2_iomux_config
 .text          0x00000000100100e0       0x78 /home/leon/git/swp-report/iMX6_Platform_SDK/output/mx6sdl/lib/libboard_evb_rev_a.a(uart4_iomux_config.o)
                0x00000000100100e0                uart4_iomux_config
 .text          0x0000000010010158       0x9c /home/leon/git/swp-report/iMX6_Platform_SDK/output/mx6sdl/lib/libboard_evb_rev_a.a(usb_iomux_config.o)
                0x0000000010010158                usb_iomux_config
 .text          0x00000000100101f4      0x188 /home/leon/git/swp-report/iMX6_Platform_SDK/output/mx6sdl/lib/libboard_evb_rev_a.a(usdhc1_iomux_config.o)
                0x00000000100101f4                usdhc1_iomux_config
 .text          0x000000001001037c      0x1ac /home/leon/git/swp-report/iMX6_Platform_SDK/output/mx6sdl/lib/libboard_evb_rev_a.a(usdhc2_iomux_config.o)
                0x000000001001037c                usdhc2_iomux_config
 .text          0x0000000010010528      0x1d0 /home/leon/git/swp-report/iMX6_Platform_SDK/output/mx6sdl/lib/libboard_evb_rev_a.a(usdhc3_iomux_config.o)
                0x0000000010010528                usdhc3_iomux_config
 .text          0x00000000100106f8      0x188 /home/leon/git/swp-report/iMX6_Platform_SDK/output/mx6sdl/lib/libboard_evb_rev_a.a(usdhc4_iomux_config.o)
                0x00000000100106f8                usdhc4_iomux_config
 .text          0x0000000010010880       0x34 /home/leon/git/swp-report/iMX6_Platform_SDK/output/mx6sdl/lib/libboard_evb_rev_a.a(ccm_iomux_config.o)
                0x0000000010010880                ccm_iomux_config
 .text          0x00000000100108b4      0x114 /home/leon/git/swp-report/iMX6_Platform_SDK/output/mx6sdl/lib/libboard_evb_rev_a.a(ecspi1_iomux_config.o)
                0x00000000100108b4                ecspi1_iomux_config
 .text          0x00000000100109c8      0x3bc /home/leon/git/swp-report/iMX6_Platform_SDK/output/mx6sdl/lib/libboard_evb_rev_a.a(enet_iomux_config.o)
                0x00000000100109c8                enet_iomux_config
 .text          0x0000000010010d84      0x280 /home/leon/git/swp-report/iMX6_Platform_SDK/output/mx6sdl/lib/libboard_evb_rev_a.a(esai_iomux_config.o)
                0x0000000010010d84                esai_iomux_config
 .text          0x0000000010011004       0x68 /home/leon/git/swp-report/iMX6_Platform_SDK/output/mx6sdl/lib/libboard_evb_rev_a.a(flexcan1_iomux_config.o)
                0x0000000010011004                flexcan1_iomux_config
 .text          0x000000001001106c       0x68 /home/leon/git/swp-report/iMX6_Platform_SDK/output/mx6sdl/lib/libboard_evb_rev_a.a(flexcan2_iomux_config.o)
                0x000000001001106c                flexcan2_iomux_config
 .text          0x00000000100110d4       0x58 /home/leon/git/swp-report/iMX6_Platform_SDK/output/mx6sdl/lib/libboard_evb_rev_a.a(gpio3_iomux_config.o)
                0x00000000100110d4                gpio3_iomux_config
 .text          0x000000001001112c       0x58 /home/leon/git/swp-report/iMX6_Platform_SDK/output/mx6sdl/lib/libboard_evb_rev_a.a(gpio4_iomux_config.o)
                0x000000001001112c                gpio4_iomux_config
 .text          0x0000000010011184       0xa0 /home/leon/git/swp-report/iMX6_Platform_SDK/output/mx6sdl/lib/libboard_evb_rev_a.a(gpio5_iomux_config.o)
                0x0000000010011184                gpio5_iomux_config
 .text          0x0000000010011224       0x58 /home/leon/git/swp-report/iMX6_Platform_SDK/output/mx6sdl/lib/libboard_evb_rev_a.a(gpio6_iomux_config.o)
                0x0000000010011224                gpio6_iomux_config
 .text          0x000000001001127c      0x2bc /home/leon/git/swp-report/iMX6_Platform_SDK/output/mx6sdl/lib/libboard_evb_rev_a.a(gpmi_iomux_config.o)
                0x000000001001127c                gpmi_iomux_config
 .text          0x0000000010011538       0x40 /home/leon/git/swp-report/iMX6_Platform_SDK/output/mx6sdl/lib/libboard_evb_rev_a.a(hdmi_iomux_config.o)
                0x0000000010011538                hdmi_iomux_config
 .text          0x0000000010011578       0x78 /home/leon/git/swp-report/iMX6_Platform_SDK/output/mx6sdl/lib/libboard_evb_rev_a.a(i2c1_iomux_config.o)
                0x0000000010011578                i2c1_iomux_config
 .text          0x00000000100115f0       0x78 /home/leon/git/swp-report/iMX6_Platform_SDK/output/mx6sdl/lib/libboard_evb_rev_a.a(i2c2_iomux_config.o)
                0x00000000100115f0                i2c2_iomux_config
 .text          0x0000000010011668       0x78 /home/leon/git/swp-report/iMX6_Platform_SDK/output/mx6sdl/lib/libboard_evb_rev_a.a(i2c3_iomux_config.o)
                0x0000000010011668                i2c3_iomux_config
 .text          0x00000000100116e0       0xac /home/src/arm/target/bin/../arm-none-eabi/lib//libm.a(lib_a-sf_cos.o)
                0x00000000100116e0                cosf
 .text          0x000000001001178c       0xc4 /home/src/arm/target/bin/../arm-none-eabi/lib//libm.a(lib_a-sf_sin.o)
                0x000000001001178c                sinf
 .text          0x0000000010011850      0x464 /home/src/arm/target/bin/../arm-none-eabi/lib//libm.a(lib_a-ef_rem_pio2.o)
                0x0000000010011850                __ieee754_rem_pio2f
 .text          0x0000000010011cb4      0x21c /home/src/arm/target/bin/../arm-none-eabi/lib//libm.a(lib_a-kf_cos.o)
                0x0000000010011cb4                __kernel_cosf
 .text          0x0000000010011ed0      0x950 /home/src/arm/target/bin/../arm-none-eabi/lib//libm.a(lib_a-kf_rem_pio2.o)
                0x0000000010011ed0                __kernel_rem_pio2f
 .text          0x0000000010012820      0x144 /home/src/arm/target/bin/../arm-none-eabi/lib//libm.a(lib_a-kf_sin.o)
                0x0000000010012820                __kernel_sinf
 .text          0x0000000010012964        0x8 /home/src/arm/target/bin/../arm-none-eabi/lib//libm.a(lib_a-sf_fabs.o)
                0x0000000010012964                fabsf
 .text          0x000000001001296c       0xd4 /home/src/arm/target/bin/../arm-none-eabi/lib//libm.a(lib_a-sf_floor.o)
                0x000000001001296c                floorf
 .text          0x0000000010012a40      0x128 /home/src/arm/target/bin/../arm-none-eabi/lib//libm.a(lib_a-sf_scalbn.o)
                0x0000000010012a40                scalbnf
 .text          0x0000000010012b68       0x10 /home/src/arm/target/bin/../arm-none-eabi/lib//libm.a(lib_a-sf_copysign.o)
                0x0000000010012b68                copysignf
 .text          0x0000000010012b78       0x64 /home/src/arm/target/bin/../arm-none-eabi/lib//libc.a(lib_a-assert.o)
                0x0000000010012b78                __assert_func
                0x0000000010012bcc                __assert
 .text          0x0000000010012bdc       0x20 /home/src/arm/target/bin/../arm-none-eabi/lib//libc.a(lib_a-bzero.o)
                0x0000000010012bdc                bzero
 .text          0x0000000010012bfc       0x70 /home/src/arm/target/bin/../arm-none-eabi/lib//libc.a(lib_a-fiprintf.o)
                0x0000000010012bfc                _fiprintf_r
                0x0000000010012c2c                fiprintf
 .text          0x0000000010012c6c       0x8c /home/src/arm/target/bin/../arm-none-eabi/lib//libc.a(lib_a-fputc.o)
                0x0000000010012c6c                _fputc_r
                0x0000000010012cb0                fputc
 .text          0x0000000010012cf8        0x0 /home/src/arm/target/bin/../arm-none-eabi/lib//libc.a(lib_a-impure.o)
 .text          0x0000000010012cf8       0x88 /home/src/arm/target/bin/../arm-none-eabi/lib//libc.a(lib_a-init.o)
                0x0000000010012cf8                __libc_init_array
 .text          0x0000000010012d80       0x40 /home/src/arm/target/bin/../arm-none-eabi/lib//libc.a(lib_a-malloc.o)
                0x0000000010012d80                malloc
                0x0000000010012da0                free
 .text          0x0000000010012dc0      0x72c /home/src/arm/target/bin/../arm-none-eabi/lib//libc.a(lib_a-mallocr.o)
                0x0000000010012dc0                _malloc_r
 .text          0x00000000100134ec       0xf0 /home/src/arm/target/bin/../arm-none-eabi/lib//libc.a(lib_a-memcpy-stub.o)
                0x00000000100134ec                memcpy
 .text          0x00000000100135dc       0xf4 /home/src/arm/target/bin/../arm-none-eabi/lib//libc.a(lib_a-memset.o)
                0x00000000100135dc                memset
 .text          0x00000000100136d0        0x8 /home/src/arm/target/bin/../arm-none-eabi/lib//libc.a(lib_a-mlock.o)
                0x00000000100136d0                __malloc_lock
                0x00000000100136d4                __malloc_unlock
 .text          0x00000000100136d8       0x74 /home/src/arm/target/bin/../arm-none-eabi/lib//libc.a(lib_a-printf.o)
                0x00000000100136d8                _printf_r
                0x000000001001370c                printf
 .text          0x000000001001374c      0x158 /home/src/arm/target/bin/../arm-none-eabi/lib//libc.a(lib_a-putc.o)
                0x000000001001374c                _putc_r
                0x00000000100137f0                putc
 .text          0x00000000100138a4       0x24 /home/src/arm/target/bin/../arm-none-eabi/lib//libc.a(lib_a-realloc.o)
                0x00000000100138a4                realloc
 .text          0x00000000100138c8      0x56c /home/src/arm/target/bin/../arm-none-eabi/lib//libc.a(lib_a-reallocr.o)
                0x00000000100138c8                _realloc_r
 .text          0x0000000010013e34       0x70 /home/src/arm/target/bin/../arm-none-eabi/lib//libc.a(lib_a-rget.o)
                0x0000000010013e34                __srget_r
                0x0000000010013e90                __srget
 .text          0x0000000010013ea4       0x44 /home/src/arm/target/bin/../arm-none-eabi/lib//libc.a(lib_a-sbrkr.o)
                0x0000000010013ea4                _sbrk_r
 .text          0x0000000010013ee8      0x9f4 /home/src/arm/target/bin/../arm-none-eabi/lib//libc.a(lib_a-syscalls.o)
                0x0000000010013f9c                initialise_monitor_handles
                0x0000000010014060                _swiread
                0x00000000100140a0                _read
                0x0000000010014164                _swilseek
                0x0000000010014270                _lseek
                0x0000000010014290                _swiwrite
                0x00000000100142d0                _write
                0x0000000010014398                _swiopen
                0x0000000010014498                _open
                0x00000000100144cc                _swiclose
                0x0000000010014544                _close
                0x0000000010014564                _kill
                0x000000001001459c                _exit
                0x00000000100145c4                _getpid
                0x00000000100145cc                _sbrk
                0x0000000010014624                _fstat
                0x0000000010014658                _stat
                0x00000000100146ac                _link
                0x00000000100146b4                _unlink
                0x0000000010014708                _raise
                0x000000001001470c                _gettimeofday
                0x000000001001475c                _times
                0x00000000100147a0                _isatty
                0x00000000100147f0                _system
                0x0000000010014874                _rename
 .text          0x00000000100148dc     0x1238 /home/src/arm/target/bin/../arm-none-eabi/lib//libc.a(lib_a-vfiprintf.o)
                0x0000000010014988                __sprint_r
                0x00000000100149a0                _vfiprintf_r
                0x0000000010015a1c                vfiprintf
 .text          0x0000000010015b14     0x1e98 /home/src/arm/target/bin/../arm-none-eabi/lib//libc.a(lib_a-vfprintf.o)
                0x0000000010015b14                _vfprintf_r
                0x00000000100178b4                vfprintf
 .text          0x00000000100179ac       0x48 /home/src/arm/target/bin/../arm-none-eabi/lib//libc.a(lib_a-vprintf.o)
                0x00000000100179ac                vprintf
                0x00000000100179d8                _vprintf_r
 .text          0x00000000100179f4      0x13c /home/src/arm/target/bin/../arm-none-eabi/lib//libc.a(lib_a-wbuf.o)
                0x00000000100179f4                __swbuf_r
                0x0000000010017b18                __swbuf
 .text          0x0000000010017b30      0x15c /home/src/arm/target/bin/../arm-none-eabi/lib//libc.a(lib_a-wsetup.o)
                0x0000000010017b30                __swsetup_r
 .text          0x0000000010017c8c       0x14 /home/src/arm/target/bin/../arm-none-eabi/lib//libc.a(lib_a-abort.o)
                0x0000000010017c8c                abort
 .text          0x0000000010017ca0     0x18d8 /home/src/arm/target/bin/../arm-none-eabi/lib//libc.a(lib_a-dtoa.o)
                0x0000000010017e80                _dtoa_r
 .text          0x0000000010019578       0x10 /home/src/arm/target/bin/../arm-none-eabi/lib//libc.a(lib_a-errno.o)
                0x0000000010019578                __errno
 .text          0x0000000010019588      0x2d4 /home/src/arm/target/bin/../arm-none-eabi/lib//libc.a(lib_a-fflush.o)
                0x0000000010019588                __sflush_r
                0x00000000100197cc                _fflush_r
                0x0000000010019820                fflush
 .text          0x000000001001985c      0x354 /home/src/arm/target/bin/../arm-none-eabi/lib//libc.a(lib_a-findfp.o)
                0x000000001001986c                _cleanup_r
                0x0000000010019884                __sfmoreglue
                0x00000000100198d4                _cleanup
                0x00000000100198f8                __sinit
                0x0000000010019a60                __sfp
                0x0000000010019b58                __sfp_lock_acquire
                0x0000000010019b5c                __sfp_lock_release
                0x0000000010019b60                __sinit_lock_acquire
                0x0000000010019b64                __sinit_lock_release
                0x0000000010019b68                __fp_lock_all
                0x0000000010019b8c                __fp_unlock_all
 .text          0x0000000010019bb0      0x188 /home/src/arm/target/bin/../arm-none-eabi/lib//libc.a(lib_a-fputwc.o)
                0x0000000010019bb0                _fputwc_r
                0x0000000010019cf4                fputwc
 .text          0x0000000010019d38      0x36c /home/src/arm/target/bin/../arm-none-eabi/lib//libc.a(lib_a-freer.o)
                0x0000000010019d38                _malloc_trim_r
                0x0000000010019e38                _free_r
 .text          0x000000001001a0a4      0x4dc /home/src/arm/target/bin/../arm-none-eabi/lib//libc.a(lib_a-fvwrite.o)
                0x000000001001a0a4                __sfvwrite_r
 .text          0x000000001001a580      0x110 /home/src/arm/target/bin/../arm-none-eabi/lib//libc.a(lib_a-fwalk.o)
                0x000000001001a580                _fwalk
                0x000000001001a604                _fwalk_reent
 .text          0x000000001001a690       0xd0 /home/src/arm/target/bin/../arm-none-eabi/lib//libc.a(lib_a-locale.o)
                0x000000001001a690                _setlocale_r
                0x000000001001a700                __locale_charset
                0x000000001001a70c                __locale_mb_cur_max
                0x000000001001a71c                __locale_msgcharset
                0x000000001001a728                __locale_cjk_lang
                0x000000001001a730                _localeconv_r
                0x000000001001a73c                setlocale
                0x000000001001a754                localeconv
 .text          0x000000001001a760      0x174 /home/src/arm/target/bin/../arm-none-eabi/lib//libc.a(lib_a-makebuf.o)
                0x000000001001a760                __smakebuf_r
 .text          0x000000001001a8d4      0x114 /home/src/arm/target/bin/../arm-none-eabi/lib//libc.a(lib_a-memchr-stub.o)
                0x000000001001a8d4                memchr
 .text          0x000000001001a9e8      0x134 /home/src/arm/target/bin/../arm-none-eabi/lib//libc.a(lib_a-memmove.o)
                0x000000001001a9e8                memmove
 .text          0x000000001001ab1c      0xd30 /home/src/arm/target/bin/../arm-none-eabi/lib//libc.a(lib_a-mprec.o)
                0x000000001001ab1c                _Balloc
                0x000000001001aba8                _Bfree
                0x000000001001abc4                __multadd
                0x000000001001aca0                __s2b
                0x000000001001ad88                __hi0bits
                0x000000001001ade4                __lo0bits
                0x000000001001ae78                __i2b
                0x000000001001ae9c                __multiply
                0x000000001001b084                __pow5mult
                0x000000001001b188                __lshift
                0x000000001001b294                __mcmp
                0x000000001001b2f4                __mdiff
                0x000000001001b438                __ulp
                0x000000001001b49c                __b2d
                0x000000001001b574                __d2b
                0x000000001001b680                __ratio
                0x000000001001b708                _mprec_log10
                0x000000001001b760                __copybits
                0x000000001001b7d0                __any_on
 .text          0x000000001001b84c      0x134 /home/src/arm/target/bin/../arm-none-eabi/lib//libc.a(lib_a-reent.o)
                0x000000001001b84c                cleanup_glue
                0x000000001001b878                _reclaim_reent
 .text          0x000000001001b980      0x20c /home/src/arm/target/bin/../arm-none-eabi/lib//libc.a(lib_a-refill.o)
                0x000000001001b9ac                __srefill_r
 .text          0x000000001001bb8c       0x6c /home/src/arm/target/bin/../arm-none-eabi/lib//libc.a(lib_a-s_fpclassify.o)
                0x000000001001bb8c                __fpclassifyd
 .text          0x000000001001bbf8      0x254 /home/src/arm/target/bin/../arm-none-eabi/lib//libc.a(lib_a-signal.o)
                0x000000001001bbf8                _init_signal_r
                0x000000001001bc5c                _signal_r
                0x000000001001bcd0                _raise_r
                0x000000001001bd68                __sigtramp_r
                0x000000001001bdfc                raise
                0x000000001001be10                signal
                0x000000001001be28                _init_signal
                0x000000001001be38                __sigtramp
 .text          0x000000001001be4c       0x50 /home/src/arm/target/bin/../arm-none-eabi/lib//libc.a(lib_a-signalr.o)
                0x000000001001be4c                _kill_r
                0x000000001001be8c                _getpid_r
 .text          0x000000001001be9c       0xd8 /home/src/arm/target/bin/../arm-none-eabi/lib//libc.a(lib_a-stdio.o)
                0x000000001001be9c                __sread
                0x000000001001bed0                __seofread
                0x000000001001bed8                __swrite
                0x000000001001bf30                __sseek
                0x000000001001bf60                __sclose
 .text          0x000000001001bf74      0x230 /home/src/arm/target/bin/../arm-none-eabi/lib//libc.a(lib_a-strcmp.o)
                0x000000001001bf74                strcmp
 .text          0x000000001001c1a4       0x60 /home/src/arm/target/bin/../arm-none-eabi/lib//libc.a(lib_a-strlen.o)
                0x000000001001c1a4                strlen
 .text          0x000000001001c204      0x128 /home/src/arm/target/bin/../arm-none-eabi/lib//libc.a(lib_a-wcrtomb.o)
                0x000000001001c204                _wcrtomb_r
                0x000000001001c294                wcrtomb
 .text          0x000000001001c32c       0x7c /home/src/arm/target/bin/../arm-none-eabi/lib//libc.a(lib_a-wctomb_r.o)
                0x000000001001c32c                __ascii_wctomb
                0x000000001001c358                _wctomb_r
 .text          0x000000001001c3a8       0x44 /home/src/arm/target/bin/../arm-none-eabi/lib//libc.a(lib_a-writer.o)
                0x000000001001c3a8                _write_r
 .text          0x000000001001c3ec       0x9c /home/src/arm/target/bin/../arm-none-eabi/lib//libc.a(lib_a-callocr.o)
                0x000000001001c3ec                _calloc_r
 .text          0x000000001001c488       0x3c /home/src/arm/target/bin/../arm-none-eabi/lib//libc.a(lib_a-closer.o)
                0x000000001001c488                _close_r
 .text          0x000000001001c4c4      0x104 /home/src/arm/target/bin/../arm-none-eabi/lib//libc.a(lib_a-fclose.o)
                0x000000001001c4c4                _fclose_r
                0x000000001001c5b4                fclose
 .text          0x000000001001c5c8       0x40 /home/src/arm/target/bin/../arm-none-eabi/lib//libc.a(lib_a-fstatr.o)
                0x000000001001c5c8                _fstat_r
 .text          0x000000001001c608       0x3c /home/src/arm/target/bin/../arm-none-eabi/lib//libc.a(lib_a-isattyr.o)
                0x000000001001c608                _isatty_r
 .text          0x000000001001c644       0x44 /home/src/arm/target/bin/../arm-none-eabi/lib//libc.a(lib_a-lseekr.o)
                0x000000001001c644                _lseek_r
 .text          0x000000001001c688       0x44 /home/src/arm/target/bin/../arm-none-eabi/lib//libc.a(lib_a-readr.o)
                0x000000001001c688                _read_r
 .text          0x000000001001c6cc      0x114 /home/src/arm/target/bin/../lib/gcc/arm-none-eabi/4.8.2//libgcc.a(_udivsi3.o)
                0x000000001001c6cc                __udivsi3
                0x000000001001c6cc                __aeabi_uidiv
                0x000000001001c7c0                __aeabi_uidivmod
 .text          0x000000001001c7e0      0x148 /home/src/arm/target/bin/../lib/gcc/arm-none-eabi/4.8.2//libgcc.a(_divsi3.o)
                0x000000001001c7e0                __aeabi_idiv
                0x000000001001c7e0                __divsi3
                0x000000001001c908                __aeabi_idivmod
 .text          0x000000001001c928        0x4 /home/src/arm/target/bin/../lib/gcc/arm-none-eabi/4.8.2//libgcc.a(_dvmd_tls.o)
                0x000000001001c928                __aeabi_ldiv0
                0x000000001001c928                __aeabi_idiv0
 .text          0x000000001001c92c      0x41c /home/src/arm/target/bin/../lib/gcc/arm-none-eabi/4.8.2//libgcc.a(_arm_addsubdf3.o)
                0x000000001001c92c                __aeabi_drsub
                0x000000001001c934                __aeabi_dsub
                0x000000001001c934                __subdf3
                0x000000001001c938                __adddf3
                0x000000001001c938                __aeabi_dadd
                0x000000001001cc48                __aeabi_ui2d
                0x000000001001cc48                __floatunsidf
                0x000000001001cc6c                __floatsidf
                0x000000001001cc6c                __aeabi_i2d
                0x000000001001cc94                __extendsfdf2
                0x000000001001cc94                __aeabi_f2d
                0x000000001001ccd4                __aeabi_ul2d
                0x000000001001ccd4                __floatundidf
                0x000000001001cce8                __floatdidf
                0x000000001001cce8                __aeabi_l2d
 .text          0x000000001001cd48      0x49c /home/src/arm/target/bin/../lib/gcc/arm-none-eabi/4.8.2//libgcc.a(_arm_muldivdf3.o)
                0x000000001001cd48                __aeabi_dmul
                0x000000001001cd48                __muldf3
                0x000000001001cfd8                __aeabi_ddiv
                0x000000001001cfd8                __divdf3
 .text          0x000000001001d1e4      0x144 /home/src/arm/target/bin/../lib/gcc/arm-none-eabi/4.8.2//libgcc.a(_arm_cmpdf2.o)
                0x000000001001d1e4                __gtdf2
                0x000000001001d1e4                __gedf2
                0x000000001001d1ec                __ltdf2
                0x000000001001d1ec                __ledf2
                0x000000001001d1f4                __cmpdf2
                0x000000001001d1f4                __eqdf2
                0x000000001001d1f4                __nedf2
                0x000000001001d27c                __aeabi_cdrcmple
                0x000000001001d298                __aeabi_cdcmple
                0x000000001001d298                __aeabi_cdcmpeq
                0x000000001001d2b0                __aeabi_dcmpeq
                0x000000001001d2c8                __aeabi_dcmplt
                0x000000001001d2e0                __aeabi_dcmple
                0x000000001001d2f8                __aeabi_dcmpge
                0x000000001001d310                __aeabi_dcmpgt
 .text          0x000000001001d328       0x5c /home/src/arm/target/bin/../lib/gcc/arm-none-eabi/4.8.2//libgcc.a(_arm_fixdfsi.o)
                0x000000001001d328                __fixdfsi
                0x000000001001d328                __aeabi_d2iz
 .text          0x000000001001d384      0x2ac /home/src/arm/target/bin/../lib/gcc/arm-none-eabi/4.8.2//libgcc.a(_arm_addsubsf3.o)
                0x000000001001d384                __aeabi_frsub
                0x000000001001d38c                __subsf3
                0x000000001001d38c                __aeabi_fsub
                0x000000001001d390                __aeabi_fadd
                0x000000001001d390                __addsf3
                0x000000001001d54c                __aeabi_ui2f
                0x000000001001d54c                __floatunsisf
                0x000000001001d554                __aeabi_i2f
                0x000000001001d554                __floatsisf
                0x000000001001d574                __floatundisf
                0x000000001001d574                __aeabi_ul2f
                0x000000001001d584                __floatdisf
                0x000000001001d584                __aeabi_l2f
 .text          0x000000001001d630      0x2f8 /home/src/arm/target/bin/../lib/gcc/arm-none-eabi/4.8.2//libgcc.a(_arm_muldivsf3.o)
                0x000000001001d630                __mulsf3
                0x000000001001d630                __aeabi_fmul
                0x000000001001d7c8                __divsf3
                0x000000001001d7c8                __aeabi_fdiv
 .text          0x000000001001d928      0x114 /home/src/arm/target/bin/../lib/gcc/arm-none-eabi/4.8.2//libgcc.a(_arm_cmpsf2.o)
                0x000000001001d928                __gtsf2
                0x000000001001d928                __gesf2
                0x000000001001d930                __lesf2
                0x000000001001d930                __ltsf2
                0x000000001001d938                __nesf2
                0x000000001001d938                __eqsf2
                0x000000001001d938                __cmpsf2
                0x000000001001d99c                __aeabi_cfrcmple
                0x000000001001d9ac                __aeabi_cfcmple
                0x000000001001d9ac                __aeabi_cfcmpeq
                0x000000001001d9c4                __aeabi_fcmpeq
                0x000000001001d9dc                __aeabi_fcmplt
                0x000000001001d9f4                __aeabi_fcmple
                0x000000001001da0c                __aeabi_fcmpge
                0x000000001001da24                __aeabi_fcmpgt
 .text          0x000000001001da3c       0x5c /home/src/arm/target/bin/../lib/gcc/arm-none-eabi/4.8.2//libgcc.a(_arm_fixsfsi.o)
                0x000000001001da3c                __fixsfsi
                0x000000001001da3c                __aeabi_f2iz
 .text          0x000000001001da98       0x3c /home/src/arm/target/bin/../lib/gcc/arm-none-eabi/4.8.2//libgcc.a(_aeabi_uldivmod.o)
                0x000000001001da98                __aeabi_uldivmod
 .text          0x000000001001dad4       0x84 /home/src/arm/target/bin/../lib/gcc/arm-none-eabi/4.8.2//libgcc.a(bpabi.o)
                0x000000001001dad4                __gnu_ldivmod_helper
                0x000000001001db18                __gnu_uldivmod_helper
 .text          0x000000001001db58      0x4d0 /home/src/arm/target/bin/../lib/gcc/arm-none-eabi/4.8.2//libgcc.a(_divdi3.o)
                0x000000001001db58                __divdi3
 .text          0x000000001001e028      0x470 /home/src/arm/target/bin/../lib/gcc/arm-none-eabi/4.8.2//libgcc.a(_udivdi3.o)
                0x000000001001e028                __udivdi3
 .text          0x000000001001e498       0x48 /home/src/arm/target/bin/../lib/gcc/arm-none-eabi/4.8.2//libgcc.a(_clzsi2.o)
                0x000000001001e498                __clzsi2
 .text          0x000000001001e4e0      0x264 /home/leon/git/swp-report/iMX6_Platform_SDK/output/mx6sdl/lib/libsdk.a(max7310.o)
                0x000000001001e4e0                max7310_reg_read
                0x000000001001e544                max7310_reg_write
                0x000000001001e5b0                max7310_init
                0x000000001001e690                max7310_set_gpio_output
 .text          0x000000001001e744     0x1774 /home/leon/git/swp-report/iMX6_Platform_SDK/output/mx6sdl/lib/libsdk.a(imx_i2c.o)
                0x000000001001e774                i2c_get_request_instance
                0x000000001001f1cc                i2c_xfer
                0x000000001001f8e4                i2c_read
                0x000000001001f914                i2c_write
                0x000000001001f944                i2c_setup_interrupt
                0x000000001001fbb0                i2c_init
 .text          0x000000001001feb8       0x80 /home/leon/git/swp-report/iMX6_Platform_SDK/output/mx6sdl/lib/libboard_evb_rev_a.a(i2c_iomux_config.o)
                0x000000001001feb8                i2c_iomux_config
 *(.glue_7t)
 .glue_7t       0x0000000000000000        0x0 linker stubs
 *(.glue_7)
 .glue_7        0x0000000000000000        0x0 linker stubs
 *(.vfp11_veneer)
 .vfp11_veneer  0x0000000000000000        0x0 linker stubs
 *(.ARM.extab* .gnu.linkonce.armextab.*)
 .ARM.extab.startup
                0x000000001001ff38        0x0 /home/leon/git/swp-report/iMX6_Platform_SDK/output/mx6sdl/lib/libsdk.a(startup.o)
 .ARM.extab     0x000000001001ff38        0x0 /home/src/arm/target/bin/../lib/gcc/arm-none-eabi/4.8.2//libgcc.a(_divdi3.o)
 .ARM.extab     0x000000001001ff38        0x0 /home/src/arm/target/bin/../lib/gcc/arm-none-eabi/4.8.2//libgcc.a(_udivdi3.o)
 *(.gcc_except_table)

.v4_bx          0x000000001001ff38        0x0
 .v4_bx         0x0000000000000000        0x0 linker stubs

.iplt           0x000000001001ff38        0x0
 .iplt          0x0000000000000000        0x0 /home/src/arm/target/bin/../lib/gcc/arm-none-eabi/4.8.2//crtbegin.o

.ctors
 *crtbegin.o(.ctors)
 *crtbegin?.o(.ctors)
 *(EXCLUDE_FILE(*crtend?.o *crtend.o) .ctors)
 *(SORT(.ctors.*))
 *(.ctors)

.dtors
 *crtbegin.o(.dtors)
 *crtbegin?.o(.dtors)
 *(EXCLUDE_FILE(*crtend?.o *crtend.o) .dtors)
 *(SORT(.dtors.*))
 *(.dtors)

.rodata         0x000000001001ff38     0x1100
 *(.rodata .rodata.* .gnu.linkonce.r.*)
 .rodata        0x000000001001ff38      0x180 /home/leon/git/swp-report/iMX6_Platform_SDK/output/mx6sdl/usb_hid_mouse/evb_rev_a/obj/apps/usb_hid_mouse/src/usb_descriptor.o
                0x000000001001ff38                usb_desc_ep
                0x000000001001ff64                g_device_descriptor
                0x000000001001ff78                g_config_descriptor
                0x000000001001ff9c                g_report_descriptor
                0x000000001001ffd0                USB_STR_0
                0x000000001001ffd4                USB_STR_1
                0x0000000010020010                USB_STR_2
                0x0000000010020034                USB_STR_n
                0x0000000010020058                g_std_desc_size
                0x000000001002006c                g_std_descriptors
                0x0000000010020090                g_string_desc_size
                0x0000000010020094                g_string_descriptors
                0x00000000100200a4                g_languages
                0x00000000100200b4                g_valid_config_values
 .rodata        0x00000000100200b8       0x5c /home/leon/git/swp-report/iMX6_Platform_SDK/output/mx6sdl/lib/libsdk.a(usb_framework.o)
                0x00000000100200b8                g_validate_request
                0x00000000100200e0                g_standard_request
 .rodata        0x0000000010020114       0xb0 /home/leon/git/swp-report/iMX6_Platform_SDK/output/mx6sdl/lib/libsdk.a(usb_dci_imx6.o)
 .rodata        0x00000000100201c4       0x34 /home/leon/git/swp-report/iMX6_Platform_SDK/output/mx6sdl/lib/libsdk.a(ccm_pll.o)
                0x00000000100201c4                PLL1_OUTPUT
                0x00000000100201c8                PLL2_OUTPUT
                0x00000000100201dc                PLL3_OUTPUT
                0x00000000100201f0                PLL4_OUTPUT
                0x00000000100201f4                PLL5_OUTPUT
 .rodata        0x00000000100201f8       0x64 /home/leon/git/swp-report/iMX6_Platform_SDK/output/mx6sdl/lib/libsdk.a(gic.o)
 .rodata        0x000000001002025c       0x20 /home/leon/git/swp-report/iMX6_Platform_SDK/output/mx6sdl/lib/libsdk.a(interrupt.o)
 .rodata        0x000000001002027c       0xcc /home/leon/git/swp-report/iMX6_Platform_SDK/output/mx6sdl/lib/libsdk.a(system_util.o)
 .rodata        0x0000000010020348       0xf4 /home/leon/git/swp-report/iMX6_Platform_SDK/output/mx6sdl/lib/libsdk.a(text_color.o)
                0x0000000010020350                g_TextAttributeDefault
                0x000000001002035c                g_TextAttributeBold
                0x0000000010020368                g_TextAttributeDim
                0x0000000010020374                g_TextAttributeUnderline
                0x0000000010020380                g_TextAttributeBlink
                0x000000001002038c                g_TextAttributeReverse
                0x0000000010020398                g_TextAttributeHidden
                0x00000000100203a4                g_TextColorBlack
                0x00000000100203b0                g_TextColorRed
                0x00000000100203bc                g_TextColorGreen
                0x00000000100203c8                g_TextColorYellow
                0x00000000100203d4                g_TextColorBlue
                0x00000000100203e0                g_TextColorMagenta
                0x00000000100203ec                g_TextColorCyan
                0x00000000100203f8                g_TextColorWhite
                0x0000000010020408                g_TextColorOrange
                0x0000000010020418                g_TextColorLightBlue
                0x0000000010020428                g_TextColorGray
                0x0000000010020438                g_TextColorPurple
 .rodata        0x000000001002043c      0x230 /home/leon/git/swp-report/iMX6_Platform_SDK/output/mx6sdl/lib/libsdk.a(abort_handler.o)
 .rodata        0x000000001002066c       0x74 /home/leon/git/swp-report/iMX6_Platform_SDK/output/mx6sdl/lib/libboard_evb_rev_a.a(uart_iomux_config.o)
 .rodata        0x00000000100206e0      0x398 /home/src/arm/target/bin/../arm-none-eabi/lib//libm.a(lib_a-ef_rem_pio2.o)
 .rodata        0x0000000010020a78       0x38 /home/src/arm/target/bin/../arm-none-eabi/lib//libm.a(lib_a-kf_rem_pio2.o)
 .rodata.str1.4
                0x0000000010020ab0       0x3f /home/src/arm/target/bin/../arm-none-eabi/lib//libc.a(lib_a-assert.o)
                                         0x44 (size before relaxing)
 *fill*         0x0000000010020aef        0x1 
 .rodata        0x0000000010020af0        0x4 /home/src/arm/target/bin/../arm-none-eabi/lib//libc.a(lib_a-impure.o)
                0x0000000010020af0                _global_impure_ptr
 .rodata.str1.4
                0x0000000010020af4        0x2 /home/src/arm/target/bin/../arm-none-eabi/lib//libc.a(lib_a-impure.o)
                                          0x4 (size before relaxing)
 *fill*         0x0000000010020af6        0x2 
 .rodata.str1.4
                0x0000000010020af8        0x4 /home/src/arm/target/bin/../arm-none-eabi/lib//libc.a(lib_a-syscalls.o)
 .rodata        0x0000000010020afc       0x20 /home/src/arm/target/bin/../arm-none-eabi/lib//libc.a(lib_a-vfiprintf.o)
 .rodata.str1.4
                0x0000000010020b1c       0x2f /home/src/arm/target/bin/../arm-none-eabi/lib//libc.a(lib_a-vfiprintf.o)
                                         0x30 (size before relaxing)
 *fill*         0x0000000010020b4b        0x1 
 .rodata        0x0000000010020b4c       0x20 /home/src/arm/target/bin/../arm-none-eabi/lib//libc.a(lib_a-vfprintf.o)
 .rodata.str1.4
                0x0000000010020b6c       0x12 /home/src/arm/target/bin/../arm-none-eabi/lib//libc.a(lib_a-vfprintf.o)
                                         0x44 (size before relaxing)
 *fill*         0x0000000010020b7e        0x2 
 .rodata.str1.4
                0x0000000010020b80       0x10 /home/src/arm/target/bin/../arm-none-eabi/lib//libc.a(lib_a-dtoa.o)
                                         0x14 (size before relaxing)
 .rodata.str1.4
                0x0000000010020b90        0xc /home/src/arm/target/bin/../arm-none-eabi/lib//libc.a(lib_a-locale.o)
                                         0x14 (size before relaxing)
 *fill*         0x0000000010020b9c        0x4 
 .rodata        0x0000000010020ba0      0x128 /home/src/arm/target/bin/../arm-none-eabi/lib//libc.a(lib_a-mprec.o)
                0x0000000010020bb0                __mprec_tens
                0x0000000010020c78                __mprec_tinytens
                0x0000000010020ca0                __mprec_bigtens
 .rodata        0x0000000010020cc8      0x2c4 /home/leon/git/swp-report/iMX6_Platform_SDK/output/mx6sdl/lib/libsdk.a(imx_i2c.o)
 .rodata        0x0000000010020f8c       0x74 /home/leon/git/swp-report/iMX6_Platform_SDK/output/mx6sdl/lib/libboard_evb_rev_a.a(i2c_iomux_config.o)
                0x0000000010021000                . = ALIGN (0x4)
 *(.init)
 .init          0x0000000010021000        0xc /home/src/arm/target/bin/../lib/gcc/arm-none-eabi/4.8.2//crti.o
                0x0000000010021000                _init
 .init          0x000000001002100c        0xc /home/src/arm/target/bin/../lib/gcc/arm-none-eabi/4.8.2//crtn.o
                0x0000000010021018                . = ALIGN (0x4)
                0x0000000010021018                __init_array_start = .
 *(SORT(.init_array.*))
 *(.init_array)
 .init_array    0x0000000010021018        0x4 /home/src/arm/target/bin/../lib/gcc/arm-none-eabi/4.8.2//crtbegin.o
                0x000000001002101c                __init_array_end = .
                0x000000001002101c                . = ALIGN (0x4)
 *(.fini)
 .fini          0x000000001002101c        0xc /home/src/arm/target/bin/../lib/gcc/arm-none-eabi/4.8.2//crti.o
                0x000000001002101c                _fini
 .fini          0x0000000010021028        0xc /home/src/arm/target/bin/../lib/gcc/arm-none-eabi/4.8.2//crtn.o
                0x0000000010021034                . = ALIGN (0x4)
                0x0000000010021034                __fini_array_start = .
 *(.fini_array)
 .fini_array    0x0000000010021034        0x4 /home/src/arm/target/bin/../lib/gcc/arm-none-eabi/4.8.2//crtbegin.o
 *(SORT(.fini_array.*))
                0x0000000010021038                __fini_array_end = .
                0x0000000010021038                PROVIDE (__exidx_start, .)

.eh_frame       0x0000000010021038        0x4
 .eh_frame      0x0000000010021038        0x0 /home/src/arm/target/bin/../lib/gcc/arm-none-eabi/4.8.2//crtbegin.o
 .eh_frame      0x0000000010021038        0x4 /home/src/arm/target/bin/../lib/gcc/arm-none-eabi/4.8.2//crtend.o

.ARM.exidx      0x000000001002103c        0x8
 *(.ARM.exidx* .gnu.linkonce.armexidx.*)
 .ARM.exidx.startup
                0x000000001002103c        0x8 /home/leon/git/swp-report/iMX6_Platform_SDK/output/mx6sdl/lib/libsdk.a(startup.o)
 .ARM.exidx     0x0000000010021044        0x0 /home/src/arm/target/bin/../lib/gcc/arm-none-eabi/4.8.2//libgcc.a(_divdi3.o)
                                          0x8 (size before relaxing)
 .ARM.exidx     0x0000000010021044        0x0 /home/src/arm/target/bin/../lib/gcc/arm-none-eabi/4.8.2//libgcc.a(_udivdi3.o)
                                          0x8 (size before relaxing)
                0x0000000010021044                PROVIDE (__exidx_end, .)

.rel.dyn        0x0000000010021044        0x0
 .rel.iplt      0x0000000000000000        0x0 /home/src/arm/target/bin/../lib/gcc/arm-none-eabi/4.8.2//crtbegin.o

.data           0x0000000010021048      0x8e0
 *(.data .data.* .gnu.linkonce.d.*)
 .data          0x0000000010021048        0x4 /home/src/arm/target/bin/../lib/gcc/arm-none-eabi/4.8.2//crtbegin.o
                0x0000000010021048                __dso_handle
 .data          0x000000001002104c        0x0 /home/src/arm/target/bin/../lib/gcc/arm-none-eabi/4.8.2//crti.o
 .data          0x000000001002104c        0x0 /home/src/arm/target/bin/../lib/gcc/arm-none-eabi/4.8.2//crtend.o
 .data          0x000000001002104c        0x0 /home/src/arm/target/bin/../lib/gcc/arm-none-eabi/4.8.2//crtn.o
 .data          0x000000001002104c        0x0 /home/leon/git/swp-report/iMX6_Platform_SDK/output/mx6sdl/usb_hid_mouse/evb_rev_a/obj/apps/common/ivt.o
 .data          0x000000001002104c        0x0 /home/leon/git/swp-report/iMX6_Platform_SDK/output/mx6sdl/usb_hid_mouse/evb_rev_a/obj/apps/common/platform_init.o
 .data          0x000000001002104c        0x4 /home/leon/git/swp-report/iMX6_Platform_SDK/output/mx6sdl/usb_hid_mouse/evb_rev_a/obj/apps/usb_hid_mouse/src/mouse_button.o
 .data          0x0000000010021050        0x0 /home/leon/git/swp-report/iMX6_Platform_SDK/output/mx6sdl/usb_hid_mouse/evb_rev_a/obj/apps/usb_hid_mouse/src/usb_descriptor.o
 .data          0x0000000010021050        0x0 /home/leon/git/swp-report/iMX6_Platform_SDK/output/mx6sdl/lib/libsdk.a(usb_hid.o)
 .data          0x0000000010021050        0x0 /home/leon/git/swp-report/iMX6_Platform_SDK/output/mx6sdl/lib/libsdk.a(usb_class.o)
 .data          0x0000000010021050        0x0 /home/leon/git/swp-report/iMX6_Platform_SDK/output/mx6sdl/lib/libsdk.a(usb_framework.o)
 .data          0x0000000010021050        0x8 /home/leon/git/swp-report/iMX6_Platform_SDK/output/mx6sdl/lib/libsdk.a(usb_dci_imx6.o)
                0x0000000010021050                usbotg
 .data          0x0000000010021058        0x0 /home/leon/git/swp-report/iMX6_Platform_SDK/output/mx6sdl/lib/libsdk.a(usb_driver.o)
 .data          0x0000000010021058        0x0 /home/leon/git/swp-report/iMX6_Platform_SDK/output/mx6sdl/lib/libsdk.a(ccm_pll.o)
 .data          0x0000000010021058        0x0 /home/leon/git/swp-report/iMX6_Platform_SDK/output/mx6sdl/lib/libsdk.a(cortexA9.o)
 .data          0x0000000010021058        0x0 /home/leon/git/swp-report/iMX6_Platform_SDK/output/mx6sdl/lib/libsdk.a(gic.o)
 .data          0x0000000010021058        0x0 /home/leon/git/swp-report/iMX6_Platform_SDK/output/mx6sdl/lib/libsdk.a(interrupt.o)
 .data          0x0000000010021058        0x0 /home/leon/git/swp-report/iMX6_Platform_SDK/output/mx6sdl/lib/libsdk.a(mmu.o)
 .data          0x0000000010021058        0x0 /home/leon/git/swp-report/iMX6_Platform_SDK/output/mx6sdl/lib/libsdk.a(startup.o)
 .data          0x0000000010021058        0x0 /home/leon/git/swp-report/iMX6_Platform_SDK/output/mx6sdl/lib/libsdk.a(vectors.o)
 .data          0x0000000010021058        0x0 /home/leon/git/swp-report/iMX6_Platform_SDK/output/mx6sdl/lib/libsdk.a(system_util.o)
 .data          0x0000000010021058        0x4 /home/leon/git/swp-report/iMX6_Platform_SDK/output/mx6sdl/lib/libsdk.a(text_color.o)
                0x0000000010021058                is_color_supported
 .data          0x000000001002105c        0x0 /home/leon/git/swp-report/iMX6_Platform_SDK/output/mx6sdl/lib/libsdk.a(timer.o)
 .data          0x000000001002105c        0x0 /home/leon/git/swp-report/iMX6_Platform_SDK/output/mx6sdl/lib/libsdk.a(imx_uart.o)
 .data          0x000000001002105c        0x4 /home/leon/git/swp-report/iMX6_Platform_SDK/output/mx6sdl/lib/libsdk.a(arm_abort.o)
 .data          0x0000000010021060        0x0 /home/leon/git/swp-report/iMX6_Platform_SDK/output/mx6sdl/lib/libsdk.a(epit.o)
 .data          0x0000000010021060        0x0 /home/leon/git/swp-report/iMX6_Platform_SDK/output/mx6sdl/lib/libsdk.a(abort_handler.o)
 .data          0x0000000010021060        0x0 /home/leon/git/swp-report/iMX6_Platform_SDK/output/mx6sdl/lib/libboard_evb_rev_a.a(board_io_expanders.o)
 .data          0x0000000010021060        0x8 /home/leon/git/swp-report/iMX6_Platform_SDK/output/mx6sdl/lib/libboard_evb_rev_a.a(hardware_modules.o)
                0x0000000010021060                g_debug_uart_port
                0x0000000010021064                g_system_timer_port
 .data          0x0000000010021068        0x0 /home/leon/git/swp-report/iMX6_Platform_SDK/output/mx6sdl/lib/libboard_evb_rev_a.a(dcd.o)
 .data          0x0000000010021068        0x0 /home/leon/git/swp-report/iMX6_Platform_SDK/output/mx6sdl/lib/libboard_evb_rev_a.a(uart_iomux_config.o)
 .data          0x0000000010021068        0x0 /home/leon/git/swp-report/iMX6_Platform_SDK/output/mx6sdl/lib/libboard_evb_rev_a.a(iomux_config.o)
 .data          0x0000000010021068        0x0 /home/leon/git/swp-report/iMX6_Platform_SDK/output/mx6sdl/lib/libboard_evb_rev_a.a(ipu1_iomux_config.o)
 .data          0x0000000010021068        0x0 /home/leon/git/swp-report/iMX6_Platform_SDK/output/mx6sdl/lib/libboard_evb_rev_a.a(kpp_iomux_config.o)
 .data          0x0000000010021068        0x0 /home/leon/git/swp-report/iMX6_Platform_SDK/output/mx6sdl/lib/libboard_evb_rev_a.a(mlb_iomux_config.o)
 .data          0x0000000010021068        0x0 /home/leon/git/swp-report/iMX6_Platform_SDK/output/mx6sdl/lib/libboard_evb_rev_a.a(mmdc_iomux_config.o)
 .data          0x0000000010021068        0x0 /home/leon/git/swp-report/iMX6_Platform_SDK/output/mx6sdl/lib/libboard_evb_rev_a.a(pwm1_iomux_config.o)
 .data          0x0000000010021068        0x0 /home/leon/git/swp-report/iMX6_Platform_SDK/output/mx6sdl/lib/libboard_evb_rev_a.a(sjc_iomux_config.o)
 .data          0x0000000010021068        0x0 /home/leon/git/swp-report/iMX6_Platform_SDK/output/mx6sdl/lib/libboard_evb_rev_a.a(spdif_iomux_config.o)
 .data          0x0000000010021068        0x0 /home/leon/git/swp-report/iMX6_Platform_SDK/output/mx6sdl/lib/libboard_evb_rev_a.a(uart2_iomux_config.o)
 .data          0x0000000010021068        0x0 /home/leon/git/swp-report/iMX6_Platform_SDK/output/mx6sdl/lib/libboard_evb_rev_a.a(uart4_iomux_config.o)
 .data          0x0000000010021068        0x0 /home/leon/git/swp-report/iMX6_Platform_SDK/output/mx6sdl/lib/libboard_evb_rev_a.a(usb_iomux_config.o)
 .data          0x0000000010021068        0x0 /home/leon/git/swp-report/iMX6_Platform_SDK/output/mx6sdl/lib/libboard_evb_rev_a.a(usdhc1_iomux_config.o)
 .data          0x0000000010021068        0x0 /home/leon/git/swp-report/iMX6_Platform_SDK/output/mx6sdl/lib/libboard_evb_rev_a.a(usdhc2_iomux_config.o)
 .data          0x0000000010021068        0x0 /home/leon/git/swp-report/iMX6_Platform_SDK/output/mx6sdl/lib/libboard_evb_rev_a.a(usdhc3_iomux_config.o)
 .data          0x0000000010021068        0x0 /home/leon/git/swp-report/iMX6_Platform_SDK/output/mx6sdl/lib/libboard_evb_rev_a.a(usdhc4_iomux_config.o)
 .data          0x0000000010021068        0x0 /home/leon/git/swp-report/iMX6_Platform_SDK/output/mx6sdl/lib/libboard_evb_rev_a.a(ccm_iomux_config.o)
 .data          0x0000000010021068        0x0 /home/leon/git/swp-report/iMX6_Platform_SDK/output/mx6sdl/lib/libboard_evb_rev_a.a(ecspi1_iomux_config.o)
 .data          0x0000000010021068        0x0 /home/leon/git/swp-report/iMX6_Platform_SDK/output/mx6sdl/lib/libboard_evb_rev_a.a(enet_iomux_config.o)
 .data          0x0000000010021068        0x0 /home/leon/git/swp-report/iMX6_Platform_SDK/output/mx6sdl/lib/libboard_evb_rev_a.a(esai_iomux_config.o)
 .data          0x0000000010021068        0x0 /home/leon/git/swp-report/iMX6_Platform_SDK/output/mx6sdl/lib/libboard_evb_rev_a.a(flexcan1_iomux_config.o)
 .data          0x0000000010021068        0x0 /home/leon/git/swp-report/iMX6_Platform_SDK/output/mx6sdl/lib/libboard_evb_rev_a.a(flexcan2_iomux_config.o)
 .data          0x0000000010021068        0x0 /home/leon/git/swp-report/iMX6_Platform_SDK/output/mx6sdl/lib/libboard_evb_rev_a.a(gpio3_iomux_config.o)
 .data          0x0000000010021068        0x0 /home/leon/git/swp-report/iMX6_Platform_SDK/output/mx6sdl/lib/libboard_evb_rev_a.a(gpio4_iomux_config.o)
 .data          0x0000000010021068        0x0 /home/leon/git/swp-report/iMX6_Platform_SDK/output/mx6sdl/lib/libboard_evb_rev_a.a(gpio5_iomux_config.o)
 .data          0x0000000010021068        0x0 /home/leon/git/swp-report/iMX6_Platform_SDK/output/mx6sdl/lib/libboard_evb_rev_a.a(gpio6_iomux_config.o)
 .data          0x0000000010021068        0x0 /home/leon/git/swp-report/iMX6_Platform_SDK/output/mx6sdl/lib/libboard_evb_rev_a.a(gpmi_iomux_config.o)
 .data          0x0000000010021068        0x0 /home/leon/git/swp-report/iMX6_Platform_SDK/output/mx6sdl/lib/libboard_evb_rev_a.a(hdmi_iomux_config.o)
 .data          0x0000000010021068        0x0 /home/leon/git/swp-report/iMX6_Platform_SDK/output/mx6sdl/lib/libboard_evb_rev_a.a(i2c1_iomux_config.o)
 .data          0x0000000010021068        0x0 /home/leon/git/swp-report/iMX6_Platform_SDK/output/mx6sdl/lib/libboard_evb_rev_a.a(i2c2_iomux_config.o)
 .data          0x0000000010021068        0x0 /home/leon/git/swp-report/iMX6_Platform_SDK/output/mx6sdl/lib/libboard_evb_rev_a.a(i2c3_iomux_config.o)
 .data          0x0000000010021068        0x0 /home/src/arm/target/bin/../arm-none-eabi/lib//libm.a(lib_a-sf_cos.o)
 .data          0x0000000010021068        0x0 /home/src/arm/target/bin/../arm-none-eabi/lib//libm.a(lib_a-sf_sin.o)
 .data          0x0000000010021068        0x0 /home/src/arm/target/bin/../arm-none-eabi/lib//libm.a(lib_a-ef_rem_pio2.o)
 .data          0x0000000010021068        0x0 /home/src/arm/target/bin/../arm-none-eabi/lib//libm.a(lib_a-kf_cos.o)
 .data          0x0000000010021068        0x0 /home/src/arm/target/bin/../arm-none-eabi/lib//libm.a(lib_a-kf_rem_pio2.o)
 .data          0x0000000010021068        0x0 /home/src/arm/target/bin/../arm-none-eabi/lib//libm.a(lib_a-kf_sin.o)
 .data          0x0000000010021068        0x0 /home/src/arm/target/bin/../arm-none-eabi/lib//libm.a(lib_a-sf_fabs.o)
 .data          0x0000000010021068        0x0 /home/src/arm/target/bin/../arm-none-eabi/lib//libm.a(lib_a-sf_floor.o)
 .data          0x0000000010021068        0x0 /home/src/arm/target/bin/../arm-none-eabi/lib//libm.a(lib_a-sf_scalbn.o)
 .data          0x0000000010021068        0x0 /home/src/arm/target/bin/../arm-none-eabi/lib//libm.a(lib_a-sf_copysign.o)
 .data          0x0000000010021068        0x0 /home/src/arm/target/bin/../arm-none-eabi/lib//libc.a(lib_a-assert.o)
 .data          0x0000000010021068        0x0 /home/src/arm/target/bin/../arm-none-eabi/lib//libc.a(lib_a-bzero.o)
 .data          0x0000000010021068        0x0 /home/src/arm/target/bin/../arm-none-eabi/lib//libc.a(lib_a-fiprintf.o)
 .data          0x0000000010021068        0x0 /home/src/arm/target/bin/../arm-none-eabi/lib//libc.a(lib_a-fputc.o)
 .data          0x0000000010021068      0x430 /home/src/arm/target/bin/../arm-none-eabi/lib//libc.a(lib_a-impure.o)
                0x0000000010021068                _impure_ptr
 .data          0x0000000010021498        0x0 /home/src/arm/target/bin/../arm-none-eabi/lib//libc.a(lib_a-init.o)
 .data          0x0000000010021498        0x0 /home/src/arm/target/bin/../arm-none-eabi/lib//libc.a(lib_a-malloc.o)
 .data          0x0000000010021498      0x410 /home/src/arm/target/bin/../arm-none-eabi/lib//libc.a(lib_a-mallocr.o)
                0x0000000010021498                __malloc_av_
                0x00000000100218a0                __malloc_sbrk_base
                0x00000000100218a4                __malloc_trim_threshold
 .data          0x00000000100218a8        0x0 /home/src/arm/target/bin/../arm-none-eabi/lib//libc.a(lib_a-memcpy-stub.o)
 .data          0x00000000100218a8        0x0 /home/src/arm/target/bin/../arm-none-eabi/lib//libc.a(lib_a-memset.o)
 .data          0x00000000100218a8        0x0 /home/src/arm/target/bin/../arm-none-eabi/lib//libc.a(lib_a-mlock.o)
 .data          0x00000000100218a8        0x0 /home/src/arm/target/bin/../arm-none-eabi/lib//libc.a(lib_a-printf.o)
 .data          0x00000000100218a8        0x0 /home/src/arm/target/bin/../arm-none-eabi/lib//libc.a(lib_a-putc.o)
 .data          0x00000000100218a8        0x0 /home/src/arm/target/bin/../arm-none-eabi/lib//libc.a(lib_a-realloc.o)
 .data          0x00000000100218a8        0x0 /home/src/arm/target/bin/../arm-none-eabi/lib//libc.a(lib_a-reallocr.o)
 .data          0x00000000100218a8        0x0 /home/src/arm/target/bin/../arm-none-eabi/lib//libc.a(lib_a-rget.o)
 .data          0x00000000100218a8        0x0 /home/src/arm/target/bin/../arm-none-eabi/lib//libc.a(lib_a-sbrkr.o)
 .data          0x00000000100218a8        0x0 /home/src/arm/target/bin/../arm-none-eabi/lib//libc.a(lib_a-syscalls.o)
 .data          0x00000000100218a8        0x0 /home/src/arm/target/bin/../arm-none-eabi/lib//libc.a(lib_a-vfiprintf.o)
 .data          0x00000000100218a8        0x0 /home/src/arm/target/bin/../arm-none-eabi/lib//libc.a(lib_a-vfprintf.o)
 .data          0x00000000100218a8        0x0 /home/src/arm/target/bin/../arm-none-eabi/lib//libc.a(lib_a-vprintf.o)
 .data          0x00000000100218a8        0x0 /home/src/arm/target/bin/../arm-none-eabi/lib//libc.a(lib_a-wbuf.o)
 .data          0x00000000100218a8        0x0 /home/src/arm/target/bin/../arm-none-eabi/lib//libc.a(lib_a-wsetup.o)
 .data          0x00000000100218a8        0x0 /home/src/arm/target/bin/../arm-none-eabi/lib//libc.a(lib_a-abort.o)
 .data          0x00000000100218a8        0x0 /home/src/arm/target/bin/../arm-none-eabi/lib//libc.a(lib_a-dtoa.o)
 .data          0x00000000100218a8        0x0 /home/src/arm/target/bin/../arm-none-eabi/lib//libc.a(lib_a-errno.o)
 .data          0x00000000100218a8        0x0 /home/src/arm/target/bin/../arm-none-eabi/lib//libc.a(lib_a-fflush.o)
 .data          0x00000000100218a8        0x0 /home/src/arm/target/bin/../arm-none-eabi/lib//libc.a(lib_a-findfp.o)
 .data          0x00000000100218a8        0x0 /home/src/arm/target/bin/../arm-none-eabi/lib//libc.a(lib_a-fputwc.o)
 .data          0x00000000100218a8        0x0 /home/src/arm/target/bin/../arm-none-eabi/lib//libc.a(lib_a-freer.o)
 .data          0x00000000100218a8        0x0 /home/src/arm/target/bin/../arm-none-eabi/lib//libc.a(lib_a-fvwrite.o)
 .data          0x00000000100218a8        0x0 /home/src/arm/target/bin/../arm-none-eabi/lib//libc.a(lib_a-fwalk.o)
 .data          0x00000000100218a8       0x7c /home/src/arm/target/bin/../arm-none-eabi/lib//libc.a(lib_a-locale.o)
                0x00000000100218c8                __mb_cur_max
 .data          0x0000000010021924        0x0 /home/src/arm/target/bin/../arm-none-eabi/lib//libc.a(lib_a-makebuf.o)
 .data          0x0000000010021924        0x0 /home/src/arm/target/bin/../arm-none-eabi/lib//libc.a(lib_a-memchr-stub.o)
 .data          0x0000000010021924        0x0 /home/src/arm/target/bin/../arm-none-eabi/lib//libc.a(lib_a-memmove.o)
 .data          0x0000000010021924        0x0 /home/src/arm/target/bin/../arm-none-eabi/lib//libc.a(lib_a-mprec.o)
 .data          0x0000000010021924        0x0 /home/src/arm/target/bin/../arm-none-eabi/lib//libc.a(lib_a-reent.o)
 .data          0x0000000010021924        0x0 /home/src/arm/target/bin/../arm-none-eabi/lib//libc.a(lib_a-refill.o)
 .data          0x0000000010021924        0x0 /home/src/arm/target/bin/../arm-none-eabi/lib//libc.a(lib_a-s_fpclassify.o)
 .data          0x0000000010021924        0x0 /home/src/arm/target/bin/../arm-none-eabi/lib//libc.a(lib_a-signal.o)
 .data          0x0000000010021924        0x0 /home/src/arm/target/bin/../arm-none-eabi/lib//libc.a(lib_a-signalr.o)
 .data          0x0000000010021924        0x0 /home/src/arm/target/bin/../arm-none-eabi/lib//libc.a(lib_a-stdio.o)
 .data          0x0000000010021924        0x0 /home/src/arm/target/bin/../arm-none-eabi/lib//libc.a(lib_a-strcmp.o)
 .data          0x0000000010021924        0x0 /home/src/arm/target/bin/../arm-none-eabi/lib//libc.a(lib_a-strlen.o)
 .data          0x0000000010021924        0x0 /home/src/arm/target/bin/../arm-none-eabi/lib//libc.a(lib_a-wcrtomb.o)
 .data          0x0000000010021924        0x4 /home/src/arm/target/bin/../arm-none-eabi/lib//libc.a(lib_a-wctomb_r.o)
                0x0000000010021924                __wctomb
 .data          0x0000000010021928        0x0 /home/src/arm/target/bin/../arm-none-eabi/lib//libc.a(lib_a-writer.o)
 .data          0x0000000010021928        0x0 /home/src/arm/target/bin/../arm-none-eabi/lib//libc.a(lib_a-callocr.o)
 .data          0x0000000010021928        0x0 /home/src/arm/target/bin/../arm-none-eabi/lib//libc.a(lib_a-closer.o)
 .data          0x0000000010021928        0x0 /home/src/arm/target/bin/../arm-none-eabi/lib//libc.a(lib_a-fclose.o)
 .data          0x0000000010021928        0x0 /home/src/arm/target/bin/../arm-none-eabi/lib//libc.a(lib_a-fstatr.o)
 .data          0x0000000010021928        0x0 /home/src/arm/target/bin/../arm-none-eabi/lib//libc.a(lib_a-isattyr.o)
 .data          0x0000000010021928        0x0 /home/src/arm/target/bin/../arm-none-eabi/lib//libc.a(lib_a-lseekr.o)
 .data          0x0000000010021928        0x0 /home/src/arm/target/bin/../arm-none-eabi/lib//libc.a(lib_a-readr.o)
 .data          0x0000000010021928        0x0 /home/src/arm/target/bin/../lib/gcc/arm-none-eabi/4.8.2//libgcc.a(_udivsi3.o)
 .data          0x0000000010021928        0x0 /home/src/arm/target/bin/../lib/gcc/arm-none-eabi/4.8.2//libgcc.a(_divsi3.o)
 .data          0x0000000010021928        0x0 /home/src/arm/target/bin/../lib/gcc/arm-none-eabi/4.8.2//libgcc.a(_dvmd_tls.o)
 .data          0x0000000010021928        0x0 /home/src/arm/target/bin/../lib/gcc/arm-none-eabi/4.8.2//libgcc.a(_arm_addsubdf3.o)
 .data          0x0000000010021928        0x0 /home/src/arm/target/bin/../lib/gcc/arm-none-eabi/4.8.2//libgcc.a(_arm_muldivdf3.o)
 .data          0x0000000010021928        0x0 /home/src/arm/target/bin/../lib/gcc/arm-none-eabi/4.8.2//libgcc.a(_arm_cmpdf2.o)
 .data          0x0000000010021928        0x0 /home/src/arm/target/bin/../lib/gcc/arm-none-eabi/4.8.2//libgcc.a(_arm_fixdfsi.o)
 .data          0x0000000010021928        0x0 /home/src/arm/target/bin/../lib/gcc/arm-none-eabi/4.8.2//libgcc.a(_arm_addsubsf3.o)
 .data          0x0000000010021928        0x0 /home/src/arm/target/bin/../lib/gcc/arm-none-eabi/4.8.2//libgcc.a(_arm_muldivsf3.o)
 .data          0x0000000010021928        0x0 /home/src/arm/target/bin/../lib/gcc/arm-none-eabi/4.8.2//libgcc.a(_arm_cmpsf2.o)
 .data          0x0000000010021928        0x0 /home/src/arm/target/bin/../lib/gcc/arm-none-eabi/4.8.2//libgcc.a(_arm_fixsfsi.o)
 .data          0x0000000010021928        0x0 /home/src/arm/target/bin/../lib/gcc/arm-none-eabi/4.8.2//libgcc.a(_aeabi_uldivmod.o)
 .data          0x0000000010021928        0x0 /home/src/arm/target/bin/../lib/gcc/arm-none-eabi/4.8.2//libgcc.a(bpabi.o)
 .data          0x0000000010021928        0x0 /home/src/arm/target/bin/../lib/gcc/arm-none-eabi/4.8.2//libgcc.a(_divdi3.o)
 .data          0x0000000010021928        0x0 /home/src/arm/target/bin/../lib/gcc/arm-none-eabi/4.8.2//libgcc.a(_udivdi3.o)
 .data          0x0000000010021928        0x0 /home/src/arm/target/bin/../lib/gcc/arm-none-eabi/4.8.2//libgcc.a(_clzsi2.o)
 .data          0x0000000010021928        0x0 /home/leon/git/swp-report/iMX6_Platform_SDK/output/mx6sdl/lib/libsdk.a(max7310.o)
 .data          0x0000000010021928        0x0 /home/leon/git/swp-report/iMX6_Platform_SDK/output/mx6sdl/lib/libsdk.a(imx_i2c.o)
 .data          0x0000000010021928        0x0 /home/leon/git/swp-report/iMX6_Platform_SDK/output/mx6sdl/lib/libboard_evb_rev_a.a(i2c_iomux_config.o)

.jcr            0x0000000010021928        0x4
 .jcr           0x0000000010021928        0x0 /home/src/arm/target/bin/../lib/gcc/arm-none-eabi/4.8.2//crtbegin.o
 .jcr           0x0000000010021928        0x4 /home/src/arm/target/bin/../lib/gcc/arm-none-eabi/4.8.2//crtend.o

.tm_clone_table
                0x000000001002192c        0x0
 .tm_clone_table
                0x000000001002192c        0x0 /home/src/arm/target/bin/../lib/gcc/arm-none-eabi/4.8.2//crtbegin.o
 .tm_clone_table
                0x000000001002192c        0x0 /home/src/arm/target/bin/../lib/gcc/arm-none-eabi/4.8.2//crtend.o

.igot.plt       0x000000001002192c        0x0
 .igot.plt      0x0000000000000000        0x0 /home/src/arm/target/bin/../lib/gcc/arm-none-eabi/4.8.2//crtbegin.o

.hab.data       0x0000000010400000     0x2000
                0x0000000010400000                __hab_data = .
                0x0000000010402000                . = (. + 0x2000)
 *fill*         0x0000000010400000     0x2000 
                0x0000000010402000                . = ALIGN (0x20)
                0x0000000010402000                __hab_data_end = .
                0x0000000000402000                _image_size = (. - _start_image_add)

.bss            0x0000000010402000      0xa70
                0x0000000010402000                __bss_start__ = .
 *(.shbss)
 *(.bss .bss.* .gnu.linkonce.b.*)
 .bss           0x0000000010402000       0x1c /home/src/arm/target/bin/../lib/gcc/arm-none-eabi/4.8.2//crtbegin.o
 .bss           0x000000001040201c        0x0 /home/src/arm/target/bin/../lib/gcc/arm-none-eabi/4.8.2//crti.o
 .bss           0x000000001040201c        0x0 /home/src/arm/target/bin/../lib/gcc/arm-none-eabi/4.8.2//crtend.o
 .bss           0x000000001040201c        0x0 /home/src/arm/target/bin/../lib/gcc/arm-none-eabi/4.8.2//crtn.o
 .bss           0x000000001040201c        0x0 /home/leon/git/swp-report/iMX6_Platform_SDK/output/mx6sdl/usb_hid_mouse/evb_rev_a/obj/apps/common/ivt.o
 .bss           0x000000001040201c        0x0 /home/leon/git/swp-report/iMX6_Platform_SDK/output/mx6sdl/usb_hid_mouse/evb_rev_a/obj/apps/common/platform_init.o
 .bss           0x000000001040201c       0x28 /home/leon/git/swp-report/iMX6_Platform_SDK/output/mx6sdl/usb_hid_mouse/evb_rev_a/obj/apps/usb_hid_mouse/src/mouse_button.o
                0x000000001040201c                kbi_stat
 .bss           0x0000000010402044        0x8 /home/leon/git/swp-report/iMX6_Platform_SDK/output/mx6sdl/usb_hid_mouse/evb_rev_a/obj/apps/usb_hid_mouse/src/usb_descriptor.o
                0x0000000010402048                device_desc_req_count
 .bss           0x000000001040204c      0x13c /home/leon/git/swp-report/iMX6_Platform_SDK/output/mx6sdl/lib/libsdk.a(usb_hid.o)
                0x0000000010402184                g_class_request_params
 .bss           0x0000000010402188        0x8 /home/leon/git/swp-report/iMX6_Platform_SDK/output/mx6sdl/lib/libsdk.a(usb_class.o)
 .bss           0x0000000010402190       0x34 /home/leon/git/swp-report/iMX6_Platform_SDK/output/mx6sdl/lib/libsdk.a(usb_framework.o)
 .bss           0x00000000104021c4      0x468 /home/leon/git/swp-report/iMX6_Platform_SDK/output/mx6sdl/lib/libsdk.a(usb_dci_imx6.o)
                0x00000000104021c4                g_usbd_qh_bufs
                0x00000000104021cc                g_usbd_td_bufs
                0x000000001040261c                sof_counter
 .bss           0x000000001040262c       0x70 /home/leon/git/swp-report/iMX6_Platform_SDK/output/mx6sdl/lib/libsdk.a(usb_driver.o)
 .bss           0x000000001040269c        0x0 /home/leon/git/swp-report/iMX6_Platform_SDK/output/mx6sdl/lib/libsdk.a(ccm_pll.o)
 .bss           0x000000001040269c        0x0 /home/leon/git/swp-report/iMX6_Platform_SDK/output/mx6sdl/lib/libsdk.a(cortexA9.o)
 .bss           0x000000001040269c        0x0 /home/leon/git/swp-report/iMX6_Platform_SDK/output/mx6sdl/lib/libsdk.a(gic.o)
 .bss           0x000000001040269c      0x290 /home/leon/git/swp-report/iMX6_Platform_SDK/output/mx6sdl/lib/libsdk.a(interrupt.o)
                0x000000001040269c                g_interrupt_handlers
                0x000000001040291c                g_vectNum
 .bss           0x000000001040292c        0x0 /home/leon/git/swp-report/iMX6_Platform_SDK/output/mx6sdl/lib/libsdk.a(mmu.o)
 .bss           0x000000001040292c        0x0 /home/leon/git/swp-report/iMX6_Platform_SDK/output/mx6sdl/lib/libsdk.a(startup.o)
 .bss           0x000000001040292c        0x0 /home/leon/git/swp-report/iMX6_Platform_SDK/output/mx6sdl/lib/libsdk.a(vectors.o)
 .bss           0x000000001040292c        0x0 /home/leon/git/swp-report/iMX6_Platform_SDK/output/mx6sdl/lib/libsdk.a(system_util.o)
 .bss           0x000000001040292c        0x0 /home/leon/git/swp-report/iMX6_Platform_SDK/output/mx6sdl/lib/libsdk.a(text_color.o)
 .bss           0x000000001040292c        0x4 /home/leon/git/swp-report/iMX6_Platform_SDK/output/mx6sdl/lib/libsdk.a(timer.o)
                0x000000001040292c                g_microsecondTimerMultiple
 .bss           0x0000000010402930        0x0 /home/leon/git/swp-report/iMX6_Platform_SDK/output/mx6sdl/lib/libsdk.a(imx_uart.o)
 .bss           0x0000000010402930        0x0 /home/leon/git/swp-report/iMX6_Platform_SDK/output/mx6sdl/lib/libsdk.a(arm_abort.o)
 .bss           0x0000000010402930        0x0 /home/leon/git/swp-report/iMX6_Platform_SDK/output/mx6sdl/lib/libsdk.a(epit.o)
 .bss           0x0000000010402930        0x0 /home/leon/git/swp-report/iMX6_Platform_SDK/output/mx6sdl/lib/libsdk.a(abort_handler.o)
 .bss           0x0000000010402930       0x48 /home/leon/git/swp-report/iMX6_Platform_SDK/output/mx6sdl/lib/libboard_evb_rev_a.a(board_io_expanders.o)
                0x0000000010402930                max7310_i2c_req_array
 .bss           0x0000000010402978        0x0 /home/leon/git/swp-report/iMX6_Platform_SDK/output/mx6sdl/lib/libboard_evb_rev_a.a(hardware_modules.o)
 .bss           0x0000000010402978        0x0 /home/leon/git/swp-report/iMX6_Platform_SDK/output/mx6sdl/lib/libboard_evb_rev_a.a(dcd.o)
 .bss           0x0000000010402978        0x0 /home/leon/git/swp-report/iMX6_Platform_SDK/output/mx6sdl/lib/libboard_evb_rev_a.a(uart_iomux_config.o)
 .bss           0x0000000010402978        0x0 /home/leon/git/swp-report/iMX6_Platform_SDK/output/mx6sdl/lib/libboard_evb_rev_a.a(iomux_config.o)
 .bss           0x0000000010402978        0x0 /home/leon/git/swp-report/iMX6_Platform_SDK/output/mx6sdl/lib/libboard_evb_rev_a.a(ipu1_iomux_config.o)
 .bss           0x0000000010402978        0x0 /home/leon/git/swp-report/iMX6_Platform_SDK/output/mx6sdl/lib/libboard_evb_rev_a.a(kpp_iomux_config.o)
 .bss           0x0000000010402978        0x0 /home/leon/git/swp-report/iMX6_Platform_SDK/output/mx6sdl/lib/libboard_evb_rev_a.a(mlb_iomux_config.o)
 .bss           0x0000000010402978        0x0 /home/leon/git/swp-report/iMX6_Platform_SDK/output/mx6sdl/lib/libboard_evb_rev_a.a(mmdc_iomux_config.o)
 .bss           0x0000000010402978        0x0 /home/leon/git/swp-report/iMX6_Platform_SDK/output/mx6sdl/lib/libboard_evb_rev_a.a(pwm1_iomux_config.o)
 .bss           0x0000000010402978        0x0 /home/leon/git/swp-report/iMX6_Platform_SDK/output/mx6sdl/lib/libboard_evb_rev_a.a(sjc_iomux_config.o)
 .bss           0x0000000010402978        0x0 /home/leon/git/swp-report/iMX6_Platform_SDK/output/mx6sdl/lib/libboard_evb_rev_a.a(spdif_iomux_config.o)
 .bss           0x0000000010402978        0x0 /home/leon/git/swp-report/iMX6_Platform_SDK/output/mx6sdl/lib/libboard_evb_rev_a.a(uart2_iomux_config.o)
 .bss           0x0000000010402978        0x0 /home/leon/git/swp-report/iMX6_Platform_SDK/output/mx6sdl/lib/libboard_evb_rev_a.a(uart4_iomux_config.o)
 .bss           0x0000000010402978        0x0 /home/leon/git/swp-report/iMX6_Platform_SDK/output/mx6sdl/lib/libboard_evb_rev_a.a(usb_iomux_config.o)
 .bss           0x0000000010402978        0x0 /home/leon/git/swp-report/iMX6_Platform_SDK/output/mx6sdl/lib/libboard_evb_rev_a.a(usdhc1_iomux_config.o)
 .bss           0x0000000010402978        0x0 /home/leon/git/swp-report/iMX6_Platform_SDK/output/mx6sdl/lib/libboard_evb_rev_a.a(usdhc2_iomux_config.o)
 .bss           0x0000000010402978        0x0 /home/leon/git/swp-report/iMX6_Platform_SDK/output/mx6sdl/lib/libboard_evb_rev_a.a(usdhc3_iomux_config.o)
 .bss           0x0000000010402978        0x0 /home/leon/git/swp-report/iMX6_Platform_SDK/output/mx6sdl/lib/libboard_evb_rev_a.a(usdhc4_iomux_config.o)
 .bss           0x0000000010402978        0x0 /home/leon/git/swp-report/iMX6_Platform_SDK/output/mx6sdl/lib/libboard_evb_rev_a.a(ccm_iomux_config.o)
 .bss           0x0000000010402978        0x0 /home/leon/git/swp-report/iMX6_Platform_SDK/output/mx6sdl/lib/libboard_evb_rev_a.a(ecspi1_iomux_config.o)
 .bss           0x0000000010402978        0x0 /home/leon/git/swp-report/iMX6_Platform_SDK/output/mx6sdl/lib/libboard_evb_rev_a.a(enet_iomux_config.o)
 .bss           0x0000000010402978        0x0 /home/leon/git/swp-report/iMX6_Platform_SDK/output/mx6sdl/lib/libboard_evb_rev_a.a(esai_iomux_config.o)
 .bss           0x0000000010402978        0x0 /home/leon/git/swp-report/iMX6_Platform_SDK/output/mx6sdl/lib/libboard_evb_rev_a.a(flexcan1_iomux_config.o)
 .bss           0x0000000010402978        0x0 /home/leon/git/swp-report/iMX6_Platform_SDK/output/mx6sdl/lib/libboard_evb_rev_a.a(flexcan2_iomux_config.o)
 .bss           0x0000000010402978        0x0 /home/leon/git/swp-report/iMX6_Platform_SDK/output/mx6sdl/lib/libboard_evb_rev_a.a(gpio3_iomux_config.o)
 .bss           0x0000000010402978        0x0 /home/leon/git/swp-report/iMX6_Platform_SDK/output/mx6sdl/lib/libboard_evb_rev_a.a(gpio4_iomux_config.o)
 .bss           0x0000000010402978        0x0 /home/leon/git/swp-report/iMX6_Platform_SDK/output/mx6sdl/lib/libboard_evb_rev_a.a(gpio5_iomux_config.o)
 .bss           0x0000000010402978        0x0 /home/leon/git/swp-report/iMX6_Platform_SDK/output/mx6sdl/lib/libboard_evb_rev_a.a(gpio6_iomux_config.o)
 .bss           0x0000000010402978        0x0 /home/leon/git/swp-report/iMX6_Platform_SDK/output/mx6sdl/lib/libboard_evb_rev_a.a(gpmi_iomux_config.o)
 .bss           0x0000000010402978        0x0 /home/leon/git/swp-report/iMX6_Platform_SDK/output/mx6sdl/lib/libboard_evb_rev_a.a(hdmi_iomux_config.o)
 .bss           0x0000000010402978        0x0 /home/leon/git/swp-report/iMX6_Platform_SDK/output/mx6sdl/lib/libboard_evb_rev_a.a(i2c1_iomux_config.o)
 .bss           0x0000000010402978        0x0 /home/leon/git/swp-report/iMX6_Platform_SDK/output/mx6sdl/lib/libboard_evb_rev_a.a(i2c2_iomux_config.o)
 .bss           0x0000000010402978        0x0 /home/leon/git/swp-report/iMX6_Platform_SDK/output/mx6sdl/lib/libboard_evb_rev_a.a(i2c3_iomux_config.o)
 .bss           0x0000000010402978        0x0 /home/src/arm/target/bin/../arm-none-eabi/lib//libm.a(lib_a-sf_cos.o)
 .bss           0x0000000010402978        0x0 /home/src/arm/target/bin/../arm-none-eabi/lib//libm.a(lib_a-sf_sin.o)
 .bss           0x0000000010402978        0x0 /home/src/arm/target/bin/../arm-none-eabi/lib//libm.a(lib_a-ef_rem_pio2.o)
 .bss           0x0000000010402978        0x0 /home/src/arm/target/bin/../arm-none-eabi/lib//libm.a(lib_a-kf_cos.o)
 .bss           0x0000000010402978        0x0 /home/src/arm/target/bin/../arm-none-eabi/lib//libm.a(lib_a-kf_rem_pio2.o)
 .bss           0x0000000010402978        0x0 /home/src/arm/target/bin/../arm-none-eabi/lib//libm.a(lib_a-kf_sin.o)
 .bss           0x0000000010402978        0x0 /home/src/arm/target/bin/../arm-none-eabi/lib//libm.a(lib_a-sf_fabs.o)
 .bss           0x0000000010402978        0x0 /home/src/arm/target/bin/../arm-none-eabi/lib//libm.a(lib_a-sf_floor.o)
 .bss           0x0000000010402978        0x0 /home/src/arm/target/bin/../arm-none-eabi/lib//libm.a(lib_a-sf_scalbn.o)
 .bss           0x0000000010402978        0x0 /home/src/arm/target/bin/../arm-none-eabi/lib//libm.a(lib_a-sf_copysign.o)
 .bss           0x0000000010402978        0x0 /home/src/arm/target/bin/../arm-none-eabi/lib//libc.a(lib_a-assert.o)
 .bss           0x0000000010402978        0x0 /home/src/arm/target/bin/../arm-none-eabi/lib//libc.a(lib_a-bzero.o)
 .bss           0x0000000010402978        0x0 /home/src/arm/target/bin/../arm-none-eabi/lib//libc.a(lib_a-fiprintf.o)
 .bss           0x0000000010402978        0x0 /home/src/arm/target/bin/../arm-none-eabi/lib//libc.a(lib_a-fputc.o)
 .bss           0x0000000010402978        0x0 /home/src/arm/target/bin/../arm-none-eabi/lib//libc.a(lib_a-impure.o)
 .bss           0x0000000010402978        0x0 /home/src/arm/target/bin/../arm-none-eabi/lib//libc.a(lib_a-init.o)
 .bss           0x0000000010402978        0x0 /home/src/arm/target/bin/../arm-none-eabi/lib//libc.a(lib_a-malloc.o)