Archive member included because of file (symbol)

/home/leon/git/swp-report/iMX6_Platform_SDK/output/mx6sdl/lib/libsdk.a(ccm_pll.o)
                              /home/leon/git/swp-report/iMX6_Platform_SDK/output/mx6sdl/ping/sabre_ai_rev_a/obj/apps/common/platform_init.o (ccm_init)
/home/leon/git/swp-report/iMX6_Platform_SDK/output/mx6sdl/lib/libsdk.a(cortexA9.o)
                              /home/leon/git/swp-report/iMX6_Platform_SDK/output/mx6sdl/ping/sabre_ai_rev_a/obj/apps/common/platform_init.o (arm_set_interrupt_state)
/home/leon/git/swp-report/iMX6_Platform_SDK/output/mx6sdl/lib/libsdk.a(gic.o)
                              /home/leon/git/swp-report/iMX6_Platform_SDK/output/mx6sdl/ping/sabre_ai_rev_a/obj/apps/common/platform_init.o (gic_init)
/home/leon/git/swp-report/iMX6_Platform_SDK/output/mx6sdl/lib/libsdk.a(mmu.o)
                              /home/leon/git/swp-report/iMX6_Platform_SDK/output/mx6sdl/ping/sabre_ai_rev_a/obj/apps/common/platform_init.o (mmu_init)
/home/leon/git/swp-report/iMX6_Platform_SDK/output/mx6sdl/lib/libsdk.a(startup.o)
                              (_start)
/home/leon/git/swp-report/iMX6_Platform_SDK/output/mx6sdl/lib/libsdk.a(vectors.o)
                              /home/leon/git/swp-report/iMX6_Platform_SDK/output/mx6sdl/lib/libsdk.a(startup.o) (vectors)
/home/leon/git/swp-report/iMX6_Platform_SDK/output/mx6sdl/lib/libsdk.a(system_util.o)
                              /home/leon/git/swp-report/iMX6_Platform_SDK/output/mx6sdl/lib/libsdk.a(startup.o) (_sys_exit)
/home/leon/git/swp-report/iMX6_Platform_SDK/output/mx6sdl/lib/libsdk.a(text_color.o)
                              /home/leon/git/swp-report/iMX6_Platform_SDK/output/mx6sdl/lib/libsdk.a(system_util.o) (g_TextAttributeBold)
/home/leon/git/swp-report/iMX6_Platform_SDK/output/mx6sdl/lib/libsdk.a(enet_drv.o)
                              /home/leon/git/swp-report/iMX6_Platform_SDK/output/mx6sdl/ping/sabre_ai_rev_a/obj/apps/ping/src/ping_main.o (imx_enet_get_phy_status)
/home/leon/git/swp-report/iMX6_Platform_SDK/output/mx6sdl/lib/libsdk.a(timer.o)
                              /home/leon/git/swp-report/iMX6_Platform_SDK/output/mx6sdl/ping/sabre_ai_rev_a/obj/apps/ping/src/ping_main.o (hal_delay_us)
/home/leon/git/swp-report/iMX6_Platform_SDK/output/mx6sdl/lib/libsdk.a(imx_uart.o)
                              /home/leon/git/swp-report/iMX6_Platform_SDK/output/mx6sdl/ping/sabre_ai_rev_a/obj/apps/common/platform_init.o (uart_getchar)
/home/leon/git/swp-report/iMX6_Platform_SDK/output/mx6sdl/lib/libsdk.a(arm_abort.o)
                              /home/leon/git/swp-report/iMX6_Platform_SDK/output/mx6sdl/lib/libsdk.a(vectors.o) (data_abort_handler)
/home/leon/git/swp-report/iMX6_Platform_SDK/output/mx6sdl/lib/libsdk.a(interrupt.o)
                              /home/leon/git/swp-report/iMX6_Platform_SDK/output/mx6sdl/lib/libsdk.a(vectors.o) (IRQ_HDLR)
/home/leon/git/swp-report/iMX6_Platform_SDK/output/mx6sdl/lib/libsdk.a(epit.o)
                              /home/leon/git/swp-report/iMX6_Platform_SDK/output/mx6sdl/lib/libsdk.a(timer.o) (epit_get_compare_event)
/home/leon/git/swp-report/iMX6_Platform_SDK/output/mx6sdl/lib/libsdk.a(abort_handler.o)
                              /home/leon/git/swp-report/iMX6_Platform_SDK/output/mx6sdl/lib/libsdk.a(arm_abort.o) (dump_regs)
/home/leon/git/swp-report/iMX6_Platform_SDK/output/mx6sdl/lib/libboard_sabre_ai_rev_a.a(board_io_expanders.o)
                              /home/leon/git/swp-report/iMX6_Platform_SDK/output/mx6sdl/ping/sabre_ai_rev_a/obj/apps/common/platform_init.o (board_ioexpander_init)
/home/leon/git/swp-report/iMX6_Platform_SDK/output/mx6sdl/lib/libboard_sabre_ai_rev_a.a(hardware_modules.o)
                              /home/leon/git/swp-report/iMX6_Platform_SDK/output/mx6sdl/ping/sabre_ai_rev_a/obj/apps/common/platform_init.o (g_debug_uart_port)
/home/leon/git/swp-report/iMX6_Platform_SDK/output/mx6sdl/lib/libboard_sabre_ai_rev_a.a(dcd.o)
                              /home/leon/git/swp-report/iMX6_Platform_SDK/output/mx6sdl/ping/sabre_ai_rev_a/obj/apps/common/ivt.o (input_dcd_hdr)
/home/leon/git/swp-report/iMX6_Platform_SDK/output/mx6sdl/lib/libboard_sabre_ai_rev_a.a(i2c3_iomux_config.o)
                              /home/leon/git/swp-report/iMX6_Platform_SDK/output/mx6sdl/lib/libboard_sabre_ai_rev_a.a(board_io_expanders.o) (i2c3_iomux_config)
/home/leon/git/swp-report/iMX6_Platform_SDK/output/mx6sdl/lib/libboard_sabre_ai_rev_a.a(uart_iomux_config.o)
                              /home/leon/git/swp-report/iMX6_Platform_SDK/output/mx6sdl/lib/libsdk.a(imx_uart.o) (uart_iomux_config)
/home/leon/git/swp-report/iMX6_Platform_SDK/output/mx6sdl/lib/libboard_sabre_ai_rev_a.a(iomux_config.o)
                              /home/leon/git/swp-report/iMX6_Platform_SDK/output/mx6sdl/lib/libboard_sabre_ai_rev_a.a(uart_iomux_config.o) (uart1_iomux_config)
/home/leon/git/swp-report/iMX6_Platform_SDK/output/mx6sdl/lib/libboard_sabre_ai_rev_a.a(ipu1_iomux_config.o)
[...]
Memory Configuration

Name             Origin             Length             Attributes
OCRAM            0x00900000         0x00020000         xrw
DDR              0x10000000         0x80000000         xrw
*default*        0x00000000         0xffffffff

Linker script and memory map

LOAD /home/leon/riotboard/arm-2012.09/bin/../lib/gcc/arm-none-eabi/4.7.2//crtbegin.o
LOAD /home/leon/riotboard/arm-2012.09/bin/../lib/gcc/arm-none-eabi/4.7.2//crti.o
LOAD /home/leon/riotboard/arm-2012.09/bin/../lib/gcc/arm-none-eabi/4.7.2//crtend.o
LOAD /home/leon/riotboard/arm-2012.09/bin/../lib/gcc/arm-none-eabi/4.7.2//crtn.o

.l1_page_table  0x00900000     0x4000
                0x00900000                __l1_page_table_start = .
                0x00904000                . = (. + 0x4000)
 *fill*         0x00900000     0x4000 

.heap.ocram     0x00904000    0x1bfb8
                0x00904000                __heap_ocram_start = .
                0x0091ffb8                . = (. + 0x1bfb8)
 *fill*         0x00904000    0x1bfb8 
                0x0091ffb8                __heap_ocram_end = .

.ram_vectors    0x0091ffb8       0x48
                0x0091ffb8                __ram_vectors_start = .
                0x00920000                . = (. + 0x48)
 *fill*         0x0091ffb8       0x48 
                0x00920000                __ram_vectors_end = .
                0x10000000                _start_image_add = ORIGIN (DDR)

.ivt            0x10000000      0x420
                0x10000400                . = (. + 0x400)
 *fill*         0x10000000      0x400 
 *(.ivt)
 .ivt           0x10000400       0x20 /home/leon/git/swp-report/iMX6_Platform_SDK/output/mx6sdl/ping/sabre_ai_rev_a/obj/apps/common/ivt.o
                0x10000400                input_ivt

.boot_data      0x10000420        0xc
                0x10000420                __start_boot_data = .
 *(.boot_data)
 .boot_data     0x10000420        0xc /home/leon/git/swp-report/iMX6_Platform_SDK/output/mx6sdl/ping/sabre_ai_rev_a/obj/apps/common/ivt.o
                0x10000420                bd

.dcd_hdr        0x10000430        0x4
                0x10000430                __start_dcd = .
 *(.dcd_hdr)
 .dcd_hdr       0x10000430        0x4 /home/leon/git/swp-report/iMX6_Platform_SDK/output/mx6sdl/lib/libboard_sabre_ai_rev_a.a(dcd.o)
                0x10000430                input_dcd_hdr

.dcd_wrt_cmd    0x10000434        0x4
 *(.dcd_wrt_cmd)
 .dcd_wrt_cmd   0x10000434        0x4 /home/leon/git/swp-report/iMX6_Platform_SDK/output/mx6sdl/lib/libboard_sabre_ai_rev_a.a(dcd.o)
                0x10000434                input_dcd_wrt_cmd

.dcd_data       0x10000438      0x298
 *(.dcd_data)
 .dcd_data      0x10000438      0x298 /home/leon/git/swp-report/iMX6_Platform_SDK/output/mx6sdl/lib/libboard_sabre_ai_rev_a.a(dcd.o)
                0x10000438                input_dcd

.text           0x100006d0    0x4561c
 CREATE_OBJECT_SYMBOLS
 *(.startup)
 .startup       0x100006d0      0x138 /home/leon/git/swp-report/iMX6_Platform_SDK/output/mx6sdl/lib/libsdk.a(startup.o)
                0x100006d0                _start
 *(.text .text.* .gnu.linkonce.t.*)
 .text          0x10000808      0x128 /home/leon/riotboard/arm-2012.09/bin/../lib/gcc/arm-none-eabi/4.7.2//crtbegin.o
 .text          0x10000930        0x0 /home/leon/riotboard/arm-2012.09/bin/../lib/gcc/arm-none-eabi/4.7.2//crti.o
 .text          0x10000930        0x0 /home/leon/riotboard/arm-2012.09/bin/../lib/gcc/arm-none-eabi/4.7.2//crtend.o
 .text          0x10000930        0x0 /home/leon/riotboard/arm-2012.09/bin/../lib/gcc/arm-none-eabi/4.7.2//crtn.o
 .text          0x10000930        0x0 /home/leon/git/swp-report/iMX6_Platform_SDK/output/mx6sdl/ping/sabre_ai_rev_a/obj/apps/common/ivt.o
 .text          0x10000930       0x98 /home/leon/git/swp-report/iMX6_Platform_SDK/output/mx6sdl/ping/sabre_ai_rev_a/obj/apps/common/platform_init.o
                0x10000930                platform_init
 .text          0x100009c8      0x6f4 /home/leon/git/swp-report/iMX6_Platform_SDK/output/mx6sdl/ping/sabre_ai_rev_a/obj/apps/ping/src/ping.o
                0x10000f70                ping_send_now
                0x10001020                ping_send_to
                0x100010a8                ping_init
 .text          0x100010bc      0x514 /home/leon/git/swp-report/iMX6_Platform_SDK/output/mx6sdl/ping/sabre_ai_rev_a/obj/apps/ping/src/ping_main.o
                0x100010bc                netif_status_callback
                0x1000116c                netif_link_status_callback
                0x100011d8                init_lwip
                0x10001318                dns_found
                0x100013a8                get_target_address
                0x10001434                ping_received
                0x100014bc                run
                0x100015b4                main
 .text          0x100015d0      0xc64 /home/leon/git/swp-report/iMX6_Platform_SDK/output/mx6sdl/lib/libsdk.a(ccm_pll.o)
                0x100015d0                ccm_init
                0x100016f4                get_main_clock
                0x10001984                get_peri_clock
                0x10001b34                ccm_ccgr_config
                0x10001b9c                clock_gating_config
                0x10001fd4                ccm_set_lpm_wakeup_source
                0x100020c8                ccm_enter_low_power
                0x10002138                ipu_hsp_clk_config
                0x10002158                gpu_clock_config
 .text          0x10002234      0x164 /home/leon/git/swp-report/iMX6_Platform_SDK/output/mx6sdl/lib/libsdk.a(cortexA9.o)
                0x10002234                arm_set_interrupt_state
                0x10002258                cpu_get_current
                0x10002264                enable_neon_fpu
                0x10002280                disable_strict_align_check
                0x10002294                disable_L1_cache
                0x100022b4                get_arm_private_peripheral_base
                0x100022bc                arm_unified_tlb_invalidate
                0x100022cc                arm_unified_tlb_invalidate_is
                0x100022dc                arm_branch_prediction_enable
                0x100022ec                arm_branch_prediction_disable
                0x100022fc                arm_branch_target_cache_invalidate
                0x10002308                arm_branch_target_cache_invalidate_is
                0x10002314                scu_enable
                0x10002328                scu_join_smp
                0x10002338                scu_leave_smp
                0x10002348                scu_get_cpus_in_smp
                0x1000235c                scu_enable_maintenance_broadcast
                0x1000236c                scu_disable_maintenance_broadcast
                0x1000237c                scu_secure_invalidate
 .text          0x10002398      0x5e0 /home/leon/git/swp-report/iMX6_Platform_SDK/output/mx6sdl/lib/libsdk.a(gic.o)
                0x1000247c                gic_enable
                0x100024dc                gic_set_irq_security
                0x10002584                gic_enable_irq
                0x10002600                gic_set_irq_priority
                0x10002648                gic_set_cpu_target
                0x10002754                gic_send_sgi
                0x100027a8                gic_cpu_enable
                0x10002808                gic_set_cpu_priority_mask
                0x1000283c                gic_read_irq_ack
                0x10002868                gic_write_end_of_irq
                0x10002898                gic_init
                0x1000293c                gic_init_cpu
 .text          0x10002978      0x460 /home/leon/git/swp-report/iMX6_Platform_SDK/output/mx6sdl/lib/libsdk.a(mmu.o)
                0x10002978                mmu_enable
                0x100029b0                mmu_disable
                0x100029e4                mmu_init
                0x10002b00                mmu_map_l1_range
                0x10002d18                mmu_virtual_to_physical
 .text          0x10002dd8        0x0 /home/leon/git/swp-report/iMX6_Platform_SDK/output/mx6sdl/lib/libsdk.a(startup.o)
 .text          0x10002dd8        0x4 /home/leon/git/swp-report/iMX6_Platform_SDK/output/mx6sdl/lib/libsdk.a(vectors.o)
                0x10002dd8                exception_handler
 .text.vectors  0x10002ddc       0x48 /home/leon/git/swp-report/iMX6_Platform_SDK/output/mx6sdl/lib/libsdk.a(vectors.o)
                0x10002ddc                vectors
 .text          0x10002e24      0x914 /home/leon/git/swp-report/iMX6_Platform_SDK/output/mx6sdl/lib/libsdk.a(system_util.o)
                0x10002e24                _sys_exit
                0x10002e40                mybkpt
                0x10002e48                is_input_char
                0x10002fc8                read_input_string
                0x100032b0                get_input_hex
                0x10003530                read_int
                0x10003694                jump_to_sdp
 .text          0x10003738       0xe0 /home/leon/git/swp-report/iMX6_Platform_SDK/output/mx6sdl/lib/libsdk.a(text_color.o)
                0x10003738                printf_color
                0x100037d4                get_color_supported
 .text          0x10003818     0x17e0 /home/leon/git/swp-report/iMX6_Platform_SDK/output/mx6sdl/lib/libsdk.a(enet_drv.o)
                0x10003818                imx_enet_mii_read
                0x10003928                imx_enet_mii_write
                0x10003dfc                enet_phy_rework_ar8031
                0x10003f70                enet_phy_rework_ksz9021
                0x10004064                imx_enet_phy_init
                0x100042e4                imx_enet_get_phy_status
                0x1000460c                imx_enet_phy_enable_external_loopback
                0x10004728                imx_enet_poll
                0x10004820                imx_enet_send
                0x10004938                imx_enet_recv
                0x10004b14                imx_enet_init
                0x10004c68                imx_enet_start
                0x10004cfc                imx_enet_stop
                0x10004d40                imx_enet_isolate_phy
                0x10004de4                imx_enet_unisolate_phy
                0x10004eac                imx_enet_mii_type
 .text          0x10004ff8      0x290 /home/leon/git/swp-report/iMX6_Platform_SDK/output/mx6sdl/lib/libsdk.a(timer.o)
                0x10004ff8                hal_delay_us
                0x10005068                system_time_init
                0x100051c8                time_get_microseconds
 .text          0x10005288     0x2820 /home/leon/git/swp-report/iMX6_Platform_SDK/output/mx6sdl/lib/libsdk.a(imx_uart.o)
                0x10005288                uart_get_reffreq
                0x10005384                uart_putchar
                0x100054d4                uart_getchar
                0x10005634                uart_set_FIFO_mode
                0x10006160                uart_set_loopback_mode
                0x100063b4                uart_setup_interrupt
                0x10006480                uart_init
 .text          0x10007aa8       0x98 /home/leon/git/swp-report/iMX6_Platform_SDK/output/mx6sdl/lib/libsdk.a(arm_abort.o)
                0x10007aa8                common_abort_handler
                0x10007b08                data_abort_handler
                0x10007b20                prefetch_abort_handler
 .text          0x10007b40      0x1bc /home/leon/git/swp-report/iMX6_Platform_SDK/output/mx6sdl/lib/libsdk.a(interrupt.o)
                0x10007b40                IRQ_HDLR
                0x10007c08                disable_interrupt
                0x10007c44                enable_interrupt
                0x10007c9c                register_interrupt_routine
                0x10007cd0                default_interrupt_routine
 .text          0x10007cfc      0x8e0 /home/leon/git/swp-report/iMX6_Platform_SDK/output/mx6sdl/lib/libsdk.a(epit.o)
                0x10007cfc                epit_reload_counter
                0x10007d5c                epit_get_counter_value
                0x10007db8                epit_set_compare_event
                0x10007e18                epit_get_compare_event
                0x10007f10                epit_counter_disable
                0x100080d4                epit_counter_enable
                0x10008330                epit_setup_interrupt
                0x100083c0                epit_init
 .text          0x100085dc      0x4bc /home/leon/git/swp-report/iMX6_Platform_SDK/output/mx6sdl/lib/libsdk.a(abort_handler.o)
                0x100085dc                dump_regs
 .text          0x10008a98      0x10c /home/leon/git/swp-report/iMX6_Platform_SDK/output/mx6sdl/lib/libboard_sabre_ai_rev_a.a(board_io_expanders.o)
                0x10008a98                board_ioexpander_init
                0x10008b90                board_ioexpander_iomux_config
 .text          0x10008ba4        0x0 /home/leon/git/swp-report/iMX6_Platform_SDK/output/mx6sdl/lib/libboard_sabre_ai_rev_a.a(hardware_modules.o)
 .text          0x10008ba4        0x0 /home/leon/git/swp-report/iMX6_Platform_SDK/output/mx6sdl/lib/libboard_sabre_ai_rev_a.a(dcd.o)
 .text          0x10008ba4       0x78 /home/leon/git/swp-report/iMX6_Platform_SDK/output/mx6sdl/lib/libboard_sabre_ai_rev_a.a(i2c3_iomux_config.o)
                0x10008ba4                i2c3_iomux_config
 .text          0x10008c1c       0x90 /home/leon/git/swp-report/iMX6_Platform_SDK/output/mx6sdl/lib/libboard_sabre_ai_rev_a.a(uart_iomux_config.o)
                0x10008c1c                uart_iomux_config
 .text          0x10008cac      0x2c4 /home/leon/git/swp-report/iMX6_Platform_SDK/output/mx6sdl/lib/libboard_sabre_ai_rev_a.a(iomux_config.o)
                0x10008cac                iomux_config
                0x10008d30                arm_iomux_config
                0x10008d40                asrc_iomux_config
                0x10008d50                dcic1_iomux_config
                0x10008d60                dcic2_iomux_config
                0x10008d70                ecspi2_iomux_config
                0x10008d80                ecspi3_iomux_config
                0x10008d90                ecspi4_iomux_config
                0x10008da0                epdc_iomux_config
                0x10008db0                epit1_iomux_config
                0x10008dc0                epit2_iomux_config
                0x10008dd0                gpio3_iomux_config
                0x10008de0                gpio7_iomux_config
                0x10008df0                gpt_iomux_config
                0x10008e00                hdmi_iomux_config
                0x10008e10                i2c1_iomux_config
                0x10008e20                i2c4_iomux_config
                0x10008e30                kpp_iomux_config
                0x10008e40                lcd_iomux_config
                0x10008e50                ldb_iomux_config
                0x10008e60                mipi_csi_iomux_config
                0x10008e70                mipi_dsi_iomux_config
                0x10008e80                mipi_hsi_iomux_config
                0x10008e90                pcie_iomux_config
                0x10008ea0                pmu_iomux_config
                0x10008eb0                pwm1_iomux_config
                0x10008ec0                pwm2_iomux_config
                0x10008ed0                sdma_iomux_config
                0x10008ee0                snvs_iomux_config
                0x10008ef0                src_iomux_config
                0x10008f00                uart1_iomux_config
                0x10008f10                uart5_iomux_config
                0x10008f20                usb_iomux_config
                0x10008f30                usdhc2_iomux_config
                0x10008f40                usdhc4_iomux_config
                0x10008f50                wdog2_iomux_config
                0x10008f60                xtalosc_iomux_config
 .text          0x10008f70      0x5f8 /home/leon/git/swp-report/iMX6_Platform_SDK/output/mx6sdl/lib/libboard_sabre_ai_rev_a.a(ipu1_iomux_config.o)
                0x10008f70                ipu1_iomux_config
 .text          0x10009568       0xac /home/leon/git/swp-report/iMX6_Platform_SDK/output/mx6sdl/lib/libboard_sabre_ai_rev_a.a(mlb_iomux_config.o)
                0x10009568                mlb_iomux_config
 .text          0x10009614     0x2484 /home/leon/git/swp-report/iMX6_Platform_SDK/output/mx6sdl/lib/libboard_sabre_ai_rev_a.a(mmdc_iomux_config.o)
                0x10009614                mmdc_iomux_config
 .text          0x1000ba98       0x34 /home/leon/git/swp-report/iMX6_Platform_SDK/output/mx6sdl/lib/libboard_sabre_ai_rev_a.a(pwm3_iomux_config.o)
                0x1000ba98                pwm3_iomux_config
 .text          0x1000bacc       0x34 /home/leon/git/swp-report/iMX6_Platform_SDK/output/mx6sdl/lib/libboard_sabre_ai_rev_a.a(pwm4_iomux_config.o)
                0x1000bacc                pwm4_iomux_config
 .text          0x1000bb00       0x70 /home/leon/git/swp-report/iMX6_Platform_SDK/output/mx6sdl/lib/libboard_sabre_ai_rev_a.a(sjc_iomux_config.o)
                0x1000bb00                sjc_iomux_config
 .text          0x1000bb70       0x40 /home/leon/git/swp-report/iMX6_Platform_SDK/output/mx6sdl/lib/libboard_sabre_ai_rev_a.a(spdif_iomux_config.o)
                0x1000bb70                spdif_iomux_config
 .text          0x1000bbb0       0xe0 /home/leon/git/swp-report/iMX6_Platform_SDK/output/mx6sdl/lib/libboard_sabre_ai_rev_a.a(uart2_iomux_config.o)
                0x1000bbb0                uart2_iomux_config
 .text          0x1000bc90       0xe0 /home/leon/git/swp-report/iMX6_Platform_SDK/output/mx6sdl/lib/libboard_sabre_ai_rev_a.a(uart3_iomux_config.o)
                0x1000bc90                uart3_iomux_config
 .text          0x1000bd70       0x78 /home/leon/git/swp-report/iMX6_Platform_SDK/output/mx6sdl/lib/libboard_sabre_ai_rev_a.a(uart4_iomux_config.o)
                0x1000bd70                uart4_iomux_config
 .text          0x1000bde8      0x1ac /home/leon/git/swp-report/iMX6_Platform_SDK/output/mx6sdl/lib/libboard_sabre_ai_rev_a.a(usdhc1_iomux_config.o)
                0x1000bde8                usdhc1_iomux_config
 .text          0x1000bf94      0x1d0 /home/leon/git/swp-report/iMX6_Platform_SDK/output/mx6sdl/lib/libboard_sabre_ai_rev_a.a(usdhc3_iomux_config.o)
                0x1000bf94                usdhc3_iomux_config
 .text          0x1000c164       0x34 /home/leon/git/swp-report/iMX6_Platform_SDK/output/mx6sdl/lib/libboard_sabre_ai_rev_a.a(wdog1_iomux_config.o)
                0x1000c164                wdog1_iomux_config
 .text          0x1000c198      0x13c /home/leon/git/swp-report/iMX6_Platform_SDK/output/mx6sdl/lib/libboard_sabre_ai_rev_a.a(audmux_iomux_config.o)
                0x1000c198                audmux_iomux_config
 .text          0x1000c2d4       0x34 /home/leon/git/swp-report/iMX6_Platform_SDK/output/mx6sdl/lib/libboard_sabre_ai_rev_a.a(ccm_iomux_config.o)
                0x1000c2d4                ccm_iomux_config
 .text          0x1000c308      0x104 /home/leon/git/swp-report/iMX6_Platform_SDK/output/mx6sdl/lib/libboard_sabre_ai_rev_a.a(ecspi1_iomux_config.o)
                0x1000c308                ecspi1_iomux_config
 .text          0x1000c40c      0x5f0 /home/leon/git/swp-report/iMX6_Platform_SDK/output/mx6sdl/lib/libboard_sabre_ai_rev_a.a(eim_iomux_config.o)
                0x1000c40c                eim_iomux_config
 .text          0x1000c9fc      0x3bc /home/leon/git/swp-report/iMX6_Platform_SDK/output/mx6sdl/lib/libboard_sabre_ai_rev_a.a(enet_iomux_config.o)
                0x1000c9fc                enet_iomux_config
 .text          0x1000cdb8      0x218 /home/leon/git/swp-report/iMX6_Platform_SDK/output/mx6sdl/lib/libboard_sabre_ai_rev_a.a(esai_iomux_config.o)
                0x1000cdb8                esai_iomux_config
 .text          0x1000cfd0       0x68 /home/leon/git/swp-report/iMX6_Platform_SDK/output/mx6sdl/lib/libboard_sabre_ai_rev_a.a(flexcan1_iomux_config.o)
                0x1000cfd0                flexcan1_iomux_config
 .text          0x1000d038       0x68 /home/leon/git/swp-report/iMX6_Platform_SDK/output/mx6sdl/lib/libboard_sabre_ai_rev_a.a(flexcan2_iomux_config.o)
                0x1000d038                flexcan2_iomux_config
 .text          0x1000d0a0      0x130 /home/leon/git/swp-report/iMX6_Platform_SDK/output/mx6sdl/lib/libboard_sabre_ai_rev_a.a(gpio1_iomux_config.o)
                0x1000d0a0                gpio1_iomux_config
 .text          0x1000d1d0       0xfc /home/leon/git/swp-report/iMX6_Platform_SDK/output/mx6sdl/lib/libboard_sabre_ai_rev_a.a(gpio2_iomux_config.o)
                0x1000d1d0                gpio2_iomux_config
 .text          0x1000d2cc       0x34 /home/leon/git/swp-report/iMX6_Platform_SDK/output/mx6sdl/lib/libboard_sabre_ai_rev_a.a(gpio4_iomux_config.o)
                0x1000d2cc                gpio4_iomux_config
 .text          0x1000d300       0xc4 /home/leon/git/swp-report/iMX6_Platform_SDK/output/mx6sdl/lib/libboard_sabre_ai_rev_a.a(gpio5_iomux_config.o)
                0x1000d300                gpio5_iomux_config
 .text          0x1000d3c4       0x54 /home/leon/git/swp-report/iMX6_Platform_SDK/output/mx6sdl/lib/libboard_sabre_ai_rev_a.a(gpio6_iomux_config.o)
                0x1000d3c4                gpio6_iomux_config
 .text          0x1000d418      0x274 /home/leon/git/swp-report/iMX6_Platform_SDK/output/mx6sdl/lib/libboard_sabre_ai_rev_a.a(gpmi_iomux_config.o)
                0x1000d418                gpmi_iomux_config
 .text          0x1000d68c       0x78 /home/leon/git/swp-report/iMX6_Platform_SDK/output/mx6sdl/lib/libboard_sabre_ai_rev_a.a(i2c2_iomux_config.o)
                0x1000d68c                i2c2_iomux_config
 .text          0x1000d704      0x100 /home/leon/git/swp-report/iMX6_Platform_SDK/output/mx6sdl/lib/liblwip.a(def.o)
                0x1000d704                lwip_htons
                0x1000d750                lwip_ntohs
                0x1000d784                lwip_htonl
                0x1000d7d8                lwip_ntohl
 .text          0x1000d804     0x3aa8 /home/leon/git/swp-report/iMX6_Platform_SDK/output/mx6sdl/lib/liblwip.a(dhcp.o)
                0x1000dc30                dhcp_coarse_tmr
                0x1000dd10                dhcp_fine_tmr
                0x1000e284                dhcp_set_struct
                0x1000e36c                dhcp_cleanup
                0x1000e3ec                dhcp_start
                0x1000e6b0                dhcp_inform
                0x1000e884                dhcp_network_changed
                0x1000e964                dhcp_arp_reply
                0x1000f0d4                dhcp_renew
                0x1000f5ec                dhcp_release
                0x1000f808                dhcp_stop
 .text          0x100112ac     0x10d0 /home/leon/git/swp-report/iMX6_Platform_SDK/output/mx6sdl/lib/liblwip.a(dns.o)
                0x100112ac                dns_init
                0x10011384                dns_setserver
                0x10011408                dns_getserver
                0x10011458                dns_tmr
                0x1001229c                dns_gethostbyname
 .text          0x1001237c      0x864 /home/leon/git/swp-report/iMX6_Platform_SDK/output/mx6sdl/lib/liblwip.a(inet_chksum.o)
                0x1001237c                lwip_standard_chksum
                0x10012688                inet_chksum_pseudo
                0x1001298c                inet_chksum_pseudo_partial
                0x10012a78                inet_chksum
                0x10012abc                inet_chksum_pbuf
 .text          0x10012be0       0x30 /home/leon/git/swp-report/iMX6_Platform_SDK/output/mx6sdl/lib/liblwip.a(init.o)
                0x10012be0                lwip_init
 .text          0x10012c10      0xcc0 /home/leon/git/swp-report/iMX6_Platform_SDK/output/mx6sdl/lib/liblwip.a(autoip.o)
                0x10012c10                autoip_set_struct
                0x100130cc                autoip_start
                0x10013358                autoip_network_changed
                0x100133a8                autoip_stop
                0x100133e8                autoip_tmr
                0x10013730                autoip_arp_reply
 .text          0x100138d0     0x11b0 /home/leon/git/swp-report/iMX6_Platform_SDK/output/mx6sdl/lib/liblwip.a(igmp.o)
                0x100138d0                igmp_init
                0x10013908                igmp_dump_group_list
                0x1001394c                igmp_start
                0x100139ec                igmp_stop
                0x10013ae8                igmp_report_groups
                0x10013b50                igmp_lookfor_group
                0x10013dac                igmp_input
                0x100141b8                igmp_joingroup
                0x100143bc                igmp_leavegroup
                0x100145a8                igmp_tmr
 .text          0x10014a80     0x11e4 /home/leon/git/swp-report/iMX6_Platform_SDK/output/mx6sdl/lib/liblwip.a(ip4.o)
                0x10014a80                ip_route
                0x10014b74                ip_input
                0x10015310                ip_output_if
                0x1001537c                ip_output_if_opt
                0x10015a94                ip_output
                0x10015b6c                ip_output_hinted
 .text          0x10015c64      0x7dc /home/leon/git/swp-report/iMX6_Platform_SDK/output/mx6sdl/lib/liblwip.a(ip4_addr.o)
                0x10015c64                ip4_addr_isbroadcast
                0x10015d40                ip4_addr_netmask_valid
                0x10015de8                ipaddr_addr
                0x10015e30                ipaddr_aton
                0x100161fc                ipaddr_ntoa
                0x10016234                ipaddr_ntoa_r
 .text          0x10016440        0x0 /home/leon/git/swp-report/iMX6_Platform_SDK/output/mx6sdl/lib/liblwip.a(memp.o)
 .text          0x10016440      0xdd8 /home/leon/git/swp-report/iMX6_Platform_SDK/output/mx6sdl/lib/liblwip.a(netif.o)
                0x10016440                netif_init
                0x10016450                netif_add
                0x10016614                netif_set_addr
                0x10016660                netif_remove
                0x10016790                netif_find
                0x10016858                netif_set_ipaddr
                0x100169ec                netif_set_gw
                0x10016a30                netif_set_netmask
                0x10016a8c                netif_set_default
                0x10016ae0                netif_set_up
                0x10016bc0                netif_set_down
                0x10016c54                netif_set_status_callback
                0x10016c8c                netif_set_link_up
                0x10016d80                netif_set_link_down
                0x10016de8                netif_set_link_callback
                0x10016e20                netif_loop_output
                0x1001701c                netif_poll
                0x100171cc                netif_poll_all
 .text          0x10017218     0x1b34 /home/leon/git/swp-report/iMX6_Platform_SDK/output/mx6sdl/lib/liblwip.a(pbuf.o)
                0x10017218                pbuf_free_ooseq
                0x100172bc                pbuf_alloc
                0x10017874                pbuf_realloc
                0x10017aec                pbuf_header
                0x10017d0c                pbuf_free
                0x10017ee8                pbuf_clen
                0x10017f3c                pbuf_ref
                0x10017f7c                pbuf_cat
                0x100180d4                pbuf_chain
                0x10018108                pbuf_dechain
                0x10018248                pbuf_copy
                0x10018570                pbuf_copy_partial
                0x1001873c                pbuf_take
                0x10018938                pbuf_coalesce
                0x10018a04                pbuf_get_at
                0x10018abc                pbuf_memcmp
                0x10018be8                pbuf_memfind
                0x10018cac                pbuf_strstr
 .text          0x10018d4c      0x5e4 /home/leon/git/swp-report/iMX6_Platform_SDK/output/mx6sdl/lib/liblwip.a(raw.o)
                0x10018d4c                raw_input
                0x10018ec8                raw_bind
                0x10018f18                raw_connect
                0x10018f68                raw_recv
                0x10018fa4                raw_sendto
                0x1001919c                raw_send
                0x100191dc                raw_remove
                0x10019298                raw_new
 .text          0x10019330     0x5eb4 /home/leon/git/swp-report/iMX6_Platform_SDK/output/mx6sdl/lib/liblwip.a(mib2.o)
                0x100193a4                objectidncpy
                0x10019418                snmp_set_sysdesr
                0x10019464                snmp_get_sysobjid_ptr
                0x10019490                snmp_set_sysobjid
                0x100194d0                snmp_inc_sysuptime
                0x100194fc                snmp_add_sysuptime
                0x10019538                snmp_get_sysuptime
                0x1001958c                snmp_set_syscontact
                0x100195d8                snmp_set_sysname
                0x10019624                snmp_set_syslocation
                0x10019670                snmp_add_ifinoctets
                0x100196a8                snmp_inc_ifinucastpkts
                0x100196d8                snmp_inc_ifinnucastpkts
                0x10019708                snmp_inc_ifindiscards
                0x10019738                snmp_add_ifoutoctets
                0x10019770                snmp_inc_ifoutucastpkts
                0x100197a0                snmp_inc_ifoutnucastpkts
                0x100197d0                snmp_inc_ifoutdiscards
                0x10019800                snmp_inc_iflist
                0x10019858                snmp_dec_iflist
                0x100198a8                snmp_insert_arpidx_tree
                0x10019ac8                snmp_delete_arpidx_tree
                0x10019d78                snmp_inc_ipinreceives
                0x10019da4                snmp_inc_ipinhdrerrors
                0x10019dd0                snmp_inc_ipinaddrerrors
                0x10019dfc                snmp_inc_ipforwdatagrams
                0x10019e28                snmp_inc_ipinunknownprotos
                0x10019e54                snmp_inc_ipindiscards
                0x10019e80                snmp_inc_ipindelivers
                0x10019eac                snmp_inc_ipoutrequests
                0x10019ed8                snmp_inc_ipoutdiscards
                0x10019f04                snmp_inc_ipoutnoroutes
                0x10019f30                snmp_inc_ipreasmreqds
                0x10019f5c                snmp_inc_ipreasmoks
                0x10019f88                snmp_inc_ipreasmfails
                0x10019fb4                snmp_inc_ipfragoks
                0x10019fe0                snmp_inc_ipfragfails
                0x1001a00c                snmp_inc_ipfragcreates
                0x1001a038                snmp_inc_iproutingdiscards
                0x1001a064                snmp_insert_ipaddridx_tree
                0x1001a1f4                snmp_delete_ipaddridx_tree
                0x1001a468                snmp_insert_iprteidx_tree
                0x1001a624                snmp_delete_iprteidx_tree
                0x1001a8c4                snmp_inc_icmpinmsgs
                0x1001a8f0                snmp_inc_icmpinerrors
                0x1001a91c                snmp_inc_icmpindestunreachs
                0x1001a948                snmp_inc_icmpintimeexcds
                0x1001a974                snmp_inc_icmpinparmprobs
                0x1001a9a0                snmp_inc_icmpinsrcquenchs
                0x1001a9cc                snmp_inc_icmpinredirects
                0x1001a9f8                snmp_inc_icmpinechos
                0x1001aa24                snmp_inc_icmpinechoreps
                0x1001aa50                snmp_inc_icmpintimestamps
                0x1001aa7c                snmp_inc_icmpintimestampreps
                0x1001aaa8                snmp_inc_icmpinaddrmasks
                0x1001aad4                snmp_inc_icmpinaddrmaskreps
                0x1001ab00                snmp_inc_icmpoutmsgs
                0x1001ab2c                snmp_inc_icmpouterrors
                0x1001ab58                snmp_inc_icmpoutdestunreachs
                0x1001ab84                snmp_inc_icmpouttimeexcds
                0x1001abb0                snmp_inc_icmpoutparmprobs
                0x1001abdc                snmp_inc_icmpoutsrcquenchs
                0x1001ac08                snmp_inc_icmpoutredirects
                0x1001ac34                snmp_inc_icmpoutechos
                0x1001ac60                snmp_inc_icmpoutechoreps
                0x1001ac8c                snmp_inc_icmpouttimestamps
                0x1001acb8                snmp_inc_icmpouttimestampreps
                0x1001ace4                snmp_inc_icmpoutaddrmasks
                0x1001ad10                snmp_inc_icmpoutaddrmaskreps
                0x1001ad3c                snmp_inc_tcpactiveopens
                0x1001ad68                snmp_inc_tcppassiveopens
                0x1001ad94                snmp_inc_tcpattemptfails
                0x1001adc0                snmp_inc_tcpestabresets
                0x1001adec                snmp_inc_tcpinsegs
                0x1001ae18                snmp_inc_tcpoutsegs
                0x1001ae44                snmp_inc_tcpretranssegs
                0x1001ae70                snmp_inc_tcpinerrs
                0x1001ae9c                snmp_inc_tcpoutrsts
                0x1001aec8                snmp_inc_udpindatagrams
                0x1001aef4                snmp_inc_udpnoports
                0x1001af20                snmp_inc_udpinerrors
                0x1001af4c                snmp_inc_udpoutdatagrams
                0x1001af78                snmp_insert_udpidx_tree
                0x1001b110                snmp_delete_udpidx_tree
                0x1001b408                snmp_inc_snmpinpkts
                0x1001b434                snmp_inc_snmpoutpkts
                0x1001b460                snmp_inc_snmpinbadversions
                0x1001b48c                snmp_inc_snmpinbadcommunitynames
                0x1001b4b8                snmp_inc_snmpinbadcommunityuses
                0x1001b4e4                snmp_inc_snmpinasnparseerrs
                0x1001b510                snmp_inc_snmpintoobigs
                0x1001b53c                snmp_inc_snmpinnosuchnames
                0x1001b568                snmp_inc_snmpinbadvalues
                0x1001b594                snmp_inc_snmpinreadonlys
                0x1001b5c0                snmp_inc_snmpingenerrs
                0x1001b5ec                snmp_add_snmpintotalreqvars
                0x1001b62c                snmp_add_snmpintotalsetvars
                0x1001b66c                snmp_inc_snmpingetrequests
                0x1001b698                snmp_inc_snmpingetnexts
                0x1001b6c4                snmp_inc_snmpinsetrequests
                0x1001b6f0                snmp_inc_snmpingetresponses
                0x1001b71c                snmp_inc_snmpintraps
                0x1001b748                snmp_inc_snmpouttoobigs
                0x1001b774                snmp_inc_snmpoutnosuchnames
                0x1001b7a0                snmp_inc_snmpoutbadvalues
                0x1001b7cc                snmp_inc_snmpoutgenerrs
                0x1001b7f8                snmp_inc_snmpoutgetrequests
                0x1001b824                snmp_inc_snmpoutgetnexts
                0x1001b850                snmp_inc_snmpoutsetrequests
                0x1001b87c                snmp_inc_snmpoutgetresponses
                0x1001b8a8                snmp_inc_snmpouttraps
                0x1001b8d4                snmp_get_snmpgrpid_ptr
                0x1001b900                snmp_set_snmpenableauthentraps
                0x1001b938                snmp_get_snmpenableauthentraps
                0x1001b96c                noleafs_get_object_def
                0x1001b9a0                noleafs_get_value
                0x1001b9c8                noleafs_set_test
                0x1001b9f8                noleafs_set_value
 .text          0x1001f1e4     0x1e68 /home/leon/git/swp-report/iMX6_Platform_SDK/output/mx6sdl/lib/liblwip.a(mib_structs.o)
                0x1001f338                snmp_ifindextonetif
                0x1001f3c0                snmp_netiftoifindex
                0x1001f440                snmp_oidtoip
                0x1001f4bc                snmp_iptooid
                0x1001f538                snmp_mib_ln_alloc
                0x1001f5b0                snmp_mib_ln_free
                0x1001f5d4                snmp_mib_lrn_alloc
                0x1001f694                snmp_mib_lrn_free
                0x1001f6b8                snmp_mib_node_insert
                0x1001f990                snmp_mib_node_find
                0x1001fac4                snmp_mib_node_delete
                0x1001fc68                snmp_search_tree
                0x10020154                snmp_expand_tree
                0x10020e8c                snmp_iso_prefix_tst
                0x10020f18                snmp_iso_prefix_expand
 .text          0x1002104c     0x3030 /home/leon/git/swp-report/iMX6_Platform_SDK/output/mx6sdl/lib/liblwip.a(msg_in.o)
                0x1002104c                snmp_init
                0x10022844                snmp_msg_event
                0x10023c58                snmp_varbind_alloc
                0x10023e8c                snmp_varbind_free
                0x10023ef0                snmp_varbind_list_free
                0x10023f68                snmp_varbind_tail_add
                0x10023ff8                snmp_varbind_tail_remove
 .text          0x1002407c     0x1bcc /home/leon/git/swp-report/iMX6_Platform_SDK/output/mx6sdl/lib/liblwip.a(msg_out.o)
                0x1002407c                snmp_trap_dst_enable
                0x100240d4                snmp_trap_dst_ip_set
                0x10024130                snmp_send_response
                0x10024344                snmp_send_trap
                0x1002458c                snmp_coldstart_trap
                0x100245dc                snmp_authfail_trap
 .text          0x10025c48      0x6c8 /home/leon/git/swp-report/iMX6_Platform_SDK/output/mx6sdl/lib/liblwip.a(stats.o)
                0x10025c48                stats_init
                0x10025d10                stats_display_proto
                0x10025e60                stats_display_igmp
                0x10025fe0                stats_display_mem
                0x10026070                stats_display_memp
                0x100260f4                stats_display_sys
                0x100261f4                stats_display
 .text          0x10026310     0x2ee0 /home/leon/git/swp-report/iMX6_Platform_SDK/output/mx6sdl/lib/liblwip.a(tcp.o)
                0x10026310                tcp_init
                0x10026320                tcp_tmr
                0x10026808                tcp_close
                0x10026860                tcp_shutdown
                0x10026968                tcp_abandon
                0x10026b2c                tcp_abort
                0x10026b54                tcp_bind
                0x10026dac                tcp_listen_with_backlog
                0x100270a8                tcp_update_rcv_ann_wnd
                0x100271d4                tcp_recved
                0x10027410                tcp_connect
                0x1002788c                tcp_slowtmr
                0x10028274                tcp_fasttmr
                0x100283a0                tcp_process_refused_data
                0x1002850c                tcp_segs_free
                0x10028554                tcp_seg_free
                0x100285a4                tcp_setprio
                0x100285d4                tcp_seg_copy
                0x10028644                tcp_recv_null
                0x10028864                tcp_alloc
                0x10028ab8                tcp_new
                0x10028ad8                tcp_arg
                0x10028b04                tcp_recv
                0x10028b6c                tcp_sent
                0x10028bd4                tcp_err
                0x10028c3c                tcp_accept
                0x10028c68                tcp_poll
                0x10028ce4                tcp_pcb_purge
                0x10028eec                tcp_pcb_remove
                0x100290f0                tcp_next_iss
                0x10029138                tcp_eff_send_mss_impl
                0x100291bc                tcp_debug_state_str
 .text          0x100291f0     0x4af8 /home/leon/git/swp-report/iMX6_Platform_SDK/output/mx6sdl/lib/liblwip.a(tcp_in.o)
                0x100291f0                tcp_input
 .text          0x1002dce8     0x2e6c /home/leon/git/swp-report/iMX6_Platform_SDK/output/mx6sdl/lib/liblwip.a(tcp_out.o)
                0x1002dfa8                tcp_send_fin
                0x1002e6a4                tcp_write
                0x1002f1c8                tcp_enqueue_flags
                0x1002f62c                tcp_send_empty_ack
                0x1002f75c                tcp_output
                0x100301a0                tcp_rst_impl
                0x10030478                tcp_rexmit_rto
                0x10030530                tcp_rexmit
                0x10030694                tcp_rexmit_fast
                0x100307a8                tcp_keepalive
                0x100308c0                tcp_zero_window_probe
 .text          0x10030b54      0x724 /home/leon/git/swp-report/iMX6_Platform_SDK/output/mx6sdl/lib/liblwip.a(timers.o)
                0x10030bc4                tcp_timer_needed
                0x10030d6c                sys_timeouts_init
                0x10030e08                sys_timeout
                0x1003101c                sys_untimeout
                0x10031130                sys_check_timeouts
                0x10031254                sys_restart_timeouts
 .text          0x10031278     0x1294 /home/leon/git/swp-report/iMX6_Platform_SDK/output/mx6sdl/lib/liblwip.a(udp.o)
                0x10031278                udp_init
                0x10031378                udp_input
                0x10031b90                udp_send
                0x10031bd4                udp_sendto
                0x10031c88                udp_sendto_if
                0x10032050                udp_bind
                0x10032234                udp_connect
                0x10032360                udp_disconnect
                0x100323ac                udp_recv
                0x100323e8                udp_remove
                0x100324ac                udp_new
 .text          0x1003250c     0x2750 /home/leon/git/swp-report/iMX6_Platform_SDK/output/mx6sdl/lib/liblwip.a(etharp.o)
                0x100328e8                etharp_tmr
                0x100333c0                etharp_cleanup_netif
                0x10033480                etharp_find_addr
                0x10033c80                etharp_output
                0x100340e4                etharp_query
                0x10034684                etharp_raw
                0x10034974                etharp_request
                0x100349ec                ethernet_input
 .text          0x10034c5c      0x600 /home/leon/git/swp-report/iMX6_Platform_SDK/output/mx6sdl/lib/liblwip.a(mx6_ethernetif.o)
                0x10034c5c                enet_set_mac
                0x10034c8c                init_enet
                0x100350cc                enet_poll_for_packet
                0x10035118                enet_init
 .text          0x1003525c      0x188 /home/leon/git/swp-report/iMX6_Platform_SDK/output/mx6sdl/lib/liblwip.a(mx6_lwip.o)
                0x1003525c                mx6_init_lwip
                0x10035288                check_and_update_ms_timer
                0x10035300                mx6_run_lwip
 .text          0x100353e4       0x40 /home/leon/git/swp-report/iMX6_Platform_SDK/output/mx6sdl/lib/liblwip.a(sys_arch.o)
                0x100353e4                sys_now
 .text          0x10035424      0x8a8 /home/leon/git/swp-report/iMX6_Platform_SDK/output/mx6sdl/lib/liblwip.a(icmp.o)
                0x10035424                icmp_input
                0x10035ab4                icmp_dest_unreach
 .text          0x10035ccc      0xfa0 /home/leon/git/swp-report/iMX6_Platform_SDK/output/mx6sdl/lib/liblwip.a(asn1_dec.o)
                0x10035ccc                snmp_asn1_dec_type
                0x10035d8c                snmp_asn1_dec_length
                0x10036154                snmp_asn1_dec_u32t
                0x100363b8                snmp_asn1_dec_s32t
                0x10036630                snmp_asn1_dec_oid
                0x10036adc                snmp_asn1_dec_raw
 .text          0x10036c6c      0xdb0 /home/leon/git/swp-report/iMX6_Platform_SDK/output/mx6sdl/lib/liblwip.a(asn1_enc.o)
                0x10036c6c                snmp_asn1_enc_length_cnt
                0x10036cd4                snmp_asn1_enc_u32t_cnt
                0x10036d7c                snmp_asn1_enc_s32t_cnt
                0x10036e20                snmp_asn1_enc_oid_cnt
                0x10036f04                snmp_asn1_enc_type
                0x10036fc0                snmp_asn1_enc_length
                0x100371f0                snmp_asn1_enc_u32t
                0x100373e4                snmp_asn1_enc_s32t
                0x10037548                snmp_asn1_enc_oid
                0x100378ac                snmp_asn1_enc_raw
 .text          0x10037a1c       0x14 /home/leon/riotboard/arm-2012.09/bin/../arm-none-eabi/lib//libc.a(lib_a-abort.o)
                0x10037a1c                abort
 .text          0x10037a30       0x68 /home/leon/riotboard/arm-2012.09/bin/../arm-none-eabi/lib//libc.a(lib_a-assert.o)
                0x10037a30                __assert_func
                0x10037a88                __assert
 .text          0x10037a98       0x20 /home/leon/riotboard/arm-2012.09/bin/../arm-none-eabi/lib//libc.a(lib_a-bzero.o)
                0x10037a98                bzero
 .text          0x10037ab8      0x26c /home/leon/riotboard/arm-2012.09/bin/../arm-none-eabi/lib//libc.a(lib_a-fflush.o)
                0x10037ab8                _fflush_r
                0x10037ce4                fflush
 .text          0x10037d24      0x2c4 /home/leon/riotboard/arm-2012.09/bin/../arm-none-eabi/lib//libc.a(lib_a-findfp.o)
                0x10037d34                _cleanup_r
                0x10037dc8                __sfmoreglue
                0x10037e10                _cleanup
                0x10037e20                __sinit
                0x10037e98                __sfp
                0x10037f90                __sfp_lock_acquire
                0x10037f94                __sfp_lock_release
                0x10037f98                __sinit_lock_acquire
                0x10037f9c                __sinit_lock_release
                0x10037fa0                __fp_lock_all
                0x10037fc4                __fp_unlock_all
 .text          0x10037fe8       0x70 /home/leon/riotboard/arm-2012.09/bin/../arm-none-eabi/lib//libc.a(lib_a-fiprintf.o)
                0x10037fe8                _fiprintf_r
                0x10038018                fiprintf
 .text          0x10038058       0x94 /home/leon/riotboard/arm-2012.09/bin/../arm-none-eabi/lib//libc.a(lib_a-fputc.o)
                0x10038058                _fputc_r
                0x1003809c                fputc
 .text          0x100380ec      0x368 /home/leon/riotboard/arm-2012.09/bin/../arm-none-eabi/lib//libc.a(lib_a-freer.o)
                0x100380ec                _malloc_trim_r
                0x100381e8                _free_r
 .text          0x10038454      0x114 /home/leon/riotboard/arm-2012.09/bin/../arm-none-eabi/lib//libc.a(lib_a-fwalk.o)
                0x10038454                _fwalk
                0x100384dc                _fwalk_reent
 .text          0x10038568        0x0 /home/leon/riotboard/arm-2012.09/bin/../arm-none-eabi/lib//libc.a(lib_a-impure.o)
 .text          0x10038568       0x88 /home/leon/riotboard/arm-2012.09/bin/../arm-none-eabi/lib//libc.a(lib_a-init.o)
                0x10038568                __libc_init_array
 .text          0x100385f0       0x40 /home/leon/riotboard/arm-2012.09/bin/../arm-none-eabi/lib//libc.a(lib_a-malloc.o)
                0x100385f0                malloc
                0x10038610                free
 .text          0x10038630      0x71c /home/leon/riotboard/arm-2012.09/bin/../arm-none-eabi/lib//libc.a(lib_a-mallocr.o)
                0x10038630                _malloc_r
 .text          0x10038d4c       0xb4 /home/leon/riotboard/arm-2012.09/bin/../arm-none-eabi/lib//libc.a(lib_a-memcmp.o)
                0x10038d4c                memcmp
 .text          0x10038e00      0x20c /home/leon/riotboard/arm-2012.09/bin/../arm-none-eabi/lib//libc.a(lib_a-memcpy.o)
                0x10038e00                memcpy
 .text          0x1003900c      0x134 /home/leon/riotboard/arm-2012.09/bin/../arm-none-eabi/lib//libc.a(lib_a-memset.o)
                0x1003900c                memset
 .text          0x10039140        0x8 /home/leon/riotboard/arm-2012.09/bin/../arm-none-eabi/lib//libc.a(lib_a-mlock.o)
                0x10039140                __malloc_lock
                0x10039144                __malloc_unlock
 .text          0x10039148       0x74 /home/leon/riotboard/arm-2012.09/bin/../arm-none-eabi/lib//libc.a(lib_a-printf.o)
                0x10039148                _printf_r
                0x1003917c                printf
 .text          0x100391bc      0x170 /home/leon/riotboard/arm-2012.09/bin/../arm-none-eabi/lib//libc.a(lib_a-putc.o)
                0x100391bc                _putc_r
                0x1003926c                putc
 .text          0x1003932c       0x78 /home/leon/riotboard/arm-2012.09/bin/../arm-none-eabi/lib//libc.a(lib_a-rand.o)
                0x1003932c                srand
                0x10039348                rand
 .text          0x100393a4       0x28 /home/leon/riotboard/arm-2012.09/bin/../arm-none-eabi/lib//libc.a(lib_a-realloc.o)
                0x100393a4                realloc
 .text          0x100393cc      0x574 /home/leon/riotboard/arm-2012.09/bin/../arm-none-eabi/lib//libc.a(lib_a-reallocr.o)
                0x100393cc                _realloc_r
 .text          0x10039940       0x6c /home/leon/riotboard/arm-2012.09/bin/../arm-none-eabi/lib//libc.a(lib_a-rget.o)
                0x10039940                __srget_r
                0x10039998                __srget
 .text          0x100399ac       0x40 /home/leon/riotboard/arm-2012.09/bin/../arm-none-eabi/lib//libc.a(lib_a-sbrkr.o)
                0x100399ac                _sbrk_r
 .text          0x100399ec      0x24c /home/leon/riotboard/arm-2012.09/bin/../arm-none-eabi/lib//libc.a(lib_a-signal.o)
                0x100399ec                _init_signal_r
                0x10039a4c                _signal_r
                0x10039ab8                _raise_r
                0x10039b50                __sigtramp_r
                0x10039be4                raise
                0x10039bf8                signal
                0x10039c14                _init_signal
                0x10039c24                __sigtramp
 .text          0x10039c38       0x50 /home/leon/riotboard/arm-2012.09/bin/../arm-none-eabi/lib//libc.a(lib_a-signalr.o)
                0x10039c38                _kill_r
                0x10039c78                _getpid_r
 .text          0x10039c88       0xdc /home/leon/riotboard/arm-2012.09/bin/../arm-none-eabi/lib//libc.a(lib_a-stdio.o)
                0x10039c88                __sread
                0x10039cbc                __seofread
                0x10039cc4                __swrite
                0x10039d1c                __sseek
                0x10039d50                __sclose
 .text          0x10039d64      0x230 /home/leon/riotboard/arm-2012.09/bin/../arm-none-eabi/lib//libc.a(lib_a-strcmp.o)
                0x10039d64                strcmp
 .text          0x10039f94       0x60 /home/leon/riotboard/arm-2012.09/bin/../arm-none-eabi/lib//libc.a(lib_a-strlen.o)
                0x10039f94                strlen
 .text          0x10039ff4      0x140 /home/leon/riotboard/arm-2012.09/bin/../arm-none-eabi/lib//libc.a(lib_a-strncmp.o)
                0x10039ff4                strncmp
 .text          0x1003a134     0x12c4 /home/leon/riotboard/arm-2012.09/bin/../arm-none-eabi/lib//libc.a(lib_a-vfiprintf.o)
                0x1003a134                __sprint_r
                0x1003a1f0                _vfiprintf_r
                0x1003b3cc                vfiprintf
 .text          0x1003b3f8     0x2180 /home/leon/riotboard/arm-2012.09/bin/../arm-none-eabi/lib//libc.a(lib_a-vfprintf.o)
                0x1003b3f8                _vfprintf_r
                0x1003d54c                vfprintf
 .text          0x1003d578       0x4c /home/leon/riotboard/arm-2012.09/bin/../arm-none-eabi/lib//libc.a(lib_a-vprintf.o)
                0x1003d578                vprintf
                0x1003d5a4                _vprintf_r
 .text          0x1003d5c4      0x14c /home/leon/riotboard/arm-2012.09/bin/../arm-none-eabi/lib//libc.a(lib_a-wbuf.o)
                0x1003d5c4                __swbuf_r
                0x1003d6f4                __swbuf
 .text          0x1003d710       0x44 /home/leon/riotboard/arm-2012.09/bin/../arm-none-eabi/lib//libc.a(lib_a-writer.o)
                0x1003d710                _write_r
 .text          0x1003d754      0x138 /home/leon/riotboard/arm-2012.09/bin/../arm-none-eabi/lib//libc.a(lib_a-wsetup.o)
                0x1003d754                __swsetup_r
 .text          0x1003d88c       0x3c /home/leon/riotboard/arm-2012.09/bin/../arm-none-eabi/lib//libc.a(lib_a-closer.o)
                0x1003d88c                _close_r
 .text          0x1003d8c8     0x18a8 /home/leon/riotboard/arm-2012.09/bin/../arm-none-eabi/lib//libc.a(lib_a-dtoa.o)
                0x1003daa8                _dtoa_r
 .text          0x1003f170      0x10c /home/leon/riotboard/arm-2012.09/bin/../arm-none-eabi/lib//libc.a(lib_a-fclose.o)
                0x1003f170                _fclose_r
                0x1003f268                fclose
 .text          0x1003f27c      0x19c /home/leon/riotboard/arm-2012.09/bin/../arm-none-eabi/lib//libc.a(lib_a-fputwc.o)
                0x1003f27c                _fputwc_r
                0x1003f3cc                fputwc
 .text          0x1003f418      0x4c4 /home/leon/riotboard/arm-2012.09/bin/../arm-none-eabi/lib//libc.a(lib_a-fvwrite.o)
                0x1003f418                __sfvwrite_r
 .text          0x1003f8dc       0xd0 /home/leon/riotboard/arm-2012.09/bin/../arm-none-eabi/lib//libc.a(lib_a-locale.o)
                0x1003f8dc                _setlocale_r
                0x1003f948                __locale_charset
                0x1003f954                __locale_mb_cur_max
                0x1003f964                __locale_msgcharset
                0x1003f970                __locale_cjk_lang
                0x1003f978                _localeconv_r
                0x1003f984                setlocale
                0x1003f9a0                localeconv
 .text          0x1003f9ac       0x44 /home/leon/riotboard/arm-2012.09/bin/../arm-none-eabi/lib//libc.a(lib_a-lseekr.o)
                0x1003f9ac                _lseek_r
 .text          0x1003f9f0      0x15c /home/leon/riotboard/arm-2012.09/bin/../arm-none-eabi/lib//libc.a(lib_a-makebuf.o)
                0x1003f9f0                __smakebuf_r
 .text          0x1003fb4c      0x11c /home/leon/riotboard/arm-2012.09/bin/../arm-none-eabi/lib//libc.a(lib_a-memchr.o)
                0x1003fb4c                memchr
 .text          0x1003fc68      0x134 /home/leon/riotboard/arm-2012.09/bin/../arm-none-eabi/lib//libc.a(lib_a-memmove.o)
                0x1003fc68                memmove
 .text          0x1003fd9c      0xd20 /home/leon/riotboard/arm-2012.09/bin/../arm-none-eabi/lib//libc.a(lib_a-mprec.o)
                0x1003fd9c                _Balloc
                0x1003fe28                _Bfree
                0x1003fe44                __multadd
                0x1003ff20                __s2b
                0x10040010                __hi0bits
                0x10040060                __lo0bits
                0x100400f4                __i2b
                0x10040118                __multiply
                0x100402fc                __pow5mult
                0x100403f0                __lshift
                0x100404f4                __mcmp
                0x10040558                __mdiff
                0x100406a4                __ulp
                0x10040708                __b2d
                0x100407d4                __d2b
                0x100408dc                __ratio
                0x1004096c                _mprec_log10
                0x100409c0                __copybits
                0x10040a34                __any_on
 .text          0x10040abc       0x44 /home/leon/riotboard/arm-2012.09/bin/../arm-none-eabi/lib//libc.a(lib_a-readr.o)
                0x10040abc                _read_r
 .text          0x10040b00      0x19c /home/leon/riotboard/arm-2012.09/bin/../arm-none-eabi/lib//libc.a(lib_a-reent.o)
                0x10040b00                cleanup_glue
                0x10040b2c                _reclaim_reent
                0x10040c28                _wrapup_reent
 .text          0x10040c9c      0x1cc /home/leon/riotboard/arm-2012.09/bin/../arm-none-eabi/lib//libc.a(lib_a-refill.o)
                0x10040cc4                __srefill_r
 .text          0x10040e68       0x6c /home/leon/riotboard/arm-2012.09/bin/../arm-none-eabi/lib//libc.a(lib_a-s_fpclassify.o)
                0x10040e68                __fpclassifyd
 .text          0x10040ed4      0x134 /home/leon/riotboard/arm-2012.09/bin/../arm-none-eabi/lib//libc.a(lib_a-wcrtomb.o)
                0x10040ed4                _wcrtomb_r
                0x10040f64                wcrtomb
 .text          0x10041008       0x7c /home/leon/riotboard/arm-2012.09/bin/../arm-none-eabi/lib//libc.a(lib_a-wctomb_r.o)
                0x10041008                __ascii_wctomb
                0x10041034                _wctomb_r
 .text          0x10041084       0x94 /home/leon/riotboard/arm-2012.09/bin/../arm-none-eabi/lib//libc.a(lib_a-callocr.o)
                0x10041084                _calloc_r
 .text          0x10041118       0x40 /home/leon/riotboard/arm-2012.09/bin/../arm-none-eabi/lib//libc.a(lib_a-fstatr.o)
                0x10041118                _fstat_r
 .text          0x10041158       0x3c /home/leon/riotboard/arm-2012.09/bin/../arm-none-eabi/lib//libc.a(lib_a-isattyr.o)
                0x10041158                _isatty_r
 .text          0x10041194      0x114 /home/leon/riotboard/arm-2012.09/bin/../lib/gcc/arm-none-eabi/4.7.2//libgcc.a(_udivsi3.o)
                0x10041194                __udivsi3
                0x10041194                __aeabi_uidiv
                0x10041288                __aeabi_uidivmod
 .text          0x100412a8      0x148 /home/leon/riotboard/arm-2012.09/bin/../lib/gcc/arm-none-eabi/4.7.2//libgcc.a(_divsi3.o)
                0x100412a8                __aeabi_idiv
                0x100412a8                __divsi3
                0x100413d0                __aeabi_idivmod
 .text          0x100413f0        0x4 /home/leon/riotboard/arm-2012.09/bin/../lib/gcc/arm-none-eabi/4.7.2//libgcc.a(_dvmd_tls.o)
                0x100413f0                __aeabi_ldiv0
                0x100413f0                __aeabi_idiv0
 .text          0x100413f4      0x41c /home/leon/riotboard/arm-2012.09/bin/../lib/gcc/arm-none-eabi/4.7.2//libgcc.a(_arm_addsubdf3.o)
                0x100413f4                __aeabi_drsub
                0x100413fc                __aeabi_dsub
                0x100413fc                __subdf3
                0x10041400                __adddf3
                0x10041400                __aeabi_dadd
                0x10041710                __aeabi_ui2d
                0x10041710                __floatunsidf
                0x10041734                __floatsidf
                0x10041734                __aeabi_i2d
                0x1004175c                __extendsfdf2
                0x1004175c                __aeabi_f2d
                0x1004179c                __aeabi_ul2d
                0x1004179c                __floatundidf
                0x100417b0                __floatdidf
                0x100417b0                __aeabi_l2d
 .text          0x10041810      0x49c /home/leon/riotboard/arm-2012.09/bin/../lib/gcc/arm-none-eabi/4.7.2//libgcc.a(_arm_muldivdf3.o)
                0x10041810                __aeabi_dmul
                0x10041810                __muldf3
                0x10041aa0                __aeabi_ddiv
                0x10041aa0                __divdf3
 .text          0x10041cac      0x144 /home/leon/riotboard/arm-2012.09/bin/../lib/gcc/arm-none-eabi/4.7.2//libgcc.a(_arm_cmpdf2.o)
                0x10041cac                __gtdf2
                0x10041cac                __gedf2
                0x10041cb4                __ltdf2
                0x10041cb4                __ledf2
                0x10041cbc                __cmpdf2
                0x10041cbc                __eqdf2
                0x10041cbc                __nedf2
                0x10041d44                __aeabi_cdrcmple
                0x10041d60                __aeabi_cdcmple
                0x10041d60                __aeabi_cdcmpeq
                0x10041d78                __aeabi_dcmpeq
                0x10041d90                __aeabi_dcmplt
                0x10041da8                __aeabi_dcmple
                0x10041dc0                __aeabi_dcmpge
                0x10041dd8                __aeabi_dcmpgt
 .text          0x10041df0       0x5c /home/leon/riotboard/arm-2012.09/bin/../lib/gcc/arm-none-eabi/4.7.2//libgcc.a(_arm_fixdfsi.o)
                0x10041df0                __fixdfsi
                0x10041df0                __aeabi_d2iz
 .text          0x10041e4c       0x3c /home/leon/riotboard/arm-2012.09/bin/../lib/gcc/arm-none-eabi/4.7.2//libgcc.a(_aeabi_uldivmod.o)
                0x10041e4c                __aeabi_uldivmod
 .text          0x10041e88       0x84 /home/leon/riotboard/arm-2012.09/bin/../lib/gcc/arm-none-eabi/4.7.2//libgcc.a(bpabi.o)
                0x10041e88                __gnu_ldivmod_helper
                0x10041ecc                __gnu_uldivmod_helper
 .text          0x10041f0c      0x4f0 /home/leon/riotboard/arm-2012.09/bin/../lib/gcc/arm-none-eabi/4.7.2//libgcc.a(_divdi3.o)
                0x10041f0c                __divdi3
 .text          0x100423fc      0x488 /home/leon/riotboard/arm-2012.09/bin/../lib/gcc/arm-none-eabi/4.7.2//libgcc.a(_udivdi3.o)
                0x100423fc                __udivdi3
 .text          0x10042884       0x48 /home/leon/riotboard/arm-2012.09/bin/../lib/gcc/arm-none-eabi/4.7.2//libgcc.a(_clzsi2.o)
                0x10042884                __clzsi2
 .text          0x100428cc      0x264 /home/leon/git/swp-report/iMX6_Platform_SDK/output/mx6sdl/lib/libsdk.a(max7310.o)
                0x100428cc                max7310_reg_read
                0x10042930                max7310_reg_write
                0x1004299c                max7310_init
                0x10042a7c                max7310_set_gpio_output
 .text          0x10042b30      0x610 /home/leon/git/swp-report/iMX6_Platform_SDK/output/mx6sdl/lib/libsdk.a(runtime_support.o)
                0x10042b30                _execve
                0x10042b6c                _fork
                0x10042b94                _isatty
                0x10042bb8                _open
                0x10042be4                _close
                0x10042c08                _lseek
                0x10042c34                _fstat
                0x10042c68                _read
                0x10042d38                _write
                0x10042e24                _raw_puts
                0x10042ea4                _sbrk
                0x10042f54                _exit
                0x10042f74                _kill
                0x10042fac                _getpid
                0x10042fc4                _link
                0x10042ffc                _unlink
                0x10043030                _stat
                0x10043064                _times
                0x10043088                _gettimeofday
                0x1004310c                _wait
 .text          0x10043140     0x1308 /home/leon/git/swp-report/iMX6_Platform_SDK/output/mx6sdl/lib/libsdk.a(gpio.o)
                0x10043170                gpio_get_port_count
                0x10043188                gpio_set_gpio
                0x1004324c                gpio_set_direction
                0x100434a8                gpio_get_direction
                0x100435f0                gpio_set_level
                0x10043930                gpio_get_level
                0x10043a90                gpio_set_interrupt_config
                0x10043e94                gpio_set_interrupt_mask
                0x100440d8                gpio_get_interrupt_status
                0x10044234                gpio_clear_interrupt
 .text          0x10044448        0x0 /home/leon/git/swp-report/iMX6_Platform_SDK/output/mx6sdl/lib/libsdk.a(imx6sdl_gpio_map.o)
 .text          0x10044448     0x1798 /home/leon/git/swp-report/iMX6_Platform_SDK/output/mx6sdl/lib/libsdk.a(imx_i2c.o)
                0x10044478                i2c_get_request_instance
                0x10044ef0                i2c_xfer
                0x1004560c                i2c_read
                0x1004563c                i2c_write
                0x1004566c                i2c_setup_interrupt
                0x100458d8                i2c_init
 .text          0x10045be0       0x88 /home/leon/git/swp-report/iMX6_Platform_SDK/output/mx6sdl/lib/libboard_sabre_ai_rev_a.a(board_network.o)
                0x10045be0                imx_ar8031_iomux
                0x10045bf4                imx_KSZ9021RN_reset
                0x10045c04                imx_ar8031_reset
                0x10045c14                imx_enet_iomux
                0x10045c54                imx_enet_phy_reset
 .text          0x10045c68       0x84 /home/leon/git/swp-report/iMX6_Platform_SDK/output/mx6sdl/lib/libboard_sabre_ai_rev_a.a(i2c_iomux_config.o)
                0x10045c68                i2c_iomux_config
 *(.glue_7t)
 .glue_7t       0x00000000        0x0 linker stubs
 *(.glue_7)
 .glue_7        0x00000000        0x0 linker stubs
 *(.vfp11_veneer)
 .vfp11_veneer  0x00000000        0x0 linker stubs
 *(.ARM.extab* .gnu.linkonce.armextab.*)
 .ARM.extab.startup
                0x10045cec        0x0 /home/leon/git/swp-report/iMX6_Platform_SDK/output/mx6sdl/lib/libsdk.a(startup.o)
 .ARM.extab     0x10045cec        0x0 /home/leon/riotboard/arm-2012.09/bin/../lib/gcc/arm-none-eabi/4.7.2//libgcc.a(_divdi3.o)
 .ARM.extab     0x10045cec        0x0 /home/leon/riotboard/arm-2012.09/bin/../lib/gcc/arm-none-eabi/4.7.2//libgcc.a(_udivdi3.o)
 *(.gcc_except_table)

.v4_bx          0x10045cec        0x0
 .v4_bx         0x00000000        0x0 linker stubs

.iplt           0x10045cec        0x0
 .iplt          0x00000000        0x0 /home/leon/riotboard/arm-2012.09/bin/../lib/gcc/arm-none-eabi/4.7.2//crtbegin.o

.ctors
 *crtbegin.o(.ctors)
 *crtbegin?.o(.ctors)
 *(EXCLUDE_FILE(*crtend?.o *crtend.o) .ctors)
 *(SORT(.ctors.*))
 *(.ctors)

.dtors
 *crtbegin.o(.dtors)
 *crtbegin?.o(.dtors)
 *(EXCLUDE_FILE(*crtend?.o *crtend.o) .dtors)
 *(SORT(.dtors.*))
 *(.dtors)

.rodata         0x10045cf0     0x4d44
 *(.rodata .rodata.* .gnu.linkonce.r.*)
 .rodata        0x10045cf0       0xd0 /home/leon/git/swp-report/iMX6_Platform_SDK/output/mx6sdl/ping/sabre_ai_rev_a/obj/apps/ping/src/ping.o
 .rodata        0x10045dc0      0x130 /home/leon/git/swp-report/iMX6_Platform_SDK/output/mx6sdl/ping/sabre_ai_rev_a/obj/apps/ping/src/ping_main.o
                0x10045dc0                kMACAddress
 .rodata        0x10045ef0       0x34 /home/leon/git/swp-report/iMX6_Platform_SDK/output/mx6sdl/lib/libsdk.a(ccm_pll.o)
                0x10045ef0                PLL1_OUTPUT
                0x10045ef4                PLL2_OUTPUT
                0x10045f08                PLL3_OUTPUT
                0x10045f1c                PLL4_OUTPUT
                0x10045f20                PLL5_OUTPUT
 .rodata        0x10045f24       0x64 /home/leon/git/swp-report/iMX6_Platform_SDK/output/mx6sdl/lib/libsdk.a(gic.o)
 .rodata        0x10045f88       0xcc /home/leon/git/swp-report/iMX6_Platform_SDK/output/mx6sdl/lib/libsdk.a(system_util.o)
 .rodata        0x10046054       0xf4 /home/leon/git/swp-report/iMX6_Platform_SDK/output/mx6sdl/lib/libsdk.a(text_color.o)
                0x1004605c                g_TextAttributeDefault
                0x10046068                g_TextAttributeBold
                0x10046074                g_TextAttributeDim
                0x10046080                g_TextAttributeUnderline
                0x1004608c                g_TextAttributeBlink
                0x10046098                g_TextAttributeReverse
                0x100460a4                g_TextAttributeHidden
                0x100460b0                g_TextColorBlack
                0x100460bc                g_TextColorRed
                0x100460c8                g_TextColorGreen
                0x100460d4                g_TextColorYellow
                0x100460e0                g_TextColorBlue
                0x100460ec                g_TextColorMagenta
                0x100460f8                g_TextColorCyan
                0x10046104                g_TextColorWhite
                0x10046114                g_TextColorOrange
                0x10046124                g_TextColorLightBlue
                0x10046134                g_TextColorGray
                0x10046144                g_TextColorPurple
 .rodata        0x10046148      0x1c4 /home/leon/git/swp-report/iMX6_Platform_SDK/output/mx6sdl/lib/libsdk.a(enet_drv.o)
 .rodata        0x1004630c       0x20 /home/leon/git/swp-report/iMX6_Platform_SDK/output/mx6sdl/lib/libsdk.a(interrupt.o)
 .rodata        0x1004632c      0x230 /home/leon/git/swp-report/iMX6_Platform_SDK/output/mx6sdl/lib/libsdk.a(abort_handler.o)
 .rodata        0x1004655c       0x80 /home/leon/git/swp-report/iMX6_Platform_SDK/output/mx6sdl/lib/libboard_sabre_ai_rev_a.a(uart_iomux_config.o)
 .rodata        0x100465dc      0xa88 /home/leon/git/swp-report/iMX6_Platform_SDK/output/mx6sdl/lib/liblwip.a(dhcp.o)
 .rodata        0x10047064      0x114 /home/leon/git/swp-report/iMX6_Platform_SDK/output/mx6sdl/lib/liblwip.a(dns.o)
 .rodata        0x10047178       0x84 /home/leon/git/swp-report/iMX6_Platform_SDK/output/mx6sdl/lib/liblwip.a(inet_chksum.o)
 .rodata        0x100471fc      0x32c /home/leon/git/swp-report/iMX6_Platform_SDK/output/mx6sdl/lib/liblwip.a(autoip.o)
 .rodata        0x10047528      0x18c /home/leon/git/swp-report/iMX6_Platform_SDK/output/mx6sdl/lib/liblwip.a(igmp.o)
 .rodata        0x100476b4       0xb0 /home/leon/git/swp-report/iMX6_Platform_SDK/output/mx6sdl/lib/liblwip.a(ip4.o)
 .rodata        0x10047764       0x8c /home/leon/git/swp-report/iMX6_Platform_SDK/output/mx6sdl/lib/liblwip.a(ip4_addr.o)
                0x10047764                ip_addr_any
                0x10047768                ip_addr_broadcast
 .rodata        0x100477f0       0x1c /home/leon/git/swp-report/iMX6_Platform_SDK/output/mx6sdl/lib/liblwip.a(memp.o)
                0x100477f0                memp_sizes
 .rodata        0x1004780c      0x10c /home/leon/git/swp-report/iMX6_Platform_SDK/output/mx6sdl/lib/liblwip.a(netif.o)
 .rodata        0x10047918      0x4a8 /home/leon/git/swp-report/iMX6_Platform_SDK/output/mx6sdl/lib/liblwip.a(pbuf.o)
 .rodata        0x10047dc0       0x98 /home/leon/git/swp-report/iMX6_Platform_SDK/output/mx6sdl/lib/liblwip.a(raw.o)
 .rodata        0x10047e58      0x9cc /home/leon/git/swp-report/iMX6_Platform_SDK/output/mx6sdl/lib/liblwip.a(mib2.o)
                0x10047e58                snmp_scalar
                0x10047e6c                snmp_ids
                0x10047edc                snmp_nodes
                0x10047f4c                snmp
                0x10047f68                udpentry_ids
                0x10047f70                udpentry_nodes
                0x10047f78                udpentry
                0x10047f94                udp_scalar
                0x10047fa8                udp_ids
                0x10047fbc                udp_nodes
                0x10047fd0                udp
                0x10047fec                tcpconnentry_ids
                0x10048000                tcpconnentry_nodes
                0x10048014                tcpconnentry
                0x10048030                tcp_scalar
                0x10048044                tcp_ids
                0x10048080                tcp_nodes
                0x100480bc                tcp
                0x100480d8                icmp_scalar
                0x100480ec                icmp_ids
                0x10048154                icmp_nodes
                0x100481bc                icmp
                0x100481d8                ipntomentry_ids
                0x100481e8                ipntomentry_nodes
                0x100481f8                ipntomentry
                0x10048214                iprteentry_ids
                0x10048248                iprteentry_nodes
                0x1004827c                iprteentry
                0x10048298                ipaddrentry_ids
                0x100482ac                ipaddrentry_nodes
                0x100482c0                ipaddrentry
                0x100482dc                ip_scalar
                0x100482f0                ip_ids
                0x1004834c                ip_nodes
                0x100483a8                mib2_ip
                0x100483c4                atentry_ids
                0x100483d0                atentry_nodes
                0x100483dc                atentry
                0x100483f8                attable_id
                0x100483fc                attable_node
                0x10048400                attable
                0x1004841c                ifentry_ids
                0x10048474                ifentry_nodes
                0x100484cc                ifentry
                0x100484e8                interfaces_scalar
                0x100484fc                interfaces_ids
                0x10048504                interfaces_nodes
                0x1004850c                interfaces
                0x10048528                sys_tem_scalar
                0x1004853c                sys_tem_ids
                0x10048558                sys_tem_nodes
                0x10048574                sys_tem
                0x10048590                mib2_ids
                0x100485b0                mib2_nodes
                0x100485d0                mib2
                0x100485ec                mgmt_ids
                0x100485f0                mgmt_nodes
                0x100485f4                mgmt
                0x10048610                internet_ids
                0x10048614                internet_nodes
                0x10048618                internet
 .rodata        0x10048824       0xe0 /home/leon/git/swp-report/iMX6_Platform_SDK/output/mx6sdl/lib/liblwip.a(mib_structs.o)
                0x10048824                prefix
 .rodata        0x10048904       0xf0 /home/leon/git/swp-report/iMX6_Platform_SDK/output/mx6sdl/lib/liblwip.a(msg_in.o)
                0x10048904                snmp_version
                0x10048908                snmp_publiccommunity
 .rodata        0x100489f4      0x324 /home/leon/git/swp-report/iMX6_Platform_SDK/output/mx6sdl/lib/liblwip.a(stats.o)
 .rodata        0x10048d18      0x530 /home/leon/git/swp-report/iMX6_Platform_SDK/output/mx6sdl/lib/liblwip.a(tcp.o)
                0x10048d90                tcp_state_str
                0x10048dbc                tcp_backoff
                0x10048dcc                tcp_persist_backoff
                0x10048dd4                tcp_pcb_lists
 .rodata        0x10049248      0x340 /home/leon/git/swp-report/iMX6_Platform_SDK/output/mx6sdl/lib/liblwip.a(tcp_in.o)
 .rodata        0x10049588      0x424 /home/leon/git/swp-report/iMX6_Platform_SDK/output/mx6sdl/lib/liblwip.a(tcp_out.o)
 .rodata        0x100499ac       0xb0 /home/leon/git/swp-report/iMX6_Platform_SDK/output/mx6sdl/lib/liblwip.a(timers.o)
 .rodata        0x10049a5c       0xc0 /home/leon/git/swp-report/iMX6_Platform_SDK/output/mx6sdl/lib/liblwip.a(udp.o)
 .rodata        0x10049b1c      0x2c4 /home/leon/git/swp-report/iMX6_Platform_SDK/output/mx6sdl/lib/liblwip.a(etharp.o)
                0x10049b1c                ethbroadcast
                0x10049b24                ethzero
 .rodata        0x10049de0       0xb8 /home/leon/git/swp-report/iMX6_Platform_SDK/output/mx6sdl/lib/liblwip.a(mx6_ethernetif.o)
 .rodata        0x10049e98      0x18c /home/leon/git/swp-report/iMX6_Platform_SDK/output/mx6sdl/lib/liblwip.a(icmp.o)
 .rodata.str1.4
                0x1004a024       0x3f /home/leon/riotboard/arm-2012.09/bin/../arm-none-eabi/lib//libc.a(lib_a-assert.o)
                                 0x44 (size before relaxing)
 *fill*         0x1004a063        0x1 
 .rodata        0x1004a064        0x4 /home/leon/riotboard/arm-2012.09/bin/../arm-none-eabi/lib//libc.a(lib_a-impure.o)
                0x1004a064                _global_impure_ptr
 .rodata.str1.4
                0x1004a068        0x2 /home/leon/riotboard/arm-2012.09/bin/../arm-none-eabi/lib//libc.a(lib_a-impure.o)
                                  0x4 (size before relaxing)
 *fill*         0x1004a06a        0x2 
 .rodata        0x1004a06c       0x20 /home/leon/riotboard/arm-2012.09/bin/../arm-none-eabi/lib//libc.a(lib_a-vfiprintf.o)
 .rodata.str1.4
                0x1004a08c       0x2f /home/leon/riotboard/arm-2012.09/bin/../arm-none-eabi/lib//libc.a(lib_a-vfiprintf.o)
                                 0x30 (size before relaxing)
 *fill*         0x1004a0bb        0x1 
 .rodata        0x1004a0bc       0x20 /home/leon/riotboard/arm-2012.09/bin/../arm-none-eabi/lib//libc.a(lib_a-vfprintf.o)
 .rodata.str1.4
                0x1004a0dc       0x12 /home/leon/riotboard/arm-2012.09/bin/../arm-none-eabi/lib//libc.a(lib_a-vfprintf.o)
                                 0x44 (size before relaxing)
 *fill*         0x1004a0ee        0x2 
 .rodata.str1.4
                0x1004a0f0       0x10 /home/leon/riotboard/arm-2012.09/bin/../arm-none-eabi/lib//libc.a(lib_a-dtoa.o)
                                 0x14 (size before relaxing)
 .rodata.str1.4
                0x1004a100        0xc /home/leon/riotboard/arm-2012.09/bin/../arm-none-eabi/lib//libc.a(lib_a-locale.o)
                                 0x14 (size before relaxing)
 *fill*         0x1004a10c        0x4 
 .rodata        0x1004a110      0x128 /home/leon/riotboard/arm-2012.09/bin/../arm-none-eabi/lib//libc.a(lib_a-mprec.o)
                0x1004a120                __mprec_tens
                0x1004a1e8                __mprec_tinytens
                0x1004a210                __mprec_bigtens
 .rodata        0x1004a238       0x20 /home/leon/git/swp-report/iMX6_Platform_SDK/output/mx6sdl/lib/libsdk.a(runtime_support.o)
 .rodata        0x1004a258       0xe0 /home/leon/git/swp-report/iMX6_Platform_SDK/output/mx6sdl/lib/libsdk.a(gpio.o)
 .rodata        0x1004a338      0x380 /home/leon/git/swp-report/iMX6_Platform_SDK/output/mx6sdl/lib/libsdk.a(imx6sdl_gpio_map.o)
                0x1004a338                k_gpio_mux_registers
 .rodata        0x1004a6b8      0x2c4 /home/leon/git/swp-report/iMX6_Platform_SDK/output/mx6sdl/lib/libsdk.a(imx_i2c.o)
 .rodata        0x1004a97c       0x80 /home/leon/git/swp-report/iMX6_Platform_SDK/output/mx6sdl/lib/libboard_sabre_ai_rev_a.a(i2c_iomux_config.o)
                0x1004a9fc                . = ALIGN (0x4)
 *(.init)
 .init          0x1004a9fc        0xc /home/leon/riotboard/arm-2012.09/bin/../lib/gcc/arm-none-eabi/4.7.2//crti.o
                0x1004a9fc                _init
 .init          0x1004aa08        0xc /home/leon/riotboard/arm-2012.09/bin/../lib/gcc/arm-none-eabi/4.7.2//crtn.o
                0x1004aa14                . = ALIGN (0x4)
                0x1004aa14                __init_array_start = .
 *(SORT(.init_array.*))
 *(.init_array)
 .init_array    0x1004aa14        0x4 /home/leon/riotboard/arm-2012.09/bin/../lib/gcc/arm-none-eabi/4.7.2//crtbegin.o
                0x1004aa18                __init_array_end = .
                0x1004aa18                . = ALIGN (0x4)
 *(.fini)
 .fini          0x1004aa18        0xc /home/leon/riotboard/arm-2012.09/bin/../lib/gcc/arm-none-eabi/4.7.2//crti.o
                0x1004aa18                _fini
 .fini          0x1004aa24        0xc /home/leon/riotboard/arm-2012.09/bin/../lib/gcc/arm-none-eabi/4.7.2//crtn.o
                0x1004aa30                . = ALIGN (0x4)
                0x1004aa30                __fini_array_start = .
 *(.fini_array)
 .fini_array    0x1004aa30        0x4 /home/leon/riotboard/arm-2012.09/bin/../lib/gcc/arm-none-eabi/4.7.2//crtbegin.o
 *(SORT(.fini_array.*))
                0x1004aa34                __fini_array_end = .
                0x1004aa34                PROVIDE (__exidx_start, .)

.eh_frame       0x1004aa34        0x4
 .eh_frame      0x1004aa34        0x0 /home/leon/riotboard/arm-2012.09/bin/../lib/gcc/arm-none-eabi/4.7.2//crtbegin.o
 .eh_frame      0x1004aa34        0x4 /home/leon/riotboard/arm-2012.09/bin/../lib/gcc/arm-none-eabi/4.7.2//crtend.o

.ARM.exidx      0x1004aa38        0x8
 *(.ARM.exidx* .gnu.linkonce.armexidx.*)
 .ARM.exidx.startup
                0x1004aa38        0x8 /home/leon/git/swp-report/iMX6_Platform_SDK/output/mx6sdl/lib/libsdk.a(startup.o)
 .ARM.exidx     0x1004aa40        0x0 /home/leon/riotboard/arm-2012.09/bin/../lib/gcc/arm-none-eabi/4.7.2//libgcc.a(_divdi3.o)
                                  0x8 (size before relaxing)
 .ARM.exidx     0x1004aa40        0x0 /home/leon/riotboard/arm-2012.09/bin/../lib/gcc/arm-none-eabi/4.7.2//libgcc.a(_udivdi3.o)
                                  0x8 (size before relaxing)
                0x1004aa40                PROVIDE (__exidx_end, .)

.rel.dyn        0x1004aa40        0x0
 .rel.iplt      0x00000000        0x0 /home/leon/riotboard/arm-2012.09/bin/../lib/gcc/arm-none-eabi/4.7.2//crtbegin.o

.data           0x1004aa40      0xbfc
 *(.data .data.* .gnu.linkonce.d.*)
 .data          0x1004aa40        0x4 /home/leon/riotboard/arm-2012.09/bin/../lib/gcc/arm-none-eabi/4.7.2//crtbegin.o
                0x1004aa40                __dso_handle
 .data          0x1004aa44        0x0 /home/leon/riotboard/arm-2012.09/bin/../lib/gcc/arm-none-eabi/4.7.2//crti.o
 .data          0x1004aa44        0x0 /home/leon/riotboard/arm-2012.09/bin/../lib/gcc/arm-none-eabi/4.7.2//crtend.o
 .data          0x1004aa44        0x0 /home/leon/riotboard/arm-2012.09/bin/../lib/gcc/arm-none-eabi/4.7.2//crtn.o
 .data          0x1004aa44        0x0 /home/leon/git/swp-report/iMX6_Platform_SDK/output/mx6sdl/ping/sabre_ai_rev_a/obj/apps/common/ivt.o
 .data          0x1004aa44        0x0 /home/leon/git/swp-report/iMX6_Platform_SDK/output/mx6sdl/ping/sabre_ai_rev_a/obj/apps/common/platform_init.o
 .data          0x1004aa44        0x0 /home/leon/git/swp-report/iMX6_Platform_SDK/output/mx6sdl/ping/sabre_ai_rev_a/obj/apps/ping/src/ping.o
 .data          0x1004aa44        0x0 /home/leon/git/swp-report/iMX6_Platform_SDK/output/mx6sdl/ping/sabre_ai_rev_a/obj/apps/ping/src/ping_main.o
 .data          0x1004aa44        0x0 /home/leon/git/swp-report/iMX6_Platform_SDK/output/mx6sdl/lib/libsdk.a(ccm_pll.o)
 .data          0x1004aa44        0x0 /home/leon/git/swp-report/iMX6_Platform_SDK/output/mx6sdl/lib/libsdk.a(cortexA9.o)
 .data          0x1004aa44        0x0 /home/leon/git/swp-report/iMX6_Platform_SDK/output/mx6sdl/lib/libsdk.a(gic.o)
 .data          0x1004aa44        0x0 /home/leon/git/swp-report/iMX6_Platform_SDK/output/mx6sdl/lib/libsdk.a(mmu.o)
 .data          0x1004aa44        0x0 /home/leon/git/swp-report/iMX6_Platform_SDK/output/mx6sdl/lib/libsdk.a(startup.o)
 .data          0x1004aa44        0x0 /home/leon/git/swp-report/iMX6_Platform_SDK/output/mx6sdl/lib/libsdk.a(vectors.o)
 .data          0x1004aa44        0x0 /home/leon/git/swp-report/iMX6_Platform_SDK/output/mx6sdl/lib/libsdk.a(system_util.o)
 .data          0x1004aa44        0x4 /home/leon/git/swp-report/iMX6_Platform_SDK/output/mx6sdl/lib/libsdk.a(text_color.o)
                0x1004aa44                is_color_supported
 .data          0x1004aa48        0x0 /home/leon/git/swp-report/iMX6_Platform_SDK/output/mx6sdl/lib/libsdk.a(enet_drv.o)
 .data          0x1004aa48        0x0 /home/leon/git/swp-report/iMX6_Platform_SDK/output/mx6sdl/lib/libsdk.a(timer.o)
 .data          0x1004aa48        0x0 /home/leon/git/swp-report/iMX6_Platform_SDK/output/mx6sdl/lib/libsdk.a(imx_uart.o)
 .data          0x1004aa48        0x4 /home/leon/git/swp-report/iMX6_Platform_SDK/output/mx6sdl/lib/libsdk.a(arm_abort.o)
 .data          0x1004aa4c        0x0 /home/leon/git/swp-report/iMX6_Platform_SDK/output/mx6sdl/lib/libsdk.a(interrupt.o)
 .data          0x1004aa4c        0x0 /home/leon/git/swp-report/iMX6_Platform_SDK/output/mx6sdl/lib/libsdk.a(epit.o)
 .data          0x1004aa4c        0x0 /home/leon/git/swp-report/iMX6_Platform_SDK/output/mx6sdl/lib/libsdk.a(abort_handler.o)
 .data          0x1004aa4c        0x0 /home/leon/git/swp-report/iMX6_Platform_SDK/output/mx6sdl/lib/libboard_sabre_ai_rev_a.a(board_io_expanders.o)
 .data          0x1004aa4c        0x8 /home/leon/git/swp-report/iMX6_Platform_SDK/output/mx6sdl/lib/libboard_sabre_ai_rev_a.a(hardware_modules.o)
                0x1004aa4c                g_debug_uart_port
                0x1004aa50                g_system_timer_port
 .data          0x1004aa54        0x0 /home/leon/git/swp-report/iMX6_Platform_SDK/output/mx6sdl/lib/libboard_sabre_ai_rev_a.a(dcd.o)
 .data          0x1004aa54        0x0 /home/leon/git/swp-report/iMX6_Platform_SDK/output/mx6sdl/lib/libboard_sabre_ai_rev_a.a(i2c3_iomux_config.o)
 .data          0x1004aa54        0x0 /home/leon/git/swp-report/iMX6_Platform_SDK/output/mx6sdl/lib/libboard_sabre_ai_rev_a.a(uart_iomux_config.o)
 .data          0x1004aa54        0x0 /home/leon/git/swp-report/iMX6_Platform_SDK/output/mx6sdl/lib/libboard_sabre_ai_rev_a.a(iomux_config.o)
 .data          0x1004aa54        0x0 /home/leon/git/swp-report/iMX6_Platform_SDK/output/mx6sdl/lib/libboard_sabre_ai_rev_a.a(ipu1_iomux_config.o)
 .data          0x1004aa54        0x0 /home/leon/git/swp-report/iMX6_Platform_SDK/output/mx6sdl/lib/libboard_sabre_ai_rev_a.a(mlb_iomux_config.o)
 .data          0x1004aa54        0x0 /home/leon/git/swp-report/iMX6_Platform_SDK/output/mx6sdl/lib/libboard_sabre_ai_rev_a.a(mmdc_iomux_config.o)
 .data          0x1004aa54        0x0 /home/leon/git/swp-report/iMX6_Platform_SDK/output/mx6sdl/lib/libboard_sabre_ai_rev_a.a(pwm3_iomux_config.o)
 .data          0x1004aa54        0x0 /home/leon/git/swp-report/iMX6_Platform_SDK/output/mx6sdl/lib/libboard_sabre_ai_rev_a.a(pwm4_iomux_config.o)
 .data          0x1004aa54        0x0 /home/leon/git/swp-report/iMX6_Platform_SDK/output/mx6sdl/lib/libboard_sabre_ai_rev_a.a(sjc_iomux_config.o)
 .data          0x1004aa54        0x0 /home/leon/git/swp-report/iMX6_Platform_SDK/output/mx6sdl/lib/libboard_sabre_ai_rev_a.a(spdif_iomux_config.o)
 .data          0x1004aa54        0x0 /home/leon/git/swp-report/iMX6_Platform_SDK/output/mx6sdl/lib/libboard_sabre_ai_rev_a.a(uart2_iomux_config.o)
 .data          0x1004aa54        0x0 /home/leon/git/swp-report/iMX6_Platform_SDK/output/mx6sdl/lib/libboard_sabre_ai_rev_a.a(uart3_iomux_config.o)
 .data          0x1004aa54        0x0 /home/leon/git/swp-report/iMX6_Platform_SDK/output/mx6sdl/lib/libboard_sabre_ai_rev_a.a(uart4_iomux_config.o)
 .data          0x1004aa54        0x0 /home/leon/git/swp-report/iMX6_Platform_SDK/output/mx6sdl/lib/libboard_sabre_ai_rev_a.a(usdhc1_iomux_config.o)
 .data          0x1004aa54        0x0 /home/leon/git/swp-report/iMX6_Platform_SDK/output/mx6sdl/lib/libboard_sabre_ai_rev_a.a(usdhc3_iomux_config.o)
 .data          0x1004aa54        0x0 /home/leon/git/swp-report/iMX6_Platform_SDK/output/mx6sdl/lib/libboard_sabre_ai_rev_a.a(wdog1_iomux_config.o)
 .data          0x1004aa54        0x0 /home/leon/git/swp-report/iMX6_Platform_SDK/output/mx6sdl/lib/libboard_sabre_ai_rev_a.a(audmux_iomux_config.o)
 .data          0x1004aa54        0x0 /home/leon/git/swp-report/iMX6_Platform_SDK/output/mx6sdl/lib/libboard_sabre_ai_rev_a.a(ccm_iomux_config.o)
 .data          0x1004aa54        0x0 /home/leon/git/swp-report/iMX6_Platform_SDK/output/mx6sdl/lib/libboard_sabre_ai_rev_a.a(ecspi1_iomux_config.o)
 .data          0x1004aa54        0x0 /home/leon/git/swp-report/iMX6_Platform_SDK/output/mx6sdl/lib/libboard_sabre_ai_rev_a.a(eim_iomux_config.o)
 .data          0x1004aa54        0x0 /home/leon/git/swp-report/iMX6_Platform_SDK/output/mx6sdl/lib/libboard_sabre_ai_rev_a.a(enet_iomux_config.o)
 .data          0x1004aa54        0x0 /home/leon/git/swp-report/iMX6_Platform_SDK/output/mx6sdl/lib/libboard_sabre_ai_rev_a.a(esai_iomux_config.o)
 .data          0x1004aa54        0x0 /home/leon/git/swp-report/iMX6_Platform_SDK/output/mx6sdl/lib/libboard_sabre_ai_rev_a.a(flexcan1_iomux_config.o)
 .data          0x1004aa54        0x0 /home/leon/git/swp-report/iMX6_Platform_SDK/output/mx6sdl/lib/libboard_sabre_ai_rev_a.a(flexcan2_iomux_config.o)
 .data          0x1004aa54        0x0 /home/leon/git/swp-report/iMX6_Platform_SDK/output/mx6sdl/lib/libboard_sabre_ai_rev_a.a(gpio1_iomux_config.o)
 .data          0x1004aa54        0x0 /home/leon/git/swp-report/iMX6_Platform_SDK/output/mx6sdl/lib/libboard_sabre_ai_rev_a.a(gpio2_iomux_config.o)
 .data          0x1004aa54        0x0 /home/leon/git/swp-report/iMX6_Platform_SDK/output/mx6sdl/lib/libboard_sabre_ai_rev_a.a(gpio4_iomux_config.o)
 .data          0x1004aa54        0x0 /home/leon/git/swp-report/iMX6_Platform_SDK/output/mx6sdl/lib/libboard_sabre_ai_rev_a.a(gpio5_iomux_config.o)
 .data          0x1004aa54        0x0 /home/leon/git/swp-report/iMX6_Platform_SDK/output/mx6sdl/lib/libboard_sabre_ai_rev_a.a(gpio6_iomux_config.o)
 .data          0x1004aa54        0x0 /home/leon/git/swp-report/iMX6_Platform_SDK/output/mx6sdl/lib/libboard_sabre_ai_rev_a.a(gpmi_iomux_config.o)
 .data          0x1004aa54        0x0 /home/leon/git/swp-report/iMX6_Platform_SDK/output/mx6sdl/lib/libboard_sabre_ai_rev_a.a(i2c2_iomux_config.o)
 .data          0x1004aa54        0x0 /home/leon/git/swp-report/iMX6_Platform_SDK/output/mx6sdl/lib/liblwip.a(def.o)
 .data          0x1004aa54        0x0 /home/leon/git/swp-report/iMX6_Platform_SDK/output/mx6sdl/lib/liblwip.a(dhcp.o)
 .data          0x1004aa54        0x0 /home/leon/git/swp-report/iMX6_Platform_SDK/output/mx6sdl/lib/liblwip.a(dns.o)
 .data          0x1004aa54        0x0 /home/leon/git/swp-report/iMX6_Platform_SDK/output/mx6sdl/lib/liblwip.a(inet_chksum.o)
 .data          0x1004aa54        0x0 /home/leon/git/swp-report/iMX6_Platform_SDK/output/mx6sdl/lib/liblwip.a(init.o)
 .data          0x1004aa54        0x0 /home/leon/git/swp-report/iMX6_Platform_SDK/output/mx6sdl/lib/liblwip.a(autoip.o)
 .data          0x1004aa54        0x0 /home/leon/git/swp-report/iMX6_Platform_SDK/output/mx6sdl/lib/liblwip.a(igmp.o)
 .data          0x1004aa54        0x0 /home/leon/git/swp-report/iMX6_Platform_SDK/output/mx6sdl/lib/liblwip.a(ip4.o)
 .data          0x1004aa54        0x0 /home/leon/git/swp-report/iMX6_Platform_SDK/output/mx6sdl/lib/liblwip.a(ip4_addr.o)
 .data          0x1004aa54        0x0 /home/leon/git/swp-report/iMX6_Platform_SDK/output/mx6sdl/lib/liblwip.a(memp.o)
 .data          0x1004aa54        0x0 /home/leon/git/swp-report/iMX6_Platform_SDK/output/mx6sdl/lib/liblwip.a(netif.o)
 .data          0x1004aa54        0x0 /home/leon/git/swp-report/iMX6_Platform_SDK/output/mx6sdl/lib/liblwip.a(pbuf.o)
 .data          0x1004aa54        0x0 /home/leon/git/swp-report/iMX6_Platform_SDK/output/mx6sdl/lib/liblwip.a(raw.o)
 .data          0x1004aa54      0x308 /home/leon/git/swp-report/iMX6_Platform_SDK/output/mx6sdl/lib/liblwip.a(mib2.o)
                0x1004aa54                udp_root
                0x1004aa74                udptable_id
                0x1004aa78                udptable_node
                0x1004aa7c                udptable
                0x1004aa98                tcpconntree_root
                0x1004aab8                tcpconntable_id
                0x1004aabc                tcpconntable_node
                0x1004aac0                tcpconntable
                0x1004aadc                ipntomtree_root
                0x1004aafc                ipntomtable_id
                0x1004ab00                ipntomtable_node
                0x1004ab04                ipntomtable
                0x1004ab20                iprtetree_root
                0x1004ab40                iprtetable_id
                0x1004ab44                iprtetable_node
                0x1004ab48                iprtetable
                0x1004ab64                ipaddrtree_root
                0x1004ab84                ipaddrtable_id
                0x1004ab88                ipaddrtable_node
                0x1004ab8c                ipaddrtable
                0x1004aba8                arptree_root
                0x1004abc8                at_id
                0x1004abcc                mib2_at_node
                0x1004abd0                at
                0x1004abec                iflist_root
                0x1004ac0c                iftable_id
                0x1004ac10                iftable_node
                0x1004ac14                iftable
 .data          0x1004ad5c        0x0 /home/leon/git/swp-report/iMX6_Platform_SDK/output/mx6sdl/lib/liblwip.a(mib_structs.o)
 .data          0x1004ad5c        0x0 /home/leon/git/swp-report/iMX6_Platform_SDK/output/mx6sdl/lib/liblwip.a(msg_in.o)
 .data          0x1004ad5c        0x0 /home/leon/git/swp-report/iMX6_Platform_SDK/output/mx6sdl/lib/liblwip.a(msg_out.o)