Archive member included because of file (symbol)

/home/leon/git/swp-report/iMX6_Platform_SDK/output/mx6sdl/lib/libsdk.a(ccm_pll.o)
                              /home/leon/git/swp-report/iMX6_Platform_SDK/output/mx6sdl/ping/sabre_ai_rev_a/obj/apps/common/platform_init.o (ccm_init)
/home/leon/git/swp-report/iMX6_Platform_SDK/output/mx6sdl/lib/libsdk.a(cortexA9.o)
                              /home/leon/git/swp-report/iMX6_Platform_SDK/output/mx6sdl/ping/sabre_ai_rev_a/obj/apps/common/platform_init.o (arm_set_interrupt_state)
/home/leon/git/swp-report/iMX6_Platform_SDK/output/mx6sdl/lib/libsdk.a(gic.o)
                              /home/leon/git/swp-report/iMX6_Platform_SDK/output/mx6sdl/ping/sabre_ai_rev_a/obj/apps/common/platform_init.o (gic_init)
/home/leon/git/swp-report/iMX6_Platform_SDK/output/mx6sdl/lib/libsdk.a(mmu.o)
                              /home/leon/git/swp-report/iMX6_Platform_SDK/output/mx6sdl/ping/sabre_ai_rev_a/obj/apps/common/platform_init.o (mmu_init)
/home/leon/git/swp-report/iMX6_Platform_SDK/output/mx6sdl/lib/libsdk.a(startup.o)
                              (_start)
/home/leon/git/swp-report/iMX6_Platform_SDK/output/mx6sdl/lib/libsdk.a(vectors.o)
                              /home/leon/git/swp-report/iMX6_Platform_SDK/output/mx6sdl/lib/libsdk.a(startup.o) (vectors)
/home/leon/git/swp-report/iMX6_Platform_SDK/output/mx6sdl/lib/libsdk.a(system_util.o)
                              /home/leon/git/swp-report/iMX6_Platform_SDK/output/mx6sdl/lib/libsdk.a(startup.o) (_sys_exit)
/home/leon/git/swp-report/iMX6_Platform_SDK/output/mx6sdl/lib/libsdk.a(text_color.o)
                              /home/leon/git/swp-report/iMX6_Platform_SDK/output/mx6sdl/lib/libsdk.a(system_util.o) (g_TextAttributeBold)
/home/leon/git/swp-report/iMX6_Platform_SDK/output/mx6sdl/lib/libsdk.a(enet_drv.o)
                              /home/leon/git/swp-report/iMX6_Platform_SDK/output/mx6sdl/ping/sabre_ai_rev_a/obj/apps/ping/src/ping_main.o (imx_enet_get_phy_status)
/home/leon/git/swp-report/iMX6_Platform_SDK/output/mx6sdl/lib/libsdk.a(timer.o)
                              /home/leon/git/swp-report/iMX6_Platform_SDK/output/mx6sdl/ping/sabre_ai_rev_a/obj/apps/ping/src/ping_main.o (hal_delay_us)
/home/leon/git/swp-report/iMX6_Platform_SDK/output/mx6sdl/lib/libsdk.a(imx_uart.o)
                              /home/leon/git/swp-report/iMX6_Platform_SDK/output/mx6sdl/ping/sabre_ai_rev_a/obj/apps/common/platform_init.o (uart_getchar)
/home/leon/git/swp-report/iMX6_Platform_SDK/output/mx6sdl/lib/libsdk.a(arm_abort.o)
                              /home/leon/git/swp-report/iMX6_Platform_SDK/output/mx6sdl/lib/libsdk.a(vectors.o) (data_abort_handler)
/home/leon/git/swp-report/iMX6_Platform_SDK/output/mx6sdl/lib/libsdk.a(interrupt.o)
                              /home/leon/git/swp-report/iMX6_Platform_SDK/output/mx6sdl/lib/libsdk.a(vectors.o) (IRQ_HDLR)
/home/leon/git/swp-report/iMX6_Platform_SDK/output/mx6sdl/lib/libsdk.a(epit.o)
                              /home/leon/git/swp-report/iMX6_Platform_SDK/output/mx6sdl/lib/libsdk.a(timer.o) (epit_get_compare_event)
/home/leon/git/swp-report/iMX6_Platform_SDK/output/mx6sdl/lib/libsdk.a(abort_handler.o)
                              /home/leon/git/swp-report/iMX6_Platform_SDK/output/mx6sdl/lib/libsdk.a(arm_abort.o) (dump_regs)
/home/leon/git/swp-report/iMX6_Platform_SDK/output/mx6sdl/lib/libboard_sabre_ai_rev_a.a(board_io_expanders.o)
                              /home/leon/git/swp-report/iMX6_Platform_SDK/output/mx6sdl/ping/sabre_ai_rev_a/obj/apps/common/platform_init.o (board_ioexpander_init)
/home/leon/git/swp-report/iMX6_Platform_SDK/output/mx6sdl/lib/libboard_sabre_ai_rev_a.a(hardware_modules.o)
                              /home/leon/git/swp-report/iMX6_Platform_SDK/output/mx6sdl/ping/sabre_ai_rev_a/obj/apps/common/platform_init.o (g_debug_uart_port)
/home/leon/git/swp-report/iMX6_Platform_SDK/output/mx6sdl/lib/libboard_sabre_ai_rev_a.a(dcd.o)
                              /home/leon/git/swp-report/iMX6_Platform_SDK/output/mx6sdl/ping/sabre_ai_rev_a/obj/apps/common/ivt.o (input_dcd_hdr)
/home/leon/git/swp-report/iMX6_Platform_SDK/output/mx6sdl/lib/libboard_sabre_ai_rev_a.a(i2c3_iomux_config.o)
                              /home/leon/git/swp-report/iMX6_Platform_SDK/output/mx6sdl/lib/libboard_sabre_ai_rev_a.a(board_io_expanders.o) (i2c3_iomux_config)
/home/leon/git/swp-report/iMX6_Platform_SDK/output/mx6sdl/lib/libboard_sabre_ai_rev_a.a(uart_iomux_config.o)
                              /home/leon/git/swp-report/iMX6_Platform_SDK/output/mx6sdl/lib/libsdk.a(imx_uart.o) (uart_iomux_config)
/home/leon/git/swp-report/iMX6_Platform_SDK/output/mx6sdl/lib/libboard_sabre_ai_rev_a.a(iomux_config.o)
                              /home/leon/git/swp-report/iMX6_Platform_SDK/output/mx6sdl/lib/libboard_sabre_ai_rev_a.a(uart_iomux_config.o) (uart1_iomux_config)
/home/leon/git/swp-report/iMX6_Platform_SDK/output/mx6sdl/lib/libboard_sabre_ai_rev_a.a(ipu1_iomux_config.o)
[...]
Memory Configuration

Name             Origin             Length             Attributes
OCRAM            0x0000000000900000 0x0000000000020000 xrw
DDR              0x0000000010000000 0x0000000080000000 xrw
*default*        0x0000000000000000 0xffffffffffffffff

Linker script and memory map

LOAD /home/src/arm/target/bin/../lib/gcc/arm-none-eabi/4.8.2//crtbegin.o
LOAD /home/src/arm/target/bin/../lib/gcc/arm-none-eabi/4.8.2//crti.o
LOAD /home/src/arm/target/bin/../lib/gcc/arm-none-eabi/4.8.2//crtend.o
LOAD /home/src/arm/target/bin/../lib/gcc/arm-none-eabi/4.8.2//crtn.o

.l1_page_table  0x0000000000900000     0x4000
                0x0000000000900000                __l1_page_table_start = .
                0x0000000000904000                . = (. + 0x4000)
 *fill*         0x0000000000900000     0x4000 

.heap.ocram     0x0000000000904000    0x1bfb8
                0x0000000000904000                __heap_ocram_start = .
                0x000000000091ffb8                . = (. + 0x1bfb8)
 *fill*         0x0000000000904000    0x1bfb8 
                0x000000000091ffb8                __heap_ocram_end = .

.ram_vectors    0x000000000091ffb8       0x48
                0x000000000091ffb8                __ram_vectors_start = .
                0x0000000000920000                . = (. + 0x48)
 *fill*         0x000000000091ffb8       0x48 
                0x0000000000920000                __ram_vectors_end = .
                0x0000000010000000                _start_image_add = ORIGIN (DDR)

.ivt            0x0000000010000000      0x420
                0x0000000010000400                . = (. + 0x400)
 *fill*         0x0000000010000000      0x400 
 *(.ivt)
 .ivt           0x0000000010000400       0x20 /home/leon/git/swp-report/iMX6_Platform_SDK/output/mx6sdl/ping/sabre_ai_rev_a/obj/apps/common/ivt.o
                0x0000000010000400                input_ivt

.boot_data      0x0000000010000420        0xc
                0x0000000010000420                __start_boot_data = .
 *(.boot_data)
 .boot_data     0x0000000010000420        0xc /home/leon/git/swp-report/iMX6_Platform_SDK/output/mx6sdl/ping/sabre_ai_rev_a/obj/apps/common/ivt.o
                0x0000000010000420                bd

.dcd_hdr        0x0000000010000430        0x4
                0x0000000010000430                __start_dcd = .
 *(.dcd_hdr)
 .dcd_hdr       0x0000000010000430        0x4 /home/leon/git/swp-report/iMX6_Platform_SDK/output/mx6sdl/lib/libboard_sabre_ai_rev_a.a(dcd.o)
                0x0000000010000430                input_dcd_hdr

.dcd_wrt_cmd    0x0000000010000434        0x4
 *(.dcd_wrt_cmd)
 .dcd_wrt_cmd   0x0000000010000434        0x4 /home/leon/git/swp-report/iMX6_Platform_SDK/output/mx6sdl/lib/libboard_sabre_ai_rev_a.a(dcd.o)
                0x0000000010000434                input_dcd_wrt_cmd

.dcd_data       0x0000000010000438      0x298
 *(.dcd_data)
 .dcd_data      0x0000000010000438      0x298 /home/leon/git/swp-report/iMX6_Platform_SDK/output/mx6sdl/lib/libboard_sabre_ai_rev_a.a(dcd.o)
                0x0000000010000438                input_dcd

.text           0x00000000100006d0    0x4538c
 CREATE_OBJECT_SYMBOLS
 *(.startup)
 .startup       0x00000000100006d0      0x138 /home/leon/git/swp-report/iMX6_Platform_SDK/output/mx6sdl/lib/libsdk.a(startup.o)
                0x00000000100006d0                _start
 *(.text .text.* .gnu.linkonce.t.*)
 .text          0x0000000010000808      0x128 /home/src/arm/target/bin/../lib/gcc/arm-none-eabi/4.8.2//crtbegin.o
 .text          0x0000000010000930        0x0 /home/src/arm/target/bin/../lib/gcc/arm-none-eabi/4.8.2//crti.o
 .text          0x0000000010000930        0x0 /home/src/arm/target/bin/../lib/gcc/arm-none-eabi/4.8.2//crtend.o
 .text          0x0000000010000930        0x0 /home/src/arm/target/bin/../lib/gcc/arm-none-eabi/4.8.2//crtn.o
 .text          0x0000000010000930        0x0 /home/leon/git/swp-report/iMX6_Platform_SDK/output/mx6sdl/ping/sabre_ai_rev_a/obj/apps/common/ivt.o
 .text          0x0000000010000930       0x98 /home/leon/git/swp-report/iMX6_Platform_SDK/output/mx6sdl/ping/sabre_ai_rev_a/obj/apps/common/platform_init.o
                0x0000000010000930                platform_init
 .text          0x00000000100009c8      0x6ec /home/leon/git/swp-report/iMX6_Platform_SDK/output/mx6sdl/ping/sabre_ai_rev_a/obj/apps/ping/src/ping.o
                0x0000000010000f68                ping_send_now
                0x0000000010001018                ping_send_to
                0x00000000100010a0                ping_init
 .text          0x00000000100010b4      0x50c /home/leon/git/swp-report/iMX6_Platform_SDK/output/mx6sdl/ping/sabre_ai_rev_a/obj/apps/ping/src/ping_main.o
                0x00000000100010b4                netif_status_callback
                0x0000000010001164                netif_link_status_callback
                0x00000000100011d0                init_lwip
                0x000000001000130c                dns_found
                0x000000001000139c                get_target_address
                0x0000000010001428                ping_received
                0x00000000100014b0                run
                0x00000000100015a4                main
 .text          0x00000000100015c0      0xc50 /home/leon/git/swp-report/iMX6_Platform_SDK/output/mx6sdl/lib/libsdk.a(ccm_pll.o)
                0x00000000100015c0                ccm_init
                0x00000000100016e4                get_main_clock
                0x0000000010001970                get_peri_clock
                0x0000000010001b10                ccm_ccgr_config
                0x0000000010001b78                clock_gating_config
                0x0000000010001fb0                ccm_set_lpm_wakeup_source
                0x00000000100020a4                ccm_enter_low_power
                0x0000000010002114                ipu_hsp_clk_config
                0x0000000010002134                gpu_clock_config
 .text          0x0000000010002210      0x164 /home/leon/git/swp-report/iMX6_Platform_SDK/output/mx6sdl/lib/libsdk.a(cortexA9.o)
                0x0000000010002210                arm_set_interrupt_state
                0x0000000010002234                cpu_get_current
                0x0000000010002240                enable_neon_fpu
                0x000000001000225c                disable_strict_align_check
                0x0000000010002270                disable_L1_cache
                0x0000000010002290                get_arm_private_peripheral_base
                0x0000000010002298                arm_unified_tlb_invalidate
                0x00000000100022a8                arm_unified_tlb_invalidate_is
                0x00000000100022b8                arm_branch_prediction_enable
                0x00000000100022c8                arm_branch_prediction_disable
                0x00000000100022d8                arm_branch_target_cache_invalidate
                0x00000000100022e4                arm_branch_target_cache_invalidate_is
                0x00000000100022f0                scu_enable
                0x0000000010002304                scu_join_smp
                0x0000000010002314                scu_leave_smp
                0x0000000010002324                scu_get_cpus_in_smp
                0x0000000010002338                scu_enable_maintenance_broadcast
                0x0000000010002348                scu_disable_maintenance_broadcast
                0x0000000010002358                scu_secure_invalidate
 .text          0x0000000010002374      0x5e0 /home/leon/git/swp-report/iMX6_Platform_SDK/output/mx6sdl/lib/libsdk.a(gic.o)
                0x0000000010002458                gic_enable
                0x00000000100024b8                gic_set_irq_security
                0x0000000010002560                gic_enable_irq
                0x00000000100025dc                gic_set_irq_priority
                0x0000000010002624                gic_set_cpu_target
                0x0000000010002730                gic_send_sgi
                0x0000000010002784                gic_cpu_enable
                0x00000000100027e4                gic_set_cpu_priority_mask
                0x0000000010002818                gic_read_irq_ack
                0x0000000010002844                gic_write_end_of_irq
                0x0000000010002874                gic_init
                0x0000000010002918                gic_init_cpu
 .text          0x0000000010002954      0x458 /home/leon/git/swp-report/iMX6_Platform_SDK/output/mx6sdl/lib/libsdk.a(mmu.o)
                0x0000000010002954                mmu_enable
                0x000000001000298c                mmu_disable
                0x00000000100029c0                mmu_init
                0x0000000010002adc                mmu_map_l1_range
                0x0000000010002cf0                mmu_virtual_to_physical
 .text          0x0000000010002dac        0x0 /home/leon/git/swp-report/iMX6_Platform_SDK/output/mx6sdl/lib/libsdk.a(startup.o)
 .text          0x0000000010002dac        0x4 /home/leon/git/swp-report/iMX6_Platform_SDK/output/mx6sdl/lib/libsdk.a(vectors.o)
                0x0000000010002dac                exception_handler
 .text.vectors  0x0000000010002db0       0x48 /home/leon/git/swp-report/iMX6_Platform_SDK/output/mx6sdl/lib/libsdk.a(vectors.o)
                0x0000000010002db0                vectors
 .text          0x0000000010002df8      0x8fc /home/leon/git/swp-report/iMX6_Platform_SDK/output/mx6sdl/lib/libsdk.a(system_util.o)
                0x0000000010002df8                _sys_exit
                0x0000000010002e14                mybkpt
                0x0000000010002e1c                is_input_char
                0x0000000010002f9c                read_input_string
                0x000000001000327c                get_input_hex
                0x00000000100034f4                read_int
                0x0000000010003650                jump_to_sdp
 .text          0x00000000100036f4       0xdc /home/leon/git/swp-report/iMX6_Platform_SDK/output/mx6sdl/lib/libsdk.a(text_color.o)
                0x00000000100036f4                printf_color
                0x000000001000378c                get_color_supported
 .text          0x00000000100037d0     0x17e0 /home/leon/git/swp-report/iMX6_Platform_SDK/output/mx6sdl/lib/libsdk.a(enet_drv.o)
                0x00000000100037d0                imx_enet_mii_read
                0x00000000100038e0                imx_enet_mii_write
                0x0000000010003db4                enet_phy_rework_ar8031
                0x0000000010003f28                enet_phy_rework_ksz9021
                0x000000001000401c                imx_enet_phy_init
                0x000000001000429c                imx_enet_get_phy_status
                0x00000000100045c4                imx_enet_phy_enable_external_loopback
                0x00000000100046e0                imx_enet_poll
                0x00000000100047d8                imx_enet_send
                0x00000000100048f0                imx_enet_recv
                0x0000000010004acc                imx_enet_init
                0x0000000010004c20                imx_enet_start
                0x0000000010004cb4                imx_enet_stop
                0x0000000010004cf8                imx_enet_isolate_phy
                0x0000000010004d9c                imx_enet_unisolate_phy
                0x0000000010004e64                imx_enet_mii_type
 .text          0x0000000010004fb0      0x27c /home/leon/git/swp-report/iMX6_Platform_SDK/output/mx6sdl/lib/libsdk.a(timer.o)
                0x0000000010004fb0                hal_delay_us
                0x000000001000501c                system_time_init
                0x0000000010005178                time_get_microseconds
 .text          0x000000001000522c     0x281c /home/leon/git/swp-report/iMX6_Platform_SDK/output/mx6sdl/lib/libsdk.a(imx_uart.o)
                0x000000001000522c                uart_get_reffreq
                0x0000000010005328                uart_putchar
                0x0000000010005478                uart_getchar
                0x00000000100055d8                uart_set_FIFO_mode
                0x0000000010006100                uart_set_loopback_mode
                0x0000000010006354                uart_setup_interrupt
                0x0000000010006420                uart_init
 .text          0x0000000010007a48       0x98 /home/leon/git/swp-report/iMX6_Platform_SDK/output/mx6sdl/lib/libsdk.a(arm_abort.o)
                0x0000000010007a48                common_abort_handler
                0x0000000010007aa8                data_abort_handler
                0x0000000010007ac0                prefetch_abort_handler
 .text          0x0000000010007ae0      0x1b8 /home/leon/git/swp-report/iMX6_Platform_SDK/output/mx6sdl/lib/libsdk.a(interrupt.o)
                0x0000000010007ae0                IRQ_HDLR
                0x0000000010007ba4                disable_interrupt
                0x0000000010007be0                enable_interrupt
                0x0000000010007c38                register_interrupt_routine
                0x0000000010007c6c                default_interrupt_routine
 .text          0x0000000010007c98      0x8dc /home/leon/git/swp-report/iMX6_Platform_SDK/output/mx6sdl/lib/libsdk.a(epit.o)
                0x0000000010007c98                epit_reload_counter
                0x0000000010007cf8                epit_get_counter_value
                0x0000000010007d54                epit_set_compare_event
                0x0000000010007db4                epit_get_compare_event
                0x0000000010007eac                epit_counter_disable
                0x0000000010008070                epit_counter_enable
                0x00000000100082cc                epit_setup_interrupt
                0x000000001000835c                epit_init
 .text          0x0000000010008574      0x4bc /home/leon/git/swp-report/iMX6_Platform_SDK/output/mx6sdl/lib/libsdk.a(abort_handler.o)
                0x0000000010008574                dump_regs
 .text          0x0000000010008a30      0x10c /home/leon/git/swp-report/iMX6_Platform_SDK/output/mx6sdl/lib/libboard_sabre_ai_rev_a.a(board_io_expanders.o)
                0x0000000010008a30                board_ioexpander_init
                0x0000000010008b28                board_ioexpander_iomux_config
 .text          0x0000000010008b3c        0x0 /home/leon/git/swp-report/iMX6_Platform_SDK/output/mx6sdl/lib/libboard_sabre_ai_rev_a.a(hardware_modules.o)
 .text          0x0000000010008b3c        0x0 /home/leon/git/swp-report/iMX6_Platform_SDK/output/mx6sdl/lib/libboard_sabre_ai_rev_a.a(dcd.o)
 .text          0x0000000010008b3c       0x78 /home/leon/git/swp-report/iMX6_Platform_SDK/output/mx6sdl/lib/libboard_sabre_ai_rev_a.a(i2c3_iomux_config.o)
                0x0000000010008b3c                i2c3_iomux_config
 .text          0x0000000010008bb4       0x8c /home/leon/git/swp-report/iMX6_Platform_SDK/output/mx6sdl/lib/libboard_sabre_ai_rev_a.a(uart_iomux_config.o)
                0x0000000010008bb4                uart_iomux_config
 .text          0x0000000010008c40      0x2c4 /home/leon/git/swp-report/iMX6_Platform_SDK/output/mx6sdl/lib/libboard_sabre_ai_rev_a.a(iomux_config.o)
                0x0000000010008c40                iomux_config
                0x0000000010008cc4                arm_iomux_config
                0x0000000010008cd4                asrc_iomux_config
                0x0000000010008ce4                dcic1_iomux_config
                0x0000000010008cf4                dcic2_iomux_config
                0x0000000010008d04                ecspi2_iomux_config
                0x0000000010008d14                ecspi3_iomux_config
                0x0000000010008d24                ecspi4_iomux_config
                0x0000000010008d34                epdc_iomux_config
                0x0000000010008d44                epit1_iomux_config
                0x0000000010008d54                epit2_iomux_config
                0x0000000010008d64                gpio3_iomux_config
                0x0000000010008d74                gpio7_iomux_config
                0x0000000010008d84                gpt_iomux_config
                0x0000000010008d94                hdmi_iomux_config
                0x0000000010008da4                i2c1_iomux_config
                0x0000000010008db4                i2c4_iomux_config
                0x0000000010008dc4                kpp_iomux_config
                0x0000000010008dd4                lcd_iomux_config
                0x0000000010008de4                ldb_iomux_config
                0x0000000010008df4                mipi_csi_iomux_config
                0x0000000010008e04                mipi_dsi_iomux_config
                0x0000000010008e14                mipi_hsi_iomux_config
                0x0000000010008e24                pcie_iomux_config
                0x0000000010008e34                pmu_iomux_config
                0x0000000010008e44                pwm1_iomux_config
                0x0000000010008e54                pwm2_iomux_config
                0x0000000010008e64                sdma_iomux_config
                0x0000000010008e74                snvs_iomux_config
                0x0000000010008e84                src_iomux_config
                0x0000000010008e94                uart1_iomux_config
                0x0000000010008ea4                uart5_iomux_config
                0x0000000010008eb4                usb_iomux_config
                0x0000000010008ec4                usdhc2_iomux_config
                0x0000000010008ed4                usdhc4_iomux_config
                0x0000000010008ee4                wdog2_iomux_config
                0x0000000010008ef4                xtalosc_iomux_config
 .text          0x0000000010008f04      0x5f8 /home/leon/git/swp-report/iMX6_Platform_SDK/output/mx6sdl/lib/libboard_sabre_ai_rev_a.a(ipu1_iomux_config.o)
                0x0000000010008f04                ipu1_iomux_config
 .text          0x00000000100094fc       0xac /home/leon/git/swp-report/iMX6_Platform_SDK/output/mx6sdl/lib/libboard_sabre_ai_rev_a.a(mlb_iomux_config.o)
                0x00000000100094fc                mlb_iomux_config
 .text          0x00000000100095a8     0x2484 /home/leon/git/swp-report/iMX6_Platform_SDK/output/mx6sdl/lib/libboard_sabre_ai_rev_a.a(mmdc_iomux_config.o)
                0x00000000100095a8                mmdc_iomux_config
 .text          0x000000001000ba2c       0x34 /home/leon/git/swp-report/iMX6_Platform_SDK/output/mx6sdl/lib/libboard_sabre_ai_rev_a.a(pwm3_iomux_config.o)
                0x000000001000ba2c                pwm3_iomux_config
 .text          0x000000001000ba60       0x34 /home/leon/git/swp-report/iMX6_Platform_SDK/output/mx6sdl/lib/libboard_sabre_ai_rev_a.a(pwm4_iomux_config.o)
                0x000000001000ba60                pwm4_iomux_config
 .text          0x000000001000ba94       0x70 /home/leon/git/swp-report/iMX6_Platform_SDK/output/mx6sdl/lib/libboard_sabre_ai_rev_a.a(sjc_iomux_config.o)
                0x000000001000ba94                sjc_iomux_config
 .text          0x000000001000bb04       0x40 /home/leon/git/swp-report/iMX6_Platform_SDK/output/mx6sdl/lib/libboard_sabre_ai_rev_a.a(spdif_iomux_config.o)
                0x000000001000bb04                spdif_iomux_config
 .text          0x000000001000bb44       0xe0 /home/leon/git/swp-report/iMX6_Platform_SDK/output/mx6sdl/lib/libboard_sabre_ai_rev_a.a(uart2_iomux_config.o)
                0x000000001000bb44                uart2_iomux_config
 .text          0x000000001000bc24       0xe0 /home/leon/git/swp-report/iMX6_Platform_SDK/output/mx6sdl/lib/libboard_sabre_ai_rev_a.a(uart3_iomux_config.o)
                0x000000001000bc24                uart3_iomux_config
 .text          0x000000001000bd04       0x78 /home/leon/git/swp-report/iMX6_Platform_SDK/output/mx6sdl/lib/libboard_sabre_ai_rev_a.a(uart4_iomux_config.o)
                0x000000001000bd04                uart4_iomux_config
 .text          0x000000001000bd7c      0x1ac /home/leon/git/swp-report/iMX6_Platform_SDK/output/mx6sdl/lib/libboard_sabre_ai_rev_a.a(usdhc1_iomux_config.o)
                0x000000001000bd7c                usdhc1_iomux_config
 .text          0x000000001000bf28      0x1d0 /home/leon/git/swp-report/iMX6_Platform_SDK/output/mx6sdl/lib/libboard_sabre_ai_rev_a.a(usdhc3_iomux_config.o)
                0x000000001000bf28                usdhc3_iomux_config
 .text          0x000000001000c0f8       0x34 /home/leon/git/swp-report/iMX6_Platform_SDK/output/mx6sdl/lib/libboard_sabre_ai_rev_a.a(wdog1_iomux_config.o)
                0x000000001000c0f8                wdog1_iomux_config
 .text          0x000000001000c12c      0x13c /home/leon/git/swp-report/iMX6_Platform_SDK/output/mx6sdl/lib/libboard_sabre_ai_rev_a.a(audmux_iomux_config.o)
                0x000000001000c12c                audmux_iomux_config
 .text          0x000000001000c268       0x34 /home/leon/git/swp-report/iMX6_Platform_SDK/output/mx6sdl/lib/libboard_sabre_ai_rev_a.a(ccm_iomux_config.o)
                0x000000001000c268                ccm_iomux_config
 .text          0x000000001000c29c      0x104 /home/leon/git/swp-report/iMX6_Platform_SDK/output/mx6sdl/lib/libboard_sabre_ai_rev_a.a(ecspi1_iomux_config.o)
                0x000000001000c29c                ecspi1_iomux_config
 .text          0x000000001000c3a0      0x5f0 /home/leon/git/swp-report/iMX6_Platform_SDK/output/mx6sdl/lib/libboard_sabre_ai_rev_a.a(eim_iomux_config.o)
                0x000000001000c3a0                eim_iomux_config
 .text          0x000000001000c990      0x3bc /home/leon/git/swp-report/iMX6_Platform_SDK/output/mx6sdl/lib/libboard_sabre_ai_rev_a.a(enet_iomux_config.o)
                0x000000001000c990                enet_iomux_config
 .text          0x000000001000cd4c      0x218 /home/leon/git/swp-report/iMX6_Platform_SDK/output/mx6sdl/lib/libboard_sabre_ai_rev_a.a(esai_iomux_config.o)
                0x000000001000cd4c                esai_iomux_config
 .text          0x000000001000cf64       0x68 /home/leon/git/swp-report/iMX6_Platform_SDK/output/mx6sdl/lib/libboard_sabre_ai_rev_a.a(flexcan1_iomux_config.o)
                0x000000001000cf64                flexcan1_iomux_config
 .text          0x000000001000cfcc       0x68 /home/leon/git/swp-report/iMX6_Platform_SDK/output/mx6sdl/lib/libboard_sabre_ai_rev_a.a(flexcan2_iomux_config.o)
                0x000000001000cfcc                flexcan2_iomux_config
 .text          0x000000001000d034      0x130 /home/leon/git/swp-report/iMX6_Platform_SDK/output/mx6sdl/lib/libboard_sabre_ai_rev_a.a(gpio1_iomux_config.o)
                0x000000001000d034                gpio1_iomux_config
 .text          0x000000001000d164       0xfc /home/leon/git/swp-report/iMX6_Platform_SDK/output/mx6sdl/lib/libboard_sabre_ai_rev_a.a(gpio2_iomux_config.o)
                0x000000001000d164                gpio2_iomux_config
 .text          0x000000001000d260       0x34 /home/leon/git/swp-report/iMX6_Platform_SDK/output/mx6sdl/lib/libboard_sabre_ai_rev_a.a(gpio4_iomux_config.o)
                0x000000001000d260                gpio4_iomux_config
 .text          0x000000001000d294       0xc4 /home/leon/git/swp-report/iMX6_Platform_SDK/output/mx6sdl/lib/libboard_sabre_ai_rev_a.a(gpio5_iomux_config.o)
                0x000000001000d294                gpio5_iomux_config
 .text          0x000000001000d358       0x54 /home/leon/git/swp-report/iMX6_Platform_SDK/output/mx6sdl/lib/libboard_sabre_ai_rev_a.a(gpio6_iomux_config.o)
                0x000000001000d358                gpio6_iomux_config
 .text          0x000000001000d3ac      0x274 /home/leon/git/swp-report/iMX6_Platform_SDK/output/mx6sdl/lib/libboard_sabre_ai_rev_a.a(gpmi_iomux_config.o)
                0x000000001000d3ac                gpmi_iomux_config
 .text          0x000000001000d620       0x78 /home/leon/git/swp-report/iMX6_Platform_SDK/output/mx6sdl/lib/libboard_sabre_ai_rev_a.a(i2c2_iomux_config.o)
                0x000000001000d620                i2c2_iomux_config
 .text          0x000000001000d698      0x100 /home/leon/git/swp-report/iMX6_Platform_SDK/output/mx6sdl/lib/liblwip.a(def.o)
                0x000000001000d698                lwip_htons
                0x000000001000d6e4                lwip_ntohs
                0x000000001000d718                lwip_htonl
                0x000000001000d76c                lwip_ntohl
 .text          0x000000001000d798     0x3a44 /home/leon/git/swp-report/iMX6_Platform_SDK/output/mx6sdl/lib/liblwip.a(dhcp.o)
                0x000000001000dbc4                dhcp_coarse_tmr
                0x000000001000dc84                dhcp_fine_tmr
                0x000000001000e1f8                dhcp_set_struct
                0x000000001000e2e0                dhcp_cleanup
                0x000000001000e360                dhcp_start
                0x000000001000e620                dhcp_inform
                0x000000001000e7f4                dhcp_network_changed
                0x000000001000e8d0                dhcp_arp_reply
                0x000000001000f038                dhcp_renew
                0x000000001000f550                dhcp_release
                0x000000001000f76c                dhcp_stop
 .text          0x00000000100111dc     0x10ac /home/leon/git/swp-report/iMX6_Platform_SDK/output/mx6sdl/lib/liblwip.a(dns.o)
                0x00000000100111dc                dns_init
                0x00000000100112b4                dns_setserver
                0x0000000010011338                dns_getserver
                0x0000000010011388                dns_tmr
                0x00000000100121a8                dns_gethostbyname
 .text          0x0000000010012288      0x7fc /home/leon/git/swp-report/iMX6_Platform_SDK/output/mx6sdl/lib/liblwip.a(inet_chksum.o)
                0x0000000010012288                lwip_standard_chksum
                0x000000001001256c                inet_chksum_pseudo
                0x000000001001284c                inet_chksum_pseudo_partial
                0x0000000010012928                inet_chksum
                0x000000001001296c                inet_chksum_pbuf
 .text          0x0000000010012a84       0x30 /home/leon/git/swp-report/iMX6_Platform_SDK/output/mx6sdl/lib/liblwip.a(init.o)
                0x0000000010012a84                lwip_init
 .text          0x0000000010012ab4      0xcbc /home/leon/git/swp-report/iMX6_Platform_SDK/output/mx6sdl/lib/liblwip.a(autoip.o)
                0x0000000010012ab4                autoip_set_struct
                0x0000000010012f6c                autoip_start
                0x00000000100131f8                autoip_network_changed
                0x0000000010013248                autoip_stop
                0x0000000010013288                autoip_tmr
                0x00000000100135d4                autoip_arp_reply
 .text          0x0000000010013770     0x11b4 /home/leon/git/swp-report/iMX6_Platform_SDK/output/mx6sdl/lib/liblwip.a(igmp.o)
                0x0000000010013770                igmp_init
                0x00000000100137a8                igmp_dump_group_list
                0x00000000100137ec                igmp_start
                0x000000001001388c                igmp_stop
                0x0000000010013988                igmp_report_groups
                0x00000000100139f0                igmp_lookfor_group
                0x0000000010013c4c                igmp_input
                0x000000001001405c                igmp_joingroup
                0x0000000010014260                igmp_leavegroup
                0x000000001001444c                igmp_tmr
 .text          0x0000000010014924     0x11d0 /home/leon/git/swp-report/iMX6_Platform_SDK/output/mx6sdl/lib/liblwip.a(ip4.o)
                0x0000000010014924                ip_route
                0x0000000010014a18                ip_input
                0x00000000100151ac                ip_output_if
                0x0000000010015218                ip_output_if_opt
                0x0000000010015924                ip_output
                0x00000000100159fc                ip_output_hinted
 .text          0x0000000010015af4      0x788 /home/leon/git/swp-report/iMX6_Platform_SDK/output/mx6sdl/lib/liblwip.a(ip4_addr.o)
                0x0000000010015af4                ip4_addr_isbroadcast
                0x0000000010015bd0                ip4_addr_netmask_valid
                0x0000000010015c74                ipaddr_addr
                0x0000000010015cbc                ipaddr_aton
                0x000000001001607c                ipaddr_ntoa
                0x00000000100160b4                ipaddr_ntoa_r
 .text          0x000000001001627c        0x0 /home/leon/git/swp-report/iMX6_Platform_SDK/output/mx6sdl/lib/liblwip.a(memp.o)
 .text          0x000000001001627c      0xdcc /home/leon/git/swp-report/iMX6_Platform_SDK/output/mx6sdl/lib/liblwip.a(netif.o)
                0x000000001001627c                netif_init
                0x000000001001628c                netif_add
                0x0000000010016450                netif_set_addr
                0x000000001001649c                netif_remove
                0x00000000100165c4                netif_find
                0x000000001001668c                netif_set_ipaddr
                0x000000001001681c                netif_set_gw
                0x0000000010016860                netif_set_netmask
                0x00000000100168bc                netif_set_default
                0x0000000010016910                netif_set_up
                0x00000000100169f0                netif_set_down
                0x0000000010016a84                netif_set_status_callback
                0x0000000010016abc                netif_set_link_up
                0x0000000010016bb0                netif_set_link_down
                0x0000000010016c18                netif_set_link_callback
                0x0000000010016c50                netif_loop_output
                0x0000000010016e4c                netif_poll
                0x0000000010016ffc                netif_poll_all
 .text          0x0000000010017048     0x1b2c /home/leon/git/swp-report/iMX6_Platform_SDK/output/mx6sdl/lib/liblwip.a(pbuf.o)
                0x0000000010017048                pbuf_free_ooseq
                0x00000000100170ec                pbuf_alloc
                0x000000001001769c                pbuf_realloc
                0x0000000010017910                pbuf_header
                0x0000000010017b34                pbuf_free
                0x0000000010017d10                pbuf_clen
                0x0000000010017d64                pbuf_ref
                0x0000000010017da4                pbuf_cat
                0x0000000010017efc                pbuf_chain
                0x0000000010017f30                pbuf_dechain
                0x0000000010018070                pbuf_copy
                0x0000000010018398                pbuf_copy_partial
                0x0000000010018564                pbuf_take
                0x0000000010018760                pbuf_coalesce
                0x000000001001882c                pbuf_get_at
                0x00000000100188e4                pbuf_memcmp
                0x0000000010018a10                pbuf_memfind
                0x0000000010018ad4                pbuf_strstr
 .text          0x0000000010018b74      0x5e4 /home/leon/git/swp-report/iMX6_Platform_SDK/output/mx6sdl/lib/liblwip.a(raw.o)
                0x0000000010018b74                raw_input
                0x0000000010018cf0                raw_bind
                0x0000000010018d40                raw_connect
                0x0000000010018d90                raw_recv
                0x0000000010018dcc                raw_sendto
                0x0000000010018fc4                raw_send
                0x0000000010019004                raw_remove
                0x00000000100190c0                raw_new
 .text          0x0000000010019158     0x5ef8 /home/leon/git/swp-report/iMX6_Platform_SDK/output/mx6sdl/lib/liblwip.a(mib2.o)
                0x00000000100191c4                objectidncpy
                0x0000000010019230                snmp_set_sysdesr
                0x000000001001927c                snmp_get_sysobjid_ptr
                0x00000000100192a8                snmp_set_sysobjid
                0x00000000100192e8                snmp_inc_sysuptime
                0x0000000010019314                snmp_add_sysuptime
                0x0000000010019350                snmp_get_sysuptime
                0x00000000100193a4                snmp_set_syscontact
                0x00000000100193f0                snmp_set_sysname
                0x000000001001943c                snmp_set_syslocation
                0x0000000010019488                snmp_add_ifinoctets
                0x00000000100194c0                snmp_inc_ifinucastpkts
                0x00000000100194f0                snmp_inc_ifinnucastpkts
                0x0000000010019520                snmp_inc_ifindiscards
                0x0000000010019550                snmp_add_ifoutoctets
                0x0000000010019588                snmp_inc_ifoutucastpkts
                0x00000000100195b8                snmp_inc_ifoutnucastpkts
                0x00000000100195e8                snmp_inc_ifoutdiscards
                0x0000000010019618                snmp_inc_iflist
                0x0000000010019670                snmp_dec_iflist
                0x00000000100196c0                snmp_insert_arpidx_tree
                0x00000000100198dc                snmp_delete_arpidx_tree
                0x0000000010019b8c                snmp_inc_ipinreceives
                0x0000000010019bb8                snmp_inc_ipinhdrerrors
                0x0000000010019be4                snmp_inc_ipinaddrerrors
                0x0000000010019c10                snmp_inc_ipforwdatagrams
                0x0000000010019c3c                snmp_inc_ipinunknownprotos
                0x0000000010019c68                snmp_inc_ipindiscards
                0x0000000010019c94                snmp_inc_ipindelivers
                0x0000000010019cc0                snmp_inc_ipoutrequests
                0x0000000010019cec                snmp_inc_ipoutdiscards
                0x0000000010019d18                snmp_inc_ipoutnoroutes
                0x0000000010019d44                snmp_inc_ipreasmreqds
                0x0000000010019d70                snmp_inc_ipreasmoks
                0x0000000010019d9c                snmp_inc_ipreasmfails
                0x0000000010019dc8                snmp_inc_ipfragoks
                0x0000000010019df4                snmp_inc_ipfragfails
                0x0000000010019e20                snmp_inc_ipfragcreates
                0x0000000010019e4c                snmp_inc_iproutingdiscards
                0x0000000010019e78                snmp_insert_ipaddridx_tree
                0x000000001001a004                snmp_delete_ipaddridx_tree
                0x000000001001a278                snmp_insert_iprteidx_tree
                0x000000001001a430                snmp_delete_iprteidx_tree
                0x000000001001a6d0                snmp_inc_icmpinmsgs
                0x000000001001a6fc                snmp_inc_icmpinerrors
                0x000000001001a728                snmp_inc_icmpindestunreachs
                0x000000001001a754                snmp_inc_icmpintimeexcds
                0x000000001001a780                snmp_inc_icmpinparmprobs
                0x000000001001a7ac                snmp_inc_icmpinsrcquenchs
                0x000000001001a7d8                snmp_inc_icmpinredirects
                0x000000001001a804                snmp_inc_icmpinechos
                0x000000001001a830                snmp_inc_icmpinechoreps
                0x000000001001a85c                snmp_inc_icmpintimestamps
                0x000000001001a888                snmp_inc_icmpintimestampreps
                0x000000001001a8b4                snmp_inc_icmpinaddrmasks
                0x000000001001a8e0                snmp_inc_icmpinaddrmaskreps
                0x000000001001a90c                snmp_inc_icmpoutmsgs
                0x000000001001a938                snmp_inc_icmpouterrors
                0x000000001001a964                snmp_inc_icmpoutdestunreachs
                0x000000001001a990                snmp_inc_icmpouttimeexcds
                0x000000001001a9bc                snmp_inc_icmpoutparmprobs
                0x000000001001a9e8                snmp_inc_icmpoutsrcquenchs
                0x000000001001aa14                snmp_inc_icmpoutredirects
                0x000000001001aa40                snmp_inc_icmpoutechos
                0x000000001001aa6c                snmp_inc_icmpoutechoreps
                0x000000001001aa98                snmp_inc_icmpouttimestamps
                0x000000001001aac4                snmp_inc_icmpouttimestampreps
                0x000000001001aaf0                snmp_inc_icmpoutaddrmasks
                0x000000001001ab1c                snmp_inc_icmpoutaddrmaskreps
                0x000000001001ab48                snmp_inc_tcpactiveopens
                0x000000001001ab74                snmp_inc_tcppassiveopens
                0x000000001001aba0                snmp_inc_tcpattemptfails
                0x000000001001abcc                snmp_inc_tcpestabresets
                0x000000001001abf8                snmp_inc_tcpinsegs
                0x000000001001ac24                snmp_inc_tcpoutsegs
                0x000000001001ac50                snmp_inc_tcpretranssegs
                0x000000001001ac7c                snmp_inc_tcpinerrs
                0x000000001001aca8                snmp_inc_tcpoutrsts
                0x000000001001acd4                snmp_inc_udpindatagrams
                0x000000001001ad00                snmp_inc_udpnoports
                0x000000001001ad2c                snmp_inc_udpinerrors
                0x000000001001ad58                snmp_inc_udpoutdatagrams
                0x000000001001ad84                snmp_insert_udpidx_tree
                0x000000001001af18                snmp_delete_udpidx_tree
                0x000000001001b210                snmp_inc_snmpinpkts
                0x000000001001b23c                snmp_inc_snmpoutpkts
                0x000000001001b268                snmp_inc_snmpinbadversions
                0x000000001001b294                snmp_inc_snmpinbadcommunitynames
                0x000000001001b2c0                snmp_inc_snmpinbadcommunityuses
                0x000000001001b2ec                snmp_inc_snmpinasnparseerrs
                0x000000001001b318                snmp_inc_snmpintoobigs
                0x000000001001b344                snmp_inc_snmpinnosuchnames
                0x000000001001b370                snmp_inc_snmpinbadvalues
                0x000000001001b39c                snmp_inc_snmpinreadonlys
                0x000000001001b3c8                snmp_inc_snmpingenerrs
                0x000000001001b3f4                snmp_add_snmpintotalreqvars
                0x000000001001b434                snmp_add_snmpintotalsetvars
                0x000000001001b474                snmp_inc_snmpingetrequests
                0x000000001001b4a0                snmp_inc_snmpingetnexts
                0x000000001001b4cc                snmp_inc_snmpinsetrequests
                0x000000001001b4f8                snmp_inc_snmpingetresponses
                0x000000001001b524                snmp_inc_snmpintraps
                0x000000001001b550                snmp_inc_snmpouttoobigs
                0x000000001001b57c                snmp_inc_snmpoutnosuchnames
                0x000000001001b5a8                snmp_inc_snmpoutbadvalues
                0x000000001001b5d4                snmp_inc_snmpoutgenerrs
                0x000000001001b600                snmp_inc_snmpoutgetrequests
                0x000000001001b62c                snmp_inc_snmpoutgetnexts
                0x000000001001b658                snmp_inc_snmpoutsetrequests
                0x000000001001b684                snmp_inc_snmpoutgetresponses
                0x000000001001b6b0                snmp_inc_snmpouttraps
                0x000000001001b6dc                snmp_get_snmpgrpid_ptr
                0x000000001001b708                snmp_set_snmpenableauthentraps
                0x000000001001b740                snmp_get_snmpenableauthentraps
                0x000000001001b774                noleafs_get_object_def
                0x000000001001b7a8                noleafs_get_value
                0x000000001001b7d0                noleafs_set_test
                0x000000001001b800                noleafs_set_value
 .text          0x000000001001f050     0x1e60 /home/leon/git/swp-report/iMX6_Platform_SDK/output/mx6sdl/lib/liblwip.a(mib_structs.o)
                0x000000001001f1a4                snmp_ifindextonetif
                0x000000001001f22c                snmp_netiftoifindex
                0x000000001001f2ac                snmp_oidtoip
                0x000000001001f324                snmp_iptooid
                0x000000001001f3a0                snmp_mib_ln_alloc
                0x000000001001f418                snmp_mib_ln_free
                0x000000001001f43c                snmp_mib_lrn_alloc
                0x000000001001f4fc                snmp_mib_lrn_free
                0x000000001001f520                snmp_mib_node_insert
                0x000000001001f7f8                snmp_mib_node_find
                0x000000001001f92c                snmp_mib_node_delete
                0x000000001001fad0                snmp_search_tree
                0x000000001001ffbc                snmp_expand_tree
                0x0000000010020d00                snmp_iso_prefix_tst
                0x0000000010020d8c                snmp_iso_prefix_expand
 .text          0x0000000010020eb0     0x302c /home/leon/git/swp-report/iMX6_Platform_SDK/output/mx6sdl/lib/liblwip.a(msg_in.o)
                0x0000000010020eb0                snmp_init
                0x0000000010022698                snmp_msg_event
                0x0000000010023ab0                snmp_varbind_alloc
                0x0000000010023cec                snmp_varbind_free
                0x0000000010023d50                snmp_varbind_list_free
                0x0000000010023dc8                snmp_varbind_tail_add
                0x0000000010023e58                snmp_varbind_tail_remove
 .text          0x0000000010023edc     0x1bcc /home/leon/git/swp-report/iMX6_Platform_SDK/output/mx6sdl/lib/liblwip.a(msg_out.o)
                0x0000000010023edc                snmp_trap_dst_enable
                0x0000000010023f34                snmp_trap_dst_ip_set
                0x0000000010023f90                snmp_send_response
                0x00000000100241a4                snmp_send_trap
                0x00000000100243ec                snmp_coldstart_trap
                0x000000001002443c                snmp_authfail_trap
 .text          0x0000000010025aa8      0x6c8 /home/leon/git/swp-report/iMX6_Platform_SDK/output/mx6sdl/lib/liblwip.a(stats.o)
                0x0000000010025aa8                stats_init
                0x0000000010025b70                stats_display_proto
                0x0000000010025cc0                stats_display_igmp
                0x0000000010025e40                stats_display_mem
                0x0000000010025ed0                stats_display_memp
                0x0000000010025f54                stats_display_sys
                0x0000000010026054                stats_display
 .text          0x0000000010026170     0x2eb8 /home/leon/git/swp-report/iMX6_Platform_SDK/output/mx6sdl/lib/liblwip.a(tcp.o)
                0x0000000010026170                tcp_init
                0x0000000010026180                tcp_tmr
                0x0000000010026660                tcp_close
                0x00000000100266b8                tcp_shutdown
                0x00000000100267c0                tcp_abandon
                0x0000000010026984                tcp_abort
                0x00000000100269ac                tcp_bind
                0x0000000010026c04                tcp_listen_with_backlog
                0x0000000010026f00                tcp_update_rcv_ann_wnd
                0x0000000010027028                tcp_recved
                0x000000001002724c                tcp_connect
                0x00000000100276c8                tcp_slowtmr
                0x00000000100280b0                tcp_fasttmr
                0x00000000100281d8                tcp_process_refused_data
                0x0000000010028344                tcp_segs_free
                0x000000001002838c                tcp_seg_free
                0x00000000100283dc                tcp_setprio
                0x000000001002840c                tcp_seg_copy
                0x000000001002847c                tcp_recv_null
                0x000000001002869c                tcp_alloc
                0x00000000100288f0                tcp_new
                0x0000000010028910                tcp_arg
                0x000000001002893c                tcp_recv
                0x00000000100289a4                tcp_sent
                0x0000000010028a0c                tcp_err
                0x0000000010028a74                tcp_accept
                0x0000000010028aa0                tcp_poll
                0x0000000010028b1c                tcp_pcb_purge
                0x0000000010028d24                tcp_pcb_remove
                0x0000000010028f28                tcp_next_iss
                0x0000000010028f70                tcp_eff_send_mss_impl
                0x0000000010028ff4                tcp_debug_state_str
 .text          0x0000000010029028     0x4aa4 /home/leon/git/swp-report/iMX6_Platform_SDK/output/mx6sdl/lib/liblwip.a(tcp_in.o)
                0x0000000010029028                tcp_input
 .text          0x000000001002dacc     0x2e3c /home/leon/git/swp-report/iMX6_Platform_SDK/output/mx6sdl/lib/liblwip.a(tcp_out.o)
                0x000000001002dd8c                tcp_send_fin
                0x000000001002e484                tcp_write
                0x000000001002ef9c                tcp_enqueue_flags
                0x000000001002f400                tcp_send_empty_ack
                0x000000001002f530                tcp_output
                0x000000001002ff6c                tcp_rst_impl
                0x0000000010030240                tcp_rexmit_rto
                0x00000000100302f4                tcp_rexmit
                0x0000000010030454                tcp_rexmit_fast
                0x0000000010030568                tcp_keepalive
                0x000000001003067c                tcp_zero_window_probe
 .text          0x0000000010030908      0x720 /home/leon/git/swp-report/iMX6_Platform_SDK/output/mx6sdl/lib/liblwip.a(timers.o)
                0x0000000010030978                tcp_timer_needed
                0x0000000010030b20                sys_timeouts_init
                0x0000000010030bbc                sys_timeout
                0x0000000010030dcc                sys_untimeout
                0x0000000010030ee0                sys_check_timeouts
                0x0000000010031004                sys_restart_timeouts
 .text          0x0000000010031028     0x1284 /home/leon/git/swp-report/iMX6_Platform_SDK/output/mx6sdl/lib/liblwip.a(udp.o)
                0x0000000010031028                udp_init
                0x0000000010031114                udp_input
                0x0000000010031930                udp_send
                0x0000000010031974                udp_sendto
                0x0000000010031a28                udp_sendto_if
                0x0000000010031df0                udp_bind
                0x0000000010031fd4                udp_connect
                0x0000000010032100                udp_disconnect
                0x000000001003214c                udp_recv
                0x0000000010032188                udp_remove
                0x000000001003224c                udp_new
 .text          0x00000000100322ac     0x2740 /home/leon/git/swp-report/iMX6_Platform_SDK/output/mx6sdl/lib/liblwip.a(etharp.o)
                0x000000001003268c                etharp_tmr
                0x0000000010033164                etharp_cleanup_netif
                0x0000000010033224                etharp_find_addr
                0x0000000010033a20                etharp_output
                0x0000000010033e7c                etharp_query
                0x000000001003441c                etharp_raw
                0x0000000010034708                etharp_request
                0x0000000010034780                ethernet_input
 .text          0x00000000100349ec      0x5f8 /home/leon/git/swp-report/iMX6_Platform_SDK/output/mx6sdl/lib/liblwip.a(mx6_ethernetif.o)
                0x00000000100349ec                enet_set_mac
                0x0000000010034a1c                init_enet
                0x0000000010034e54                enet_poll_for_packet
                0x0000000010034ea0                enet_init
 .text          0x0000000010034fe4      0x188 /home/leon/git/swp-report/iMX6_Platform_SDK/output/mx6sdl/lib/liblwip.a(mx6_lwip.o)
                0x0000000010034fe4                mx6_init_lwip
                0x0000000010035010                check_and_update_ms_timer
                0x0000000010035088                mx6_run_lwip
 .text          0x000000001003516c       0x40 /home/leon/git/swp-report/iMX6_Platform_SDK/output/mx6sdl/lib/liblwip.a(sys_arch.o)
                0x000000001003516c                sys_now
 .text          0x00000000100351ac      0x8a8 /home/leon/git/swp-report/iMX6_Platform_SDK/output/mx6sdl/lib/liblwip.a(icmp.o)
                0x00000000100351ac                icmp_input
                0x000000001003583c                icmp_dest_unreach
 .text          0x0000000010035a54      0xfa8 /home/leon/git/swp-report/iMX6_Platform_SDK/output/mx6sdl/lib/liblwip.a(asn1_dec.o)
                0x0000000010035a54                snmp_asn1_dec_type
                0x0000000010035b14                snmp_asn1_dec_length
                0x0000000010035edc                snmp_asn1_dec_u32t
                0x0000000010036144                snmp_asn1_dec_s32t
                0x00000000100363bc                snmp_asn1_dec_oid
                0x000000001003686c                snmp_asn1_dec_raw
 .text          0x00000000100369fc      0xda0 /home/leon/git/swp-report/iMX6_Platform_SDK/output/mx6sdl/lib/liblwip.a(asn1_enc.o)
                0x00000000100369fc                snmp_asn1_enc_length_cnt
                0x0000000010036a64                snmp_asn1_enc_u32t_cnt
                0x0000000010036b00                snmp_asn1_enc_s32t_cnt
                0x0000000010036b98                snmp_asn1_enc_oid_cnt
                0x0000000010036c80                snmp_asn1_enc_type
                0x0000000010036d3c                snmp_asn1_enc_length
                0x0000000010036f6c                snmp_asn1_enc_u32t
                0x0000000010037164                snmp_asn1_enc_s32t
                0x00000000100372c8                snmp_asn1_enc_oid
                0x000000001003762c                snmp_asn1_enc_raw
 .text          0x000000001003779c       0x14 /home/src/arm/target/bin/../arm-none-eabi/lib//libc.a(lib_a-abort.o)
                0x000000001003779c                abort
 .text          0x00000000100377b0       0x64 /home/src/arm/target/bin/../arm-none-eabi/lib//libc.a(lib_a-assert.o)
                0x00000000100377b0                __assert_func
                0x0000000010037804                __assert
 .text          0x0000000010037814       0x20 /home/src/arm/target/bin/../arm-none-eabi/lib//libc.a(lib_a-bzero.o)
                0x0000000010037814                bzero
 .text          0x0000000010037834      0x2d4 /home/src/arm/target/bin/../arm-none-eabi/lib//libc.a(lib_a-fflush.o)
                0x0000000010037834                __sflush_r
                0x0000000010037a78                _fflush_r
                0x0000000010037acc                fflush
 .text          0x0000000010037b08      0x354 /home/src/arm/target/bin/../arm-none-eabi/lib//libc.a(lib_a-findfp.o)
                0x0000000010037b18                _cleanup_r
                0x0000000010037b30                __sfmoreglue
                0x0000000010037b80                _cleanup
                0x0000000010037ba4                __sinit
                0x0000000010037d0c                __sfp
                0x0000000010037e04                __sfp_lock_acquire
                0x0000000010037e08                __sfp_lock_release
                0x0000000010037e0c                __sinit_lock_acquire
                0x0000000010037e10                __sinit_lock_release
                0x0000000010037e14                __fp_lock_all
                0x0000000010037e38                __fp_unlock_all
 .text          0x0000000010037e5c       0x70 /home/src/arm/target/bin/../arm-none-eabi/lib//libc.a(lib_a-fiprintf.o)
                0x0000000010037e5c                _fiprintf_r
                0x0000000010037e8c                fiprintf
 .text          0x0000000010037ecc       0x8c /home/src/arm/target/bin/../arm-none-eabi/lib//libc.a(lib_a-fputc.o)
                0x0000000010037ecc                _fputc_r
                0x0000000010037f10                fputc
 .text          0x0000000010037f58      0x36c /home/src/arm/target/bin/../arm-none-eabi/lib//libc.a(lib_a-freer.o)
                0x0000000010037f58                _malloc_trim_r
                0x0000000010038058                _free_r
 .text          0x00000000100382c4      0x110 /home/src/arm/target/bin/../arm-none-eabi/lib//libc.a(lib_a-fwalk.o)
                0x00000000100382c4                _fwalk
                0x0000000010038348                _fwalk_reent
 .text          0x00000000100383d4        0x0 /home/src/arm/target/bin/../arm-none-eabi/lib//libc.a(lib_a-impure.o)
 .text          0x00000000100383d4       0x88 /home/src/arm/target/bin/../arm-none-eabi/lib//libc.a(lib_a-init.o)
                0x00000000100383d4                __libc_init_array
 .text          0x000000001003845c       0x40 /home/src/arm/target/bin/../arm-none-eabi/lib//libc.a(lib_a-malloc.o)
                0x000000001003845c                malloc
                0x000000001003847c                free
 .text          0x000000001003849c      0x72c /home/src/arm/target/bin/../arm-none-eabi/lib//libc.a(lib_a-mallocr.o)
                0x000000001003849c                _malloc_r
 .text          0x0000000010038bc8       0xb4 /home/src/arm/target/bin/../arm-none-eabi/lib//libc.a(lib_a-memcmp.o)
                0x0000000010038bc8                memcmp
 .text          0x0000000010038c7c       0xf0 /home/src/arm/target/bin/../arm-none-eabi/lib//libc.a(lib_a-memcpy-stub.o)
                0x0000000010038c7c                memcpy
 .text          0x0000000010038d6c       0xf4 /home/src/arm/target/bin/../arm-none-eabi/lib//libc.a(lib_a-memset.o)
                0x0000000010038d6c                memset
 .text          0x0000000010038e60        0x8 /home/src/arm/target/bin/../arm-none-eabi/lib//libc.a(lib_a-mlock.o)
                0x0000000010038e60                __malloc_lock
                0x0000000010038e64                __malloc_unlock
 .text          0x0000000010038e68       0x74 /home/src/arm/target/bin/../arm-none-eabi/lib//libc.a(lib_a-printf.o)
                0x0000000010038e68                _printf_r
                0x0000000010038e9c                printf
 .text          0x0000000010038edc      0x158 /home/src/arm/target/bin/../arm-none-eabi/lib//libc.a(lib_a-putc.o)
                0x0000000010038edc                _putc_r
                0x0000000010038f80                putc
 .text          0x0000000010039034       0x70 /home/src/arm/target/bin/../arm-none-eabi/lib//libc.a(lib_a-rand.o)
                0x0000000010039034                srand
                0x0000000010039050                rand
 .text          0x00000000100390a4       0x24 /home/src/arm/target/bin/../arm-none-eabi/lib//libc.a(lib_a-realloc.o)
                0x00000000100390a4                realloc
 .text          0x00000000100390c8      0x56c /home/src/arm/target/bin/../arm-none-eabi/lib//libc.a(lib_a-reallocr.o)
                0x00000000100390c8                _realloc_r
 .text          0x0000000010039634       0x70 /home/src/arm/target/bin/../arm-none-eabi/lib//libc.a(lib_a-rget.o)
                0x0000000010039634                __srget_r
                0x0000000010039690                __srget
 .text          0x00000000100396a4       0x44 /home/src/arm/target/bin/../arm-none-eabi/lib//libc.a(lib_a-sbrkr.o)
                0x00000000100396a4                _sbrk_r
 .text          0x00000000100396e8      0x254 /home/src/arm/target/bin/../arm-none-eabi/lib//libc.a(lib_a-signal.o)
                0x00000000100396e8                _init_signal_r
                0x000000001003974c                _signal_r
                0x00000000100397c0                _raise_r
                0x0000000010039858                __sigtramp_r
                0x00000000100398ec                raise
                0x0000000010039900                signal
                0x0000000010039918                _init_signal
                0x0000000010039928                __sigtramp
 .text          0x000000001003993c       0x50 /home/src/arm/target/bin/../arm-none-eabi/lib//libc.a(lib_a-signalr.o)
                0x000000001003993c                _kill_r
                0x000000001003997c                _getpid_r
 .text          0x000000001003998c       0xd8 /home/src/arm/target/bin/../arm-none-eabi/lib//libc.a(lib_a-stdio.o)
                0x000000001003998c                __sread
                0x00000000100399c0                __seofread
                0x00000000100399c8                __swrite
                0x0000000010039a20                __sseek
                0x0000000010039a50                __sclose
 .text          0x0000000010039a64      0x230 /home/src/arm/target/bin/../arm-none-eabi/lib//libc.a(lib_a-strcmp.o)
                0x0000000010039a64                strcmp
 .text          0x0000000010039c94       0x60 /home/src/arm/target/bin/../arm-none-eabi/lib//libc.a(lib_a-strlen.o)
                0x0000000010039c94                strlen
 .text          0x0000000010039cf4      0x160 /home/src/arm/target/bin/../arm-none-eabi/lib//libc.a(lib_a-strncmp.o)
                0x0000000010039cf4                strncmp
 .text          0x0000000010039e54      0x9f4 /home/src/arm/target/bin/../arm-none-eabi/lib//libc.a(lib_a-syscalls.o)
                0x0000000010039f08                initialise_monitor_handles
                0x0000000010039fcc                _swiread
                0x000000001003a00c                _read
                0x000000001003a0d0                _swilseek
                0x000000001003a1dc                _lseek
                0x000000001003a1fc                _swiwrite
                0x000000001003a23c                _write
                0x000000001003a304                _swiopen
                0x000000001003a404                _open
                0x000000001003a438                _swiclose
                0x000000001003a4b0                _close
                0x000000001003a4d0                _kill
                0x000000001003a508                _exit
                0x000000001003a530                _getpid
                0x000000001003a538                _sbrk
                0x000000001003a590                _fstat
                0x000000001003a5c4                _stat
                0x000000001003a618                _link
                0x000000001003a620                _unlink
                0x000000001003a674                _raise
                0x000000001003a678                _gettimeofday
                0x000000001003a6c8                _times
                0x000000001003a70c                _isatty
                0x000000001003a75c                _system
                0x000000001003a7e0                _rename
 .text          0x000000001003a848     0x1238 /home/src/arm/target/bin/../arm-none-eabi/lib//libc.a(lib_a-vfiprintf.o)
                0x000000001003a8f4                __sprint_r
                0x000000001003a90c                _vfiprintf_r
                0x000000001003b988                vfiprintf
 .text          0x000000001003ba80     0x1e98 /home/src/arm/target/bin/../arm-none-eabi/lib//libc.a(lib_a-vfprintf.o)
                0x000000001003ba80                _vfprintf_r
                0x000000001003d820                vfprintf
 .text          0x000000001003d918       0x48 /home/src/arm/target/bin/../arm-none-eabi/lib//libc.a(lib_a-vprintf.o)
                0x000000001003d918                vprintf
                0x000000001003d944                _vprintf_r
 .text          0x000000001003d960      0x13c /home/src/arm/target/bin/../arm-none-eabi/lib//libc.a(lib_a-wbuf.o)
                0x000000001003d960                __swbuf_r
                0x000000001003da84                __swbuf
 .text          0x000000001003da9c       0x44 /home/src/arm/target/bin/../arm-none-eabi/lib//libc.a(lib_a-writer.o)
                0x000000001003da9c                _write_r
 .text          0x000000001003dae0      0x15c /home/src/arm/target/bin/../arm-none-eabi/lib//libc.a(lib_a-wsetup.o)
                0x000000001003dae0                __swsetup_r
 .text          0x000000001003dc3c       0x3c /home/src/arm/target/bin/../arm-none-eabi/lib//libc.a(lib_a-closer.o)
                0x000000001003dc3c                _close_r
 .text          0x000000001003dc78     0x18d8 /home/src/arm/target/bin/../arm-none-eabi/lib//libc.a(lib_a-dtoa.o)
                0x000000001003de58                _dtoa_r
 .text          0x000000001003f550       0x10 /home/src/arm/target/bin/../arm-none-eabi/lib//libc.a(lib_a-errno.o)
                0x000000001003f550                __errno
 .text          0x000000001003f560      0x104 /home/src/arm/target/bin/../arm-none-eabi/lib//libc.a(lib_a-fclose.o)
                0x000000001003f560                _fclose_r
                0x000000001003f650                fclose
 .text          0x000000001003f664      0x188 /home/src/arm/target/bin/../arm-none-eabi/lib//libc.a(lib_a-fputwc.o)
                0x000000001003f664                _fputwc_r
                0x000000001003f7a8                fputwc
 .text          0x000000001003f7ec      0x4dc /home/src/arm/target/bin/../arm-none-eabi/lib//libc.a(lib_a-fvwrite.o)
                0x000000001003f7ec                __sfvwrite_r
 .text          0x000000001003fcc8       0xd0 /home/src/arm/target/bin/../arm-none-eabi/lib//libc.a(lib_a-locale.o)
                0x000000001003fcc8                _setlocale_r
                0x000000001003fd38                __locale_charset
                0x000000001003fd44                __locale_mb_cur_max
                0x000000001003fd54                __locale_msgcharset
                0x000000001003fd60                __locale_cjk_lang
                0x000000001003fd68                _localeconv_r
                0x000000001003fd74                setlocale
                0x000000001003fd8c                localeconv
 .text          0x000000001003fd98       0x44 /home/src/arm/target/bin/../arm-none-eabi/lib//libc.a(lib_a-lseekr.o)
                0x000000001003fd98                _lseek_r
 .text          0x000000001003fddc      0x174 /home/src/arm/target/bin/../arm-none-eabi/lib//libc.a(lib_a-makebuf.o)
                0x000000001003fddc                __smakebuf_r
 .text          0x000000001003ff50      0x114 /home/src/arm/target/bin/../arm-none-eabi/lib//libc.a(lib_a-memchr-stub.o)
                0x000000001003ff50                memchr
 .text          0x0000000010040064      0x134 /home/src/arm/target/bin/../arm-none-eabi/lib//libc.a(lib_a-memmove.o)
                0x0000000010040064                memmove
 .text          0x0000000010040198      0xd30 /home/src/arm/target/bin/../arm-none-eabi/lib//libc.a(lib_a-mprec.o)
                0x0000000010040198                _Balloc
                0x0000000010040224                _Bfree
                0x0000000010040240                __multadd
                0x000000001004031c                __s2b
                0x0000000010040404                __hi0bits
                0x0000000010040460                __lo0bits
                0x00000000100404f4                __i2b
                0x0000000010040518                __multiply
                0x0000000010040700                __pow5mult
                0x0000000010040804                __lshift
                0x0000000010040910                __mcmp
                0x0000000010040970                __mdiff
                0x0000000010040ab4                __ulp
                0x0000000010040b18                __b2d
                0x0000000010040bf0                __d2b
                0x0000000010040cfc                __ratio
                0x0000000010040d84                _mprec_log10
                0x0000000010040ddc                __copybits
                0x0000000010040e4c                __any_on
 .text          0x0000000010040ec8       0x44 /home/src/arm/target/bin/../arm-none-eabi/lib//libc.a(lib_a-readr.o)
                0x0000000010040ec8                _read_r
 .text          0x0000000010040f0c      0x134 /home/src/arm/target/bin/../arm-none-eabi/lib//libc.a(lib_a-reent.o)
                0x0000000010040f0c                cleanup_glue
                0x0000000010040f38                _reclaim_reent
 .text          0x0000000010041040      0x20c /home/src/arm/target/bin/../arm-none-eabi/lib//libc.a(lib_a-refill.o)
                0x000000001004106c                __srefill_r
 .text          0x000000001004124c       0x6c /home/src/arm/target/bin/../arm-none-eabi/lib//libc.a(lib_a-s_fpclassify.o)
                0x000000001004124c                __fpclassifyd
 .text          0x00000000100412b8      0x128 /home/src/arm/target/bin/../arm-none-eabi/lib//libc.a(lib_a-wcrtomb.o)
                0x00000000100412b8                _wcrtomb_r
                0x0000000010041348                wcrtomb
 .text          0x00000000100413e0       0x7c /home/src/arm/target/bin/../arm-none-eabi/lib//libc.a(lib_a-wctomb_r.o)
                0x00000000100413e0                __ascii_wctomb
                0x000000001004140c                _wctomb_r
 .text          0x000000001004145c       0x9c /home/src/arm/target/bin/../arm-none-eabi/lib//libc.a(lib_a-callocr.o)
                0x000000001004145c                _calloc_r
 .text          0x00000000100414f8       0x40 /home/src/arm/target/bin/../arm-none-eabi/lib//libc.a(lib_a-fstatr.o)
                0x00000000100414f8                _fstat_r
 .text          0x0000000010041538       0x3c /home/src/arm/target/bin/../arm-none-eabi/lib//libc.a(lib_a-isattyr.o)
                0x0000000010041538                _isatty_r
 .text          0x0000000010041574      0x114 /home/src/arm/target/bin/../lib/gcc/arm-none-eabi/4.8.2//libgcc.a(_udivsi3.o)
                0x0000000010041574                __udivsi3
                0x0000000010041574                __aeabi_uidiv
                0x0000000010041668                __aeabi_uidivmod
 .text          0x0000000010041688      0x148 /home/src/arm/target/bin/../lib/gcc/arm-none-eabi/4.8.2//libgcc.a(_divsi3.o)
                0x0000000010041688                __aeabi_idiv
                0x0000000010041688                __divsi3
                0x00000000100417b0                __aeabi_idivmod
 .text          0x00000000100417d0        0x4 /home/src/arm/target/bin/../lib/gcc/arm-none-eabi/4.8.2//libgcc.a(_dvmd_tls.o)
                0x00000000100417d0                __aeabi_ldiv0
                0x00000000100417d0                __aeabi_idiv0
 .text          0x00000000100417d4      0x41c /home/src/arm/target/bin/../lib/gcc/arm-none-eabi/4.8.2//libgcc.a(_arm_addsubdf3.o)
                0x00000000100417d4                __aeabi_drsub
                0x00000000100417dc                __aeabi_dsub
                0x00000000100417dc                __subdf3
                0x00000000100417e0                __adddf3
                0x00000000100417e0                __aeabi_dadd
                0x0000000010041af0                __aeabi_ui2d
                0x0000000010041af0                __floatunsidf
                0x0000000010041b14                __floatsidf
                0x0000000010041b14                __aeabi_i2d
                0x0000000010041b3c                __extendsfdf2
                0x0000000010041b3c                __aeabi_f2d
                0x0000000010041b7c                __aeabi_ul2d
                0x0000000010041b7c                __floatundidf
                0x0000000010041b90                __floatdidf
                0x0000000010041b90                __aeabi_l2d
 .text          0x0000000010041bf0      0x49c /home/src/arm/target/bin/../lib/gcc/arm-none-eabi/4.8.2//libgcc.a(_arm_muldivdf3.o)
                0x0000000010041bf0                __aeabi_dmul
                0x0000000010041bf0                __muldf3
                0x0000000010041e80                __aeabi_ddiv
                0x0000000010041e80                __divdf3
 .text          0x000000001004208c      0x144 /home/src/arm/target/bin/../lib/gcc/arm-none-eabi/4.8.2//libgcc.a(_arm_cmpdf2.o)
                0x000000001004208c                __gtdf2
                0x000000001004208c                __gedf2
                0x0000000010042094                __ltdf2
                0x0000000010042094                __ledf2
                0x000000001004209c                __cmpdf2
                0x000000001004209c                __eqdf2
                0x000000001004209c                __nedf2
                0x0000000010042124                __aeabi_cdrcmple
                0x0000000010042140                __aeabi_cdcmple
                0x0000000010042140                __aeabi_cdcmpeq
                0x0000000010042158                __aeabi_dcmpeq
                0x0000000010042170                __aeabi_dcmplt
                0x0000000010042188                __aeabi_dcmple
                0x00000000100421a0                __aeabi_dcmpge
                0x00000000100421b8                __aeabi_dcmpgt
 .text          0x00000000100421d0       0x5c /home/src/arm/target/bin/../lib/gcc/arm-none-eabi/4.8.2//libgcc.a(_arm_fixdfsi.o)
                0x00000000100421d0                __fixdfsi
                0x00000000100421d0                __aeabi_d2iz
 .text          0x000000001004222c       0x3c /home/src/arm/target/bin/../lib/gcc/arm-none-eabi/4.8.2//libgcc.a(_aeabi_uldivmod.o)
                0x000000001004222c                __aeabi_uldivmod
 .text          0x0000000010042268       0x84 /home/src/arm/target/bin/../lib/gcc/arm-none-eabi/4.8.2//libgcc.a(bpabi.o)
                0x0000000010042268                __gnu_ldivmod_helper
                0x00000000100422ac                __gnu_uldivmod_helper
 .text          0x00000000100422ec      0x4d0 /home/src/arm/target/bin/../lib/gcc/arm-none-eabi/4.8.2//libgcc.a(_divdi3.o)
                0x00000000100422ec                __divdi3
 .text          0x00000000100427bc      0x470 /home/src/arm/target/bin/../lib/gcc/arm-none-eabi/4.8.2//libgcc.a(_udivdi3.o)
                0x00000000100427bc                __udivdi3
 .text          0x0000000010042c2c       0x48 /home/src/arm/target/bin/../lib/gcc/arm-none-eabi/4.8.2//libgcc.a(_clzsi2.o)
                0x0000000010042c2c                __clzsi2
 .text          0x0000000010042c74      0x264 /home/leon/git/swp-report/iMX6_Platform_SDK/output/mx6sdl/lib/libsdk.a(max7310.o)
                0x0000000010042c74                max7310_reg_read
                0x0000000010042cd8                max7310_reg_write
                0x0000000010042d44                max7310_init
                0x0000000010042e24                max7310_set_gpio_output
 .text          0x0000000010042ed8     0x1308 /home/leon/git/swp-report/iMX6_Platform_SDK/output/mx6sdl/lib/libsdk.a(gpio.o)
                0x0000000010042f08                gpio_get_port_count
                0x0000000010042f20                gpio_set_gpio
                0x0000000010042fe4                gpio_set_direction
                0x0000000010043240                gpio_get_direction
                0x0000000010043388                gpio_set_level
                0x00000000100436c8                gpio_get_level
                0x0000000010043828                gpio_set_interrupt_config
                0x0000000010043c2c                gpio_set_interrupt_mask
                0x0000000010043e70                gpio_get_interrupt_status
                0x0000000010043fcc                gpio_clear_interrupt
 .text          0x00000000100441e0        0x0 /home/leon/git/swp-report/iMX6_Platform_SDK/output/mx6sdl/lib/libsdk.a(imx6sdl_gpio_map.o)
 .text          0x00000000100441e0     0x1774 /home/leon/git/swp-report/iMX6_Platform_SDK/output/mx6sdl/lib/libsdk.a(imx_i2c.o)
                0x0000000010044210                i2c_get_request_instance
                0x0000000010044c68                i2c_xfer
                0x0000000010045380                i2c_read
                0x00000000100453b0                i2c_write
                0x00000000100453e0                i2c_setup_interrupt
                0x000000001004564c                i2c_init
 .text          0x0000000010045954       0x88 /home/leon/git/swp-report/iMX6_Platform_SDK/output/mx6sdl/lib/libboard_sabre_ai_rev_a.a(board_network.o)
                0x0000000010045954                imx_ar8031_iomux
                0x0000000010045968                imx_KSZ9021RN_reset
                0x0000000010045978                imx_ar8031_reset
                0x0000000010045988                imx_enet_iomux
                0x00000000100459c8                imx_enet_phy_reset
 .text          0x00000000100459dc       0x80 /home/leon/git/swp-report/iMX6_Platform_SDK/output/mx6sdl/lib/libboard_sabre_ai_rev_a.a(i2c_iomux_config.o)
                0x00000000100459dc                i2c_iomux_config
 *(.glue_7t)
 .glue_7t       0x0000000000000000        0x0 linker stubs
 *(.glue_7)
 .glue_7        0x0000000000000000        0x0 linker stubs
 *(.vfp11_veneer)
 .vfp11_veneer  0x0000000000000000        0x0 linker stubs
 *(.ARM.extab* .gnu.linkonce.armextab.*)
 .ARM.extab.startup
                0x0000000010045a5c        0x0 /home/leon/git/swp-report/iMX6_Platform_SDK/output/mx6sdl/lib/libsdk.a(startup.o)
 .ARM.extab     0x0000000010045a5c        0x0 /home/src/arm/target/bin/../lib/gcc/arm-none-eabi/4.8.2//libgcc.a(_divdi3.o)
 .ARM.extab     0x0000000010045a5c        0x0 /home/src/arm/target/bin/../lib/gcc/arm-none-eabi/4.8.2//libgcc.a(_udivdi3.o)
 *(.gcc_except_table)

.v4_bx          0x0000000010045a5c        0x0
 .v4_bx         0x0000000000000000        0x0 linker stubs

.iplt           0x0000000010045a5c        0x0
 .iplt          0x0000000000000000        0x0 /home/src/arm/target/bin/../lib/gcc/arm-none-eabi/4.8.2//crtbegin.o

.ctors
 *crtbegin.o(.ctors)
 *crtbegin?.o(.ctors)
 *(EXCLUDE_FILE(*crtend?.o *crtend.o) .ctors)
 *(SORT(.ctors.*))
 *(.ctors)

.dtors
 *crtbegin.o(.dtors)
 *crtbegin?.o(.dtors)
 *(EXCLUDE_FILE(*crtend?.o *crtend.o) .dtors)
 *(SORT(.dtors.*))
 *(.dtors)

.rodata         0x0000000010045a60     0x4d14
 *(.rodata .rodata.* .gnu.linkonce.r.*)
 .rodata        0x0000000010045a60       0xd0 /home/leon/git/swp-report/iMX6_Platform_SDK/output/mx6sdl/ping/sabre_ai_rev_a/obj/apps/ping/src/ping.o
 .rodata        0x0000000010045b30      0x130 /home/leon/git/swp-report/iMX6_Platform_SDK/output/mx6sdl/ping/sabre_ai_rev_a/obj/apps/ping/src/ping_main.o
                0x0000000010045b30                kMACAddress
 .rodata        0x0000000010045c60       0x34 /home/leon/git/swp-report/iMX6_Platform_SDK/output/mx6sdl/lib/libsdk.a(ccm_pll.o)
                0x0000000010045c60                PLL1_OUTPUT
                0x0000000010045c64                PLL2_OUTPUT
                0x0000000010045c78                PLL3_OUTPUT
                0x0000000010045c8c                PLL4_OUTPUT
                0x0000000010045c90                PLL5_OUTPUT
 .rodata        0x0000000010045c94       0x64 /home/leon/git/swp-report/iMX6_Platform_SDK/output/mx6sdl/lib/libsdk.a(gic.o)
 .rodata        0x0000000010045cf8       0xcc /home/leon/git/swp-report/iMX6_Platform_SDK/output/mx6sdl/lib/libsdk.a(system_util.o)
 .rodata        0x0000000010045dc4       0xf4 /home/leon/git/swp-report/iMX6_Platform_SDK/output/mx6sdl/lib/libsdk.a(text_color.o)
                0x0000000010045dcc                g_TextAttributeDefault
                0x0000000010045dd8                g_TextAttributeBold
                0x0000000010045de4                g_TextAttributeDim
                0x0000000010045df0                g_TextAttributeUnderline
                0x0000000010045dfc                g_TextAttributeBlink
                0x0000000010045e08                g_TextAttributeReverse
                0x0000000010045e14                g_TextAttributeHidden
                0x0000000010045e20                g_TextColorBlack
                0x0000000010045e2c                g_TextColorRed
                0x0000000010045e38                g_TextColorGreen
                0x0000000010045e44                g_TextColorYellow
                0x0000000010045e50                g_TextColorBlue
                0x0000000010045e5c                g_TextColorMagenta
                0x0000000010045e68                g_TextColorCyan
                0x0000000010045e74                g_TextColorWhite
                0x0000000010045e84                g_TextColorOrange
                0x0000000010045e94                g_TextColorLightBlue
                0x0000000010045ea4                g_TextColorGray
                0x0000000010045eb4                g_TextColorPurple
 .rodata        0x0000000010045eb8      0x1c4 /home/leon/git/swp-report/iMX6_Platform_SDK/output/mx6sdl/lib/libsdk.a(enet_drv.o)
 .rodata        0x000000001004607c       0x20 /home/leon/git/swp-report/iMX6_Platform_SDK/output/mx6sdl/lib/libsdk.a(interrupt.o)
 .rodata        0x000000001004609c      0x230 /home/leon/git/swp-report/iMX6_Platform_SDK/output/mx6sdl/lib/libsdk.a(abort_handler.o)
 .rodata        0x00000000100462cc       0x80 /home/leon/git/swp-report/iMX6_Platform_SDK/output/mx6sdl/lib/libboard_sabre_ai_rev_a.a(uart_iomux_config.o)
 .rodata        0x000000001004634c      0xa88 /home/leon/git/swp-report/iMX6_Platform_SDK/output/mx6sdl/lib/liblwip.a(dhcp.o)
 .rodata        0x0000000010046dd4      0x114 /home/leon/git/swp-report/iMX6_Platform_SDK/output/mx6sdl/lib/liblwip.a(dns.o)
 .rodata        0x0000000010046ee8       0x84 /home/leon/git/swp-report/iMX6_Platform_SDK/output/mx6sdl/lib/liblwip.a(inet_chksum.o)
 .rodata        0x0000000010046f6c      0x32c /home/leon/git/swp-report/iMX6_Platform_SDK/output/mx6sdl/lib/liblwip.a(autoip.o)
 .rodata        0x0000000010047298      0x18c /home/leon/git/swp-report/iMX6_Platform_SDK/output/mx6sdl/lib/liblwip.a(igmp.o)
 .rodata        0x0000000010047424       0xb0 /home/leon/git/swp-report/iMX6_Platform_SDK/output/mx6sdl/lib/liblwip.a(ip4.o)
 .rodata        0x00000000100474d4       0x8c /home/leon/git/swp-report/iMX6_Platform_SDK/output/mx6sdl/lib/liblwip.a(ip4_addr.o)
                0x00000000100474d4                ip_addr_any
                0x00000000100474d8                ip_addr_broadcast
 .rodata        0x0000000010047560       0x1c /home/leon/git/swp-report/iMX6_Platform_SDK/output/mx6sdl/lib/liblwip.a(memp.o)
                0x0000000010047560                memp_sizes
 .rodata        0x000000001004757c      0x10c /home/leon/git/swp-report/iMX6_Platform_SDK/output/mx6sdl/lib/liblwip.a(netif.o)
 .rodata        0x0000000010047688      0x4a8 /home/leon/git/swp-report/iMX6_Platform_SDK/output/mx6sdl/lib/liblwip.a(pbuf.o)
 .rodata        0x0000000010047b30       0x98 /home/leon/git/swp-report/iMX6_Platform_SDK/output/mx6sdl/lib/liblwip.a(raw.o)
 .rodata        0x0000000010047bc8      0x9cc /home/leon/git/swp-report/iMX6_Platform_SDK/output/mx6sdl/lib/liblwip.a(mib2.o)
                0x0000000010047bc8                snmp_scalar
                0x0000000010047bdc                snmp_ids
                0x0000000010047c4c                snmp_nodes
                0x0000000010047cbc                snmp
                0x0000000010047cd8                udpentry_ids
                0x0000000010047ce0                udpentry_nodes
                0x0000000010047ce8                udpentry
                0x0000000010047d04                udp_scalar
                0x0000000010047d18                udp_ids
                0x0000000010047d2c                udp_nodes
                0x0000000010047d40                udp
                0x0000000010047d5c                tcpconnentry_ids
                0x0000000010047d70                tcpconnentry_nodes
                0x0000000010047d84                tcpconnentry
                0x0000000010047da0                tcp_scalar
                0x0000000010047db4                tcp_ids
                0x0000000010047df0                tcp_nodes
                0x0000000010047e2c                tcp
                0x0000000010047e48                icmp_scalar
                0x0000000010047e5c                icmp_ids
                0x0000000010047ec4                icmp_nodes
                0x0000000010047f2c                icmp
                0x0000000010047f48                ipntomentry_ids
                0x0000000010047f58                ipntomentry_nodes
                0x0000000010047f68                ipntomentry
                0x0000000010047f84                iprteentry_ids
                0x0000000010047fb8                iprteentry_nodes
                0x0000000010047fec                iprteentry
                0x0000000010048008                ipaddrentry_ids
                0x000000001004801c                ipaddrentry_nodes
                0x0000000010048030                ipaddrentry
                0x000000001004804c                ip_scalar
                0x0000000010048060                ip_ids
                0x00000000100480bc                ip_nodes
                0x0000000010048118                mib2_ip
                0x0000000010048134                atentry_ids
                0x0000000010048140                atentry_nodes
                0x000000001004814c                atentry
                0x0000000010048168                attable_id
                0x000000001004816c                attable_node
                0x0000000010048170                attable
                0x000000001004818c                ifentry_ids
                0x00000000100481e4                ifentry_nodes
                0x000000001004823c                ifentry
                0x0000000010048258                interfaces_scalar
                0x000000001004826c                interfaces_ids
                0x0000000010048274                interfaces_nodes
                0x000000001004827c                interfaces
                0x0000000010048298                sys_tem_scalar
                0x00000000100482ac                sys_tem_ids
                0x00000000100482c8                sys_tem_nodes
                0x00000000100482e4                sys_tem
                0x0000000010048300                mib2_ids
                0x0000000010048320                mib2_nodes
                0x0000000010048340                mib2
                0x000000001004835c                mgmt_ids
                0x0000000010048360                mgmt_nodes
                0x0000000010048364                mgmt
                0x0000000010048380                internet_ids
                0x0000000010048384                internet_nodes
                0x0000000010048388                internet
 .rodata        0x0000000010048594       0xe0 /home/leon/git/swp-report/iMX6_Platform_SDK/output/mx6sdl/lib/liblwip.a(mib_structs.o)
                0x0000000010048594                prefix
 .rodata        0x0000000010048674       0xf0 /home/leon/git/swp-report/iMX6_Platform_SDK/output/mx6sdl/lib/liblwip.a(msg_in.o)
                0x0000000010048674                snmp_version
                0x0000000010048678                snmp_publiccommunity
 .rodata        0x0000000010048764      0x324 /home/leon/git/swp-report/iMX6_Platform_SDK/output/mx6sdl/lib/liblwip.a(stats.o)
 .rodata        0x0000000010048a88      0x530 /home/leon/git/swp-report/iMX6_Platform_SDK/output/mx6sdl/lib/liblwip.a(tcp.o)
                0x0000000010048b00                tcp_state_str
                0x0000000010048b2c                tcp_backoff
                0x0000000010048b3c                tcp_persist_backoff
                0x0000000010048b44                tcp_pcb_lists
 .rodata        0x0000000010048fb8      0x340 /home/leon/git/swp-report/iMX6_Platform_SDK/output/mx6sdl/lib/liblwip.a(tcp_in.o)
 .rodata        0x00000000100492f8      0x424 /home/leon/git/swp-report/iMX6_Platform_SDK/output/mx6sdl/lib/liblwip.a(tcp_out.o)
 .rodata        0x000000001004971c       0xb0 /home/leon/git/swp-report/iMX6_Platform_SDK/output/mx6sdl/lib/liblwip.a(timers.o)
 .rodata        0x00000000100497cc       0xc0 /home/leon/git/swp-report/iMX6_Platform_SDK/output/mx6sdl/lib/liblwip.a(udp.o)
 .rodata        0x000000001004988c      0x2c4 /home/leon/git/swp-report/iMX6_Platform_SDK/output/mx6sdl/lib/liblwip.a(etharp.o)
                0x000000001004988c                ethbroadcast
                0x0000000010049894                ethzero
 .rodata        0x0000000010049b50       0xa8 /home/leon/git/swp-report/iMX6_Platform_SDK/output/mx6sdl/lib/liblwip.a(mx6_ethernetif.o)
 .rodata        0x0000000010049bf8      0x18c /home/leon/git/swp-report/iMX6_Platform_SDK/output/mx6sdl/lib/liblwip.a(icmp.o)
 .rodata.str1.4
                0x0000000010049d84       0x3f /home/src/arm/target/bin/../arm-none-eabi/lib//libc.a(lib_a-assert.o)
                                         0x44 (size before relaxing)
 *fill*         0x0000000010049dc3        0x1 
 .rodata        0x0000000010049dc4        0x4 /home/src/arm/target/bin/../arm-none-eabi/lib//libc.a(lib_a-impure.o)
                0x0000000010049dc4                _global_impure_ptr
 .rodata.str1.4
                0x0000000010049dc8        0x2 /home/src/arm/target/bin/../arm-none-eabi/lib//libc.a(lib_a-impure.o)
                                          0x4 (size before relaxing)
 *fill*         0x0000000010049dca        0x2 
 .rodata.str1.4
                0x0000000010049dcc        0x4 /home/src/arm/target/bin/../arm-none-eabi/lib//libc.a(lib_a-syscalls.o)
 .rodata        0x0000000010049dd0       0x20 /home/src/arm/target/bin/../arm-none-eabi/lib//libc.a(lib_a-vfiprintf.o)
 .rodata.str1.4
                0x0000000010049df0       0x2f /home/src/arm/target/bin/../arm-none-eabi/lib//libc.a(lib_a-vfiprintf.o)
                                         0x30 (size before relaxing)
 *fill*         0x0000000010049e1f        0x1 
 .rodata        0x0000000010049e20       0x20 /home/src/arm/target/bin/../arm-none-eabi/lib//libc.a(lib_a-vfprintf.o)
 .rodata.str1.4
                0x0000000010049e40       0x12 /home/src/arm/target/bin/../arm-none-eabi/lib//libc.a(lib_a-vfprintf.o)
                                         0x44 (size before relaxing)
 *fill*         0x0000000010049e52        0x2 
 .rodata.str1.4
                0x0000000010049e54       0x10 /home/src/arm/target/bin/../arm-none-eabi/lib//libc.a(lib_a-dtoa.o)
                                         0x14 (size before relaxing)
 .rodata.str1.4
                0x0000000010049e64        0xc /home/src/arm/target/bin/../arm-none-eabi/lib//libc.a(lib_a-locale.o)
                                         0x14 (size before relaxing)
 .rodata        0x0000000010049e70      0x128 /home/src/arm/target/bin/../arm-none-eabi/lib//libc.a(lib_a-mprec.o)
                0x0000000010049e80                __mprec_tens
                0x0000000010049f48                __mprec_tinytens
                0x0000000010049f70                __mprec_bigtens
 .rodata        0x0000000010049f98       0xe0 /home/leon/git/swp-report/iMX6_Platform_SDK/output/mx6sdl/lib/libsdk.a(gpio.o)
 .rodata        0x000000001004a078      0x380 /home/leon/git/swp-report/iMX6_Platform_SDK/output/mx6sdl/lib/libsdk.a(imx6sdl_gpio_map.o)
                0x000000001004a078                k_gpio_mux_registers
 .rodata        0x000000001004a3f8      0x2c4 /home/leon/git/swp-report/iMX6_Platform_SDK/output/mx6sdl/lib/libsdk.a(imx_i2c.o)
 .rodata        0x000000001004a6bc       0x80 /home/leon/git/swp-report/iMX6_Platform_SDK/output/mx6sdl/lib/libboard_sabre_ai_rev_a.a(i2c_iomux_config.o)
                0x000000001004a73c                . = ALIGN (0x4)
 *(.init)
 .init          0x000000001004a73c        0xc /home/src/arm/target/bin/../lib/gcc/arm-none-eabi/4.8.2//crti.o
                0x000000001004a73c                _init
 .init          0x000000001004a748        0xc /home/src/arm/target/bin/../lib/gcc/arm-none-eabi/4.8.2//crtn.o
                0x000000001004a754                . = ALIGN (0x4)
                0x000000001004a754                __init_array_start = .
 *(SORT(.init_array.*))
 *(.init_array)
 .init_array    0x000000001004a754        0x4 /home/src/arm/target/bin/../lib/gcc/arm-none-eabi/4.8.2//crtbegin.o
                0x000000001004a758                __init_array_end = .
                0x000000001004a758                . = ALIGN (0x4)
 *(.fini)
 .fini          0x000000001004a758        0xc /home/src/arm/target/bin/../lib/gcc/arm-none-eabi/4.8.2//crti.o
                0x000000001004a758                _fini
 .fini          0x000000001004a764        0xc /home/src/arm/target/bin/../lib/gcc/arm-none-eabi/4.8.2//crtn.o
                0x000000001004a770                . = ALIGN (0x4)
                0x000000001004a770                __fini_array_start = .
 *(.fini_array)
 .fini_array    0x000000001004a770        0x4 /home/src/arm/target/bin/../lib/gcc/arm-none-eabi/4.8.2//crtbegin.o
 *(SORT(.fini_array.*))
                0x000000001004a774                __fini_array_end = .
                0x000000001004a774                PROVIDE (__exidx_start, .)

.eh_frame       0x000000001004a774        0x4
 .eh_frame      0x000000001004a774        0x0 /home/src/arm/target/bin/../lib/gcc/arm-none-eabi/4.8.2//crtbegin.o
 .eh_frame      0x000000001004a774        0x4 /home/src/arm/target/bin/../lib/gcc/arm-none-eabi/4.8.2//crtend.o

.ARM.exidx      0x000000001004a778        0x8
 *(.ARM.exidx* .gnu.linkonce.armexidx.*)
 .ARM.exidx.startup
                0x000000001004a778        0x8 /home/leon/git/swp-report/iMX6_Platform_SDK/output/mx6sdl/lib/libsdk.a(startup.o)
 .ARM.exidx     0x000000001004a780        0x0 /home/src/arm/target/bin/../lib/gcc/arm-none-eabi/4.8.2//libgcc.a(_divdi3.o)
                                          0x8 (size before relaxing)
 .ARM.exidx     0x000000001004a780        0x0 /home/src/arm/target/bin/../lib/gcc/arm-none-eabi/4.8.2//libgcc.a(_udivdi3.o)
                                          0x8 (size before relaxing)
                0x000000001004a780                PROVIDE (__exidx_end, .)

.rel.dyn        0x000000001004a780        0x0
 .rel.iplt      0x0000000000000000        0x0 /home/src/arm/target/bin/../lib/gcc/arm-none-eabi/4.8.2//crtbegin.o

.data           0x000000001004a780      0xbf8
 *(.data .data.* .gnu.linkonce.d.*)
 .data          0x000000001004a780        0x4 /home/src/arm/target/bin/../lib/gcc/arm-none-eabi/4.8.2//crtbegin.o
                0x000000001004a780                __dso_handle
 .data          0x000000001004a784        0x0 /home/src/arm/target/bin/../lib/gcc/arm-none-eabi/4.8.2//crti.o
 .data          0x000000001004a784        0x0 /home/src/arm/target/bin/../lib/gcc/arm-none-eabi/4.8.2//crtend.o
 .data          0x000000001004a784        0x0 /home/src/arm/target/bin/../lib/gcc/arm-none-eabi/4.8.2//crtn.o
 .data          0x000000001004a784        0x0 /home/leon/git/swp-report/iMX6_Platform_SDK/output/mx6sdl/ping/sabre_ai_rev_a/obj/apps/common/ivt.o
 .data          0x000000001004a784        0x0 /home/leon/git/swp-report/iMX6_Platform_SDK/output/mx6sdl/ping/sabre_ai_rev_a/obj/apps/common/platform_init.o
 .data          0x000000001004a784        0x0 /home/leon/git/swp-report/iMX6_Platform_SDK/output/mx6sdl/ping/sabre_ai_rev_a/obj/apps/ping/src/ping.o
 .data          0x000000001004a784        0x0 /home/leon/git/swp-report/iMX6_Platform_SDK/output/mx6sdl/ping/sabre_ai_rev_a/obj/apps/ping/src/ping_main.o
 .data          0x000000001004a784        0x0 /home/leon/git/swp-report/iMX6_Platform_SDK/output/mx6sdl/lib/libsdk.a(ccm_pll.o)
 .data          0x000000001004a784        0x0 /home/leon/git/swp-report/iMX6_Platform_SDK/output/mx6sdl/lib/libsdk.a(cortexA9.o)
 .data          0x000000001004a784        0x0 /home/leon/git/swp-report/iMX6_Platform_SDK/output/mx6sdl/lib/libsdk.a(gic.o)
 .data          0x000000001004a784        0x0 /home/leon/git/swp-report/iMX6_Platform_SDK/output/mx6sdl/lib/libsdk.a(mmu.o)
 .data          0x000000001004a784        0x0 /home/leon/git/swp-report/iMX6_Platform_SDK/output/mx6sdl/lib/libsdk.a(startup.o)
 .data          0x000000001004a784        0x0 /home/leon/git/swp-report/iMX6_Platform_SDK/output/mx6sdl/lib/libsdk.a(vectors.o)
 .data          0x000000001004a784        0x0 /home/leon/git/swp-report/iMX6_Platform_SDK/output/mx6sdl/lib/libsdk.a(system_util.o)
 .data          0x000000001004a784        0x4 /home/leon/git/swp-report/iMX6_Platform_SDK/output/mx6sdl/lib/libsdk.a(text_color.o)
                0x000000001004a784                is_color_supported
 .data          0x000000001004a788        0x0 /home/leon/git/swp-report/iMX6_Platform_SDK/output/mx6sdl/lib/libsdk.a(enet_drv.o)
 .data          0x000000001004a788        0x0 /home/leon/git/swp-report/iMX6_Platform_SDK/output/mx6sdl/lib/libsdk.a(timer.o)
 .data          0x000000001004a788        0x0 /home/leon/git/swp-report/iMX6_Platform_SDK/output/mx6sdl/lib/libsdk.a(imx_uart.o)
 .data          0x000000001004a788        0x4 /home/leon/git/swp-report/iMX6_Platform_SDK/output/mx6sdl/lib/libsdk.a(arm_abort.o)
 .data          0x000000001004a78c        0x0 /home/leon/git/swp-report/iMX6_Platform_SDK/output/mx6sdl/lib/libsdk.a(interrupt.o)
 .data          0x000000001004a78c        0x0 /home/leon/git/swp-report/iMX6_Platform_SDK/output/mx6sdl/lib/libsdk.a(epit.o)
 .data          0x000000001004a78c        0x0 /home/leon/git/swp-report/iMX6_Platform_SDK/output/mx6sdl/lib/libsdk.a(abort_handler.o)