Archive member included because of file (symbol)

/home/leon/git/swp-report/iMX6_Platform_SDK/output/mx6dq/lib/libsdk.a(armv7_cache.o)
                              /home/leon/git/swp-report/iMX6_Platform_SDK/output/mx6dq/smp_primes/evb_rev_a/obj/apps/smp_primes/src/main.o (arm_dcache_enable)
/home/leon/git/swp-report/iMX6_Platform_SDK/output/mx6dq/lib/libsdk.a(ccm_pll.o)
                              /home/leon/git/swp-report/iMX6_Platform_SDK/output/mx6dq/smp_primes/evb_rev_a/obj/apps/common/platform_init.o (ccm_init)
/home/leon/git/swp-report/iMX6_Platform_SDK/output/mx6dq/lib/libsdk.a(cortexA9.o)
                              /home/leon/git/swp-report/iMX6_Platform_SDK/output/mx6dq/smp_primes/evb_rev_a/obj/apps/common/platform_init.o (arm_set_interrupt_state)
/home/leon/git/swp-report/iMX6_Platform_SDK/output/mx6dq/lib/libsdk.a(gic.o)
                              /home/leon/git/swp-report/iMX6_Platform_SDK/output/mx6dq/smp_primes/evb_rev_a/obj/apps/common/platform_init.o (gic_init)
/home/leon/git/swp-report/iMX6_Platform_SDK/output/mx6dq/lib/libsdk.a(mmu.o)
                              /home/leon/git/swp-report/iMX6_Platform_SDK/output/mx6dq/smp_primes/evb_rev_a/obj/apps/common/platform_init.o (mmu_init)
/home/leon/git/swp-report/iMX6_Platform_SDK/output/mx6dq/lib/libsdk.a(startup.o)
                              (_start)
/home/leon/git/swp-report/iMX6_Platform_SDK/output/mx6dq/lib/libsdk.a(vectors.o)
                              /home/leon/git/swp-report/iMX6_Platform_SDK/output/mx6dq/lib/libsdk.a(startup.o) (vectors)
/home/leon/git/swp-report/iMX6_Platform_SDK/output/mx6dq/lib/libsdk.a(spinlock.o)
                              /home/leon/git/swp-report/iMX6_Platform_SDK/output/mx6dq/smp_primes/evb_rev_a/obj/apps/smp_primes/src/main.o (spinlock_init)
/home/leon/git/swp-report/iMX6_Platform_SDK/output/mx6dq/lib/libsdk.a(spinlock_lock_unlock.o)
                              /home/leon/git/swp-report/iMX6_Platform_SDK/output/mx6dq/smp_primes/evb_rev_a/obj/apps/smp_primes/src/main.o (spinlock_lock)
/home/leon/git/swp-report/iMX6_Platform_SDK/output/mx6dq/lib/libsdk.a(system_util.o)
                              /home/leon/git/swp-report/iMX6_Platform_SDK/output/mx6dq/lib/libsdk.a(startup.o) (_sys_exit)
/home/leon/git/swp-report/iMX6_Platform_SDK/output/mx6dq/lib/libsdk.a(text_color.o)
                              /home/leon/git/swp-report/iMX6_Platform_SDK/output/mx6dq/lib/libsdk.a(system_util.o) (g_TextAttributeBold)
/home/leon/git/swp-report/iMX6_Platform_SDK/output/mx6dq/lib/libsdk.a(cpu_get_cores.o)
                              /home/leon/git/swp-report/iMX6_Platform_SDK/output/mx6dq/smp_primes/evb_rev_a/obj/apps/smp_primes/src/main.o (cpu_get_cores)
/home/leon/git/swp-report/iMX6_Platform_SDK/output/mx6dq/lib/libsdk.a(cpu_multicore.o)
                              /home/leon/git/swp-report/iMX6_Platform_SDK/output/mx6dq/smp_primes/evb_rev_a/obj/apps/smp_primes/src/main.o (cpu_start_secondary)
/home/leon/git/swp-report/iMX6_Platform_SDK/output/mx6dq/lib/libsdk.a(timer.o)
                              /home/leon/git/swp-report/iMX6_Platform_SDK/output/mx6dq/smp_primes/evb_rev_a/obj/apps/common/platform_init.o (system_time_init)
/home/leon/git/swp-report/iMX6_Platform_SDK/output/mx6dq/lib/libsdk.a(imx_uart.o)
                              /home/leon/git/swp-report/iMX6_Platform_SDK/output/mx6dq/smp_primes/evb_rev_a/obj/apps/common/platform_init.o (uart_getchar)
/home/leon/git/swp-report/iMX6_Platform_SDK/output/mx6dq/lib/libsdk.a(arm_abort.o)
                              /home/leon/git/swp-report/iMX6_Platform_SDK/output/mx6dq/lib/libsdk.a(vectors.o) (data_abort_handler)
/home/leon/git/swp-report/iMX6_Platform_SDK/output/mx6dq/lib/libsdk.a(interrupt.o)
                              /home/leon/git/swp-report/iMX6_Platform_SDK/output/mx6dq/lib/libsdk.a(vectors.o) (IRQ_HDLR)
/home/leon/git/swp-report/iMX6_Platform_SDK/output/mx6dq/lib/libsdk.a(epit.o)
                              /home/leon/git/swp-report/iMX6_Platform_SDK/output/mx6dq/lib/libsdk.a(timer.o) (epit_get_compare_event)
/home/leon/git/swp-report/iMX6_Platform_SDK/output/mx6dq/lib/libsdk.a(abort_handler.o)
                              /home/leon/git/swp-report/iMX6_Platform_SDK/output/mx6dq/lib/libsdk.a(arm_abort.o) (dump_regs)
/home/leon/git/swp-report/iMX6_Platform_SDK/output/mx6dq/lib/libboard_evb_rev_a.a(board_io_expanders.o)
                              /home/leon/git/swp-report/iMX6_Platform_SDK/output/mx6dq/smp_primes/evb_rev_a/obj/apps/common/platform_init.o (board_ioexpander_init)
/home/leon/git/swp-report/iMX6_Platform_SDK/output/mx6dq/lib/libboard_evb_rev_a.a(hardware_modules.o)
                              /home/leon/git/swp-report/iMX6_Platform_SDK/output/mx6dq/smp_primes/evb_rev_a/obj/apps/common/platform_init.o (g_debug_uart_port)
/home/leon/git/swp-report/iMX6_Platform_SDK/output/mx6dq/lib/libboard_evb_rev_a.a(dcd.o)
[...]
Memory Configuration

Name             Origin             Length             Attributes
OCRAM            0x00900000         0x00040000         xrw
DDR              0x10000000         0x40000000         xrw
*default*        0x00000000         0xffffffff

Linker script and memory map

LOAD /home/leon/riotboard/arm-2012.09/bin/../lib/gcc/arm-none-eabi/4.7.2//crtbegin.o
LOAD /home/leon/riotboard/arm-2012.09/bin/../lib/gcc/arm-none-eabi/4.7.2//crti.o
LOAD /home/leon/riotboard/arm-2012.09/bin/../lib/gcc/arm-none-eabi/4.7.2//crtend.o
LOAD /home/leon/riotboard/arm-2012.09/bin/../lib/gcc/arm-none-eabi/4.7.2//crtn.o

.l1_page_table  0x00900000     0x4000
                0x00900000                __l1_page_table_start = .
                0x00904000                . = (. + 0x4000)
 *fill*         0x00900000     0x4000 

.heap.ocram     0x00904000    0x3bfb8
                0x00904000                __heap_ocram_start = .
                0x0093ffb8                . = (. + 0x3bfb8)
 *fill*         0x00904000    0x3bfb8 
                0x0093ffb8                __heap_ocram_end = .

.ram_vectors    0x0093ffb8       0x48
                0x0093ffb8                __ram_vectors_start = .
                0x00940000                . = (. + 0x48)
 *fill*         0x0093ffb8       0x48 
                0x00940000                __ram_vectors_end = .
                0x10000000                _start_image_add = ORIGIN (DDR)

.ivt            0x10000000      0x420
                0x10000400                . = (. + 0x400)
 *fill*         0x10000000      0x400 
 *(.ivt)
 .ivt           0x10000400       0x20 /home/leon/git/swp-report/iMX6_Platform_SDK/output/mx6dq/smp_primes/evb_rev_a/obj/apps/common/ivt.o
                0x10000400                input_ivt

.boot_data      0x10000420        0xc
                0x10000420                __start_boot_data = .
 *(.boot_data)
 .boot_data     0x10000420        0xc /home/leon/git/swp-report/iMX6_Platform_SDK/output/mx6dq/smp_primes/evb_rev_a/obj/apps/common/ivt.o
                0x10000420                bd

.dcd_hdr        0x10000430        0x4
                0x10000430                __start_dcd = .
 *(.dcd_hdr)
 .dcd_hdr       0x10000430        0x4 /home/leon/git/swp-report/iMX6_Platform_SDK/output/mx6dq/lib/libboard_evb_rev_a.a(dcd.o)
                0x10000430                input_dcd_hdr

.dcd_wrt_cmd    0x10000434        0x4
 *(.dcd_wrt_cmd)
 .dcd_wrt_cmd   0x10000434        0x4 /home/leon/git/swp-report/iMX6_Platform_SDK/output/mx6dq/lib/libboard_evb_rev_a.a(dcd.o)
                0x10000434                input_dcd_wrt_cmd

.dcd_data       0x10000438      0x2e8
 *(.dcd_data)
 .dcd_data      0x10000438      0x2e8 /home/leon/git/swp-report/iMX6_Platform_SDK/output/mx6dq/lib/libboard_evb_rev_a.a(dcd.o)
                0x10000438                input_dcd

.text           0x10000720    0x189bc
 CREATE_OBJECT_SYMBOLS
 *(.startup)
 .startup       0x10000720      0x138 /home/leon/git/swp-report/iMX6_Platform_SDK/output/mx6dq/lib/libsdk.a(startup.o)
                0x10000720                _start
 *(.text .text.* .gnu.linkonce.t.*)
 .text          0x10000858      0x128 /home/leon/riotboard/arm-2012.09/bin/../lib/gcc/arm-none-eabi/4.7.2//crtbegin.o
 .text          0x10000980        0x0 /home/leon/riotboard/arm-2012.09/bin/../lib/gcc/arm-none-eabi/4.7.2//crti.o
 .text          0x10000980        0x0 /home/leon/riotboard/arm-2012.09/bin/../lib/gcc/arm-none-eabi/4.7.2//crtend.o
 .text          0x10000980        0x0 /home/leon/riotboard/arm-2012.09/bin/../lib/gcc/arm-none-eabi/4.7.2//crtn.o
 .text          0x10000980        0x0 /home/leon/git/swp-report/iMX6_Platform_SDK/output/mx6dq/smp_primes/evb_rev_a/obj/apps/common/ivt.o
 .text          0x10000980       0xbc /home/leon/git/swp-report/iMX6_Platform_SDK/output/mx6dq/smp_primes/evb_rev_a/obj/apps/common/platform_init.o
                0x10000980                platform_init
 .text          0x10000a3c      0x380 /home/leon/git/swp-report/iMX6_Platform_SDK/output/mx6dq/smp_primes/evb_rev_a/obj/apps/smp_primes/src/main.o
                0x10000a3c                configure_cpu
                0x10000a90                smp_primes
                0x10000da0                main
 .text          0x10000dbc      0x55c /home/leon/git/swp-report/iMX6_Platform_SDK/output/mx6dq/smp_primes/evb_rev_a/obj/apps/smp_primes/src/primes.o
                0x10000ef0                initPrimes
                0x100011ec                calculatePrimes
 .text          0x10001318      0x644 /home/leon/git/swp-report/iMX6_Platform_SDK/output/mx6dq/lib/libsdk.a(armv7_cache.o)
                0x10001318                arm_dcache_state_query
                0x10001358                arm_dcache_enable
                0x100013a0                arm_dcache_disable
                0x100013d8                arm_dcache_invalidate
                0x1000147c                arm_dcache_invalidate_line
                0x100014e8                arm_dcache_invalidate_mlines
                0x10001588                arm_dcache_flush
                0x1000162c                arm_dcache_flush_line
                0x10001698                arm_dcache_flush_mlines
                0x10001738                arm_icache_state_query
                0x10001778                arm_icache_enable
                0x100017c0                arm_icache_disable
                0x100017f8                arm_icache_invalidate
                0x10001824                arm_icache_invalidate_is
                0x10001850                arm_icache_invalidate_line
                0x100018bc                arm_icache_invalidate_mlines
 .text          0x1000195c      0xcdc /home/leon/git/swp-report/iMX6_Platform_SDK/output/mx6dq/lib/libsdk.a(ccm_pll.o)
                0x1000195c                ccm_init
                0x10001a80                get_main_clock
                0x10001d10                get_peri_clock
                0x10001ec0                ccm_ccgr_config
                0x10001f28                clock_gating_config
                0x100023a8                ccm_set_lpm_wakeup_source
                0x1000249c                ccm_enter_low_power
                0x1000250c                ipu_hsp_clk_config
                0x1000252c                gpu_clock_config
 .text          0x10002638      0x164 /home/leon/git/swp-report/iMX6_Platform_SDK/output/mx6dq/lib/libsdk.a(cortexA9.o)
                0x10002638                arm_set_interrupt_state
                0x1000265c                cpu_get_current
                0x10002668                enable_neon_fpu
                0x10002684                disable_strict_align_check
                0x10002698                disable_L1_cache
                0x100026b8                get_arm_private_peripheral_base
                0x100026c0                arm_unified_tlb_invalidate
                0x100026d0                arm_unified_tlb_invalidate_is
                0x100026e0                arm_branch_prediction_enable
                0x100026f0                arm_branch_prediction_disable
                0x10002700                arm_branch_target_cache_invalidate
                0x1000270c                arm_branch_target_cache_invalidate_is
                0x10002718                scu_enable
                0x1000272c                scu_join_smp
                0x1000273c                scu_leave_smp
                0x1000274c                scu_get_cpus_in_smp
                0x10002760                scu_enable_maintenance_broadcast
                0x10002770                scu_disable_maintenance_broadcast
                0x10002780                scu_secure_invalidate
 .text          0x1000279c      0x5e0 /home/leon/git/swp-report/iMX6_Platform_SDK/output/mx6dq/lib/libsdk.a(gic.o)
                0x10002880                gic_enable
                0x100028e0                gic_set_irq_security
                0x10002988                gic_enable_irq
                0x10002a04                gic_set_irq_priority
                0x10002a4c                gic_set_cpu_target
                0x10002b58                gic_send_sgi
                0x10002bac                gic_cpu_enable
                0x10002c0c                gic_set_cpu_priority_mask
                0x10002c40                gic_read_irq_ack
                0x10002c6c                gic_write_end_of_irq
                0x10002c9c                gic_init
                0x10002d40                gic_init_cpu
 .text          0x10002d7c      0x460 /home/leon/git/swp-report/iMX6_Platform_SDK/output/mx6dq/lib/libsdk.a(mmu.o)
                0x10002d7c                mmu_enable
                0x10002db4                mmu_disable
                0x10002de8                mmu_init
                0x10002f04                mmu_map_l1_range
                0x1000311c                mmu_virtual_to_physical
 .text          0x100031dc        0x0 /home/leon/git/swp-report/iMX6_Platform_SDK/output/mx6dq/lib/libsdk.a(startup.o)
 .text          0x100031dc        0x4 /home/leon/git/swp-report/iMX6_Platform_SDK/output/mx6dq/lib/libsdk.a(vectors.o)
                0x100031dc                exception_handler
 .text.vectors  0x100031e0       0x48 /home/leon/git/swp-report/iMX6_Platform_SDK/output/mx6dq/lib/libsdk.a(vectors.o)
                0x100031e0                vectors
 .text          0x10003228       0x60 /home/leon/git/swp-report/iMX6_Platform_SDK/output/mx6dq/lib/libsdk.a(spinlock.o)
                0x10003228                spinlock_init
                0x10003250                spinlock_is_locked
 .text          0x10003288       0x60 /home/leon/git/swp-report/iMX6_Platform_SDK/output/mx6dq/lib/libsdk.a(spinlock_lock_unlock.o)
                0x10003288                spinlock_lock
                0x100032b4                spinlock_unlock
 .text          0x100032e8      0x914 /home/leon/git/swp-report/iMX6_Platform_SDK/output/mx6dq/lib/libsdk.a(system_util.o)
                0x100032e8                _sys_exit
                0x10003304                mybkpt
                0x1000330c                is_input_char
                0x1000348c                read_input_string
                0x10003774                get_input_hex
                0x100039f4                read_int
                0x10003b58                jump_to_sdp
 .text          0x10003bfc       0xe0 /home/leon/git/swp-report/iMX6_Platform_SDK/output/mx6dq/lib/libsdk.a(text_color.o)
                0x10003bfc                printf_color
                0x10003c98                get_color_supported
 .text          0x10003cdc       0x78 /home/leon/git/swp-report/iMX6_Platform_SDK/output/mx6dq/lib/libsdk.a(cpu_get_cores.o)
                0x10003cdc                cpu_get_cores
 .text          0x10003d54      0x2a8 /home/leon/git/swp-report/iMX6_Platform_SDK/output/mx6dq/lib/libsdk.a(cpu_multicore.o)
                0x10003db8                cpu_start_secondary
                0x10003f4c                cpu_disable
 .text          0x10003ffc      0x290 /home/leon/git/swp-report/iMX6_Platform_SDK/output/mx6dq/lib/libsdk.a(timer.o)
                0x10003ffc                hal_delay_us
                0x1000406c                system_time_init
                0x100041cc                time_get_microseconds
 .text          0x1000428c     0x2820 /home/leon/git/swp-report/iMX6_Platform_SDK/output/mx6dq/lib/libsdk.a(imx_uart.o)
                0x1000428c                uart_get_reffreq
                0x10004388                uart_putchar
                0x100044d8                uart_getchar
                0x10004638                uart_set_FIFO_mode
                0x10005164                uart_set_loopback_mode
                0x100053b8                uart_setup_interrupt
                0x10005484                uart_init
 .text          0x10006aac       0x98 /home/leon/git/swp-report/iMX6_Platform_SDK/output/mx6dq/lib/libsdk.a(arm_abort.o)
                0x10006aac                common_abort_handler
                0x10006b0c                data_abort_handler
                0x10006b24                prefetch_abort_handler
 .text          0x10006b44      0x1bc /home/leon/git/swp-report/iMX6_Platform_SDK/output/mx6dq/lib/libsdk.a(interrupt.o)
                0x10006b44                IRQ_HDLR
                0x10006c0c                disable_interrupt
                0x10006c48                enable_interrupt
                0x10006ca0                register_interrupt_routine
                0x10006cd4                default_interrupt_routine
 .text          0x10006d00      0x8e0 /home/leon/git/swp-report/iMX6_Platform_SDK/output/mx6dq/lib/libsdk.a(epit.o)
                0x10006d00                epit_reload_counter
                0x10006d60                epit_get_counter_value
                0x10006dbc                epit_set_compare_event
                0x10006e1c                epit_get_compare_event
                0x10006f14                epit_counter_disable
                0x100070d8                epit_counter_enable
                0x10007334                epit_setup_interrupt
                0x100073c4                epit_init
 .text          0x100075e0      0x4bc /home/leon/git/swp-report/iMX6_Platform_SDK/output/mx6dq/lib/libsdk.a(abort_handler.o)
                0x100075e0                dump_regs
 .text          0x10007a9c       0x80 /home/leon/git/swp-report/iMX6_Platform_SDK/output/mx6dq/lib/libboard_evb_rev_a.a(board_io_expanders.o)
                0x10007a9c                board_ioexpander_init
                0x10007b0c                board_ioexpander_iomux_config
 .text          0x10007b1c        0x0 /home/leon/git/swp-report/iMX6_Platform_SDK/output/mx6dq/lib/libboard_evb_rev_a.a(hardware_modules.o)
 .text          0x10007b1c        0x0 /home/leon/git/swp-report/iMX6_Platform_SDK/output/mx6dq/lib/libboard_evb_rev_a.a(dcd.o)
 .text          0x10007b1c       0x90 /home/leon/git/swp-report/iMX6_Platform_SDK/output/mx6dq/lib/libboard_evb_rev_a.a(uart_iomux_config.o)
                0x10007b1c                uart_iomux_config
 .text          0x10007bac      0x2c4 /home/leon/git/swp-report/iMX6_Platform_SDK/output/mx6dq/lib/libboard_evb_rev_a.a(iomux_config.o)
                0x10007bac                iomux_config
                0x10007c30                arm_iomux_config
                0x10007c40                asrc_iomux_config
                0x10007c50                audmux_iomux_config
                0x10007c60                dcic1_iomux_config
                0x10007c70                dcic2_iomux_config
                0x10007c80                ecspi2_iomux_config
                0x10007c90                ecspi3_iomux_config
                0x10007ca0                ecspi4_iomux_config
                0x10007cb0                ecspi5_iomux_config
                0x10007cc0                eim_iomux_config
                0x10007cd0                epit1_iomux_config
                0x10007ce0                epit2_iomux_config
                0x10007cf0                gpio1_iomux_config
                0x10007d00                gpio2_iomux_config
                0x10007d10                gpio7_iomux_config
                0x10007d20                gpt_iomux_config
                0x10007d30                ipu2_iomux_config
                0x10007d40                ldb_iomux_config
                0x10007d50                mipi_csi_iomux_config
                0x10007d60                mipi_dsi_iomux_config
                0x10007d70                mipi_hsi_iomux_config
                0x10007d80                pcie_iomux_config
                0x10007d90                pmu_iomux_config
                0x10007da0                pwm2_iomux_config
                0x10007db0                pwm3_iomux_config
                0x10007dc0                pwm4_iomux_config
                0x10007dd0                sata_phy_iomux_config
                0x10007de0                sdma_iomux_config
                0x10007df0                snvs_iomux_config
                0x10007e00                src_iomux_config
                0x10007e10                uart1_iomux_config
                0x10007e20                uart3_iomux_config
                0x10007e30                uart5_iomux_config
                0x10007e40                wdog1_iomux_config
                0x10007e50                wdog2_iomux_config
                0x10007e60                xtalosc_iomux_config
 .text          0x10007e70      0x5f8 /home/leon/git/swp-report/iMX6_Platform_SDK/output/mx6dq/lib/libboard_evb_rev_a.a(ipu1_iomux_config.o)
                0x10007e70                ipu1_iomux_config
 .text          0x10008468      0x148 /home/leon/git/swp-report/iMX6_Platform_SDK/output/mx6dq/lib/libboard_evb_rev_a.a(kpp_iomux_config.o)
                0x10008468                kpp_iomux_config
 .text          0x100085b0       0xac /home/leon/git/swp-report/iMX6_Platform_SDK/output/mx6dq/lib/libboard_evb_rev_a.a(mlb_iomux_config.o)
                0x100085b0                mlb_iomux_config
 .text          0x1000865c     0x2884 /home/leon/git/swp-report/iMX6_Platform_SDK/output/mx6dq/lib/libboard_evb_rev_a.a(mmdc_iomux_config.o)
                0x1000865c                mmdc_iomux_config
 .text          0x1000aee0       0x34 /home/leon/git/swp-report/iMX6_Platform_SDK/output/mx6dq/lib/libboard_evb_rev_a.a(pwm1_iomux_config.o)
                0x1000aee0                pwm1_iomux_config
 .text          0x1000af14       0x70 /home/leon/git/swp-report/iMX6_Platform_SDK/output/mx6dq/lib/libboard_evb_rev_a.a(sjc_iomux_config.o)
                0x1000af14                sjc_iomux_config
 .text          0x1000af84       0xe0 /home/leon/git/swp-report/iMX6_Platform_SDK/output/mx6dq/lib/libboard_evb_rev_a.a(spdif_iomux_config.o)
                0x1000af84                spdif_iomux_config
 .text          0x1000b064       0xe0 /home/leon/git/swp-report/iMX6_Platform_SDK/output/mx6dq/lib/libboard_evb_rev_a.a(uart2_iomux_config.o)
                0x1000b064                uart2_iomux_config
 .text          0x1000b144       0x78 /home/leon/git/swp-report/iMX6_Platform_SDK/output/mx6dq/lib/libboard_evb_rev_a.a(uart4_iomux_config.o)
                0x1000b144                uart4_iomux_config
 .text          0x1000b1bc       0x8c /home/leon/git/swp-report/iMX6_Platform_SDK/output/mx6dq/lib/libboard_evb_rev_a.a(usb_iomux_config.o)
                0x1000b1bc                usb_iomux_config
 .text          0x1000b248      0x178 /home/leon/git/swp-report/iMX6_Platform_SDK/output/mx6dq/lib/libboard_evb_rev_a.a(usdhc1_iomux_config.o)
                0x1000b248                usdhc1_iomux_config
 .text          0x1000b3c0      0x19c /home/leon/git/swp-report/iMX6_Platform_SDK/output/mx6dq/lib/libboard_evb_rev_a.a(usdhc2_iomux_config.o)
                0x1000b3c0                usdhc2_iomux_config
 .text          0x1000b55c      0x1c0 /home/leon/git/swp-report/iMX6_Platform_SDK/output/mx6dq/lib/libboard_evb_rev_a.a(usdhc3_iomux_config.o)
                0x1000b55c                usdhc3_iomux_config
 .text          0x1000b71c      0x178 /home/leon/git/swp-report/iMX6_Platform_SDK/output/mx6dq/lib/libboard_evb_rev_a.a(usdhc4_iomux_config.o)
                0x1000b71c                usdhc4_iomux_config
 .text          0x1000b894       0x34 /home/leon/git/swp-report/iMX6_Platform_SDK/output/mx6dq/lib/libboard_evb_rev_a.a(ccm_iomux_config.o)
                0x1000b894                ccm_iomux_config
 .text          0x1000b8c8      0x114 /home/leon/git/swp-report/iMX6_Platform_SDK/output/mx6dq/lib/libboard_evb_rev_a.a(ecspi1_iomux_config.o)
                0x1000b8c8                ecspi1_iomux_config
 .text          0x1000b9dc      0x3bc /home/leon/git/swp-report/iMX6_Platform_SDK/output/mx6dq/lib/libboard_evb_rev_a.a(enet_iomux_config.o)
                0x1000b9dc                enet_iomux_config
 .text          0x1000bd98      0x280 /home/leon/git/swp-report/iMX6_Platform_SDK/output/mx6dq/lib/libboard_evb_rev_a.a(esai_iomux_config.o)
                0x1000bd98                esai_iomux_config
 .text          0x1000c018       0x68 /home/leon/git/swp-report/iMX6_Platform_SDK/output/mx6dq/lib/libboard_evb_rev_a.a(flexcan1_iomux_config.o)
                0x1000c018                flexcan1_iomux_config
 .text          0x1000c080       0x68 /home/leon/git/swp-report/iMX6_Platform_SDK/output/mx6dq/lib/libboard_evb_rev_a.a(flexcan2_iomux_config.o)
                0x1000c080                flexcan2_iomux_config
 .text          0x1000c0e8       0x58 /home/leon/git/swp-report/iMX6_Platform_SDK/output/mx6dq/lib/libboard_evb_rev_a.a(gpio3_iomux_config.o)
                0x1000c0e8                gpio3_iomux_config
 .text          0x1000c140       0x58 /home/leon/git/swp-report/iMX6_Platform_SDK/output/mx6dq/lib/libboard_evb_rev_a.a(gpio4_iomux_config.o)
                0x1000c140                gpio4_iomux_config
 .text          0x1000c198       0xa0 /home/leon/git/swp-report/iMX6_Platform_SDK/output/mx6dq/lib/libboard_evb_rev_a.a(gpio5_iomux_config.o)
                0x1000c198                gpio5_iomux_config
 .text          0x1000c238       0x58 /home/leon/git/swp-report/iMX6_Platform_SDK/output/mx6dq/lib/libboard_evb_rev_a.a(gpio6_iomux_config.o)
                0x1000c238                gpio6_iomux_config
 .text          0x1000c290      0x2bc /home/leon/git/swp-report/iMX6_Platform_SDK/output/mx6dq/lib/libboard_evb_rev_a.a(gpmi_iomux_config.o)
                0x1000c290                gpmi_iomux_config
 .text          0x1000c54c       0x40 /home/leon/git/swp-report/iMX6_Platform_SDK/output/mx6dq/lib/libboard_evb_rev_a.a(hdmi_iomux_config.o)
                0x1000c54c                hdmi_iomux_config
 .text          0x1000c58c       0x78 /home/leon/git/swp-report/iMX6_Platform_SDK/output/mx6dq/lib/libboard_evb_rev_a.a(i2c1_iomux_config.o)
                0x1000c58c                i2c1_iomux_config
 .text          0x1000c604       0x78 /home/leon/git/swp-report/iMX6_Platform_SDK/output/mx6dq/lib/libboard_evb_rev_a.a(i2c2_iomux_config.o)
                0x1000c604                i2c2_iomux_config
 .text          0x1000c67c       0x78 /home/leon/git/swp-report/iMX6_Platform_SDK/output/mx6dq/lib/libboard_evb_rev_a.a(i2c3_iomux_config.o)
                0x1000c67c                i2c3_iomux_config
 .text          0x1000c6f4       0x68 /home/leon/riotboard/arm-2012.09/bin/../arm-none-eabi/lib//libc.a(lib_a-assert.o)
                0x1000c6f4                __assert_func
                0x1000c74c                __assert
 .text          0x1000c75c       0x20 /home/leon/riotboard/arm-2012.09/bin/../arm-none-eabi/lib//libc.a(lib_a-bzero.o)
                0x1000c75c                bzero
 .text          0x1000c77c       0x70 /home/leon/riotboard/arm-2012.09/bin/../arm-none-eabi/lib//libc.a(lib_a-fiprintf.o)
                0x1000c77c                _fiprintf_r
                0x1000c7ac                fiprintf
 .text          0x1000c7ec       0x94 /home/leon/riotboard/arm-2012.09/bin/../arm-none-eabi/lib//libc.a(lib_a-fputc.o)
                0x1000c7ec                _fputc_r
                0x1000c830                fputc
 .text          0x1000c880        0x0 /home/leon/riotboard/arm-2012.09/bin/../arm-none-eabi/lib//libc.a(lib_a-impure.o)
 .text          0x1000c880       0x88 /home/leon/riotboard/arm-2012.09/bin/../arm-none-eabi/lib//libc.a(lib_a-init.o)
                0x1000c880                __libc_init_array
 .text          0x1000c908       0x40 /home/leon/riotboard/arm-2012.09/bin/../arm-none-eabi/lib//libc.a(lib_a-malloc.o)
                0x1000c908                malloc
                0x1000c928                free
 .text          0x1000c948      0x71c /home/leon/riotboard/arm-2012.09/bin/../arm-none-eabi/lib//libc.a(lib_a-mallocr.o)
                0x1000c948                _malloc_r
 .text          0x1000d064        0x8 /home/leon/riotboard/arm-2012.09/bin/../arm-none-eabi/lib//libc.a(lib_a-mlock.o)
                0x1000d064                __malloc_lock
                0x1000d068                __malloc_unlock
 .text          0x1000d06c       0x74 /home/leon/riotboard/arm-2012.09/bin/../arm-none-eabi/lib//libc.a(lib_a-printf.o)
                0x1000d06c                _printf_r
                0x1000d0a0                printf
 .text          0x1000d0e0      0x170 /home/leon/riotboard/arm-2012.09/bin/../arm-none-eabi/lib//libc.a(lib_a-putc.o)
                0x1000d0e0                _putc_r
                0x1000d190                putc
 .text          0x1000d250       0x28 /home/leon/riotboard/arm-2012.09/bin/../arm-none-eabi/lib//libc.a(lib_a-realloc.o)
                0x1000d250                realloc
 .text          0x1000d278      0x574 /home/leon/riotboard/arm-2012.09/bin/../arm-none-eabi/lib//libc.a(lib_a-reallocr.o)
                0x1000d278                _realloc_r
 .text          0x1000d7ec       0x6c /home/leon/riotboard/arm-2012.09/bin/../arm-none-eabi/lib//libc.a(lib_a-rget.o)
                0x1000d7ec                __srget_r
                0x1000d844                __srget
 .text          0x1000d858       0x40 /home/leon/riotboard/arm-2012.09/bin/../arm-none-eabi/lib//libc.a(lib_a-sbrkr.o)
                0x1000d858                _sbrk_r
 .text          0x1000d898     0x12c4 /home/leon/riotboard/arm-2012.09/bin/../arm-none-eabi/lib//libc.a(lib_a-vfiprintf.o)
                0x1000d898                __sprint_r
                0x1000d954                _vfiprintf_r
                0x1000eb30                vfiprintf
 .text          0x1000eb5c     0x2180 /home/leon/riotboard/arm-2012.09/bin/../arm-none-eabi/lib//libc.a(lib_a-vfprintf.o)
                0x1000eb5c                _vfprintf_r
                0x10010cb0                vfprintf
 .text          0x10010cdc       0x4c /home/leon/riotboard/arm-2012.09/bin/../arm-none-eabi/lib//libc.a(lib_a-vprintf.o)
                0x10010cdc                vprintf
                0x10010d08                _vprintf_r
 .text          0x10010d28      0x14c /home/leon/riotboard/arm-2012.09/bin/../arm-none-eabi/lib//libc.a(lib_a-wbuf.o)
                0x10010d28                __swbuf_r
                0x10010e58                __swbuf
 .text          0x10010e74      0x138 /home/leon/riotboard/arm-2012.09/bin/../arm-none-eabi/lib//libc.a(lib_a-wsetup.o)
                0x10010e74                __swsetup_r
 .text          0x10010fac       0x14 /home/leon/riotboard/arm-2012.09/bin/../arm-none-eabi/lib//libc.a(lib_a-abort.o)
                0x10010fac                abort
 .text          0x10010fc0     0x18a8 /home/leon/riotboard/arm-2012.09/bin/../arm-none-eabi/lib//libc.a(lib_a-dtoa.o)
                0x100111a0                _dtoa_r
 .text          0x10012868      0x26c /home/leon/riotboard/arm-2012.09/bin/../arm-none-eabi/lib//libc.a(lib_a-fflush.o)
                0x10012868                _fflush_r
                0x10012a94                fflush
 .text          0x10012ad4      0x2c4 /home/leon/riotboard/arm-2012.09/bin/../arm-none-eabi/lib//libc.a(lib_a-findfp.o)
                0x10012ae4                _cleanup_r
                0x10012b78                __sfmoreglue
                0x10012bc0                _cleanup
                0x10012bd0                __sinit
                0x10012c48                __sfp
                0x10012d40                __sfp_lock_acquire
                0x10012d44                __sfp_lock_release
                0x10012d48                __sinit_lock_acquire
                0x10012d4c                __sinit_lock_release
                0x10012d50                __fp_lock_all
                0x10012d74                __fp_unlock_all
 .text          0x10012d98      0x19c /home/leon/riotboard/arm-2012.09/bin/../arm-none-eabi/lib//libc.a(lib_a-fputwc.o)
                0x10012d98                _fputwc_r
                0x10012ee8                fputwc
 .text          0x10012f34      0x368 /home/leon/riotboard/arm-2012.09/bin/../arm-none-eabi/lib//libc.a(lib_a-freer.o)
                0x10012f34                _malloc_trim_r
                0x10013030                _free_r
 .text          0x1001329c      0x4c4 /home/leon/riotboard/arm-2012.09/bin/../arm-none-eabi/lib//libc.a(lib_a-fvwrite.o)
                0x1001329c                __sfvwrite_r
 .text          0x10013760      0x114 /home/leon/riotboard/arm-2012.09/bin/../arm-none-eabi/lib//libc.a(lib_a-fwalk.o)
                0x10013760                _fwalk
                0x100137e8                _fwalk_reent
 .text          0x10013874       0xd0 /home/leon/riotboard/arm-2012.09/bin/../arm-none-eabi/lib//libc.a(lib_a-locale.o)
                0x10013874                _setlocale_r
                0x100138e0                __locale_charset
                0x100138ec                __locale_mb_cur_max
                0x100138fc                __locale_msgcharset
                0x10013908                __locale_cjk_lang
                0x10013910                _localeconv_r
                0x1001391c                setlocale
                0x10013938                localeconv
 .text          0x10013944      0x15c /home/leon/riotboard/arm-2012.09/bin/../arm-none-eabi/lib//libc.a(lib_a-makebuf.o)
                0x10013944                __smakebuf_r
 .text          0x10013aa0      0x11c /home/leon/riotboard/arm-2012.09/bin/../arm-none-eabi/lib//libc.a(lib_a-memchr.o)
                0x10013aa0                memchr
 .text          0x10013bbc      0x20c /home/leon/riotboard/arm-2012.09/bin/../arm-none-eabi/lib//libc.a(lib_a-memcpy.o)
                0x10013bbc                memcpy
 .text          0x10013dc8      0x134 /home/leon/riotboard/arm-2012.09/bin/../arm-none-eabi/lib//libc.a(lib_a-memmove.o)
                0x10013dc8                memmove
 .text          0x10013efc      0x134 /home/leon/riotboard/arm-2012.09/bin/../arm-none-eabi/lib//libc.a(lib_a-memset.o)
                0x10013efc                memset
 .text          0x10014030      0xd20 /home/leon/riotboard/arm-2012.09/bin/../arm-none-eabi/lib//libc.a(lib_a-mprec.o)
                0x10014030                _Balloc
                0x100140bc                _Bfree
                0x100140d8                __multadd
                0x100141b4                __s2b
                0x100142a4                __hi0bits
                0x100142f4                __lo0bits
                0x10014388                __i2b
                0x100143ac                __multiply
                0x10014590                __pow5mult
                0x10014684                __lshift
                0x10014788                __mcmp
                0x100147ec                __mdiff
                0x10014938                __ulp
                0x1001499c                __b2d
                0x10014a68                __d2b
                0x10014b70                __ratio
                0x10014c00                _mprec_log10
                0x10014c54                __copybits
                0x10014cc8                __any_on
 .text          0x10014d50      0x19c /home/leon/riotboard/arm-2012.09/bin/../arm-none-eabi/lib//libc.a(lib_a-reent.o)
                0x10014d50                cleanup_glue
                0x10014d7c                _reclaim_reent
                0x10014e78                _wrapup_reent
 .text          0x10014eec      0x1cc /home/leon/riotboard/arm-2012.09/bin/../arm-none-eabi/lib//libc.a(lib_a-refill.o)
                0x10014f14                __srefill_r
 .text          0x100150b8       0x6c /home/leon/riotboard/arm-2012.09/bin/../arm-none-eabi/lib//libc.a(lib_a-s_fpclassify.o)
                0x100150b8                __fpclassifyd
 .text          0x10015124      0x24c /home/leon/riotboard/arm-2012.09/bin/../arm-none-eabi/lib//libc.a(lib_a-signal.o)
                0x10015124                _init_signal_r
                0x10015184                _signal_r
                0x100151f0                _raise_r
                0x10015288                __sigtramp_r
                0x1001531c                raise
                0x10015330                signal
                0x1001534c                _init_signal
                0x1001535c                __sigtramp
 .text          0x10015370       0x50 /home/leon/riotboard/arm-2012.09/bin/../arm-none-eabi/lib//libc.a(lib_a-signalr.o)
                0x10015370                _kill_r
                0x100153b0                _getpid_r
 .text          0x100153c0       0xdc /home/leon/riotboard/arm-2012.09/bin/../arm-none-eabi/lib//libc.a(lib_a-stdio.o)
                0x100153c0                __sread
                0x100153f4                __seofread
                0x100153fc                __swrite
                0x10015454                __sseek
                0x10015488                __sclose
 .text          0x1001549c      0x230 /home/leon/riotboard/arm-2012.09/bin/../arm-none-eabi/lib//libc.a(lib_a-strcmp.o)
                0x1001549c                strcmp
 .text          0x100156cc       0x60 /home/leon/riotboard/arm-2012.09/bin/../arm-none-eabi/lib//libc.a(lib_a-strlen.o)
                0x100156cc                strlen
 .text          0x1001572c      0x134 /home/leon/riotboard/arm-2012.09/bin/../arm-none-eabi/lib//libc.a(lib_a-wcrtomb.o)
                0x1001572c                _wcrtomb_r
                0x100157bc                wcrtomb
 .text          0x10015860       0x7c /home/leon/riotboard/arm-2012.09/bin/../arm-none-eabi/lib//libc.a(lib_a-wctomb_r.o)
                0x10015860                __ascii_wctomb
                0x1001588c                _wctomb_r
 .text          0x100158dc       0x44 /home/leon/riotboard/arm-2012.09/bin/../arm-none-eabi/lib//libc.a(lib_a-writer.o)
                0x100158dc                _write_r
 .text          0x10015920       0x94 /home/leon/riotboard/arm-2012.09/bin/../arm-none-eabi/lib//libc.a(lib_a-callocr.o)
                0x10015920                _calloc_r
 .text          0x100159b4       0x3c /home/leon/riotboard/arm-2012.09/bin/../arm-none-eabi/lib//libc.a(lib_a-closer.o)
                0x100159b4                _close_r
 .text          0x100159f0      0x10c /home/leon/riotboard/arm-2012.09/bin/../arm-none-eabi/lib//libc.a(lib_a-fclose.o)
                0x100159f0                _fclose_r
                0x10015ae8                fclose
 .text          0x10015afc       0x40 /home/leon/riotboard/arm-2012.09/bin/../arm-none-eabi/lib//libc.a(lib_a-fstatr.o)
                0x10015afc                _fstat_r
 .text          0x10015b3c       0x3c /home/leon/riotboard/arm-2012.09/bin/../arm-none-eabi/lib//libc.a(lib_a-isattyr.o)
                0x10015b3c                _isatty_r
 .text          0x10015b78       0x44 /home/leon/riotboard/arm-2012.09/bin/../arm-none-eabi/lib//libc.a(lib_a-lseekr.o)
                0x10015b78                _lseek_r
 .text          0x10015bbc       0x44 /home/leon/riotboard/arm-2012.09/bin/../arm-none-eabi/lib//libc.a(lib_a-readr.o)
                0x10015bbc                _read_r
 .text          0x10015c00      0x114 /home/leon/riotboard/arm-2012.09/bin/../lib/gcc/arm-none-eabi/4.7.2//libgcc.a(_udivsi3.o)
                0x10015c00                __udivsi3
                0x10015c00                __aeabi_uidiv
                0x10015cf4                __aeabi_uidivmod
 .text          0x10015d14      0x148 /home/leon/riotboard/arm-2012.09/bin/../lib/gcc/arm-none-eabi/4.7.2//libgcc.a(_divsi3.o)
                0x10015d14                __aeabi_idiv
                0x10015d14                __divsi3
                0x10015e3c                __aeabi_idivmod
 .text          0x10015e5c        0x4 /home/leon/riotboard/arm-2012.09/bin/../lib/gcc/arm-none-eabi/4.7.2//libgcc.a(_dvmd_tls.o)
                0x10015e5c                __aeabi_ldiv0
                0x10015e5c                __aeabi_idiv0
 .text          0x10015e60      0x41c /home/leon/riotboard/arm-2012.09/bin/../lib/gcc/arm-none-eabi/4.7.2//libgcc.a(_arm_addsubdf3.o)
                0x10015e60                __aeabi_drsub
                0x10015e68                __aeabi_dsub
                0x10015e68                __subdf3
                0x10015e6c                __adddf3
                0x10015e6c                __aeabi_dadd
                0x1001617c                __aeabi_ui2d
                0x1001617c                __floatunsidf
                0x100161a0                __floatsidf
                0x100161a0                __aeabi_i2d
                0x100161c8                __extendsfdf2
                0x100161c8                __aeabi_f2d
                0x10016208                __aeabi_ul2d
                0x10016208                __floatundidf
                0x1001621c                __floatdidf
                0x1001621c                __aeabi_l2d
 .text          0x1001627c      0x49c /home/leon/riotboard/arm-2012.09/bin/../lib/gcc/arm-none-eabi/4.7.2//libgcc.a(_arm_muldivdf3.o)
                0x1001627c                __aeabi_dmul
                0x1001627c                __muldf3
                0x1001650c                __aeabi_ddiv
                0x1001650c                __divdf3
 .text          0x10016718      0x144 /home/leon/riotboard/arm-2012.09/bin/../lib/gcc/arm-none-eabi/4.7.2//libgcc.a(_arm_cmpdf2.o)
                0x10016718                __gtdf2
                0x10016718                __gedf2
                0x10016720                __ltdf2
                0x10016720                __ledf2
                0x10016728                __cmpdf2
                0x10016728                __eqdf2
                0x10016728                __nedf2
                0x100167b0                __aeabi_cdrcmple
                0x100167cc                __aeabi_cdcmple
                0x100167cc                __aeabi_cdcmpeq
                0x100167e4                __aeabi_dcmpeq
                0x100167fc                __aeabi_dcmplt
                0x10016814                __aeabi_dcmple
                0x1001682c                __aeabi_dcmpge
                0x10016844                __aeabi_dcmpgt
 .text          0x1001685c       0x5c /home/leon/riotboard/arm-2012.09/bin/../lib/gcc/arm-none-eabi/4.7.2//libgcc.a(_arm_fixdfsi.o)
                0x1001685c                __fixdfsi
                0x1001685c                __aeabi_d2iz
 .text          0x100168b8       0x3c /home/leon/riotboard/arm-2012.09/bin/../lib/gcc/arm-none-eabi/4.7.2//libgcc.a(_aeabi_uldivmod.o)
                0x100168b8                __aeabi_uldivmod
 .text          0x100168f4       0x84 /home/leon/riotboard/arm-2012.09/bin/../lib/gcc/arm-none-eabi/4.7.2//libgcc.a(bpabi.o)
                0x100168f4                __gnu_ldivmod_helper
                0x10016938                __gnu_uldivmod_helper
 .text          0x10016978      0x4f0 /home/leon/riotboard/arm-2012.09/bin/../lib/gcc/arm-none-eabi/4.7.2//libgcc.a(_divdi3.o)
                0x10016978                __divdi3
 .text          0x10016e68      0x488 /home/leon/riotboard/arm-2012.09/bin/../lib/gcc/arm-none-eabi/4.7.2//libgcc.a(_udivdi3.o)
                0x10016e68                __udivdi3
 .text          0x100172f0       0x48 /home/leon/riotboard/arm-2012.09/bin/../lib/gcc/arm-none-eabi/4.7.2//libgcc.a(_clzsi2.o)
                0x100172f0                __clzsi2
 .text          0x10017338      0x264 /home/leon/git/swp-report/iMX6_Platform_SDK/output/mx6dq/lib/libsdk.a(max7310.o)
                0x10017338                max7310_reg_read
                0x1001739c                max7310_reg_write
                0x10017408                max7310_init
                0x100174e8                max7310_set_gpio_output
 .text          0x1001759c      0x610 /home/leon/git/swp-report/iMX6_Platform_SDK/output/mx6dq/lib/libsdk.a(runtime_support.o)
                0x1001759c                _execve
                0x100175d8                _fork
                0x10017600                _isatty
                0x10017624                _open
                0x10017650                _close
                0x10017674                _lseek
                0x100176a0                _fstat
                0x100176d4                _read
                0x100177a4                _write
                0x10017890                _raw_puts
                0x10017910                _sbrk
                0x100179c0                _exit
                0x100179e0                _kill
                0x10017a18                _getpid
                0x10017a30                _link
                0x10017a68                _unlink
                0x10017a9c                _stat
                0x10017ad0                _times
                0x10017af4                _gettimeofday
                0x10017b78                _wait
 .text          0x10017bac     0x14bc /home/leon/git/swp-report/iMX6_Platform_SDK/output/mx6dq/lib/libsdk.a(imx_i2c.o)
                0x10017bdc                i2c_get_request_instance
                0x1001852c                i2c_xfer
                0x10018b88                i2c_read
                0x10018bb8                i2c_write
                0x10018be8                i2c_setup_interrupt
                0x10018df4                i2c_init
 .text          0x10019068       0x74 /home/leon/git/swp-report/iMX6_Platform_SDK/output/mx6dq/lib/libboard_evb_rev_a.a(i2c_iomux_config.o)
                0x10019068                i2c_iomux_config
 *(.glue_7t)
 .glue_7t       0x00000000        0x0 linker stubs
 *(.glue_7)
 .glue_7        0x00000000        0x0 linker stubs
 *(.vfp11_veneer)
 .vfp11_veneer  0x00000000        0x0 linker stubs
 *(.ARM.extab* .gnu.linkonce.armextab.*)
 .ARM.extab.startup
                0x100190dc        0x0 /home/leon/git/swp-report/iMX6_Platform_SDK/output/mx6dq/lib/libsdk.a(startup.o)
 .ARM.extab     0x100190dc        0x0 /home/leon/riotboard/arm-2012.09/bin/../lib/gcc/arm-none-eabi/4.7.2//libgcc.a(_divdi3.o)
 .ARM.extab     0x100190dc        0x0 /home/leon/riotboard/arm-2012.09/bin/../lib/gcc/arm-none-eabi/4.7.2//libgcc.a(_udivdi3.o)
 *(.gcc_except_table)

.v4_bx          0x100190dc        0x0
 .v4_bx         0x00000000        0x0 linker stubs

.iplt           0x100190dc        0x0
 .iplt          0x00000000        0x0 /home/leon/riotboard/arm-2012.09/bin/../lib/gcc/arm-none-eabi/4.7.2//crtbegin.o

.ctors
 *crtbegin.o(.ctors)
 *crtbegin?.o(.ctors)
 *(EXCLUDE_FILE(*crtend?.o *crtend.o) .ctors)
 *(SORT(.ctors.*))
 *(.ctors)

.dtors
 *crtbegin.o(.dtors)
 *crtbegin?.o(.dtors)
 *(EXCLUDE_FILE(*crtend?.o *crtend.o) .dtors)
 *(SORT(.dtors.*))
 *(.dtors)

.rodata         0x100190e0      0xc10
 *(.rodata .rodata.* .gnu.linkonce.r.*)
 .rodata        0x100190e0       0xac /home/leon/git/swp-report/iMX6_Platform_SDK/output/mx6dq/smp_primes/evb_rev_a/obj/apps/smp_primes/src/main.o
 .rodata        0x1001918c       0x20 /home/leon/git/swp-report/iMX6_Platform_SDK/output/mx6dq/smp_primes/evb_rev_a/obj/apps/smp_primes/src/primes.o
 .rodata        0x100191ac       0x34 /home/leon/git/swp-report/iMX6_Platform_SDK/output/mx6dq/lib/libsdk.a(ccm_pll.o)
                0x100191ac                PLL1_OUTPUT
                0x100191b0                PLL2_OUTPUT
                0x100191c4                PLL3_OUTPUT
                0x100191d8                PLL4_OUTPUT
                0x100191dc                PLL5_OUTPUT
 .rodata        0x100191e0       0x64 /home/leon/git/swp-report/iMX6_Platform_SDK/output/mx6dq/lib/libsdk.a(gic.o)
 .rodata        0x10019244       0xcc /home/leon/git/swp-report/iMX6_Platform_SDK/output/mx6dq/lib/libsdk.a(system_util.o)
 .rodata        0x10019310       0xf4 /home/leon/git/swp-report/iMX6_Platform_SDK/output/mx6dq/lib/libsdk.a(text_color.o)
                0x10019318                g_TextAttributeDefault
                0x10019324                g_TextAttributeBold
                0x10019330                g_TextAttributeDim
                0x1001933c                g_TextAttributeUnderline
                0x10019348                g_TextAttributeBlink
                0x10019354                g_TextAttributeReverse
                0x10019360                g_TextAttributeHidden
                0x1001936c                g_TextColorBlack
                0x10019378                g_TextColorRed
                0x10019384                g_TextColorGreen
                0x10019390                g_TextColorYellow
                0x1001939c                g_TextColorBlue
                0x100193a8                g_TextColorMagenta
                0x100193b4                g_TextColorCyan
                0x100193c0                g_TextColorWhite
                0x100193d0                g_TextColorOrange
                0x100193e0                g_TextColorLightBlue
                0x100193f0                g_TextColorGray
                0x10019400                g_TextColorPurple
 .rodata        0x10019404       0x88 /home/leon/git/swp-report/iMX6_Platform_SDK/output/mx6dq/lib/libsdk.a(cpu_multicore.o)
 .rodata        0x1001948c       0x20 /home/leon/git/swp-report/iMX6_Platform_SDK/output/mx6dq/lib/libsdk.a(interrupt.o)
 .rodata        0x100194ac      0x230 /home/leon/git/swp-report/iMX6_Platform_SDK/output/mx6dq/lib/libsdk.a(abort_handler.o)
 .rodata        0x100196dc       0x74 /home/leon/git/swp-report/iMX6_Platform_SDK/output/mx6dq/lib/libboard_evb_rev_a.a(uart_iomux_config.o)
 .rodata.str1.4
                0x10019750       0x3f /home/leon/riotboard/arm-2012.09/bin/../arm-none-eabi/lib//libc.a(lib_a-assert.o)
                                 0x44 (size before relaxing)
 *fill*         0x1001978f        0x1 
 .rodata        0x10019790        0x4 /home/leon/riotboard/arm-2012.09/bin/../arm-none-eabi/lib//libc.a(lib_a-impure.o)
                0x10019790                _global_impure_ptr
 .rodata.str1.4
                0x10019794        0x2 /home/leon/riotboard/arm-2012.09/bin/../arm-none-eabi/lib//libc.a(lib_a-impure.o)
                                  0x4 (size before relaxing)
 *fill*         0x10019796        0x2 
 .rodata        0x10019798       0x20 /home/leon/riotboard/arm-2012.09/bin/../arm-none-eabi/lib//libc.a(lib_a-vfiprintf.o)
 .rodata.str1.4
                0x100197b8       0x2f /home/leon/riotboard/arm-2012.09/bin/../arm-none-eabi/lib//libc.a(lib_a-vfiprintf.o)
                                 0x30 (size before relaxing)
 *fill*         0x100197e7        0x1 
 .rodata        0x100197e8       0x20 /home/leon/riotboard/arm-2012.09/bin/../arm-none-eabi/lib//libc.a(lib_a-vfprintf.o)
 .rodata.str1.4
                0x10019808       0x12 /home/leon/riotboard/arm-2012.09/bin/../arm-none-eabi/lib//libc.a(lib_a-vfprintf.o)
                                 0x44 (size before relaxing)
 *fill*         0x1001981a        0x2 
 .rodata.str1.4
                0x1001981c       0x10 /home/leon/riotboard/arm-2012.09/bin/../arm-none-eabi/lib//libc.a(lib_a-dtoa.o)
                                 0x14 (size before relaxing)
 .rodata.str1.4
                0x1001982c        0xc /home/leon/riotboard/arm-2012.09/bin/../arm-none-eabi/lib//libc.a(lib_a-locale.o)
                                 0x14 (size before relaxing)
 .rodata        0x10019838      0x128 /home/leon/riotboard/arm-2012.09/bin/../arm-none-eabi/lib//libc.a(lib_a-mprec.o)
                0x10019848                __mprec_tens
                0x10019910                __mprec_tinytens
                0x10019938                __mprec_bigtens
 .rodata        0x10019960       0x20 /home/leon/git/swp-report/iMX6_Platform_SDK/output/mx6dq/lib/libsdk.a(runtime_support.o)
 .rodata        0x10019980      0x2c4 /home/leon/git/swp-report/iMX6_Platform_SDK/output/mx6dq/lib/libsdk.a(imx_i2c.o)
 .rodata        0x10019c44       0x74 /home/leon/git/swp-report/iMX6_Platform_SDK/output/mx6dq/lib/libboard_evb_rev_a.a(i2c_iomux_config.o)
                0x10019cb8                . = ALIGN (0x4)
 *(.init)
 .init          0x10019cb8        0xc /home/leon/riotboard/arm-2012.09/bin/../lib/gcc/arm-none-eabi/4.7.2//crti.o
                0x10019cb8                _init
 .init          0x10019cc4        0xc /home/leon/riotboard/arm-2012.09/bin/../lib/gcc/arm-none-eabi/4.7.2//crtn.o
                0x10019cd0                . = ALIGN (0x4)
                0x10019cd0                __init_array_start = .
 *(SORT(.init_array.*))
 *(.init_array)
 .init_array    0x10019cd0        0x4 /home/leon/riotboard/arm-2012.09/bin/../lib/gcc/arm-none-eabi/4.7.2//crtbegin.o
                0x10019cd4                __init_array_end = .
                0x10019cd4                . = ALIGN (0x4)
 *(.fini)
 .fini          0x10019cd4        0xc /home/leon/riotboard/arm-2012.09/bin/../lib/gcc/arm-none-eabi/4.7.2//crti.o
                0x10019cd4                _fini
 .fini          0x10019ce0        0xc /home/leon/riotboard/arm-2012.09/bin/../lib/gcc/arm-none-eabi/4.7.2//crtn.o
                0x10019cec                . = ALIGN (0x4)
                0x10019cec                __fini_array_start = .
 *(.fini_array)
 .fini_array    0x10019cec        0x4 /home/leon/riotboard/arm-2012.09/bin/../lib/gcc/arm-none-eabi/4.7.2//crtbegin.o
 *(SORT(.fini_array.*))
                0x10019cf0                __fini_array_end = .
                0x10019cf0                PROVIDE (__exidx_start, .)

.eh_frame       0x10019cf0        0x4
 .eh_frame      0x10019cf0        0x0 /home/leon/riotboard/arm-2012.09/bin/../lib/gcc/arm-none-eabi/4.7.2//crtbegin.o
 .eh_frame      0x10019cf0        0x4 /home/leon/riotboard/arm-2012.09/bin/../lib/gcc/arm-none-eabi/4.7.2//crtend.o

.ARM.exidx      0x10019cf4        0x8
 *(.ARM.exidx* .gnu.linkonce.armexidx.*)
 .ARM.exidx.startup
                0x10019cf4        0x8 /home/leon/git/swp-report/iMX6_Platform_SDK/output/mx6dq/lib/libsdk.a(startup.o)
 .ARM.exidx     0x10019cfc        0x0 /home/leon/riotboard/arm-2012.09/bin/../lib/gcc/arm-none-eabi/4.7.2//libgcc.a(_divdi3.o)
                                  0x8 (size before relaxing)
 .ARM.exidx     0x10019cfc        0x0 /home/leon/riotboard/arm-2012.09/bin/../lib/gcc/arm-none-eabi/4.7.2//libgcc.a(_udivdi3.o)
                                  0x8 (size before relaxing)
                0x10019cfc                PROVIDE (__exidx_end, .)

.rel.dyn        0x10019cfc        0x0
 .rel.iplt      0x00000000        0x0 /home/leon/riotboard/arm-2012.09/bin/../lib/gcc/arm-none-eabi/4.7.2//crtbegin.o

.data           0x10019d00      0x8dc
 *(.data .data.* .gnu.linkonce.d.*)
 .data          0x10019d00        0x4 /home/leon/riotboard/arm-2012.09/bin/../lib/gcc/arm-none-eabi/4.7.2//crtbegin.o
                0x10019d00                __dso_handle
 .data          0x10019d04        0x0 /home/leon/riotboard/arm-2012.09/bin/../lib/gcc/arm-none-eabi/4.7.2//crti.o
 .data          0x10019d04        0x0 /home/leon/riotboard/arm-2012.09/bin/../lib/gcc/arm-none-eabi/4.7.2//crtend.o
 .data          0x10019d04        0x0 /home/leon/riotboard/arm-2012.09/bin/../lib/gcc/arm-none-eabi/4.7.2//crtn.o
 .data          0x10019d04        0x0 /home/leon/git/swp-report/iMX6_Platform_SDK/output/mx6dq/smp_primes/evb_rev_a/obj/apps/common/ivt.o
 .data          0x10019d04        0x0 /home/leon/git/swp-report/iMX6_Platform_SDK/output/mx6dq/smp_primes/evb_rev_a/obj/apps/common/platform_init.o
 .data          0x10019d04        0x4 /home/leon/git/swp-report/iMX6_Platform_SDK/output/mx6dq/smp_primes/evb_rev_a/obj/apps/smp_primes/src/main.o
 .data          0x10019d08        0x0 /home/leon/git/swp-report/iMX6_Platform_SDK/output/mx6dq/smp_primes/evb_rev_a/obj/apps/smp_primes/src/primes.o
 .data          0x10019d08        0x0 /home/leon/git/swp-report/iMX6_Platform_SDK/output/mx6dq/lib/libsdk.a(armv7_cache.o)
 .data          0x10019d08        0x0 /home/leon/git/swp-report/iMX6_Platform_SDK/output/mx6dq/lib/libsdk.a(ccm_pll.o)
 .data          0x10019d08        0x0 /home/leon/git/swp-report/iMX6_Platform_SDK/output/mx6dq/lib/libsdk.a(cortexA9.o)
 .data          0x10019d08        0x0 /home/leon/git/swp-report/iMX6_Platform_SDK/output/mx6dq/lib/libsdk.a(gic.o)
 .data          0x10019d08        0x0 /home/leon/git/swp-report/iMX6_Platform_SDK/output/mx6dq/lib/libsdk.a(mmu.o)
 .data          0x10019d08        0x0 /home/leon/git/swp-report/iMX6_Platform_SDK/output/mx6dq/lib/libsdk.a(startup.o)
 .data          0x10019d08        0x0 /home/leon/git/swp-report/iMX6_Platform_SDK/output/mx6dq/lib/libsdk.a(vectors.o)
 .data          0x10019d08        0x0 /home/leon/git/swp-report/iMX6_Platform_SDK/output/mx6dq/lib/libsdk.a(spinlock.o)
 .data          0x10019d08        0x0 /home/leon/git/swp-report/iMX6_Platform_SDK/output/mx6dq/lib/libsdk.a(spinlock_lock_unlock.o)
 .data          0x10019d08        0x0 /home/leon/git/swp-report/iMX6_Platform_SDK/output/mx6dq/lib/libsdk.a(system_util.o)
 .data          0x10019d08        0x4 /home/leon/git/swp-report/iMX6_Platform_SDK/output/mx6dq/lib/libsdk.a(text_color.o)
                0x10019d08                is_color_supported
 .data          0x10019d0c        0x0 /home/leon/git/swp-report/iMX6_Platform_SDK/output/mx6dq/lib/libsdk.a(cpu_get_cores.o)
 .data          0x10019d0c        0x0 /home/leon/git/swp-report/iMX6_Platform_SDK/output/mx6dq/lib/libsdk.a(cpu_multicore.o)
 .data          0x10019d0c        0x0 /home/leon/git/swp-report/iMX6_Platform_SDK/output/mx6dq/lib/libsdk.a(timer.o)
 .data          0x10019d0c        0x0 /home/leon/git/swp-report/iMX6_Platform_SDK/output/mx6dq/lib/libsdk.a(imx_uart.o)
 .data          0x10019d0c        0x4 /home/leon/git/swp-report/iMX6_Platform_SDK/output/mx6dq/lib/libsdk.a(arm_abort.o)
 .data          0x10019d10        0x0 /home/leon/git/swp-report/iMX6_Platform_SDK/output/mx6dq/lib/libsdk.a(interrupt.o)
 .data          0x10019d10        0x0 /home/leon/git/swp-report/iMX6_Platform_SDK/output/mx6dq/lib/libsdk.a(epit.o)
 .data          0x10019d10        0x0 /home/leon/git/swp-report/iMX6_Platform_SDK/output/mx6dq/lib/libsdk.a(abort_handler.o)
 .data          0x10019d10        0x0 /home/leon/git/swp-report/iMX6_Platform_SDK/output/mx6dq/lib/libboard_evb_rev_a.a(board_io_expanders.o)
 .data          0x10019d10        0x8 /home/leon/git/swp-report/iMX6_Platform_SDK/output/mx6dq/lib/libboard_evb_rev_a.a(hardware_modules.o)
                0x10019d10                g_debug_uart_port
                0x10019d14                g_system_timer_port
 .data          0x10019d18        0x0 /home/leon/git/swp-report/iMX6_Platform_SDK/output/mx6dq/lib/libboard_evb_rev_a.a(dcd.o)
 .data          0x10019d18        0x0 /home/leon/git/swp-report/iMX6_Platform_SDK/output/mx6dq/lib/libboard_evb_rev_a.a(uart_iomux_config.o)
 .data          0x10019d18        0x0 /home/leon/git/swp-report/iMX6_Platform_SDK/output/mx6dq/lib/libboard_evb_rev_a.a(iomux_config.o)
 .data          0x10019d18        0x0 /home/leon/git/swp-report/iMX6_Platform_SDK/output/mx6dq/lib/libboard_evb_rev_a.a(ipu1_iomux_config.o)
 .data          0x10019d18        0x0 /home/leon/git/swp-report/iMX6_Platform_SDK/output/mx6dq/lib/libboard_evb_rev_a.a(kpp_iomux_config.o)
 .data          0x10019d18        0x0 /home/leon/git/swp-report/iMX6_Platform_SDK/output/mx6dq/lib/libboard_evb_rev_a.a(mlb_iomux_config.o)
 .data          0x10019d18        0x0 /home/leon/git/swp-report/iMX6_Platform_SDK/output/mx6dq/lib/libboard_evb_rev_a.a(mmdc_iomux_config.o)
 .data          0x10019d18        0x0 /home/leon/git/swp-report/iMX6_Platform_SDK/output/mx6dq/lib/libboard_evb_rev_a.a(pwm1_iomux_config.o)
 .data          0x10019d18        0x0 /home/leon/git/swp-report/iMX6_Platform_SDK/output/mx6dq/lib/libboard_evb_rev_a.a(sjc_iomux_config.o)
 .data          0x10019d18        0x0 /home/leon/git/swp-report/iMX6_Platform_SDK/output/mx6dq/lib/libboard_evb_rev_a.a(spdif_iomux_config.o)
 .data          0x10019d18        0x0 /home/leon/git/swp-report/iMX6_Platform_SDK/output/mx6dq/lib/libboard_evb_rev_a.a(uart2_iomux_config.o)
 .data          0x10019d18        0x0 /home/leon/git/swp-report/iMX6_Platform_SDK/output/mx6dq/lib/libboard_evb_rev_a.a(uart4_iomux_config.o)
 .data          0x10019d18        0x0 /home/leon/git/swp-report/iMX6_Platform_SDK/output/mx6dq/lib/libboard_evb_rev_a.a(usb_iomux_config.o)
 .data          0x10019d18        0x0 /home/leon/git/swp-report/iMX6_Platform_SDK/output/mx6dq/lib/libboard_evb_rev_a.a(usdhc1_iomux_config.o)
 .data          0x10019d18        0x0 /home/leon/git/swp-report/iMX6_Platform_SDK/output/mx6dq/lib/libboard_evb_rev_a.a(usdhc2_iomux_config.o)
 .data          0x10019d18        0x0 /home/leon/git/swp-report/iMX6_Platform_SDK/output/mx6dq/lib/libboard_evb_rev_a.a(usdhc3_iomux_config.o)
 .data          0x10019d18        0x0 /home/leon/git/swp-report/iMX6_Platform_SDK/output/mx6dq/lib/libboard_evb_rev_a.a(usdhc4_iomux_config.o)
 .data          0x10019d18        0x0 /home/leon/git/swp-report/iMX6_Platform_SDK/output/mx6dq/lib/libboard_evb_rev_a.a(ccm_iomux_config.o)
 .data          0x10019d18        0x0 /home/leon/git/swp-report/iMX6_Platform_SDK/output/mx6dq/lib/libboard_evb_rev_a.a(ecspi1_iomux_config.o)
 .data          0x10019d18        0x0 /home/leon/git/swp-report/iMX6_Platform_SDK/output/mx6dq/lib/libboard_evb_rev_a.a(enet_iomux_config.o)
 .data          0x10019d18        0x0 /home/leon/git/swp-report/iMX6_Platform_SDK/output/mx6dq/lib/libboard_evb_rev_a.a(esai_iomux_config.o)
 .data          0x10019d18        0x0 /home/leon/git/swp-report/iMX6_Platform_SDK/output/mx6dq/lib/libboard_evb_rev_a.a(flexcan1_iomux_config.o)
 .data          0x10019d18        0x0 /home/leon/git/swp-report/iMX6_Platform_SDK/output/mx6dq/lib/libboard_evb_rev_a.a(flexcan2_iomux_config.o)
 .data          0x10019d18        0x0 /home/leon/git/swp-report/iMX6_Platform_SDK/output/mx6dq/lib/libboard_evb_rev_a.a(gpio3_iomux_config.o)
 .data          0x10019d18        0x0 /home/leon/git/swp-report/iMX6_Platform_SDK/output/mx6dq/lib/libboard_evb_rev_a.a(gpio4_iomux_config.o)
 .data          0x10019d18        0x0 /home/leon/git/swp-report/iMX6_Platform_SDK/output/mx6dq/lib/libboard_evb_rev_a.a(gpio5_iomux_config.o)
 .data          0x10019d18        0x0 /home/leon/git/swp-report/iMX6_Platform_SDK/output/mx6dq/lib/libboard_evb_rev_a.a(gpio6_iomux_config.o)
 .data          0x10019d18        0x0 /home/leon/git/swp-report/iMX6_Platform_SDK/output/mx6dq/lib/libboard_evb_rev_a.a(gpmi_iomux_config.o)
 .data          0x10019d18        0x0 /home/leon/git/swp-report/iMX6_Platform_SDK/output/mx6dq/lib/libboard_evb_rev_a.a(hdmi_iomux_config.o)
 .data          0x10019d18        0x0 /home/leon/git/swp-report/iMX6_Platform_SDK/output/mx6dq/lib/libboard_evb_rev_a.a(i2c1_iomux_config.o)
 .data          0x10019d18        0x0 /home/leon/git/swp-report/iMX6_Platform_SDK/output/mx6dq/lib/libboard_evb_rev_a.a(i2c2_iomux_config.o)
 .data          0x10019d18        0x0 /home/leon/git/swp-report/iMX6_Platform_SDK/output/mx6dq/lib/libboard_evb_rev_a.a(i2c3_iomux_config.o)
 .data          0x10019d18        0x0 /home/leon/riotboard/arm-2012.09/bin/../arm-none-eabi/lib//libc.a(lib_a-assert.o)
 .data          0x10019d18        0x0 /home/leon/riotboard/arm-2012.09/bin/../arm-none-eabi/lib//libc.a(lib_a-bzero.o)
 .data          0x10019d18        0x0 /home/leon/riotboard/arm-2012.09/bin/../arm-none-eabi/lib//libc.a(lib_a-fiprintf.o)
 .data          0x10019d18        0x0 /home/leon/riotboard/arm-2012.09/bin/../arm-none-eabi/lib//libc.a(lib_a-fputc.o)
 .data          0x10019d18      0x430 /home/leon/riotboard/arm-2012.09/bin/../arm-none-eabi/lib//libc.a(lib_a-impure.o)
                0x10019d18                _impure_ptr
 .data          0x1001a148        0x0 /home/leon/riotboard/arm-2012.09/bin/../arm-none-eabi/lib//libc.a(lib_a-init.o)
 .data          0x1001a148        0x0 /home/leon/riotboard/arm-2012.09/bin/../arm-none-eabi/lib//libc.a(lib_a-malloc.o)
 .data          0x1001a148      0x410 /home/leon/riotboard/arm-2012.09/bin/../arm-none-eabi/lib//libc.a(lib_a-mallocr.o)
                0x1001a148                __malloc_av_
                0x1001a550                __malloc_sbrk_base
                0x1001a554                __malloc_trim_threshold
 .data          0x1001a558        0x0 /home/leon/riotboard/arm-2012.09/bin/../arm-none-eabi/lib//libc.a(lib_a-mlock.o)
 .data          0x1001a558        0x0 /home/leon/riotboard/arm-2012.09/bin/../arm-none-eabi/lib//libc.a(lib_a-printf.o)
 .data          0x1001a558        0x0 /home/leon/riotboard/arm-2012.09/bin/../arm-none-eabi/lib//libc.a(lib_a-putc.o)
 .data          0x1001a558        0x0 /home/leon/riotboard/arm-2012.09/bin/../arm-none-eabi/lib//libc.a(lib_a-realloc.o)
 .data          0x1001a558        0x0 /home/leon/riotboard/arm-2012.09/bin/../arm-none-eabi/lib//libc.a(lib_a-reallocr.o)
 .data          0x1001a558        0x0 /home/leon/riotboard/arm-2012.09/bin/../arm-none-eabi/lib//libc.a(lib_a-rget.o)
 .data          0x1001a558        0x0 /home/leon/riotboard/arm-2012.09/bin/../arm-none-eabi/lib//libc.a(lib_a-sbrkr.o)
 .data          0x1001a558        0x0 /home/leon/riotboard/arm-2012.09/bin/../arm-none-eabi/lib//libc.a(lib_a-vfiprintf.o)
 .data          0x1001a558        0x0 /home/leon/riotboard/arm-2012.09/bin/../arm-none-eabi/lib//libc.a(lib_a-vfprintf.o)
 .data          0x1001a558        0x0 /home/leon/riotboard/arm-2012.09/bin/../arm-none-eabi/lib//libc.a(lib_a-vprintf.o)
 .data          0x1001a558        0x0 /home/leon/riotboard/arm-2012.09/bin/../arm-none-eabi/lib//libc.a(lib_a-wbuf.o)
 .data          0x1001a558        0x0 /home/leon/riotboard/arm-2012.09/bin/../arm-none-eabi/lib//libc.a(lib_a-wsetup.o)
 .data          0x1001a558        0x0 /home/leon/riotboard/arm-2012.09/bin/../arm-none-eabi/lib//libc.a(lib_a-abort.o)
 .data          0x1001a558        0x0 /home/leon/riotboard/arm-2012.09/bin/../arm-none-eabi/lib//libc.a(lib_a-dtoa.o)
 .data          0x1001a558        0x0 /home/leon/riotboard/arm-2012.09/bin/../arm-none-eabi/lib//libc.a(lib_a-fflush.o)
 .data          0x1001a558        0x0 /home/leon/riotboard/arm-2012.09/bin/../arm-none-eabi/lib//libc.a(lib_a-findfp.o)
 .data          0x1001a558        0x0 /home/leon/riotboard/arm-2012.09/bin/../arm-none-eabi/lib//libc.a(lib_a-fputwc.o)
 .data          0x1001a558        0x0 /home/leon/riotboard/arm-2012.09/bin/../arm-none-eabi/lib//libc.a(lib_a-freer.o)
 .data          0x1001a558        0x0 /home/leon/riotboard/arm-2012.09/bin/../arm-none-eabi/lib//libc.a(lib_a-fvwrite.o)
 .data          0x1001a558        0x0 /home/leon/riotboard/arm-2012.09/bin/../arm-none-eabi/lib//libc.a(lib_a-fwalk.o)
 .data          0x1001a558       0x7c /home/leon/riotboard/arm-2012.09/bin/../arm-none-eabi/lib//libc.a(lib_a-locale.o)
                0x1001a578                __mb_cur_max
 .data          0x1001a5d4        0x0 /home/leon/riotboard/arm-2012.09/bin/../arm-none-eabi/lib//libc.a(lib_a-makebuf.o)
 .data          0x1001a5d4        0x0 /home/leon/riotboard/arm-2012.09/bin/../arm-none-eabi/lib//libc.a(lib_a-memchr.o)
 .data          0x1001a5d4        0x0 /home/leon/riotboard/arm-2012.09/bin/../arm-none-eabi/lib//libc.a(lib_a-memcpy.o)
 .data          0x1001a5d4        0x0 /home/leon/riotboard/arm-2012.09/bin/../arm-none-eabi/lib//libc.a(lib_a-memmove.o)
 .data          0x1001a5d4        0x0 /home/leon/riotboard/arm-2012.09/bin/../arm-none-eabi/lib//libc.a(lib_a-memset.o)
 .data          0x1001a5d4        0x0 /home/leon/riotboard/arm-2012.09/bin/../arm-none-eabi/lib//libc.a(lib_a-mprec.o)
 .data          0x1001a5d4        0x0 /home/leon/riotboard/arm-2012.09/bin/../arm-none-eabi/lib//libc.a(lib_a-reent.o)
 .data          0x1001a5d4        0x0 /home/leon/riotboard/arm-2012.09/bin/../arm-none-eabi/lib//libc.a(lib_a-refill.o)
 .data          0x1001a5d4        0x0 /home/leon/riotboard/arm-2012.09/bin/../arm-none-eabi/lib//libc.a(lib_a-s_fpclassify.o)
 .data          0x1001a5d4        0x0 /home/leon/riotboard/arm-2012.09/bin/../arm-none-eabi/lib//libc.a(lib_a-signal.o)
 .data          0x1001a5d4        0x0 /home/leon/riotboard/arm-2012.09/bin/../arm-none-eabi/lib//libc.a(lib_a-signalr.o)
 .data          0x1001a5d4        0x0 /home/leon/riotboard/arm-2012.09/bin/../arm-none-eabi/lib//libc.a(lib_a-stdio.o)
 .data          0x1001a5d4        0x0 /home/leon/riotboard/arm-2012.09/bin/../arm-none-eabi/lib//libc.a(lib_a-strcmp.o)
 .data          0x1001a5d4        0x0 /home/leon/riotboard/arm-2012.09/bin/../arm-none-eabi/lib//libc.a(lib_a-strlen.o)
 .data          0x1001a5d4        0x0 /home/leon/riotboard/arm-2012.09/bin/../arm-none-eabi/lib//libc.a(lib_a-wcrtomb.o)
 .data          0x1001a5d4        0x4 /home/leon/riotboard/arm-2012.09/bin/../arm-none-eabi/lib//libc.a(lib_a-wctomb_r.o)
                0x1001a5d4                __wctomb
 .data          0x1001a5d8        0x0 /home/leon/riotboard/arm-2012.09/bin/../arm-none-eabi/lib//libc.a(lib_a-writer.o)
 .data          0x1001a5d8        0x0 /home/leon/riotboard/arm-2012.09/bin/../arm-none-eabi/lib//libc.a(lib_a-callocr.o)
 .data          0x1001a5d8        0x0 /home/leon/riotboard/arm-2012.09/bin/../arm-none-eabi/lib//libc.a(lib_a-closer.o)
 .data          0x1001a5d8        0x0 /home/leon/riotboard/arm-2012.09/bin/../arm-none-eabi/lib//libc.a(lib_a-fclose.o)
 .data          0x1001a5d8        0x0 /home/leon/riotboard/arm-2012.09/bin/../arm-none-eabi/lib//libc.a(lib_a-fstatr.o)
 .data          0x1001a5d8        0x0 /home/leon/riotboard/arm-2012.09/bin/../arm-none-eabi/lib//libc.a(lib_a-isattyr.o)
 .data          0x1001a5d8        0x0 /home/leon/riotboard/arm-2012.09/bin/../arm-none-eabi/lib//libc.a(lib_a-lseekr.o)
 .data          0x1001a5d8        0x0 /home/leon/riotboard/arm-2012.09/bin/../arm-none-eabi/lib//libc.a(lib_a-readr.o)
 .data          0x1001a5d8        0x0 /home/leon/riotboard/arm-2012.09/bin/../lib/gcc/arm-none-eabi/4.7.2//libgcc.a(_udivsi3.o)
 .data          0x1001a5d8        0x0 /home/leon/riotboard/arm-2012.09/bin/../lib/gcc/arm-none-eabi/4.7.2//libgcc.a(_divsi3.o)
 .data          0x1001a5d8        0x0 /home/leon/riotboard/arm-2012.09/bin/../lib/gcc/arm-none-eabi/4.7.2//libgcc.a(_dvmd_tls.o)
 .data          0x1001a5d8        0x0 /home/leon/riotboard/arm-2012.09/bin/../lib/gcc/arm-none-eabi/4.7.2//libgcc.a(_arm_addsubdf3.o)
 .data          0x1001a5d8        0x0 /home/leon/riotboard/arm-2012.09/bin/../lib/gcc/arm-none-eabi/4.7.2//libgcc.a(_arm_muldivdf3.o)
 .data          0x1001a5d8        0x0 /home/leon/riotboard/arm-2012.09/bin/../lib/gcc/arm-none-eabi/4.7.2//libgcc.a(_arm_cmpdf2.o)
 .data          0x1001a5d8        0x0 /home/leon/riotboard/arm-2012.09/bin/../lib/gcc/arm-none-eabi/4.7.2//libgcc.a(_arm_fixdfsi.o)
 .data          0x1001a5d8        0x0 /home/leon/riotboard/arm-2012.09/bin/../lib/gcc/arm-none-eabi/4.7.2//libgcc.a(_aeabi_uldivmod.o)
 .data          0x1001a5d8        0x0 /home/leon/riotboard/arm-2012.09/bin/../lib/gcc/arm-none-eabi/4.7.2//libgcc.a(bpabi.o)
 .data          0x1001a5d8        0x0 /home/leon/riotboard/arm-2012.09/bin/../lib/gcc/arm-none-eabi/4.7.2//libgcc.a(_divdi3.o)
 .data          0x1001a5d8        0x0 /home/leon/riotboard/arm-2012.09/bin/../lib/gcc/arm-none-eabi/4.7.2//libgcc.a(_udivdi3.o)
 .data          0x1001a5d8        0x0 /home/leon/riotboard/arm-2012.09/bin/../lib/gcc/arm-none-eabi/4.7.2//libgcc.a(_clzsi2.o)
 .data          0x1001a5d8        0x0 /home/leon/git/swp-report/iMX6_Platform_SDK/output/mx6dq/lib/libsdk.a(max7310.o)
 .data          0x1001a5d8        0x4 /home/leon/git/swp-report/iMX6_Platform_SDK/output/mx6dq/lib/libsdk.a(runtime_support.o)
                0x1001a5d8                environ
 .data          0x1001a5dc        0x0 /home/leon/git/swp-report/iMX6_Platform_SDK/output/mx6dq/lib/libsdk.a(imx_i2c.o)
 .data          0x1001a5dc        0x0 /home/leon/git/swp-report/iMX6_Platform_SDK/output/mx6dq/lib/libboard_evb_rev_a.a(i2c_iomux_config.o)

.jcr            0x1001a5dc        0x4
 .jcr           0x1001a5dc        0x0 /home/leon/riotboard/arm-2012.09/bin/../lib/gcc/arm-none-eabi/4.7.2//crtbegin.o
 .jcr           0x1001a5dc        0x4 /home/leon/riotboard/arm-2012.09/bin/../lib/gcc/arm-none-eabi/4.7.2//crtend.o

.tm_clone_table
                0x1001a5e0        0x0
 .tm_clone_table
                0x1001a5e0        0x0 /home/leon/riotboard/arm-2012.09/bin/../lib/gcc/arm-none-eabi/4.7.2//crtbegin.o
 .tm_clone_table
                0x1001a5e0        0x0 /home/leon/riotboard/arm-2012.09/bin/../lib/gcc/arm-none-eabi/4.7.2//crtend.o

.igot.plt       0x1001a5e0        0x0
 .igot.plt      0x00000000        0x0 /home/leon/riotboard/arm-2012.09/bin/../lib/gcc/arm-none-eabi/4.7.2//crtbegin.o

.hab.data       0x10400000     0x2000
                0x10400000                __hab_data = .
                0x10402000                . = (. + 0x2000)
 *fill*         0x10400000     0x2000 
                0x10402000                . = ALIGN (0x20)
                0x10402000                __hab_data_end = .
                0x00402000                _image_size = (. - _start_image_add)

.bss            0x10402000     0xa010
                0x10402000                __bss_start__ = .
 *(.shbss)
 *(.bss .bss.* .gnu.linkonce.b.*)
 .bss           0x10402000       0x1c /home/leon/riotboard/arm-2012.09/bin/../lib/gcc/arm-none-eabi/4.7.2//crtbegin.o
 .bss           0x1040201c        0x0 /home/leon/riotboard/arm-2012.09/bin/../lib/gcc/arm-none-eabi/4.7.2//crti.o
 .bss           0x1040201c        0x0 /home/leon/riotboard/arm-2012.09/bin/../lib/gcc/arm-none-eabi/4.7.2//crtend.o
 .bss           0x1040201c        0x0 /home/leon/riotboard/arm-2012.09/bin/../lib/gcc/arm-none-eabi/4.7.2//crtn.o
 .bss           0x1040201c        0x0 /home/leon/git/swp-report/iMX6_Platform_SDK/output/mx6dq/smp_primes/evb_rev_a/obj/apps/common/ivt.o
 .bss           0x1040201c        0x0 /home/leon/git/swp-report/iMX6_Platform_SDK/output/mx6dq/smp_primes/evb_rev_a/obj/apps/common/platform_init.o
 .bss           0x1040201c        0x4 /home/leon/git/swp-report/iMX6_Platform_SDK/output/mx6dq/smp_primes/evb_rev_a/obj/apps/smp_primes/src/main.o
 .bss           0x10402020     0x9ca0 /home/leon/git/swp-report/iMX6_Platform_SDK/output/mx6dq/smp_primes/evb_rev_a/obj/apps/smp_primes/src/primes.o
                0x10402020                target_count
                0x10402024                prime_numbers
                0x1040bc64                next_number
                0x1040bc68                prime_count
                0x1040bc80                prime_lock
                0x1040bca0                next_num_lock
 .bss           0x1040bcc0        0x0 /home/leon/git/swp-report/iMX6_Platform_SDK/output/mx6dq/lib/libsdk.a(armv7_cache.o)
 .bss           0x1040bcc0        0x0 /home/leon/git/swp-report/iMX6_Platform_SDK/output/mx6dq/lib/libsdk.a(ccm_pll.o)
 .bss           0x1040bcc0        0x0 /home/leon/git/swp-report/iMX6_Platform_SDK/output/mx6dq/lib/libsdk.a(cortexA9.o)
 .bss           0x1040bcc0        0x0 /home/leon/git/swp-report/iMX6_Platform_SDK/output/mx6dq/lib/libsdk.a(gic.o)
 .bss           0x1040bcc0        0x0 /home/leon/git/swp-report/iMX6_Platform_SDK/output/mx6dq/lib/libsdk.a(mmu.o)
 .bss           0x1040bcc0        0x0 /home/leon/git/swp-report/iMX6_Platform_SDK/output/mx6dq/lib/libsdk.a(startup.o)
 .bss           0x1040bcc0        0x0 /home/leon/git/swp-report/iMX6_Platform_SDK/output/mx6dq/lib/libsdk.a(vectors.o)
 .bss           0x1040bcc0        0x0 /home/leon/git/swp-report/iMX6_Platform_SDK/output/mx6dq/lib/libsdk.a(spinlock.o)
 .bss           0x1040bcc0        0x0 /home/leon/git/swp-report/iMX6_Platform_SDK/output/mx6dq/lib/libsdk.a(spinlock_lock_unlock.o)
 .bss           0x1040bcc0        0x0 /home/leon/git/swp-report/iMX6_Platform_SDK/output/mx6dq/lib/libsdk.a(system_util.o)
 .bss           0x1040bcc0        0x0 /home/leon/git/swp-report/iMX6_Platform_SDK/output/mx6dq/lib/libsdk.a(text_color.o)
 .bss           0x1040bcc0        0x0 /home/leon/git/swp-report/iMX6_Platform_SDK/output/mx6dq/lib/libsdk.a(cpu_get_cores.o)
 .bss           0x1040bcc0       0x20 /home/leon/git/swp-report/iMX6_Platform_SDK/output/mx6dq/lib/libsdk.a(cpu_multicore.o)
 .bss           0x1040bce0        0x4 /home/leon/git/swp-report/iMX6_Platform_SDK/output/mx6dq/lib/libsdk.a(timer.o)
                0x1040bce0                g_microsecondTimerMultiple
 .bss           0x1040bce4        0x0 /home/leon/git/swp-report/iMX6_Platform_SDK/output/mx6dq/lib/libsdk.a(imx_uart.o)
 .bss           0x1040bce4        0x0 /home/leon/git/swp-report/iMX6_Platform_SDK/output/mx6dq/lib/libsdk.a(arm_abort.o)
 .bss           0x1040bce4      0x290 /home/leon/git/swp-report/iMX6_Platform_SDK/output/mx6dq/lib/libsdk.a(interrupt.o)
                0x1040bce4                g_interrupt_handlers
                0x1040bf64                g_vectNum
 .bss           0x1040bf74        0x0 /home/leon/git/swp-report/iMX6_Platform_SDK/output/mx6dq/lib/libsdk.a(epit.o)
 .bss           0x1040bf74        0x0 /home/leon/git/swp-report/iMX6_Platform_SDK/output/mx6dq/lib/libsdk.a(abort_handler.o)
 .bss           0x1040bf74       0x48 /home/leon/git/swp-report/iMX6_Platform_SDK/output/mx6dq/lib/libboard_evb_rev_a.a(board_io_expanders.o)
                0x1040bf74                max7310_i2c_req_array
 .bss           0x1040bfbc        0x0 /home/leon/git/swp-report/iMX6_Platform_SDK/output/mx6dq/lib/libboard_evb_rev_a.a(hardware_modules.o)
 .bss           0x1040bfbc        0x0 /home/leon/git/swp-report/iMX6_Platform_SDK/output/mx6dq/lib/libboard_evb_rev_a.a(dcd.o)
 .bss           0x1040bfbc        0x0 /home/leon/git/swp-report/iMX6_Platform_SDK/output/mx6dq/lib/libboard_evb_rev_a.a(uart_iomux_config.o)
 .bss           0x1040bfbc        0x0 /home/leon/git/swp-report/iMX6_Platform_SDK/output/mx6dq/lib/libboard_evb_rev_a.a(iomux_config.o)
 .bss           0x1040bfbc        0x0 /home/leon/git/swp-report/iMX6_Platform_SDK/output/mx6dq/lib/libboard_evb_rev_a.a(ipu1_iomux_config.o)
 .bss           0x1040bfbc        0x0 /home/leon/git/swp-report/iMX6_Platform_SDK/output/mx6dq/lib/libboard_evb_rev_a.a(kpp_iomux_config.o)
 .bss           0x1040bfbc        0x0 /home/leon/git/swp-report/iMX6_Platform_SDK/output/mx6dq/lib/libboard_evb_rev_a.a(mlb_iomux_config.o)
 .bss           0x1040bfbc        0x0 /home/leon/git/swp-report/iMX6_Platform_SDK/output/mx6dq/lib/libboard_evb_rev_a.a(mmdc_iomux_config.o)
 .bss           0x1040bfbc        0x0 /home/leon/git/swp-report/iMX6_Platform_SDK/output/mx6dq/lib/libboard_evb_rev_a.a(pwm1_iomux_config.o)
 .bss           0x1040bfbc        0x0 /home/leon/git/swp-report/iMX6_Platform_SDK/output/mx6dq/lib/libboard_evb_rev_a.a(sjc_iomux_config.o)
 .bss           0x1040bfbc        0x0 /home/leon/git/swp-report/iMX6_Platform_SDK/output/mx6dq/lib/libboard_evb_rev_a.a(spdif_iomux_config.o)
 .bss           0x1040bfbc        0x0 /home/leon/git/swp-report/iMX6_Platform_SDK/output/mx6dq/lib/libboard_evb_rev_a.a(uart2_iomux_config.o)
 .bss           0x1040bfbc        0x0 /home/leon/git/swp-report/iMX6_Platform_SDK/output/mx6dq/lib/libboard_evb_rev_a.a(uart4_iomux_config.o)
 .bss           0x1040bfbc        0x0 /home/leon/git/swp-report/iMX6_Platform_SDK/output/mx6dq/lib/libboard_evb_rev_a.a(usb_iomux_config.o)
 .bss           0x1040bfbc        0x0 /home/leon/git/swp-report/iMX6_Platform_SDK/output/mx6dq/lib/libboard_evb_rev_a.a(usdhc1_iomux_config.o)
 .bss           0x1040bfbc        0x0 /home/leon/git/swp-report/iMX6_Platform_SDK/output/mx6dq/lib/libboard_evb_rev_a.a(usdhc2_iomux_config.o)
 .bss           0x1040bfbc        0x0 /home/leon/git/swp-report/iMX6_Platform_SDK/output/mx6dq/lib/libboard_evb_rev_a.a(usdhc3_iomux_config.o)
 .bss           0x1040bfbc        0x0 /home/leon/git/swp-report/iMX6_Platform_SDK/output/mx6dq/lib/libboard_evb_rev_a.a(usdhc4_iomux_config.o)
 .bss           0x1040bfbc        0x0 /home/leon/git/swp-report/iMX6_Platform_SDK/output/mx6dq/lib/libboard_evb_rev_a.a(ccm_iomux_config.o)
 .bss           0x1040bfbc        0x0 /home/leon/git/swp-report/iMX6_Platform_SDK/output/mx6dq/lib/libboard_evb_rev_a.a(ecspi1_iomux_config.o)
 .bss           0x1040bfbc        0x0 /home/leon/git/swp-report/iMX6_Platform_SDK/output/mx6dq/lib/libboard_evb_rev_a.a(enet_iomux_config.o)
 .bss           0x1040bfbc        0x0 /home/leon/git/swp-report/iMX6_Platform_SDK/output/mx6dq/lib/libboard_evb_rev_a.a(esai_iomux_config.o)
 .bss           0x1040bfbc        0x0 /home/leon/git/swp-report/iMX6_Platform_SDK/output/mx6dq/lib/libboard_evb_rev_a.a(flexcan1_iomux_config.o)
 .bss           0x1040bfbc        0x0 /home/leon/git/swp-report/iMX6_Platform_SDK/output/mx6dq/lib/libboard_evb_rev_a.a(flexcan2_iomux_config.o)
 .bss           0x1040bfbc        0x0 /home/leon/git/swp-report/iMX6_Platform_SDK/output/mx6dq/lib/libboard_evb_rev_a.a(gpio3_iomux_config.o)
 .bss           0x1040bfbc        0x0 /home/leon/git/swp-report/iMX6_Platform_SDK/output/mx6dq/lib/libboard_evb_rev_a.a(gpio4_iomux_config.o)
 .bss           0x1040bfbc        0x0 /home/leon/git/swp-report/iMX6_Platform_SDK/output/mx6dq/lib/libboard_evb_rev_a.a(gpio5_iomux_config.o)
 .bss           0x1040bfbc        0x0 /home/leon/git/swp-report/iMX6_Platform_SDK/output/mx6dq/lib/libboard_evb_rev_a.a(gpio6_iomux_config.o)
 .bss           0x1040bfbc        0x0 /home/leon/git/swp-report/iMX6_Platform_SDK/output/mx6dq/lib/libboard_evb_rev_a.a(gpmi_iomux_config.o)
 .bss           0x1040bfbc        0x0 /home/leon/git/swp-report/iMX6_Platform_SDK/output/mx6dq/lib/libboard_evb_rev_a.a(hdmi_iomux_config.o)
 .bss           0x1040bfbc        0x0 /home/leon/git/swp-report/iMX6_Platform_SDK/output/mx6dq/lib/libboard_evb_rev_a.a(i2c1_iomux_config.o)
 .bss           0x1040bfbc        0x0 /home/leon/git/swp-report/iMX6_Platform_SDK/output/mx6dq/lib/libboard_evb_rev_a.a(i2c2_iomux_config.o)
 .bss           0x1040bfbc        0x0 /home/leon/git/swp-report/iMX6_Platform_SDK/output/mx6dq/lib/libboard_evb_rev_a.a(i2c3_iomux_config.o)
 .bss           0x1040bfbc        0x0 /home/leon/riotboard/arm-2012.09/bin/../arm-none-eabi/lib//libc.a(lib_a-assert.o)
 .bss           0x1040bfbc        0x0 /home/leon/riotboard/arm-2012.09/bin/../arm-none-eabi/lib//libc.a(lib_a-bzero.o)
 .bss           0x1040bfbc        0x0 /home/leon/riotboard/arm-2012.09/bin/../arm-none-eabi/lib//libc.a(lib_a-fiprintf.o)
 .bss           0x1040bfbc        0x0 /home/leon/riotboard/arm-2012.09/bin/../arm-none-eabi/lib//libc.a(lib_a-fputc.o)
 .bss           0x1040bfbc        0x0 /home/leon/riotboard/arm-2012.09/bin/../arm-none-eabi/lib//libc.a(lib_a-impure.o)
 .bss           0x1040bfbc        0x0 /home/leon/riotboard/arm-2012.09/bin/../arm-none-eabi/lib//libc.a(lib_a-init.o)
 .bss           0x1040bfbc        0x0 /home/leon/riotboard/arm-2012.09/bin/../arm-none-eabi/lib//libc.a(lib_a-malloc.o)
 .bss           0x1040bfbc       0x34 /home/leon/riotboard/arm-2012.09/bin/../arm-none-eabi/lib//libc.a(lib_a-mallocr.o)
                0x1040bfbc                __malloc_top_pad
                0x1040bfc0                __malloc_current_mallinfo
                0x1040bfe8                __malloc_max_sbrked_mem
                0x1040bfec                __malloc_max_total_mem
 .bss           0x1040bff0        0x0 /home/leon/riotboard/arm-2012.09/bin/../arm-none-eabi/lib//libc.a(lib_a-mlock.o)
 .bss           0x1040bff0        0x0 /home/leon/riotboard/arm-2012.09/bin/../arm-none-eabi/lib//libc.a(lib_a-printf.o)
 .bss           0x1040bff0        0x0 /home/leon/riotboard/arm-2012.09/bin/../arm-none-eabi/lib//libc.a(lib_a-putc.o)
 .bss           0x1040bff0        0x0 /home/leon/riotboard/arm-2012.09/bin/../arm-none-eabi/lib//libc.a(lib_a-realloc.o)
 .bss           0x1040bff0        0x0 /home/leon/riotboard/arm-2012.09/bin/../arm-none-eabi/lib//libc.a(lib_a-reallocr.o)
 .bss           0x1040bff0        0x0 /home/leon/riotboard/arm-2012.09/bin/../arm-none-eabi/lib//libc.a(lib_a-rget.o)
 .bss           0x1040bff0        0x0 /home/leon/riotboard/arm-2012.09/bin/../arm-none-eabi/lib//libc.a(lib_a-sbrkr.o)
 .bss           0x1040bff0        0x0 /home/leon/riotboard/arm-2012.09/bin/../arm-none-eabi/lib//libc.a(lib_a-vfiprintf.o)
 .bss           0x1040bff0        0x0 /home/leon/riotboard/arm-2012.09/bin/../arm-none-eabi/lib//libc.a(lib_a-vfprintf.o)
 .bss           0x1040bff0        0x0 /home/leon/riotboard/arm-2012.09/bin/../arm-none-eabi/lib//libc.a(lib_a-vprintf.o)
 .bss           0x1040bff0        0x0 /home/leon/riotboard/arm-2012.09/bin/../arm-none-eabi/lib//libc.a(lib_a-wbuf.o)
 .bss           0x1040bff0        0x0 /home/leon/riotboard/arm-2012.09/bin/../arm-none-eabi/lib//libc.a(lib_a-wsetup.o)
 .bss           0x1040bff0        0x0 /home/leon/riotboard/arm-2012.09/bin/../arm-none-eabi/lib//libc.a(lib_a-abort.o)
 .bss           0x1040bff0        0x0 /home/leon/riotboard/arm-2012.09/bin/../arm-none-eabi/lib//libc.a(lib_a-dtoa.o)
 .bss           0x1040bff0        0x0 /home/leon/riotboard/arm-2012.09/bin/../arm-none-eabi/lib//libc.a(lib_a-fflush.o)
 .bss           0x1040bff0        0x0 /home/leon/riotboard/arm-2012.09/bin/../arm-none-eabi/lib//libc.a(lib_a-findfp.o)
 .bss           0x1040bff0        0x0 /home/leon/riotboard/arm-2012.09/bin/../arm-none-eabi/lib//libc.a(lib_a-fputwc.o)
 .bss           0x1040bff0        0x0 /home/leon/riotboard/arm-2012.09/bin/../arm-none-eabi/lib//libc.a(lib_a-freer.o)
 .bss           0x1040bff0        0x0 /home/leon/riotboard/arm-2012.09/bin/../arm-none-eabi/lib//libc.a(lib_a-fvwrite.o)
 .bss           0x1040bff0        0x0 /home/leon/riotboard/arm-2012.09/bin/../arm-none-eabi/lib//libc.a(lib_a-fwalk.o)
 .bss           0x1040bff0        0xc /home/leon/riotboard/arm-2012.09/bin/../arm-none-eabi/lib//libc.a(lib_a-locale.o)
                0x1040bff0                _PathLocale
                0x1040bff4                __mlocale_changed
                0x1040bff8                __nlocale_changed
 .bss           0x1040bffc        0x0 /home/leon/riotboard/arm-2012.09/bin/../arm-none-eabi/lib//libc.a(lib_a-makebuf.o)
 .bss           0x1040bffc        0x0 /home/leon/riotboard/arm-2012.09/bin/../arm-none-eabi/lib//libc.a(lib_a-memchr.o)
 .bss           0x1040bffc        0x0 /home/leon/riotboard/arm-2012.09/bin/../arm-none-eabi/lib//libc.a(lib_a-memcpy.o)
 .bss           0x1040bffc        0x0 /home/leon/riotboard/arm-2012.09/bin/../arm-none-eabi/lib//libc.a(lib_a-memmove.o)
 .bss           0x1040bffc        0x0 /home/leon/riotboard/arm-2012.09/bin/../arm-none-eabi/lib//libc.a(lib_a-memset.o)
 .bss           0x1040bffc        0x0 /home/leon/riotboard/arm-2012.09/bin/../arm-none-eabi/lib//libc.a(lib_a-mprec.o)
 .bss           0x1040bffc        0x0 /home/leon/riotboard/arm-2012.09/bin/../arm-none-eabi/lib//libc.a(lib_a-reent.o)
 .bss           0x1040bffc        0x0 /home/leon/riotboard/arm-2012.09/bin/../arm-none-eabi/lib//libc.a(lib_a-refill.o)
 .bss           0x1040bffc        0x0 /home/leon/riotboard/arm-2012.09/bin/../arm-none-eabi/lib//libc.a(lib_a-s_fpclassify.o)
 .bss           0x1040bffc        0x0 /home/leon/riotboard/arm-2012.09/bin/../arm-none-eabi/lib//libc.a(lib_a-signal.o)
 .bss           0x1040bffc        0x0 /home/leon/riotboard/arm-2012.09/bin/../arm-none-eabi/lib//libc.a(lib_a-signalr.o)
 .bss           0x1040bffc        0x0 /home/leon/riotboard/arm-2012.09/bin/../arm-none-eabi/lib//libc.a(lib_a-stdio.o)
 .bss           0x1040bffc        0x0 /home/leon/riotboard/arm-2012.09/bin/../arm-none-eabi/lib//libc.a(lib_a-strcmp.o)
 .bss           0x1040bffc        0x0 /home/leon/riotboard/arm-2012.09/bin/../arm-none-eabi/lib//libc.a(lib_a-strlen.o)
 .bss           0x1040bffc        0x0 /home/leon/riotboard/arm-2012.09/bin/../arm-none-eabi/lib//libc.a(lib_a-wcrtomb.o)
 .bss           0x1040bffc        0x0 /home/leon/riotboard/arm-2012.09/bin/../arm-none-eabi/lib//libc.a(lib_a-wctomb_r.o)
 .bss           0x1040bffc        0x0 /home/leon/riotboard/arm-2012.09/bin/../arm-none-eabi/lib//libc.a(lib_a-writer.o)
 .bss           0x1040bffc        0x0 /home/leon/riotboard/arm-2012.09/bin/../arm-none-eabi/lib//libc.a(lib_a-callocr.o)
 .bss           0x1040bffc        0x0 /home/leon/riotboard/arm-2012.09/bin/../arm-none-eabi/lib//libc.a(lib_a-closer.o)
 .bss           0x1040bffc        0x0 /home/leon/riotboard/arm-2012.09/bin/../arm-none-eabi/lib//libc.a(lib_a-fclose.o)
 .bss           0x1040bffc        0x0 /home/leon/riotboard/arm-2012.09/bin/../arm-none-eabi/lib//libc.a(lib_a-fstatr.o)
 .bss           0x1040bffc        0x0 /home/leon/riotboard/arm-2012.09/bin/../arm-none-eabi/lib//libc.a(lib_a-isattyr.o)
 .bss           0x1040bffc        0x0 /home/leon/riotboard/arm-2012.09/bin/../arm-none-eabi/lib//libc.a(lib_a-lseekr.o)
 .bss           0x1040bffc        0x0 /home/leon/riotboard/arm-2012.09/bin/../arm-none-eabi/lib//libc.a(lib_a-readr.o)
 .bss           0x1040bffc        0x0 /home/leon/riotboard/arm-2012.09/bin/../lib/gcc/arm-none-eabi/4.7.2//libgcc.a(_udivsi3.o)
 .bss           0x1040bffc        0x0 /home/leon/riotboard/arm-2012.09/bin/../lib/gcc/arm-none-eabi/4.7.2//libgcc.a(_divsi3.o)
 .bss           0x1040bffc        0x0 /home/leon/riotboard/arm-2012.09/bin/../lib/gcc/arm-none-eabi/4.7.2//libgcc.a(_dvmd_tls.o)
 .bss           0x1040bffc        0x0 /home/leon/riotboard/arm-2012.09/bin/../lib/gcc/arm-none-eabi/4.7.2//libgcc.a(_arm_addsubdf3.o)
 .bss           0x1040bffc        0x0 /home/leon/riotboard/arm-2012.09/bin/../lib/gcc/arm-none-eabi/4.7.2//libgcc.a(_arm_muldivdf3.o)
 .bss           0x1040bffc        0x0 /home/leon/riotboard/arm-2012.09/bin/../lib/gcc/arm-none-eabi/4.7.2//libgcc.a(_arm_cmpdf2.o)
 .bss           0x1040bffc        0x0 /home/leon/riotboard/arm-2012.09/bin/../lib/gcc/arm-none-eabi/4.7.2//libgcc.a(_arm_fixdfsi.o)
 .bss           0x1040bffc        0x0 /home/leon/riotboard/arm-2012.09/bin/../lib/gcc/arm-none-eabi/4.7.2//libgcc.a(_aeabi_uldivmod.o)
 .bss           0x1040bffc        0x0 /home/leon/riotboard/arm-2012.09/bin/../lib/gcc/arm-none-eabi/4.7.2//libgcc.a(bpabi.o)
 .bss           0x1040bffc        0x0 /home/leon/riotboard/arm-2012.09/bin/../lib/gcc/arm-none-eabi/4.7.2//libgcc.a(_divdi3.o)
 .bss           0x1040bffc        0x0 /home/leon/riotboard/arm-2012.09/bin/../lib/gcc/arm-none-eabi/4.7.2//libgcc.a(_udivdi3.o)
 .bss           0x1040bffc        0x0 /home/leon/riotboard/arm-2012.09/bin/../lib/gcc/arm-none-eabi/4.7.2//libgcc.a(_clzsi2.o)
 .bss           0x1040bffc        0x4 /home/leon/git/swp-report/iMX6_Platform_SDK/output/mx6dq/lib/libsdk.a(max7310.o)
 .bss           0x1040c000        0xc /home/leon/git/swp-report/iMX6_Platform_SDK/output/mx6dq/lib/libsdk.a(runtime_support.o)
                0x1040c000                __env
 .bss           0x1040c00c        0x0 /home/leon/git/swp-report/iMX6_Platform_SDK/output/mx6dq/lib/libsdk.a(imx_i2c.o)
 .bss           0x1040c00c        0x0 /home/leon/git/swp-report/iMX6_Platform_SDK/output/mx6dq/lib/libboard_evb_rev_a.a(i2c_iomux_config.o)
 *(COMMON)
 COMMON         0x1040c00c        0x4 /home/leon/riotboard/arm-2012.09/bin/../arm-none-eabi/lib//libc.a(lib_a-reent.o)
                0x1040c00c                errno
 *(.bss)
                0x1040c010                __bss_end__ = .

.stacks         0x1040c010     0xc000
                0x1040c010                __stacks_start = .
                0x10418010                . = (. + 0xc000)
 *fill*         0x1040c010     0xc000 
                0x10418010                __stacks_end = .
                0x10418010                top_of_stacks = .
                0x10418020                free_memory_start = ALIGN (0x20)
                0x18418010                . = (. + 0x8000000)
                0x18418010                free_memory_end = .
                0x18418010                _end = .
START GROUP
LOAD /home/leon/git/swp-report/iMX6_Platform_SDK/output/mx6dq/smp_primes/evb_rev_a/obj/apps/common/ivt.o
LOAD /home/leon/git/swp-report/iMX6_Platform_SDK/output/mx6dq/smp_primes/evb_rev_a/obj/apps/common/platform_init.o
LOAD /home/leon/git/swp-report/iMX6_Platform_SDK/output/mx6dq/smp_primes/evb_rev_a/obj/apps/smp_primes/src/main.o
LOAD /home/leon/git/swp-report/iMX6_Platform_SDK/output/mx6dq/smp_primes/evb_rev_a/obj/apps/smp_primes/src/primes.o
LOAD /home/leon/git/swp-report/iMX6_Platform_SDK/output/mx6dq/lib/libsdk.a
LOAD /home/leon/git/swp-report/iMX6_Platform_SDK/output/mx6dq/lib/libboard_evb_rev_a.a
LOAD /home/leon/riotboard/arm-2012.09/bin/../arm-none-eabi/lib//libm.a
LOAD /home/leon/riotboard/arm-2012.09/bin/../arm-none-eabi/lib//libstdc++.a
LOAD /home/leon/riotboard/arm-2012.09/bin/../arm-none-eabi/lib//libc.a
LOAD /home/leon/riotboard/arm-2012.09/bin/../lib/gcc/arm-none-eabi/4.7.2//libgcc.a
END GROUP
OUTPUT(/home/leon/git/swp-report/iMX6_Platform_SDK/output/mx6dq/smp_primes/evb_rev_a/smp_primes.elf elf32-littlearm)

.ARM.attributes
                0x00000000       0x3b
 .ARM.attributes
                0x00000000       0x30 /home/leon/riotboard/arm-2012.09/bin/../lib/gcc/arm-none-eabi/4.7.2//crtbegin.o
 .ARM.attributes
                0x00000030       0x16 /home/leon/riotboard/arm-2012.09/bin/../lib/gcc/arm-none-eabi/4.7.2//crti.o
 .ARM.attributes
                0x00000046       0x30 /home/leon/riotboard/arm-2012.09/bin/../lib/gcc/arm-none-eabi/4.7.2//crtend.o
 .ARM.attributes
                0x00000076       0x18 /home/leon/riotboard/arm-2012.09/bin/../lib/gcc/arm-none-eabi/4.7.2//crtn.o
 .ARM.attributes
                0x0000008e       0x39 /home/leon/git/swp-report/iMX6_Platform_SDK/output/mx6dq/smp_primes/evb_rev_a/obj/apps/common/ivt.o
 .ARM.attributes
                0x000000c7       0x39 /home/leon/git/swp-report/iMX6_Platform_SDK/output/mx6dq/smp_primes/evb_rev_a/obj/apps/common/platform_init.o
 .ARM.attributes
                0x00000100       0x39 /home/leon/git/swp-report/iMX6_Platform_SDK/output/mx6dq/smp_primes/evb_rev_a/obj/apps/smp_primes/src/main.o
 .ARM.attributes
                0x00000139       0x39 /home/leon/git/swp-report/iMX6_Platform_SDK/output/mx6dq/smp_primes/evb_rev_a/obj/apps/smp_primes/src/primes.o
 .ARM.attributes
                0x00000172       0x39 /home/leon/git/swp-report/iMX6_Platform_SDK/output/mx6dq/lib/libsdk.a(armv7_cache.o)
 .ARM.attributes
                0x000001ab       0x39 /home/leon/git/swp-report/iMX6_Platform_SDK/output/mx6dq/lib/libsdk.a(ccm_pll.o)
 .ARM.attributes
                0x000001e4       0x16 /home/leon/git/swp-report/iMX6_Platform_SDK/output/mx6dq/lib/libsdk.a(cortexA9.o)
 .ARM.attributes
                0x000001fa       0x39 /home/leon/git/swp-report/iMX6_Platform_SDK/output/mx6dq/lib/libsdk.a(gic.o)
 .ARM.attributes
                0x00000233       0x39 /home/leon/git/swp-report/iMX6_Platform_SDK/output/mx6dq/lib/libsdk.a(mmu.o)
 .ARM.attributes
                0x0000026c       0x16 /home/leon/git/swp-report/iMX6_Platform_SDK/output/mx6dq/lib/libsdk.a(startup.o)
 .ARM.attributes
                0x00000282       0x14 /home/leon/git/swp-report/iMX6_Platform_SDK/output/mx6dq/lib/libsdk.a(vectors.o)
 .ARM.attributes
                0x00000296       0x39 /home/leon/git/swp-report/iMX6_Platform_SDK/output/mx6dq/lib/libsdk.a(spinlock.o)
 .ARM.attributes
                0x000002cf       0x16 /home/leon/git/swp-report/iMX6_Platform_SDK/output/mx6dq/lib/libsdk.a(spinlock_lock_unlock.o)
 .ARM.attributes
                0x000002e5       0x39 /home/leon/git/swp-report/iMX6_Platform_SDK/output/mx6dq/lib/libsdk.a(system_util.o)
 .ARM.attributes
                0x0000031e       0x39 /home/leon/git/swp-report/iMX6_Platform_SDK/output/mx6dq/lib/libsdk.a(text_color.o)
 .ARM.attributes
                0x00000357       0x39 /home/leon/git/swp-report/iMX6_Platform_SDK/output/mx6dq/lib/libsdk.a(cpu_get_cores.o)
 .ARM.attributes
                0x00000390       0x39 /home/leon/git/swp-report/iMX6_Platform_SDK/output/mx6dq/lib/libsdk.a(cpu_multicore.o)
 .ARM.attributes
                0x000003c9       0x39 /home/leon/git/swp-report/iMX6_Platform_SDK/output/mx6dq/lib/libsdk.a(timer.o)
 .ARM.attributes
                0x00000402       0x39 /home/leon/git/swp-report/iMX6_Platform_SDK/output/mx6dq/lib/libsdk.a(imx_uart.o)
 .ARM.attributes
                0x0000043b       0x14 /home/leon/git/swp-report/iMX6_Platform_SDK/output/mx6dq/lib/libsdk.a(arm_abort.o)
 .ARM.attributes
                0x0000044f       0x39 /home/leon/git/swp-report/iMX6_Platform_SDK/output/mx6dq/lib/libsdk.a(interrupt.o)
 .ARM.attributes
                0x00000488       0x39 /home/leon/git/swp-report/iMX6_Platform_SDK/output/mx6dq/lib/libsdk.a(epit.o)
 .ARM.attributes
                0x000004c1       0x39 /home/leon/git/swp-report/iMX6_Platform_SDK/output/mx6dq/lib/libsdk.a(abort_handler.o)
 .ARM.attributes
                0x000004fa       0x39 /home/leon/git/swp-report/iMX6_Platform_SDK/output/mx6dq/lib/libboard_evb_rev_a.a(board_io_expanders.o)
 .ARM.attributes
                0x00000533       0x39 /home/leon/git/swp-report/iMX6_Platform_SDK/output/mx6dq/lib/libboard_evb_rev_a.a(hardware_modules.o)
 .ARM.attributes
                0x0000056c       0x39 /home/leon/git/swp-report/iMX6_Platform_SDK/output/mx6dq/lib/libboard_evb_rev_a.a(dcd.o)
 .ARM.attributes
                0x000005a5       0x39 /home/leon/git/swp-report/iMX6_Platform_SDK/output/mx6dq/lib/libboard_evb_rev_a.a(uart_iomux_config.o)
 .ARM.attributes
                0x000005de       0x39 /home/leon/git/swp-report/iMX6_Platform_SDK/output/mx6dq/lib/libboard_evb_rev_a.a(iomux_config.o)
 .ARM.attributes
                0x00000617       0x39 /home/leon/git/swp-report/iMX6_Platform_SDK/output/mx6dq/lib/libboard_evb_rev_a.a(ipu1_iomux_config.o)
 .ARM.attributes
                0x00000650       0x39 /home/leon/git/swp-report/iMX6_Platform_SDK/output/mx6dq/lib/libboard_evb_rev_a.a(kpp_iomux_config.o)
 .ARM.attributes
                0x00000689       0x39 /home/leon/git/swp-report/iMX6_Platform_SDK/output/mx6dq/lib/libboard_evb_rev_a.a(mlb_iomux_config.o)
 .ARM.attributes
                0x000006c2       0x39 /home/leon/git/swp-report/iMX6_Platform_SDK/output/mx6dq/lib/libboard_evb_rev_a.a(mmdc_iomux_config.o)
 .ARM.attributes
                0x000006fb       0x39 /home/leon/git/swp-report/iMX6_Platform_SDK/output/mx6dq/lib/libboard_evb_rev_a.a(pwm1_iomux_config.o)
 .ARM.attributes
                0x00000734       0x39 /home/leon/git/swp-report/iMX6_Platform_SDK/output/mx6dq/lib/libboard_evb_rev_a.a(sjc_iomux_config.o)
 .ARM.attributes
                0x0000076d       0x39 /home/leon/git/swp-report/iMX6_Platform_SDK/output/mx6dq/lib/libboard_evb_rev_a.a(spdif_iomux_config.o)
 .ARM.attributes
                0x000007a6       0x39 /home/leon/git/swp-report/iMX6_Platform_SDK/output/mx6dq/lib/libboard_evb_rev_a.a(uart2_iomux_config.o)
 .ARM.attributes
                0x000007df       0x39 /home/leon/git/swp-report/iMX6_Platform_SDK/output/mx6dq/lib/libboard_evb_rev_a.a(uart4_iomux_config.o)
 .ARM.attributes
                0x00000818       0x39 /home/leon/git/swp-report/iMX6_Platform_SDK/output/mx6dq/lib/libboard_evb_rev_a.a(usb_iomux_config.o)
 .ARM.attributes
                0x00000851       0x39 /home/leon/git/swp-report/iMX6_Platform_SDK/output/mx6dq/lib/libboard_evb_rev_a.a(usdhc1_iomux_config.o)
 .ARM.attributes
                0x0000088a       0x39 /home/leon/git/swp-report/iMX6_Platform_SDK/output/mx6dq/lib/libboard_evb_rev_a.a(usdhc2_iomux_config.o)
 .ARM.attributes