Archive member included because of file (symbol)

/home/leon/git/swp-report/iMX6_Platform_SDK/output/mx6dq/lib/libsdk.a(ccm_pll.o)
                              /home/leon/git/swp-report/iMX6_Platform_SDK/output/mx6dq/gpu_demo/sabre_ai_rev_b/obj/apps/common/platform_init.o (ccm_init)
/home/leon/git/swp-report/iMX6_Platform_SDK/output/mx6dq/lib/libsdk.a(cortexA9.o)
                              /home/leon/git/swp-report/iMX6_Platform_SDK/output/mx6dq/gpu_demo/sabre_ai_rev_b/obj/apps/common/platform_init.o (arm_set_interrupt_state)
/home/leon/git/swp-report/iMX6_Platform_SDK/output/mx6dq/lib/libsdk.a(gic.o)
                              /home/leon/git/swp-report/iMX6_Platform_SDK/output/mx6dq/gpu_demo/sabre_ai_rev_b/obj/apps/common/platform_init.o (gic_init)
/home/leon/git/swp-report/iMX6_Platform_SDK/output/mx6dq/lib/libsdk.a(mmu.o)
                              /home/leon/git/swp-report/iMX6_Platform_SDK/output/mx6dq/gpu_demo/sabre_ai_rev_b/obj/apps/common/platform_init.o (mmu_init)
/home/leon/git/swp-report/iMX6_Platform_SDK/output/mx6dq/lib/libsdk.a(startup.o)
                              (_start)
/home/leon/git/swp-report/iMX6_Platform_SDK/output/mx6dq/lib/libsdk.a(vectors.o)
                              /home/leon/git/swp-report/iMX6_Platform_SDK/output/mx6dq/lib/libsdk.a(startup.o) (vectors)
/home/leon/git/swp-report/iMX6_Platform_SDK/output/mx6dq/lib/libsdk.a(sdk_version.o)
                              /home/leon/git/swp-report/iMX6_Platform_SDK/output/mx6dq/gpu_demo/sabre_ai_rev_b/obj/apps/common/print_version.o (k_sdk_version)
/home/leon/git/swp-report/iMX6_Platform_SDK/output/mx6dq/lib/libsdk.a(system_util.o)
                              /home/leon/git/swp-report/iMX6_Platform_SDK/output/mx6dq/lib/libsdk.a(startup.o) (_sys_exit)
/home/leon/git/swp-report/iMX6_Platform_SDK/output/mx6dq/lib/libsdk.a(text_color.o)
                              /home/leon/git/swp-report/iMX6_Platform_SDK/output/mx6dq/lib/libsdk.a(system_util.o) (g_TextAttributeBold)
/home/leon/git/swp-report/iMX6_Platform_SDK/output/mx6dq/lib/libsdk.a(board_id.o)
                              /home/leon/git/swp-report/iMX6_Platform_SDK/output/mx6dq/gpu_demo/sabre_ai_rev_b/obj/apps/common/print_version.o (chip_name)
/home/leon/git/swp-report/iMX6_Platform_SDK/output/mx6dq/lib/libsdk.a(ips_disp_panel.o)
                              /home/leon/git/swp-report/iMX6_Platform_SDK/output/mx6dq/gpu_demo/sabre_ai_rev_b/obj/apps/gpu_demo/src/gpu_test.o (search_panel)
/home/leon/git/swp-report/iMX6_Platform_SDK/output/mx6dq/lib/libsdk.a(ipu_common.o)
                              /home/leon/git/swp-report/iMX6_Platform_SDK/output/mx6dq/gpu_demo/sabre_ai_rev_b/obj/apps/gpu_demo/src/gpu_test.o (ipu_enable_display)
/home/leon/git/swp-report/iMX6_Platform_SDK/output/mx6dq/lib/libsdk.a(ipu_csi.o)
                              /home/leon/git/swp-report/iMX6_Platform_SDK/output/mx6dq/lib/libsdk.a(ipu_common.o) (ipu_csi_config)
/home/leon/git/swp-report/iMX6_Platform_SDK/output/mx6dq/lib/libsdk.a(ipu_dc.o)
                              /home/leon/git/swp-report/iMX6_Platform_SDK/output/mx6dq/lib/libsdk.a(ipu_common.o) (ipu_dc_config)
/home/leon/git/swp-report/iMX6_Platform_SDK/output/mx6dq/lib/libsdk.a(ipu_di.o)
                              /home/leon/git/swp-report/iMX6_Platform_SDK/output/mx6dq/lib/libsdk.a(ipu_common.o) (ipu_di_config)
/home/leon/git/swp-report/iMX6_Platform_SDK/output/mx6dq/lib/libsdk.a(ipu_dmfc.o)
                              /home/leon/git/swp-report/iMX6_Platform_SDK/output/mx6dq/lib/libsdk.a(ipu_common.o) (ipu_dmfc_config)
/home/leon/git/swp-report/iMX6_Platform_SDK/output/mx6dq/lib/libsdk.a(ipu_dp.o)
                              /home/leon/git/swp-report/iMX6_Platform_SDK/output/mx6dq/lib/libsdk.a(ipu_common.o) (ipu_dp_config)
/home/leon/git/swp-report/iMX6_Platform_SDK/output/mx6dq/lib/libsdk.a(ipu_idmac.o)
                              /home/leon/git/swp-report/iMX6_Platform_SDK/output/mx6dq/lib/libsdk.a(ipu_common.o) (ipu_cpmem_set_field)
/home/leon/git/swp-report/iMX6_Platform_SDK/output/mx6dq/lib/libsdk.a(ipu_vdi.o)
                              /home/leon/git/swp-report/iMX6_Platform_SDK/output/mx6dq/lib/libsdk.a(ipu_common.o) (ips_deinterlace_proc)
/home/leon/git/swp-report/iMX6_Platform_SDK/output/mx6dq/lib/libsdk.a(ldb.o)
                              /home/leon/git/swp-report/iMX6_Platform_SDK/output/mx6dq/lib/libsdk.a(ips_disp_panel.o) (ldb_config)
/home/leon/git/swp-report/iMX6_Platform_SDK/output/mx6dq/lib/libsdk.a(timer.o)
                              /home/leon/git/swp-report/iMX6_Platform_SDK/output/mx6dq/lib/libsdk.a(ipu_common.o) (hal_delay_us)
/home/leon/git/swp-report/iMX6_Platform_SDK/output/mx6dq/lib/libsdk.a(imx_uart.o)
                              /home/leon/git/swp-report/iMX6_Platform_SDK/output/mx6dq/gpu_demo/sabre_ai_rev_b/obj/apps/common/platform_init.o (uart_getchar)
/home/leon/git/swp-report/iMX6_Platform_SDK/output/mx6dq/lib/libsdk.a(arm_abort.o)
[...]
Memory Configuration

Name             Origin             Length             Attributes
OCRAM            0x00900000         0x00040000         xrw
DDR              0x10000000         0x80000000         xrw
*default*        0x00000000         0xffffffff

Linker script and memory map

LOAD /home/leon/riotboard/arm-2012.09/bin/../lib/gcc/arm-none-eabi/4.7.2//crtbegin.o
LOAD /home/leon/riotboard/arm-2012.09/bin/../lib/gcc/arm-none-eabi/4.7.2//crti.o
LOAD /home/leon/riotboard/arm-2012.09/bin/../lib/gcc/arm-none-eabi/4.7.2//crtend.o
LOAD /home/leon/riotboard/arm-2012.09/bin/../lib/gcc/arm-none-eabi/4.7.2//crtn.o

.l1_page_table  0x00900000     0x4000
                0x00900000                __l1_page_table_start = .
                0x00904000                . = (. + 0x4000)
 *fill*         0x00900000     0x4000 

.heap.ocram     0x00904000    0x3bfb8
                0x00904000                __heap_ocram_start = .
                0x0093ffb8                . = (. + 0x3bfb8)
 *fill*         0x00904000    0x3bfb8 
                0x0093ffb8                __heap_ocram_end = .

.ram_vectors    0x0093ffb8       0x48
                0x0093ffb8                __ram_vectors_start = .
                0x00940000                . = (. + 0x48)
 *fill*         0x0093ffb8       0x48 
                0x00940000                __ram_vectors_end = .
                0x10000000                _start_image_add = ORIGIN (DDR)

.ivt            0x10000000      0x420
                0x10000400                . = (. + 0x400)
 *fill*         0x10000000      0x400 
 *(.ivt)
 .ivt           0x10000400       0x20 /home/leon/git/swp-report/iMX6_Platform_SDK/output/mx6dq/gpu_demo/sabre_ai_rev_b/obj/apps/common/ivt.o
                0x10000400                input_ivt

.boot_data      0x10000420        0xc
                0x10000420                __start_boot_data = .
 *(.boot_data)
 .boot_data     0x10000420        0xc /home/leon/git/swp-report/iMX6_Platform_SDK/output/mx6dq/gpu_demo/sabre_ai_rev_b/obj/apps/common/ivt.o
                0x10000420                bd

.dcd_hdr        0x10000430        0x4
                0x10000430                __start_dcd = .
 *(.dcd_hdr)
 .dcd_hdr       0x10000430        0x4 /home/leon/git/swp-report/iMX6_Platform_SDK/output/mx6dq/lib/libboard_sabre_ai_rev_b.a(dcd.o)
                0x10000430                input_dcd_hdr

.dcd_wrt_cmd    0x10000434        0x4
 *(.dcd_wrt_cmd)
 .dcd_wrt_cmd   0x10000434        0x4 /home/leon/git/swp-report/iMX6_Platform_SDK/output/mx6dq/lib/libboard_sabre_ai_rev_b.a(dcd.o)
                0x10000434                input_dcd_wrt_cmd

.dcd_data       0x10000438      0x298
 *(.dcd_data)
 .dcd_data      0x10000438      0x298 /home/leon/git/swp-report/iMX6_Platform_SDK/output/mx6dq/lib/libboard_sabre_ai_rev_b.a(dcd.o)
                0x10000438                input_dcd

.text           0x100006d0    0x8e8a0
 CREATE_OBJECT_SYMBOLS
 *(.startup)
 .startup       0x100006d0      0x138 /home/leon/git/swp-report/iMX6_Platform_SDK/output/mx6dq/lib/libsdk.a(startup.o)
                0x100006d0                _start
 *(.text .text.* .gnu.linkonce.t.*)
 .text          0x10000808      0x128 /home/leon/riotboard/arm-2012.09/bin/../lib/gcc/arm-none-eabi/4.7.2//crtbegin.o
 .text          0x10000930        0x0 /home/leon/riotboard/arm-2012.09/bin/../lib/gcc/arm-none-eabi/4.7.2//crti.o
 .text          0x10000930        0x0 /home/leon/riotboard/arm-2012.09/bin/../lib/gcc/arm-none-eabi/4.7.2//crtend.o
 .text          0x10000930        0x0 /home/leon/riotboard/arm-2012.09/bin/../lib/gcc/arm-none-eabi/4.7.2//crtn.o
 .text          0x10000930    0x614a0 /home/leon/git/swp-report/iMX6_Platform_SDK/apps/gpu_demo/src/rotate_texture.o
                0x10000930                rotateTexture
 .text          0x10061dd0     0x2f70 /home/leon/git/swp-report/iMX6_Platform_SDK/apps/gpu_demo/src/texture.o
                0x10061f04                runTexture
 .text          0x10064d40        0x0 /home/leon/git/swp-report/iMX6_Platform_SDK/output/mx6dq/gpu_demo/sabre_ai_rev_b/obj/apps/common/ivt.o
 .text          0x10064d40       0x98 /home/leon/git/swp-report/iMX6_Platform_SDK/output/mx6dq/gpu_demo/sabre_ai_rev_b/obj/apps/common/platform_init.o
                0x10064d40                platform_init
 .text          0x10064dd8       0xfc /home/leon/git/swp-report/iMX6_Platform_SDK/output/mx6dq/gpu_demo/sabre_ai_rev_b/obj/apps/common/print_clock_info.o
                0x10064dd8                show_freq
                0x10064ec4                show_ddr_config
 .text          0x10064ed4      0x15c /home/leon/git/swp-report/iMX6_Platform_SDK/output/mx6dq/gpu_demo/sabre_ai_rev_b/obj/apps/common/print_version.o
                0x10064ed4                print_version
 .text          0x10065030      0x400 /home/leon/git/swp-report/iMX6_Platform_SDK/output/mx6dq/gpu_demo/sabre_ai_rev_b/obj/apps/gpu_demo/src/gpu_test.o
                0x10065030                main
                0x10065054                gpu_test
 .text          0x10065430     0x29f0 /home/leon/git/swp-report/iMX6_Platform_SDK/output/mx6dq/gpu_demo/sabre_ai_rev_b/obj/apps/gpu_demo/src/sdk_gpu_utilities.o
                0x10065430                ReadReg
                0x10065460                WriteReg
                0x10065494                WriteDebugReg
                0x100654c4                Poke
                0x100654f0                ReadMem
                0x10065518                clearTWOD
                0x10065aa8                clearTWODMSAA
                0x10066038                clearFrameBuffer
                0x100661c0                clearFrameBufferMSAA
                0x10066340                clearBuffers
                0x10066538                fastClear
                0x10066d0c                fastClearMSAA
                0x10067340                disableFastClear
                0x100673d0                start
                0x10067528                DoResolve
                0x10067c9c                CallResolve
 .text          0x10067e20      0xcdc /home/leon/git/swp-report/iMX6_Platform_SDK/output/mx6dq/lib/libsdk.a(ccm_pll.o)
                0x10067e20                ccm_init
                0x10067f44                get_main_clock
                0x100681d4                get_peri_clock
                0x10068384                ccm_ccgr_config
                0x100683ec                clock_gating_config
                0x1006886c                ccm_set_lpm_wakeup_source
                0x10068960                ccm_enter_low_power
                0x100689d0                ipu_hsp_clk_config
                0x100689f0                gpu_clock_config
 .text          0x10068afc      0x164 /home/leon/git/swp-report/iMX6_Platform_SDK/output/mx6dq/lib/libsdk.a(cortexA9.o)
                0x10068afc                arm_set_interrupt_state
                0x10068b20                cpu_get_current
                0x10068b2c                enable_neon_fpu
                0x10068b48                disable_strict_align_check
                0x10068b5c                disable_L1_cache
                0x10068b7c                get_arm_private_peripheral_base
                0x10068b84                arm_unified_tlb_invalidate
                0x10068b94                arm_unified_tlb_invalidate_is
                0x10068ba4                arm_branch_prediction_enable
                0x10068bb4                arm_branch_prediction_disable
                0x10068bc4                arm_branch_target_cache_invalidate
                0x10068bd0                arm_branch_target_cache_invalidate_is
                0x10068bdc                scu_enable
                0x10068bf0                scu_join_smp
                0x10068c00                scu_leave_smp
                0x10068c10                scu_get_cpus_in_smp
                0x10068c24                scu_enable_maintenance_broadcast
                0x10068c34                scu_disable_maintenance_broadcast
                0x10068c44                scu_secure_invalidate
 .text          0x10068c60      0x5e0 /home/leon/git/swp-report/iMX6_Platform_SDK/output/mx6dq/lib/libsdk.a(gic.o)
                0x10068d44                gic_enable
                0x10068da4                gic_set_irq_security
                0x10068e4c                gic_enable_irq
                0x10068ec8                gic_set_irq_priority
                0x10068f10                gic_set_cpu_target
                0x1006901c                gic_send_sgi
                0x10069070                gic_cpu_enable
                0x100690d0                gic_set_cpu_priority_mask
                0x10069104                gic_read_irq_ack
                0x10069130                gic_write_end_of_irq
                0x10069160                gic_init
                0x10069204                gic_init_cpu
 .text          0x10069240      0x460 /home/leon/git/swp-report/iMX6_Platform_SDK/output/mx6dq/lib/libsdk.a(mmu.o)
                0x10069240                mmu_enable
                0x10069278                mmu_disable
                0x100692ac                mmu_init
                0x100693c8                mmu_map_l1_range
                0x100695e0                mmu_virtual_to_physical
 .text          0x100696a0        0x0 /home/leon/git/swp-report/iMX6_Platform_SDK/output/mx6dq/lib/libsdk.a(startup.o)
 .text          0x100696a0        0x4 /home/leon/git/swp-report/iMX6_Platform_SDK/output/mx6dq/lib/libsdk.a(vectors.o)
                0x100696a0                exception_handler
 .text.vectors  0x100696a4       0x48 /home/leon/git/swp-report/iMX6_Platform_SDK/output/mx6dq/lib/libsdk.a(vectors.o)
                0x100696a4                vectors
 .text          0x100696ec        0x0 /home/leon/git/swp-report/iMX6_Platform_SDK/output/mx6dq/lib/libsdk.a(sdk_version.o)
 .text          0x100696ec      0x914 /home/leon/git/swp-report/iMX6_Platform_SDK/output/mx6dq/lib/libsdk.a(system_util.o)
                0x100696ec                _sys_exit
                0x10069708                mybkpt
                0x10069710                is_input_char
                0x10069890                read_input_string
                0x10069b78                get_input_hex
                0x10069df8                read_int
                0x10069f5c                jump_to_sdp
 .text          0x1006a000       0xe0 /home/leon/git/swp-report/iMX6_Platform_SDK/output/mx6dq/lib/libsdk.a(text_color.o)
                0x1006a000                printf_color
                0x1006a09c                get_color_supported
 .text          0x1006a0e0      0x7c4 /home/leon/git/swp-report/iMX6_Platform_SDK/output/mx6dq/lib/libsdk.a(board_id.o)
                0x1006a0e0                chip_name
                0x1006a1f8                chip_revision
                0x1006a2d0                board_name
                0x1006a3d4                board_revision
                0x1006a49c                board_description
                0x1006a5bc                get_board_id
                0x1006a698                show_board_id
 .text          0x1006a8a4      0x474 /home/leon/git/swp-report/iMX6_Platform_SDK/output/mx6dq/lib/libsdk.a(ips_disp_panel.o)
                0x1006ab38                search_panel
                0x1006abf8                list_panel
                0x1006ac90                get_panel_by_id
 .text          0x1006ad18      0xff4 /home/leon/git/swp-report/iMX6_Platform_SDK/output/mx6dq/lib/libsdk.a(ipu_common.o)
                0x1006ad18                need_csc
                0x1006ad80                ipu_write_field
                0x1006ae38                ipu_read
                0x1006aea4                ipu_write
                0x1006af0c                ipu_enable_display
                0x1006af78                ipu_disable_display
                0x1006aff8                ipu_sw_reset
                0x1006b0d8                ipu_display_setup
                0x1006b24c                ipu_dual_display_setup
                0x1006b350                ipu_capture_setup
                0x1006b7bc                ipu_capture_streamoff
                0x1006b890                ipu_mipi_csi2_setup
                0x1006ba88                ipu1_ch0_eobnd_isr
                0x1006bc64                ipu_ch0_eobnd_interrupt_register
 .text          0x1006bd0c      0xcb8 /home/leon/git/swp-report/iMX6_Platform_SDK/output/mx6dq/lib/libsdk.a(ipu_csi.o)
                0x1006bd0c                ipu_csi_config
                0x1006c350                ipu_smfc_fifo_allocate
                0x1006c4ac                ipu_capture_disp_link
                0x1006c5d8                ipu_disable_csi
                0x1006c644                ipu_disable_smfc
                0x1006c678                ipu_csi_test_mode_color
 .text          0x1006c9c4     0x1bec /home/leon/git/swp-report/iMX6_Platform_SDK/output/mx6dq/lib/libsdk.a(ipu_dc.o)
                0x1006c9c4                ipu_dc_config
                0x1006ccb4                ipu_dc_write_channel_config
                0x1006cf6c                ipu_dc_display_config
                0x1006d100                ipu_dc_map
                0x1006d494                ipu_dc_microcode_config
                0x1006e254                ipu_dc_microcode_event
 .text          0x1006e5b0      0xfec /home/leon/git/swp-report/iMX6_Platform_SDK/output/mx6dq/lib/libsdk.a(ipu_di.o)
                0x1006e5b0                ipu_di_config
                0x1006ebe0                ipu_di_waveform_config
                0x1006eca8                ipu_di_screen_set
                0x1006ed3c                ipu_di_pointer_config
                0x1006eea0                ipu_di_bsclk_gen
                0x1006efd8                ipu_di_sync_config
                0x1006f2e0                ipu_di_interface_set
 .text          0x1006f59c      0x3e0 /home/leon/git/swp-report/iMX6_Platform_SDK/output/mx6dq/lib/libsdk.a(ipu_dmfc.o)
                0x1006f59c                ipu_dmfc_config
                0x1006f830                ipu_dmfc_alloc
 .text          0x1006f97c      0x5b0 /home/leon/git/swp-report/iMX6_Platform_SDK/output/mx6dq/lib/libsdk.a(ipu_dp.o)
                0x1006f97c                ipu_dp_config
                0x1006f9d0                ipu_dp_csc_config
                0x1006fd88                ipu_dp_fg_config
 .text          0x1006ff2c     0x2e08 /home/leon/git/swp-report/iMX6_Platform_SDK/output/mx6dq/lib/libsdk.a(ipu_idmac.o)
                0x1006ff2c                ipu_cpmem_set_field
                0x10070058                ipu_cpmem_mod_field
                0x100701e4                ipu_cpmem_read_field
                0x10070340                ipu_channel_buf_ready
                0x100704b8                ipu_channel_buf_not_ready
                0x10070630                ipu_idmac_channel_mode_sel
                0x100706b8                ipu_idmac_channel_enable
                0x10070740                ipu_idmac_channel_busy
                0x10070800                ipu_general_idmac_config
                0x10070de8                ipu_disp_bg_idmac_config
                0x10070ed0                ipu_disp_fg_idmac_config
                0x10070fb8                ipu_dma_update_buffer
                0x100710d4                ipu_idmac_chan_cur_buff
                0x10071180                ipu_rotate_idmac_config
                0x100712b4                ipu_resize_idmac_config
                0x100713f0                ipu_deinterlace_idmac_config
                0x10071544                ipu_idma_pixel_format_config
 .text          0x10072d34      0x598 /home/leon/git/swp-report/iMX6_Platform_SDK/output/mx6dq/lib/libsdk.a(ipu_vdi.o)
                0x10072d34                ipu_deinterlace_3_fields
                0x10072d84                ipu_vdi_set_top_field_man
                0x10072df8                ipu_vdi_set_motion
                0x10072f00                ipu_vdi_init
                0x10073044                ipu_vdi_uninit
                0x1007308c                ips_deinterlace_proc
 .text          0x100732cc      0x4ac /home/leon/git/swp-report/iMX6_Platform_SDK/output/mx6dq/lib/libsdk.a(ldb.o)
                0x1007349c                ldb_config
                0x100736d4                ldb_set_vs_polarity
 .text          0x10073778      0x290 /home/leon/git/swp-report/iMX6_Platform_SDK/output/mx6dq/lib/libsdk.a(timer.o)
                0x10073778                hal_delay_us
                0x100737e8                system_time_init
                0x10073948                time_get_microseconds
 .text          0x10073a08     0x2820 /home/leon/git/swp-report/iMX6_Platform_SDK/output/mx6dq/lib/libsdk.a(imx_uart.o)
                0x10073a08                uart_get_reffreq
                0x10073b04                uart_putchar
                0x10073c54                uart_getchar
                0x10073db4                uart_set_FIFO_mode
                0x100748e0                uart_set_loopback_mode
                0x10074b34                uart_setup_interrupt
                0x10074c00                uart_init
 .text          0x10076228       0x98 /home/leon/git/swp-report/iMX6_Platform_SDK/output/mx6dq/lib/libsdk.a(arm_abort.o)
                0x10076228                common_abort_handler
                0x10076288                data_abort_handler
                0x100762a0                prefetch_abort_handler
 .text          0x100762c0      0x1bc /home/leon/git/swp-report/iMX6_Platform_SDK/output/mx6dq/lib/libsdk.a(interrupt.o)
                0x100762c0                IRQ_HDLR
                0x10076388                disable_interrupt
                0x100763c4                enable_interrupt
                0x1007641c                register_interrupt_routine
                0x10076450                default_interrupt_routine
 .text          0x1007647c     0x16a4 /home/leon/git/swp-report/iMX6_Platform_SDK/output/mx6dq/lib/libsdk.a(ipu_ic.o)
                0x1007647c                ipu_ic_enable
                0x100764c8                ipu_ic_rotation_config
                0x100766d4                ipu_ic_resize_config
                0x10076c28                ipu_ic_deinterlace_config
                0x10076e04                ipu_ic_calc_resize_coeffs
                0x10076f1c                ipu_ic_config_resize_rate
                0x10077058                ipu_ic_combine_config
                0x10077214                ipu_ic_csc_config
                0x10077920                ipu_ic_task_enable
 .text          0x10077b20      0x8e0 /home/leon/git/swp-report/iMX6_Platform_SDK/output/mx6dq/lib/libsdk.a(epit.o)
                0x10077b20                epit_reload_counter
                0x10077b80                epit_get_counter_value
                0x10077bdc                epit_set_compare_event
                0x10077c3c                epit_get_compare_event
                0x10077d34                epit_counter_disable
                0x10077ef8                epit_counter_enable
                0x10078154                epit_setup_interrupt
                0x100781e4                epit_init
 .text          0x10078400      0x4bc /home/leon/git/swp-report/iMX6_Platform_SDK/output/mx6dq/lib/libsdk.a(abort_handler.o)
                0x10078400                dump_regs
 .text          0x100788bc      0x328 /home/leon/git/swp-report/iMX6_Platform_SDK/output/mx6dq/lib/libboard_sabre_ai_rev_b.a(board_display.o)
                0x100788bc                lvds_power_on
                0x1007890c                disable_para_panel
                0x1007895c                tftlcd_backlight_en
                0x10078a1c                tftlcd_reset
                0x10078a48                ldb_clock_config
                0x10078b78                epdc_clock_setting
                0x10078b94                epdc_power_supply
 .text          0x10078be4      0x248 /home/leon/git/swp-report/iMX6_Platform_SDK/output/mx6dq/lib/libboard_sabre_ai_rev_b.a(board_hdmi.o)
                0x10078be4                hdmi_tx_cec_pgm_iomux
                0x10078c28                hdmi_tx_ddc_pgm_iomux
                0x10078ca0                hdmi_tx_phydtb_pgm_iomux
                0x10078cf0                hdmi_pgm_iomux
                0x10078d10                ext_hdmi_transmitter_power_on
                0x10078d20                hdmi_clock_set
 .text          0x10078e2c      0x12c /home/leon/git/swp-report/iMX6_Platform_SDK/output/mx6dq/lib/libboard_sabre_ai_rev_b.a(board_io_expanders.o)
                0x10078e2c                board_ioexpander_init
                0x10078f24                board_ioexpander_iomux_config
 .text          0x10078f58      0x144 /home/leon/git/swp-report/iMX6_Platform_SDK/output/mx6dq/lib/libboard_sabre_ai_rev_b.a(board_mipi.o)
                0x10078f58                mipi_cam_power_on
                0x10078fa4                mipi_backlight_en
                0x10078fb4                mipi_display_reset
                0x10078fc4                mipi_clock_set
                0x10078ff4                mipi_csi2_clock_set
 .text          0x1007909c        0x0 /home/leon/git/swp-report/iMX6_Platform_SDK/output/mx6dq/lib/libboard_sabre_ai_rev_b.a(hardware_modules.o)
 .text          0x1007909c        0x0 /home/leon/git/swp-report/iMX6_Platform_SDK/output/mx6dq/lib/libboard_sabre_ai_rev_b.a(dcd.o)
 .text          0x1007909c       0x98 /home/leon/git/swp-report/iMX6_Platform_SDK/output/mx6dq/lib/libboard_sabre_ai_rev_b.a(i2c3_iomux_config.o)
                0x1007909c                i2c3_iomux_config
 .text          0x10079134      0x2c4 /home/leon/git/swp-report/iMX6_Platform_SDK/output/mx6dq/lib/libboard_sabre_ai_rev_b.a(iomux_config.o)
                0x10079134                iomux_config
                0x100791b8                arm_iomux_config
                0x100791c8                asrc_iomux_config
                0x100791d8                dcic1_iomux_config
                0x100791e8                dcic2_iomux_config
                0x100791f8                ecspi2_iomux_config
                0x10079208                ecspi3_iomux_config
                0x10079218                ecspi4_iomux_config
                0x10079228                ecspi5_iomux_config
                0x10079238                epit1_iomux_config
                0x10079248                epit2_iomux_config
                0x10079258                gpio3_iomux_config
                0x10079268                gpio7_iomux_config
                0x10079278                gpt_iomux_config
                0x10079288                hdmi_iomux_config
                0x10079298                i2c1_iomux_config
                0x100792a8                ipu2_iomux_config
                0x100792b8                kpp_iomux_config
                0x100792c8                ldb_iomux_config
                0x100792d8                mipi_csi_iomux_config
                0x100792e8                mipi_dsi_iomux_config
                0x100792f8                mipi_hsi_iomux_config
                0x10079308                pcie_iomux_config
                0x10079318                pmu_iomux_config
                0x10079328                pwm1_iomux_config
                0x10079338                pwm2_iomux_config
                0x10079348                sata_phy_iomux_config
                0x10079358                sdma_iomux_config
                0x10079368                snvs_iomux_config
                0x10079378                src_iomux_config
                0x10079388                uart1_iomux_config
                0x10079398                uart5_iomux_config
                0x100793a8                usb_iomux_config
                0x100793b8                usdhc2_iomux_config
                0x100793c8                usdhc4_iomux_config
                0x100793d8                wdog2_iomux_config
                0x100793e8                xtalosc_iomux_config
 .text          0x100793f8      0x5f8 /home/leon/git/swp-report/iMX6_Platform_SDK/output/mx6dq/lib/libboard_sabre_ai_rev_b.a(ipu1_iomux_config.o)
                0x100793f8                ipu1_iomux_config
 .text          0x100799f0       0xac /home/leon/git/swp-report/iMX6_Platform_SDK/output/mx6dq/lib/libboard_sabre_ai_rev_b.a(mlb_iomux_config.o)
                0x100799f0                mlb_iomux_config
 .text          0x10079a9c     0x2884 /home/leon/git/swp-report/iMX6_Platform_SDK/output/mx6dq/lib/libboard_sabre_ai_rev_b.a(mmdc_iomux_config.o)
                0x10079a9c                mmdc_iomux_config
 .text          0x1007c320       0x34 /home/leon/git/swp-report/iMX6_Platform_SDK/output/mx6dq/lib/libboard_sabre_ai_rev_b.a(pwm3_iomux_config.o)
                0x1007c320                pwm3_iomux_config
 .text          0x1007c354       0x34 /home/leon/git/swp-report/iMX6_Platform_SDK/output/mx6dq/lib/libboard_sabre_ai_rev_b.a(pwm4_iomux_config.o)
                0x1007c354                pwm4_iomux_config
 .text          0x1007c388       0x70 /home/leon/git/swp-report/iMX6_Platform_SDK/output/mx6dq/lib/libboard_sabre_ai_rev_b.a(sjc_iomux_config.o)
                0x1007c388                sjc_iomux_config
 .text          0x1007c3f8       0x40 /home/leon/git/swp-report/iMX6_Platform_SDK/output/mx6dq/lib/libboard_sabre_ai_rev_b.a(spdif_iomux_config.o)
                0x1007c3f8                spdif_iomux_config
 .text          0x1007c438       0xe0 /home/leon/git/swp-report/iMX6_Platform_SDK/output/mx6dq/lib/libboard_sabre_ai_rev_b.a(uart2_iomux_config.o)
                0x1007c438                uart2_iomux_config
 .text          0x1007c518       0xe0 /home/leon/git/swp-report/iMX6_Platform_SDK/output/mx6dq/lib/libboard_sabre_ai_rev_b.a(uart3_iomux_config.o)
                0x1007c518                uart3_iomux_config
 .text          0x1007c5f8       0x78 /home/leon/git/swp-report/iMX6_Platform_SDK/output/mx6dq/lib/libboard_sabre_ai_rev_b.a(uart4_iomux_config.o)
                0x1007c5f8                uart4_iomux_config
 .text          0x1007c670       0x90 /home/leon/git/swp-report/iMX6_Platform_SDK/output/mx6dq/lib/libboard_sabre_ai_rev_b.a(uart_iomux_config.o)
                0x1007c670                uart_iomux_config
 .text          0x1007c700      0x19c /home/leon/git/swp-report/iMX6_Platform_SDK/output/mx6dq/lib/libboard_sabre_ai_rev_b.a(usdhc1_iomux_config.o)
                0x1007c700                usdhc1_iomux_config
 .text          0x1007c89c      0x1c0 /home/leon/git/swp-report/iMX6_Platform_SDK/output/mx6dq/lib/libboard_sabre_ai_rev_b.a(usdhc3_iomux_config.o)
                0x1007c89c                usdhc3_iomux_config
 .text          0x1007ca5c       0x34 /home/leon/git/swp-report/iMX6_Platform_SDK/output/mx6dq/lib/libboard_sabre_ai_rev_b.a(wdog1_iomux_config.o)
                0x1007ca5c                wdog1_iomux_config
 .text          0x1007ca90      0x13c /home/leon/git/swp-report/iMX6_Platform_SDK/output/mx6dq/lib/libboard_sabre_ai_rev_b.a(audmux_iomux_config.o)
                0x1007ca90                audmux_iomux_config
 .text          0x1007cbcc       0x34 /home/leon/git/swp-report/iMX6_Platform_SDK/output/mx6dq/lib/libboard_sabre_ai_rev_b.a(ccm_iomux_config.o)
                0x1007cbcc                ccm_iomux_config
 .text          0x1007cc00      0x104 /home/leon/git/swp-report/iMX6_Platform_SDK/output/mx6dq/lib/libboard_sabre_ai_rev_b.a(ecspi1_iomux_config.o)
                0x1007cc00                ecspi1_iomux_config
 .text          0x1007cd04      0x5d0 /home/leon/git/swp-report/iMX6_Platform_SDK/output/mx6dq/lib/libboard_sabre_ai_rev_b.a(eim_iomux_config.o)
                0x1007cd04                eim_iomux_config
 .text          0x1007d2d4      0x3bc /home/leon/git/swp-report/iMX6_Platform_SDK/output/mx6dq/lib/libboard_sabre_ai_rev_b.a(enet_iomux_config.o)
                0x1007d2d4                enet_iomux_config
 .text          0x1007d690      0x218 /home/leon/git/swp-report/iMX6_Platform_SDK/output/mx6dq/lib/libboard_sabre_ai_rev_b.a(esai_iomux_config.o)
                0x1007d690                esai_iomux_config
 .text          0x1007d8a8       0x68 /home/leon/git/swp-report/iMX6_Platform_SDK/output/mx6dq/lib/libboard_sabre_ai_rev_b.a(flexcan1_iomux_config.o)
                0x1007d8a8                flexcan1_iomux_config
 .text          0x1007d910       0x68 /home/leon/git/swp-report/iMX6_Platform_SDK/output/mx6dq/lib/libboard_sabre_ai_rev_b.a(flexcan2_iomux_config.o)
                0x1007d910                flexcan2_iomux_config
 .text          0x1007d978      0x130 /home/leon/git/swp-report/iMX6_Platform_SDK/output/mx6dq/lib/libboard_sabre_ai_rev_b.a(gpio1_iomux_config.o)
                0x1007d978                gpio1_iomux_config
 .text          0x1007daa8       0xfc /home/leon/git/swp-report/iMX6_Platform_SDK/output/mx6dq/lib/libboard_sabre_ai_rev_b.a(gpio2_iomux_config.o)
                0x1007daa8                gpio2_iomux_config
 .text          0x1007dba4       0x58 /home/leon/git/swp-report/iMX6_Platform_SDK/output/mx6dq/lib/libboard_sabre_ai_rev_b.a(gpio4_iomux_config.o)
                0x1007dba4                gpio4_iomux_config
 .text          0x1007dbfc       0xc4 /home/leon/git/swp-report/iMX6_Platform_SDK/output/mx6dq/lib/libboard_sabre_ai_rev_b.a(gpio5_iomux_config.o)
                0x1007dbfc                gpio5_iomux_config
 .text          0x1007dcc0       0x54 /home/leon/git/swp-report/iMX6_Platform_SDK/output/mx6dq/lib/libboard_sabre_ai_rev_b.a(gpio6_iomux_config.o)
                0x1007dcc0                gpio6_iomux_config
 .text          0x1007dd14      0x274 /home/leon/git/swp-report/iMX6_Platform_SDK/output/mx6dq/lib/libboard_sabre_ai_rev_b.a(gpmi_iomux_config.o)
                0x1007dd14                gpmi_iomux_config
 .text          0x1007df88       0x78 /home/leon/git/swp-report/iMX6_Platform_SDK/output/mx6dq/lib/libboard_sabre_ai_rev_b.a(i2c2_iomux_config.o)
                0x1007df88                i2c2_iomux_config
 .text          0x1007e000       0x68 /home/leon/riotboard/arm-2012.09/bin/../arm-none-eabi/lib//libc.a(lib_a-assert.o)
                0x1007e000                __assert_func
                0x1007e058                __assert
 .text          0x1007e068       0x20 /home/leon/riotboard/arm-2012.09/bin/../arm-none-eabi/lib//libc.a(lib_a-bzero.o)
                0x1007e068                bzero
 .text          0x1007e088       0x70 /home/leon/riotboard/arm-2012.09/bin/../arm-none-eabi/lib//libc.a(lib_a-fiprintf.o)
                0x1007e088                _fiprintf_r
                0x1007e0b8                fiprintf
 .text          0x1007e0f8       0x94 /home/leon/riotboard/arm-2012.09/bin/../arm-none-eabi/lib//libc.a(lib_a-fputc.o)
                0x1007e0f8                _fputc_r
                0x1007e13c                fputc
 .text          0x1007e18c        0x0 /home/leon/riotboard/arm-2012.09/bin/../arm-none-eabi/lib//libc.a(lib_a-impure.o)
 .text          0x1007e18c       0x88 /home/leon/riotboard/arm-2012.09/bin/../arm-none-eabi/lib//libc.a(lib_a-init.o)
                0x1007e18c                __libc_init_array
 .text          0x1007e214       0x40 /home/leon/riotboard/arm-2012.09/bin/../arm-none-eabi/lib//libc.a(lib_a-malloc.o)
                0x1007e214                malloc
                0x1007e234                free
 .text          0x1007e254      0x71c /home/leon/riotboard/arm-2012.09/bin/../arm-none-eabi/lib//libc.a(lib_a-mallocr.o)
                0x1007e254                _malloc_r
 .text          0x1007e970      0x20c /home/leon/riotboard/arm-2012.09/bin/../arm-none-eabi/lib//libc.a(lib_a-memcpy.o)
                0x1007e970                memcpy
 .text          0x1007eb7c      0x134 /home/leon/riotboard/arm-2012.09/bin/../arm-none-eabi/lib//libc.a(lib_a-memset.o)
                0x1007eb7c                memset
 .text          0x1007ecb0        0x8 /home/leon/riotboard/arm-2012.09/bin/../arm-none-eabi/lib//libc.a(lib_a-mlock.o)
                0x1007ecb0                __malloc_lock
                0x1007ecb4                __malloc_unlock
 .text          0x1007ecb8       0x74 /home/leon/riotboard/arm-2012.09/bin/../arm-none-eabi/lib//libc.a(lib_a-printf.o)
                0x1007ecb8                _printf_r
                0x1007ecec                printf
 .text          0x1007ed2c      0x170 /home/leon/riotboard/arm-2012.09/bin/../arm-none-eabi/lib//libc.a(lib_a-putc.o)
                0x1007ed2c                _putc_r
                0x1007eddc                putc
 .text          0x1007ee9c       0x28 /home/leon/riotboard/arm-2012.09/bin/../arm-none-eabi/lib//libc.a(lib_a-realloc.o)
                0x1007ee9c                realloc
 .text          0x1007eec4      0x574 /home/leon/riotboard/arm-2012.09/bin/../arm-none-eabi/lib//libc.a(lib_a-reallocr.o)
                0x1007eec4                _realloc_r
 .text          0x1007f438       0x6c /home/leon/riotboard/arm-2012.09/bin/../arm-none-eabi/lib//libc.a(lib_a-rget.o)
                0x1007f438                __srget_r
                0x1007f490                __srget
 .text          0x1007f4a4       0x40 /home/leon/riotboard/arm-2012.09/bin/../arm-none-eabi/lib//libc.a(lib_a-sbrkr.o)
                0x1007f4a4                _sbrk_r
 .text          0x1007f4e4       0xdc /home/leon/riotboard/arm-2012.09/bin/../arm-none-eabi/lib//libc.a(lib_a-sprintf.o)
                0x1007f4e4                _sprintf_r
                0x1007f54c                sprintf
 .text          0x1007f5c0      0x230 /home/leon/riotboard/arm-2012.09/bin/../arm-none-eabi/lib//libc.a(lib_a-strcmp.o)
                0x1007f5c0                strcmp
 .text          0x1007f7f0     0x1f7c /home/leon/riotboard/arm-2012.09/bin/../arm-none-eabi/lib//libc.a(lib_a-svfprintf.o)
                0x1007f7f0                _svfprintf_r
 .text          0x1008176c     0x12c4 /home/leon/riotboard/arm-2012.09/bin/../arm-none-eabi/lib//libc.a(lib_a-vfiprintf.o)
                0x1008176c                __sprint_r
                0x10081828                _vfiprintf_r
                0x10082a04                vfiprintf
 .text          0x10082a30     0x2180 /home/leon/riotboard/arm-2012.09/bin/../arm-none-eabi/lib//libc.a(lib_a-vfprintf.o)
                0x10082a30                _vfprintf_r
                0x10084b84                vfprintf
 .text          0x10084bb0       0x4c /home/leon/riotboard/arm-2012.09/bin/../arm-none-eabi/lib//libc.a(lib_a-vprintf.o)
                0x10084bb0                vprintf
                0x10084bdc                _vprintf_r
 .text          0x10084bfc      0x14c /home/leon/riotboard/arm-2012.09/bin/../arm-none-eabi/lib//libc.a(lib_a-wbuf.o)
                0x10084bfc                __swbuf_r
                0x10084d2c                __swbuf
 .text          0x10084d48      0x138 /home/leon/riotboard/arm-2012.09/bin/../arm-none-eabi/lib//libc.a(lib_a-wsetup.o)
                0x10084d48                __swsetup_r
 .text          0x10084e80       0x14 /home/leon/riotboard/arm-2012.09/bin/../arm-none-eabi/lib//libc.a(lib_a-abort.o)
                0x10084e80                abort
 *fill*         0x10084e94        0x4 
 .text          0x10084e98     0x18a8 /home/leon/riotboard/arm-2012.09/bin/../arm-none-eabi/lib//libc.a(lib_a-dtoa.o)
                0x10085078                _dtoa_r
 .text          0x10086740      0x26c /home/leon/riotboard/arm-2012.09/bin/../arm-none-eabi/lib//libc.a(lib_a-fflush.o)
                0x10086740                _fflush_r
                0x1008696c                fflush
 .text          0x100869ac      0x2c4 /home/leon/riotboard/arm-2012.09/bin/../arm-none-eabi/lib//libc.a(lib_a-findfp.o)
                0x100869bc                _cleanup_r
                0x10086a50                __sfmoreglue
                0x10086a98                _cleanup
                0x10086aa8                __sinit
                0x10086b20                __sfp
                0x10086c18                __sfp_lock_acquire
                0x10086c1c                __sfp_lock_release
                0x10086c20                __sinit_lock_acquire
                0x10086c24                __sinit_lock_release
                0x10086c28                __fp_lock_all
                0x10086c4c                __fp_unlock_all
 .text          0x10086c70      0x19c /home/leon/riotboard/arm-2012.09/bin/../arm-none-eabi/lib//libc.a(lib_a-fputwc.o)
                0x10086c70                _fputwc_r
                0x10086dc0                fputwc
 .text          0x10086e0c      0x368 /home/leon/riotboard/arm-2012.09/bin/../arm-none-eabi/lib//libc.a(lib_a-freer.o)
                0x10086e0c                _malloc_trim_r
                0x10086f08                _free_r
 .text          0x10087174      0x4c4 /home/leon/riotboard/arm-2012.09/bin/../arm-none-eabi/lib//libc.a(lib_a-fvwrite.o)
                0x10087174                __sfvwrite_r
 .text          0x10087638      0x114 /home/leon/riotboard/arm-2012.09/bin/../arm-none-eabi/lib//libc.a(lib_a-fwalk.o)
                0x10087638                _fwalk
                0x100876c0                _fwalk_reent
 .text          0x1008774c       0xd0 /home/leon/riotboard/arm-2012.09/bin/../arm-none-eabi/lib//libc.a(lib_a-locale.o)
                0x1008774c                _setlocale_r
                0x100877b8                __locale_charset
                0x100877c4                __locale_mb_cur_max
                0x100877d4                __locale_msgcharset
                0x100877e0                __locale_cjk_lang
                0x100877e8                _localeconv_r
                0x100877f4                setlocale
                0x10087810                localeconv
 .text          0x1008781c      0x15c /home/leon/riotboard/arm-2012.09/bin/../arm-none-eabi/lib//libc.a(lib_a-makebuf.o)
                0x1008781c                __smakebuf_r
 .text          0x10087978      0x11c /home/leon/riotboard/arm-2012.09/bin/../arm-none-eabi/lib//libc.a(lib_a-memchr.o)
                0x10087978                memchr
 .text          0x10087a94      0x134 /home/leon/riotboard/arm-2012.09/bin/../arm-none-eabi/lib//libc.a(lib_a-memmove.o)
                0x10087a94                memmove
 .text          0x10087bc8      0xd20 /home/leon/riotboard/arm-2012.09/bin/../arm-none-eabi/lib//libc.a(lib_a-mprec.o)
                0x10087bc8                _Balloc
                0x10087c54                _Bfree
                0x10087c70                __multadd
                0x10087d4c                __s2b
                0x10087e3c                __hi0bits
                0x10087e8c                __lo0bits
                0x10087f20                __i2b
                0x10087f44                __multiply
                0x10088128                __pow5mult
                0x1008821c                __lshift
                0x10088320                __mcmp
                0x10088384                __mdiff
                0x100884d0                __ulp
                0x10088534                __b2d
                0x10088600                __d2b
                0x10088708                __ratio
                0x10088798                _mprec_log10
                0x100887ec                __copybits
                0x10088860                __any_on
 .text          0x100888e8      0x19c /home/leon/riotboard/arm-2012.09/bin/../arm-none-eabi/lib//libc.a(lib_a-reent.o)
                0x100888e8                cleanup_glue
                0x10088914                _reclaim_reent
                0x10088a10                _wrapup_reent
 .text          0x10088a84      0x1cc /home/leon/riotboard/arm-2012.09/bin/../arm-none-eabi/lib//libc.a(lib_a-refill.o)
                0x10088aac                __srefill_r
 .text          0x10088c50       0x6c /home/leon/riotboard/arm-2012.09/bin/../arm-none-eabi/lib//libc.a(lib_a-s_fpclassify.o)
                0x10088c50                __fpclassifyd
 .text          0x10088cbc      0x24c /home/leon/riotboard/arm-2012.09/bin/../arm-none-eabi/lib//libc.a(lib_a-signal.o)
                0x10088cbc                _init_signal_r
                0x10088d1c                _signal_r
                0x10088d88                _raise_r
                0x10088e20                __sigtramp_r
                0x10088eb4                raise
                0x10088ec8                signal
                0x10088ee4                _init_signal
                0x10088ef4                __sigtramp
 .text          0x10088f08       0x50 /home/leon/riotboard/arm-2012.09/bin/../arm-none-eabi/lib//libc.a(lib_a-signalr.o)
                0x10088f08                _kill_r
                0x10088f48                _getpid_r
 .text          0x10088f58       0xdc /home/leon/riotboard/arm-2012.09/bin/../arm-none-eabi/lib//libc.a(lib_a-stdio.o)
                0x10088f58                __sread
                0x10088f8c                __seofread
                0x10088f94                __swrite
                0x10088fec                __sseek
                0x10089020                __sclose
 .text          0x10089034       0x60 /home/leon/riotboard/arm-2012.09/bin/../arm-none-eabi/lib//libc.a(lib_a-strlen.o)
                0x10089034                strlen
 .text          0x10089094     0x1224 /home/leon/riotboard/arm-2012.09/bin/../arm-none-eabi/lib//libc.a(lib_a-svfiprintf.o)
                0x10089094                __ssprint_r
                0x10089238                _svfiprintf_r
 .text          0x1008a2b8      0x134 /home/leon/riotboard/arm-2012.09/bin/../arm-none-eabi/lib//libc.a(lib_a-wcrtomb.o)
                0x1008a2b8                _wcrtomb_r
                0x1008a348                wcrtomb
 .text          0x1008a3ec       0x7c /home/leon/riotboard/arm-2012.09/bin/../arm-none-eabi/lib//libc.a(lib_a-wctomb_r.o)
                0x1008a3ec                __ascii_wctomb
                0x1008a418                _wctomb_r
 .text          0x1008a468       0x44 /home/leon/riotboard/arm-2012.09/bin/../arm-none-eabi/lib//libc.a(lib_a-writer.o)
                0x1008a468                _write_r
 .text          0x1008a4ac       0x94 /home/leon/riotboard/arm-2012.09/bin/../arm-none-eabi/lib//libc.a(lib_a-callocr.o)
                0x1008a4ac                _calloc_r
 .text          0x1008a540       0x3c /home/leon/riotboard/arm-2012.09/bin/../arm-none-eabi/lib//libc.a(lib_a-closer.o)
                0x1008a540                _close_r
 .text          0x1008a57c      0x10c /home/leon/riotboard/arm-2012.09/bin/../arm-none-eabi/lib//libc.a(lib_a-fclose.o)
                0x1008a57c                _fclose_r
                0x1008a674                fclose
 .text          0x1008a688       0x40 /home/leon/riotboard/arm-2012.09/bin/../arm-none-eabi/lib//libc.a(lib_a-fstatr.o)
                0x1008a688                _fstat_r
 .text          0x1008a6c8       0x3c /home/leon/riotboard/arm-2012.09/bin/../arm-none-eabi/lib//libc.a(lib_a-isattyr.o)
                0x1008a6c8                _isatty_r
 .text          0x1008a704       0x44 /home/leon/riotboard/arm-2012.09/bin/../arm-none-eabi/lib//libc.a(lib_a-lseekr.o)
                0x1008a704                _lseek_r
 .text          0x1008a748       0x44 /home/leon/riotboard/arm-2012.09/bin/../arm-none-eabi/lib//libc.a(lib_a-readr.o)
                0x1008a748                _read_r
 .text          0x1008a78c      0x114 /home/leon/riotboard/arm-2012.09/bin/../lib/gcc/arm-none-eabi/4.7.2//libgcc.a(_udivsi3.o)
                0x1008a78c                __udivsi3
                0x1008a78c                __aeabi_uidiv
                0x1008a880                __aeabi_uidivmod
 .text          0x1008a8a0      0x148 /home/leon/riotboard/arm-2012.09/bin/../lib/gcc/arm-none-eabi/4.7.2//libgcc.a(_divsi3.o)
                0x1008a8a0                __aeabi_idiv
                0x1008a8a0                __divsi3
                0x1008a9c8                __aeabi_idivmod
 .text          0x1008a9e8        0x4 /home/leon/riotboard/arm-2012.09/bin/../lib/gcc/arm-none-eabi/4.7.2//libgcc.a(_dvmd_tls.o)
                0x1008a9e8                __aeabi_ldiv0
                0x1008a9e8                __aeabi_idiv0
 .text          0x1008a9ec      0x41c /home/leon/riotboard/arm-2012.09/bin/../lib/gcc/arm-none-eabi/4.7.2//libgcc.a(_arm_addsubdf3.o)
                0x1008a9ec                __aeabi_drsub
                0x1008a9f4                __aeabi_dsub
                0x1008a9f4                __subdf3
                0x1008a9f8                __adddf3
                0x1008a9f8                __aeabi_dadd
                0x1008ad08                __aeabi_ui2d
                0x1008ad08                __floatunsidf
                0x1008ad2c                __floatsidf
                0x1008ad2c                __aeabi_i2d
                0x1008ad54                __extendsfdf2
                0x1008ad54                __aeabi_f2d
                0x1008ad94                __aeabi_ul2d
                0x1008ad94                __floatundidf
                0x1008ada8                __floatdidf
                0x1008ada8                __aeabi_l2d
 .text          0x1008ae08      0x49c /home/leon/riotboard/arm-2012.09/bin/../lib/gcc/arm-none-eabi/4.7.2//libgcc.a(_arm_muldivdf3.o)
                0x1008ae08                __aeabi_dmul
                0x1008ae08                __muldf3
                0x1008b098                __aeabi_ddiv
                0x1008b098                __divdf3
 .text          0x1008b2a4      0x144 /home/leon/riotboard/arm-2012.09/bin/../lib/gcc/arm-none-eabi/4.7.2//libgcc.a(_arm_cmpdf2.o)
                0x1008b2a4                __gtdf2
                0x1008b2a4                __gedf2
                0x1008b2ac                __ltdf2
                0x1008b2ac                __ledf2
                0x1008b2b4                __cmpdf2
                0x1008b2b4                __eqdf2
                0x1008b2b4                __nedf2
                0x1008b33c                __aeabi_cdrcmple
                0x1008b358                __aeabi_cdcmple
                0x1008b358                __aeabi_cdcmpeq
                0x1008b370                __aeabi_dcmpeq
                0x1008b388                __aeabi_dcmplt
                0x1008b3a0                __aeabi_dcmple
                0x1008b3b8                __aeabi_dcmpge
                0x1008b3d0                __aeabi_dcmpgt
 .text          0x1008b3e8       0x5c /home/leon/riotboard/arm-2012.09/bin/../lib/gcc/arm-none-eabi/4.7.2//libgcc.a(_arm_fixdfsi.o)
                0x1008b3e8                __fixdfsi
                0x1008b3e8                __aeabi_d2iz
 .text          0x1008b444       0x3c /home/leon/riotboard/arm-2012.09/bin/../lib/gcc/arm-none-eabi/4.7.2//libgcc.a(_aeabi_uldivmod.o)
                0x1008b444                __aeabi_uldivmod
 .text          0x1008b480       0x84 /home/leon/riotboard/arm-2012.09/bin/../lib/gcc/arm-none-eabi/4.7.2//libgcc.a(bpabi.o)
                0x1008b480                __gnu_ldivmod_helper
                0x1008b4c4                __gnu_uldivmod_helper
 .text          0x1008b504      0x4f0 /home/leon/riotboard/arm-2012.09/bin/../lib/gcc/arm-none-eabi/4.7.2//libgcc.a(_divdi3.o)
                0x1008b504                __divdi3
 .text          0x1008b9f4      0x488 /home/leon/riotboard/arm-2012.09/bin/../lib/gcc/arm-none-eabi/4.7.2//libgcc.a(_udivdi3.o)
                0x1008b9f4                __udivdi3
 .text          0x1008be7c       0x48 /home/leon/riotboard/arm-2012.09/bin/../lib/gcc/arm-none-eabi/4.7.2//libgcc.a(_clzsi2.o)
                0x1008be7c                __clzsi2
 .text          0x1008bec4      0x264 /home/leon/git/swp-report/iMX6_Platform_SDK/output/mx6dq/lib/libsdk.a(max7310.o)
                0x1008bec4                max7310_reg_read
                0x1008bf28                max7310_reg_write
                0x1008bf94                max7310_init
                0x1008c074                max7310_set_gpio_output
 .text          0x1008c128      0x610 /home/leon/git/swp-report/iMX6_Platform_SDK/output/mx6dq/lib/libsdk.a(runtime_support.o)
                0x1008c128                _execve
                0x1008c164                _fork
                0x1008c18c                _isatty
                0x1008c1b0                _open
                0x1008c1dc                _close
                0x1008c200                _lseek
                0x1008c22c                _fstat
                0x1008c260                _read
                0x1008c330                _write
                0x1008c41c                _raw_puts
                0x1008c49c                _sbrk
                0x1008c54c                _exit
                0x1008c56c                _kill
                0x1008c5a4                _getpid
                0x1008c5bc                _link
                0x1008c5f4                _unlink
                0x1008c628                _stat
                0x1008c65c                _times
                0x1008c680                _gettimeofday
                0x1008c704                _wait
 .text          0x1008c738     0x1308 /home/leon/git/swp-report/iMX6_Platform_SDK/output/mx6dq/lib/libsdk.a(gpio.o)
                0x1008c768                gpio_get_port_count
                0x1008c780                gpio_set_gpio
                0x1008c844                gpio_set_direction
                0x1008caa0                gpio_get_direction
                0x1008cbe8                gpio_set_level
                0x1008cf28                gpio_get_level
                0x1008d088                gpio_set_interrupt_config
                0x1008d48c                gpio_set_interrupt_mask
                0x1008d6d0                gpio_get_interrupt_status
                0x1008d82c                gpio_clear_interrupt
 .text          0x1008da40        0x0 /home/leon/git/swp-report/iMX6_Platform_SDK/output/mx6dq/lib/libsdk.a(imx6dq_gpio_map.o)
 .text          0x1008da40     0x14bc /home/leon/git/swp-report/iMX6_Platform_SDK/output/mx6dq/lib/libsdk.a(imx_i2c.o)
                0x1008da70                i2c_get_request_instance
                0x1008e3c0                i2c_xfer
                0x1008ea1c                i2c_read
                0x1008ea4c                i2c_write
                0x1008ea7c                i2c_setup_interrupt
                0x1008ec88                i2c_init
 .text          0x1008eefc       0x74 /home/leon/git/swp-report/iMX6_Platform_SDK/output/mx6dq/lib/libboard_sabre_ai_rev_b.a(i2c_iomux_config.o)
                0x1008eefc                i2c_iomux_config
 *(.glue_7t)
 .glue_7t       0x00000000        0x0 linker stubs
 *(.glue_7)
 .glue_7        0x00000000        0x0 linker stubs
 *(.vfp11_veneer)
 .vfp11_veneer  0x00000000        0x0 linker stubs
 *(.ARM.extab* .gnu.linkonce.armextab.*)
 .ARM.extab.startup
                0x1008ef70        0x0 /home/leon/git/swp-report/iMX6_Platform_SDK/output/mx6dq/lib/libsdk.a(startup.o)
 .ARM.extab     0x1008ef70        0x0 /home/leon/riotboard/arm-2012.09/bin/../lib/gcc/arm-none-eabi/4.7.2//libgcc.a(_divdi3.o)
 .ARM.extab     0x1008ef70        0x0 /home/leon/riotboard/arm-2012.09/bin/../lib/gcc/arm-none-eabi/4.7.2//libgcc.a(_udivdi3.o)
 *(.gcc_except_table)

.v4_bx          0x1008ef70        0x0
 .v4_bx         0x00000000        0x0 linker stubs

.iplt           0x1008ef70        0x0
 .iplt          0x00000000        0x0 /home/leon/riotboard/arm-2012.09/bin/../lib/gcc/arm-none-eabi/4.7.2//crtbegin.o

.ctors
 *crtbegin.o(.ctors)
 *crtbegin?.o(.ctors)
 *(EXCLUDE_FILE(*crtend?.o *crtend.o) .ctors)
 *(SORT(.ctors.*))
 *(.ctors)

.dtors
 *crtbegin.o(.dtors)
 *crtbegin?.o(.dtors)
 *(EXCLUDE_FILE(*crtend?.o *crtend.o) .dtors)
 *(SORT(.dtors.*))
 *(.dtors)

.rodata         0x1008ef70     0x19c0
 *(.rodata .rodata.* .gnu.linkonce.r.*)
 .rodata        0x1008ef70       0x9c /home/leon/git/swp-report/iMX6_Platform_SDK/output/mx6dq/gpu_demo/sabre_ai_rev_b/obj/apps/common/print_clock_info.o
 .rodata        0x1008f00c      0x100 /home/leon/git/swp-report/iMX6_Platform_SDK/output/mx6dq/gpu_demo/sabre_ai_rev_b/obj/apps/common/print_version.o
 .rodata        0x1008f10c       0x9c /home/leon/git/swp-report/iMX6_Platform_SDK/output/mx6dq/gpu_demo/sabre_ai_rev_b/obj/apps/gpu_demo/src/gpu_test.o
 .rodata        0x1008f1a8       0x34 /home/leon/git/swp-report/iMX6_Platform_SDK/output/mx6dq/gpu_demo/sabre_ai_rev_b/obj/apps/gpu_demo/src/sdk_gpu_utilities.o
 .rodata        0x1008f1dc       0x34 /home/leon/git/swp-report/iMX6_Platform_SDK/output/mx6dq/lib/libsdk.a(ccm_pll.o)
                0x1008f1dc                PLL1_OUTPUT
                0x1008f1e0                PLL2_OUTPUT
                0x1008f1f4                PLL3_OUTPUT
                0x1008f208                PLL4_OUTPUT
                0x1008f20c                PLL5_OUTPUT
 .rodata        0x1008f210       0x64 /home/leon/git/swp-report/iMX6_Platform_SDK/output/mx6dq/lib/libsdk.a(gic.o)
 .rodata        0x1008f274       0x50 /home/leon/git/swp-report/iMX6_Platform_SDK/output/mx6dq/lib/libsdk.a(sdk_version.o)
                0x1008f274                k_sdk_version
                0x1008f278                k_sdk_copyright
 .rodata        0x1008f2c4       0xcc /home/leon/git/swp-report/iMX6_Platform_SDK/output/mx6dq/lib/libsdk.a(system_util.o)
 .rodata        0x1008f390       0xf4 /home/leon/git/swp-report/iMX6_Platform_SDK/output/mx6dq/lib/libsdk.a(text_color.o)
                0x1008f398                g_TextAttributeDefault
                0x1008f3a4                g_TextAttributeBold
                0x1008f3b0                g_TextAttributeDim
                0x1008f3bc                g_TextAttributeUnderline
                0x1008f3c8                g_TextAttributeBlink
                0x1008f3d4                g_TextAttributeReverse
                0x1008f3e0                g_TextAttributeHidden
                0x1008f3ec                g_TextColorBlack
                0x1008f3f8                g_TextColorRed
                0x1008f404                g_TextColorGreen
                0x1008f410                g_TextColorYellow
                0x1008f41c                g_TextColorBlue
                0x1008f428                g_TextColorMagenta
                0x1008f434                g_TextColorCyan
                0x1008f440                g_TextColorWhite
                0x1008f450                g_TextColorOrange
                0x1008f460                g_TextColorLightBlue
                0x1008f470                g_TextColorGray
                0x1008f480                g_TextColorPurple
 .rodata        0x1008f484      0x1f8 /home/leon/git/swp-report/iMX6_Platform_SDK/output/mx6dq/lib/libsdk.a(board_id.o)
 .rodata        0x1008f67c       0x54 /home/leon/git/swp-report/iMX6_Platform_SDK/output/mx6dq/lib/libsdk.a(ips_disp_panel.o)
 .rodata        0x1008f6d0       0x74 /home/leon/git/swp-report/iMX6_Platform_SDK/output/mx6dq/lib/libsdk.a(ipu_common.o)
 .rodata        0x1008f744       0xc0 /home/leon/git/swp-report/iMX6_Platform_SDK/output/mx6dq/lib/libsdk.a(ipu_csi.o)
 .rodata        0x1008f804       0x9c /home/leon/git/swp-report/iMX6_Platform_SDK/output/mx6dq/lib/libsdk.a(ipu_dc.o)
 .rodata        0x1008f8a0       0x18 /home/leon/git/swp-report/iMX6_Platform_SDK/output/mx6dq/lib/libsdk.a(ipu_di.o)
 .rodata        0x1008f8b8       0x78 /home/leon/git/swp-report/iMX6_Platform_SDK/output/mx6dq/lib/libsdk.a(ipu_dp.o)
 .rodata        0x1008f930       0x38 /home/leon/git/swp-report/iMX6_Platform_SDK/output/mx6dq/lib/libsdk.a(ipu_idmac.o)
 .rodata        0x1008f968       0x68 /home/leon/git/swp-report/iMX6_Platform_SDK/output/mx6dq/lib/libsdk.a(ldb.o)
 .rodata        0x1008f9d0       0x20 /home/leon/git/swp-report/iMX6_Platform_SDK/output/mx6dq/lib/libsdk.a(interrupt.o)
 .rodata        0x1008f9f0      0x1bc /home/leon/git/swp-report/iMX6_Platform_SDK/output/mx6dq/lib/libsdk.a(ipu_ic.o)
 .rodata        0x1008fbac      0x230 /home/leon/git/swp-report/iMX6_Platform_SDK/output/mx6dq/lib/libsdk.a(abort_handler.o)
 .rodata        0x1008fddc       0x64 /home/leon/git/swp-report/iMX6_Platform_SDK/output/mx6dq/lib/libboard_sabre_ai_rev_b.a(board_display.o)
 .rodata        0x1008fe40       0x28 /home/leon/git/swp-report/iMX6_Platform_SDK/output/mx6dq/lib/libboard_sabre_ai_rev_b.a(board_hdmi.o)
 .rodata        0x1008fe68       0x80 /home/leon/git/swp-report/iMX6_Platform_SDK/output/mx6dq/lib/libboard_sabre_ai_rev_b.a(uart_iomux_config.o)
 .rodata.str1.4
                0x1008fee8       0x3f /home/leon/riotboard/arm-2012.09/bin/../arm-none-eabi/lib//libc.a(lib_a-assert.o)
                                 0x44 (size before relaxing)
 *fill*         0x1008ff27        0x1 
 .rodata        0x1008ff28        0x4 /home/leon/riotboard/arm-2012.09/bin/../arm-none-eabi/lib//libc.a(lib_a-impure.o)
                0x1008ff28                _global_impure_ptr
 .rodata.str1.4
                0x1008ff2c        0x2 /home/leon/riotboard/arm-2012.09/bin/../arm-none-eabi/lib//libc.a(lib_a-impure.o)
                                  0x4 (size before relaxing)
 *fill*         0x1008ff2e        0x2 
 .rodata        0x1008ff30       0x20 /home/leon/riotboard/arm-2012.09/bin/../arm-none-eabi/lib//libc.a(lib_a-svfprintf.o)
 .rodata.str1.4
                0x1008ff50       0x42 /home/leon/riotboard/arm-2012.09/bin/../arm-none-eabi/lib//libc.a(lib_a-svfprintf.o)
                                 0x44 (size before relaxing)
 *fill*         0x1008ff92        0x2 
 .rodata        0x1008ff94       0x20 /home/leon/riotboard/arm-2012.09/bin/../arm-none-eabi/lib//libc.a(lib_a-vfiprintf.o)
 .rodata.str1.4
                0x00000000       0x30 /home/leon/riotboard/arm-2012.09/bin/../arm-none-eabi/lib//libc.a(lib_a-vfiprintf.o)
 .rodata        0x1008ffb4       0x20 /home/leon/riotboard/arm-2012.09/bin/../arm-none-eabi/lib//libc.a(lib_a-vfprintf.o)
 .rodata.str1.4
                0x00000000       0x44 /home/leon/riotboard/arm-2012.09/bin/../arm-none-eabi/lib//libc.a(lib_a-vfprintf.o)
 .rodata.str1.4
                0x1008ffd4       0x10 /home/leon/riotboard/arm-2012.09/bin/../arm-none-eabi/lib//libc.a(lib_a-dtoa.o)
                                 0x14 (size before relaxing)
 .rodata.str1.4
                0x1008ffe4        0xc /home/leon/riotboard/arm-2012.09/bin/../arm-none-eabi/lib//libc.a(lib_a-locale.o)
                                 0x14 (size before relaxing)
 .rodata        0x1008fff0      0x128 /home/leon/riotboard/arm-2012.09/bin/../arm-none-eabi/lib//libc.a(lib_a-mprec.o)
                0x10090000                __mprec_tens
                0x100900c8                __mprec_tinytens
                0x100900f0                __mprec_bigtens
 .rodata        0x10090118       0x20 /home/leon/riotboard/arm-2012.09/bin/../arm-none-eabi/lib//libc.a(lib_a-svfiprintf.o)
 .rodata.str1.4
                0x00000000       0x30 /home/leon/riotboard/arm-2012.09/bin/../arm-none-eabi/lib//libc.a(lib_a-svfiprintf.o)
 .rodata        0x10090138       0x20 /home/leon/git/swp-report/iMX6_Platform_SDK/output/mx6dq/lib/libsdk.a(runtime_support.o)
 .rodata        0x10090158       0xe0 /home/leon/git/swp-report/iMX6_Platform_SDK/output/mx6dq/lib/libsdk.a(gpio.o)
 .rodata        0x10090238      0x380 /home/leon/git/swp-report/iMX6_Platform_SDK/output/mx6dq/lib/libsdk.a(imx6dq_gpio_map.o)
                0x10090238                k_gpio_mux_registers
 .rodata        0x100905b8      0x2c4 /home/leon/git/swp-report/iMX6_Platform_SDK/output/mx6dq/lib/libsdk.a(imx_i2c.o)
 .rodata        0x1009087c       0x7c /home/leon/git/swp-report/iMX6_Platform_SDK/output/mx6dq/lib/libboard_sabre_ai_rev_b.a(i2c_iomux_config.o)
                0x100908f8                . = ALIGN (0x4)
 *(.init)
 .init          0x100908f8        0xc /home/leon/riotboard/arm-2012.09/bin/../lib/gcc/arm-none-eabi/4.7.2//crti.o
                0x100908f8                _init
 .init          0x10090904        0xc /home/leon/riotboard/arm-2012.09/bin/../lib/gcc/arm-none-eabi/4.7.2//crtn.o
                0x10090910                . = ALIGN (0x4)
                0x10090910                __init_array_start = .
 *(SORT(.init_array.*))
 *(.init_array)
 .init_array    0x10090910        0x4 /home/leon/riotboard/arm-2012.09/bin/../lib/gcc/arm-none-eabi/4.7.2//crtbegin.o
                0x10090914                __init_array_end = .
                0x10090914                . = ALIGN (0x4)
 *(.fini)
 .fini          0x10090914        0xc /home/leon/riotboard/arm-2012.09/bin/../lib/gcc/arm-none-eabi/4.7.2//crti.o
                0x10090914                _fini
 .fini          0x10090920        0xc /home/leon/riotboard/arm-2012.09/bin/../lib/gcc/arm-none-eabi/4.7.2//crtn.o
                0x1009092c                . = ALIGN (0x4)
                0x1009092c                __fini_array_start = .
 *(.fini_array)
 .fini_array    0x1009092c        0x4 /home/leon/riotboard/arm-2012.09/bin/../lib/gcc/arm-none-eabi/4.7.2//crtbegin.o
 *(SORT(.fini_array.*))
                0x10090930                __fini_array_end = .
                0x10090930                PROVIDE (__exidx_start, .)

.eh_frame       0x10090930        0x4
 .eh_frame      0x10090930        0x0 /home/leon/riotboard/arm-2012.09/bin/../lib/gcc/arm-none-eabi/4.7.2//crtbegin.o
 .eh_frame      0x10090930        0x4 /home/leon/riotboard/arm-2012.09/bin/../lib/gcc/arm-none-eabi/4.7.2//crtend.o

.ARM.exidx      0x10090934        0x8
 *(.ARM.exidx* .gnu.linkonce.armexidx.*)
 .ARM.exidx.startup
                0x10090934        0x8 /home/leon/git/swp-report/iMX6_Platform_SDK/output/mx6dq/lib/libsdk.a(startup.o)
 .ARM.exidx     0x1009093c        0x0 /home/leon/riotboard/arm-2012.09/bin/../lib/gcc/arm-none-eabi/4.7.2//libgcc.a(_divdi3.o)
                                  0x8 (size before relaxing)
 .ARM.exidx     0x1009093c        0x0 /home/leon/riotboard/arm-2012.09/bin/../lib/gcc/arm-none-eabi/4.7.2//libgcc.a(_udivdi3.o)
                                  0x8 (size before relaxing)
                0x1009093c                PROVIDE (__exidx_end, .)

.rel.dyn        0x1009093c        0x0
 .rel.iplt      0x00000000        0x0 /home/leon/riotboard/arm-2012.09/bin/../lib/gcc/arm-none-eabi/4.7.2//crtbegin.o

.data           0x10090940   0x2110bc
 *(.data .data.* .gnu.linkonce.d.*)
 .data          0x10090940        0x4 /home/leon/riotboard/arm-2012.09/bin/../lib/gcc/arm-none-eabi/4.7.2//crtbegin.o
                0x10090940                __dso_handle
 .data          0x10090944        0x0 /home/leon/riotboard/arm-2012.09/bin/../lib/gcc/arm-none-eabi/4.7.2//crti.o
 .data          0x10090944        0x0 /home/leon/riotboard/arm-2012.09/bin/../lib/gcc/arm-none-eabi/4.7.2//crtend.o
 .data          0x10090944        0x0 /home/leon/riotboard/arm-2012.09/bin/../lib/gcc/arm-none-eabi/4.7.2//crtn.o
 .data          0x10090944        0x0 /home/leon/git/swp-report/iMX6_Platform_SDK/apps/gpu_demo/src/rotate_texture.o
 .data          0x10090944   0x21045c /home/leon/git/swp-report/iMX6_Platform_SDK/apps/gpu_demo/src/texture.o
 .data          0x102a0da0        0x0 /home/leon/git/swp-report/iMX6_Platform_SDK/output/mx6dq/gpu_demo/sabre_ai_rev_b/obj/apps/common/ivt.o
 .data          0x102a0da0        0x0 /home/leon/git/swp-report/iMX6_Platform_SDK/output/mx6dq/gpu_demo/sabre_ai_rev_b/obj/apps/common/platform_init.o
 .data          0x102a0da0        0x0 /home/leon/git/swp-report/iMX6_Platform_SDK/output/mx6dq/gpu_demo/sabre_ai_rev_b/obj/apps/common/print_clock_info.o
 .data          0x102a0da0        0x0 /home/leon/git/swp-report/iMX6_Platform_SDK/output/mx6dq/gpu_demo/sabre_ai_rev_b/obj/apps/common/print_version.o
 .data          0x102a0da0       0x1c /home/leon/git/swp-report/iMX6_Platform_SDK/output/mx6dq/gpu_demo/sabre_ai_rev_b/obj/apps/gpu_demo/src/gpu_test.o
                0x102a0da0                width
                0x102a0da4                height
                0x102a0da8                pixel_format
                0x102a0dac                depth_format
                0x102a0db0                lcd_pixel_format
                0x102a0db4                ENABLEZC
                0x102a0db8                USE_FAST_CLEAR
 .data          0x102a0dbc        0x4 /home/leon/git/swp-report/iMX6_Platform_SDK/output/mx6dq/gpu_demo/sabre_ai_rev_b/obj/apps/gpu_demo/src/sdk_gpu_utilities.o
 .data          0x102a0dc0        0x0 /home/leon/git/swp-report/iMX6_Platform_SDK/output/mx6dq/lib/libsdk.a(ccm_pll.o)
 .data          0x102a0dc0        0x0 /home/leon/git/swp-report/iMX6_Platform_SDK/output/mx6dq/lib/libsdk.a(cortexA9.o)
 .data          0x102a0dc0        0x0 /home/leon/git/swp-report/iMX6_Platform_SDK/output/mx6dq/lib/libsdk.a(gic.o)
 .data          0x102a0dc0        0x0 /home/leon/git/swp-report/iMX6_Platform_SDK/output/mx6dq/lib/libsdk.a(mmu.o)
 .data          0x102a0dc0        0x0 /home/leon/git/swp-report/iMX6_Platform_SDK/output/mx6dq/lib/libsdk.a(startup.o)
 .data          0x102a0dc0        0x0 /home/leon/git/swp-report/iMX6_Platform_SDK/output/mx6dq/lib/libsdk.a(vectors.o)
 .data          0x102a0dc0        0x0 /home/leon/git/swp-report/iMX6_Platform_SDK/output/mx6dq/lib/libsdk.a(sdk_version.o)
 .data          0x102a0dc0        0x0 /home/leon/git/swp-report/iMX6_Platform_SDK/output/mx6dq/lib/libsdk.a(system_util.o)
 .data          0x102a0dc0        0x4 /home/leon/git/swp-report/iMX6_Platform_SDK/output/mx6dq/lib/libsdk.a(text_color.o)
                0x102a0dc0                is_color_supported
 .data          0x102a0dc4        0x0 /home/leon/git/swp-report/iMX6_Platform_SDK/output/mx6dq/lib/libsdk.a(board_id.o)
 .data          0x102a0dc4      0x368 /home/leon/git/swp-report/iMX6_Platform_SDK/output/mx6dq/lib/libsdk.a(ips_disp_panel.o)
                0x102a0dc4                disp_dev_list
                0x102a1128                num_of_panels
 .data          0x102a112c        0x0 /home/leon/git/swp-report/iMX6_Platform_SDK/output/mx6dq/lib/libsdk.a(ipu_common.o)
 .data          0x102a112c        0x0 /home/leon/git/swp-report/iMX6_Platform_SDK/output/mx6dq/lib/libsdk.a(ipu_csi.o)
 .data          0x102a112c        0x0 /home/leon/git/swp-report/iMX6_Platform_SDK/output/mx6dq/lib/libsdk.a(ipu_dc.o)
 .data          0x102a112c        0x0 /home/leon/git/swp-report/iMX6_Platform_SDK/output/mx6dq/lib/libsdk.a(ipu_di.o)
 .data          0x102a112c        0x0 /home/leon/git/swp-report/iMX6_Platform_SDK/output/mx6dq/lib/libsdk.a(ipu_dmfc.o)
 .data          0x102a112c        0x0 /home/leon/git/swp-report/iMX6_Platform_SDK/output/mx6dq/lib/libsdk.a(ipu_dp.o)
 .data          0x102a112c        0x0 /home/leon/git/swp-report/iMX6_Platform_SDK/output/mx6dq/lib/libsdk.a(ipu_idmac.o)
 .data          0x102a112c        0x0 /home/leon/git/swp-report/iMX6_Platform_SDK/output/mx6dq/lib/libsdk.a(ipu_vdi.o)
 .data          0x102a112c        0x0 /home/leon/git/swp-report/iMX6_Platform_SDK/output/mx6dq/lib/libsdk.a(ldb.o)
 .data          0x102a112c        0x0 /home/leon/git/swp-report/iMX6_Platform_SDK/output/mx6dq/lib/libsdk.a(timer.o)
 .data          0x102a112c        0x0 /home/leon/git/swp-report/iMX6_Platform_SDK/output/mx6dq/lib/libsdk.a(imx_uart.o)
 .data          0x102a112c        0x4 /home/leon/git/swp-report/iMX6_Platform_SDK/output/mx6dq/lib/libsdk.a(arm_abort.o)
 .data          0x102a1130        0x0 /home/leon/git/swp-report/iMX6_Platform_SDK/output/mx6dq/lib/libsdk.a(interrupt.o)
 .data          0x102a1130        0x0 /home/leon/git/swp-report/iMX6_Platform_SDK/output/mx6dq/lib/libsdk.a(ipu_ic.o)
 .data          0x102a1130        0x0 /home/leon/git/swp-report/iMX6_Platform_SDK/output/mx6dq/lib/libsdk.a(epit.o)
 .data          0x102a1130        0x0 /home/leon/git/swp-report/iMX6_Platform_SDK/output/mx6dq/lib/libsdk.a(abort_handler.o)
 .data          0x102a1130        0x0 /home/leon/git/swp-report/iMX6_Platform_SDK/output/mx6dq/lib/libboard_sabre_ai_rev_b.a(board_display.o)
 .data          0x102a1130        0x0 /home/leon/git/swp-report/iMX6_Platform_SDK/output/mx6dq/lib/libboard_sabre_ai_rev_b.a(board_hdmi.o)
 .data          0x102a1130        0x0 /home/leon/git/swp-report/iMX6_Platform_SDK/output/mx6dq/lib/libboard_sabre_ai_rev_b.a(board_io_expanders.o)
 .data          0x102a1130        0x0 /home/leon/git/swp-report/iMX6_Platform_SDK/output/mx6dq/lib/libboard_sabre_ai_rev_b.a(board_mipi.o)
 .data          0x102a1130        0x8 /home/leon/git/swp-report/iMX6_Platform_SDK/output/mx6dq/lib/libboard_sabre_ai_rev_b.a(hardware_modules.o)
                0x102a1130                g_debug_uart_port
                0x102a1134                g_system_timer_port
 .data          0x102a1138        0x0 /home/leon/git/swp-report/iMX6_Platform_SDK/output/mx6dq/lib/libboard_sabre_ai_rev_b.a(dcd.o)
 .data          0x102a1138        0x0 /home/leon/git/swp-report/iMX6_Platform_SDK/output/mx6dq/lib/libboard_sabre_ai_rev_b.a(i2c3_iomux_config.o)
 .data          0x102a1138        0x0 /home/leon/git/swp-report/iMX6_Platform_SDK/output/mx6dq/lib/libboard_sabre_ai_rev_b.a(iomux_config.o)
 .data          0x102a1138        0x0 /home/leon/git/swp-report/iMX6_Platform_SDK/output/mx6dq/lib/libboard_sabre_ai_rev_b.a(ipu1_iomux_config.o)
 .data          0x102a1138        0x0 /home/leon/git/swp-report/iMX6_Platform_SDK/output/mx6dq/lib/libboard_sabre_ai_rev_b.a(mlb_iomux_config.o)
 .data          0x102a1138        0x0 /home/leon/git/swp-report/iMX6_Platform_SDK/output/mx6dq/lib/libboard_sabre_ai_rev_b.a(mmdc_iomux_config.o)
 .data          0x102a1138        0x0 /home/leon/git/swp-report/iMX6_Platform_SDK/output/mx6dq/lib/libboard_sabre_ai_rev_b.a(pwm3_iomux_config.o)
 .data          0x102a1138        0x0 /home/leon/git/swp-report/iMX6_Platform_SDK/output/mx6dq/lib/libboard_sabre_ai_rev_b.a(pwm4_iomux_config.o)
 .data          0x102a1138        0x0 /home/leon/git/swp-report/iMX6_Platform_SDK/output/mx6dq/lib/libboard_sabre_ai_rev_b.a(sjc_iomux_config.o)
 .data          0x102a1138        0x0 /home/leon/git/swp-report/iMX6_Platform_SDK/output/mx6dq/lib/libboard_sabre_ai_rev_b.a(spdif_iomux_config.o)
 .data          0x102a1138        0x0 /home/leon/git/swp-report/iMX6_Platform_SDK/output/mx6dq/lib/libboard_sabre_ai_rev_b.a(uart2_iomux_config.o)
 .data          0x102a1138        0x0 /home/leon/git/swp-report/iMX6_Platform_SDK/output/mx6dq/lib/libboard_sabre_ai_rev_b.a(uart3_iomux_config.o)
 .data          0x102a1138        0x0 /home/leon/git/swp-report/iMX6_Platform_SDK/output/mx6dq/lib/libboard_sabre_ai_rev_b.a(uart4_iomux_config.o)
 .data          0x102a1138        0x0 /home/leon/git/swp-report/iMX6_Platform_SDK/output/mx6dq/lib/libboard_sabre_ai_rev_b.a(uart_iomux_config.o)
 .data          0x102a1138        0x0 /home/leon/git/swp-report/iMX6_Platform_SDK/output/mx6dq/lib/libboard_sabre_ai_rev_b.a(usdhc1_iomux_config.o)
 .data          0x102a1138        0x0 /home/leon/git/swp-report/iMX6_Platform_SDK/output/mx6dq/lib/libboard_sabre_ai_rev_b.a(usdhc3_iomux_config.o)
 .data          0x102a1138        0x0 /home/leon/git/swp-report/iMX6_Platform_SDK/output/mx6dq/lib/libboard_sabre_ai_rev_b.a(wdog1_iomux_config.o)
 .data          0x102a1138        0x0 /home/leon/git/swp-report/iMX6_Platform_SDK/output/mx6dq/lib/libboard_sabre_ai_rev_b.a(audmux_iomux_config.o)
 .data          0x102a1138        0x0 /home/leon/git/swp-report/iMX6_Platform_SDK/output/mx6dq/lib/libboard_sabre_ai_rev_b.a(ccm_iomux_config.o)
 .data          0x102a1138        0x0 /home/leon/git/swp-report/iMX6_Platform_SDK/output/mx6dq/lib/libboard_sabre_ai_rev_b.a(ecspi1_iomux_config.o)
 .data          0x102a1138        0x0 /home/leon/git/swp-report/iMX6_Platform_SDK/output/mx6dq/lib/libboard_sabre_ai_rev_b.a(eim_iomux_config.o)
 .data          0x102a1138        0x0 /home/leon/git/swp-report/iMX6_Platform_SDK/output/mx6dq/lib/libboard_sabre_ai_rev_b.a(enet_iomux_config.o)
 .data          0x102a1138        0x0 /home/leon/git/swp-report/iMX6_Platform_SDK/output/mx6dq/lib/libboard_sabre_ai_rev_b.a(esai_iomux_config.o)
 .data          0x102a1138        0x0 /home/leon/git/swp-report/iMX6_Platform_SDK/output/mx6dq/lib/libboard_sabre_ai_rev_b.a(flexcan1_iomux_config.o)
 .data          0x102a1138        0x0 /home/leon/git/swp-report/iMX6_Platform_SDK/output/mx6dq/lib/libboard_sabre_ai_rev_b.a(flexcan2_iomux_config.o)
 .data          0x102a1138        0x0 /home/leon/git/swp-report/iMX6_Platform_SDK/output/mx6dq/lib/libboard_sabre_ai_rev_b.a(gpio1_iomux_config.o)
 .data          0x102a1138        0x0 /home/leon/git/swp-report/iMX6_Platform_SDK/output/mx6dq/lib/libboard_sabre_ai_rev_b.a(gpio2_iomux_config.o)
 .data          0x102a1138        0x0 /home/leon/git/swp-report/iMX6_Platform_SDK/output/mx6dq/lib/libboard_sabre_ai_rev_b.a(gpio4_iomux_config.o)
 .data          0x102a1138        0x0 /home/leon/git/swp-report/iMX6_Platform_SDK/output/mx6dq/lib/libboard_sabre_ai_rev_b.a(gpio5_iomux_config.o)
 .data          0x102a1138        0x0 /home/leon/git/swp-report/iMX6_Platform_SDK/output/mx6dq/lib/libboard_sabre_ai_rev_b.a(gpio6_iomux_config.o)
 .data          0x102a1138        0x0 /home/leon/git/swp-report/iMX6_Platform_SDK/output/mx6dq/lib/libboard_sabre_ai_rev_b.a(gpmi_iomux_config.o)
 .data          0x102a1138        0x0 /home/leon/git/swp-report/iMX6_Platform_SDK/output/mx6dq/lib/libboard_sabre_ai_rev_b.a(i2c2_iomux_config.o)
 .data          0x102a1138        0x0 /home/leon/riotboard/arm-2012.09/bin/../arm-none-eabi/lib//libc.a(lib_a-assert.o)
 .data          0x102a1138        0x0 /home/leon/riotboard/arm-2012.09/bin/../arm-none-eabi/lib//libc.a(lib_a-bzero.o)
 .data          0x102a1138        0x0 /home/leon/riotboard/arm-2012.09/bin/../arm-none-eabi/lib//libc.a(lib_a-fiprintf.o)
 .data          0x102a1138        0x0 /home/leon/riotboard/arm-2012.09/bin/../arm-none-eabi/lib//libc.a(lib_a-fputc.o)
 .data          0x102a1138      0x430 /home/leon/riotboard/arm-2012.09/bin/../arm-none-eabi/lib//libc.a(lib_a-impure.o)
                0x102a1138                _impure_ptr
 .data          0x102a1568        0x0 /home/leon/riotboard/arm-2012.09/bin/../arm-none-eabi/lib//libc.a(lib_a-init.o)
 .data          0x102a1568        0x0 /home/leon/riotboard/arm-2012.09/bin/../arm-none-eabi/lib//libc.a(lib_a-malloc.o)
 .data          0x102a1568      0x410 /home/leon/riotboard/arm-2012.09/bin/../arm-none-eabi/lib//libc.a(lib_a-mallocr.o)
                0x102a1568                __malloc_av_
                0x102a1970                __malloc_sbrk_base
                0x102a1974                __malloc_trim_threshold
 .data          0x102a1978        0x0 /home/leon/riotboard/arm-2012.09/bin/../arm-none-eabi/lib//libc.a(lib_a-memcpy.o)
 .data          0x102a1978        0x0 /home/leon/riotboard/arm-2012.09/bin/../arm-none-eabi/lib//libc.a(lib_a-memset.o)
 .data          0x102a1978        0x0 /home/leon/riotboard/arm-2012.09/bin/../arm-none-eabi/lib//libc.a(lib_a-mlock.o)
 .data          0x102a1978        0x0 /home/leon/riotboard/arm-2012.09/bin/../arm-none-eabi/lib//libc.a(lib_a-printf.o)
 .data          0x102a1978        0x0 /home/leon/riotboard/arm-2012.09/bin/../arm-none-eabi/lib//libc.a(lib_a-putc.o)
 .data          0x102a1978        0x0 /home/leon/riotboard/arm-2012.09/bin/../arm-none-eabi/lib//libc.a(lib_a-realloc.o)
 .data          0x102a1978        0x0 /home/leon/riotboard/arm-2012.09/bin/../arm-none-eabi/lib//libc.a(lib_a-reallocr.o)
 .data          0x102a1978        0x0 /home/leon/riotboard/arm-2012.09/bin/../arm-none-eabi/lib//libc.a(lib_a-rget.o)
 .data          0x102a1978        0x0 /home/leon/riotboard/arm-2012.09/bin/../arm-none-eabi/lib//libc.a(lib_a-sbrkr.o)
 .data          0x102a1978        0x0 /home/leon/riotboard/arm-2012.09/bin/../arm-none-eabi/lib//libc.a(lib_a-sprintf.o)
 .data          0x102a1978        0x0 /home/leon/riotboard/arm-2012.09/bin/../arm-none-eabi/lib//libc.a(lib_a-strcmp.o)
 .data          0x102a1978        0x0 /home/leon/riotboard/arm-2012.09/bin/../arm-none-eabi/lib//libc.a(lib_a-svfprintf.o)
 .data          0x102a1978        0x0 /home/leon/riotboard/arm-2012.09/bin/../arm-none-eabi/lib//libc.a(lib_a-vfiprintf.o)
 .data          0x102a1978        0x0 /home/leon/riotboard/arm-2012.09/bin/../arm-none-eabi/lib//libc.a(lib_a-vfprintf.o)
 .data          0x102a1978        0x0 /home/leon/riotboard/arm-2012.09/bin/../arm-none-eabi/lib//libc.a(lib_a-vprintf.o)
 .data          0x102a1978        0x0 /home/leon/riotboard/arm-2012.09/bin/../arm-none-eabi/lib//libc.a(lib_a-wbuf.o)
 .data          0x102a1978        0x0 /home/leon/riotboard/arm-2012.09/bin/../arm-none-eabi/lib//libc.a(lib_a-wsetup.o)
 .data          0x102a1978        0x0 /home/leon/riotboard/arm-2012.09/bin/../arm-none-eabi/lib//libc.a(lib_a-abort.o)
 .data          0x102a1978        0x0 /home/leon/riotboard/arm-2012.09/bin/../arm-none-eabi/lib//libc.a(lib_a-dtoa.o)
 .data          0x102a1978        0x0 /home/leon/riotboard/arm-2012.09/bin/../arm-none-eabi/lib//libc.a(lib_a-fflush.o)
 .data          0x102a1978        0x0 /home/leon/riotboard/arm-2012.09/bin/../arm-none-eabi/lib//libc.a(lib_a-findfp.o)
 .data          0x102a1978        0x0 /home/leon/riotboard/arm-2012.09/bin/../arm-none-eabi/lib//libc.a(lib_a-fputwc.o)
 .data          0x102a1978        0x0 /home/leon/riotboard/arm-2012.09/bin/../arm-none-eabi/lib//libc.a(lib_a-freer.o)
 .data          0x102a1978        0x0 /home/leon/riotboard/arm-2012.09/bin/../arm-none-eabi/lib//libc.a(lib_a-fvwrite.o)
 .data          0x102a1978        0x0 /home/leon/riotboard/arm-2012.09/bin/../arm-none-eabi/lib//libc.a(lib_a-fwalk.o)
 .data          0x102a1978       0x7c /home/leon/riotboard/arm-2012.09/bin/../arm-none-eabi/lib//libc.a(lib_a-locale.o)
                0x102a1998                __mb_cur_max
 .data          0x102a19f4        0x0 /home/leon/riotboard/arm-2012.09/bin/../arm-none-eabi/lib//libc.a(lib_a-makebuf.o)
 .data          0x102a19f4        0x0 /home/leon/riotboard/arm-2012.09/bin/../arm-none-eabi/lib//libc.a(lib_a-memchr.o)
 .data          0x102a19f4        0x0 /home/leon/riotboard/arm-2012.09/bin/../arm-none-eabi/lib//libc.a(lib_a-memmove.o)
 .data          0x102a19f4        0x0 /home/leon/riotboard/arm-2012.09/bin/../arm-none-eabi/lib//libc.a(lib_a-mprec.o)
 .data          0x102a19f4        0x0 /home/leon/riotboard/arm-2012.09/bin/../arm-none-eabi/lib//libc.a(lib_a-reent.o)
 .data          0x102a19f4        0x0 /home/leon/riotboard/arm-2012.09/bin/../arm-none-eabi/lib//libc.a(lib_a-refill.o)
 .data          0x102a19f4        0x0 /home/leon/riotboard/arm-2012.09/bin/../arm-none-eabi/lib//libc.a(lib_a-s_fpclassify.o)
 .data          0x102a19f4        0x0 /home/leon/riotboard/arm-2012.09/bin/../arm-none-eabi/lib//libc.a(lib_a-signal.o)
 .data          0x102a19f4        0x0 /home/leon/riotboard/arm-2012.09/bin/../arm-none-eabi/lib//libc.a(lib_a-signalr.o)
 .data          0x102a19f4        0x0 /home/leon/riotboard/arm-2012.09/bin/../arm-none-eabi/lib//libc.a(lib_a-stdio.o)
 .data          0x102a19f4        0x0 /home/leon/riotboard/arm-2012.09/bin/../arm-none-eabi/lib//libc.a(lib_a-strlen.o)
 .data          0x102a19f4        0x0 /home/leon/riotboard/arm-2012.09/bin/../arm-none-eabi/lib//libc.a(lib_a-svfiprintf.o)
 .data          0x102a19f4        0x0 /home/leon/riotboard/arm-2012.09/bin/../arm-none-eabi/lib//libc.a(lib_a-wcrtomb.o)
 .data          0x102a19f4        0x4 /home/leon/riotboard/arm-2012.09/bin/../arm-none-eabi/lib//libc.a(lib_a-wctomb_r.o)
                0x102a19f4                __wctomb
 .data          0x102a19f8        0x0 /home/leon/riotboard/arm-2012.09/bin/../arm-none-eabi/lib//libc.a(lib_a-writer.o)
 .data          0x102a19f8        0x0 /home/leon/riotboard/arm-2012.09/bin/../arm-none-eabi/lib//libc.a(lib_a-callocr.o)
 .data          0x102a19f8        0x0 /home/leon/riotboard/arm-2012.09/bin/../arm-none-eabi/lib//libc.a(lib_a-closer.o)
 .data          0x102a19f8        0x0 /home/leon/riotboard/arm-2012.09/bin/../arm-none-eabi/lib//libc.a(lib_a-fclose.o)
 .data          0x102a19f8        0x0 /home/leon/riotboard/arm-2012.09/bin/../arm-none-eabi/lib//libc.a(lib_a-fstatr.o)
 .data          0x102a19f8        0x0 /home/leon/riotboard/arm-2012.09/bin/../arm-none-eabi/lib//libc.a(lib_a-isattyr.o)
 .data          0x102a19f8        0x0 /home/leon/riotboard/arm-2012.09/bin/../arm-none-eabi/lib//libc.a(lib_a-lseekr.o)
 .data          0x102a19f8        0x0 /home/leon/riotboard/arm-2012.09/bin/../arm-none-eabi/lib//libc.a(lib_a-readr.o)
 .data          0x102a19f8        0x0 /home/leon/riotboard/arm-2012.09/bin/../lib/gcc/arm-none-eabi/4.7.2//libgcc.a(_udivsi3.o)
 .data          0x102a19f8        0x0 /home/leon/riotboard/arm-2012.09/bin/../lib/gcc/arm-none-eabi/4.7.2//libgcc.a(_divsi3.o)
 .data          0x102a19f8        0x0 /home/leon/riotboard/arm-2012.09/bin/../lib/gcc/arm-none-eabi/4.7.2//libgcc.a(_dvmd_tls.o)
 .data          0x102a19f8        0x0 /home/leon/riotboard/arm-2012.09/bin/../lib/gcc/arm-none-eabi/4.7.2//libgcc.a(_arm_addsubdf3.o)
 .data          0x102a19f8        0x0 /home/leon/riotboard/arm-2012.09/bin/../lib/gcc/arm-none-eabi/4.7.2//libgcc.a(_arm_muldivdf3.o)
 .data          0x102a19f8        0x0 /home/leon/riotboard/arm-2012.09/bin/../lib/gcc/arm-none-eabi/4.7.2//libgcc.a(_arm_cmpdf2.o)
 .data          0x102a19f8        0x0 /home/leon/riotboard/arm-2012.09/bin/../lib/gcc/arm-none-eabi/4.7.2//libgcc.a(_arm_fixdfsi.o)
 .data          0x102a19f8        0x0 /home/leon/riotboard/arm-2012.09/bin/../lib/gcc/arm-none-eabi/4.7.2//libgcc.a(_aeabi_uldivmod.o)
 .data          0x102a19f8        0x0 /home/leon/riotboard/arm-2012.09/bin/../lib/gcc/arm-none-eabi/4.7.2//libgcc.a(bpabi.o)
 .data          0x102a19f8        0x0 /home/leon/riotboard/arm-2012.09/bin/../lib/gcc/arm-none-eabi/4.7.2//libgcc.a(_divdi3.o)
 .data          0x102a19f8        0x0 /home/leon/riotboard/arm-2012.09/bin/../lib/gcc/arm-none-eabi/4.7.2//libgcc.a(_udivdi3.o)
 .data          0x102a19f8        0x0 /home/leon/riotboard/arm-2012.09/bin/../lib/gcc/arm-none-eabi/4.7.2//libgcc.a(_clzsi2.o)
 .data          0x102a19f8        0x0 /home/leon/git/swp-report/iMX6_Platform_SDK/output/mx6dq/lib/libsdk.a(max7310.o)
 .data          0x102a19f8        0x4 /home/leon/git/swp-report/iMX6_Platform_SDK/output/mx6dq/lib/libsdk.a(runtime_support.o)
                0x102a19f8                environ
 .data          0x102a19fc        0x0 /home/leon/git/swp-report/iMX6_Platform_SDK/output/mx6dq/lib/libsdk.a(gpio.o)
 .data          0x102a19fc        0x0 /home/leon/git/swp-report/iMX6_Platform_SDK/output/mx6dq/lib/libsdk.a(imx6dq_gpio_map.o)
 .data          0x102a19fc        0x0 /home/leon/git/swp-report/iMX6_Platform_SDK/output/mx6dq/lib/libsdk.a(imx_i2c.o)
 .data          0x102a19fc        0x0 /home/leon/git/swp-report/iMX6_Platform_SDK/output/mx6dq/lib/libboard_sabre_ai_rev_b.a(i2c_iomux_config.o)

.jcr            0x102a19fc        0x4
 .jcr           0x102a19fc        0x0 /home/leon/riotboard/arm-2012.09/bin/../lib/gcc/arm-none-eabi/4.7.2//crtbegin.o
 .jcr           0x102a19fc        0x4 /home/leon/riotboard/arm-2012.09/bin/../lib/gcc/arm-none-eabi/4.7.2//crtend.o

.tm_clone_table
                0x102a1a00        0x0
 .tm_clone_table
                0x102a1a00        0x0 /home/leon/riotboard/arm-2012.09/bin/../lib/gcc/arm-none-eabi/4.7.2//crtbegin.o
 .tm_clone_table
                0x102a1a00        0x0 /home/leon/riotboard/arm-2012.09/bin/../lib/gcc/arm-none-eabi/4.7.2//crtend.o

.igot.plt       0x102a1a00        0x0
 .igot.plt      0x00000000        0x0 /home/leon/riotboard/arm-2012.09/bin/../lib/gcc/arm-none-eabi/4.7.2//crtbegin.o

.hab.data       0x10400000     0x2000
                0x10400000                __hab_data = .
                0x10402000                . = (. + 0x2000)
 *fill*         0x10400000     0x2000 
                0x10402000                . = ALIGN (0x20)
                0x10402000                __hab_data_end = .
                0x00402000                _image_size = (. - _start_image_add)

.bss            0x10402000      0x3a8
                0x10402000                __bss_start__ = .
 *(.shbss)
 *(.bss .bss.* .gnu.linkonce.b.*)
 .bss           0x10402000       0x1c /home/leon/riotboard/arm-2012.09/bin/../lib/gcc/arm-none-eabi/4.7.2//crtbegin.o
 .bss           0x1040201c        0x0 /home/leon/riotboard/arm-2012.09/bin/../lib/gcc/arm-none-eabi/4.7.2//crti.o
 .bss           0x1040201c        0x0 /home/leon/riotboard/arm-2012.09/bin/../lib/gcc/arm-none-eabi/4.7.2//crtend.o
 .bss           0x1040201c        0x0 /home/leon/riotboard/arm-2012.09/bin/../lib/gcc/arm-none-eabi/4.7.2//crtn.o
 .bss           0x1040201c        0x0 /home/leon/git/swp-report/iMX6_Platform_SDK/apps/gpu_demo/src/rotate_texture.o
 .bss           0x1040201c        0x0 /home/leon/git/swp-report/iMX6_Platform_SDK/apps/gpu_demo/src/texture.o
 .bss           0x1040201c        0x0 /home/leon/git/swp-report/iMX6_Platform_SDK/output/mx6dq/gpu_demo/sabre_ai_rev_b/obj/apps/common/ivt.o
 .bss           0x1040201c        0x0 /home/leon/git/swp-report/iMX6_Platform_SDK/output/mx6dq/gpu_demo/sabre_ai_rev_b/obj/apps/common/platform_init.o
 .bss           0x1040201c        0x0 /home/leon/git/swp-report/iMX6_Platform_SDK/output/mx6dq/gpu_demo/sabre_ai_rev_b/obj/apps/common/print_clock_info.o
 .bss           0x1040201c        0x0 /home/leon/git/swp-report/iMX6_Platform_SDK/output/mx6dq/gpu_demo/sabre_ai_rev_b/obj/apps/common/print_version.o
 .bss           0x1040201c       0x24 /home/leon/git/swp-report/iMX6_Platform_SDK/output/mx6dq/gpu_demo/sabre_ai_rev_b/obj/apps/gpu_demo/src/gpu_test.o
                0x1040201c                new_width
                0x10402020                new_height
                0x10402024                new_half_width
                0x10402028                new_half_height
                0x1040202c                neg_new_half_height
                0x10402030                SAVE_BMP
                0x10402034                HZ
                0x10402038                gpu_new_frame
 .bss           0x10402040        0x4 /home/leon/git/swp-report/iMX6_Platform_SDK/output/mx6dq/gpu_demo/sabre_ai_rev_b/obj/apps/gpu_demo/src/sdk_gpu_utilities.o
                0x10402040                frame_no
 .bss           0x10402044        0x0 /home/leon/git/swp-report/iMX6_Platform_SDK/output/mx6dq/lib/libsdk.a(ccm_pll.o)
 .bss           0x10402044        0x0 /home/leon/git/swp-report/iMX6_Platform_SDK/output/mx6dq/lib/libsdk.a(cortexA9.o)
 .bss           0x10402044        0x0 /home/leon/git/swp-report/iMX6_Platform_SDK/output/mx6dq/lib/libsdk.a(gic.o)
 .bss           0x10402044        0x0 /home/leon/git/swp-report/iMX6_Platform_SDK/output/mx6dq/lib/libsdk.a(mmu.o)
 .bss           0x10402044        0x0 /home/leon/git/swp-report/iMX6_Platform_SDK/output/mx6dq/lib/libsdk.a(startup.o)
 .bss           0x10402044        0x0 /home/leon/git/swp-report/iMX6_Platform_SDK/output/mx6dq/lib/libsdk.a(vectors.o)
 .bss           0x10402044        0x0 /home/leon/git/swp-report/iMX6_Platform_SDK/output/mx6dq/lib/libsdk.a(sdk_version.o)
 .bss           0x10402044        0x0 /home/leon/git/swp-report/iMX6_Platform_SDK/output/mx6dq/lib/libsdk.a(system_util.o)
 .bss           0x10402044        0x0 /home/leon/git/swp-report/iMX6_Platform_SDK/output/mx6dq/lib/libsdk.a(text_color.o)
 .bss           0x10402044        0x0 /home/leon/git/swp-report/iMX6_Platform_SDK/output/mx6dq/lib/libsdk.a(board_id.o)
 .bss           0x10402044        0x0 /home/leon/git/swp-report/iMX6_Platform_SDK/output/mx6dq/lib/libsdk.a(ips_disp_panel.o)
 .bss           0x10402044       0x10 /home/leon/git/swp-report/iMX6_Platform_SDK/output/mx6dq/lib/libsdk.a(ipu_common.o)
                0x10402044                csi_vdi_direct_path
                0x10402048                csi_dma_band_mode
 .bss           0x10402054        0x0 /home/leon/git/swp-report/iMX6_Platform_SDK/output/mx6dq/lib/libsdk.a(ipu_csi.o)
 .bss           0x10402054        0x0 /home/leon/git/swp-report/iMX6_Platform_SDK/output/mx6dq/lib/libsdk.a(ipu_dc.o)
 .bss           0x10402054        0x0 /home/leon/git/swp-report/iMX6_Platform_SDK/output/mx6dq/lib/libsdk.a(ipu_di.o)
 .bss           0x10402054        0x0 /home/leon/git/swp-report/iMX6_Platform_SDK/output/mx6dq/lib/libsdk.a(ipu_dmfc.o)
 .bss           0x10402054        0x0 /home/leon/git/swp-report/iMX6_Platform_SDK/output/mx6dq/lib/libsdk.a(ipu_dp.o)
 .bss           0x10402054        0x0 /home/leon/git/swp-report/iMX6_Platform_SDK/output/mx6dq/lib/libsdk.a(ipu_idmac.o)
 .bss           0x10402054        0x0 /home/leon/git/swp-report/iMX6_Platform_SDK/output/mx6dq/lib/libsdk.a(ipu_vdi.o)
 .bss           0x10402054        0x0 /home/leon/git/swp-report/iMX6_Platform_SDK/output/mx6dq/lib/libsdk.a(ldb.o)
 .bss           0x10402054        0x4 /home/leon/git/swp-report/iMX6_Platform_SDK/output/mx6dq/lib/libsdk.a(timer.o)
                0x10402054                g_microsecondTimerMultiple
 .bss           0x10402058        0x0 /home/leon/git/swp-report/iMX6_Platform_SDK/output/mx6dq/lib/libsdk.a(imx_uart.o)
 .bss           0x10402058        0x0 /home/leon/git/swp-report/iMX6_Platform_SDK/output/mx6dq/lib/libsdk.a(arm_abort.o)
 .bss           0x10402058      0x290 /home/leon/git/swp-report/iMX6_Platform_SDK/output/mx6dq/lib/libsdk.a(interrupt.o)
                0x10402058                g_interrupt_handlers
                0x104022d8                g_vectNum
 .bss           0x104022e8        0x0 /home/leon/git/swp-report/iMX6_Platform_SDK/output/mx6dq/lib/libsdk.a(ipu_ic.o)
 .bss           0x104022e8        0x0 /home/leon/git/swp-report/iMX6_Platform_SDK/output/mx6dq/lib/libsdk.a(epit.o)
 .bss           0x104022e8        0x0 /home/leon/git/swp-report/iMX6_Platform_SDK/output/mx6dq/lib/libsdk.a(abort_handler.o)
 .bss           0x104022e8        0x0 /home/leon/git/swp-report/iMX6_Platform_SDK/output/mx6dq/lib/libboard_sabre_ai_rev_b.a(board_display.o)
 .bss           0x104022e8        0x0 /home/leon/git/swp-report/iMX6_Platform_SDK/output/mx6dq/lib/libboard_sabre_ai_rev_b.a(board_hdmi.o)
 .bss           0x104022e8       0x6c /home/leon/git/swp-report/iMX6_Platform_SDK/output/mx6dq/lib/libboard_sabre_ai_rev_b.a(board_io_expanders.o)
                0x104022e8                max7310_i2c_req_array
 .bss           0x10402354        0x0 /home/leon/git/swp-report/iMX6_Platform_SDK/output/mx6dq/lib/libboard_sabre_ai_rev_b.a(board_mipi.o)
 .bss           0x10402354        0x0 /home/leon/git/swp-report/iMX6_Platform_SDK/output/mx6dq/lib/libboard_sabre_ai_rev_b.a(hardware_modules.o)
 .bss           0x10402354        0x0 /home/leon/git/swp-report/iMX6_Platform_SDK/output/mx6dq/lib/libboard_sabre_ai_rev_b.a(dcd.o)
 .bss           0x10402354        0x0 /home/leon/git/swp-report/iMX6_Platform_SDK/output/mx6dq/lib/libboard_sabre_ai_rev_b.a(i2c3_iomux_config.o)
 .bss           0x10402354        0x0 /home/leon/git/swp-report/iMX6_Platform_SDK/output/mx6dq/lib/libboard_sabre_ai_rev_b.a(iomux_config.o)
 .bss           0x10402354        0x0 /home/leon/git/swp-report/iMX6_Platform_SDK/output/mx6dq/lib/libboard_sabre_ai_rev_b.a(ipu1_iomux_config.o)
 .bss           0x10402354        0x0 /home/leon/git/swp-report/iMX6_Platform_SDK/output/mx6dq/lib/libboard_sabre_ai_rev_b.a(mlb_iomux_config.o)
 .bss           0x10402354        0x0 /home/leon/git/swp-report/iMX6_Platform_SDK/output/mx6dq/lib/libboard_sabre_ai_rev_b.a(mmdc_iomux_config.o)
 .bss           0x10402354        0x0 /home/leon/git/swp-report/iMX6_Platform_SDK/output/mx6dq/lib/libboard_sabre_ai_rev_b.a(pwm3_iomux_config.o)
 .bss           0x10402354        0x0 /home/leon/git/swp-report/iMX6_Platform_SDK/output/mx6dq/lib/libboard_sabre_ai_rev_b.a(pwm4_iomux_config.o)
 .bss           0x10402354        0x0 /home/leon/git/swp-report/iMX6_Platform_SDK/output/mx6dq/lib/libboard_sabre_ai_rev_b.a(sjc_iomux_config.o)
 .bss           0x10402354        0x0 /home/leon/git/swp-report/iMX6_Platform_SDK/output/mx6dq/lib/libboard_sabre_ai_rev_b.a(spdif_iomux_config.o)
 .bss           0x10402354        0x0 /home/leon/git/swp-report/iMX6_Platform_SDK/output/mx6dq/lib/libboard_sabre_ai_rev_b.a(uart2_iomux_config.o)
 .bss           0x10402354        0x0 /home/leon/git/swp-report/iMX6_Platform_SDK/output/mx6dq/lib/libboard_sabre_ai_rev_b.a(uart3_iomux_config.o)
 .bss           0x10402354        0x0 /home/leon/git/swp-report/iMX6_Platform_SDK/output/mx6dq/lib/libboard_sabre_ai_rev_b.a(uart4_iomux_config.o)
 .bss           0x10402354        0x0 /home/leon/git/swp-report/iMX6_Platform_SDK/output/mx6dq/lib/libboard_sabre_ai_rev_b.a(uart_iomux_config.o)
 .bss           0x10402354        0x0 /home/leon/git/swp-report/iMX6_Platform_SDK/output/mx6dq/lib/libboard_sabre_ai_rev_b.a(usdhc1_iomux_config.o)
 .bss           0x10402354        0x0 /home/leon/git/swp-report/iMX6_Platform_SDK/output/mx6dq/lib/libboard_sabre_ai_rev_b.a(usdhc3_iomux_config.o)
 .bss           0x10402354        0x0 /home/leon/git/swp-report/iMX6_Platform_SDK/output/mx6dq/lib/libboard_sabre_ai_rev_b.a(wdog1_iomux_config.o)
 .bss           0x10402354        0x0 /home/leon/git/swp-report/iMX6_Platform_SDK/output/mx6dq/lib/libboard_sabre_ai_rev_b.a(audmux_iomux_config.o)
 .bss           0x10402354        0x0 /home/leon/git/swp-report/iMX6_Platform_SDK/output/mx6dq/lib/libboard_sabre_ai_rev_b.a(ccm_iomux_config.o)
 .bss           0x10402354        0x0 /home/leon/git/swp-report/iMX6_Platform_SDK/output/mx6dq/lib/libboard_sabre_ai_rev_b.a(ecspi1_iomux_config.o)
 .bss           0x10402354        0x0 /home/leon/git/swp-report/iMX6_Platform_SDK/output/mx6dq/lib/libboard_sabre_ai_rev_b.a(eim_iomux_config.o)
 .bss           0x10402354        0x0 /home/leon/git/swp-report/iMX6_Platform_SDK/output/mx6dq/lib/libboard_sabre_ai_rev_b.a(enet_iomux_config.o)
 .bss           0x10402354        0x0 /home/leon/git/swp-report/iMX6_Platform_SDK/output/mx6dq/lib/libboard_sabre_ai_rev_b.a(esai_iomux_config.o)
 .bss           0x10402354        0x0 /home/leon/git/swp-report/iMX6_Platform_SDK/output/mx6dq/lib/libboard_sabre_ai_rev_b.a(flexcan1_iomux_config.o)
 .bss           0x10402354        0x0 /home/leon/git/swp-report/iMX6_Platform_SDK/output/mx6dq/lib/libboard_sabre_ai_rev_b.a(flexcan2_iomux_config.o)
 .bss           0x10402354        0x0 /home/leon/git/swp-report/iMX6_Platform_SDK/output/mx6dq/lib/libboard_sabre_ai_rev_b.a(gpio1_iomux_config.o)
 .bss           0x10402354        0x0 /home/leon/git/swp-report/iMX6_Platform_SDK/output/mx6dq/lib/libboard_sabre_ai_rev_b.a(gpio2_iomux_config.o)
 .bss           0x10402354        0x0 /home/leon/git/swp-report/iMX6_Platform_SDK/output/mx6dq/lib/libboard_sabre_ai_rev_b.a(gpio4_iomux_config.o)
 .bss           0x10402354        0x0 /home/leon/git/swp-report/iMX6_Platform_SDK/output/mx6dq/lib/libboard_sabre_ai_rev_b.a(gpio5_iomux_config.o)
 .bss           0x10402354        0x0 /home/leon/git/swp-report/iMX6_Platform_SDK/output/mx6dq/lib/libboard_sabre_ai_rev_b.a(gpio6_iomux_config.o)