Archive member included because of file (symbol)

/home/leon/git/swp-report/iMX6_Platform_SDK/output/mx6sl/lib/libsdk.a(ccm_pll.o)
                              /home/leon/git/swp-report/iMX6_Platform_SDK/output/mx6sl/stream/evk_rev_a/obj/apps/common/platform_init.o (ccm_init)
/home/leon/git/swp-report/iMX6_Platform_SDK/output/mx6sl/lib/libsdk.a(cortexA9.o)
                              /home/leon/git/swp-report/iMX6_Platform_SDK/output/mx6sl/stream/evk_rev_a/obj/apps/common/platform_init.o (arm_set_interrupt_state)
/home/leon/git/swp-report/iMX6_Platform_SDK/output/mx6sl/lib/libsdk.a(gic.o)
                              /home/leon/git/swp-report/iMX6_Platform_SDK/output/mx6sl/stream/evk_rev_a/obj/apps/common/platform_init.o (gic_init)
/home/leon/git/swp-report/iMX6_Platform_SDK/output/mx6sl/lib/libsdk.a(mmu.o)
                              /home/leon/git/swp-report/iMX6_Platform_SDK/output/mx6sl/stream/evk_rev_a/obj/apps/common/platform_init.o (mmu_init)
/home/leon/git/swp-report/iMX6_Platform_SDK/output/mx6sl/lib/libsdk.a(startup.o)
                              (_start)
/home/leon/git/swp-report/iMX6_Platform_SDK/output/mx6sl/lib/libsdk.a(vectors.o)
                              /home/leon/git/swp-report/iMX6_Platform_SDK/output/mx6sl/lib/libsdk.a(startup.o) (vectors)
/home/leon/git/swp-report/iMX6_Platform_SDK/output/mx6sl/lib/libsdk.a(sdk_version.o)
                              /home/leon/git/swp-report/iMX6_Platform_SDK/output/mx6sl/stream/evk_rev_a/obj/apps/common/print_version.o (k_sdk_version)
/home/leon/git/swp-report/iMX6_Platform_SDK/output/mx6sl/lib/libsdk.a(system_util.o)
                              /home/leon/git/swp-report/iMX6_Platform_SDK/output/mx6sl/lib/libsdk.a(startup.o) (_sys_exit)
/home/leon/git/swp-report/iMX6_Platform_SDK/output/mx6sl/lib/libsdk.a(text_color.o)
                              /home/leon/git/swp-report/iMX6_Platform_SDK/output/mx6sl/lib/libsdk.a(system_util.o) (g_TextAttributeBold)
/home/leon/git/swp-report/iMX6_Platform_SDK/output/mx6sl/lib/libsdk.a(board_id.o)
                              /home/leon/git/swp-report/iMX6_Platform_SDK/output/mx6sl/stream/evk_rev_a/obj/apps/common/print_version.o (chip_name)
/home/leon/git/swp-report/iMX6_Platform_SDK/output/mx6sl/lib/libsdk.a(cpu_workpoint.o)
                              /home/leon/git/swp-report/iMX6_Platform_SDK/output/mx6sl/stream/evk_rev_a/obj/apps/stream/src/main.o (cpu_workpoint_set)
/home/leon/git/swp-report/iMX6_Platform_SDK/output/mx6sl/lib/libsdk.a(pmu_driver.o)
                              /home/leon/git/swp-report/iMX6_Platform_SDK/output/mx6sl/lib/libsdk.a(cpu_workpoint.o) (pmu_init)
/home/leon/git/swp-report/iMX6_Platform_SDK/output/mx6sl/lib/libsdk.a(epit.o)
                              /home/leon/git/swp-report/iMX6_Platform_SDK/output/mx6sl/stream/evk_rev_a/obj/apps/stream/src/main.o (epit_get_counter_value)
/home/leon/git/swp-report/iMX6_Platform_SDK/output/mx6sl/lib/libsdk.a(timer.o)
                              /home/leon/git/swp-report/iMX6_Platform_SDK/output/mx6sl/stream/evk_rev_a/obj/apps/common/platform_init.o (system_time_init)
/home/leon/git/swp-report/iMX6_Platform_SDK/output/mx6sl/lib/libsdk.a(imx_uart.o)
                              /home/leon/git/swp-report/iMX6_Platform_SDK/output/mx6sl/stream/evk_rev_a/obj/apps/common/platform_init.o (uart_getchar)
/home/leon/git/swp-report/iMX6_Platform_SDK/output/mx6sl/lib/libsdk.a(arm_abort.o)
                              /home/leon/git/swp-report/iMX6_Platform_SDK/output/mx6sl/lib/libsdk.a(vectors.o) (data_abort_handler)
/home/leon/git/swp-report/iMX6_Platform_SDK/output/mx6sl/lib/libsdk.a(interrupt.o)
                              /home/leon/git/swp-report/iMX6_Platform_SDK/output/mx6sl/lib/libsdk.a(vectors.o) (IRQ_HDLR)
/home/leon/git/swp-report/iMX6_Platform_SDK/output/mx6sl/lib/libsdk.a(abort_handler.o)
                              /home/leon/git/swp-report/iMX6_Platform_SDK/output/mx6sl/lib/libsdk.a(arm_abort.o) (dump_regs)
/home/leon/git/swp-report/iMX6_Platform_SDK/output/mx6sl/lib/libboard_evk_rev_a.a(board_io_expanders.o)
                              /home/leon/git/swp-report/iMX6_Platform_SDK/output/mx6sl/stream/evk_rev_a/obj/apps/common/platform_init.o (board_ioexpander_init)
/home/leon/git/swp-report/iMX6_Platform_SDK/output/mx6sl/lib/libboard_evk_rev_a.a(dcd.o)
                              /home/leon/git/swp-report/iMX6_Platform_SDK/output/mx6sl/stream/evk_rev_a/obj/apps/common/ivt.o (input_dcd_hdr)
/home/leon/git/swp-report/iMX6_Platform_SDK/output/mx6sl/lib/libboard_evk_rev_a.a(hardware_modules.o)
                              /home/leon/git/swp-report/iMX6_Platform_SDK/output/mx6sl/stream/evk_rev_a/obj/apps/common/platform_init.o (g_debug_uart_port)
/home/leon/git/swp-report/iMX6_Platform_SDK/output/mx6sl/lib/libboard_evk_rev_a.a(uart_iomux_config.o)
                              /home/leon/git/swp-report/iMX6_Platform_SDK/output/mx6sl/lib/libsdk.a(imx_uart.o) (uart_iomux_config)
[...]
Memory Configuration

Name             Origin             Length             Attributes
OCRAM            0x00900000         0x00020000         xrw
DDR              0x80000000         0x40000000         xrw
*default*        0x00000000         0xffffffff

Linker script and memory map

LOAD /home/leon/riotboard/arm-2012.09/bin/../lib/gcc/arm-none-eabi/4.7.2//crtbegin.o
LOAD /home/leon/riotboard/arm-2012.09/bin/../lib/gcc/arm-none-eabi/4.7.2//crti.o
LOAD /home/leon/riotboard/arm-2012.09/bin/../lib/gcc/arm-none-eabi/4.7.2//crtend.o
LOAD /home/leon/riotboard/arm-2012.09/bin/../lib/gcc/arm-none-eabi/4.7.2//crtn.o

.l1_page_table  0x00900000     0x4000
                0x00900000                __l1_page_table_start = .
                0x00904000                . = (. + 0x4000)
 *fill*         0x00900000     0x4000 

.heap.ocram     0x00904000    0x1bfb8
                0x00904000                __heap_ocram_start = .
                0x0091ffb8                . = (. + 0x1bfb8)
 *fill*         0x00904000    0x1bfb8 
                0x0091ffb8                __heap_ocram_end = .

.ram_vectors    0x0091ffb8       0x48
                0x0091ffb8                __ram_vectors_start = .
                0x00920000                . = (. + 0x48)
 *fill*         0x0091ffb8       0x48 
                0x00920000                __ram_vectors_end = .
                0x80000000                _start_image_add = ORIGIN (DDR)

.ivt            0x80000000      0x420
                0x80000400                . = (. + 0x400)
 *fill*         0x80000000      0x400 
 *(.ivt)
 .ivt           0x80000400       0x20 /home/leon/git/swp-report/iMX6_Platform_SDK/output/mx6sl/stream/evk_rev_a/obj/apps/common/ivt.o
                0x80000400                input_ivt

.boot_data      0x80000420        0xc
                0x80000420                __start_boot_data = .
 *(.boot_data)
 .boot_data     0x80000420        0xc /home/leon/git/swp-report/iMX6_Platform_SDK/output/mx6sl/stream/evk_rev_a/obj/apps/common/ivt.o
                0x80000420                bd

.dcd_hdr        0x80000430        0x4
                0x80000430                __start_dcd = .
 *(.dcd_hdr)
 .dcd_hdr       0x80000430        0x4 /home/leon/git/swp-report/iMX6_Platform_SDK/output/mx6sl/lib/libboard_evk_rev_a.a(dcd.o)
                0x80000430                input_dcd_hdr

.dcd_wrt_cmd    0x80000434        0x4
 *(.dcd_wrt_cmd)
 .dcd_wrt_cmd   0x80000434        0x4 /home/leon/git/swp-report/iMX6_Platform_SDK/output/mx6sl/lib/libboard_evk_rev_a.a(dcd.o)
                0x80000434                input_dcd_wrt_cmd

.dcd_data       0x80000438      0x240
 *(.dcd_data)
 .dcd_data      0x80000438      0x240 /home/leon/git/swp-report/iMX6_Platform_SDK/output/mx6sl/lib/libboard_evk_rev_a.a(dcd.o)
                0x80000438                input_dcd

.text           0x80000678    0x26724
 CREATE_OBJECT_SYMBOLS
 *(.startup)
 .startup       0x80000678      0x138 /home/leon/git/swp-report/iMX6_Platform_SDK/output/mx6sl/lib/libsdk.a(startup.o)
                0x80000678                _start
 *(.text .text.* .gnu.linkonce.t.*)
 .text          0x800007b0      0x128 /home/leon/riotboard/arm-2012.09/bin/../lib/gcc/arm-none-eabi/4.7.2//crtbegin.o
 .text          0x800008d8        0x0 /home/leon/riotboard/arm-2012.09/bin/../lib/gcc/arm-none-eabi/4.7.2//crti.o
 .text          0x800008d8        0x0 /home/leon/riotboard/arm-2012.09/bin/../lib/gcc/arm-none-eabi/4.7.2//crtend.o
 .text          0x800008d8        0x0 /home/leon/riotboard/arm-2012.09/bin/../lib/gcc/arm-none-eabi/4.7.2//crtn.o
 .text          0x800008d8        0x0 /home/leon/git/swp-report/iMX6_Platform_SDK/output/mx6sl/stream/evk_rev_a/obj/apps/common/ivt.o
 .text          0x800008d8       0x78 /home/leon/git/swp-report/iMX6_Platform_SDK/output/mx6sl/stream/evk_rev_a/obj/apps/common/platform_init.o
                0x800008d8                platform_init
 .text          0x80000950      0x11c /home/leon/git/swp-report/iMX6_Platform_SDK/output/mx6sl/stream/evk_rev_a/obj/apps/common/print_version.o
                0x80000950                print_version
 *fill*         0x80000a6c        0x4 
 .text          0x80000a70       0xb0 /home/leon/git/swp-report/iMX6_Platform_SDK/output/mx6sl/stream/evk_rev_a/obj/apps/stream/src/main.o
                0x80000a70                mysecond
 .text.startup  0x80000b20       0x44 /home/leon/git/swp-report/iMX6_Platform_SDK/output/mx6sl/stream/evk_rev_a/obj/apps/stream/src/main.o
                0x80000b20                main
 *fill*         0x80000b64        0x4 
 .text          0x80000b68      0x7c8 /home/leon/git/swp-report/iMX6_Platform_SDK/output/mx6sl/stream/evk_rev_a/obj/apps/stream/src/stream.o
                0x80000b68                checktick
                0x80000c14                checkSTREAMresults
                0x80000db8                streammain
                0x800011f8                tuned_STREAM_Copy
                0x80001238                tuned_STREAM_Scale
                0x80001280                tuned_STREAM_Add
                0x800012d4                tuned_STREAM_Triad
 .text          0x80001330      0x968 /home/leon/git/swp-report/iMX6_Platform_SDK/output/mx6sl/lib/libsdk.a(ccm_pll.o)
                0x80001330                ccm_init
                0x80001454                get_main_clock
                0x80001620                get_peri_clock
                0x80001700                ccm_ccgr_config
                0x80001768                clock_gating_config
                0x80001b34                ccm_set_lpm_wakeup_source
                0x80001c28                ccm_enter_low_power
 .text          0x80001c98      0x164 /home/leon/git/swp-report/iMX6_Platform_SDK/output/mx6sl/lib/libsdk.a(cortexA9.o)
                0x80001c98                arm_set_interrupt_state
                0x80001cbc                cpu_get_current
                0x80001cc8                enable_neon_fpu
                0x80001ce4                disable_strict_align_check
                0x80001cf8                disable_L1_cache
                0x80001d18                get_arm_private_peripheral_base
                0x80001d20                arm_unified_tlb_invalidate
                0x80001d30                arm_unified_tlb_invalidate_is
                0x80001d40                arm_branch_prediction_enable
                0x80001d50                arm_branch_prediction_disable
                0x80001d60                arm_branch_target_cache_invalidate
                0x80001d6c                arm_branch_target_cache_invalidate_is
                0x80001d78                scu_enable
                0x80001d8c                scu_join_smp
                0x80001d9c                scu_leave_smp
                0x80001dac                scu_get_cpus_in_smp
                0x80001dc0                scu_enable_maintenance_broadcast
                0x80001dd0                scu_disable_maintenance_broadcast
                0x80001de0                scu_secure_invalidate
 .text          0x80001dfc      0x5e0 /home/leon/git/swp-report/iMX6_Platform_SDK/output/mx6sl/lib/libsdk.a(gic.o)
                0x80001ee0                gic_enable
                0x80001f40                gic_set_irq_security
                0x80001fe8                gic_enable_irq
                0x80002064                gic_set_irq_priority
                0x800020ac                gic_set_cpu_target
                0x800021b8                gic_send_sgi
                0x8000220c                gic_cpu_enable
                0x8000226c                gic_set_cpu_priority_mask
                0x800022a0                gic_read_irq_ack
                0x800022cc                gic_write_end_of_irq
                0x800022fc                gic_init
                0x800023a0                gic_init_cpu
 .text          0x800023dc      0x460 /home/leon/git/swp-report/iMX6_Platform_SDK/output/mx6sl/lib/libsdk.a(mmu.o)
                0x800023dc                mmu_enable
                0x80002414                mmu_disable
                0x80002448                mmu_init
                0x80002564                mmu_map_l1_range
                0x8000277c                mmu_virtual_to_physical
 .text          0x8000283c        0x0 /home/leon/git/swp-report/iMX6_Platform_SDK/output/mx6sl/lib/libsdk.a(startup.o)
 .text          0x8000283c        0x4 /home/leon/git/swp-report/iMX6_Platform_SDK/output/mx6sl/lib/libsdk.a(vectors.o)
                0x8000283c                exception_handler
 .text.vectors  0x80002840       0x48 /home/leon/git/swp-report/iMX6_Platform_SDK/output/mx6sl/lib/libsdk.a(vectors.o)
                0x80002840                vectors
 .text          0x80002888        0x0 /home/leon/git/swp-report/iMX6_Platform_SDK/output/mx6sl/lib/libsdk.a(sdk_version.o)
 .text          0x80002888      0x914 /home/leon/git/swp-report/iMX6_Platform_SDK/output/mx6sl/lib/libsdk.a(system_util.o)
                0x80002888                _sys_exit
                0x800028a4                mybkpt
                0x800028ac                is_input_char
                0x80002a2c                read_input_string
                0x80002d14                get_input_hex
                0x80002f94                read_int
                0x800030f8                jump_to_sdp
 .text          0x8000319c       0xe0 /home/leon/git/swp-report/iMX6_Platform_SDK/output/mx6sl/lib/libsdk.a(text_color.o)
                0x8000319c                printf_color
                0x80003238                get_color_supported
 .text          0x8000327c      0x7c4 /home/leon/git/swp-report/iMX6_Platform_SDK/output/mx6sl/lib/libsdk.a(board_id.o)
                0x8000327c                chip_name
                0x80003394                chip_revision
                0x8000346c                board_name
                0x80003570                board_revision
                0x80003638                board_description
                0x80003758                get_board_id
                0x80003834                show_board_id
 .text          0x80003a40      0x1cc /home/leon/git/swp-report/iMX6_Platform_SDK/output/mx6sl/lib/libsdk.a(cpu_workpoint.o)
                0x80003a40                cpu_workpoint_set
 .text          0x80003c0c     0x1bf0 /home/leon/git/swp-report/iMX6_Platform_SDK/output/mx6sl/lib/libsdk.a(pmu_driver.o)
                0x80003e78                pmu_init
                0x80004014                pmu_get_property
                0x80004074                pmu_set_property
                0x800040d8                pmu::Regulator::getProperty(_pmu_regulator_properties, void*)
                0x80004354                pmu::Regulator::setProperty(_pmu_regulator_properties, void const*)
                0x800044cc                pmu::Regulator::setVoltageRange(unsigned long, unsigned long, unsigned long)
                0x80004518                pmu::AnalogRegulator::getProperty(_pmu_regulator_properties, void*)
                0x800045e4                pmu::AnalogRegulator::setProperty(_pmu_regulator_properties, void const*)
                0x800046a4                pmu::AnalogRegulator::getOutputMillivolts() const
                0x800046fc                pmu::AnalogRegulator::setOutputMillivolts(unsigned long)
                0x800047e4                pmu::AnalogRegulator::getBrownoutMillivolts() const
                0x80004854                pmu::AnalogRegulator::setBrownoutMillivolts(unsigned long)
                0x800048ec                pmu::AnalogRegulator::isBrownoutDetectEnabled() const
                0x80004930                pmu::AnalogRegulator::setBrownoutDetectIsEnabled(bool)
                0x8000497c                pmu::AnalogRegulator::isEnabled() const
                0x800049c0                pmu::AnalogRegulator::setIsEnabled(bool)
                0x80004a0c                pmu::DigitalRegulator::DigitalRegulator()
                0x80004a0c                pmu::DigitalRegulator::DigitalRegulator()
                0x80004a4c                pmu::DigitalRegulator::getProperty(_pmu_regulator_properties, void*)
                0x80004b4c                pmu::DigitalRegulator::setProperty(_pmu_regulator_properties, void const*)
                0x80004c14                pmu::DigitalRegulator::isBypassed() const
                0x80004c60                pmu::DigitalRegulator::setIsBypassed(bool)
                0x80004d14                pmu::DigitalRegulator::getOutputMillivolts() const
                0x80004db0                pmu::DigitalRegulator::setOutputMillivolts(unsigned long)
                0x80004e94                pmu::DigitalRegulator::getBrownoutMillivolts() const
                0x80004f08                pmu::DigitalRegulator::setBrownoutMillivolts(unsigned long)
                0x80004fa0                pmu::DigitalRegulator::isEnabled() const
                0x80004fec                pmu::DigitalRegulator::setIsEnabled(bool)
                0x800050a8                pmu::LDO1p1Regulator::LDO1p1Regulator()
                0x800050a8                pmu::LDO1p1Regulator::LDO1p1Regulator()
                0x80005108                pmu::LDO1p1Regulator::getProperty(_pmu_regulator_properties, void*)
                0x800051a0                pmu::LDO1p1Regulator::getOutputMillivolts() const
                0x800051fc                pmu::LDO1p1Regulator::setOutputMillivolts(unsigned long)
                0x800052f0                pmu::LDO2p5Regulator::LDO2p5Regulator()
                0x800052f0                pmu::LDO2p5Regulator::LDO2p5Regulator()
                0x80005350                pmu::LDO3p0Regulator::LDO3p0Regulator()
                0x80005350                pmu::LDO3p0Regulator::LDO3p0Regulator()
                0x800053b0                pmu::LDO3p0Regulator::getProperty(_pmu_regulator_properties, void*)
                0x8000541c                pmu::LDO3p0Regulator::setProperty(_pmu_regulator_properties, void const*)
                0x8000548c                pmu::LDOARMRegulator::LDOARMRegulator()
                0x8000548c                pmu::LDOARMRegulator::LDOARMRegulator()
                0x800054e4                pmu::LDOARMRegulator::setBrownoutDetectIsEnabled(bool)
                0x80005530                pmu::LDOARMRegulator::setRampRate(unsigned long)
                0x80005590                pmu::LDOGraphicsRegulator::LDOGraphicsRegulator()
                0x80005590                pmu::LDOGraphicsRegulator::LDOGraphicsRegulator()
                0x800055e8                pmu::LDOGraphicsRegulator::setBrownoutDetectIsEnabled(bool)
                0x80005634                pmu::LDOGraphicsRegulator::setRampRate(unsigned long)
                0x80005694                pmu::LDOSoCRegulator::LDOSoCRegulator()
                0x80005694                pmu::LDOSoCRegulator::LDOSoCRegulator()
                0x800056ec                pmu::LDOSoCRegulator::setBrownoutDetectIsEnabled(bool)
                0x80005738                pmu::LDOSoCRegulator::setRampRate(unsigned long)
 .text._ZnwjPv  0x800057fc       0x28 /home/leon/git/swp-report/iMX6_Platform_SDK/output/mx6sl/lib/libsdk.a(pmu_driver.o)
                0x800057fc                operator new(unsigned int, void*)
 .text._ZN3pmu9RegulatorC2Ev
                0x80005824       0x64 /home/leon/git/swp-report/iMX6_Platform_SDK/output/mx6sl/lib/libsdk.a(pmu_driver.o)
                0x80005824                pmu::Regulator::Regulator()
                0x80005824                pmu::Regulator::Regulator()
 .text._ZN3pmu9Regulator18setBrownoutHandlerEPFv9_pmu_regsE
                0x80005888       0x2c /home/leon/git/swp-report/iMX6_Platform_SDK/output/mx6sl/lib/libsdk.a(pmu_driver.o)
                0x80005888                pmu::Regulator::setBrownoutHandler(void (*)(_pmu_regs))
 .text._ZN3pmu9Regulator18getBrownoutHandlerEv
                0x800058b4       0x28 /home/leon/git/swp-report/iMX6_Platform_SDK/output/mx6sl/lib/libsdk.a(pmu_driver.o)
                0x800058b4                pmu::Regulator::getBrownoutHandler()
 .text._ZN3pmu15AnalogRegulatorC2ERV15_hw_pmu_reg_1p1
                0x800058dc       0x50 /home/leon/git/swp-report/iMX6_Platform_SDK/output/mx6sl/lib/libsdk.a(pmu_driver.o)
                0x800058dc                pmu::AnalogRegulator::AnalogRegulator(_hw_pmu_reg_1p1 volatile&)
                0x800058dc                pmu::AnalogRegulator::AnalogRegulator(_hw_pmu_reg_1p1 volatile&)
 .text._ZNK3pmu15LDO1p1Regulator12isInBrownoutEv
                0x8000592c       0x70 /home/leon/git/swp-report/iMX6_Platform_SDK/output/mx6sl/lib/libsdk.a(pmu_driver.o)
                0x8000592c                pmu::LDO1p1Regulator::isInBrownout() const
 .text._ZNK3pmu15LDO1p1Regulator4isOKEv
                0x8000599c       0x78 /home/leon/git/swp-report/iMX6_Platform_SDK/output/mx6sl/lib/libsdk.a(pmu_driver.o)
                0x8000599c                pmu::LDO1p1Regulator::isOK() const
 .text._ZNK3pmu15LDO2p5Regulator12isInBrownoutEv
                0x80005a14       0x70 /home/leon/git/swp-report/iMX6_Platform_SDK/output/mx6sl/lib/libsdk.a(pmu_driver.o)
                0x80005a14                pmu::LDO2p5Regulator::isInBrownout() const
 .text._ZNK3pmu15LDO2p5Regulator4isOKEv
                0x80005a84       0x78 /home/leon/git/swp-report/iMX6_Platform_SDK/output/mx6sl/lib/libsdk.a(pmu_driver.o)
                0x80005a84                pmu::LDO2p5Regulator::isOK() const
 .text._ZNK3pmu15LDO3p0Regulator12isInBrownoutEv
                0x80005afc       0x70 /home/leon/git/swp-report/iMX6_Platform_SDK/output/mx6sl/lib/libsdk.a(pmu_driver.o)
                0x80005afc                pmu::LDO3p0Regulator::isInBrownout() const
 .text._ZNK3pmu15LDO3p0Regulator4isOKEv
                0x80005b6c       0x78 /home/leon/git/swp-report/iMX6_Platform_SDK/output/mx6sl/lib/libsdk.a(pmu_driver.o)
                0x80005b6c                pmu::LDO3p0Regulator::isOK() const
 .text._ZNK3pmu15LDOARMRegulator23isBrownoutDetectEnabledEv
                0x80005be4       0x44 /home/leon/git/swp-report/iMX6_Platform_SDK/output/mx6sl/lib/libsdk.a(pmu_driver.o)
                0x80005be4                pmu::LDOARMRegulator::isBrownoutDetectEnabled() const
 .text._ZNK3pmu15LDOARMRegulator12isInBrownoutEv
                0x80005c28       0x6c /home/leon/git/swp-report/iMX6_Platform_SDK/output/mx6sl/lib/libsdk.a(pmu_driver.o)
                0x80005c28                pmu::LDOARMRegulator::isInBrownout() const
 .text._ZNK3pmu15LDOARMRegulator4isOKEv
                0x80005c94       0x24 /home/leon/git/swp-report/iMX6_Platform_SDK/output/mx6sl/lib/libsdk.a(pmu_driver.o)
                0x80005c94                pmu::LDOARMRegulator::isOK() const
 .text._ZNK3pmu15LDOARMRegulator11getRampRateEv
                0x80005cb8       0x34 /home/leon/git/swp-report/iMX6_Platform_SDK/output/mx6sl/lib/libsdk.a(pmu_driver.o)
                0x80005cb8                pmu::LDOARMRegulator::getRampRate() const
 .text._ZNK3pmu15LDOARMRegulator10getTriggerEv
                0x80005cec       0x34 /home/leon/git/swp-report/iMX6_Platform_SDK/output/mx6sl/lib/libsdk.a(pmu_driver.o)
                0x80005cec                pmu::LDOARMRegulator::getTrigger() const
 .text._ZN3pmu15LDOARMRegulator10setTriggerEm
                0x80005d20       0x44 /home/leon/git/swp-report/iMX6_Platform_SDK/output/mx6sl/lib/libsdk.a(pmu_driver.o)
                0x80005d20                pmu::LDOARMRegulator::setTrigger(unsigned long)
 .text._ZNK3pmu15LDOARMRegulator11getBrownoutEv
                0x80005d64       0x34 /home/leon/git/swp-report/iMX6_Platform_SDK/output/mx6sl/lib/libsdk.a(pmu_driver.o)
                0x80005d64                pmu::LDOARMRegulator::getBrownout() const
 .text._ZN3pmu15LDOARMRegulator11setBrownoutEm
                0x80005d98       0x44 /home/leon/git/swp-report/iMX6_Platform_SDK/output/mx6sl/lib/libsdk.a(pmu_driver.o)
                0x80005d98                pmu::LDOARMRegulator::setBrownout(unsigned long)
 .text._ZNK3pmu20LDOGraphicsRegulator23isBrownoutDetectEnabledEv
                0x80005ddc       0x44 /home/leon/git/swp-report/iMX6_Platform_SDK/output/mx6sl/lib/libsdk.a(pmu_driver.o)
                0x80005ddc                pmu::LDOGraphicsRegulator::isBrownoutDetectEnabled() const
 .text._ZNK3pmu20LDOGraphicsRegulator12isInBrownoutEv
                0x80005e20       0x6c /home/leon/git/swp-report/iMX6_Platform_SDK/output/mx6sl/lib/libsdk.a(pmu_driver.o)
                0x80005e20                pmu::LDOGraphicsRegulator::isInBrownout() const
 .text._ZNK3pmu20LDOGraphicsRegulator4isOKEv
                0x80005e8c       0x24 /home/leon/git/swp-report/iMX6_Platform_SDK/output/mx6sl/lib/libsdk.a(pmu_driver.o)
                0x80005e8c                pmu::LDOGraphicsRegulator::isOK() const
 .text._ZNK3pmu20LDOGraphicsRegulator11getRampRateEv
                0x80005eb0       0x34 /home/leon/git/swp-report/iMX6_Platform_SDK/output/mx6sl/lib/libsdk.a(pmu_driver.o)
                0x80005eb0                pmu::LDOGraphicsRegulator::getRampRate() const
 .text._ZNK3pmu20LDOGraphicsRegulator10getTriggerEv
                0x80005ee4       0x34 /home/leon/git/swp-report/iMX6_Platform_SDK/output/mx6sl/lib/libsdk.a(pmu_driver.o)
                0x80005ee4                pmu::LDOGraphicsRegulator::getTrigger() const
 .text._ZN3pmu20LDOGraphicsRegulator10setTriggerEm
                0x80005f18       0x44 /home/leon/git/swp-report/iMX6_Platform_SDK/output/mx6sl/lib/libsdk.a(pmu_driver.o)
                0x80005f18                pmu::LDOGraphicsRegulator::setTrigger(unsigned long)
 .text._ZNK3pmu20LDOGraphicsRegulator11getBrownoutEv
                0x80005f5c       0x34 /home/leon/git/swp-report/iMX6_Platform_SDK/output/mx6sl/lib/libsdk.a(pmu_driver.o)
                0x80005f5c                pmu::LDOGraphicsRegulator::getBrownout() const
 .text._ZN3pmu20LDOGraphicsRegulator11setBrownoutEm
                0x80005f90       0x44 /home/leon/git/swp-report/iMX6_Platform_SDK/output/mx6sl/lib/libsdk.a(pmu_driver.o)
                0x80005f90                pmu::LDOGraphicsRegulator::setBrownout(unsigned long)
 .text._ZNK3pmu15LDOSoCRegulator23isBrownoutDetectEnabledEv
                0x80005fd4       0x44 /home/leon/git/swp-report/iMX6_Platform_SDK/output/mx6sl/lib/libsdk.a(pmu_driver.o)
                0x80005fd4                pmu::LDOSoCRegulator::isBrownoutDetectEnabled() const
 .text._ZNK3pmu15LDOSoCRegulator12isInBrownoutEv
                0x80006018       0x6c /home/leon/git/swp-report/iMX6_Platform_SDK/output/mx6sl/lib/libsdk.a(pmu_driver.o)
                0x80006018                pmu::LDOSoCRegulator::isInBrownout() const
 .text._ZNK3pmu15LDOSoCRegulator4isOKEv
                0x80006084       0x74 /home/leon/git/swp-report/iMX6_Platform_SDK/output/mx6sl/lib/libsdk.a(pmu_driver.o)
                0x80006084                pmu::LDOSoCRegulator::isOK() const
 .text._ZNK3pmu15LDOSoCRegulator11getRampRateEv
                0x800060f8       0x34 /home/leon/git/swp-report/iMX6_Platform_SDK/output/mx6sl/lib/libsdk.a(pmu_driver.o)
                0x800060f8                pmu::LDOSoCRegulator::getRampRate() const
 .text._ZNK3pmu15LDOSoCRegulator10getTriggerEv
                0x8000612c       0x34 /home/leon/git/swp-report/iMX6_Platform_SDK/output/mx6sl/lib/libsdk.a(pmu_driver.o)
                0x8000612c                pmu::LDOSoCRegulator::getTrigger() const
 .text._ZN3pmu15LDOSoCRegulator10setTriggerEm
                0x80006160       0x44 /home/leon/git/swp-report/iMX6_Platform_SDK/output/mx6sl/lib/libsdk.a(pmu_driver.o)
                0x80006160                pmu::LDOSoCRegulator::setTrigger(unsigned long)
 .text._ZNK3pmu15LDOSoCRegulator11getBrownoutEv
                0x800061a4       0x34 /home/leon/git/swp-report/iMX6_Platform_SDK/output/mx6sl/lib/libsdk.a(pmu_driver.o)
                0x800061a4                pmu::LDOSoCRegulator::getBrownout() const
 .text._ZN3pmu15LDOSoCRegulator11setBrownoutEm
                0x800061d8       0x44 /home/leon/git/swp-report/iMX6_Platform_SDK/output/mx6sl/lib/libsdk.a(pmu_driver.o)
                0x800061d8                pmu::LDOSoCRegulator::setBrownout(unsigned long)
 .text._ZN3pmu9_pmu_infoC2Ev
                0x8000621c       0x84 /home/leon/git/swp-report/iMX6_Platform_SDK/output/mx6sl/lib/libsdk.a(pmu_driver.o)
                0x8000621c                pmu::_pmu_info::_pmu_info()
                0x8000621c                pmu::_pmu_info::_pmu_info()
 .text._ZN3pmu15AnalogRegulatorC2I15_hw_pmu_reg_2p5EERVT_
                0x800062a0       0x50 /home/leon/git/swp-report/iMX6_Platform_SDK/output/mx6sl/lib/libsdk.a(pmu_driver.o)
                0x800062a0                pmu::AnalogRegulator::AnalogRegulator<_hw_pmu_reg_2p5>(_hw_pmu_reg_2p5 volatile&)
                0x800062a0                pmu::AnalogRegulator::AnalogRegulator<_hw_pmu_reg_2p5>(_hw_pmu_reg_2p5 volatile&)
 .text._ZN3pmu15AnalogRegulatorC2I15_hw_pmu_reg_3p0EERVT_
                0x800062f0       0x50 /home/leon/git/swp-report/iMX6_Platform_SDK/output/mx6sl/lib/libsdk.a(pmu_driver.o)
                0x800062f0                pmu::AnalogRegulator::AnalogRegulator<_hw_pmu_reg_3p0>(_hw_pmu_reg_3p0 volatile&)
                0x800062f0                pmu::AnalogRegulator::AnalogRegulator<_hw_pmu_reg_3p0>(_hw_pmu_reg_3p0 volatile&)
 .text          0x80006340      0x8e0 /home/leon/git/swp-report/iMX6_Platform_SDK/output/mx6sl/lib/libsdk.a(epit.o)
                0x80006340                epit_reload_counter
                0x800063a0                epit_get_counter_value
                0x800063fc                epit_set_compare_event
                0x8000645c                epit_get_compare_event
                0x80006554                epit_counter_disable
                0x80006718                epit_counter_enable
                0x80006974                epit_setup_interrupt
                0x80006a04                epit_init
 .text          0x80006c20      0x290 /home/leon/git/swp-report/iMX6_Platform_SDK/output/mx6sl/lib/libsdk.a(timer.o)
                0x80006c20                hal_delay_us
                0x80006c90                system_time_init
                0x80006df0                time_get_microseconds
 .text          0x80006eb0     0x2820 /home/leon/git/swp-report/iMX6_Platform_SDK/output/mx6sl/lib/libsdk.a(imx_uart.o)
                0x80006eb0                uart_get_reffreq
                0x80006fac                uart_putchar
                0x800070fc                uart_getchar
                0x8000725c                uart_set_FIFO_mode
                0x80007d88                uart_set_loopback_mode
                0x80007fdc                uart_setup_interrupt
                0x800080a8                uart_init
 .text          0x800096d0       0x98 /home/leon/git/swp-report/iMX6_Platform_SDK/output/mx6sl/lib/libsdk.a(arm_abort.o)
                0x800096d0                common_abort_handler
                0x80009730                data_abort_handler
                0x80009748                prefetch_abort_handler
 .text          0x80009768      0x1bc /home/leon/git/swp-report/iMX6_Platform_SDK/output/mx6sl/lib/libsdk.a(interrupt.o)
                0x80009768                IRQ_HDLR
                0x80009830                disable_interrupt
                0x8000986c                enable_interrupt
                0x800098c4                register_interrupt_routine
                0x800098f8                default_interrupt_routine
 .text          0x80009924      0x4bc /home/leon/git/swp-report/iMX6_Platform_SDK/output/mx6sl/lib/libsdk.a(abort_handler.o)
                0x80009924                dump_regs
 .text          0x80009de0       0x10 /home/leon/git/swp-report/iMX6_Platform_SDK/output/mx6sl/lib/libboard_evk_rev_a.a(board_io_expanders.o)
                0x80009de0                board_ioexpander_init
 .text          0x80009df0        0x0 /home/leon/git/swp-report/iMX6_Platform_SDK/output/mx6sl/lib/libboard_evk_rev_a.a(dcd.o)
 .text          0x80009df0        0x0 /home/leon/git/swp-report/iMX6_Platform_SDK/output/mx6sl/lib/libboard_evk_rev_a.a(hardware_modules.o)
 .text          0x80009df0       0x90 /home/leon/git/swp-report/iMX6_Platform_SDK/output/mx6sl/lib/libboard_evk_rev_a.a(uart_iomux_config.o)
                0x80009df0                uart_iomux_config
 .text          0x80009e80      0x20c /home/leon/git/swp-report/iMX6_Platform_SDK/output/mx6sl/lib/libboard_evk_rev_a.a(iomux_config.o)
                0x80009e80                iomux_config
                0x80009eec                arm_iomux_config
                0x80009efc                ccm_iomux_config
                0x80009f0c                ecspi3_iomux_config
                0x80009f1c                ecspi4_iomux_config
                0x80009f2c                eim_iomux_config
                0x80009f3c                epit1_iomux_config
                0x80009f4c                epit2_iomux_config
                0x80009f5c                gpio2_iomux_config
                0x80009f6c                gpio3_iomux_config
                0x80009f7c                gpio5_iomux_config
                0x80009f8c                gpt_iomux_config
                0x80009f9c                pmu_iomux_config
                0x80009fac                pwm2_iomux_config
                0x80009fbc                pwm3_iomux_config
                0x80009fcc                pwm4_iomux_config
                0x80009fdc                sdma_iomux_config
                0x80009fec                snvs_iomux_config
                0x80009ffc                spdif_iomux_config
                0x8000a00c                src_iomux_config
                0x8000a01c                uart2_iomux_config
                0x8000a02c                uart3_iomux_config
                0x8000a03c                uart4_iomux_config
                0x8000a04c                uart5_iomux_config
                0x8000a05c                usdhc4_iomux_config
                0x8000a06c                wdog2_iomux_config
                0x8000a07c                xtalosc_iomux_config
 .text          0x8000a08c      0x1b0 /home/leon/git/swp-report/iMX6_Platform_SDK/output/mx6sl/lib/libboard_evk_rev_a.a(kpp_iomux_config.o)
                0x8000a08c                kpp_iomux_config
 .text          0x8000a23c      0x5b4 /home/leon/git/swp-report/iMX6_Platform_SDK/output/mx6sl/lib/libboard_evk_rev_a.a(lcd_iomux_config.o)
                0x8000a23c                lcd_iomux_config
 .text          0x8000a7f0     0x1644 /home/leon/git/swp-report/iMX6_Platform_SDK/output/mx6sl/lib/libboard_evk_rev_a.a(mmdc_iomux_config.o)
                0x8000a7f0                mmdc_iomux_config
 .text          0x8000be34       0x34 /home/leon/git/swp-report/iMX6_Platform_SDK/output/mx6sl/lib/libboard_evk_rev_a.a(pwm1_iomux_config.o)
                0x8000be34                pwm1_iomux_config
 .text          0x8000be68       0x70 /home/leon/git/swp-report/iMX6_Platform_SDK/output/mx6sl/lib/libboard_evk_rev_a.a(sjc_iomux_config.o)
                0x8000be68                sjc_iomux_config
 .text          0x8000bed8      0x250 /home/leon/git/swp-report/iMX6_Platform_SDK/output/mx6sl/lib/libboard_evk_rev_a.a(spdc_iomux_config.o)
                0x8000bed8                spdc_iomux_config
 .text          0x8000c128       0x78 /home/leon/git/swp-report/iMX6_Platform_SDK/output/mx6sl/lib/libboard_evk_rev_a.a(uart1_iomux_config.o)
                0x8000c128                uart1_iomux_config
 .text          0x8000c1a0       0xc0 /home/leon/git/swp-report/iMX6_Platform_SDK/output/mx6sl/lib/libboard_evk_rev_a.a(usb_iomux_config.o)
                0x8000c1a0                usb_iomux_config
 .text          0x8000c260      0x1e0 /home/leon/git/swp-report/iMX6_Platform_SDK/output/mx6sl/lib/libboard_evk_rev_a.a(usdhc1_iomux_config.o)
                0x8000c260                usdhc1_iomux_config
 .text          0x8000c440      0x174 /home/leon/git/swp-report/iMX6_Platform_SDK/output/mx6sl/lib/libboard_evk_rev_a.a(usdhc2_iomux_config.o)
                0x8000c440                usdhc2_iomux_config
 .text          0x8000c5b4      0x11c /home/leon/git/swp-report/iMX6_Platform_SDK/output/mx6sl/lib/libboard_evk_rev_a.a(usdhc3_iomux_config.o)
                0x8000c5b4                usdhc3_iomux_config
 .text          0x8000c6d0       0x34 /home/leon/git/swp-report/iMX6_Platform_SDK/output/mx6sl/lib/libboard_evk_rev_a.a(wdog1_iomux_config.o)
                0x8000c6d0                wdog1_iomux_config
 .text          0x8000c704      0x10c /home/leon/git/swp-report/iMX6_Platform_SDK/output/mx6sl/lib/libboard_evk_rev_a.a(audmux_iomux_config.o)
                0x8000c704                audmux_iomux_config
 .text          0x8000c810      0x320 /home/leon/git/swp-report/iMX6_Platform_SDK/output/mx6sl/lib/libboard_evk_rev_a.a(csi_iomux_config.o)
                0x8000c810                csi_iomux_config
 .text          0x8000cb30       0xe0 /home/leon/git/swp-report/iMX6_Platform_SDK/output/mx6sl/lib/libboard_evk_rev_a.a(ecspi1_iomux_config.o)
                0x8000cb30                ecspi1_iomux_config
 .text          0x8000cc10       0xe0 /home/leon/git/swp-report/iMX6_Platform_SDK/output/mx6sl/lib/libboard_evk_rev_a.a(ecspi2_iomux_config.o)
                0x8000cc10                ecspi2_iomux_config
 .text          0x8000ccf0      0x5d0 /home/leon/git/swp-report/iMX6_Platform_SDK/output/mx6sl/lib/libboard_evk_rev_a.a(epdc_iomux_config.o)
                0x8000ccf0                epdc_iomux_config
 .text          0x8000d2c0      0x1dc /home/leon/git/swp-report/iMX6_Platform_SDK/output/mx6sl/lib/libboard_evk_rev_a.a(fec_iomux_config.o)
                0x8000d2c0                fec_iomux_config
 .text          0x8000d49c       0x10 /home/leon/git/swp-report/iMX6_Platform_SDK/output/mx6sl/lib/libboard_evk_rev_a.a(gpio1_iomux_config.o)
                0x8000d49c                gpio1_iomux_config
 .text          0x8000d4ac       0x10 /home/leon/git/swp-report/iMX6_Platform_SDK/output/mx6sl/lib/libboard_evk_rev_a.a(gpio4_iomux_config.o)
                0x8000d4ac                gpio4_iomux_config
 .text          0x8000d4bc       0x78 /home/leon/git/swp-report/iMX6_Platform_SDK/output/mx6sl/lib/libboard_evk_rev_a.a(i2c1_iomux_config.o)
                0x8000d4bc                i2c1_iomux_config
 .text          0x8000d534       0x78 /home/leon/git/swp-report/iMX6_Platform_SDK/output/mx6sl/lib/libboard_evk_rev_a.a(i2c2_iomux_config.o)
                0x8000d534                i2c2_iomux_config
 .text          0x8000d5ac       0x70 /home/leon/git/swp-report/iMX6_Platform_SDK/output/mx6sl/lib/libboard_evk_rev_a.a(i2c3_iomux_config.o)
                0x8000d5ac                i2c3_iomux_config
 .text          0x8000d61c        0x0 /home/leon/riotboard/arm-2012.09/bin/../arm-none-eabi/lib//libstdc++.a(pure.o)
 .text.__cxa_pure_virtual
                0x8000d61c       0x1c /home/leon/riotboard/arm-2012.09/bin/../arm-none-eabi/lib//libstdc++.a(pure.o)
                0x8000d61c                __cxa_pure_virtual
 .text.__cxa_deleted_virtual
                0x8000d638       0x1c /home/leon/riotboard/arm-2012.09/bin/../arm-none-eabi/lib//libstdc++.a(pure.o)
                0x8000d638                __cxa_deleted_virtual
 .text          0x8000d654        0x0 /home/leon/riotboard/arm-2012.09/bin/../arm-none-eabi/lib//libstdc++.a(eh_terminate.o)
 .text._ZN10__cxxabiv111__terminateEPFvvE
                0x8000d654       0x34 /home/leon/riotboard/arm-2012.09/bin/../arm-none-eabi/lib//libstdc++.a(eh_terminate.o)
                0x8000d654                __cxxabiv1::__terminate(void (*)())
 .text._ZSt9terminatev
                0x8000d688       0x14 /home/leon/riotboard/arm-2012.09/bin/../arm-none-eabi/lib//libstdc++.a(eh_terminate.o)
                0x8000d688                std::terminate()
 .text._ZN10__cxxabiv112__unexpectedEPFvvE
                0x8000d69c       0x10 /home/leon/riotboard/arm-2012.09/bin/../arm-none-eabi/lib//libstdc++.a(eh_terminate.o)
                0x8000d69c                __cxxabiv1::__unexpected(void (*)())
 .text._ZSt10unexpectedv
                0x8000d6ac       0x14 /home/leon/riotboard/arm-2012.09/bin/../arm-none-eabi/lib//libstdc++.a(eh_terminate.o)
                0x8000d6ac                std::unexpected()
 .text._ZSt13set_terminatePFvvE
                0x8000d6c0       0x18 /home/leon/riotboard/arm-2012.09/bin/../arm-none-eabi/lib//libstdc++.a(eh_terminate.o)
                0x8000d6c0                std::set_terminate(void (*)())
 .text._ZSt14set_unexpectedPFvvE
                0x8000d6d8       0x18 /home/leon/riotboard/arm-2012.09/bin/../arm-none-eabi/lib//libstdc++.a(eh_terminate.o)
                0x8000d6d8                std::set_unexpected(void (*)())
 .text          0x8000d6f0        0x0 /home/leon/riotboard/arm-2012.09/bin/../arm-none-eabi/lib//libstdc++.a(eh_unex_handler.o)
 .text          0x8000d6f0        0x0 /home/leon/riotboard/arm-2012.09/bin/../arm-none-eabi/lib//libstdc++.a(eh_call.o)
 .text._ZN10__cxxabiv1L24__is_gxx_exception_classEPc
                0x8000d6f0       0x70 /home/leon/riotboard/arm-2012.09/bin/../arm-none-eabi/lib//libstdc++.a(eh_call.o)
 .text.__cxa_call_terminate
                0x8000d760       0x2c /home/leon/riotboard/arm-2012.09/bin/../arm-none-eabi/lib//libstdc++.a(eh_call.o)
                0x8000d760                __cxa_call_terminate
 .text.__cxa_call_unexpected
                0x8000d78c      0x134 /home/leon/riotboard/arm-2012.09/bin/../arm-none-eabi/lib//libstdc++.a(eh_call.o)
                0x8000d78c                __cxa_call_unexpected
 .text          0x8000d8c0        0x0 /home/leon/riotboard/arm-2012.09/bin/../arm-none-eabi/lib//libstdc++.a(eh_throw.o)
 .text._ZL23__gxx_exception_cleanup19_Unwind_Reason_CodeP21_Unwind_Control_Block
                0x8000d8c0       0x3c /home/leon/riotboard/arm-2012.09/bin/../arm-none-eabi/lib//libstdc++.a(eh_throw.o)
 .text.__cxa_throw
                0x8000d8fc       0x94 /home/leon/riotboard/arm-2012.09/bin/../arm-none-eabi/lib//libstdc++.a(eh_throw.o)
                0x8000d8fc                __cxa_throw
 .text.__cxa_rethrow
                0x8000d990       0xb0 /home/leon/riotboard/arm-2012.09/bin/../arm-none-eabi/lib//libstdc++.a(eh_throw.o)
                0x8000d990                __cxa_rethrow
 .text          0x8000da40        0x0 /home/leon/riotboard/arm-2012.09/bin/../arm-none-eabi/lib//libstdc++.a(eh_arm.o)
 .text.__cxa_end_cleanup
                0x8000da40       0x10 /home/leon/riotboard/arm-2012.09/bin/../arm-none-eabi/lib//libstdc++.a(eh_arm.o)
                0x8000da40                __cxa_end_cleanup
 .text.__cxa_type_match
                0x8000da50      0x14c /home/leon/riotboard/arm-2012.09/bin/../arm-none-eabi/lib//libstdc++.a(eh_arm.o)
                0x8000da50                __cxa_type_match
 .text.__cxa_begin_cleanup
                0x8000db9c       0xb0 /home/leon/riotboard/arm-2012.09/bin/../arm-none-eabi/lib//libstdc++.a(eh_arm.o)
                0x8000db9c                __cxa_begin_cleanup
 .text.__gnu_end_cleanup
                0x8000dc4c       0xb0 /home/leon/riotboard/arm-2012.09/bin/../arm-none-eabi/lib//libstdc++.a(eh_arm.o)
                0x8000dc4c                __gnu_end_cleanup
 .text          0x8000dcfc        0x0 /home/leon/riotboard/arm-2012.09/bin/../arm-none-eabi/lib//libstdc++.a(eh_exception.o)
 .text._ZNSt9exceptionD2Ev
                0x8000dcfc       0x10 /home/leon/riotboard/arm-2012.09/bin/../arm-none-eabi/lib//libstdc++.a(eh_exception.o)
                0x8000dcfc                std::exception::~exception()
                0x8000dcfc                std::exception::~exception()
 .text._ZNSt13bad_exceptionD2Ev
                0x8000dd0c       0x10 /home/leon/riotboard/arm-2012.09/bin/../arm-none-eabi/lib//libstdc++.a(eh_exception.o)
                0x8000dd0c                std::bad_exception::~bad_exception()
                0x8000dd0c                std::bad_exception::~bad_exception()
 .text._ZN10__cxxabiv115__forced_unwindD2Ev
                0x8000dd1c       0x10 /home/leon/riotboard/arm-2012.09/bin/../arm-none-eabi/lib//libstdc++.a(eh_exception.o)
                0x8000dd1c                __cxxabiv1::__forced_unwind::~__forced_unwind()
                0x8000dd1c                __cxxabiv1::__forced_unwind::~__forced_unwind()
 .text._ZN10__cxxabiv119__foreign_exceptionD2Ev
                0x8000dd2c       0x10 /home/leon/riotboard/arm-2012.09/bin/../arm-none-eabi/lib//libstdc++.a(eh_exception.o)
                0x8000dd2c                __cxxabiv1::__foreign_exception::~__foreign_exception()
                0x8000dd2c                __cxxabiv1::__foreign_exception::~__foreign_exception()
 .text._ZNKSt9exception4whatEv
                0x8000dd3c        0xc /home/leon/riotboard/arm-2012.09/bin/../arm-none-eabi/lib//libstdc++.a(eh_exception.o)
                0x8000dd3c                std::exception::what() const
 .text._ZNKSt13bad_exception4whatEv
                0x8000dd48        0xc /home/leon/riotboard/arm-2012.09/bin/../arm-none-eabi/lib//libstdc++.a(eh_exception.o)
                0x8000dd48                std::bad_exception::what() const
 .text._ZN10__cxxabiv119__foreign_exceptionD0Ev
                0x8000dd54       0x24 /home/leon/riotboard/arm-2012.09/bin/../arm-none-eabi/lib//libstdc++.a(eh_exception.o)
                0x8000dd54                __cxxabiv1::__foreign_exception::~__foreign_exception()
 .text._ZN10__cxxabiv115__forced_unwindD0Ev
                0x8000dd78       0x24 /home/leon/riotboard/arm-2012.09/bin/../arm-none-eabi/lib//libstdc++.a(eh_exception.o)
                0x8000dd78                __cxxabiv1::__forced_unwind::~__forced_unwind()
 .text._ZNSt9exceptionD0Ev
                0x8000dd9c       0x24 /home/leon/riotboard/arm-2012.09/bin/../arm-none-eabi/lib//libstdc++.a(eh_exception.o)
                0x8000dd9c                std::exception::~exception()
 .text._ZNSt13bad_exceptionD0Ev
                0x8000ddc0       0x24 /home/leon/riotboard/arm-2012.09/bin/../arm-none-eabi/lib//libstdc++.a(eh_exception.o)
                0x8000ddc0                std::bad_exception::~bad_exception()
 .text          0x8000dde4        0x0 /home/leon/riotboard/arm-2012.09/bin/../arm-none-eabi/lib//libstdc++.a(eh_alloc.o)
 .text.__cxa_allocate_exception
                0x8000dde4       0x98 /home/leon/riotboard/arm-2012.09/bin/../arm-none-eabi/lib//libstdc++.a(eh_alloc.o)
                0x8000dde4                __cxa_allocate_exception
 .text.__cxa_free_exception
                0x8000de7c       0x54 /home/leon/riotboard/arm-2012.09/bin/../arm-none-eabi/lib//libstdc++.a(eh_alloc.o)
                0x8000de7c                __cxa_free_exception
 .text.__cxa_allocate_dependent_exception
                0x8000ded0       0x90 /home/leon/riotboard/arm-2012.09/bin/../arm-none-eabi/lib//libstdc++.a(eh_alloc.o)
                0x8000ded0                __cxa_allocate_dependent_exception
 .text.__cxa_free_dependent_exception
                0x8000df60       0x5c /home/leon/riotboard/arm-2012.09/bin/../arm-none-eabi/lib//libstdc++.a(eh_alloc.o)
                0x8000df60                __cxa_free_dependent_exception
 .text          0x8000dfbc        0x0 /home/leon/riotboard/arm-2012.09/bin/../arm-none-eabi/lib//libstdc++.a(eh_globals.o)
 .text.__cxa_get_globals_fast
                0x8000dfbc        0xc /home/leon/riotboard/arm-2012.09/bin/../arm-none-eabi/lib//libstdc++.a(eh_globals.o)
                0x8000dfbc                __cxa_get_globals_fast
 .text.__cxa_get_globals
                0x8000dfc8        0xc /home/leon/riotboard/arm-2012.09/bin/../arm-none-eabi/lib//libstdc++.a(eh_globals.o)
                0x8000dfc8                __cxa_get_globals
 .text          0x8000dfd4        0x0 /home/leon/riotboard/arm-2012.09/bin/../arm-none-eabi/lib//libstdc++.a(si_class_type_info.o)
 .text._ZNK10__cxxabiv120__si_class_type_info12__do_dyncastEiNS_17__class_type_info10__sub_kindEPKS1_PKvS4_S6_RNS1_16__dyncast_resultE
                0x8000dfd4       0xdc /home/leon/riotboard/arm-2012.09/bin/../arm-none-eabi/lib//libstdc++.a(si_class_type_info.o)
                0x8000dfd4                __cxxabiv1::__si_class_type_info::__do_dyncast(int, __cxxabiv1::__class_type_info::__sub_kind, __cxxabiv1::__class_type_info const*, void const*, __cxxabiv1::__class_type_info const*, void const*, __cxxabiv1::__class_type_info::__dyncast_result&) const
 .text._ZN10__cxxabiv120__si_class_type_infoD2Ev
                0x8000e0b0       0x24 /home/leon/riotboard/arm-2012.09/bin/../arm-none-eabi/lib//libstdc++.a(si_class_type_info.o)
                0x8000e0b0                __cxxabiv1::__si_class_type_info::~__si_class_type_info()
                0x8000e0b0                __cxxabiv1::__si_class_type_info::~__si_class_type_info()
 .text._ZN10__cxxabiv120__si_class_type_infoD0Ev
                0x8000e0d4       0x20 /home/leon/riotboard/arm-2012.09/bin/../arm-none-eabi/lib//libstdc++.a(si_class_type_info.o)
                0x8000e0d4                __cxxabiv1::__si_class_type_info::~__si_class_type_info()
 .text._ZNK10__cxxabiv120__si_class_type_info11__do_upcastEPKNS_17__class_type_infoEPKvRNS1_15__upcast_resultE
                0x8000e0f4       0x4c /home/leon/riotboard/arm-2012.09/bin/../arm-none-eabi/lib//libstdc++.a(si_class_type_info.o)
                0x8000e0f4                __cxxabiv1::__si_class_type_info::__do_upcast(__cxxabiv1::__class_type_info const*, void const*, __cxxabiv1::__class_type_info::__upcast_result&) const
 .text._ZNK10__cxxabiv120__si_class_type_info20__do_find_public_srcEiPKvPKNS_17__class_type_infoES2_
                0x8000e140       0x6c /home/leon/riotboard/arm-2012.09/bin/../arm-none-eabi/lib//libstdc++.a(si_class_type_info.o)
                0x8000e140                __cxxabiv1::__si_class_type_info::__do_find_public_src(int, void const*, __cxxabiv1::__class_type_info const*, void const*) const
 .text          0x8000e1ac        0x0 /home/leon/riotboard/arm-2012.09/bin/../arm-none-eabi/lib//libstdc++.a(eh_personality.o)
 .text._ZL12read_sleb128PKhPl
                0x8000e1ac       0x44 /home/leon/riotboard/arm-2012.09/bin/../arm-none-eabi/lib//libstdc++.a(eh_personality.o)
 .text._ZL28read_encoded_value_with_basehjPKhPj
                0x8000e1f0      0x170 /home/leon/riotboard/arm-2012.09/bin/../arm-none-eabi/lib//libstdc++.a(eh_personality.o)
 .text._ZL21base_of_encoded_valuehP15_Unwind_Context
                0x8000e360       0x7c /home/leon/riotboard/arm-2012.09/bin/../arm-none-eabi/lib//libstdc++.a(eh_personality.o)
 .text._ZL17parse_lsda_headerP15_Unwind_ContextPKhP16lsda_header_info
                0x8000e3dc       0xd8 /home/leon/riotboard/arm-2012.09/bin/../arm-none-eabi/lib//libstdc++.a(eh_personality.o)
 .text.__gxx_personality_v0
                0x8000e4b4      0x620 /home/leon/riotboard/arm-2012.09/bin/../arm-none-eabi/lib//libstdc++.a(eh_personality.o)
                0x8000e4b4                __gxx_personality_v0
 .text          0x8000ead4        0x0 /home/leon/riotboard/arm-2012.09/bin/../arm-none-eabi/lib//libstdc++.a(eh_term_handler.o)
 .text          0x8000ead4        0x0 /home/leon/riotboard/arm-2012.09/bin/../arm-none-eabi/lib//libstdc++.a(eh_catch.o)
 .text.__cxa_get_exception_ptr
                0x8000ead4        0x8 /home/leon/riotboard/arm-2012.09/bin/../arm-none-eabi/lib//libstdc++.a(eh_catch.o)
                0x8000ead4                __cxa_get_exception_ptr
 .text.__cxa_begin_catch
                0x8000eadc       0xdc /home/leon/riotboard/arm-2012.09/bin/../arm-none-eabi/lib//libstdc++.a(eh_catch.o)
                0x8000eadc                __cxa_begin_catch
 .text.__cxa_end_catch
                0x8000ebb8       0xdc /home/leon/riotboard/arm-2012.09/bin/../arm-none-eabi/lib//libstdc++.a(eh_catch.o)
                0x8000ebb8                __cxa_end_catch
 .text._ZSt18uncaught_exceptionv
                0x8000ec94       0x1c /home/leon/riotboard/arm-2012.09/bin/../arm-none-eabi/lib//libstdc++.a(eh_catch.o)
                0x8000ec94                std::uncaught_exception()
 .text          0x8000ecb0        0x0 /home/leon/riotboard/arm-2012.09/bin/../arm-none-eabi/lib//libstdc++.a(class_type_info.o)
 .text._ZNK10__cxxabiv117__class_type_info11__do_upcastEPKS0_PPv
                0x8000ecb0       0x64 /home/leon/riotboard/arm-2012.09/bin/../arm-none-eabi/lib//libstdc++.a(class_type_info.o)
                0x8000ecb0                __cxxabiv1::__class_type_info::__do_upcast(__cxxabiv1::__class_type_info const*, void**) const
 .text._ZNK10__cxxabiv117__class_type_info20__do_find_public_srcEiPKvPKS0_S2_
                0x8000ed14       0x14 /home/leon/riotboard/arm-2012.09/bin/../arm-none-eabi/lib//libstdc++.a(class_type_info.o)
                0x8000ed14                __cxxabiv1::__class_type_info::__do_find_public_src(int, void const*, __cxxabiv1::__class_type_info const*, void const*) const
 .text._ZNK10__cxxabiv117__class_type_info11__do_upcastEPKS0_PKvRNS0_15__upcast_resultE
                0x8000ed28       0x38 /home/leon/riotboard/arm-2012.09/bin/../arm-none-eabi/lib//libstdc++.a(class_type_info.o)
                0x8000ed28                __cxxabiv1::__class_type_info::__do_upcast(__cxxabiv1::__class_type_info const*, void const*, __cxxabiv1::__class_type_info::__upcast_result&) const
 .text._ZN10__cxxabiv117__class_type_infoD2Ev
                0x8000ed60       0x24 /home/leon/riotboard/arm-2012.09/bin/../arm-none-eabi/lib//libstdc++.a(class_type_info.o)
                0x8000ed60                __cxxabiv1::__class_type_info::~__class_type_info()
                0x8000ed60                __cxxabiv1::__class_type_info::~__class_type_info()
 .text._ZN10__cxxabiv117__class_type_infoD0Ev
                0x8000ed84       0x20 /home/leon/riotboard/arm-2012.09/bin/../arm-none-eabi/lib//libstdc++.a(class_type_info.o)
                0x8000ed84                __cxxabiv1::__class_type_info::~__class_type_info()
 .text._ZNK10__cxxabiv117__class_type_info12__do_dyncastEiNS0_10__sub_kindEPKS0_PKvS3_S5_RNS0_16__dyncast_resultE
                0x8000eda4       0x7c /home/leon/riotboard/arm-2012.09/bin/../arm-none-eabi/lib//libstdc++.a(class_type_info.o)
                0x8000eda4                __cxxabiv1::__class_type_info::__do_dyncast(int, __cxxabiv1::__class_type_info::__sub_kind, __cxxabiv1::__class_type_info const*, void const*, __cxxabiv1::__class_type_info const*, void const*, __cxxabiv1::__class_type_info::__dyncast_result&) const
 .text._ZNK10__cxxabiv117__class_type_info10__do_catchEPKSt9type_infoPPvj
                0x8000ee20       0x54 /home/leon/riotboard/arm-2012.09/bin/../arm-none-eabi/lib//libstdc++.a(class_type_info.o)
                0x8000ee20                __cxxabiv1::__class_type_info::__do_catch(std::type_info const*, void**, unsigned int) const
 .text          0x8000ee74        0x0 /home/leon/riotboard/arm-2012.09/bin/../arm-none-eabi/lib//libstdc++.a(vterminate.o)
 .text._ZN9__gnu_cxx27__verbose_terminate_handlerEv
                0x8000ee74      0x19c /home/leon/riotboard/arm-2012.09/bin/../arm-none-eabi/lib//libstdc++.a(vterminate.o)
                0x8000ee74                __gnu_cxx::__verbose_terminate_handler()
 .text          0x8000f010     0x7c50 /home/leon/riotboard/arm-2012.09/bin/../arm-none-eabi/lib//libstdc++.a(cp-demangle.o)
                0x80016ae4                __cxa_demangle
                0x80016c30                __gcclibcxx_demangle_callback
 .text          0x80016c60        0x0 /home/leon/riotboard/arm-2012.09/bin/../arm-none-eabi/lib//libstdc++.a(eh_type.o)
 .text.__cxa_current_exception_type
                0x80016c60       0x30 /home/leon/riotboard/arm-2012.09/bin/../arm-none-eabi/lib//libstdc++.a(eh_type.o)
                0x80016c60                __cxa_current_exception_type
 .text          0x80016c90        0x0 /home/leon/riotboard/arm-2012.09/bin/../arm-none-eabi/lib//libstdc++.a(del_op.o)
 .text._ZdlPv   0x80016c90       0x14 /home/leon/riotboard/arm-2012.09/bin/../arm-none-eabi/lib//libstdc++.a(del_op.o)
                0x80016c90                operator delete(void*)
 .text          0x80016ca4        0x0 /home/leon/riotboard/arm-2012.09/bin/../arm-none-eabi/lib//libstdc++.a(tinfo.o)
 .text._ZNSt9type_infoD2Ev
                0x80016ca4       0x10 /home/leon/riotboard/arm-2012.09/bin/../arm-none-eabi/lib//libstdc++.a(tinfo.o)
                0x80016ca4                std::type_info::~type_info()
                0x80016ca4                std::type_info::~type_info()
 .text._ZNKSt9type_info14__is_pointer_pEv
                0x80016cb4        0x8 /home/leon/riotboard/arm-2012.09/bin/../arm-none-eabi/lib//libstdc++.a(tinfo.o)
                0x80016cb4                std::type_info::__is_pointer_p() const
 .text._ZNKSt9type_info15__is_function_pEv
                0x80016cbc        0x8 /home/leon/riotboard/arm-2012.09/bin/../arm-none-eabi/lib//libstdc++.a(tinfo.o)
                0x80016cbc                std::type_info::__is_function_p() const
 .text._ZNKSt9type_info11__do_upcastEPKN10__cxxabiv117__class_type_infoEPPv
                0x80016cc4        0x8 /home/leon/riotboard/arm-2012.09/bin/../arm-none-eabi/lib//libstdc++.a(tinfo.o)
                0x80016cc4                std::type_info::__do_upcast(__cxxabiv1::__class_type_info const*, void**) const
 .text._ZNSt9type_infoD0Ev
                0x80016ccc       0x24 /home/leon/riotboard/arm-2012.09/bin/../arm-none-eabi/lib//libstdc++.a(tinfo.o)
                0x80016ccc                std::type_info::~type_info()
 .text._ZNKSt9type_infoeqERKS_
                0x80016cf0       0x4c /home/leon/riotboard/arm-2012.09/bin/../arm-none-eabi/lib//libstdc++.a(tinfo.o)
                0x80016cf0                std::type_info::operator==(std::type_info const&) const
 .text._ZNKSt9type_info10__do_catchEPKS_PPvj
                0x80016d3c        0x4 /home/leon/riotboard/arm-2012.09/bin/../arm-none-eabi/lib//libstdc++.a(tinfo.o)
                0x80016d3c                std::type_info::__do_catch(std::type_info const*, void**, unsigned int) const
 .text          0x80016d40       0x14 /home/leon/riotboard/arm-2012.09/bin/../arm-none-eabi/lib//libc.a(lib_a-abort.o)
                0x80016d40                abort
 .text          0x80016d54       0x68 /home/leon/riotboard/arm-2012.09/bin/../arm-none-eabi/lib//libc.a(lib_a-assert.o)
                0x80016d54                __assert_func
                0x80016dac                __assert
 .text          0x80016dbc       0x20 /home/leon/riotboard/arm-2012.09/bin/../arm-none-eabi/lib//libc.a(lib_a-bzero.o)
                0x80016dbc                bzero
 .text          0x80016ddc       0x70 /home/leon/riotboard/arm-2012.09/bin/../arm-none-eabi/lib//libc.a(lib_a-fiprintf.o)
                0x80016ddc                _fiprintf_r
                0x80016e0c                fiprintf
 .text          0x80016e4c       0x94 /home/leon/riotboard/arm-2012.09/bin/../arm-none-eabi/lib//libc.a(lib_a-fputc.o)
                0x80016e4c                _fputc_r
                0x80016e90                fputc
 .text          0x80016ee0       0xa8 /home/leon/riotboard/arm-2012.09/bin/../arm-none-eabi/lib//libc.a(lib_a-fputs.o)
                0x80016ee0                _fputs_r
                0x80016f6c                fputs
 .text          0x80016f88      0x4c4 /home/leon/riotboard/arm-2012.09/bin/../arm-none-eabi/lib//libc.a(lib_a-fvwrite.o)
                0x80016f88                __sfvwrite_r
 .text          0x8001744c       0xe8 /home/leon/riotboard/arm-2012.09/bin/../arm-none-eabi/lib//libc.a(lib_a-fwrite.o)
                0x8001744c                _fwrite_r
                0x800174f0                fwrite
 .text          0x80017534        0x0 /home/leon/riotboard/arm-2012.09/bin/../arm-none-eabi/lib//libc.a(lib_a-impure.o)
 .text          0x80017534       0x88 /home/leon/riotboard/arm-2012.09/bin/../arm-none-eabi/lib//libc.a(lib_a-init.o)
                0x80017534                __libc_init_array
 .text          0x800175bc       0x40 /home/leon/riotboard/arm-2012.09/bin/../arm-none-eabi/lib//libc.a(lib_a-malloc.o)
                0x800175bc                malloc
                0x800175dc                free
 .text          0x800175fc      0x71c /home/leon/riotboard/arm-2012.09/bin/../arm-none-eabi/lib//libc.a(lib_a-mallocr.o)
                0x800175fc                _malloc_r
 .text          0x80017d18      0x11c /home/leon/riotboard/arm-2012.09/bin/../arm-none-eabi/lib//libc.a(lib_a-memchr.o)
                0x80017d18                memchr
 .text          0x80017e34       0xb4 /home/leon/riotboard/arm-2012.09/bin/../arm-none-eabi/lib//libc.a(lib_a-memcmp.o)
                0x80017e34                memcmp
 .text          0x80017ee8      0x20c /home/leon/riotboard/arm-2012.09/bin/../arm-none-eabi/lib//libc.a(lib_a-memcpy.o)
                0x80017ee8                memcpy
 .text          0x800180f4      0x134 /home/leon/riotboard/arm-2012.09/bin/../arm-none-eabi/lib//libc.a(lib_a-memmove.o)
                0x800180f4                memmove
 .text          0x80018228      0x134 /home/leon/riotboard/arm-2012.09/bin/../arm-none-eabi/lib//libc.a(lib_a-memset.o)
                0x80018228                memset
 .text          0x8001835c        0x8 /home/leon/riotboard/arm-2012.09/bin/../arm-none-eabi/lib//libc.a(lib_a-mlock.o)
                0x8001835c                __malloc_lock
                0x80018360                __malloc_unlock
 .text          0x80018364       0x74 /home/leon/riotboard/arm-2012.09/bin/../arm-none-eabi/lib//libc.a(lib_a-printf.o)
                0x80018364                _printf_r
                0x80018398                printf
 .text          0x800183d8      0x170 /home/leon/riotboard/arm-2012.09/bin/../arm-none-eabi/lib//libc.a(lib_a-putc.o)
                0x800183d8                _putc_r
                0x80018488                putc
 .text          0x80018548       0x28 /home/leon/riotboard/arm-2012.09/bin/../arm-none-eabi/lib//libc.a(lib_a-realloc.o)
                0x80018548                realloc
 .text          0x80018570      0x574 /home/leon/riotboard/arm-2012.09/bin/../arm-none-eabi/lib//libc.a(lib_a-reallocr.o)
                0x80018570                _realloc_r
 .text          0x80018ae4       0x6c /home/leon/riotboard/arm-2012.09/bin/../arm-none-eabi/lib//libc.a(lib_a-rget.o)
                0x80018ae4                __srget_r
                0x80018b3c                __srget
 .text          0x80018b50       0x40 /home/leon/riotboard/arm-2012.09/bin/../arm-none-eabi/lib//libc.a(lib_a-sbrkr.o)
                0x80018b50                _sbrk_r
 .text          0x80018b90      0x24c /home/leon/riotboard/arm-2012.09/bin/../arm-none-eabi/lib//libc.a(lib_a-signal.o)
                0x80018b90                _init_signal_r
                0x80018bf0                _signal_r
                0x80018c5c                _raise_r
                0x80018cf4                __sigtramp_r
                0x80018d88                raise
                0x80018d9c                signal
                0x80018db8                _init_signal
                0x80018dc8                __sigtramp
 .text          0x80018ddc       0x50 /home/leon/riotboard/arm-2012.09/bin/../arm-none-eabi/lib//libc.a(lib_a-signalr.o)
                0x80018ddc                _kill_r
                0x80018e1c                _getpid_r
 .text          0x80018e2c       0xdc /home/leon/riotboard/arm-2012.09/bin/../arm-none-eabi/lib//libc.a(lib_a-sprintf.o)
                0x80018e2c                _sprintf_r
                0x80018e94                sprintf
 .text          0x80018f08      0x230 /home/leon/riotboard/arm-2012.09/bin/../arm-none-eabi/lib//libc.a(lib_a-strcmp.o)
                0x80018f08                strcmp
 .text          0x80019138       0x60 /home/leon/riotboard/arm-2012.09/bin/../arm-none-eabi/lib//libc.a(lib_a-strlen.o)
                0x80019138                strlen
 .text          0x80019198      0x140 /home/leon/riotboard/arm-2012.09/bin/../arm-none-eabi/lib//libc.a(lib_a-strncmp.o)
                0x80019198                strncmp
 .text          0x800192d8     0x1f7c /home/leon/riotboard/arm-2012.09/bin/../arm-none-eabi/lib//libc.a(lib_a-svfprintf.o)
                0x800192d8                _svfprintf_r
 .text          0x8001b254       0x30 /home/leon/riotboard/arm-2012.09/bin/../arm-none-eabi/lib//libc.a(lib_a-syswrite.o)
                0x8001b254                write
 .text          0x8001b284     0x12c4 /home/leon/riotboard/arm-2012.09/bin/../arm-none-eabi/lib//libc.a(lib_a-vfiprintf.o)
                0x8001b284                __sprint_r
                0x8001b340                _vfiprintf_r
                0x8001c51c                vfiprintf
 .text          0x8001c548     0x2180 /home/leon/riotboard/arm-2012.09/bin/../arm-none-eabi/lib//libc.a(lib_a-vfprintf.o)
                0x8001c548                _vfprintf_r
                0x8001e69c                vfprintf
 .text          0x8001e6c8       0x4c /home/leon/riotboard/arm-2012.09/bin/../arm-none-eabi/lib//libc.a(lib_a-vprintf.o)
                0x8001e6c8                vprintf
                0x8001e6f4                _vprintf_r
 .text          0x8001e714      0x14c /home/leon/riotboard/arm-2012.09/bin/../arm-none-eabi/lib//libc.a(lib_a-wbuf.o)
                0x8001e714                __swbuf_r
                0x8001e844                __swbuf
 .text          0x8001e860       0x44 /home/leon/riotboard/arm-2012.09/bin/../arm-none-eabi/lib//libc.a(lib_a-writer.o)
                0x8001e860                _write_r
 .text          0x8001e8a4      0x138 /home/leon/riotboard/arm-2012.09/bin/../arm-none-eabi/lib//libc.a(lib_a-wsetup.o)
                0x8001e8a4                __swsetup_r
 *fill*         0x8001e9dc        0x4 
 .text          0x8001e9e0     0x18a8 /home/leon/riotboard/arm-2012.09/bin/../arm-none-eabi/lib//libc.a(lib_a-dtoa.o)
                0x8001ebc0                _dtoa_r
 .text          0x80020288      0x26c /home/leon/riotboard/arm-2012.09/bin/../arm-none-eabi/lib//libc.a(lib_a-fflush.o)
                0x80020288                _fflush_r
                0x800204b4                fflush
 .text          0x800204f4      0x2c4 /home/leon/riotboard/arm-2012.09/bin/../arm-none-eabi/lib//libc.a(lib_a-findfp.o)
                0x80020504                _cleanup_r
                0x80020598                __sfmoreglue
                0x800205e0                _cleanup
                0x800205f0                __sinit
                0x80020668                __sfp
                0x80020760                __sfp_lock_acquire
                0x80020764                __sfp_lock_release
                0x80020768                __sinit_lock_acquire
                0x8002076c                __sinit_lock_release
                0x80020770                __fp_lock_all
                0x80020794                __fp_unlock_all
 .text          0x800207b8      0x19c /home/leon/riotboard/arm-2012.09/bin/../arm-none-eabi/lib//libc.a(lib_a-fputwc.o)
                0x800207b8                _fputwc_r
                0x80020908                fputwc
 .text          0x80020954      0x368 /home/leon/riotboard/arm-2012.09/bin/../arm-none-eabi/lib//libc.a(lib_a-freer.o)
                0x80020954                _malloc_trim_r
                0x80020a50                _free_r
 .text          0x80020cbc      0x114 /home/leon/riotboard/arm-2012.09/bin/../arm-none-eabi/lib//libc.a(lib_a-fwalk.o)
                0x80020cbc                _fwalk
                0x80020d44                _fwalk_reent
 .text          0x80020dd0       0xd0 /home/leon/riotboard/arm-2012.09/bin/../arm-none-eabi/lib//libc.a(lib_a-locale.o)
                0x80020dd0                _setlocale_r
                0x80020e3c                __locale_charset
                0x80020e48                __locale_mb_cur_max
                0x80020e58                __locale_msgcharset
                0x80020e64                __locale_cjk_lang
                0x80020e6c                _localeconv_r
                0x80020e78                setlocale
                0x80020e94                localeconv
 .text          0x80020ea0      0x15c /home/leon/riotboard/arm-2012.09/bin/../arm-none-eabi/lib//libc.a(lib_a-makebuf.o)
                0x80020ea0                __smakebuf_r
 .text          0x80020ffc      0xd20 /home/leon/riotboard/arm-2012.09/bin/../arm-none-eabi/lib//libc.a(lib_a-mprec.o)
                0x80020ffc                _Balloc
                0x80021088                _Bfree
                0x800210a4                __multadd
                0x80021180                __s2b
                0x80021270                __hi0bits
                0x800212c0                __lo0bits
                0x80021354                __i2b
                0x80021378                __multiply
                0x8002155c                __pow5mult
                0x80021650                __lshift
                0x80021754                __mcmp
                0x800217b8                __mdiff
                0x80021904                __ulp
                0x80021968                __b2d
                0x80021a34                __d2b
                0x80021b3c                __ratio
                0x80021bcc                _mprec_log10
                0x80021c20                __copybits
                0x80021c94                __any_on
 .text          0x80021d1c      0x19c /home/leon/riotboard/arm-2012.09/bin/../arm-none-eabi/lib//libc.a(lib_a-reent.o)
                0x80021d1c                cleanup_glue
                0x80021d48                _reclaim_reent
                0x80021e44                _wrapup_reent
 .text          0x80021eb8      0x1cc /home/leon/riotboard/arm-2012.09/bin/../arm-none-eabi/lib//libc.a(lib_a-refill.o)
                0x80021ee0                __srefill_r
 .text          0x80022084       0x6c /home/leon/riotboard/arm-2012.09/bin/../arm-none-eabi/lib//libc.a(lib_a-s_fpclassify.o)
                0x80022084                __fpclassifyd
 .text          0x800220f0       0xdc /home/leon/riotboard/arm-2012.09/bin/../arm-none-eabi/lib//libc.a(lib_a-stdio.o)
                0x800220f0                __sread
                0x80022124                __seofread
                0x8002212c                __swrite
                0x80022184                __sseek
                0x800221b8                __sclose
 .text          0x800221cc     0x1224 /home/leon/riotboard/arm-2012.09/bin/../arm-none-eabi/lib//libc.a(lib_a-svfiprintf.o)
                0x800221cc                __ssprint_r
                0x80022370                _svfiprintf_r
 .text          0x800233f0      0x134 /home/leon/riotboard/arm-2012.09/bin/../arm-none-eabi/lib//libc.a(lib_a-wcrtomb.o)
                0x800233f0                _wcrtomb_r
                0x80023480                wcrtomb
 .text          0x80023524       0x7c /home/leon/riotboard/arm-2012.09/bin/../arm-none-eabi/lib//libc.a(lib_a-wctomb_r.o)
                0x80023524                __ascii_wctomb
                0x80023550                _wctomb_r
 .text          0x800235a0       0x94 /home/leon/riotboard/arm-2012.09/bin/../arm-none-eabi/lib//libc.a(lib_a-callocr.o)
                0x800235a0                _calloc_r
 .text          0x80023634       0x3c /home/leon/riotboard/arm-2012.09/bin/../arm-none-eabi/lib//libc.a(lib_a-closer.o)
                0x80023634                _close_r
 .text          0x80023670      0x10c /home/leon/riotboard/arm-2012.09/bin/../arm-none-eabi/lib//libc.a(lib_a-fclose.o)
                0x80023670                _fclose_r
                0x80023768                fclose
 .text          0x8002377c       0x40 /home/leon/riotboard/arm-2012.09/bin/../arm-none-eabi/lib//libc.a(lib_a-fstatr.o)
                0x8002377c                _fstat_r
 .text          0x800237bc       0x3c /home/leon/riotboard/arm-2012.09/bin/../arm-none-eabi/lib//libc.a(lib_a-isattyr.o)
                0x800237bc                _isatty_r
 .text          0x800237f8       0x44 /home/leon/riotboard/arm-2012.09/bin/../arm-none-eabi/lib//libc.a(lib_a-lseekr.o)
                0x800237f8                _lseek_r
 .text          0x8002383c       0x44 /home/leon/riotboard/arm-2012.09/bin/../arm-none-eabi/lib//libc.a(lib_a-readr.o)
                0x8002383c                _read_r
 .text          0x80023880      0x114 /home/leon/riotboard/arm-2012.09/bin/../lib/gcc/arm-none-eabi/4.7.2//libgcc.a(_udivsi3.o)
                0x80023880                __udivsi3
                0x80023880                __aeabi_uidiv
                0x80023974                __aeabi_uidivmod
 .text          0x80023994      0x148 /home/leon/riotboard/arm-2012.09/bin/../lib/gcc/arm-none-eabi/4.7.2//libgcc.a(_divsi3.o)
                0x80023994                __aeabi_idiv
                0x80023994                __divsi3
                0x80023abc                __aeabi_idivmod
 .text          0x80023adc        0x4 /home/leon/riotboard/arm-2012.09/bin/../lib/gcc/arm-none-eabi/4.7.2//libgcc.a(_dvmd_tls.o)
                0x80023adc                __aeabi_ldiv0
                0x80023adc                __aeabi_idiv0
 .text          0x80023ae0      0x41c /home/leon/riotboard/arm-2012.09/bin/../lib/gcc/arm-none-eabi/4.7.2//libgcc.a(_arm_addsubdf3.o)
                0x80023ae0                __aeabi_drsub
                0x80023ae8                __aeabi_dsub
                0x80023ae8                __subdf3
                0x80023aec                __adddf3
                0x80023aec                __aeabi_dadd
                0x80023dfc                __aeabi_ui2d
                0x80023dfc                __floatunsidf
                0x80023e20                __floatsidf
                0x80023e20                __aeabi_i2d
                0x80023e48                __extendsfdf2
                0x80023e48                __aeabi_f2d
                0x80023e88                __aeabi_ul2d
                0x80023e88                __floatundidf
                0x80023e9c                __floatdidf
                0x80023e9c                __aeabi_l2d
 .text          0x80023efc      0x49c /home/leon/riotboard/arm-2012.09/bin/../lib/gcc/arm-none-eabi/4.7.2//libgcc.a(_arm_muldivdf3.o)
                0x80023efc                __aeabi_dmul
                0x80023efc                __muldf3
                0x8002418c                __aeabi_ddiv
                0x8002418c                __divdf3
 .text          0x80024398      0x144 /home/leon/riotboard/arm-2012.09/bin/../lib/gcc/arm-none-eabi/4.7.2//libgcc.a(_arm_cmpdf2.o)
                0x80024398                __gtdf2
                0x80024398                __gedf2
                0x800243a0                __ltdf2
                0x800243a0                __ledf2
                0x800243a8                __cmpdf2
                0x800243a8                __eqdf2
                0x800243a8                __nedf2
                0x80024430                __aeabi_cdrcmple
                0x8002444c                __aeabi_cdcmple
                0x8002444c                __aeabi_cdcmpeq
                0x80024464                __aeabi_dcmpeq
                0x8002447c                __aeabi_dcmplt
                0x80024494                __aeabi_dcmple
                0x800244ac                __aeabi_dcmpge
                0x800244c4                __aeabi_dcmpgt
 .text          0x800244dc       0x5c /home/leon/riotboard/arm-2012.09/bin/../lib/gcc/arm-none-eabi/4.7.2//libgcc.a(_arm_fixdfsi.o)
                0x800244dc                __fixdfsi
                0x800244dc                __aeabi_d2iz
 .text          0x80024538       0x3c /home/leon/riotboard/arm-2012.09/bin/../lib/gcc/arm-none-eabi/4.7.2//libgcc.a(_aeabi_uldivmod.o)
                0x80024538                __aeabi_uldivmod
 .text          0x80024574       0x84 /home/leon/riotboard/arm-2012.09/bin/../lib/gcc/arm-none-eabi/4.7.2//libgcc.a(bpabi.o)
                0x80024574                __gnu_ldivmod_helper
                0x800245b8                __gnu_uldivmod_helper
 .text          0x800245f8      0xfa8 /home/leon/riotboard/arm-2012.09/bin/../lib/gcc/arm-none-eabi/4.7.2//libgcc.a(unwind-arm.o)
                0x80024a78                _Unwind_GetCFA
                0x80024a80                __gnu_Unwind_RaiseException
                0x80024b2c                __gnu_Unwind_ForcedUnwind
                0x80024b50                __gnu_Unwind_Resume
                0x80024bc8                __gnu_Unwind_Resume_or_Rethrow
                0x80024be8                _Unwind_Complete
                0x80024bec                _Unwind_DeleteException
                0x80024c10                _Unwind_VRS_Get
                0x80024c84                _Unwind_VRS_Set
                0x80025128                __aeabi_unwind_cpp_pr2
                0x80025130                __aeabi_unwind_cpp_pr1
                0x80025138                __aeabi_unwind_cpp_pr0
                0x80025140                __gnu_Unwind_Backtrace
                0x8002520c                _Unwind_VRS_Pop
 .text          0x800255a0      0x1b0 /home/leon/riotboard/arm-2012.09/bin/../lib/gcc/arm-none-eabi/4.7.2//libgcc.a(libunwind.o)
                0x800255a0                __restore_core_regs
                0x800255a0                restore_core_regs
                0x800255bc                __gnu_Unwind_Restore_VFP
                0x800255c4                __gnu_Unwind_Save_VFP
                0x800255cc                __gnu_Unwind_Restore_VFP_D
                0x800255d4                __gnu_Unwind_Save_VFP_D
                0x800255dc                __gnu_Unwind_Restore_VFP_D_16_to_31
                0x800255e4                __gnu_Unwind_Save_VFP_D_16_to_31
                0x800255ec                __gnu_Unwind_Restore_WMMXD
                0x80025630                __gnu_Unwind_Save_WMMXD
                0x80025674                __gnu_Unwind_Restore_WMMXC
                0x80025688                __gnu_Unwind_Save_WMMXC
                0x8002569c                ___Unwind_RaiseException
                0x8002569c                _Unwind_RaiseException
                0x800256c0                ___Unwind_Resume
                0x800256c0                _Unwind_Resume
                0x800256e4                _Unwind_Resume_or_Rethrow
                0x800256e4                ___Unwind_Resume_or_Rethrow
                0x80025708                ___Unwind_ForcedUnwind
                0x80025708                _Unwind_ForcedUnwind
                0x8002572c                _Unwind_Backtrace
                0x8002572c                ___Unwind_Backtrace
 .text          0x80025750      0x53c /home/leon/riotboard/arm-2012.09/bin/../lib/gcc/arm-none-eabi/4.7.2//libgcc.a(pr-support.o)
                0x800257e4                __gnu_unwind_execute
                0x80025c00                __gnu_unwind_frame
                0x80025c48                _Unwind_GetRegionStart
                0x80025c5c                _Unwind_GetLanguageSpecificData
                0x80025c7c                _Unwind_GetDataRelBase
                0x80025c84                _Unwind_GetTextRelBase
 .text          0x80025c8c      0x4f0 /home/leon/riotboard/arm-2012.09/bin/../lib/gcc/arm-none-eabi/4.7.2//libgcc.a(_divdi3.o)
                0x80025c8c                __divdi3
 .text          0x8002617c      0x488 /home/leon/riotboard/arm-2012.09/bin/../lib/gcc/arm-none-eabi/4.7.2//libgcc.a(_udivdi3.o)
                0x8002617c                __udivdi3
 .text          0x80026604       0x48 /home/leon/riotboard/arm-2012.09/bin/../lib/gcc/arm-none-eabi/4.7.2//libgcc.a(_clzsi2.o)
                0x80026604                __clzsi2
 .text          0x8002664c      0x610 /home/leon/git/swp-report/iMX6_Platform_SDK/output/mx6sl/lib/libsdk.a(runtime_support.o)
                0x8002664c                _execve
                0x80026688                _fork
                0x800266b0                _isatty
                0x800266d4                _open
                0x80026700                _close
                0x80026724                _lseek
                0x80026750                _fstat
                0x80026784                _read
                0x80026854                _write
                0x80026940                _raw_puts
                0x800269c0                _sbrk
                0x80026a70                _exit
                0x80026a90                _kill
                0x80026ac8                _getpid
                0x80026ae0                _link
                0x80026b18                _unlink
                0x80026b4c                _stat
                0x80026b80                _times
                0x80026ba4                _gettimeofday
                0x80026c28                _wait
 *(.glue_7t)
 .glue_7t       0x00000000        0x0 linker stubs
 *(.glue_7)
 .glue_7        0x00000000        0x0 linker stubs
 *(.vfp11_veneer)
 .vfp11_veneer  0x00000000        0x0 linker stubs
 *(.ARM.extab* .gnu.linkonce.armextab.*)
 .ARM.extab.startup
                0x80026c5c        0x0 /home/leon/git/swp-report/iMX6_Platform_SDK/output/mx6sl/lib/libsdk.a(startup.o)
 .ARM.extab.text.__cxa_pure_virtual
                0x80026c5c        0xc /home/leon/riotboard/arm-2012.09/bin/../arm-none-eabi/lib//libstdc++.a(pure.o)
 .ARM.extab.text.__cxa_deleted_virtual
                0x80026c68        0xc /home/leon/riotboard/arm-2012.09/bin/../arm-none-eabi/lib//libstdc++.a(pure.o)
 .ARM.extab.text._ZN10__cxxabiv111__terminateEPFvvE
                0x80026c74       0x2c /home/leon/riotboard/arm-2012.09/bin/../arm-none-eabi/lib//libstdc++.a(eh_terminate.o)
 .ARM.extab.text._ZSt9terminatev
                0x80026ca0        0x0 /home/leon/riotboard/arm-2012.09/bin/../arm-none-eabi/lib//libstdc++.a(eh_terminate.o)
 .ARM.extab.text._ZN10__cxxabiv112__unexpectedEPFvvE
                0x80026ca0        0xc /home/leon/riotboard/arm-2012.09/bin/../arm-none-eabi/lib//libstdc++.a(eh_terminate.o)
 .ARM.extab.text._ZSt10unexpectedv
                0x80026cac        0xc /home/leon/riotboard/arm-2012.09/bin/../arm-none-eabi/lib//libstdc++.a(eh_terminate.o)
 .ARM.extab.text._ZSt13set_terminatePFvvE
                0x80026cb8        0x0 /home/leon/riotboard/arm-2012.09/bin/../arm-none-eabi/lib//libstdc++.a(eh_terminate.o)
 .ARM.extab.text._ZSt14set_unexpectedPFvvE
                0x80026cb8        0x0 /home/leon/riotboard/arm-2012.09/bin/../arm-none-eabi/lib//libstdc++.a(eh_terminate.o)
 .ARM.extab.text._ZN10__cxxabiv1L24__is_gxx_exception_classEPc
                0x80026cb8        0x0 /home/leon/riotboard/arm-2012.09/bin/../arm-none-eabi/lib//libstdc++.a(eh_call.o)
 .ARM.extab.text.__cxa_call_terminate
                0x80026cb8        0x0 /home/leon/riotboard/arm-2012.09/bin/../arm-none-eabi/lib//libstdc++.a(eh_call.o)
 .ARM.extab.text.__cxa_call_unexpected
                0x80026cb8       0x28 /home/leon/riotboard/arm-2012.09/bin/../arm-none-eabi/lib//libstdc++.a(eh_call.o)
 .ARM.extab.text._ZL23__gxx_exception_cleanup19_Unwind_Reason_CodeP21_Unwind_Control_Block
                0x80026ce0        0x0 /home/leon/riotboard/arm-2012.09/bin/../arm-none-eabi/lib//libstdc++.a(eh_throw.o)
 .ARM.extab.text.__cxa_throw
                0x80026ce0        0x0 /home/leon/riotboard/arm-2012.09/bin/../arm-none-eabi/lib//libstdc++.a(eh_throw.o)
 .ARM.extab.text.__cxa_rethrow
                0x80026ce0        0x0 /home/leon/riotboard/arm-2012.09/bin/../arm-none-eabi/lib//libstdc++.a(eh_throw.o)
 .ARM.extab.text.__cxa_type_match
                0x80026ce0        0x0 /home/leon/riotboard/arm-2012.09/bin/../arm-none-eabi/lib//libstdc++.a(eh_arm.o)
 .ARM.extab.text.__cxa_begin_cleanup
                0x80026ce0        0x0 /home/leon/riotboard/arm-2012.09/bin/../arm-none-eabi/lib//libstdc++.a(eh_arm.o)
 .ARM.extab.text.__gnu_end_cleanup
                0x80026ce0        0x0 /home/leon/riotboard/arm-2012.09/bin/../arm-none-eabi/lib//libstdc++.a(eh_arm.o)
 .ARM.extab.text._ZNSt9exceptionD2Ev
                0x80026ce0        0x0 /home/leon/riotboard/arm-2012.09/bin/../arm-none-eabi/lib//libstdc++.a(eh_exception.o)
 .ARM.extab.text._ZNSt13bad_exceptionD2Ev
                0x80026ce0        0x0 /home/leon/riotboard/arm-2012.09/bin/../arm-none-eabi/lib//libstdc++.a(eh_exception.o)
 .ARM.extab.text._ZN10__cxxabiv115__forced_unwindD2Ev
                0x80026ce0        0x0 /home/leon/riotboard/arm-2012.09/bin/../arm-none-eabi/lib//libstdc++.a(eh_exception.o)
 .ARM.extab.text._ZN10__cxxabiv119__foreign_exceptionD2Ev
                0x80026ce0        0x0 /home/leon/riotboard/arm-2012.09/bin/../arm-none-eabi/lib//libstdc++.a(eh_exception.o)
 .ARM.extab.text._ZNKSt9exception4whatEv
                0x80026ce0        0x0 /home/leon/riotboard/arm-2012.09/bin/../arm-none-eabi/lib//libstdc++.a(eh_exception.o)
 .ARM.extab.text._ZNKSt13bad_exception4whatEv
                0x80026ce0        0x0 /home/leon/riotboard/arm-2012.09/bin/../arm-none-eabi/lib//libstdc++.a(eh_exception.o)
 .ARM.extab.text._ZN10__cxxabiv119__foreign_exceptionD0Ev
                0x80026ce0        0x0 /home/leon/riotboard/arm-2012.09/bin/../arm-none-eabi/lib//libstdc++.a(eh_exception.o)
 .ARM.extab.text._ZN10__cxxabiv115__forced_unwindD0Ev
                0x80026ce0        0x0 /home/leon/riotboard/arm-2012.09/bin/../arm-none-eabi/lib//libstdc++.a(eh_exception.o)
 .ARM.extab.text._ZNSt9exceptionD0Ev
                0x80026ce0        0x0 /home/leon/riotboard/arm-2012.09/bin/../arm-none-eabi/lib//libstdc++.a(eh_exception.o)
 .ARM.extab.text._ZNSt13bad_exceptionD0Ev
                0x80026ce0        0x0 /home/leon/riotboard/arm-2012.09/bin/../arm-none-eabi/lib//libstdc++.a(eh_exception.o)
 .ARM.extab.text.__cxa_allocate_exception
                0x80026ce0        0x0 /home/leon/riotboard/arm-2012.09/bin/../arm-none-eabi/lib//libstdc++.a(eh_alloc.o)
 .ARM.extab.text.__cxa_free_exception
                0x80026ce0        0x0 /home/leon/riotboard/arm-2012.09/bin/../arm-none-eabi/lib//libstdc++.a(eh_alloc.o)
 .ARM.extab.text.__cxa_allocate_dependent_exception
                0x80026ce0        0x0 /home/leon/riotboard/arm-2012.09/bin/../arm-none-eabi/lib//libstdc++.a(eh_alloc.o)
 .ARM.extab.text.__cxa_free_dependent_exception
                0x80026ce0        0x0 /home/leon/riotboard/arm-2012.09/bin/../arm-none-eabi/lib//libstdc++.a(eh_alloc.o)
 .ARM.extab.text.__cxa_get_globals_fast
                0x80026ce0        0x0 /home/leon/riotboard/arm-2012.09/bin/../arm-none-eabi/lib//libstdc++.a(eh_globals.o)
 .ARM.extab.text.__cxa_get_globals
                0x80026ce0        0x0 /home/leon/riotboard/arm-2012.09/bin/../arm-none-eabi/lib//libstdc++.a(eh_globals.o)
 .ARM.extab.text._ZNK10__cxxabiv120__si_class_type_info12__do_dyncastEiNS_17__class_type_info10__sub_kindEPKS1_PKvS4_S6_RNS1_16__dyncast_resultE
                0x80026ce0        0x0 /home/leon/riotboard/arm-2012.09/bin/../arm-none-eabi/lib//libstdc++.a(si_class_type_info.o)
 .ARM.extab.text._ZN10__cxxabiv120__si_class_type_infoD2Ev
                0x80026ce0        0x0 /home/leon/riotboard/arm-2012.09/bin/../arm-none-eabi/lib//libstdc++.a(si_class_type_info.o)
 .ARM.extab.text._ZN10__cxxabiv120__si_class_type_infoD0Ev
                0x80026ce0        0x0 /home/leon/riotboard/arm-2012.09/bin/../arm-none-eabi/lib//libstdc++.a(si_class_type_info.o)
 .ARM.extab.text._ZNK10__cxxabiv120__si_class_type_info11__do_upcastEPKNS_17__class_type_infoEPKvRNS1_15__upcast_resultE
                0x80026ce0        0x0 /home/leon/riotboard/arm-2012.09/bin/../arm-none-eabi/lib//libstdc++.a(si_class_type_info.o)
 .ARM.extab.text._ZNK10__cxxabiv120__si_class_type_info20__do_find_public_srcEiPKvPKNS_17__class_type_infoES2_
                0x80026ce0        0x0 /home/leon/riotboard/arm-2012.09/bin/../arm-none-eabi/lib//libstdc++.a(si_class_type_info.o)
 .ARM.extab.text._ZL12read_sleb128PKhPl
                0x80026ce0        0x0 /home/leon/riotboard/arm-2012.09/bin/../arm-none-eabi/lib//libstdc++.a(eh_personality.o)
 .ARM.extab.text._ZL28read_encoded_value_with_basehjPKhPj
                0x80026ce0        0x0 /home/leon/riotboard/arm-2012.09/bin/../arm-none-eabi/lib//libstdc++.a(eh_personality.o)
 .ARM.extab.text._ZL21base_of_encoded_valuehP15_Unwind_Context
                0x80026ce0        0xc /home/leon/riotboard/arm-2012.09/bin/../arm-none-eabi/lib//libstdc++.a(eh_personality.o)
 .ARM.extab.text._ZL17parse_lsda_headerP15_Unwind_ContextPKhP16lsda_header_info
                0x80026cec        0x0 /home/leon/riotboard/arm-2012.09/bin/../arm-none-eabi/lib//libstdc++.a(eh_personality.o)
 .ARM.extab.text.__gxx_personality_v0
                0x80026cec       0x20 /home/leon/riotboard/arm-2012.09/bin/../arm-none-eabi/lib//libstdc++.a(eh_personality.o)
 .ARM.extab.text.__cxa_get_exception_ptr
                0x80026d0c        0x0 /home/leon/riotboard/arm-2012.09/bin/../arm-none-eabi/lib//libstdc++.a(eh_catch.o)
 .ARM.extab.text.__cxa_begin_catch
                0x80026d0c       0x20 /home/leon/riotboard/arm-2012.09/bin/../arm-none-eabi/lib//libstdc++.a(eh_catch.o)
 .ARM.extab.text.__cxa_end_catch
                0x80026d2c        0xc /home/leon/riotboard/arm-2012.09/bin/../arm-none-eabi/lib//libstdc++.a(eh_catch.o)
 .ARM.extab.text._ZSt18uncaught_exceptionv
                0x80026d38        0x0 /home/leon/riotboard/arm-2012.09/bin/../arm-none-eabi/lib//libstdc++.a(eh_catch.o)
 .ARM.extab.text._ZNK10__cxxabiv117__class_type_info11__do_upcastEPKS0_PPv
                0x80026d38        0x0 /home/leon/riotboard/arm-2012.09/bin/../arm-none-eabi/lib//libstdc++.a(class_type_info.o)
 .ARM.extab.text._ZNK10__cxxabiv117__class_type_info20__do_find_public_srcEiPKvPKS0_S2_
                0x80026d38        0x0 /home/leon/riotboard/arm-2012.09/bin/../arm-none-eabi/lib//libstdc++.a(class_type_info.o)
 .ARM.extab.text._ZNK10__cxxabiv117__class_type_info11__do_upcastEPKS0_PKvRNS0_15__upcast_resultE
                0x80026d38        0x0 /home/leon/riotboard/arm-2012.09/bin/../arm-none-eabi/lib//libstdc++.a(class_type_info.o)
 .ARM.extab.text._ZN10__cxxabiv117__class_type_infoD2Ev
                0x80026d38        0x0 /home/leon/riotboard/arm-2012.09/bin/../arm-none-eabi/lib//libstdc++.a(class_type_info.o)
 .ARM.extab.text._ZN10__cxxabiv117__class_type_infoD0Ev
                0x80026d38        0x0 /home/leon/riotboard/arm-2012.09/bin/../arm-none-eabi/lib//libstdc++.a(class_type_info.o)
 .ARM.extab.text._ZNK10__cxxabiv117__class_type_info12__do_dyncastEiNS0_10__sub_kindEPKS0_PKvS3_S5_RNS0_16__dyncast_resultE
                0x80026d38        0x0 /home/leon/riotboard/arm-2012.09/bin/../arm-none-eabi/lib//libstdc++.a(class_type_info.o)
 .ARM.extab.text._ZNK10__cxxabiv117__class_type_info10__do_catchEPKSt9type_infoPPvj
                0x80026d38        0x0 /home/leon/riotboard/arm-2012.09/bin/../arm-none-eabi/lib//libstdc++.a(class_type_info.o)
 .ARM.extab.text._ZN9__gnu_cxx27__verbose_terminate_handlerEv
                0x80026d38       0x34 /home/leon/riotboard/arm-2012.09/bin/../arm-none-eabi/lib//libstdc++.a(vterminate.o)
 .ARM.extab.text.__cxa_current_exception_type
                0x80026d6c        0x0 /home/leon/riotboard/arm-2012.09/bin/../arm-none-eabi/lib//libstdc++.a(eh_type.o)
 .ARM.extab.text._ZdlPv
                0x80026d6c        0x0 /home/leon/riotboard/arm-2012.09/bin/../arm-none-eabi/lib//libstdc++.a(del_op.o)
 .ARM.extab.text._ZNSt9type_infoD2Ev
                0x80026d6c        0x0 /home/leon/riotboard/arm-2012.09/bin/../arm-none-eabi/lib//libstdc++.a(tinfo.o)
 .ARM.extab.text._ZNKSt9type_info14__is_pointer_pEv
                0x80026d6c        0x0 /home/leon/riotboard/arm-2012.09/bin/../arm-none-eabi/lib//libstdc++.a(tinfo.o)
 .ARM.extab.text._ZNKSt9type_info15__is_function_pEv
                0x80026d6c        0x0 /home/leon/riotboard/arm-2012.09/bin/../arm-none-eabi/lib//libstdc++.a(tinfo.o)
 .ARM.extab.text._ZNKSt9type_info11__do_upcastEPKN10__cxxabiv117__class_type_infoEPPv
                0x80026d6c        0x0 /home/leon/riotboard/arm-2012.09/bin/../arm-none-eabi/lib//libstdc++.a(tinfo.o)
 .ARM.extab.text._ZNSt9type_infoD0Ev
                0x80026d6c        0x0 /home/leon/riotboard/arm-2012.09/bin/../arm-none-eabi/lib//libstdc++.a(tinfo.o)
 .ARM.extab.text._ZNKSt9type_infoeqERKS_
                0x80026d6c        0x0 /home/leon/riotboard/arm-2012.09/bin/../arm-none-eabi/lib//libstdc++.a(tinfo.o)
 .ARM.extab.text._ZNKSt9type_info10__do_catchEPKS_PPvj
                0x80026d6c        0x0 /home/leon/riotboard/arm-2012.09/bin/../arm-none-eabi/lib//libstdc++.a(tinfo.o)
 .ARM.extab     0x80026d6c       0x18 /home/leon/riotboard/arm-2012.09/bin/../lib/gcc/arm-none-eabi/4.7.2//libgcc.a(unwind-arm.o)
 .ARM.extab     0x80026d84       0x18 /home/leon/riotboard/arm-2012.09/bin/../lib/gcc/arm-none-eabi/4.7.2//libgcc.a(pr-support.o)
 .ARM.extab     0x80026d9c        0x0 /home/leon/riotboard/arm-2012.09/bin/../lib/gcc/arm-none-eabi/4.7.2//libgcc.a(_divdi3.o)
 .ARM.extab     0x80026d9c        0x0 /home/leon/riotboard/arm-2012.09/bin/../lib/gcc/arm-none-eabi/4.7.2//libgcc.a(_udivdi3.o)
 *(.gcc_except_table)

.v4_bx          0x80026d9c        0x0
 .v4_bx         0x00000000        0x0 linker stubs

.iplt           0x80026d9c        0x0
 .iplt          0x00000000        0x0 /home/leon/riotboard/arm-2012.09/bin/../lib/gcc/arm-none-eabi/4.7.2//crtbegin.o

.ctors
 *crtbegin.o(.ctors)
 *crtbegin?.o(.ctors)
 *(EXCLUDE_FILE(*crtend?.o *crtend.o) .ctors)
 *(SORT(.ctors.*))
 *(.ctors)

.dtors
 *crtbegin.o(.dtors)
 *crtbegin?.o(.dtors)
 *(EXCLUDE_FILE(*crtend?.o *crtend.o) .dtors)
 *(SORT(.dtors.*))
 *(.dtors)

.rodata         0x80026da0     0x210c
 *(.rodata .rodata.* .gnu.linkonce.r.*)
 .rodata.str1.1
                0x80026da0       0xf5 /home/leon/git/swp-report/iMX6_Platform_SDK/output/mx6sl/stream/evk_rev_a/obj/apps/common/print_version.o
 .rodata.str1.1
                0x80026e95       0x1e /home/leon/git/swp-report/iMX6_Platform_SDK/output/mx6sl/stream/evk_rev_a/obj/apps/stream/src/main.o
 *fill*         0x80026eb3        0x5 
 .rodata        0x80026eb8       0x50 /home/leon/git/swp-report/iMX6_Platform_SDK/output/mx6sl/stream/evk_rev_a/obj/apps/stream/src/stream.o
 .rodata.str1.1
                0x80026f08      0x17f /home/leon/git/swp-report/iMX6_Platform_SDK/output/mx6sl/stream/evk_rev_a/obj/apps/stream/src/stream.o
 *fill*         0x80027087        0x1 
 .rodata        0x80027088       0x34 /home/leon/git/swp-report/iMX6_Platform_SDK/output/mx6sl/lib/libsdk.a(ccm_pll.o)
                0x80027088                PLL1_OUTPUT
                0x8002708c                PLL2_OUTPUT
                0x800270a0                PLL3_OUTPUT
                0x800270b4                PLL4_OUTPUT
                0x800270b8                PLL5_OUTPUT
 .rodata        0x800270bc       0x64 /home/leon/git/swp-report/iMX6_Platform_SDK/output/mx6sl/lib/libsdk.a(gic.o)
 .rodata        0x80027120       0x50 /home/leon/git/swp-report/iMX6_Platform_SDK/output/mx6sl/lib/libsdk.a(sdk_version.o)
                0x80027120                k_sdk_version
                0x80027124                k_sdk_copyright
 .rodata        0x80027170       0xcc /home/leon/git/swp-report/iMX6_Platform_SDK/output/mx6sl/lib/libsdk.a(system_util.o)
 .rodata        0x8002723c       0xf4 /home/leon/git/swp-report/iMX6_Platform_SDK/output/mx6sl/lib/libsdk.a(text_color.o)
                0x80027244                g_TextAttributeDefault
                0x80027250                g_TextAttributeBold
                0x8002725c                g_TextAttributeDim
                0x80027268                g_TextAttributeUnderline
                0x80027274                g_TextAttributeBlink
                0x80027280                g_TextAttributeReverse
                0x8002728c                g_TextAttributeHidden
                0x80027298                g_TextColorBlack
                0x800272a4                g_TextColorRed
                0x800272b0                g_TextColorGreen
                0x800272bc                g_TextColorYellow
                0x800272c8                g_TextColorBlue
                0x800272d4                g_TextColorMagenta
                0x800272e0                g_TextColorCyan
                0x800272ec                g_TextColorWhite
                0x800272fc                g_TextColorOrange
                0x8002730c                g_TextColorLightBlue
                0x8002731c                g_TextColorGray
                0x8002732c                g_TextColorPurple
 .rodata        0x80027330      0x1f8 /home/leon/git/swp-report/iMX6_Platform_SDK/output/mx6sl/lib/libsdk.a(board_id.o)
 .rodata        0x80027528       0x48 /home/leon/git/swp-report/iMX6_Platform_SDK/output/mx6sl/lib/libsdk.a(cpu_workpoint.o)
 .rodata        0x80027570      0x248 /home/leon/git/swp-report/iMX6_Platform_SDK/output/mx6sl/lib/libsdk.a(pmu_driver.o)
                0x80027570                vtable for pmu::LDOSoCRegulator
                0x800275c8                vtable for pmu::LDOGraphicsRegulator
                0x80027620                vtable for pmu::LDOARMRegulator
                0x80027678                vtable for pmu::DigitalRegulator
                0x800276d0                vtable for pmu::LDO3p0Regulator
                0x80027708                vtable for pmu::LDO1p1Regulator
                0x80027740                vtable for pmu::AnalogRegulator
                0x80027778                vtable for pmu::Regulator
 .rodata._ZTVN3pmu15LDO2p5RegulatorE
                0x800277b8       0x38 /home/leon/git/swp-report/iMX6_Platform_SDK/output/mx6sl/lib/libsdk.a(pmu_driver.o)
                0x800277b8                vtable for pmu::LDO2p5Regulator
 .rodata        0x800277f0       0x20 /home/leon/git/swp-report/iMX6_Platform_SDK/output/mx6sl/lib/libsdk.a(interrupt.o)
 .rodata        0x80027810      0x230 /home/leon/git/swp-report/iMX6_Platform_SDK/output/mx6sl/lib/libsdk.a(abort_handler.o)
 .rodata        0x80027a40       0x74 /home/leon/git/swp-report/iMX6_Platform_SDK/output/mx6sl/lib/libboard_evk_rev_a.a(uart_iomux_config.o)
 .rodata.str1.4
                0x80027ab4       0x3b /home/leon/riotboard/arm-2012.09/bin/../arm-none-eabi/lib//libstdc++.a(pure.o)
                                 0x3c (size before relaxing)
 *fill*         0x80027aef        0x1 
 .rodata._ZTVN10__cxxabiv115__forced_unwindE
                0x80027af0       0x18 /home/leon/riotboard/arm-2012.09/bin/../arm-none-eabi/lib//libstdc++.a(eh_exception.o)
                0x80027af0                vtable for __cxxabiv1::__forced_unwind
 .rodata._ZTVSt9exception
                0x80027b08       0x18 /home/leon/riotboard/arm-2012.09/bin/../arm-none-eabi/lib//libstdc++.a(eh_exception.o)
                0x80027b08                vtable for std::exception
 .rodata._ZTIN10__cxxabiv115__forced_unwindE