Archive member included because of file (symbol)

/home/leon/git/swp-report/iMX6_Platform_SDK/output/mx6dq/lib/libsdk.a(base.o)
                              /home/leon/git/swp-report/iMX6_Platform_SDK/output/mx6dq/filesystem/sabre_ai_rev_a/obj/apps/filesystem/src/fs_test.o (GetFileSize)
/home/leon/git/swp-report/iMX6_Platform_SDK/output/mx6dq/lib/libsdk.a(cache_wrappers.o)
                              /home/leon/git/swp-report/iMX6_Platform_SDK/output/mx6dq/filesystem/sabre_ai_rev_a/obj/apps/filesystem/src/fs_test.o (g_usdhc_instance)
/home/leon/git/swp-report/iMX6_Platform_SDK/output/mx6dq/lib/libsdk.a(chdir.o)
                              /home/leon/git/swp-report/iMX6_Platform_SDK/output/mx6dq/filesystem/sabre_ai_rev_a/obj/apps/filesystem/src/fs_test.o (SetCWDHandle)
/home/leon/git/swp-report/iMX6_Platform_SDK/output/mx6dq/lib/libsdk.a(directories.o)
                              /home/leon/git/swp-report/iMX6_Platform_SDK/output/mx6dq/lib/libsdk.a(base.o) (CreateDirRecord)
/home/leon/git/swp-report/iMX6_Platform_SDK/output/mx6dq/lib/libsdk.a(fatapi.o)
                              /home/leon/git/swp-report/iMX6_Platform_SDK/output/mx6dq/lib/libsdk.a(base.o) (Findnextcluster)
/home/leon/git/swp-report/iMX6_Platform_SDK/output/mx6dq/lib/libsdk.a(findnextsector.o)
                              /home/leon/git/swp-report/iMX6_Platform_SDK/output/mx6dq/lib/libsdk.a(base.o) (UpdateHandleOffsets)
/home/leon/git/swp-report/iMX6_Platform_SDK/output/mx6dq/lib/libsdk.a(fopen.o)
                              /home/leon/git/swp-report/iMX6_Platform_SDK/output/mx6dq/lib/libsdk.a(cache_wrappers.o) (totalFileOpened)
/home/leon/git/swp-report/iMX6_Platform_SDK/output/mx6dq/lib/libsdk.a(fs_fat_memory.o)
                              /home/leon/git/swp-report/iMX6_Platform_SDK/output/mx6dq/filesystem/sabre_ai_rev_a/obj/apps/filesystem/src/fs_test.o (maxcaches)
/home/leon/git/swp-report/iMX6_Platform_SDK/output/mx6dq/lib/libsdk.a(fs_steering.o)
                              /home/leon/git/swp-report/iMX6_Platform_SDK/output/mx6dq/filesystem/sabre_ai_rev_a/obj/apps/filesystem/src/fs_test.o (Fclose)
/home/leon/git/swp-report/iMX6_Platform_SDK/output/mx6dq/lib/libsdk.a(fsinit.o)
                              /home/leon/git/swp-report/iMX6_Platform_SDK/output/mx6dq/lib/libsdk.a(base.o) (Handle)
/home/leon/git/swp-report/iMX6_Platform_SDK/output/mx6dq/lib/libsdk.a(fsunicode.o)
                              /home/leon/git/swp-report/iMX6_Platform_SDK/output/mx6dq/lib/libsdk.a(directories.o) (Long_NameRes_Ch)
/home/leon/git/swp-report/iMX6_Platform_SDK/output/mx6dq/lib/libsdk.a(handle.o)
                              /home/leon/git/swp-report/iMX6_Platform_SDK/output/mx6dq/lib/libsdk.a(chdir.o) (Freehandle)
/home/leon/git/swp-report/iMX6_Platform_SDK/output/mx6dq/lib/libsdk.a(longfilename.o)
                              /home/leon/git/swp-report/iMX6_Platform_SDK/output/mx6dq/lib/libsdk.a(directories.o) (ArrangeLongFileName)
/home/leon/git/swp-report/iMX6_Platform_SDK/output/mx6dq/lib/libsdk.a(readdevicerecord.o)
                              /home/leon/git/swp-report/iMX6_Platform_SDK/output/mx6dq/lib/libsdk.a(fsinit.o) (Readdevicerecord)
/home/leon/git/swp-report/iMX6_Platform_SDK/output/mx6dq/lib/libsdk.a(reentrant_section.o)
                              /home/leon/git/swp-report/iMX6_Platform_SDK/output/mx6dq/lib/libsdk.a(base.o) (EnterNonReentrantSection)
/home/leon/git/swp-report/iMX6_Platform_SDK/output/mx6dq/lib/libsdk.a(standardapi.o)
                              /home/leon/git/swp-report/iMX6_Platform_SDK/output/mx6dq/lib/libsdk.a(fs_steering.o) (Fclose_FAT)
/home/leon/git/swp-report/iMX6_Platform_SDK/output/mx6dq/lib/libsdk.a(string_utilities.o)
                              /home/leon/git/swp-report/iMX6_Platform_SDK/output/mx6dq/lib/libsdk.a(longfilename.o) (Convert_itoa)
/home/leon/git/swp-report/iMX6_Platform_SDK/output/mx6dq/lib/libsdk.a(armv7_cache.o)
                              /home/leon/git/swp-report/iMX6_Platform_SDK/output/mx6dq/filesystem/sabre_ai_rev_a/obj/apps/filesystem/src/fs_test.o (arm_dcache_enable)
/home/leon/git/swp-report/iMX6_Platform_SDK/output/mx6dq/lib/libsdk.a(ccm_pll.o)
                              /home/leon/git/swp-report/iMX6_Platform_SDK/output/mx6dq/filesystem/sabre_ai_rev_a/obj/apps/common/platform_init.o (ccm_init)
/home/leon/git/swp-report/iMX6_Platform_SDK/output/mx6dq/lib/libsdk.a(cortexA9.o)
                              /home/leon/git/swp-report/iMX6_Platform_SDK/output/mx6dq/filesystem/sabre_ai_rev_a/obj/apps/common/platform_init.o (arm_set_interrupt_state)
/home/leon/git/swp-report/iMX6_Platform_SDK/output/mx6dq/lib/libsdk.a(gic.o)
                              /home/leon/git/swp-report/iMX6_Platform_SDK/output/mx6dq/filesystem/sabre_ai_rev_a/obj/apps/common/platform_init.o (gic_init)
/home/leon/git/swp-report/iMX6_Platform_SDK/output/mx6dq/lib/libsdk.a(mmu.o)
[...]
Memory Configuration

Name             Origin             Length             Attributes
OCRAM            0x00900000         0x00040000         xrw
DDR              0x10000000         0x80000000         xrw
*default*        0x00000000         0xffffffff

Linker script and memory map

LOAD /home/leon/riotboard/arm-2012.09/bin/../lib/gcc/arm-none-eabi/4.7.2//crtbegin.o
LOAD /home/leon/riotboard/arm-2012.09/bin/../lib/gcc/arm-none-eabi/4.7.2//crti.o
LOAD /home/leon/riotboard/arm-2012.09/bin/../lib/gcc/arm-none-eabi/4.7.2//crtend.o
LOAD /home/leon/riotboard/arm-2012.09/bin/../lib/gcc/arm-none-eabi/4.7.2//crtn.o

.l1_page_table  0x00900000     0x4000
                0x00900000                __l1_page_table_start = .
                0x00904000                . = (. + 0x4000)
 *fill*         0x00900000     0x4000 

.heap.ocram     0x00904000    0x3bfb8
                0x00904000                __heap_ocram_start = .
                0x0093ffb8                . = (. + 0x3bfb8)
 *fill*         0x00904000    0x3bfb8 
                0x0093ffb8                __heap_ocram_end = .

.ram_vectors    0x0093ffb8       0x48
                0x0093ffb8                __ram_vectors_start = .
                0x00940000                . = (. + 0x48)
 *fill*         0x0093ffb8       0x48 
                0x00940000                __ram_vectors_end = .
                0x10000000                _start_image_add = ORIGIN (DDR)

.ivt            0x10000000      0x420
                0x10000400                . = (. + 0x400)
 *fill*         0x10000000      0x400 
 *(.ivt)
 .ivt           0x10000400       0x20 /home/leon/git/swp-report/iMX6_Platform_SDK/output/mx6dq/filesystem/sabre_ai_rev_a/obj/apps/common/ivt.o
                0x10000400                input_ivt

.boot_data      0x10000420        0xc
                0x10000420                __start_boot_data = .
 *(.boot_data)
 .boot_data     0x10000420        0xc /home/leon/git/swp-report/iMX6_Platform_SDK/output/mx6dq/filesystem/sabre_ai_rev_a/obj/apps/common/ivt.o
                0x10000420                bd

.dcd_hdr        0x10000430        0x4
                0x10000430                __start_dcd = .
 *(.dcd_hdr)
 .dcd_hdr       0x10000430        0x4 /home/leon/git/swp-report/iMX6_Platform_SDK/output/mx6dq/lib/libboard_sabre_ai_rev_a.a(dcd.o)
                0x10000430                input_dcd_hdr

.dcd_wrt_cmd    0x10000434        0x4
 *(.dcd_wrt_cmd)
 .dcd_wrt_cmd   0x10000434        0x4 /home/leon/git/swp-report/iMX6_Platform_SDK/output/mx6dq/lib/libboard_sabre_ai_rev_a.a(dcd.o)
                0x10000434                input_dcd_wrt_cmd

.dcd_data       0x10000438      0x298
 *(.dcd_data)
 .dcd_data      0x10000438      0x298 /home/leon/git/swp-report/iMX6_Platform_SDK/output/mx6dq/lib/libboard_sabre_ai_rev_a.a(dcd.o)
                0x10000438                input_dcd

.text           0x100006d0    0x37c60
 CREATE_OBJECT_SYMBOLS
 *(.startup)
 .startup       0x100006d0      0x138 /home/leon/git/swp-report/iMX6_Platform_SDK/output/mx6dq/lib/libsdk.a(startup.o)
                0x100006d0                _start
 *(.text .text.* .gnu.linkonce.t.*)
 .text          0x10000808      0x128 /home/leon/riotboard/arm-2012.09/bin/../lib/gcc/arm-none-eabi/4.7.2//crtbegin.o
 .text          0x10000930        0x0 /home/leon/riotboard/arm-2012.09/bin/../lib/gcc/arm-none-eabi/4.7.2//crti.o
 .text          0x10000930        0x0 /home/leon/riotboard/arm-2012.09/bin/../lib/gcc/arm-none-eabi/4.7.2//crtend.o
 .text          0x10000930        0x0 /home/leon/riotboard/arm-2012.09/bin/../lib/gcc/arm-none-eabi/4.7.2//crtn.o
 .text          0x10000930        0x0 /home/leon/git/swp-report/iMX6_Platform_SDK/output/mx6dq/filesystem/sabre_ai_rev_a/obj/apps/common/ivt.o
 .text          0x10000930       0x98 /home/leon/git/swp-report/iMX6_Platform_SDK/output/mx6dq/filesystem/sabre_ai_rev_a/obj/apps/common/platform_init.o
                0x10000930                platform_init
 .text          0x100009c8       0xfc /home/leon/git/swp-report/iMX6_Platform_SDK/output/mx6dq/filesystem/sabre_ai_rev_a/obj/apps/common/print_clock_info.o
                0x100009c8                show_freq
                0x10000ab4                show_ddr_config
 .text          0x10000ac4      0x15c /home/leon/git/swp-report/iMX6_Platform_SDK/output/mx6dq/filesystem/sabre_ai_rev_a/obj/apps/common/print_version.o
                0x10000ac4                print_version
 .text          0x10000c20     0x135c /home/leon/git/swp-report/iMX6_Platform_SDK/output/mx6dq/filesystem/sabre_ai_rev_a/obj/apps/filesystem/src/fs_test.o
                0x10000cbc                fat_write_speed_test
                0x10000fec                sd_raw_write_speed_test
                0x10001254                create_input_file
                0x100013fc                fat_read_speed_test
                0x1000173c                sd_raw_read_speed_test
                0x100019bc                dump_test_results
                0x10001d54                fat_test
                0x10001f58                main
 .text          0x10001f7c     0x2e4c /home/leon/git/swp-report/iMX6_Platform_SDK/output/mx6dq/lib/libsdk.a(base.o)
                0x10001fa8                Fcreate
                0x10002118                Fflush
                0x10002460                GetFileSize
                0x10002500                Fread_FAT
                0x10002df0                Fwrite_FAT
                0x10003b50                UpdateFileSize
                0x10003de4                SeekPoint_InitializeBuffer
                0x10003ea8                SeekPoint_CalculateSeekPointStep
                0x10004138                SeekPoint_FillSeekPoint
                0x10004278                Fseek_FAT
                0x10004c38                Ftell
                0x10004cd8                Feof
 .text          0x10004dc8     0x197c /home/leon/git/swp-report/iMX6_Platform_SDK/output/mx6dq/lib/libsdk.a(cache_wrappers.o)
                0x10004dc8                media_cache_pinned_write
                0x10004e38                media_cache_release
                0x10004e68                fatCacheAllocate
                0x10004fc4                updateFatCacheRefIndex
                0x10005034                getFatCache
                0x1000517c                fatCacheRelease
                0x1000539c                print_media_fat_info
                0x10005850                FsFlushCache
                0x1000590c                FSWriteSector
                0x10005cc8                FSWriteMultiSectors
                0x10005dc4                FSEraseSector
                0x10005ef0                FSReadSector
                0x10006138                FSReadMultiSectors
                0x10006220                FSReleaseSector
                0x1000625c                FSFlushSector
                0x1000628c                FlushCache
                0x100062a4                FSFlushDriveCache
                0x100062cc                VerifyPBS
                0x100063f0                FSDataDriveInit
 .text          0x10006744     0x3214 /home/leon/git/swp-report/iMX6_Platform_SDK/output/mx6dq/lib/libsdk.a(chdir.o)
                0x10006744                Chdir
                0x100069dc                Chdirw
                0x10006c24                Getcwd
                0x10006c3c                Changepath
                0x10006e00                ChangeToRootdirectory
                0x10007170                Searchdirectory
                0x100078f0                SetHandleforsearch
                0x10008064                Mkdir
                0x1000825c                Mkdirw
                0x10008450                Rmdir
                0x100089c8                Rmdirw
                0x10008ed0                CreateDirectory
                0x100098ec                SetCWDHandle
 .text          0x10009958     0x23d0 /home/leon/git/swp-report/iMX6_Platform_SDK/output/mx6dq/lib/libsdk.a(directories.o)
                0x10009958                CreateDirRecord
                0x10009e14                ChkSum
                0x10009eb8                ReadDirectoryRecord
                0x1000a144                GetDateTime
                0x1000a17c                CreateShortDirRecord
                0x1000a3b0                Isdirectoryempty
                0x1000a464                Longdirmatch
                0x1000a6ec                MatchdirRecordW
                0x1000a888                Shortdirmatch
                0x1000aa08                Setfilename
                0x1000ab7c                Uppercase
                0x1000ac34                ConverToShortname
                0x1000afb8                FindfreeRecord
                0x1000b1e8                Searchfreerecord
                0x1000b2d4                CheckspaceinRootdir
                0x1000b440                DeleteRecord
                0x1000b77c                ReadRootdirRecord
                0x1000b96c                SetcurrentPos
                0x1000bac0                GetVolumeLabel
 .text          0x1000bd28     0x1e58 /home/leon/git/swp-report/iMX6_Platform_SDK/output/mx6dq/lib/libsdk.a(fatapi.o)
                0x1000bd54                FATsectorno
                0x1000bef0                Computefreecluster
                0x1000bf90                Findnextcluster
                0x1000c018                FirstfreeAndallocate
                0x1000c65c                FirstfreeAndallocateFAT32
                0x1000c858                Firstsectorofcluster
                0x1000c938                GetNewcluster
                0x1000cb18                ReadFAT12Entry
                0x1000cd2c                ReadFATentry
                0x1000cf28                Totalfreecluster
                0x1000d268                TotalfreeclusterFAT16
                0x1000d6a0                WriteFATentry
                0x1000da90                ClearCluster
 .text          0x1000db80      0x25c /home/leon/git/swp-report/iMX6_Platform_SDK/output/mx6dq/lib/libsdk.a(findnextsector.o)
                0x1000db80                UpdateHandleOffsets
                0x1000dd0c                FindNextSector
 .text          0x1000dddc     0x20d0 /home/leon/git/swp-report/iMX6_Platform_SDK/output/mx6dq/lib/libsdk.a(fopen.o)
                0x1000dddc                Fopen
                0x1000e52c                Fopenw
                0x1000ebf4                Fremove
                0x1000ef60                Fremovew
                0x1000f264                Frename
                0x1000f610                DeleteContent
 .text          0x1000feac        0x0 /home/leon/git/swp-report/iMX6_Platform_SDK/output/mx6dq/lib/libsdk.a(fs_fat_memory.o)
 .text          0x1000feac      0x2f0 /home/leon/git/swp-report/iMX6_Platform_SDK/output/mx6dq/lib/libsdk.a(fs_steering.o)
                0x1000fed8                FileSystemType
                0x1000ff40                Fclose
                0x1000ffd4                Fwrite
                0x10010078                Fseek
                0x100100f8                Fread
 .text          0x1001019c      0x41c /home/leon/git/swp-report/iMX6_Platform_SDK/output/mx6dq/lib/libsdk.a(fsinit.o)
                0x1001019c                FSInit
                0x10010268                FSDriveInit
                0x1001037c                FSClearDriveBuf
                0x10010418                FSDriveShutdown
                0x100104dc                FSShutdown
 .text          0x100105b8      0x2d4 /home/leon/git/swp-report/iMX6_Platform_SDK/output/mx6dq/lib/libsdk.a(fsunicode.o)
                0x100105b8                DBCStoUnicode
                0x10010688                UnicodeToOEM
                0x1001079c                DBCStoTwoByteString
 .text          0x1001088c      0xea8 /home/leon/git/swp-report/iMX6_Platform_SDK/output/mx6dq/lib/libsdk.a(handle.o)
                0x1001088c                Freehandle
                0x1001095c                Updatehandlemode
                0x10010a10                Gethandlemode
                0x10010ab4                IsHandleWriteAllocated
                0x10010cc4                Searchfreehandleallocate
                0x10010e68                Isfileopen
                0x10011044                IsCurrWorkDir
                0x10011198                GetCWDHandle
                0x1001127c                GetDeviceFromHandle
                0x10011380                UpdateHandle
                0x10011594                Handleactive
                0x10011654                CheckMode
                0x10011694                Ferror
 .text          0x10011734     0x112c /home/leon/git/swp-report/iMX6_Platform_SDK/output/mx6dq/lib/libsdk.a(longfilename.o)
                0x10011734                ConstructLongFileName
                0x10011a64                GetUnicodeWord
                0x10011abc                ArrangeLongFileName
                0x10011df4                Setshortfilename
                0x10012420                IsShortNameValid
                0x100126b4                ArrangeFileName
 .text          0x10012860     0x1268 /home/leon/git/swp-report/iMX6_Platform_SDK/output/mx6dq/lib/libsdk.a(readdevicerecord.o)
                0x10012860                Readdevicerecord
                0x100135a0                FSSize
                0x100136b0                FSFreeClusters
                0x100136f8                BytesPerCluster
                0x10013748                FSClusterShift
                0x10013790                FSFreeSpace
                0x10013838                FSFreeSpaceFromHandle
                0x100138b0                FSMediaPresent
                0x100138f8                FSFATType
                0x10013940                Cleardevicerecord
                0x100139c8                FileSystemPresent
                0x10013a78                FileSystemBootSectorVerify
 .text          0x10013ac8       0x20 /home/leon/git/swp-report/iMX6_Platform_SDK/output/mx6dq/lib/libsdk.a(reentrant_section.o)
                0x10013ac8                EnterNonReentrantSection
                0x10013ad8                LeaveNonReentrantSection
 .text          0x10013ae8      0x44c /home/leon/git/swp-report/iMX6_Platform_SDK/output/mx6dq/lib/libsdk.a(standardapi.o)
                0x10013ae8                Fclose_FAT
                0x10013bb4                Fgetc
                0x10013c88                Fgets
                0x10013d9c                Fputc
                0x10013e50                Fputs
 .text          0x10013f34      0xce8 /home/leon/git/swp-report/iMX6_Platform_SDK/output/mx6dq/lib/libsdk.a(string_utilities.o)
                0x10013f34                Convert_itoa
                0x10014074                Changecase
                0x100140e4                StrlengthW
                0x10014154                Strlength
                0x100141bc                Strcpy
                0x10014264                Strcpyw
                0x1001433c                GetChar
                0x10014390                GetCharW
                0x100143e4                PutChar
                0x1001443c                PutCharW
                0x1001448c                GetnameW
                0x100144ec                Getname
                0x10014548                GetDirnameW
                0x100145a4                Extractfilename
                0x10014610                Extractfilenamew
                0x100146a0                Extractdirnamew
                0x1001470c                ExtractPathW
                0x100147c0                ExtractPath
                0x10014858                DiscardTrailigPeriods
                0x10014918                DiscardTrailigPeriodsw
                0x100149bc                FSGetByte
                0x100149f8                FSGetWord
                0x10014a54                FSGetDWord
                0x10014ae8                PutByte
                0x10014b24                PutWord
                0x10014b80                PutDword
 .text          0x10014c1c      0x644 /home/leon/git/swp-report/iMX6_Platform_SDK/output/mx6dq/lib/libsdk.a(armv7_cache.o)
                0x10014c1c                arm_dcache_state_query
                0x10014c5c                arm_dcache_enable
                0x10014ca4                arm_dcache_disable
                0x10014cdc                arm_dcache_invalidate
                0x10014d80                arm_dcache_invalidate_line
                0x10014dec                arm_dcache_invalidate_mlines
                0x10014e8c                arm_dcache_flush
                0x10014f30                arm_dcache_flush_line
                0x10014f9c                arm_dcache_flush_mlines
                0x1001503c                arm_icache_state_query
                0x1001507c                arm_icache_enable
                0x100150c4                arm_icache_disable
                0x100150fc                arm_icache_invalidate
                0x10015128                arm_icache_invalidate_is
                0x10015154                arm_icache_invalidate_line
                0x100151c0                arm_icache_invalidate_mlines
 .text          0x10015260      0xcdc /home/leon/git/swp-report/iMX6_Platform_SDK/output/mx6dq/lib/libsdk.a(ccm_pll.o)
                0x10015260                ccm_init
                0x10015384                get_main_clock
                0x10015614                get_peri_clock
                0x100157c4                ccm_ccgr_config
                0x1001582c                clock_gating_config
                0x10015cac                ccm_set_lpm_wakeup_source
                0x10015da0                ccm_enter_low_power
                0x10015e10                ipu_hsp_clk_config
                0x10015e30                gpu_clock_config
 .text          0x10015f3c      0x164 /home/leon/git/swp-report/iMX6_Platform_SDK/output/mx6dq/lib/libsdk.a(cortexA9.o)
                0x10015f3c                arm_set_interrupt_state
                0x10015f60                cpu_get_current
                0x10015f6c                enable_neon_fpu
                0x10015f88                disable_strict_align_check
                0x10015f9c                disable_L1_cache
                0x10015fbc                get_arm_private_peripheral_base
                0x10015fc4                arm_unified_tlb_invalidate
                0x10015fd4                arm_unified_tlb_invalidate_is
                0x10015fe4                arm_branch_prediction_enable
                0x10015ff4                arm_branch_prediction_disable
                0x10016004                arm_branch_target_cache_invalidate
                0x10016010                arm_branch_target_cache_invalidate_is
                0x1001601c                scu_enable
                0x10016030                scu_join_smp
                0x10016040                scu_leave_smp
                0x10016050                scu_get_cpus_in_smp
                0x10016064                scu_enable_maintenance_broadcast
                0x10016074                scu_disable_maintenance_broadcast
                0x10016084                scu_secure_invalidate
 .text          0x100160a0      0x5e0 /home/leon/git/swp-report/iMX6_Platform_SDK/output/mx6dq/lib/libsdk.a(gic.o)
                0x10016184                gic_enable
                0x100161e4                gic_set_irq_security
                0x1001628c                gic_enable_irq
                0x10016308                gic_set_irq_priority
                0x10016350                gic_set_cpu_target
                0x1001645c                gic_send_sgi
                0x100164b0                gic_cpu_enable
                0x10016510                gic_set_cpu_priority_mask
                0x10016544                gic_read_irq_ack
                0x10016570                gic_write_end_of_irq
                0x100165a0                gic_init
                0x10016644                gic_init_cpu
 .text          0x10016680      0x460 /home/leon/git/swp-report/iMX6_Platform_SDK/output/mx6dq/lib/libsdk.a(mmu.o)
                0x10016680                mmu_enable
                0x100166b8                mmu_disable
                0x100166ec                mmu_init
                0x10016808                mmu_map_l1_range
                0x10016a20                mmu_virtual_to_physical
 .text          0x10016ae0        0x0 /home/leon/git/swp-report/iMX6_Platform_SDK/output/mx6dq/lib/libsdk.a(startup.o)
 .text          0x10016ae0        0x4 /home/leon/git/swp-report/iMX6_Platform_SDK/output/mx6dq/lib/libsdk.a(vectors.o)
                0x10016ae0                exception_handler
 .text.vectors  0x10016ae4       0x48 /home/leon/git/swp-report/iMX6_Platform_SDK/output/mx6dq/lib/libsdk.a(vectors.o)
                0x10016ae4                vectors
 .text          0x10016b2c      0x610 /home/leon/git/swp-report/iMX6_Platform_SDK/output/mx6dq/lib/libsdk.a(runtime_support.o)
                0x10016b2c                _execve
                0x10016b68                _fork
                0x10016b90                _isatty
                0x10016bb4                _open
                0x10016be0                _close
                0x10016c04                _lseek
                0x10016c30                _fstat
                0x10016c64                _read
                0x10016d34                _write
                0x10016e20                _raw_puts
                0x10016ea0                _sbrk
                0x10016f50                _exit
                0x10016f70                _kill
                0x10016fa8                _getpid
                0x10016fc0                _link
                0x10016ff8                _unlink
                0x1001702c                _stat
                0x10017060                _times
                0x10017084                _gettimeofday
                0x10017108                _wait
 .text          0x1001713c        0x0 /home/leon/git/swp-report/iMX6_Platform_SDK/output/mx6dq/lib/libsdk.a(sdk_version.o)
 .text          0x1001713c      0x914 /home/leon/git/swp-report/iMX6_Platform_SDK/output/mx6dq/lib/libsdk.a(system_util.o)
                0x1001713c                _sys_exit
                0x10017158                mybkpt
                0x10017160                is_input_char
                0x100172e0                read_input_string
                0x100175c8                get_input_hex
                0x10017848                read_int
                0x100179ac                jump_to_sdp
 .text          0x10017a50       0xe0 /home/leon/git/swp-report/iMX6_Platform_SDK/output/mx6dq/lib/libsdk.a(text_color.o)
                0x10017a50                printf_color
                0x10017aec                get_color_supported
 .text          0x10017b30      0x7c4 /home/leon/git/swp-report/iMX6_Platform_SDK/output/mx6dq/lib/libsdk.a(board_id.o)
                0x10017b30                chip_name
                0x10017c48                chip_revision
                0x10017d20                board_name
                0x10017e24                board_revision
                0x10017eec                board_description
                0x1001800c                get_board_id
                0x100180e8                show_board_id
 .text          0x100182f4      0x8e0 /home/leon/git/swp-report/iMX6_Platform_SDK/output/mx6dq/lib/libsdk.a(epit.o)
                0x100182f4                epit_reload_counter
                0x10018354                epit_get_counter_value
                0x100183b0                epit_set_compare_event
                0x10018410                epit_get_compare_event
                0x10018508                epit_counter_disable
                0x100186cc                epit_counter_enable
                0x10018928                epit_setup_interrupt
                0x100189b8                epit_init
 .text          0x10018bd4      0x290 /home/leon/git/swp-report/iMX6_Platform_SDK/output/mx6dq/lib/libsdk.a(timer.o)
                0x10018bd4                hal_delay_us
                0x10018c44                system_time_init
                0x10018da4                time_get_microseconds
 .text          0x10018e64     0x2820 /home/leon/git/swp-report/iMX6_Platform_SDK/output/mx6dq/lib/libsdk.a(imx_uart.o)
                0x10018e64                uart_get_reffreq
                0x10018f60                uart_putchar
                0x100190b0                uart_getchar
                0x10019210                uart_set_FIFO_mode
                0x10019d3c                uart_set_loopback_mode
                0x10019f90                uart_setup_interrupt
                0x1001a05c                uart_init
 .text          0x1001b684     0x11b8 /home/leon/git/swp-report/iMX6_Platform_SDK/output/mx6dq/lib/libsdk.a(usdhc.o)
                0x1001b89c                set_card_access_mode
                0x1001b8dc                read_usdhc_adma_mode
                0x1001b8fc                read_usdhc_intr_mode
                0x1001b91c                card_init
                0x1001bacc                card_emmc_init
                0x1001bb60                card_cmd_config
                0x1001bc74                card_get_cid
                0x1001bd14                card_enter_trans
                0x1001bdf0                card_trans_status
                0x1001beec                card_get_port
                0x1001bfd4                card_set_blklen
                0x1001c0b8                card_data_read
                0x1001c3a4                card_data_write
                0x1001c6a4                card_xfer_result
                0x1001c798                card_wait_xfer_done
 .text          0x1001c83c     0x3484 /home/leon/git/swp-report/iMX6_Platform_SDK/output/mx6dq/lib/libsdk.a(usdhc_host.o)
                0x1001dc1c                usdhc1_isr
                0x1001dc34                usdhc2_isr
                0x1001dc4c                usdhc3_isr
                0x1001dc64                usdhc4_isr
                0x1001dc7c                host_init
                0x1001dcac                host_init_active
                0x1001dd54                host_send_cmd
                0x1001e17c                host_cfg_clock
                0x1001e918                host_set_bus_width
                0x1001e950                host_reset
                0x1001ea80                host_read_response
                0x1001ec70                host_cfg_block
                0x1001eeec                host_clear_fifo
                0x1001f098                host_setup_adma
                0x1001f2b8                host_data_read
                0x1001f7c0                host_data_write
 .text          0x1001fcc0      0xe04 /home/leon/git/swp-report/iMX6_Platform_SDK/output/mx6dq/lib/libsdk.a(usdhc_mmc.o)
                0x10020260                mmc_init
                0x10020304                emmc_init
                0x10020430                emmc_print_cfg_info
                0x10020668                mmc_set_boot_bus_width
                0x10020730                mmc_set_boot_partition
                0x10020830                mmc_set_boot_ack
                0x100208b4                mmc_voltage_validation
 .text          0x10020ac4      0x800 /home/leon/git/swp-report/iMX6_Platform_SDK/output/mx6dq/lib/libsdk.a(usdhc_sd.o)
                0x10020e58                sd_init
                0x10020f10                sd_voltage_validation
 .text          0x100212c4       0x98 /home/leon/git/swp-report/iMX6_Platform_SDK/output/mx6dq/lib/libsdk.a(arm_abort.o)
                0x100212c4                common_abort_handler
                0x10021324                data_abort_handler
                0x1002133c                prefetch_abort_handler
 .text          0x1002135c      0x1bc /home/leon/git/swp-report/iMX6_Platform_SDK/output/mx6dq/lib/libsdk.a(interrupt.o)
                0x1002135c                IRQ_HDLR
                0x10021424                disable_interrupt
                0x10021460                enable_interrupt
                0x100214b8                register_interrupt_routine
                0x100214ec                default_interrupt_routine
 .text          0x10021518      0xc78 /home/leon/git/swp-report/iMX6_Platform_SDK/output/mx6dq/lib/libsdk.a(menu.o)
                0x100219c0                menu_get_indent
                0x100219dc                menuitem_cmd_showmenu
                0x10021a00                menuitem_cmd_exitmenu
                0x10021a24                menu_append_menuitems
                0x10021b44                menu_present
                0x100220e0                menu_print_menuitem
 .text          0x10022190      0x4bc /home/leon/git/swp-report/iMX6_Platform_SDK/output/mx6dq/lib/libsdk.a(abort_handler.o)
                0x10022190                dump_regs
 .text          0x1002264c      0x10c /home/leon/git/swp-report/iMX6_Platform_SDK/output/mx6dq/lib/libboard_sabre_ai_rev_a.a(board_io_expanders.o)
                0x1002264c                board_ioexpander_init
                0x10022744                board_ioexpander_iomux_config
 .text          0x10022758      0x214 /home/leon/git/swp-report/iMX6_Platform_SDK/output/mx6dq/lib/libboard_sabre_ai_rev_a.a(board_usdhc.o)
                0x10022758                usdhc_gpio_config
                0x100227f8                usdhc_card_detected
                0x100228e4                usdhc_write_protected
 .text          0x1002296c        0x0 /home/leon/git/swp-report/iMX6_Platform_SDK/output/mx6dq/lib/libboard_sabre_ai_rev_a.a(hardware_modules.o)
 .text          0x1002296c        0x0 /home/leon/git/swp-report/iMX6_Platform_SDK/output/mx6dq/lib/libboard_sabre_ai_rev_a.a(dcd.o)
 .text          0x1002296c       0x78 /home/leon/git/swp-report/iMX6_Platform_SDK/output/mx6dq/lib/libboard_sabre_ai_rev_a.a(i2c3_iomux_config.o)
                0x1002296c                i2c3_iomux_config
 .text          0x100229e4       0x90 /home/leon/git/swp-report/iMX6_Platform_SDK/output/mx6dq/lib/libboard_sabre_ai_rev_a.a(uart_iomux_config.o)
                0x100229e4                uart_iomux_config
 .text          0x10022a74       0x84 /home/leon/git/swp-report/iMX6_Platform_SDK/output/mx6dq/lib/libboard_sabre_ai_rev_a.a(usdhc_iomux_config.o)
                0x10022a74                usdhc_iomux_config
 .text          0x10022af8      0x2c4 /home/leon/git/swp-report/iMX6_Platform_SDK/output/mx6dq/lib/libboard_sabre_ai_rev_a.a(iomux_config.o)
                0x10022af8                iomux_config
                0x10022b7c                arm_iomux_config
                0x10022b8c                asrc_iomux_config
                0x10022b9c                dcic1_iomux_config
                0x10022bac                dcic2_iomux_config
                0x10022bbc                ecspi2_iomux_config
                0x10022bcc                ecspi3_iomux_config
                0x10022bdc                ecspi4_iomux_config
                0x10022bec                ecspi5_iomux_config
                0x10022bfc                epit1_iomux_config
                0x10022c0c                epit2_iomux_config
                0x10022c1c                gpio3_iomux_config
                0x10022c2c                gpio7_iomux_config
                0x10022c3c                gpt_iomux_config
                0x10022c4c                hdmi_iomux_config
                0x10022c5c                i2c1_iomux_config
                0x10022c6c                ipu2_iomux_config
                0x10022c7c                kpp_iomux_config
                0x10022c8c                ldb_iomux_config
                0x10022c9c                mipi_csi_iomux_config
                0x10022cac                mipi_dsi_iomux_config
                0x10022cbc                mipi_hsi_iomux_config
                0x10022ccc                pcie_iomux_config
                0x10022cdc                pmu_iomux_config
                0x10022cec                pwm1_iomux_config
                0x10022cfc                pwm2_iomux_config
                0x10022d0c                sata_phy_iomux_config
                0x10022d1c                sdma_iomux_config
                0x10022d2c                snvs_iomux_config
                0x10022d3c                src_iomux_config
                0x10022d4c                uart1_iomux_config
                0x10022d5c                uart5_iomux_config
                0x10022d6c                usb_iomux_config
                0x10022d7c                usdhc2_iomux_config
                0x10022d8c                usdhc4_iomux_config
                0x10022d9c                wdog2_iomux_config
                0x10022dac                xtalosc_iomux_config
 .text          0x10022dbc      0x5f8 /home/leon/git/swp-report/iMX6_Platform_SDK/output/mx6dq/lib/libboard_sabre_ai_rev_a.a(ipu1_iomux_config.o)
                0x10022dbc                ipu1_iomux_config
 .text          0x100233b4       0xac /home/leon/git/swp-report/iMX6_Platform_SDK/output/mx6dq/lib/libboard_sabre_ai_rev_a.a(mlb_iomux_config.o)
                0x100233b4                mlb_iomux_config
 .text          0x10023460     0x2884 /home/leon/git/swp-report/iMX6_Platform_SDK/output/mx6dq/lib/libboard_sabre_ai_rev_a.a(mmdc_iomux_config.o)
                0x10023460                mmdc_iomux_config
 .text          0x10025ce4       0x34 /home/leon/git/swp-report/iMX6_Platform_SDK/output/mx6dq/lib/libboard_sabre_ai_rev_a.a(pwm3_iomux_config.o)
                0x10025ce4                pwm3_iomux_config
 .text          0x10025d18       0x34 /home/leon/git/swp-report/iMX6_Platform_SDK/output/mx6dq/lib/libboard_sabre_ai_rev_a.a(pwm4_iomux_config.o)
                0x10025d18                pwm4_iomux_config
 .text          0x10025d4c       0x70 /home/leon/git/swp-report/iMX6_Platform_SDK/output/mx6dq/lib/libboard_sabre_ai_rev_a.a(sjc_iomux_config.o)
                0x10025d4c                sjc_iomux_config
 .text          0x10025dbc       0x40 /home/leon/git/swp-report/iMX6_Platform_SDK/output/mx6dq/lib/libboard_sabre_ai_rev_a.a(spdif_iomux_config.o)
                0x10025dbc                spdif_iomux_config
 .text          0x10025dfc       0xe0 /home/leon/git/swp-report/iMX6_Platform_SDK/output/mx6dq/lib/libboard_sabre_ai_rev_a.a(uart2_iomux_config.o)
                0x10025dfc                uart2_iomux_config
 .text          0x10025edc       0xe0 /home/leon/git/swp-report/iMX6_Platform_SDK/output/mx6dq/lib/libboard_sabre_ai_rev_a.a(uart3_iomux_config.o)
                0x10025edc                uart3_iomux_config
 .text          0x10025fbc       0x78 /home/leon/git/swp-report/iMX6_Platform_SDK/output/mx6dq/lib/libboard_sabre_ai_rev_a.a(uart4_iomux_config.o)
                0x10025fbc                uart4_iomux_config
 .text          0x10026034      0x19c /home/leon/git/swp-report/iMX6_Platform_SDK/output/mx6dq/lib/libboard_sabre_ai_rev_a.a(usdhc1_iomux_config.o)
                0x10026034                usdhc1_iomux_config
 .text          0x100261d0      0x1c0 /home/leon/git/swp-report/iMX6_Platform_SDK/output/mx6dq/lib/libboard_sabre_ai_rev_a.a(usdhc3_iomux_config.o)
                0x100261d0                usdhc3_iomux_config
 .text          0x10026390       0x34 /home/leon/git/swp-report/iMX6_Platform_SDK/output/mx6dq/lib/libboard_sabre_ai_rev_a.a(wdog1_iomux_config.o)
                0x10026390                wdog1_iomux_config
 .text          0x100263c4      0x13c /home/leon/git/swp-report/iMX6_Platform_SDK/output/mx6dq/lib/libboard_sabre_ai_rev_a.a(audmux_iomux_config.o)
                0x100263c4                audmux_iomux_config
 .text          0x10026500       0x34 /home/leon/git/swp-report/iMX6_Platform_SDK/output/mx6dq/lib/libboard_sabre_ai_rev_a.a(ccm_iomux_config.o)
                0x10026500                ccm_iomux_config
 .text          0x10026534      0x104 /home/leon/git/swp-report/iMX6_Platform_SDK/output/mx6dq/lib/libboard_sabre_ai_rev_a.a(ecspi1_iomux_config.o)
                0x10026534                ecspi1_iomux_config
 .text          0x10026638      0x5f0 /home/leon/git/swp-report/iMX6_Platform_SDK/output/mx6dq/lib/libboard_sabre_ai_rev_a.a(eim_iomux_config.o)
                0x10026638                eim_iomux_config
 .text          0x10026c28      0x3bc /home/leon/git/swp-report/iMX6_Platform_SDK/output/mx6dq/lib/libboard_sabre_ai_rev_a.a(enet_iomux_config.o)
                0x10026c28                enet_iomux_config
 .text          0x10026fe4      0x218 /home/leon/git/swp-report/iMX6_Platform_SDK/output/mx6dq/lib/libboard_sabre_ai_rev_a.a(esai_iomux_config.o)
                0x10026fe4                esai_iomux_config
 .text          0x100271fc       0x68 /home/leon/git/swp-report/iMX6_Platform_SDK/output/mx6dq/lib/libboard_sabre_ai_rev_a.a(flexcan1_iomux_config.o)
                0x100271fc                flexcan1_iomux_config
 .text          0x10027264       0x68 /home/leon/git/swp-report/iMX6_Platform_SDK/output/mx6dq/lib/libboard_sabre_ai_rev_a.a(flexcan2_iomux_config.o)
                0x10027264                flexcan2_iomux_config
 .text          0x100272cc      0x130 /home/leon/git/swp-report/iMX6_Platform_SDK/output/mx6dq/lib/libboard_sabre_ai_rev_a.a(gpio1_iomux_config.o)
                0x100272cc                gpio1_iomux_config
 .text          0x100273fc       0xfc /home/leon/git/swp-report/iMX6_Platform_SDK/output/mx6dq/lib/libboard_sabre_ai_rev_a.a(gpio2_iomux_config.o)
                0x100273fc                gpio2_iomux_config
 .text          0x100274f8       0x34 /home/leon/git/swp-report/iMX6_Platform_SDK/output/mx6dq/lib/libboard_sabre_ai_rev_a.a(gpio4_iomux_config.o)
                0x100274f8                gpio4_iomux_config
 .text          0x1002752c       0xc4 /home/leon/git/swp-report/iMX6_Platform_SDK/output/mx6dq/lib/libboard_sabre_ai_rev_a.a(gpio5_iomux_config.o)
                0x1002752c                gpio5_iomux_config
 .text          0x100275f0       0x54 /home/leon/git/swp-report/iMX6_Platform_SDK/output/mx6dq/lib/libboard_sabre_ai_rev_a.a(gpio6_iomux_config.o)
                0x100275f0                gpio6_iomux_config
 .text          0x10027644      0x274 /home/leon/git/swp-report/iMX6_Platform_SDK/output/mx6dq/lib/libboard_sabre_ai_rev_a.a(gpmi_iomux_config.o)
                0x10027644                gpmi_iomux_config
 .text          0x100278b8       0x78 /home/leon/git/swp-report/iMX6_Platform_SDK/output/mx6dq/lib/libboard_sabre_ai_rev_a.a(i2c2_iomux_config.o)
                0x100278b8                i2c2_iomux_config
 .text          0x10027930       0x14 /home/leon/riotboard/arm-2012.09/bin/../arm-none-eabi/lib//libc.a(lib_a-abort.o)
                0x10027930                abort
 .text          0x10027944       0x68 /home/leon/riotboard/arm-2012.09/bin/../arm-none-eabi/lib//libc.a(lib_a-assert.o)
                0x10027944                __assert_func
                0x1002799c                __assert
 .text          0x100279ac       0x20 /home/leon/riotboard/arm-2012.09/bin/../arm-none-eabi/lib//libc.a(lib_a-bzero.o)
                0x100279ac                bzero
 .text          0x100279cc       0x28 /home/leon/riotboard/arm-2012.09/bin/../arm-none-eabi/lib//libc.a(lib_a-calloc.o)
                0x100279cc                calloc
 .text          0x100279f4       0x94 /home/leon/riotboard/arm-2012.09/bin/../arm-none-eabi/lib//libc.a(lib_a-callocr.o)
                0x100279f4                _calloc_r
 .text          0x10027a88       0x70 /home/leon/riotboard/arm-2012.09/bin/../arm-none-eabi/lib//libc.a(lib_a-fiprintf.o)
                0x10027a88                _fiprintf_r
                0x10027ab8                fiprintf
 .text          0x10027af8       0x94 /home/leon/riotboard/arm-2012.09/bin/../arm-none-eabi/lib//libc.a(lib_a-fputc.o)
                0x10027af8                _fputc_r
                0x10027b3c                fputc
 .text          0x10027b8c        0x0 /home/leon/riotboard/arm-2012.09/bin/../arm-none-eabi/lib//libc.a(lib_a-impure.o)
 .text          0x10027b8c       0x88 /home/leon/riotboard/arm-2012.09/bin/../arm-none-eabi/lib//libc.a(lib_a-init.o)
                0x10027b8c                __libc_init_array
 .text          0x10027c14       0x40 /home/leon/riotboard/arm-2012.09/bin/../arm-none-eabi/lib//libc.a(lib_a-malloc.o)
                0x10027c14                malloc
                0x10027c34                free
 .text          0x10027c54      0x71c /home/leon/riotboard/arm-2012.09/bin/../arm-none-eabi/lib//libc.a(lib_a-mallocr.o)
                0x10027c54                _malloc_r
 .text          0x10028370      0x11c /home/leon/riotboard/arm-2012.09/bin/../arm-none-eabi/lib//libc.a(lib_a-memchr.o)
                0x10028370                memchr
 .text          0x1002848c      0x20c /home/leon/riotboard/arm-2012.09/bin/../arm-none-eabi/lib//libc.a(lib_a-memcpy.o)
                0x1002848c                memcpy
 .text          0x10028698      0x134 /home/leon/riotboard/arm-2012.09/bin/../arm-none-eabi/lib//libc.a(lib_a-memset.o)
                0x10028698                memset
 .text          0x100287cc        0x8 /home/leon/riotboard/arm-2012.09/bin/../arm-none-eabi/lib//libc.a(lib_a-mlock.o)
                0x100287cc                __malloc_lock
                0x100287d0                __malloc_unlock
 .text          0x100287d4       0x74 /home/leon/riotboard/arm-2012.09/bin/../arm-none-eabi/lib//libc.a(lib_a-printf.o)
                0x100287d4                _printf_r
                0x10028808                printf
 .text          0x10028848      0x170 /home/leon/riotboard/arm-2012.09/bin/../arm-none-eabi/lib//libc.a(lib_a-putc.o)
                0x10028848                _putc_r
                0x100288f8                putc
 .text          0x100289b8       0x28 /home/leon/riotboard/arm-2012.09/bin/../arm-none-eabi/lib//libc.a(lib_a-realloc.o)
                0x100289b8                realloc
 .text          0x100289e0      0x574 /home/leon/riotboard/arm-2012.09/bin/../arm-none-eabi/lib//libc.a(lib_a-reallocr.o)
                0x100289e0                _realloc_r
 .text          0x10028f54      0x19c /home/leon/riotboard/arm-2012.09/bin/../arm-none-eabi/lib//libc.a(lib_a-reent.o)
                0x10028f54                cleanup_glue
                0x10028f80                _reclaim_reent
                0x1002907c                _wrapup_reent
 .text          0x100290f0       0x6c /home/leon/riotboard/arm-2012.09/bin/../arm-none-eabi/lib//libc.a(lib_a-rget.o)
                0x100290f0                __srget_r
                0x10029148                __srget
 .text          0x1002915c       0x40 /home/leon/riotboard/arm-2012.09/bin/../arm-none-eabi/lib//libc.a(lib_a-sbrkr.o)
                0x1002915c                _sbrk_r
 .text          0x1002919c      0x24c /home/leon/riotboard/arm-2012.09/bin/../arm-none-eabi/lib//libc.a(lib_a-signal.o)
                0x1002919c                _init_signal_r
                0x100291fc                _signal_r
                0x10029268                _raise_r
                0x10029300                __sigtramp_r
                0x10029394                raise
                0x100293a8                signal
                0x100293c4                _init_signal
                0x100293d4                __sigtramp
 .text          0x100293e8       0x50 /home/leon/riotboard/arm-2012.09/bin/../arm-none-eabi/lib//libc.a(lib_a-signalr.o)
                0x100293e8                _kill_r
                0x10029428                _getpid_r
 .text          0x10029438       0xdc /home/leon/riotboard/arm-2012.09/bin/../arm-none-eabi/lib//libc.a(lib_a-sprintf.o)
                0x10029438                _sprintf_r
                0x100294a0                sprintf
 .text          0x10029514       0x60 /home/leon/riotboard/arm-2012.09/bin/../arm-none-eabi/lib//libc.a(lib_a-strlen.o)
                0x10029514                strlen
 .text          0x10029574       0x78 /home/leon/riotboard/arm-2012.09/bin/../arm-none-eabi/lib//libc.a(lib_a-strncasecmp.o)
                0x10029574                strncasecmp
 .text          0x100295ec     0x1f7c /home/leon/riotboard/arm-2012.09/bin/../arm-none-eabi/lib//libc.a(lib_a-svfprintf.o)
                0x100295ec                _svfprintf_r
 .text          0x1002b568     0x12c4 /home/leon/riotboard/arm-2012.09/bin/../arm-none-eabi/lib//libc.a(lib_a-vfiprintf.o)
                0x1002b568                __sprint_r
                0x1002b624                _vfiprintf_r
                0x1002c800                vfiprintf
 .text          0x1002c82c     0x2180 /home/leon/riotboard/arm-2012.09/bin/../arm-none-eabi/lib//libc.a(lib_a-vfprintf.o)
                0x1002c82c                _vfprintf_r
                0x1002e980                vfprintf
 .text          0x1002e9ac       0x4c /home/leon/riotboard/arm-2012.09/bin/../arm-none-eabi/lib//libc.a(lib_a-vprintf.o)
                0x1002e9ac                vprintf
                0x1002e9d8                _vprintf_r
 .text          0x1002e9f8      0x14c /home/leon/riotboard/arm-2012.09/bin/../arm-none-eabi/lib//libc.a(lib_a-wbuf.o)
                0x1002e9f8                __swbuf_r
                0x1002eb28                __swbuf
 .text          0x1002eb44      0x138 /home/leon/riotboard/arm-2012.09/bin/../arm-none-eabi/lib//libc.a(lib_a-wsetup.o)
                0x1002eb44                __swsetup_r
 .text          0x1002ec7c        0x0 /home/leon/riotboard/arm-2012.09/bin/../arm-none-eabi/lib//libc.a(lib_a-ctype_.o)
 *fill*         0x1002ec7c        0x4 
 .text          0x1002ec80     0x18a8 /home/leon/riotboard/arm-2012.09/bin/../arm-none-eabi/lib//libc.a(lib_a-dtoa.o)
                0x1002ee60                _dtoa_r
 .text          0x10030528      0x26c /home/leon/riotboard/arm-2012.09/bin/../arm-none-eabi/lib//libc.a(lib_a-fflush.o)
                0x10030528                _fflush_r
                0x10030754                fflush
 .text          0x10030794      0x2c4 /home/leon/riotboard/arm-2012.09/bin/../arm-none-eabi/lib//libc.a(lib_a-findfp.o)
                0x100307a4                _cleanup_r
                0x10030838                __sfmoreglue
                0x10030880                _cleanup
                0x10030890                __sinit
                0x10030908                __sfp
                0x10030a00                __sfp_lock_acquire
                0x10030a04                __sfp_lock_release
                0x10030a08                __sinit_lock_acquire
                0x10030a0c                __sinit_lock_release
                0x10030a10                __fp_lock_all
                0x10030a34                __fp_unlock_all
 .text          0x10030a58      0x19c /home/leon/riotboard/arm-2012.09/bin/../arm-none-eabi/lib//libc.a(lib_a-fputwc.o)
                0x10030a58                _fputwc_r
                0x10030ba8                fputwc
 .text          0x10030bf4      0x368 /home/leon/riotboard/arm-2012.09/bin/../arm-none-eabi/lib//libc.a(lib_a-freer.o)
                0x10030bf4                _malloc_trim_r
                0x10030cf0                _free_r
 .text          0x10030f5c      0x4c4 /home/leon/riotboard/arm-2012.09/bin/../arm-none-eabi/lib//libc.a(lib_a-fvwrite.o)
                0x10030f5c                __sfvwrite_r
 .text          0x10031420      0x114 /home/leon/riotboard/arm-2012.09/bin/../arm-none-eabi/lib//libc.a(lib_a-fwalk.o)
                0x10031420                _fwalk
                0x100314a8                _fwalk_reent
 .text          0x10031534       0xd0 /home/leon/riotboard/arm-2012.09/bin/../arm-none-eabi/lib//libc.a(lib_a-locale.o)
                0x10031534                _setlocale_r
                0x100315a0                __locale_charset
                0x100315ac                __locale_mb_cur_max
                0x100315bc                __locale_msgcharset
                0x100315c8                __locale_cjk_lang
                0x100315d0                _localeconv_r
                0x100315dc                setlocale
                0x100315f8                localeconv
 .text          0x10031604      0x15c /home/leon/riotboard/arm-2012.09/bin/../arm-none-eabi/lib//libc.a(lib_a-makebuf.o)
                0x10031604                __smakebuf_r
 .text          0x10031760      0x134 /home/leon/riotboard/arm-2012.09/bin/../arm-none-eabi/lib//libc.a(lib_a-memmove.o)
                0x10031760                memmove
 .text          0x10031894      0xd20 /home/leon/riotboard/arm-2012.09/bin/../arm-none-eabi/lib//libc.a(lib_a-mprec.o)
                0x10031894                _Balloc
                0x10031920                _Bfree
                0x1003193c                __multadd
                0x10031a18                __s2b
                0x10031b08                __hi0bits
                0x10031b58                __lo0bits
                0x10031bec                __i2b
                0x10031c10                __multiply
                0x10031df4                __pow5mult
                0x10031ee8                __lshift
                0x10031fec                __mcmp
                0x10032050                __mdiff
                0x1003219c                __ulp
                0x10032200                __b2d
                0x100322cc                __d2b
                0x100323d4                __ratio
                0x10032464                _mprec_log10
                0x100324b8                __copybits
                0x1003252c                __any_on
 .text          0x100325b4      0x1cc /home/leon/riotboard/arm-2012.09/bin/../arm-none-eabi/lib//libc.a(lib_a-refill.o)
                0x100325dc                __srefill_r
 .text          0x10032780       0x6c /home/leon/riotboard/arm-2012.09/bin/../arm-none-eabi/lib//libc.a(lib_a-s_fpclassify.o)
                0x10032780                __fpclassifyd
 .text          0x100327ec       0xdc /home/leon/riotboard/arm-2012.09/bin/../arm-none-eabi/lib//libc.a(lib_a-stdio.o)
                0x100327ec                __sread
                0x10032820                __seofread
                0x10032828                __swrite
                0x10032880                __sseek
                0x100328b4                __sclose
 .text          0x100328c8      0x230 /home/leon/riotboard/arm-2012.09/bin/../arm-none-eabi/lib//libc.a(lib_a-strcmp.o)
                0x100328c8                strcmp
 .text          0x10032af8     0x1224 /home/leon/riotboard/arm-2012.09/bin/../arm-none-eabi/lib//libc.a(lib_a-svfiprintf.o)
                0x10032af8                __ssprint_r
                0x10032c9c                _svfiprintf_r
 .text          0x10033d1c      0x134 /home/leon/riotboard/arm-2012.09/bin/../arm-none-eabi/lib//libc.a(lib_a-wcrtomb.o)
                0x10033d1c                _wcrtomb_r
                0x10033dac                wcrtomb
 .text          0x10033e50       0x7c /home/leon/riotboard/arm-2012.09/bin/../arm-none-eabi/lib//libc.a(lib_a-wctomb_r.o)
                0x10033e50                __ascii_wctomb
                0x10033e7c                _wctomb_r
 .text          0x10033ecc       0x44 /home/leon/riotboard/arm-2012.09/bin/../arm-none-eabi/lib//libc.a(lib_a-writer.o)
                0x10033ecc                _write_r
 .text          0x10033f10       0x3c /home/leon/riotboard/arm-2012.09/bin/../arm-none-eabi/lib//libc.a(lib_a-closer.o)
                0x10033f10                _close_r
 .text          0x10033f4c      0x10c /home/leon/riotboard/arm-2012.09/bin/../arm-none-eabi/lib//libc.a(lib_a-fclose.o)
                0x10033f4c                _fclose_r
                0x10034044                fclose
 .text          0x10034058       0x40 /home/leon/riotboard/arm-2012.09/bin/../arm-none-eabi/lib//libc.a(lib_a-fstatr.o)
                0x10034058                _fstat_r
 .text          0x10034098       0x3c /home/leon/riotboard/arm-2012.09/bin/../arm-none-eabi/lib//libc.a(lib_a-isattyr.o)
                0x10034098                _isatty_r
 .text          0x100340d4       0x44 /home/leon/riotboard/arm-2012.09/bin/../arm-none-eabi/lib//libc.a(lib_a-lseekr.o)
                0x100340d4                _lseek_r
 .text          0x10034118       0x44 /home/leon/riotboard/arm-2012.09/bin/../arm-none-eabi/lib//libc.a(lib_a-readr.o)
                0x10034118                _read_r
 .text          0x1003415c      0x114 /home/leon/riotboard/arm-2012.09/bin/../lib/gcc/arm-none-eabi/4.7.2//libgcc.a(_udivsi3.o)
                0x1003415c                __udivsi3
                0x1003415c                __aeabi_uidiv
                0x10034250                __aeabi_uidivmod
 .text          0x10034270      0x148 /home/leon/riotboard/arm-2012.09/bin/../lib/gcc/arm-none-eabi/4.7.2//libgcc.a(_divsi3.o)
                0x10034270                __aeabi_idiv
                0x10034270                __divsi3
                0x10034398                __aeabi_idivmod
 .text          0x100343b8        0x4 /home/leon/riotboard/arm-2012.09/bin/../lib/gcc/arm-none-eabi/4.7.2//libgcc.a(_dvmd_tls.o)
                0x100343b8                __aeabi_ldiv0
                0x100343b8                __aeabi_idiv0
 .text          0x100343bc      0x41c /home/leon/riotboard/arm-2012.09/bin/../lib/gcc/arm-none-eabi/4.7.2//libgcc.a(_arm_addsubdf3.o)
                0x100343bc                __aeabi_drsub
                0x100343c4                __aeabi_dsub
                0x100343c4                __subdf3
                0x100343c8                __adddf3
                0x100343c8                __aeabi_dadd
                0x100346d8                __aeabi_ui2d
                0x100346d8                __floatunsidf
                0x100346fc                __floatsidf
                0x100346fc                __aeabi_i2d
                0x10034724                __extendsfdf2
                0x10034724                __aeabi_f2d
                0x10034764                __aeabi_ul2d
                0x10034764                __floatundidf
                0x10034778                __floatdidf
                0x10034778                __aeabi_l2d
 .text          0x100347d8      0x49c /home/leon/riotboard/arm-2012.09/bin/../lib/gcc/arm-none-eabi/4.7.2//libgcc.a(_arm_muldivdf3.o)
                0x100347d8                __aeabi_dmul
                0x100347d8                __muldf3
                0x10034a68                __aeabi_ddiv
                0x10034a68                __divdf3
 .text          0x10034c74      0x144 /home/leon/riotboard/arm-2012.09/bin/../lib/gcc/arm-none-eabi/4.7.2//libgcc.a(_arm_cmpdf2.o)
                0x10034c74                __gtdf2
                0x10034c74                __gedf2
                0x10034c7c                __ltdf2
                0x10034c7c                __ledf2
                0x10034c84                __cmpdf2
                0x10034c84                __eqdf2
                0x10034c84                __nedf2
                0x10034d0c                __aeabi_cdrcmple
                0x10034d28                __aeabi_cdcmple
                0x10034d28                __aeabi_cdcmpeq
                0x10034d40                __aeabi_dcmpeq
                0x10034d58                __aeabi_dcmplt
                0x10034d70                __aeabi_dcmple
                0x10034d88                __aeabi_dcmpge
                0x10034da0                __aeabi_dcmpgt
 .text          0x10034db8       0x5c /home/leon/riotboard/arm-2012.09/bin/../lib/gcc/arm-none-eabi/4.7.2//libgcc.a(_arm_fixdfsi.o)
                0x10034db8                __fixdfsi
                0x10034db8                __aeabi_d2iz
 .text          0x10034e14       0x3c /home/leon/riotboard/arm-2012.09/bin/../lib/gcc/arm-none-eabi/4.7.2//libgcc.a(_aeabi_uldivmod.o)
                0x10034e14                __aeabi_uldivmod
 .text          0x10034e50       0x84 /home/leon/riotboard/arm-2012.09/bin/../lib/gcc/arm-none-eabi/4.7.2//libgcc.a(bpabi.o)
                0x10034e50                __gnu_ldivmod_helper
                0x10034e94                __gnu_uldivmod_helper
 .text          0x10034ed4      0x4f0 /home/leon/riotboard/arm-2012.09/bin/../lib/gcc/arm-none-eabi/4.7.2//libgcc.a(_divdi3.o)
                0x10034ed4                __divdi3
 .text          0x100353c4      0x488 /home/leon/riotboard/arm-2012.09/bin/../lib/gcc/arm-none-eabi/4.7.2//libgcc.a(_udivdi3.o)
                0x100353c4                __udivdi3
 .text          0x1003584c       0x48 /home/leon/riotboard/arm-2012.09/bin/../lib/gcc/arm-none-eabi/4.7.2//libgcc.a(_clzsi2.o)
                0x1003584c                __clzsi2
 .text          0x10035894      0x264 /home/leon/git/swp-report/iMX6_Platform_SDK/output/mx6dq/lib/libsdk.a(max7310.o)
                0x10035894                max7310_reg_read
                0x100358f8                max7310_reg_write
                0x10035964                max7310_init
                0x10035a44                max7310_set_gpio_output
 .text          0x10035af8     0x1308 /home/leon/git/swp-report/iMX6_Platform_SDK/output/mx6dq/lib/libsdk.a(gpio.o)
                0x10035b28                gpio_get_port_count
                0x10035b40                gpio_set_gpio
                0x10035c04                gpio_set_direction
                0x10035e60                gpio_get_direction
                0x10035fa8                gpio_set_level
                0x100362e8                gpio_get_level
                0x10036448                gpio_set_interrupt_config
                0x1003684c                gpio_set_interrupt_mask
                0x10036a90                gpio_get_interrupt_status
                0x10036bec                gpio_clear_interrupt
 .text          0x10036e00        0x0 /home/leon/git/swp-report/iMX6_Platform_SDK/output/mx6dq/lib/libsdk.a(imx6dq_gpio_map.o)
 .text          0x10036e00     0x14bc /home/leon/git/swp-report/iMX6_Platform_SDK/output/mx6dq/lib/libsdk.a(imx_i2c.o)
                0x10036e30                i2c_get_request_instance
                0x10037780                i2c_xfer
                0x10037ddc                i2c_read
                0x10037e0c                i2c_write
                0x10037e3c                i2c_setup_interrupt
                0x10038048                i2c_init
 .text          0x100382bc       0x74 /home/leon/git/swp-report/iMX6_Platform_SDK/output/mx6dq/lib/libboard_sabre_ai_rev_a.a(i2c_iomux_config.o)
                0x100382bc                i2c_iomux_config
 *(.glue_7t)
 .glue_7t       0x00000000        0x0 linker stubs
 *(.glue_7)
 .glue_7        0x00000000        0x0 linker stubs
 *(.vfp11_veneer)
 .vfp11_veneer  0x00000000        0x0 linker stubs
 *(.ARM.extab* .gnu.linkonce.armextab.*)
 .ARM.extab.startup
                0x10038330        0x0 /home/leon/git/swp-report/iMX6_Platform_SDK/output/mx6dq/lib/libsdk.a(startup.o)
 .ARM.extab     0x10038330        0x0 /home/leon/riotboard/arm-2012.09/bin/../lib/gcc/arm-none-eabi/4.7.2//libgcc.a(_divdi3.o)
 .ARM.extab     0x10038330        0x0 /home/leon/riotboard/arm-2012.09/bin/../lib/gcc/arm-none-eabi/4.7.2//libgcc.a(_udivdi3.o)
 *(.gcc_except_table)

.v4_bx          0x10038330        0x0
 .v4_bx         0x00000000        0x0 linker stubs

.iplt           0x10038330        0x0
 .iplt          0x00000000        0x0 /home/leon/riotboard/arm-2012.09/bin/../lib/gcc/arm-none-eabi/4.7.2//crtbegin.o

.ctors
 *crtbegin.o(.ctors)
 *crtbegin?.o(.ctors)
 *(EXCLUDE_FILE(*crtend?.o *crtend.o) .ctors)
 *(SORT(.ctors.*))
 *(.ctors)

.dtors
 *crtbegin.o(.dtors)
 *crtbegin?.o(.dtors)
 *(EXCLUDE_FILE(*crtend?.o *crtend.o) .dtors)
 *(SORT(.dtors.*))
 *(.dtors)

.rodata         0x10038330     0x2168
 *(.rodata .rodata.* .gnu.linkonce.r.*)
 .rodata        0x10038330       0x9c /home/leon/git/swp-report/iMX6_Platform_SDK/output/mx6dq/filesystem/sabre_ai_rev_a/obj/apps/common/print_clock_info.o
 .rodata        0x100383cc      0x100 /home/leon/git/swp-report/iMX6_Platform_SDK/output/mx6dq/filesystem/sabre_ai_rev_a/obj/apps/common/print_version.o
 .rodata        0x100384cc      0x284 /home/leon/git/swp-report/iMX6_Platform_SDK/output/mx6dq/filesystem/sabre_ai_rev_a/obj/apps/filesystem/src/fs_test.o
 .rodata        0x10038750       0x34 /home/leon/git/swp-report/iMX6_Platform_SDK/output/mx6dq/lib/libsdk.a(base.o)
 .rodata        0x10038784      0x270 /home/leon/git/swp-report/iMX6_Platform_SDK/output/mx6dq/lib/libsdk.a(cache_wrappers.o)
 .rodata        0x100389f4       0x58 /home/leon/git/swp-report/iMX6_Platform_SDK/output/mx6dq/lib/libsdk.a(fatapi.o)
 .rodata        0x10038a4c       0x10 /home/leon/git/swp-report/iMX6_Platform_SDK/output/mx6dq/lib/libsdk.a(fs_fat_memory.o)
                0x10038a4c                maxcaches
                0x10038a50                maxdevices
                0x10038a54                maxhandles
                0x10038a58                DriveLetter
 .rodata        0x10038a5c       0x40 /home/leon/git/swp-report/iMX6_Platform_SDK/output/mx6dq/lib/libsdk.a(fs_steering.o)
                0x10038a5c                pRedirectFclose
                0x10038a68                pRedirectFwrite
                0x10038a74                pRedirectFseek
                0x10038a80                pRedirectFread
 .rodata        0x10038a9c       0x14 /home/leon/git/swp-report/iMX6_Platform_SDK/output/mx6dq/lib/libsdk.a(fsunicode.o)
                0x10038a9c                Long_NameRes_Ch
                0x10038aa8                Short_NameRes_Ch
 .rodata        0x10038ab0      0x10c /home/leon/git/swp-report/iMX6_Platform_SDK/output/mx6dq/lib/libsdk.a(handle.o)
 .rodata        0x10038bbc       0x34 /home/leon/git/swp-report/iMX6_Platform_SDK/output/mx6dq/lib/libsdk.a(ccm_pll.o)
                0x10038bbc                PLL1_OUTPUT
                0x10038bc0                PLL2_OUTPUT
                0x10038bd4                PLL3_OUTPUT
                0x10038be8                PLL4_OUTPUT
                0x10038bec                PLL5_OUTPUT
 .rodata        0x10038bf0       0x64 /home/leon/git/swp-report/iMX6_Platform_SDK/output/mx6dq/lib/libsdk.a(gic.o)
 .rodata        0x10038c54       0x20 /home/leon/git/swp-report/iMX6_Platform_SDK/output/mx6dq/lib/libsdk.a(runtime_support.o)
 .rodata        0x10038c74       0x50 /home/leon/git/swp-report/iMX6_Platform_SDK/output/mx6dq/lib/libsdk.a(sdk_version.o)
                0x10038c74                k_sdk_version
                0x10038c78                k_sdk_copyright
 .rodata        0x10038cc4       0xcc /home/leon/git/swp-report/iMX6_Platform_SDK/output/mx6dq/lib/libsdk.a(system_util.o)
 .rodata        0x10038d90       0xf4 /home/leon/git/swp-report/iMX6_Platform_SDK/output/mx6dq/lib/libsdk.a(text_color.o)
                0x10038d98                g_TextAttributeDefault
                0x10038da4                g_TextAttributeBold
                0x10038db0                g_TextAttributeDim
                0x10038dbc                g_TextAttributeUnderline
                0x10038dc8                g_TextAttributeBlink
                0x10038dd4                g_TextAttributeReverse
                0x10038de0                g_TextAttributeHidden
                0x10038dec                g_TextColorBlack
                0x10038df8                g_TextColorRed
                0x10038e04                g_TextColorGreen
                0x10038e10                g_TextColorYellow
                0x10038e1c                g_TextColorBlue
                0x10038e28                g_TextColorMagenta
                0x10038e34                g_TextColorCyan
                0x10038e40                g_TextColorWhite
                0x10038e50                g_TextColorOrange
                0x10038e60                g_TextColorLightBlue
                0x10038e70                g_TextColorGray
                0x10038e80                g_TextColorPurple
 .rodata        0x10038e84      0x1f8 /home/leon/git/swp-report/iMX6_Platform_SDK/output/mx6dq/lib/libsdk.a(board_id.o)
 .rodata        0x1003907c      0x1cc /home/leon/git/swp-report/iMX6_Platform_SDK/output/mx6dq/lib/libsdk.a(usdhc.o)
 .rodata        0x10039248       0x1c /home/leon/git/swp-report/iMX6_Platform_SDK/output/mx6dq/lib/libsdk.a(usdhc_host.o)
 .rodata        0x10039264      0x20c /home/leon/git/swp-report/iMX6_Platform_SDK/output/mx6dq/lib/libsdk.a(usdhc_mmc.o)
 .rodata        0x10039470       0x58 /home/leon/git/swp-report/iMX6_Platform_SDK/output/mx6dq/lib/libsdk.a(usdhc_sd.o)
                0x10039470                sd_ocr_value
                0x1003947c                sd_if_cmd_arg
 .rodata        0x100394c8       0x20 /home/leon/git/swp-report/iMX6_Platform_SDK/output/mx6dq/lib/libsdk.a(interrupt.o)
 .rodata        0x100394e8      0x154 /home/leon/git/swp-report/iMX6_Platform_SDK/output/mx6dq/lib/libsdk.a(menu.o)
 .rodata        0x1003963c      0x230 /home/leon/git/swp-report/iMX6_Platform_SDK/output/mx6dq/lib/libsdk.a(abort_handler.o)
 .rodata        0x1003986c       0x80 /home/leon/git/swp-report/iMX6_Platform_SDK/output/mx6dq/lib/libboard_sabre_ai_rev_a.a(uart_iomux_config.o)
 .rodata        0x100398ec       0x80 /home/leon/git/swp-report/iMX6_Platform_SDK/output/mx6dq/lib/libboard_sabre_ai_rev_a.a(usdhc_iomux_config.o)
 .rodata.str1.4
                0x1003996c       0x3f /home/leon/riotboard/arm-2012.09/bin/../arm-none-eabi/lib//libc.a(lib_a-assert.o)
                                 0x44 (size before relaxing)
 *fill*         0x100399ab        0x1 
 .rodata        0x100399ac        0x4 /home/leon/riotboard/arm-2012.09/bin/../arm-none-eabi/lib//libc.a(lib_a-impure.o)
                0x100399ac                _global_impure_ptr
 .rodata.str1.4
                0x100399b0        0x2 /home/leon/riotboard/arm-2012.09/bin/../arm-none-eabi/lib//libc.a(lib_a-impure.o)
                                  0x4 (size before relaxing)
 *fill*         0x100399b2        0x2 
 .rodata        0x100399b4       0x20 /home/leon/riotboard/arm-2012.09/bin/../arm-none-eabi/lib//libc.a(lib_a-svfprintf.o)
 .rodata.str1.4
                0x100399d4       0x42 /home/leon/riotboard/arm-2012.09/bin/../arm-none-eabi/lib//libc.a(lib_a-svfprintf.o)
                                 0x44 (size before relaxing)
 *fill*         0x10039a16        0x2 
 .rodata        0x10039a18       0x20 /home/leon/riotboard/arm-2012.09/bin/../arm-none-eabi/lib//libc.a(lib_a-vfiprintf.o)
 .rodata.str1.4
                0x00000000       0x30 /home/leon/riotboard/arm-2012.09/bin/../arm-none-eabi/lib//libc.a(lib_a-vfiprintf.o)
 .rodata        0x10039a38       0x20 /home/leon/riotboard/arm-2012.09/bin/../arm-none-eabi/lib//libc.a(lib_a-vfprintf.o)
 .rodata.str1.4
                0x00000000       0x44 /home/leon/riotboard/arm-2012.09/bin/../arm-none-eabi/lib//libc.a(lib_a-vfprintf.o)
 .rodata        0x10039a58      0x104 /home/leon/riotboard/arm-2012.09/bin/../arm-none-eabi/lib//libc.a(lib_a-ctype_.o)
                0x10039a58                _ctype_
 .rodata.str1.4
                0x10039b5c       0x10 /home/leon/riotboard/arm-2012.09/bin/../arm-none-eabi/lib//libc.a(lib_a-dtoa.o)
                                 0x14 (size before relaxing)
 .rodata.str1.4
                0x10039b6c        0xc /home/leon/riotboard/arm-2012.09/bin/../arm-none-eabi/lib//libc.a(lib_a-locale.o)
                                 0x14 (size before relaxing)
 .rodata        0x10039b78      0x128 /home/leon/riotboard/arm-2012.09/bin/../arm-none-eabi/lib//libc.a(lib_a-mprec.o)
                0x10039b88                __mprec_tens
                0x10039c50                __mprec_tinytens
                0x10039c78                __mprec_bigtens
 .rodata        0x10039ca0       0x20 /home/leon/riotboard/arm-2012.09/bin/../arm-none-eabi/lib//libc.a(lib_a-svfiprintf.o)
 .rodata.str1.4
                0x00000000       0x30 /home/leon/riotboard/arm-2012.09/bin/../arm-none-eabi/lib//libc.a(lib_a-svfiprintf.o)
 .rodata        0x10039cc0       0xe0 /home/leon/git/swp-report/iMX6_Platform_SDK/output/mx6dq/lib/libsdk.a(gpio.o)
 .rodata        0x10039da0      0x380 /home/leon/git/swp-report/iMX6_Platform_SDK/output/mx6dq/lib/libsdk.a(imx6dq_gpio_map.o)
                0x10039da0                k_gpio_mux_registers
 .rodata        0x1003a120      0x2c4 /home/leon/git/swp-report/iMX6_Platform_SDK/output/mx6dq/lib/libsdk.a(imx_i2c.o)
 .rodata        0x1003a3e4       0x7c /home/leon/git/swp-report/iMX6_Platform_SDK/output/mx6dq/lib/libboard_sabre_ai_rev_a.a(i2c_iomux_config.o)
                0x1003a460                . = ALIGN (0x4)
 *(.init)
 .init          0x1003a460        0xc /home/leon/riotboard/arm-2012.09/bin/../lib/gcc/arm-none-eabi/4.7.2//crti.o
                0x1003a460                _init
 .init          0x1003a46c        0xc /home/leon/riotboard/arm-2012.09/bin/../lib/gcc/arm-none-eabi/4.7.2//crtn.o
                0x1003a478                . = ALIGN (0x4)
                0x1003a478                __init_array_start = .
 *(SORT(.init_array.*))
 *(.init_array)
 .init_array    0x1003a478        0x4 /home/leon/riotboard/arm-2012.09/bin/../lib/gcc/arm-none-eabi/4.7.2//crtbegin.o
                0x1003a47c                __init_array_end = .
                0x1003a47c                . = ALIGN (0x4)
 *(.fini)
 .fini          0x1003a47c        0xc /home/leon/riotboard/arm-2012.09/bin/../lib/gcc/arm-none-eabi/4.7.2//crti.o
                0x1003a47c                _fini
 .fini          0x1003a488        0xc /home/leon/riotboard/arm-2012.09/bin/../lib/gcc/arm-none-eabi/4.7.2//crtn.o
                0x1003a494                . = ALIGN (0x4)
                0x1003a494                __fini_array_start = .
 *(.fini_array)
 .fini_array    0x1003a494        0x4 /home/leon/riotboard/arm-2012.09/bin/../lib/gcc/arm-none-eabi/4.7.2//crtbegin.o
 *(SORT(.fini_array.*))
                0x1003a498                __fini_array_end = .
                0x1003a498                PROVIDE (__exidx_start, .)

.eh_frame       0x1003a498        0x4
 .eh_frame      0x1003a498        0x0 /home/leon/riotboard/arm-2012.09/bin/../lib/gcc/arm-none-eabi/4.7.2//crtbegin.o
 .eh_frame      0x1003a498        0x4 /home/leon/riotboard/arm-2012.09/bin/../lib/gcc/arm-none-eabi/4.7.2//crtend.o

.ARM.exidx      0x1003a49c        0x8
 *(.ARM.exidx* .gnu.linkonce.armexidx.*)
 .ARM.exidx.startup
                0x1003a49c        0x8 /home/leon/git/swp-report/iMX6_Platform_SDK/output/mx6dq/lib/libsdk.a(startup.o)
 .ARM.exidx     0x1003a4a4        0x0 /home/leon/riotboard/arm-2012.09/bin/../lib/gcc/arm-none-eabi/4.7.2//libgcc.a(_divdi3.o)
                                  0x8 (size before relaxing)
 .ARM.exidx     0x1003a4a4        0x0 /home/leon/riotboard/arm-2012.09/bin/../lib/gcc/arm-none-eabi/4.7.2//libgcc.a(_udivdi3.o)
                                  0x8 (size before relaxing)
                0x1003a4a4                PROVIDE (__exidx_end, .)

.rel.dyn        0x1003a4a4        0x0
 .rel.iplt      0x00000000        0x0 /home/leon/riotboard/arm-2012.09/bin/../lib/gcc/arm-none-eabi/4.7.2//crtbegin.o

.data           0x1003a4a8      0xa6c
 *(.data .data.* .gnu.linkonce.d.*)
 .data          0x1003a4a8        0x4 /home/leon/riotboard/arm-2012.09/bin/../lib/gcc/arm-none-eabi/4.7.2//crtbegin.o
                0x1003a4a8                __dso_handle
 .data          0x1003a4ac        0x0 /home/leon/riotboard/arm-2012.09/bin/../lib/gcc/arm-none-eabi/4.7.2//crti.o
 .data          0x1003a4ac        0x0 /home/leon/riotboard/arm-2012.09/bin/../lib/gcc/arm-none-eabi/4.7.2//crtend.o
 .data          0x1003a4ac        0x0 /home/leon/riotboard/arm-2012.09/bin/../lib/gcc/arm-none-eabi/4.7.2//crtn.o
 .data          0x1003a4ac        0x0 /home/leon/git/swp-report/iMX6_Platform_SDK/output/mx6dq/filesystem/sabre_ai_rev_a/obj/apps/common/ivt.o
 .data          0x1003a4ac        0x0 /home/leon/git/swp-report/iMX6_Platform_SDK/output/mx6dq/filesystem/sabre_ai_rev_a/obj/apps/common/platform_init.o
 .data          0x1003a4ac        0x0 /home/leon/git/swp-report/iMX6_Platform_SDK/output/mx6dq/filesystem/sabre_ai_rev_a/obj/apps/common/print_clock_info.o
 .data          0x1003a4ac        0x0 /home/leon/git/swp-report/iMX6_Platform_SDK/output/mx6dq/filesystem/sabre_ai_rev_a/obj/apps/common/print_version.o
 .data          0x1003a4ac      0x128 /home/leon/git/swp-report/iMX6_Platform_SDK/output/mx6dq/filesystem/sabre_ai_rev_a/obj/apps/filesystem/src/fs_test.o
                0x1003a4ac                test_mode
                0x1003a4bc                status_tag
                0x1003a4c4                rw_test_data
                0x1003a5b4                readfile
                0x1003a5c0                writefile
                0x1003a5d0                epit_instance
 .data          0x1003a5d4        0x0 /home/leon/git/swp-report/iMX6_Platform_SDK/output/mx6dq/lib/libsdk.a(base.o)
 .data          0x1003a5d4        0x8 /home/leon/git/swp-report/iMX6_Platform_SDK/output/mx6dq/lib/libsdk.a(cache_wrappers.o)
                0x1003a5d4                g_usdhc_instance
                0x1003a5d8                cache_line
 .data          0x1003a5dc        0x0 /home/leon/git/swp-report/iMX6_Platform_SDK/output/mx6dq/lib/libsdk.a(chdir.o)
 .data          0x1003a5dc        0x0 /home/leon/git/swp-report/iMX6_Platform_SDK/output/mx6dq/lib/libsdk.a(directories.o)
 .data          0x1003a5dc        0x0 /home/leon/git/swp-report/iMX6_Platform_SDK/output/mx6dq/lib/libsdk.a(fatapi.o)
 .data          0x1003a5dc        0x0 /home/leon/git/swp-report/iMX6_Platform_SDK/output/mx6dq/lib/libsdk.a(findnextsector.o)
 .data          0x1003a5dc        0x0 /home/leon/git/swp-report/iMX6_Platform_SDK/output/mx6dq/lib/libsdk.a(fopen.o)
 .data          0x1003a5dc        0x0 /home/leon/git/swp-report/iMX6_Platform_SDK/output/mx6dq/lib/libsdk.a(fs_fat_memory.o)
 .data          0x1003a5dc        0x0 /home/leon/git/swp-report/iMX6_Platform_SDK/output/mx6dq/lib/libsdk.a(fs_steering.o)
 .data          0x1003a5dc        0x0 /home/leon/git/swp-report/iMX6_Platform_SDK/output/mx6dq/lib/libsdk.a(fsinit.o)
 .data          0x1003a5dc        0x0 /home/leon/git/swp-report/iMX6_Platform_SDK/output/mx6dq/lib/libsdk.a(fsunicode.o)
 .data          0x1003a5dc        0x0 /home/leon/git/swp-report/iMX6_Platform_SDK/output/mx6dq/lib/libsdk.a(handle.o)
 .data          0x1003a5dc        0x0 /home/leon/git/swp-report/iMX6_Platform_SDK/output/mx6dq/lib/libsdk.a(longfilename.o)
 .data          0x1003a5dc        0x0 /home/leon/git/swp-report/iMX6_Platform_SDK/output/mx6dq/lib/libsdk.a(readdevicerecord.o)
 .data          0x1003a5dc        0x0 /home/leon/git/swp-report/iMX6_Platform_SDK/output/mx6dq/lib/libsdk.a(reentrant_section.o)
 .data          0x1003a5dc        0x0 /home/leon/git/swp-report/iMX6_Platform_SDK/output/mx6dq/lib/libsdk.a(standardapi.o)
 .data          0x1003a5dc        0x0 /home/leon/git/swp-report/iMX6_Platform_SDK/output/mx6dq/lib/libsdk.a(string_utilities.o)
 .data          0x1003a5dc        0x0 /home/leon/git/swp-report/iMX6_Platform_SDK/output/mx6dq/lib/libsdk.a(armv7_cache.o)
 .data          0x1003a5dc        0x0 /home/leon/git/swp-report/iMX6_Platform_SDK/output/mx6dq/lib/libsdk.a(ccm_pll.o)
 .data          0x1003a5dc        0x0 /home/leon/git/swp-report/iMX6_Platform_SDK/output/mx6dq/lib/libsdk.a(cortexA9.o)
 .data          0x1003a5dc        0x0 /home/leon/git/swp-report/iMX6_Platform_SDK/output/mx6dq/lib/libsdk.a(gic.o)
 .data          0x1003a5dc        0x0 /home/leon/git/swp-report/iMX6_Platform_SDK/output/mx6dq/lib/libsdk.a(mmu.o)
 .data          0x1003a5dc        0x0 /home/leon/git/swp-report/iMX6_Platform_SDK/output/mx6dq/lib/libsdk.a(startup.o)
 .data          0x1003a5dc        0x0 /home/leon/git/swp-report/iMX6_Platform_SDK/output/mx6dq/lib/libsdk.a(vectors.o)
 .data          0x1003a5dc        0x4 /home/leon/git/swp-report/iMX6_Platform_SDK/output/mx6dq/lib/libsdk.a(runtime_support.o)
                0x1003a5dc                environ
 .data          0x1003a5e0        0x0 /home/leon/git/swp-report/iMX6_Platform_SDK/output/mx6dq/lib/libsdk.a(sdk_version.o)
 .data          0x1003a5e0        0x0 /home/leon/git/swp-report/iMX6_Platform_SDK/output/mx6dq/lib/libsdk.a(system_util.o)
 .data          0x1003a5e0        0x4 /home/leon/git/swp-report/iMX6_Platform_SDK/output/mx6dq/lib/libsdk.a(text_color.o)
                0x1003a5e0                is_color_supported
 .data          0x1003a5e4        0x0 /home/leon/git/swp-report/iMX6_Platform_SDK/output/mx6dq/lib/libsdk.a(board_id.o)
 .data          0x1003a5e4        0x0 /home/leon/git/swp-report/iMX6_Platform_SDK/output/mx6dq/lib/libsdk.a(epit.o)
 .data          0x1003a5e4        0x0 /home/leon/git/swp-report/iMX6_Platform_SDK/output/mx6dq/lib/libsdk.a(timer.o)
 .data          0x1003a5e4        0x0 /home/leon/git/swp-report/iMX6_Platform_SDK/output/mx6dq/lib/libsdk.a(imx_uart.o)
 .data          0x1003a5e4       0x58 /home/leon/git/swp-report/iMX6_Platform_SDK/output/mx6dq/lib/libsdk.a(usdhc.o)
                0x1003a5e4                usdhc_device
                0x1003a634                card_detect_test_en
                0x1003a638                write_protect_test_en
 .data          0x1003a63c        0x0 /home/leon/git/swp-report/iMX6_Platform_SDK/output/mx6dq/lib/libsdk.a(usdhc_host.o)
 .data          0x1003a63c        0x4 /home/leon/git/swp-report/iMX6_Platform_SDK/output/mx6dq/lib/libsdk.a(usdhc_mmc.o)
 .data          0x1003a640        0x0 /home/leon/git/swp-report/iMX6_Platform_SDK/output/mx6dq/lib/libsdk.a(usdhc_sd.o)
 .data          0x1003a640        0x4 /home/leon/git/swp-report/iMX6_Platform_SDK/output/mx6dq/lib/libsdk.a(arm_abort.o)
 .data          0x1003a644        0x0 /home/leon/git/swp-report/iMX6_Platform_SDK/output/mx6dq/lib/libsdk.a(interrupt.o)
 .data          0x1003a644        0x4 /home/leon/git/swp-report/iMX6_Platform_SDK/output/mx6dq/lib/libsdk.a(menu.o)
 .data          0x1003a648        0x0 /home/leon/git/swp-report/iMX6_Platform_SDK/output/mx6dq/lib/libsdk.a(abort_handler.o)
 .data          0x1003a648        0x0 /home/leon/git/swp-report/iMX6_Platform_SDK/output/mx6dq/lib/libboard_sabre_ai_rev_a.a(board_io_expanders.o)
 .data          0x1003a648        0x0 /home/leon/git/swp-report/iMX6_Platform_SDK/output/mx6dq/lib/libboard_sabre_ai_rev_a.a(board_usdhc.o)
 .data          0x1003a648        0x8 /home/leon/git/swp-report/iMX6_Platform_SDK/output/mx6dq/lib/libboard_sabre_ai_rev_a.a(hardware_modules.o)
                0x1003a648                g_debug_uart_port
                0x1003a64c                g_system_timer_port
 .data          0x1003a650        0x0 /home/leon/git/swp-report/iMX6_Platform_SDK/output/mx6dq/lib/libboard_sabre_ai_rev_a.a(dcd.o)
 .data          0x1003a650        0x0 /home/leon/git/swp-report/iMX6_Platform_SDK/output/mx6dq/lib/libboard_sabre_ai_rev_a.a(i2c3_iomux_config.o)
 .data          0x1003a650        0x0 /home/leon/git/swp-report/iMX6_Platform_SDK/output/mx6dq/lib/libboard_sabre_ai_rev_a.a(uart_iomux_config.o)
 .data          0x1003a650        0x0 /home/leon/git/swp-report/iMX6_Platform_SDK/output/mx6dq/lib/libboard_sabre_ai_rev_a.a(usdhc_iomux_config.o)
 .data          0x1003a650        0x0 /home/leon/git/swp-report/iMX6_Platform_SDK/output/mx6dq/lib/libboard_sabre_ai_rev_a.a(iomux_config.o)
 .data          0x1003a650        0x0 /home/leon/git/swp-report/iMX6_Platform_SDK/output/mx6dq/lib/libboard_sabre_ai_rev_a.a(ipu1_iomux_config.o)
 .data          0x1003a650        0x0 /home/leon/git/swp-report/iMX6_Platform_SDK/output/mx6dq/lib/libboard_sabre_ai_rev_a.a(mlb_iomux_config.o)
 .data          0x1003a650        0x0 /home/leon/git/swp-report/iMX6_Platform_SDK/output/mx6dq/lib/libboard_sabre_ai_rev_a.a(mmdc_iomux_config.o)
 .data          0x1003a650        0x0 /home/leon/git/swp-report/iMX6_Platform_SDK/output/mx6dq/lib/libboard_sabre_ai_rev_a.a(pwm3_iomux_config.o)
 .data          0x1003a650        0x0 /home/leon/git/swp-report/iMX6_Platform_SDK/output/mx6dq/lib/libboard_sabre_ai_rev_a.a(pwm4_iomux_config.o)
 .data          0x1003a650        0x0 /home/leon/git/swp-report/iMX6_Platform_SDK/output/mx6dq/lib/libboard_sabre_ai_rev_a.a(sjc_iomux_config.o)
 .data          0x1003a650        0x0 /home/leon/git/swp-report/iMX6_Platform_SDK/output/mx6dq/lib/libboard_sabre_ai_rev_a.a(spdif_iomux_config.o)
 .data          0x1003a650        0x0 /home/leon/git/swp-report/iMX6_Platform_SDK/output/mx6dq/lib/libboard_sabre_ai_rev_a.a(uart2_iomux_config.o)
 .data          0x1003a650        0x0 /home/leon/git/swp-report/iMX6_Platform_SDK/output/mx6dq/lib/libboard_sabre_ai_rev_a.a(uart3_iomux_config.o)
 .data          0x1003a650        0x0 /home/leon/git/swp-report/iMX6_Platform_SDK/output/mx6dq/lib/libboard_sabre_ai_rev_a.a(uart4_iomux_config.o)
 .data          0x1003a650        0x0 /home/leon/git/swp-report/iMX6_Platform_SDK/output/mx6dq/lib/libboard_sabre_ai_rev_a.a(usdhc1_iomux_config.o)
 .data          0x1003a650        0x0 /home/leon/git/swp-report/iMX6_Platform_SDK/output/mx6dq/lib/libboard_sabre_ai_rev_a.a(usdhc3_iomux_config.o)
 .data          0x1003a650        0x0 /home/leon/git/swp-report/iMX6_Platform_SDK/output/mx6dq/lib/libboard_sabre_ai_rev_a.a(wdog1_iomux_config.o)
 .data          0x1003a650        0x0 /home/leon/git/swp-report/iMX6_Platform_SDK/output/mx6dq/lib/libboard_sabre_ai_rev_a.a(audmux_iomux_config.o)
 .data          0x1003a650        0x0 /home/leon/git/swp-report/iMX6_Platform_SDK/output/mx6dq/lib/libboard_sabre_ai_rev_a.a(ccm_iomux_config.o)
 .data          0x1003a650        0x0 /home/leon/git/swp-report/iMX6_Platform_SDK/output/mx6dq/lib/libboard_sabre_ai_rev_a.a(ecspi1_iomux_config.o)
 .data          0x1003a650        0x0 /home/leon/git/swp-report/iMX6_Platform_SDK/output/mx6dq/lib/libboard_sabre_ai_rev_a.a(eim_iomux_config.o)
 .data          0x1003a650        0x0 /home/leon/git/swp-report/iMX6_Platform_SDK/output/mx6dq/lib/libboard_sabre_ai_rev_a.a(enet_iomux_config.o)
 .data          0x1003a650        0x0 /home/leon/git/swp-report/iMX6_Platform_SDK/output/mx6dq/lib/libboard_sabre_ai_rev_a.a(esai_iomux_config.o)
 .data          0x1003a650        0x0 /home/leon/git/swp-report/iMX6_Platform_SDK/output/mx6dq/lib/libboard_sabre_ai_rev_a.a(flexcan1_iomux_config.o)
 .data          0x1003a650        0x0 /home/leon/git/swp-report/iMX6_Platform_SDK/output/mx6dq/lib/libboard_sabre_ai_rev_a.a(flexcan2_iomux_config.o)
 .data          0x1003a650        0x0 /home/leon/git/swp-report/iMX6_Platform_SDK/output/mx6dq/lib/libboard_sabre_ai_rev_a.a(gpio1_iomux_config.o)
 .data          0x1003a650        0x0 /home/leon/git/swp-report/iMX6_Platform_SDK/output/mx6dq/lib/libboard_sabre_ai_rev_a.a(gpio2_iomux_config.o)
 .data          0x1003a650        0x0 /home/leon/git/swp-report/iMX6_Platform_SDK/output/mx6dq/lib/libboard_sabre_ai_rev_a.a(gpio4_iomux_config.o)
 .data          0x1003a650        0x0 /home/leon/git/swp-report/iMX6_Platform_SDK/output/mx6dq/lib/libboard_sabre_ai_rev_a.a(gpio5_iomux_config.o)
 .data          0x1003a650        0x0 /home/leon/git/swp-report/iMX6_Platform_SDK/output/mx6dq/lib/libboard_sabre_ai_rev_a.a(gpio6_iomux_config.o)
 .data          0x1003a650        0x0 /home/leon/git/swp-report/iMX6_Platform_SDK/output/mx6dq/lib/libboard_sabre_ai_rev_a.a(gpmi_iomux_config.o)
 .data          0x1003a650        0x0 /home/leon/git/swp-report/iMX6_Platform_SDK/output/mx6dq/lib/libboard_sabre_ai_rev_a.a(i2c2_iomux_config.o)
 .data          0x1003a650        0x0 /home/leon/riotboard/arm-2012.09/bin/../arm-none-eabi/lib//libc.a(lib_a-abort.o)
 .data          0x1003a650        0x0 /home/leon/riotboard/arm-2012.09/bin/../arm-none-eabi/lib//libc.a(lib_a-assert.o)
 .data          0x1003a650        0x0 /home/leon/riotboard/arm-2012.09/bin/../arm-none-eabi/lib//libc.a(lib_a-bzero.o)
 .data          0x1003a650        0x0 /home/leon/riotboard/arm-2012.09/bin/../arm-none-eabi/lib//libc.a(lib_a-calloc.o)
 .data          0x1003a650        0x0 /home/leon/riotboard/arm-2012.09/bin/../arm-none-eabi/lib//libc.a(lib_a-callocr.o)
 .data          0x1003a650        0x0 /home/leon/riotboard/arm-2012.09/bin/../arm-none-eabi/lib//libc.a(lib_a-fiprintf.o)
 .data          0x1003a650        0x0 /home/leon/riotboard/arm-2012.09/bin/../arm-none-eabi/lib//libc.a(lib_a-fputc.o)
 .data          0x1003a650      0x430 /home/leon/riotboard/arm-2012.09/bin/../arm-none-eabi/lib//libc.a(lib_a-impure.o)
                0x1003a650                _impure_ptr
 .data          0x1003aa80        0x0 /home/leon/riotboard/arm-2012.09/bin/../arm-none-eabi/lib//libc.a(lib_a-init.o)
 .data          0x1003aa80        0x0 /home/leon/riotboard/arm-2012.09/bin/../arm-none-eabi/lib//libc.a(lib_a-malloc.o)
 .data          0x1003aa80      0x410 /home/leon/riotboard/arm-2012.09/bin/../arm-none-eabi/lib//libc.a(lib_a-mallocr.o)
                0x1003aa80                __malloc_av_
                0x1003ae88                __malloc_sbrk_base
                0x1003ae8c                __malloc_trim_threshold
 .data          0x1003ae90        0x0 /home/leon/riotboard/arm-2012.09/bin/../arm-none-eabi/lib//libc.a(lib_a-memchr.o)
 .data          0x1003ae90        0x0 /home/leon/riotboard/arm-2012.09/bin/../arm-none-eabi/lib//libc.a(lib_a-memcpy.o)
 .data          0x1003ae90        0x0 /home/leon/riotboard/arm-2012.09/bin/../arm-none-eabi/lib//libc.a(lib_a-memset.o)
 .data          0x1003ae90        0x0 /home/leon/riotboard/arm-2012.09/bin/../arm-none-eabi/lib//libc.a(lib_a-mlock.o)
 .data          0x1003ae90        0x0 /home/leon/riotboard/arm-2012.09/bin/../arm-none-eabi/lib//libc.a(lib_a-printf.o)
 .data          0x1003ae90        0x0 /home/leon/riotboard/arm-2012.09/bin/../arm-none-eabi/lib//libc.a(lib_a-putc.o)
 .data          0x1003ae90        0x0 /home/leon/riotboard/arm-2012.09/bin/../arm-none-eabi/lib//libc.a(lib_a-realloc.o)
 .data          0x1003ae90        0x0 /home/leon/riotboard/arm-2012.09/bin/../arm-none-eabi/lib//libc.a(lib_a-reallocr.o)
 .data          0x1003ae90        0x0 /home/leon/riotboard/arm-2012.09/bin/../arm-none-eabi/lib//libc.a(lib_a-reent.o)
 .data          0x1003ae90        0x0 /home/leon/riotboard/arm-2012.09/bin/../arm-none-eabi/lib//libc.a(lib_a-rget.o)
 .data          0x1003ae90        0x0 /home/leon/riotboard/arm-2012.09/bin/../arm-none-eabi/lib//libc.a(lib_a-sbrkr.o)
 .data          0x1003ae90        0x0 /home/leon/riotboard/arm-2012.09/bin/../arm-none-eabi/lib//libc.a(lib_a-signal.o)
 .data          0x1003ae90        0x0 /home/leon/riotboard/arm-2012.09/bin/../arm-none-eabi/lib//libc.a(lib_a-signalr.o)
 .data          0x1003ae90        0x0 /home/leon/riotboard/arm-2012.09/bin/../arm-none-eabi/lib//libc.a(lib_a-sprintf.o)
 .data          0x1003ae90        0x0 /home/leon/riotboard/arm-2012.09/bin/../arm-none-eabi/lib//libc.a(lib_a-strlen.o)
 .data          0x1003ae90        0x0 /home/leon/riotboard/arm-2012.09/bin/../arm-none-eabi/lib//libc.a(lib_a-strncasecmp.o)
 .data          0x1003ae90        0x0 /home/leon/riotboard/arm-2012.09/bin/../arm-none-eabi/lib//libc.a(lib_a-svfprintf.o)
 .data          0x1003ae90        0x0 /home/leon/riotboard/arm-2012.09/bin/../arm-none-eabi/lib//libc.a(lib_a-vfiprintf.o)
 .data          0x1003ae90        0x0 /home/leon/riotboard/arm-2012.09/bin/../arm-none-eabi/lib//libc.a(lib_a-vfprintf.o)
 .data          0x1003ae90        0x0 /home/leon/riotboard/arm-2012.09/bin/../arm-none-eabi/lib//libc.a(lib_a-vprintf.o)
 .data          0x1003ae90        0x0 /home/leon/riotboard/arm-2012.09/bin/../arm-none-eabi/lib//libc.a(lib_a-wbuf.o)
 .data          0x1003ae90        0x0 /home/leon/riotboard/arm-2012.09/bin/../arm-none-eabi/lib//libc.a(lib_a-wsetup.o)
 .data          0x1003ae90        0x4 /home/leon/riotboard/arm-2012.09/bin/../arm-none-eabi/lib//libc.a(lib_a-ctype_.o)
                0x1003ae90                __ctype_ptr__
 .data          0x1003ae94        0x0 /home/leon/riotboard/arm-2012.09/bin/../arm-none-eabi/lib//libc.a(lib_a-dtoa.o)
 .data          0x1003ae94        0x0 /home/leon/riotboard/arm-2012.09/bin/../arm-none-eabi/lib//libc.a(lib_a-fflush.o)
 .data          0x1003ae94        0x0 /home/leon/riotboard/arm-2012.09/bin/../arm-none-eabi/lib//libc.a(lib_a-findfp.o)
 .data          0x1003ae94        0x0 /home/leon/riotboard/arm-2012.09/bin/../arm-none-eabi/lib//libc.a(lib_a-fputwc.o)
 .data          0x1003ae94        0x0 /home/leon/riotboard/arm-2012.09/bin/../arm-none-eabi/lib//libc.a(lib_a-freer.o)
 .data          0x1003ae94        0x0 /home/leon/riotboard/arm-2012.09/bin/../arm-none-eabi/lib//libc.a(lib_a-fvwrite.o)
 .data          0x1003ae94        0x0 /home/leon/riotboard/arm-2012.09/bin/../arm-none-eabi/lib//libc.a(lib_a-fwalk.o)
 .data          0x1003ae94       0x7c /home/leon/riotboard/arm-2012.09/bin/../arm-none-eabi/lib//libc.a(lib_a-locale.o)
                0x1003aeb4                __mb_cur_max
 .data          0x1003af10        0x0 /home/leon/riotboard/arm-2012.09/bin/../arm-none-eabi/lib//libc.a(lib_a-makebuf.o)
 .data          0x1003af10        0x0 /home/leon/riotboard/arm-2012.09/bin/../arm-none-eabi/lib//libc.a(lib_a-memmove.o)
 .data          0x1003af10        0x0 /home/leon/riotboard/arm-2012.09/bin/../arm-none-eabi/lib//libc.a(lib_a-mprec.o)
 .data          0x1003af10        0x0 /home/leon/riotboard/arm-2012.09/bin/../arm-none-eabi/lib//libc.a(lib_a-refill.o)
 .data          0x1003af10        0x0 /home/leon/riotboard/arm-2012.09/bin/../arm-none-eabi/lib//libc.a(lib_a-s_fpclassify.o)
 .data          0x1003af10        0x0 /home/leon/riotboard/arm-2012.09/bin/../arm-none-eabi/lib//libc.a(lib_a-stdio.o)
 .data          0x1003af10        0x0 /home/leon/riotboard/arm-2012.09/bin/../arm-none-eabi/lib//libc.a(lib_a-strcmp.o)
 .data          0x1003af10        0x0 /home/leon/riotboard/arm-2012.09/bin/../arm-none-eabi/lib//libc.a(lib_a-svfiprintf.o)
 .data          0x1003af10        0x0 /home/leon/riotboard/arm-2012.09/bin/../arm-none-eabi/lib//libc.a(lib_a-wcrtomb.o)
 .data          0x1003af10        0x4 /home/leon/riotboard/arm-2012.09/bin/../arm-none-eabi/lib//libc.a(lib_a-wctomb_r.o)
                0x1003af10                __wctomb
 .data          0x1003af14        0x0 /home/leon/riotboard/arm-2012.09/bin/../arm-none-eabi/lib//libc.a(lib_a-writer.o)
 .data          0x1003af14        0x0 /home/leon/riotboard/arm-2012.09/bin/../arm-none-eabi/lib//libc.a(lib_a-closer.o)
 .data          0x1003af14        0x0 /home/leon/riotboard/arm-2012.09/bin/../arm-none-eabi/lib//libc.a(lib_a-fclose.o)
 .data          0x1003af14        0x0 /home/leon/riotboard/arm-2012.09/bin/../arm-none-eabi/lib//libc.a(lib_a-fstatr.o)
 .data          0x1003af14        0x0 /home/leon/riotboard/arm-2012.09/bin/../arm-none-eabi/lib//libc.a(lib_a-isattyr.o)
 .data          0x1003af14        0x0 /home/leon/riotboard/arm-2012.09/bin/../arm-none-eabi/lib//libc.a(lib_a-lseekr.o)
 .data          0x1003af14        0x0 /home/leon/riotboard/arm-2012.09/bin/../arm-none-eabi/lib//libc.a(lib_a-readr.o)
 .data          0x1003af14        0x0 /home/leon/riotboard/arm-2012.09/bin/../lib/gcc/arm-none-eabi/4.7.2//libgcc.a(_udivsi3.o)
 .data          0x1003af14        0x0 /home/leon/riotboard/arm-2012.09/bin/../lib/gcc/arm-none-eabi/4.7.2//libgcc.a(_divsi3.o)
 .data          0x1003af14        0x0 /home/leon/riotboard/arm-2012.09/bin/../lib/gcc/arm-none-eabi/4.7.2//libgcc.a(_dvmd_tls.o)
 .data          0x1003af14        0x0 /home/leon/riotboard/arm-2012.09/bin/../lib/gcc/arm-none-eabi/4.7.2//libgcc.a(_arm_addsubdf3.o)
 .data          0x1003af14        0x0 /home/leon/riotboard/arm-2012.09/bin/../lib/gcc/arm-none-eabi/4.7.2//libgcc.a(_arm_muldivdf3.o)
 .data          0x1003af14        0x0 /home/leon/riotboard/arm-2012.09/bin/../lib/gcc/arm-none-eabi/4.7.2//libgcc.a(_arm_cmpdf2.o)
 .data          0x1003af14        0x0 /home/leon/riotboard/arm-2012.09/bin/../lib/gcc/arm-none-eabi/4.7.2//libgcc.a(_arm_fixdfsi.o)
 .data          0x1003af14        0x0 /home/leon/riotboard/arm-2012.09/bin/../lib/gcc/arm-none-eabi/4.7.2//libgcc.a(_aeabi_uldivmod.o)
 .data          0x1003af14        0x0 /home/leon/riotboard/arm-2012.09/bin/../lib/gcc/arm-none-eabi/4.7.2//libgcc.a(bpabi.o)
 .data          0x1003af14        0x0 /home/leon/riotboard/arm-2012.09/bin/../lib/gcc/arm-none-eabi/4.7.2//libgcc.a(_divdi3.o)
 .data          0x1003af14        0x0 /home/leon/riotboard/arm-2012.09/bin/../lib/gcc/arm-none-eabi/4.7.2//libgcc.a(_udivdi3.o)
 .data          0x1003af14        0x0 /home/leon/riotboard/arm-2012.09/bin/../lib/gcc/arm-none-eabi/4.7.2//libgcc.a(_clzsi2.o)
 .data          0x1003af14        0x0 /home/leon/git/swp-report/iMX6_Platform_SDK/output/mx6dq/lib/libsdk.a(max7310.o)
 .data          0x1003af14        0x0 /home/leon/git/swp-report/iMX6_Platform_SDK/output/mx6dq/lib/libsdk.a(gpio.o)
 .data          0x1003af14        0x0 /home/leon/git/swp-report/iMX6_Platform_SDK/output/mx6dq/lib/libsdk.a(imx6dq_gpio_map.o)
 .data          0x1003af14        0x0 /home/leon/git/swp-report/iMX6_Platform_SDK/output/mx6dq/lib/libsdk.a(imx_i2c.o)
 .data          0x1003af14        0x0 /home/leon/git/swp-report/iMX6_Platform_SDK/output/mx6dq/lib/libboard_sabre_ai_rev_a.a(i2c_iomux_config.o)

.jcr            0x1003af14        0x4
 .jcr           0x1003af14        0x0 /home/leon/riotboard/arm-2012.09/bin/../lib/gcc/arm-none-eabi/4.7.2//crtbegin.o
 .jcr           0x1003af14        0x4 /home/leon/riotboard/arm-2012.09/bin/../lib/gcc/arm-none-eabi/4.7.2//crtend.o

.tm_clone_table
                0x1003af18        0x0
 .tm_clone_table
                0x1003af18        0x0 /home/leon/riotboard/arm-2012.09/bin/../lib/gcc/arm-none-eabi/4.7.2//crtbegin.o
 .tm_clone_table
                0x1003af18        0x0 /home/leon/riotboard/arm-2012.09/bin/../lib/gcc/arm-none-eabi/4.7.2//crtend.o

.igot.plt       0x1003af18        0x0
 .igot.plt      0x00000000        0x0 /home/leon/riotboard/arm-2012.09/bin/../lib/gcc/arm-none-eabi/4.7.2//crtbegin.o

.hab.data       0x10400000     0x2000
                0x10400000                __hab_data = .
                0x10402000                . = (. + 0x2000)
 *fill*         0x10400000     0x2000 
                0x10402000                . = ALIGN (0x20)
                0x10402000                __hab_data_end = .
                0x00402000                _image_size = (. - _start_image_add)

.bss            0x10402000     0x1528
                0x10402000                __bss_start__ = .
 *(.shbss)
 *(.bss .bss.* .gnu.linkonce.b.*)
 .bss           0x10402000       0x1c /home/leon/riotboard/arm-2012.09/bin/../lib/gcc/arm-none-eabi/4.7.2//crtbegin.o
 .bss           0x1040201c        0x0 /home/leon/riotboard/arm-2012.09/bin/../lib/gcc/arm-none-eabi/4.7.2//crti.o
 .bss           0x1040201c        0x0 /home/leon/riotboard/arm-2012.09/bin/../lib/gcc/arm-none-eabi/4.7.2//crtend.o