Archive member included because of file (symbol)

/home/leon/git/swp-report/iMX6_Platform_SDK/output/mx6sl/lib/libsdk.a(ccm_pll.o)
                              /home/leon/git/swp-report/iMX6_Platform_SDK/output/mx6sl/obds/evk_rev_a/obj/apps/common/platform_init.o (ccm_init)
/home/leon/git/swp-report/iMX6_Platform_SDK/output/mx6sl/lib/libsdk.a(cortexA9.o)
                              /home/leon/git/swp-report/iMX6_Platform_SDK/output/mx6sl/obds/evk_rev_a/obj/apps/common/platform_init.o (arm_set_interrupt_state)
/home/leon/git/swp-report/iMX6_Platform_SDK/output/mx6sl/lib/libsdk.a(gic.o)
                              /home/leon/git/swp-report/iMX6_Platform_SDK/output/mx6sl/obds/evk_rev_a/obj/apps/common/platform_init.o (gic_init)
/home/leon/git/swp-report/iMX6_Platform_SDK/output/mx6sl/lib/libsdk.a(mmu.o)
                              /home/leon/git/swp-report/iMX6_Platform_SDK/output/mx6sl/obds/evk_rev_a/obj/apps/common/platform_init.o (mmu_init)
/home/leon/git/swp-report/iMX6_Platform_SDK/output/mx6sl/lib/libsdk.a(startup.o)
                              (_start)
/home/leon/git/swp-report/iMX6_Platform_SDK/output/mx6sl/lib/libsdk.a(vectors.o)
                              /home/leon/git/swp-report/iMX6_Platform_SDK/output/mx6sl/lib/libsdk.a(startup.o) (vectors)
/home/leon/git/swp-report/iMX6_Platform_SDK/output/mx6sl/lib/libsdk.a(menu.o)
                              /home/leon/git/swp-report/iMX6_Platform_SDK/output/mx6sl/obds/evk_rev_a/obj/apps/obds/src/obds.o (menu_get_indent)
/home/leon/git/swp-report/iMX6_Platform_SDK/output/mx6sl/lib/libsdk.a(sdk_version.o)
                              /home/leon/git/swp-report/iMX6_Platform_SDK/output/mx6sl/obds/evk_rev_a/obj/apps/common/print_version.o (k_sdk_version)
/home/leon/git/swp-report/iMX6_Platform_SDK/output/mx6sl/lib/libsdk.a(system_util.o)
                              /home/leon/git/swp-report/iMX6_Platform_SDK/output/mx6sl/lib/libsdk.a(startup.o) (_sys_exit)
/home/leon/git/swp-report/iMX6_Platform_SDK/output/mx6sl/lib/libsdk.a(text_color.o)
                              /home/leon/git/swp-report/iMX6_Platform_SDK/output/mx6sl/obds/evk_rev_a/obj/apps/obds/src/obds.o (g_TextAttributeDefault)
/home/leon/git/swp-report/iMX6_Platform_SDK/output/mx6sl/lib/libsdk.a(imx-ssi.o)
                              /home/leon/git/swp-report/iMX6_Platform_SDK/output/mx6sl/obds/evk_rev_a/obj/sdk/drivers/audio/src/snd_card.o (imx_ssi_2)
/home/leon/git/swp-report/iMX6_Platform_SDK/output/mx6sl/lib/libsdk.a(imx_audmux.o)
                              /home/leon/git/swp-report/iMX6_Platform_SDK/output/mx6sl/obds/evk_rev_a/obj/apps/obds/src/tests/audio_ssi_test.o (audmux_route)
/home/leon/git/swp-report/iMX6_Platform_SDK/output/mx6sl/lib/libsdk.a(imx_spdif.o)
                              /home/leon/git/swp-report/iMX6_Platform_SDK/output/mx6sl/obds/evk_rev_a/obj/sdk/drivers/audio/src/snd_card.o (imx_spdif)
/home/leon/git/swp-report/iMX6_Platform_SDK/output/mx6sl/lib/libsdk.a(wm8962.o)
                              /home/leon/git/swp-report/iMX6_Platform_SDK/output/mx6sl/obds/evk_rev_a/obj/sdk/drivers/audio/src/snd_card.o (wm8962)
/home/leon/git/swp-report/iMX6_Platform_SDK/output/mx6sl/lib/libsdk.a(board_id.o)
                              /home/leon/git/swp-report/iMX6_Platform_SDK/output/mx6sl/obds/evk_rev_a/obj/apps/common/print_version.o (chip_name)
/home/leon/git/swp-report/iMX6_Platform_SDK/output/mx6sl/lib/libsdk.a(csi_drv.o)
                              /home/leon/git/swp-report/iMX6_Platform_SDK/output/mx6sl/obds/evk_rev_a/obj/sdk/drivers/camera/test/csi_sensor_capture.o (csi_setup)
/home/leon/git/swp-report/iMX6_Platform_SDK/output/mx6sl/lib/libsdk.a(smd_sensor.o)
                              /home/leon/git/swp-report/iMX6_Platform_SDK/output/mx6sl/obds/evk_rev_a/obj/sdk/drivers/camera/test/csi_sensor_capture.o (sensor_config)
/home/leon/git/swp-report/iMX6_Platform_SDK/output/mx6sl/lib/libsdk.a(mxc_epdc.o)
                              /home/leon/git/swp-report/iMX6_Platform_SDK/output/mx6sl/obds/evk_rev_a/obj/sdk/drivers/epdc/test/epdc_test.o (epdc_reset)
/home/leon/git/swp-report/iMX6_Platform_SDK/output/mx6sl/lib/libsdk.a(fec_drv.o)
                              /home/leon/git/swp-report/iMX6_Platform_SDK/output/mx6sl/obds/evk_rev_a/obj/sdk/drivers/fec/test/fec_test.o (imx_fec_phy_init)
/home/leon/git/swp-report/iMX6_Platform_SDK/output/mx6sl/lib/libsdk.a(gpio.o)
                              /home/leon/git/swp-report/iMX6_Platform_SDK/output/mx6sl/obds/evk_rev_a/obj/apps/obds/src/tests/gpio_led.o (gpio_set_direction)
/home/leon/git/swp-report/iMX6_Platform_SDK/output/mx6sl/lib/libsdk.a(imx6sl_gpio_map.o)
                              /home/leon/git/swp-report/iMX6_Platform_SDK/output/mx6sl/lib/libsdk.a(gpio.o) (k_gpio_mux_registers)
/home/leon/git/swp-report/iMX6_Platform_SDK/output/mx6sl/lib/libsdk.a(imx_i2c.o)
[...]
Memory Configuration

Name             Origin             Length             Attributes
OCRAM            0x00900000         0x00020000         xrw
DDR              0x80000000         0x40000000         xrw
*default*        0x00000000         0xffffffff

Linker script and memory map

LOAD /home/leon/riotboard/arm-2012.09/bin/../lib/gcc/arm-none-eabi/4.7.2//crtbegin.o
LOAD /home/leon/riotboard/arm-2012.09/bin/../lib/gcc/arm-none-eabi/4.7.2//crti.o
LOAD /home/leon/riotboard/arm-2012.09/bin/../lib/gcc/arm-none-eabi/4.7.2//crtend.o
LOAD /home/leon/riotboard/arm-2012.09/bin/../lib/gcc/arm-none-eabi/4.7.2//crtn.o

.l1_page_table  0x00900000     0x4000
                0x00900000                __l1_page_table_start = .
                0x00904000                . = (. + 0x4000)
 *fill*         0x00900000     0x4000 

.heap.ocram     0x00904000    0x1bfb8
                0x00904000                __heap_ocram_start = .
                0x0091ffb8                . = (. + 0x1bfb8)
 *fill*         0x00904000    0x1bfb8 
                0x0091ffb8                __heap_ocram_end = .

.ram_vectors    0x0091ffb8       0x48
                0x0091ffb8                __ram_vectors_start = .
                0x00920000                . = (. + 0x48)
 *fill*         0x0091ffb8       0x48 
                0x00920000                __ram_vectors_end = .
                0x80000000                _start_image_add = ORIGIN (DDR)

.ivt            0x80000000      0x420
                0x80000400                . = (. + 0x400)
 *fill*         0x80000000      0x400 
 *(.ivt)
 .ivt           0x80000400       0x20 /home/leon/git/swp-report/iMX6_Platform_SDK/output/mx6sl/obds/evk_rev_a/obj/apps/common/ivt.o
                0x80000400                input_ivt

.boot_data      0x80000420        0xc
                0x80000420                __start_boot_data = .
 *(.boot_data)
 .boot_data     0x80000420        0xc /home/leon/git/swp-report/iMX6_Platform_SDK/output/mx6sl/obds/evk_rev_a/obj/apps/common/ivt.o
                0x80000420                bd

.dcd_hdr        0x80000430        0x4
                0x80000430                __start_dcd = .
 *(.dcd_hdr)
 .dcd_hdr       0x80000430        0x4 /home/leon/git/swp-report/iMX6_Platform_SDK/output/mx6sl/lib/libboard_evk_rev_a.a(dcd.o)
                0x80000430                input_dcd_hdr

.dcd_wrt_cmd    0x80000434        0x4
 *(.dcd_wrt_cmd)
 .dcd_wrt_cmd   0x80000434        0x4 /home/leon/git/swp-report/iMX6_Platform_SDK/output/mx6sl/lib/libboard_evk_rev_a.a(dcd.o)
                0x80000434                input_dcd_wrt_cmd

.dcd_data       0x80000438      0x240
 *(.dcd_data)
 .dcd_data      0x80000438      0x240 /home/leon/git/swp-report/iMX6_Platform_SDK/output/mx6sl/lib/libboard_evk_rev_a.a(dcd.o)
                0x80000438                input_dcd

.text           0x80000678    0x415fc
 CREATE_OBJECT_SYMBOLS
 *(.startup)
 .startup       0x80000678      0x138 /home/leon/git/swp-report/iMX6_Platform_SDK/output/mx6sl/lib/libsdk.a(startup.o)
                0x80000678                _start
 *(.text .text.* .gnu.linkonce.t.*)
 .text          0x800007b0      0x128 /home/leon/riotboard/arm-2012.09/bin/../lib/gcc/arm-none-eabi/4.7.2//crtbegin.o
 .text          0x800008d8        0x0 /home/leon/riotboard/arm-2012.09/bin/../lib/gcc/arm-none-eabi/4.7.2//crti.o
 .text          0x800008d8        0x0 /home/leon/riotboard/arm-2012.09/bin/../lib/gcc/arm-none-eabi/4.7.2//crtend.o
 .text          0x800008d8        0x0 /home/leon/riotboard/arm-2012.09/bin/../lib/gcc/arm-none-eabi/4.7.2//crtn.o
 .text          0x800008d8        0x0 /home/leon/git/swp-report/iMX6_Platform_SDK/output/mx6sl/obds/evk_rev_a/obj/apps/common/ivt.o
 .text          0x800008d8       0x98 /home/leon/git/swp-report/iMX6_Platform_SDK/output/mx6sl/obds/evk_rev_a/obj/apps/common/platform_init.o
                0x800008d8                platform_init
 .text          0x80000970       0xfc /home/leon/git/swp-report/iMX6_Platform_SDK/output/mx6sl/obds/evk_rev_a/obj/apps/common/print_clock_info.o
                0x80000970                show_freq
                0x80000a5c                show_ddr_config
 .text          0x80000a6c      0x15c /home/leon/git/swp-report/iMX6_Platform_SDK/output/mx6sl/obds/evk_rev_a/obj/apps/common/print_version.o
                0x80000a6c                print_version
 .text          0x80000bc8     0x1034 /home/leon/git/swp-report/iMX6_Platform_SDK/output/mx6sl/obds/evk_rev_a/obj/apps/obds/src/obds.o
                0x80000bc8                main
                0x80000f30                free_test_results
                0x80000fc8                printf_hook
                0x80001194                prompt_run_test
                0x80001238                print_test_passed
                0x80001284                print_test_skipped
                0x800012d0                print_test_failed
                0x80001328                print_test_not_implemented
                0x80001380                run_test
                0x800015cc                report_test_results
                0x80001994                run_all_tests
                0x80001b80                select_tests
 .text          0x80001bfc      0x770 /home/leon/git/swp-report/iMX6_Platform_SDK/output/mx6sl/obds/evk_rev_a/obj/apps/obds/src/obds_utils.o
                0x80001bfc                show_boot_switch_info
 .text          0x8000236c        0x0 /home/leon/git/swp-report/iMX6_Platform_SDK/output/mx6sl/obds/evk_rev_a/obj/apps/obds/src/tests/audio_esai_test.o
 .text          0x8000236c      0x680 /home/leon/git/swp-report/iMX6_Platform_SDK/output/mx6sl/obds/evk_rev_a/obj/apps/obds/src/tests/audio_ssi_test.o
                0x8000236c                audio_test_init
                0x800024a8                i2s_audio_test
 .text          0x800029ec      0x620 /home/leon/git/swp-report/iMX6_Platform_SDK/output/mx6sl/obds/evk_rev_a/obj/apps/obds/src/tests/ddr_test.o
                0x800029ec                get_ddr_density
                0x80002ab0                ddr_test
 .text          0x8000300c       0x64 /home/leon/git/swp-report/iMX6_Platform_SDK/output/mx6sl/obds/evk_rev_a/obj/apps/obds/src/tests/flexcan_test.o
                0x8000300c                flexcan_test
 .text          0x80003070      0x1d8 /home/leon/git/swp-report/iMX6_Platform_SDK/output/mx6sl/obds/evk_rev_a/obj/apps/obds/src/tests/gpio_led.o
                0x80003070                gpio_led_test
 .text          0x80003248       0xd4 /home/leon/git/swp-report/iMX6_Platform_SDK/output/mx6sl/obds/evk_rev_a/obj/apps/obds/src/tests/gps_test.o
                0x80003248                gps_test
 .text          0x8000331c      0x5d0 /home/leon/git/swp-report/iMX6_Platform_SDK/output/mx6sl/obds/evk_rev_a/obj/apps/obds/src/tests/i2c_check_light_sensor_isl29023.o
                0x80003804                i2c_device_id_check_isl29023
 .text          0x800038ec      0x294 /home/leon/git/swp-report/iMX6_Platform_SDK/output/mx6sl/obds/evk_rev_a/obj/apps/obds/src/tests/i2c_device_barometer_ppl3115.o
                0x80003ac4                i2c_device_id_check_ppl3115
                0x80003b54                i2c_device_ppl3115_test
 .text          0x80003b80        0x0 /home/leon/git/swp-report/iMX6_Platform_SDK/output/mx6sl/obds/evk_rev_a/obj/apps/obds/src/tests/i2c_device_check_cs42888.o
 .text          0x80003b80      0x1ac /home/leon/git/swp-report/iMX6_Platform_SDK/output/mx6sl/obds/evk_rev_a/obj/apps/obds/src/tests/i2c_device_digital_compass_mag3110.o
                0x80003b80                mag3110_reg_read
                0x80003c94                i2c_device_id_check_mag3110
 .text          0x80003d2c      0x1b4 /home/leon/git/swp-report/iMX6_Platform_SDK/output/mx6sl/obds/evk_rev_a/obj/apps/obds/src/tests/i2c_device_digital_compass_mag3112.o
                0x80003d2c                mag3112_reg_read
                0x80003e40                i2c_device_id_check_mag3112
 .text          0x80003ee0      0x964 /home/leon/git/swp-report/iMX6_Platform_SDK/output/mx6sl/obds/evk_rev_a/obj/apps/obds/src/tests/i2c_device_id_check_mma8450.o
                0x800040b8                i2c_device_id_check_MMA8450
                0x80004164                mma8450_set_config
                0x8000426c                mma8450_get_accel
                0x80004678                mma8450_show_accel
 .text          0x80004844      0x970 /home/leon/git/swp-report/iMX6_Platform_SDK/output/mx6sl/obds/evk_rev_a/obj/apps/obds/src/tests/i2c_device_id_check_mma8451.o
                0x80004a1c                i2c_device_id_check_MMA8451
                0x80004ac8                mma8451_set_config
                0x80004bdc                mma8451_get_accel
                0x80004fe8                mma8451_show_accel
 .text          0x800051b4      0x6e8 /home/leon/git/swp-report/iMX6_Platform_SDK/output/mx6sl/obds/evk_rev_a/obj/apps/obds/src/tests/i2c_device_temp_sensor_emc1046.o
                0x800056e8                wait_convertion_done
                0x8000575c                i2c_device_id_check_emc1046
                0x80005870                i2c_device_emc1046_test
 .text          0x8000589c      0x36c /home/leon/git/swp-report/iMX6_Platform_SDK/output/mx6sl/obds/evk_rev_a/obj/apps/obds/src/tests/i2c_device_zigbee_mc1323.o
                0x80005adc                i2c_device_id_check_mc1323
                0x80005ba0                i2c_device_mc1323_test
 .text          0x80005c08      0x358 /home/leon/git/swp-report/iMX6_Platform_SDK/output/mx6sl/obds/evk_rev_a/obj/apps/obds/src/tests/i2c_eeprom_at24cxx_test.o
 .text          0x80005f60      0x654 /home/leon/git/swp-report/iMX6_Platform_SDK/output/mx6sl/obds/evk_rev_a/obj/apps/obds/src/tests/imx_spi_nor_test.o
                0x80005f60                spi_nor_query
                0x80005fc0                spi_nor_write
                0x80006038                spi_nor_read
                0x800060b0                spi_nor_erase
                0x8000611c                spi_nor_test
 .text          0x800065b4      0xd80 /home/leon/git/swp-report/iMX6_Platform_SDK/output/mx6sl/obds/evk_rev_a/obj/apps/obds/src/tests/keyboard_test.o
                0x800065b4                kpp_enable_rows
                0x8000662c                kpp_set_cols_opendrain
                0x800066a8                kpp_set_cols_totempole
                0x8000672c                kpp_set_data_dir
                0x80006810                kpp_clr_cols_data
                0x80006894                kpp_set_cols_data
                0x80006910                kpp_detect_keypad_pressed
                0x80006938                kpp_detect_keypad_released
                0x80006960                kpp_clr_keypad_int
                0x80006994                kpp_scan_matrix
                0x80006ba4                kpp_print_key_press_on_dc3
                0x80006e4c                kpp_print_key_press_on_evk
                0x80006fb4                kpp_trace_keypad_status
                0x800071ec                test_gpio_keyboard
 .text          0x80007334      0x3ac /home/leon/git/swp-report/iMX6_Platform_SDK/output/mx6sl/obds/evk_rev_a/obj/apps/obds/src/tests/mmcsd_test.o
                0x80007334                mmcsd_test
 .text          0x800076e0      0x658 /home/leon/git/swp-report/iMX6_Platform_SDK/output/mx6sl/obds/evk_rev_a/obj/apps/obds/src/tests/pmic_da9053.o
                0x800076e0                da9053_i2c_reg
                0x80007c30                i2c_device_id_check_DA9053
                0x80007ce8                pmic_da9053_test
 .text          0x80007d38     0x138c /home/leon/git/swp-report/iMX6_Platform_SDK/output/mx6sl/obds/evk_rev_a/obj/apps/obds/src/tests/pmic_lt3589.o
                0x80007d38                ltc3589_reg_read
                0x80007e30                ltc3589_reg_write
                0x80007f18                ltc3589_eval
                0x80008ac8                ltc3589_backlight_en
                0x80008cdc                ltc3589_camera_power_on
                0x80008ea4                sil9024_hdmi_power_on1
                0x80008fd4                ltc3589_i2c_device_id_check
                0x80009074                pmic_lt3589_test
 .text          0x800090c4      0x2f8 /home/leon/git/swp-report/iMX6_Platform_SDK/output/mx6sl/obds/evk_rev_a/obj/apps/obds/src/tests/pmic_max17135.o
                0x800090c4                max17135_reg_read
                0x800091b4                max17135_reg_write
                0x8000930c                i2c_device_id_check_MAX17135
 .text          0x800093bc      0x3a0 /home/leon/git/swp-report/iMX6_Platform_SDK/output/mx6sl/obds/evk_rev_a/obj/apps/obds/src/tests/pmic_mc13892.o
                0x800093bc                mc13892_i2c_reg
                0x800093fc                pmic_open_vgen1
                0x800094e4                pmic_open_vusb
                0x800095b0                pmic_open_vsd
                0x800096cc                device_id_check_mc13892
                0x800096fc                pmic_mc13892_test
 .text          0x8000975c      0x7e4 /home/leon/git/swp-report/iMX6_Platform_SDK/output/mx6sl/obds/evk_rev_a/obj/apps/obds/src/tests/program_board_id.o
                0x8000978c                program_board_id_fuses
                0x8000998c                program_board_id
 .text          0x80009f40      0x8cc /home/leon/git/swp-report/iMX6_Platform_SDK/output/mx6sl/obds/evk_rev_a/obj/apps/obds/src/tests/program_mac_address.o
                0x80009f70                read_mac_otp_registers
                0x8000a02c                mac_address_str
                0x8000a0cc                program_mac_address_fuses
                0x8000a344                program_mac_address
 .text          0x8000a80c      0x1fc /home/leon/git/swp-report/iMX6_Platform_SDK/output/mx6sl/obds/evk_rev_a/obj/apps/obds/src/tests/snvs_srtc_test.o
                0x8000a80c                snvs_srtc_test
 .text          0x8000aa08        0x0 /home/leon/git/swp-report/iMX6_Platform_SDK/output/mx6sl/obds/evk_rev_a/obj/apps/obds/src/tests/touch_button_test.o
 .text          0x8000aa08      0x6e0 /home/leon/git/swp-report/iMX6_Platform_SDK/output/mx6sl/obds/evk_rev_a/obj/apps/obds/src/tests/touch_screen.o
                0x8000aa08                DA9053_Write
                0x8000aaf4                DA9053_Read
                0x8000abd8                touch_init
                0x8000ac58                touch_get_xy_value
                0x8000ad94                touch_detect
                0x8000ae88                touch_screen_prompt
                0x8000afac                touch_screen_test
 .text          0x8000b0e8      0xb68 /home/leon/git/swp-report/iMX6_Platform_SDK/output/mx6sl/obds/evk_rev_a/obj/apps/obds/src/tests/touch_screen_max11801.o
                0x8000b4b0                max11801_ts_test
                0x8000b60c                max11801_reg_read_single
                0x8000b720                max11801_reg_read_multi
                0x8000b82c                max11801_reg_write
                0x8000b908                i2c_device_check_max11801_AUX
                0x8000ba28                i2c_device_check_max11801
 .text          0x8000bc50      0x4d4 /home/leon/git/swp-report/iMX6_Platform_SDK/output/mx6sl/obds/evk_rev_a/obj/apps/obds/src/tests/usb_tests_obds.o
                0x8000bc50                usbo_dev_enum_test
                0x8000bcc0                usbh_dev_enum_test
                0x8000bd30                usb_enum_device
 .text          0x8000c124      0x324 /home/leon/git/swp-report/iMX6_Platform_SDK/output/mx6sl/obds/evk_rev_a/obj/apps/obds/src/tests/weim_nor_flash_test.o
                0x8000c124                weim_nor_flash_cs_setup
                0x8000c170                eim_nor_flash_test
                0x8000c1e0                m29w256gl_auto_manu_id
                0x8000c2c8                m29w256gl_auto_dev_id
 .text          0x8000c448      0x478 /home/leon/git/swp-report/iMX6_Platform_SDK/output/mx6sl/obds/evk_rev_a/obj/sdk/common/pmic/pfuse/pf0100.o
                0x8000c448                pf0100_reg_read
                0x8000c538                pf0100_reg_write
                0x8000c628                pf0100_enable_vgen1_1v2
                0x8000c678                pf0100_enable_vgen2_1v5
                0x8000c6c8                pf0100_enable_vgen3_1v8
                0x8000c718                pf0100_enable_vgen4_1v8
                0x8000c768                pf0100_enable_vgen4_2v5
                0x8000c7b8                pf0100_enable_vgen6_2v8
                0x8000c808                pf0100_i2c_device_id_check
 .text          0x8000c8c0      0x438 /home/leon/git/swp-report/iMX6_Platform_SDK/output/mx6sl/obds/evk_rev_a/obj/sdk/drivers/audio/src/snd_card.o
 .text          0x8000ccf8        0x0 /home/leon/git/swp-report/iMX6_Platform_SDK/output/mx6sl/obds/evk_rev_a/obj/sdk/drivers/camera/test/adv7180_capture.o
 .text          0x8000ccf8      0x1f4 /home/leon/git/swp-report/iMX6_Platform_SDK/output/mx6sl/obds/evk_rev_a/obj/sdk/drivers/camera/test/camera_test.o
                0x8000ccf8                camera_test
 .text          0x8000ceec      0x120 /home/leon/git/swp-report/iMX6_Platform_SDK/output/mx6sl/obds/evk_rev_a/obj/sdk/drivers/camera/test/csi_sensor_capture.o
                0x8000ceec                csi_sensor_capture
 .text          0x8000d00c      0x464 /home/leon/git/swp-report/iMX6_Platform_SDK/output/mx6sl/obds/evk_rev_a/obj/sdk/drivers/epdc/test/epdc_test.o
                0x8000d00c                epdc_test
                0x8000d160                epdc_pvi_svga_sdr_init
                0x8000d180                epdc_update_image
                0x8000d2ac                epdc_send_mode0_to_black_update
                0x8000d348                epdc_send_image_update
                0x8000d3d8                epdc_send_erase_to_color
 .text          0x8000d470      0x570 /home/leon/git/swp-report/iMX6_Platform_SDK/output/mx6sl/obds/evk_rev_a/obj/sdk/drivers/fec/test/fec_test.o
                0x8000d6a4                fec_test
 .text          0x8000d9e0       0xf0 /home/leon/git/swp-report/iMX6_Platform_SDK/output/mx6sl/obds/evk_rev_a/obj/sdk/drivers/lcdif/test/lcdif_display.o
                0x8000d9e0                lcdif_display_test
 .text          0x8000dad0     0x10b4 /home/leon/git/swp-report/iMX6_Platform_SDK/output/mx6sl/obds/evk_rev_a/obj/sdk/drivers/spi/test/imx_spi_nor_atmel.o
                0x8000dad0                spi_nor_query_atmel
                0x8000dc14                spi_nor_write_atmel
                0x8000e5f4                spi_nor_erase_atmel
                0x8000e798                spi_nor_read_atmel
 .text          0x8000eb84      0xb00 /home/leon/git/swp-report/iMX6_Platform_SDK/output/mx6sl/obds/evk_rev_a/obj/sdk/drivers/spi/test/spi_nor_numonyx.o
                0x8000ee5c                spi_nor_query_numonyx
                0x8000ef28                spi_nor_erase_numonyx
                0x8000efb4                spi_nor_read_numonyx
                0x8000f1fc                spi_nor_write_numonyx
 .text          0x8000f684      0x24c /home/leon/git/swp-report/iMX6_Platform_SDK/output/mx6sl/obds/evk_rev_a/obj/sdk/drivers/uart/test/uart_test.o
                0x8000f684                uart_interrupt_handler
                0x8000f6dc                uart_test
 .text          0x8000f8d0     0x2938 /home/leon/git/swp-report/iMX6_Platform_SDK/output/mx6sl/obds/evk_rev_a/obj/sdk/drivers/usb/test/usb0_host_test.o
                0x8000f8d0                usb0_host_test
                0x8001015c                emuerateDevice
                0x800102dc                usbh_set_device_address
                0x800107ac                usbh_get_dev_desc
                0x80010ca4                usbh_get_config_desc
                0x800111dc                usbh_get_interface_desc
                0x800117f4                usbh_set_configuration
                0x80011cd8                usbh_get_report_desc
 .text          0x80012208      0x5b8 /home/leon/git/swp-report/iMX6_Platform_SDK/output/mx6sl/obds/evk_rev_a/obj/sdk/drivers/usb/test/usb0_host_testmodes_test.o
                0x80012208                usb0_host_testmodes_test
 .text          0x800127c0      0xcf4 /home/leon/git/swp-report/iMX6_Platform_SDK/output/mx6sl/obds/evk_rev_a/obj/sdk/drivers/usdhc/test/usdhc_test.o
                0x800127c0                mmc_sd_test
                0x800127f4                usdhc_test
 .text          0x800134b4      0x968 /home/leon/git/swp-report/iMX6_Platform_SDK/output/mx6sl/lib/libsdk.a(ccm_pll.o)
                0x800134b4                ccm_init
                0x800135d8                get_main_clock
                0x800137a4                get_peri_clock
                0x80013884                ccm_ccgr_config
                0x800138ec                clock_gating_config
                0x80013cb8                ccm_set_lpm_wakeup_source
                0x80013dac                ccm_enter_low_power
 .text          0x80013e1c      0x164 /home/leon/git/swp-report/iMX6_Platform_SDK/output/mx6sl/lib/libsdk.a(cortexA9.o)
                0x80013e1c                arm_set_interrupt_state
                0x80013e40                cpu_get_current
                0x80013e4c                enable_neon_fpu
                0x80013e68                disable_strict_align_check
                0x80013e7c                disable_L1_cache
                0x80013e9c                get_arm_private_peripheral_base
                0x80013ea4                arm_unified_tlb_invalidate
                0x80013eb4                arm_unified_tlb_invalidate_is
                0x80013ec4                arm_branch_prediction_enable
                0x80013ed4                arm_branch_prediction_disable
                0x80013ee4                arm_branch_target_cache_invalidate
                0x80013ef0                arm_branch_target_cache_invalidate_is
                0x80013efc                scu_enable
                0x80013f10                scu_join_smp
                0x80013f20                scu_leave_smp
                0x80013f30                scu_get_cpus_in_smp
                0x80013f44                scu_enable_maintenance_broadcast
                0x80013f54                scu_disable_maintenance_broadcast
                0x80013f64                scu_secure_invalidate
 .text          0x80013f80      0x5e0 /home/leon/git/swp-report/iMX6_Platform_SDK/output/mx6sl/lib/libsdk.a(gic.o)
                0x80014064                gic_enable
                0x800140c4                gic_set_irq_security
                0x8001416c                gic_enable_irq
                0x800141e8                gic_set_irq_priority
                0x80014230                gic_set_cpu_target
                0x8001433c                gic_send_sgi
                0x80014390                gic_cpu_enable
                0x800143f0                gic_set_cpu_priority_mask
                0x80014424                gic_read_irq_ack
                0x80014450                gic_write_end_of_irq
                0x80014480                gic_init
                0x80014524                gic_init_cpu
 .text          0x80014560      0x460 /home/leon/git/swp-report/iMX6_Platform_SDK/output/mx6sl/lib/libsdk.a(mmu.o)
                0x80014560                mmu_enable
                0x80014598                mmu_disable
                0x800145cc                mmu_init
                0x800146e8                mmu_map_l1_range
                0x80014900                mmu_virtual_to_physical
 .text          0x800149c0        0x0 /home/leon/git/swp-report/iMX6_Platform_SDK/output/mx6sl/lib/libsdk.a(startup.o)
 .text          0x800149c0        0x4 /home/leon/git/swp-report/iMX6_Platform_SDK/output/mx6sl/lib/libsdk.a(vectors.o)
                0x800149c0                exception_handler
 .text.vectors  0x800149c4       0x48 /home/leon/git/swp-report/iMX6_Platform_SDK/output/mx6sl/lib/libsdk.a(vectors.o)
                0x800149c4                vectors
 .text          0x80014a0c      0xc78 /home/leon/git/swp-report/iMX6_Platform_SDK/output/mx6sl/lib/libsdk.a(menu.o)
                0x80014eb4                menu_get_indent
                0x80014ed0                menuitem_cmd_showmenu
                0x80014ef4                menuitem_cmd_exitmenu
                0x80014f18                menu_append_menuitems
                0x80015038                menu_present
                0x800155d4                menu_print_menuitem
 .text          0x80015684        0x0 /home/leon/git/swp-report/iMX6_Platform_SDK/output/mx6sl/lib/libsdk.a(sdk_version.o)
 .text          0x80015684      0x914 /home/leon/git/swp-report/iMX6_Platform_SDK/output/mx6sl/lib/libsdk.a(system_util.o)
                0x80015684                _sys_exit
                0x800156a0                mybkpt
                0x800156a8                is_input_char
                0x80015828                read_input_string
                0x80015b10                get_input_hex
                0x80015d90                read_int
                0x80015ef4                jump_to_sdp
 .text          0x80015f98       0xe0 /home/leon/git/swp-report/iMX6_Platform_SDK/output/mx6sl/lib/libsdk.a(text_color.o)
                0x80015f98                printf_color
                0x80016034                get_color_supported
 .text          0x80016078     0x2990 /home/leon/git/swp-report/iMX6_Platform_SDK/output/mx6sl/lib/libsdk.a(imx-ssi.o)
                0x80017fac                ssi_init
                0x80017fec                ssi_config
                0x80018500                ssi_write_fifo
                0x800186f8                ssi_read_fifo
                0x800188b8                ssi_deinit
 .text          0x80018a08      0xc40 /home/leon/git/swp-report/iMX6_Platform_SDK/output/mx6sl/lib/libsdk.a(imx_audmux.o)
                0x80018be8                audmux_port_set
                0x80018dd4                audmux_route
 .text          0x80019648      0x708 /home/leon/git/swp-report/iMX6_Platform_SDK/output/mx6sl/lib/libsdk.a(imx_spdif.o)
                0x800199c0                spdif_init
                0x800199fc                spdif_config
                0x80019c30                spdif_write_fifo
                0x80019d2c                spdif_deinit
 .text          0x80019d50      0xb7c /home/leon/git/swp-report/iMX6_Platform_SDK/output/mx6sl/lib/libsdk.a(wm8962.o)
                0x8001a054                WM8962_dump
                0x8001a084                WM8962_DAC_configure
                0x8001a7ac                WM8962_DAC_init
                0x8001a8a0                WM8962_DAC_deinit
 .text          0x8001a8cc      0x7c4 /home/leon/git/swp-report/iMX6_Platform_SDK/output/mx6sl/lib/libsdk.a(board_id.o)
                0x8001a8cc                chip_name
                0x8001a9e4                chip_revision
                0x8001aabc                board_name
                0x8001abc0                board_revision
                0x8001ac88                board_description
                0x8001ada8                get_board_id
                0x8001ae84                show_board_id
 .text          0x8001b090      0x358 /home/leon/git/swp-report/iMX6_Platform_SDK/output/mx6sl/lib/libsdk.a(csi_drv.o)
                0x8001b104                csi_setup
                0x8001b268                csi_streamon
                0x8001b2fc                csi_streamoff
 .text          0x8001b3e8      0xa88 /home/leon/git/swp-report/iMX6_Platform_SDK/output/mx6sl/lib/libsdk.a(smd_sensor.o)
                0x8001b780                sensor_config
                0x8001b7bc                sensor_search
                0x8001b94c                sensor_init
                0x8001bac0                sensor_af_trigger
                0x8001bba0                sensor_autofocus_init
                0x8001bd20                camera_strobeflash_on
                0x8001bdfc                camera_strobeflash_off
 .text          0x8001be70      0xbc8 /home/leon/git/swp-report/iMX6_Platform_SDK/output/mx6sl/lib/libsdk.a(mxc_epdc.o)
                0x8001bf94                epdc_reset
                0x8001c14c                epdc_set_update_addr
                0x8001c178                epdc_set_update_coord
                0x8001c1b4                epdc_set_update_dimensions
                0x8001c1f0                epdc_submit_update
                0x8001c2b4                epdc_is_lut_complete
                0x8001c314                epdc_clear_lut_complete_irq
                0x8001c348                epdc_is_lut_active
                0x8001c3e4                epdc_any_luts_active
                0x8001c434                epdc_any_luts_available
                0x8001c478                epdc_get_next_lut
                0x8001c4ac                epdc_is_working_buffer_busy
                0x8001c508                epdc_is_working_buffer_complete
                0x8001c554                epdc_is_collision
                0x8001c5a0                epdc_dump_registers
                0x8001c6a8                epdc_set_vertical_timing
                0x8001c70c                epdc_init_settings
                0x8001c9b4                epdc_buffer_init
                0x8001ca0c                epdc_load_image
 .text          0x8001ca38     0x10d4 /home/leon/git/swp-report/iMX6_Platform_SDK/output/mx6sl/lib/libsdk.a(fec_drv.o)
                0x8001ca38                imx_fec_mii_read
                0x8001cb48                imx_fec_mii_write
                0x8001d01c                imx_fec_phy_init
                0x8001d190                imx_fec_get_phy_status
                0x8001d2c0                imx_fec_poll
                0x8001d3b8                imx_fec_send
                0x8001d4d0                imx_fec_recv
                0x8001d6ac                imx_fec_init
                0x8001d800                imx_fec_start
                0x8001d890                imx_fec_stop
                0x8001d8d4                imx_fec_isolate_phy
                0x8001d978                imx_fec_unisolate_phy
                0x8001da40                imx_fec_mii_type
 .text          0x8001db0c     0x1308 /home/leon/git/swp-report/iMX6_Platform_SDK/output/mx6sl/lib/libsdk.a(gpio.o)
                0x8001db3c                gpio_get_port_count
                0x8001db54                gpio_set_gpio
                0x8001dc18                gpio_set_direction
                0x8001de74                gpio_get_direction
                0x8001dfbc                gpio_set_level
                0x8001e2fc                gpio_get_level
                0x8001e45c                gpio_set_interrupt_config
                0x8001e860                gpio_set_interrupt_mask
                0x8001eaa4                gpio_get_interrupt_status
                0x8001ec00                gpio_clear_interrupt
 .text          0x8001ee14        0x0 /home/leon/git/swp-report/iMX6_Platform_SDK/output/mx6sl/lib/libsdk.a(imx6sl_gpio_map.o)
 .text          0x8001ee14     0x1798 /home/leon/git/swp-report/iMX6_Platform_SDK/output/mx6sl/lib/libsdk.a(imx_i2c.o)
                0x8001ee44                i2c_get_request_instance
                0x8001f8bc                i2c_xfer
                0x8001ffd8                i2c_read
                0x80020008                i2c_write
                0x80020038                i2c_setup_interrupt
                0x800202a4                i2c_init
 .text          0x800205ac      0xb60 /home/leon/git/swp-report/iMX6_Platform_SDK/output/mx6sl/lib/libsdk.a(lcdif_drv.o)
                0x800205ac                lcdif_csc_config
                0x80020cdc                lcdif_display_setup
                0x80021010                image_center_copy
 .text          0x8002110c      0x318 /home/leon/git/swp-report/iMX6_Platform_SDK/output/mx6sl/lib/libsdk.a(pxp_drv.o)
                0x80021214                pxp_disable
                0x80021254                pxp_csc_process
 .text          0x80021424      0x3f4 /home/leon/git/swp-report/iMX6_Platform_SDK/output/mx6sl/lib/libsdk.a(ocotp.o)
                0x80021490                Delay4Reload
                0x800216d4                ocotp_sense_fuse
                0x80021744                ocotp_fuse_blow_row
                0x800217a0                ocotp_reload_otp_shadow_registers
 .text          0x80021818     0x132c /home/leon/git/swp-report/iMX6_Platform_SDK/output/mx6sl/lib/libsdk.a(ecspi.o)
                0x80021e08                ecspi_configure
                0x80022790                ecspi_open
                0x80022848                ecspi_close
                0x80022954                ecspi_xfer
 .text          0x80022b44      0x290 /home/leon/git/swp-report/iMX6_Platform_SDK/output/mx6sl/lib/libsdk.a(timer.o)
                0x80022b44                hal_delay_us
                0x80022bb4                system_time_init
                0x80022d14                time_get_microseconds
 .text          0x80022dd4     0x2820 /home/leon/git/swp-report/iMX6_Platform_SDK/output/mx6sl/lib/libsdk.a(imx_uart.o)
                0x80022dd4                uart_get_reffreq
                0x80022ed0                uart_putchar
                0x80023020                uart_getchar
                0x80023180                uart_set_FIFO_mode
                0x80023cac                uart_set_loopback_mode
                0x80023f00                uart_setup_interrupt
                0x80023fcc                uart_init
 .text          0x800255f4      0x368 /home/leon/git/swp-report/iMX6_Platform_SDK/output/mx6sl/lib/libsdk.a(usb_common.o)
                0x800255f4                usb_get_port_speed
                0x80025750                swap32
                0x800257cc                get_menu_item
 .text          0x8002595c     0x2374 /home/leon/git/swp-report/iMX6_Platform_SDK/output/mx6sl/lib/libsdk.a(usbh_drv.o)
                0x8002595c                usbh_init
                0x800262bc                usbh_periodic_schedule_init
                0x80027138                usbh_bus_reset
                0x80027320                usbh_enable_asynchronous_schedule
                0x80027508                usbh_disable_asynchronous_schedule
                0x800276f0                usbh_disable_Periodic_list
                0x800278d8                usbh_qtd_init
                0x80027b00                usbh_qh_init
 .text          0x80027cd0     0x11b8 /home/leon/git/swp-report/iMX6_Platform_SDK/output/mx6sl/lib/libsdk.a(usdhc.o)
                0x80027ee8                set_card_access_mode
                0x80027f28                read_usdhc_adma_mode
                0x80027f48                read_usdhc_intr_mode
                0x80027f68                card_init
                0x80028118                card_emmc_init
                0x800281ac                card_cmd_config
                0x800282c0                card_get_cid
                0x80028360                card_enter_trans
                0x8002843c                card_trans_status
                0x80028538                card_get_port
                0x80028620                card_set_blklen
                0x80028704                card_data_read
                0x800289f0                card_data_write
                0x80028cf0                card_xfer_result
                0x80028de4                card_wait_xfer_done
 .text          0x80028e88     0x3484 /home/leon/git/swp-report/iMX6_Platform_SDK/output/mx6sl/lib/libsdk.a(usdhc_host.o)
                0x8002a268                usdhc1_isr
                0x8002a280                usdhc2_isr
                0x8002a298                usdhc3_isr
                0x8002a2b0                usdhc4_isr
                0x8002a2c8                host_init
                0x8002a2f8                host_init_active
                0x8002a3a0                host_send_cmd
                0x8002a7c8                host_cfg_clock
                0x8002af64                host_set_bus_width
                0x8002af9c                host_reset
                0x8002b0cc                host_read_response
                0x8002b2bc                host_cfg_block
                0x8002b538                host_clear_fifo
                0x8002b6e4                host_setup_adma
                0x8002b904                host_data_read
                0x8002be0c                host_data_write
 .text          0x8002c30c      0xe04 /home/leon/git/swp-report/iMX6_Platform_SDK/output/mx6sl/lib/libsdk.a(usdhc_mmc.o)
                0x8002c8ac                mmc_init
                0x8002c950                emmc_init
                0x8002ca7c                emmc_print_cfg_info
                0x8002ccb4                mmc_set_boot_bus_width
                0x8002cd7c                mmc_set_boot_partition
                0x8002ce7c                mmc_set_boot_ack
                0x8002cf00                mmc_voltage_validation
 .text          0x8002d110      0x800 /home/leon/git/swp-report/iMX6_Platform_SDK/output/mx6sl/lib/libsdk.a(usdhc_sd.o)
                0x8002d4a4                sd_init
                0x8002d55c                sd_voltage_validation
 .text          0x8002d910       0x98 /home/leon/git/swp-report/iMX6_Platform_SDK/output/mx6sl/lib/libsdk.a(arm_abort.o)
                0x8002d910                common_abort_handler
                0x8002d970                data_abort_handler
                0x8002d988                prefetch_abort_handler
 .text          0x8002d9a8      0x644 /home/leon/git/swp-report/iMX6_Platform_SDK/output/mx6sl/lib/libsdk.a(armv7_cache.o)
                0x8002d9a8                arm_dcache_state_query
                0x8002d9e8                arm_dcache_enable
                0x8002da30                arm_dcache_disable
                0x8002da68                arm_dcache_invalidate
                0x8002db0c                arm_dcache_invalidate_line
                0x8002db78                arm_dcache_invalidate_mlines
                0x8002dc18                arm_dcache_flush
                0x8002dcbc                arm_dcache_flush_line
                0x8002dd28                arm_dcache_flush_mlines
                0x8002ddc8                arm_icache_state_query
                0x8002de08                arm_icache_enable
                0x8002de50                arm_icache_disable
                0x8002de88                arm_icache_invalidate
                0x8002deb4                arm_icache_invalidate_is
                0x8002dee0                arm_icache_invalidate_line
                0x8002df4c                arm_icache_invalidate_mlines
 .text          0x8002dfec      0x1bc /home/leon/git/swp-report/iMX6_Platform_SDK/output/mx6sl/lib/libsdk.a(interrupt.o)
                0x8002dfec                IRQ_HDLR
                0x8002e0b4                disable_interrupt
                0x8002e0f0                enable_interrupt
                0x8002e148                register_interrupt_routine
                0x8002e17c                default_interrupt_routine
 .text          0x8002e1a8        0x0 /home/leon/git/swp-report/iMX6_Platform_SDK/output/mx6sl/lib/libsdk.a(camera_profile.o)
 .text          0x8002e1a8      0x8e0 /home/leon/git/swp-report/iMX6_Platform_SDK/output/mx6sl/lib/libsdk.a(epit.o)
                0x8002e1a8                epit_reload_counter
                0x8002e208                epit_get_counter_value
                0x8002e264                epit_set_compare_event
                0x8002e2c4                epit_get_compare_event
                0x8002e3bc                epit_counter_disable
                0x8002e580                epit_counter_enable
                0x8002e7dc                epit_setup_interrupt
                0x8002e86c                epit_init
 .text          0x8002ea88      0x2fc /home/leon/git/swp-report/iMX6_Platform_SDK/output/mx6sl/lib/libsdk.a(mx6x_usb.o)
                0x8002ea88                usbEnableClocks
                0x8002ebb0                usbEnableTransceiver
 .text          0x8002ed84      0x4bc /home/leon/git/swp-report/iMX6_Platform_SDK/output/mx6sl/lib/libsdk.a(abort_handler.o)
                0x8002ed84                dump_regs
 .text          0x8002f240       0x50 /home/leon/git/swp-report/iMX6_Platform_SDK/output/mx6sl/lib/libboard_evk_rev_a.a(board_audio.o)
                0x8002f240                spdif_get_tx_clk_freq
                0x8002f25c                spdif_clk_cfg
                0x8002f26c                audio_codec_power_on
                0x8002f280                audio_clock_config
 .text          0x8002f290      0x1b0 /home/leon/git/swp-report/iMX6_Platform_SDK/output/mx6sl/lib/libboard_evk_rev_a.a(board_camera.o)
                0x8002f290                camera_power_on
                0x8002f2d0                sensor_reset
                0x8002f354                sensor_standby
                0x8002f3bc                sensor_clock_setting
 .text          0x8002f440      0x3dc /home/leon/git/swp-report/iMX6_Platform_SDK/output/mx6sl/lib/libboard_evk_rev_a.a(board_display.o)
                0x8002f440                lcdif_power_on
                0x8002f47c                lcdif_backlight_on
                0x8002f4b8                lcdif_clock_enable
                0x8002f534                epdc_clock_setting
                0x8002f5c4                sipix_epd_clock_setting
                0x8002f644                epdc_power_supply
                0x8002f6ec                spdc_power_up
 .text          0x8002f81c        0x0 /home/leon/git/swp-report/iMX6_Platform_SDK/output/mx6sl/lib/libboard_evk_rev_a.a(board_i2c.o)
 .text          0x8002f81c       0x10 /home/leon/git/swp-report/iMX6_Platform_SDK/output/mx6sl/lib/libboard_evk_rev_a.a(board_io_expanders.o)
                0x8002f81c                board_ioexpander_init
 .text          0x8002f82c      0x168 /home/leon/git/swp-report/iMX6_Platform_SDK/output/mx6sl/lib/libboard_evk_rev_a.a(board_usb.o)
                0x8002f82c                usbEnableVbus
                0x8002f8d8                usbDisableVbus
                0x8002f984                reset_usb_hub
 .text          0x8002f994      0x180 /home/leon/git/swp-report/iMX6_Platform_SDK/output/mx6sl/lib/libboard_evk_rev_a.a(board_usdhc.o)
                0x8002f994                usdhc_gpio_config
                0x8002f9b4                usdhc_card_detected
                0x8002fa64                usdhc_write_protected
 .text          0x8002fb14        0x0 /home/leon/git/swp-report/iMX6_Platform_SDK/output/mx6sl/lib/libboard_evk_rev_a.a(dcd.o)
 .text          0x8002fb14      0x10c /home/leon/git/swp-report/iMX6_Platform_SDK/output/mx6sl/lib/libboard_evk_rev_a.a(audmux_iomux_config.o)
                0x8002fb14                audmux_iomux_config
 .text          0x8002fc20        0x0 /home/leon/git/swp-report/iMX6_Platform_SDK/output/mx6sl/lib/libboard_evk_rev_a.a(hardware_modules.o)
 .text          0x8002fc20      0x320 /home/leon/git/swp-report/iMX6_Platform_SDK/output/mx6sl/lib/libboard_evk_rev_a.a(csi_iomux_config.o)
                0x8002fc20                csi_iomux_config
 .text          0x8002ff40       0x84 /home/leon/git/swp-report/iMX6_Platform_SDK/output/mx6sl/lib/libboard_evk_rev_a.a(ecspi_iomux_config.o)
                0x8002ff40                ecspi_iomux_config
 .text          0x8002ffc4      0x5d0 /home/leon/git/swp-report/iMX6_Platform_SDK/output/mx6sl/lib/libboard_evk_rev_a.a(epdc_iomux_config.o)
                0x8002ffc4                epdc_iomux_config
 .text          0x80030594      0x1dc /home/leon/git/swp-report/iMX6_Platform_SDK/output/mx6sl/lib/libboard_evk_rev_a.a(fec_iomux_config.o)
                0x80030594                fec_iomux_config
 .text          0x80030770       0x74 /home/leon/git/swp-report/iMX6_Platform_SDK/output/mx6sl/lib/libboard_evk_rev_a.a(i2c_iomux_config.o)
                0x80030770                i2c_iomux_config
 .text          0x800307e4      0x20c /home/leon/git/swp-report/iMX6_Platform_SDK/output/mx6sl/lib/libboard_evk_rev_a.a(iomux_config.o)
                0x800307e4                iomux_config
                0x80030850                arm_iomux_config
                0x80030860                ccm_iomux_config
                0x80030870                ecspi3_iomux_config
                0x80030880                ecspi4_iomux_config
                0x80030890                eim_iomux_config
                0x800308a0                epit1_iomux_config
                0x800308b0                epit2_iomux_config
                0x800308c0                gpio2_iomux_config
                0x800308d0                gpio3_iomux_config
                0x800308e0                gpio5_iomux_config
                0x800308f0                gpt_iomux_config
                0x80030900                pmu_iomux_config
                0x80030910                pwm2_iomux_config
                0x80030920                pwm3_iomux_config
                0x80030930                pwm4_iomux_config
                0x80030940                sdma_iomux_config
                0x80030950                snvs_iomux_config
                0x80030960                spdif_iomux_config
                0x80030970                src_iomux_config
                0x80030980                uart2_iomux_config
                0x80030990                uart3_iomux_config
                0x800309a0                uart4_iomux_config
                0x800309b0                uart5_iomux_config
                0x800309c0                usdhc4_iomux_config
                0x800309d0                wdog2_iomux_config
                0x800309e0                xtalosc_iomux_config
 .text          0x800309f0      0x1b0 /home/leon/git/swp-report/iMX6_Platform_SDK/output/mx6sl/lib/libboard_evk_rev_a.a(kpp_iomux_config.o)
                0x800309f0                kpp_iomux_config
 .text          0x80030ba0      0x5b4 /home/leon/git/swp-report/iMX6_Platform_SDK/output/mx6sl/lib/libboard_evk_rev_a.a(lcd_iomux_config.o)
                0x80030ba0                lcd_iomux_config
 .text          0x80031154     0x1644 /home/leon/git/swp-report/iMX6_Platform_SDK/output/mx6sl/lib/libboard_evk_rev_a.a(mmdc_iomux_config.o)
                0x80031154                mmdc_iomux_config
 .text          0x80032798       0x34 /home/leon/git/swp-report/iMX6_Platform_SDK/output/mx6sl/lib/libboard_evk_rev_a.a(pwm1_iomux_config.o)
                0x80032798                pwm1_iomux_config
 .text          0x800327cc       0x70 /home/leon/git/swp-report/iMX6_Platform_SDK/output/mx6sl/lib/libboard_evk_rev_a.a(sjc_iomux_config.o)
                0x800327cc                sjc_iomux_config
 .text          0x8003283c      0x250 /home/leon/git/swp-report/iMX6_Platform_SDK/output/mx6sl/lib/libboard_evk_rev_a.a(spdc_iomux_config.o)
                0x8003283c                spdc_iomux_config
 .text          0x80032a8c       0x78 /home/leon/git/swp-report/iMX6_Platform_SDK/output/mx6sl/lib/libboard_evk_rev_a.a(uart1_iomux_config.o)
                0x80032a8c                uart1_iomux_config
 .text          0x80032b04       0x90 /home/leon/git/swp-report/iMX6_Platform_SDK/output/mx6sl/lib/libboard_evk_rev_a.a(uart_iomux_config.o)
                0x80032b04                uart_iomux_config
 .text          0x80032b94       0xc0 /home/leon/git/swp-report/iMX6_Platform_SDK/output/mx6sl/lib/libboard_evk_rev_a.a(usb_iomux_config.o)
                0x80032b94                usb_iomux_config
 .text          0x80032c54      0x1e0 /home/leon/git/swp-report/iMX6_Platform_SDK/output/mx6sl/lib/libboard_evk_rev_a.a(usdhc1_iomux_config.o)
                0x80032c54                usdhc1_iomux_config
 .text          0x80032e34      0x174 /home/leon/git/swp-report/iMX6_Platform_SDK/output/mx6sl/lib/libboard_evk_rev_a.a(usdhc2_iomux_config.o)
                0x80032e34                usdhc2_iomux_config
 .text          0x80032fa8      0x11c /home/leon/git/swp-report/iMX6_Platform_SDK/output/mx6sl/lib/libboard_evk_rev_a.a(usdhc3_iomux_config.o)
                0x80032fa8                usdhc3_iomux_config
 .text          0x800330c4       0x84 /home/leon/git/swp-report/iMX6_Platform_SDK/output/mx6sl/lib/libboard_evk_rev_a.a(usdhc_iomux_config.o)
                0x800330c4                usdhc_iomux_config
 .text          0x80033148       0x34 /home/leon/git/swp-report/iMX6_Platform_SDK/output/mx6sl/lib/libboard_evk_rev_a.a(wdog1_iomux_config.o)
                0x80033148                wdog1_iomux_config
 .text          0x8003317c       0xe0 /home/leon/git/swp-report/iMX6_Platform_SDK/output/mx6sl/lib/libboard_evk_rev_a.a(ecspi1_iomux_config.o)
                0x8003317c                ecspi1_iomux_config
 .text          0x8003325c       0xe0 /home/leon/git/swp-report/iMX6_Platform_SDK/output/mx6sl/lib/libboard_evk_rev_a.a(ecspi2_iomux_config.o)
                0x8003325c                ecspi2_iomux_config
 .text          0x8003333c       0x10 /home/leon/git/swp-report/iMX6_Platform_SDK/output/mx6sl/lib/libboard_evk_rev_a.a(gpio1_iomux_config.o)
                0x8003333c                gpio1_iomux_config
 .text          0x8003334c       0x10 /home/leon/git/swp-report/iMX6_Platform_SDK/output/mx6sl/lib/libboard_evk_rev_a.a(gpio4_iomux_config.o)
                0x8003334c                gpio4_iomux_config
 .text          0x8003335c       0x78 /home/leon/git/swp-report/iMX6_Platform_SDK/output/mx6sl/lib/libboard_evk_rev_a.a(i2c1_iomux_config.o)
                0x8003335c                i2c1_iomux_config
 .text          0x800333d4       0x78 /home/leon/git/swp-report/iMX6_Platform_SDK/output/mx6sl/lib/libboard_evk_rev_a.a(i2c2_iomux_config.o)
                0x800333d4                i2c2_iomux_config
 .text          0x8003344c       0x70 /home/leon/git/swp-report/iMX6_Platform_SDK/output/mx6sl/lib/libboard_evk_rev_a.a(i2c3_iomux_config.o)
                0x8003344c                i2c3_iomux_config
 .text          0x800334bc       0x68 /home/leon/riotboard/arm-2012.09/bin/../arm-none-eabi/lib//libc.a(lib_a-assert.o)
                0x800334bc                __assert_func
                0x80033514                __assert
 .text          0x80033524       0x20 /home/leon/riotboard/arm-2012.09/bin/../arm-none-eabi/lib//libc.a(lib_a-bzero.o)
                0x80033524                bzero
 .text          0x80033544       0x70 /home/leon/riotboard/arm-2012.09/bin/../arm-none-eabi/lib//libc.a(lib_a-fiprintf.o)
                0x80033544                _fiprintf_r
                0x80033574                fiprintf
 .text          0x800335b4       0x94 /home/leon/riotboard/arm-2012.09/bin/../arm-none-eabi/lib//libc.a(lib_a-fputc.o)
                0x800335b4                _fputc_r
                0x800335f8                fputc
 .text          0x80033648        0x0 /home/leon/riotboard/arm-2012.09/bin/../arm-none-eabi/lib//libc.a(lib_a-impure.o)
 .text          0x80033648       0x88 /home/leon/riotboard/arm-2012.09/bin/../arm-none-eabi/lib//libc.a(lib_a-init.o)
                0x80033648                __libc_init_array
 .text          0x800336d0       0x40 /home/leon/riotboard/arm-2012.09/bin/../arm-none-eabi/lib//libc.a(lib_a-malloc.o)
                0x800336d0                malloc
                0x800336f0                free
 .text          0x80033710      0x71c /home/leon/riotboard/arm-2012.09/bin/../arm-none-eabi/lib//libc.a(lib_a-mallocr.o)
                0x80033710                _malloc_r
 .text          0x80033e2c      0x20c /home/leon/riotboard/arm-2012.09/bin/../arm-none-eabi/lib//libc.a(lib_a-memcpy.o)
                0x80033e2c                memcpy
 .text          0x80034038      0x134 /home/leon/riotboard/arm-2012.09/bin/../arm-none-eabi/lib//libc.a(lib_a-memset.o)
                0x80034038                memset
 .text          0x8003416c        0x8 /home/leon/riotboard/arm-2012.09/bin/../arm-none-eabi/lib//libc.a(lib_a-mlock.o)
                0x8003416c                __malloc_lock
                0x80034170                __malloc_unlock
 .text          0x80034174       0x74 /home/leon/riotboard/arm-2012.09/bin/../arm-none-eabi/lib//libc.a(lib_a-printf.o)
                0x80034174                _printf_r
                0x800341a8                printf
 .text          0x800341e8      0x170 /home/leon/riotboard/arm-2012.09/bin/../arm-none-eabi/lib//libc.a(lib_a-putc.o)
                0x800341e8                _putc_r
                0x80034298                putc
 .text          0x80034358       0x28 /home/leon/riotboard/arm-2012.09/bin/../arm-none-eabi/lib//libc.a(lib_a-realloc.o)
                0x80034358                realloc
 .text          0x80034380      0x574 /home/leon/riotboard/arm-2012.09/bin/../arm-none-eabi/lib//libc.a(lib_a-reallocr.o)
                0x80034380                _realloc_r
 .text          0x800348f4       0x6c /home/leon/riotboard/arm-2012.09/bin/../arm-none-eabi/lib//libc.a(lib_a-rget.o)
                0x800348f4                __srget_r
                0x8003494c                __srget
 .text          0x80034960       0x40 /home/leon/riotboard/arm-2012.09/bin/../arm-none-eabi/lib//libc.a(lib_a-sbrkr.o)
                0x80034960                _sbrk_r
 .text          0x800349a0       0xdc /home/leon/riotboard/arm-2012.09/bin/../arm-none-eabi/lib//libc.a(lib_a-sprintf.o)
                0x800349a0                _sprintf_r
                0x80034a08                sprintf
 .text          0x80034a7c       0xa0 /home/leon/riotboard/arm-2012.09/bin/../arm-none-eabi/lib//libc.a(lib_a-strcat.o)
                0x80034a7c                strcat
 .text          0x80034b1c      0x230 /home/leon/riotboard/arm-2012.09/bin/../arm-none-eabi/lib//libc.a(lib_a-strcmp.o)
                0x80034b1c                strcmp
 .text          0x80034d4c       0xf0 /home/leon/riotboard/arm-2012.09/bin/../arm-none-eabi/lib//libc.a(lib_a-strcpy.o)
                0x80034d4c                strcpy
 .text          0x80034e3c       0x60 /home/leon/riotboard/arm-2012.09/bin/../arm-none-eabi/lib//libc.a(lib_a-strlen.o)
                0x80034e3c                strlen
 .text          0x80034e9c       0x78 /home/leon/riotboard/arm-2012.09/bin/../arm-none-eabi/lib//libc.a(lib_a-strncasecmp.o)
                0x80034e9c                strncasecmp
 .text          0x80034f14       0x24 /home/leon/riotboard/arm-2012.09/bin/../arm-none-eabi/lib//libc.a(lib_a-strtok.o)
                0x80034f14                strtok
 .text          0x80034f38       0xb8 /home/leon/riotboard/arm-2012.09/bin/../arm-none-eabi/lib//libc.a(lib_a-strtok_r.o)
                0x80034f38                __strtok_r
                0x80034fe8                strtok_r
 .text          0x80034ff0     0x1f7c /home/leon/riotboard/arm-2012.09/bin/../arm-none-eabi/lib//libc.a(lib_a-svfprintf.o)
                0x80034ff0                _svfprintf_r
 .text          0x80036f6c     0x12c4 /home/leon/riotboard/arm-2012.09/bin/../arm-none-eabi/lib//libc.a(lib_a-vfiprintf.o)
                0x80036f6c                __sprint_r
                0x80037028                _vfiprintf_r
                0x80038204                vfiprintf
 .text          0x80038230     0x2180 /home/leon/riotboard/arm-2012.09/bin/../arm-none-eabi/lib//libc.a(lib_a-vfprintf.o)
                0x80038230                _vfprintf_r
                0x8003a384                vfprintf
 .text          0x8003a3b0       0x4c /home/leon/riotboard/arm-2012.09/bin/../arm-none-eabi/lib//libc.a(lib_a-vprintf.o)
                0x8003a3b0                vprintf
                0x8003a3dc                _vprintf_r
 .text          0x8003a3fc      0x14c /home/leon/riotboard/arm-2012.09/bin/../arm-none-eabi/lib//libc.a(lib_a-wbuf.o)
                0x8003a3fc                __swbuf_r
                0x8003a52c                __swbuf
 .text          0x8003a548      0x138 /home/leon/riotboard/arm-2012.09/bin/../arm-none-eabi/lib//libc.a(lib_a-wsetup.o)
                0x8003a548                __swsetup_r
 .text          0x8003a680       0x14 /home/leon/riotboard/arm-2012.09/bin/../arm-none-eabi/lib//libc.a(lib_a-abort.o)
                0x8003a680                abort
 .text          0x8003a694        0x0 /home/leon/riotboard/arm-2012.09/bin/../arm-none-eabi/lib//libc.a(lib_a-ctype_.o)
 *fill*         0x8003a694        0x4 
 .text          0x8003a698     0x18a8 /home/leon/riotboard/arm-2012.09/bin/../arm-none-eabi/lib//libc.a(lib_a-dtoa.o)
                0x8003a878                _dtoa_r
 .text          0x8003bf40      0x26c /home/leon/riotboard/arm-2012.09/bin/../arm-none-eabi/lib//libc.a(lib_a-fflush.o)
                0x8003bf40                _fflush_r
                0x8003c16c                fflush
 .text          0x8003c1ac      0x2c4 /home/leon/riotboard/arm-2012.09/bin/../arm-none-eabi/lib//libc.a(lib_a-findfp.o)
                0x8003c1bc                _cleanup_r
                0x8003c250                __sfmoreglue
                0x8003c298                _cleanup
                0x8003c2a8                __sinit
                0x8003c320                __sfp
                0x8003c418                __sfp_lock_acquire
                0x8003c41c                __sfp_lock_release
                0x8003c420                __sinit_lock_acquire
                0x8003c424                __sinit_lock_release
                0x8003c428                __fp_lock_all
                0x8003c44c                __fp_unlock_all
 .text          0x8003c470      0x19c /home/leon/riotboard/arm-2012.09/bin/../arm-none-eabi/lib//libc.a(lib_a-fputwc.o)
                0x8003c470                _fputwc_r
                0x8003c5c0                fputwc
 .text          0x8003c60c      0x368 /home/leon/riotboard/arm-2012.09/bin/../arm-none-eabi/lib//libc.a(lib_a-freer.o)
                0x8003c60c                _malloc_trim_r
                0x8003c708                _free_r
 .text          0x8003c974      0x4c4 /home/leon/riotboard/arm-2012.09/bin/../arm-none-eabi/lib//libc.a(lib_a-fvwrite.o)
                0x8003c974                __sfvwrite_r
 .text          0x8003ce38      0x114 /home/leon/riotboard/arm-2012.09/bin/../arm-none-eabi/lib//libc.a(lib_a-fwalk.o)
                0x8003ce38                _fwalk
                0x8003cec0                _fwalk_reent
 .text          0x8003cf4c       0xd0 /home/leon/riotboard/arm-2012.09/bin/../arm-none-eabi/lib//libc.a(lib_a-locale.o)
                0x8003cf4c                _setlocale_r
                0x8003cfb8                __locale_charset
                0x8003cfc4                __locale_mb_cur_max
                0x8003cfd4                __locale_msgcharset
                0x8003cfe0                __locale_cjk_lang
                0x8003cfe8                _localeconv_r
                0x8003cff4                setlocale
                0x8003d010                localeconv
 .text          0x8003d01c      0x15c /home/leon/riotboard/arm-2012.09/bin/../arm-none-eabi/lib//libc.a(lib_a-makebuf.o)
                0x8003d01c                __smakebuf_r
 .text          0x8003d178      0x11c /home/leon/riotboard/arm-2012.09/bin/../arm-none-eabi/lib//libc.a(lib_a-memchr.o)
                0x8003d178                memchr
 .text          0x8003d294      0x134 /home/leon/riotboard/arm-2012.09/bin/../arm-none-eabi/lib//libc.a(lib_a-memmove.o)
                0x8003d294                memmove
 .text          0x8003d3c8      0xd20 /home/leon/riotboard/arm-2012.09/bin/../arm-none-eabi/lib//libc.a(lib_a-mprec.o)
                0x8003d3c8                _Balloc
                0x8003d454                _Bfree
                0x8003d470                __multadd
                0x8003d54c                __s2b
                0x8003d63c                __hi0bits
                0x8003d68c                __lo0bits
                0x8003d720                __i2b
                0x8003d744                __multiply
                0x8003d928                __pow5mult
                0x8003da1c                __lshift
                0x8003db20                __mcmp
                0x8003db84                __mdiff
                0x8003dcd0                __ulp
                0x8003dd34                __b2d
                0x8003de00                __d2b
                0x8003df08                __ratio
                0x8003df98                _mprec_log10
                0x8003dfec                __copybits
                0x8003e060                __any_on
 .text          0x8003e0e8      0x19c /home/leon/riotboard/arm-2012.09/bin/../arm-none-eabi/lib//libc.a(lib_a-reent.o)
                0x8003e0e8                cleanup_glue
                0x8003e114                _reclaim_reent
                0x8003e210                _wrapup_reent
 .text          0x8003e284      0x1cc /home/leon/riotboard/arm-2012.09/bin/../arm-none-eabi/lib//libc.a(lib_a-refill.o)
                0x8003e2ac                __srefill_r
 .text          0x8003e450       0x6c /home/leon/riotboard/arm-2012.09/bin/../arm-none-eabi/lib//libc.a(lib_a-s_fpclassify.o)
                0x8003e450                __fpclassifyd
 .text          0x8003e4bc      0x24c /home/leon/riotboard/arm-2012.09/bin/../arm-none-eabi/lib//libc.a(lib_a-signal.o)
                0x8003e4bc                _init_signal_r
                0x8003e51c                _signal_r
                0x8003e588                _raise_r
                0x8003e620                __sigtramp_r
                0x8003e6b4                raise
                0x8003e6c8                signal
                0x8003e6e4                _init_signal
                0x8003e6f4                __sigtramp
 .text          0x8003e708       0x50 /home/leon/riotboard/arm-2012.09/bin/../arm-none-eabi/lib//libc.a(lib_a-signalr.o)
                0x8003e708                _kill_r
                0x8003e748                _getpid_r
 .text          0x8003e758       0xdc /home/leon/riotboard/arm-2012.09/bin/../arm-none-eabi/lib//libc.a(lib_a-stdio.o)
                0x8003e758                __sread
                0x8003e78c                __seofread
                0x8003e794                __swrite
                0x8003e7ec                __sseek
                0x8003e820                __sclose
 .text          0x8003e834     0x1224 /home/leon/riotboard/arm-2012.09/bin/../arm-none-eabi/lib//libc.a(lib_a-svfiprintf.o)
                0x8003e834                __ssprint_r
                0x8003e9d8                _svfiprintf_r
 .text          0x8003fa58      0x134 /home/leon/riotboard/arm-2012.09/bin/../arm-none-eabi/lib//libc.a(lib_a-wcrtomb.o)
                0x8003fa58                _wcrtomb_r
                0x8003fae8                wcrtomb
 .text          0x8003fb8c       0x7c /home/leon/riotboard/arm-2012.09/bin/../arm-none-eabi/lib//libc.a(lib_a-wctomb_r.o)
                0x8003fb8c                __ascii_wctomb
                0x8003fbb8                _wctomb_r
 .text          0x8003fc08       0x44 /home/leon/riotboard/arm-2012.09/bin/../arm-none-eabi/lib//libc.a(lib_a-writer.o)
                0x8003fc08                _write_r
 .text          0x8003fc4c       0x94 /home/leon/riotboard/arm-2012.09/bin/../arm-none-eabi/lib//libc.a(lib_a-callocr.o)
                0x8003fc4c                _calloc_r
 .text          0x8003fce0       0x3c /home/leon/riotboard/arm-2012.09/bin/../arm-none-eabi/lib//libc.a(lib_a-closer.o)
                0x8003fce0                _close_r
 .text          0x8003fd1c      0x10c /home/leon/riotboard/arm-2012.09/bin/../arm-none-eabi/lib//libc.a(lib_a-fclose.o)
                0x8003fd1c                _fclose_r
                0x8003fe14                fclose
 .text          0x8003fe28       0x40 /home/leon/riotboard/arm-2012.09/bin/../arm-none-eabi/lib//libc.a(lib_a-fstatr.o)
                0x8003fe28                _fstat_r
 .text          0x8003fe68       0x3c /home/leon/riotboard/arm-2012.09/bin/../arm-none-eabi/lib//libc.a(lib_a-isattyr.o)
                0x8003fe68                _isatty_r
 .text          0x8003fea4       0x44 /home/leon/riotboard/arm-2012.09/bin/../arm-none-eabi/lib//libc.a(lib_a-lseekr.o)
                0x8003fea4                _lseek_r
 .text          0x8003fee8       0x44 /home/leon/riotboard/arm-2012.09/bin/../arm-none-eabi/lib//libc.a(lib_a-readr.o)
                0x8003fee8                _read_r
 .text          0x8003ff2c      0x114 /home/leon/riotboard/arm-2012.09/bin/../lib/gcc/arm-none-eabi/4.7.2//libgcc.a(_udivsi3.o)
                0x8003ff2c                __udivsi3
                0x8003ff2c                __aeabi_uidiv
                0x80040020                __aeabi_uidivmod
 .text          0x80040040      0x148 /home/leon/riotboard/arm-2012.09/bin/../lib/gcc/arm-none-eabi/4.7.2//libgcc.a(_divsi3.o)
                0x80040040                __aeabi_idiv
                0x80040040                __divsi3
                0x80040168                __aeabi_idivmod
 .text          0x80040188        0x4 /home/leon/riotboard/arm-2012.09/bin/../lib/gcc/arm-none-eabi/4.7.2//libgcc.a(_dvmd_tls.o)
                0x80040188                __aeabi_ldiv0
                0x80040188                __aeabi_idiv0
 .text          0x8004018c      0x41c /home/leon/riotboard/arm-2012.09/bin/../lib/gcc/arm-none-eabi/4.7.2//libgcc.a(_arm_addsubdf3.o)
                0x8004018c                __aeabi_drsub
                0x80040194                __aeabi_dsub
                0x80040194                __subdf3
                0x80040198                __adddf3
                0x80040198                __aeabi_dadd
                0x800404a8                __aeabi_ui2d
                0x800404a8                __floatunsidf
                0x800404cc                __floatsidf
                0x800404cc                __aeabi_i2d
                0x800404f4                __extendsfdf2
                0x800404f4                __aeabi_f2d
                0x80040534                __aeabi_ul2d
                0x80040534                __floatundidf
                0x80040548                __floatdidf
                0x80040548                __aeabi_l2d
 .text          0x800405a8      0x49c /home/leon/riotboard/arm-2012.09/bin/../lib/gcc/arm-none-eabi/4.7.2//libgcc.a(_arm_muldivdf3.o)
                0x800405a8                __aeabi_dmul
                0x800405a8                __muldf3
                0x80040838                __aeabi_ddiv
                0x80040838                __divdf3
 .text          0x80040a44      0x144 /home/leon/riotboard/arm-2012.09/bin/../lib/gcc/arm-none-eabi/4.7.2//libgcc.a(_arm_cmpdf2.o)
                0x80040a44                __gtdf2
                0x80040a44                __gedf2
                0x80040a4c                __ltdf2
                0x80040a4c                __ledf2
                0x80040a54                __cmpdf2
                0x80040a54                __eqdf2
                0x80040a54                __nedf2
                0x80040adc                __aeabi_cdrcmple
                0x80040af8                __aeabi_cdcmple
                0x80040af8                __aeabi_cdcmpeq
                0x80040b10                __aeabi_dcmpeq
                0x80040b28                __aeabi_dcmplt
                0x80040b40                __aeabi_dcmple
                0x80040b58                __aeabi_dcmpge
                0x80040b70                __aeabi_dcmpgt
 .text          0x80040b88       0x5c /home/leon/riotboard/arm-2012.09/bin/../lib/gcc/arm-none-eabi/4.7.2//libgcc.a(_arm_fixdfsi.o)
                0x80040b88                __fixdfsi
                0x80040b88                __aeabi_d2iz
 .text          0x80040be4       0x3c /home/leon/riotboard/arm-2012.09/bin/../lib/gcc/arm-none-eabi/4.7.2//libgcc.a(_aeabi_uldivmod.o)
                0x80040be4                __aeabi_uldivmod
 .text          0x80040c20       0x84 /home/leon/riotboard/arm-2012.09/bin/../lib/gcc/arm-none-eabi/4.7.2//libgcc.a(bpabi.o)
                0x80040c20                __gnu_ldivmod_helper
                0x80040c64                __gnu_uldivmod_helper
 .text          0x80040ca4      0x4f0 /home/leon/riotboard/arm-2012.09/bin/../lib/gcc/arm-none-eabi/4.7.2//libgcc.a(_divdi3.o)
                0x80040ca4                __divdi3
 .text          0x80041194      0x488 /home/leon/riotboard/arm-2012.09/bin/../lib/gcc/arm-none-eabi/4.7.2//libgcc.a(_udivdi3.o)
                0x80041194                __udivdi3
 .text          0x8004161c       0x48 /home/leon/riotboard/arm-2012.09/bin/../lib/gcc/arm-none-eabi/4.7.2//libgcc.a(_clzsi2.o)
                0x8004161c                __clzsi2
 .text          0x80041664      0x610 /home/leon/git/swp-report/iMX6_Platform_SDK/output/mx6sl/lib/libsdk.a(runtime_support.o)
                0x80041664                _execve
                0x800416a0                _fork
                0x800416c8                _isatty
                0x800416ec                _open
                0x80041718                _close
                0x8004173c                _lseek
                0x80041768                _fstat
                0x8004179c                _read
                0x8004186c                _write
                0x80041958                _raw_puts
                0x800419d8                _sbrk
                0x80041a88                _exit
                0x80041aa8                _kill
                0x80041ae0                _getpid
                0x80041af8                _link
                0x80041b30                _unlink
                0x80041b64                _stat
                0x80041b98                _times
                0x80041bbc                _gettimeofday
                0x80041c40                _wait
 *(.glue_7t)
 .glue_7t       0x00000000        0x0 linker stubs
 *(.glue_7)
 .glue_7        0x00000000        0x0 linker stubs
 *(.vfp11_veneer)
 .vfp11_veneer  0x00000000        0x0 linker stubs
 *(.ARM.extab* .gnu.linkonce.armextab.*)
 .ARM.extab.startup
                0x80041c74        0x0 /home/leon/git/swp-report/iMX6_Platform_SDK/output/mx6sl/lib/libsdk.a(startup.o)
 .ARM.extab     0x80041c74        0x0 /home/leon/riotboard/arm-2012.09/bin/../lib/gcc/arm-none-eabi/4.7.2//libgcc.a(_divdi3.o)
 .ARM.extab     0x80041c74        0x0 /home/leon/riotboard/arm-2012.09/bin/../lib/gcc/arm-none-eabi/4.7.2//libgcc.a(_udivdi3.o)
 *(.gcc_except_table)

.v4_bx          0x80041c74        0x0
 .v4_bx         0x00000000        0x0 linker stubs

.iplt           0x80041c74        0x0
 .iplt          0x00000000        0x0 /home/leon/riotboard/arm-2012.09/bin/../lib/gcc/arm-none-eabi/4.7.2//crtbegin.o

.ctors
 *crtbegin.o(.ctors)
 *crtbegin?.o(.ctors)
 *(EXCLUDE_FILE(*crtend?.o *crtend.o) .ctors)
 *(SORT(.ctors.*))
 *(.ctors)

.dtors
 *crtbegin.o(.dtors)
 *crtbegin?.o(.dtors)
 *(EXCLUDE_FILE(*crtend?.o *crtend.o) .dtors)
 *(SORT(.dtors.*))
 *(.dtors)

.rodata         0x80041c78     0x6c60
 *(.rodata .rodata.* .gnu.linkonce.r.*)
 .rodata        0x80041c78       0x9c /home/leon/git/swp-report/iMX6_Platform_SDK/output/mx6sl/obds/evk_rev_a/obj/apps/common/print_clock_info.o
 .rodata        0x80041d14      0x100 /home/leon/git/swp-report/iMX6_Platform_SDK/output/mx6sl/obds/evk_rev_a/obj/apps/common/print_version.o
 .rodata        0x80041e14      0x62c /home/leon/git/swp-report/iMX6_Platform_SDK/output/mx6sl/obds/evk_rev_a/obj/apps/obds/src/obds.o
                0x80042108                MenuList_All_Tests
                0x80042164                Menu_Commands
                0x8004221c                CPU_Tests
                0x80042410                MainBoard_Tests
 .rodata        0x80042440      0x318 /home/leon/git/swp-report/iMX6_Platform_SDK/output/mx6sl/obds/evk_rev_a/obj/apps/obds/src/obds_utils.o
 .rodata        0x80042758      0x368 /home/leon/git/swp-report/iMX6_Platform_SDK/output/mx6sl/obds/evk_rev_a/obj/apps/obds/src/tests/audio_ssi_test.o
                0x80042758                g_audio_ssi_test_name
 .rodata        0x80042ac0        0xc /home/leon/git/swp-report/iMX6_Platform_SDK/output/mx6sl/obds/evk_rev_a/obj/apps/obds/src/tests/ddr_test.o
                0x80042ac0                g_ddr_test_name
 .rodata        0x80042acc       0x84 /home/leon/git/swp-report/iMX6_Platform_SDK/output/mx6sl/obds/evk_rev_a/obj/apps/obds/src/tests/flexcan_test.o
                0x80042acc                g_flexcan_test_name
 .rodata        0x80042b50       0x34 /home/leon/git/swp-report/iMX6_Platform_SDK/output/mx6sl/obds/evk_rev_a/obj/apps/obds/src/tests/gpio_led.o
                0x80042b50                g_gpio_led_test_name
 .rodata        0x80042b84       0x20 /home/leon/git/swp-report/iMX6_Platform_SDK/output/mx6sl/obds/evk_rev_a/obj/apps/obds/src/tests/gps_test.o
 .rodata        0x80042ba4      0x10c /home/leon/git/swp-report/iMX6_Platform_SDK/output/mx6sl/obds/evk_rev_a/obj/apps/obds/src/tests/i2c_check_light_sensor_isl29023.o
                0x80042ba4                g_isl29023_i2c_device_id_test_name
 .rodata        0x80042cb0       0x6c /home/leon/git/swp-report/iMX6_Platform_SDK/output/mx6sl/obds/evk_rev_a/obj/apps/obds/src/tests/i2c_device_barometer_ppl3115.o
                0x80042cb0                g_ppl3115_i2c_device_id_test_name
 .rodata        0x80042d1c       0xb4 /home/leon/git/swp-report/iMX6_Platform_SDK/output/mx6sl/obds/evk_rev_a/obj/apps/obds/src/tests/i2c_device_digital_compass_mag3110.o
                0x80042d1c                g_mag3110_i2c_device_id_test_name
 .rodata        0x80042dd0       0xb4 /home/leon/git/swp-report/iMX6_Platform_SDK/output/mx6sl/obds/evk_rev_a/obj/apps/obds/src/tests/i2c_device_digital_compass_mag3112.o
                0x80042dd0                g_mag3112_i2c_device_id_test_name
 .rodata        0x80042e84      0x138 /home/leon/git/swp-report/iMX6_Platform_SDK/output/mx6sl/obds/evk_rev_a/obj/apps/obds/src/tests/i2c_device_id_check_mma8450.o
                0x80042e84                g_mma8450_i2c_device_id_test_name
 .rodata        0x80042fbc      0x138 /home/leon/git/swp-report/iMX6_Platform_SDK/output/mx6sl/obds/evk_rev_a/obj/apps/obds/src/tests/i2c_device_id_check_mma8451.o
                0x80042fbc                g_mma8451_i2c_device_id_test_name
 .rodata        0x800430f4       0xf8 /home/leon/git/swp-report/iMX6_Platform_SDK/output/mx6sl/obds/evk_rev_a/obj/apps/obds/src/tests/i2c_device_temp_sensor_emc1046.o
                0x800430f4                g_emc1046_i2c_device_id_test_name
 .rodata        0x800431ec       0x90 /home/leon/git/swp-report/iMX6_Platform_SDK/output/mx6sl/obds/evk_rev_a/obj/apps/obds/src/tests/i2c_device_zigbee_mc1323.o
 .rodata        0x8004327c       0x88 /home/leon/git/swp-report/iMX6_Platform_SDK/output/mx6sl/obds/evk_rev_a/obj/apps/obds/src/tests/i2c_eeprom_at24cxx_test.o
 .rodata        0x80043304      0x1a0 /home/leon/git/swp-report/iMX6_Platform_SDK/output/mx6sl/obds/evk_rev_a/obj/apps/obds/src/tests/imx_spi_nor_test.o
                0x80043304                g_spi_nor_test_name
 .rodata        0x800434a4      0x244 /home/leon/git/swp-report/iMX6_Platform_SDK/output/mx6sl/obds/evk_rev_a/obj/apps/obds/src/tests/keyboard_test.o
                0x800434a4                g_keypad_port_test_name
 .rodata        0x800436e8      0x23c /home/leon/git/swp-report/iMX6_Platform_SDK/output/mx6sl/obds/evk_rev_a/obj/apps/obds/src/tests/mmcsd_test.o
                0x800436e8                g_mmcsd_test_name
 .rodata        0x80043924      0x718 /home/leon/git/swp-report/iMX6_Platform_SDK/output/mx6sl/obds/evk_rev_a/obj/apps/obds/src/tests/pmic_da9053.o
 .rodata        0x8004403c      0x734 /home/leon/git/swp-report/iMX6_Platform_SDK/output/mx6sl/obds/evk_rev_a/obj/apps/obds/src/tests/pmic_lt3589.o
 .rodata        0x80044770       0x54 /home/leon/git/swp-report/iMX6_Platform_SDK/output/mx6sl/obds/evk_rev_a/obj/apps/obds/src/tests/pmic_max17135.o
                0x80044770                g_max17135_i2c_device_id_test_name
 .rodata        0x800447c4       0x48 /home/leon/git/swp-report/iMX6_Platform_SDK/output/mx6sl/obds/evk_rev_a/obj/apps/obds/src/tests/pmic_mc13892.o
 .rodata        0x8004480c      0x3e4 /home/leon/git/swp-report/iMX6_Platform_SDK/output/mx6sl/obds/evk_rev_a/obj/apps/obds/src/tests/program_board_id.o
                0x8004480c                g_program_board_id_test_name
 .rodata        0x80044bf0      0x3c8 /home/leon/git/swp-report/iMX6_Platform_SDK/output/mx6sl/obds/evk_rev_a/obj/apps/obds/src/tests/program_mac_address.o
                0x80044bf0                g_program_mac_address_test_name
 .rodata        0x80044fb8      0x1bc /home/leon/git/swp-report/iMX6_Platform_SDK/output/mx6sl/obds/evk_rev_a/obj/apps/obds/src/tests/snvs_srtc_test.o
                0x80044fb8                g_snvs_srtc_test_name
 .rodata        0x80045174      0x10c /home/leon/git/swp-report/iMX6_Platform_SDK/output/mx6sl/obds/evk_rev_a/obj/apps/obds/src/tests/touch_screen.o
 .rodata        0x80045280      0x1b0 /home/leon/git/swp-report/iMX6_Platform_SDK/output/mx6sl/obds/evk_rev_a/obj/apps/obds/src/tests/touch_screen_max11801.o
 .rodata        0x80045430      0x2ac /home/leon/git/swp-report/iMX6_Platform_SDK/output/mx6sl/obds/evk_rev_a/obj/apps/obds/src/tests/usb_tests_obds.o
                0x80045430                g_usb_otg_dev_enum_test_name
                0x80045450                g_usb_host1_dev_enum_test_name
 .rodata        0x800456dc      0x180 /home/leon/git/swp-report/iMX6_Platform_SDK/output/mx6sl/obds/evk_rev_a/obj/apps/obds/src/tests/weim_nor_flash_test.o
                0x800456dc                g_eim_NOR_flash_test_name
 .rodata        0x8004585c       0x98 /home/leon/git/swp-report/iMX6_Platform_SDK/output/mx6sl/obds/evk_rev_a/obj/sdk/common/pmic/pfuse/pf0100.o
                0x8004585c                g_pmic_pf0100_i2c_device_id_test_name
 .rodata        0x800458f4       0x84 /home/leon/git/swp-report/iMX6_Platform_SDK/output/mx6sl/obds/evk_rev_a/obj/sdk/drivers/audio/src/snd_card.o
 .rodata        0x80045978       0x88 /home/leon/git/swp-report/iMX6_Platform_SDK/output/mx6sl/obds/evk_rev_a/obj/sdk/drivers/camera/test/camera_test.o
                0x80045978                g_camera_test_name
 .rodata        0x80045a00       0x2c /home/leon/git/swp-report/iMX6_Platform_SDK/output/mx6sl/obds/evk_rev_a/obj/sdk/drivers/camera/test/csi_sensor_capture.o
 .rodata        0x80045a2c       0x68 /home/leon/git/swp-report/iMX6_Platform_SDK/output/mx6sl/obds/evk_rev_a/obj/sdk/drivers/epdc/test/epdc_test.o
                0x80045a2c                g_epdc_test_name
 .rodata        0x80045a94      0x204 /home/leon/git/swp-report/iMX6_Platform_SDK/output/mx6sl/obds/evk_rev_a/obj/sdk/drivers/fec/test/fec_test.o
                0x80045a94                g_fec_enet_test_name
 .rodata        0x80045c98       0x6c /home/leon/git/swp-report/iMX6_Platform_SDK/output/mx6sl/obds/evk_rev_a/obj/sdk/drivers/lcdif/test/lcdif_display.o
                0x80045c98                g_lcd_display_test_name
 .rodata        0x80045d04      0x194 /home/leon/git/swp-report/iMX6_Platform_SDK/output/mx6sl/obds/evk_rev_a/obj/sdk/drivers/spi/test/imx_spi_nor_atmel.o
 .rodata        0x80045e98      0x118 /home/leon/git/swp-report/iMX6_Platform_SDK/output/mx6sl/obds/evk_rev_a/obj/sdk/drivers/spi/test/spi_nor_numonyx.o
 .rodata        0x80045fb0       0xb0 /home/leon/git/swp-report/iMX6_Platform_SDK/output/mx6sl/obds/evk_rev_a/obj/sdk/drivers/uart/test/uart_test.o
                0x80045fb0                g_uart_test_name
 .rodata        0x80046060      0x218 /home/leon/git/swp-report/iMX6_Platform_SDK/output/mx6sl/obds/evk_rev_a/obj/sdk/drivers/usb/test/usb0_host_test.o
 .rodata        0x80046278       0xa8 /home/leon/git/swp-report/iMX6_Platform_SDK/output/mx6sl/obds/evk_rev_a/obj/sdk/drivers/usb/test/usb0_host_testmodes_test.o
 .rodata        0x80046320      0x38c /home/leon/git/swp-report/iMX6_Platform_SDK/output/mx6sl/obds/evk_rev_a/obj/sdk/drivers/usdhc/test/usdhc_test.o
 .rodata        0x800466ac       0x34 /home/leon/git/swp-report/iMX6_Platform_SDK/output/mx6sl/lib/libsdk.a(ccm_pll.o)
                0x800466ac                PLL1_OUTPUT
                0x800466b0                PLL2_OUTPUT
                0x800466c4                PLL3_OUTPUT
                0x800466d8                PLL4_OUTPUT
                0x800466dc                PLL5_OUTPUT
 .rodata        0x800466e0       0x64 /home/leon/git/swp-report/iMX6_Platform_SDK/output/mx6sl/lib/libsdk.a(gic.o)
 .rodata        0x80046744      0x154 /home/leon/git/swp-report/iMX6_Platform_SDK/output/mx6sl/lib/libsdk.a(menu.o)
 .rodata        0x80046898       0x50 /home/leon/git/swp-report/iMX6_Platform_SDK/output/mx6sl/lib/libsdk.a(sdk_version.o)
                0x80046898                k_sdk_version
                0x8004689c                k_sdk_copyright
 .rodata        0x800468e8       0xcc /home/leon/git/swp-report/iMX6_Platform_SDK/output/mx6sl/lib/libsdk.a(system_util.o)
 .rodata        0x800469b4       0xf4 /home/leon/git/swp-report/iMX6_Platform_SDK/output/mx6sl/lib/libsdk.a(text_color.o)
                0x800469bc                g_TextAttributeDefault
                0x800469c8                g_TextAttributeBold
                0x800469d4                g_TextAttributeDim
                0x800469e0                g_TextAttributeUnderline
                0x800469ec                g_TextAttributeBlink
                0x800469f8                g_TextAttributeReverse
                0x80046a04                g_TextAttributeHidden
                0x80046a10                g_TextColorBlack
                0x80046a1c                g_TextColorRed
                0x80046a28                g_TextColorGreen
                0x80046a34                g_TextColorYellow
                0x80046a40                g_TextColorBlue
                0x80046a4c                g_TextColorMagenta
                0x80046a58                g_TextColorCyan
                0x80046a64                g_TextColorWhite
                0x80046a74                g_TextColorOrange
                0x80046a84                g_TextColorLightBlue
                0x80046a94                g_TextColorGray
                0x80046aa4                g_TextColorPurple
 .rodata        0x80046aa8      0x1ac /home/leon/git/swp-report/iMX6_Platform_SDK/output/mx6sl/lib/libsdk.a(imx-ssi.o)
 .rodata        0x80046c54       0x58 /home/leon/git/swp-report/iMX6_Platform_SDK/output/mx6sl/lib/libsdk.a(imx_audmux.o)
 .rodata        0x80046cac       0xdc /home/leon/git/swp-report/iMX6_Platform_SDK/output/mx6sl/lib/libsdk.a(imx_spdif.o)
 .rodata        0x80046d88      0x1a4 /home/leon/git/swp-report/iMX6_Platform_SDK/output/mx6sl/lib/libsdk.a(wm8962.o)
 .rodata        0x80046f2c      0x1f8 /home/leon/git/swp-report/iMX6_Platform_SDK/output/mx6sl/lib/libsdk.a(board_id.o)
 .rodata        0x80047124       0xc4 /home/leon/git/swp-report/iMX6_Platform_SDK/output/mx6sl/lib/libsdk.a(smd_sensor.o)
 .rodata        0x800471e8       0x58 /home/leon/git/swp-report/iMX6_Platform_SDK/output/mx6sl/lib/libsdk.a(mxc_epdc.o)
 .rodata        0x80047240      0x158 /home/leon/git/swp-report/iMX6_Platform_SDK/output/mx6sl/lib/libsdk.a(fec_drv.o)
 .rodata        0x80047398       0xe0 /home/leon/git/swp-report/iMX6_Platform_SDK/output/mx6sl/lib/libsdk.a(gpio.o)
 .rodata        0x80047478      0x380 /home/leon/git/swp-report/iMX6_Platform_SDK/output/mx6sl/lib/libsdk.a(imx6sl_gpio_map.o)
                0x80047478                k_gpio_mux_registers
 .rodata        0x800477f8      0x2c4 /home/leon/git/swp-report/iMX6_Platform_SDK/output/mx6sl/lib/libsdk.a(imx_i2c.o)
 .rodata        0x80047abc       0xa4 /home/leon/git/swp-report/iMX6_Platform_SDK/output/mx6sl/lib/libsdk.a(lcdif_drv.o)
 .rodata        0x80047b60       0x74 /home/leon/git/swp-report/iMX6_Platform_SDK/output/mx6sl/lib/libsdk.a(ecspi.o)
 .rodata        0x80047bd4       0x94 /home/leon/git/swp-report/iMX6_Platform_SDK/output/mx6sl/lib/libsdk.a(usb_common.o)
 .rodata        0x80047c68       0x28 /home/leon/git/swp-report/iMX6_Platform_SDK/output/mx6sl/lib/libsdk.a(usbh_drv.o)
 .rodata        0x80047c90      0x1cc /home/leon/git/swp-report/iMX6_Platform_SDK/output/mx6sl/lib/libsdk.a(usdhc.o)
 .rodata        0x80047e5c       0x1c /home/leon/git/swp-report/iMX6_Platform_SDK/output/mx6sl/lib/libsdk.a(usdhc_host.o)
 .rodata        0x80047e78      0x20c /home/leon/git/swp-report/iMX6_Platform_SDK/output/mx6sl/lib/libsdk.a(usdhc_mmc.o)
 .rodata        0x80048084       0x58 /home/leon/git/swp-report/iMX6_Platform_SDK/output/mx6sl/lib/libsdk.a(usdhc_sd.o)
                0x80048084                sd_ocr_value
                0x80048090                sd_if_cmd_arg
 .rodata        0x800480dc       0x20 /home/leon/git/swp-report/iMX6_Platform_SDK/output/mx6sl/lib/libsdk.a(interrupt.o)
 .rodata        0x800480fc      0x230 /home/leon/git/swp-report/iMX6_Platform_SDK/output/mx6sl/lib/libsdk.a(abort_handler.o)
 .rodata        0x8004832c       0x30 /home/leon/git/swp-report/iMX6_Platform_SDK/output/mx6sl/lib/libboard_evk_rev_a.a(board_i2c.o)
                0x8004832c                g_wm8962_i2c_device
                0x80048334                g_pmic_ltc3589_i2c_device
                0x8004833c                g_pmic_da9053_i2c_device
                0x80048344                g_pmic_max17135_i2c_device
                0x8004834c                g_pmic_pf0100_i2c_device
                0x80048354                g_at24cx_i2c_device
 .rodata        0x8004835c       0x74 /home/leon/git/swp-report/iMX6_Platform_SDK/output/mx6sl/lib/libboard_evk_rev_a.a(ecspi_iomux_config.o)
 .rodata        0x800483d0       0x74 /home/leon/git/swp-report/iMX6_Platform_SDK/output/mx6sl/lib/libboard_evk_rev_a.a(i2c_iomux_config.o)
 .rodata        0x80048444       0x74 /home/leon/git/swp-report/iMX6_Platform_SDK/output/mx6sl/lib/libboard_evk_rev_a.a(uart_iomux_config.o)
 .rodata        0x800484b8       0x74 /home/leon/git/swp-report/iMX6_Platform_SDK/output/mx6sl/lib/libboard_evk_rev_a.a(usdhc_iomux_config.o)
 .rodata.str1.4
                0x8004852c       0x3f /home/leon/riotboard/arm-2012.09/bin/../arm-none-eabi/lib//libc.a(lib_a-assert.o)
                                 0x44 (size before relaxing)
 *fill*         0x8004856b        0x1 
 .rodata        0x8004856c        0x4 /home/leon/riotboard/arm-2012.09/bin/../arm-none-eabi/lib//libc.a(lib_a-impure.o)
                0x8004856c                _global_impure_ptr
 .rodata.str1.4
                0x80048570        0x2 /home/leon/riotboard/arm-2012.09/bin/../arm-none-eabi/lib//libc.a(lib_a-impure.o)
                                  0x4 (size before relaxing)
 *fill*         0x80048572        0x2 
 .rodata        0x80048574       0x20 /home/leon/riotboard/arm-2012.09/bin/../arm-none-eabi/lib//libc.a(lib_a-svfprintf.o)
 .rodata.str1.4
                0x80048594       0x42 /home/leon/riotboard/arm-2012.09/bin/../arm-none-eabi/lib//libc.a(lib_a-svfprintf.o)
                                 0x44 (size before relaxing)
 *fill*         0x800485d6        0x2 
 .rodata        0x800485d8       0x20 /home/leon/riotboard/arm-2012.09/bin/../arm-none-eabi/lib//libc.a(lib_a-vfiprintf.o)
 .rodata.str1.4
                0x00000000       0x30 /home/leon/riotboard/arm-2012.09/bin/../arm-none-eabi/lib//libc.a(lib_a-vfiprintf.o)
 .rodata        0x800485f8       0x20 /home/leon/riotboard/arm-2012.09/bin/../arm-none-eabi/lib//libc.a(lib_a-vfprintf.o)
 .rodata.str1.4
                0x00000000       0x44 /home/leon/riotboard/arm-2012.09/bin/../arm-none-eabi/lib//libc.a(lib_a-vfprintf.o)
 .rodata        0x80048618      0x104 /home/leon/riotboard/arm-2012.09/bin/../arm-none-eabi/lib//libc.a(lib_a-ctype_.o)
                0x80048618                _ctype_
 .rodata.str1.4
                0x8004871c       0x10 /home/leon/riotboard/arm-2012.09/bin/../arm-none-eabi/lib//libc.a(lib_a-dtoa.o)
                                 0x14 (size before relaxing)
 .rodata.str1.4
                0x8004872c        0xc /home/leon/riotboard/arm-2012.09/bin/../arm-none-eabi/lib//libc.a(lib_a-locale.o)
                                 0x14 (size before relaxing)
 .rodata        0x80048738      0x128 /home/leon/riotboard/arm-2012.09/bin/../arm-none-eabi/lib//libc.a(lib_a-mprec.o)
                0x80048748                __mprec_tens
                0x80048810                __mprec_tinytens
                0x80048838                __mprec_bigtens
 .rodata        0x80048860       0x20 /home/leon/riotboard/arm-2012.09/bin/../arm-none-eabi/lib//libc.a(lib_a-svfiprintf.o)
 .rodata.str1.4
                0x00000000       0x30 /home/leon/riotboard/arm-2012.09/bin/../arm-none-eabi/lib//libc.a(lib_a-svfiprintf.o)
 .rodata        0x80048880       0x20 /home/leon/git/swp-report/iMX6_Platform_SDK/output/mx6sl/lib/libsdk.a(runtime_support.o)
                0x800488a0                . = ALIGN (0x4)
 *(.init)
 .init          0x800488a0        0xc /home/leon/riotboard/arm-2012.09/bin/../lib/gcc/arm-none-eabi/4.7.2//crti.o
                0x800488a0                _init
 .init          0x800488ac        0xc /home/leon/riotboard/arm-2012.09/bin/../lib/gcc/arm-none-eabi/4.7.2//crtn.o
                0x800488b8                . = ALIGN (0x4)
                0x800488b8                __init_array_start = .
 *(SORT(.init_array.*))
 *(.init_array)
 .init_array    0x800488b8        0x4 /home/leon/riotboard/arm-2012.09/bin/../lib/gcc/arm-none-eabi/4.7.2//crtbegin.o
                0x800488bc                __init_array_end = .
                0x800488bc                . = ALIGN (0x4)
 *(.fini)
 .fini          0x800488bc        0xc /home/leon/riotboard/arm-2012.09/bin/../lib/gcc/arm-none-eabi/4.7.2//crti.o
                0x800488bc                _fini
 .fini          0x800488c8        0xc /home/leon/riotboard/arm-2012.09/bin/../lib/gcc/arm-none-eabi/4.7.2//crtn.o
                0x800488d4                . = ALIGN (0x4)
                0x800488d4                __fini_array_start = .
 *(.fini_array)
 .fini_array    0x800488d4        0x4 /home/leon/riotboard/arm-2012.09/bin/../lib/gcc/arm-none-eabi/4.7.2//crtbegin.o
 *(SORT(.fini_array.*))
                0x800488d8                __fini_array_end = .
                0x800488d8                PROVIDE (__exidx_start, .)

.eh_frame       0x800488d8        0x4
 .eh_frame      0x800488d8        0x0 /home/leon/riotboard/arm-2012.09/bin/../lib/gcc/arm-none-eabi/4.7.2//crtbegin.o
 .eh_frame      0x800488d8        0x4 /home/leon/riotboard/arm-2012.09/bin/../lib/gcc/arm-none-eabi/4.7.2//crtend.o

.ARM.exidx      0x800488dc        0x8
 *(.ARM.exidx* .gnu.linkonce.armexidx.*)
 .ARM.exidx.startup
                0x800488dc        0x8 /home/leon/git/swp-report/iMX6_Platform_SDK/output/mx6sl/lib/libsdk.a(startup.o)
 .ARM.exidx     0x800488e4        0x0 /home/leon/riotboard/arm-2012.09/bin/../lib/gcc/arm-none-eabi/4.7.2//libgcc.a(_divdi3.o)
                                  0x8 (size before relaxing)
 .ARM.exidx     0x800488e4        0x0 /home/leon/riotboard/arm-2012.09/bin/../lib/gcc/arm-none-eabi/4.7.2//libgcc.a(_udivdi3.o)
                                  0x8 (size before relaxing)
                0x800488e4                PROVIDE (__exidx_end, .)

.rel.dyn        0x800488e4        0x0
 .rel.iplt      0x00000000        0x0 /home/leon/riotboard/arm-2012.09/bin/../lib/gcc/arm-none-eabi/4.7.2//crtbegin.o

.data           0x800488e8   0x14afe0
 *(.data .data.* .gnu.linkonce.d.*)
 .data          0x800488e8        0x4 /home/leon/riotboard/arm-2012.09/bin/../lib/gcc/arm-none-eabi/4.7.2//crtbegin.o
                0x800488e8                __dso_handle
 .data          0x800488ec        0x0 /home/leon/riotboard/arm-2012.09/bin/../lib/gcc/arm-none-eabi/4.7.2//crti.o
 .data          0x800488ec        0x0 /home/leon/riotboard/arm-2012.09/bin/../lib/gcc/arm-none-eabi/4.7.2//crtend.o
 .data          0x800488ec        0x0 /home/leon/riotboard/arm-2012.09/bin/../lib/gcc/arm-none-eabi/4.7.2//crtn.o
 .data          0x800488ec        0x0 /home/leon/git/swp-report/iMX6_Platform_SDK/output/mx6sl/obds/evk_rev_a/obj/apps/common/ivt.o
 .data          0x800488ec        0x0 /home/leon/git/swp-report/iMX6_Platform_SDK/output/mx6sl/obds/evk_rev_a/obj/apps/common/platform_init.o
 .data          0x800488ec        0x0 /home/leon/git/swp-report/iMX6_Platform_SDK/output/mx6sl/obds/evk_rev_a/obj/apps/common/print_clock_info.o
 .data          0x800488ec        0x0 /home/leon/git/swp-report/iMX6_Platform_SDK/output/mx6sl/obds/evk_rev_a/obj/apps/common/print_version.o
 .data          0x800488ec        0x4 /home/leon/git/swp-report/iMX6_Platform_SDK/output/mx6sl/obds/evk_rev_a/obj/apps/obds/src/obds.o
                0x800488ec                auto_run_enable
 .data          0x800488f0        0x8 /home/leon/git/swp-report/iMX6_Platform_SDK/output/mx6sl/obds/evk_rev_a/obj/apps/obds/src/obds_utils.o
                0x800488f0                soc_sbmr1
                0x800488f4                soc_sbmr2
 .data          0x800488f8        0x0 /home/leon/git/swp-report/iMX6_Platform_SDK/output/mx6sl/obds/evk_rev_a/obj/apps/obds/src/tests/audio_esai_test.o
 .data          0x800488f8    0x275f4 /home/leon/git/swp-report/iMX6_Platform_SDK/output/mx6sl/obds/evk_rev_a/obj/apps/obds/src/tests/audio_ssi_test.o
                0x800488f8                wav_data
                0x8006fec0                pcm_para
                0x8006fecc                pcm_music
                0x8006fedc                pcm_record
 .data          0x8006feec        0x0 /home/leon/git/swp-report/iMX6_Platform_SDK/output/mx6sl/obds/evk_rev_a/obj/apps/obds/src/tests/ddr_test.o
 .data          0x8006feec        0x0 /home/leon/git/swp-report/iMX6_Platform_SDK/output/mx6sl/obds/evk_rev_a/obj/apps/obds/src/tests/flexcan_test.o
 .data          0x8006feec        0x0 /home/leon/git/swp-report/iMX6_Platform_SDK/output/mx6sl/obds/evk_rev_a/obj/apps/obds/src/tests/gpio_led.o
 .data          0x8006feec        0x4 /home/leon/git/swp-report/iMX6_Platform_SDK/output/mx6sl/obds/evk_rev_a/obj/apps/obds/src/tests/gps_test.o
 .data          0x8006fef0        0x0 /home/leon/git/swp-report/iMX6_Platform_SDK/output/mx6sl/obds/evk_rev_a/obj/apps/obds/src/tests/i2c_check_light_sensor_isl29023.o
 .data          0x8006fef0        0x0 /home/leon/git/swp-report/iMX6_Platform_SDK/output/mx6sl/obds/evk_rev_a/obj/apps/obds/src/tests/i2c_device_barometer_ppl3115.o
 .data          0x8006fef0        0x0 /home/leon/git/swp-report/iMX6_Platform_SDK/output/mx6sl/obds/evk_rev_a/obj/apps/obds/src/tests/i2c_device_check_cs42888.o