Archive member included because of file (symbol)

/home/leon/git/swp-report/iMX6_Platform_SDK/output/mx6sdl/lib/libsdk.a(max7310.o)
                              /home/leon/git/swp-report/iMX6_Platform_SDK/output/mx6sdl/obds/evb_rev_a/obj/sdk/common/ioexpander/test/max7310_test.o (max7310_reg_read)
/home/leon/git/swp-report/iMX6_Platform_SDK/output/mx6sdl/lib/libsdk.a(ccm_pll.o)
                              /home/leon/git/swp-report/iMX6_Platform_SDK/output/mx6sdl/obds/evb_rev_a/obj/apps/common/platform_init.o (ccm_init)
/home/leon/git/swp-report/iMX6_Platform_SDK/output/mx6sdl/lib/libsdk.a(cortexA9.o)
                              /home/leon/git/swp-report/iMX6_Platform_SDK/output/mx6sdl/obds/evb_rev_a/obj/apps/common/platform_init.o (arm_set_interrupt_state)
/home/leon/git/swp-report/iMX6_Platform_SDK/output/mx6sdl/lib/libsdk.a(gic.o)
                              /home/leon/git/swp-report/iMX6_Platform_SDK/output/mx6sdl/obds/evb_rev_a/obj/apps/common/platform_init.o (gic_init)
/home/leon/git/swp-report/iMX6_Platform_SDK/output/mx6sdl/lib/libsdk.a(interrupt.o)
                              /home/leon/git/swp-report/iMX6_Platform_SDK/output/mx6sdl/obds/evb_rev_a/obj/sdk/drivers/hdmi/test/hdmi_test.o (disable_interrupt)
/home/leon/git/swp-report/iMX6_Platform_SDK/output/mx6sdl/lib/libsdk.a(mmu.o)
                              /home/leon/git/swp-report/iMX6_Platform_SDK/output/mx6sdl/obds/evb_rev_a/obj/apps/common/platform_init.o (mmu_init)
/home/leon/git/swp-report/iMX6_Platform_SDK/output/mx6sdl/lib/libsdk.a(startup.o)
                              (_start)
/home/leon/git/swp-report/iMX6_Platform_SDK/output/mx6sdl/lib/libsdk.a(vectors.o)
                              /home/leon/git/swp-report/iMX6_Platform_SDK/output/mx6sdl/lib/libsdk.a(startup.o) (vectors)
/home/leon/git/swp-report/iMX6_Platform_SDK/output/mx6sdl/lib/libsdk.a(menu.o)
                              /home/leon/git/swp-report/iMX6_Platform_SDK/output/mx6sdl/obds/evb_rev_a/obj/apps/obds/src/obds.o (menu_get_indent)
/home/leon/git/swp-report/iMX6_Platform_SDK/output/mx6sdl/lib/libsdk.a(sdk_version.o)
                              /home/leon/git/swp-report/iMX6_Platform_SDK/output/mx6sdl/obds/evb_rev_a/obj/apps/common/print_version.o (k_sdk_version)
/home/leon/git/swp-report/iMX6_Platform_SDK/output/mx6sdl/lib/libsdk.a(system_util.o)
                              /home/leon/git/swp-report/iMX6_Platform_SDK/output/mx6sdl/lib/libsdk.a(startup.o) (_sys_exit)
/home/leon/git/swp-report/iMX6_Platform_SDK/output/mx6sdl/lib/libsdk.a(text_color.o)
                              /home/leon/git/swp-report/iMX6_Platform_SDK/output/mx6sdl/obds/evb_rev_a/obj/apps/obds/src/obds.o (g_TextAttributeDefault)
/home/leon/git/swp-report/iMX6_Platform_SDK/output/mx6sdl/lib/libsdk.a(cs42888.o)
                              /home/leon/git/swp-report/iMX6_Platform_SDK/output/mx6sdl/obds/evb_rev_a/obj/apps/obds/src/tests/i2c_device_check_cs42888.o (cs42888_init)
/home/leon/git/swp-report/iMX6_Platform_SDK/output/mx6sdl/lib/libsdk.a(imx-ssi.o)
                              /home/leon/git/swp-report/iMX6_Platform_SDK/output/mx6sdl/obds/evb_rev_a/obj/sdk/drivers/audio/src/snd_card.o (imx_ssi_2)
/home/leon/git/swp-report/iMX6_Platform_SDK/output/mx6sdl/lib/libsdk.a(imx_esai.o)
                              /home/leon/git/swp-report/iMX6_Platform_SDK/output/mx6sdl/obds/evb_rev_a/obj/sdk/drivers/audio/src/snd_card.o (imx_esai_1)
/home/leon/git/swp-report/iMX6_Platform_SDK/output/mx6sdl/lib/libsdk.a(imx_spdif.o)
                              /home/leon/git/swp-report/iMX6_Platform_SDK/output/mx6sdl/obds/evb_rev_a/obj/sdk/drivers/audio/src/snd_card.o (imx_spdif)
/home/leon/git/swp-report/iMX6_Platform_SDK/output/mx6sdl/lib/libsdk.a(sgtl5000.o)
                              /home/leon/git/swp-report/iMX6_Platform_SDK/output/mx6sdl/obds/evb_rev_a/obj/sdk/drivers/audio/src/snd_card.o (sgtl5000)
/home/leon/git/swp-report/iMX6_Platform_SDK/output/mx6sdl/lib/libsdk.a(wm8958_dac.o)
                              /home/leon/git/swp-report/iMX6_Platform_SDK/output/mx6sdl/obds/evb_rev_a/obj/sdk/drivers/audio/src/snd_card.o (wm8958)
/home/leon/git/swp-report/iMX6_Platform_SDK/output/mx6sdl/lib/libsdk.a(wm8962.o)
                              /home/leon/git/swp-report/iMX6_Platform_SDK/output/mx6sdl/obds/evb_rev_a/obj/sdk/drivers/audio/src/snd_card.o (wm8962)
/home/leon/git/swp-report/iMX6_Platform_SDK/output/mx6sdl/lib/libsdk.a(board_id.o)
                              /home/leon/git/swp-report/iMX6_Platform_SDK/output/mx6sdl/obds/evb_rev_a/obj/apps/common/print_version.o (chip_name)
/home/leon/git/swp-report/iMX6_Platform_SDK/output/mx6sdl/lib/libsdk.a(smd_sensor.o)
                              /home/leon/git/swp-report/iMX6_Platform_SDK/output/mx6sdl/obds/evb_rev_a/obj/sdk/drivers/camera/test/sensor_capture.o (sensor_config)
/home/leon/git/swp-report/iMX6_Platform_SDK/output/mx6sdl/lib/libsdk.a(enet_drv.o)
[...]
Memory Configuration

Name             Origin             Length             Attributes
OCRAM            0x00900000         0x00020000         xrw
DDR              0x10000000         0x40000000         xrw
*default*        0x00000000         0xffffffff

Linker script and memory map

LOAD /home/leon/riotboard/arm-2012.09/bin/../lib/gcc/arm-none-eabi/4.7.2//crtbegin.o
LOAD /home/leon/riotboard/arm-2012.09/bin/../lib/gcc/arm-none-eabi/4.7.2//crti.o
LOAD /home/leon/riotboard/arm-2012.09/bin/../lib/gcc/arm-none-eabi/4.7.2//crtend.o
LOAD /home/leon/riotboard/arm-2012.09/bin/../lib/gcc/arm-none-eabi/4.7.2//crtn.o

.l1_page_table  0x00900000     0x4000
                0x00900000                __l1_page_table_start = .
                0x00904000                . = (. + 0x4000)
 *fill*         0x00900000     0x4000 

.heap.ocram     0x00904000    0x1bfb8
                0x00904000                __heap_ocram_start = .
                0x0091ffb8                . = (. + 0x1bfb8)
 *fill*         0x00904000    0x1bfb8 
                0x0091ffb8                __heap_ocram_end = .

.ram_vectors    0x0091ffb8       0x48
                0x0091ffb8                __ram_vectors_start = .
                0x00920000                . = (. + 0x48)
 *fill*         0x0091ffb8       0x48 
                0x00920000                __ram_vectors_end = .
                0x10000000                _start_image_add = ORIGIN (DDR)

.ivt            0x10000000      0x420
                0x10000400                . = (. + 0x400)
 *fill*         0x10000000      0x400 
 *(.ivt)
 .ivt           0x10000400       0x20 /home/leon/git/swp-report/iMX6_Platform_SDK/output/mx6sdl/obds/evb_rev_a/obj/apps/common/ivt.o
                0x10000400                input_ivt

.boot_data      0x10000420        0xc
                0x10000420                __start_boot_data = .
 *(.boot_data)
 .boot_data     0x10000420        0xc /home/leon/git/swp-report/iMX6_Platform_SDK/output/mx6sdl/obds/evb_rev_a/obj/apps/common/ivt.o
                0x10000420                bd

.dcd_hdr        0x10000430        0x4
                0x10000430                __start_dcd = .
 *(.dcd_hdr)
 .dcd_hdr       0x10000430        0x4 /home/leon/git/swp-report/iMX6_Platform_SDK/output/mx6sdl/lib/libboard_evb_rev_a.a(dcd.o)
                0x10000430                input_dcd_hdr

.dcd_wrt_cmd    0x10000434        0x4
 *(.dcd_wrt_cmd)
 .dcd_wrt_cmd   0x10000434        0x4 /home/leon/git/swp-report/iMX6_Platform_SDK/output/mx6sdl/lib/libboard_evb_rev_a.a(dcd.o)
                0x10000434                input_dcd_wrt_cmd

.dcd_data       0x10000438      0x2d8
 *(.dcd_data)
 .dcd_data      0x10000438      0x2d8 /home/leon/git/swp-report/iMX6_Platform_SDK/output/mx6sdl/lib/libboard_evb_rev_a.a(dcd.o)
                0x10000438                input_dcd

.text           0x10000710    0x5bb74
 CREATE_OBJECT_SYMBOLS
 *(.startup)
 .startup       0x10000710      0x138 /home/leon/git/swp-report/iMX6_Platform_SDK/output/mx6sdl/lib/libsdk.a(startup.o)
                0x10000710                _start
 *(.text .text.* .gnu.linkonce.t.*)
 .text          0x10000848      0x128 /home/leon/riotboard/arm-2012.09/bin/../lib/gcc/arm-none-eabi/4.7.2//crtbegin.o
 .text          0x10000970        0x0 /home/leon/riotboard/arm-2012.09/bin/../lib/gcc/arm-none-eabi/4.7.2//crti.o
 .text          0x10000970        0x0 /home/leon/riotboard/arm-2012.09/bin/../lib/gcc/arm-none-eabi/4.7.2//crtend.o
 .text          0x10000970        0x0 /home/leon/riotboard/arm-2012.09/bin/../lib/gcc/arm-none-eabi/4.7.2//crtn.o
 .text          0x10000970        0x0 /home/leon/git/swp-report/iMX6_Platform_SDK/output/mx6sdl/obds/evb_rev_a/obj/apps/common/ivt.o
 .text          0x10000970       0xbc /home/leon/git/swp-report/iMX6_Platform_SDK/output/mx6sdl/obds/evb_rev_a/obj/apps/common/platform_init.o
                0x10000970                platform_init
 .text          0x10000a2c       0xfc /home/leon/git/swp-report/iMX6_Platform_SDK/output/mx6sdl/obds/evb_rev_a/obj/apps/common/print_clock_info.o
                0x10000a2c                show_freq
                0x10000b18                show_ddr_config
 .text          0x10000b28      0x15c /home/leon/git/swp-report/iMX6_Platform_SDK/output/mx6sdl/obds/evb_rev_a/obj/apps/common/print_version.o
                0x10000b28                print_version
 .text          0x10000c84     0x10c0 /home/leon/git/swp-report/iMX6_Platform_SDK/output/mx6sdl/obds/evb_rev_a/obj/apps/obds/src/obds.o
                0x10000c84                main
                0x10000fec                free_test_results
                0x10001084                printf_hook
                0x10001250                prompt_run_test
                0x100012f4                print_test_passed
                0x10001340                print_test_skipped
                0x1000138c                print_test_failed
                0x100013e4                print_test_not_implemented
                0x1000143c                run_test
                0x10001688                report_test_results
                0x10001a50                run_all_tests
                0x10001cdc                select_tests
 .text          0x10001d44      0x770 /home/leon/git/swp-report/iMX6_Platform_SDK/output/mx6sdl/obds/evb_rev_a/obj/apps/obds/src/obds_utils.o
                0x10001d44                show_boot_switch_info
 .text          0x100024b4      0x330 /home/leon/git/swp-report/iMX6_Platform_SDK/output/mx6sdl/obds/evb_rev_a/obj/apps/obds/src/tests/android_buttons_test.o
                0x100024b4                configure_android_button
                0x1000251c                init_android_buttons
                0x1000256c                check_android_button_status
                0x100026b8                android_buttons_test
 .text          0x100027e4      0xe24 /home/leon/git/swp-report/iMX6_Platform_SDK/output/mx6sdl/obds/evb_rev_a/obj/apps/obds/src/tests/audio_esai_test.o
                0x100027e4                esai_test
 .text          0x10003608      0x3e4 /home/leon/git/swp-report/iMX6_Platform_SDK/output/mx6sdl/obds/evb_rev_a/obj/apps/obds/src/tests/audio_ssi_test.o
                0x10003608                audio_test_init
                0x1000372c                i2s_audio_test
 .text          0x100039ec      0x610 /home/leon/git/swp-report/iMX6_Platform_SDK/output/mx6sdl/obds/evb_rev_a/obj/apps/obds/src/tests/ddr_test.o
                0x100039ec                get_ddr_density
                0x10003ab0                ddr_test
 .text          0x10003ffc      0x2e4 /home/leon/git/swp-report/iMX6_Platform_SDK/output/mx6sdl/obds/evb_rev_a/obj/apps/obds/src/tests/deserializer_ds90ur124.o
                0x10003ffc                deserializer_io_config
                0x10004010                ds90ur124_init
                0x10004044                ds90ur124_receive_cnx_test
                0x10004208                ds90ur124_test_main
 .text          0x100042e0      0x744 /home/leon/git/swp-report/iMX6_Platform_SDK/output/mx6sdl/obds/evb_rev_a/obj/apps/obds/src/tests/display_test.o
                0x100042e0                hdmi_720p_init
                0x10004878                ipu_display_test_main
 .text          0x10004a24      0x978 /home/leon/git/swp-report/iMX6_Platform_SDK/output/mx6sdl/obds/evb_rev_a/obj/apps/obds/src/tests/enet_mx6dldq_test.o
                0x10004bb8                enet_test_main
                0x10004e58                ar8031_test_main
                0x10005108                KSZ9021RN_test_main
 .text          0x1000539c       0x64 /home/leon/git/swp-report/iMX6_Platform_SDK/output/mx6sdl/obds/evb_rev_a/obj/apps/obds/src/tests/flexcan_test.o
                0x1000539c                flexcan_test
 .text          0x10005400      0x278 /home/leon/git/swp-report/iMX6_Platform_SDK/output/mx6sdl/obds/evb_rev_a/obj/apps/obds/src/tests/fm_tuner_si476x_test.o
                0x100055e4                si476x_test_main
 .text          0x10005678      0x1d8 /home/leon/git/swp-report/iMX6_Platform_SDK/output/mx6sdl/obds/evb_rev_a/obj/apps/obds/src/tests/gpio_led.o
                0x10005678                gpio_led_test
 .text          0x10005850       0xd4 /home/leon/git/swp-report/iMX6_Platform_SDK/output/mx6sdl/obds/evb_rev_a/obj/apps/obds/src/tests/gps_test.o
                0x10005850                gps_test
 .text          0x10005924      0x5d0 /home/leon/git/swp-report/iMX6_Platform_SDK/output/mx6sdl/obds/evb_rev_a/obj/apps/obds/src/tests/i2c_check_light_sensor_isl29023.o
                0x10005e0c                i2c_device_id_check_isl29023
 .text          0x10005ef4      0x294 /home/leon/git/swp-report/iMX6_Platform_SDK/output/mx6sdl/obds/evb_rev_a/obj/apps/obds/src/tests/i2c_device_barometer_ppl3115.o
                0x100060cc                i2c_device_id_check_ppl3115
                0x1000615c                i2c_device_ppl3115_test
 .text          0x10006188       0x70 /home/leon/git/swp-report/iMX6_Platform_SDK/output/mx6sdl/obds/evb_rev_a/obj/apps/obds/src/tests/i2c_device_check_cs42888.o
                0x10006188                i2c_device_check_cs42888
 .text          0x100061f8      0x1ac /home/leon/git/swp-report/iMX6_Platform_SDK/output/mx6sdl/obds/evb_rev_a/obj/apps/obds/src/tests/i2c_device_digital_compass_mag3110.o
                0x100061f8                mag3110_reg_read
                0x1000630c                i2c_device_id_check_mag3110
 .text          0x100063a4      0x1b4 /home/leon/git/swp-report/iMX6_Platform_SDK/output/mx6sdl/obds/evb_rev_a/obj/apps/obds/src/tests/i2c_device_digital_compass_mag3112.o
                0x100063a4                mag3112_reg_read
                0x100064b8                i2c_device_id_check_mag3112
 .text          0x10006558      0x964 /home/leon/git/swp-report/iMX6_Platform_SDK/output/mx6sdl/obds/evb_rev_a/obj/apps/obds/src/tests/i2c_device_id_check_mma8450.o
                0x10006730                i2c_device_id_check_MMA8450
                0x100067dc                mma8450_set_config
                0x100068e4                mma8450_get_accel
                0x10006cf0                mma8450_show_accel
 .text          0x10006ebc      0x970 /home/leon/git/swp-report/iMX6_Platform_SDK/output/mx6sdl/obds/evb_rev_a/obj/apps/obds/src/tests/i2c_device_id_check_mma8451.o
                0x10007094                i2c_device_id_check_MMA8451
                0x10007140                mma8451_set_config
                0x10007254                mma8451_get_accel
                0x10007660                mma8451_show_accel
 .text          0x1000782c      0x89c /home/leon/git/swp-report/iMX6_Platform_SDK/output/mx6sdl/obds/evb_rev_a/obj/apps/obds/src/tests/i2c_device_id_check_p1003_tsc.o
                0x1000782c                p1003_version_reg_read
                0x1000799c                p1003_version_reg_write
                0x10007b18                i2c_device_id_check_p1003
                0x10007c64                p1003_get_touch
                0x10007ec4                p1003_show_touch
 .text          0x100080c8      0x6e8 /home/leon/git/swp-report/iMX6_Platform_SDK/output/mx6sdl/obds/evb_rev_a/obj/apps/obds/src/tests/i2c_device_temp_sensor_emc1046.o
                0x100085fc                wait_convertion_done
                0x10008670                i2c_device_id_check_emc1046
                0x10008784                i2c_device_emc1046_test
 .text          0x100087b0      0x36c /home/leon/git/swp-report/iMX6_Platform_SDK/output/mx6sdl/obds/evb_rev_a/obj/apps/obds/src/tests/i2c_device_zigbee_mc1323.o
                0x100089f0                i2c_device_id_check_mc1323
                0x10008ab4                i2c_device_mc1323_test
 .text          0x10008b1c      0x3e8 /home/leon/git/swp-report/iMX6_Platform_SDK/output/mx6sdl/obds/evb_rev_a/obj/apps/obds/src/tests/i2c_eeprom_at24cxx_test.o
 .text          0x10008f04      0x654 /home/leon/git/swp-report/iMX6_Platform_SDK/output/mx6sdl/obds/evb_rev_a/obj/apps/obds/src/tests/imx_spi_nor_test.o
                0x10008f04                spi_nor_query
                0x10008f64                spi_nor_write
                0x10008fdc                spi_nor_read
                0x10009054                spi_nor_erase
                0x100090c0                spi_nor_test
 .text          0x10009558      0x3b4 /home/leon/git/swp-report/iMX6_Platform_SDK/output/mx6sdl/obds/evb_rev_a/obj/apps/obds/src/tests/mlb_os81050.o
                0x10009558                mlb_io_config
                0x10009568                os81050_i2c_init
                0x100095f0                os81050_read_status
                0x1000974c                os81050_get_message
                0x1000986c                os81050_test_main
 .text          0x1000990c      0x2b8 /home/leon/git/swp-report/iMX6_Platform_SDK/output/mx6sdl/obds/evb_rev_a/obj/apps/obds/src/tests/mmcsd_test.o
                0x1000990c                mmcsd_test
 .text          0x10009bc4      0x658 /home/leon/git/swp-report/iMX6_Platform_SDK/output/mx6sdl/obds/evb_rev_a/obj/apps/obds/src/tests/pmic_da9053.o
                0x10009bc4                da9053_i2c_reg
                0x1000a114                i2c_device_id_check_DA9053
                0x1000a1cc                pmic_da9053_test
 .text          0x1000a21c     0x138c /home/leon/git/swp-report/iMX6_Platform_SDK/output/mx6sdl/obds/evb_rev_a/obj/apps/obds/src/tests/pmic_lt3589.o
                0x1000a21c                ltc3589_reg_read
                0x1000a314                ltc3589_reg_write
                0x1000a3fc                ltc3589_eval
                0x1000afac                ltc3589_backlight_en
                0x1000b1c0                ltc3589_camera_power_on
                0x1000b388                sil9024_hdmi_power_on1
                0x1000b4b8                ltc3589_i2c_device_id_check
                0x1000b558                pmic_lt3589_test
 .text          0x1000b5a8      0x2f8 /home/leon/git/swp-report/iMX6_Platform_SDK/output/mx6sdl/obds/evb_rev_a/obj/apps/obds/src/tests/pmic_max17135.o
                0x1000b5a8                max17135_reg_read
                0x1000b698                max17135_reg_write
                0x1000b7f0                i2c_device_id_check_MAX17135
 .text          0x1000b8a0      0x3a0 /home/leon/git/swp-report/iMX6_Platform_SDK/output/mx6sdl/obds/evb_rev_a/obj/apps/obds/src/tests/pmic_mc13892.o
                0x1000b8a0                mc13892_i2c_reg
                0x1000b8e0                pmic_open_vgen1
                0x1000b9c8                pmic_open_vusb
                0x1000ba94                pmic_open_vsd
                0x1000bbb0                device_id_check_mc13892
                0x1000bbe0                pmic_mc13892_test
 .text          0x1000bc40      0x77c /home/leon/git/swp-report/iMX6_Platform_SDK/output/mx6sdl/obds/evb_rev_a/obj/apps/obds/src/tests/program_board_id.o
                0x1000bc70                program_board_id_fuses
                0x1000be70                program_board_id
 .text          0x1000c3bc      0x8cc /home/leon/git/swp-report/iMX6_Platform_SDK/output/mx6sdl/obds/evb_rev_a/obj/apps/obds/src/tests/program_mac_address.o
                0x1000c3ec                read_mac_otp_registers
                0x1000c4a8                mac_address_str
                0x1000c548                program_mac_address_fuses
                0x1000c7c0                program_mac_address
 .text          0x1000cc88      0x1fc /home/leon/git/swp-report/iMX6_Platform_SDK/output/mx6sdl/obds/evb_rev_a/obj/apps/obds/src/tests/snvs_srtc_test.o
                0x1000cc88                snvs_srtc_test
 .text          0x1000ce84        0x0 /home/leon/git/swp-report/iMX6_Platform_SDK/output/mx6sdl/obds/evb_rev_a/obj/apps/obds/src/tests/touch_button_test.o
 .text          0x1000ce84      0x6e0 /home/leon/git/swp-report/iMX6_Platform_SDK/output/mx6sdl/obds/evb_rev_a/obj/apps/obds/src/tests/touch_screen.o
                0x1000ce84                DA9053_Write
                0x1000cf70                DA9053_Read
                0x1000d054                touch_init
                0x1000d0d4                touch_get_xy_value
                0x1000d210                touch_detect
                0x1000d304                touch_screen_prompt
                0x1000d428                touch_screen_test
 .text          0x1000d564      0xb68 /home/leon/git/swp-report/iMX6_Platform_SDK/output/mx6sdl/obds/evb_rev_a/obj/apps/obds/src/tests/touch_screen_max11801.o
                0x1000d92c                max11801_ts_test
                0x1000da88                max11801_reg_read_single
                0x1000db9c                max11801_reg_read_multi
                0x1000dca8                max11801_reg_write
                0x1000dd84                i2c_device_check_max11801_AUX
                0x1000dea4                i2c_device_check_max11801
 .text          0x1000e0cc      0x524 /home/leon/git/swp-report/iMX6_Platform_SDK/output/mx6sdl/obds/evb_rev_a/obj/apps/obds/src/tests/usb_tests_obds.o
                0x1000e0cc                usbo_dev_enum_test
                0x1000e13c                usbh_dev_enum_test
                0x1000e1ac                usb_enum_device
 .text          0x1000e5f0      0x148 /home/leon/git/swp-report/iMX6_Platform_SDK/output/mx6sdl/obds/evb_rev_a/obj/apps/obds/src/tests/video_dec_ARD_MB_reset_button.o
                0x1000e5f0                ard_mb_reset_test
 .text          0x1000e738       0xa0 /home/leon/git/swp-report/iMX6_Platform_SDK/output/mx6sdl/obds/evb_rev_a/obj/apps/obds/src/tests/video_dec_ARD_MBrst_from_cpu_expander.o
                0x1000e738                ard_mb_expander_reset_test
 .text          0x1000e7d8      0x468 /home/leon/git/swp-report/iMX6_Platform_SDK/output/mx6sdl/obds/evb_rev_a/obj/apps/obds/src/tests/video_dec_adv7180.o
                0x1000e7d8                adv7180_i2c_init_obds
                0x1000e838                adv7180_reg_read
                0x1000e8e8                adv7180_reg_write
                0x1000e9a0                adv7180_set_tristate_output
                0x1000e9bc                adv7180_i2c_device_id_check
                0x1000ea18                adv7180_set_gpio_output
                0x1000eaa4                adv7180_test_main
 .text          0x1000ec40      0x324 /home/leon/git/swp-report/iMX6_Platform_SDK/output/mx6sdl/obds/evb_rev_a/obj/apps/obds/src/tests/weim_nor_flash_test.o
                0x1000ec40                weim_nor_flash_cs_setup
                0x1000ec8c                eim_nor_flash_test
                0x1000ecfc                m29w256gl_auto_manu_id
                0x1000ede4                m29w256gl_auto_dev_id
 .text          0x1000ef64       0xfc /home/leon/git/swp-report/iMX6_Platform_SDK/output/mx6sdl/obds/evb_rev_a/obj/sdk/common/ioexpander/test/max7310_test.o
                0x1000ef64                max7310_i2c_device_id_check
 .text          0x1000f060      0x478 /home/leon/git/swp-report/iMX6_Platform_SDK/output/mx6sdl/obds/evb_rev_a/obj/sdk/common/pmic/pfuse/pf0100.o
                0x1000f060                pf0100_reg_read
                0x1000f150                pf0100_reg_write
                0x1000f240                pf0100_enable_vgen1_1v2
                0x1000f290                pf0100_enable_vgen2_1v5
                0x1000f2e0                pf0100_enable_vgen3_1v8
                0x1000f330                pf0100_enable_vgen4_1v8
                0x1000f380                pf0100_enable_vgen4_2v5
                0x1000f3d0                pf0100_enable_vgen6_2v8
                0x1000f420                pf0100_i2c_device_id_check
 .text          0x1000f4d8      0x438 /home/leon/git/swp-report/iMX6_Platform_SDK/output/mx6sdl/obds/evb_rev_a/obj/sdk/drivers/audio/src/snd_card.o
 .text          0x1000f910      0x300 /home/leon/git/swp-report/iMX6_Platform_SDK/output/mx6sdl/obds/evb_rev_a/obj/sdk/drivers/camera/test/adv7180_capture.o
                0x1000f910                adv7180_capture
 .text          0x1000fc10      0x204 /home/leon/git/swp-report/iMX6_Platform_SDK/output/mx6sdl/obds/evb_rev_a/obj/sdk/drivers/camera/test/camera_test.o
                0x1000fc10                camera_test
 .text          0x1000fe14      0x2f0 /home/leon/git/swp-report/iMX6_Platform_SDK/output/mx6sdl/obds/evb_rev_a/obj/sdk/drivers/camera/test/csi_test_mode.o
                0x1000fe14                csi_test_mode
 .text          0x10010104      0x2b8 /home/leon/git/swp-report/iMX6_Platform_SDK/output/mx6sdl/obds/evb_rev_a/obj/sdk/drivers/camera/test/sensor_capture.o
                0x10010104                sensor_capture
 .text          0x100103bc      0x460 /home/leon/git/swp-report/iMX6_Platform_SDK/output/mx6sdl/obds/evb_rev_a/obj/sdk/drivers/epdc/test/epdc_test.o
                0x100103bc                epdc_test
                0x1001050c                epdc_pvi_svga_sdr_init
                0x1001052c                epdc_update_image
                0x10010658                epdc_send_mode0_to_black_update
                0x100106f4                epdc_send_image_update
                0x10010784                epdc_send_erase_to_color
 .text          0x1001081c      0x82c /home/leon/git/swp-report/iMX6_Platform_SDK/output/mx6sdl/obds/evb_rev_a/obj/sdk/drivers/hdmi/test/hdmi_test.o
                0x1001081c                hdmi_test
                0x10010b88                init_hdmi_interrupt
                0x10010c38                hdmi_tx_ISR
                0x10010cc8                hdmi_1080P60_video_output
                0x10010e88                hdmi_720P60_video_output
 .text          0x10011048      0x540 /home/leon/git/swp-report/iMX6_Platform_SDK/output/mx6sdl/obds/evb_rev_a/obj/sdk/drivers/hdmi/test/init_dma_data.o
                0x10011048                init_dma_data
 .text          0x10011588      0xb98 /home/leon/git/swp-report/iMX6_Platform_SDK/output/mx6sdl/obds/evb_rev_a/obj/sdk/drivers/ipu/test/ips_display.o
                0x10011588                ips_display_test
                0x100116c4                ips_hdmi_stream
                0x10011824                ips_hdmi_720P60_stream
                0x10011a88                ips_hdmi_1080P60_stream
                0x10011c80                ips_ext_hdmi_transmitter_1080P60_stream
                0x10011e40                ips_hannstar_xga_yuv_stream
                0x10012080                ips_mipi_wvga_rgb_stream
 .text          0x10012120      0x538 /home/leon/git/swp-report/iMX6_Platform_SDK/output/mx6sdl/obds/evb_rev_a/obj/sdk/drivers/ipu/test/ipu_image.o
                0x10012120                load_centralized_image
                0x1001225c                load_foreground_image
                0x100122a8                load_horiz_image
                0x10012418                set_background_margin
                0x10012508                load_vert_image
 .text          0x10012658     0x10b4 /home/leon/git/swp-report/iMX6_Platform_SDK/output/mx6sdl/obds/evb_rev_a/obj/sdk/drivers/spi/test/imx_spi_nor_atmel.o
                0x10012658                spi_nor_query_atmel
                0x1001279c                spi_nor_write_atmel
                0x1001317c                spi_nor_erase_atmel
                0x10013320                spi_nor_read_atmel
 .text          0x1001370c      0xb00 /home/leon/git/swp-report/iMX6_Platform_SDK/output/mx6sdl/obds/evb_rev_a/obj/sdk/drivers/spi/test/spi_nor_numonyx.o
                0x100139e4                spi_nor_query_numonyx
                0x10013ab0                spi_nor_erase_numonyx
                0x10013b3c                spi_nor_read_numonyx
                0x10013d84                spi_nor_write_numonyx
 .text          0x1001420c      0x24c /home/leon/git/swp-report/iMX6_Platform_SDK/output/mx6sdl/obds/evb_rev_a/obj/sdk/drivers/uart/test/uart_test.o
                0x1001420c                uart_interrupt_handler
                0x10014264                uart_test
 .text          0x10014458     0x39f0 /home/leon/git/swp-report/iMX6_Platform_SDK/output/mx6sdl/obds/evb_rev_a/obj/sdk/drivers/usb/test/usb0_host_test.o
                0x10014458                usb0_host_test
                0x10014f8c                emuerateDevice
                0x1001510c                usbh_set_device_address
                0x10015834                usbh_get_dev_desc
                0x10015f84                usbh_get_config_desc
                0x10016714                usbh_get_interface_desc
                0x10016f84                usbh_set_configuration
                0x100176c0                usbh_get_report_desc
 .text          0x10017e48      0x978 /home/leon/git/swp-report/iMX6_Platform_SDK/output/mx6sdl/obds/evb_rev_a/obj/sdk/drivers/usb/test/usb0_host_testmodes_test.o
                0x10017e48                usb0_host_testmodes_test
 .text          0x100187c0      0xcf4 /home/leon/git/swp-report/iMX6_Platform_SDK/output/mx6sdl/obds/evb_rev_a/obj/sdk/drivers/usdhc/test/usdhc_test.o
                0x100187c0                mmc_sd_test
                0x100187f4                usdhc_test
 .text          0x100194b4      0x264 /home/leon/git/swp-report/iMX6_Platform_SDK/output/mx6sdl/lib/libsdk.a(max7310.o)
                0x100194b4                max7310_reg_read
                0x10019518                max7310_reg_write
                0x10019584                max7310_init
                0x10019664                max7310_set_gpio_output
 .text          0x10019718      0xc64 /home/leon/git/swp-report/iMX6_Platform_SDK/output/mx6sdl/lib/libsdk.a(ccm_pll.o)
                0x10019718                ccm_init
                0x1001983c                get_main_clock
                0x10019acc                get_peri_clock
                0x10019c7c                ccm_ccgr_config
                0x10019ce4                clock_gating_config
                0x1001a11c                ccm_set_lpm_wakeup_source
                0x1001a210                ccm_enter_low_power
                0x1001a280                ipu_hsp_clk_config
                0x1001a2a0                gpu_clock_config
 .text          0x1001a37c      0x164 /home/leon/git/swp-report/iMX6_Platform_SDK/output/mx6sdl/lib/libsdk.a(cortexA9.o)
                0x1001a37c                arm_set_interrupt_state
                0x1001a3a0                cpu_get_current
                0x1001a3ac                enable_neon_fpu
                0x1001a3c8                disable_strict_align_check
                0x1001a3dc                disable_L1_cache
                0x1001a3fc                get_arm_private_peripheral_base
                0x1001a404                arm_unified_tlb_invalidate
                0x1001a414                arm_unified_tlb_invalidate_is
                0x1001a424                arm_branch_prediction_enable
                0x1001a434                arm_branch_prediction_disable
                0x1001a444                arm_branch_target_cache_invalidate
                0x1001a450                arm_branch_target_cache_invalidate_is
                0x1001a45c                scu_enable
                0x1001a470                scu_join_smp
                0x1001a480                scu_leave_smp
                0x1001a490                scu_get_cpus_in_smp
                0x1001a4a4                scu_enable_maintenance_broadcast
                0x1001a4b4                scu_disable_maintenance_broadcast
                0x1001a4c4                scu_secure_invalidate
 .text          0x1001a4e0      0x5e0 /home/leon/git/swp-report/iMX6_Platform_SDK/output/mx6sdl/lib/libsdk.a(gic.o)
                0x1001a5c4                gic_enable
                0x1001a624                gic_set_irq_security
                0x1001a6cc                gic_enable_irq
                0x1001a748                gic_set_irq_priority
                0x1001a790                gic_set_cpu_target
                0x1001a89c                gic_send_sgi
                0x1001a8f0                gic_cpu_enable
                0x1001a950                gic_set_cpu_priority_mask
                0x1001a984                gic_read_irq_ack
                0x1001a9b0                gic_write_end_of_irq
                0x1001a9e0                gic_init
                0x1001aa84                gic_init_cpu
 .text          0x1001aac0      0x1bc /home/leon/git/swp-report/iMX6_Platform_SDK/output/mx6sdl/lib/libsdk.a(interrupt.o)
                0x1001aac0                IRQ_HDLR
                0x1001ab88                disable_interrupt
                0x1001abc4                enable_interrupt
                0x1001ac1c                register_interrupt_routine
                0x1001ac50                default_interrupt_routine
 .text          0x1001ac7c      0x460 /home/leon/git/swp-report/iMX6_Platform_SDK/output/mx6sdl/lib/libsdk.a(mmu.o)
                0x1001ac7c                mmu_enable
                0x1001acb4                mmu_disable
                0x1001ace8                mmu_init
                0x1001ae04                mmu_map_l1_range
                0x1001b01c                mmu_virtual_to_physical
 .text          0x1001b0dc        0x0 /home/leon/git/swp-report/iMX6_Platform_SDK/output/mx6sdl/lib/libsdk.a(startup.o)
 .text          0x1001b0dc        0x4 /home/leon/git/swp-report/iMX6_Platform_SDK/output/mx6sdl/lib/libsdk.a(vectors.o)
                0x1001b0dc                exception_handler
 .text.vectors  0x1001b0e0       0x48 /home/leon/git/swp-report/iMX6_Platform_SDK/output/mx6sdl/lib/libsdk.a(vectors.o)
                0x1001b0e0                vectors
 .text          0x1001b128      0xc78 /home/leon/git/swp-report/iMX6_Platform_SDK/output/mx6sdl/lib/libsdk.a(menu.o)
                0x1001b5d0                menu_get_indent
                0x1001b5ec                menuitem_cmd_showmenu
                0x1001b610                menuitem_cmd_exitmenu
                0x1001b634                menu_append_menuitems
                0x1001b754                menu_present
                0x1001bcf0                menu_print_menuitem
 .text          0x1001bda0        0x0 /home/leon/git/swp-report/iMX6_Platform_SDK/output/mx6sdl/lib/libsdk.a(sdk_version.o)
 .text          0x1001bda0      0x914 /home/leon/git/swp-report/iMX6_Platform_SDK/output/mx6sdl/lib/libsdk.a(system_util.o)
                0x1001bda0                _sys_exit
                0x1001bdbc                mybkpt
                0x1001bdc4                is_input_char
                0x1001bf44                read_input_string
                0x1001c22c                get_input_hex
                0x1001c4ac                read_int
                0x1001c610                jump_to_sdp
 .text          0x1001c6b4       0xe0 /home/leon/git/swp-report/iMX6_Platform_SDK/output/mx6sdl/lib/libsdk.a(text_color.o)
                0x1001c6b4                printf_color
                0x1001c750                get_color_supported
 .text          0x1001c794      0x408 /home/leon/git/swp-report/iMX6_Platform_SDK/output/mx6sdl/lib/libsdk.a(cs42888.o)
                0x1001c8dc                cs42888_init
                0x1001c914                cs42888_dev_info
                0x1001c968                cs42888_config
                0x1001cb4c                cs42888_deinit
 .text          0x1001cb9c     0x2990 /home/leon/git/swp-report/iMX6_Platform_SDK/output/mx6sdl/lib/libsdk.a(imx-ssi.o)
                0x1001ead0                ssi_init
                0x1001eb10                ssi_config
                0x1001f024                ssi_write_fifo
                0x1001f21c                ssi_read_fifo
                0x1001f3dc                ssi_deinit
 .text          0x1001f52c      0xe0c /home/leon/git/swp-report/iMX6_Platform_SDK/output/mx6sdl/lib/libsdk.a(imx_esai.o)
                0x1001fd84                esai_config
                0x100200ec                esai_init
                0x10020128                esai_deinit
                0x1002014c                esai_write_fifo
 .text          0x10020338      0x708 /home/leon/git/swp-report/iMX6_Platform_SDK/output/mx6sdl/lib/libsdk.a(imx_spdif.o)
                0x100206b0                spdif_init
                0x100206ec                spdif_config
                0x10020920                spdif_write_fifo
                0x10020a1c                spdif_deinit
 .text          0x10020a40     0x1100 /home/leon/git/swp-report/iMX6_Platform_SDK/output/mx6sdl/lib/libsdk.a(sgtl5000.o)
                0x1002143c                sgtl5000_init
                0x100219b0                sgtl5000_i2s_config
                0x10021b0c                sgtl5000_deinit
 .text          0x10021b40      0xeb4 /home/leon/git/swp-report/iMX6_Platform_SDK/output/mx6sdl/lib/libsdk.a(wm8958_dac.o)
                0x10021cec                WM8958_dump
                0x10022230                WM8958_DAC_configure
                0x10022960                WM8958_DAC_init
                0x100229c8                WM8958_DAC_deinit
 .text          0x100229f4      0xb7c /home/leon/git/swp-report/iMX6_Platform_SDK/output/mx6sdl/lib/libsdk.a(wm8962.o)
                0x10022cf8                WM8962_dump
                0x10022d28                WM8962_DAC_configure
                0x10023450                WM8962_DAC_init
                0x10023544                WM8962_DAC_deinit
 .text          0x10023570      0x7c4 /home/leon/git/swp-report/iMX6_Platform_SDK/output/mx6sdl/lib/libsdk.a(board_id.o)
                0x10023570                chip_name
                0x10023688                chip_revision
                0x10023760                board_name
                0x10023864                board_revision
                0x1002392c                board_description
                0x10023a4c                get_board_id
                0x10023b28                show_board_id
 .text          0x10023d34      0xa88 /home/leon/git/swp-report/iMX6_Platform_SDK/output/mx6sdl/lib/libsdk.a(smd_sensor.o)
                0x100240cc                sensor_config
                0x10024108                sensor_search
                0x10024298                sensor_init
                0x1002440c                sensor_af_trigger
                0x100244ec                sensor_autofocus_init
                0x1002466c                camera_strobeflash_on
                0x10024748                camera_strobeflash_off
 .text          0x100247bc     0x17e0 /home/leon/git/swp-report/iMX6_Platform_SDK/output/mx6sdl/lib/libsdk.a(enet_drv.o)
                0x100247bc                imx_enet_mii_read
                0x100248cc                imx_enet_mii_write
                0x10024da0                enet_phy_rework_ar8031
                0x10024f14                enet_phy_rework_ksz9021
                0x10025008                imx_enet_phy_init
                0x10025288                imx_enet_get_phy_status
                0x100255b0                imx_enet_phy_enable_external_loopback
                0x100256cc                imx_enet_poll
                0x100257c4                imx_enet_send
                0x100258dc                imx_enet_recv
                0x10025ab8                imx_enet_init
                0x10025c0c                imx_enet_start
                0x10025ca0                imx_enet_stop
                0x10025ce4                imx_enet_isolate_phy
                0x10025d88                imx_enet_unisolate_phy
                0x10025e50                imx_enet_mii_type
 .text          0x10025f9c      0xbb4 /home/leon/git/swp-report/iMX6_Platform_SDK/output/mx6sdl/lib/libsdk.a(mxc_epdc.o)
                0x100260c0                epdc_reset
                0x10026268                epdc_set_update_addr
                0x10026294                epdc_set_update_coord
                0x100262d0                epdc_set_update_dimensions
                0x1002630c                epdc_submit_update
                0x100263d0                epdc_is_lut_complete
                0x10026430                epdc_clear_lut_complete_irq
                0x10026464                epdc_is_lut_active
                0x10026500                epdc_any_luts_active
                0x10026550                epdc_any_luts_available
                0x10026594                epdc_get_next_lut
                0x100265c8                epdc_is_working_buffer_busy
                0x10026624                epdc_is_working_buffer_complete
                0x10026670                epdc_is_collision
                0x100266bc                epdc_dump_registers
                0x100267c4                epdc_set_vertical_timing
                0x10026828                epdc_init_settings
                0x10026ad0                epdc_buffer_init
                0x10026b28                epdc_load_image
 .text          0x10026b50     0x1308 /home/leon/git/swp-report/iMX6_Platform_SDK/output/mx6sdl/lib/libsdk.a(gpio.o)
                0x10026b80                gpio_get_port_count
                0x10026b98                gpio_set_gpio
                0x10026c5c                gpio_set_direction
                0x10026eb8                gpio_get_direction
                0x10027000                gpio_set_level
                0x10027340                gpio_get_level
                0x100274a0                gpio_set_interrupt_config
                0x100278a4                gpio_set_interrupt_mask
                0x10027ae8                gpio_get_interrupt_status
                0x10027c44                gpio_clear_interrupt
 .text          0x10027e58        0x0 /home/leon/git/swp-report/iMX6_Platform_SDK/output/mx6sdl/lib/libsdk.a(imx6sdl_gpio_map.o)
 .text          0x10027e58     0x1334 /home/leon/git/swp-report/iMX6_Platform_SDK/output/mx6sdl/lib/libsdk.a(hdmi_tx.o)
                0x10027e58                hdmi_config_input_source
                0x10027e98                hdmi_video_sample
                0x100280e0                update_csc_coeffs
                0x100285f4                hdmi_video_csc
                0x10028794                hdmi_video_packetize
                0x10028b60                preamble_filter_set
                0x10028c20                hdmi_av_frame_composer
                0x10029068                hdmi_tx_hdcp_config
                0x100290d4                hdmi_config_force_video
                0x1002912c                hdmi_config_forced_pixels
 .text          0x1002918c      0xd24 /home/leon/git/swp-report/iMX6_Platform_SDK/output/mx6sdl/lib/libsdk.a(hdmi_tx_audio.o)
                0x1002918c                hdmi_audio_mute
                0x100291dc                audio_PacketLayout
                0x1002921c                audio_DMA_InterruptMask
                0x1002924c                audio_DMA_InterruptPolarity
                0x1002927c                audio_DMA_ResetFIFO
                0x100292a0                audio_clk_N
                0x10029300                audio_clk_CTS
                0x100293a0                audio_ComputeN
                0x100296c0                audio_ComputeCTS
                0x100298fc                audio_DMA_StartAddr
                0x10029974                audio_DMA_StopAddr
                0x100299ec                audio_DMA_LockEnable
                0x10029a2c                audio_DMA_BurstMode
                0x10029a6c                audio_DMA_IncrType
                0x10029aac                audio_DMA_Threshold
                0x10029adc                audio_DMA_SetCONF1
                0x10029b0c                audio_DMA_Start
                0x10029b30                audio_Configure
                0x10029be8                Audio_ChannelCount
                0x10029cd8                audio_Configure_DMA
                0x10029e70                audio_info_config
 .text          0x10029eb0     0x14fc /home/leon/git/swp-report/iMX6_Platform_SDK/output/mx6sdl/lib/libsdk.a(hdmi_tx_phy.o)
                0x10029eb0                hdmi_phy_int_mask
                0x1002b318                hdmi_phy_init
 .text          0x1002b3ac     0x1798 /home/leon/git/swp-report/iMX6_Platform_SDK/output/mx6sdl/lib/libsdk.a(imx_i2c.o)
                0x1002b3dc                i2c_get_request_instance
                0x1002be54                i2c_xfer
                0x1002c570                i2c_read
                0x1002c5a0                i2c_write
                0x1002c5d0                i2c_setup_interrupt
                0x1002c83c                i2c_init
 .text          0x1002cb44      0x474 /home/leon/git/swp-report/iMX6_Platform_SDK/output/mx6sdl/lib/libsdk.a(ips_disp_panel.o)
                0x1002cdd8                search_panel
                0x1002ce98                list_panel
                0x1002cf30                get_panel_by_id
 .text          0x1002cfb8      0xf90 /home/leon/git/swp-report/iMX6_Platform_SDK/output/mx6sdl/lib/libsdk.a(ipu_common.o)
                0x1002cfb8                need_csc
                0x1002d020                ipu_write_field
                0x1002d0c4                ipu_read
                0x1002d11c                ipu_write
                0x1002d170                ipu_enable_display
                0x1002d1dc                ipu_disable_display
                0x1002d25c                ipu_sw_reset
                0x1002d33c                ipu_display_setup
                0x1002d4b0                ipu_dual_display_setup
                0x1002d5b4                ipu_capture_setup
                0x1002d9f8                ipu_capture_streamoff
                0x1002dacc                ipu_mipi_csi2_setup
                0x1002dcc4                ipu1_ch0_eobnd_isr
                0x1002dea0                ipu_ch0_eobnd_interrupt_register
 .text          0x1002df48      0xcb8 /home/leon/git/swp-report/iMX6_Platform_SDK/output/mx6sdl/lib/libsdk.a(ipu_csi.o)
                0x1002df48                ipu_csi_config
                0x1002e58c                ipu_smfc_fifo_allocate
                0x1002e6e8                ipu_capture_disp_link
                0x1002e814                ipu_disable_csi
                0x1002e880                ipu_disable_smfc
                0x1002e8b4                ipu_csi_test_mode_color
 .text          0x1002ec00     0x1bd8 /home/leon/git/swp-report/iMX6_Platform_SDK/output/mx6sdl/lib/libsdk.a(ipu_dc.o)
                0x1002ec00                ipu_dc_config
                0x1002eef0                ipu_dc_write_channel_config
                0x1002f1a8                ipu_dc_display_config
                0x1002f33c                ipu_dc_map
                0x1002f6d0                ipu_dc_microcode_config
                0x1003047c                ipu_dc_microcode_event
 .text          0x100307d8      0xfd8 /home/leon/git/swp-report/iMX6_Platform_SDK/output/mx6sdl/lib/libsdk.a(ipu_di.o)
                0x100307d8                ipu_di_config
                0x10030e08                ipu_di_waveform_config
                0x10030ed0                ipu_di_screen_set
                0x10030f64                ipu_di_pointer_config
                0x100310b4                ipu_di_bsclk_gen
                0x100311ec                ipu_di_sync_config
                0x100314f4                ipu_di_interface_set
 .text          0x100317b0      0x3e0 /home/leon/git/swp-report/iMX6_Platform_SDK/output/mx6sdl/lib/libsdk.a(ipu_dmfc.o)
                0x100317b0                ipu_dmfc_config
                0x10031a44                ipu_dmfc_alloc
 .text          0x10031b90      0x59c /home/leon/git/swp-report/iMX6_Platform_SDK/output/mx6sdl/lib/libsdk.a(ipu_dp.o)
                0x10031b90                ipu_dp_config
                0x10031be4                ipu_dp_csc_config
                0x10031f88                ipu_dp_fg_config
 .text          0x1003212c     0x2828 /home/leon/git/swp-report/iMX6_Platform_SDK/output/mx6sdl/lib/libsdk.a(ipu_idmac.o)
                0x1003212c                ipu_cpmem_set_field
                0x10032258                ipu_cpmem_mod_field
                0x100323e4                ipu_cpmem_read_field
                0x10032540                ipu_channel_buf_ready
                0x100326b8                ipu_channel_buf_not_ready
                0x10032830                ipu_idmac_channel_mode_sel
                0x100328b8                ipu_idmac_channel_enable
                0x10032940                ipu_idmac_channel_busy
                0x100329ec                ipu_general_idmac_config
                0x10032ed0                ipu_disp_bg_idmac_config
                0x10032fb8                ipu_disp_fg_idmac_config
                0x100330a0                ipu_dma_update_buffer
                0x10033194                ipu_idmac_chan_cur_buff
                0x10033228                ipu_rotate_idmac_config
                0x1003335c                ipu_resize_idmac_config
                0x10033498                ipu_deinterlace_idmac_config
                0x100335ec                ipu_idma_pixel_format_config
 .text          0x10034954      0x598 /home/leon/git/swp-report/iMX6_Platform_SDK/output/mx6sdl/lib/libsdk.a(ipu_vdi.o)
                0x10034954                ipu_deinterlace_3_fields
                0x100349a4                ipu_vdi_set_top_field_man
                0x10034a18                ipu_vdi_set_motion
                0x10034b20                ipu_vdi_init
                0x10034c64                ipu_vdi_uninit
                0x10034cac                ips_deinterlace_proc
 .text          0x10034eec      0x4ac /home/leon/git/swp-report/iMX6_Platform_SDK/output/mx6sdl/lib/libsdk.a(ldb.o)
                0x100350bc                ldb_config
                0x100352f4                ldb_set_vs_polarity
 .text          0x10035398      0x3f4 /home/leon/git/swp-report/iMX6_Platform_SDK/output/mx6sdl/lib/libsdk.a(ocotp.o)
                0x10035404                Delay4Reload
                0x10035648                ocotp_sense_fuse
                0x100356b8                ocotp_fuse_blow_row
                0x10035714                ocotp_reload_otp_shadow_registers
 .text          0x1003578c     0x132c /home/leon/git/swp-report/iMX6_Platform_SDK/output/mx6sdl/lib/libsdk.a(ecspi.o)
                0x10035d7c                ecspi_configure
                0x10036704                ecspi_open
                0x100367bc                ecspi_close
                0x100368c8                ecspi_xfer
 .text          0x10036ab8      0x290 /home/leon/git/swp-report/iMX6_Platform_SDK/output/mx6sdl/lib/libsdk.a(timer.o)
                0x10036ab8                hal_delay_us
                0x10036b28                system_time_init
                0x10036c88                time_get_microseconds
 .text          0x10036d48     0x2820 /home/leon/git/swp-report/iMX6_Platform_SDK/output/mx6sdl/lib/libsdk.a(imx_uart.o)
                0x10036d48                uart_get_reffreq
                0x10036e44                uart_putchar
                0x10036f94                uart_getchar
                0x100370f4                uart_set_FIFO_mode
                0x10037c20                uart_set_loopback_mode
                0x10037e74                uart_setup_interrupt
                0x10037f40                uart_init
 .text          0x10039568      0x3a8 /home/leon/git/swp-report/iMX6_Platform_SDK/output/mx6sdl/lib/libsdk.a(usb_common.o)
                0x10039568                usb_get_port_speed
                0x10039704                swap32
                0x10039780                get_menu_item
 .text          0x10039910     0x37f0 /home/leon/git/swp-report/iMX6_Platform_SDK/output/mx6sdl/lib/libsdk.a(usbh_drv.o)
                0x10039910                usbh_init
                0x1003a8a0                usbh_periodic_schedule_init
                0x1003c0f8                usbh_bus_reset
                0x1003c3fc                usbh_enable_asynchronous_schedule
                0x1003c700                usbh_disable_asynchronous_schedule
                0x1003ca04                usbh_disable_Periodic_list
                0x1003cd08                usbh_qtd_init
                0x1003cf30                usbh_qh_init
 .text          0x1003d100     0x11b8 /home/leon/git/swp-report/iMX6_Platform_SDK/output/mx6sdl/lib/libsdk.a(usdhc.o)
                0x1003d318                set_card_access_mode
                0x1003d358                read_usdhc_adma_mode
                0x1003d378                read_usdhc_intr_mode
                0x1003d398                card_init
                0x1003d548                card_emmc_init
                0x1003d5dc                card_cmd_config
                0x1003d6f0                card_get_cid
                0x1003d790                card_enter_trans
                0x1003d86c                card_trans_status
                0x1003d968                card_get_port
                0x1003da50                card_set_blklen
                0x1003db34                card_data_read
                0x1003de20                card_data_write
                0x1003e120                card_xfer_result
                0x1003e214                card_wait_xfer_done
 .text          0x1003e2b8     0x3484 /home/leon/git/swp-report/iMX6_Platform_SDK/output/mx6sdl/lib/libsdk.a(usdhc_host.o)
                0x1003f698                usdhc1_isr
                0x1003f6b0                usdhc2_isr
                0x1003f6c8                usdhc3_isr
                0x1003f6e0                usdhc4_isr
                0x1003f6f8                host_init
                0x1003f728                host_init_active
                0x1003f7d0                host_send_cmd
                0x1003fbf8                host_cfg_clock
                0x10040394                host_set_bus_width
                0x100403cc                host_reset
                0x100404fc                host_read_response
                0x100406ec                host_cfg_block
                0x10040968                host_clear_fifo
                0x10040b14                host_setup_adma
                0x10040d34                host_data_read
                0x1004123c                host_data_write
 .text          0x1004173c      0xe04 /home/leon/git/swp-report/iMX6_Platform_SDK/output/mx6sdl/lib/libsdk.a(usdhc_mmc.o)
                0x10041cdc                mmc_init
                0x10041d80                emmc_init
                0x10041eac                emmc_print_cfg_info
                0x100420e4                mmc_set_boot_bus_width
                0x100421ac                mmc_set_boot_partition
                0x100422ac                mmc_set_boot_ack
                0x10042330                mmc_voltage_validation
 .text          0x10042540      0x800 /home/leon/git/swp-report/iMX6_Platform_SDK/output/mx6sdl/lib/libsdk.a(usdhc_sd.o)
                0x100428d4                sd_init
                0x1004298c                sd_voltage_validation
 .text          0x10042d40      0x614 /home/leon/git/swp-report/iMX6_Platform_SDK/output/mx6sdl/lib/libsdk.a(adv7180.o)
                0x100430e0                adv7180_init
                0x10043194                adv7180_get_std
                0x10043224                adv7180_is_interlaced_mode
 .text          0x10043354       0x98 /home/leon/git/swp-report/iMX6_Platform_SDK/output/mx6sdl/lib/libsdk.a(arm_abort.o)
                0x10043354                common_abort_handler
                0x100433b4                data_abort_handler
                0x100433cc                prefetch_abort_handler
 .text          0x100433ec      0x644 /home/leon/git/swp-report/iMX6_Platform_SDK/output/mx6sdl/lib/libsdk.a(armv7_cache.o)
                0x100433ec                arm_dcache_state_query
                0x1004342c                arm_dcache_enable
                0x10043474                arm_dcache_disable
                0x100434ac                arm_dcache_invalidate
                0x10043550                arm_dcache_invalidate_line
                0x100435bc                arm_dcache_invalidate_mlines
                0x1004365c                arm_dcache_flush
                0x10043700                arm_dcache_flush_line
                0x1004376c                arm_dcache_flush_mlines
                0x1004380c                arm_icache_state_query
                0x1004384c                arm_icache_enable
                0x10043894                arm_icache_disable
                0x100438cc                arm_icache_invalidate
                0x100438f8                arm_icache_invalidate_is
                0x10043924                arm_icache_invalidate_line
                0x10043990                arm_icache_invalidate_mlines
 .text          0x10043a30        0x0 /home/leon/git/swp-report/iMX6_Platform_SDK/output/mx6sdl/lib/libsdk.a(camera_profile.o)
 .text          0x10043a30     0x1e94 /home/leon/git/swp-report/iMX6_Platform_SDK/output/mx6sdl/lib/libsdk.a(hdmi_common.o)
                0x10043a30                isColorSpaceConversion
                0x10043a6c                isColorSpaceDecimation
                0x10043aa8                isColorSpaceInterpolation
                0x10043afc                isPixelRepetition
                0x10043b34                hdmi_set_video_mode
 .text          0x100458c4     0x167c /home/leon/git/swp-report/iMX6_Platform_SDK/output/mx6sdl/lib/libsdk.a(ipu_ic.o)
                0x100458c4                ipu_ic_enable
                0x10045910                ipu_ic_rotation_config
                0x10045b1c                ipu_ic_resize_config
                0x10046070                ipu_ic_deinterlace_config
                0x1004624c                ipu_ic_calc_resize_coeffs
                0x10046364                ipu_ic_config_resize_rate
                0x1004648c                ipu_ic_combine_config
                0x10046648                ipu_ic_csc_config
                0x10046d40                ipu_ic_task_enable
 .text          0x10046f40      0x8e0 /home/leon/git/swp-report/iMX6_Platform_SDK/output/mx6sdl/lib/libsdk.a(epit.o)
                0x10046f40                epit_reload_counter
                0x10046fa0                epit_get_counter_value
                0x10046ffc                epit_set_compare_event
                0x1004705c                epit_get_compare_event
                0x10047154                epit_counter_disable
                0x10047318                epit_counter_enable
                0x10047574                epit_setup_interrupt
                0x10047604                epit_init
 .text          0x10047820      0x2fc /home/leon/git/swp-report/iMX6_Platform_SDK/output/mx6sdl/lib/libsdk.a(mx6x_usb.o)
                0x10047820                usbEnableClocks
                0x10047948                usbEnableTransceiver
 .text          0x10047b1c      0x4bc /home/leon/git/swp-report/iMX6_Platform_SDK/output/mx6sdl/lib/libsdk.a(abort_handler.o)
                0x10047b1c                dump_regs
 .text          0x10047fd8      0x100 /home/leon/git/swp-report/iMX6_Platform_SDK/output/mx6sdl/lib/libboard_evb_rev_a.a(board_audio.o)
                0x10047fd8                SGTL5000PowerUp_and_clockinit
                0x10047fe8                spdif_get_tx_clk_freq
                0x10048004                audio_codec_power_on
                0x10048014                audio_clock_config
                0x10048024                spdif_clk_cfg
                0x10048088                esai_codec_power_on
                0x100480a0                esai_clk_sel_gate_on
 .text          0x100480d8       0x9c /home/leon/git/swp-report/iMX6_Platform_SDK/output/mx6sdl/lib/libboard_evb_rev_a.a(board_buttons.o)
                0x100480d8                android_buttons_iomux_config
 .text          0x10048174      0x38c /home/leon/git/swp-report/iMX6_Platform_SDK/output/mx6sdl/lib/libboard_evb_rev_a.a(board_camera.o)
                0x10048174                camera_power_on
                0x10048184                csi_port0_iomux_config
                0x100481b8                camera_ipu1_iomux_config
                0x10048354                sensor_reset
                0x100483ec                sensor_standby
                0x10048468                sensor_clock_setting
 .text          0x10048500      0x444 /home/leon/git/swp-report/iMX6_Platform_SDK/output/mx6sdl/lib/libboard_evb_rev_a.a(board_display.o)
                0x10048500                lvds_power_on
                0x10048560                disable_para_panel
                0x100485b0                tftlcd_backlight_en
                0x1004868c                tftlcd_reset
                0x10048724                ldb_clock_config
                0x10048820                epdc_clock_setting
                0x1004889c                epdc_power_supply
 .text          0x10048944      0x200 /home/leon/git/swp-report/iMX6_Platform_SDK/output/mx6sdl/lib/libboard_evb_rev_a.a(board_hdmi.o)
                0x10048944                hdmi_tx_cec_pgm_iomux
                0x10048988                hdmi_tx_ddc_pgm_iomux
                0x10048a00                hdmi_tx_phydtb_pgm_iomux
                0x10048a50                hdmi_pgm_iomux
                0x10048a70                ext_hdmi_transmitter_power_on
                0x10048a80                hdmi_clock_set
 .text          0x10048b44        0x0 /home/leon/git/swp-report/iMX6_Platform_SDK/output/mx6sdl/lib/libboard_evb_rev_a.a(board_i2c.o)
 .text          0x10048b44       0x80 /home/leon/git/swp-report/iMX6_Platform_SDK/output/mx6sdl/lib/libboard_evb_rev_a.a(board_io_expanders.o)
                0x10048b44                board_ioexpander_init
                0x10048bb4                board_ioexpander_iomux_config
 .text          0x10048bc4      0x1dc /home/leon/git/swp-report/iMX6_Platform_SDK/output/mx6sdl/lib/libboard_evb_rev_a.a(board_mipi.o)
                0x10048bc4                mipi_cam_power_on
                0x10048c28                mipi_backlight_en
                0x10048c58                mipi_display_reset
                0x10048cc8                mipi_clock_set
                0x10048cf8                mipi_csi2_clock_set
 .text          0x10048da0       0x5c /home/leon/git/swp-report/iMX6_Platform_SDK/output/mx6sdl/lib/libboard_evb_rev_a.a(board_network.o)
                0x10048da0                imx_ar8031_iomux
                0x10048db4                imx_KSZ9021RN_reset
                0x10048dc4                imx_ar8031_reset
                0x10048dd4                imx_enet_iomux
                0x10048de8                imx_enet_phy_reset
 .text          0x10048dfc      0x128 /home/leon/git/swp-report/iMX6_Platform_SDK/output/mx6sdl/lib/libboard_evb_rev_a.a(board_usb.o)
                0x10048dfc                usbEnableVbus
                0x10048ea8                usbDisableVbus
                0x10048f14                reset_usb_hub
 .text          0x10048f24      0x1a4 /home/leon/git/swp-report/iMX6_Platform_SDK/output/mx6sdl/lib/libboard_evb_rev_a.a(board_usdhc.o)
                0x10048f24                usdhc_gpio_config
                0x10048f68                usdhc_card_detected
                0x10049018                usdhc_write_protected
 .text          0x100490c8        0x0 /home/leon/git/swp-report/iMX6_Platform_SDK/output/mx6sdl/lib/libboard_evb_rev_a.a(hardware_modules.o)
 .text          0x100490c8        0x0 /home/leon/git/swp-report/iMX6_Platform_SDK/output/mx6sdl/lib/libboard_evb_rev_a.a(dcd.o)
 .text          0x100490c8       0x84 /home/leon/git/swp-report/iMX6_Platform_SDK/output/mx6sdl/lib/libboard_evb_rev_a.a(ecspi_iomux_config.o)
                0x100490c8                ecspi_iomux_config
 .text          0x1004914c      0x3bc /home/leon/git/swp-report/iMX6_Platform_SDK/output/mx6sdl/lib/libboard_evb_rev_a.a(enet_iomux_config.o)
                0x1004914c                enet_iomux_config
 .text          0x10049508      0x280 /home/leon/git/swp-report/iMX6_Platform_SDK/output/mx6sdl/lib/libboard_evb_rev_a.a(esai_iomux_config.o)
                0x10049508                esai_iomux_config
 .text          0x10049788       0x84 /home/leon/git/swp-report/iMX6_Platform_SDK/output/mx6sdl/lib/libboard_evb_rev_a.a(i2c_iomux_config.o)
                0x10049788                i2c_iomux_config
 .text          0x1004980c      0x2c4 /home/leon/git/swp-report/iMX6_Platform_SDK/output/mx6sdl/lib/libboard_evb_rev_a.a(iomux_config.o)
                0x1004980c                iomux_config
                0x10049890                arm_iomux_config
                0x100498a0                asrc_iomux_config
                0x100498b0                audmux_iomux_config
                0x100498c0                dcic1_iomux_config
                0x100498d0                dcic2_iomux_config
                0x100498e0                ecspi2_iomux_config
                0x100498f0                ecspi3_iomux_config
                0x10049900                ecspi4_iomux_config
                0x10049910                eim_iomux_config
                0x10049920                epdc_iomux_config
                0x10049930                epit1_iomux_config
                0x10049940                epit2_iomux_config
                0x10049950                gpio1_iomux_config
                0x10049960                gpio2_iomux_config
                0x10049970                gpio7_iomux_config
                0x10049980                gpt_iomux_config
                0x10049990                i2c4_iomux_config
                0x100499a0                lcd_iomux_config
                0x100499b0                ldb_iomux_config
                0x100499c0                mipi_csi_iomux_config
                0x100499d0                mipi_dsi_iomux_config
                0x100499e0                mipi_hsi_iomux_config
                0x100499f0                pcie_iomux_config
                0x10049a00                pmu_iomux_config
                0x10049a10                pwm2_iomux_config
                0x10049a20                pwm3_iomux_config
                0x10049a30                pwm4_iomux_config
                0x10049a40                sdma_iomux_config
                0x10049a50                snvs_iomux_config
                0x10049a60                src_iomux_config
                0x10049a70                uart1_iomux_config
                0x10049a80                uart3_iomux_config
                0x10049a90                uart5_iomux_config
                0x10049aa0                wdog1_iomux_config
                0x10049ab0                wdog2_iomux_config
                0x10049ac0                xtalosc_iomux_config
 .text          0x10049ad0      0x5f8 /home/leon/git/swp-report/iMX6_Platform_SDK/output/mx6sdl/lib/libboard_evb_rev_a.a(ipu1_iomux_config.o)
                0x10049ad0                ipu1_iomux_config
 .text          0x1004a0c8       0x54 /home/leon/git/swp-report/iMX6_Platform_SDK/output/mx6sdl/lib/libboard_evb_rev_a.a(ipu_iomux_config.o)
                0x1004a0c8                ipu_iomux_config
 .text          0x1004a11c      0x148 /home/leon/git/swp-report/iMX6_Platform_SDK/output/mx6sdl/lib/libboard_evb_rev_a.a(kpp_iomux_config.o)
                0x1004a11c                kpp_iomux_config
 .text          0x1004a264       0xac /home/leon/git/swp-report/iMX6_Platform_SDK/output/mx6sdl/lib/libboard_evb_rev_a.a(mlb_iomux_config.o)
                0x1004a264                mlb_iomux_config
 .text          0x1004a310     0x2484 /home/leon/git/swp-report/iMX6_Platform_SDK/output/mx6sdl/lib/libboard_evb_rev_a.a(mmdc_iomux_config.o)
                0x1004a310                mmdc_iomux_config
 .text          0x1004c794       0x34 /home/leon/git/swp-report/iMX6_Platform_SDK/output/mx6sdl/lib/libboard_evb_rev_a.a(pwm1_iomux_config.o)
                0x1004c794                pwm1_iomux_config
 .text          0x1004c7c8       0x70 /home/leon/git/swp-report/iMX6_Platform_SDK/output/mx6sdl/lib/libboard_evb_rev_a.a(sjc_iomux_config.o)
                0x1004c7c8                sjc_iomux_config
 .text          0x1004c838       0xe0 /home/leon/git/swp-report/iMX6_Platform_SDK/output/mx6sdl/lib/libboard_evb_rev_a.a(spdif_iomux_config.o)
                0x1004c838                spdif_iomux_config
 .text          0x1004c918       0xe0 /home/leon/git/swp-report/iMX6_Platform_SDK/output/mx6sdl/lib/libboard_evb_rev_a.a(uart2_iomux_config.o)
                0x1004c918                uart2_iomux_config
 .text          0x1004c9f8       0x78 /home/leon/git/swp-report/iMX6_Platform_SDK/output/mx6sdl/lib/libboard_evb_rev_a.a(uart4_iomux_config.o)
                0x1004c9f8                uart4_iomux_config
 .text          0x1004ca70       0x90 /home/leon/git/swp-report/iMX6_Platform_SDK/output/mx6sdl/lib/libboard_evb_rev_a.a(uart_iomux_config.o)
                0x1004ca70                uart_iomux_config
 .text          0x1004cb00       0x9c /home/leon/git/swp-report/iMX6_Platform_SDK/output/mx6sdl/lib/libboard_evb_rev_a.a(usb_iomux_config.o)
                0x1004cb00                usb_iomux_config
 .text          0x1004cb9c      0x188 /home/leon/git/swp-report/iMX6_Platform_SDK/output/mx6sdl/lib/libboard_evb_rev_a.a(usdhc1_iomux_config.o)
                0x1004cb9c                usdhc1_iomux_config
 .text          0x1004cd24      0x1ac /home/leon/git/swp-report/iMX6_Platform_SDK/output/mx6sdl/lib/libboard_evb_rev_a.a(usdhc2_iomux_config.o)
                0x1004cd24                usdhc2_iomux_config
 .text          0x1004ced0      0x1d0 /home/leon/git/swp-report/iMX6_Platform_SDK/output/mx6sdl/lib/libboard_evb_rev_a.a(usdhc3_iomux_config.o)
                0x1004ced0                usdhc3_iomux_config
 .text          0x1004d0a0      0x188 /home/leon/git/swp-report/iMX6_Platform_SDK/output/mx6sdl/lib/libboard_evb_rev_a.a(usdhc4_iomux_config.o)
                0x1004d0a0                usdhc4_iomux_config
 .text          0x1004d228       0x84 /home/leon/git/swp-report/iMX6_Platform_SDK/output/mx6sdl/lib/libboard_evb_rev_a.a(usdhc_iomux_config.o)
                0x1004d228                usdhc_iomux_config
 .text          0x1004d2ac       0x34 /home/leon/git/swp-report/iMX6_Platform_SDK/output/mx6sdl/lib/libboard_evb_rev_a.a(ccm_iomux_config.o)
                0x1004d2ac                ccm_iomux_config
 .text          0x1004d2e0      0x114 /home/leon/git/swp-report/iMX6_Platform_SDK/output/mx6sdl/lib/libboard_evb_rev_a.a(ecspi1_iomux_config.o)
                0x1004d2e0                ecspi1_iomux_config
 .text          0x1004d3f4       0x68 /home/leon/git/swp-report/iMX6_Platform_SDK/output/mx6sdl/lib/libboard_evb_rev_a.a(flexcan1_iomux_config.o)
                0x1004d3f4                flexcan1_iomux_config
 .text          0x1004d45c       0x68 /home/leon/git/swp-report/iMX6_Platform_SDK/output/mx6sdl/lib/libboard_evb_rev_a.a(flexcan2_iomux_config.o)
                0x1004d45c                flexcan2_iomux_config
 .text          0x1004d4c4       0x58 /home/leon/git/swp-report/iMX6_Platform_SDK/output/mx6sdl/lib/libboard_evb_rev_a.a(gpio3_iomux_config.o)
                0x1004d4c4                gpio3_iomux_config
 .text          0x1004d51c       0x58 /home/leon/git/swp-report/iMX6_Platform_SDK/output/mx6sdl/lib/libboard_evb_rev_a.a(gpio4_iomux_config.o)
                0x1004d51c                gpio4_iomux_config
 .text          0x1004d574       0xa0 /home/leon/git/swp-report/iMX6_Platform_SDK/output/mx6sdl/lib/libboard_evb_rev_a.a(gpio5_iomux_config.o)
                0x1004d574                gpio5_iomux_config
 .text          0x1004d614       0x58 /home/leon/git/swp-report/iMX6_Platform_SDK/output/mx6sdl/lib/libboard_evb_rev_a.a(gpio6_iomux_config.o)
                0x1004d614                gpio6_iomux_config
 .text          0x1004d66c      0x2bc /home/leon/git/swp-report/iMX6_Platform_SDK/output/mx6sdl/lib/libboard_evb_rev_a.a(gpmi_iomux_config.o)
                0x1004d66c                gpmi_iomux_config
 .text          0x1004d928       0x40 /home/leon/git/swp-report/iMX6_Platform_SDK/output/mx6sdl/lib/libboard_evb_rev_a.a(hdmi_iomux_config.o)
                0x1004d928                hdmi_iomux_config
 .text          0x1004d968       0x78 /home/leon/git/swp-report/iMX6_Platform_SDK/output/mx6sdl/lib/libboard_evb_rev_a.a(i2c1_iomux_config.o)
                0x1004d968                i2c1_iomux_config
 .text          0x1004d9e0       0x78 /home/leon/git/swp-report/iMX6_Platform_SDK/output/mx6sdl/lib/libboard_evb_rev_a.a(i2c2_iomux_config.o)
                0x1004d9e0                i2c2_iomux_config
 .text          0x1004da58       0x78 /home/leon/git/swp-report/iMX6_Platform_SDK/output/mx6sdl/lib/libboard_evb_rev_a.a(i2c3_iomux_config.o)
                0x1004da58                i2c3_iomux_config
 .text          0x1004dad0       0x68 /home/leon/riotboard/arm-2012.09/bin/../arm-none-eabi/lib//libc.a(lib_a-assert.o)
                0x1004dad0                __assert_func
                0x1004db28                __assert
 .text          0x1004db38       0x20 /home/leon/riotboard/arm-2012.09/bin/../arm-none-eabi/lib//libc.a(lib_a-bzero.o)
                0x1004db38                bzero
 .text          0x1004db58       0x70 /home/leon/riotboard/arm-2012.09/bin/../arm-none-eabi/lib//libc.a(lib_a-fiprintf.o)
                0x1004db58                _fiprintf_r
                0x1004db88                fiprintf
 .text          0x1004dbc8       0x94 /home/leon/riotboard/arm-2012.09/bin/../arm-none-eabi/lib//libc.a(lib_a-fputc.o)
                0x1004dbc8                _fputc_r
                0x1004dc0c                fputc
 .text          0x1004dc5c        0x0 /home/leon/riotboard/arm-2012.09/bin/../arm-none-eabi/lib//libc.a(lib_a-impure.o)
 .text          0x1004dc5c       0x88 /home/leon/riotboard/arm-2012.09/bin/../arm-none-eabi/lib//libc.a(lib_a-init.o)
                0x1004dc5c                __libc_init_array
 .text          0x1004dce4       0x40 /home/leon/riotboard/arm-2012.09/bin/../arm-none-eabi/lib//libc.a(lib_a-malloc.o)
                0x1004dce4                malloc
                0x1004dd04                free
 .text          0x1004dd24      0x71c /home/leon/riotboard/arm-2012.09/bin/../arm-none-eabi/lib//libc.a(lib_a-mallocr.o)
                0x1004dd24                _malloc_r
 .text          0x1004e440      0x20c /home/leon/riotboard/arm-2012.09/bin/../arm-none-eabi/lib//libc.a(lib_a-memcpy.o)
                0x1004e440                memcpy
 .text          0x1004e64c      0x134 /home/leon/riotboard/arm-2012.09/bin/../arm-none-eabi/lib//libc.a(lib_a-memset.o)
                0x1004e64c                memset
 .text          0x1004e780        0x8 /home/leon/riotboard/arm-2012.09/bin/../arm-none-eabi/lib//libc.a(lib_a-mlock.o)
                0x1004e780                __malloc_lock
                0x1004e784                __malloc_unlock
 .text          0x1004e788       0x74 /home/leon/riotboard/arm-2012.09/bin/../arm-none-eabi/lib//libc.a(lib_a-printf.o)
                0x1004e788                _printf_r
                0x1004e7bc                printf
 .text          0x1004e7fc      0x170 /home/leon/riotboard/arm-2012.09/bin/../arm-none-eabi/lib//libc.a(lib_a-putc.o)
                0x1004e7fc                _putc_r
                0x1004e8ac                putc
 .text          0x1004e96c       0x28 /home/leon/riotboard/arm-2012.09/bin/../arm-none-eabi/lib//libc.a(lib_a-realloc.o)
                0x1004e96c                realloc
 .text          0x1004e994      0x574 /home/leon/riotboard/arm-2012.09/bin/../arm-none-eabi/lib//libc.a(lib_a-reallocr.o)
                0x1004e994                _realloc_r
 .text          0x1004ef08       0x6c /home/leon/riotboard/arm-2012.09/bin/../arm-none-eabi/lib//libc.a(lib_a-rget.o)
                0x1004ef08                __srget_r
                0x1004ef60                __srget
 .text          0x1004ef74       0x40 /home/leon/riotboard/arm-2012.09/bin/../arm-none-eabi/lib//libc.a(lib_a-sbrkr.o)
                0x1004ef74                _sbrk_r
 .text          0x1004efb4       0xdc /home/leon/riotboard/arm-2012.09/bin/../arm-none-eabi/lib//libc.a(lib_a-sprintf.o)
                0x1004efb4                _sprintf_r
                0x1004f01c                sprintf
 .text          0x1004f090       0xa0 /home/leon/riotboard/arm-2012.09/bin/../arm-none-eabi/lib//libc.a(lib_a-strcat.o)
                0x1004f090                strcat
 .text          0x1004f130      0x230 /home/leon/riotboard/arm-2012.09/bin/../arm-none-eabi/lib//libc.a(lib_a-strcmp.o)
                0x1004f130                strcmp
 .text          0x1004f360       0xf0 /home/leon/riotboard/arm-2012.09/bin/../arm-none-eabi/lib//libc.a(lib_a-strcpy.o)
                0x1004f360                strcpy
 .text          0x1004f450       0x60 /home/leon/riotboard/arm-2012.09/bin/../arm-none-eabi/lib//libc.a(lib_a-strlen.o)
                0x1004f450                strlen
 .text          0x1004f4b0       0x78 /home/leon/riotboard/arm-2012.09/bin/../arm-none-eabi/lib//libc.a(lib_a-strncasecmp.o)
                0x1004f4b0                strncasecmp
 .text          0x1004f528       0x24 /home/leon/riotboard/arm-2012.09/bin/../arm-none-eabi/lib//libc.a(lib_a-strtok.o)
                0x1004f528                strtok
 .text          0x1004f54c       0xb8 /home/leon/riotboard/arm-2012.09/bin/../arm-none-eabi/lib//libc.a(lib_a-strtok_r.o)
                0x1004f54c                __strtok_r
                0x1004f5fc                strtok_r
 .text          0x1004f604     0x1f7c /home/leon/riotboard/arm-2012.09/bin/../arm-none-eabi/lib//libc.a(lib_a-svfprintf.o)
                0x1004f604                _svfprintf_r
 .text          0x10051580     0x12c4 /home/leon/riotboard/arm-2012.09/bin/../arm-none-eabi/lib//libc.a(lib_a-vfiprintf.o)
                0x10051580                __sprint_r
                0x1005163c                _vfiprintf_r
                0x10052818                vfiprintf
 .text          0x10052844     0x2180 /home/leon/riotboard/arm-2012.09/bin/../arm-none-eabi/lib//libc.a(lib_a-vfprintf.o)
                0x10052844                _vfprintf_r
                0x10054998                vfprintf
 .text          0x100549c4       0x4c /home/leon/riotboard/arm-2012.09/bin/../arm-none-eabi/lib//libc.a(lib_a-vprintf.o)
                0x100549c4                vprintf
                0x100549f0                _vprintf_r
 .text          0x10054a10      0x14c /home/leon/riotboard/arm-2012.09/bin/../arm-none-eabi/lib//libc.a(lib_a-wbuf.o)
                0x10054a10                __swbuf_r
                0x10054b40                __swbuf
 .text          0x10054b5c      0x138 /home/leon/riotboard/arm-2012.09/bin/../arm-none-eabi/lib//libc.a(lib_a-wsetup.o)
                0x10054b5c                __swsetup_r
 .text          0x10054c94       0x14 /home/leon/riotboard/arm-2012.09/bin/../arm-none-eabi/lib//libc.a(lib_a-abort.o)
                0x10054c94                abort
 .text          0x10054ca8        0x0 /home/leon/riotboard/arm-2012.09/bin/../arm-none-eabi/lib//libc.a(lib_a-ctype_.o)
 .text          0x10054ca8     0x18a8 /home/leon/riotboard/arm-2012.09/bin/../arm-none-eabi/lib//libc.a(lib_a-dtoa.o)
                0x10054e88                _dtoa_r
 .text          0x10056550      0x26c /home/leon/riotboard/arm-2012.09/bin/../arm-none-eabi/lib//libc.a(lib_a-fflush.o)
                0x10056550                _fflush_r
                0x1005677c                fflush
 .text          0x100567bc      0x2c4 /home/leon/riotboard/arm-2012.09/bin/../arm-none-eabi/lib//libc.a(lib_a-findfp.o)
                0x100567cc                _cleanup_r
                0x10056860                __sfmoreglue
                0x100568a8                _cleanup
                0x100568b8                __sinit
                0x10056930                __sfp
                0x10056a28                __sfp_lock_acquire
                0x10056a2c                __sfp_lock_release
                0x10056a30                __sinit_lock_acquire
                0x10056a34                __sinit_lock_release
                0x10056a38                __fp_lock_all
                0x10056a5c                __fp_unlock_all
 .text          0x10056a80      0x19c /home/leon/riotboard/arm-2012.09/bin/../arm-none-eabi/lib//libc.a(lib_a-fputwc.o)
                0x10056a80                _fputwc_r
                0x10056bd0                fputwc
 .text          0x10056c1c      0x368 /home/leon/riotboard/arm-2012.09/bin/../arm-none-eabi/lib//libc.a(lib_a-freer.o)
                0x10056c1c                _malloc_trim_r
                0x10056d18                _free_r
 .text          0x10056f84      0x4c4 /home/leon/riotboard/arm-2012.09/bin/../arm-none-eabi/lib//libc.a(lib_a-fvwrite.o)
                0x10056f84                __sfvwrite_r
 .text          0x10057448      0x114 /home/leon/riotboard/arm-2012.09/bin/../arm-none-eabi/lib//libc.a(lib_a-fwalk.o)
                0x10057448                _fwalk
                0x100574d0                _fwalk_reent
 .text          0x1005755c       0xd0 /home/leon/riotboard/arm-2012.09/bin/../arm-none-eabi/lib//libc.a(lib_a-locale.o)
                0x1005755c                _setlocale_r
                0x100575c8                __locale_charset
                0x100575d4                __locale_mb_cur_max
                0x100575e4                __locale_msgcharset
                0x100575f0                __locale_cjk_lang
                0x100575f8                _localeconv_r
                0x10057604                setlocale
                0x10057620                localeconv
 .text          0x1005762c      0x15c /home/leon/riotboard/arm-2012.09/bin/../arm-none-eabi/lib//libc.a(lib_a-makebuf.o)
                0x1005762c                __smakebuf_r
 .text          0x10057788      0x11c /home/leon/riotboard/arm-2012.09/bin/../arm-none-eabi/lib//libc.a(lib_a-memchr.o)
                0x10057788                memchr
 .text          0x100578a4      0x134 /home/leon/riotboard/arm-2012.09/bin/../arm-none-eabi/lib//libc.a(lib_a-memmove.o)
                0x100578a4                memmove
 .text          0x100579d8      0xd20 /home/leon/riotboard/arm-2012.09/bin/../arm-none-eabi/lib//libc.a(lib_a-mprec.o)
                0x100579d8                _Balloc
                0x10057a64                _Bfree
                0x10057a80                __multadd
                0x10057b5c                __s2b
                0x10057c4c                __hi0bits
                0x10057c9c                __lo0bits
                0x10057d30                __i2b
                0x10057d54                __multiply
                0x10057f38                __pow5mult
                0x1005802c                __lshift
                0x10058130                __mcmp
                0x10058194                __mdiff
                0x100582e0                __ulp
                0x10058344                __b2d
                0x10058410                __d2b
                0x10058518                __ratio
                0x100585a8                _mprec_log10
                0x100585fc                __copybits
                0x10058670                __any_on
 .text          0x100586f8      0x19c /home/leon/riotboard/arm-2012.09/bin/../arm-none-eabi/lib//libc.a(lib_a-reent.o)
                0x100586f8                cleanup_glue
                0x10058724                _reclaim_reent
                0x10058820                _wrapup_reent
 .text          0x10058894      0x1cc /home/leon/riotboard/arm-2012.09/bin/../arm-none-eabi/lib//libc.a(lib_a-refill.o)
                0x100588bc                __srefill_r
 .text          0x10058a60       0x6c /home/leon/riotboard/arm-2012.09/bin/../arm-none-eabi/lib//libc.a(lib_a-s_fpclassify.o)
                0x10058a60                __fpclassifyd
 .text          0x10058acc      0x24c /home/leon/riotboard/arm-2012.09/bin/../arm-none-eabi/lib//libc.a(lib_a-signal.o)
                0x10058acc                _init_signal_r
                0x10058b2c                _signal_r
                0x10058b98                _raise_r
                0x10058c30                __sigtramp_r
                0x10058cc4                raise
                0x10058cd8                signal
                0x10058cf4                _init_signal
                0x10058d04                __sigtramp
 .text          0x10058d18       0x50 /home/leon/riotboard/arm-2012.09/bin/../arm-none-eabi/lib//libc.a(lib_a-signalr.o)
                0x10058d18                _kill_r
                0x10058d58                _getpid_r
 .text          0x10058d68       0xdc /home/leon/riotboard/arm-2012.09/bin/../arm-none-eabi/lib//libc.a(lib_a-stdio.o)
                0x10058d68                __sread
                0x10058d9c                __seofread
                0x10058da4                __swrite
                0x10058dfc                __sseek
                0x10058e30                __sclose
 .text          0x10058e44     0x1224 /home/leon/riotboard/arm-2012.09/bin/../arm-none-eabi/lib//libc.a(lib_a-svfiprintf.o)
                0x10058e44                __ssprint_r
                0x10058fe8                _svfiprintf_r
 .text          0x1005a068      0x134 /home/leon/riotboard/arm-2012.09/bin/../arm-none-eabi/lib//libc.a(lib_a-wcrtomb.o)
                0x1005a068                _wcrtomb_r
                0x1005a0f8                wcrtomb
 .text          0x1005a19c       0x7c /home/leon/riotboard/arm-2012.09/bin/../arm-none-eabi/lib//libc.a(lib_a-wctomb_r.o)
                0x1005a19c                __ascii_wctomb
                0x1005a1c8                _wctomb_r
 .text          0x1005a218       0x44 /home/leon/riotboard/arm-2012.09/bin/../arm-none-eabi/lib//libc.a(lib_a-writer.o)
                0x1005a218                _write_r
 .text          0x1005a25c       0x94 /home/leon/riotboard/arm-2012.09/bin/../arm-none-eabi/lib//libc.a(lib_a-callocr.o)
                0x1005a25c                _calloc_r
 .text          0x1005a2f0       0x3c /home/leon/riotboard/arm-2012.09/bin/../arm-none-eabi/lib//libc.a(lib_a-closer.o)
                0x1005a2f0                _close_r
 .text          0x1005a32c      0x10c /home/leon/riotboard/arm-2012.09/bin/../arm-none-eabi/lib//libc.a(lib_a-fclose.o)
                0x1005a32c                _fclose_r
                0x1005a424                fclose
 .text          0x1005a438       0x40 /home/leon/riotboard/arm-2012.09/bin/../arm-none-eabi/lib//libc.a(lib_a-fstatr.o)
                0x1005a438                _fstat_r
 .text          0x1005a478       0x3c /home/leon/riotboard/arm-2012.09/bin/../arm-none-eabi/lib//libc.a(lib_a-isattyr.o)
                0x1005a478                _isatty_r
 .text          0x1005a4b4       0x44 /home/leon/riotboard/arm-2012.09/bin/../arm-none-eabi/lib//libc.a(lib_a-lseekr.o)
                0x1005a4b4                _lseek_r
 .text          0x1005a4f8       0x44 /home/leon/riotboard/arm-2012.09/bin/../arm-none-eabi/lib//libc.a(lib_a-readr.o)
                0x1005a4f8                _read_r
 .text          0x1005a53c      0x114 /home/leon/riotboard/arm-2012.09/bin/../lib/gcc/arm-none-eabi/4.7.2//libgcc.a(_udivsi3.o)
                0x1005a53c                __udivsi3
                0x1005a53c                __aeabi_uidiv
                0x1005a630                __aeabi_uidivmod
 .text          0x1005a650      0x148 /home/leon/riotboard/arm-2012.09/bin/../lib/gcc/arm-none-eabi/4.7.2//libgcc.a(_divsi3.o)
                0x1005a650                __aeabi_idiv
                0x1005a650                __divsi3
                0x1005a778                __aeabi_idivmod
 .text          0x1005a798        0x4 /home/leon/riotboard/arm-2012.09/bin/../lib/gcc/arm-none-eabi/4.7.2//libgcc.a(_dvmd_tls.o)
                0x1005a798                __aeabi_ldiv0
                0x1005a798                __aeabi_idiv0
 .text          0x1005a79c      0x41c /home/leon/riotboard/arm-2012.09/bin/../lib/gcc/arm-none-eabi/4.7.2//libgcc.a(_arm_addsubdf3.o)
                0x1005a79c                __aeabi_drsub
                0x1005a7a4                __aeabi_dsub
                0x1005a7a4                __subdf3
                0x1005a7a8                __adddf3
                0x1005a7a8                __aeabi_dadd
                0x1005aab8                __aeabi_ui2d
                0x1005aab8                __floatunsidf
                0x1005aadc                __floatsidf
                0x1005aadc                __aeabi_i2d
                0x1005ab04                __extendsfdf2
                0x1005ab04                __aeabi_f2d
                0x1005ab44                __aeabi_ul2d
                0x1005ab44                __floatundidf
                0x1005ab58                __floatdidf
                0x1005ab58                __aeabi_l2d
 .text          0x1005abb8      0x49c /home/leon/riotboard/arm-2012.09/bin/../lib/gcc/arm-none-eabi/4.7.2//libgcc.a(_arm_muldivdf3.o)
                0x1005abb8                __aeabi_dmul
                0x1005abb8                __muldf3
                0x1005ae48                __aeabi_ddiv
                0x1005ae48                __divdf3
 .text          0x1005b054      0x144 /home/leon/riotboard/arm-2012.09/bin/../lib/gcc/arm-none-eabi/4.7.2//libgcc.a(_arm_cmpdf2.o)
                0x1005b054                __gtdf2
                0x1005b054                __gedf2
                0x1005b05c                __ltdf2
                0x1005b05c                __ledf2
                0x1005b064                __cmpdf2
                0x1005b064                __eqdf2
                0x1005b064                __nedf2
                0x1005b0ec                __aeabi_cdrcmple
                0x1005b108                __aeabi_cdcmple
                0x1005b108                __aeabi_cdcmpeq
                0x1005b120                __aeabi_dcmpeq
                0x1005b138                __aeabi_dcmplt
                0x1005b150                __aeabi_dcmple
                0x1005b168                __aeabi_dcmpge
                0x1005b180                __aeabi_dcmpgt
 .text          0x1005b198       0x5c /home/leon/riotboard/arm-2012.09/bin/../lib/gcc/arm-none-eabi/4.7.2//libgcc.a(_arm_fixdfsi.o)
                0x1005b198                __fixdfsi
                0x1005b198                __aeabi_d2iz
 .text          0x1005b1f4       0x3c /home/leon/riotboard/arm-2012.09/bin/../lib/gcc/arm-none-eabi/4.7.2//libgcc.a(_aeabi_uldivmod.o)
                0x1005b1f4                __aeabi_uldivmod
 .text          0x1005b230       0x84 /home/leon/riotboard/arm-2012.09/bin/../lib/gcc/arm-none-eabi/4.7.2//libgcc.a(bpabi.o)
                0x1005b230                __gnu_ldivmod_helper
                0x1005b274                __gnu_uldivmod_helper
 .text          0x1005b2b4      0x4f0 /home/leon/riotboard/arm-2012.09/bin/../lib/gcc/arm-none-eabi/4.7.2//libgcc.a(_divdi3.o)
                0x1005b2b4                __divdi3
 .text          0x1005b7a4      0x488 /home/leon/riotboard/arm-2012.09/bin/../lib/gcc/arm-none-eabi/4.7.2//libgcc.a(_udivdi3.o)
                0x1005b7a4                __udivdi3
 .text          0x1005bc2c       0x48 /home/leon/riotboard/arm-2012.09/bin/../lib/gcc/arm-none-eabi/4.7.2//libgcc.a(_clzsi2.o)
                0x1005bc2c                __clzsi2
 .text          0x1005bc74      0x610 /home/leon/git/swp-report/iMX6_Platform_SDK/output/mx6sdl/lib/libsdk.a(runtime_support.o)
                0x1005bc74                _execve
                0x1005bcb0                _fork
                0x1005bcd8                _isatty
                0x1005bcfc                _open
                0x1005bd28                _close
                0x1005bd4c                _lseek
                0x1005bd78                _fstat
                0x1005bdac                _read
                0x1005be7c                _write
                0x1005bf68                _raw_puts
                0x1005bfe8                _sbrk
                0x1005c098                _exit
                0x1005c0b8                _kill
                0x1005c0f0                _getpid
                0x1005c108                _link
                0x1005c140                _unlink
                0x1005c174                _stat
                0x1005c1a8                _times
                0x1005c1cc                _gettimeofday
                0x1005c250                _wait
 *(.glue_7t)
 .glue_7t       0x00000000        0x0 linker stubs
 *(.glue_7)
 .glue_7        0x00000000        0x0 linker stubs
 *(.vfp11_veneer)
 .vfp11_veneer  0x00000000        0x0 linker stubs
 *(.ARM.extab* .gnu.linkonce.armextab.*)
 .ARM.extab.startup
                0x1005c284        0x0 /home/leon/git/swp-report/iMX6_Platform_SDK/output/mx6sdl/lib/libsdk.a(startup.o)
 .ARM.extab     0x1005c284        0x0 /home/leon/riotboard/arm-2012.09/bin/../lib/gcc/arm-none-eabi/4.7.2//libgcc.a(_divdi3.o)
 .ARM.extab     0x1005c284        0x0 /home/leon/riotboard/arm-2012.09/bin/../lib/gcc/arm-none-eabi/4.7.2//libgcc.a(_udivdi3.o)
 *(.gcc_except_table)

.v4_bx          0x1005c284        0x0
 .v4_bx         0x00000000        0x0 linker stubs

.iplt           0x1005c284        0x0
 .iplt          0x00000000        0x0 /home/leon/riotboard/arm-2012.09/bin/../lib/gcc/arm-none-eabi/4.7.2//crtbegin.o

.ctors
 *crtbegin.o(.ctors)
 *crtbegin?.o(.ctors)
 *(EXCLUDE_FILE(*crtend?.o *crtend.o) .ctors)
 *(SORT(.ctors.*))
 *(.ctors)

.dtors
 *crtbegin.o(.dtors)
 *crtbegin?.o(.dtors)
 *(EXCLUDE_FILE(*crtend?.o *crtend.o) .dtors)
 *(SORT(.dtors.*))
 *(.dtors)

.rodata         0x1005c288    0x3bf10
 *(.rodata .rodata.* .gnu.linkonce.r.*)
 .rodata        0x1005c288       0x9c /home/leon/git/swp-report/iMX6_Platform_SDK/output/mx6sdl/obds/evb_rev_a/obj/apps/common/print_clock_info.o
 .rodata        0x1005c324      0x100 /home/leon/git/swp-report/iMX6_Platform_SDK/output/mx6sdl/obds/evb_rev_a/obj/apps/common/print_version.o
 .rodata        0x1005c424      0x488 /home/leon/git/swp-report/iMX6_Platform_SDK/output/mx6sdl/obds/evb_rev_a/obj/apps/obds/src/obds.o
                0x1005c7f0                MenuList_All_Tests
                0x1005c84c                Menu_Commands
 .rodata        0x1005c8ac      0x318 /home/leon/git/swp-report/iMX6_Platform_SDK/output/mx6sdl/obds/evb_rev_a/obj/apps/obds/src/obds_utils.o
 .rodata        0x1005cbc4      0x1c0 /home/leon/git/swp-report/iMX6_Platform_SDK/output/mx6sdl/obds/evb_rev_a/obj/apps/obds/src/tests/android_buttons_test.o
                0x1005cbc4                g_android_buttons_test_name
 .rodata        0x1005cd84      0x400 /home/leon/git/swp-report/iMX6_Platform_SDK/output/mx6sdl/obds/evb_rev_a/obj/apps/obds/src/tests/audio_esai_test.o
                0x1005cd84                g_audio_esai_test_name
 .rodata        0x1005d184      0x22c /home/leon/git/swp-report/iMX6_Platform_SDK/output/mx6sdl/obds/evb_rev_a/obj/apps/obds/src/tests/audio_ssi_test.o
                0x1005d184                g_audio_ssi_test_name
 .rodata        0x1005d3b0        0xc /home/leon/git/swp-report/iMX6_Platform_SDK/output/mx6sdl/obds/evb_rev_a/obj/apps/obds/src/tests/ddr_test.o
                0x1005d3b0                g_ddr_test_name
 .rodata        0x1005d3bc      0x1c0 /home/leon/git/swp-report/iMX6_Platform_SDK/output/mx6sdl/obds/evb_rev_a/obj/apps/obds/src/tests/deserializer_ds90ur124.o
 .rodata        0x1005d57c      0x22c /home/leon/git/swp-report/iMX6_Platform_SDK/output/mx6sdl/obds/evb_rev_a/obj/apps/obds/src/tests/display_test.o
                0x1005d57c                g_ipu_display_tests_name
 .rodata        0x1005d7a8      0x2d8 /home/leon/git/swp-report/iMX6_Platform_SDK/output/mx6sdl/obds/evb_rev_a/obj/apps/obds/src/tests/enet_mx6dldq_test.o
                0x1005d7a8                g_ar8031_test_name
                0x1005d7c8                g_KSZ9021RN_test_name
 .rodata        0x1005da80       0x84 /home/leon/git/swp-report/iMX6_Platform_SDK/output/mx6sdl/obds/evb_rev_a/obj/apps/obds/src/tests/flexcan_test.o
                0x1005da80                g_flexcan_test_name
 .rodata        0x1005db04       0x50 /home/leon/git/swp-report/iMX6_Platform_SDK/output/mx6sdl/obds/evb_rev_a/obj/apps/obds/src/tests/fm_tuner_si476x_test.o
 .rodata        0x1005db54       0x34 /home/leon/git/swp-report/iMX6_Platform_SDK/output/mx6sdl/obds/evb_rev_a/obj/apps/obds/src/tests/gpio_led.o
                0x1005db54                g_gpio_led_test_name
 .rodata        0x1005db88       0x20 /home/leon/git/swp-report/iMX6_Platform_SDK/output/mx6sdl/obds/evb_rev_a/obj/apps/obds/src/tests/gps_test.o
 .rodata        0x1005dba8      0x10c /home/leon/git/swp-report/iMX6_Platform_SDK/output/mx6sdl/obds/evb_rev_a/obj/apps/obds/src/tests/i2c_check_light_sensor_isl29023.o
                0x1005dba8                g_isl29023_i2c_device_id_test_name
 .rodata        0x1005dcb4       0x6c /home/leon/git/swp-report/iMX6_Platform_SDK/output/mx6sdl/obds/evb_rev_a/obj/apps/obds/src/tests/i2c_device_barometer_ppl3115.o
                0x1005dcb4                g_ppl3115_i2c_device_id_test_name
 .rodata        0x1005dd20       0x1c /home/leon/git/swp-report/iMX6_Platform_SDK/output/mx6sdl/obds/evb_rev_a/obj/apps/obds/src/tests/i2c_device_check_cs42888.o
                0x1005dd20                g_cs42888_i2c_device_id_test_name
 .rodata        0x1005dd3c       0xb4 /home/leon/git/swp-report/iMX6_Platform_SDK/output/mx6sdl/obds/evb_rev_a/obj/apps/obds/src/tests/i2c_device_digital_compass_mag3110.o
                0x1005dd3c                g_mag3110_i2c_device_id_test_name
 .rodata        0x1005ddf0       0xb4 /home/leon/git/swp-report/iMX6_Platform_SDK/output/mx6sdl/obds/evb_rev_a/obj/apps/obds/src/tests/i2c_device_digital_compass_mag3112.o
                0x1005ddf0                g_mag3112_i2c_device_id_test_name
 .rodata        0x1005dea4      0x138 /home/leon/git/swp-report/iMX6_Platform_SDK/output/mx6sdl/obds/evb_rev_a/obj/apps/obds/src/tests/i2c_device_id_check_mma8450.o
                0x1005dea4                g_mma8450_i2c_device_id_test_name
 .rodata        0x1005dfdc      0x138 /home/leon/git/swp-report/iMX6_Platform_SDK/output/mx6sdl/obds/evb_rev_a/obj/apps/obds/src/tests/i2c_device_id_check_mma8451.o
                0x1005dfdc                g_mma8451_i2c_device_id_test_name
 .rodata        0x1005e114      0x234 /home/leon/git/swp-report/iMX6_Platform_SDK/output/mx6sdl/obds/evb_rev_a/obj/apps/obds/src/tests/i2c_device_id_check_p1003_tsc.o