Archive member included because of file (symbol)

/home/leon/git/swp-report/iMX6_Platform_SDK/output/mx6sdl/lib/libsdk.a(max7310.o)
                              /home/leon/git/swp-report/iMX6_Platform_SDK/output/mx6sdl/obds/evb_rev_a/obj/sdk/common/ioexpander/test/max7310_test.o (max7310_reg_read)
/home/leon/git/swp-report/iMX6_Platform_SDK/output/mx6sdl/lib/libsdk.a(ccm_pll.o)
                              /home/leon/git/swp-report/iMX6_Platform_SDK/output/mx6sdl/obds/evb_rev_a/obj/apps/common/platform_init.o (ccm_init)
/home/leon/git/swp-report/iMX6_Platform_SDK/output/mx6sdl/lib/libsdk.a(cortexA9.o)
                              /home/leon/git/swp-report/iMX6_Platform_SDK/output/mx6sdl/obds/evb_rev_a/obj/apps/common/platform_init.o (arm_set_interrupt_state)
/home/leon/git/swp-report/iMX6_Platform_SDK/output/mx6sdl/lib/libsdk.a(gic.o)
                              /home/leon/git/swp-report/iMX6_Platform_SDK/output/mx6sdl/obds/evb_rev_a/obj/apps/common/platform_init.o (gic_init)
/home/leon/git/swp-report/iMX6_Platform_SDK/output/mx6sdl/lib/libsdk.a(interrupt.o)
                              /home/leon/git/swp-report/iMX6_Platform_SDK/output/mx6sdl/obds/evb_rev_a/obj/sdk/drivers/hdmi/test/hdmi_test.o (disable_interrupt)
/home/leon/git/swp-report/iMX6_Platform_SDK/output/mx6sdl/lib/libsdk.a(mmu.o)
                              /home/leon/git/swp-report/iMX6_Platform_SDK/output/mx6sdl/obds/evb_rev_a/obj/apps/common/platform_init.o (mmu_init)
/home/leon/git/swp-report/iMX6_Platform_SDK/output/mx6sdl/lib/libsdk.a(startup.o)
                              (_start)
/home/leon/git/swp-report/iMX6_Platform_SDK/output/mx6sdl/lib/libsdk.a(vectors.o)
                              /home/leon/git/swp-report/iMX6_Platform_SDK/output/mx6sdl/lib/libsdk.a(startup.o) (vectors)
/home/leon/git/swp-report/iMX6_Platform_SDK/output/mx6sdl/lib/libsdk.a(menu.o)
                              /home/leon/git/swp-report/iMX6_Platform_SDK/output/mx6sdl/obds/evb_rev_a/obj/apps/obds/src/obds.o (menu_get_indent)
/home/leon/git/swp-report/iMX6_Platform_SDK/output/mx6sdl/lib/libsdk.a(sdk_version.o)
                              /home/leon/git/swp-report/iMX6_Platform_SDK/output/mx6sdl/obds/evb_rev_a/obj/apps/common/print_version.o (k_sdk_version)
/home/leon/git/swp-report/iMX6_Platform_SDK/output/mx6sdl/lib/libsdk.a(system_util.o)
                              /home/leon/git/swp-report/iMX6_Platform_SDK/output/mx6sdl/lib/libsdk.a(startup.o) (_sys_exit)
/home/leon/git/swp-report/iMX6_Platform_SDK/output/mx6sdl/lib/libsdk.a(text_color.o)
                              /home/leon/git/swp-report/iMX6_Platform_SDK/output/mx6sdl/obds/evb_rev_a/obj/apps/obds/src/obds.o (g_TextAttributeDefault)
/home/leon/git/swp-report/iMX6_Platform_SDK/output/mx6sdl/lib/libsdk.a(cs42888.o)
                              /home/leon/git/swp-report/iMX6_Platform_SDK/output/mx6sdl/obds/evb_rev_a/obj/apps/obds/src/tests/i2c_device_check_cs42888.o (cs42888_init)
/home/leon/git/swp-report/iMX6_Platform_SDK/output/mx6sdl/lib/libsdk.a(imx-ssi.o)
                              /home/leon/git/swp-report/iMX6_Platform_SDK/output/mx6sdl/obds/evb_rev_a/obj/sdk/drivers/audio/src/snd_card.o (imx_ssi_2)
/home/leon/git/swp-report/iMX6_Platform_SDK/output/mx6sdl/lib/libsdk.a(imx_esai.o)
                              /home/leon/git/swp-report/iMX6_Platform_SDK/output/mx6sdl/obds/evb_rev_a/obj/sdk/drivers/audio/src/snd_card.o (imx_esai_1)
/home/leon/git/swp-report/iMX6_Platform_SDK/output/mx6sdl/lib/libsdk.a(imx_spdif.o)
                              /home/leon/git/swp-report/iMX6_Platform_SDK/output/mx6sdl/obds/evb_rev_a/obj/sdk/drivers/audio/src/snd_card.o (imx_spdif)
/home/leon/git/swp-report/iMX6_Platform_SDK/output/mx6sdl/lib/libsdk.a(sgtl5000.o)
                              /home/leon/git/swp-report/iMX6_Platform_SDK/output/mx6sdl/obds/evb_rev_a/obj/sdk/drivers/audio/src/snd_card.o (sgtl5000)
/home/leon/git/swp-report/iMX6_Platform_SDK/output/mx6sdl/lib/libsdk.a(wm8958_dac.o)
                              /home/leon/git/swp-report/iMX6_Platform_SDK/output/mx6sdl/obds/evb_rev_a/obj/sdk/drivers/audio/src/snd_card.o (wm8958)
/home/leon/git/swp-report/iMX6_Platform_SDK/output/mx6sdl/lib/libsdk.a(wm8962.o)
                              /home/leon/git/swp-report/iMX6_Platform_SDK/output/mx6sdl/obds/evb_rev_a/obj/sdk/drivers/audio/src/snd_card.o (wm8962)
/home/leon/git/swp-report/iMX6_Platform_SDK/output/mx6sdl/lib/libsdk.a(board_id.o)
                              /home/leon/git/swp-report/iMX6_Platform_SDK/output/mx6sdl/obds/evb_rev_a/obj/apps/common/print_version.o (chip_name)
/home/leon/git/swp-report/iMX6_Platform_SDK/output/mx6sdl/lib/libsdk.a(smd_sensor.o)
                              /home/leon/git/swp-report/iMX6_Platform_SDK/output/mx6sdl/obds/evb_rev_a/obj/sdk/drivers/camera/test/sensor_capture.o (sensor_config)
/home/leon/git/swp-report/iMX6_Platform_SDK/output/mx6sdl/lib/libsdk.a(enet_drv.o)
[...]
Memory Configuration

Name             Origin             Length             Attributes
OCRAM            0x0000000000900000 0x0000000000020000 xrw
DDR              0x0000000010000000 0x0000000040000000 xrw
*default*        0x0000000000000000 0xffffffffffffffff

Linker script and memory map

LOAD /home/src/arm/target/bin/../lib/gcc/arm-none-eabi/4.8.2//crtbegin.o
LOAD /home/src/arm/target/bin/../lib/gcc/arm-none-eabi/4.8.2//crti.o
LOAD /home/src/arm/target/bin/../lib/gcc/arm-none-eabi/4.8.2//crtend.o
LOAD /home/src/arm/target/bin/../lib/gcc/arm-none-eabi/4.8.2//crtn.o

.l1_page_table  0x0000000000900000     0x4000
                0x0000000000900000                __l1_page_table_start = .
                0x0000000000904000                . = (. + 0x4000)
 *fill*         0x0000000000900000     0x4000 

.heap.ocram     0x0000000000904000    0x1bfb8
                0x0000000000904000                __heap_ocram_start = .
                0x000000000091ffb8                . = (. + 0x1bfb8)
 *fill*         0x0000000000904000    0x1bfb8 
                0x000000000091ffb8                __heap_ocram_end = .

.ram_vectors    0x000000000091ffb8       0x48
                0x000000000091ffb8                __ram_vectors_start = .
                0x0000000000920000                . = (. + 0x48)
 *fill*         0x000000000091ffb8       0x48 
                0x0000000000920000                __ram_vectors_end = .
                0x0000000010000000                _start_image_add = ORIGIN (DDR)

.ivt            0x0000000010000000      0x420
                0x0000000010000400                . = (. + 0x400)
 *fill*         0x0000000010000000      0x400 
 *(.ivt)
 .ivt           0x0000000010000400       0x20 /home/leon/git/swp-report/iMX6_Platform_SDK/output/mx6sdl/obds/evb_rev_a/obj/apps/common/ivt.o
                0x0000000010000400                input_ivt

.boot_data      0x0000000010000420        0xc
                0x0000000010000420                __start_boot_data = .
 *(.boot_data)
 .boot_data     0x0000000010000420        0xc /home/leon/git/swp-report/iMX6_Platform_SDK/output/mx6sdl/obds/evb_rev_a/obj/apps/common/ivt.o
                0x0000000010000420                bd

.dcd_hdr        0x0000000010000430        0x4
                0x0000000010000430                __start_dcd = .
 *(.dcd_hdr)
 .dcd_hdr       0x0000000010000430        0x4 /home/leon/git/swp-report/iMX6_Platform_SDK/output/mx6sdl/lib/libboard_evb_rev_a.a(dcd.o)
                0x0000000010000430                input_dcd_hdr

.dcd_wrt_cmd    0x0000000010000434        0x4
 *(.dcd_wrt_cmd)
 .dcd_wrt_cmd   0x0000000010000434        0x4 /home/leon/git/swp-report/iMX6_Platform_SDK/output/mx6sdl/lib/libboard_evb_rev_a.a(dcd.o)
                0x0000000010000434                input_dcd_wrt_cmd

.dcd_data       0x0000000010000438      0x2d8
 *(.dcd_data)
 .dcd_data      0x0000000010000438      0x2d8 /home/leon/git/swp-report/iMX6_Platform_SDK/output/mx6sdl/lib/libboard_evb_rev_a.a(dcd.o)
                0x0000000010000438                input_dcd

.text           0x0000000010000710    0x5b418
 CREATE_OBJECT_SYMBOLS
 *(.startup)
 .startup       0x0000000010000710      0x138 /home/leon/git/swp-report/iMX6_Platform_SDK/output/mx6sdl/lib/libsdk.a(startup.o)
                0x0000000010000710                _start
 *(.text .text.* .gnu.linkonce.t.*)
 .text          0x0000000010000848      0x128 /home/src/arm/target/bin/../lib/gcc/arm-none-eabi/4.8.2//crtbegin.o
 .text          0x0000000010000970        0x0 /home/src/arm/target/bin/../lib/gcc/arm-none-eabi/4.8.2//crti.o
 .text          0x0000000010000970        0x0 /home/src/arm/target/bin/../lib/gcc/arm-none-eabi/4.8.2//crtend.o
 .text          0x0000000010000970        0x0 /home/src/arm/target/bin/../lib/gcc/arm-none-eabi/4.8.2//crtn.o
 .text          0x0000000010000970        0x0 /home/leon/git/swp-report/iMX6_Platform_SDK/output/mx6sdl/obds/evb_rev_a/obj/apps/common/ivt.o
 .text          0x0000000010000970       0xbc /home/leon/git/swp-report/iMX6_Platform_SDK/output/mx6sdl/obds/evb_rev_a/obj/apps/common/platform_init.o
                0x0000000010000970                platform_init
 .text          0x0000000010000a2c       0xfc /home/leon/git/swp-report/iMX6_Platform_SDK/output/mx6sdl/obds/evb_rev_a/obj/apps/common/print_clock_info.o
                0x0000000010000a2c                show_freq
                0x0000000010000b18                show_ddr_config
 .text          0x0000000010000b28      0x15c /home/leon/git/swp-report/iMX6_Platform_SDK/output/mx6sdl/obds/evb_rev_a/obj/apps/common/print_version.o
                0x0000000010000b28                print_version
 .text          0x0000000010000c84     0x10bc /home/leon/git/swp-report/iMX6_Platform_SDK/output/mx6sdl/obds/evb_rev_a/obj/apps/obds/src/obds.o
                0x0000000010000c84                main
                0x0000000010000fe8                free_test_results
                0x0000000010001080                printf_hook
                0x000000001000124c                prompt_run_test
                0x00000000100012f0                print_test_passed
                0x000000001000133c                print_test_skipped
                0x0000000010001388                print_test_failed
                0x00000000100013e0                print_test_not_implemented
                0x0000000010001438                run_test
                0x0000000010001684                report_test_results
                0x0000000010001a4c                run_all_tests
                0x0000000010001cd8                select_tests
 .text          0x0000000010001d40      0x778 /home/leon/git/swp-report/iMX6_Platform_SDK/output/mx6sdl/obds/evb_rev_a/obj/apps/obds/src/obds_utils.o
                0x0000000010001d40                show_boot_switch_info
 .text          0x00000000100024b8      0x330 /home/leon/git/swp-report/iMX6_Platform_SDK/output/mx6sdl/obds/evb_rev_a/obj/apps/obds/src/tests/android_buttons_test.o
                0x00000000100024b8                configure_android_button
                0x0000000010002520                init_android_buttons
                0x0000000010002570                check_android_button_status
                0x00000000100026bc                android_buttons_test
 .text          0x00000000100027e8      0xe18 /home/leon/git/swp-report/iMX6_Platform_SDK/output/mx6sdl/obds/evb_rev_a/obj/apps/obds/src/tests/audio_esai_test.o
                0x00000000100027e8                esai_test
 .text          0x0000000010003600      0x3e0 /home/leon/git/swp-report/iMX6_Platform_SDK/output/mx6sdl/obds/evb_rev_a/obj/apps/obds/src/tests/audio_ssi_test.o
                0x0000000010003600                audio_test_init
                0x0000000010003724                i2s_audio_test
 .text          0x00000000100039e0      0x610 /home/leon/git/swp-report/iMX6_Platform_SDK/output/mx6sdl/obds/evb_rev_a/obj/apps/obds/src/tests/ddr_test.o
                0x00000000100039e0                get_ddr_density
                0x0000000010003aa4                ddr_test
 .text          0x0000000010003ff0      0x2e4 /home/leon/git/swp-report/iMX6_Platform_SDK/output/mx6sdl/obds/evb_rev_a/obj/apps/obds/src/tests/deserializer_ds90ur124.o
                0x0000000010003ff0                deserializer_io_config
                0x0000000010004004                ds90ur124_init
                0x0000000010004038                ds90ur124_receive_cnx_test
                0x00000000100041fc                ds90ur124_test_main
 .text          0x00000000100042d4      0x744 /home/leon/git/swp-report/iMX6_Platform_SDK/output/mx6sdl/obds/evb_rev_a/obj/apps/obds/src/tests/display_test.o
                0x00000000100042d4                hdmi_720p_init
                0x0000000010004868                ipu_display_test_main
 .text          0x0000000010004a18      0x970 /home/leon/git/swp-report/iMX6_Platform_SDK/output/mx6sdl/obds/evb_rev_a/obj/apps/obds/src/tests/enet_mx6dldq_test.o
                0x0000000010004ba4                enet_test_main
                0x0000000010004e44                ar8031_test_main
                0x00000000100050f4                KSZ9021RN_test_main
 .text          0x0000000010005388       0x64 /home/leon/git/swp-report/iMX6_Platform_SDK/output/mx6sdl/obds/evb_rev_a/obj/apps/obds/src/tests/flexcan_test.o
                0x0000000010005388                flexcan_test
 .text          0x00000000100053ec      0x278 /home/leon/git/swp-report/iMX6_Platform_SDK/output/mx6sdl/obds/evb_rev_a/obj/apps/obds/src/tests/fm_tuner_si476x_test.o
                0x00000000100055d0                si476x_test_main
 .text          0x0000000010005664      0x1d4 /home/leon/git/swp-report/iMX6_Platform_SDK/output/mx6sdl/obds/evb_rev_a/obj/apps/obds/src/tests/gpio_led.o
                0x0000000010005664                gpio_led_test
 .text          0x0000000010005838       0xd4 /home/leon/git/swp-report/iMX6_Platform_SDK/output/mx6sdl/obds/evb_rev_a/obj/apps/obds/src/tests/gps_test.o
                0x0000000010005838                gps_test
 .text          0x000000001000590c      0x5d0 /home/leon/git/swp-report/iMX6_Platform_SDK/output/mx6sdl/obds/evb_rev_a/obj/apps/obds/src/tests/i2c_check_light_sensor_isl29023.o
                0x0000000010005df4                i2c_device_id_check_isl29023
 .text          0x0000000010005edc      0x294 /home/leon/git/swp-report/iMX6_Platform_SDK/output/mx6sdl/obds/evb_rev_a/obj/apps/obds/src/tests/i2c_device_barometer_ppl3115.o
                0x00000000100060b4                i2c_device_id_check_ppl3115
                0x0000000010006144                i2c_device_ppl3115_test
 .text          0x0000000010006170       0x70 /home/leon/git/swp-report/iMX6_Platform_SDK/output/mx6sdl/obds/evb_rev_a/obj/apps/obds/src/tests/i2c_device_check_cs42888.o
                0x0000000010006170                i2c_device_check_cs42888
 .text          0x00000000100061e0      0x1ac /home/leon/git/swp-report/iMX6_Platform_SDK/output/mx6sdl/obds/evb_rev_a/obj/apps/obds/src/tests/i2c_device_digital_compass_mag3110.o
                0x00000000100061e0                mag3110_reg_read
                0x00000000100062f4                i2c_device_id_check_mag3110
 .text          0x000000001000638c      0x1b4 /home/leon/git/swp-report/iMX6_Platform_SDK/output/mx6sdl/obds/evb_rev_a/obj/apps/obds/src/tests/i2c_device_digital_compass_mag3112.o
                0x000000001000638c                mag3112_reg_read
                0x00000000100064a0                i2c_device_id_check_mag3112
 .text          0x0000000010006540      0x954 /home/leon/git/swp-report/iMX6_Platform_SDK/output/mx6sdl/obds/evb_rev_a/obj/apps/obds/src/tests/i2c_device_id_check_mma8450.o
                0x0000000010006718                i2c_device_id_check_MMA8450
                0x00000000100067c4                mma8450_set_config
                0x00000000100068cc                mma8450_get_accel
                0x0000000010006ccc                mma8450_show_accel
 .text          0x0000000010006e94      0x954 /home/leon/git/swp-report/iMX6_Platform_SDK/output/mx6sdl/obds/evb_rev_a/obj/apps/obds/src/tests/i2c_device_id_check_mma8451.o
                0x000000001000706c                i2c_device_id_check_MMA8451
                0x0000000010007118                mma8451_set_config
                0x000000001000722c                mma8451_get_accel
                0x0000000010007620                mma8451_show_accel
 .text          0x00000000100077e8      0x89c /home/leon/git/swp-report/iMX6_Platform_SDK/output/mx6sdl/obds/evb_rev_a/obj/apps/obds/src/tests/i2c_device_id_check_p1003_tsc.o
                0x00000000100077e8                p1003_version_reg_read
                0x0000000010007958                p1003_version_reg_write
                0x0000000010007ad4                i2c_device_id_check_p1003
                0x0000000010007c20                p1003_get_touch
                0x0000000010007e80                p1003_show_touch
 .text          0x0000000010008084      0x6d0 /home/leon/git/swp-report/iMX6_Platform_SDK/output/mx6sdl/obds/evb_rev_a/obj/apps/obds/src/tests/i2c_device_temp_sensor_emc1046.o
                0x00000000100085b4                wait_convertion_done
                0x0000000010008614                i2c_device_id_check_emc1046
                0x0000000010008728                i2c_device_emc1046_test
 .text          0x0000000010008754      0x368 /home/leon/git/swp-report/iMX6_Platform_SDK/output/mx6sdl/obds/evb_rev_a/obj/apps/obds/src/tests/i2c_device_zigbee_mc1323.o
                0x0000000010008994                i2c_device_id_check_mc1323
                0x0000000010008a58                i2c_device_mc1323_test
 .text          0x0000000010008abc      0x3e8 /home/leon/git/swp-report/iMX6_Platform_SDK/output/mx6sdl/obds/evb_rev_a/obj/apps/obds/src/tests/i2c_eeprom_at24cxx_test.o
 .text          0x0000000010008ea4      0x654 /home/leon/git/swp-report/iMX6_Platform_SDK/output/mx6sdl/obds/evb_rev_a/obj/apps/obds/src/tests/imx_spi_nor_test.o
                0x0000000010008ea4                spi_nor_query
                0x0000000010008f04                spi_nor_write
                0x0000000010008f7c                spi_nor_read
                0x0000000010008ff4                spi_nor_erase
                0x0000000010009060                spi_nor_test
 .text          0x00000000100094f8      0x3b4 /home/leon/git/swp-report/iMX6_Platform_SDK/output/mx6sdl/obds/evb_rev_a/obj/apps/obds/src/tests/mlb_os81050.o
                0x00000000100094f8                mlb_io_config
                0x0000000010009508                os81050_i2c_init
                0x0000000010009590                os81050_read_status
                0x00000000100096ec                os81050_get_message
                0x000000001000980c                os81050_test_main
 .text          0x00000000100098ac      0x2b8 /home/leon/git/swp-report/iMX6_Platform_SDK/output/mx6sdl/obds/evb_rev_a/obj/apps/obds/src/tests/mmcsd_test.o
                0x00000000100098ac                mmcsd_test
 .text          0x0000000010009b64      0x654 /home/leon/git/swp-report/iMX6_Platform_SDK/output/mx6sdl/obds/evb_rev_a/obj/apps/obds/src/tests/pmic_da9053.o
                0x0000000010009b64                da9053_i2c_reg
                0x000000001000a0b4                i2c_device_id_check_DA9053
                0x000000001000a16c                pmic_da9053_test
 .text          0x000000001000a1b8     0x1390 /home/leon/git/swp-report/iMX6_Platform_SDK/output/mx6sdl/obds/evb_rev_a/obj/apps/obds/src/tests/pmic_lt3589.o
                0x000000001000a1b8                ltc3589_reg_read
                0x000000001000a2b0                ltc3589_reg_write
                0x000000001000a398                ltc3589_eval
                0x000000001000af48                ltc3589_backlight_en
                0x000000001000b160                ltc3589_camera_power_on
                0x000000001000b32c                sil9024_hdmi_power_on1
                0x000000001000b45c                ltc3589_i2c_device_id_check
                0x000000001000b4fc                pmic_lt3589_test
 .text          0x000000001000b548      0x2f8 /home/leon/git/swp-report/iMX6_Platform_SDK/output/mx6sdl/obds/evb_rev_a/obj/apps/obds/src/tests/pmic_max17135.o
                0x000000001000b548                max17135_reg_read
                0x000000001000b638                max17135_reg_write
                0x000000001000b790                i2c_device_id_check_MAX17135
 .text          0x000000001000b840      0x39c /home/leon/git/swp-report/iMX6_Platform_SDK/output/mx6sdl/obds/evb_rev_a/obj/apps/obds/src/tests/pmic_mc13892.o
                0x000000001000b840                mc13892_i2c_reg
                0x000000001000b880                pmic_open_vgen1
                0x000000001000b968                pmic_open_vusb
                0x000000001000ba34                pmic_open_vsd
                0x000000001000bb50                device_id_check_mc13892
                0x000000001000bb80                pmic_mc13892_test
 .text          0x000000001000bbdc      0x778 /home/leon/git/swp-report/iMX6_Platform_SDK/output/mx6sdl/obds/evb_rev_a/obj/apps/obds/src/tests/program_board_id.o
                0x000000001000bc0c                program_board_id_fuses
                0x000000001000be08                program_board_id
 .text          0x000000001000c354      0x8cc /home/leon/git/swp-report/iMX6_Platform_SDK/output/mx6sdl/obds/evb_rev_a/obj/apps/obds/src/tests/program_mac_address.o
                0x000000001000c384                read_mac_otp_registers
                0x000000001000c440                mac_address_str
                0x000000001000c4e0                program_mac_address_fuses
                0x000000001000c758                program_mac_address
 .text          0x000000001000cc20      0x1fc /home/leon/git/swp-report/iMX6_Platform_SDK/output/mx6sdl/obds/evb_rev_a/obj/apps/obds/src/tests/snvs_srtc_test.o
                0x000000001000cc20                snvs_srtc_test
 .text          0x000000001000ce1c        0x0 /home/leon/git/swp-report/iMX6_Platform_SDK/output/mx6sdl/obds/evb_rev_a/obj/apps/obds/src/tests/touch_button_test.o
 .text          0x000000001000ce1c      0x6d8 /home/leon/git/swp-report/iMX6_Platform_SDK/output/mx6sdl/obds/evb_rev_a/obj/apps/obds/src/tests/touch_screen.o
                0x000000001000ce1c                DA9053_Write
                0x000000001000cf08                DA9053_Read
                0x000000001000cfec                touch_init
                0x000000001000d06c                touch_get_xy_value
                0x000000001000d1a8                touch_detect
                0x000000001000d29c                touch_screen_prompt
                0x000000001000d3c0                touch_screen_test
 .text          0x000000001000d4f4      0xb58 /home/leon/git/swp-report/iMX6_Platform_SDK/output/mx6sdl/obds/evb_rev_a/obj/apps/obds/src/tests/touch_screen_max11801.o
                0x000000001000d8b4                max11801_ts_test
                0x000000001000da0c                max11801_reg_read_single
                0x000000001000db20                max11801_reg_read_multi
                0x000000001000dc2c                max11801_reg_write
                0x000000001000dd08                i2c_device_check_max11801_AUX
                0x000000001000de24                i2c_device_check_max11801
 .text          0x000000001000e04c      0x524 /home/leon/git/swp-report/iMX6_Platform_SDK/output/mx6sdl/obds/evb_rev_a/obj/apps/obds/src/tests/usb_tests_obds.o
                0x000000001000e04c                usbo_dev_enum_test
                0x000000001000e0bc                usbh_dev_enum_test
                0x000000001000e12c                usb_enum_device
 .text          0x000000001000e570      0x140 /home/leon/git/swp-report/iMX6_Platform_SDK/output/mx6sdl/obds/evb_rev_a/obj/apps/obds/src/tests/video_dec_ARD_MB_reset_button.o
                0x000000001000e570                ard_mb_reset_test
 .text          0x000000001000e6b0       0xa0 /home/leon/git/swp-report/iMX6_Platform_SDK/output/mx6sdl/obds/evb_rev_a/obj/apps/obds/src/tests/video_dec_ARD_MBrst_from_cpu_expander.o
                0x000000001000e6b0                ard_mb_expander_reset_test
 .text          0x000000001000e750      0x468 /home/leon/git/swp-report/iMX6_Platform_SDK/output/mx6sdl/obds/evb_rev_a/obj/apps/obds/src/tests/video_dec_adv7180.o
                0x000000001000e750                adv7180_i2c_init_obds
                0x000000001000e7b0                adv7180_reg_read
                0x000000001000e860                adv7180_reg_write
                0x000000001000e918                adv7180_set_tristate_output
                0x000000001000e934                adv7180_i2c_device_id_check
                0x000000001000e990                adv7180_set_gpio_output
                0x000000001000ea1c                adv7180_test_main
 .text          0x000000001000ebb8      0x324 /home/leon/git/swp-report/iMX6_Platform_SDK/output/mx6sdl/obds/evb_rev_a/obj/apps/obds/src/tests/weim_nor_flash_test.o
                0x000000001000ebb8                weim_nor_flash_cs_setup
                0x000000001000ec04                eim_nor_flash_test
                0x000000001000ec74                m29w256gl_auto_manu_id
                0x000000001000ed5c                m29w256gl_auto_dev_id
 .text          0x000000001000eedc       0xfc /home/leon/git/swp-report/iMX6_Platform_SDK/output/mx6sdl/obds/evb_rev_a/obj/sdk/common/ioexpander/test/max7310_test.o
                0x000000001000eedc                max7310_i2c_device_id_check
 .text          0x000000001000efd8      0x478 /home/leon/git/swp-report/iMX6_Platform_SDK/output/mx6sdl/obds/evb_rev_a/obj/sdk/common/pmic/pfuse/pf0100.o
                0x000000001000efd8                pf0100_reg_read
                0x000000001000f0c8                pf0100_reg_write
                0x000000001000f1b8                pf0100_enable_vgen1_1v2
                0x000000001000f208                pf0100_enable_vgen2_1v5
                0x000000001000f258                pf0100_enable_vgen3_1v8
                0x000000001000f2a8                pf0100_enable_vgen4_1v8
                0x000000001000f2f8                pf0100_enable_vgen4_2v5
                0x000000001000f348                pf0100_enable_vgen6_2v8
                0x000000001000f398                pf0100_i2c_device_id_check
 .text          0x000000001000f450      0x438 /home/leon/git/swp-report/iMX6_Platform_SDK/output/mx6sdl/obds/evb_rev_a/obj/sdk/drivers/audio/src/snd_card.o
 .text          0x000000001000f888      0x300 /home/leon/git/swp-report/iMX6_Platform_SDK/output/mx6sdl/obds/evb_rev_a/obj/sdk/drivers/camera/test/adv7180_capture.o
                0x000000001000f888                adv7180_capture
 .text          0x000000001000fb88      0x1fc /home/leon/git/swp-report/iMX6_Platform_SDK/output/mx6sdl/obds/evb_rev_a/obj/sdk/drivers/camera/test/camera_test.o
                0x000000001000fb88                camera_test
 .text          0x000000001000fd84      0x2ec /home/leon/git/swp-report/iMX6_Platform_SDK/output/mx6sdl/obds/evb_rev_a/obj/sdk/drivers/camera/test/csi_test_mode.o
                0x000000001000fd84                csi_test_mode
 .text          0x0000000010010070      0x2b8 /home/leon/git/swp-report/iMX6_Platform_SDK/output/mx6sdl/obds/evb_rev_a/obj/sdk/drivers/camera/test/sensor_capture.o
                0x0000000010010070                sensor_capture
 .text          0x0000000010010328      0x460 /home/leon/git/swp-report/iMX6_Platform_SDK/output/mx6sdl/obds/evb_rev_a/obj/sdk/drivers/epdc/test/epdc_test.o
                0x0000000010010328                epdc_test
                0x0000000010010478                epdc_pvi_svga_sdr_init
                0x0000000010010498                epdc_update_image
                0x00000000100105c4                epdc_send_mode0_to_black_update
                0x0000000010010660                epdc_send_image_update
                0x00000000100106f0                epdc_send_erase_to_color
 .text          0x0000000010010788      0x82c /home/leon/git/swp-report/iMX6_Platform_SDK/output/mx6sdl/obds/evb_rev_a/obj/sdk/drivers/hdmi/test/hdmi_test.o
                0x0000000010010788                hdmi_test
                0x0000000010010af4                init_hdmi_interrupt
                0x0000000010010ba4                hdmi_tx_ISR
                0x0000000010010c34                hdmi_1080P60_video_output
                0x0000000010010df4                hdmi_720P60_video_output
 .text          0x0000000010010fb4      0x520 /home/leon/git/swp-report/iMX6_Platform_SDK/output/mx6sdl/obds/evb_rev_a/obj/sdk/drivers/hdmi/test/init_dma_data.o
                0x0000000010010fb4                init_dma_data
 .text          0x00000000100114d4      0xb98 /home/leon/git/swp-report/iMX6_Platform_SDK/output/mx6sdl/obds/evb_rev_a/obj/sdk/drivers/ipu/test/ips_display.o
                0x00000000100114d4                ips_display_test
                0x0000000010011610                ips_hdmi_stream
                0x0000000010011770                ips_hdmi_720P60_stream
                0x00000000100119d4                ips_hdmi_1080P60_stream
                0x0000000010011bcc                ips_ext_hdmi_transmitter_1080P60_stream
                0x0000000010011d8c                ips_hannstar_xga_yuv_stream
                0x0000000010011fcc                ips_mipi_wvga_rgb_stream
 .text          0x000000001001206c      0x52c /home/leon/git/swp-report/iMX6_Platform_SDK/output/mx6sdl/obds/evb_rev_a/obj/sdk/drivers/ipu/test/ipu_image.o
                0x000000001001206c                load_centralized_image
                0x00000000100121a8                load_foreground_image
                0x00000000100121f4                load_horiz_image
                0x0000000010012358                set_background_margin
                0x0000000010012448                load_vert_image
 .text          0x0000000010012598     0x1058 /home/leon/git/swp-report/iMX6_Platform_SDK/output/mx6sdl/obds/evb_rev_a/obj/sdk/drivers/spi/test/imx_spi_nor_atmel.o
                0x0000000010012598                spi_nor_query_atmel
                0x00000000100126dc                spi_nor_write_atmel
                0x0000000010013094                spi_nor_erase_atmel
                0x0000000010013238                spi_nor_read_atmel
 .text          0x00000000100135f0      0xabc /home/leon/git/swp-report/iMX6_Platform_SDK/output/mx6sdl/obds/evb_rev_a/obj/sdk/drivers/spi/test/spi_nor_numonyx.o
                0x00000000100138c8                spi_nor_query_numonyx
                0x0000000010013994                spi_nor_erase_numonyx
                0x0000000010013a20                spi_nor_read_numonyx
                0x0000000010013c58                spi_nor_write_numonyx
 .text          0x00000000100140ac      0x248 /home/leon/git/swp-report/iMX6_Platform_SDK/output/mx6sdl/obds/evb_rev_a/obj/sdk/drivers/uart/test/uart_test.o
                0x00000000100140ac                uart_interrupt_handler
                0x0000000010014104                uart_test
 .text          0x00000000100142f4     0x3a0c /home/leon/git/swp-report/iMX6_Platform_SDK/output/mx6sdl/obds/evb_rev_a/obj/sdk/drivers/usb/test/usb0_host_test.o
                0x00000000100142f4                usb0_host_test
                0x0000000010014e2c                emuerateDevice
                0x0000000010014fac                usbh_set_device_address
                0x00000000100156d4                usbh_get_dev_desc
                0x0000000010015e28                usbh_get_config_desc
                0x00000000100165c0                usbh_get_interface_desc
                0x0000000010016e34                usbh_set_configuration
                0x0000000010017574                usbh_get_report_desc
 .text          0x0000000010017d00      0x98c /home/leon/git/swp-report/iMX6_Platform_SDK/output/mx6sdl/obds/evb_rev_a/obj/sdk/drivers/usb/test/usb0_host_testmodes_test.o
                0x0000000010017d00                usb0_host_testmodes_test
 .text          0x000000001001868c      0xcdc /home/leon/git/swp-report/iMX6_Platform_SDK/output/mx6sdl/obds/evb_rev_a/obj/sdk/drivers/usdhc/test/usdhc_test.o
                0x000000001001868c                mmc_sd_test
                0x00000000100186c0                usdhc_test
 .text          0x0000000010019368      0x264 /home/leon/git/swp-report/iMX6_Platform_SDK/output/mx6sdl/lib/libsdk.a(max7310.o)
                0x0000000010019368                max7310_reg_read
                0x00000000100193cc                max7310_reg_write
                0x0000000010019438                max7310_init
                0x0000000010019518                max7310_set_gpio_output
 .text          0x00000000100195cc      0xc50 /home/leon/git/swp-report/iMX6_Platform_SDK/output/mx6sdl/lib/libsdk.a(ccm_pll.o)
                0x00000000100195cc                ccm_init
                0x00000000100196f0                get_main_clock
                0x000000001001997c                get_peri_clock
                0x0000000010019b1c                ccm_ccgr_config
                0x0000000010019b84                clock_gating_config
                0x0000000010019fbc                ccm_set_lpm_wakeup_source
                0x000000001001a0b0                ccm_enter_low_power
                0x000000001001a120                ipu_hsp_clk_config
                0x000000001001a140                gpu_clock_config
 .text          0x000000001001a21c      0x164 /home/leon/git/swp-report/iMX6_Platform_SDK/output/mx6sdl/lib/libsdk.a(cortexA9.o)
                0x000000001001a21c                arm_set_interrupt_state
                0x000000001001a240                cpu_get_current
                0x000000001001a24c                enable_neon_fpu
                0x000000001001a268                disable_strict_align_check
                0x000000001001a27c                disable_L1_cache
                0x000000001001a29c                get_arm_private_peripheral_base
                0x000000001001a2a4                arm_unified_tlb_invalidate
                0x000000001001a2b4                arm_unified_tlb_invalidate_is
                0x000000001001a2c4                arm_branch_prediction_enable
                0x000000001001a2d4                arm_branch_prediction_disable
                0x000000001001a2e4                arm_branch_target_cache_invalidate
                0x000000001001a2f0                arm_branch_target_cache_invalidate_is
                0x000000001001a2fc                scu_enable
                0x000000001001a310                scu_join_smp
                0x000000001001a320                scu_leave_smp
                0x000000001001a330                scu_get_cpus_in_smp
                0x000000001001a344                scu_enable_maintenance_broadcast
                0x000000001001a354                scu_disable_maintenance_broadcast
                0x000000001001a364                scu_secure_invalidate
 .text          0x000000001001a380      0x5e0 /home/leon/git/swp-report/iMX6_Platform_SDK/output/mx6sdl/lib/libsdk.a(gic.o)
                0x000000001001a464                gic_enable
                0x000000001001a4c4                gic_set_irq_security
                0x000000001001a56c                gic_enable_irq
                0x000000001001a5e8                gic_set_irq_priority
                0x000000001001a630                gic_set_cpu_target
                0x000000001001a73c                gic_send_sgi
                0x000000001001a790                gic_cpu_enable
                0x000000001001a7f0                gic_set_cpu_priority_mask
                0x000000001001a824                gic_read_irq_ack
                0x000000001001a850                gic_write_end_of_irq
                0x000000001001a880                gic_init
                0x000000001001a924                gic_init_cpu
 .text          0x000000001001a960      0x1b8 /home/leon/git/swp-report/iMX6_Platform_SDK/output/mx6sdl/lib/libsdk.a(interrupt.o)
                0x000000001001a960                IRQ_HDLR
                0x000000001001aa24                disable_interrupt
                0x000000001001aa60                enable_interrupt
                0x000000001001aab8                register_interrupt_routine
                0x000000001001aaec                default_interrupt_routine
 .text          0x000000001001ab18      0x458 /home/leon/git/swp-report/iMX6_Platform_SDK/output/mx6sdl/lib/libsdk.a(mmu.o)
                0x000000001001ab18                mmu_enable
                0x000000001001ab50                mmu_disable
                0x000000001001ab84                mmu_init
                0x000000001001aca0                mmu_map_l1_range
                0x000000001001aeb4                mmu_virtual_to_physical
 .text          0x000000001001af70        0x0 /home/leon/git/swp-report/iMX6_Platform_SDK/output/mx6sdl/lib/libsdk.a(startup.o)
 .text          0x000000001001af70        0x4 /home/leon/git/swp-report/iMX6_Platform_SDK/output/mx6sdl/lib/libsdk.a(vectors.o)
                0x000000001001af70                exception_handler
 .text.vectors  0x000000001001af74       0x48 /home/leon/git/swp-report/iMX6_Platform_SDK/output/mx6sdl/lib/libsdk.a(vectors.o)
                0x000000001001af74                vectors
 .text          0x000000001001afbc      0xc30 /home/leon/git/swp-report/iMX6_Platform_SDK/output/mx6sdl/lib/libsdk.a(menu.o)
                0x000000001001b438                menu_get_indent
                0x000000001001b454                menuitem_cmd_showmenu
                0x000000001001b478                menuitem_cmd_exitmenu
                0x000000001001b49c                menu_append_menuitems
                0x000000001001b5bc                menu_present
                0x000000001001bb3c                menu_print_menuitem
 .text          0x000000001001bbec        0x0 /home/leon/git/swp-report/iMX6_Platform_SDK/output/mx6sdl/lib/libsdk.a(sdk_version.o)
 .text          0x000000001001bbec      0x8fc /home/leon/git/swp-report/iMX6_Platform_SDK/output/mx6sdl/lib/libsdk.a(system_util.o)
                0x000000001001bbec                _sys_exit
                0x000000001001bc08                mybkpt
                0x000000001001bc10                is_input_char
                0x000000001001bd90                read_input_string
                0x000000001001c070                get_input_hex
                0x000000001001c2e8                read_int
                0x000000001001c444                jump_to_sdp
 .text          0x000000001001c4e8       0xdc /home/leon/git/swp-report/iMX6_Platform_SDK/output/mx6sdl/lib/libsdk.a(text_color.o)
                0x000000001001c4e8                printf_color
                0x000000001001c580                get_color_supported
 .text          0x000000001001c5c4      0x40c /home/leon/git/swp-report/iMX6_Platform_SDK/output/mx6sdl/lib/libsdk.a(cs42888.o)
                0x000000001001c70c                cs42888_init
                0x000000001001c744                cs42888_dev_info
                0x000000001001c798                cs42888_config
                0x000000001001c980                cs42888_deinit
 .text          0x000000001001c9d0     0x297c /home/leon/git/swp-report/iMX6_Platform_SDK/output/mx6sdl/lib/libsdk.a(imx-ssi.o)
                0x000000001001e904                ssi_init
                0x000000001001e944                ssi_config
                0x000000001001ee58                ssi_write_fifo
                0x000000001001f050                ssi_read_fifo
                0x000000001001f1fc                ssi_deinit
 .text          0x000000001001f34c      0xdfc /home/leon/git/swp-report/iMX6_Platform_SDK/output/mx6sdl/lib/libsdk.a(imx_esai.o)
                0x000000001001fb94                esai_config
                0x000000001001fefc                esai_init
                0x000000001001ff38                esai_deinit
                0x000000001001ff5c                esai_write_fifo
 .text          0x0000000010020148      0x6fc /home/leon/git/swp-report/iMX6_Platform_SDK/output/mx6sdl/lib/libsdk.a(imx_spdif.o)
                0x00000000100204b4                spdif_init
                0x00000000100204f0                spdif_config
                0x0000000010020724                spdif_write_fifo
                0x0000000010020820                spdif_deinit
 .text          0x0000000010020844     0x1100 /home/leon/git/swp-report/iMX6_Platform_SDK/output/mx6sdl/lib/libsdk.a(sgtl5000.o)
                0x0000000010021240                sgtl5000_init
                0x00000000100217b4                sgtl5000_i2s_config
                0x0000000010021910                sgtl5000_deinit
 .text          0x0000000010021944      0xeac /home/leon/git/swp-report/iMX6_Platform_SDK/output/mx6sdl/lib/libsdk.a(wm8958_dac.o)
                0x0000000010021ae8                WM8958_dump
                0x000000001002202c                WM8958_DAC_configure
                0x000000001002275c                WM8958_DAC_init
                0x00000000100227c4                WM8958_DAC_deinit
 .text          0x00000000100227f0      0xb74 /home/leon/git/swp-report/iMX6_Platform_SDK/output/mx6sdl/lib/libsdk.a(wm8962.o)
                0x0000000010022aec                WM8962_dump
                0x0000000010022b1c                WM8962_DAC_configure
                0x0000000010023244                WM8962_DAC_init
                0x0000000010023338                WM8962_DAC_deinit
 .text          0x0000000010023364      0x7c8 /home/leon/git/swp-report/iMX6_Platform_SDK/output/mx6sdl/lib/libsdk.a(board_id.o)
                0x0000000010023364                chip_name
                0x000000001002347c                chip_revision
                0x0000000010023554                board_name
                0x000000001002365c                board_revision
                0x0000000010023724                board_description
                0x0000000010023844                get_board_id
                0x0000000010023920                show_board_id
 .text          0x0000000010023b2c      0xa88 /home/leon/git/swp-report/iMX6_Platform_SDK/output/mx6sdl/lib/libsdk.a(smd_sensor.o)
                0x0000000010023ec4                sensor_config
                0x0000000010023f00                sensor_search
                0x0000000010024090                sensor_init
                0x0000000010024204                sensor_af_trigger
                0x00000000100242e4                sensor_autofocus_init
                0x0000000010024464                camera_strobeflash_on
                0x0000000010024540                camera_strobeflash_off
 .text          0x00000000100245b4     0x17e0 /home/leon/git/swp-report/iMX6_Platform_SDK/output/mx6sdl/lib/libsdk.a(enet_drv.o)
                0x00000000100245b4                imx_enet_mii_read
                0x00000000100246c4                imx_enet_mii_write
                0x0000000010024b98                enet_phy_rework_ar8031
                0x0000000010024d0c                enet_phy_rework_ksz9021
                0x0000000010024e00                imx_enet_phy_init
                0x0000000010025080                imx_enet_get_phy_status
                0x00000000100253a8                imx_enet_phy_enable_external_loopback
                0x00000000100254c4                imx_enet_poll
                0x00000000100255bc                imx_enet_send
                0x00000000100256d4                imx_enet_recv
                0x00000000100258b0                imx_enet_init
                0x0000000010025a04                imx_enet_start
                0x0000000010025a98                imx_enet_stop
                0x0000000010025adc                imx_enet_isolate_phy
                0x0000000010025b80                imx_enet_unisolate_phy
                0x0000000010025c48                imx_enet_mii_type
 .text          0x0000000010025d94      0xb94 /home/leon/git/swp-report/iMX6_Platform_SDK/output/mx6sdl/lib/libsdk.a(mxc_epdc.o)
                0x0000000010025eb8                epdc_reset
                0x0000000010026060                epdc_set_update_addr
                0x000000001002608c                epdc_set_update_coord
                0x00000000100260c8                epdc_set_update_dimensions
                0x0000000010026104                epdc_submit_update
                0x00000000100261c0                epdc_is_lut_complete
                0x0000000010026220                epdc_clear_lut_complete_irq
                0x0000000010026254                epdc_is_lut_active
                0x00000000100262f0                epdc_any_luts_active
                0x0000000010026340                epdc_any_luts_available
                0x0000000010026384                epdc_get_next_lut
                0x00000000100263b8                epdc_is_working_buffer_busy
                0x0000000010026414                epdc_is_working_buffer_complete
                0x0000000010026460                epdc_is_collision
                0x00000000100264ac                epdc_dump_registers
                0x00000000100265ac                epdc_set_vertical_timing
                0x000000001002660c                epdc_init_settings
                0x00000000100268a8                epdc_buffer_init
                0x0000000010026900                epdc_load_image
 .text          0x0000000010026928     0x1308 /home/leon/git/swp-report/iMX6_Platform_SDK/output/mx6sdl/lib/libsdk.a(gpio.o)
                0x0000000010026958                gpio_get_port_count
                0x0000000010026970                gpio_set_gpio
                0x0000000010026a34                gpio_set_direction
                0x0000000010026c90                gpio_get_direction
                0x0000000010026dd8                gpio_set_level
                0x0000000010027118                gpio_get_level
                0x0000000010027278                gpio_set_interrupt_config
                0x000000001002767c                gpio_set_interrupt_mask
                0x00000000100278c0                gpio_get_interrupt_status
                0x0000000010027a1c                gpio_clear_interrupt
 .text          0x0000000010027c30        0x0 /home/leon/git/swp-report/iMX6_Platform_SDK/output/mx6sdl/lib/libsdk.a(imx6sdl_gpio_map.o)
 .text          0x0000000010027c30     0x1338 /home/leon/git/swp-report/iMX6_Platform_SDK/output/mx6sdl/lib/libsdk.a(hdmi_tx.o)
                0x0000000010027c30                hdmi_config_input_source
                0x0000000010027c70                hdmi_video_sample
                0x0000000010027eb8                update_csc_coeffs
                0x00000000100283cc                hdmi_video_csc
                0x000000001002856c                hdmi_video_packetize
                0x000000001002893c                preamble_filter_set
                0x00000000100289fc                hdmi_av_frame_composer
                0x0000000010028e44                hdmi_tx_hdcp_config
                0x0000000010028eb0                hdmi_config_force_video
                0x0000000010028f08                hdmi_config_forced_pixels
 .text          0x0000000010028f68      0xd24 /home/leon/git/swp-report/iMX6_Platform_SDK/output/mx6sdl/lib/libsdk.a(hdmi_tx_audio.o)
                0x0000000010028f68                hdmi_audio_mute
                0x0000000010028fb8                audio_PacketLayout
                0x0000000010028ff8                audio_DMA_InterruptMask
                0x0000000010029028                audio_DMA_InterruptPolarity
                0x0000000010029058                audio_DMA_ResetFIFO
                0x000000001002907c                audio_clk_N
                0x00000000100290dc                audio_clk_CTS
                0x000000001002917c                audio_ComputeN
                0x00000000100294a4                audio_ComputeCTS
                0x00000000100296d8                audio_DMA_StartAddr
                0x0000000010029750                audio_DMA_StopAddr
                0x00000000100297c8                audio_DMA_LockEnable
                0x0000000010029808                audio_DMA_BurstMode
                0x0000000010029848                audio_DMA_IncrType
                0x0000000010029888                audio_DMA_Threshold
                0x00000000100298b8                audio_DMA_SetCONF1
                0x00000000100298e8                audio_DMA_Start
                0x000000001002990c                audio_Configure
                0x00000000100299c4                Audio_ChannelCount
                0x0000000010029ab4                audio_Configure_DMA
                0x0000000010029c4c                audio_info_config
 .text          0x0000000010029c8c     0x14e8 /home/leon/git/swp-report/iMX6_Platform_SDK/output/mx6sdl/lib/libsdk.a(hdmi_tx_phy.o)
                0x0000000010029c8c                hdmi_phy_int_mask
                0x000000001002b0e0                hdmi_phy_init
 .text          0x000000001002b174     0x1774 /home/leon/git/swp-report/iMX6_Platform_SDK/output/mx6sdl/lib/libsdk.a(imx_i2c.o)
                0x000000001002b1a4                i2c_get_request_instance
                0x000000001002bbfc                i2c_xfer
                0x000000001002c314                i2c_read
                0x000000001002c344                i2c_write
                0x000000001002c374                i2c_setup_interrupt
                0x000000001002c5e0                i2c_init
 .text          0x000000001002c8e8      0x470 /home/leon/git/swp-report/iMX6_Platform_SDK/output/mx6sdl/lib/libsdk.a(ips_disp_panel.o)
                0x000000001002cb7c                search_panel
                0x000000001002cc38                list_panel
                0x000000001002ccd0                get_panel_by_id
 .text          0x000000001002cd58      0xf8c /home/leon/git/swp-report/iMX6_Platform_SDK/output/mx6sdl/lib/libsdk.a(ipu_common.o)
                0x000000001002cd58                need_csc
                0x000000001002cdc0                ipu_write_field
                0x000000001002ce64                ipu_read
                0x000000001002cebc                ipu_write
                0x000000001002cf10                ipu_enable_display
                0x000000001002cf7c                ipu_disable_display
                0x000000001002cffc                ipu_sw_reset
                0x000000001002d0dc                ipu_display_setup
                0x000000001002d250                ipu_dual_display_setup
                0x000000001002d354                ipu_capture_setup
                0x000000001002d798                ipu_capture_streamoff
                0x000000001002d868                ipu_mipi_csi2_setup
                0x000000001002da60                ipu1_ch0_eobnd_isr
                0x000000001002dc3c                ipu_ch0_eobnd_interrupt_register
 .text          0x000000001002dce4      0xcb8 /home/leon/git/swp-report/iMX6_Platform_SDK/output/mx6sdl/lib/libsdk.a(ipu_csi.o)
                0x000000001002dce4                ipu_csi_config
                0x000000001002e328                ipu_smfc_fifo_allocate
                0x000000001002e484                ipu_capture_disp_link
                0x000000001002e5b0                ipu_disable_csi
                0x000000001002e61c                ipu_disable_smfc
                0x000000001002e650                ipu_csi_test_mode_color
 .text          0x000000001002e99c     0x1bdc /home/leon/git/swp-report/iMX6_Platform_SDK/output/mx6sdl/lib/libsdk.a(ipu_dc.o)
                0x000000001002e99c                ipu_dc_config
                0x000000001002ec8c                ipu_dc_write_channel_config
                0x000000001002ef44                ipu_dc_display_config
                0x000000001002f0d8                ipu_dc_map
                0x000000001002f46c                ipu_dc_microcode_config
                0x0000000010030218                ipu_dc_microcode_event
 .text          0x0000000010030578      0xfe4 /home/leon/git/swp-report/iMX6_Platform_SDK/output/mx6sdl/lib/libsdk.a(ipu_di.o)
                0x0000000010030578                ipu_di_config
                0x0000000010030bb4                ipu_di_waveform_config
                0x0000000010030c7c                ipu_di_screen_set
                0x0000000010030d10                ipu_di_pointer_config
                0x0000000010030e60                ipu_di_bsclk_gen
                0x0000000010030f98                ipu_di_sync_config
                0x00000000100312a0                ipu_di_interface_set
 .text          0x000000001003155c      0x3e0 /home/leon/git/swp-report/iMX6_Platform_SDK/output/mx6sdl/lib/libsdk.a(ipu_dmfc.o)
                0x000000001003155c                ipu_dmfc_config
                0x00000000100317f0                ipu_dmfc_alloc
 .text          0x000000001003193c      0x554 /home/leon/git/swp-report/iMX6_Platform_SDK/output/mx6sdl/lib/libsdk.a(ipu_dp.o)
                0x000000001003193c                ipu_dp_config
                0x0000000010031990                ipu_dp_csc_config
                0x0000000010031cec                ipu_dp_fg_config
 .text          0x0000000010031e90     0x2828 /home/leon/git/swp-report/iMX6_Platform_SDK/output/mx6sdl/lib/libsdk.a(ipu_idmac.o)
                0x0000000010031e90                ipu_cpmem_set_field
                0x0000000010031fbc                ipu_cpmem_mod_field
                0x0000000010032148                ipu_cpmem_read_field
                0x00000000100322a4                ipu_channel_buf_ready
                0x000000001003241c                ipu_channel_buf_not_ready
                0x0000000010032594                ipu_idmac_channel_mode_sel
                0x000000001003261c                ipu_idmac_channel_enable
                0x00000000100326a4                ipu_idmac_channel_busy
                0x0000000010032750                ipu_general_idmac_config
                0x0000000010032c34                ipu_disp_bg_idmac_config
                0x0000000010032d1c                ipu_disp_fg_idmac_config
                0x0000000010032e04                ipu_dma_update_buffer
                0x0000000010032ef8                ipu_idmac_chan_cur_buff
                0x0000000010032f8c                ipu_rotate_idmac_config
                0x00000000100330c0                ipu_resize_idmac_config
                0x00000000100331fc                ipu_deinterlace_idmac_config
                0x0000000010033350                ipu_idma_pixel_format_config
 .text          0x00000000100346b8      0x590 /home/leon/git/swp-report/iMX6_Platform_SDK/output/mx6sdl/lib/libsdk.a(ipu_vdi.o)
                0x00000000100346b8                ipu_deinterlace_3_fields
                0x0000000010034708                ipu_vdi_set_top_field_man
                0x000000001003477c                ipu_vdi_set_motion
                0x000000001003487c                ipu_vdi_init
                0x00000000100349c0                ipu_vdi_uninit
                0x0000000010034a08                ips_deinterlace_proc
 .text          0x0000000010034c48      0x4b4 /home/leon/git/swp-report/iMX6_Platform_SDK/output/mx6sdl/lib/libsdk.a(ldb.o)
                0x0000000010034e20                ldb_config
                0x0000000010035058                ldb_set_vs_polarity
 .text          0x00000000100350fc      0x3f8 /home/leon/git/swp-report/iMX6_Platform_SDK/output/mx6sdl/lib/libsdk.a(ocotp.o)
                0x0000000010035168                Delay4Reload
                0x00000000100353ac                ocotp_sense_fuse
                0x000000001003541c                ocotp_fuse_blow_row
                0x000000001003547c                ocotp_reload_otp_shadow_registers
 .text          0x00000000100354f4     0x1328 /home/leon/git/swp-report/iMX6_Platform_SDK/output/mx6sdl/lib/libsdk.a(ecspi.o)
                0x0000000010035ae0                ecspi_configure
                0x0000000010036468                ecspi_open
                0x0000000010036520                ecspi_close
                0x000000001003662c                ecspi_xfer
 .text          0x000000001003681c      0x27c /home/leon/git/swp-report/iMX6_Platform_SDK/output/mx6sdl/lib/libsdk.a(timer.o)
                0x000000001003681c                hal_delay_us
                0x0000000010036888                system_time_init
                0x00000000100369e4                time_get_microseconds
 .text          0x0000000010036a98     0x281c /home/leon/git/swp-report/iMX6_Platform_SDK/output/mx6sdl/lib/libsdk.a(imx_uart.o)
                0x0000000010036a98                uart_get_reffreq
                0x0000000010036b94                uart_putchar
                0x0000000010036ce4                uart_getchar
                0x0000000010036e44                uart_set_FIFO_mode
                0x000000001003796c                uart_set_loopback_mode
                0x0000000010037bc0                uart_setup_interrupt
                0x0000000010037c8c                uart_init
 .text          0x00000000100392b4      0x3a8 /home/leon/git/swp-report/iMX6_Platform_SDK/output/mx6sdl/lib/libsdk.a(usb_common.o)
                0x00000000100392b4                usb_get_port_speed
                0x0000000010039450                swap32
                0x00000000100394cc                get_menu_item
 .text          0x000000001003965c     0x3814 /home/leon/git/swp-report/iMX6_Platform_SDK/output/mx6sdl/lib/libsdk.a(usbh_drv.o)
                0x000000001003965c                usbh_init
                0x000000001003a5f0                usbh_periodic_schedule_init
                0x000000001003be64                usbh_bus_reset
                0x000000001003c16c                usbh_enable_asynchronous_schedule
                0x000000001003c474                usbh_disable_asynchronous_schedule
                0x000000001003c77c                usbh_disable_Periodic_list
                0x000000001003ca84                usbh_qtd_init
                0x000000001003cca4                usbh_qh_init
 .text          0x000000001003ce70     0x1184 /home/leon/git/swp-report/iMX6_Platform_SDK/output/mx6sdl/lib/libsdk.a(usdhc.o)
                0x000000001003d088                set_card_access_mode
                0x000000001003d0c8                read_usdhc_adma_mode
                0x000000001003d0e8                read_usdhc_intr_mode
                0x000000001003d108                card_init
                0x000000001003d2b8                card_emmc_init
                0x000000001003d34c                card_cmd_config
                0x000000001003d460                card_get_cid
                0x000000001003d500                card_enter_trans
                0x000000001003d5dc                card_trans_status
                0x000000001003d6d8                card_get_port
                0x000000001003d7bc                card_set_blklen
                0x000000001003d89c                card_data_read
                0x000000001003db7c                card_data_write
                0x000000001003de70                card_xfer_result
                0x000000001003df64                card_wait_xfer_done
 .text          0x000000001003dff4     0x3478 /home/leon/git/swp-report/iMX6_Platform_SDK/output/mx6sdl/lib/libsdk.a(usdhc_host.o)
                0x000000001003f3cc                usdhc1_isr
                0x000000001003f3e4                usdhc2_isr
                0x000000001003f3fc                usdhc3_isr
                0x000000001003f414                usdhc4_isr
                0x000000001003f42c                host_init
                0x000000001003f45c                host_init_active
                0x000000001003f504                host_send_cmd
                0x000000001003f92c                host_cfg_clock
                0x00000000100400cc                host_set_bus_width
                0x0000000010040104                host_reset
                0x0000000010040234                host_read_response
                0x0000000010040424                host_cfg_block
                0x0000000010040698                host_clear_fifo
                0x0000000010040844                host_setup_adma
                0x0000000010040a64                host_data_read
                0x0000000010040f6c                host_data_write
 .text          0x000000001004146c      0xe08 /home/leon/git/swp-report/iMX6_Platform_SDK/output/mx6sdl/lib/libsdk.a(usdhc_mmc.o)
                0x0000000010041a0c                mmc_init
                0x0000000010041ab0                emmc_init
                0x0000000010041bdc                emmc_print_cfg_info
                0x0000000010041e14                mmc_set_boot_bus_width
                0x0000000010041edc                mmc_set_boot_partition
                0x0000000010041fdc                mmc_set_boot_ack
                0x0000000010042060                mmc_voltage_validation
 .text          0x0000000010042274      0x800 /home/leon/git/swp-report/iMX6_Platform_SDK/output/mx6sdl/lib/libsdk.a(usdhc_sd.o)
                0x0000000010042608                sd_init
                0x00000000100426c0                sd_voltage_validation
 .text          0x0000000010042a74      0x614 /home/leon/git/swp-report/iMX6_Platform_SDK/output/mx6sdl/lib/libsdk.a(adv7180.o)
                0x0000000010042e14                adv7180_init
                0x0000000010042ec8                adv7180_get_std
                0x0000000010042f58                adv7180_is_interlaced_mode
 .text          0x0000000010043088       0x98 /home/leon/git/swp-report/iMX6_Platform_SDK/output/mx6sdl/lib/libsdk.a(arm_abort.o)
                0x0000000010043088                common_abort_handler
                0x00000000100430e8                data_abort_handler
                0x0000000010043100                prefetch_abort_handler
 .text          0x0000000010043120      0x634 /home/leon/git/swp-report/iMX6_Platform_SDK/output/mx6sdl/lib/libsdk.a(armv7_cache.o)
                0x0000000010043120                arm_dcache_state_query
                0x0000000010043160                arm_dcache_enable
                0x00000000100431a8                arm_dcache_disable
                0x00000000100431e0                arm_dcache_invalidate
                0x000000001004327c                arm_dcache_invalidate_line
                0x00000000100432e8                arm_dcache_invalidate_mlines
                0x0000000010043388                arm_dcache_flush
                0x0000000010043424                arm_dcache_flush_line
                0x0000000010043490                arm_dcache_flush_mlines
                0x0000000010043530                arm_icache_state_query
                0x0000000010043570                arm_icache_enable
                0x00000000100435b8                arm_icache_disable
                0x00000000100435f0                arm_icache_invalidate
                0x000000001004361c                arm_icache_invalidate_is
                0x0000000010043648                arm_icache_invalidate_line
                0x00000000100436b4                arm_icache_invalidate_mlines
 .text          0x0000000010043754        0x0 /home/leon/git/swp-report/iMX6_Platform_SDK/output/mx6sdl/lib/libsdk.a(camera_profile.o)
 .text          0x0000000010043754     0x1e94 /home/leon/git/swp-report/iMX6_Platform_SDK/output/mx6sdl/lib/libsdk.a(hdmi_common.o)
                0x0000000010043754                isColorSpaceConversion
                0x0000000010043790                isColorSpaceDecimation
                0x00000000100437cc                isColorSpaceInterpolation
                0x0000000010043820                isPixelRepetition
                0x0000000010043858                hdmi_set_video_mode
 .text          0x00000000100455e8     0x1638 /home/leon/git/swp-report/iMX6_Platform_SDK/output/mx6sdl/lib/libsdk.a(ipu_ic.o)
                0x00000000100455e8                ipu_ic_enable
                0x0000000010045634                ipu_ic_rotation_config
                0x0000000010045840                ipu_ic_resize_config
                0x0000000010045d94                ipu_ic_deinterlace_config
                0x0000000010045f70                ipu_ic_calc_resize_coeffs
                0x0000000010046084                ipu_ic_config_resize_rate
                0x00000000100461ac                ipu_ic_combine_config
                0x0000000010046368                ipu_ic_csc_config
                0x0000000010046a18                ipu_ic_task_enable
 .text          0x0000000010046c20      0x8dc /home/leon/git/swp-report/iMX6_Platform_SDK/output/mx6sdl/lib/libsdk.a(epit.o)
                0x0000000010046c20                epit_reload_counter
                0x0000000010046c80                epit_get_counter_value
                0x0000000010046cdc                epit_set_compare_event
                0x0000000010046d3c                epit_get_compare_event
                0x0000000010046e34                epit_counter_disable
                0x0000000010046ff8                epit_counter_enable
                0x0000000010047254                epit_setup_interrupt
                0x00000000100472e4                epit_init
 .text          0x00000000100474fc      0x2f8 /home/leon/git/swp-report/iMX6_Platform_SDK/output/mx6sdl/lib/libsdk.a(mx6x_usb.o)
                0x00000000100474fc                usbEnableClocks
                0x0000000010047620                usbEnableTransceiver
 .text          0x00000000100477f4      0x4bc /home/leon/git/swp-report/iMX6_Platform_SDK/output/mx6sdl/lib/libsdk.a(abort_handler.o)
                0x00000000100477f4                dump_regs
 .text          0x0000000010047cb0      0x100 /home/leon/git/swp-report/iMX6_Platform_SDK/output/mx6sdl/lib/libboard_evb_rev_a.a(board_audio.o)
                0x0000000010047cb0                SGTL5000PowerUp_and_clockinit
                0x0000000010047cc0                spdif_get_tx_clk_freq
                0x0000000010047cdc                audio_codec_power_on
                0x0000000010047cec                audio_clock_config
                0x0000000010047cfc                spdif_clk_cfg
                0x0000000010047d60                esai_codec_power_on
                0x0000000010047d78                esai_clk_sel_gate_on
 .text          0x0000000010047db0       0x9c /home/leon/git/swp-report/iMX6_Platform_SDK/output/mx6sdl/lib/libboard_evb_rev_a.a(board_buttons.o)
                0x0000000010047db0                android_buttons_iomux_config
 .text          0x0000000010047e4c      0x38c /home/leon/git/swp-report/iMX6_Platform_SDK/output/mx6sdl/lib/libboard_evb_rev_a.a(board_camera.o)
                0x0000000010047e4c                camera_power_on
                0x0000000010047e5c                csi_port0_iomux_config
                0x0000000010047e90                camera_ipu1_iomux_config
                0x000000001004802c                sensor_reset
                0x00000000100480c4                sensor_standby
                0x0000000010048140                sensor_clock_setting
 .text          0x00000000100481d8      0x444 /home/leon/git/swp-report/iMX6_Platform_SDK/output/mx6sdl/lib/libboard_evb_rev_a.a(board_display.o)
                0x00000000100481d8                lvds_power_on
                0x0000000010048238                disable_para_panel
                0x0000000010048288                tftlcd_backlight_en
                0x0000000010048364                tftlcd_reset
                0x00000000100483fc                ldb_clock_config
                0x00000000100484f8                epdc_clock_setting
                0x0000000010048574                epdc_power_supply
 .text          0x000000001004861c      0x200 /home/leon/git/swp-report/iMX6_Platform_SDK/output/mx6sdl/lib/libboard_evb_rev_a.a(board_hdmi.o)
                0x000000001004861c                hdmi_tx_cec_pgm_iomux
                0x0000000010048660                hdmi_tx_ddc_pgm_iomux
                0x00000000100486d8                hdmi_tx_phydtb_pgm_iomux
                0x0000000010048728                hdmi_pgm_iomux
                0x0000000010048748                ext_hdmi_transmitter_power_on
                0x0000000010048758                hdmi_clock_set
 .text          0x000000001004881c        0x0 /home/leon/git/swp-report/iMX6_Platform_SDK/output/mx6sdl/lib/libboard_evb_rev_a.a(board_i2c.o)
 .text          0x000000001004881c       0x80 /home/leon/git/swp-report/iMX6_Platform_SDK/output/mx6sdl/lib/libboard_evb_rev_a.a(board_io_expanders.o)
                0x000000001004881c                board_ioexpander_init
                0x000000001004888c                board_ioexpander_iomux_config
 .text          0x000000001004889c      0x1dc /home/leon/git/swp-report/iMX6_Platform_SDK/output/mx6sdl/lib/libboard_evb_rev_a.a(board_mipi.o)
                0x000000001004889c                mipi_cam_power_on
                0x0000000010048900                mipi_backlight_en
                0x0000000010048930                mipi_display_reset
                0x00000000100489a0                mipi_clock_set
                0x00000000100489d0                mipi_csi2_clock_set
 .text          0x0000000010048a78       0x5c /home/leon/git/swp-report/iMX6_Platform_SDK/output/mx6sdl/lib/libboard_evb_rev_a.a(board_network.o)
                0x0000000010048a78                imx_ar8031_iomux
                0x0000000010048a8c                imx_KSZ9021RN_reset
                0x0000000010048a9c                imx_ar8031_reset
                0x0000000010048aac                imx_enet_iomux
                0x0000000010048ac0                imx_enet_phy_reset
 .text          0x0000000010048ad4      0x128 /home/leon/git/swp-report/iMX6_Platform_SDK/output/mx6sdl/lib/libboard_evb_rev_a.a(board_usb.o)
                0x0000000010048ad4                usbEnableVbus
                0x0000000010048b80                usbDisableVbus
                0x0000000010048bec                reset_usb_hub
 .text          0x0000000010048bfc      0x1a4 /home/leon/git/swp-report/iMX6_Platform_SDK/output/mx6sdl/lib/libboard_evb_rev_a.a(board_usdhc.o)
                0x0000000010048bfc                usdhc_gpio_config
                0x0000000010048c40                usdhc_card_detected
                0x0000000010048cf0                usdhc_write_protected
 .text          0x0000000010048da0        0x0 /home/leon/git/swp-report/iMX6_Platform_SDK/output/mx6sdl/lib/libboard_evb_rev_a.a(hardware_modules.o)
 .text          0x0000000010048da0        0x0 /home/leon/git/swp-report/iMX6_Platform_SDK/output/mx6sdl/lib/libboard_evb_rev_a.a(dcd.o)
 .text          0x0000000010048da0       0x80 /home/leon/git/swp-report/iMX6_Platform_SDK/output/mx6sdl/lib/libboard_evb_rev_a.a(ecspi_iomux_config.o)
                0x0000000010048da0                ecspi_iomux_config
 .text          0x0000000010048e20      0x3bc /home/leon/git/swp-report/iMX6_Platform_SDK/output/mx6sdl/lib/libboard_evb_rev_a.a(enet_iomux_config.o)
                0x0000000010048e20                enet_iomux_config
 .text          0x00000000100491dc      0x280 /home/leon/git/swp-report/iMX6_Platform_SDK/output/mx6sdl/lib/libboard_evb_rev_a.a(esai_iomux_config.o)
                0x00000000100491dc                esai_iomux_config
 .text          0x000000001004945c       0x80 /home/leon/git/swp-report/iMX6_Platform_SDK/output/mx6sdl/lib/libboard_evb_rev_a.a(i2c_iomux_config.o)
                0x000000001004945c                i2c_iomux_config
 .text          0x00000000100494dc      0x2c4 /home/leon/git/swp-report/iMX6_Platform_SDK/output/mx6sdl/lib/libboard_evb_rev_a.a(iomux_config.o)
                0x00000000100494dc                iomux_config
                0x0000000010049560                arm_iomux_config
                0x0000000010049570                asrc_iomux_config
                0x0000000010049580                audmux_iomux_config
                0x0000000010049590                dcic1_iomux_config
                0x00000000100495a0                dcic2_iomux_config
                0x00000000100495b0                ecspi2_iomux_config
                0x00000000100495c0                ecspi3_iomux_config
                0x00000000100495d0                ecspi4_iomux_config
                0x00000000100495e0                eim_iomux_config
                0x00000000100495f0                epdc_iomux_config
                0x0000000010049600                epit1_iomux_config
                0x0000000010049610                epit2_iomux_config
                0x0000000010049620                gpio1_iomux_config
                0x0000000010049630                gpio2_iomux_config
                0x0000000010049640                gpio7_iomux_config
                0x0000000010049650                gpt_iomux_config
                0x0000000010049660                i2c4_iomux_config
                0x0000000010049670                lcd_iomux_config
                0x0000000010049680                ldb_iomux_config
                0x0000000010049690                mipi_csi_iomux_config
                0x00000000100496a0                mipi_dsi_iomux_config
                0x00000000100496b0                mipi_hsi_iomux_config
                0x00000000100496c0                pcie_iomux_config
                0x00000000100496d0                pmu_iomux_config
                0x00000000100496e0                pwm2_iomux_config
                0x00000000100496f0                pwm3_iomux_config
                0x0000000010049700                pwm4_iomux_config
                0x0000000010049710                sdma_iomux_config
                0x0000000010049720                snvs_iomux_config
                0x0000000010049730                src_iomux_config
                0x0000000010049740                uart1_iomux_config
                0x0000000010049750                uart3_iomux_config
                0x0000000010049760                uart5_iomux_config
                0x0000000010049770                wdog1_iomux_config
                0x0000000010049780                wdog2_iomux_config
                0x0000000010049790                xtalosc_iomux_config
 .text          0x00000000100497a0      0x5f8 /home/leon/git/swp-report/iMX6_Platform_SDK/output/mx6sdl/lib/libboard_evb_rev_a.a(ipu1_iomux_config.o)
                0x00000000100497a0                ipu1_iomux_config
 .text          0x0000000010049d98       0x50 /home/leon/git/swp-report/iMX6_Platform_SDK/output/mx6sdl/lib/libboard_evb_rev_a.a(ipu_iomux_config.o)
                0x0000000010049d98                ipu_iomux_config
 .text          0x0000000010049de8      0x148 /home/leon/git/swp-report/iMX6_Platform_SDK/output/mx6sdl/lib/libboard_evb_rev_a.a(kpp_iomux_config.o)
                0x0000000010049de8                kpp_iomux_config
 .text          0x0000000010049f30       0xac /home/leon/git/swp-report/iMX6_Platform_SDK/output/mx6sdl/lib/libboard_evb_rev_a.a(mlb_iomux_config.o)
                0x0000000010049f30                mlb_iomux_config
 .text          0x0000000010049fdc     0x2484 /home/leon/git/swp-report/iMX6_Platform_SDK/output/mx6sdl/lib/libboard_evb_rev_a.a(mmdc_iomux_config.o)
                0x0000000010049fdc                mmdc_iomux_config
 .text          0x000000001004c460       0x34 /home/leon/git/swp-report/iMX6_Platform_SDK/output/mx6sdl/lib/libboard_evb_rev_a.a(pwm1_iomux_config.o)
                0x000000001004c460                pwm1_iomux_config
 .text          0x000000001004c494       0x70 /home/leon/git/swp-report/iMX6_Platform_SDK/output/mx6sdl/lib/libboard_evb_rev_a.a(sjc_iomux_config.o)
                0x000000001004c494                sjc_iomux_config
 .text          0x000000001004c504       0xe0 /home/leon/git/swp-report/iMX6_Platform_SDK/output/mx6sdl/lib/libboard_evb_rev_a.a(spdif_iomux_config.o)
                0x000000001004c504                spdif_iomux_config
 .text          0x000000001004c5e4       0xe0 /home/leon/git/swp-report/iMX6_Platform_SDK/output/mx6sdl/lib/libboard_evb_rev_a.a(uart2_iomux_config.o)
                0x000000001004c5e4                uart2_iomux_config
 .text          0x000000001004c6c4       0x78 /home/leon/git/swp-report/iMX6_Platform_SDK/output/mx6sdl/lib/libboard_evb_rev_a.a(uart4_iomux_config.o)
                0x000000001004c6c4                uart4_iomux_config
 .text          0x000000001004c73c       0x8c /home/leon/git/swp-report/iMX6_Platform_SDK/output/mx6sdl/lib/libboard_evb_rev_a.a(uart_iomux_config.o)
                0x000000001004c73c                uart_iomux_config
 .text          0x000000001004c7c8       0x9c /home/leon/git/swp-report/iMX6_Platform_SDK/output/mx6sdl/lib/libboard_evb_rev_a.a(usb_iomux_config.o)
                0x000000001004c7c8                usb_iomux_config
 .text          0x000000001004c864      0x188 /home/leon/git/swp-report/iMX6_Platform_SDK/output/mx6sdl/lib/libboard_evb_rev_a.a(usdhc1_iomux_config.o)
                0x000000001004c864                usdhc1_iomux_config
 .text          0x000000001004c9ec      0x1ac /home/leon/git/swp-report/iMX6_Platform_SDK/output/mx6sdl/lib/libboard_evb_rev_a.a(usdhc2_iomux_config.o)
                0x000000001004c9ec                usdhc2_iomux_config
 .text          0x000000001004cb98      0x1d0 /home/leon/git/swp-report/iMX6_Platform_SDK/output/mx6sdl/lib/libboard_evb_rev_a.a(usdhc3_iomux_config.o)
                0x000000001004cb98                usdhc3_iomux_config
 .text          0x000000001004cd68      0x188 /home/leon/git/swp-report/iMX6_Platform_SDK/output/mx6sdl/lib/libboard_evb_rev_a.a(usdhc4_iomux_config.o)
                0x000000001004cd68                usdhc4_iomux_config
 .text          0x000000001004cef0       0x80 /home/leon/git/swp-report/iMX6_Platform_SDK/output/mx6sdl/lib/libboard_evb_rev_a.a(usdhc_iomux_config.o)
                0x000000001004cef0                usdhc_iomux_config
 .text          0x000000001004cf70       0x34 /home/leon/git/swp-report/iMX6_Platform_SDK/output/mx6sdl/lib/libboard_evb_rev_a.a(ccm_iomux_config.o)
                0x000000001004cf70                ccm_iomux_config
 .text          0x000000001004cfa4      0x114 /home/leon/git/swp-report/iMX6_Platform_SDK/output/mx6sdl/lib/libboard_evb_rev_a.a(ecspi1_iomux_config.o)
                0x000000001004cfa4                ecspi1_iomux_config
 .text          0x000000001004d0b8       0x68 /home/leon/git/swp-report/iMX6_Platform_SDK/output/mx6sdl/lib/libboard_evb_rev_a.a(flexcan1_iomux_config.o)
                0x000000001004d0b8                flexcan1_iomux_config
 .text          0x000000001004d120       0x68 /home/leon/git/swp-report/iMX6_Platform_SDK/output/mx6sdl/lib/libboard_evb_rev_a.a(flexcan2_iomux_config.o)
                0x000000001004d120                flexcan2_iomux_config
 .text          0x000000001004d188       0x58 /home/leon/git/swp-report/iMX6_Platform_SDK/output/mx6sdl/lib/libboard_evb_rev_a.a(gpio3_iomux_config.o)
                0x000000001004d188                gpio3_iomux_config
 .text          0x000000001004d1e0       0x58 /home/leon/git/swp-report/iMX6_Platform_SDK/output/mx6sdl/lib/libboard_evb_rev_a.a(gpio4_iomux_config.o)
                0x000000001004d1e0                gpio4_iomux_config
 .text          0x000000001004d238       0xa0 /home/leon/git/swp-report/iMX6_Platform_SDK/output/mx6sdl/lib/libboard_evb_rev_a.a(gpio5_iomux_config.o)
                0x000000001004d238                gpio5_iomux_config
 .text          0x000000001004d2d8       0x58 /home/leon/git/swp-report/iMX6_Platform_SDK/output/mx6sdl/lib/libboard_evb_rev_a.a(gpio6_iomux_config.o)
                0x000000001004d2d8                gpio6_iomux_config
 .text          0x000000001004d330      0x2bc /home/leon/git/swp-report/iMX6_Platform_SDK/output/mx6sdl/lib/libboard_evb_rev_a.a(gpmi_iomux_config.o)
                0x000000001004d330                gpmi_iomux_config
 .text          0x000000001004d5ec       0x40 /home/leon/git/swp-report/iMX6_Platform_SDK/output/mx6sdl/lib/libboard_evb_rev_a.a(hdmi_iomux_config.o)
                0x000000001004d5ec                hdmi_iomux_config
 .text          0x000000001004d62c       0x78 /home/leon/git/swp-report/iMX6_Platform_SDK/output/mx6sdl/lib/libboard_evb_rev_a.a(i2c1_iomux_config.o)
                0x000000001004d62c                i2c1_iomux_config
 .text          0x000000001004d6a4       0x78 /home/leon/git/swp-report/iMX6_Platform_SDK/output/mx6sdl/lib/libboard_evb_rev_a.a(i2c2_iomux_config.o)
                0x000000001004d6a4                i2c2_iomux_config
 .text          0x000000001004d71c       0x78 /home/leon/git/swp-report/iMX6_Platform_SDK/output/mx6sdl/lib/libboard_evb_rev_a.a(i2c3_iomux_config.o)
                0x000000001004d71c                i2c3_iomux_config
 .text          0x000000001004d794       0x64 /home/src/arm/target/bin/../arm-none-eabi/lib//libc.a(lib_a-assert.o)
                0x000000001004d794                __assert_func
                0x000000001004d7e8                __assert
 .text          0x000000001004d7f8       0x20 /home/src/arm/target/bin/../arm-none-eabi/lib//libc.a(lib_a-bzero.o)
                0x000000001004d7f8                bzero
 .text          0x000000001004d818       0x70 /home/src/arm/target/bin/../arm-none-eabi/lib//libc.a(lib_a-fiprintf.o)
                0x000000001004d818                _fiprintf_r
                0x000000001004d848                fiprintf
 .text          0x000000001004d888       0x8c /home/src/arm/target/bin/../arm-none-eabi/lib//libc.a(lib_a-fputc.o)
                0x000000001004d888                _fputc_r
                0x000000001004d8cc                fputc
 .text          0x000000001004d914        0x0 /home/src/arm/target/bin/../arm-none-eabi/lib//libc.a(lib_a-impure.o)
 .text          0x000000001004d914       0x88 /home/src/arm/target/bin/../arm-none-eabi/lib//libc.a(lib_a-init.o)
                0x000000001004d914                __libc_init_array
 .text          0x000000001004d99c       0x40 /home/src/arm/target/bin/../arm-none-eabi/lib//libc.a(lib_a-malloc.o)
                0x000000001004d99c                malloc
                0x000000001004d9bc                free
 .text          0x000000001004d9dc      0x72c /home/src/arm/target/bin/../arm-none-eabi/lib//libc.a(lib_a-mallocr.o)
                0x000000001004d9dc                _malloc_r
 .text          0x000000001004e108       0xf0 /home/src/arm/target/bin/../arm-none-eabi/lib//libc.a(lib_a-memcpy-stub.o)
                0x000000001004e108                memcpy
 .text          0x000000001004e1f8       0xf4 /home/src/arm/target/bin/../arm-none-eabi/lib//libc.a(lib_a-memset.o)
                0x000000001004e1f8                memset
 .text          0x000000001004e2ec        0x8 /home/src/arm/target/bin/../arm-none-eabi/lib//libc.a(lib_a-mlock.o)
                0x000000001004e2ec                __malloc_lock
                0x000000001004e2f0                __malloc_unlock
 .text          0x000000001004e2f4       0x74 /home/src/arm/target/bin/../arm-none-eabi/lib//libc.a(lib_a-printf.o)
                0x000000001004e2f4                _printf_r
                0x000000001004e328                printf
 .text          0x000000001004e368      0x158 /home/src/arm/target/bin/../arm-none-eabi/lib//libc.a(lib_a-putc.o)
                0x000000001004e368                _putc_r
                0x000000001004e40c                putc
 .text          0x000000001004e4c0       0x24 /home/src/arm/target/bin/../arm-none-eabi/lib//libc.a(lib_a-realloc.o)
                0x000000001004e4c0                realloc
 .text          0x000000001004e4e4      0x56c /home/src/arm/target/bin/../arm-none-eabi/lib//libc.a(lib_a-reallocr.o)
                0x000000001004e4e4                _realloc_r
 .text          0x000000001004ea50       0x70 /home/src/arm/target/bin/../arm-none-eabi/lib//libc.a(lib_a-rget.o)
                0x000000001004ea50                __srget_r
                0x000000001004eaac                __srget
 .text          0x000000001004eac0       0x44 /home/src/arm/target/bin/../arm-none-eabi/lib//libc.a(lib_a-sbrkr.o)
                0x000000001004eac0                _sbrk_r
 .text          0x000000001004eb04       0xdc /home/src/arm/target/bin/../arm-none-eabi/lib//libc.a(lib_a-sprintf.o)
                0x000000001004eb04                _sprintf_r
                0x000000001004eb6c                sprintf
 .text          0x000000001004ebe0       0x9c /home/src/arm/target/bin/../arm-none-eabi/lib//libc.a(lib_a-strcat.o)
                0x000000001004ebe0                strcat
 .text          0x000000001004ec7c      0x230 /home/src/arm/target/bin/../arm-none-eabi/lib//libc.a(lib_a-strcmp.o)
                0x000000001004ec7c                strcmp
 .text          0x000000001004eeac       0xf0 /home/src/arm/target/bin/../arm-none-eabi/lib//libc.a(lib_a-strcpy.o)
                0x000000001004eeac                strcpy
 .text          0x000000001004ef9c       0x60 /home/src/arm/target/bin/../arm-none-eabi/lib//libc.a(lib_a-strlen.o)
                0x000000001004ef9c                strlen
 .text          0x000000001004effc       0x8c /home/src/arm/target/bin/../arm-none-eabi/lib//libc.a(lib_a-strncasecmp.o)
                0x000000001004effc                strncasecmp
 .text          0x000000001004f088       0x24 /home/src/arm/target/bin/../arm-none-eabi/lib//libc.a(lib_a-strtok.o)
                0x000000001004f088                strtok
 .text          0x000000001004f0ac       0xc8 /home/src/arm/target/bin/../arm-none-eabi/lib//libc.a(lib_a-strtok_r.o)
                0x000000001004f0ac                __strtok_r
                0x000000001004f16c                strtok_r
 .text          0x000000001004f174     0x1d44 /home/src/arm/target/bin/../arm-none-eabi/lib//libc.a(lib_a-svfprintf.o)
                0x000000001004f174                _svfprintf_r
 .text          0x0000000010050eb8      0x9f4 /home/src/arm/target/bin/../arm-none-eabi/lib//libc.a(lib_a-syscalls.o)
                0x0000000010050f6c                initialise_monitor_handles
                0x0000000010051030                _swiread
                0x0000000010051070                _read
                0x0000000010051134                _swilseek
                0x0000000010051240                _lseek
                0x0000000010051260                _swiwrite
                0x00000000100512a0                _write
                0x0000000010051368                _swiopen
                0x0000000010051468                _open
                0x000000001005149c                _swiclose
                0x0000000010051514                _close
                0x0000000010051534                _kill
                0x000000001005156c                _exit
                0x0000000010051594                _getpid
                0x000000001005159c                _sbrk
                0x00000000100515f4                _fstat
                0x0000000010051628                _stat
                0x000000001005167c                _link
                0x0000000010051684                _unlink
                0x00000000100516d8                _raise
                0x00000000100516dc                _gettimeofday
                0x000000001005172c                _times
                0x0000000010051770                _isatty
                0x00000000100517c0                _system
                0x0000000010051844                _rename
 .text          0x00000000100518ac     0x1238 /home/src/arm/target/bin/../arm-none-eabi/lib//libc.a(lib_a-vfiprintf.o)
                0x0000000010051958                __sprint_r
                0x0000000010051970                _vfiprintf_r
                0x00000000100529ec                vfiprintf
 .text          0x0000000010052ae4     0x1e98 /home/src/arm/target/bin/../arm-none-eabi/lib//libc.a(lib_a-vfprintf.o)
                0x0000000010052ae4                _vfprintf_r
                0x0000000010054884                vfprintf
 .text          0x000000001005497c       0x48 /home/src/arm/target/bin/../arm-none-eabi/lib//libc.a(lib_a-vprintf.o)
                0x000000001005497c                vprintf
                0x00000000100549a8                _vprintf_r
 .text          0x00000000100549c4      0x13c /home/src/arm/target/bin/../arm-none-eabi/lib//libc.a(lib_a-wbuf.o)
                0x00000000100549c4                __swbuf_r
                0x0000000010054ae8                __swbuf
 .text          0x0000000010054b00      0x15c /home/src/arm/target/bin/../arm-none-eabi/lib//libc.a(lib_a-wsetup.o)
                0x0000000010054b00                __swsetup_r
 .text          0x0000000010054c5c       0x14 /home/src/arm/target/bin/../arm-none-eabi/lib//libc.a(lib_a-abort.o)
                0x0000000010054c5c                abort
 .text          0x0000000010054c70        0x0 /home/src/arm/target/bin/../arm-none-eabi/lib//libc.a(lib_a-ctype_.o)
 .text          0x0000000010054c70     0x18d8 /home/src/arm/target/bin/../arm-none-eabi/lib//libc.a(lib_a-dtoa.o)
                0x0000000010054e50                _dtoa_r
 .text          0x0000000010056548       0x10 /home/src/arm/target/bin/../arm-none-eabi/lib//libc.a(lib_a-errno.o)
                0x0000000010056548                __errno
 .text          0x0000000010056558      0x2d4 /home/src/arm/target/bin/../arm-none-eabi/lib//libc.a(lib_a-fflush.o)
                0x0000000010056558                __sflush_r
                0x000000001005679c                _fflush_r
                0x00000000100567f0                fflush
 .text          0x000000001005682c      0x354 /home/src/arm/target/bin/../arm-none-eabi/lib//libc.a(lib_a-findfp.o)
                0x000000001005683c                _cleanup_r
                0x0000000010056854                __sfmoreglue
                0x00000000100568a4                _cleanup
                0x00000000100568c8                __sinit
                0x0000000010056a30                __sfp
                0x0000000010056b28                __sfp_lock_acquire
                0x0000000010056b2c                __sfp_lock_release
                0x0000000010056b30                __sinit_lock_acquire
                0x0000000010056b34                __sinit_lock_release
                0x0000000010056b38                __fp_lock_all
                0x0000000010056b5c                __fp_unlock_all
 .text          0x0000000010056b80      0x188 /home/src/arm/target/bin/../arm-none-eabi/lib//libc.a(lib_a-fputwc.o)
                0x0000000010056b80                _fputwc_r
                0x0000000010056cc4                fputwc
 .text          0x0000000010056d08      0x36c /home/src/arm/target/bin/../arm-none-eabi/lib//libc.a(lib_a-freer.o)
                0x0000000010056d08                _malloc_trim_r
                0x0000000010056e08                _free_r
 .text          0x0000000010057074      0x4dc /home/src/arm/target/bin/../arm-none-eabi/lib//libc.a(lib_a-fvwrite.o)
                0x0000000010057074                __sfvwrite_r
 .text          0x0000000010057550      0x110 /home/src/arm/target/bin/../arm-none-eabi/lib//libc.a(lib_a-fwalk.o)
                0x0000000010057550                _fwalk
                0x00000000100575d4                _fwalk_reent
 .text          0x0000000010057660       0xd0 /home/src/arm/target/bin/../arm-none-eabi/lib//libc.a(lib_a-locale.o)
                0x0000000010057660                _setlocale_r
                0x00000000100576d0                __locale_charset
                0x00000000100576dc                __locale_mb_cur_max
                0x00000000100576ec                __locale_msgcharset
                0x00000000100576f8                __locale_cjk_lang
                0x0000000010057700                _localeconv_r
                0x000000001005770c                setlocale
                0x0000000010057724                localeconv
 .text          0x0000000010057730      0x174 /home/src/arm/target/bin/../arm-none-eabi/lib//libc.a(lib_a-makebuf.o)
                0x0000000010057730                __smakebuf_r
 .text          0x00000000100578a4      0x114 /home/src/arm/target/bin/../arm-none-eabi/lib//libc.a(lib_a-memchr-stub.o)
                0x00000000100578a4                memchr
 .text          0x00000000100579b8      0x134 /home/src/arm/target/bin/../arm-none-eabi/lib//libc.a(lib_a-memmove.o)
                0x00000000100579b8                memmove
 .text          0x0000000010057aec      0xd30 /home/src/arm/target/bin/../arm-none-eabi/lib//libc.a(lib_a-mprec.o)
                0x0000000010057aec                _Balloc
                0x0000000010057b78                _Bfree
                0x0000000010057b94                __multadd
                0x0000000010057c70                __s2b
                0x0000000010057d58                __hi0bits
                0x0000000010057db4                __lo0bits
                0x0000000010057e48                __i2b
                0x0000000010057e6c                __multiply
                0x0000000010058054                __pow5mult
                0x0000000010058158                __lshift
                0x0000000010058264                __mcmp
                0x00000000100582c4                __mdiff
                0x0000000010058408                __ulp
                0x000000001005846c                __b2d
                0x0000000010058544                __d2b
                0x0000000010058650                __ratio
                0x00000000100586d8                _mprec_log10
                0x0000000010058730                __copybits
                0x00000000100587a0                __any_on
 .text          0x000000001005881c      0x134 /home/src/arm/target/bin/../arm-none-eabi/lib//libc.a(lib_a-reent.o)
                0x000000001005881c                cleanup_glue
                0x0000000010058848                _reclaim_reent
 .text          0x0000000010058950      0x20c /home/src/arm/target/bin/../arm-none-eabi/lib//libc.a(lib_a-refill.o)
                0x000000001005897c                __srefill_r
 .text          0x0000000010058b5c       0x6c /home/src/arm/target/bin/../arm-none-eabi/lib//libc.a(lib_a-s_fpclassify.o)
                0x0000000010058b5c                __fpclassifyd
 .text          0x0000000010058bc8      0x254 /home/src/arm/target/bin/../arm-none-eabi/lib//libc.a(lib_a-signal.o)
                0x0000000010058bc8                _init_signal_r
                0x0000000010058c2c                _signal_r
                0x0000000010058ca0                _raise_r
                0x0000000010058d38                __sigtramp_r
                0x0000000010058dcc                raise
                0x0000000010058de0                signal
                0x0000000010058df8                _init_signal
                0x0000000010058e08                __sigtramp
 .text          0x0000000010058e1c       0x50 /home/src/arm/target/bin/../arm-none-eabi/lib//libc.a(lib_a-signalr.o)
                0x0000000010058e1c                _kill_r
                0x0000000010058e5c                _getpid_r
 .text          0x0000000010058e6c       0xd8 /home/src/arm/target/bin/../arm-none-eabi/lib//libc.a(lib_a-stdio.o)
                0x0000000010058e6c                __sread
                0x0000000010058ea0                __seofread
                0x0000000010058ea8                __swrite
                0x0000000010058f00                __sseek
                0x0000000010058f30                __sclose
 .text          0x0000000010058f44     0x101c /home/src/arm/target/bin/../arm-none-eabi/lib//libc.a(lib_a-svfiprintf.o)
                0x0000000010058f44                __ssprint_r
                0x00000000100590f0                _svfiprintf_r
 .text          0x0000000010059f60      0x128 /home/src/arm/target/bin/../arm-none-eabi/lib//libc.a(lib_a-wcrtomb.o)
                0x0000000010059f60                _wcrtomb_r
                0x0000000010059ff0                wcrtomb
 .text          0x000000001005a088       0x7c /home/src/arm/target/bin/../arm-none-eabi/lib//libc.a(lib_a-wctomb_r.o)
                0x000000001005a088                __ascii_wctomb
                0x000000001005a0b4                _wctomb_r
 .text          0x000000001005a104       0x44 /home/src/arm/target/bin/../arm-none-eabi/lib//libc.a(lib_a-writer.o)
                0x000000001005a104                _write_r
 .text          0x000000001005a148       0x9c /home/src/arm/target/bin/../arm-none-eabi/lib//libc.a(lib_a-callocr.o)
                0x000000001005a148                _calloc_r
 .text          0x000000001005a1e4       0x3c /home/src/arm/target/bin/../arm-none-eabi/lib//libc.a(lib_a-closer.o)
                0x000000001005a1e4                _close_r
 .text          0x000000001005a220      0x104 /home/src/arm/target/bin/../arm-none-eabi/lib//libc.a(lib_a-fclose.o)
                0x000000001005a220                _fclose_r
                0x000000001005a310                fclose
 .text          0x000000001005a324       0x40 /home/src/arm/target/bin/../arm-none-eabi/lib//libc.a(lib_a-fstatr.o)
                0x000000001005a324                _fstat_r
 .text          0x000000001005a364       0x3c /home/src/arm/target/bin/../arm-none-eabi/lib//libc.a(lib_a-isattyr.o)
                0x000000001005a364                _isatty_r
 .text          0x000000001005a3a0       0x44 /home/src/arm/target/bin/../arm-none-eabi/lib//libc.a(lib_a-lseekr.o)
                0x000000001005a3a0                _lseek_r
 .text          0x000000001005a3e4       0x44 /home/src/arm/target/bin/../arm-none-eabi/lib//libc.a(lib_a-readr.o)
                0x000000001005a3e4                _read_r
 .text          0x000000001005a428      0x114 /home/src/arm/target/bin/../lib/gcc/arm-none-eabi/4.8.2//libgcc.a(_udivsi3.o)
                0x000000001005a428                __udivsi3
                0x000000001005a428                __aeabi_uidiv
                0x000000001005a51c                __aeabi_uidivmod
 .text          0x000000001005a53c      0x148 /home/src/arm/target/bin/../lib/gcc/arm-none-eabi/4.8.2//libgcc.a(_divsi3.o)
                0x000000001005a53c                __aeabi_idiv
                0x000000001005a53c                __divsi3
                0x000000001005a664                __aeabi_idivmod
 .text          0x000000001005a684        0x4 /home/src/arm/target/bin/../lib/gcc/arm-none-eabi/4.8.2//libgcc.a(_dvmd_tls.o)
                0x000000001005a684                __aeabi_ldiv0
                0x000000001005a684                __aeabi_idiv0
 .text          0x000000001005a688      0x41c /home/src/arm/target/bin/../lib/gcc/arm-none-eabi/4.8.2//libgcc.a(_arm_addsubdf3.o)
                0x000000001005a688                __aeabi_drsub
                0x000000001005a690                __aeabi_dsub
                0x000000001005a690                __subdf3
                0x000000001005a694                __adddf3
                0x000000001005a694                __aeabi_dadd
                0x000000001005a9a4                __aeabi_ui2d
                0x000000001005a9a4                __floatunsidf
                0x000000001005a9c8                __floatsidf
                0x000000001005a9c8                __aeabi_i2d
                0x000000001005a9f0                __extendsfdf2
                0x000000001005a9f0                __aeabi_f2d
                0x000000001005aa30                __aeabi_ul2d
                0x000000001005aa30                __floatundidf