Archive member included because of file (symbol)

/home/leon/git/swp-report/iMX6_Platform_SDK/output/mx6sdl/lib/libsdk.a(max7310.o)
                              /home/leon/git/swp-report/iMX6_Platform_SDK/output/mx6sdl/obds/smart_device_rev_a/obj/apps/obds/src/tests/fm_tuner_si476x_test.o (max7310_set_gpio_output)
/home/leon/git/swp-report/iMX6_Platform_SDK/output/mx6sdl/lib/libsdk.a(ccm_pll.o)
                              /home/leon/git/swp-report/iMX6_Platform_SDK/output/mx6sdl/obds/smart_device_rev_a/obj/apps/common/platform_init.o (ccm_init)
/home/leon/git/swp-report/iMX6_Platform_SDK/output/mx6sdl/lib/libsdk.a(cortexA9.o)
                              /home/leon/git/swp-report/iMX6_Platform_SDK/output/mx6sdl/obds/smart_device_rev_a/obj/apps/common/platform_init.o (arm_set_interrupt_state)
/home/leon/git/swp-report/iMX6_Platform_SDK/output/mx6sdl/lib/libsdk.a(gic.o)
                              /home/leon/git/swp-report/iMX6_Platform_SDK/output/mx6sdl/obds/smart_device_rev_a/obj/apps/common/platform_init.o (gic_init)
/home/leon/git/swp-report/iMX6_Platform_SDK/output/mx6sdl/lib/libsdk.a(interrupt.o)
                              /home/leon/git/swp-report/iMX6_Platform_SDK/output/mx6sdl/obds/smart_device_rev_a/obj/sdk/drivers/hdmi/test/hdmi_test.o (disable_interrupt)
/home/leon/git/swp-report/iMX6_Platform_SDK/output/mx6sdl/lib/libsdk.a(mmu.o)
                              /home/leon/git/swp-report/iMX6_Platform_SDK/output/mx6sdl/obds/smart_device_rev_a/obj/apps/common/platform_init.o (mmu_init)
/home/leon/git/swp-report/iMX6_Platform_SDK/output/mx6sdl/lib/libsdk.a(startup.o)
                              (_start)
/home/leon/git/swp-report/iMX6_Platform_SDK/output/mx6sdl/lib/libsdk.a(vectors.o)
                              /home/leon/git/swp-report/iMX6_Platform_SDK/output/mx6sdl/lib/libsdk.a(startup.o) (vectors)
/home/leon/git/swp-report/iMX6_Platform_SDK/output/mx6sdl/lib/libsdk.a(menu.o)
                              /home/leon/git/swp-report/iMX6_Platform_SDK/output/mx6sdl/obds/smart_device_rev_a/obj/apps/obds/src/obds.o (menu_get_indent)
/home/leon/git/swp-report/iMX6_Platform_SDK/output/mx6sdl/lib/libsdk.a(sdk_version.o)
                              /home/leon/git/swp-report/iMX6_Platform_SDK/output/mx6sdl/obds/smart_device_rev_a/obj/apps/common/print_version.o (k_sdk_version)
/home/leon/git/swp-report/iMX6_Platform_SDK/output/mx6sdl/lib/libsdk.a(system_util.o)
                              /home/leon/git/swp-report/iMX6_Platform_SDK/output/mx6sdl/lib/libsdk.a(startup.o) (_sys_exit)
/home/leon/git/swp-report/iMX6_Platform_SDK/output/mx6sdl/lib/libsdk.a(text_color.o)
                              /home/leon/git/swp-report/iMX6_Platform_SDK/output/mx6sdl/obds/smart_device_rev_a/obj/apps/obds/src/obds.o (g_TextAttributeDefault)
/home/leon/git/swp-report/iMX6_Platform_SDK/output/mx6sdl/lib/libsdk.a(cs42888.o)
                              /home/leon/git/swp-report/iMX6_Platform_SDK/output/mx6sdl/obds/smart_device_rev_a/obj/apps/obds/src/tests/i2c_device_check_cs42888.o (cs42888_init)
/home/leon/git/swp-report/iMX6_Platform_SDK/output/mx6sdl/lib/libsdk.a(imx-ssi.o)
                              /home/leon/git/swp-report/iMX6_Platform_SDK/output/mx6sdl/obds/smart_device_rev_a/obj/sdk/drivers/audio/src/snd_card.o (imx_ssi_2)
/home/leon/git/swp-report/iMX6_Platform_SDK/output/mx6sdl/lib/libsdk.a(imx_audmux.o)
                              /home/leon/git/swp-report/iMX6_Platform_SDK/output/mx6sdl/obds/smart_device_rev_a/obj/apps/obds/src/tests/audio_ssi_test.o (audmux_route)
/home/leon/git/swp-report/iMX6_Platform_SDK/output/mx6sdl/lib/libsdk.a(imx_esai.o)
                              /home/leon/git/swp-report/iMX6_Platform_SDK/output/mx6sdl/obds/smart_device_rev_a/obj/sdk/drivers/audio/src/snd_card.o (imx_esai_1)
/home/leon/git/swp-report/iMX6_Platform_SDK/output/mx6sdl/lib/libsdk.a(imx_spdif.o)
                              /home/leon/git/swp-report/iMX6_Platform_SDK/output/mx6sdl/obds/smart_device_rev_a/obj/sdk/drivers/audio/src/snd_card.o (imx_spdif)
/home/leon/git/swp-report/iMX6_Platform_SDK/output/mx6sdl/lib/libsdk.a(sgtl5000.o)
                              /home/leon/git/swp-report/iMX6_Platform_SDK/output/mx6sdl/obds/smart_device_rev_a/obj/sdk/drivers/audio/src/snd_card.o (sgtl5000)
/home/leon/git/swp-report/iMX6_Platform_SDK/output/mx6sdl/lib/libsdk.a(wm8958_dac.o)
                              /home/leon/git/swp-report/iMX6_Platform_SDK/output/mx6sdl/obds/smart_device_rev_a/obj/sdk/drivers/audio/src/snd_card.o (wm8958)
/home/leon/git/swp-report/iMX6_Platform_SDK/output/mx6sdl/lib/libsdk.a(wm8962.o)
                              /home/leon/git/swp-report/iMX6_Platform_SDK/output/mx6sdl/obds/smart_device_rev_a/obj/sdk/drivers/audio/src/snd_card.o (wm8962)
/home/leon/git/swp-report/iMX6_Platform_SDK/output/mx6sdl/lib/libsdk.a(board_id.o)
                              /home/leon/git/swp-report/iMX6_Platform_SDK/output/mx6sdl/obds/smart_device_rev_a/obj/apps/common/print_version.o (chip_name)
[...]
Memory Configuration

Name             Origin             Length             Attributes
OCRAM            0x0000000000900000 0x0000000000020000 xrw
DDR              0x0000000010000000 0x0000000040000000 xrw
*default*        0x0000000000000000 0xffffffffffffffff

Linker script and memory map

LOAD /home/src/arm/target/bin/../lib/gcc/arm-none-eabi/4.8.2//crtbegin.o
LOAD /home/src/arm/target/bin/../lib/gcc/arm-none-eabi/4.8.2//crti.o
LOAD /home/src/arm/target/bin/../lib/gcc/arm-none-eabi/4.8.2//crtend.o
LOAD /home/src/arm/target/bin/../lib/gcc/arm-none-eabi/4.8.2//crtn.o

.l1_page_table  0x0000000000900000     0x4000
                0x0000000000900000                __l1_page_table_start = .
                0x0000000000904000                . = (. + 0x4000)
 *fill*         0x0000000000900000     0x4000 

.heap.ocram     0x0000000000904000    0x1bfb8
                0x0000000000904000                __heap_ocram_start = .
                0x000000000091ffb8                . = (. + 0x1bfb8)
 *fill*         0x0000000000904000    0x1bfb8 
                0x000000000091ffb8                __heap_ocram_end = .

.ram_vectors    0x000000000091ffb8       0x48
                0x000000000091ffb8                __ram_vectors_start = .
                0x0000000000920000                . = (. + 0x48)
 *fill*         0x000000000091ffb8       0x48 
                0x0000000000920000                __ram_vectors_end = .
                0x0000000010000000                _start_image_add = ORIGIN (DDR)

.ivt            0x0000000010000000      0x420
                0x0000000010000400                . = (. + 0x400)
 *fill*         0x0000000010000000      0x400 
 *(.ivt)
 .ivt           0x0000000010000400       0x20 /home/leon/git/swp-report/iMX6_Platform_SDK/output/mx6sdl/obds/smart_device_rev_a/obj/apps/common/ivt.o
                0x0000000010000400                input_ivt

.boot_data      0x0000000010000420        0xc
                0x0000000010000420                __start_boot_data = .
 *(.boot_data)
 .boot_data     0x0000000010000420        0xc /home/leon/git/swp-report/iMX6_Platform_SDK/output/mx6sdl/obds/smart_device_rev_a/obj/apps/common/ivt.o
                0x0000000010000420                bd

.dcd_hdr        0x0000000010000430        0x4
                0x0000000010000430                __start_dcd = .
 *(.dcd_hdr)
 .dcd_hdr       0x0000000010000430        0x4 /home/leon/git/swp-report/iMX6_Platform_SDK/output/mx6sdl/lib/libboard_smart_device_rev_a.a(dcd.o)
                0x0000000010000430                input_dcd_hdr

.dcd_wrt_cmd    0x0000000010000434        0x4
 *(.dcd_wrt_cmd)
 .dcd_wrt_cmd   0x0000000010000434        0x4 /home/leon/git/swp-report/iMX6_Platform_SDK/output/mx6sdl/lib/libboard_smart_device_rev_a.a(dcd.o)
                0x0000000010000434                input_dcd_wrt_cmd

.dcd_data       0x0000000010000438      0x298
 *(.dcd_data)
 .dcd_data      0x0000000010000438      0x298 /home/leon/git/swp-report/iMX6_Platform_SDK/output/mx6sdl/lib/libboard_smart_device_rev_a.a(dcd.o)
                0x0000000010000438                input_dcd

.text           0x00000000100006d0    0x5c280
 CREATE_OBJECT_SYMBOLS
 *(.startup)
 .startup       0x00000000100006d0      0x138 /home/leon/git/swp-report/iMX6_Platform_SDK/output/mx6sdl/lib/libsdk.a(startup.o)
                0x00000000100006d0                _start
 *(.text .text.* .gnu.linkonce.t.*)
 .text          0x0000000010000808      0x128 /home/src/arm/target/bin/../lib/gcc/arm-none-eabi/4.8.2//crtbegin.o
 .text          0x0000000010000930        0x0 /home/src/arm/target/bin/../lib/gcc/arm-none-eabi/4.8.2//crti.o
 .text          0x0000000010000930        0x0 /home/src/arm/target/bin/../lib/gcc/arm-none-eabi/4.8.2//crtend.o
 .text          0x0000000010000930        0x0 /home/src/arm/target/bin/../lib/gcc/arm-none-eabi/4.8.2//crtn.o
 .text          0x0000000010000930        0x0 /home/leon/git/swp-report/iMX6_Platform_SDK/output/mx6sdl/obds/smart_device_rev_a/obj/apps/common/ivt.o
 .text          0x0000000010000930       0xbc /home/leon/git/swp-report/iMX6_Platform_SDK/output/mx6sdl/obds/smart_device_rev_a/obj/apps/common/platform_init.o
                0x0000000010000930                platform_init
 .text          0x00000000100009ec       0xfc /home/leon/git/swp-report/iMX6_Platform_SDK/output/mx6sdl/obds/smart_device_rev_a/obj/apps/common/print_clock_info.o
                0x00000000100009ec                show_freq
                0x0000000010000ad8                show_ddr_config
 .text          0x0000000010000ae8      0x15c /home/leon/git/swp-report/iMX6_Platform_SDK/output/mx6sdl/obds/smart_device_rev_a/obj/apps/common/print_version.o
                0x0000000010000ae8                print_version
 .text          0x0000000010000c44     0x10a8 /home/leon/git/swp-report/iMX6_Platform_SDK/output/mx6sdl/obds/smart_device_rev_a/obj/apps/obds/src/obds.o
                0x0000000010000c44                main
                0x0000000010000fa8                free_test_results
                0x0000000010001040                printf_hook
                0x000000001000120c                prompt_run_test
                0x00000000100012b0                print_test_passed
                0x00000000100012fc                print_test_skipped
                0x0000000010001348                print_test_failed
                0x00000000100013a0                print_test_not_implemented
                0x00000000100013f8                run_test
                0x0000000010001644                report_test_results
                0x0000000010001a0c                run_all_tests
                0x0000000010001bf8                select_tests
 .text          0x0000000010001cec      0x778 /home/leon/git/swp-report/iMX6_Platform_SDK/output/mx6sdl/obds/smart_device_rev_a/obj/apps/obds/src/obds_utils.o
                0x0000000010001cec                show_boot_switch_info
 .text          0x0000000010002464      0x330 /home/leon/git/swp-report/iMX6_Platform_SDK/output/mx6sdl/obds/smart_device_rev_a/obj/apps/obds/src/tests/android_buttons_test.o
                0x0000000010002464                configure_android_button
                0x00000000100024cc                init_android_buttons
                0x000000001000251c                check_android_button_status
                0x0000000010002668                android_buttons_test
 .text          0x0000000010002794      0xe08 /home/leon/git/swp-report/iMX6_Platform_SDK/output/mx6sdl/obds/smart_device_rev_a/obj/apps/obds/src/tests/audio_esai_test.o
                0x0000000010002794                esai_test
 .text          0x000000001000359c      0x3f8 /home/leon/git/swp-report/iMX6_Platform_SDK/output/mx6sdl/obds/smart_device_rev_a/obj/apps/obds/src/tests/audio_ssi_test.o
                0x000000001000359c                audio_test_init
                0x00000000100036d8                i2s_audio_test
 .text          0x0000000010003994      0x610 /home/leon/git/swp-report/iMX6_Platform_SDK/output/mx6sdl/obds/smart_device_rev_a/obj/apps/obds/src/tests/ddr_test.o
                0x0000000010003994                get_ddr_density
                0x0000000010003a58                ddr_test
 .text          0x0000000010003fa4      0x2e4 /home/leon/git/swp-report/iMX6_Platform_SDK/output/mx6sdl/obds/smart_device_rev_a/obj/apps/obds/src/tests/deserializer_ds90ur124.o
                0x0000000010003fa4                deserializer_io_config
                0x0000000010003fb8                ds90ur124_init
                0x0000000010003fec                ds90ur124_receive_cnx_test
                0x00000000100041b0                ds90ur124_test_main
 .text          0x0000000010004288      0x744 /home/leon/git/swp-report/iMX6_Platform_SDK/output/mx6sdl/obds/smart_device_rev_a/obj/apps/obds/src/tests/display_test.o
                0x0000000010004288                hdmi_720p_init
                0x000000001000481c                ipu_display_test_main
 .text          0x00000000100049cc      0x970 /home/leon/git/swp-report/iMX6_Platform_SDK/output/mx6sdl/obds/smart_device_rev_a/obj/apps/obds/src/tests/enet_mx6dldq_test.o
                0x0000000010004b58                enet_test_main
                0x0000000010004df8                ar8031_test_main
                0x00000000100050a8                KSZ9021RN_test_main
 .text          0x000000001000533c       0x64 /home/leon/git/swp-report/iMX6_Platform_SDK/output/mx6sdl/obds/smart_device_rev_a/obj/apps/obds/src/tests/flexcan_test.o
                0x000000001000533c                flexcan_test
 .text          0x00000000100053a0      0x278 /home/leon/git/swp-report/iMX6_Platform_SDK/output/mx6sdl/obds/smart_device_rev_a/obj/apps/obds/src/tests/fm_tuner_si476x_test.o
                0x0000000010005584                si476x_test_main
 .text          0x0000000010005618      0x1d4 /home/leon/git/swp-report/iMX6_Platform_SDK/output/mx6sdl/obds/smart_device_rev_a/obj/apps/obds/src/tests/gpio_led.o
                0x0000000010005618                gpio_led_test
 .text          0x00000000100057ec       0xd4 /home/leon/git/swp-report/iMX6_Platform_SDK/output/mx6sdl/obds/smart_device_rev_a/obj/apps/obds/src/tests/gps_test.o
                0x00000000100057ec                gps_test
 .text          0x00000000100058c0      0x618 /home/leon/git/swp-report/iMX6_Platform_SDK/output/mx6sdl/obds/smart_device_rev_a/obj/apps/obds/src/tests/i2c_check_light_sensor_isl29023.o
                0x0000000010005da8                i2c_device_id_check_isl29023
 .text          0x0000000010005ed8      0x2dc /home/leon/git/swp-report/iMX6_Platform_SDK/output/mx6sdl/obds/smart_device_rev_a/obj/apps/obds/src/tests/i2c_device_barometer_ppl3115.o
                0x00000000100060b0                i2c_device_id_check_ppl3115
                0x0000000010006140                i2c_device_ppl3115_test
 .text          0x00000000100061b4       0x70 /home/leon/git/swp-report/iMX6_Platform_SDK/output/mx6sdl/obds/smart_device_rev_a/obj/apps/obds/src/tests/i2c_device_check_cs42888.o
                0x00000000100061b4                i2c_device_check_cs42888
 .text          0x0000000010006224      0x1f4 /home/leon/git/swp-report/iMX6_Platform_SDK/output/mx6sdl/obds/smart_device_rev_a/obj/apps/obds/src/tests/i2c_device_digital_compass_mag3110.o
                0x0000000010006224                mag3110_reg_read
                0x0000000010006338                i2c_device_id_check_mag3110
 .text          0x0000000010006418      0x1fc /home/leon/git/swp-report/iMX6_Platform_SDK/output/mx6sdl/obds/smart_device_rev_a/obj/apps/obds/src/tests/i2c_device_digital_compass_mag3112.o
                0x0000000010006418                mag3112_reg_read
                0x000000001000652c                i2c_device_id_check_mag3112
 .text          0x0000000010006614      0x99c /home/leon/git/swp-report/iMX6_Platform_SDK/output/mx6sdl/obds/smart_device_rev_a/obj/apps/obds/src/tests/i2c_device_id_check_mma8450.o
                0x00000000100067ec                i2c_device_id_check_MMA8450
                0x00000000100068e0                mma8450_set_config
                0x00000000100069e8                mma8450_get_accel
                0x0000000010006de8                mma8450_show_accel
 .text          0x0000000010006fb0      0x9d0 /home/leon/git/swp-report/iMX6_Platform_SDK/output/mx6sdl/obds/smart_device_rev_a/obj/apps/obds/src/tests/i2c_device_id_check_mma8451.o
                0x0000000010007188                i2c_device_id_check_MMA8451
                0x00000000100072b0                mma8451_set_config
                0x00000000100073c4                mma8451_get_accel
                0x00000000100077b8                mma8451_show_accel
 .text          0x0000000010007980      0x89c /home/leon/git/swp-report/iMX6_Platform_SDK/output/mx6sdl/obds/smart_device_rev_a/obj/apps/obds/src/tests/i2c_device_id_check_p1003_tsc.o
                0x0000000010007980                p1003_version_reg_read
                0x0000000010007af0                p1003_version_reg_write
                0x0000000010007c6c                i2c_device_id_check_p1003
                0x0000000010007db8                p1003_get_touch
                0x0000000010008018                p1003_show_touch
 .text          0x000000001000821c      0x718 /home/leon/git/swp-report/iMX6_Platform_SDK/output/mx6sdl/obds/smart_device_rev_a/obj/apps/obds/src/tests/i2c_device_temp_sensor_emc1046.o
                0x000000001000874c                wait_convertion_done
                0x00000000100087ac                i2c_device_id_check_emc1046
                0x00000000100088c0                i2c_device_emc1046_test
 .text          0x0000000010008934      0x368 /home/leon/git/swp-report/iMX6_Platform_SDK/output/mx6sdl/obds/smart_device_rev_a/obj/apps/obds/src/tests/i2c_device_zigbee_mc1323.o
                0x0000000010008b74                i2c_device_id_check_mc1323
                0x0000000010008c38                i2c_device_mc1323_test
 .text          0x0000000010008c9c      0x358 /home/leon/git/swp-report/iMX6_Platform_SDK/output/mx6sdl/obds/smart_device_rev_a/obj/apps/obds/src/tests/i2c_eeprom_at24cxx_test.o
 .text          0x0000000010008ff4      0x654 /home/leon/git/swp-report/iMX6_Platform_SDK/output/mx6sdl/obds/smart_device_rev_a/obj/apps/obds/src/tests/imx_spi_nor_test.o
                0x0000000010008ff4                spi_nor_query
                0x0000000010009054                spi_nor_write
                0x00000000100090cc                spi_nor_read
                0x0000000010009144                spi_nor_erase
                0x00000000100091b0                spi_nor_test
 .text          0x0000000010009648      0x3b4 /home/leon/git/swp-report/iMX6_Platform_SDK/output/mx6sdl/obds/smart_device_rev_a/obj/apps/obds/src/tests/mlb_os81050.o
                0x0000000010009648                mlb_io_config
                0x0000000010009658                os81050_i2c_init
                0x00000000100096e0                os81050_read_status
                0x000000001000983c                os81050_get_message
                0x000000001000995c                os81050_test_main
 .text          0x00000000100099fc      0x26c /home/leon/git/swp-report/iMX6_Platform_SDK/output/mx6sdl/obds/smart_device_rev_a/obj/apps/obds/src/tests/mmcsd_test.o
                0x00000000100099fc                mmcsd_test
 .text          0x0000000010009c68      0x654 /home/leon/git/swp-report/iMX6_Platform_SDK/output/mx6sdl/obds/smart_device_rev_a/obj/apps/obds/src/tests/pmic_da9053.o
                0x0000000010009c68                da9053_i2c_reg
                0x000000001000a1b8                i2c_device_id_check_DA9053
                0x000000001000a270                pmic_da9053_test
 .text          0x000000001000a2bc     0x1390 /home/leon/git/swp-report/iMX6_Platform_SDK/output/mx6sdl/obds/smart_device_rev_a/obj/apps/obds/src/tests/pmic_lt3589.o
                0x000000001000a2bc                ltc3589_reg_read
                0x000000001000a3b4                ltc3589_reg_write
                0x000000001000a49c                ltc3589_eval
                0x000000001000b04c                ltc3589_backlight_en
                0x000000001000b264                ltc3589_camera_power_on
                0x000000001000b430                sil9024_hdmi_power_on1
                0x000000001000b560                ltc3589_i2c_device_id_check
                0x000000001000b600                pmic_lt3589_test
 .text          0x000000001000b64c      0x2f8 /home/leon/git/swp-report/iMX6_Platform_SDK/output/mx6sdl/obds/smart_device_rev_a/obj/apps/obds/src/tests/pmic_max17135.o
                0x000000001000b64c                max17135_reg_read
                0x000000001000b73c                max17135_reg_write
                0x000000001000b894                i2c_device_id_check_MAX17135
 .text          0x000000001000b944      0x39c /home/leon/git/swp-report/iMX6_Platform_SDK/output/mx6sdl/obds/smart_device_rev_a/obj/apps/obds/src/tests/pmic_mc13892.o
                0x000000001000b944                mc13892_i2c_reg
                0x000000001000b984                pmic_open_vgen1
                0x000000001000ba6c                pmic_open_vusb
                0x000000001000bb38                pmic_open_vsd
                0x000000001000bc54                device_id_check_mc13892
                0x000000001000bc84                pmic_mc13892_test
 .text          0x000000001000bce0      0x778 /home/leon/git/swp-report/iMX6_Platform_SDK/output/mx6sdl/obds/smart_device_rev_a/obj/apps/obds/src/tests/program_board_id.o
                0x000000001000bd10                program_board_id_fuses
                0x000000001000bf0c                program_board_id
 .text          0x000000001000c458      0x8cc /home/leon/git/swp-report/iMX6_Platform_SDK/output/mx6sdl/obds/smart_device_rev_a/obj/apps/obds/src/tests/program_mac_address.o
                0x000000001000c488                read_mac_otp_registers
                0x000000001000c544                mac_address_str
                0x000000001000c5e4                program_mac_address_fuses
                0x000000001000c85c                program_mac_address
 .text          0x000000001000cd24      0x1fc /home/leon/git/swp-report/iMX6_Platform_SDK/output/mx6sdl/obds/smart_device_rev_a/obj/apps/obds/src/tests/snvs_srtc_test.o
                0x000000001000cd24                snvs_srtc_test
 .text          0x000000001000cf20      0x658 /home/leon/git/swp-report/iMX6_Platform_SDK/output/mx6sdl/obds/smart_device_rev_a/obj/apps/obds/src/tests/touch_button_test.o
                0x000000001000d0f8                i2c_device_id_check_touch_button
                0x000000001000d36c                touch_button_test
 .text          0x000000001000d578      0x6d8 /home/leon/git/swp-report/iMX6_Platform_SDK/output/mx6sdl/obds/smart_device_rev_a/obj/apps/obds/src/tests/touch_screen.o
                0x000000001000d578                DA9053_Write
                0x000000001000d664                DA9053_Read
                0x000000001000d748                touch_init
                0x000000001000d7c8                touch_get_xy_value
                0x000000001000d904                touch_detect
                0x000000001000d9f8                touch_screen_prompt
                0x000000001000db1c                touch_screen_test
 .text          0x000000001000dc50      0xb58 /home/leon/git/swp-report/iMX6_Platform_SDK/output/mx6sdl/obds/smart_device_rev_a/obj/apps/obds/src/tests/touch_screen_max11801.o
                0x000000001000e010                max11801_ts_test
                0x000000001000e168                max11801_reg_read_single
                0x000000001000e27c                max11801_reg_read_multi
                0x000000001000e388                max11801_reg_write
                0x000000001000e464                i2c_device_check_max11801_AUX
                0x000000001000e580                i2c_device_check_max11801
 .text          0x000000001000e7a8      0x524 /home/leon/git/swp-report/iMX6_Platform_SDK/output/mx6sdl/obds/smart_device_rev_a/obj/apps/obds/src/tests/usb_tests_obds.o
                0x000000001000e7a8                usbo_dev_enum_test
                0x000000001000e818                usbh_dev_enum_test
                0x000000001000e888                usb_enum_device
 .text          0x000000001000eccc      0x140 /home/leon/git/swp-report/iMX6_Platform_SDK/output/mx6sdl/obds/smart_device_rev_a/obj/apps/obds/src/tests/video_dec_ARD_MB_reset_button.o
                0x000000001000eccc                ard_mb_reset_test
 .text          0x000000001000ee0c       0xa0 /home/leon/git/swp-report/iMX6_Platform_SDK/output/mx6sdl/obds/smart_device_rev_a/obj/apps/obds/src/tests/video_dec_ARD_MBrst_from_cpu_expander.o
                0x000000001000ee0c                ard_mb_expander_reset_test
 .text          0x000000001000eeac      0x468 /home/leon/git/swp-report/iMX6_Platform_SDK/output/mx6sdl/obds/smart_device_rev_a/obj/apps/obds/src/tests/video_dec_adv7180.o
                0x000000001000eeac                adv7180_i2c_init_obds
                0x000000001000ef0c                adv7180_reg_read
                0x000000001000efbc                adv7180_reg_write
                0x000000001000f074                adv7180_set_tristate_output
                0x000000001000f090                adv7180_i2c_device_id_check
                0x000000001000f0ec                adv7180_set_gpio_output
                0x000000001000f178                adv7180_test_main
 .text          0x000000001000f314      0x324 /home/leon/git/swp-report/iMX6_Platform_SDK/output/mx6sdl/obds/smart_device_rev_a/obj/apps/obds/src/tests/weim_nor_flash_test.o
                0x000000001000f314                weim_nor_flash_cs_setup
                0x000000001000f360                eim_nor_flash_test
                0x000000001000f3d0                m29w256gl_auto_manu_id
                0x000000001000f4b8                m29w256gl_auto_dev_id
 .text          0x000000001000f638       0x4c /home/leon/git/swp-report/iMX6_Platform_SDK/output/mx6sdl/obds/smart_device_rev_a/obj/sdk/common/ioexpander/test/max7310_test.o
                0x000000001000f638                max7310_i2c_device_id_check
 .text          0x000000001000f684      0x478 /home/leon/git/swp-report/iMX6_Platform_SDK/output/mx6sdl/obds/smart_device_rev_a/obj/sdk/common/pmic/pfuse/pf0100.o
                0x000000001000f684                pf0100_reg_read
                0x000000001000f774                pf0100_reg_write
                0x000000001000f864                pf0100_enable_vgen1_1v2
                0x000000001000f8b4                pf0100_enable_vgen2_1v5
                0x000000001000f904                pf0100_enable_vgen3_1v8
                0x000000001000f954                pf0100_enable_vgen4_1v8
                0x000000001000f9a4                pf0100_enable_vgen4_2v5
                0x000000001000f9f4                pf0100_enable_vgen6_2v8
                0x000000001000fa44                pf0100_i2c_device_id_check
 .text          0x000000001000fafc      0x438 /home/leon/git/swp-report/iMX6_Platform_SDK/output/mx6sdl/obds/smart_device_rev_a/obj/sdk/drivers/audio/src/snd_card.o
 .text          0x000000001000ff34        0x0 /home/leon/git/swp-report/iMX6_Platform_SDK/output/mx6sdl/obds/smart_device_rev_a/obj/sdk/drivers/camera/test/adv7180_capture.o
 .text          0x000000001000ff34      0x1fc /home/leon/git/swp-report/iMX6_Platform_SDK/output/mx6sdl/obds/smart_device_rev_a/obj/sdk/drivers/camera/test/camera_test.o
                0x000000001000ff34                camera_test
 .text          0x0000000010010130      0x2ec /home/leon/git/swp-report/iMX6_Platform_SDK/output/mx6sdl/obds/smart_device_rev_a/obj/sdk/drivers/camera/test/csi_test_mode.o
                0x0000000010010130                csi_test_mode
 .text          0x000000001001041c      0x2b8 /home/leon/git/swp-report/iMX6_Platform_SDK/output/mx6sdl/obds/smart_device_rev_a/obj/sdk/drivers/camera/test/sensor_capture.o
                0x000000001001041c                sensor_capture
 .text          0x00000000100106d4      0x460 /home/leon/git/swp-report/iMX6_Platform_SDK/output/mx6sdl/obds/smart_device_rev_a/obj/sdk/drivers/epdc/test/epdc_test.o
                0x00000000100106d4                epdc_test
                0x0000000010010824                epdc_pvi_svga_sdr_init
                0x0000000010010844                epdc_update_image
                0x0000000010010970                epdc_send_mode0_to_black_update
                0x0000000010010a0c                epdc_send_image_update
                0x0000000010010a9c                epdc_send_erase_to_color
 .text          0x0000000010010b34      0x82c /home/leon/git/swp-report/iMX6_Platform_SDK/output/mx6sdl/obds/smart_device_rev_a/obj/sdk/drivers/hdmi/test/hdmi_test.o
                0x0000000010010b34                hdmi_test
                0x0000000010010ea0                init_hdmi_interrupt
                0x0000000010010f50                hdmi_tx_ISR
                0x0000000010010fe0                hdmi_1080P60_video_output
                0x00000000100111a0                hdmi_720P60_video_output
 .text          0x0000000010011360      0x520 /home/leon/git/swp-report/iMX6_Platform_SDK/output/mx6sdl/obds/smart_device_rev_a/obj/sdk/drivers/hdmi/test/init_dma_data.o
                0x0000000010011360                init_dma_data
 .text          0x0000000010011880      0xb98 /home/leon/git/swp-report/iMX6_Platform_SDK/output/mx6sdl/obds/smart_device_rev_a/obj/sdk/drivers/ipu/test/ips_display.o
                0x0000000010011880                ips_display_test
                0x00000000100119bc                ips_hdmi_stream
                0x0000000010011b1c                ips_hdmi_720P60_stream
                0x0000000010011d80                ips_hdmi_1080P60_stream
                0x0000000010011f78                ips_ext_hdmi_transmitter_1080P60_stream
                0x0000000010012138                ips_hannstar_xga_yuv_stream
                0x0000000010012378                ips_mipi_wvga_rgb_stream
 .text          0x0000000010012418      0x52c /home/leon/git/swp-report/iMX6_Platform_SDK/output/mx6sdl/obds/smart_device_rev_a/obj/sdk/drivers/ipu/test/ipu_image.o
                0x0000000010012418                load_centralized_image
                0x0000000010012554                load_foreground_image
                0x00000000100125a0                load_horiz_image
                0x0000000010012704                set_background_margin
                0x00000000100127f4                load_vert_image
 .text          0x0000000010012944     0x1058 /home/leon/git/swp-report/iMX6_Platform_SDK/output/mx6sdl/obds/smart_device_rev_a/obj/sdk/drivers/spi/test/imx_spi_nor_atmel.o
                0x0000000010012944                spi_nor_query_atmel
                0x0000000010012a88                spi_nor_write_atmel
                0x0000000010013440                spi_nor_erase_atmel
                0x00000000100135e4                spi_nor_read_atmel
 .text          0x000000001001399c      0xabc /home/leon/git/swp-report/iMX6_Platform_SDK/output/mx6sdl/obds/smart_device_rev_a/obj/sdk/drivers/spi/test/spi_nor_numonyx.o
                0x0000000010013c74                spi_nor_query_numonyx
                0x0000000010013d40                spi_nor_erase_numonyx
                0x0000000010013dcc                spi_nor_read_numonyx
                0x0000000010014004                spi_nor_write_numonyx
 .text          0x0000000010014458      0x248 /home/leon/git/swp-report/iMX6_Platform_SDK/output/mx6sdl/obds/smart_device_rev_a/obj/sdk/drivers/uart/test/uart_test.o
                0x0000000010014458                uart_interrupt_handler
                0x00000000100144b0                uart_test
 .text          0x00000000100146a0     0x3a0c /home/leon/git/swp-report/iMX6_Platform_SDK/output/mx6sdl/obds/smart_device_rev_a/obj/sdk/drivers/usb/test/usb0_host_test.o
                0x00000000100146a0                usb0_host_test
                0x00000000100151d8                emuerateDevice
                0x0000000010015358                usbh_set_device_address
                0x0000000010015a80                usbh_get_dev_desc
                0x00000000100161d4                usbh_get_config_desc
                0x000000001001696c                usbh_get_interface_desc
                0x00000000100171e0                usbh_set_configuration
                0x0000000010017920                usbh_get_report_desc
 .text          0x00000000100180ac      0x98c /home/leon/git/swp-report/iMX6_Platform_SDK/output/mx6sdl/obds/smart_device_rev_a/obj/sdk/drivers/usb/test/usb0_host_testmodes_test.o
                0x00000000100180ac                usb0_host_testmodes_test
 .text          0x0000000010018a38      0xcdc /home/leon/git/swp-report/iMX6_Platform_SDK/output/mx6sdl/obds/smart_device_rev_a/obj/sdk/drivers/usdhc/test/usdhc_test.o
                0x0000000010018a38                mmc_sd_test
                0x0000000010018a6c                usdhc_test
 .text          0x0000000010019714      0x264 /home/leon/git/swp-report/iMX6_Platform_SDK/output/mx6sdl/lib/libsdk.a(max7310.o)
                0x0000000010019714                max7310_reg_read
                0x0000000010019778                max7310_reg_write
                0x00000000100197e4                max7310_init
                0x00000000100198c4                max7310_set_gpio_output
 .text          0x0000000010019978      0xc50 /home/leon/git/swp-report/iMX6_Platform_SDK/output/mx6sdl/lib/libsdk.a(ccm_pll.o)
                0x0000000010019978                ccm_init
                0x0000000010019a9c                get_main_clock
                0x0000000010019d28                get_peri_clock
                0x0000000010019ec8                ccm_ccgr_config
                0x0000000010019f30                clock_gating_config
                0x000000001001a368                ccm_set_lpm_wakeup_source
                0x000000001001a45c                ccm_enter_low_power
                0x000000001001a4cc                ipu_hsp_clk_config
                0x000000001001a4ec                gpu_clock_config
 .text          0x000000001001a5c8      0x164 /home/leon/git/swp-report/iMX6_Platform_SDK/output/mx6sdl/lib/libsdk.a(cortexA9.o)
                0x000000001001a5c8                arm_set_interrupt_state
                0x000000001001a5ec                cpu_get_current
                0x000000001001a5f8                enable_neon_fpu
                0x000000001001a614                disable_strict_align_check
                0x000000001001a628                disable_L1_cache
                0x000000001001a648                get_arm_private_peripheral_base
                0x000000001001a650                arm_unified_tlb_invalidate
                0x000000001001a660                arm_unified_tlb_invalidate_is
                0x000000001001a670                arm_branch_prediction_enable
                0x000000001001a680                arm_branch_prediction_disable
                0x000000001001a690                arm_branch_target_cache_invalidate
                0x000000001001a69c                arm_branch_target_cache_invalidate_is
                0x000000001001a6a8                scu_enable
                0x000000001001a6bc                scu_join_smp
                0x000000001001a6cc                scu_leave_smp
                0x000000001001a6dc                scu_get_cpus_in_smp
                0x000000001001a6f0                scu_enable_maintenance_broadcast
                0x000000001001a700                scu_disable_maintenance_broadcast
                0x000000001001a710                scu_secure_invalidate
 .text          0x000000001001a72c      0x5e0 /home/leon/git/swp-report/iMX6_Platform_SDK/output/mx6sdl/lib/libsdk.a(gic.o)
                0x000000001001a810                gic_enable
                0x000000001001a870                gic_set_irq_security
                0x000000001001a918                gic_enable_irq
                0x000000001001a994                gic_set_irq_priority
                0x000000001001a9dc                gic_set_cpu_target
                0x000000001001aae8                gic_send_sgi
                0x000000001001ab3c                gic_cpu_enable
                0x000000001001ab9c                gic_set_cpu_priority_mask
                0x000000001001abd0                gic_read_irq_ack
                0x000000001001abfc                gic_write_end_of_irq
                0x000000001001ac2c                gic_init
                0x000000001001acd0                gic_init_cpu
 .text          0x000000001001ad0c      0x1b8 /home/leon/git/swp-report/iMX6_Platform_SDK/output/mx6sdl/lib/libsdk.a(interrupt.o)
                0x000000001001ad0c                IRQ_HDLR
                0x000000001001add0                disable_interrupt
                0x000000001001ae0c                enable_interrupt
                0x000000001001ae64                register_interrupt_routine
                0x000000001001ae98                default_interrupt_routine
 .text          0x000000001001aec4      0x458 /home/leon/git/swp-report/iMX6_Platform_SDK/output/mx6sdl/lib/libsdk.a(mmu.o)
                0x000000001001aec4                mmu_enable
                0x000000001001aefc                mmu_disable
                0x000000001001af30                mmu_init
                0x000000001001b04c                mmu_map_l1_range
                0x000000001001b260                mmu_virtual_to_physical
 .text          0x000000001001b31c        0x0 /home/leon/git/swp-report/iMX6_Platform_SDK/output/mx6sdl/lib/libsdk.a(startup.o)
 .text          0x000000001001b31c        0x4 /home/leon/git/swp-report/iMX6_Platform_SDK/output/mx6sdl/lib/libsdk.a(vectors.o)
                0x000000001001b31c                exception_handler
 .text.vectors  0x000000001001b320       0x48 /home/leon/git/swp-report/iMX6_Platform_SDK/output/mx6sdl/lib/libsdk.a(vectors.o)
                0x000000001001b320                vectors
 .text          0x000000001001b368      0xc30 /home/leon/git/swp-report/iMX6_Platform_SDK/output/mx6sdl/lib/libsdk.a(menu.o)
                0x000000001001b7e4                menu_get_indent
                0x000000001001b800                menuitem_cmd_showmenu
                0x000000001001b824                menuitem_cmd_exitmenu
                0x000000001001b848                menu_append_menuitems
                0x000000001001b968                menu_present
                0x000000001001bee8                menu_print_menuitem
 .text          0x000000001001bf98        0x0 /home/leon/git/swp-report/iMX6_Platform_SDK/output/mx6sdl/lib/libsdk.a(sdk_version.o)
 .text          0x000000001001bf98      0x8fc /home/leon/git/swp-report/iMX6_Platform_SDK/output/mx6sdl/lib/libsdk.a(system_util.o)
                0x000000001001bf98                _sys_exit
                0x000000001001bfb4                mybkpt
                0x000000001001bfbc                is_input_char
                0x000000001001c13c                read_input_string
                0x000000001001c41c                get_input_hex
                0x000000001001c694                read_int
                0x000000001001c7f0                jump_to_sdp
 .text          0x000000001001c894       0xdc /home/leon/git/swp-report/iMX6_Platform_SDK/output/mx6sdl/lib/libsdk.a(text_color.o)
                0x000000001001c894                printf_color
                0x000000001001c92c                get_color_supported
 .text          0x000000001001c970      0x40c /home/leon/git/swp-report/iMX6_Platform_SDK/output/mx6sdl/lib/libsdk.a(cs42888.o)
                0x000000001001cab8                cs42888_init
                0x000000001001caf0                cs42888_dev_info
                0x000000001001cb44                cs42888_config
                0x000000001001cd2c                cs42888_deinit
 .text          0x000000001001cd7c     0x297c /home/leon/git/swp-report/iMX6_Platform_SDK/output/mx6sdl/lib/libsdk.a(imx-ssi.o)
                0x000000001001ecb0                ssi_init
                0x000000001001ecf0                ssi_config
                0x000000001001f204                ssi_write_fifo
                0x000000001001f3fc                ssi_read_fifo
                0x000000001001f5a8                ssi_deinit
 .text          0x000000001001f6f8      0xc08 /home/leon/git/swp-report/iMX6_Platform_SDK/output/mx6sdl/lib/libsdk.a(imx_audmux.o)
                0x000000001001f8d8                audmux_port_set
                0x000000001001fac4                audmux_route
 .text          0x0000000010020300      0xdfc /home/leon/git/swp-report/iMX6_Platform_SDK/output/mx6sdl/lib/libsdk.a(imx_esai.o)
                0x0000000010020b48                esai_config
                0x0000000010020eb0                esai_init
                0x0000000010020eec                esai_deinit
                0x0000000010020f10                esai_write_fifo
 .text          0x00000000100210fc      0x6fc /home/leon/git/swp-report/iMX6_Platform_SDK/output/mx6sdl/lib/libsdk.a(imx_spdif.o)
                0x0000000010021468                spdif_init
                0x00000000100214a4                spdif_config
                0x00000000100216d8                spdif_write_fifo
                0x00000000100217d4                spdif_deinit
 .text          0x00000000100217f8     0x1100 /home/leon/git/swp-report/iMX6_Platform_SDK/output/mx6sdl/lib/libsdk.a(sgtl5000.o)
                0x00000000100221f4                sgtl5000_init
                0x0000000010022768                sgtl5000_i2s_config
                0x00000000100228c4                sgtl5000_deinit
 .text          0x00000000100228f8      0xeac /home/leon/git/swp-report/iMX6_Platform_SDK/output/mx6sdl/lib/libsdk.a(wm8958_dac.o)
                0x0000000010022a9c                WM8958_dump
                0x0000000010022fe0                WM8958_DAC_configure
                0x0000000010023710                WM8958_DAC_init
                0x0000000010023778                WM8958_DAC_deinit
 .text          0x00000000100237a4      0xb74 /home/leon/git/swp-report/iMX6_Platform_SDK/output/mx6sdl/lib/libsdk.a(wm8962.o)
                0x0000000010023aa0                WM8962_dump
                0x0000000010023ad0                WM8962_DAC_configure
                0x00000000100241f8                WM8962_DAC_init
                0x00000000100242ec                WM8962_DAC_deinit
 .text          0x0000000010024318      0x7c8 /home/leon/git/swp-report/iMX6_Platform_SDK/output/mx6sdl/lib/libsdk.a(board_id.o)
                0x0000000010024318                chip_name
                0x0000000010024430                chip_revision
                0x0000000010024508                board_name
                0x0000000010024610                board_revision
                0x00000000100246d8                board_description
                0x00000000100247f8                get_board_id
                0x00000000100248d4                show_board_id
 .text          0x0000000010024ae0      0xa88 /home/leon/git/swp-report/iMX6_Platform_SDK/output/mx6sdl/lib/libsdk.a(smd_sensor.o)
                0x0000000010024e78                sensor_config
                0x0000000010024eb4                sensor_search
                0x0000000010025044                sensor_init
                0x00000000100251b8                sensor_af_trigger
                0x0000000010025298                sensor_autofocus_init
                0x0000000010025418                camera_strobeflash_on
                0x00000000100254f4                camera_strobeflash_off
 .text          0x0000000010025568     0x17e0 /home/leon/git/swp-report/iMX6_Platform_SDK/output/mx6sdl/lib/libsdk.a(enet_drv.o)
                0x0000000010025568                imx_enet_mii_read
                0x0000000010025678                imx_enet_mii_write
                0x0000000010025b4c                enet_phy_rework_ar8031
                0x0000000010025cc0                enet_phy_rework_ksz9021
                0x0000000010025db4                imx_enet_phy_init
                0x0000000010026034                imx_enet_get_phy_status
                0x000000001002635c                imx_enet_phy_enable_external_loopback
                0x0000000010026478                imx_enet_poll
                0x0000000010026570                imx_enet_send
                0x0000000010026688                imx_enet_recv
                0x0000000010026864                imx_enet_init
                0x00000000100269b8                imx_enet_start
                0x0000000010026a4c                imx_enet_stop
                0x0000000010026a90                imx_enet_isolate_phy
                0x0000000010026b34                imx_enet_unisolate_phy
                0x0000000010026bfc                imx_enet_mii_type
 .text          0x0000000010026d48      0xb94 /home/leon/git/swp-report/iMX6_Platform_SDK/output/mx6sdl/lib/libsdk.a(mxc_epdc.o)
                0x0000000010026e6c                epdc_reset
                0x0000000010027014                epdc_set_update_addr
                0x0000000010027040                epdc_set_update_coord
                0x000000001002707c                epdc_set_update_dimensions
                0x00000000100270b8                epdc_submit_update
                0x0000000010027174                epdc_is_lut_complete
                0x00000000100271d4                epdc_clear_lut_complete_irq
                0x0000000010027208                epdc_is_lut_active
                0x00000000100272a4                epdc_any_luts_active
                0x00000000100272f4                epdc_any_luts_available
                0x0000000010027338                epdc_get_next_lut
                0x000000001002736c                epdc_is_working_buffer_busy
                0x00000000100273c8                epdc_is_working_buffer_complete
                0x0000000010027414                epdc_is_collision
                0x0000000010027460                epdc_dump_registers
                0x0000000010027560                epdc_set_vertical_timing
                0x00000000100275c0                epdc_init_settings
                0x000000001002785c                epdc_buffer_init
                0x00000000100278b4                epdc_load_image
 .text          0x00000000100278dc     0x1308 /home/leon/git/swp-report/iMX6_Platform_SDK/output/mx6sdl/lib/libsdk.a(gpio.o)
                0x000000001002790c                gpio_get_port_count
                0x0000000010027924                gpio_set_gpio
                0x00000000100279e8                gpio_set_direction
                0x0000000010027c44                gpio_get_direction
                0x0000000010027d8c                gpio_set_level
                0x00000000100280cc                gpio_get_level
                0x000000001002822c                gpio_set_interrupt_config
                0x0000000010028630                gpio_set_interrupt_mask
                0x0000000010028874                gpio_get_interrupt_status
                0x00000000100289d0                gpio_clear_interrupt
 .text          0x0000000010028be4        0x0 /home/leon/git/swp-report/iMX6_Platform_SDK/output/mx6sdl/lib/libsdk.a(imx6sdl_gpio_map.o)
 .text          0x0000000010028be4     0x1338 /home/leon/git/swp-report/iMX6_Platform_SDK/output/mx6sdl/lib/libsdk.a(hdmi_tx.o)
                0x0000000010028be4                hdmi_config_input_source
                0x0000000010028c24                hdmi_video_sample
                0x0000000010028e6c                update_csc_coeffs
                0x0000000010029380                hdmi_video_csc
                0x0000000010029520                hdmi_video_packetize
                0x00000000100298f0                preamble_filter_set
                0x00000000100299b0                hdmi_av_frame_composer
                0x0000000010029df8                hdmi_tx_hdcp_config
                0x0000000010029e64                hdmi_config_force_video
                0x0000000010029ebc                hdmi_config_forced_pixels
 .text          0x0000000010029f1c      0xd24 /home/leon/git/swp-report/iMX6_Platform_SDK/output/mx6sdl/lib/libsdk.a(hdmi_tx_audio.o)
                0x0000000010029f1c                hdmi_audio_mute
                0x0000000010029f6c                audio_PacketLayout
                0x0000000010029fac                audio_DMA_InterruptMask
                0x0000000010029fdc                audio_DMA_InterruptPolarity
                0x000000001002a00c                audio_DMA_ResetFIFO
                0x000000001002a030                audio_clk_N
                0x000000001002a090                audio_clk_CTS
                0x000000001002a130                audio_ComputeN
                0x000000001002a458                audio_ComputeCTS
                0x000000001002a68c                audio_DMA_StartAddr
                0x000000001002a704                audio_DMA_StopAddr
                0x000000001002a77c                audio_DMA_LockEnable
                0x000000001002a7bc                audio_DMA_BurstMode
                0x000000001002a7fc                audio_DMA_IncrType
                0x000000001002a83c                audio_DMA_Threshold
                0x000000001002a86c                audio_DMA_SetCONF1
                0x000000001002a89c                audio_DMA_Start
                0x000000001002a8c0                audio_Configure
                0x000000001002a978                Audio_ChannelCount
                0x000000001002aa68                audio_Configure_DMA
                0x000000001002ac00                audio_info_config
 .text          0x000000001002ac40     0x14e8 /home/leon/git/swp-report/iMX6_Platform_SDK/output/mx6sdl/lib/libsdk.a(hdmi_tx_phy.o)
                0x000000001002ac40                hdmi_phy_int_mask
                0x000000001002c094                hdmi_phy_init
 .text          0x000000001002c128     0x1774 /home/leon/git/swp-report/iMX6_Platform_SDK/output/mx6sdl/lib/libsdk.a(imx_i2c.o)
                0x000000001002c158                i2c_get_request_instance
                0x000000001002cbb0                i2c_xfer
                0x000000001002d2c8                i2c_read
                0x000000001002d2f8                i2c_write
                0x000000001002d328                i2c_setup_interrupt
                0x000000001002d594                i2c_init
 .text          0x000000001002d89c      0x470 /home/leon/git/swp-report/iMX6_Platform_SDK/output/mx6sdl/lib/libsdk.a(ips_disp_panel.o)
                0x000000001002db30                search_panel
                0x000000001002dbec                list_panel
                0x000000001002dc84                get_panel_by_id
 .text          0x000000001002dd0c      0xf8c /home/leon/git/swp-report/iMX6_Platform_SDK/output/mx6sdl/lib/libsdk.a(ipu_common.o)
                0x000000001002dd0c                need_csc
                0x000000001002dd74                ipu_write_field
                0x000000001002de18                ipu_read
                0x000000001002de70                ipu_write
                0x000000001002dec4                ipu_enable_display
                0x000000001002df30                ipu_disable_display
                0x000000001002dfb0                ipu_sw_reset
                0x000000001002e090                ipu_display_setup
                0x000000001002e204                ipu_dual_display_setup
                0x000000001002e308                ipu_capture_setup
                0x000000001002e74c                ipu_capture_streamoff
                0x000000001002e81c                ipu_mipi_csi2_setup
                0x000000001002ea14                ipu1_ch0_eobnd_isr
                0x000000001002ebf0                ipu_ch0_eobnd_interrupt_register
 .text          0x000000001002ec98      0xcb8 /home/leon/git/swp-report/iMX6_Platform_SDK/output/mx6sdl/lib/libsdk.a(ipu_csi.o)
                0x000000001002ec98                ipu_csi_config
                0x000000001002f2dc                ipu_smfc_fifo_allocate
                0x000000001002f438                ipu_capture_disp_link
                0x000000001002f564                ipu_disable_csi
                0x000000001002f5d0                ipu_disable_smfc
                0x000000001002f604                ipu_csi_test_mode_color
 .text          0x000000001002f950     0x1bdc /home/leon/git/swp-report/iMX6_Platform_SDK/output/mx6sdl/lib/libsdk.a(ipu_dc.o)
                0x000000001002f950                ipu_dc_config
                0x000000001002fc40                ipu_dc_write_channel_config
                0x000000001002fef8                ipu_dc_display_config
                0x000000001003008c                ipu_dc_map
                0x0000000010030420                ipu_dc_microcode_config
                0x00000000100311cc                ipu_dc_microcode_event
 .text          0x000000001003152c      0xfe4 /home/leon/git/swp-report/iMX6_Platform_SDK/output/mx6sdl/lib/libsdk.a(ipu_di.o)
                0x000000001003152c                ipu_di_config
                0x0000000010031b68                ipu_di_waveform_config
                0x0000000010031c30                ipu_di_screen_set
                0x0000000010031cc4                ipu_di_pointer_config
                0x0000000010031e14                ipu_di_bsclk_gen
                0x0000000010031f4c                ipu_di_sync_config
                0x0000000010032254                ipu_di_interface_set
 .text          0x0000000010032510      0x3e0 /home/leon/git/swp-report/iMX6_Platform_SDK/output/mx6sdl/lib/libsdk.a(ipu_dmfc.o)
                0x0000000010032510                ipu_dmfc_config
                0x00000000100327a4                ipu_dmfc_alloc
 .text          0x00000000100328f0      0x554 /home/leon/git/swp-report/iMX6_Platform_SDK/output/mx6sdl/lib/libsdk.a(ipu_dp.o)
                0x00000000100328f0                ipu_dp_config
                0x0000000010032944                ipu_dp_csc_config
                0x0000000010032ca0                ipu_dp_fg_config
 .text          0x0000000010032e44     0x2828 /home/leon/git/swp-report/iMX6_Platform_SDK/output/mx6sdl/lib/libsdk.a(ipu_idmac.o)
                0x0000000010032e44                ipu_cpmem_set_field
                0x0000000010032f70                ipu_cpmem_mod_field
                0x00000000100330fc                ipu_cpmem_read_field
                0x0000000010033258                ipu_channel_buf_ready
                0x00000000100333d0                ipu_channel_buf_not_ready
                0x0000000010033548                ipu_idmac_channel_mode_sel
                0x00000000100335d0                ipu_idmac_channel_enable
                0x0000000010033658                ipu_idmac_channel_busy
                0x0000000010033704                ipu_general_idmac_config
                0x0000000010033be8                ipu_disp_bg_idmac_config
                0x0000000010033cd0                ipu_disp_fg_idmac_config
                0x0000000010033db8                ipu_dma_update_buffer
                0x0000000010033eac                ipu_idmac_chan_cur_buff
                0x0000000010033f40                ipu_rotate_idmac_config
                0x0000000010034074                ipu_resize_idmac_config
                0x00000000100341b0                ipu_deinterlace_idmac_config
                0x0000000010034304                ipu_idma_pixel_format_config
 .text          0x000000001003566c      0x590 /home/leon/git/swp-report/iMX6_Platform_SDK/output/mx6sdl/lib/libsdk.a(ipu_vdi.o)
                0x000000001003566c                ipu_deinterlace_3_fields
                0x00000000100356bc                ipu_vdi_set_top_field_man
                0x0000000010035730                ipu_vdi_set_motion
                0x0000000010035830                ipu_vdi_init
                0x0000000010035974                ipu_vdi_uninit
                0x00000000100359bc                ips_deinterlace_proc
 .text          0x0000000010035bfc      0x4b4 /home/leon/git/swp-report/iMX6_Platform_SDK/output/mx6sdl/lib/libsdk.a(ldb.o)
                0x0000000010035dd4                ldb_config
                0x000000001003600c                ldb_set_vs_polarity
 .text          0x00000000100360b0      0x3f8 /home/leon/git/swp-report/iMX6_Platform_SDK/output/mx6sdl/lib/libsdk.a(ocotp.o)
                0x000000001003611c                Delay4Reload
                0x0000000010036360                ocotp_sense_fuse
                0x00000000100363d0                ocotp_fuse_blow_row
                0x0000000010036430                ocotp_reload_otp_shadow_registers
 .text          0x00000000100364a8     0x1328 /home/leon/git/swp-report/iMX6_Platform_SDK/output/mx6sdl/lib/libsdk.a(ecspi.o)
                0x0000000010036a94                ecspi_configure
                0x000000001003741c                ecspi_open
                0x00000000100374d4                ecspi_close
                0x00000000100375e0                ecspi_xfer
 .text          0x00000000100377d0      0x27c /home/leon/git/swp-report/iMX6_Platform_SDK/output/mx6sdl/lib/libsdk.a(timer.o)
                0x00000000100377d0                hal_delay_us
                0x000000001003783c                system_time_init
                0x0000000010037998                time_get_microseconds
 .text          0x0000000010037a4c     0x281c /home/leon/git/swp-report/iMX6_Platform_SDK/output/mx6sdl/lib/libsdk.a(imx_uart.o)
                0x0000000010037a4c                uart_get_reffreq
                0x0000000010037b48                uart_putchar
                0x0000000010037c98                uart_getchar
                0x0000000010037df8                uart_set_FIFO_mode
                0x0000000010038920                uart_set_loopback_mode
                0x0000000010038b74                uart_setup_interrupt
                0x0000000010038c40                uart_init
 .text          0x000000001003a268      0x3a8 /home/leon/git/swp-report/iMX6_Platform_SDK/output/mx6sdl/lib/libsdk.a(usb_common.o)
                0x000000001003a268                usb_get_port_speed
                0x000000001003a404                swap32
                0x000000001003a480                get_menu_item
 .text          0x000000001003a610     0x3814 /home/leon/git/swp-report/iMX6_Platform_SDK/output/mx6sdl/lib/libsdk.a(usbh_drv.o)
                0x000000001003a610                usbh_init
                0x000000001003b5a4                usbh_periodic_schedule_init
                0x000000001003ce18                usbh_bus_reset
                0x000000001003d120                usbh_enable_asynchronous_schedule
                0x000000001003d428                usbh_disable_asynchronous_schedule
                0x000000001003d730                usbh_disable_Periodic_list
                0x000000001003da38                usbh_qtd_init
                0x000000001003dc58                usbh_qh_init
 .text          0x000000001003de24     0x1184 /home/leon/git/swp-report/iMX6_Platform_SDK/output/mx6sdl/lib/libsdk.a(usdhc.o)
                0x000000001003e03c                set_card_access_mode
                0x000000001003e07c                read_usdhc_adma_mode
                0x000000001003e09c                read_usdhc_intr_mode
                0x000000001003e0bc                card_init
                0x000000001003e26c                card_emmc_init
                0x000000001003e300                card_cmd_config
                0x000000001003e414                card_get_cid
                0x000000001003e4b4                card_enter_trans
                0x000000001003e590                card_trans_status
                0x000000001003e68c                card_get_port
                0x000000001003e770                card_set_blklen
                0x000000001003e850                card_data_read
                0x000000001003eb30                card_data_write
                0x000000001003ee24                card_xfer_result
                0x000000001003ef18                card_wait_xfer_done
 .text          0x000000001003efa8     0x3478 /home/leon/git/swp-report/iMX6_Platform_SDK/output/mx6sdl/lib/libsdk.a(usdhc_host.o)
                0x0000000010040380                usdhc1_isr
                0x0000000010040398                usdhc2_isr
                0x00000000100403b0                usdhc3_isr
                0x00000000100403c8                usdhc4_isr
                0x00000000100403e0                host_init
                0x0000000010040410                host_init_active
                0x00000000100404b8                host_send_cmd
                0x00000000100408e0                host_cfg_clock
                0x0000000010041080                host_set_bus_width
                0x00000000100410b8                host_reset
                0x00000000100411e8                host_read_response
                0x00000000100413d8                host_cfg_block
                0x000000001004164c                host_clear_fifo
                0x00000000100417f8                host_setup_adma
                0x0000000010041a18                host_data_read
                0x0000000010041f20                host_data_write
 .text          0x0000000010042420      0xe08 /home/leon/git/swp-report/iMX6_Platform_SDK/output/mx6sdl/lib/libsdk.a(usdhc_mmc.o)
                0x00000000100429c0                mmc_init
                0x0000000010042a64                emmc_init
                0x0000000010042b90                emmc_print_cfg_info
                0x0000000010042dc8                mmc_set_boot_bus_width
                0x0000000010042e90                mmc_set_boot_partition
                0x0000000010042f90                mmc_set_boot_ack
                0x0000000010043014                mmc_voltage_validation
 .text          0x0000000010043228      0x800 /home/leon/git/swp-report/iMX6_Platform_SDK/output/mx6sdl/lib/libsdk.a(usdhc_sd.o)
                0x00000000100435bc                sd_init
                0x0000000010043674                sd_voltage_validation
 .text          0x0000000010043a28       0x98 /home/leon/git/swp-report/iMX6_Platform_SDK/output/mx6sdl/lib/libsdk.a(arm_abort.o)
                0x0000000010043a28                common_abort_handler
                0x0000000010043a88                data_abort_handler
                0x0000000010043aa0                prefetch_abort_handler
 .text          0x0000000010043ac0      0x634 /home/leon/git/swp-report/iMX6_Platform_SDK/output/mx6sdl/lib/libsdk.a(armv7_cache.o)
                0x0000000010043ac0                arm_dcache_state_query
                0x0000000010043b00                arm_dcache_enable
                0x0000000010043b48                arm_dcache_disable
                0x0000000010043b80                arm_dcache_invalidate
                0x0000000010043c1c                arm_dcache_invalidate_line
                0x0000000010043c88                arm_dcache_invalidate_mlines
                0x0000000010043d28                arm_dcache_flush
                0x0000000010043dc4                arm_dcache_flush_line
                0x0000000010043e30                arm_dcache_flush_mlines
                0x0000000010043ed0                arm_icache_state_query
                0x0000000010043f10                arm_icache_enable
                0x0000000010043f58                arm_icache_disable
                0x0000000010043f90                arm_icache_invalidate
                0x0000000010043fbc                arm_icache_invalidate_is
                0x0000000010043fe8                arm_icache_invalidate_line
                0x0000000010044054                arm_icache_invalidate_mlines
 .text          0x00000000100440f4        0x0 /home/leon/git/swp-report/iMX6_Platform_SDK/output/mx6sdl/lib/libsdk.a(camera_profile.o)
 .text          0x00000000100440f4     0x1e94 /home/leon/git/swp-report/iMX6_Platform_SDK/output/mx6sdl/lib/libsdk.a(hdmi_common.o)
                0x00000000100440f4                isColorSpaceConversion
                0x0000000010044130                isColorSpaceDecimation
                0x000000001004416c                isColorSpaceInterpolation
                0x00000000100441c0                isPixelRepetition
                0x00000000100441f8                hdmi_set_video_mode
 .text          0x0000000010045f88     0x1638 /home/leon/git/swp-report/iMX6_Platform_SDK/output/mx6sdl/lib/libsdk.a(ipu_ic.o)
                0x0000000010045f88                ipu_ic_enable
                0x0000000010045fd4                ipu_ic_rotation_config
                0x00000000100461e0                ipu_ic_resize_config
                0x0000000010046734                ipu_ic_deinterlace_config
                0x0000000010046910                ipu_ic_calc_resize_coeffs
                0x0000000010046a24                ipu_ic_config_resize_rate
                0x0000000010046b4c                ipu_ic_combine_config
                0x0000000010046d08                ipu_ic_csc_config
                0x00000000100473b8                ipu_ic_task_enable
 .text          0x00000000100475c0      0x8dc /home/leon/git/swp-report/iMX6_Platform_SDK/output/mx6sdl/lib/libsdk.a(epit.o)
                0x00000000100475c0                epit_reload_counter
                0x0000000010047620                epit_get_counter_value
                0x000000001004767c                epit_set_compare_event
                0x00000000100476dc                epit_get_compare_event
                0x00000000100477d4                epit_counter_disable
                0x0000000010047998                epit_counter_enable
                0x0000000010047bf4                epit_setup_interrupt
                0x0000000010047c84                epit_init
 .text          0x0000000010047e9c      0x2f8 /home/leon/git/swp-report/iMX6_Platform_SDK/output/mx6sdl/lib/libsdk.a(mx6x_usb.o)
                0x0000000010047e9c                usbEnableClocks
                0x0000000010047fc0                usbEnableTransceiver
 .text          0x0000000010048194      0x4bc /home/leon/git/swp-report/iMX6_Platform_SDK/output/mx6sdl/lib/libsdk.a(abort_handler.o)
                0x0000000010048194                dump_regs
 .text          0x0000000010048650      0x144 /home/leon/git/swp-report/iMX6_Platform_SDK/output/mx6sdl/lib/libboard_smart_device_rev_a.a(board_audio.o)
                0x0000000010048650                SGTL5000PowerUp_and_clockinit
                0x0000000010048660                spdif_get_tx_clk_freq
                0x000000001004867c                audio_codec_power_on
                0x00000000100486b8                audio_clock_config
                0x00000000100486e0                spdif_clk_cfg
                0x0000000010048744                esai_codec_power_on
                0x000000001004875c                esai_clk_sel_gate_on
 .text          0x0000000010048794       0x9c /home/leon/git/swp-report/iMX6_Platform_SDK/output/mx6sdl/lib/libboard_smart_device_rev_a.a(board_buttons.o)
                0x0000000010048794                android_buttons_iomux_config
 .text          0x0000000010048830      0x38c /home/leon/git/swp-report/iMX6_Platform_SDK/output/mx6sdl/lib/libboard_smart_device_rev_a.a(board_camera.o)
                0x0000000010048830                camera_power_on
                0x0000000010048840                csi_port0_iomux_config
                0x0000000010048874                camera_ipu1_iomux_config
                0x0000000010048a10                sensor_reset
                0x0000000010048aa8                sensor_standby
                0x0000000010048b24                sensor_clock_setting
 .text          0x0000000010048bbc      0x44c /home/leon/git/swp-report/iMX6_Platform_SDK/output/mx6sdl/lib/libboard_smart_device_rev_a.a(board_display.o)
                0x0000000010048bbc                lvds_power_on
                0x0000000010048c24                disable_para_panel
                0x0000000010048c74                tftlcd_backlight_en
                0x0000000010048d50                tftlcd_reset
                0x0000000010048de8                ldb_clock_config
                0x0000000010048ee4                epdc_clock_setting
                0x0000000010048f60                epdc_power_supply
 .text          0x0000000010049008      0x200 /home/leon/git/swp-report/iMX6_Platform_SDK/output/mx6sdl/lib/libboard_smart_device_rev_a.a(board_hdmi.o)
                0x0000000010049008                hdmi_tx_cec_pgm_iomux
                0x000000001004904c                hdmi_tx_ddc_pgm_iomux
                0x00000000100490c4                hdmi_tx_phydtb_pgm_iomux
                0x0000000010049114                hdmi_pgm_iomux
                0x0000000010049134                ext_hdmi_transmitter_power_on
                0x0000000010049144                hdmi_clock_set
 .text          0x0000000010049208        0x0 /home/leon/git/swp-report/iMX6_Platform_SDK/output/mx6sdl/lib/libboard_smart_device_rev_a.a(board_i2c.o)
 .text          0x0000000010049208       0x20 /home/leon/git/swp-report/iMX6_Platform_SDK/output/mx6sdl/lib/libboard_smart_device_rev_a.a(board_io_expanders.o)
                0x0000000010049208                board_ioexpander_init
                0x0000000010049218                board_ioexpander_iomux_config
 .text          0x0000000010049228      0x240 /home/leon/git/swp-report/iMX6_Platform_SDK/output/mx6sdl/lib/libboard_smart_device_rev_a.a(board_mipi.o)
                0x0000000010049228                mipi_cam_power_on
                0x00000000100492d0                mipi_backlight_en
                0x0000000010049320                mipi_display_reset
                0x0000000010049390                mipi_clock_set
                0x00000000100493c0                mipi_csi2_clock_set
 .text          0x0000000010049468       0x94 /home/leon/git/swp-report/iMX6_Platform_SDK/output/mx6sdl/lib/libboard_smart_device_rev_a.a(board_network.o)
                0x0000000010049468                imx_ar8031_iomux
                0x000000001004947c                imx_KSZ9021RN_reset
                0x000000001004948c                imx_ar8031_reset
                0x00000000100494d4                imx_enet_iomux
                0x00000000100494e8                imx_enet_phy_reset
 .text          0x00000000100494fc      0x128 /home/leon/git/swp-report/iMX6_Platform_SDK/output/mx6sdl/lib/libboard_smart_device_rev_a.a(board_usb.o)
                0x00000000100494fc                usbEnableVbus
                0x00000000100495a8                usbDisableVbus
                0x0000000010049614                reset_usb_hub
 .text          0x0000000010049624      0x154 /home/leon/git/swp-report/iMX6_Platform_SDK/output/mx6sdl/lib/libboard_smart_device_rev_a.a(board_usdhc.o)
                0x0000000010049624                usdhc_gpio_config
                0x0000000010049668                usdhc_card_detected
                0x00000000100496f0                usdhc_write_protected
 .text          0x0000000010049778        0x0 /home/leon/git/swp-report/iMX6_Platform_SDK/output/mx6sdl/lib/libboard_smart_device_rev_a.a(hardware_modules.o)
 .text          0x0000000010049778        0x0 /home/leon/git/swp-report/iMX6_Platform_SDK/output/mx6sdl/lib/libboard_smart_device_rev_a.a(dcd.o)
 .text          0x0000000010049778       0xa0 /home/leon/git/swp-report/iMX6_Platform_SDK/output/mx6sdl/lib/libboard_smart_device_rev_a.a(audmux_iomux_config.o)
                0x0000000010049778                audmux_iomux_config
 .text          0x0000000010049818       0x34 /home/leon/git/swp-report/iMX6_Platform_SDK/output/mx6sdl/lib/libboard_smart_device_rev_a.a(ccm_iomux_config.o)
                0x0000000010049818                ccm_iomux_config
 .text          0x000000001004984c       0x80 /home/leon/git/swp-report/iMX6_Platform_SDK/output/mx6sdl/lib/libboard_smart_device_rev_a.a(ecspi_iomux_config.o)
                0x000000001004984c                ecspi_iomux_config
 .text          0x00000000100498cc      0x3bc /home/leon/git/swp-report/iMX6_Platform_SDK/output/mx6sdl/lib/libboard_smart_device_rev_a.a(enet_iomux_config.o)
                0x00000000100498cc                enet_iomux_config
 .text          0x0000000010049c88      0x66c /home/leon/git/swp-report/iMX6_Platform_SDK/output/mx6sdl/lib/libboard_smart_device_rev_a.a(epdc_iomux_config.o)
                0x0000000010049c88                epdc_iomux_config
 .text          0x000000001004a2f4       0x80 /home/leon/git/swp-report/iMX6_Platform_SDK/output/mx6sdl/lib/libboard_smart_device_rev_a.a(i2c_iomux_config.o)
                0x000000001004a2f4                i2c_iomux_config
 .text          0x000000001004a374      0x2f8 /home/leon/git/swp-report/iMX6_Platform_SDK/output/mx6sdl/lib/libboard_smart_device_rev_a.a(iomux_config.o)
                0x000000001004a374                iomux_config
                0x000000001004a3ec                arm_iomux_config
                0x000000001004a3fc                asrc_iomux_config
                0x000000001004a40c                dcic1_iomux_config
                0x000000001004a41c                dcic2_iomux_config
                0x000000001004a42c                ecspi2_iomux_config
                0x000000001004a43c                ecspi3_iomux_config
                0x000000001004a44c                ecspi4_iomux_config
                0x000000001004a45c                eim_iomux_config
                0x000000001004a46c                epit1_iomux_config
                0x000000001004a47c                epit2_iomux_config
                0x000000001004a48c                esai_iomux_config
                0x000000001004a49c                flexcan2_iomux_config
                0x000000001004a4ac                gpmi_iomux_config
                0x000000001004a4bc                gpt_iomux_config
                0x000000001004a4cc                hdmi_iomux_config
                0x000000001004a4dc                i2c4_iomux_config
                0x000000001004a4ec                lcd_iomux_config
                0x000000001004a4fc                ldb_iomux_config
                0x000000001004a50c                mipi_csi_iomux_config
                0x000000001004a51c                mipi_dsi_iomux_config
                0x000000001004a52c                mipi_hsi_iomux_config
                0x000000001004a53c                mlb_iomux_config
                0x000000001004a54c                pcie_iomux_config
                0x000000001004a55c                pmu_iomux_config
                0x000000001004a56c                pwm2_iomux_config
                0x000000001004a57c                pwm3_iomux_config
                0x000000001004a58c                pwm4_iomux_config
                0x000000001004a59c                sdma_iomux_config
                0x000000001004a5ac                snvs_iomux_config
                0x000000001004a5bc                spdif_iomux_config
                0x000000001004a5cc                src_iomux_config
                0x000000001004a5dc                uart2_iomux_config
                0x000000001004a5ec                uart3_iomux_config
                0x000000001004a5fc                uart4_iomux_config
                0x000000001004a60c                uart5_iomux_config
                0x000000001004a61c                usb_iomux_config
                0x000000001004a62c                usdhc1_iomux_config
                0x000000001004a63c                wdog1_iomux_config
                0x000000001004a64c                wdog2_iomux_config
                0x000000001004a65c                xtalosc_iomux_config
 .text          0x000000001004a66c      0x5b0 /home/leon/git/swp-report/iMX6_Platform_SDK/output/mx6sdl/lib/libboard_smart_device_rev_a.a(ipu1_iomux_config.o)
                0x000000001004a66c                ipu1_iomux_config
 .text          0x000000001004ac1c       0x50 /home/leon/git/swp-report/iMX6_Platform_SDK/output/mx6sdl/lib/libboard_smart_device_rev_a.a(ipu_iomux_config.o)
                0x000000001004ac1c                ipu_iomux_config
 .text          0x000000001004ac6c      0x190 /home/leon/git/swp-report/iMX6_Platform_SDK/output/mx6sdl/lib/libboard_smart_device_rev_a.a(kpp_iomux_config.o)
                0x000000001004ac6c                kpp_iomux_config
 .text          0x000000001004adfc     0x2484 /home/leon/git/swp-report/iMX6_Platform_SDK/output/mx6sdl/lib/libboard_smart_device_rev_a.a(mmdc_iomux_config.o)
                0x000000001004adfc                mmdc_iomux_config
 .text          0x000000001004d280       0x34 /home/leon/git/swp-report/iMX6_Platform_SDK/output/mx6sdl/lib/libboard_smart_device_rev_a.a(pwm1_iomux_config.o)
                0x000000001004d280                pwm1_iomux_config
 .text          0x000000001004d2b4       0x70 /home/leon/git/swp-report/iMX6_Platform_SDK/output/mx6sdl/lib/libboard_smart_device_rev_a.a(sjc_iomux_config.o)
                0x000000001004d2b4                sjc_iomux_config
 .text          0x000000001004d324       0x78 /home/leon/git/swp-report/iMX6_Platform_SDK/output/mx6sdl/lib/libboard_smart_device_rev_a.a(uart1_iomux_config.o)
                0x000000001004d324                uart1_iomux_config
 .text          0x000000001004d39c       0x8c /home/leon/git/swp-report/iMX6_Platform_SDK/output/mx6sdl/lib/libboard_smart_device_rev_a.a(uart_iomux_config.o)
                0x000000001004d39c                uart_iomux_config
 .text          0x000000001004d428      0x188 /home/leon/git/swp-report/iMX6_Platform_SDK/output/mx6sdl/lib/libboard_smart_device_rev_a.a(usdhc2_iomux_config.o)
                0x000000001004d428                usdhc2_iomux_config
 .text          0x000000001004d5b0      0x188 /home/leon/git/swp-report/iMX6_Platform_SDK/output/mx6sdl/lib/libboard_smart_device_rev_a.a(usdhc3_iomux_config.o)
                0x000000001004d5b0                usdhc3_iomux_config
 .text          0x000000001004d738      0x188 /home/leon/git/swp-report/iMX6_Platform_SDK/output/mx6sdl/lib/libboard_smart_device_rev_a.a(usdhc4_iomux_config.o)
                0x000000001004d738                usdhc4_iomux_config
 .text          0x000000001004d8c0       0x80 /home/leon/git/swp-report/iMX6_Platform_SDK/output/mx6sdl/lib/libboard_smart_device_rev_a.a(usdhc_iomux_config.o)
                0x000000001004d8c0                usdhc_iomux_config
 .text          0x000000001004d940       0xe0 /home/leon/git/swp-report/iMX6_Platform_SDK/output/mx6sdl/lib/libboard_smart_device_rev_a.a(ecspi1_iomux_config.o)
                0x000000001004d940                ecspi1_iomux_config
 .text          0x000000001004da20       0x68 /home/leon/git/swp-report/iMX6_Platform_SDK/output/mx6sdl/lib/libboard_smart_device_rev_a.a(flexcan1_iomux_config.o)
                0x000000001004da20                flexcan1_iomux_config
 .text          0x000000001004da88      0x274 /home/leon/git/swp-report/iMX6_Platform_SDK/output/mx6sdl/lib/libboard_smart_device_rev_a.a(gpio1_iomux_config.o)
                0x000000001004da88                gpio1_iomux_config
 .text          0x000000001004dcfc      0x164 /home/leon/git/swp-report/iMX6_Platform_SDK/output/mx6sdl/lib/libboard_smart_device_rev_a.a(gpio2_iomux_config.o)
                0x000000001004dcfc                gpio2_iomux_config
 .text          0x000000001004de60      0x258 /home/leon/git/swp-report/iMX6_Platform_SDK/output/mx6sdl/lib/libboard_smart_device_rev_a.a(gpio3_iomux_config.o)
                0x000000001004de60                gpio3_iomux_config
 .text          0x000000001004e0b8       0xa0 /home/leon/git/swp-report/iMX6_Platform_SDK/output/mx6sdl/lib/libboard_smart_device_rev_a.a(gpio4_iomux_config.o)
                0x000000001004e0b8                gpio4_iomux_config
 .text          0x000000001004e158       0x50 /home/leon/git/swp-report/iMX6_Platform_SDK/output/mx6sdl/lib/libboard_smart_device_rev_a.a(gpio5_iomux_config.o)
                0x000000001004e158                gpio5_iomux_config
 .text          0x000000001004e1a8      0x150 /home/leon/git/swp-report/iMX6_Platform_SDK/output/mx6sdl/lib/libboard_smart_device_rev_a.a(gpio6_iomux_config.o)
                0x000000001004e1a8                gpio6_iomux_config
 .text          0x000000001004e2f8       0x7c /home/leon/git/swp-report/iMX6_Platform_SDK/output/mx6sdl/lib/libboard_smart_device_rev_a.a(gpio7_iomux_config.o)
                0x000000001004e2f8                gpio7_iomux_config
 .text          0x000000001004e374       0xdc /home/leon/git/swp-report/iMX6_Platform_SDK/output/mx6sdl/lib/libboard_smart_device_rev_a.a(gps_iomux_config.o)
                0x000000001004e374                gps_iomux_config
 .text          0x000000001004e450       0x78 /home/leon/git/swp-report/iMX6_Platform_SDK/output/mx6sdl/lib/libboard_smart_device_rev_a.a(i2c1_iomux_config.o)
                0x000000001004e450                i2c1_iomux_config
 .text          0x000000001004e4c8       0x78 /home/leon/git/swp-report/iMX6_Platform_SDK/output/mx6sdl/lib/libboard_smart_device_rev_a.a(i2c2_iomux_config.o)
                0x000000001004e4c8                i2c2_iomux_config
 .text          0x000000001004e540       0x78 /home/leon/git/swp-report/iMX6_Platform_SDK/output/mx6sdl/lib/libboard_smart_device_rev_a.a(i2c3_iomux_config.o)
                0x000000001004e540                i2c3_iomux_config
 .text          0x000000001004e5b8       0x64 /home/src/arm/target/bin/../arm-none-eabi/lib//libc.a(lib_a-assert.o)
                0x000000001004e5b8                __assert_func
                0x000000001004e60c                __assert
 .text          0x000000001004e61c       0x20 /home/src/arm/target/bin/../arm-none-eabi/lib//libc.a(lib_a-bzero.o)
                0x000000001004e61c                bzero
 .text          0x000000001004e63c       0x70 /home/src/arm/target/bin/../arm-none-eabi/lib//libc.a(lib_a-fiprintf.o)
                0x000000001004e63c                _fiprintf_r
                0x000000001004e66c                fiprintf
 .text          0x000000001004e6ac       0x8c /home/src/arm/target/bin/../arm-none-eabi/lib//libc.a(lib_a-fputc.o)
                0x000000001004e6ac                _fputc_r
                0x000000001004e6f0                fputc
 .text          0x000000001004e738        0x0 /home/src/arm/target/bin/../arm-none-eabi/lib//libc.a(lib_a-impure.o)
 .text          0x000000001004e738       0x88 /home/src/arm/target/bin/../arm-none-eabi/lib//libc.a(lib_a-init.o)
                0x000000001004e738                __libc_init_array
 .text          0x000000001004e7c0       0x40 /home/src/arm/target/bin/../arm-none-eabi/lib//libc.a(lib_a-malloc.o)
                0x000000001004e7c0                malloc
                0x000000001004e7e0                free
 .text          0x000000001004e800      0x72c /home/src/arm/target/bin/../arm-none-eabi/lib//libc.a(lib_a-mallocr.o)
                0x000000001004e800                _malloc_r
 .text          0x000000001004ef2c       0xf0 /home/src/arm/target/bin/../arm-none-eabi/lib//libc.a(lib_a-memcpy-stub.o)
                0x000000001004ef2c                memcpy
 .text          0x000000001004f01c       0xf4 /home/src/arm/target/bin/../arm-none-eabi/lib//libc.a(lib_a-memset.o)
                0x000000001004f01c                memset
 .text          0x000000001004f110        0x8 /home/src/arm/target/bin/../arm-none-eabi/lib//libc.a(lib_a-mlock.o)
                0x000000001004f110                __malloc_lock
                0x000000001004f114                __malloc_unlock
 .text          0x000000001004f118       0x74 /home/src/arm/target/bin/../arm-none-eabi/lib//libc.a(lib_a-printf.o)
                0x000000001004f118                _printf_r
                0x000000001004f14c                printf
 .text          0x000000001004f18c      0x158 /home/src/arm/target/bin/../arm-none-eabi/lib//libc.a(lib_a-putc.o)
                0x000000001004f18c                _putc_r
                0x000000001004f230                putc
 .text          0x000000001004f2e4       0x24 /home/src/arm/target/bin/../arm-none-eabi/lib//libc.a(lib_a-realloc.o)
                0x000000001004f2e4                realloc
 .text          0x000000001004f308      0x56c /home/src/arm/target/bin/../arm-none-eabi/lib//libc.a(lib_a-reallocr.o)
                0x000000001004f308                _realloc_r
 .text          0x000000001004f874       0x70 /home/src/arm/target/bin/../arm-none-eabi/lib//libc.a(lib_a-rget.o)
                0x000000001004f874                __srget_r
                0x000000001004f8d0                __srget
 .text          0x000000001004f8e4       0x44 /home/src/arm/target/bin/../arm-none-eabi/lib//libc.a(lib_a-sbrkr.o)
                0x000000001004f8e4                _sbrk_r
 .text          0x000000001004f928       0xdc /home/src/arm/target/bin/../arm-none-eabi/lib//libc.a(lib_a-sprintf.o)
                0x000000001004f928                _sprintf_r
                0x000000001004f990                sprintf
 .text          0x000000001004fa04       0x9c /home/src/arm/target/bin/../arm-none-eabi/lib//libc.a(lib_a-strcat.o)
                0x000000001004fa04                strcat
 .text          0x000000001004faa0      0x230 /home/src/arm/target/bin/../arm-none-eabi/lib//libc.a(lib_a-strcmp.o)
                0x000000001004faa0                strcmp
 .text          0x000000001004fcd0       0xf0 /home/src/arm/target/bin/../arm-none-eabi/lib//libc.a(lib_a-strcpy.o)
                0x000000001004fcd0                strcpy
 .text          0x000000001004fdc0       0x60 /home/src/arm/target/bin/../arm-none-eabi/lib//libc.a(lib_a-strlen.o)
                0x000000001004fdc0                strlen
 .text          0x000000001004fe20       0x8c /home/src/arm/target/bin/../arm-none-eabi/lib//libc.a(lib_a-strncasecmp.o)
                0x000000001004fe20                strncasecmp
 .text          0x000000001004feac       0x24 /home/src/arm/target/bin/../arm-none-eabi/lib//libc.a(lib_a-strtok.o)
                0x000000001004feac                strtok
 .text          0x000000001004fed0       0xc8 /home/src/arm/target/bin/../arm-none-eabi/lib//libc.a(lib_a-strtok_r.o)
                0x000000001004fed0                __strtok_r
                0x000000001004ff90                strtok_r
 .text          0x000000001004ff98     0x1d44 /home/src/arm/target/bin/../arm-none-eabi/lib//libc.a(lib_a-svfprintf.o)
                0x000000001004ff98                _svfprintf_r
 .text          0x0000000010051cdc      0x9f4 /home/src/arm/target/bin/../arm-none-eabi/lib//libc.a(lib_a-syscalls.o)
                0x0000000010051d90                initialise_monitor_handles
                0x0000000010051e54                _swiread
                0x0000000010051e94                _read
                0x0000000010051f58                _swilseek
                0x0000000010052064                _lseek
                0x0000000010052084                _swiwrite
                0x00000000100520c4                _write
                0x000000001005218c                _swiopen
                0x000000001005228c                _open
                0x00000000100522c0                _swiclose
                0x0000000010052338                _close
                0x0000000010052358                _kill
                0x0000000010052390                _exit
                0x00000000100523b8                _getpid
                0x00000000100523c0                _sbrk
                0x0000000010052418                _fstat
                0x000000001005244c                _stat
                0x00000000100524a0                _link
                0x00000000100524a8                _unlink
                0x00000000100524fc                _raise
                0x0000000010052500                _gettimeofday
                0x0000000010052550                _times
                0x0000000010052594                _isatty
                0x00000000100525e4                _system
                0x0000000010052668                _rename
 .text          0x00000000100526d0     0x1238 /home/src/arm/target/bin/../arm-none-eabi/lib//libc.a(lib_a-vfiprintf.o)
                0x000000001005277c                __sprint_r
                0x0000000010052794                _vfiprintf_r
                0x0000000010053810                vfiprintf
 .text          0x0000000010053908     0x1e98 /home/src/arm/target/bin/../arm-none-eabi/lib//libc.a(lib_a-vfprintf.o)
                0x0000000010053908                _vfprintf_r
                0x00000000100556a8                vfprintf
 .text          0x00000000100557a0       0x48 /home/src/arm/target/bin/../arm-none-eabi/lib//libc.a(lib_a-vprintf.o)
                0x00000000100557a0                vprintf
                0x00000000100557cc                _vprintf_r
 .text          0x00000000100557e8      0x13c /home/src/arm/target/bin/../arm-none-eabi/lib//libc.a(lib_a-wbuf.o)
                0x00000000100557e8                __swbuf_r
                0x000000001005590c                __swbuf
 .text          0x0000000010055924      0x15c /home/src/arm/target/bin/../arm-none-eabi/lib//libc.a(lib_a-wsetup.o)
                0x0000000010055924                __swsetup_r
 .text          0x0000000010055a80       0x14 /home/src/arm/target/bin/../arm-none-eabi/lib//libc.a(lib_a-abort.o)
                0x0000000010055a80                abort
 .text          0x0000000010055a94        0x0 /home/src/arm/target/bin/../arm-none-eabi/lib//libc.a(lib_a-ctype_.o)
 *fill*         0x0000000010055a94        0x4 
 .text          0x0000000010055a98     0x18d8 /home/src/arm/target/bin/../arm-none-eabi/lib//libc.a(lib_a-dtoa.o)
                0x0000000010055c78                _dtoa_r
 .text          0x0000000010057370       0x10 /home/src/arm/target/bin/../arm-none-eabi/lib//libc.a(lib_a-errno.o)
                0x0000000010057370                __errno
 .text          0x0000000010057380      0x2d4 /home/src/arm/target/bin/../arm-none-eabi/lib//libc.a(lib_a-fflush.o)
                0x0000000010057380                __sflush_r
                0x00000000100575c4                _fflush_r
                0x0000000010057618                fflush
 .text          0x0000000010057654      0x354 /home/src/arm/target/bin/../arm-none-eabi/lib//libc.a(lib_a-findfp.o)
                0x0000000010057664                _cleanup_r
                0x000000001005767c                __sfmoreglue
                0x00000000100576cc                _cleanup
                0x00000000100576f0                __sinit
                0x0000000010057858                __sfp
                0x0000000010057950                __sfp_lock_acquire
                0x0000000010057954                __sfp_lock_release
                0x0000000010057958                __sinit_lock_acquire
                0x000000001005795c                __sinit_lock_release
                0x0000000010057960                __fp_lock_all
                0x0000000010057984                __fp_unlock_all
 .text          0x00000000100579a8      0x188 /home/src/arm/target/bin/../arm-none-eabi/lib//libc.a(lib_a-fputwc.o)
                0x00000000100579a8                _fputwc_r
                0x0000000010057aec                fputwc
 .text          0x0000000010057b30      0x36c /home/src/arm/target/bin/../arm-none-eabi/lib//libc.a(lib_a-freer.o)
                0x0000000010057b30                _malloc_trim_r
                0x0000000010057c30                _free_r
 .text          0x0000000010057e9c      0x4dc /home/src/arm/target/bin/../arm-none-eabi/lib//libc.a(lib_a-fvwrite.o)
                0x0000000010057e9c                __sfvwrite_r
 .text          0x0000000010058378      0x110 /home/src/arm/target/bin/../arm-none-eabi/lib//libc.a(lib_a-fwalk.o)
                0x0000000010058378                _fwalk
                0x00000000100583fc                _fwalk_reent
 .text          0x0000000010058488       0xd0 /home/src/arm/target/bin/../arm-none-eabi/lib//libc.a(lib_a-locale.o)
                0x0000000010058488                _setlocale_r
                0x00000000100584f8                __locale_charset
                0x0000000010058504                __locale_mb_cur_max
                0x0000000010058514                __locale_msgcharset
                0x0000000010058520                __locale_cjk_lang
                0x0000000010058528                _localeconv_r
                0x0000000010058534                setlocale
                0x000000001005854c                localeconv
 .text          0x0000000010058558      0x174 /home/src/arm/target/bin/../arm-none-eabi/lib//libc.a(lib_a-makebuf.o)
                0x0000000010058558                __smakebuf_r
 .text          0x00000000100586cc      0x114 /home/src/arm/target/bin/../arm-none-eabi/lib//libc.a(lib_a-memchr-stub.o)
                0x00000000100586cc                memchr
 .text          0x00000000100587e0      0x134 /home/src/arm/target/bin/../arm-none-eabi/lib//libc.a(lib_a-memmove.o)
                0x00000000100587e0                memmove
 .text          0x0000000010058914      0xd30 /home/src/arm/target/bin/../arm-none-eabi/lib//libc.a(lib_a-mprec.o)
                0x0000000010058914                _Balloc
                0x00000000100589a0                _Bfree
                0x00000000100589bc                __multadd
                0x0000000010058a98                __s2b
                0x0000000010058b80                __hi0bits
                0x0000000010058bdc                __lo0bits
                0x0000000010058c70                __i2b
                0x0000000010058c94                __multiply
                0x0000000010058e7c                __pow5mult
                0x0000000010058f80                __lshift
                0x000000001005908c                __mcmp
                0x00000000100590ec                __mdiff
                0x0000000010059230                __ulp
                0x0000000010059294                __b2d
                0x000000001005936c                __d2b
                0x0000000010059478                __ratio
                0x0000000010059500                _mprec_log10
                0x0000000010059558                __copybits
                0x00000000100595c8                __any_on
 .text          0x0000000010059644      0x134 /home/src/arm/target/bin/../arm-none-eabi/lib//libc.a(lib_a-reent.o)
                0x0000000010059644                cleanup_glue
                0x0000000010059670                _reclaim_reent
 .text          0x0000000010059778      0x20c /home/src/arm/target/bin/../arm-none-eabi/lib//libc.a(lib_a-refill.o)
                0x00000000100597a4                __srefill_r
 .text          0x0000000010059984       0x6c /home/src/arm/target/bin/../arm-none-eabi/lib//libc.a(lib_a-s_fpclassify.o)
                0x0000000010059984                __fpclassifyd
 .text          0x00000000100599f0      0x254 /home/src/arm/target/bin/../arm-none-eabi/lib//libc.a(lib_a-signal.o)
                0x00000000100599f0                _init_signal_r
                0x0000000010059a54                _signal_r
                0x0000000010059ac8                _raise_r
                0x0000000010059b60                __sigtramp_r
                0x0000000010059bf4                raise
                0x0000000010059c08                signal
                0x0000000010059c20                _init_signal
                0x0000000010059c30                __sigtramp
 .text          0x0000000010059c44       0x50 /home/src/arm/target/bin/../arm-none-eabi/lib//libc.a(lib_a-signalr.o)
                0x0000000010059c44                _kill_r
                0x0000000010059c84                _getpid_r
 .text          0x0000000010059c94       0xd8 /home/src/arm/target/bin/../arm-none-eabi/lib//libc.a(lib_a-stdio.o)
                0x0000000010059c94                __sread
                0x0000000010059cc8                __seofread
                0x0000000010059cd0                __swrite
                0x0000000010059d28                __sseek
                0x0000000010059d58                __sclose
 .text          0x0000000010059d6c     0x101c /home/src/arm/target/bin/../arm-none-eabi/lib//libc.a(lib_a-svfiprintf.o)
                0x0000000010059d6c                __ssprint_r
                0x0000000010059f18                _svfiprintf_r
 .text          0x000000001005ad88      0x128 /home/src/arm/target/bin/../arm-none-eabi/lib//libc.a(lib_a-wcrtomb.o)
                0x000000001005ad88                _wcrtomb_r
                0x000000001005ae18                wcrtomb
 .text          0x000000001005aeb0       0x7c /home/src/arm/target/bin/../arm-none-eabi/lib//libc.a(lib_a-wctomb_r.o)
                0x000000001005aeb0                __ascii_wctomb
                0x000000001005aedc                _wctomb_r
 .text          0x000000001005af2c       0x44 /home/src/arm/target/bin/../arm-none-eabi/lib//libc.a(lib_a-writer.o)
                0x000000001005af2c                _write_r
 .text          0x000000001005af70       0x9c /home/src/arm/target/bin/../arm-none-eabi/lib//libc.a(lib_a-callocr.o)
                0x000000001005af70                _calloc_r
 .text          0x000000001005b00c       0x3c /home/src/arm/target/bin/../arm-none-eabi/lib//libc.a(lib_a-closer.o)
                0x000000001005b00c                _close_r
 .text          0x000000001005b048      0x104 /home/src/arm/target/bin/../arm-none-eabi/lib//libc.a(lib_a-fclose.o)
                0x000000001005b048                _fclose_r
                0x000000001005b138                fclose
 .text          0x000000001005b14c       0x40 /home/src/arm/target/bin/../arm-none-eabi/lib//libc.a(lib_a-fstatr.o)
                0x000000001005b14c                _fstat_r
 .text          0x000000001005b18c       0x3c /home/src/arm/target/bin/../arm-none-eabi/lib//libc.a(lib_a-isattyr.o)
                0x000000001005b18c                _isatty_r
 .text          0x000000001005b1c8       0x44 /home/src/arm/target/bin/../arm-none-eabi/lib//libc.a(lib_a-lseekr.o)
                0x000000001005b1c8                _lseek_r
 .text          0x000000001005b20c       0x44 /home/src/arm/target/bin/../arm-none-eabi/lib//libc.a(lib_a-readr.o)
                0x000000001005b20c                _read_r
 .text          0x000000001005b250      0x114 /home/src/arm/target/bin/../lib/gcc/arm-none-eabi/4.8.2//libgcc.a(_udivsi3.o)
                0x000000001005b250                __udivsi3
                0x000000001005b250                __aeabi_uidiv
                0x000000001005b344                __aeabi_uidivmod
 .text          0x000000001005b364      0x148 /home/src/arm/target/bin/../lib/gcc/arm-none-eabi/4.8.2//libgcc.a(_divsi3.o)
                0x000000001005b364                __aeabi_idiv
                0x000000001005b364                __divsi3
                0x000000001005b48c                __aeabi_idivmod
 .text          0x000000001005b4ac        0x4 /home/src/arm/target/bin/../lib/gcc/arm-none-eabi/4.8.2//libgcc.a(_dvmd_tls.o)
                0x000000001005b4ac                __aeabi_ldiv0
                0x000000001005b4ac                __aeabi_idiv0
 .text          0x000000001005b4b0      0x41c /home/src/arm/target/bin/../lib/gcc/arm-none-eabi/4.8.2//libgcc.a(_arm_addsubdf3.o)
                0x000000001005b4b0                __aeabi_drsub
                0x000000001005b4b8                __aeabi_dsub