Archive member included because of file (symbol)

/home/leon/git/swp-report/iMX6_Platform_SDK/output/mx6sdl/lib/libsdk.a(max7310.o)
                              /home/leon/git/swp-report/iMX6_Platform_SDK/output/mx6sdl/obds/smart_device_rev_a/obj/apps/obds/src/tests/fm_tuner_si476x_test.o (max7310_set_gpio_output)
/home/leon/git/swp-report/iMX6_Platform_SDK/output/mx6sdl/lib/libsdk.a(ccm_pll.o)
                              /home/leon/git/swp-report/iMX6_Platform_SDK/output/mx6sdl/obds/smart_device_rev_a/obj/apps/common/platform_init.o (ccm_init)
/home/leon/git/swp-report/iMX6_Platform_SDK/output/mx6sdl/lib/libsdk.a(cortexA9.o)
                              /home/leon/git/swp-report/iMX6_Platform_SDK/output/mx6sdl/obds/smart_device_rev_a/obj/apps/common/platform_init.o (arm_set_interrupt_state)
/home/leon/git/swp-report/iMX6_Platform_SDK/output/mx6sdl/lib/libsdk.a(gic.o)
                              /home/leon/git/swp-report/iMX6_Platform_SDK/output/mx6sdl/obds/smart_device_rev_a/obj/apps/common/platform_init.o (gic_init)
/home/leon/git/swp-report/iMX6_Platform_SDK/output/mx6sdl/lib/libsdk.a(interrupt.o)
                              /home/leon/git/swp-report/iMX6_Platform_SDK/output/mx6sdl/obds/smart_device_rev_a/obj/sdk/drivers/hdmi/test/hdmi_test.o (disable_interrupt)
/home/leon/git/swp-report/iMX6_Platform_SDK/output/mx6sdl/lib/libsdk.a(mmu.o)
                              /home/leon/git/swp-report/iMX6_Platform_SDK/output/mx6sdl/obds/smart_device_rev_a/obj/apps/common/platform_init.o (mmu_init)
/home/leon/git/swp-report/iMX6_Platform_SDK/output/mx6sdl/lib/libsdk.a(startup.o)
                              (_start)
/home/leon/git/swp-report/iMX6_Platform_SDK/output/mx6sdl/lib/libsdk.a(vectors.o)
                              /home/leon/git/swp-report/iMX6_Platform_SDK/output/mx6sdl/lib/libsdk.a(startup.o) (vectors)
/home/leon/git/swp-report/iMX6_Platform_SDK/output/mx6sdl/lib/libsdk.a(menu.o)
                              /home/leon/git/swp-report/iMX6_Platform_SDK/output/mx6sdl/obds/smart_device_rev_a/obj/apps/obds/src/obds.o (menu_get_indent)
/home/leon/git/swp-report/iMX6_Platform_SDK/output/mx6sdl/lib/libsdk.a(sdk_version.o)
                              /home/leon/git/swp-report/iMX6_Platform_SDK/output/mx6sdl/obds/smart_device_rev_a/obj/apps/common/print_version.o (k_sdk_version)
/home/leon/git/swp-report/iMX6_Platform_SDK/output/mx6sdl/lib/libsdk.a(system_util.o)
                              /home/leon/git/swp-report/iMX6_Platform_SDK/output/mx6sdl/lib/libsdk.a(startup.o) (_sys_exit)
/home/leon/git/swp-report/iMX6_Platform_SDK/output/mx6sdl/lib/libsdk.a(text_color.o)
                              /home/leon/git/swp-report/iMX6_Platform_SDK/output/mx6sdl/obds/smart_device_rev_a/obj/apps/obds/src/obds.o (g_TextAttributeDefault)
/home/leon/git/swp-report/iMX6_Platform_SDK/output/mx6sdl/lib/libsdk.a(cs42888.o)
                              /home/leon/git/swp-report/iMX6_Platform_SDK/output/mx6sdl/obds/smart_device_rev_a/obj/apps/obds/src/tests/i2c_device_check_cs42888.o (cs42888_init)
/home/leon/git/swp-report/iMX6_Platform_SDK/output/mx6sdl/lib/libsdk.a(imx-ssi.o)
                              /home/leon/git/swp-report/iMX6_Platform_SDK/output/mx6sdl/obds/smart_device_rev_a/obj/sdk/drivers/audio/src/snd_card.o (imx_ssi_2)
/home/leon/git/swp-report/iMX6_Platform_SDK/output/mx6sdl/lib/libsdk.a(imx_audmux.o)
                              /home/leon/git/swp-report/iMX6_Platform_SDK/output/mx6sdl/obds/smart_device_rev_a/obj/apps/obds/src/tests/audio_ssi_test.o (audmux_route)
/home/leon/git/swp-report/iMX6_Platform_SDK/output/mx6sdl/lib/libsdk.a(imx_esai.o)
                              /home/leon/git/swp-report/iMX6_Platform_SDK/output/mx6sdl/obds/smart_device_rev_a/obj/sdk/drivers/audio/src/snd_card.o (imx_esai_1)
/home/leon/git/swp-report/iMX6_Platform_SDK/output/mx6sdl/lib/libsdk.a(imx_spdif.o)
                              /home/leon/git/swp-report/iMX6_Platform_SDK/output/mx6sdl/obds/smart_device_rev_a/obj/sdk/drivers/audio/src/snd_card.o (imx_spdif)
/home/leon/git/swp-report/iMX6_Platform_SDK/output/mx6sdl/lib/libsdk.a(sgtl5000.o)
                              /home/leon/git/swp-report/iMX6_Platform_SDK/output/mx6sdl/obds/smart_device_rev_a/obj/sdk/drivers/audio/src/snd_card.o (sgtl5000)
/home/leon/git/swp-report/iMX6_Platform_SDK/output/mx6sdl/lib/libsdk.a(wm8958_dac.o)
                              /home/leon/git/swp-report/iMX6_Platform_SDK/output/mx6sdl/obds/smart_device_rev_a/obj/sdk/drivers/audio/src/snd_card.o (wm8958)
/home/leon/git/swp-report/iMX6_Platform_SDK/output/mx6sdl/lib/libsdk.a(wm8962.o)
                              /home/leon/git/swp-report/iMX6_Platform_SDK/output/mx6sdl/obds/smart_device_rev_a/obj/sdk/drivers/audio/src/snd_card.o (wm8962)
/home/leon/git/swp-report/iMX6_Platform_SDK/output/mx6sdl/lib/libsdk.a(board_id.o)
                              /home/leon/git/swp-report/iMX6_Platform_SDK/output/mx6sdl/obds/smart_device_rev_a/obj/apps/common/print_version.o (chip_name)
[...]
Memory Configuration

Name             Origin             Length             Attributes
OCRAM            0x00900000         0x00020000         xrw
DDR              0x10000000         0x40000000         xrw
*default*        0x00000000         0xffffffff

Linker script and memory map

LOAD /home/leon/riotboard/arm-2012.09/bin/../lib/gcc/arm-none-eabi/4.7.2//crtbegin.o
LOAD /home/leon/riotboard/arm-2012.09/bin/../lib/gcc/arm-none-eabi/4.7.2//crti.o
LOAD /home/leon/riotboard/arm-2012.09/bin/../lib/gcc/arm-none-eabi/4.7.2//crtend.o
LOAD /home/leon/riotboard/arm-2012.09/bin/../lib/gcc/arm-none-eabi/4.7.2//crtn.o

.l1_page_table  0x00900000     0x4000
                0x00900000                __l1_page_table_start = .
                0x00904000                . = (. + 0x4000)
 *fill*         0x00900000     0x4000 

.heap.ocram     0x00904000    0x1bfb8
                0x00904000                __heap_ocram_start = .
                0x0091ffb8                . = (. + 0x1bfb8)
 *fill*         0x00904000    0x1bfb8 
                0x0091ffb8                __heap_ocram_end = .

.ram_vectors    0x0091ffb8       0x48
                0x0091ffb8                __ram_vectors_start = .
                0x00920000                . = (. + 0x48)
 *fill*         0x0091ffb8       0x48 
                0x00920000                __ram_vectors_end = .
                0x10000000                _start_image_add = ORIGIN (DDR)

.ivt            0x10000000      0x420
                0x10000400                . = (. + 0x400)
 *fill*         0x10000000      0x400 
 *(.ivt)
 .ivt           0x10000400       0x20 /home/leon/git/swp-report/iMX6_Platform_SDK/output/mx6sdl/obds/smart_device_rev_a/obj/apps/common/ivt.o
                0x10000400                input_ivt

.boot_data      0x10000420        0xc
                0x10000420                __start_boot_data = .
 *(.boot_data)
 .boot_data     0x10000420        0xc /home/leon/git/swp-report/iMX6_Platform_SDK/output/mx6sdl/obds/smart_device_rev_a/obj/apps/common/ivt.o
                0x10000420                bd

.dcd_hdr        0x10000430        0x4
                0x10000430                __start_dcd = .
 *(.dcd_hdr)
 .dcd_hdr       0x10000430        0x4 /home/leon/git/swp-report/iMX6_Platform_SDK/output/mx6sdl/lib/libboard_smart_device_rev_a.a(dcd.o)
                0x10000430                input_dcd_hdr

.dcd_wrt_cmd    0x10000434        0x4
 *(.dcd_wrt_cmd)
 .dcd_wrt_cmd   0x10000434        0x4 /home/leon/git/swp-report/iMX6_Platform_SDK/output/mx6sdl/lib/libboard_smart_device_rev_a.a(dcd.o)
                0x10000434                input_dcd_wrt_cmd

.dcd_data       0x10000438      0x298
 *(.dcd_data)
 .dcd_data      0x10000438      0x298 /home/leon/git/swp-report/iMX6_Platform_SDK/output/mx6sdl/lib/libboard_smart_device_rev_a.a(dcd.o)
                0x10000438                input_dcd

.text           0x100006d0    0x5ca24
 CREATE_OBJECT_SYMBOLS
 *(.startup)
 .startup       0x100006d0      0x138 /home/leon/git/swp-report/iMX6_Platform_SDK/output/mx6sdl/lib/libsdk.a(startup.o)
                0x100006d0                _start
 *(.text .text.* .gnu.linkonce.t.*)
 .text          0x10000808      0x128 /home/leon/riotboard/arm-2012.09/bin/../lib/gcc/arm-none-eabi/4.7.2//crtbegin.o
 .text          0x10000930        0x0 /home/leon/riotboard/arm-2012.09/bin/../lib/gcc/arm-none-eabi/4.7.2//crti.o
 .text          0x10000930        0x0 /home/leon/riotboard/arm-2012.09/bin/../lib/gcc/arm-none-eabi/4.7.2//crtend.o
 .text          0x10000930        0x0 /home/leon/riotboard/arm-2012.09/bin/../lib/gcc/arm-none-eabi/4.7.2//crtn.o
 .text          0x10000930        0x0 /home/leon/git/swp-report/iMX6_Platform_SDK/output/mx6sdl/obds/smart_device_rev_a/obj/apps/common/ivt.o
 .text          0x10000930       0xbc /home/leon/git/swp-report/iMX6_Platform_SDK/output/mx6sdl/obds/smart_device_rev_a/obj/apps/common/platform_init.o
                0x10000930                platform_init
 .text          0x100009ec       0xfc /home/leon/git/swp-report/iMX6_Platform_SDK/output/mx6sdl/obds/smart_device_rev_a/obj/apps/common/print_clock_info.o
                0x100009ec                show_freq
                0x10000ad8                show_ddr_config
 .text          0x10000ae8      0x15c /home/leon/git/swp-report/iMX6_Platform_SDK/output/mx6sdl/obds/smart_device_rev_a/obj/apps/common/print_version.o
                0x10000ae8                print_version
 .text          0x10000c44     0x10bc /home/leon/git/swp-report/iMX6_Platform_SDK/output/mx6sdl/obds/smart_device_rev_a/obj/apps/obds/src/obds.o
                0x10000c44                main
                0x10000fac                free_test_results
                0x10001044                printf_hook
                0x10001210                prompt_run_test
                0x100012b4                print_test_passed
                0x10001300                print_test_skipped
                0x1000134c                print_test_failed
                0x100013a4                print_test_not_implemented
                0x100013fc                run_test
                0x10001648                report_test_results
                0x10001a10                run_all_tests
                0x10001bfc                select_tests
 .text          0x10001d00      0x770 /home/leon/git/swp-report/iMX6_Platform_SDK/output/mx6sdl/obds/smart_device_rev_a/obj/apps/obds/src/obds_utils.o
                0x10001d00                show_boot_switch_info
 .text          0x10002470      0x330 /home/leon/git/swp-report/iMX6_Platform_SDK/output/mx6sdl/obds/smart_device_rev_a/obj/apps/obds/src/tests/android_buttons_test.o
                0x10002470                configure_android_button
                0x100024d8                init_android_buttons
                0x10002528                check_android_button_status
                0x10002674                android_buttons_test
 .text          0x100027a0      0xe14 /home/leon/git/swp-report/iMX6_Platform_SDK/output/mx6sdl/obds/smart_device_rev_a/obj/apps/obds/src/tests/audio_esai_test.o
                0x100027a0                esai_test
 .text          0x100035b4      0x3fc /home/leon/git/swp-report/iMX6_Platform_SDK/output/mx6sdl/obds/smart_device_rev_a/obj/apps/obds/src/tests/audio_ssi_test.o
                0x100035b4                audio_test_init
                0x100036f0                i2s_audio_test
 .text          0x100039b0      0x610 /home/leon/git/swp-report/iMX6_Platform_SDK/output/mx6sdl/obds/smart_device_rev_a/obj/apps/obds/src/tests/ddr_test.o
                0x100039b0                get_ddr_density
                0x10003a74                ddr_test
 .text          0x10003fc0      0x2e4 /home/leon/git/swp-report/iMX6_Platform_SDK/output/mx6sdl/obds/smart_device_rev_a/obj/apps/obds/src/tests/deserializer_ds90ur124.o
                0x10003fc0                deserializer_io_config
                0x10003fd4                ds90ur124_init
                0x10004008                ds90ur124_receive_cnx_test
                0x100041cc                ds90ur124_test_main
 .text          0x100042a4      0x744 /home/leon/git/swp-report/iMX6_Platform_SDK/output/mx6sdl/obds/smart_device_rev_a/obj/apps/obds/src/tests/display_test.o
                0x100042a4                hdmi_720p_init
                0x1000483c                ipu_display_test_main
 .text          0x100049e8      0x978 /home/leon/git/swp-report/iMX6_Platform_SDK/output/mx6sdl/obds/smart_device_rev_a/obj/apps/obds/src/tests/enet_mx6dldq_test.o
                0x10004b7c                enet_test_main
                0x10004e1c                ar8031_test_main
                0x100050cc                KSZ9021RN_test_main
 .text          0x10005360       0x64 /home/leon/git/swp-report/iMX6_Platform_SDK/output/mx6sdl/obds/smart_device_rev_a/obj/apps/obds/src/tests/flexcan_test.o
                0x10005360                flexcan_test
 .text          0x100053c4      0x278 /home/leon/git/swp-report/iMX6_Platform_SDK/output/mx6sdl/obds/smart_device_rev_a/obj/apps/obds/src/tests/fm_tuner_si476x_test.o
                0x100055a8                si476x_test_main
 .text          0x1000563c      0x1d8 /home/leon/git/swp-report/iMX6_Platform_SDK/output/mx6sdl/obds/smart_device_rev_a/obj/apps/obds/src/tests/gpio_led.o
                0x1000563c                gpio_led_test
 .text          0x10005814       0xd4 /home/leon/git/swp-report/iMX6_Platform_SDK/output/mx6sdl/obds/smart_device_rev_a/obj/apps/obds/src/tests/gps_test.o
                0x10005814                gps_test
 .text          0x100058e8      0x618 /home/leon/git/swp-report/iMX6_Platform_SDK/output/mx6sdl/obds/smart_device_rev_a/obj/apps/obds/src/tests/i2c_check_light_sensor_isl29023.o
                0x10005dd0                i2c_device_id_check_isl29023
 .text          0x10005f00      0x2dc /home/leon/git/swp-report/iMX6_Platform_SDK/output/mx6sdl/obds/smart_device_rev_a/obj/apps/obds/src/tests/i2c_device_barometer_ppl3115.o
                0x100060d8                i2c_device_id_check_ppl3115
                0x10006168                i2c_device_ppl3115_test
 .text          0x100061dc       0x70 /home/leon/git/swp-report/iMX6_Platform_SDK/output/mx6sdl/obds/smart_device_rev_a/obj/apps/obds/src/tests/i2c_device_check_cs42888.o
                0x100061dc                i2c_device_check_cs42888
 .text          0x1000624c      0x1f4 /home/leon/git/swp-report/iMX6_Platform_SDK/output/mx6sdl/obds/smart_device_rev_a/obj/apps/obds/src/tests/i2c_device_digital_compass_mag3110.o
                0x1000624c                mag3110_reg_read
                0x10006360                i2c_device_id_check_mag3110
 .text          0x10006440      0x1fc /home/leon/git/swp-report/iMX6_Platform_SDK/output/mx6sdl/obds/smart_device_rev_a/obj/apps/obds/src/tests/i2c_device_digital_compass_mag3112.o
                0x10006440                mag3112_reg_read
                0x10006554                i2c_device_id_check_mag3112
 .text          0x1000663c      0x9ac /home/leon/git/swp-report/iMX6_Platform_SDK/output/mx6sdl/obds/smart_device_rev_a/obj/apps/obds/src/tests/i2c_device_id_check_mma8450.o
                0x10006814                i2c_device_id_check_MMA8450
                0x10006908                mma8450_set_config
                0x10006a10                mma8450_get_accel
                0x10006e1c                mma8450_show_accel
 .text          0x10006fe8      0x9ec /home/leon/git/swp-report/iMX6_Platform_SDK/output/mx6sdl/obds/smart_device_rev_a/obj/apps/obds/src/tests/i2c_device_id_check_mma8451.o
                0x100071c0                i2c_device_id_check_MMA8451
                0x100072e8                mma8451_set_config
                0x100073fc                mma8451_get_accel
                0x10007808                mma8451_show_accel
 .text          0x100079d4      0x89c /home/leon/git/swp-report/iMX6_Platform_SDK/output/mx6sdl/obds/smart_device_rev_a/obj/apps/obds/src/tests/i2c_device_id_check_p1003_tsc.o
                0x100079d4                p1003_version_reg_read
                0x10007b44                p1003_version_reg_write
                0x10007cc0                i2c_device_id_check_p1003
                0x10007e0c                p1003_get_touch
                0x1000806c                p1003_show_touch
 .text          0x10008270      0x730 /home/leon/git/swp-report/iMX6_Platform_SDK/output/mx6sdl/obds/smart_device_rev_a/obj/apps/obds/src/tests/i2c_device_temp_sensor_emc1046.o
                0x100087a4                wait_convertion_done
                0x10008818                i2c_device_id_check_emc1046
                0x1000892c                i2c_device_emc1046_test
 .text          0x100089a0      0x36c /home/leon/git/swp-report/iMX6_Platform_SDK/output/mx6sdl/obds/smart_device_rev_a/obj/apps/obds/src/tests/i2c_device_zigbee_mc1323.o
                0x10008be0                i2c_device_id_check_mc1323
                0x10008ca4                i2c_device_mc1323_test
 .text          0x10008d0c      0x358 /home/leon/git/swp-report/iMX6_Platform_SDK/output/mx6sdl/obds/smart_device_rev_a/obj/apps/obds/src/tests/i2c_eeprom_at24cxx_test.o
 .text          0x10009064      0x654 /home/leon/git/swp-report/iMX6_Platform_SDK/output/mx6sdl/obds/smart_device_rev_a/obj/apps/obds/src/tests/imx_spi_nor_test.o
                0x10009064                spi_nor_query
                0x100090c4                spi_nor_write
                0x1000913c                spi_nor_read
                0x100091b4                spi_nor_erase
                0x10009220                spi_nor_test
 .text          0x100096b8      0x3b4 /home/leon/git/swp-report/iMX6_Platform_SDK/output/mx6sdl/obds/smart_device_rev_a/obj/apps/obds/src/tests/mlb_os81050.o
                0x100096b8                mlb_io_config
                0x100096c8                os81050_i2c_init
                0x10009750                os81050_read_status
                0x100098ac                os81050_get_message
                0x100099cc                os81050_test_main
 .text          0x10009a6c      0x26c /home/leon/git/swp-report/iMX6_Platform_SDK/output/mx6sdl/obds/smart_device_rev_a/obj/apps/obds/src/tests/mmcsd_test.o
                0x10009a6c                mmcsd_test
 .text          0x10009cd8      0x658 /home/leon/git/swp-report/iMX6_Platform_SDK/output/mx6sdl/obds/smart_device_rev_a/obj/apps/obds/src/tests/pmic_da9053.o
                0x10009cd8                da9053_i2c_reg
                0x1000a228                i2c_device_id_check_DA9053
                0x1000a2e0                pmic_da9053_test
 .text          0x1000a330     0x138c /home/leon/git/swp-report/iMX6_Platform_SDK/output/mx6sdl/obds/smart_device_rev_a/obj/apps/obds/src/tests/pmic_lt3589.o
                0x1000a330                ltc3589_reg_read
                0x1000a428                ltc3589_reg_write
                0x1000a510                ltc3589_eval
                0x1000b0c0                ltc3589_backlight_en
                0x1000b2d4                ltc3589_camera_power_on
                0x1000b49c                sil9024_hdmi_power_on1
                0x1000b5cc                ltc3589_i2c_device_id_check
                0x1000b66c                pmic_lt3589_test
 .text          0x1000b6bc      0x2f8 /home/leon/git/swp-report/iMX6_Platform_SDK/output/mx6sdl/obds/smart_device_rev_a/obj/apps/obds/src/tests/pmic_max17135.o
                0x1000b6bc                max17135_reg_read
                0x1000b7ac                max17135_reg_write
                0x1000b904                i2c_device_id_check_MAX17135
 .text          0x1000b9b4      0x3a0 /home/leon/git/swp-report/iMX6_Platform_SDK/output/mx6sdl/obds/smart_device_rev_a/obj/apps/obds/src/tests/pmic_mc13892.o
                0x1000b9b4                mc13892_i2c_reg
                0x1000b9f4                pmic_open_vgen1
                0x1000badc                pmic_open_vusb
                0x1000bba8                pmic_open_vsd
                0x1000bcc4                device_id_check_mc13892
                0x1000bcf4                pmic_mc13892_test
 .text          0x1000bd54      0x77c /home/leon/git/swp-report/iMX6_Platform_SDK/output/mx6sdl/obds/smart_device_rev_a/obj/apps/obds/src/tests/program_board_id.o
                0x1000bd84                program_board_id_fuses
                0x1000bf84                program_board_id
 .text          0x1000c4d0      0x8cc /home/leon/git/swp-report/iMX6_Platform_SDK/output/mx6sdl/obds/smart_device_rev_a/obj/apps/obds/src/tests/program_mac_address.o
                0x1000c500                read_mac_otp_registers
                0x1000c5bc                mac_address_str
                0x1000c65c                program_mac_address_fuses
                0x1000c8d4                program_mac_address
 .text          0x1000cd9c      0x1fc /home/leon/git/swp-report/iMX6_Platform_SDK/output/mx6sdl/obds/smart_device_rev_a/obj/apps/obds/src/tests/snvs_srtc_test.o
                0x1000cd9c                snvs_srtc_test
 .text          0x1000cf98      0x65c /home/leon/git/swp-report/iMX6_Platform_SDK/output/mx6sdl/obds/smart_device_rev_a/obj/apps/obds/src/tests/touch_button_test.o
                0x1000d170                i2c_device_id_check_touch_button
                0x1000d3e4                touch_button_test
 .text          0x1000d5f4      0x6e0 /home/leon/git/swp-report/iMX6_Platform_SDK/output/mx6sdl/obds/smart_device_rev_a/obj/apps/obds/src/tests/touch_screen.o
                0x1000d5f4                DA9053_Write
                0x1000d6e0                DA9053_Read
                0x1000d7c4                touch_init
                0x1000d844                touch_get_xy_value
                0x1000d980                touch_detect
                0x1000da74                touch_screen_prompt
                0x1000db98                touch_screen_test
 .text          0x1000dcd4      0xb68 /home/leon/git/swp-report/iMX6_Platform_SDK/output/mx6sdl/obds/smart_device_rev_a/obj/apps/obds/src/tests/touch_screen_max11801.o
                0x1000e09c                max11801_ts_test
                0x1000e1f8                max11801_reg_read_single
                0x1000e30c                max11801_reg_read_multi
                0x1000e418                max11801_reg_write
                0x1000e4f4                i2c_device_check_max11801_AUX
                0x1000e614                i2c_device_check_max11801
 .text          0x1000e83c      0x524 /home/leon/git/swp-report/iMX6_Platform_SDK/output/mx6sdl/obds/smart_device_rev_a/obj/apps/obds/src/tests/usb_tests_obds.o
                0x1000e83c                usbo_dev_enum_test
                0x1000e8ac                usbh_dev_enum_test
                0x1000e91c                usb_enum_device
 .text          0x1000ed60      0x148 /home/leon/git/swp-report/iMX6_Platform_SDK/output/mx6sdl/obds/smart_device_rev_a/obj/apps/obds/src/tests/video_dec_ARD_MB_reset_button.o
                0x1000ed60                ard_mb_reset_test
 .text          0x1000eea8       0xa0 /home/leon/git/swp-report/iMX6_Platform_SDK/output/mx6sdl/obds/smart_device_rev_a/obj/apps/obds/src/tests/video_dec_ARD_MBrst_from_cpu_expander.o
                0x1000eea8                ard_mb_expander_reset_test
 .text          0x1000ef48      0x468 /home/leon/git/swp-report/iMX6_Platform_SDK/output/mx6sdl/obds/smart_device_rev_a/obj/apps/obds/src/tests/video_dec_adv7180.o
                0x1000ef48                adv7180_i2c_init_obds
                0x1000efa8                adv7180_reg_read
                0x1000f058                adv7180_reg_write
                0x1000f110                adv7180_set_tristate_output
                0x1000f12c                adv7180_i2c_device_id_check
                0x1000f188                adv7180_set_gpio_output
                0x1000f214                adv7180_test_main
 .text          0x1000f3b0      0x324 /home/leon/git/swp-report/iMX6_Platform_SDK/output/mx6sdl/obds/smart_device_rev_a/obj/apps/obds/src/tests/weim_nor_flash_test.o
                0x1000f3b0                weim_nor_flash_cs_setup
                0x1000f3fc                eim_nor_flash_test
                0x1000f46c                m29w256gl_auto_manu_id
                0x1000f554                m29w256gl_auto_dev_id
 .text          0x1000f6d4       0x4c /home/leon/git/swp-report/iMX6_Platform_SDK/output/mx6sdl/obds/smart_device_rev_a/obj/sdk/common/ioexpander/test/max7310_test.o
                0x1000f6d4                max7310_i2c_device_id_check
 .text          0x1000f720      0x478 /home/leon/git/swp-report/iMX6_Platform_SDK/output/mx6sdl/obds/smart_device_rev_a/obj/sdk/common/pmic/pfuse/pf0100.o
                0x1000f720                pf0100_reg_read
                0x1000f810                pf0100_reg_write
                0x1000f900                pf0100_enable_vgen1_1v2
                0x1000f950                pf0100_enable_vgen2_1v5
                0x1000f9a0                pf0100_enable_vgen3_1v8
                0x1000f9f0                pf0100_enable_vgen4_1v8
                0x1000fa40                pf0100_enable_vgen4_2v5
                0x1000fa90                pf0100_enable_vgen6_2v8
                0x1000fae0                pf0100_i2c_device_id_check
 .text          0x1000fb98      0x438 /home/leon/git/swp-report/iMX6_Platform_SDK/output/mx6sdl/obds/smart_device_rev_a/obj/sdk/drivers/audio/src/snd_card.o
 .text          0x1000ffd0        0x0 /home/leon/git/swp-report/iMX6_Platform_SDK/output/mx6sdl/obds/smart_device_rev_a/obj/sdk/drivers/camera/test/adv7180_capture.o
 .text          0x1000ffd0      0x204 /home/leon/git/swp-report/iMX6_Platform_SDK/output/mx6sdl/obds/smart_device_rev_a/obj/sdk/drivers/camera/test/camera_test.o
                0x1000ffd0                camera_test
 .text          0x100101d4      0x2f0 /home/leon/git/swp-report/iMX6_Platform_SDK/output/mx6sdl/obds/smart_device_rev_a/obj/sdk/drivers/camera/test/csi_test_mode.o
                0x100101d4                csi_test_mode
 .text          0x100104c4      0x2b8 /home/leon/git/swp-report/iMX6_Platform_SDK/output/mx6sdl/obds/smart_device_rev_a/obj/sdk/drivers/camera/test/sensor_capture.o
                0x100104c4                sensor_capture
 .text          0x1001077c      0x460 /home/leon/git/swp-report/iMX6_Platform_SDK/output/mx6sdl/obds/smart_device_rev_a/obj/sdk/drivers/epdc/test/epdc_test.o
                0x1001077c                epdc_test
                0x100108cc                epdc_pvi_svga_sdr_init
                0x100108ec                epdc_update_image
                0x10010a18                epdc_send_mode0_to_black_update
                0x10010ab4                epdc_send_image_update
                0x10010b44                epdc_send_erase_to_color
 .text          0x10010bdc      0x82c /home/leon/git/swp-report/iMX6_Platform_SDK/output/mx6sdl/obds/smart_device_rev_a/obj/sdk/drivers/hdmi/test/hdmi_test.o
                0x10010bdc                hdmi_test
                0x10010f48                init_hdmi_interrupt
                0x10010ff8                hdmi_tx_ISR
                0x10011088                hdmi_1080P60_video_output
                0x10011248                hdmi_720P60_video_output
 .text          0x10011408      0x540 /home/leon/git/swp-report/iMX6_Platform_SDK/output/mx6sdl/obds/smart_device_rev_a/obj/sdk/drivers/hdmi/test/init_dma_data.o
                0x10011408                init_dma_data
 .text          0x10011948      0xb98 /home/leon/git/swp-report/iMX6_Platform_SDK/output/mx6sdl/obds/smart_device_rev_a/obj/sdk/drivers/ipu/test/ips_display.o
                0x10011948                ips_display_test
                0x10011a84                ips_hdmi_stream
                0x10011be4                ips_hdmi_720P60_stream
                0x10011e48                ips_hdmi_1080P60_stream
                0x10012040                ips_ext_hdmi_transmitter_1080P60_stream
                0x10012200                ips_hannstar_xga_yuv_stream
                0x10012440                ips_mipi_wvga_rgb_stream
 .text          0x100124e0      0x538 /home/leon/git/swp-report/iMX6_Platform_SDK/output/mx6sdl/obds/smart_device_rev_a/obj/sdk/drivers/ipu/test/ipu_image.o
                0x100124e0                load_centralized_image
                0x1001261c                load_foreground_image
                0x10012668                load_horiz_image
                0x100127d8                set_background_margin
                0x100128c8                load_vert_image
 .text          0x10012a18     0x10b4 /home/leon/git/swp-report/iMX6_Platform_SDK/output/mx6sdl/obds/smart_device_rev_a/obj/sdk/drivers/spi/test/imx_spi_nor_atmel.o
                0x10012a18                spi_nor_query_atmel
                0x10012b5c                spi_nor_write_atmel
                0x1001353c                spi_nor_erase_atmel
                0x100136e0                spi_nor_read_atmel
 .text          0x10013acc      0xb00 /home/leon/git/swp-report/iMX6_Platform_SDK/output/mx6sdl/obds/smart_device_rev_a/obj/sdk/drivers/spi/test/spi_nor_numonyx.o
                0x10013da4                spi_nor_query_numonyx
                0x10013e70                spi_nor_erase_numonyx
                0x10013efc                spi_nor_read_numonyx
                0x10014144                spi_nor_write_numonyx
 .text          0x100145cc      0x24c /home/leon/git/swp-report/iMX6_Platform_SDK/output/mx6sdl/obds/smart_device_rev_a/obj/sdk/drivers/uart/test/uart_test.o
                0x100145cc                uart_interrupt_handler
                0x10014624                uart_test
 .text          0x10014818     0x39f0 /home/leon/git/swp-report/iMX6_Platform_SDK/output/mx6sdl/obds/smart_device_rev_a/obj/sdk/drivers/usb/test/usb0_host_test.o
                0x10014818                usb0_host_test
                0x1001534c                emuerateDevice
                0x100154cc                usbh_set_device_address
                0x10015bf4                usbh_get_dev_desc
                0x10016344                usbh_get_config_desc
                0x10016ad4                usbh_get_interface_desc
                0x10017344                usbh_set_configuration
                0x10017a80                usbh_get_report_desc
 .text          0x10018208      0x978 /home/leon/git/swp-report/iMX6_Platform_SDK/output/mx6sdl/obds/smart_device_rev_a/obj/sdk/drivers/usb/test/usb0_host_testmodes_test.o
                0x10018208                usb0_host_testmodes_test
 .text          0x10018b80      0xcf4 /home/leon/git/swp-report/iMX6_Platform_SDK/output/mx6sdl/obds/smart_device_rev_a/obj/sdk/drivers/usdhc/test/usdhc_test.o
                0x10018b80                mmc_sd_test
                0x10018bb4                usdhc_test
 .text          0x10019874      0x264 /home/leon/git/swp-report/iMX6_Platform_SDK/output/mx6sdl/lib/libsdk.a(max7310.o)
                0x10019874                max7310_reg_read
                0x100198d8                max7310_reg_write
                0x10019944                max7310_init
                0x10019a24                max7310_set_gpio_output
 .text          0x10019ad8      0xc64 /home/leon/git/swp-report/iMX6_Platform_SDK/output/mx6sdl/lib/libsdk.a(ccm_pll.o)
                0x10019ad8                ccm_init
                0x10019bfc                get_main_clock
                0x10019e8c                get_peri_clock
                0x1001a03c                ccm_ccgr_config
                0x1001a0a4                clock_gating_config
                0x1001a4dc                ccm_set_lpm_wakeup_source
                0x1001a5d0                ccm_enter_low_power
                0x1001a640                ipu_hsp_clk_config
                0x1001a660                gpu_clock_config
 .text          0x1001a73c      0x164 /home/leon/git/swp-report/iMX6_Platform_SDK/output/mx6sdl/lib/libsdk.a(cortexA9.o)
                0x1001a73c                arm_set_interrupt_state
                0x1001a760                cpu_get_current
                0x1001a76c                enable_neon_fpu
                0x1001a788                disable_strict_align_check
                0x1001a79c                disable_L1_cache
                0x1001a7bc                get_arm_private_peripheral_base
                0x1001a7c4                arm_unified_tlb_invalidate
                0x1001a7d4                arm_unified_tlb_invalidate_is
                0x1001a7e4                arm_branch_prediction_enable
                0x1001a7f4                arm_branch_prediction_disable
                0x1001a804                arm_branch_target_cache_invalidate
                0x1001a810                arm_branch_target_cache_invalidate_is
                0x1001a81c                scu_enable
                0x1001a830                scu_join_smp
                0x1001a840                scu_leave_smp
                0x1001a850                scu_get_cpus_in_smp
                0x1001a864                scu_enable_maintenance_broadcast
                0x1001a874                scu_disable_maintenance_broadcast
                0x1001a884                scu_secure_invalidate
 .text          0x1001a8a0      0x5e0 /home/leon/git/swp-report/iMX6_Platform_SDK/output/mx6sdl/lib/libsdk.a(gic.o)
                0x1001a984                gic_enable
                0x1001a9e4                gic_set_irq_security
                0x1001aa8c                gic_enable_irq
                0x1001ab08                gic_set_irq_priority
                0x1001ab50                gic_set_cpu_target
                0x1001ac5c                gic_send_sgi
                0x1001acb0                gic_cpu_enable
                0x1001ad10                gic_set_cpu_priority_mask
                0x1001ad44                gic_read_irq_ack
                0x1001ad70                gic_write_end_of_irq
                0x1001ada0                gic_init
                0x1001ae44                gic_init_cpu
 .text          0x1001ae80      0x1bc /home/leon/git/swp-report/iMX6_Platform_SDK/output/mx6sdl/lib/libsdk.a(interrupt.o)
                0x1001ae80                IRQ_HDLR
                0x1001af48                disable_interrupt
                0x1001af84                enable_interrupt
                0x1001afdc                register_interrupt_routine
                0x1001b010                default_interrupt_routine
 .text          0x1001b03c      0x460 /home/leon/git/swp-report/iMX6_Platform_SDK/output/mx6sdl/lib/libsdk.a(mmu.o)
                0x1001b03c                mmu_enable
                0x1001b074                mmu_disable
                0x1001b0a8                mmu_init
                0x1001b1c4                mmu_map_l1_range
                0x1001b3dc                mmu_virtual_to_physical
 .text          0x1001b49c        0x0 /home/leon/git/swp-report/iMX6_Platform_SDK/output/mx6sdl/lib/libsdk.a(startup.o)
 .text          0x1001b49c        0x4 /home/leon/git/swp-report/iMX6_Platform_SDK/output/mx6sdl/lib/libsdk.a(vectors.o)
                0x1001b49c                exception_handler
 .text.vectors  0x1001b4a0       0x48 /home/leon/git/swp-report/iMX6_Platform_SDK/output/mx6sdl/lib/libsdk.a(vectors.o)
                0x1001b4a0                vectors
 .text          0x1001b4e8      0xc78 /home/leon/git/swp-report/iMX6_Platform_SDK/output/mx6sdl/lib/libsdk.a(menu.o)
                0x1001b990                menu_get_indent
                0x1001b9ac                menuitem_cmd_showmenu
                0x1001b9d0                menuitem_cmd_exitmenu
                0x1001b9f4                menu_append_menuitems
                0x1001bb14                menu_present
                0x1001c0b0                menu_print_menuitem
 .text          0x1001c160        0x0 /home/leon/git/swp-report/iMX6_Platform_SDK/output/mx6sdl/lib/libsdk.a(sdk_version.o)
 .text          0x1001c160      0x914 /home/leon/git/swp-report/iMX6_Platform_SDK/output/mx6sdl/lib/libsdk.a(system_util.o)
                0x1001c160                _sys_exit
                0x1001c17c                mybkpt
                0x1001c184                is_input_char
                0x1001c304                read_input_string
                0x1001c5ec                get_input_hex
                0x1001c86c                read_int
                0x1001c9d0                jump_to_sdp
 .text          0x1001ca74       0xe0 /home/leon/git/swp-report/iMX6_Platform_SDK/output/mx6sdl/lib/libsdk.a(text_color.o)
                0x1001ca74                printf_color
                0x1001cb10                get_color_supported
 .text          0x1001cb54      0x408 /home/leon/git/swp-report/iMX6_Platform_SDK/output/mx6sdl/lib/libsdk.a(cs42888.o)
                0x1001cc9c                cs42888_init
                0x1001ccd4                cs42888_dev_info
                0x1001cd28                cs42888_config
                0x1001cf0c                cs42888_deinit
 .text          0x1001cf5c     0x2990 /home/leon/git/swp-report/iMX6_Platform_SDK/output/mx6sdl/lib/libsdk.a(imx-ssi.o)
                0x1001ee90                ssi_init
                0x1001eed0                ssi_config
                0x1001f3e4                ssi_write_fifo
                0x1001f5dc                ssi_read_fifo
                0x1001f79c                ssi_deinit
 .text          0x1001f8ec      0xc40 /home/leon/git/swp-report/iMX6_Platform_SDK/output/mx6sdl/lib/libsdk.a(imx_audmux.o)
                0x1001facc                audmux_port_set
                0x1001fcb8                audmux_route
 .text          0x1002052c      0xe0c /home/leon/git/swp-report/iMX6_Platform_SDK/output/mx6sdl/lib/libsdk.a(imx_esai.o)
                0x10020d84                esai_config
                0x100210ec                esai_init
                0x10021128                esai_deinit
                0x1002114c                esai_write_fifo
 .text          0x10021338      0x708 /home/leon/git/swp-report/iMX6_Platform_SDK/output/mx6sdl/lib/libsdk.a(imx_spdif.o)
                0x100216b0                spdif_init
                0x100216ec                spdif_config
                0x10021920                spdif_write_fifo
                0x10021a1c                spdif_deinit
 .text          0x10021a40     0x1100 /home/leon/git/swp-report/iMX6_Platform_SDK/output/mx6sdl/lib/libsdk.a(sgtl5000.o)
                0x1002243c                sgtl5000_init
                0x100229b0                sgtl5000_i2s_config
                0x10022b0c                sgtl5000_deinit
 .text          0x10022b40      0xeb4 /home/leon/git/swp-report/iMX6_Platform_SDK/output/mx6sdl/lib/libsdk.a(wm8958_dac.o)
                0x10022cec                WM8958_dump
                0x10023230                WM8958_DAC_configure
                0x10023960                WM8958_DAC_init
                0x100239c8                WM8958_DAC_deinit
 .text          0x100239f4      0xb7c /home/leon/git/swp-report/iMX6_Platform_SDK/output/mx6sdl/lib/libsdk.a(wm8962.o)
                0x10023cf8                WM8962_dump
                0x10023d28                WM8962_DAC_configure
                0x10024450                WM8962_DAC_init
                0x10024544                WM8962_DAC_deinit
 .text          0x10024570      0x7c4 /home/leon/git/swp-report/iMX6_Platform_SDK/output/mx6sdl/lib/libsdk.a(board_id.o)
                0x10024570                chip_name
                0x10024688                chip_revision
                0x10024760                board_name
                0x10024864                board_revision
                0x1002492c                board_description
                0x10024a4c                get_board_id
                0x10024b28                show_board_id
 .text          0x10024d34      0xa88 /home/leon/git/swp-report/iMX6_Platform_SDK/output/mx6sdl/lib/libsdk.a(smd_sensor.o)
                0x100250cc                sensor_config
                0x10025108                sensor_search
                0x10025298                sensor_init
                0x1002540c                sensor_af_trigger
                0x100254ec                sensor_autofocus_init
                0x1002566c                camera_strobeflash_on
                0x10025748                camera_strobeflash_off
 .text          0x100257bc     0x17e0 /home/leon/git/swp-report/iMX6_Platform_SDK/output/mx6sdl/lib/libsdk.a(enet_drv.o)
                0x100257bc                imx_enet_mii_read
                0x100258cc                imx_enet_mii_write
                0x10025da0                enet_phy_rework_ar8031
                0x10025f14                enet_phy_rework_ksz9021
                0x10026008                imx_enet_phy_init
                0x10026288                imx_enet_get_phy_status
                0x100265b0                imx_enet_phy_enable_external_loopback
                0x100266cc                imx_enet_poll
                0x100267c4                imx_enet_send
                0x100268dc                imx_enet_recv
                0x10026ab8                imx_enet_init
                0x10026c0c                imx_enet_start
                0x10026ca0                imx_enet_stop
                0x10026ce4                imx_enet_isolate_phy
                0x10026d88                imx_enet_unisolate_phy
                0x10026e50                imx_enet_mii_type
 .text          0x10026f9c      0xbb4 /home/leon/git/swp-report/iMX6_Platform_SDK/output/mx6sdl/lib/libsdk.a(mxc_epdc.o)
                0x100270c0                epdc_reset
                0x10027268                epdc_set_update_addr
                0x10027294                epdc_set_update_coord
                0x100272d0                epdc_set_update_dimensions
                0x1002730c                epdc_submit_update
                0x100273d0                epdc_is_lut_complete
                0x10027430                epdc_clear_lut_complete_irq
                0x10027464                epdc_is_lut_active
                0x10027500                epdc_any_luts_active
                0x10027550                epdc_any_luts_available
                0x10027594                epdc_get_next_lut
                0x100275c8                epdc_is_working_buffer_busy
                0x10027624                epdc_is_working_buffer_complete
                0x10027670                epdc_is_collision
                0x100276bc                epdc_dump_registers
                0x100277c4                epdc_set_vertical_timing
                0x10027828                epdc_init_settings
                0x10027ad0                epdc_buffer_init
                0x10027b28                epdc_load_image
 .text          0x10027b50     0x1308 /home/leon/git/swp-report/iMX6_Platform_SDK/output/mx6sdl/lib/libsdk.a(gpio.o)
                0x10027b80                gpio_get_port_count
                0x10027b98                gpio_set_gpio
                0x10027c5c                gpio_set_direction
                0x10027eb8                gpio_get_direction
                0x10028000                gpio_set_level
                0x10028340                gpio_get_level
                0x100284a0                gpio_set_interrupt_config
                0x100288a4                gpio_set_interrupt_mask
                0x10028ae8                gpio_get_interrupt_status
                0x10028c44                gpio_clear_interrupt
 .text          0x10028e58        0x0 /home/leon/git/swp-report/iMX6_Platform_SDK/output/mx6sdl/lib/libsdk.a(imx6sdl_gpio_map.o)
 .text          0x10028e58     0x1334 /home/leon/git/swp-report/iMX6_Platform_SDK/output/mx6sdl/lib/libsdk.a(hdmi_tx.o)
                0x10028e58                hdmi_config_input_source
                0x10028e98                hdmi_video_sample
                0x100290e0                update_csc_coeffs
                0x100295f4                hdmi_video_csc
                0x10029794                hdmi_video_packetize
                0x10029b60                preamble_filter_set
                0x10029c20                hdmi_av_frame_composer
                0x1002a068                hdmi_tx_hdcp_config
                0x1002a0d4                hdmi_config_force_video
                0x1002a12c                hdmi_config_forced_pixels
 .text          0x1002a18c      0xd24 /home/leon/git/swp-report/iMX6_Platform_SDK/output/mx6sdl/lib/libsdk.a(hdmi_tx_audio.o)
                0x1002a18c                hdmi_audio_mute
                0x1002a1dc                audio_PacketLayout
                0x1002a21c                audio_DMA_InterruptMask
                0x1002a24c                audio_DMA_InterruptPolarity
                0x1002a27c                audio_DMA_ResetFIFO
                0x1002a2a0                audio_clk_N
                0x1002a300                audio_clk_CTS
                0x1002a3a0                audio_ComputeN
                0x1002a6c0                audio_ComputeCTS
                0x1002a8fc                audio_DMA_StartAddr
                0x1002a974                audio_DMA_StopAddr
                0x1002a9ec                audio_DMA_LockEnable
                0x1002aa2c                audio_DMA_BurstMode
                0x1002aa6c                audio_DMA_IncrType
                0x1002aaac                audio_DMA_Threshold
                0x1002aadc                audio_DMA_SetCONF1
                0x1002ab0c                audio_DMA_Start
                0x1002ab30                audio_Configure
                0x1002abe8                Audio_ChannelCount
                0x1002acd8                audio_Configure_DMA
                0x1002ae70                audio_info_config
 .text          0x1002aeb0     0x14fc /home/leon/git/swp-report/iMX6_Platform_SDK/output/mx6sdl/lib/libsdk.a(hdmi_tx_phy.o)
                0x1002aeb0                hdmi_phy_int_mask
                0x1002c318                hdmi_phy_init
 .text          0x1002c3ac     0x1798 /home/leon/git/swp-report/iMX6_Platform_SDK/output/mx6sdl/lib/libsdk.a(imx_i2c.o)
                0x1002c3dc                i2c_get_request_instance
                0x1002ce54                i2c_xfer
                0x1002d570                i2c_read
                0x1002d5a0                i2c_write
                0x1002d5d0                i2c_setup_interrupt
                0x1002d83c                i2c_init
 .text          0x1002db44      0x474 /home/leon/git/swp-report/iMX6_Platform_SDK/output/mx6sdl/lib/libsdk.a(ips_disp_panel.o)
                0x1002ddd8                search_panel
                0x1002de98                list_panel
                0x1002df30                get_panel_by_id
 .text          0x1002dfb8      0xf90 /home/leon/git/swp-report/iMX6_Platform_SDK/output/mx6sdl/lib/libsdk.a(ipu_common.o)
                0x1002dfb8                need_csc
                0x1002e020                ipu_write_field
                0x1002e0c4                ipu_read
                0x1002e11c                ipu_write
                0x1002e170                ipu_enable_display
                0x1002e1dc                ipu_disable_display
                0x1002e25c                ipu_sw_reset
                0x1002e33c                ipu_display_setup
                0x1002e4b0                ipu_dual_display_setup
                0x1002e5b4                ipu_capture_setup
                0x1002e9f8                ipu_capture_streamoff
                0x1002eacc                ipu_mipi_csi2_setup
                0x1002ecc4                ipu1_ch0_eobnd_isr
                0x1002eea0                ipu_ch0_eobnd_interrupt_register
 .text          0x1002ef48      0xcb8 /home/leon/git/swp-report/iMX6_Platform_SDK/output/mx6sdl/lib/libsdk.a(ipu_csi.o)
                0x1002ef48                ipu_csi_config
                0x1002f58c                ipu_smfc_fifo_allocate
                0x1002f6e8                ipu_capture_disp_link
                0x1002f814                ipu_disable_csi
                0x1002f880                ipu_disable_smfc
                0x1002f8b4                ipu_csi_test_mode_color
 .text          0x1002fc00     0x1bd8 /home/leon/git/swp-report/iMX6_Platform_SDK/output/mx6sdl/lib/libsdk.a(ipu_dc.o)
                0x1002fc00                ipu_dc_config
                0x1002fef0                ipu_dc_write_channel_config
                0x100301a8                ipu_dc_display_config
                0x1003033c                ipu_dc_map
                0x100306d0                ipu_dc_microcode_config
                0x1003147c                ipu_dc_microcode_event
 .text          0x100317d8      0xfd8 /home/leon/git/swp-report/iMX6_Platform_SDK/output/mx6sdl/lib/libsdk.a(ipu_di.o)
                0x100317d8                ipu_di_config
                0x10031e08                ipu_di_waveform_config
                0x10031ed0                ipu_di_screen_set
                0x10031f64                ipu_di_pointer_config
                0x100320b4                ipu_di_bsclk_gen
                0x100321ec                ipu_di_sync_config
                0x100324f4                ipu_di_interface_set
 .text          0x100327b0      0x3e0 /home/leon/git/swp-report/iMX6_Platform_SDK/output/mx6sdl/lib/libsdk.a(ipu_dmfc.o)
                0x100327b0                ipu_dmfc_config
                0x10032a44                ipu_dmfc_alloc
 .text          0x10032b90      0x59c /home/leon/git/swp-report/iMX6_Platform_SDK/output/mx6sdl/lib/libsdk.a(ipu_dp.o)
                0x10032b90                ipu_dp_config
                0x10032be4                ipu_dp_csc_config
                0x10032f88                ipu_dp_fg_config
 .text          0x1003312c     0x2828 /home/leon/git/swp-report/iMX6_Platform_SDK/output/mx6sdl/lib/libsdk.a(ipu_idmac.o)
                0x1003312c                ipu_cpmem_set_field
                0x10033258                ipu_cpmem_mod_field
                0x100333e4                ipu_cpmem_read_field
                0x10033540                ipu_channel_buf_ready
                0x100336b8                ipu_channel_buf_not_ready
                0x10033830                ipu_idmac_channel_mode_sel
                0x100338b8                ipu_idmac_channel_enable
                0x10033940                ipu_idmac_channel_busy
                0x100339ec                ipu_general_idmac_config
                0x10033ed0                ipu_disp_bg_idmac_config
                0x10033fb8                ipu_disp_fg_idmac_config
                0x100340a0                ipu_dma_update_buffer
                0x10034194                ipu_idmac_chan_cur_buff
                0x10034228                ipu_rotate_idmac_config
                0x1003435c                ipu_resize_idmac_config
                0x10034498                ipu_deinterlace_idmac_config
                0x100345ec                ipu_idma_pixel_format_config
 .text          0x10035954      0x598 /home/leon/git/swp-report/iMX6_Platform_SDK/output/mx6sdl/lib/libsdk.a(ipu_vdi.o)
                0x10035954                ipu_deinterlace_3_fields
                0x100359a4                ipu_vdi_set_top_field_man
                0x10035a18                ipu_vdi_set_motion
                0x10035b20                ipu_vdi_init
                0x10035c64                ipu_vdi_uninit
                0x10035cac                ips_deinterlace_proc
 .text          0x10035eec      0x4ac /home/leon/git/swp-report/iMX6_Platform_SDK/output/mx6sdl/lib/libsdk.a(ldb.o)
                0x100360bc                ldb_config
                0x100362f4                ldb_set_vs_polarity
 .text          0x10036398      0x3f4 /home/leon/git/swp-report/iMX6_Platform_SDK/output/mx6sdl/lib/libsdk.a(ocotp.o)
                0x10036404                Delay4Reload
                0x10036648                ocotp_sense_fuse
                0x100366b8                ocotp_fuse_blow_row
                0x10036714                ocotp_reload_otp_shadow_registers
 .text          0x1003678c     0x132c /home/leon/git/swp-report/iMX6_Platform_SDK/output/mx6sdl/lib/libsdk.a(ecspi.o)
                0x10036d7c                ecspi_configure
                0x10037704                ecspi_open
                0x100377bc                ecspi_close
                0x100378c8                ecspi_xfer
 .text          0x10037ab8      0x290 /home/leon/git/swp-report/iMX6_Platform_SDK/output/mx6sdl/lib/libsdk.a(timer.o)
                0x10037ab8                hal_delay_us
                0x10037b28                system_time_init
                0x10037c88                time_get_microseconds
 .text          0x10037d48     0x2820 /home/leon/git/swp-report/iMX6_Platform_SDK/output/mx6sdl/lib/libsdk.a(imx_uart.o)
                0x10037d48                uart_get_reffreq
                0x10037e44                uart_putchar
                0x10037f94                uart_getchar
                0x100380f4                uart_set_FIFO_mode
                0x10038c20                uart_set_loopback_mode
                0x10038e74                uart_setup_interrupt
                0x10038f40                uart_init
 .text          0x1003a568      0x3a8 /home/leon/git/swp-report/iMX6_Platform_SDK/output/mx6sdl/lib/libsdk.a(usb_common.o)
                0x1003a568                usb_get_port_speed
                0x1003a704                swap32
                0x1003a780                get_menu_item
 .text          0x1003a910     0x37f0 /home/leon/git/swp-report/iMX6_Platform_SDK/output/mx6sdl/lib/libsdk.a(usbh_drv.o)
                0x1003a910                usbh_init
                0x1003b8a0                usbh_periodic_schedule_init
                0x1003d0f8                usbh_bus_reset
                0x1003d3fc                usbh_enable_asynchronous_schedule
                0x1003d700                usbh_disable_asynchronous_schedule
                0x1003da04                usbh_disable_Periodic_list
                0x1003dd08                usbh_qtd_init
                0x1003df30                usbh_qh_init
 .text          0x1003e100     0x11b8 /home/leon/git/swp-report/iMX6_Platform_SDK/output/mx6sdl/lib/libsdk.a(usdhc.o)
                0x1003e318                set_card_access_mode
                0x1003e358                read_usdhc_adma_mode
                0x1003e378                read_usdhc_intr_mode
                0x1003e398                card_init
                0x1003e548                card_emmc_init
                0x1003e5dc                card_cmd_config
                0x1003e6f0                card_get_cid
                0x1003e790                card_enter_trans
                0x1003e86c                card_trans_status
                0x1003e968                card_get_port
                0x1003ea50                card_set_blklen
                0x1003eb34                card_data_read
                0x1003ee20                card_data_write
                0x1003f120                card_xfer_result
                0x1003f214                card_wait_xfer_done
 .text          0x1003f2b8     0x3484 /home/leon/git/swp-report/iMX6_Platform_SDK/output/mx6sdl/lib/libsdk.a(usdhc_host.o)
                0x10040698                usdhc1_isr
                0x100406b0                usdhc2_isr
                0x100406c8                usdhc3_isr
                0x100406e0                usdhc4_isr
                0x100406f8                host_init
                0x10040728                host_init_active
                0x100407d0                host_send_cmd
                0x10040bf8                host_cfg_clock
                0x10041394                host_set_bus_width
                0x100413cc                host_reset
                0x100414fc                host_read_response
                0x100416ec                host_cfg_block
                0x10041968                host_clear_fifo
                0x10041b14                host_setup_adma
                0x10041d34                host_data_read
                0x1004223c                host_data_write
 .text          0x1004273c      0xe04 /home/leon/git/swp-report/iMX6_Platform_SDK/output/mx6sdl/lib/libsdk.a(usdhc_mmc.o)
                0x10042cdc                mmc_init
                0x10042d80                emmc_init
                0x10042eac                emmc_print_cfg_info
                0x100430e4                mmc_set_boot_bus_width
                0x100431ac                mmc_set_boot_partition
                0x100432ac                mmc_set_boot_ack
                0x10043330                mmc_voltage_validation
 .text          0x10043540      0x800 /home/leon/git/swp-report/iMX6_Platform_SDK/output/mx6sdl/lib/libsdk.a(usdhc_sd.o)
                0x100438d4                sd_init
                0x1004398c                sd_voltage_validation
 .text          0x10043d40       0x98 /home/leon/git/swp-report/iMX6_Platform_SDK/output/mx6sdl/lib/libsdk.a(arm_abort.o)
                0x10043d40                common_abort_handler
                0x10043da0                data_abort_handler
                0x10043db8                prefetch_abort_handler
 .text          0x10043dd8      0x644 /home/leon/git/swp-report/iMX6_Platform_SDK/output/mx6sdl/lib/libsdk.a(armv7_cache.o)
                0x10043dd8                arm_dcache_state_query
                0x10043e18                arm_dcache_enable
                0x10043e60                arm_dcache_disable
                0x10043e98                arm_dcache_invalidate
                0x10043f3c                arm_dcache_invalidate_line
                0x10043fa8                arm_dcache_invalidate_mlines
                0x10044048                arm_dcache_flush
                0x100440ec                arm_dcache_flush_line
                0x10044158                arm_dcache_flush_mlines
                0x100441f8                arm_icache_state_query
                0x10044238                arm_icache_enable
                0x10044280                arm_icache_disable
                0x100442b8                arm_icache_invalidate
                0x100442e4                arm_icache_invalidate_is
                0x10044310                arm_icache_invalidate_line
                0x1004437c                arm_icache_invalidate_mlines
 .text          0x1004441c        0x0 /home/leon/git/swp-report/iMX6_Platform_SDK/output/mx6sdl/lib/libsdk.a(camera_profile.o)
 .text          0x1004441c     0x1e94 /home/leon/git/swp-report/iMX6_Platform_SDK/output/mx6sdl/lib/libsdk.a(hdmi_common.o)
                0x1004441c                isColorSpaceConversion
                0x10044458                isColorSpaceDecimation
                0x10044494                isColorSpaceInterpolation
                0x100444e8                isPixelRepetition
                0x10044520                hdmi_set_video_mode
 .text          0x100462b0     0x167c /home/leon/git/swp-report/iMX6_Platform_SDK/output/mx6sdl/lib/libsdk.a(ipu_ic.o)
                0x100462b0                ipu_ic_enable
                0x100462fc                ipu_ic_rotation_config
                0x10046508                ipu_ic_resize_config
                0x10046a5c                ipu_ic_deinterlace_config
                0x10046c38                ipu_ic_calc_resize_coeffs
                0x10046d50                ipu_ic_config_resize_rate
                0x10046e78                ipu_ic_combine_config
                0x10047034                ipu_ic_csc_config
                0x1004772c                ipu_ic_task_enable
 .text          0x1004792c      0x8e0 /home/leon/git/swp-report/iMX6_Platform_SDK/output/mx6sdl/lib/libsdk.a(epit.o)
                0x1004792c                epit_reload_counter
                0x1004798c                epit_get_counter_value
                0x100479e8                epit_set_compare_event
                0x10047a48                epit_get_compare_event
                0x10047b40                epit_counter_disable
                0x10047d04                epit_counter_enable
                0x10047f60                epit_setup_interrupt
                0x10047ff0                epit_init
 .text          0x1004820c      0x2fc /home/leon/git/swp-report/iMX6_Platform_SDK/output/mx6sdl/lib/libsdk.a(mx6x_usb.o)
                0x1004820c                usbEnableClocks
                0x10048334                usbEnableTransceiver
 .text          0x10048508      0x4bc /home/leon/git/swp-report/iMX6_Platform_SDK/output/mx6sdl/lib/libsdk.a(abort_handler.o)
                0x10048508                dump_regs
 .text          0x100489c4      0x144 /home/leon/git/swp-report/iMX6_Platform_SDK/output/mx6sdl/lib/libboard_smart_device_rev_a.a(board_audio.o)
                0x100489c4                SGTL5000PowerUp_and_clockinit
                0x100489d4                spdif_get_tx_clk_freq
                0x100489f0                audio_codec_power_on
                0x10048a2c                audio_clock_config
                0x10048a54                spdif_clk_cfg
                0x10048ab8                esai_codec_power_on
                0x10048ad0                esai_clk_sel_gate_on
 .text          0x10048b08       0x9c /home/leon/git/swp-report/iMX6_Platform_SDK/output/mx6sdl/lib/libboard_smart_device_rev_a.a(board_buttons.o)
                0x10048b08                android_buttons_iomux_config
 .text          0x10048ba4      0x38c /home/leon/git/swp-report/iMX6_Platform_SDK/output/mx6sdl/lib/libboard_smart_device_rev_a.a(board_camera.o)
                0x10048ba4                camera_power_on
                0x10048bb4                csi_port0_iomux_config
                0x10048be8                camera_ipu1_iomux_config
                0x10048d84                sensor_reset
                0x10048e1c                sensor_standby
                0x10048e98                sensor_clock_setting
 .text          0x10048f30      0x44c /home/leon/git/swp-report/iMX6_Platform_SDK/output/mx6sdl/lib/libboard_smart_device_rev_a.a(board_display.o)
                0x10048f30                lvds_power_on
                0x10048f98                disable_para_panel
                0x10048fe8                tftlcd_backlight_en
                0x100490c4                tftlcd_reset
                0x1004915c                ldb_clock_config
                0x10049258                epdc_clock_setting
                0x100492d4                epdc_power_supply
 .text          0x1004937c      0x200 /home/leon/git/swp-report/iMX6_Platform_SDK/output/mx6sdl/lib/libboard_smart_device_rev_a.a(board_hdmi.o)
                0x1004937c                hdmi_tx_cec_pgm_iomux
                0x100493c0                hdmi_tx_ddc_pgm_iomux
                0x10049438                hdmi_tx_phydtb_pgm_iomux
                0x10049488                hdmi_pgm_iomux
                0x100494a8                ext_hdmi_transmitter_power_on
                0x100494b8                hdmi_clock_set
 .text          0x1004957c        0x0 /home/leon/git/swp-report/iMX6_Platform_SDK/output/mx6sdl/lib/libboard_smart_device_rev_a.a(board_i2c.o)
 .text          0x1004957c       0x20 /home/leon/git/swp-report/iMX6_Platform_SDK/output/mx6sdl/lib/libboard_smart_device_rev_a.a(board_io_expanders.o)
                0x1004957c                board_ioexpander_init
                0x1004958c                board_ioexpander_iomux_config
 .text          0x1004959c      0x240 /home/leon/git/swp-report/iMX6_Platform_SDK/output/mx6sdl/lib/libboard_smart_device_rev_a.a(board_mipi.o)
                0x1004959c                mipi_cam_power_on
                0x10049644                mipi_backlight_en
                0x10049694                mipi_display_reset
                0x10049704                mipi_clock_set
                0x10049734                mipi_csi2_clock_set
 .text          0x100497dc       0x94 /home/leon/git/swp-report/iMX6_Platform_SDK/output/mx6sdl/lib/libboard_smart_device_rev_a.a(board_network.o)
                0x100497dc                imx_ar8031_iomux
                0x100497f0                imx_KSZ9021RN_reset
                0x10049800                imx_ar8031_reset
                0x10049848                imx_enet_iomux
                0x1004985c                imx_enet_phy_reset
 .text          0x10049870      0x128 /home/leon/git/swp-report/iMX6_Platform_SDK/output/mx6sdl/lib/libboard_smart_device_rev_a.a(board_usb.o)
                0x10049870                usbEnableVbus
                0x1004991c                usbDisableVbus
                0x10049988                reset_usb_hub
 .text          0x10049998      0x154 /home/leon/git/swp-report/iMX6_Platform_SDK/output/mx6sdl/lib/libboard_smart_device_rev_a.a(board_usdhc.o)
                0x10049998                usdhc_gpio_config
                0x100499dc                usdhc_card_detected
                0x10049a64                usdhc_write_protected
 .text          0x10049aec        0x0 /home/leon/git/swp-report/iMX6_Platform_SDK/output/mx6sdl/lib/libboard_smart_device_rev_a.a(hardware_modules.o)
 .text          0x10049aec        0x0 /home/leon/git/swp-report/iMX6_Platform_SDK/output/mx6sdl/lib/libboard_smart_device_rev_a.a(dcd.o)
 .text          0x10049aec       0xa0 /home/leon/git/swp-report/iMX6_Platform_SDK/output/mx6sdl/lib/libboard_smart_device_rev_a.a(audmux_iomux_config.o)
                0x10049aec                audmux_iomux_config
 .text          0x10049b8c       0x34 /home/leon/git/swp-report/iMX6_Platform_SDK/output/mx6sdl/lib/libboard_smart_device_rev_a.a(ccm_iomux_config.o)
                0x10049b8c                ccm_iomux_config
 .text          0x10049bc0       0x84 /home/leon/git/swp-report/iMX6_Platform_SDK/output/mx6sdl/lib/libboard_smart_device_rev_a.a(ecspi_iomux_config.o)
                0x10049bc0                ecspi_iomux_config
 .text          0x10049c44      0x3bc /home/leon/git/swp-report/iMX6_Platform_SDK/output/mx6sdl/lib/libboard_smart_device_rev_a.a(enet_iomux_config.o)
                0x10049c44                enet_iomux_config
 .text          0x1004a000      0x66c /home/leon/git/swp-report/iMX6_Platform_SDK/output/mx6sdl/lib/libboard_smart_device_rev_a.a(epdc_iomux_config.o)
                0x1004a000                epdc_iomux_config
 .text          0x1004a66c       0x84 /home/leon/git/swp-report/iMX6_Platform_SDK/output/mx6sdl/lib/libboard_smart_device_rev_a.a(i2c_iomux_config.o)
                0x1004a66c                i2c_iomux_config
 .text          0x1004a6f0      0x2f8 /home/leon/git/swp-report/iMX6_Platform_SDK/output/mx6sdl/lib/libboard_smart_device_rev_a.a(iomux_config.o)
                0x1004a6f0                iomux_config
                0x1004a768                arm_iomux_config
                0x1004a778                asrc_iomux_config
                0x1004a788                dcic1_iomux_config
                0x1004a798                dcic2_iomux_config
                0x1004a7a8                ecspi2_iomux_config
                0x1004a7b8                ecspi3_iomux_config
                0x1004a7c8                ecspi4_iomux_config
                0x1004a7d8                eim_iomux_config
                0x1004a7e8                epit1_iomux_config
                0x1004a7f8                epit2_iomux_config
                0x1004a808                esai_iomux_config
                0x1004a818                flexcan2_iomux_config
                0x1004a828                gpmi_iomux_config
                0x1004a838                gpt_iomux_config
                0x1004a848                hdmi_iomux_config
                0x1004a858                i2c4_iomux_config
                0x1004a868                lcd_iomux_config
                0x1004a878                ldb_iomux_config
                0x1004a888                mipi_csi_iomux_config
                0x1004a898                mipi_dsi_iomux_config
                0x1004a8a8                mipi_hsi_iomux_config
                0x1004a8b8                mlb_iomux_config
                0x1004a8c8                pcie_iomux_config
                0x1004a8d8                pmu_iomux_config
                0x1004a8e8                pwm2_iomux_config
                0x1004a8f8                pwm3_iomux_config
                0x1004a908                pwm4_iomux_config
                0x1004a918                sdma_iomux_config
                0x1004a928                snvs_iomux_config
                0x1004a938                spdif_iomux_config
                0x1004a948                src_iomux_config
                0x1004a958                uart2_iomux_config
                0x1004a968                uart3_iomux_config
                0x1004a978                uart4_iomux_config
                0x1004a988                uart5_iomux_config
                0x1004a998                usb_iomux_config
                0x1004a9a8                usdhc1_iomux_config
                0x1004a9b8                wdog1_iomux_config
                0x1004a9c8                wdog2_iomux_config
                0x1004a9d8                xtalosc_iomux_config
 .text          0x1004a9e8      0x5b0 /home/leon/git/swp-report/iMX6_Platform_SDK/output/mx6sdl/lib/libboard_smart_device_rev_a.a(ipu1_iomux_config.o)
                0x1004a9e8                ipu1_iomux_config
 .text          0x1004af98       0x54 /home/leon/git/swp-report/iMX6_Platform_SDK/output/mx6sdl/lib/libboard_smart_device_rev_a.a(ipu_iomux_config.o)
                0x1004af98                ipu_iomux_config
 .text          0x1004afec      0x190 /home/leon/git/swp-report/iMX6_Platform_SDK/output/mx6sdl/lib/libboard_smart_device_rev_a.a(kpp_iomux_config.o)
                0x1004afec                kpp_iomux_config
 .text          0x1004b17c     0x2484 /home/leon/git/swp-report/iMX6_Platform_SDK/output/mx6sdl/lib/libboard_smart_device_rev_a.a(mmdc_iomux_config.o)
                0x1004b17c                mmdc_iomux_config
 .text          0x1004d600       0x34 /home/leon/git/swp-report/iMX6_Platform_SDK/output/mx6sdl/lib/libboard_smart_device_rev_a.a(pwm1_iomux_config.o)
                0x1004d600                pwm1_iomux_config
 .text          0x1004d634       0x70 /home/leon/git/swp-report/iMX6_Platform_SDK/output/mx6sdl/lib/libboard_smart_device_rev_a.a(sjc_iomux_config.o)
                0x1004d634                sjc_iomux_config
 .text          0x1004d6a4       0x78 /home/leon/git/swp-report/iMX6_Platform_SDK/output/mx6sdl/lib/libboard_smart_device_rev_a.a(uart1_iomux_config.o)
                0x1004d6a4                uart1_iomux_config
 .text          0x1004d71c       0x90 /home/leon/git/swp-report/iMX6_Platform_SDK/output/mx6sdl/lib/libboard_smart_device_rev_a.a(uart_iomux_config.o)
                0x1004d71c                uart_iomux_config
 .text          0x1004d7ac      0x188 /home/leon/git/swp-report/iMX6_Platform_SDK/output/mx6sdl/lib/libboard_smart_device_rev_a.a(usdhc2_iomux_config.o)
                0x1004d7ac                usdhc2_iomux_config
 .text          0x1004d934      0x188 /home/leon/git/swp-report/iMX6_Platform_SDK/output/mx6sdl/lib/libboard_smart_device_rev_a.a(usdhc3_iomux_config.o)
                0x1004d934                usdhc3_iomux_config
 .text          0x1004dabc      0x188 /home/leon/git/swp-report/iMX6_Platform_SDK/output/mx6sdl/lib/libboard_smart_device_rev_a.a(usdhc4_iomux_config.o)
                0x1004dabc                usdhc4_iomux_config
 .text          0x1004dc44       0x84 /home/leon/git/swp-report/iMX6_Platform_SDK/output/mx6sdl/lib/libboard_smart_device_rev_a.a(usdhc_iomux_config.o)
                0x1004dc44                usdhc_iomux_config
 .text          0x1004dcc8       0xe0 /home/leon/git/swp-report/iMX6_Platform_SDK/output/mx6sdl/lib/libboard_smart_device_rev_a.a(ecspi1_iomux_config.o)
                0x1004dcc8                ecspi1_iomux_config
 .text          0x1004dda8       0x68 /home/leon/git/swp-report/iMX6_Platform_SDK/output/mx6sdl/lib/libboard_smart_device_rev_a.a(flexcan1_iomux_config.o)
                0x1004dda8                flexcan1_iomux_config
 .text          0x1004de10      0x274 /home/leon/git/swp-report/iMX6_Platform_SDK/output/mx6sdl/lib/libboard_smart_device_rev_a.a(gpio1_iomux_config.o)
                0x1004de10                gpio1_iomux_config
 .text          0x1004e084      0x164 /home/leon/git/swp-report/iMX6_Platform_SDK/output/mx6sdl/lib/libboard_smart_device_rev_a.a(gpio2_iomux_config.o)
                0x1004e084                gpio2_iomux_config
 .text          0x1004e1e8      0x258 /home/leon/git/swp-report/iMX6_Platform_SDK/output/mx6sdl/lib/libboard_smart_device_rev_a.a(gpio3_iomux_config.o)
                0x1004e1e8                gpio3_iomux_config
 .text          0x1004e440       0xa0 /home/leon/git/swp-report/iMX6_Platform_SDK/output/mx6sdl/lib/libboard_smart_device_rev_a.a(gpio4_iomux_config.o)
                0x1004e440                gpio4_iomux_config
 .text          0x1004e4e0       0x50 /home/leon/git/swp-report/iMX6_Platform_SDK/output/mx6sdl/lib/libboard_smart_device_rev_a.a(gpio5_iomux_config.o)
                0x1004e4e0                gpio5_iomux_config
 .text          0x1004e530      0x150 /home/leon/git/swp-report/iMX6_Platform_SDK/output/mx6sdl/lib/libboard_smart_device_rev_a.a(gpio6_iomux_config.o)
                0x1004e530                gpio6_iomux_config
 .text          0x1004e680       0x7c /home/leon/git/swp-report/iMX6_Platform_SDK/output/mx6sdl/lib/libboard_smart_device_rev_a.a(gpio7_iomux_config.o)
                0x1004e680                gpio7_iomux_config
 .text          0x1004e6fc       0xdc /home/leon/git/swp-report/iMX6_Platform_SDK/output/mx6sdl/lib/libboard_smart_device_rev_a.a(gps_iomux_config.o)
                0x1004e6fc                gps_iomux_config
 .text          0x1004e7d8       0x78 /home/leon/git/swp-report/iMX6_Platform_SDK/output/mx6sdl/lib/libboard_smart_device_rev_a.a(i2c1_iomux_config.o)
                0x1004e7d8                i2c1_iomux_config
 .text          0x1004e850       0x78 /home/leon/git/swp-report/iMX6_Platform_SDK/output/mx6sdl/lib/libboard_smart_device_rev_a.a(i2c2_iomux_config.o)
                0x1004e850                i2c2_iomux_config
 .text          0x1004e8c8       0x78 /home/leon/git/swp-report/iMX6_Platform_SDK/output/mx6sdl/lib/libboard_smart_device_rev_a.a(i2c3_iomux_config.o)
                0x1004e8c8                i2c3_iomux_config
 .text          0x1004e940       0x68 /home/leon/riotboard/arm-2012.09/bin/../arm-none-eabi/lib//libc.a(lib_a-assert.o)
                0x1004e940                __assert_func
                0x1004e998                __assert
 .text          0x1004e9a8       0x20 /home/leon/riotboard/arm-2012.09/bin/../arm-none-eabi/lib//libc.a(lib_a-bzero.o)
                0x1004e9a8                bzero
 .text          0x1004e9c8       0x70 /home/leon/riotboard/arm-2012.09/bin/../arm-none-eabi/lib//libc.a(lib_a-fiprintf.o)
                0x1004e9c8                _fiprintf_r
                0x1004e9f8                fiprintf
 .text          0x1004ea38       0x94 /home/leon/riotboard/arm-2012.09/bin/../arm-none-eabi/lib//libc.a(lib_a-fputc.o)
                0x1004ea38                _fputc_r
                0x1004ea7c                fputc
 .text          0x1004eacc        0x0 /home/leon/riotboard/arm-2012.09/bin/../arm-none-eabi/lib//libc.a(lib_a-impure.o)
 .text          0x1004eacc       0x88 /home/leon/riotboard/arm-2012.09/bin/../arm-none-eabi/lib//libc.a(lib_a-init.o)
                0x1004eacc                __libc_init_array
 .text          0x1004eb54       0x40 /home/leon/riotboard/arm-2012.09/bin/../arm-none-eabi/lib//libc.a(lib_a-malloc.o)
                0x1004eb54                malloc
                0x1004eb74                free
 .text          0x1004eb94      0x71c /home/leon/riotboard/arm-2012.09/bin/../arm-none-eabi/lib//libc.a(lib_a-mallocr.o)
                0x1004eb94                _malloc_r
 .text          0x1004f2b0      0x20c /home/leon/riotboard/arm-2012.09/bin/../arm-none-eabi/lib//libc.a(lib_a-memcpy.o)
                0x1004f2b0                memcpy
 .text          0x1004f4bc      0x134 /home/leon/riotboard/arm-2012.09/bin/../arm-none-eabi/lib//libc.a(lib_a-memset.o)
                0x1004f4bc                memset
 .text          0x1004f5f0        0x8 /home/leon/riotboard/arm-2012.09/bin/../arm-none-eabi/lib//libc.a(lib_a-mlock.o)
                0x1004f5f0                __malloc_lock
                0x1004f5f4                __malloc_unlock
 .text          0x1004f5f8       0x74 /home/leon/riotboard/arm-2012.09/bin/../arm-none-eabi/lib//libc.a(lib_a-printf.o)
                0x1004f5f8                _printf_r
                0x1004f62c                printf
 .text          0x1004f66c      0x170 /home/leon/riotboard/arm-2012.09/bin/../arm-none-eabi/lib//libc.a(lib_a-putc.o)
                0x1004f66c                _putc_r
                0x1004f71c                putc
 .text          0x1004f7dc       0x28 /home/leon/riotboard/arm-2012.09/bin/../arm-none-eabi/lib//libc.a(lib_a-realloc.o)
                0x1004f7dc                realloc
 .text          0x1004f804      0x574 /home/leon/riotboard/arm-2012.09/bin/../arm-none-eabi/lib//libc.a(lib_a-reallocr.o)
                0x1004f804                _realloc_r
 .text          0x1004fd78       0x6c /home/leon/riotboard/arm-2012.09/bin/../arm-none-eabi/lib//libc.a(lib_a-rget.o)
                0x1004fd78                __srget_r
                0x1004fdd0                __srget
 .text          0x1004fde4       0x40 /home/leon/riotboard/arm-2012.09/bin/../arm-none-eabi/lib//libc.a(lib_a-sbrkr.o)
                0x1004fde4                _sbrk_r
 .text          0x1004fe24       0xdc /home/leon/riotboard/arm-2012.09/bin/../arm-none-eabi/lib//libc.a(lib_a-sprintf.o)
                0x1004fe24                _sprintf_r
                0x1004fe8c                sprintf
 .text          0x1004ff00       0xa0 /home/leon/riotboard/arm-2012.09/bin/../arm-none-eabi/lib//libc.a(lib_a-strcat.o)
                0x1004ff00                strcat
 .text          0x1004ffa0      0x230 /home/leon/riotboard/arm-2012.09/bin/../arm-none-eabi/lib//libc.a(lib_a-strcmp.o)
                0x1004ffa0                strcmp
 .text          0x100501d0       0xf0 /home/leon/riotboard/arm-2012.09/bin/../arm-none-eabi/lib//libc.a(lib_a-strcpy.o)
                0x100501d0                strcpy
 .text          0x100502c0       0x60 /home/leon/riotboard/arm-2012.09/bin/../arm-none-eabi/lib//libc.a(lib_a-strlen.o)
                0x100502c0                strlen
 .text          0x10050320       0x78 /home/leon/riotboard/arm-2012.09/bin/../arm-none-eabi/lib//libc.a(lib_a-strncasecmp.o)
                0x10050320                strncasecmp
 .text          0x10050398       0x24 /home/leon/riotboard/arm-2012.09/bin/../arm-none-eabi/lib//libc.a(lib_a-strtok.o)
                0x10050398                strtok
 .text          0x100503bc       0xb8 /home/leon/riotboard/arm-2012.09/bin/../arm-none-eabi/lib//libc.a(lib_a-strtok_r.o)
                0x100503bc                __strtok_r
                0x1005046c                strtok_r
 .text          0x10050474     0x1f7c /home/leon/riotboard/arm-2012.09/bin/../arm-none-eabi/lib//libc.a(lib_a-svfprintf.o)
                0x10050474                _svfprintf_r
 .text          0x100523f0     0x12c4 /home/leon/riotboard/arm-2012.09/bin/../arm-none-eabi/lib//libc.a(lib_a-vfiprintf.o)
                0x100523f0                __sprint_r
                0x100524ac                _vfiprintf_r
                0x10053688                vfiprintf
 .text          0x100536b4     0x2180 /home/leon/riotboard/arm-2012.09/bin/../arm-none-eabi/lib//libc.a(lib_a-vfprintf.o)
                0x100536b4                _vfprintf_r
                0x10055808                vfprintf
 .text          0x10055834       0x4c /home/leon/riotboard/arm-2012.09/bin/../arm-none-eabi/lib//libc.a(lib_a-vprintf.o)
                0x10055834                vprintf
                0x10055860                _vprintf_r
 .text          0x10055880      0x14c /home/leon/riotboard/arm-2012.09/bin/../arm-none-eabi/lib//libc.a(lib_a-wbuf.o)
                0x10055880                __swbuf_r
                0x100559b0                __swbuf
 .text          0x100559cc      0x138 /home/leon/riotboard/arm-2012.09/bin/../arm-none-eabi/lib//libc.a(lib_a-wsetup.o)
                0x100559cc                __swsetup_r
 .text          0x10055b04       0x14 /home/leon/riotboard/arm-2012.09/bin/../arm-none-eabi/lib//libc.a(lib_a-abort.o)
                0x10055b04                abort
 .text          0x10055b18        0x0 /home/leon/riotboard/arm-2012.09/bin/../arm-none-eabi/lib//libc.a(lib_a-ctype_.o)
 .text          0x10055b18     0x18a8 /home/leon/riotboard/arm-2012.09/bin/../arm-none-eabi/lib//libc.a(lib_a-dtoa.o)
                0x10055cf8                _dtoa_r
 .text          0x100573c0      0x26c /home/leon/riotboard/arm-2012.09/bin/../arm-none-eabi/lib//libc.a(lib_a-fflush.o)
                0x100573c0                _fflush_r
                0x100575ec                fflush
 .text          0x1005762c      0x2c4 /home/leon/riotboard/arm-2012.09/bin/../arm-none-eabi/lib//libc.a(lib_a-findfp.o)
                0x1005763c                _cleanup_r
                0x100576d0                __sfmoreglue
                0x10057718                _cleanup
                0x10057728                __sinit
                0x100577a0                __sfp
                0x10057898                __sfp_lock_acquire
                0x1005789c                __sfp_lock_release
                0x100578a0                __sinit_lock_acquire
                0x100578a4                __sinit_lock_release
                0x100578a8                __fp_lock_all
                0x100578cc                __fp_unlock_all
 .text          0x100578f0      0x19c /home/leon/riotboard/arm-2012.09/bin/../arm-none-eabi/lib//libc.a(lib_a-fputwc.o)
                0x100578f0                _fputwc_r
                0x10057a40                fputwc
 .text          0x10057a8c      0x368 /home/leon/riotboard/arm-2012.09/bin/../arm-none-eabi/lib//libc.a(lib_a-freer.o)
                0x10057a8c                _malloc_trim_r
                0x10057b88                _free_r
 .text          0x10057df4      0x4c4 /home/leon/riotboard/arm-2012.09/bin/../arm-none-eabi/lib//libc.a(lib_a-fvwrite.o)
                0x10057df4                __sfvwrite_r
 .text          0x100582b8      0x114 /home/leon/riotboard/arm-2012.09/bin/../arm-none-eabi/lib//libc.a(lib_a-fwalk.o)
                0x100582b8                _fwalk
                0x10058340                _fwalk_reent
 .text          0x100583cc       0xd0 /home/leon/riotboard/arm-2012.09/bin/../arm-none-eabi/lib//libc.a(lib_a-locale.o)
                0x100583cc                _setlocale_r
                0x10058438                __locale_charset
                0x10058444                __locale_mb_cur_max
                0x10058454                __locale_msgcharset
                0x10058460                __locale_cjk_lang
                0x10058468                _localeconv_r
                0x10058474                setlocale
                0x10058490                localeconv
 .text          0x1005849c      0x15c /home/leon/riotboard/arm-2012.09/bin/../arm-none-eabi/lib//libc.a(lib_a-makebuf.o)
                0x1005849c                __smakebuf_r
 .text          0x100585f8      0x11c /home/leon/riotboard/arm-2012.09/bin/../arm-none-eabi/lib//libc.a(lib_a-memchr.o)
                0x100585f8                memchr
 .text          0x10058714      0x134 /home/leon/riotboard/arm-2012.09/bin/../arm-none-eabi/lib//libc.a(lib_a-memmove.o)
                0x10058714                memmove
 .text          0x10058848      0xd20 /home/leon/riotboard/arm-2012.09/bin/../arm-none-eabi/lib//libc.a(lib_a-mprec.o)
                0x10058848                _Balloc
                0x100588d4                _Bfree
                0x100588f0                __multadd
                0x100589cc                __s2b
                0x10058abc                __hi0bits
                0x10058b0c                __lo0bits
                0x10058ba0                __i2b
                0x10058bc4                __multiply
                0x10058da8                __pow5mult
                0x10058e9c                __lshift
                0x10058fa0                __mcmp
                0x10059004                __mdiff
                0x10059150                __ulp
                0x100591b4                __b2d
                0x10059280                __d2b
                0x10059388                __ratio
                0x10059418                _mprec_log10
                0x1005946c                __copybits
                0x100594e0                __any_on
 .text          0x10059568      0x19c /home/leon/riotboard/arm-2012.09/bin/../arm-none-eabi/lib//libc.a(lib_a-reent.o)
                0x10059568                cleanup_glue
                0x10059594                _reclaim_reent
                0x10059690                _wrapup_reent
 .text          0x10059704      0x1cc /home/leon/riotboard/arm-2012.09/bin/../arm-none-eabi/lib//libc.a(lib_a-refill.o)
                0x1005972c                __srefill_r
 .text          0x100598d0       0x6c /home/leon/riotboard/arm-2012.09/bin/../arm-none-eabi/lib//libc.a(lib_a-s_fpclassify.o)
                0x100598d0                __fpclassifyd
 .text          0x1005993c      0x24c /home/leon/riotboard/arm-2012.09/bin/../arm-none-eabi/lib//libc.a(lib_a-signal.o)
                0x1005993c                _init_signal_r
                0x1005999c                _signal_r
                0x10059a08                _raise_r
                0x10059aa0                __sigtramp_r
                0x10059b34                raise
                0x10059b48                signal
                0x10059b64                _init_signal
                0x10059b74                __sigtramp
 .text          0x10059b88       0x50 /home/leon/riotboard/arm-2012.09/bin/../arm-none-eabi/lib//libc.a(lib_a-signalr.o)
                0x10059b88                _kill_r
                0x10059bc8                _getpid_r
 .text          0x10059bd8       0xdc /home/leon/riotboard/arm-2012.09/bin/../arm-none-eabi/lib//libc.a(lib_a-stdio.o)
                0x10059bd8                __sread
                0x10059c0c                __seofread
                0x10059c14                __swrite
                0x10059c6c                __sseek
                0x10059ca0                __sclose
 .text          0x10059cb4     0x1224 /home/leon/riotboard/arm-2012.09/bin/../arm-none-eabi/lib//libc.a(lib_a-svfiprintf.o)
                0x10059cb4                __ssprint_r
                0x10059e58                _svfiprintf_r
 .text          0x1005aed8      0x134 /home/leon/riotboard/arm-2012.09/bin/../arm-none-eabi/lib//libc.a(lib_a-wcrtomb.o)
                0x1005aed8                _wcrtomb_r
                0x1005af68                wcrtomb
 .text          0x1005b00c       0x7c /home/leon/riotboard/arm-2012.09/bin/../arm-none-eabi/lib//libc.a(lib_a-wctomb_r.o)
                0x1005b00c                __ascii_wctomb
                0x1005b038                _wctomb_r
 .text          0x1005b088       0x44 /home/leon/riotboard/arm-2012.09/bin/../arm-none-eabi/lib//libc.a(lib_a-writer.o)
                0x1005b088                _write_r
 .text          0x1005b0cc       0x94 /home/leon/riotboard/arm-2012.09/bin/../arm-none-eabi/lib//libc.a(lib_a-callocr.o)
                0x1005b0cc                _calloc_r
 .text          0x1005b160       0x3c /home/leon/riotboard/arm-2012.09/bin/../arm-none-eabi/lib//libc.a(lib_a-closer.o)
                0x1005b160                _close_r
 .text          0x1005b19c      0x10c /home/leon/riotboard/arm-2012.09/bin/../arm-none-eabi/lib//libc.a(lib_a-fclose.o)
                0x1005b19c                _fclose_r
                0x1005b294                fclose
 .text          0x1005b2a8       0x40 /home/leon/riotboard/arm-2012.09/bin/../arm-none-eabi/lib//libc.a(lib_a-fstatr.o)
                0x1005b2a8                _fstat_r
 .text          0x1005b2e8       0x3c /home/leon/riotboard/arm-2012.09/bin/../arm-none-eabi/lib//libc.a(lib_a-isattyr.o)
                0x1005b2e8                _isatty_r
 .text          0x1005b324       0x44 /home/leon/riotboard/arm-2012.09/bin/../arm-none-eabi/lib//libc.a(lib_a-lseekr.o)
                0x1005b324                _lseek_r
 .text          0x1005b368       0x44 /home/leon/riotboard/arm-2012.09/bin/../arm-none-eabi/lib//libc.a(lib_a-readr.o)
                0x1005b368                _read_r
 .text          0x1005b3ac      0x114 /home/leon/riotboard/arm-2012.09/bin/../lib/gcc/arm-none-eabi/4.7.2//libgcc.a(_udivsi3.o)
                0x1005b3ac                __udivsi3
                0x1005b3ac                __aeabi_uidiv
                0x1005b4a0                __aeabi_uidivmod
 .text          0x1005b4c0      0x148 /home/leon/riotboard/arm-2012.09/bin/../lib/gcc/arm-none-eabi/4.7.2//libgcc.a(_divsi3.o)
                0x1005b4c0                __aeabi_idiv
                0x1005b4c0                __divsi3
                0x1005b5e8                __aeabi_idivmod
 .text          0x1005b608        0x4 /home/leon/riotboard/arm-2012.09/bin/../lib/gcc/arm-none-eabi/4.7.2//libgcc.a(_dvmd_tls.o)
                0x1005b608                __aeabi_ldiv0
                0x1005b608                __aeabi_idiv0
 .text          0x1005b60c      0x41c /home/leon/riotboard/arm-2012.09/bin/../lib/gcc/arm-none-eabi/4.7.2//libgcc.a(_arm_addsubdf3.o)
                0x1005b60c                __aeabi_drsub
                0x1005b614                __aeabi_dsub
                0x1005b614                __subdf3
                0x1005b618                __adddf3
                0x1005b618                __aeabi_dadd
                0x1005b928                __aeabi_ui2d
                0x1005b928                __floatunsidf
                0x1005b94c                __floatsidf
                0x1005b94c                __aeabi_i2d
                0x1005b974                __extendsfdf2
                0x1005b974                __aeabi_f2d
                0x1005b9b4                __aeabi_ul2d
                0x1005b9b4                __floatundidf
                0x1005b9c8                __floatdidf
                0x1005b9c8                __aeabi_l2d
 .text          0x1005ba28      0x49c /home/leon/riotboard/arm-2012.09/bin/../lib/gcc/arm-none-eabi/4.7.2//libgcc.a(_arm_muldivdf3.o)
                0x1005ba28                __aeabi_dmul
                0x1005ba28                __muldf3
                0x1005bcb8                __aeabi_ddiv
                0x1005bcb8                __divdf3
 .text          0x1005bec4      0x144 /home/leon/riotboard/arm-2012.09/bin/../lib/gcc/arm-none-eabi/4.7.2//libgcc.a(_arm_cmpdf2.o)
                0x1005bec4                __gtdf2
                0x1005bec4                __gedf2
                0x1005becc                __ltdf2
                0x1005becc                __ledf2
                0x1005bed4                __cmpdf2
                0x1005bed4                __eqdf2
                0x1005bed4                __nedf2
                0x1005bf5c                __aeabi_cdrcmple
                0x1005bf78                __aeabi_cdcmple
                0x1005bf78                __aeabi_cdcmpeq
                0x1005bf90                __aeabi_dcmpeq
                0x1005bfa8                __aeabi_dcmplt
                0x1005bfc0                __aeabi_dcmple
                0x1005bfd8                __aeabi_dcmpge
                0x1005bff0                __aeabi_dcmpgt
 .text          0x1005c008       0x5c /home/leon/riotboard/arm-2012.09/bin/../lib/gcc/arm-none-eabi/4.7.2//libgcc.a(_arm_fixdfsi.o)
                0x1005c008                __fixdfsi
                0x1005c008                __aeabi_d2iz
 .text          0x1005c064       0x3c /home/leon/riotboard/arm-2012.09/bin/../lib/gcc/arm-none-eabi/4.7.2//libgcc.a(_aeabi_uldivmod.o)
                0x1005c064                __aeabi_uldivmod
 .text          0x1005c0a0       0x84 /home/leon/riotboard/arm-2012.09/bin/../lib/gcc/arm-none-eabi/4.7.2//libgcc.a(bpabi.o)
                0x1005c0a0                __gnu_ldivmod_helper
                0x1005c0e4                __gnu_uldivmod_helper
 .text          0x1005c124      0x4f0 /home/leon/riotboard/arm-2012.09/bin/../lib/gcc/arm-none-eabi/4.7.2//libgcc.a(_divdi3.o)
                0x1005c124                __divdi3
 .text          0x1005c614      0x488 /home/leon/riotboard/arm-2012.09/bin/../lib/gcc/arm-none-eabi/4.7.2//libgcc.a(_udivdi3.o)
                0x1005c614                __udivdi3
 .text          0x1005ca9c       0x48 /home/leon/riotboard/arm-2012.09/bin/../lib/gcc/arm-none-eabi/4.7.2//libgcc.a(_clzsi2.o)
                0x1005ca9c                __clzsi2
 .text          0x1005cae4      0x610 /home/leon/git/swp-report/iMX6_Platform_SDK/output/mx6sdl/lib/libsdk.a(runtime_support.o)
                0x1005cae4                _execve
                0x1005cb20                _fork
                0x1005cb48                _isatty
                0x1005cb6c                _open
                0x1005cb98                _close
                0x1005cbbc                _lseek
                0x1005cbe8                _fstat
                0x1005cc1c                _read
                0x1005ccec                _write
                0x1005cdd8                _raw_puts
                0x1005ce58                _sbrk
                0x1005cf08                _exit
                0x1005cf28                _kill
                0x1005cf60                _getpid
                0x1005cf78                _link
                0x1005cfb0                _unlink
                0x1005cfe4                _stat
                0x1005d018                _times
                0x1005d03c                _gettimeofday
                0x1005d0c0                _wait
 *(.glue_7t)
 .glue_7t       0x00000000        0x0 linker stubs
 *(.glue_7)
 .glue_7        0x00000000        0x0 linker stubs
 *(.vfp11_veneer)
 .vfp11_veneer  0x00000000        0x0 linker stubs
 *(.ARM.extab* .gnu.linkonce.armextab.*)
 .ARM.extab.startup
                0x1005d0f4        0x0 /home/leon/git/swp-report/iMX6_Platform_SDK/output/mx6sdl/lib/libsdk.a(startup.o)
 .ARM.extab     0x1005d0f4        0x0 /home/leon/riotboard/arm-2012.09/bin/../lib/gcc/arm-none-eabi/4.7.2//libgcc.a(_divdi3.o)
 .ARM.extab     0x1005d0f4        0x0 /home/leon/riotboard/arm-2012.09/bin/../lib/gcc/arm-none-eabi/4.7.2//libgcc.a(_udivdi3.o)
 *(.gcc_except_table)

.v4_bx          0x1005d0f4        0x0
 .v4_bx         0x00000000        0x0 linker stubs

.iplt           0x1005d0f4        0x0
 .iplt          0x00000000        0x0 /home/leon/riotboard/arm-2012.09/bin/../lib/gcc/arm-none-eabi/4.7.2//crtbegin.o

.ctors
 *crtbegin.o(.ctors)
 *crtbegin?.o(.ctors)
 *(EXCLUDE_FILE(*crtend?.o *crtend.o) .ctors)
 *(SORT(.ctors.*))
 *(.ctors)

.dtors
 *crtbegin.o(.dtors)
 *crtbegin?.o(.dtors)
 *(EXCLUDE_FILE(*crtend?.o *crtend.o) .dtors)
 *(SORT(.dtors.*))
 *(.dtors)

.rodata         0x1005d0f8    0x3c058
 *(.rodata .rodata.* .gnu.linkonce.r.*)
 .rodata        0x1005d0f8       0x9c /home/leon/git/swp-report/iMX6_Platform_SDK/output/mx6sdl/obds/smart_device_rev_a/obj/apps/common/print_clock_info.o
 .rodata        0x1005d194      0x100 /home/leon/git/swp-report/iMX6_Platform_SDK/output/mx6sdl/obds/smart_device_rev_a/obj/apps/common/print_version.o
 .rodata        0x1005d294      0x604 /home/leon/git/swp-report/iMX6_Platform_SDK/output/mx6sdl/obds/smart_device_rev_a/obj/apps/obds/src/obds.o
                0x1005d588                MenuList_All_Tests
                0x1005d5e4                Menu_Commands
                0x1005d6a0                CPU_Tests
 .rodata        0x1005d898      0x318 /home/leon/git/swp-report/iMX6_Platform_SDK/output/mx6sdl/obds/smart_device_rev_a/obj/apps/obds/src/obds_utils.o
 .rodata        0x1005dbb0      0x1c0 /home/leon/git/swp-report/iMX6_Platform_SDK/output/mx6sdl/obds/smart_device_rev_a/obj/apps/obds/src/tests/android_buttons_test.o
                0x1005dbb0                g_android_buttons_test_name
 .rodata        0x1005dd70      0x3ac /home/leon/git/swp-report/iMX6_Platform_SDK/output/mx6sdl/obds/smart_device_rev_a/obj/apps/obds/src/tests/audio_esai_test.o
                0x1005dd70                g_audio_esai_test_name
 .rodata        0x1005e11c      0x22c /home/leon/git/swp-report/iMX6_Platform_SDK/output/mx6sdl/obds/smart_device_rev_a/obj/apps/obds/src/tests/audio_ssi_test.o
                0x1005e11c                g_audio_ssi_test_name
 .rodata        0x1005e348        0xc /home/leon/git/swp-report/iMX6_Platform_SDK/output/mx6sdl/obds/smart_device_rev_a/obj/apps/obds/src/tests/ddr_test.o
                0x1005e348                g_ddr_test_name
 .rodata        0x1005e354      0x1c0 /home/leon/git/swp-report/iMX6_Platform_SDK/output/mx6sdl/obds/smart_device_rev_a/obj/apps/obds/src/tests/deserializer_ds90ur124.o
 .rodata        0x1005e514      0x22c /home/leon/git/swp-report/iMX6_Platform_SDK/output/mx6sdl/obds/smart_device_rev_a/obj/apps/obds/src/tests/display_test.o
                0x1005e514                g_ipu_display_tests_name
 .rodata        0x1005e740      0x2d8 /home/leon/git/swp-report/iMX6_Platform_SDK/output/mx6sdl/obds/smart_device_rev_a/obj/apps/obds/src/tests/enet_mx6dldq_test.o
                0x1005e740                g_ar8031_test_name
                0x1005e760                g_KSZ9021RN_test_name
 .rodata        0x1005ea18       0x84 /home/leon/git/swp-report/iMX6_Platform_SDK/output/mx6sdl/obds/smart_device_rev_a/obj/apps/obds/src/tests/flexcan_test.o
                0x1005ea18                g_flexcan_test_name
 .rodata        0x1005ea9c       0x50 /home/leon/git/swp-report/iMX6_Platform_SDK/output/mx6sdl/obds/smart_device_rev_a/obj/apps/obds/src/tests/fm_tuner_si476x_test.o
 .rodata        0x1005eaec       0x34 /home/leon/git/swp-report/iMX6_Platform_SDK/output/mx6sdl/obds/smart_device_rev_a/obj/apps/obds/src/tests/gpio_led.o
                0x1005eaec                g_gpio_led_test_name
 .rodata        0x1005eb20       0x20 /home/leon/git/swp-report/iMX6_Platform_SDK/output/mx6sdl/obds/smart_device_rev_a/obj/apps/obds/src/tests/gps_test.o
 .rodata        0x1005eb40      0x10c /home/leon/git/swp-report/iMX6_Platform_SDK/output/mx6sdl/obds/smart_device_rev_a/obj/apps/obds/src/tests/i2c_check_light_sensor_isl29023.o
                0x1005eb40                g_isl29023_i2c_device_id_test_name
 .rodata        0x1005ec4c       0x6c /home/leon/git/swp-report/iMX6_Platform_SDK/output/mx6sdl/obds/smart_device_rev_a/obj/apps/obds/src/tests/i2c_device_barometer_ppl3115.o
                0x1005ec4c                g_ppl3115_i2c_device_id_test_name
 .rodata        0x1005ecb8       0x1c /home/leon/git/swp-report/iMX6_Platform_SDK/output/mx6sdl/obds/smart_device_rev_a/obj/apps/obds/src/tests/i2c_device_check_cs42888.o
                0x1005ecb8                g_cs42888_i2c_device_id_test_name
 .rodata        0x1005ecd4       0xb4 /home/leon/git/swp-report/iMX6_Platform_SDK/output/mx6sdl/obds/smart_device_rev_a/obj/apps/obds/src/tests/i2c_device_digital_compass_mag3110.o
                0x1005ecd4                g_mag3110_i2c_device_id_test_name