Archive member included because of file (symbol)

/home/leon/git/swp-report/iMX6_Platform_SDK/output/mx6dq/lib/libsdk.a(max7310.o)
                              /home/leon/git/swp-report/iMX6_Platform_SDK/output/mx6dq/obds/sabre_ai_rev_a/obj/sdk/common/ioexpander/test/max7310_test.o (max7310_reg_read)
/home/leon/git/swp-report/iMX6_Platform_SDK/output/mx6dq/lib/libsdk.a(ccm_pll.o)
                              /home/leon/git/swp-report/iMX6_Platform_SDK/output/mx6dq/obds/sabre_ai_rev_a/obj/apps/common/platform_init.o (ccm_init)
/home/leon/git/swp-report/iMX6_Platform_SDK/output/mx6dq/lib/libsdk.a(cortexA9.o)
                              /home/leon/git/swp-report/iMX6_Platform_SDK/output/mx6dq/obds/sabre_ai_rev_a/obj/apps/common/platform_init.o (arm_set_interrupt_state)
/home/leon/git/swp-report/iMX6_Platform_SDK/output/mx6dq/lib/libsdk.a(gic.o)
                              /home/leon/git/swp-report/iMX6_Platform_SDK/output/mx6dq/obds/sabre_ai_rev_a/obj/apps/common/platform_init.o (gic_init)
/home/leon/git/swp-report/iMX6_Platform_SDK/output/mx6dq/lib/libsdk.a(interrupt.o)
                              /home/leon/git/swp-report/iMX6_Platform_SDK/output/mx6dq/obds/sabre_ai_rev_a/obj/sdk/drivers/hdmi/test/hdmi_test.o (disable_interrupt)
/home/leon/git/swp-report/iMX6_Platform_SDK/output/mx6dq/lib/libsdk.a(mmu.o)
                              /home/leon/git/swp-report/iMX6_Platform_SDK/output/mx6dq/obds/sabre_ai_rev_a/obj/apps/common/platform_init.o (mmu_init)
/home/leon/git/swp-report/iMX6_Platform_SDK/output/mx6dq/lib/libsdk.a(startup.o)
                              (_start)
/home/leon/git/swp-report/iMX6_Platform_SDK/output/mx6dq/lib/libsdk.a(vectors.o)
                              /home/leon/git/swp-report/iMX6_Platform_SDK/output/mx6dq/lib/libsdk.a(startup.o) (vectors)
/home/leon/git/swp-report/iMX6_Platform_SDK/output/mx6dq/lib/libsdk.a(menu.o)
                              /home/leon/git/swp-report/iMX6_Platform_SDK/output/mx6dq/obds/sabre_ai_rev_a/obj/apps/obds/src/obds.o (menu_get_indent)
/home/leon/git/swp-report/iMX6_Platform_SDK/output/mx6dq/lib/libsdk.a(sdk_version.o)
                              /home/leon/git/swp-report/iMX6_Platform_SDK/output/mx6dq/obds/sabre_ai_rev_a/obj/apps/common/print_version.o (k_sdk_version)
/home/leon/git/swp-report/iMX6_Platform_SDK/output/mx6dq/lib/libsdk.a(system_util.o)
                              /home/leon/git/swp-report/iMX6_Platform_SDK/output/mx6dq/lib/libsdk.a(startup.o) (_sys_exit)
/home/leon/git/swp-report/iMX6_Platform_SDK/output/mx6dq/lib/libsdk.a(text_color.o)
                              /home/leon/git/swp-report/iMX6_Platform_SDK/output/mx6dq/obds/sabre_ai_rev_a/obj/apps/obds/src/obds.o (g_TextAttributeDefault)
/home/leon/git/swp-report/iMX6_Platform_SDK/output/mx6dq/lib/libsdk.a(cs42888.o)
                              /home/leon/git/swp-report/iMX6_Platform_SDK/output/mx6dq/obds/sabre_ai_rev_a/obj/apps/obds/src/tests/i2c_device_check_cs42888.o (cs42888_init)
/home/leon/git/swp-report/iMX6_Platform_SDK/output/mx6dq/lib/libsdk.a(imx-ssi.o)
                              /home/leon/git/swp-report/iMX6_Platform_SDK/output/mx6dq/obds/sabre_ai_rev_a/obj/sdk/drivers/audio/src/snd_card.o (imx_ssi_2)
/home/leon/git/swp-report/iMX6_Platform_SDK/output/mx6dq/lib/libsdk.a(imx_esai.o)
                              /home/leon/git/swp-report/iMX6_Platform_SDK/output/mx6dq/obds/sabre_ai_rev_a/obj/sdk/drivers/audio/src/snd_card.o (imx_esai_1)
/home/leon/git/swp-report/iMX6_Platform_SDK/output/mx6dq/lib/libsdk.a(imx_spdif.o)
                              /home/leon/git/swp-report/iMX6_Platform_SDK/output/mx6dq/obds/sabre_ai_rev_a/obj/sdk/drivers/audio/src/snd_card.o (imx_spdif)
/home/leon/git/swp-report/iMX6_Platform_SDK/output/mx6dq/lib/libsdk.a(sgtl5000.o)
                              /home/leon/git/swp-report/iMX6_Platform_SDK/output/mx6dq/obds/sabre_ai_rev_a/obj/sdk/drivers/audio/src/snd_card.o (sgtl5000)
/home/leon/git/swp-report/iMX6_Platform_SDK/output/mx6dq/lib/libsdk.a(wm8958_dac.o)
                              /home/leon/git/swp-report/iMX6_Platform_SDK/output/mx6dq/obds/sabre_ai_rev_a/obj/sdk/drivers/audio/src/snd_card.o (wm8958)
/home/leon/git/swp-report/iMX6_Platform_SDK/output/mx6dq/lib/libsdk.a(wm8962.o)
                              /home/leon/git/swp-report/iMX6_Platform_SDK/output/mx6dq/obds/sabre_ai_rev_a/obj/sdk/drivers/audio/src/snd_card.o (wm8962)
/home/leon/git/swp-report/iMX6_Platform_SDK/output/mx6dq/lib/libsdk.a(board_id.o)
                              /home/leon/git/swp-report/iMX6_Platform_SDK/output/mx6dq/obds/sabre_ai_rev_a/obj/apps/common/print_version.o (chip_name)
/home/leon/git/swp-report/iMX6_Platform_SDK/output/mx6dq/lib/libsdk.a(smd_sensor.o)
                              /home/leon/git/swp-report/iMX6_Platform_SDK/output/mx6dq/obds/sabre_ai_rev_a/obj/sdk/drivers/camera/test/sensor_capture.o (sensor_config)
/home/leon/git/swp-report/iMX6_Platform_SDK/output/mx6dq/lib/libsdk.a(enet_drv.o)
[...]
Memory Configuration

Name             Origin             Length             Attributes
OCRAM            0x00900000         0x00040000         xrw
DDR              0x10000000         0x80000000         xrw
*default*        0x00000000         0xffffffff

Linker script and memory map

LOAD /home/leon/riotboard/arm-2012.09/bin/../lib/gcc/arm-none-eabi/4.7.2//crtbegin.o
LOAD /home/leon/riotboard/arm-2012.09/bin/../lib/gcc/arm-none-eabi/4.7.2//crti.o
LOAD /home/leon/riotboard/arm-2012.09/bin/../lib/gcc/arm-none-eabi/4.7.2//crtend.o
LOAD /home/leon/riotboard/arm-2012.09/bin/../lib/gcc/arm-none-eabi/4.7.2//crtn.o

.l1_page_table  0x00900000     0x4000
                0x00900000                __l1_page_table_start = .
                0x00904000                . = (. + 0x4000)
 *fill*         0x00900000     0x4000 

.heap.ocram     0x00904000    0x3bfb8
                0x00904000                __heap_ocram_start = .
                0x0093ffb8                . = (. + 0x3bfb8)
 *fill*         0x00904000    0x3bfb8 
                0x0093ffb8                __heap_ocram_end = .

.ram_vectors    0x0093ffb8       0x48
                0x0093ffb8                __ram_vectors_start = .
                0x00940000                . = (. + 0x48)
 *fill*         0x0093ffb8       0x48 
                0x00940000                __ram_vectors_end = .
                0x10000000                _start_image_add = ORIGIN (DDR)

.ivt            0x10000000      0x420
                0x10000400                . = (. + 0x400)
 *fill*         0x10000000      0x400 
 *(.ivt)
 .ivt           0x10000400       0x20 /home/leon/git/swp-report/iMX6_Platform_SDK/output/mx6dq/obds/sabre_ai_rev_a/obj/apps/common/ivt.o
                0x10000400                input_ivt

.boot_data      0x10000420        0xc
                0x10000420                __start_boot_data = .
 *(.boot_data)
 .boot_data     0x10000420        0xc /home/leon/git/swp-report/iMX6_Platform_SDK/output/mx6dq/obds/sabre_ai_rev_a/obj/apps/common/ivt.o
                0x10000420                bd

.dcd_hdr        0x10000430        0x4
                0x10000430                __start_dcd = .
 *(.dcd_hdr)
 .dcd_hdr       0x10000430        0x4 /home/leon/git/swp-report/iMX6_Platform_SDK/output/mx6dq/lib/libboard_sabre_ai_rev_a.a(dcd.o)
                0x10000430                input_dcd_hdr

.dcd_wrt_cmd    0x10000434        0x4
 *(.dcd_wrt_cmd)
 .dcd_wrt_cmd   0x10000434        0x4 /home/leon/git/swp-report/iMX6_Platform_SDK/output/mx6dq/lib/libboard_sabre_ai_rev_a.a(dcd.o)
                0x10000434                input_dcd_wrt_cmd

.dcd_data       0x10000438      0x298
 *(.dcd_data)
 .dcd_data      0x10000438      0x298 /home/leon/git/swp-report/iMX6_Platform_SDK/output/mx6dq/lib/libboard_sabre_ai_rev_a.a(dcd.o)
                0x10000438                input_dcd

.text           0x100006d0    0x5e114
 CREATE_OBJECT_SYMBOLS
 *(.startup)
 .startup       0x100006d0      0x138 /home/leon/git/swp-report/iMX6_Platform_SDK/output/mx6dq/lib/libsdk.a(startup.o)
                0x100006d0                _start
 *(.text .text.* .gnu.linkonce.t.*)
 .text          0x10000808      0x128 /home/leon/riotboard/arm-2012.09/bin/../lib/gcc/arm-none-eabi/4.7.2//crtbegin.o
 .text          0x10000930        0x0 /home/leon/riotboard/arm-2012.09/bin/../lib/gcc/arm-none-eabi/4.7.2//crti.o
 .text          0x10000930        0x0 /home/leon/riotboard/arm-2012.09/bin/../lib/gcc/arm-none-eabi/4.7.2//crtend.o
 .text          0x10000930        0x0 /home/leon/riotboard/arm-2012.09/bin/../lib/gcc/arm-none-eabi/4.7.2//crtn.o
 .text          0x10000930        0x0 /home/leon/git/swp-report/iMX6_Platform_SDK/output/mx6dq/obds/sabre_ai_rev_a/obj/apps/common/ivt.o
 .text          0x10000930       0x98 /home/leon/git/swp-report/iMX6_Platform_SDK/output/mx6dq/obds/sabre_ai_rev_a/obj/apps/common/platform_init.o
                0x10000930                platform_init
 .text          0x100009c8       0xfc /home/leon/git/swp-report/iMX6_Platform_SDK/output/mx6dq/obds/sabre_ai_rev_a/obj/apps/common/print_clock_info.o
                0x100009c8                show_freq
                0x10000ab4                show_ddr_config
 .text          0x10000ac4      0x15c /home/leon/git/swp-report/iMX6_Platform_SDK/output/mx6dq/obds/sabre_ai_rev_a/obj/apps/common/print_version.o
                0x10000ac4                print_version
 .text          0x10000c20     0x11c8 /home/leon/git/swp-report/iMX6_Platform_SDK/output/mx6dq/obds/sabre_ai_rev_a/obj/apps/obds/src/obds.o
                0x10000c20                main
                0x10000f88                free_test_results
                0x10001020                printf_hook
                0x100011ec                prompt_run_test
                0x10001290                print_test_passed
                0x100012dc                print_test_skipped
                0x10001328                print_test_failed
                0x10001380                print_test_not_implemented
                0x100013d8                run_test
                0x10001624                report_test_results
                0x100019ec                run_all_tests
                0x10001c78                select_tests
 .text          0x10001de8      0x770 /home/leon/git/swp-report/iMX6_Platform_SDK/output/mx6dq/obds/sabre_ai_rev_a/obj/apps/obds/src/obds_utils.o
                0x10001de8                show_boot_switch_info
 .text          0x10002558      0x330 /home/leon/git/swp-report/iMX6_Platform_SDK/output/mx6dq/obds/sabre_ai_rev_a/obj/apps/obds/src/tests/android_buttons_test.o
                0x10002558                configure_android_button
                0x100025c0                init_android_buttons
                0x10002610                check_android_button_status
                0x1000275c                android_buttons_test
 .text          0x10002888      0x414 /home/leon/git/swp-report/iMX6_Platform_SDK/output/mx6dq/obds/sabre_ai_rev_a/obj/apps/obds/src/tests/audio_esai_test.o
                0x10002888                esai_test
 .text          0x10002c9c      0x3e4 /home/leon/git/swp-report/iMX6_Platform_SDK/output/mx6dq/obds/sabre_ai_rev_a/obj/apps/obds/src/tests/audio_ssi_test.o
                0x10002c9c                audio_test_init
                0x10002dc0                i2s_audio_test
 .text          0x10003080      0x620 /home/leon/git/swp-report/iMX6_Platform_SDK/output/mx6dq/obds/sabre_ai_rev_a/obj/apps/obds/src/tests/ddr_test.o
                0x10003080                get_ddr_density
                0x10003144                ddr_test
 .text          0x100036a0      0x2e4 /home/leon/git/swp-report/iMX6_Platform_SDK/output/mx6dq/obds/sabre_ai_rev_a/obj/apps/obds/src/tests/deserializer_ds90ur124.o
                0x100036a0                deserializer_io_config
                0x100036b4                ds90ur124_init
                0x100036e8                ds90ur124_receive_cnx_test
                0x100038ac                ds90ur124_test_main
 .text          0x10003984      0x744 /home/leon/git/swp-report/iMX6_Platform_SDK/output/mx6dq/obds/sabre_ai_rev_a/obj/apps/obds/src/tests/display_test.o
                0x10003984                hdmi_720p_init
                0x10003f1c                ipu_display_test_main
 .text          0x100040c8      0x978 /home/leon/git/swp-report/iMX6_Platform_SDK/output/mx6dq/obds/sabre_ai_rev_a/obj/apps/obds/src/tests/enet_mx6dldq_test.o
                0x1000425c                enet_test_main
                0x100044fc                ar8031_test_main
                0x100047ac                KSZ9021RN_test_main
 .text          0x10004a40       0xb4 /home/leon/git/swp-report/iMX6_Platform_SDK/output/mx6dq/obds/sabre_ai_rev_a/obj/apps/obds/src/tests/flexcan_test.o
                0x10004a40                flexcan_test
 .text          0x10004af4      0x278 /home/leon/git/swp-report/iMX6_Platform_SDK/output/mx6dq/obds/sabre_ai_rev_a/obj/apps/obds/src/tests/fm_tuner_si476x_test.o
                0x10004cd8                si476x_test_main
 .text          0x10004d6c      0x1d8 /home/leon/git/swp-report/iMX6_Platform_SDK/output/mx6dq/obds/sabre_ai_rev_a/obj/apps/obds/src/tests/gpio_led.o
                0x10004d6c                gpio_led_test
 .text          0x10004f44       0xd4 /home/leon/git/swp-report/iMX6_Platform_SDK/output/mx6dq/obds/sabre_ai_rev_a/obj/apps/obds/src/tests/gps_test.o
                0x10004f44                gps_test
 .text          0x10005018      0x5d0 /home/leon/git/swp-report/iMX6_Platform_SDK/output/mx6dq/obds/sabre_ai_rev_a/obj/apps/obds/src/tests/i2c_check_light_sensor_isl29023.o
                0x10005500                i2c_device_id_check_isl29023
 .text          0x100055e8      0x294 /home/leon/git/swp-report/iMX6_Platform_SDK/output/mx6dq/obds/sabre_ai_rev_a/obj/apps/obds/src/tests/i2c_device_barometer_ppl3115.o
                0x100057c0                i2c_device_id_check_ppl3115
                0x10005850                i2c_device_ppl3115_test
 .text          0x1000587c       0xf0 /home/leon/git/swp-report/iMX6_Platform_SDK/output/mx6dq/obds/sabre_ai_rev_a/obj/apps/obds/src/tests/i2c_device_check_cs42888.o
                0x1000587c                i2c_device_check_cs42888
 .text          0x1000596c      0x1ac /home/leon/git/swp-report/iMX6_Platform_SDK/output/mx6dq/obds/sabre_ai_rev_a/obj/apps/obds/src/tests/i2c_device_digital_compass_mag3110.o
                0x1000596c                mag3110_reg_read
                0x10005a80                i2c_device_id_check_mag3110
 .text          0x10005b18      0x1b4 /home/leon/git/swp-report/iMX6_Platform_SDK/output/mx6dq/obds/sabre_ai_rev_a/obj/apps/obds/src/tests/i2c_device_digital_compass_mag3112.o
                0x10005b18                mag3112_reg_read
                0x10005c2c                i2c_device_id_check_mag3112
 .text          0x10005ccc      0x964 /home/leon/git/swp-report/iMX6_Platform_SDK/output/mx6dq/obds/sabre_ai_rev_a/obj/apps/obds/src/tests/i2c_device_id_check_mma8450.o
                0x10005ea4                i2c_device_id_check_MMA8450
                0x10005f50                mma8450_set_config
                0x10006058                mma8450_get_accel
                0x10006464                mma8450_show_accel
 .text          0x10006630      0x97c /home/leon/git/swp-report/iMX6_Platform_SDK/output/mx6dq/obds/sabre_ai_rev_a/obj/apps/obds/src/tests/i2c_device_id_check_mma8451.o
                0x10006808                i2c_device_id_check_MMA8451
                0x100068c0                mma8451_set_config
                0x100069d4                mma8451_get_accel
                0x10006de0                mma8451_show_accel
 .text          0x10006fac      0x86c /home/leon/git/swp-report/iMX6_Platform_SDK/output/mx6dq/obds/sabre_ai_rev_a/obj/apps/obds/src/tests/i2c_device_id_check_p1003_tsc.o
                0x10006fac                p1003_version_reg_read
                0x10007104                p1003_version_reg_write
                0x10007268                i2c_device_id_check_p1003
                0x100073b4                p1003_get_touch
                0x10007614                p1003_show_touch
 .text          0x10007818      0x6e8 /home/leon/git/swp-report/iMX6_Platform_SDK/output/mx6dq/obds/sabre_ai_rev_a/obj/apps/obds/src/tests/i2c_device_temp_sensor_emc1046.o
                0x10007d4c                wait_convertion_done
                0x10007dc0                i2c_device_id_check_emc1046
                0x10007ed4                i2c_device_emc1046_test
 .text          0x10007f00      0x36c /home/leon/git/swp-report/iMX6_Platform_SDK/output/mx6dq/obds/sabre_ai_rev_a/obj/apps/obds/src/tests/i2c_device_zigbee_mc1323.o
                0x10008140                i2c_device_id_check_mc1323
                0x10008204                i2c_device_mc1323_test
 .text          0x1000826c      0x358 /home/leon/git/swp-report/iMX6_Platform_SDK/output/mx6dq/obds/sabre_ai_rev_a/obj/apps/obds/src/tests/i2c_eeprom_at24cxx_test.o
 .text          0x100085c4      0x6d4 /home/leon/git/swp-report/iMX6_Platform_SDK/output/mx6dq/obds/sabre_ai_rev_a/obj/apps/obds/src/tests/imx_spi_nor_test.o
                0x100085c4                spi_nor_query
                0x10008624                spi_nor_write
                0x1000869c                spi_nor_read
                0x10008714                spi_nor_erase
                0x10008780                spi_nor_test
 .text          0x10008c98      0x3b4 /home/leon/git/swp-report/iMX6_Platform_SDK/output/mx6dq/obds/sabre_ai_rev_a/obj/apps/obds/src/tests/mlb_os81050.o
                0x10008c98                mlb_io_config
                0x10008ca8                os81050_i2c_init
                0x10008d30                os81050_read_status
                0x10008e8c                os81050_get_message
                0x10008fac                os81050_test_main
 .text          0x1000904c      0x25c /home/leon/git/swp-report/iMX6_Platform_SDK/output/mx6dq/obds/sabre_ai_rev_a/obj/apps/obds/src/tests/mmcsd_test.o
                0x1000904c                mmcsd_test
 .text          0x100092a8      0x658 /home/leon/git/swp-report/iMX6_Platform_SDK/output/mx6dq/obds/sabre_ai_rev_a/obj/apps/obds/src/tests/pmic_da9053.o
                0x100092a8                da9053_i2c_reg
                0x100097f8                i2c_device_id_check_DA9053
                0x100098b0                pmic_da9053_test
 .text          0x10009900     0x138c /home/leon/git/swp-report/iMX6_Platform_SDK/output/mx6dq/obds/sabre_ai_rev_a/obj/apps/obds/src/tests/pmic_lt3589.o
                0x10009900                ltc3589_reg_read
                0x100099f8                ltc3589_reg_write
                0x10009ae0                ltc3589_eval
                0x1000a690                ltc3589_backlight_en
                0x1000a8a4                ltc3589_camera_power_on
                0x1000aa6c                sil9024_hdmi_power_on1
                0x1000ab9c                ltc3589_i2c_device_id_check
                0x1000ac3c                pmic_lt3589_test
 .text          0x1000ac8c      0x2f8 /home/leon/git/swp-report/iMX6_Platform_SDK/output/mx6dq/obds/sabre_ai_rev_a/obj/apps/obds/src/tests/pmic_max17135.o
                0x1000ac8c                max17135_reg_read
                0x1000ad7c                max17135_reg_write
                0x1000aed4                i2c_device_id_check_MAX17135
 .text          0x1000af84      0x3a0 /home/leon/git/swp-report/iMX6_Platform_SDK/output/mx6dq/obds/sabre_ai_rev_a/obj/apps/obds/src/tests/pmic_mc13892.o
                0x1000af84                mc13892_i2c_reg
                0x1000afc4                pmic_open_vgen1
                0x1000b0ac                pmic_open_vusb
                0x1000b178                pmic_open_vsd
                0x1000b294                device_id_check_mc13892
                0x1000b2c4                pmic_mc13892_test
 .text          0x1000b324      0x77c /home/leon/git/swp-report/iMX6_Platform_SDK/output/mx6dq/obds/sabre_ai_rev_a/obj/apps/obds/src/tests/program_board_id.o
                0x1000b354                program_board_id_fuses
                0x1000b554                program_board_id
 .text          0x1000baa0      0x8cc /home/leon/git/swp-report/iMX6_Platform_SDK/output/mx6dq/obds/sabre_ai_rev_a/obj/apps/obds/src/tests/program_mac_address.o
                0x1000bad0                read_mac_otp_registers
                0x1000bb8c                mac_address_str
                0x1000bc2c                program_mac_address_fuses
                0x1000bea4                program_mac_address
 .text          0x1000c36c      0x1fc /home/leon/git/swp-report/iMX6_Platform_SDK/output/mx6dq/obds/sabre_ai_rev_a/obj/apps/obds/src/tests/snvs_srtc_test.o
                0x1000c36c                snvs_srtc_test
 .text          0x1000c568        0x0 /home/leon/git/swp-report/iMX6_Platform_SDK/output/mx6dq/obds/sabre_ai_rev_a/obj/apps/obds/src/tests/touch_button_test.o
 .text          0x1000c568      0x6e0 /home/leon/git/swp-report/iMX6_Platform_SDK/output/mx6dq/obds/sabre_ai_rev_a/obj/apps/obds/src/tests/touch_screen.o
                0x1000c568                DA9053_Write
                0x1000c654                DA9053_Read
                0x1000c738                touch_init
                0x1000c7b8                touch_get_xy_value
                0x1000c8f4                touch_detect
                0x1000c9e8                touch_screen_prompt
                0x1000cb0c                touch_screen_test
 .text          0x1000cc48      0xb68 /home/leon/git/swp-report/iMX6_Platform_SDK/output/mx6dq/obds/sabre_ai_rev_a/obj/apps/obds/src/tests/touch_screen_max11801.o
                0x1000d010                max11801_ts_test
                0x1000d16c                max11801_reg_read_single
                0x1000d280                max11801_reg_read_multi
                0x1000d38c                max11801_reg_write
                0x1000d468                i2c_device_check_max11801_AUX
                0x1000d588                i2c_device_check_max11801
 .text          0x1000d7b0      0x524 /home/leon/git/swp-report/iMX6_Platform_SDK/output/mx6dq/obds/sabre_ai_rev_a/obj/apps/obds/src/tests/usb_tests_obds.o
                0x1000d7b0                usbo_dev_enum_test
                0x1000d820                usbh_dev_enum_test
                0x1000d890                usb_enum_device
 .text          0x1000dcd4      0x148 /home/leon/git/swp-report/iMX6_Platform_SDK/output/mx6dq/obds/sabre_ai_rev_a/obj/apps/obds/src/tests/video_dec_ARD_MB_reset_button.o
                0x1000dcd4                ard_mb_reset_test
 .text          0x1000de1c       0xa0 /home/leon/git/swp-report/iMX6_Platform_SDK/output/mx6dq/obds/sabre_ai_rev_a/obj/apps/obds/src/tests/video_dec_ARD_MBrst_from_cpu_expander.o
                0x1000de1c                ard_mb_expander_reset_test
 .text          0x1000debc      0x468 /home/leon/git/swp-report/iMX6_Platform_SDK/output/mx6dq/obds/sabre_ai_rev_a/obj/apps/obds/src/tests/video_dec_adv7180.o
                0x1000debc                adv7180_i2c_init_obds
                0x1000df1c                adv7180_reg_read
                0x1000dfcc                adv7180_reg_write
                0x1000e084                adv7180_set_tristate_output
                0x1000e0a0                adv7180_i2c_device_id_check
                0x1000e0fc                adv7180_set_gpio_output
                0x1000e188                adv7180_test_main
 .text          0x1000e324      0x324 /home/leon/git/swp-report/iMX6_Platform_SDK/output/mx6dq/obds/sabre_ai_rev_a/obj/apps/obds/src/tests/weim_nor_flash_test.o
                0x1000e324                weim_nor_flash_cs_setup
                0x1000e370                eim_nor_flash_test
                0x1000e3e0                m29w256gl_auto_manu_id
                0x1000e4c8                m29w256gl_auto_dev_id
 .text          0x1000e648       0xfc /home/leon/git/swp-report/iMX6_Platform_SDK/output/mx6dq/obds/sabre_ai_rev_a/obj/sdk/common/ioexpander/test/max7310_test.o
                0x1000e648                max7310_i2c_device_id_check
 .text          0x1000e744      0x478 /home/leon/git/swp-report/iMX6_Platform_SDK/output/mx6dq/obds/sabre_ai_rev_a/obj/sdk/common/pmic/pfuse/pf0100.o
                0x1000e744                pf0100_reg_read
                0x1000e834                pf0100_reg_write
                0x1000e924                pf0100_enable_vgen1_1v2
                0x1000e974                pf0100_enable_vgen2_1v5
                0x1000e9c4                pf0100_enable_vgen3_1v8
                0x1000ea14                pf0100_enable_vgen4_1v8
                0x1000ea64                pf0100_enable_vgen4_2v5
                0x1000eab4                pf0100_enable_vgen6_2v8
                0x1000eb04                pf0100_i2c_device_id_check
 .text          0x1000ebbc      0x438 /home/leon/git/swp-report/iMX6_Platform_SDK/output/mx6dq/obds/sabre_ai_rev_a/obj/sdk/drivers/audio/src/snd_card.o
 .text          0x1000eff4      0x300 /home/leon/git/swp-report/iMX6_Platform_SDK/output/mx6dq/obds/sabre_ai_rev_a/obj/sdk/drivers/camera/test/adv7180_capture.o
                0x1000eff4                adv7180_capture
 .text          0x1000f2f4      0x204 /home/leon/git/swp-report/iMX6_Platform_SDK/output/mx6dq/obds/sabre_ai_rev_a/obj/sdk/drivers/camera/test/camera_test.o
                0x1000f2f4                camera_test
 .text          0x1000f4f8      0x2f0 /home/leon/git/swp-report/iMX6_Platform_SDK/output/mx6dq/obds/sabre_ai_rev_a/obj/sdk/drivers/camera/test/csi_test_mode.o
                0x1000f4f8                csi_test_mode
 .text          0x1000f7e8      0x2b8 /home/leon/git/swp-report/iMX6_Platform_SDK/output/mx6dq/obds/sabre_ai_rev_a/obj/sdk/drivers/camera/test/sensor_capture.o
                0x1000f7e8                sensor_capture
 .text          0x1000faa0      0x82c /home/leon/git/swp-report/iMX6_Platform_SDK/output/mx6dq/obds/sabre_ai_rev_a/obj/sdk/drivers/hdmi/test/hdmi_test.o
                0x1000faa0                hdmi_test
                0x1000fe0c                init_hdmi_interrupt
                0x1000febc                hdmi_tx_ISR
                0x1000ff4c                hdmi_1080P60_video_output
                0x1001010c                hdmi_720P60_video_output
 .text          0x100102cc      0x540 /home/leon/git/swp-report/iMX6_Platform_SDK/output/mx6dq/obds/sabre_ai_rev_a/obj/sdk/drivers/hdmi/test/init_dma_data.o
                0x100102cc                init_dma_data
 .text          0x1001080c      0xd18 /home/leon/git/swp-report/iMX6_Platform_SDK/output/mx6dq/obds/sabre_ai_rev_a/obj/sdk/drivers/ipu/test/ips_display.o
                0x1001080c                ips_display_test
                0x10010948                ips_hdmi_stream
                0x10010aa8                ips_hdmi_720P60_stream
                0x10010d6c                ips_hdmi_1080P60_stream
                0x10010fc4                ips_ext_hdmi_transmitter_1080P60_stream
                0x100111e4                ips_hannstar_xga_yuv_stream
                0x10011484                ips_mipi_wvga_rgb_stream
 .text          0x10011524      0x538 /home/leon/git/swp-report/iMX6_Platform_SDK/output/mx6dq/obds/sabre_ai_rev_a/obj/sdk/drivers/ipu/test/ipu_image.o
                0x10011524                load_centralized_image
                0x10011660                load_foreground_image
                0x100116ac                load_horiz_image
                0x1001181c                set_background_margin
                0x1001190c                load_vert_image
 .text          0x10011a5c      0x33c /home/leon/git/swp-report/iMX6_Platform_SDK/output/mx6dq/obds/sabre_ai_rev_a/obj/sdk/drivers/sata/test/sata_test.o
                0x10011b1c                sata_test
 .text          0x10011d98     0x10b4 /home/leon/git/swp-report/iMX6_Platform_SDK/output/mx6dq/obds/sabre_ai_rev_a/obj/sdk/drivers/spi/test/imx_spi_nor_atmel.o
                0x10011d98                spi_nor_query_atmel
                0x10011edc                spi_nor_write_atmel
                0x100128bc                spi_nor_erase_atmel
                0x10012a60                spi_nor_read_atmel
 .text          0x10012e4c      0xb00 /home/leon/git/swp-report/iMX6_Platform_SDK/output/mx6dq/obds/sabre_ai_rev_a/obj/sdk/drivers/spi/test/spi_nor_numonyx.o
                0x10013124                spi_nor_query_numonyx
                0x100131f0                spi_nor_erase_numonyx
                0x1001327c                spi_nor_read_numonyx
                0x100134c4                spi_nor_write_numonyx
 .text          0x1001394c      0x24c /home/leon/git/swp-report/iMX6_Platform_SDK/output/mx6dq/obds/sabre_ai_rev_a/obj/sdk/drivers/uart/test/uart_test.o
                0x1001394c                uart_interrupt_handler
                0x100139a4                uart_test
 .text          0x10013b98     0x39f0 /home/leon/git/swp-report/iMX6_Platform_SDK/output/mx6dq/obds/sabre_ai_rev_a/obj/sdk/drivers/usb/test/usb0_host_test.o
                0x10013b98                usb0_host_test
                0x100146cc                emuerateDevice
                0x1001484c                usbh_set_device_address
                0x10014f74                usbh_get_dev_desc
                0x100156c4                usbh_get_config_desc
                0x10015e54                usbh_get_interface_desc
                0x100166c4                usbh_set_configuration
                0x10016e00                usbh_get_report_desc
 .text          0x10017588      0x978 /home/leon/git/swp-report/iMX6_Platform_SDK/output/mx6dq/obds/sabre_ai_rev_a/obj/sdk/drivers/usb/test/usb0_host_testmodes_test.o
                0x10017588                usb0_host_testmodes_test
 .text          0x10017f00      0xcf4 /home/leon/git/swp-report/iMX6_Platform_SDK/output/mx6dq/obds/sabre_ai_rev_a/obj/sdk/drivers/usdhc/test/usdhc_test.o
                0x10017f00                mmc_sd_test
                0x10017f34                usdhc_test
 .text          0x10018bf4      0x264 /home/leon/git/swp-report/iMX6_Platform_SDK/output/mx6dq/lib/libsdk.a(max7310.o)
                0x10018bf4                max7310_reg_read
                0x10018c58                max7310_reg_write
                0x10018cc4                max7310_init
                0x10018da4                max7310_set_gpio_output
 .text          0x10018e58      0xcdc /home/leon/git/swp-report/iMX6_Platform_SDK/output/mx6dq/lib/libsdk.a(ccm_pll.o)
                0x10018e58                ccm_init
                0x10018f7c                get_main_clock
                0x1001920c                get_peri_clock
                0x100193bc                ccm_ccgr_config
                0x10019424                clock_gating_config
                0x100198a4                ccm_set_lpm_wakeup_source
                0x10019998                ccm_enter_low_power
                0x10019a08                ipu_hsp_clk_config
                0x10019a28                gpu_clock_config
 .text          0x10019b34      0x164 /home/leon/git/swp-report/iMX6_Platform_SDK/output/mx6dq/lib/libsdk.a(cortexA9.o)
                0x10019b34                arm_set_interrupt_state
                0x10019b58                cpu_get_current
                0x10019b64                enable_neon_fpu
                0x10019b80                disable_strict_align_check
                0x10019b94                disable_L1_cache
                0x10019bb4                get_arm_private_peripheral_base
                0x10019bbc                arm_unified_tlb_invalidate
                0x10019bcc                arm_unified_tlb_invalidate_is
                0x10019bdc                arm_branch_prediction_enable
                0x10019bec                arm_branch_prediction_disable
                0x10019bfc                arm_branch_target_cache_invalidate
                0x10019c08                arm_branch_target_cache_invalidate_is
                0x10019c14                scu_enable
                0x10019c28                scu_join_smp
                0x10019c38                scu_leave_smp
                0x10019c48                scu_get_cpus_in_smp
                0x10019c5c                scu_enable_maintenance_broadcast
                0x10019c6c                scu_disable_maintenance_broadcast
                0x10019c7c                scu_secure_invalidate
 .text          0x10019c98      0x5e0 /home/leon/git/swp-report/iMX6_Platform_SDK/output/mx6dq/lib/libsdk.a(gic.o)
                0x10019d7c                gic_enable
                0x10019ddc                gic_set_irq_security
                0x10019e84                gic_enable_irq
                0x10019f00                gic_set_irq_priority
                0x10019f48                gic_set_cpu_target
                0x1001a054                gic_send_sgi
                0x1001a0a8                gic_cpu_enable
                0x1001a108                gic_set_cpu_priority_mask
                0x1001a13c                gic_read_irq_ack
                0x1001a168                gic_write_end_of_irq
                0x1001a198                gic_init
                0x1001a23c                gic_init_cpu
 .text          0x1001a278      0x1bc /home/leon/git/swp-report/iMX6_Platform_SDK/output/mx6dq/lib/libsdk.a(interrupt.o)
                0x1001a278                IRQ_HDLR
                0x1001a340                disable_interrupt
                0x1001a37c                enable_interrupt
                0x1001a3d4                register_interrupt_routine
                0x1001a408                default_interrupt_routine
 .text          0x1001a434      0x460 /home/leon/git/swp-report/iMX6_Platform_SDK/output/mx6dq/lib/libsdk.a(mmu.o)
                0x1001a434                mmu_enable
                0x1001a46c                mmu_disable
                0x1001a4a0                mmu_init
                0x1001a5bc                mmu_map_l1_range
                0x1001a7d4                mmu_virtual_to_physical
 .text          0x1001a894        0x0 /home/leon/git/swp-report/iMX6_Platform_SDK/output/mx6dq/lib/libsdk.a(startup.o)
 .text          0x1001a894        0x4 /home/leon/git/swp-report/iMX6_Platform_SDK/output/mx6dq/lib/libsdk.a(vectors.o)
                0x1001a894                exception_handler
 .text.vectors  0x1001a898       0x48 /home/leon/git/swp-report/iMX6_Platform_SDK/output/mx6dq/lib/libsdk.a(vectors.o)
                0x1001a898                vectors
 .text          0x1001a8e0      0xc78 /home/leon/git/swp-report/iMX6_Platform_SDK/output/mx6dq/lib/libsdk.a(menu.o)
                0x1001ad88                menu_get_indent
                0x1001ada4                menuitem_cmd_showmenu
                0x1001adc8                menuitem_cmd_exitmenu
                0x1001adec                menu_append_menuitems
                0x1001af0c                menu_present
                0x1001b4a8                menu_print_menuitem
 .text          0x1001b558        0x0 /home/leon/git/swp-report/iMX6_Platform_SDK/output/mx6dq/lib/libsdk.a(sdk_version.o)
 .text          0x1001b558      0x914 /home/leon/git/swp-report/iMX6_Platform_SDK/output/mx6dq/lib/libsdk.a(system_util.o)
                0x1001b558                _sys_exit
                0x1001b574                mybkpt
                0x1001b57c                is_input_char
                0x1001b6fc                read_input_string
                0x1001b9e4                get_input_hex
                0x1001bc64                read_int
                0x1001bdc8                jump_to_sdp
 .text          0x1001be6c       0xe0 /home/leon/git/swp-report/iMX6_Platform_SDK/output/mx6dq/lib/libsdk.a(text_color.o)
                0x1001be6c                printf_color
                0x1001bf08                get_color_supported
 .text          0x1001bf4c      0x408 /home/leon/git/swp-report/iMX6_Platform_SDK/output/mx6dq/lib/libsdk.a(cs42888.o)
                0x1001c094                cs42888_init
                0x1001c0cc                cs42888_dev_info
                0x1001c120                cs42888_config
                0x1001c304                cs42888_deinit
 .text          0x1001c354     0x2990 /home/leon/git/swp-report/iMX6_Platform_SDK/output/mx6dq/lib/libsdk.a(imx-ssi.o)
                0x1001e288                ssi_init
                0x1001e2c8                ssi_config
                0x1001e7dc                ssi_write_fifo
                0x1001e9d4                ssi_read_fifo
                0x1001eb94                ssi_deinit
 .text          0x1001ece4      0xe0c /home/leon/git/swp-report/iMX6_Platform_SDK/output/mx6dq/lib/libsdk.a(imx_esai.o)
                0x1001f53c                esai_config
                0x1001f8a4                esai_init
                0x1001f8e0                esai_deinit
                0x1001f904                esai_write_fifo
 .text          0x1001faf0      0x708 /home/leon/git/swp-report/iMX6_Platform_SDK/output/mx6dq/lib/libsdk.a(imx_spdif.o)
                0x1001fe68                spdif_init
                0x1001fea4                spdif_config
                0x100200d8                spdif_write_fifo
                0x100201d4                spdif_deinit
 .text          0x100201f8     0x1100 /home/leon/git/swp-report/iMX6_Platform_SDK/output/mx6dq/lib/libsdk.a(sgtl5000.o)
                0x10020bf4                sgtl5000_init
                0x10021168                sgtl5000_i2s_config
                0x100212c4                sgtl5000_deinit
 .text          0x100212f8      0xeb4 /home/leon/git/swp-report/iMX6_Platform_SDK/output/mx6dq/lib/libsdk.a(wm8958_dac.o)
                0x100214a4                WM8958_dump
                0x100219e8                WM8958_DAC_configure
                0x10022118                WM8958_DAC_init
                0x10022180                WM8958_DAC_deinit
 .text          0x100221ac      0xb7c /home/leon/git/swp-report/iMX6_Platform_SDK/output/mx6dq/lib/libsdk.a(wm8962.o)
                0x100224b0                WM8962_dump
                0x100224e0                WM8962_DAC_configure
                0x10022c08                WM8962_DAC_init
                0x10022cfc                WM8962_DAC_deinit
 .text          0x10022d28      0x7c4 /home/leon/git/swp-report/iMX6_Platform_SDK/output/mx6dq/lib/libsdk.a(board_id.o)
                0x10022d28                chip_name
                0x10022e40                chip_revision
                0x10022f18                board_name
                0x1002301c                board_revision
                0x100230e4                board_description
                0x10023204                get_board_id
                0x100232e0                show_board_id
 .text          0x100234ec      0xa88 /home/leon/git/swp-report/iMX6_Platform_SDK/output/mx6dq/lib/libsdk.a(smd_sensor.o)
                0x10023884                sensor_config
                0x100238c0                sensor_search
                0x10023a50                sensor_init
                0x10023bc4                sensor_af_trigger
                0x10023ca4                sensor_autofocus_init
                0x10023e24                camera_strobeflash_on
                0x10023f00                camera_strobeflash_off
 .text          0x10023f74     0x17e0 /home/leon/git/swp-report/iMX6_Platform_SDK/output/mx6dq/lib/libsdk.a(enet_drv.o)
                0x10023f74                imx_enet_mii_read
                0x10024084                imx_enet_mii_write
                0x10024558                enet_phy_rework_ar8031
                0x100246cc                enet_phy_rework_ksz9021
                0x100247c0                imx_enet_phy_init
                0x10024a40                imx_enet_get_phy_status
                0x10024d68                imx_enet_phy_enable_external_loopback
                0x10024e84                imx_enet_poll
                0x10024f7c                imx_enet_send
                0x10025094                imx_enet_recv
                0x10025270                imx_enet_init
                0x100253c4                imx_enet_start
                0x10025458                imx_enet_stop
                0x1002549c                imx_enet_isolate_phy
                0x10025540                imx_enet_unisolate_phy
                0x10025608                imx_enet_mii_type
 .text          0x10025754     0x1308 /home/leon/git/swp-report/iMX6_Platform_SDK/output/mx6dq/lib/libsdk.a(gpio.o)
                0x10025784                gpio_get_port_count
                0x1002579c                gpio_set_gpio
                0x10025860                gpio_set_direction
                0x10025abc                gpio_get_direction
                0x10025c04                gpio_set_level
                0x10025f44                gpio_get_level
                0x100260a4                gpio_set_interrupt_config
                0x100264a8                gpio_set_interrupt_mask
                0x100266ec                gpio_get_interrupt_status
                0x10026848                gpio_clear_interrupt
 .text          0x10026a5c        0x0 /home/leon/git/swp-report/iMX6_Platform_SDK/output/mx6dq/lib/libsdk.a(imx6dq_gpio_map.o)
 .text          0x10026a5c     0x1334 /home/leon/git/swp-report/iMX6_Platform_SDK/output/mx6dq/lib/libsdk.a(hdmi_tx.o)
                0x10026a5c                hdmi_config_input_source
                0x10026a9c                hdmi_video_sample
                0x10026ce4                update_csc_coeffs
                0x100271f8                hdmi_video_csc
                0x10027398                hdmi_video_packetize
                0x10027764                preamble_filter_set
                0x10027824                hdmi_av_frame_composer
                0x10027c6c                hdmi_tx_hdcp_config
                0x10027cd8                hdmi_config_force_video
                0x10027d30                hdmi_config_forced_pixels
 .text          0x10027d90      0xd24 /home/leon/git/swp-report/iMX6_Platform_SDK/output/mx6dq/lib/libsdk.a(hdmi_tx_audio.o)
                0x10027d90                hdmi_audio_mute
                0x10027de0                audio_PacketLayout
                0x10027e20                audio_DMA_InterruptMask
                0x10027e50                audio_DMA_InterruptPolarity
                0x10027e80                audio_DMA_ResetFIFO
                0x10027ea4                audio_clk_N
                0x10027f04                audio_clk_CTS
                0x10027fa4                audio_ComputeN
                0x100282c4                audio_ComputeCTS
                0x10028500                audio_DMA_StartAddr
                0x10028578                audio_DMA_StopAddr
                0x100285f0                audio_DMA_LockEnable
                0x10028630                audio_DMA_BurstMode
                0x10028670                audio_DMA_IncrType
                0x100286b0                audio_DMA_Threshold
                0x100286e0                audio_DMA_SetCONF1
                0x10028710                audio_DMA_Start
                0x10028734                audio_Configure
                0x100287ec                Audio_ChannelCount
                0x100288dc                audio_Configure_DMA
                0x10028a74                audio_info_config
 .text          0x10028ab4     0x14fc /home/leon/git/swp-report/iMX6_Platform_SDK/output/mx6dq/lib/libsdk.a(hdmi_tx_phy.o)
                0x10028ab4                hdmi_phy_int_mask
                0x10029f1c                hdmi_phy_init
 .text          0x10029fb0     0x14bc /home/leon/git/swp-report/iMX6_Platform_SDK/output/mx6dq/lib/libsdk.a(imx_i2c.o)
                0x10029fe0                i2c_get_request_instance
                0x1002a930                i2c_xfer
                0x1002af8c                i2c_read
                0x1002afbc                i2c_write
                0x1002afec                i2c_setup_interrupt
                0x1002b1f8                i2c_init
 .text          0x1002b46c      0x474 /home/leon/git/swp-report/iMX6_Platform_SDK/output/mx6dq/lib/libsdk.a(ips_disp_panel.o)
                0x1002b700                search_panel
                0x1002b7c0                list_panel
                0x1002b858                get_panel_by_id
 .text          0x1002b8e0      0xff4 /home/leon/git/swp-report/iMX6_Platform_SDK/output/mx6dq/lib/libsdk.a(ipu_common.o)
                0x1002b8e0                need_csc
                0x1002b948                ipu_write_field
                0x1002ba00                ipu_read
                0x1002ba6c                ipu_write
                0x1002bad4                ipu_enable_display
                0x1002bb40                ipu_disable_display
                0x1002bbc0                ipu_sw_reset
                0x1002bca0                ipu_display_setup
                0x1002be14                ipu_dual_display_setup
                0x1002bf18                ipu_capture_setup
                0x1002c384                ipu_capture_streamoff
                0x1002c458                ipu_mipi_csi2_setup
                0x1002c650                ipu1_ch0_eobnd_isr
                0x1002c82c                ipu_ch0_eobnd_interrupt_register
 .text          0x1002c8d4      0xcb8 /home/leon/git/swp-report/iMX6_Platform_SDK/output/mx6dq/lib/libsdk.a(ipu_csi.o)
                0x1002c8d4                ipu_csi_config
                0x1002cf18                ipu_smfc_fifo_allocate
                0x1002d074                ipu_capture_disp_link
                0x1002d1a0                ipu_disable_csi
                0x1002d20c                ipu_disable_smfc
                0x1002d240                ipu_csi_test_mode_color
 .text          0x1002d58c     0x1bec /home/leon/git/swp-report/iMX6_Platform_SDK/output/mx6dq/lib/libsdk.a(ipu_dc.o)
                0x1002d58c                ipu_dc_config
                0x1002d87c                ipu_dc_write_channel_config
                0x1002db34                ipu_dc_display_config
                0x1002dcc8                ipu_dc_map
                0x1002e05c                ipu_dc_microcode_config
                0x1002ee1c                ipu_dc_microcode_event
 .text          0x1002f178      0xfec /home/leon/git/swp-report/iMX6_Platform_SDK/output/mx6dq/lib/libsdk.a(ipu_di.o)
                0x1002f178                ipu_di_config
                0x1002f7a8                ipu_di_waveform_config
                0x1002f870                ipu_di_screen_set
                0x1002f904                ipu_di_pointer_config
                0x1002fa68                ipu_di_bsclk_gen
                0x1002fba0                ipu_di_sync_config
                0x1002fea8                ipu_di_interface_set
 .text          0x10030164      0x3e0 /home/leon/git/swp-report/iMX6_Platform_SDK/output/mx6dq/lib/libsdk.a(ipu_dmfc.o)
                0x10030164                ipu_dmfc_config
                0x100303f8                ipu_dmfc_alloc
 .text          0x10030544      0x5b0 /home/leon/git/swp-report/iMX6_Platform_SDK/output/mx6dq/lib/libsdk.a(ipu_dp.o)
                0x10030544                ipu_dp_config
                0x10030598                ipu_dp_csc_config
                0x10030950                ipu_dp_fg_config
 .text          0x10030af4     0x2e08 /home/leon/git/swp-report/iMX6_Platform_SDK/output/mx6dq/lib/libsdk.a(ipu_idmac.o)
                0x10030af4                ipu_cpmem_set_field
                0x10030c20                ipu_cpmem_mod_field
                0x10030dac                ipu_cpmem_read_field
                0x10030f08                ipu_channel_buf_ready
                0x10031080                ipu_channel_buf_not_ready
                0x100311f8                ipu_idmac_channel_mode_sel
                0x10031280                ipu_idmac_channel_enable
                0x10031308                ipu_idmac_channel_busy
                0x100313c8                ipu_general_idmac_config
                0x100319b0                ipu_disp_bg_idmac_config
                0x10031a98                ipu_disp_fg_idmac_config
                0x10031b80                ipu_dma_update_buffer
                0x10031c9c                ipu_idmac_chan_cur_buff
                0x10031d48                ipu_rotate_idmac_config
                0x10031e7c                ipu_resize_idmac_config
                0x10031fb8                ipu_deinterlace_idmac_config
                0x1003210c                ipu_idma_pixel_format_config
 .text          0x100338fc      0x598 /home/leon/git/swp-report/iMX6_Platform_SDK/output/mx6dq/lib/libsdk.a(ipu_vdi.o)
                0x100338fc                ipu_deinterlace_3_fields
                0x1003394c                ipu_vdi_set_top_field_man
                0x100339c0                ipu_vdi_set_motion
                0x10033ac8                ipu_vdi_init
                0x10033c0c                ipu_vdi_uninit
                0x10033c54                ips_deinterlace_proc
 .text          0x10033e94      0x4ac /home/leon/git/swp-report/iMX6_Platform_SDK/output/mx6dq/lib/libsdk.a(ldb.o)
                0x10034064                ldb_config
                0x1003429c                ldb_set_vs_polarity
 .text          0x10034340      0x3f4 /home/leon/git/swp-report/iMX6_Platform_SDK/output/mx6dq/lib/libsdk.a(ocotp.o)
                0x100343ac                Delay4Reload
                0x100345f0                ocotp_sense_fuse
                0x10034660                ocotp_fuse_blow_row
                0x100346bc                ocotp_reload_otp_shadow_registers
 .text          0x10034734     0x2a8c /home/leon/git/swp-report/iMX6_Platform_SDK/output/mx6dq/lib/libsdk.a(sata.o)
                0x10034734                sata_pio_read_sector
                0x100348cc                sata_pio_write_sector
                0x10034a58                sata_dma_read_sector
                0x10034be4                sata_dma_write_sector
                0x10034d70                sata_disk_read_sector
                0x10034eb8                sata_disk_write_sector
                0x10035014                printf_buffer
                0x10035074                print_identify_data
                0x100369dc                sata_init
                0x10036f68                sata_deinit
                0x100370a4                sata_identify
 .text          0x100371c0     0x15e4 /home/leon/git/swp-report/iMX6_Platform_SDK/output/mx6dq/lib/libsdk.a(ecspi.o)
                0x10037870                ecspi_configure
                0x10038378                ecspi_open
                0x10038448                ecspi_close
                0x10038584                ecspi_xfer
 .text          0x100387a4      0x290 /home/leon/git/swp-report/iMX6_Platform_SDK/output/mx6dq/lib/libsdk.a(timer.o)
                0x100387a4                hal_delay_us
                0x10038814                system_time_init
                0x10038974                time_get_microseconds
 .text          0x10038a34     0x2820 /home/leon/git/swp-report/iMX6_Platform_SDK/output/mx6dq/lib/libsdk.a(imx_uart.o)
                0x10038a34                uart_get_reffreq
                0x10038b30                uart_putchar
                0x10038c80                uart_getchar
                0x10038de0                uart_set_FIFO_mode
                0x1003990c                uart_set_loopback_mode
                0x10039b60                uart_setup_interrupt
                0x10039c2c                uart_init
 .text          0x1003b254      0x3a8 /home/leon/git/swp-report/iMX6_Platform_SDK/output/mx6dq/lib/libsdk.a(usb_common.o)
                0x1003b254                usb_get_port_speed
                0x1003b3f0                swap32
                0x1003b46c                get_menu_item
 .text          0x1003b5fc     0x37f0 /home/leon/git/swp-report/iMX6_Platform_SDK/output/mx6dq/lib/libsdk.a(usbh_drv.o)
                0x1003b5fc                usbh_init
                0x1003c58c                usbh_periodic_schedule_init
                0x1003dde4                usbh_bus_reset
                0x1003e0e8                usbh_enable_asynchronous_schedule
                0x1003e3ec                usbh_disable_asynchronous_schedule
                0x1003e6f0                usbh_disable_Periodic_list
                0x1003e9f4                usbh_qtd_init
                0x1003ec1c                usbh_qh_init
 .text          0x1003edec     0x11b8 /home/leon/git/swp-report/iMX6_Platform_SDK/output/mx6dq/lib/libsdk.a(usdhc.o)
                0x1003f004                set_card_access_mode
                0x1003f044                read_usdhc_adma_mode
                0x1003f064                read_usdhc_intr_mode
                0x1003f084                card_init
                0x1003f234                card_emmc_init
                0x1003f2c8                card_cmd_config
                0x1003f3dc                card_get_cid
                0x1003f47c                card_enter_trans
                0x1003f558                card_trans_status
                0x1003f654                card_get_port
                0x1003f73c                card_set_blklen
                0x1003f820                card_data_read
                0x1003fb0c                card_data_write
                0x1003fe0c                card_xfer_result
                0x1003ff00                card_wait_xfer_done
 .text          0x1003ffa4     0x3484 /home/leon/git/swp-report/iMX6_Platform_SDK/output/mx6dq/lib/libsdk.a(usdhc_host.o)
                0x10041384                usdhc1_isr
                0x1004139c                usdhc2_isr
                0x100413b4                usdhc3_isr
                0x100413cc                usdhc4_isr
                0x100413e4                host_init
                0x10041414                host_init_active
                0x100414bc                host_send_cmd
                0x100418e4                host_cfg_clock
                0x10042080                host_set_bus_width
                0x100420b8                host_reset
                0x100421e8                host_read_response
                0x100423d8                host_cfg_block
                0x10042654                host_clear_fifo
                0x10042800                host_setup_adma
                0x10042a20                host_data_read
                0x10042f28                host_data_write
 .text          0x10043428      0xe04 /home/leon/git/swp-report/iMX6_Platform_SDK/output/mx6dq/lib/libsdk.a(usdhc_mmc.o)
                0x100439c8                mmc_init
                0x10043a6c                emmc_init
                0x10043b98                emmc_print_cfg_info
                0x10043dd0                mmc_set_boot_bus_width
                0x10043e98                mmc_set_boot_partition
                0x10043f98                mmc_set_boot_ack
                0x1004401c                mmc_voltage_validation
 .text          0x1004422c      0x800 /home/leon/git/swp-report/iMX6_Platform_SDK/output/mx6dq/lib/libsdk.a(usdhc_sd.o)
                0x100445c0                sd_init
                0x10044678                sd_voltage_validation
 .text          0x10044a2c      0x614 /home/leon/git/swp-report/iMX6_Platform_SDK/output/mx6dq/lib/libsdk.a(adv7180.o)
                0x10044dcc                adv7180_init
                0x10044e80                adv7180_get_std
                0x10044f10                adv7180_is_interlaced_mode
 .text          0x10045040       0x98 /home/leon/git/swp-report/iMX6_Platform_SDK/output/mx6dq/lib/libsdk.a(arm_abort.o)
                0x10045040                common_abort_handler
                0x100450a0                data_abort_handler
                0x100450b8                prefetch_abort_handler
 .text          0x100450d8      0x644 /home/leon/git/swp-report/iMX6_Platform_SDK/output/mx6dq/lib/libsdk.a(armv7_cache.o)
                0x100450d8                arm_dcache_state_query
                0x10045118                arm_dcache_enable
                0x10045160                arm_dcache_disable
                0x10045198                arm_dcache_invalidate
                0x1004523c                arm_dcache_invalidate_line
                0x100452a8                arm_dcache_invalidate_mlines
                0x10045348                arm_dcache_flush
                0x100453ec                arm_dcache_flush_line
                0x10045458                arm_dcache_flush_mlines
                0x100454f8                arm_icache_state_query
                0x10045538                arm_icache_enable
                0x10045580                arm_icache_disable
                0x100455b8                arm_icache_invalidate
                0x100455e4                arm_icache_invalidate_is
                0x10045610                arm_icache_invalidate_line
                0x1004567c                arm_icache_invalidate_mlines
 .text          0x1004571c        0x0 /home/leon/git/swp-report/iMX6_Platform_SDK/output/mx6dq/lib/libsdk.a(camera_profile.o)
 .text          0x1004571c     0x1e94 /home/leon/git/swp-report/iMX6_Platform_SDK/output/mx6dq/lib/libsdk.a(hdmi_common.o)
                0x1004571c                isColorSpaceConversion
                0x10045758                isColorSpaceDecimation
                0x10045794                isColorSpaceInterpolation
                0x100457e8                isPixelRepetition
                0x10045820                hdmi_set_video_mode
 .text          0x100475b0     0x16a4 /home/leon/git/swp-report/iMX6_Platform_SDK/output/mx6dq/lib/libsdk.a(ipu_ic.o)
                0x100475b0                ipu_ic_enable
                0x100475fc                ipu_ic_rotation_config
                0x10047808                ipu_ic_resize_config
                0x10047d5c                ipu_ic_deinterlace_config
                0x10047f38                ipu_ic_calc_resize_coeffs
                0x10048050                ipu_ic_config_resize_rate
                0x1004818c                ipu_ic_combine_config
                0x10048348                ipu_ic_csc_config
                0x10048a54                ipu_ic_task_enable
 .text          0x10048c54      0x8e0 /home/leon/git/swp-report/iMX6_Platform_SDK/output/mx6dq/lib/libsdk.a(epit.o)
                0x10048c54                epit_reload_counter
                0x10048cb4                epit_get_counter_value
                0x10048d10                epit_set_compare_event
                0x10048d70                epit_get_compare_event
                0x10048e68                epit_counter_disable
                0x1004902c                epit_counter_enable
                0x10049288                epit_setup_interrupt
                0x10049318                epit_init
 .text          0x10049534      0x2fc /home/leon/git/swp-report/iMX6_Platform_SDK/output/mx6dq/lib/libsdk.a(mx6x_usb.o)
                0x10049534                usbEnableClocks
                0x1004965c                usbEnableTransceiver
 .text          0x10049830      0x4bc /home/leon/git/swp-report/iMX6_Platform_SDK/output/mx6dq/lib/libsdk.a(abort_handler.o)
                0x10049830                dump_regs
 .text          0x10049cec      0x100 /home/leon/git/swp-report/iMX6_Platform_SDK/output/mx6dq/lib/libboard_sabre_ai_rev_a.a(board_audio.o)
                0x10049cec                SGTL5000PowerUp_and_clockinit
                0x10049cfc                spdif_get_tx_clk_freq
                0x10049d18                audio_codec_power_on
                0x10049d28                audio_clock_config
                0x10049d38                spdif_clk_cfg
                0x10049d9c                esai_codec_power_on
                0x10049db4                esai_clk_sel_gate_on
 .text          0x10049dec       0x9c /home/leon/git/swp-report/iMX6_Platform_SDK/output/mx6dq/lib/libboard_sabre_ai_rev_a.a(board_buttons.o)
                0x10049dec                android_buttons_iomux_config
 .text          0x10049e88      0x388 /home/leon/git/swp-report/iMX6_Platform_SDK/output/mx6dq/lib/libboard_sabre_ai_rev_a.a(board_camera.o)
                0x10049e88                camera_power_on
                0x10049e98                csi_port0_iomux_config
                0x10049ec8                camera_ipu1_iomux_config
                0x1004a064                sensor_reset
                0x1004a0fc                sensor_standby
                0x1004a178                sensor_clock_setting
 .text          0x1004a210      0x344 /home/leon/git/swp-report/iMX6_Platform_SDK/output/mx6dq/lib/libboard_sabre_ai_rev_a.a(board_display.o)
                0x1004a210                lvds_power_on
                0x1004a260                disable_para_panel
                0x1004a2b0                tftlcd_backlight_en
                0x1004a38c                tftlcd_reset
                0x1004a3b8                ldb_clock_config
                0x1004a4e8                epdc_clock_setting
                0x1004a504                epdc_power_supply
 .text          0x1004a554      0x248 /home/leon/git/swp-report/iMX6_Platform_SDK/output/mx6dq/lib/libboard_sabre_ai_rev_a.a(board_hdmi.o)
                0x1004a554                hdmi_tx_cec_pgm_iomux
                0x1004a598                hdmi_tx_ddc_pgm_iomux
                0x1004a610                hdmi_tx_phydtb_pgm_iomux
                0x1004a660                hdmi_pgm_iomux
                0x1004a680                ext_hdmi_transmitter_power_on
                0x1004a690                hdmi_clock_set
 .text          0x1004a79c        0x0 /home/leon/git/swp-report/iMX6_Platform_SDK/output/mx6dq/lib/libboard_sabre_ai_rev_a.a(board_i2c.o)
 .text          0x1004a79c      0x10c /home/leon/git/swp-report/iMX6_Platform_SDK/output/mx6dq/lib/libboard_sabre_ai_rev_a.a(board_io_expanders.o)
                0x1004a79c                board_ioexpander_init
                0x1004a894                board_ioexpander_iomux_config
 .text          0x1004a8a8      0x144 /home/leon/git/swp-report/iMX6_Platform_SDK/output/mx6dq/lib/libboard_sabre_ai_rev_a.a(board_mipi.o)
                0x1004a8a8                mipi_cam_power_on
                0x1004a8f4                mipi_backlight_en
                0x1004a904                mipi_display_reset
                0x1004a914                mipi_clock_set
                0x1004a944                mipi_csi2_clock_set
 .text          0x1004a9ec       0x88 /home/leon/git/swp-report/iMX6_Platform_SDK/output/mx6dq/lib/libboard_sabre_ai_rev_a.a(board_network.o)
                0x1004a9ec                imx_ar8031_iomux
                0x1004aa00                imx_KSZ9021RN_reset
                0x1004aa10                imx_ar8031_reset
                0x1004aa20                imx_enet_iomux
                0x1004aa60                imx_enet_phy_reset
 .text          0x1004aa74      0x174 /home/leon/git/swp-report/iMX6_Platform_SDK/output/mx6dq/lib/libboard_sabre_ai_rev_a.a(board_sata.o)
                0x1004aa74                sata_power_on
                0x1004aa84                sata_power_off
                0x1004aaa8                enable_extrn_100mhz_clk
                0x1004ab18                sata_clock_enable
                0x1004ab94                sata_clock_disable
                0x1004abc0                sata_get_phy_src_clk
 .text          0x1004abe8      0x100 /home/leon/git/swp-report/iMX6_Platform_SDK/output/mx6dq/lib/libboard_sabre_ai_rev_a.a(board_usb.o)
                0x1004abe8                usbEnableVbus
                0x1004ac64                usbDisableVbus
                0x1004acd8                reset_usb_hub
 .text          0x1004ace8      0x214 /home/leon/git/swp-report/iMX6_Platform_SDK/output/mx6dq/lib/libboard_sabre_ai_rev_a.a(board_usdhc.o)
                0x1004ace8                usdhc_gpio_config
                0x1004ad88                usdhc_card_detected
                0x1004ae74                usdhc_write_protected
 .text          0x1004aefc        0x0 /home/leon/git/swp-report/iMX6_Platform_SDK/output/mx6dq/lib/libboard_sabre_ai_rev_a.a(hardware_modules.o)
 .text          0x1004aefc        0x0 /home/leon/git/swp-report/iMX6_Platform_SDK/output/mx6dq/lib/libboard_sabre_ai_rev_a.a(dcd.o)
 .text          0x1004aefc      0x13c /home/leon/git/swp-report/iMX6_Platform_SDK/output/mx6dq/lib/libboard_sabre_ai_rev_a.a(audmux_iomux_config.o)
                0x1004aefc                audmux_iomux_config
 .text          0x1004b038       0x90 /home/leon/git/swp-report/iMX6_Platform_SDK/output/mx6dq/lib/libboard_sabre_ai_rev_a.a(ecspi_iomux_config.o)
                0x1004b038                ecspi_iomux_config
 .text          0x1004b0c8      0x5f0 /home/leon/git/swp-report/iMX6_Platform_SDK/output/mx6dq/lib/libboard_sabre_ai_rev_a.a(eim_iomux_config.o)
                0x1004b0c8                eim_iomux_config
 .text          0x1004b6b8      0x3bc /home/leon/git/swp-report/iMX6_Platform_SDK/output/mx6dq/lib/libboard_sabre_ai_rev_a.a(enet_iomux_config.o)
                0x1004b6b8                enet_iomux_config
 .text          0x1004ba74      0x218 /home/leon/git/swp-report/iMX6_Platform_SDK/output/mx6dq/lib/libboard_sabre_ai_rev_a.a(esai_iomux_config.o)
                0x1004ba74                esai_iomux_config
 .text          0x1004bc8c       0x78 /home/leon/git/swp-report/iMX6_Platform_SDK/output/mx6dq/lib/libboard_sabre_ai_rev_a.a(i2c3_iomux_config.o)
                0x1004bc8c                i2c3_iomux_config
 .text          0x1004bd04       0x74 /home/leon/git/swp-report/iMX6_Platform_SDK/output/mx6dq/lib/libboard_sabre_ai_rev_a.a(i2c_iomux_config.o)
                0x1004bd04                i2c_iomux_config
 .text          0x1004bd78      0x2c4 /home/leon/git/swp-report/iMX6_Platform_SDK/output/mx6dq/lib/libboard_sabre_ai_rev_a.a(iomux_config.o)
                0x1004bd78                iomux_config
                0x1004bdfc                arm_iomux_config
                0x1004be0c                asrc_iomux_config
                0x1004be1c                dcic1_iomux_config
                0x1004be2c                dcic2_iomux_config
                0x1004be3c                ecspi2_iomux_config
                0x1004be4c                ecspi3_iomux_config
                0x1004be5c                ecspi4_iomux_config
                0x1004be6c                ecspi5_iomux_config
                0x1004be7c                epit1_iomux_config
                0x1004be8c                epit2_iomux_config
                0x1004be9c                gpio3_iomux_config
                0x1004beac                gpio7_iomux_config
                0x1004bebc                gpt_iomux_config
                0x1004becc                hdmi_iomux_config
                0x1004bedc                i2c1_iomux_config
                0x1004beec                ipu2_iomux_config
                0x1004befc                kpp_iomux_config
                0x1004bf0c                ldb_iomux_config
                0x1004bf1c                mipi_csi_iomux_config
                0x1004bf2c                mipi_dsi_iomux_config
                0x1004bf3c                mipi_hsi_iomux_config
                0x1004bf4c                pcie_iomux_config
                0x1004bf5c                pmu_iomux_config
                0x1004bf6c                pwm1_iomux_config
                0x1004bf7c                pwm2_iomux_config
                0x1004bf8c                sata_phy_iomux_config
                0x1004bf9c                sdma_iomux_config
                0x1004bfac                snvs_iomux_config
                0x1004bfbc                src_iomux_config
                0x1004bfcc                uart1_iomux_config
                0x1004bfdc                uart5_iomux_config
                0x1004bfec                usb_iomux_config
                0x1004bffc                usdhc2_iomux_config
                0x1004c00c                usdhc4_iomux_config
                0x1004c01c                wdog2_iomux_config
                0x1004c02c                xtalosc_iomux_config
 .text          0x1004c03c      0x5f8 /home/leon/git/swp-report/iMX6_Platform_SDK/output/mx6dq/lib/libboard_sabre_ai_rev_a.a(ipu1_iomux_config.o)
                0x1004c03c                ipu1_iomux_config
 .text          0x1004c634       0x68 /home/leon/git/swp-report/iMX6_Platform_SDK/output/mx6dq/lib/libboard_sabre_ai_rev_a.a(ipu_iomux_config.o)
                0x1004c634                ipu_iomux_config
 .text          0x1004c69c       0xac /home/leon/git/swp-report/iMX6_Platform_SDK/output/mx6dq/lib/libboard_sabre_ai_rev_a.a(mlb_iomux_config.o)
                0x1004c69c                mlb_iomux_config
 .text          0x1004c748     0x2884 /home/leon/git/swp-report/iMX6_Platform_SDK/output/mx6dq/lib/libboard_sabre_ai_rev_a.a(mmdc_iomux_config.o)
                0x1004c748                mmdc_iomux_config
 .text          0x1004efcc       0x34 /home/leon/git/swp-report/iMX6_Platform_SDK/output/mx6dq/lib/libboard_sabre_ai_rev_a.a(pwm3_iomux_config.o)
                0x1004efcc                pwm3_iomux_config
 .text          0x1004f000       0x34 /home/leon/git/swp-report/iMX6_Platform_SDK/output/mx6dq/lib/libboard_sabre_ai_rev_a.a(pwm4_iomux_config.o)
                0x1004f000                pwm4_iomux_config
 .text          0x1004f034       0x70 /home/leon/git/swp-report/iMX6_Platform_SDK/output/mx6dq/lib/libboard_sabre_ai_rev_a.a(sjc_iomux_config.o)
                0x1004f034                sjc_iomux_config
 .text          0x1004f0a4       0x40 /home/leon/git/swp-report/iMX6_Platform_SDK/output/mx6dq/lib/libboard_sabre_ai_rev_a.a(spdif_iomux_config.o)
                0x1004f0a4                spdif_iomux_config
 .text          0x1004f0e4       0xe0 /home/leon/git/swp-report/iMX6_Platform_SDK/output/mx6dq/lib/libboard_sabre_ai_rev_a.a(uart2_iomux_config.o)
                0x1004f0e4                uart2_iomux_config
 .text          0x1004f1c4       0xe0 /home/leon/git/swp-report/iMX6_Platform_SDK/output/mx6dq/lib/libboard_sabre_ai_rev_a.a(uart3_iomux_config.o)
                0x1004f1c4                uart3_iomux_config
 .text          0x1004f2a4       0x78 /home/leon/git/swp-report/iMX6_Platform_SDK/output/mx6dq/lib/libboard_sabre_ai_rev_a.a(uart4_iomux_config.o)
                0x1004f2a4                uart4_iomux_config
 .text          0x1004f31c       0x90 /home/leon/git/swp-report/iMX6_Platform_SDK/output/mx6dq/lib/libboard_sabre_ai_rev_a.a(uart_iomux_config.o)
                0x1004f31c                uart_iomux_config
 .text          0x1004f3ac      0x19c /home/leon/git/swp-report/iMX6_Platform_SDK/output/mx6dq/lib/libboard_sabre_ai_rev_a.a(usdhc1_iomux_config.o)
                0x1004f3ac                usdhc1_iomux_config
 .text          0x1004f548      0x1c0 /home/leon/git/swp-report/iMX6_Platform_SDK/output/mx6dq/lib/libboard_sabre_ai_rev_a.a(usdhc3_iomux_config.o)
                0x1004f548                usdhc3_iomux_config
 .text          0x1004f708       0x84 /home/leon/git/swp-report/iMX6_Platform_SDK/output/mx6dq/lib/libboard_sabre_ai_rev_a.a(usdhc_iomux_config.o)
                0x1004f708                usdhc_iomux_config
 .text          0x1004f78c       0x34 /home/leon/git/swp-report/iMX6_Platform_SDK/output/mx6dq/lib/libboard_sabre_ai_rev_a.a(wdog1_iomux_config.o)
                0x1004f78c                wdog1_iomux_config
 .text          0x1004f7c0       0x34 /home/leon/git/swp-report/iMX6_Platform_SDK/output/mx6dq/lib/libboard_sabre_ai_rev_a.a(ccm_iomux_config.o)
                0x1004f7c0                ccm_iomux_config
 .text          0x1004f7f4      0x104 /home/leon/git/swp-report/iMX6_Platform_SDK/output/mx6dq/lib/libboard_sabre_ai_rev_a.a(ecspi1_iomux_config.o)
                0x1004f7f4                ecspi1_iomux_config
 .text          0x1004f8f8       0x68 /home/leon/git/swp-report/iMX6_Platform_SDK/output/mx6dq/lib/libboard_sabre_ai_rev_a.a(flexcan1_iomux_config.o)
                0x1004f8f8                flexcan1_iomux_config
 .text          0x1004f960       0x68 /home/leon/git/swp-report/iMX6_Platform_SDK/output/mx6dq/lib/libboard_sabre_ai_rev_a.a(flexcan2_iomux_config.o)
                0x1004f960                flexcan2_iomux_config
 .text          0x1004f9c8      0x130 /home/leon/git/swp-report/iMX6_Platform_SDK/output/mx6dq/lib/libboard_sabre_ai_rev_a.a(gpio1_iomux_config.o)
                0x1004f9c8                gpio1_iomux_config
 .text          0x1004faf8       0xfc /home/leon/git/swp-report/iMX6_Platform_SDK/output/mx6dq/lib/libboard_sabre_ai_rev_a.a(gpio2_iomux_config.o)
                0x1004faf8                gpio2_iomux_config
 .text          0x1004fbf4       0x34 /home/leon/git/swp-report/iMX6_Platform_SDK/output/mx6dq/lib/libboard_sabre_ai_rev_a.a(gpio4_iomux_config.o)
                0x1004fbf4                gpio4_iomux_config
 .text          0x1004fc28       0xc4 /home/leon/git/swp-report/iMX6_Platform_SDK/output/mx6dq/lib/libboard_sabre_ai_rev_a.a(gpio5_iomux_config.o)
                0x1004fc28                gpio5_iomux_config
 .text          0x1004fcec       0x54 /home/leon/git/swp-report/iMX6_Platform_SDK/output/mx6dq/lib/libboard_sabre_ai_rev_a.a(gpio6_iomux_config.o)
                0x1004fcec                gpio6_iomux_config
 .text          0x1004fd40      0x274 /home/leon/git/swp-report/iMX6_Platform_SDK/output/mx6dq/lib/libboard_sabre_ai_rev_a.a(gpmi_iomux_config.o)
                0x1004fd40                gpmi_iomux_config
 .text          0x1004ffb4       0x78 /home/leon/git/swp-report/iMX6_Platform_SDK/output/mx6dq/lib/libboard_sabre_ai_rev_a.a(i2c2_iomux_config.o)
                0x1004ffb4                i2c2_iomux_config
 .text          0x1005002c       0x68 /home/leon/riotboard/arm-2012.09/bin/../arm-none-eabi/lib//libc.a(lib_a-assert.o)
                0x1005002c                __assert_func
                0x10050084                __assert
 .text          0x10050094       0x20 /home/leon/riotboard/arm-2012.09/bin/../arm-none-eabi/lib//libc.a(lib_a-bzero.o)
                0x10050094                bzero
 .text          0x100500b4       0x70 /home/leon/riotboard/arm-2012.09/bin/../arm-none-eabi/lib//libc.a(lib_a-fiprintf.o)
                0x100500b4                _fiprintf_r
                0x100500e4                fiprintf
 .text          0x10050124       0x94 /home/leon/riotboard/arm-2012.09/bin/../arm-none-eabi/lib//libc.a(lib_a-fputc.o)
                0x10050124                _fputc_r
                0x10050168                fputc
 .text          0x100501b8        0x0 /home/leon/riotboard/arm-2012.09/bin/../arm-none-eabi/lib//libc.a(lib_a-impure.o)
 .text          0x100501b8       0x88 /home/leon/riotboard/arm-2012.09/bin/../arm-none-eabi/lib//libc.a(lib_a-init.o)
                0x100501b8                __libc_init_array
 .text          0x10050240       0x40 /home/leon/riotboard/arm-2012.09/bin/../arm-none-eabi/lib//libc.a(lib_a-malloc.o)
                0x10050240                malloc
                0x10050260                free
 .text          0x10050280      0x71c /home/leon/riotboard/arm-2012.09/bin/../arm-none-eabi/lib//libc.a(lib_a-mallocr.o)
                0x10050280                _malloc_r
 .text          0x1005099c      0x20c /home/leon/riotboard/arm-2012.09/bin/../arm-none-eabi/lib//libc.a(lib_a-memcpy.o)
                0x1005099c                memcpy
 .text          0x10050ba8      0x134 /home/leon/riotboard/arm-2012.09/bin/../arm-none-eabi/lib//libc.a(lib_a-memset.o)
                0x10050ba8                memset
 .text          0x10050cdc        0x8 /home/leon/riotboard/arm-2012.09/bin/../arm-none-eabi/lib//libc.a(lib_a-mlock.o)
                0x10050cdc                __malloc_lock
                0x10050ce0                __malloc_unlock
 .text          0x10050ce4       0x74 /home/leon/riotboard/arm-2012.09/bin/../arm-none-eabi/lib//libc.a(lib_a-printf.o)
                0x10050ce4                _printf_r
                0x10050d18                printf
 .text          0x10050d58      0x170 /home/leon/riotboard/arm-2012.09/bin/../arm-none-eabi/lib//libc.a(lib_a-putc.o)
                0x10050d58                _putc_r
                0x10050e08                putc
 .text          0x10050ec8       0x28 /home/leon/riotboard/arm-2012.09/bin/../arm-none-eabi/lib//libc.a(lib_a-realloc.o)
                0x10050ec8                realloc
 .text          0x10050ef0      0x574 /home/leon/riotboard/arm-2012.09/bin/../arm-none-eabi/lib//libc.a(lib_a-reallocr.o)
                0x10050ef0                _realloc_r
 .text          0x10051464       0x6c /home/leon/riotboard/arm-2012.09/bin/../arm-none-eabi/lib//libc.a(lib_a-rget.o)
                0x10051464                __srget_r
                0x100514bc                __srget
 .text          0x100514d0       0x40 /home/leon/riotboard/arm-2012.09/bin/../arm-none-eabi/lib//libc.a(lib_a-sbrkr.o)
                0x100514d0                _sbrk_r
 .text          0x10051510       0xdc /home/leon/riotboard/arm-2012.09/bin/../arm-none-eabi/lib//libc.a(lib_a-sprintf.o)
                0x10051510                _sprintf_r
                0x10051578                sprintf
 .text          0x100515ec       0xa0 /home/leon/riotboard/arm-2012.09/bin/../arm-none-eabi/lib//libc.a(lib_a-strcat.o)
                0x100515ec                strcat
 .text          0x1005168c      0x230 /home/leon/riotboard/arm-2012.09/bin/../arm-none-eabi/lib//libc.a(lib_a-strcmp.o)
                0x1005168c                strcmp
 .text          0x100518bc       0xf0 /home/leon/riotboard/arm-2012.09/bin/../arm-none-eabi/lib//libc.a(lib_a-strcpy.o)
                0x100518bc                strcpy
 .text          0x100519ac       0x60 /home/leon/riotboard/arm-2012.09/bin/../arm-none-eabi/lib//libc.a(lib_a-strlen.o)
                0x100519ac                strlen
 .text          0x10051a0c       0x78 /home/leon/riotboard/arm-2012.09/bin/../arm-none-eabi/lib//libc.a(lib_a-strncasecmp.o)
                0x10051a0c                strncasecmp
 .text          0x10051a84       0x24 /home/leon/riotboard/arm-2012.09/bin/../arm-none-eabi/lib//libc.a(lib_a-strtok.o)
                0x10051a84                strtok
 .text          0x10051aa8       0xb8 /home/leon/riotboard/arm-2012.09/bin/../arm-none-eabi/lib//libc.a(lib_a-strtok_r.o)
                0x10051aa8                __strtok_r
                0x10051b58                strtok_r
 .text          0x10051b60     0x1f7c /home/leon/riotboard/arm-2012.09/bin/../arm-none-eabi/lib//libc.a(lib_a-svfprintf.o)
                0x10051b60                _svfprintf_r
 .text          0x10053adc     0x12c4 /home/leon/riotboard/arm-2012.09/bin/../arm-none-eabi/lib//libc.a(lib_a-vfiprintf.o)
                0x10053adc                __sprint_r
                0x10053b98                _vfiprintf_r
                0x10054d74                vfiprintf
 .text          0x10054da0     0x2180 /home/leon/riotboard/arm-2012.09/bin/../arm-none-eabi/lib//libc.a(lib_a-vfprintf.o)
                0x10054da0                _vfprintf_r
                0x10056ef4                vfprintf
 .text          0x10056f20       0x4c /home/leon/riotboard/arm-2012.09/bin/../arm-none-eabi/lib//libc.a(lib_a-vprintf.o)
                0x10056f20                vprintf
                0x10056f4c                _vprintf_r
 .text          0x10056f6c      0x14c /home/leon/riotboard/arm-2012.09/bin/../arm-none-eabi/lib//libc.a(lib_a-wbuf.o)
                0x10056f6c                __swbuf_r
                0x1005709c                __swbuf
 .text          0x100570b8      0x138 /home/leon/riotboard/arm-2012.09/bin/../arm-none-eabi/lib//libc.a(lib_a-wsetup.o)
                0x100570b8                __swsetup_r
 .text          0x100571f0       0x14 /home/leon/riotboard/arm-2012.09/bin/../arm-none-eabi/lib//libc.a(lib_a-abort.o)
                0x100571f0                abort
 .text          0x10057204        0x0 /home/leon/riotboard/arm-2012.09/bin/../arm-none-eabi/lib//libc.a(lib_a-ctype_.o)
 *fill*         0x10057204        0x4 
 .text          0x10057208     0x18a8 /home/leon/riotboard/arm-2012.09/bin/../arm-none-eabi/lib//libc.a(lib_a-dtoa.o)
                0x100573e8                _dtoa_r
 .text          0x10058ab0      0x26c /home/leon/riotboard/arm-2012.09/bin/../arm-none-eabi/lib//libc.a(lib_a-fflush.o)
                0x10058ab0                _fflush_r
                0x10058cdc                fflush
 .text          0x10058d1c      0x2c4 /home/leon/riotboard/arm-2012.09/bin/../arm-none-eabi/lib//libc.a(lib_a-findfp.o)
                0x10058d2c                _cleanup_r
                0x10058dc0                __sfmoreglue
                0x10058e08                _cleanup
                0x10058e18                __sinit
                0x10058e90                __sfp
                0x10058f88                __sfp_lock_acquire
                0x10058f8c                __sfp_lock_release
                0x10058f90                __sinit_lock_acquire
                0x10058f94                __sinit_lock_release
                0x10058f98                __fp_lock_all
                0x10058fbc                __fp_unlock_all
 .text          0x10058fe0      0x19c /home/leon/riotboard/arm-2012.09/bin/../arm-none-eabi/lib//libc.a(lib_a-fputwc.o)
                0x10058fe0                _fputwc_r
                0x10059130                fputwc
 .text          0x1005917c      0x368 /home/leon/riotboard/arm-2012.09/bin/../arm-none-eabi/lib//libc.a(lib_a-freer.o)
                0x1005917c                _malloc_trim_r
                0x10059278                _free_r
 .text          0x100594e4      0x4c4 /home/leon/riotboard/arm-2012.09/bin/../arm-none-eabi/lib//libc.a(lib_a-fvwrite.o)
                0x100594e4                __sfvwrite_r
 .text          0x100599a8      0x114 /home/leon/riotboard/arm-2012.09/bin/../arm-none-eabi/lib//libc.a(lib_a-fwalk.o)
                0x100599a8                _fwalk
                0x10059a30                _fwalk_reent
 .text          0x10059abc       0xd0 /home/leon/riotboard/arm-2012.09/bin/../arm-none-eabi/lib//libc.a(lib_a-locale.o)
                0x10059abc                _setlocale_r
                0x10059b28                __locale_charset
                0x10059b34                __locale_mb_cur_max
                0x10059b44                __locale_msgcharset
                0x10059b50                __locale_cjk_lang
                0x10059b58                _localeconv_r
                0x10059b64                setlocale
                0x10059b80                localeconv
 .text          0x10059b8c      0x15c /home/leon/riotboard/arm-2012.09/bin/../arm-none-eabi/lib//libc.a(lib_a-makebuf.o)
                0x10059b8c                __smakebuf_r
 .text          0x10059ce8      0x11c /home/leon/riotboard/arm-2012.09/bin/../arm-none-eabi/lib//libc.a(lib_a-memchr.o)
                0x10059ce8                memchr
 .text          0x10059e04      0x134 /home/leon/riotboard/arm-2012.09/bin/../arm-none-eabi/lib//libc.a(lib_a-memmove.o)
                0x10059e04                memmove
 .text          0x10059f38      0xd20 /home/leon/riotboard/arm-2012.09/bin/../arm-none-eabi/lib//libc.a(lib_a-mprec.o)
                0x10059f38                _Balloc
                0x10059fc4                _Bfree
                0x10059fe0                __multadd
                0x1005a0bc                __s2b
                0x1005a1ac                __hi0bits
                0x1005a1fc                __lo0bits
                0x1005a290                __i2b
                0x1005a2b4                __multiply
                0x1005a498                __pow5mult
                0x1005a58c                __lshift
                0x1005a690                __mcmp
                0x1005a6f4                __mdiff
                0x1005a840                __ulp
                0x1005a8a4                __b2d
                0x1005a970                __d2b
                0x1005aa78                __ratio
                0x1005ab08                _mprec_log10
                0x1005ab5c                __copybits
                0x1005abd0                __any_on
 .text          0x1005ac58      0x19c /home/leon/riotboard/arm-2012.09/bin/../arm-none-eabi/lib//libc.a(lib_a-reent.o)
                0x1005ac58                cleanup_glue
                0x1005ac84                _reclaim_reent
                0x1005ad80                _wrapup_reent
 .text          0x1005adf4      0x1cc /home/leon/riotboard/arm-2012.09/bin/../arm-none-eabi/lib//libc.a(lib_a-refill.o)
                0x1005ae1c                __srefill_r
 .text          0x1005afc0       0x6c /home/leon/riotboard/arm-2012.09/bin/../arm-none-eabi/lib//libc.a(lib_a-s_fpclassify.o)
                0x1005afc0                __fpclassifyd
 .text          0x1005b02c      0x24c /home/leon/riotboard/arm-2012.09/bin/../arm-none-eabi/lib//libc.a(lib_a-signal.o)
                0x1005b02c                _init_signal_r
                0x1005b08c                _signal_r
                0x1005b0f8                _raise_r
                0x1005b190                __sigtramp_r
                0x1005b224                raise
                0x1005b238                signal
                0x1005b254                _init_signal
                0x1005b264                __sigtramp
 .text          0x1005b278       0x50 /home/leon/riotboard/arm-2012.09/bin/../arm-none-eabi/lib//libc.a(lib_a-signalr.o)
                0x1005b278                _kill_r
                0x1005b2b8                _getpid_r
 .text          0x1005b2c8       0xdc /home/leon/riotboard/arm-2012.09/bin/../arm-none-eabi/lib//libc.a(lib_a-stdio.o)
                0x1005b2c8                __sread
                0x1005b2fc                __seofread
                0x1005b304                __swrite
                0x1005b35c                __sseek
                0x1005b390                __sclose
 .text          0x1005b3a4     0x1224 /home/leon/riotboard/arm-2012.09/bin/../arm-none-eabi/lib//libc.a(lib_a-svfiprintf.o)
                0x1005b3a4                __ssprint_r
                0x1005b548                _svfiprintf_r
 .text          0x1005c5c8      0x134 /home/leon/riotboard/arm-2012.09/bin/../arm-none-eabi/lib//libc.a(lib_a-wcrtomb.o)
                0x1005c5c8                _wcrtomb_r
                0x1005c658                wcrtomb
 .text          0x1005c6fc       0x7c /home/leon/riotboard/arm-2012.09/bin/../arm-none-eabi/lib//libc.a(lib_a-wctomb_r.o)
                0x1005c6fc                __ascii_wctomb
                0x1005c728                _wctomb_r
 .text          0x1005c778       0x44 /home/leon/riotboard/arm-2012.09/bin/../arm-none-eabi/lib//libc.a(lib_a-writer.o)
                0x1005c778                _write_r
 .text          0x1005c7bc       0x94 /home/leon/riotboard/arm-2012.09/bin/../arm-none-eabi/lib//libc.a(lib_a-callocr.o)
                0x1005c7bc                _calloc_r
 .text          0x1005c850       0x3c /home/leon/riotboard/arm-2012.09/bin/../arm-none-eabi/lib//libc.a(lib_a-closer.o)
                0x1005c850                _close_r
 .text          0x1005c88c      0x10c /home/leon/riotboard/arm-2012.09/bin/../arm-none-eabi/lib//libc.a(lib_a-fclose.o)
                0x1005c88c                _fclose_r
                0x1005c984                fclose
 .text          0x1005c998       0x40 /home/leon/riotboard/arm-2012.09/bin/../arm-none-eabi/lib//libc.a(lib_a-fstatr.o)
                0x1005c998                _fstat_r
 .text          0x1005c9d8       0x3c /home/leon/riotboard/arm-2012.09/bin/../arm-none-eabi/lib//libc.a(lib_a-isattyr.o)
                0x1005c9d8                _isatty_r
 .text          0x1005ca14       0x44 /home/leon/riotboard/arm-2012.09/bin/../arm-none-eabi/lib//libc.a(lib_a-lseekr.o)
                0x1005ca14                _lseek_r
 .text          0x1005ca58       0x44 /home/leon/riotboard/arm-2012.09/bin/../arm-none-eabi/lib//libc.a(lib_a-readr.o)
                0x1005ca58                _read_r
 .text          0x1005ca9c      0x114 /home/leon/riotboard/arm-2012.09/bin/../lib/gcc/arm-none-eabi/4.7.2//libgcc.a(_udivsi3.o)
                0x1005ca9c                __udivsi3
                0x1005ca9c                __aeabi_uidiv
                0x1005cb90                __aeabi_uidivmod
 .text          0x1005cbb0      0x148 /home/leon/riotboard/arm-2012.09/bin/../lib/gcc/arm-none-eabi/4.7.2//libgcc.a(_divsi3.o)
                0x1005cbb0                __aeabi_idiv
                0x1005cbb0                __divsi3
                0x1005ccd8                __aeabi_idivmod
 .text          0x1005ccf8        0x4 /home/leon/riotboard/arm-2012.09/bin/../lib/gcc/arm-none-eabi/4.7.2//libgcc.a(_dvmd_tls.o)
                0x1005ccf8                __aeabi_ldiv0
                0x1005ccf8                __aeabi_idiv0
 .text          0x1005ccfc      0x41c /home/leon/riotboard/arm-2012.09/bin/../lib/gcc/arm-none-eabi/4.7.2//libgcc.a(_arm_addsubdf3.o)
                0x1005ccfc                __aeabi_drsub
                0x1005cd04                __aeabi_dsub
                0x1005cd04                __subdf3
                0x1005cd08                __adddf3
                0x1005cd08                __aeabi_dadd
                0x1005d018                __aeabi_ui2d
                0x1005d018                __floatunsidf
                0x1005d03c                __floatsidf
                0x1005d03c                __aeabi_i2d
                0x1005d064                __extendsfdf2
                0x1005d064                __aeabi_f2d
                0x1005d0a4                __aeabi_ul2d
                0x1005d0a4                __floatundidf
                0x1005d0b8                __floatdidf
                0x1005d0b8                __aeabi_l2d
 .text          0x1005d118      0x49c /home/leon/riotboard/arm-2012.09/bin/../lib/gcc/arm-none-eabi/4.7.2//libgcc.a(_arm_muldivdf3.o)
                0x1005d118                __aeabi_dmul
                0x1005d118                __muldf3
                0x1005d3a8                __aeabi_ddiv
                0x1005d3a8                __divdf3
 .text          0x1005d5b4      0x144 /home/leon/riotboard/arm-2012.09/bin/../lib/gcc/arm-none-eabi/4.7.2//libgcc.a(_arm_cmpdf2.o)
                0x1005d5b4                __gtdf2
                0x1005d5b4                __gedf2
                0x1005d5bc                __ltdf2
                0x1005d5bc                __ledf2
                0x1005d5c4                __cmpdf2
                0x1005d5c4                __eqdf2
                0x1005d5c4                __nedf2
                0x1005d64c                __aeabi_cdrcmple
                0x1005d668                __aeabi_cdcmple
                0x1005d668                __aeabi_cdcmpeq
                0x1005d680                __aeabi_dcmpeq
                0x1005d698                __aeabi_dcmplt
                0x1005d6b0                __aeabi_dcmple
                0x1005d6c8                __aeabi_dcmpge
                0x1005d6e0                __aeabi_dcmpgt
 .text          0x1005d6f8       0x5c /home/leon/riotboard/arm-2012.09/bin/../lib/gcc/arm-none-eabi/4.7.2//libgcc.a(_arm_fixdfsi.o)
                0x1005d6f8                __fixdfsi
                0x1005d6f8                __aeabi_d2iz
 .text          0x1005d754       0x3c /home/leon/riotboard/arm-2012.09/bin/../lib/gcc/arm-none-eabi/4.7.2//libgcc.a(_aeabi_uldivmod.o)
                0x1005d754                __aeabi_uldivmod
 .text          0x1005d790       0x84 /home/leon/riotboard/arm-2012.09/bin/../lib/gcc/arm-none-eabi/4.7.2//libgcc.a(bpabi.o)
                0x1005d790                __gnu_ldivmod_helper
                0x1005d7d4                __gnu_uldivmod_helper
 .text          0x1005d814      0x4f0 /home/leon/riotboard/arm-2012.09/bin/../lib/gcc/arm-none-eabi/4.7.2//libgcc.a(_divdi3.o)
                0x1005d814                __divdi3
 .text          0x1005dd04      0x488 /home/leon/riotboard/arm-2012.09/bin/../lib/gcc/arm-none-eabi/4.7.2//libgcc.a(_udivdi3.o)
                0x1005dd04                __udivdi3
 .text          0x1005e18c       0x48 /home/leon/riotboard/arm-2012.09/bin/../lib/gcc/arm-none-eabi/4.7.2//libgcc.a(_clzsi2.o)
                0x1005e18c                __clzsi2
 .text          0x1005e1d4      0x610 /home/leon/git/swp-report/iMX6_Platform_SDK/output/mx6dq/lib/libsdk.a(runtime_support.o)
                0x1005e1d4                _execve
                0x1005e210                _fork
                0x1005e238                _isatty
                0x1005e25c                _open
                0x1005e288                _close
                0x1005e2ac                _lseek
                0x1005e2d8                _fstat
                0x1005e30c                _read
                0x1005e3dc                _write
                0x1005e4c8                _raw_puts
                0x1005e548                _sbrk
                0x1005e5f8                _exit
                0x1005e618                _kill
                0x1005e650                _getpid
                0x1005e668                _link
                0x1005e6a0                _unlink
                0x1005e6d4                _stat
                0x1005e708                _times
                0x1005e72c                _gettimeofday
                0x1005e7b0                _wait
 *(.glue_7t)
 .glue_7t       0x00000000        0x0 linker stubs
 *(.glue_7)
 .glue_7        0x00000000        0x0 linker stubs
 *(.vfp11_veneer)
 .vfp11_veneer  0x00000000        0x0 linker stubs
 *(.ARM.extab* .gnu.linkonce.armextab.*)
 .ARM.extab.startup
                0x1005e7e4        0x0 /home/leon/git/swp-report/iMX6_Platform_SDK/output/mx6dq/lib/libsdk.a(startup.o)
 .ARM.extab     0x1005e7e4        0x0 /home/leon/riotboard/arm-2012.09/bin/../lib/gcc/arm-none-eabi/4.7.2//libgcc.a(_divdi3.o)
 .ARM.extab     0x1005e7e4        0x0 /home/leon/riotboard/arm-2012.09/bin/../lib/gcc/arm-none-eabi/4.7.2//libgcc.a(_udivdi3.o)
 *(.gcc_except_table)

.v4_bx          0x1005e7e4        0x0
 .v4_bx         0x00000000        0x0 linker stubs

.iplt           0x1005e7e4        0x0
 .iplt          0x00000000        0x0 /home/leon/riotboard/arm-2012.09/bin/../lib/gcc/arm-none-eabi/4.7.2//crtbegin.o

.ctors
 *crtbegin.o(.ctors)
 *crtbegin?.o(.ctors)
 *(EXCLUDE_FILE(*crtend?.o *crtend.o) .ctors)
 *(SORT(.ctors.*))
 *(.ctors)

.dtors
 *crtbegin.o(.dtors)
 *crtbegin?.o(.dtors)
 *(EXCLUDE_FILE(*crtend?.o *crtend.o) .dtors)
 *(SORT(.dtors.*))
 *(.dtors)

.rodata         0x1005e7e8    0x3c6f8
 *(.rodata .rodata.* .gnu.linkonce.r.*)
 .rodata        0x1005e7e8       0x9c /home/leon/git/swp-report/iMX6_Platform_SDK/output/mx6dq/obds/sabre_ai_rev_a/obj/apps/common/print_clock_info.o
 .rodata        0x1005e884      0x100 /home/leon/git/swp-report/iMX6_Platform_SDK/output/mx6dq/obds/sabre_ai_rev_a/obj/apps/common/print_version.o
 .rodata        0x1005e984      0x834 /home/leon/git/swp-report/iMX6_Platform_SDK/output/mx6dq/obds/sabre_ai_rev_a/obj/apps/obds/src/obds.o
                0x1005ed50                MenuList_All_Tests
                0x1005edac                Menu_Commands
                0x1005ee58                CPU_Tests
                0x1005f034                MainBoard_Tests
                0x1005f188                Display_Test
 .rodata        0x1005f1b8      0x318 /home/leon/git/swp-report/iMX6_Platform_SDK/output/mx6dq/obds/sabre_ai_rev_a/obj/apps/obds/src/obds_utils.o
 .rodata        0x1005f4d0      0x1c0 /home/leon/git/swp-report/iMX6_Platform_SDK/output/mx6dq/obds/sabre_ai_rev_a/obj/apps/obds/src/tests/android_buttons_test.o
                0x1005f4d0                g_android_buttons_test_name
 .rodata        0x1005f690      0x140 /home/leon/git/swp-report/iMX6_Platform_SDK/output/mx6dq/obds/sabre_ai_rev_a/obj/apps/obds/src/tests/audio_esai_test.o
                0x1005f690                g_audio_esai_test_name
 .rodata        0x1005f7d0      0x22c /home/leon/git/swp-report/iMX6_Platform_SDK/output/mx6dq/obds/sabre_ai_rev_a/obj/apps/obds/src/tests/audio_ssi_test.o
                0x1005f7d0                g_audio_ssi_test_name
 .rodata        0x1005f9fc        0xc /home/leon/git/swp-report/iMX6_Platform_SDK/output/mx6dq/obds/sabre_ai_rev_a/obj/apps/obds/src/tests/ddr_test.o
                0x1005f9fc                g_ddr_test_name
 .rodata        0x1005fa08      0x1c0 /home/leon/git/swp-report/iMX6_Platform_SDK/output/mx6dq/obds/sabre_ai_rev_a/obj/apps/obds/src/tests/deserializer_ds90ur124.o
 .rodata        0x1005fbc8      0x22c /home/leon/git/swp-report/iMX6_Platform_SDK/output/mx6dq/obds/sabre_ai_rev_a/obj/apps/obds/src/tests/display_test.o
                0x1005fbc8                g_ipu_display_tests_name
 .rodata        0x1005fdf4      0x2d8 /home/leon/git/swp-report/iMX6_Platform_SDK/output/mx6dq/obds/sabre_ai_rev_a/obj/apps/obds/src/tests/enet_mx6dldq_test.o
                0x1005fdf4                g_ar8031_test_name
                0x1005fe14                g_KSZ9021RN_test_name
 .rodata        0x100600cc      0x158 /home/leon/git/swp-report/iMX6_Platform_SDK/output/mx6dq/obds/sabre_ai_rev_a/obj/apps/obds/src/tests/flexcan_test.o
                0x100600cc                g_flexcan_test_name
 .rodata        0x10060224       0x50 /home/leon/git/swp-report/iMX6_Platform_SDK/output/mx6dq/obds/sabre_ai_rev_a/obj/apps/obds/src/tests/fm_tuner_si476x_test.o
 .rodata        0x10060274       0x34 /home/leon/git/swp-report/iMX6_Platform_SDK/output/mx6dq/obds/sabre_ai_rev_a/obj/apps/obds/src/tests/gpio_led.o
                0x10060274                g_gpio_led_test_name
 .rodata        0x100602a8       0x20 /home/leon/git/swp-report/iMX6_Platform_SDK/output/mx6dq/obds/sabre_ai_rev_a/obj/apps/obds/src/tests/gps_test.o
 .rodata        0x100602c8      0x10c /home/leon/git/swp-report/iMX6_Platform_SDK/output/mx6dq/obds/sabre_ai_rev_a/obj/apps/obds/src/tests/i2c_check_light_sensor_isl29023.o
                0x100602c8                g_isl29023_i2c_device_id_test_name
 .rodata        0x100603d4       0x6c /home/leon/git/swp-report/iMX6_Platform_SDK/output/mx6dq/obds/sabre_ai_rev_a/obj/apps/obds/src/tests/i2c_device_barometer_ppl3115.o
                0x100603d4                g_ppl3115_i2c_device_id_test_name
 .rodata        0x10060440       0x7c /home/leon/git/swp-report/iMX6_Platform_SDK/output/mx6dq/obds/sabre_ai_rev_a/obj/apps/obds/src/tests/i2c_device_check_cs42888.o
                0x10060440                g_cs42888_i2c_device_id_test_name
 .rodata        0x100604bc       0xb4 /home/leon/git/swp-report/iMX6_Platform_SDK/output/mx6dq/obds/sabre_ai_rev_a/obj/apps/obds/src/tests/i2c_device_digital_compass_mag3110.o
                0x100604bc                g_mag3110_i2c_device_id_test_name
 .rodata        0x10060570       0xb4 /home/leon/git/swp-report/iMX6_Platform_SDK/output/mx6dq/obds/sabre_ai_rev_a/obj/apps/obds/src/tests/i2c_device_digital_compass_mag3112.o
                0x10060570                g_mag3112_i2c_device_id_test_name
 .rodata        0x10060624      0x138 /home/leon/git/swp-report/iMX6_Platform_SDK/output/mx6dq/obds/sabre_ai_rev_a/obj/apps/obds/src/tests/i2c_device_id_check_mma8450.o
                0x10060624                g_mma8450_i2c_device_id_test_name