Archive member included because of file (symbol)

/home/leon/git/swp-report/iMX6_Platform_SDK/output/mx6dq/lib/libsdk.a(ccm_pll.o)
                              /home/leon/git/swp-report/iMX6_Platform_SDK/output/mx6dq/httpd/sabre_ai_rev_c/obj/apps/common/platform_init.o (ccm_init)
/home/leon/git/swp-report/iMX6_Platform_SDK/output/mx6dq/lib/libsdk.a(cortexA9.o)
                              /home/leon/git/swp-report/iMX6_Platform_SDK/output/mx6dq/httpd/sabre_ai_rev_c/obj/apps/common/platform_init.o (arm_set_interrupt_state)
/home/leon/git/swp-report/iMX6_Platform_SDK/output/mx6dq/lib/libsdk.a(gic.o)
                              /home/leon/git/swp-report/iMX6_Platform_SDK/output/mx6dq/httpd/sabre_ai_rev_c/obj/apps/common/platform_init.o (gic_init)
/home/leon/git/swp-report/iMX6_Platform_SDK/output/mx6dq/lib/libsdk.a(mmu.o)
                              /home/leon/git/swp-report/iMX6_Platform_SDK/output/mx6dq/httpd/sabre_ai_rev_c/obj/apps/common/platform_init.o (mmu_init)
/home/leon/git/swp-report/iMX6_Platform_SDK/output/mx6dq/lib/libsdk.a(startup.o)
                              (_start)
/home/leon/git/swp-report/iMX6_Platform_SDK/output/mx6dq/lib/libsdk.a(vectors.o)
                              /home/leon/git/swp-report/iMX6_Platform_SDK/output/mx6dq/lib/libsdk.a(startup.o) (vectors)
/home/leon/git/swp-report/iMX6_Platform_SDK/output/mx6dq/lib/libsdk.a(system_util.o)
                              /home/leon/git/swp-report/iMX6_Platform_SDK/output/mx6dq/lib/libsdk.a(startup.o) (_sys_exit)
/home/leon/git/swp-report/iMX6_Platform_SDK/output/mx6dq/lib/libsdk.a(text_color.o)
                              /home/leon/git/swp-report/iMX6_Platform_SDK/output/mx6dq/lib/libsdk.a(system_util.o) (g_TextAttributeBold)
/home/leon/git/swp-report/iMX6_Platform_SDK/output/mx6dq/lib/libsdk.a(enet_drv.o)
                              /home/leon/git/swp-report/iMX6_Platform_SDK/output/mx6dq/httpd/sabre_ai_rev_c/obj/apps/httpd/src/httpd_main.o (imx_enet_get_phy_status)
/home/leon/git/swp-report/iMX6_Platform_SDK/output/mx6dq/lib/libsdk.a(timer.o)
                              /home/leon/git/swp-report/iMX6_Platform_SDK/output/mx6dq/httpd/sabre_ai_rev_c/obj/apps/httpd/src/httpd_main.o (hal_delay_us)
/home/leon/git/swp-report/iMX6_Platform_SDK/output/mx6dq/lib/libsdk.a(imx_uart.o)
                              /home/leon/git/swp-report/iMX6_Platform_SDK/output/mx6dq/httpd/sabre_ai_rev_c/obj/apps/common/platform_init.o (uart_getchar)
/home/leon/git/swp-report/iMX6_Platform_SDK/output/mx6dq/lib/libsdk.a(arm_abort.o)
                              /home/leon/git/swp-report/iMX6_Platform_SDK/output/mx6dq/lib/libsdk.a(vectors.o) (data_abort_handler)
/home/leon/git/swp-report/iMX6_Platform_SDK/output/mx6dq/lib/libsdk.a(interrupt.o)
                              /home/leon/git/swp-report/iMX6_Platform_SDK/output/mx6dq/lib/libsdk.a(vectors.o) (IRQ_HDLR)
/home/leon/git/swp-report/iMX6_Platform_SDK/output/mx6dq/lib/libsdk.a(epit.o)
                              /home/leon/git/swp-report/iMX6_Platform_SDK/output/mx6dq/lib/libsdk.a(timer.o) (epit_get_compare_event)
/home/leon/git/swp-report/iMX6_Platform_SDK/output/mx6dq/lib/libsdk.a(abort_handler.o)
                              /home/leon/git/swp-report/iMX6_Platform_SDK/output/mx6dq/lib/libsdk.a(arm_abort.o) (dump_regs)
/home/leon/git/swp-report/iMX6_Platform_SDK/output/mx6dq/lib/libboard_sabre_ai_rev_c.a(board_io_expanders.o)
                              /home/leon/git/swp-report/iMX6_Platform_SDK/output/mx6dq/httpd/sabre_ai_rev_c/obj/apps/common/platform_init.o (board_ioexpander_init)
/home/leon/git/swp-report/iMX6_Platform_SDK/output/mx6dq/lib/libboard_sabre_ai_rev_c.a(hardware_modules.o)
                              /home/leon/git/swp-report/iMX6_Platform_SDK/output/mx6dq/httpd/sabre_ai_rev_c/obj/apps/common/platform_init.o (g_debug_uart_port)
/home/leon/git/swp-report/iMX6_Platform_SDK/output/mx6dq/lib/libboard_sabre_ai_rev_c.a(dcd.o)
                              /home/leon/git/swp-report/iMX6_Platform_SDK/output/mx6dq/httpd/sabre_ai_rev_c/obj/apps/common/ivt.o (input_dcd_hdr)
/home/leon/git/swp-report/iMX6_Platform_SDK/output/mx6dq/lib/libboard_sabre_ai_rev_c.a(i2c3_iomux_config.o)
                              /home/leon/git/swp-report/iMX6_Platform_SDK/output/mx6dq/lib/libboard_sabre_ai_rev_c.a(board_io_expanders.o) (i2c3_iomux_config)
/home/leon/git/swp-report/iMX6_Platform_SDK/output/mx6dq/lib/libboard_sabre_ai_rev_c.a(uart_iomux_config.o)
                              /home/leon/git/swp-report/iMX6_Platform_SDK/output/mx6dq/lib/libsdk.a(imx_uart.o) (uart_iomux_config)
/home/leon/git/swp-report/iMX6_Platform_SDK/output/mx6dq/lib/libboard_sabre_ai_rev_c.a(iomux_config.o)
                              /home/leon/git/swp-report/iMX6_Platform_SDK/output/mx6dq/lib/libboard_sabre_ai_rev_c.a(uart_iomux_config.o) (uart1_iomux_config)
/home/leon/git/swp-report/iMX6_Platform_SDK/output/mx6dq/lib/libboard_sabre_ai_rev_c.a(ipu1_iomux_config.o)
[...]
Memory Configuration

Name             Origin             Length             Attributes
OCRAM            0x00900000         0x00040000         xrw
DDR              0x10000000         0x80000000         xrw
*default*        0x00000000         0xffffffff

Linker script and memory map

LOAD /home/leon/riotboard/arm-2012.09/bin/../lib/gcc/arm-none-eabi/4.7.2//crtbegin.o
LOAD /home/leon/riotboard/arm-2012.09/bin/../lib/gcc/arm-none-eabi/4.7.2//crti.o
LOAD /home/leon/riotboard/arm-2012.09/bin/../lib/gcc/arm-none-eabi/4.7.2//crtend.o
LOAD /home/leon/riotboard/arm-2012.09/bin/../lib/gcc/arm-none-eabi/4.7.2//crtn.o

.l1_page_table  0x00900000     0x4000
                0x00900000                __l1_page_table_start = .
                0x00904000                . = (. + 0x4000)
 *fill*         0x00900000     0x4000 

.heap.ocram     0x00904000    0x3bfb8
                0x00904000                __heap_ocram_start = .
                0x0093ffb8                . = (. + 0x3bfb8)
 *fill*         0x00904000    0x3bfb8 
                0x0093ffb8                __heap_ocram_end = .

.ram_vectors    0x0093ffb8       0x48
                0x0093ffb8                __ram_vectors_start = .
                0x00940000                . = (. + 0x48)
 *fill*         0x0093ffb8       0x48 
                0x00940000                __ram_vectors_end = .
                0x10000000                _start_image_add = ORIGIN (DDR)

.ivt            0x10000000      0x420
                0x10000400                . = (. + 0x400)
 *fill*         0x10000000      0x400 
 *(.ivt)
 .ivt           0x10000400       0x20 /home/leon/git/swp-report/iMX6_Platform_SDK/output/mx6dq/httpd/sabre_ai_rev_c/obj/apps/common/ivt.o
                0x10000400                input_ivt

.boot_data      0x10000420        0xc
                0x10000420                __start_boot_data = .
 *(.boot_data)
 .boot_data     0x10000420        0xc /home/leon/git/swp-report/iMX6_Platform_SDK/output/mx6dq/httpd/sabre_ai_rev_c/obj/apps/common/ivt.o
                0x10000420                bd

.dcd_hdr        0x10000430        0x4
                0x10000430                __start_dcd = .
 *(.dcd_hdr)
 .dcd_hdr       0x10000430        0x4 /home/leon/git/swp-report/iMX6_Platform_SDK/output/mx6dq/lib/libboard_sabre_ai_rev_c.a(dcd.o)
                0x10000430                input_dcd_hdr

.dcd_wrt_cmd    0x10000434        0x4
 *(.dcd_wrt_cmd)
 .dcd_wrt_cmd   0x10000434        0x4 /home/leon/git/swp-report/iMX6_Platform_SDK/output/mx6dq/lib/libboard_sabre_ai_rev_c.a(dcd.o)
                0x10000434                input_dcd_wrt_cmd

.dcd_data       0x10000438      0x298
 *(.dcd_data)
 .dcd_data      0x10000438      0x298 /home/leon/git/swp-report/iMX6_Platform_SDK/output/mx6dq/lib/libboard_sabre_ai_rev_c.a(dcd.o)
                0x10000438                input_dcd

.text           0x100006d0    0x468d8
 CREATE_OBJECT_SYMBOLS
 *(.startup)
 .startup       0x100006d0      0x138 /home/leon/git/swp-report/iMX6_Platform_SDK/output/mx6dq/lib/libsdk.a(startup.o)
                0x100006d0                _start
 *(.text .text.* .gnu.linkonce.t.*)
 .text          0x10000808      0x128 /home/leon/riotboard/arm-2012.09/bin/../lib/gcc/arm-none-eabi/4.7.2//crtbegin.o
 .text          0x10000930        0x0 /home/leon/riotboard/arm-2012.09/bin/../lib/gcc/arm-none-eabi/4.7.2//crti.o
 .text          0x10000930        0x0 /home/leon/riotboard/arm-2012.09/bin/../lib/gcc/arm-none-eabi/4.7.2//crtend.o
 .text          0x10000930        0x0 /home/leon/riotboard/arm-2012.09/bin/../lib/gcc/arm-none-eabi/4.7.2//crtn.o
 .text          0x10000930        0x0 /home/leon/git/swp-report/iMX6_Platform_SDK/output/mx6dq/httpd/sabre_ai_rev_c/obj/apps/common/ivt.o
 .text          0x10000930       0x98 /home/leon/git/swp-report/iMX6_Platform_SDK/output/mx6dq/httpd/sabre_ai_rev_c/obj/apps/common/platform_init.o
                0x10000930                platform_init
 .text          0x100009c8      0x25c /home/leon/git/swp-report/iMX6_Platform_SDK/output/mx6dq/httpd/sabre_ai_rev_c/obj/apps/httpd/src/httpd_main.o
                0x100009c8                netif_status_callback
                0x10000a54                netif_link_status_callback
                0x10000ac0                init_lwip
                0x10000c00                main
 .text          0x10000c24      0x138 /home/leon/git/swp-report/iMX6_Platform_SDK/output/mx6dq/httpd/sabre_ai_rev_c/obj/lwip/contrib/apps/httpserver_raw/fs.o
                0x10000c24                fs_open
                0x10000d0c                fs_close
                0x10000d28                fs_bytes_left
 .text          0x10000d5c     0x17a0 /home/leon/git/swp-report/iMX6_Platform_SDK/output/mx6dq/httpd/sabre_ai_rev_c/obj/lwip/contrib/apps/httpserver_raw/httpd.o
                0x10002430                httpd_init
                0x1000244c                http_set_cgi_handlers
 .text          0x100024fc      0xcdc /home/leon/git/swp-report/iMX6_Platform_SDK/output/mx6dq/lib/libsdk.a(ccm_pll.o)
                0x100024fc                ccm_init
                0x10002620                get_main_clock
                0x100028b0                get_peri_clock
                0x10002a60                ccm_ccgr_config
                0x10002ac8                clock_gating_config
                0x10002f48                ccm_set_lpm_wakeup_source
                0x1000303c                ccm_enter_low_power
                0x100030ac                ipu_hsp_clk_config
                0x100030cc                gpu_clock_config
 .text          0x100031d8      0x164 /home/leon/git/swp-report/iMX6_Platform_SDK/output/mx6dq/lib/libsdk.a(cortexA9.o)
                0x100031d8                arm_set_interrupt_state
                0x100031fc                cpu_get_current
                0x10003208                enable_neon_fpu
                0x10003224                disable_strict_align_check
                0x10003238                disable_L1_cache
                0x10003258                get_arm_private_peripheral_base
                0x10003260                arm_unified_tlb_invalidate
                0x10003270                arm_unified_tlb_invalidate_is
                0x10003280                arm_branch_prediction_enable
                0x10003290                arm_branch_prediction_disable
                0x100032a0                arm_branch_target_cache_invalidate
                0x100032ac                arm_branch_target_cache_invalidate_is
                0x100032b8                scu_enable
                0x100032cc                scu_join_smp
                0x100032dc                scu_leave_smp
                0x100032ec                scu_get_cpus_in_smp
                0x10003300                scu_enable_maintenance_broadcast
                0x10003310                scu_disable_maintenance_broadcast
                0x10003320                scu_secure_invalidate
 .text          0x1000333c      0x5e0 /home/leon/git/swp-report/iMX6_Platform_SDK/output/mx6dq/lib/libsdk.a(gic.o)
                0x10003420                gic_enable
                0x10003480                gic_set_irq_security
                0x10003528                gic_enable_irq
                0x100035a4                gic_set_irq_priority
                0x100035ec                gic_set_cpu_target
                0x100036f8                gic_send_sgi
                0x1000374c                gic_cpu_enable
                0x100037ac                gic_set_cpu_priority_mask
                0x100037e0                gic_read_irq_ack
                0x1000380c                gic_write_end_of_irq
                0x1000383c                gic_init
                0x100038e0                gic_init_cpu
 .text          0x1000391c      0x460 /home/leon/git/swp-report/iMX6_Platform_SDK/output/mx6dq/lib/libsdk.a(mmu.o)
                0x1000391c                mmu_enable
                0x10003954                mmu_disable
                0x10003988                mmu_init
                0x10003aa4                mmu_map_l1_range
                0x10003cbc                mmu_virtual_to_physical
 .text          0x10003d7c        0x0 /home/leon/git/swp-report/iMX6_Platform_SDK/output/mx6dq/lib/libsdk.a(startup.o)
 .text          0x10003d7c        0x4 /home/leon/git/swp-report/iMX6_Platform_SDK/output/mx6dq/lib/libsdk.a(vectors.o)
                0x10003d7c                exception_handler
 .text.vectors  0x10003d80       0x48 /home/leon/git/swp-report/iMX6_Platform_SDK/output/mx6dq/lib/libsdk.a(vectors.o)
                0x10003d80                vectors
 .text          0x10003dc8      0x914 /home/leon/git/swp-report/iMX6_Platform_SDK/output/mx6dq/lib/libsdk.a(system_util.o)
                0x10003dc8                _sys_exit
                0x10003de4                mybkpt
                0x10003dec                is_input_char
                0x10003f6c                read_input_string
                0x10004254                get_input_hex
                0x100044d4                read_int
                0x10004638                jump_to_sdp
 .text          0x100046dc       0xe0 /home/leon/git/swp-report/iMX6_Platform_SDK/output/mx6dq/lib/libsdk.a(text_color.o)
                0x100046dc                printf_color
                0x10004778                get_color_supported
 .text          0x100047bc     0x17e0 /home/leon/git/swp-report/iMX6_Platform_SDK/output/mx6dq/lib/libsdk.a(enet_drv.o)
                0x100047bc                imx_enet_mii_read
                0x100048cc                imx_enet_mii_write
                0x10004da0                enet_phy_rework_ar8031
                0x10004f14                enet_phy_rework_ksz9021
                0x10005008                imx_enet_phy_init
                0x10005288                imx_enet_get_phy_status
                0x100055b0                imx_enet_phy_enable_external_loopback
                0x100056cc                imx_enet_poll
                0x100057c4                imx_enet_send
                0x100058dc                imx_enet_recv
                0x10005ab8                imx_enet_init
                0x10005c0c                imx_enet_start
                0x10005ca0                imx_enet_stop
                0x10005ce4                imx_enet_isolate_phy
                0x10005d88                imx_enet_unisolate_phy
                0x10005e50                imx_enet_mii_type
 .text          0x10005f9c      0x290 /home/leon/git/swp-report/iMX6_Platform_SDK/output/mx6dq/lib/libsdk.a(timer.o)
                0x10005f9c                hal_delay_us
                0x1000600c                system_time_init
                0x1000616c                time_get_microseconds
 .text          0x1000622c     0x2820 /home/leon/git/swp-report/iMX6_Platform_SDK/output/mx6dq/lib/libsdk.a(imx_uart.o)
                0x1000622c                uart_get_reffreq
                0x10006328                uart_putchar
                0x10006478                uart_getchar
                0x100065d8                uart_set_FIFO_mode
                0x10007104                uart_set_loopback_mode
                0x10007358                uart_setup_interrupt
                0x10007424                uart_init
 .text          0x10008a4c       0x98 /home/leon/git/swp-report/iMX6_Platform_SDK/output/mx6dq/lib/libsdk.a(arm_abort.o)
                0x10008a4c                common_abort_handler
                0x10008aac                data_abort_handler
                0x10008ac4                prefetch_abort_handler
 .text          0x10008ae4      0x1bc /home/leon/git/swp-report/iMX6_Platform_SDK/output/mx6dq/lib/libsdk.a(interrupt.o)
                0x10008ae4                IRQ_HDLR
                0x10008bac                disable_interrupt
                0x10008be8                enable_interrupt
                0x10008c40                register_interrupt_routine
                0x10008c74                default_interrupt_routine
 .text          0x10008ca0      0x8e0 /home/leon/git/swp-report/iMX6_Platform_SDK/output/mx6dq/lib/libsdk.a(epit.o)
                0x10008ca0                epit_reload_counter
                0x10008d00                epit_get_counter_value
                0x10008d5c                epit_set_compare_event
                0x10008dbc                epit_get_compare_event
                0x10008eb4                epit_counter_disable
                0x10009078                epit_counter_enable
                0x100092d4                epit_setup_interrupt
                0x10009364                epit_init
 .text          0x10009580      0x4bc /home/leon/git/swp-report/iMX6_Platform_SDK/output/mx6dq/lib/libsdk.a(abort_handler.o)
                0x10009580                dump_regs
 .text          0x10009a3c      0x12c /home/leon/git/swp-report/iMX6_Platform_SDK/output/mx6dq/lib/libboard_sabre_ai_rev_c.a(board_io_expanders.o)
                0x10009a3c                board_ioexpander_init
                0x10009b34                board_ioexpander_iomux_config
 .text          0x10009b68        0x0 /home/leon/git/swp-report/iMX6_Platform_SDK/output/mx6dq/lib/libboard_sabre_ai_rev_c.a(hardware_modules.o)
 .text          0x10009b68        0x0 /home/leon/git/swp-report/iMX6_Platform_SDK/output/mx6dq/lib/libboard_sabre_ai_rev_c.a(dcd.o)
 .text          0x10009b68       0x98 /home/leon/git/swp-report/iMX6_Platform_SDK/output/mx6dq/lib/libboard_sabre_ai_rev_c.a(i2c3_iomux_config.o)
                0x10009b68                i2c3_iomux_config
 .text          0x10009c00       0x90 /home/leon/git/swp-report/iMX6_Platform_SDK/output/mx6dq/lib/libboard_sabre_ai_rev_c.a(uart_iomux_config.o)
                0x10009c00                uart_iomux_config
 .text          0x10009c90      0x2c4 /home/leon/git/swp-report/iMX6_Platform_SDK/output/mx6dq/lib/libboard_sabre_ai_rev_c.a(iomux_config.o)
                0x10009c90                iomux_config
                0x10009d14                arm_iomux_config
                0x10009d24                asrc_iomux_config
                0x10009d34                dcic1_iomux_config
                0x10009d44                dcic2_iomux_config
                0x10009d54                ecspi2_iomux_config
                0x10009d64                ecspi3_iomux_config
                0x10009d74                ecspi4_iomux_config
                0x10009d84                ecspi5_iomux_config
                0x10009d94                epit1_iomux_config
                0x10009da4                epit2_iomux_config
                0x10009db4                gpio3_iomux_config
                0x10009dc4                gpio7_iomux_config
                0x10009dd4                gpt_iomux_config
                0x10009de4                hdmi_iomux_config
                0x10009df4                i2c1_iomux_config
                0x10009e04                ipu2_iomux_config
                0x10009e14                kpp_iomux_config
                0x10009e24                ldb_iomux_config
                0x10009e34                mipi_csi_iomux_config
                0x10009e44                mipi_dsi_iomux_config
                0x10009e54                mipi_hsi_iomux_config
                0x10009e64                pcie_iomux_config
                0x10009e74                pmu_iomux_config
                0x10009e84                pwm1_iomux_config
                0x10009e94                pwm2_iomux_config
                0x10009ea4                sata_phy_iomux_config
                0x10009eb4                sdma_iomux_config
                0x10009ec4                snvs_iomux_config
                0x10009ed4                src_iomux_config
                0x10009ee4                uart1_iomux_config
                0x10009ef4                uart5_iomux_config
                0x10009f04                usb_iomux_config
                0x10009f14                usdhc2_iomux_config
                0x10009f24                usdhc4_iomux_config
                0x10009f34                wdog2_iomux_config
                0x10009f44                xtalosc_iomux_config
 .text          0x10009f54      0x5f8 /home/leon/git/swp-report/iMX6_Platform_SDK/output/mx6dq/lib/libboard_sabre_ai_rev_c.a(ipu1_iomux_config.o)
                0x10009f54                ipu1_iomux_config
 .text          0x1000a54c       0xac /home/leon/git/swp-report/iMX6_Platform_SDK/output/mx6dq/lib/libboard_sabre_ai_rev_c.a(mlb_iomux_config.o)
                0x1000a54c                mlb_iomux_config
 .text          0x1000a5f8     0x2884 /home/leon/git/swp-report/iMX6_Platform_SDK/output/mx6dq/lib/libboard_sabre_ai_rev_c.a(mmdc_iomux_config.o)
                0x1000a5f8                mmdc_iomux_config
 .text          0x1000ce7c       0x34 /home/leon/git/swp-report/iMX6_Platform_SDK/output/mx6dq/lib/libboard_sabre_ai_rev_c.a(pwm3_iomux_config.o)
                0x1000ce7c                pwm3_iomux_config
 .text          0x1000ceb0       0x34 /home/leon/git/swp-report/iMX6_Platform_SDK/output/mx6dq/lib/libboard_sabre_ai_rev_c.a(pwm4_iomux_config.o)
                0x1000ceb0                pwm4_iomux_config
 .text          0x1000cee4       0x70 /home/leon/git/swp-report/iMX6_Platform_SDK/output/mx6dq/lib/libboard_sabre_ai_rev_c.a(sjc_iomux_config.o)
                0x1000cee4                sjc_iomux_config
 .text          0x1000cf54       0x40 /home/leon/git/swp-report/iMX6_Platform_SDK/output/mx6dq/lib/libboard_sabre_ai_rev_c.a(spdif_iomux_config.o)
                0x1000cf54                spdif_iomux_config
 .text          0x1000cf94       0xe0 /home/leon/git/swp-report/iMX6_Platform_SDK/output/mx6dq/lib/libboard_sabre_ai_rev_c.a(uart2_iomux_config.o)
                0x1000cf94                uart2_iomux_config
 .text          0x1000d074       0xe0 /home/leon/git/swp-report/iMX6_Platform_SDK/output/mx6dq/lib/libboard_sabre_ai_rev_c.a(uart3_iomux_config.o)
                0x1000d074                uart3_iomux_config
 .text          0x1000d154       0x78 /home/leon/git/swp-report/iMX6_Platform_SDK/output/mx6dq/lib/libboard_sabre_ai_rev_c.a(uart4_iomux_config.o)
                0x1000d154                uart4_iomux_config
 .text          0x1000d1cc      0x19c /home/leon/git/swp-report/iMX6_Platform_SDK/output/mx6dq/lib/libboard_sabre_ai_rev_c.a(usdhc1_iomux_config.o)
                0x1000d1cc                usdhc1_iomux_config
 .text          0x1000d368      0x1c0 /home/leon/git/swp-report/iMX6_Platform_SDK/output/mx6dq/lib/libboard_sabre_ai_rev_c.a(usdhc3_iomux_config.o)
                0x1000d368                usdhc3_iomux_config
 .text          0x1000d528       0x34 /home/leon/git/swp-report/iMX6_Platform_SDK/output/mx6dq/lib/libboard_sabre_ai_rev_c.a(wdog1_iomux_config.o)
                0x1000d528                wdog1_iomux_config
 .text          0x1000d55c      0x13c /home/leon/git/swp-report/iMX6_Platform_SDK/output/mx6dq/lib/libboard_sabre_ai_rev_c.a(audmux_iomux_config.o)
                0x1000d55c                audmux_iomux_config
 .text          0x1000d698       0x34 /home/leon/git/swp-report/iMX6_Platform_SDK/output/mx6dq/lib/libboard_sabre_ai_rev_c.a(ccm_iomux_config.o)
                0x1000d698                ccm_iomux_config
 .text          0x1000d6cc      0x104 /home/leon/git/swp-report/iMX6_Platform_SDK/output/mx6dq/lib/libboard_sabre_ai_rev_c.a(ecspi1_iomux_config.o)
                0x1000d6cc                ecspi1_iomux_config
 .text          0x1000d7d0      0x5d0 /home/leon/git/swp-report/iMX6_Platform_SDK/output/mx6dq/lib/libboard_sabre_ai_rev_c.a(eim_iomux_config.o)
                0x1000d7d0                eim_iomux_config
 .text          0x1000dda0      0x3bc /home/leon/git/swp-report/iMX6_Platform_SDK/output/mx6dq/lib/libboard_sabre_ai_rev_c.a(enet_iomux_config.o)
                0x1000dda0                enet_iomux_config
 .text          0x1000e15c      0x218 /home/leon/git/swp-report/iMX6_Platform_SDK/output/mx6dq/lib/libboard_sabre_ai_rev_c.a(esai_iomux_config.o)
                0x1000e15c                esai_iomux_config
 .text          0x1000e374       0x68 /home/leon/git/swp-report/iMX6_Platform_SDK/output/mx6dq/lib/libboard_sabre_ai_rev_c.a(flexcan1_iomux_config.o)
                0x1000e374                flexcan1_iomux_config
 .text          0x1000e3dc       0x68 /home/leon/git/swp-report/iMX6_Platform_SDK/output/mx6dq/lib/libboard_sabre_ai_rev_c.a(flexcan2_iomux_config.o)
                0x1000e3dc                flexcan2_iomux_config
 .text          0x1000e444      0x130 /home/leon/git/swp-report/iMX6_Platform_SDK/output/mx6dq/lib/libboard_sabre_ai_rev_c.a(gpio1_iomux_config.o)
                0x1000e444                gpio1_iomux_config
 .text          0x1000e574       0xfc /home/leon/git/swp-report/iMX6_Platform_SDK/output/mx6dq/lib/libboard_sabre_ai_rev_c.a(gpio2_iomux_config.o)
                0x1000e574                gpio2_iomux_config
 .text          0x1000e670       0x58 /home/leon/git/swp-report/iMX6_Platform_SDK/output/mx6dq/lib/libboard_sabre_ai_rev_c.a(gpio4_iomux_config.o)
                0x1000e670                gpio4_iomux_config
 .text          0x1000e6c8       0xc4 /home/leon/git/swp-report/iMX6_Platform_SDK/output/mx6dq/lib/libboard_sabre_ai_rev_c.a(gpio5_iomux_config.o)
                0x1000e6c8                gpio5_iomux_config
 .text          0x1000e78c       0x54 /home/leon/git/swp-report/iMX6_Platform_SDK/output/mx6dq/lib/libboard_sabre_ai_rev_c.a(gpio6_iomux_config.o)
                0x1000e78c                gpio6_iomux_config
 .text          0x1000e7e0      0x274 /home/leon/git/swp-report/iMX6_Platform_SDK/output/mx6dq/lib/libboard_sabre_ai_rev_c.a(gpmi_iomux_config.o)
                0x1000e7e0                gpmi_iomux_config
 .text          0x1000ea54       0x78 /home/leon/git/swp-report/iMX6_Platform_SDK/output/mx6dq/lib/libboard_sabre_ai_rev_c.a(i2c2_iomux_config.o)
                0x1000ea54                i2c2_iomux_config
 .text          0x1000eacc     0x3aa8 /home/leon/git/swp-report/iMX6_Platform_SDK/output/mx6dq/lib/liblwip.a(dhcp.o)
                0x1000eef8                dhcp_coarse_tmr
                0x1000efd8                dhcp_fine_tmr
                0x1000f54c                dhcp_set_struct
                0x1000f634                dhcp_cleanup
                0x1000f6b4                dhcp_start
                0x1000f978                dhcp_inform
                0x1000fb4c                dhcp_network_changed
                0x1000fc2c                dhcp_arp_reply
                0x1001039c                dhcp_renew
                0x100108b4                dhcp_release
                0x10010ad0                dhcp_stop
 .text          0x10012574     0x10d0 /home/leon/git/swp-report/iMX6_Platform_SDK/output/mx6dq/lib/liblwip.a(dns.o)
                0x10012574                dns_init
                0x1001264c                dns_setserver
                0x100126d0                dns_getserver
                0x10012720                dns_tmr
                0x10013564                dns_gethostbyname
 .text          0x10013644       0x30 /home/leon/git/swp-report/iMX6_Platform_SDK/output/mx6dq/lib/liblwip.a(init.o)
                0x10013644                lwip_init
 .text          0x10013674      0xcc0 /home/leon/git/swp-report/iMX6_Platform_SDK/output/mx6dq/lib/liblwip.a(autoip.o)
                0x10013674                autoip_set_struct
                0x10013b30                autoip_start
                0x10013dbc                autoip_network_changed
                0x10013e0c                autoip_stop
                0x10013e4c                autoip_tmr
                0x10014194                autoip_arp_reply
 .text          0x10014334     0x11b0 /home/leon/git/swp-report/iMX6_Platform_SDK/output/mx6dq/lib/liblwip.a(igmp.o)
                0x10014334                igmp_init
                0x1001436c                igmp_dump_group_list
                0x100143b0                igmp_start
                0x10014450                igmp_stop
                0x1001454c                igmp_report_groups
                0x100145b4                igmp_lookfor_group
                0x10014810                igmp_input
                0x10014c1c                igmp_joingroup
                0x10014e20                igmp_leavegroup
                0x1001500c                igmp_tmr
 .text          0x100154e4     0x11e4 /home/leon/git/swp-report/iMX6_Platform_SDK/output/mx6dq/lib/liblwip.a(ip4.o)
                0x100154e4                ip_route
                0x100155d8                ip_input
                0x10015d74                ip_output_if
                0x10015de0                ip_output_if_opt
                0x100164f8                ip_output
                0x100165d0                ip_output_hinted
 .text          0x100166c8      0x7dc /home/leon/git/swp-report/iMX6_Platform_SDK/output/mx6dq/lib/liblwip.a(ip4_addr.o)
                0x100166c8                ip4_addr_isbroadcast
                0x100167a4                ip4_addr_netmask_valid
                0x1001684c                ipaddr_addr
                0x10016894                ipaddr_aton
                0x10016c60                ipaddr_ntoa
                0x10016c98                ipaddr_ntoa_r
 .text          0x10016ea4        0x0 /home/leon/git/swp-report/iMX6_Platform_SDK/output/mx6dq/lib/liblwip.a(memp.o)
 .text          0x10016ea4      0xdd8 /home/leon/git/swp-report/iMX6_Platform_SDK/output/mx6dq/lib/liblwip.a(netif.o)
                0x10016ea4                netif_init
                0x10016eb4                netif_add
                0x10017078                netif_set_addr
                0x100170c4                netif_remove
                0x100171f4                netif_find
                0x100172bc                netif_set_ipaddr
                0x10017450                netif_set_gw
                0x10017494                netif_set_netmask
                0x100174f0                netif_set_default
                0x10017544                netif_set_up
                0x10017624                netif_set_down
                0x100176b8                netif_set_status_callback
                0x100176f0                netif_set_link_up
                0x100177e4                netif_set_link_down
                0x1001784c                netif_set_link_callback
                0x10017884                netif_loop_output
                0x10017a80                netif_poll
                0x10017c30                netif_poll_all
 .text          0x10017c7c     0x1b34 /home/leon/git/swp-report/iMX6_Platform_SDK/output/mx6dq/lib/liblwip.a(pbuf.o)
                0x10017c7c                pbuf_free_ooseq
                0x10017d20                pbuf_alloc
                0x100182d8                pbuf_realloc
                0x10018550                pbuf_header
                0x10018770                pbuf_free
                0x1001894c                pbuf_clen
                0x100189a0                pbuf_ref
                0x100189e0                pbuf_cat
                0x10018b38                pbuf_chain
                0x10018b6c                pbuf_dechain
                0x10018cac                pbuf_copy
                0x10018fd4                pbuf_copy_partial
                0x100191a0                pbuf_take
                0x1001939c                pbuf_coalesce
                0x10019468                pbuf_get_at
                0x10019520                pbuf_memcmp
                0x1001964c                pbuf_memfind
                0x10019710                pbuf_strstr
 .text          0x100197b0      0x5e4 /home/leon/git/swp-report/iMX6_Platform_SDK/output/mx6dq/lib/liblwip.a(raw.o)
                0x100197b0                raw_input
                0x1001992c                raw_bind
                0x1001997c                raw_connect
                0x100199cc                raw_recv
                0x10019a08                raw_sendto
                0x10019c00                raw_send
                0x10019c40                raw_remove
                0x10019cfc                raw_new
 .text          0x10019d94     0x5eb4 /home/leon/git/swp-report/iMX6_Platform_SDK/output/mx6dq/lib/liblwip.a(mib2.o)
                0x10019e08                objectidncpy
                0x10019e7c                snmp_set_sysdesr
                0x10019ec8                snmp_get_sysobjid_ptr
                0x10019ef4                snmp_set_sysobjid
                0x10019f34                snmp_inc_sysuptime
                0x10019f60                snmp_add_sysuptime
                0x10019f9c                snmp_get_sysuptime
                0x10019ff0                snmp_set_syscontact
                0x1001a03c                snmp_set_sysname
                0x1001a088                snmp_set_syslocation
                0x1001a0d4                snmp_add_ifinoctets
                0x1001a10c                snmp_inc_ifinucastpkts
                0x1001a13c                snmp_inc_ifinnucastpkts
                0x1001a16c                snmp_inc_ifindiscards
                0x1001a19c                snmp_add_ifoutoctets
                0x1001a1d4                snmp_inc_ifoutucastpkts
                0x1001a204                snmp_inc_ifoutnucastpkts
                0x1001a234                snmp_inc_ifoutdiscards
                0x1001a264                snmp_inc_iflist
                0x1001a2bc                snmp_dec_iflist
                0x1001a30c                snmp_insert_arpidx_tree
                0x1001a52c                snmp_delete_arpidx_tree
                0x1001a7dc                snmp_inc_ipinreceives
                0x1001a808                snmp_inc_ipinhdrerrors
                0x1001a834                snmp_inc_ipinaddrerrors
                0x1001a860                snmp_inc_ipforwdatagrams
                0x1001a88c                snmp_inc_ipinunknownprotos
                0x1001a8b8                snmp_inc_ipindiscards
                0x1001a8e4                snmp_inc_ipindelivers
                0x1001a910                snmp_inc_ipoutrequests
                0x1001a93c                snmp_inc_ipoutdiscards
                0x1001a968                snmp_inc_ipoutnoroutes
                0x1001a994                snmp_inc_ipreasmreqds
                0x1001a9c0                snmp_inc_ipreasmoks
                0x1001a9ec                snmp_inc_ipreasmfails
                0x1001aa18                snmp_inc_ipfragoks
                0x1001aa44                snmp_inc_ipfragfails
                0x1001aa70                snmp_inc_ipfragcreates
                0x1001aa9c                snmp_inc_iproutingdiscards
                0x1001aac8                snmp_insert_ipaddridx_tree
                0x1001ac58                snmp_delete_ipaddridx_tree
                0x1001aecc                snmp_insert_iprteidx_tree
                0x1001b088                snmp_delete_iprteidx_tree
                0x1001b328                snmp_inc_icmpinmsgs
                0x1001b354                snmp_inc_icmpinerrors
                0x1001b380                snmp_inc_icmpindestunreachs
                0x1001b3ac                snmp_inc_icmpintimeexcds
                0x1001b3d8                snmp_inc_icmpinparmprobs
                0x1001b404                snmp_inc_icmpinsrcquenchs
                0x1001b430                snmp_inc_icmpinredirects
                0x1001b45c                snmp_inc_icmpinechos
                0x1001b488                snmp_inc_icmpinechoreps
                0x1001b4b4                snmp_inc_icmpintimestamps
                0x1001b4e0                snmp_inc_icmpintimestampreps
                0x1001b50c                snmp_inc_icmpinaddrmasks
                0x1001b538                snmp_inc_icmpinaddrmaskreps
                0x1001b564                snmp_inc_icmpoutmsgs
                0x1001b590                snmp_inc_icmpouterrors
                0x1001b5bc                snmp_inc_icmpoutdestunreachs
                0x1001b5e8                snmp_inc_icmpouttimeexcds
                0x1001b614                snmp_inc_icmpoutparmprobs
                0x1001b640                snmp_inc_icmpoutsrcquenchs
                0x1001b66c                snmp_inc_icmpoutredirects
                0x1001b698                snmp_inc_icmpoutechos
                0x1001b6c4                snmp_inc_icmpoutechoreps
                0x1001b6f0                snmp_inc_icmpouttimestamps
                0x1001b71c                snmp_inc_icmpouttimestampreps
                0x1001b748                snmp_inc_icmpoutaddrmasks
                0x1001b774                snmp_inc_icmpoutaddrmaskreps
                0x1001b7a0                snmp_inc_tcpactiveopens
                0x1001b7cc                snmp_inc_tcppassiveopens
                0x1001b7f8                snmp_inc_tcpattemptfails
                0x1001b824                snmp_inc_tcpestabresets
                0x1001b850                snmp_inc_tcpinsegs
                0x1001b87c                snmp_inc_tcpoutsegs
                0x1001b8a8                snmp_inc_tcpretranssegs
                0x1001b8d4                snmp_inc_tcpinerrs
                0x1001b900                snmp_inc_tcpoutrsts
                0x1001b92c                snmp_inc_udpindatagrams
                0x1001b958                snmp_inc_udpnoports
                0x1001b984                snmp_inc_udpinerrors
                0x1001b9b0                snmp_inc_udpoutdatagrams
                0x1001b9dc                snmp_insert_udpidx_tree
                0x1001bb74                snmp_delete_udpidx_tree
                0x1001be6c                snmp_inc_snmpinpkts
                0x1001be98                snmp_inc_snmpoutpkts
                0x1001bec4                snmp_inc_snmpinbadversions
                0x1001bef0                snmp_inc_snmpinbadcommunitynames
                0x1001bf1c                snmp_inc_snmpinbadcommunityuses
                0x1001bf48                snmp_inc_snmpinasnparseerrs
                0x1001bf74                snmp_inc_snmpintoobigs
                0x1001bfa0                snmp_inc_snmpinnosuchnames
                0x1001bfcc                snmp_inc_snmpinbadvalues
                0x1001bff8                snmp_inc_snmpinreadonlys
                0x1001c024                snmp_inc_snmpingenerrs
                0x1001c050                snmp_add_snmpintotalreqvars
                0x1001c090                snmp_add_snmpintotalsetvars
                0x1001c0d0                snmp_inc_snmpingetrequests
                0x1001c0fc                snmp_inc_snmpingetnexts
                0x1001c128                snmp_inc_snmpinsetrequests
                0x1001c154                snmp_inc_snmpingetresponses
                0x1001c180                snmp_inc_snmpintraps
                0x1001c1ac                snmp_inc_snmpouttoobigs
                0x1001c1d8                snmp_inc_snmpoutnosuchnames
                0x1001c204                snmp_inc_snmpoutbadvalues
                0x1001c230                snmp_inc_snmpoutgenerrs
                0x1001c25c                snmp_inc_snmpoutgetrequests
                0x1001c288                snmp_inc_snmpoutgetnexts
                0x1001c2b4                snmp_inc_snmpoutsetrequests
                0x1001c2e0                snmp_inc_snmpoutgetresponses
                0x1001c30c                snmp_inc_snmpouttraps
                0x1001c338                snmp_get_snmpgrpid_ptr
                0x1001c364                snmp_set_snmpenableauthentraps
                0x1001c39c                snmp_get_snmpenableauthentraps
                0x1001c3d0                noleafs_get_object_def
                0x1001c404                noleafs_get_value
                0x1001c42c                noleafs_set_test
                0x1001c45c                noleafs_set_value
 .text          0x1001fc48     0x1e68 /home/leon/git/swp-report/iMX6_Platform_SDK/output/mx6dq/lib/liblwip.a(mib_structs.o)
                0x1001fd9c                snmp_ifindextonetif
                0x1001fe24                snmp_netiftoifindex
                0x1001fea4                snmp_oidtoip
                0x1001ff20                snmp_iptooid
                0x1001ff9c                snmp_mib_ln_alloc
                0x10020014                snmp_mib_ln_free
                0x10020038                snmp_mib_lrn_alloc
                0x100200f8                snmp_mib_lrn_free
                0x1002011c                snmp_mib_node_insert
                0x100203f4                snmp_mib_node_find
                0x10020528                snmp_mib_node_delete
                0x100206cc                snmp_search_tree
                0x10020bb8                snmp_expand_tree
                0x100218f0                snmp_iso_prefix_tst
                0x1002197c                snmp_iso_prefix_expand
 .text          0x10021ab0     0x3030 /home/leon/git/swp-report/iMX6_Platform_SDK/output/mx6dq/lib/liblwip.a(msg_in.o)
                0x10021ab0                snmp_init
                0x100232a8                snmp_msg_event
                0x100246bc                snmp_varbind_alloc
                0x100248f0                snmp_varbind_free
                0x10024954                snmp_varbind_list_free
                0x100249cc                snmp_varbind_tail_add
                0x10024a5c                snmp_varbind_tail_remove
 .text          0x10024ae0     0x1bcc /home/leon/git/swp-report/iMX6_Platform_SDK/output/mx6dq/lib/liblwip.a(msg_out.o)
                0x10024ae0                snmp_trap_dst_enable
                0x10024b38                snmp_trap_dst_ip_set
                0x10024b94                snmp_send_response
                0x10024da8                snmp_send_trap
                0x10024ff0                snmp_coldstart_trap
                0x10025040                snmp_authfail_trap
 .text          0x100266ac      0x6c8 /home/leon/git/swp-report/iMX6_Platform_SDK/output/mx6dq/lib/liblwip.a(stats.o)
                0x100266ac                stats_init
                0x10026774                stats_display_proto
                0x100268c4                stats_display_igmp
                0x10026a44                stats_display_mem
                0x10026ad4                stats_display_memp
                0x10026b58                stats_display_sys
                0x10026c58                stats_display
 .text          0x10026d74     0x2ee0 /home/leon/git/swp-report/iMX6_Platform_SDK/output/mx6dq/lib/liblwip.a(tcp.o)
                0x10026d74                tcp_init
                0x10026d84                tcp_tmr
                0x1002726c                tcp_close
                0x100272c4                tcp_shutdown
                0x100273cc                tcp_abandon
                0x10027590                tcp_abort
                0x100275b8                tcp_bind
                0x10027810                tcp_listen_with_backlog
                0x10027b0c                tcp_update_rcv_ann_wnd
                0x10027c38                tcp_recved
                0x10027e74                tcp_connect
                0x100282f0                tcp_slowtmr
                0x10028cd8                tcp_fasttmr
                0x10028e04                tcp_process_refused_data
                0x10028f70                tcp_segs_free
                0x10028fb8                tcp_seg_free
                0x10029008                tcp_setprio
                0x10029038                tcp_seg_copy
                0x100290a8                tcp_recv_null
                0x100292c8                tcp_alloc
                0x1002951c                tcp_new
                0x1002953c                tcp_arg
                0x10029568                tcp_recv
                0x100295d0                tcp_sent
                0x10029638                tcp_err
                0x100296a0                tcp_accept
                0x100296cc                tcp_poll
                0x10029748                tcp_pcb_purge
                0x10029950                tcp_pcb_remove
                0x10029b54                tcp_next_iss
                0x10029b9c                tcp_eff_send_mss_impl
                0x10029c20                tcp_debug_state_str
 .text          0x10029c54     0x4af8 /home/leon/git/swp-report/iMX6_Platform_SDK/output/mx6dq/lib/liblwip.a(tcp_in.o)
                0x10029c54                tcp_input
 .text          0x1002e74c     0x2e6c /home/leon/git/swp-report/iMX6_Platform_SDK/output/mx6dq/lib/liblwip.a(tcp_out.o)
                0x1002ea0c                tcp_send_fin
                0x1002f108                tcp_write
                0x1002fc2c                tcp_enqueue_flags
                0x10030090                tcp_send_empty_ack
                0x100301c0                tcp_output
                0x10030c04                tcp_rst_impl
                0x10030edc                tcp_rexmit_rto
                0x10030f94                tcp_rexmit
                0x100310f8                tcp_rexmit_fast
                0x1003120c                tcp_keepalive
                0x10031324                tcp_zero_window_probe
 .text          0x100315b8      0x724 /home/leon/git/swp-report/iMX6_Platform_SDK/output/mx6dq/lib/liblwip.a(timers.o)
                0x10031628                tcp_timer_needed
                0x100317d0                sys_timeouts_init
                0x1003186c                sys_timeout
                0x10031a80                sys_untimeout
                0x10031b94                sys_check_timeouts
                0x10031cb8                sys_restart_timeouts
 .text          0x10031cdc     0x1294 /home/leon/git/swp-report/iMX6_Platform_SDK/output/mx6dq/lib/liblwip.a(udp.o)
                0x10031cdc                udp_init
                0x10031ddc                udp_input
                0x100325f4                udp_send
                0x10032638                udp_sendto
                0x100326ec                udp_sendto_if
                0x10032ab4                udp_bind
                0x10032c98                udp_connect
                0x10032dc4                udp_disconnect
                0x10032e10                udp_recv
                0x10032e4c                udp_remove
                0x10032f10                udp_new
 .text          0x10032f70     0x2750 /home/leon/git/swp-report/iMX6_Platform_SDK/output/mx6dq/lib/liblwip.a(etharp.o)
                0x1003334c                etharp_tmr
                0x10033e24                etharp_cleanup_netif
                0x10033ee4                etharp_find_addr
                0x100346e4                etharp_output
                0x10034b48                etharp_query
                0x100350e8                etharp_raw
                0x100353d8                etharp_request
                0x10035450                ethernet_input
 .text          0x100356c0      0x600 /home/leon/git/swp-report/iMX6_Platform_SDK/output/mx6dq/lib/liblwip.a(mx6_ethernetif.o)
                0x100356c0                enet_set_mac
                0x100356f0                init_enet
                0x10035b30                enet_poll_for_packet
                0x10035b7c                enet_init
 .text          0x10035cc0      0x188 /home/leon/git/swp-report/iMX6_Platform_SDK/output/mx6dq/lib/liblwip.a(mx6_lwip.o)
                0x10035cc0                mx6_init_lwip
                0x10035cec                check_and_update_ms_timer
                0x10035d64                mx6_run_lwip
 .text          0x10035e48       0x40 /home/leon/git/swp-report/iMX6_Platform_SDK/output/mx6dq/lib/liblwip.a(sys_arch.o)
                0x10035e48                sys_now
 .text          0x10035e88      0x100 /home/leon/git/swp-report/iMX6_Platform_SDK/output/mx6dq/lib/liblwip.a(def.o)
                0x10035e88                lwip_htons
                0x10035ed4                lwip_ntohs
                0x10035f08                lwip_htonl
                0x10035f5c                lwip_ntohl
 .text          0x10035f88      0x864 /home/leon/git/swp-report/iMX6_Platform_SDK/output/mx6dq/lib/liblwip.a(inet_chksum.o)
                0x10035f88                lwip_standard_chksum
                0x10036294                inet_chksum_pseudo
                0x10036598                inet_chksum_pseudo_partial
                0x10036684                inet_chksum
                0x100366c8                inet_chksum_pbuf
 .text          0x100367ec      0x8a8 /home/leon/git/swp-report/iMX6_Platform_SDK/output/mx6dq/lib/liblwip.a(icmp.o)
                0x100367ec                icmp_input
                0x10036e7c                icmp_dest_unreach
 .text          0x10037094      0xfa0 /home/leon/git/swp-report/iMX6_Platform_SDK/output/mx6dq/lib/liblwip.a(asn1_dec.o)
                0x10037094                snmp_asn1_dec_type
                0x10037154                snmp_asn1_dec_length
                0x1003751c                snmp_asn1_dec_u32t
                0x10037780                snmp_asn1_dec_s32t
                0x100379f8                snmp_asn1_dec_oid
                0x10037ea4                snmp_asn1_dec_raw
 .text          0x10038034      0xdb0 /home/leon/git/swp-report/iMX6_Platform_SDK/output/mx6dq/lib/liblwip.a(asn1_enc.o)
                0x10038034                snmp_asn1_enc_length_cnt
                0x1003809c                snmp_asn1_enc_u32t_cnt
                0x10038144                snmp_asn1_enc_s32t_cnt
                0x100381e8                snmp_asn1_enc_oid_cnt
                0x100382cc                snmp_asn1_enc_type
                0x10038388                snmp_asn1_enc_length
                0x100385b8                snmp_asn1_enc_u32t
                0x100387ac                snmp_asn1_enc_s32t
                0x10038910                snmp_asn1_enc_oid
                0x10038c74                snmp_asn1_enc_raw
 .text          0x10038de4       0x14 /home/leon/riotboard/arm-2012.09/bin/../arm-none-eabi/lib//libc.a(lib_a-abort.o)
                0x10038de4                abort
 .text          0x10038df8       0x68 /home/leon/riotboard/arm-2012.09/bin/../arm-none-eabi/lib//libc.a(lib_a-assert.o)
                0x10038df8                __assert_func
                0x10038e50                __assert
 .text          0x10038e60       0x20 /home/leon/riotboard/arm-2012.09/bin/../arm-none-eabi/lib//libc.a(lib_a-bzero.o)
                0x10038e60                bzero
 .text          0x10038e80      0x26c /home/leon/riotboard/arm-2012.09/bin/../arm-none-eabi/lib//libc.a(lib_a-fflush.o)
                0x10038e80                _fflush_r
                0x100390ac                fflush
 .text          0x100390ec      0x2c4 /home/leon/riotboard/arm-2012.09/bin/../arm-none-eabi/lib//libc.a(lib_a-findfp.o)
                0x100390fc                _cleanup_r
                0x10039190                __sfmoreglue
                0x100391d8                _cleanup
                0x100391e8                __sinit
                0x10039260                __sfp
                0x10039358                __sfp_lock_acquire
                0x1003935c                __sfp_lock_release
                0x10039360                __sinit_lock_acquire
                0x10039364                __sinit_lock_release
                0x10039368                __fp_lock_all
                0x1003938c                __fp_unlock_all
 .text          0x100393b0       0x70 /home/leon/riotboard/arm-2012.09/bin/../arm-none-eabi/lib//libc.a(lib_a-fiprintf.o)
                0x100393b0                _fiprintf_r
                0x100393e0                fiprintf
 .text          0x10039420       0x94 /home/leon/riotboard/arm-2012.09/bin/../arm-none-eabi/lib//libc.a(lib_a-fputc.o)
                0x10039420                _fputc_r
                0x10039464                fputc
 .text          0x100394b4      0x368 /home/leon/riotboard/arm-2012.09/bin/../arm-none-eabi/lib//libc.a(lib_a-freer.o)
                0x100394b4                _malloc_trim_r
                0x100395b0                _free_r
 .text          0x1003981c      0x114 /home/leon/riotboard/arm-2012.09/bin/../arm-none-eabi/lib//libc.a(lib_a-fwalk.o)
                0x1003981c                _fwalk
                0x100398a4                _fwalk_reent
 .text          0x10039930        0x0 /home/leon/riotboard/arm-2012.09/bin/../arm-none-eabi/lib//libc.a(lib_a-impure.o)
 .text          0x10039930       0x88 /home/leon/riotboard/arm-2012.09/bin/../arm-none-eabi/lib//libc.a(lib_a-init.o)
                0x10039930                __libc_init_array
 .text          0x100399b8       0x40 /home/leon/riotboard/arm-2012.09/bin/../arm-none-eabi/lib//libc.a(lib_a-malloc.o)
                0x100399b8                malloc
                0x100399d8                free
 .text          0x100399f8      0x71c /home/leon/riotboard/arm-2012.09/bin/../arm-none-eabi/lib//libc.a(lib_a-mallocr.o)
                0x100399f8                _malloc_r
 .text          0x1003a114       0xb4 /home/leon/riotboard/arm-2012.09/bin/../arm-none-eabi/lib//libc.a(lib_a-memcmp.o)
                0x1003a114                memcmp
 .text          0x1003a1c8      0x20c /home/leon/riotboard/arm-2012.09/bin/../arm-none-eabi/lib//libc.a(lib_a-memcpy.o)
                0x1003a1c8                memcpy
 .text          0x1003a3d4      0x134 /home/leon/riotboard/arm-2012.09/bin/../arm-none-eabi/lib//libc.a(lib_a-memset.o)
                0x1003a3d4                memset
 .text          0x1003a508        0x8 /home/leon/riotboard/arm-2012.09/bin/../arm-none-eabi/lib//libc.a(lib_a-mlock.o)
                0x1003a508                __malloc_lock
                0x1003a50c                __malloc_unlock
 .text          0x1003a510       0x74 /home/leon/riotboard/arm-2012.09/bin/../arm-none-eabi/lib//libc.a(lib_a-printf.o)
                0x1003a510                _printf_r
                0x1003a544                printf
 .text          0x1003a584      0x170 /home/leon/riotboard/arm-2012.09/bin/../arm-none-eabi/lib//libc.a(lib_a-putc.o)
                0x1003a584                _putc_r
                0x1003a634                putc
 .text          0x1003a6f4       0x78 /home/leon/riotboard/arm-2012.09/bin/../arm-none-eabi/lib//libc.a(lib_a-rand.o)
                0x1003a6f4                srand
                0x1003a710                rand
 .text          0x1003a76c       0x28 /home/leon/riotboard/arm-2012.09/bin/../arm-none-eabi/lib//libc.a(lib_a-realloc.o)
                0x1003a76c                realloc
 .text          0x1003a794      0x574 /home/leon/riotboard/arm-2012.09/bin/../arm-none-eabi/lib//libc.a(lib_a-reallocr.o)
                0x1003a794                _realloc_r
 .text          0x1003ad08       0x6c /home/leon/riotboard/arm-2012.09/bin/../arm-none-eabi/lib//libc.a(lib_a-rget.o)
                0x1003ad08                __srget_r
                0x1003ad60                __srget
 .text          0x1003ad74       0x40 /home/leon/riotboard/arm-2012.09/bin/../arm-none-eabi/lib//libc.a(lib_a-sbrkr.o)
                0x1003ad74                _sbrk_r
 .text          0x1003adb4      0x24c /home/leon/riotboard/arm-2012.09/bin/../arm-none-eabi/lib//libc.a(lib_a-signal.o)
                0x1003adb4                _init_signal_r
                0x1003ae14                _signal_r
                0x1003ae80                _raise_r
                0x1003af18                __sigtramp_r
                0x1003afac                raise
                0x1003afc0                signal
                0x1003afdc                _init_signal
                0x1003afec                __sigtramp
 .text          0x1003b000       0x50 /home/leon/riotboard/arm-2012.09/bin/../arm-none-eabi/lib//libc.a(lib_a-signalr.o)
                0x1003b000                _kill_r
                0x1003b040                _getpid_r
 .text          0x1003b050       0xdc /home/leon/riotboard/arm-2012.09/bin/../arm-none-eabi/lib//libc.a(lib_a-stdio.o)
                0x1003b050                __sread
                0x1003b084                __seofread
                0x1003b08c                __swrite
                0x1003b0e4                __sseek
                0x1003b118                __sclose
 .text          0x1003b12c      0x1dc /home/leon/riotboard/arm-2012.09/bin/../arm-none-eabi/lib//libc.a(lib_a-strchr.o)
                0x1003b12c                strchr
 .text          0x1003b308      0x230 /home/leon/riotboard/arm-2012.09/bin/../arm-none-eabi/lib//libc.a(lib_a-strcmp.o)
                0x1003b308                strcmp
 .text          0x1003b538       0x60 /home/leon/riotboard/arm-2012.09/bin/../arm-none-eabi/lib//libc.a(lib_a-strlen.o)
                0x1003b538                strlen
 .text          0x1003b598      0x140 /home/leon/riotboard/arm-2012.09/bin/../arm-none-eabi/lib//libc.a(lib_a-strncmp.o)
                0x1003b598                strncmp
 .text          0x1003b6d8     0x12c4 /home/leon/riotboard/arm-2012.09/bin/../arm-none-eabi/lib//libc.a(lib_a-vfiprintf.o)
                0x1003b6d8                __sprint_r
                0x1003b794                _vfiprintf_r
                0x1003c970                vfiprintf
 .text          0x1003c99c     0x2180 /home/leon/riotboard/arm-2012.09/bin/../arm-none-eabi/lib//libc.a(lib_a-vfprintf.o)
                0x1003c99c                _vfprintf_r
                0x1003eaf0                vfprintf
 .text          0x1003eb1c       0x4c /home/leon/riotboard/arm-2012.09/bin/../arm-none-eabi/lib//libc.a(lib_a-vprintf.o)
                0x1003eb1c                vprintf
                0x1003eb48                _vprintf_r
 .text          0x1003eb68      0x14c /home/leon/riotboard/arm-2012.09/bin/../arm-none-eabi/lib//libc.a(lib_a-wbuf.o)
                0x1003eb68                __swbuf_r
                0x1003ec98                __swbuf
 .text          0x1003ecb4       0x44 /home/leon/riotboard/arm-2012.09/bin/../arm-none-eabi/lib//libc.a(lib_a-writer.o)
                0x1003ecb4                _write_r
 .text          0x1003ecf8      0x138 /home/leon/riotboard/arm-2012.09/bin/../arm-none-eabi/lib//libc.a(lib_a-wsetup.o)
                0x1003ecf8                __swsetup_r
 .text          0x1003ee30       0x3c /home/leon/riotboard/arm-2012.09/bin/../arm-none-eabi/lib//libc.a(lib_a-closer.o)
                0x1003ee30                _close_r
 *fill*         0x1003ee6c        0x4 
 .text          0x1003ee70     0x18a8 /home/leon/riotboard/arm-2012.09/bin/../arm-none-eabi/lib//libc.a(lib_a-dtoa.o)
                0x1003f050                _dtoa_r
 .text          0x10040718      0x10c /home/leon/riotboard/arm-2012.09/bin/../arm-none-eabi/lib//libc.a(lib_a-fclose.o)
                0x10040718                _fclose_r
                0x10040810                fclose
 .text          0x10040824      0x19c /home/leon/riotboard/arm-2012.09/bin/../arm-none-eabi/lib//libc.a(lib_a-fputwc.o)
                0x10040824                _fputwc_r
                0x10040974                fputwc
 .text          0x100409c0      0x4c4 /home/leon/riotboard/arm-2012.09/bin/../arm-none-eabi/lib//libc.a(lib_a-fvwrite.o)
                0x100409c0                __sfvwrite_r
 .text          0x10040e84       0xd0 /home/leon/riotboard/arm-2012.09/bin/../arm-none-eabi/lib//libc.a(lib_a-locale.o)
                0x10040e84                _setlocale_r
                0x10040ef0                __locale_charset
                0x10040efc                __locale_mb_cur_max
                0x10040f0c                __locale_msgcharset
                0x10040f18                __locale_cjk_lang
                0x10040f20                _localeconv_r
                0x10040f2c                setlocale
                0x10040f48                localeconv
 .text          0x10040f54       0x44 /home/leon/riotboard/arm-2012.09/bin/../arm-none-eabi/lib//libc.a(lib_a-lseekr.o)
                0x10040f54                _lseek_r
 .text          0x10040f98      0x15c /home/leon/riotboard/arm-2012.09/bin/../arm-none-eabi/lib//libc.a(lib_a-makebuf.o)
                0x10040f98                __smakebuf_r
 .text          0x100410f4      0x11c /home/leon/riotboard/arm-2012.09/bin/../arm-none-eabi/lib//libc.a(lib_a-memchr.o)
                0x100410f4                memchr
 .text          0x10041210      0x134 /home/leon/riotboard/arm-2012.09/bin/../arm-none-eabi/lib//libc.a(lib_a-memmove.o)
                0x10041210                memmove
 .text          0x10041344      0xd20 /home/leon/riotboard/arm-2012.09/bin/../arm-none-eabi/lib//libc.a(lib_a-mprec.o)
                0x10041344                _Balloc
                0x100413d0                _Bfree
                0x100413ec                __multadd
                0x100414c8                __s2b
                0x100415b8                __hi0bits
                0x10041608                __lo0bits
                0x1004169c                __i2b
                0x100416c0                __multiply
                0x100418a4                __pow5mult
                0x10041998                __lshift
                0x10041a9c                __mcmp
                0x10041b00                __mdiff
                0x10041c4c                __ulp
                0x10041cb0                __b2d
                0x10041d7c                __d2b
                0x10041e84                __ratio
                0x10041f14                _mprec_log10
                0x10041f68                __copybits
                0x10041fdc                __any_on
 .text          0x10042064       0x44 /home/leon/riotboard/arm-2012.09/bin/../arm-none-eabi/lib//libc.a(lib_a-readr.o)
                0x10042064                _read_r
 .text          0x100420a8      0x19c /home/leon/riotboard/arm-2012.09/bin/../arm-none-eabi/lib//libc.a(lib_a-reent.o)
                0x100420a8                cleanup_glue
                0x100420d4                _reclaim_reent
                0x100421d0                _wrapup_reent
 .text          0x10042244      0x1cc /home/leon/riotboard/arm-2012.09/bin/../arm-none-eabi/lib//libc.a(lib_a-refill.o)
                0x1004226c                __srefill_r
 .text          0x10042410       0x6c /home/leon/riotboard/arm-2012.09/bin/../arm-none-eabi/lib//libc.a(lib_a-s_fpclassify.o)
                0x10042410                __fpclassifyd
 .text          0x1004247c      0x134 /home/leon/riotboard/arm-2012.09/bin/../arm-none-eabi/lib//libc.a(lib_a-wcrtomb.o)
                0x1004247c                _wcrtomb_r
                0x1004250c                wcrtomb
 .text          0x100425b0       0x7c /home/leon/riotboard/arm-2012.09/bin/../arm-none-eabi/lib//libc.a(lib_a-wctomb_r.o)
                0x100425b0                __ascii_wctomb
                0x100425dc                _wctomb_r
 .text          0x1004262c       0x94 /home/leon/riotboard/arm-2012.09/bin/../arm-none-eabi/lib//libc.a(lib_a-callocr.o)
                0x1004262c                _calloc_r
 .text          0x100426c0       0x40 /home/leon/riotboard/arm-2012.09/bin/../arm-none-eabi/lib//libc.a(lib_a-fstatr.o)
                0x100426c0                _fstat_r
 .text          0x10042700       0x3c /home/leon/riotboard/arm-2012.09/bin/../arm-none-eabi/lib//libc.a(lib_a-isattyr.o)
                0x10042700                _isatty_r
 .text          0x1004273c      0x114 /home/leon/riotboard/arm-2012.09/bin/../lib/gcc/arm-none-eabi/4.7.2//libgcc.a(_udivsi3.o)
                0x1004273c                __udivsi3
                0x1004273c                __aeabi_uidiv
                0x10042830                __aeabi_uidivmod
 .text          0x10042850      0x148 /home/leon/riotboard/arm-2012.09/bin/../lib/gcc/arm-none-eabi/4.7.2//libgcc.a(_divsi3.o)
                0x10042850                __aeabi_idiv
                0x10042850                __divsi3
                0x10042978                __aeabi_idivmod
 .text          0x10042998        0x4 /home/leon/riotboard/arm-2012.09/bin/../lib/gcc/arm-none-eabi/4.7.2//libgcc.a(_dvmd_tls.o)
                0x10042998                __aeabi_ldiv0
                0x10042998                __aeabi_idiv0
 .text          0x1004299c      0x41c /home/leon/riotboard/arm-2012.09/bin/../lib/gcc/arm-none-eabi/4.7.2//libgcc.a(_arm_addsubdf3.o)
                0x1004299c                __aeabi_drsub
                0x100429a4                __aeabi_dsub
                0x100429a4                __subdf3
                0x100429a8                __adddf3
                0x100429a8                __aeabi_dadd
                0x10042cb8                __aeabi_ui2d
                0x10042cb8                __floatunsidf
                0x10042cdc                __floatsidf
                0x10042cdc                __aeabi_i2d
                0x10042d04                __extendsfdf2
                0x10042d04                __aeabi_f2d
                0x10042d44                __aeabi_ul2d
                0x10042d44                __floatundidf
                0x10042d58                __floatdidf
                0x10042d58                __aeabi_l2d
 .text          0x10042db8      0x49c /home/leon/riotboard/arm-2012.09/bin/../lib/gcc/arm-none-eabi/4.7.2//libgcc.a(_arm_muldivdf3.o)
                0x10042db8                __aeabi_dmul
                0x10042db8                __muldf3
                0x10043048                __aeabi_ddiv
                0x10043048                __divdf3
 .text          0x10043254      0x144 /home/leon/riotboard/arm-2012.09/bin/../lib/gcc/arm-none-eabi/4.7.2//libgcc.a(_arm_cmpdf2.o)
                0x10043254                __gtdf2
                0x10043254                __gedf2
                0x1004325c                __ltdf2
                0x1004325c                __ledf2
                0x10043264                __cmpdf2
                0x10043264                __eqdf2
                0x10043264                __nedf2
                0x100432ec                __aeabi_cdrcmple
                0x10043308                __aeabi_cdcmple
                0x10043308                __aeabi_cdcmpeq
                0x10043320                __aeabi_dcmpeq
                0x10043338                __aeabi_dcmplt
                0x10043350                __aeabi_dcmple
                0x10043368                __aeabi_dcmpge
                0x10043380                __aeabi_dcmpgt
 .text          0x10043398       0x5c /home/leon/riotboard/arm-2012.09/bin/../lib/gcc/arm-none-eabi/4.7.2//libgcc.a(_arm_fixdfsi.o)
                0x10043398                __fixdfsi
                0x10043398                __aeabi_d2iz
 .text          0x100433f4       0x3c /home/leon/riotboard/arm-2012.09/bin/../lib/gcc/arm-none-eabi/4.7.2//libgcc.a(_aeabi_uldivmod.o)
                0x100433f4                __aeabi_uldivmod
 .text          0x10043430       0x84 /home/leon/riotboard/arm-2012.09/bin/../lib/gcc/arm-none-eabi/4.7.2//libgcc.a(bpabi.o)
                0x10043430                __gnu_ldivmod_helper
                0x10043474                __gnu_uldivmod_helper
 .text          0x100434b4      0x4f0 /home/leon/riotboard/arm-2012.09/bin/../lib/gcc/arm-none-eabi/4.7.2//libgcc.a(_divdi3.o)
                0x100434b4                __divdi3
 .text          0x100439a4      0x488 /home/leon/riotboard/arm-2012.09/bin/../lib/gcc/arm-none-eabi/4.7.2//libgcc.a(_udivdi3.o)
                0x100439a4                __udivdi3
 .text          0x10043e2c       0x48 /home/leon/riotboard/arm-2012.09/bin/../lib/gcc/arm-none-eabi/4.7.2//libgcc.a(_clzsi2.o)
                0x10043e2c                __clzsi2
 .text          0x10043e74      0x264 /home/leon/git/swp-report/iMX6_Platform_SDK/output/mx6dq/lib/libsdk.a(max7310.o)
                0x10043e74                max7310_reg_read
                0x10043ed8                max7310_reg_write
                0x10043f44                max7310_init
                0x10044024                max7310_set_gpio_output
 .text          0x100440d8      0x610 /home/leon/git/swp-report/iMX6_Platform_SDK/output/mx6dq/lib/libsdk.a(runtime_support.o)
                0x100440d8                _execve
                0x10044114                _fork
                0x1004413c                _isatty
                0x10044160                _open
                0x1004418c                _close
                0x100441b0                _lseek
                0x100441dc                _fstat
                0x10044210                _read
                0x100442e0                _write
                0x100443cc                _raw_puts
                0x1004444c                _sbrk
                0x100444fc                _exit
                0x1004451c                _kill
                0x10044554                _getpid
                0x1004456c                _link
                0x100445a4                _unlink
                0x100445d8                _stat
                0x1004460c                _times
                0x10044630                _gettimeofday
                0x100446b4                _wait
 .text          0x100446e8     0x1308 /home/leon/git/swp-report/iMX6_Platform_SDK/output/mx6dq/lib/libsdk.a(gpio.o)
                0x10044718                gpio_get_port_count
                0x10044730                gpio_set_gpio
                0x100447f4                gpio_set_direction
                0x10044a50                gpio_get_direction
                0x10044b98                gpio_set_level
                0x10044ed8                gpio_get_level
                0x10045038                gpio_set_interrupt_config
                0x1004543c                gpio_set_interrupt_mask
                0x10045680                gpio_get_interrupt_status
                0x100457dc                gpio_clear_interrupt
 .text          0x100459f0        0x0 /home/leon/git/swp-report/iMX6_Platform_SDK/output/mx6dq/lib/libsdk.a(imx6dq_gpio_map.o)
 .text          0x100459f0     0x14bc /home/leon/git/swp-report/iMX6_Platform_SDK/output/mx6dq/lib/libsdk.a(imx_i2c.o)
                0x10045a20                i2c_get_request_instance
                0x10046370                i2c_xfer
                0x100469cc                i2c_read
                0x100469fc                i2c_write
                0x10046a2c                i2c_setup_interrupt
                0x10046c38                i2c_init
 .text          0x10046eac       0x88 /home/leon/git/swp-report/iMX6_Platform_SDK/output/mx6dq/lib/libboard_sabre_ai_rev_c.a(board_network.o)
                0x10046eac                imx_ar8031_iomux
                0x10046ec0                imx_KSZ9021RN_reset
                0x10046ed0                imx_ar8031_reset
                0x10046ee0                imx_enet_iomux
                0x10046f20                imx_enet_phy_reset
 .text          0x10046f34       0x74 /home/leon/git/swp-report/iMX6_Platform_SDK/output/mx6dq/lib/libboard_sabre_ai_rev_c.a(i2c_iomux_config.o)
                0x10046f34                i2c_iomux_config
 *(.glue_7t)
 .glue_7t       0x00000000        0x0 linker stubs
 *(.glue_7)
 .glue_7        0x00000000        0x0 linker stubs
 *(.vfp11_veneer)
 .vfp11_veneer  0x00000000        0x0 linker stubs
 *(.ARM.extab* .gnu.linkonce.armextab.*)
 .ARM.extab.startup
                0x10046fa8        0x0 /home/leon/git/swp-report/iMX6_Platform_SDK/output/mx6dq/lib/libsdk.a(startup.o)
 .ARM.extab     0x10046fa8        0x0 /home/leon/riotboard/arm-2012.09/bin/../lib/gcc/arm-none-eabi/4.7.2//libgcc.a(_divdi3.o)
 .ARM.extab     0x10046fa8        0x0 /home/leon/riotboard/arm-2012.09/bin/../lib/gcc/arm-none-eabi/4.7.2//libgcc.a(_udivdi3.o)
 *(.gcc_except_table)

.v4_bx          0x10046fa8        0x0
 .v4_bx         0x00000000        0x0 linker stubs

.iplt           0x10046fa8        0x0
 .iplt          0x00000000        0x0 /home/leon/riotboard/arm-2012.09/bin/../lib/gcc/arm-none-eabi/4.7.2//crtbegin.o

.ctors
 *crtbegin.o(.ctors)
 *crtbegin?.o(.ctors)
 *(EXCLUDE_FILE(*crtend?.o *crtend.o) .ctors)
 *(SORT(.ctors.*))
 *(.ctors)

.dtors
 *crtbegin.o(.dtors)
 *crtbegin?.o(.dtors)
 *(EXCLUDE_FILE(*crtend?.o *crtend.o) .dtors)
 *(SORT(.dtors.*))
 *(.dtors)

.rodata         0x10046fa8     0x5c38
 *(.rodata .rodata.* .gnu.linkonce.r.*)
 .rodata        0x10046fa8       0x88 /home/leon/git/swp-report/iMX6_Platform_SDK/output/mx6dq/httpd/sabre_ai_rev_c/obj/apps/httpd/src/httpd_main.o
                0x10046fa8                kMACAddress
 .rodata        0x10047030      0xda0 /home/leon/git/swp-report/iMX6_Platform_SDK/output/mx6dq/httpd/sabre_ai_rev_c/obj/lwip/contrib/apps/httpserver_raw/fs.o
                0x10047d94                file__img_sics_gif
                0x10047da8                file__404_html
                0x10047dbc                file__index_html
 .rodata        0x10047dd0      0x2d4 /home/leon/git/swp-report/iMX6_Platform_SDK/output/mx6dq/httpd/sabre_ai_rev_c/obj/lwip/contrib/apps/httpserver_raw/httpd.o
                0x10047e10                g_psDefaultFilenames
 .rodata        0x100480a4       0x34 /home/leon/git/swp-report/iMX6_Platform_SDK/output/mx6dq/lib/libsdk.a(ccm_pll.o)
                0x100480a4                PLL1_OUTPUT
                0x100480a8                PLL2_OUTPUT
                0x100480bc                PLL3_OUTPUT
                0x100480d0                PLL4_OUTPUT
                0x100480d4                PLL5_OUTPUT
 .rodata        0x100480d8       0x64 /home/leon/git/swp-report/iMX6_Platform_SDK/output/mx6dq/lib/libsdk.a(gic.o)
 .rodata        0x1004813c       0xcc /home/leon/git/swp-report/iMX6_Platform_SDK/output/mx6dq/lib/libsdk.a(system_util.o)
 .rodata        0x10048208       0xf4 /home/leon/git/swp-report/iMX6_Platform_SDK/output/mx6dq/lib/libsdk.a(text_color.o)
                0x10048210                g_TextAttributeDefault
                0x1004821c                g_TextAttributeBold
                0x10048228                g_TextAttributeDim
                0x10048234                g_TextAttributeUnderline
                0x10048240                g_TextAttributeBlink
                0x1004824c                g_TextAttributeReverse
                0x10048258                g_TextAttributeHidden
                0x10048264                g_TextColorBlack
                0x10048270                g_TextColorRed
                0x1004827c                g_TextColorGreen
                0x10048288                g_TextColorYellow
                0x10048294                g_TextColorBlue
                0x100482a0                g_TextColorMagenta
                0x100482ac                g_TextColorCyan
                0x100482b8                g_TextColorWhite
                0x100482c8                g_TextColorOrange
                0x100482d8                g_TextColorLightBlue
                0x100482e8                g_TextColorGray
                0x100482f8                g_TextColorPurple
 .rodata        0x100482fc      0x1c4 /home/leon/git/swp-report/iMX6_Platform_SDK/output/mx6dq/lib/libsdk.a(enet_drv.o)
 .rodata        0x100484c0       0x20 /home/leon/git/swp-report/iMX6_Platform_SDK/output/mx6dq/lib/libsdk.a(interrupt.o)
 .rodata        0x100484e0      0x230 /home/leon/git/swp-report/iMX6_Platform_SDK/output/mx6dq/lib/libsdk.a(abort_handler.o)
 .rodata        0x10048710       0x80 /home/leon/git/swp-report/iMX6_Platform_SDK/output/mx6dq/lib/libboard_sabre_ai_rev_c.a(uart_iomux_config.o)
 .rodata        0x10048790      0xa88 /home/leon/git/swp-report/iMX6_Platform_SDK/output/mx6dq/lib/liblwip.a(dhcp.o)
 .rodata        0x10049218      0x114 /home/leon/git/swp-report/iMX6_Platform_SDK/output/mx6dq/lib/liblwip.a(dns.o)
 .rodata        0x1004932c      0x32c /home/leon/git/swp-report/iMX6_Platform_SDK/output/mx6dq/lib/liblwip.a(autoip.o)
 .rodata        0x10049658      0x18c /home/leon/git/swp-report/iMX6_Platform_SDK/output/mx6dq/lib/liblwip.a(igmp.o)
 .rodata        0x100497e4       0xb0 /home/leon/git/swp-report/iMX6_Platform_SDK/output/mx6dq/lib/liblwip.a(ip4.o)
 .rodata        0x10049894       0x8c /home/leon/git/swp-report/iMX6_Platform_SDK/output/mx6dq/lib/liblwip.a(ip4_addr.o)
                0x10049894                ip_addr_any
                0x10049898                ip_addr_broadcast
 .rodata        0x10049920       0x1c /home/leon/git/swp-report/iMX6_Platform_SDK/output/mx6dq/lib/liblwip.a(memp.o)
                0x10049920                memp_sizes
 .rodata        0x1004993c      0x10c /home/leon/git/swp-report/iMX6_Platform_SDK/output/mx6dq/lib/liblwip.a(netif.o)
 .rodata        0x10049a48      0x4a8 /home/leon/git/swp-report/iMX6_Platform_SDK/output/mx6dq/lib/liblwip.a(pbuf.o)
 .rodata        0x10049ef0       0x98 /home/leon/git/swp-report/iMX6_Platform_SDK/output/mx6dq/lib/liblwip.a(raw.o)
 .rodata        0x10049f88      0x9cc /home/leon/git/swp-report/iMX6_Platform_SDK/output/mx6dq/lib/liblwip.a(mib2.o)
                0x10049f88                snmp_scalar
                0x10049f9c                snmp_ids
                0x1004a00c                snmp_nodes
                0x1004a07c                snmp
                0x1004a098                udpentry_ids
                0x1004a0a0                udpentry_nodes
                0x1004a0a8                udpentry
                0x1004a0c4                udp_scalar
                0x1004a0d8                udp_ids
                0x1004a0ec                udp_nodes
                0x1004a100                udp
                0x1004a11c                tcpconnentry_ids
                0x1004a130                tcpconnentry_nodes
                0x1004a144                tcpconnentry
                0x1004a160                tcp_scalar
                0x1004a174                tcp_ids
                0x1004a1b0                tcp_nodes
                0x1004a1ec                tcp
                0x1004a208                icmp_scalar
                0x1004a21c                icmp_ids
                0x1004a284                icmp_nodes
                0x1004a2ec                icmp
                0x1004a308                ipntomentry_ids
                0x1004a318                ipntomentry_nodes
                0x1004a328                ipntomentry
                0x1004a344                iprteentry_ids
                0x1004a378                iprteentry_nodes
                0x1004a3ac                iprteentry
                0x1004a3c8                ipaddrentry_ids
                0x1004a3dc                ipaddrentry_nodes
                0x1004a3f0                ipaddrentry
                0x1004a40c                ip_scalar
                0x1004a420                ip_ids
                0x1004a47c                ip_nodes
                0x1004a4d8                mib2_ip
                0x1004a4f4                atentry_ids
                0x1004a500                atentry_nodes
                0x1004a50c                atentry
                0x1004a528                attable_id
                0x1004a52c                attable_node
                0x1004a530                attable
                0x1004a54c                ifentry_ids
                0x1004a5a4                ifentry_nodes
                0x1004a5fc                ifentry
                0x1004a618                interfaces_scalar
                0x1004a62c                interfaces_ids
                0x1004a634                interfaces_nodes
                0x1004a63c                interfaces
                0x1004a658                sys_tem_scalar
                0x1004a66c                sys_tem_ids
                0x1004a688                sys_tem_nodes
                0x1004a6a4                sys_tem
                0x1004a6c0                mib2_ids
                0x1004a6e0                mib2_nodes
                0x1004a700                mib2
                0x1004a71c                mgmt_ids
                0x1004a720                mgmt_nodes
                0x1004a724                mgmt
                0x1004a740                internet_ids
                0x1004a744                internet_nodes
                0x1004a748                internet
 .rodata        0x1004a954       0xe0 /home/leon/git/swp-report/iMX6_Platform_SDK/output/mx6dq/lib/liblwip.a(mib_structs.o)
                0x1004a954                prefix
 .rodata        0x1004aa34       0xf0 /home/leon/git/swp-report/iMX6_Platform_SDK/output/mx6dq/lib/liblwip.a(msg_in.o)
                0x1004aa34                snmp_version
                0x1004aa38                snmp_publiccommunity
 .rodata        0x1004ab24      0x324 /home/leon/git/swp-report/iMX6_Platform_SDK/output/mx6dq/lib/liblwip.a(stats.o)
 .rodata        0x1004ae48      0x530 /home/leon/git/swp-report/iMX6_Platform_SDK/output/mx6dq/lib/liblwip.a(tcp.o)
                0x1004aec0                tcp_state_str
                0x1004aeec                tcp_backoff
                0x1004aefc                tcp_persist_backoff
                0x1004af04                tcp_pcb_lists
 .rodata        0x1004b378      0x340 /home/leon/git/swp-report/iMX6_Platform_SDK/output/mx6dq/lib/liblwip.a(tcp_in.o)
 .rodata        0x1004b6b8      0x424 /home/leon/git/swp-report/iMX6_Platform_SDK/output/mx6dq/lib/liblwip.a(tcp_out.o)
 .rodata        0x1004badc       0xb0 /home/leon/git/swp-report/iMX6_Platform_SDK/output/mx6dq/lib/liblwip.a(timers.o)
 .rodata        0x1004bb8c       0xc0 /home/leon/git/swp-report/iMX6_Platform_SDK/output/mx6dq/lib/liblwip.a(udp.o)
 .rodata        0x1004bc4c      0x2c4 /home/leon/git/swp-report/iMX6_Platform_SDK/output/mx6dq/lib/liblwip.a(etharp.o)
                0x1004bc4c                ethbroadcast
                0x1004bc54                ethzero
 .rodata        0x1004bf10       0xb8 /home/leon/git/swp-report/iMX6_Platform_SDK/output/mx6dq/lib/liblwip.a(mx6_ethernetif.o)
 .rodata        0x1004bfc8       0x84 /home/leon/git/swp-report/iMX6_Platform_SDK/output/mx6dq/lib/liblwip.a(inet_chksum.o)
 .rodata        0x1004c04c      0x18c /home/leon/git/swp-report/iMX6_Platform_SDK/output/mx6dq/lib/liblwip.a(icmp.o)
 .rodata.str1.4
                0x1004c1d8       0x3f /home/leon/riotboard/arm-2012.09/bin/../arm-none-eabi/lib//libc.a(lib_a-assert.o)
                                 0x44 (size before relaxing)
 *fill*         0x1004c217        0x1 
 .rodata        0x1004c218        0x4 /home/leon/riotboard/arm-2012.09/bin/../arm-none-eabi/lib//libc.a(lib_a-impure.o)
                0x1004c218                _global_impure_ptr
 .rodata.str1.4
                0x1004c21c        0x2 /home/leon/riotboard/arm-2012.09/bin/../arm-none-eabi/lib//libc.a(lib_a-impure.o)
                                  0x4 (size before relaxing)
 *fill*         0x1004c21e        0x2 
 .rodata        0x1004c220       0x20 /home/leon/riotboard/arm-2012.09/bin/../arm-none-eabi/lib//libc.a(lib_a-vfiprintf.o)
 .rodata.str1.4
                0x1004c240       0x2f /home/leon/riotboard/arm-2012.09/bin/../arm-none-eabi/lib//libc.a(lib_a-vfiprintf.o)
                                 0x30 (size before relaxing)
 *fill*         0x1004c26f        0x1 
 .rodata        0x1004c270       0x20 /home/leon/riotboard/arm-2012.09/bin/../arm-none-eabi/lib//libc.a(lib_a-vfprintf.o)
 .rodata.str1.4
                0x1004c290       0x12 /home/leon/riotboard/arm-2012.09/bin/../arm-none-eabi/lib//libc.a(lib_a-vfprintf.o)
                                 0x44 (size before relaxing)
 *fill*         0x1004c2a2        0x2 
 .rodata.str1.4
                0x1004c2a4       0x10 /home/leon/riotboard/arm-2012.09/bin/../arm-none-eabi/lib//libc.a(lib_a-dtoa.o)
                                 0x14 (size before relaxing)
 .rodata.str1.4
                0x1004c2b4        0xc /home/leon/riotboard/arm-2012.09/bin/../arm-none-eabi/lib//libc.a(lib_a-locale.o)
                                 0x14 (size before relaxing)
 .rodata        0x1004c2c0      0x128 /home/leon/riotboard/arm-2012.09/bin/../arm-none-eabi/lib//libc.a(lib_a-mprec.o)
                0x1004c2d0                __mprec_tens
                0x1004c398                __mprec_tinytens
                0x1004c3c0                __mprec_bigtens
 .rodata        0x1004c3e8       0x20 /home/leon/git/swp-report/iMX6_Platform_SDK/output/mx6dq/lib/libsdk.a(runtime_support.o)
 .rodata        0x1004c408       0xe0 /home/leon/git/swp-report/iMX6_Platform_SDK/output/mx6dq/lib/libsdk.a(gpio.o)
 .rodata        0x1004c4e8      0x380 /home/leon/git/swp-report/iMX6_Platform_SDK/output/mx6dq/lib/libsdk.a(imx6dq_gpio_map.o)
                0x1004c4e8                k_gpio_mux_registers
 .rodata        0x1004c868      0x2c4 /home/leon/git/swp-report/iMX6_Platform_SDK/output/mx6dq/lib/libsdk.a(imx_i2c.o)
 .rodata        0x1004cb2c       0x7c /home/leon/git/swp-report/iMX6_Platform_SDK/output/mx6dq/lib/libboard_sabre_ai_rev_c.a(i2c_iomux_config.o)
                0x1004cba8                . = ALIGN (0x4)
 *(.init)
 .init          0x1004cba8        0xc /home/leon/riotboard/arm-2012.09/bin/../lib/gcc/arm-none-eabi/4.7.2//crti.o
                0x1004cba8                _init
 .init          0x1004cbb4        0xc /home/leon/riotboard/arm-2012.09/bin/../lib/gcc/arm-none-eabi/4.7.2//crtn.o
                0x1004cbc0                . = ALIGN (0x4)
                0x1004cbc0                __init_array_start = .
 *(SORT(.init_array.*))
 *(.init_array)
 .init_array    0x1004cbc0        0x4 /home/leon/riotboard/arm-2012.09/bin/../lib/gcc/arm-none-eabi/4.7.2//crtbegin.o
                0x1004cbc4                __init_array_end = .
                0x1004cbc4                . = ALIGN (0x4)
 *(.fini)
 .fini          0x1004cbc4        0xc /home/leon/riotboard/arm-2012.09/bin/../lib/gcc/arm-none-eabi/4.7.2//crti.o
                0x1004cbc4                _fini
 .fini          0x1004cbd0        0xc /home/leon/riotboard/arm-2012.09/bin/../lib/gcc/arm-none-eabi/4.7.2//crtn.o
                0x1004cbdc                . = ALIGN (0x4)
                0x1004cbdc                __fini_array_start = .
 *(.fini_array)
 .fini_array    0x1004cbdc        0x4 /home/leon/riotboard/arm-2012.09/bin/../lib/gcc/arm-none-eabi/4.7.2//crtbegin.o
 *(SORT(.fini_array.*))
                0x1004cbe0                __fini_array_end = .
                0x1004cbe0                PROVIDE (__exidx_start, .)

.eh_frame       0x1004cbe0        0x4
 .eh_frame      0x1004cbe0        0x0 /home/leon/riotboard/arm-2012.09/bin/../lib/gcc/arm-none-eabi/4.7.2//crtbegin.o
 .eh_frame      0x1004cbe0        0x4 /home/leon/riotboard/arm-2012.09/bin/../lib/gcc/arm-none-eabi/4.7.2//crtend.o

.ARM.exidx      0x1004cbe4        0x8
 *(.ARM.exidx* .gnu.linkonce.armexidx.*)
 .ARM.exidx.startup
                0x1004cbe4        0x8 /home/leon/git/swp-report/iMX6_Platform_SDK/output/mx6dq/lib/libsdk.a(startup.o)
 .ARM.exidx     0x1004cbec        0x0 /home/leon/riotboard/arm-2012.09/bin/../lib/gcc/arm-none-eabi/4.7.2//libgcc.a(_divdi3.o)
                                  0x8 (size before relaxing)
 .ARM.exidx     0x1004cbec        0x0 /home/leon/riotboard/arm-2012.09/bin/../lib/gcc/arm-none-eabi/4.7.2//libgcc.a(_udivdi3.o)
                                  0x8 (size before relaxing)
                0x1004cbec                PROVIDE (__exidx_end, .)

.rel.dyn        0x1004cbec        0x0
 .rel.iplt      0x00000000        0x0 /home/leon/riotboard/arm-2012.09/bin/../lib/gcc/arm-none-eabi/4.7.2//crtbegin.o

.data           0x1004cbf0      0xbfc
 *(.data .data.* .gnu.linkonce.d.*)
 .data          0x1004cbf0        0x4 /home/leon/riotboard/arm-2012.09/bin/../lib/gcc/arm-none-eabi/4.7.2//crtbegin.o
                0x1004cbf0                __dso_handle
 .data          0x1004cbf4        0x0 /home/leon/riotboard/arm-2012.09/bin/../lib/gcc/arm-none-eabi/4.7.2//crti.o
 .data          0x1004cbf4        0x0 /home/leon/riotboard/arm-2012.09/bin/../lib/gcc/arm-none-eabi/4.7.2//crtend.o
 .data          0x1004cbf4        0x0 /home/leon/riotboard/arm-2012.09/bin/../lib/gcc/arm-none-eabi/4.7.2//crtn.o
 .data          0x1004cbf4        0x0 /home/leon/git/swp-report/iMX6_Platform_SDK/output/mx6dq/httpd/sabre_ai_rev_c/obj/apps/common/ivt.o
 .data          0x1004cbf4        0x0 /home/leon/git/swp-report/iMX6_Platform_SDK/output/mx6dq/httpd/sabre_ai_rev_c/obj/apps/common/platform_init.o
 .data          0x1004cbf4        0x0 /home/leon/git/swp-report/iMX6_Platform_SDK/output/mx6dq/httpd/sabre_ai_rev_c/obj/apps/httpd/src/httpd_main.o
 .data          0x1004cbf4        0x0 /home/leon/git/swp-report/iMX6_Platform_SDK/output/mx6dq/httpd/sabre_ai_rev_c/obj/lwip/contrib/apps/httpserver_raw/fs.o
 .data          0x1004cbf4        0x0 /home/leon/git/swp-report/iMX6_Platform_SDK/output/mx6dq/httpd/sabre_ai_rev_c/obj/lwip/contrib/apps/httpserver_raw/httpd.o
 .data          0x1004cbf4        0x0 /home/leon/git/swp-report/iMX6_Platform_SDK/output/mx6dq/lib/libsdk.a(ccm_pll.o)
 .data          0x1004cbf4        0x0 /home/leon/git/swp-report/iMX6_Platform_SDK/output/mx6dq/lib/libsdk.a(cortexA9.o)
 .data          0x1004cbf4        0x0 /home/leon/git/swp-report/iMX6_Platform_SDK/output/mx6dq/lib/libsdk.a(gic.o)
 .data          0x1004cbf4        0x0 /home/leon/git/swp-report/iMX6_Platform_SDK/output/mx6dq/lib/libsdk.a(mmu.o)
 .data          0x1004cbf4        0x0 /home/leon/git/swp-report/iMX6_Platform_SDK/output/mx6dq/lib/libsdk.a(startup.o)
 .data          0x1004cbf4        0x0 /home/leon/git/swp-report/iMX6_Platform_SDK/output/mx6dq/lib/libsdk.a(vectors.o)
 .data          0x1004cbf4        0x0 /home/leon/git/swp-report/iMX6_Platform_SDK/output/mx6dq/lib/libsdk.a(system_util.o)
 .data          0x1004cbf4        0x4 /home/leon/git/swp-report/iMX6_Platform_SDK/output/mx6dq/lib/libsdk.a(text_color.o)
                0x1004cbf4                is_color_supported
 .data          0x1004cbf8        0x0 /home/leon/git/swp-report/iMX6_Platform_SDK/output/mx6dq/lib/libsdk.a(enet_drv.o)
 .data          0x1004cbf8        0x0 /home/leon/git/swp-report/iMX6_Platform_SDK/output/mx6dq/lib/libsdk.a(timer.o)
 .data          0x1004cbf8        0x0 /home/leon/git/swp-report/iMX6_Platform_SDK/output/mx6dq/lib/libsdk.a(imx_uart.o)
 .data          0x1004cbf8        0x4 /home/leon/git/swp-report/iMX6_Platform_SDK/output/mx6dq/lib/libsdk.a(arm_abort.o)
 .data          0x1004cbfc        0x0 /home/leon/git/swp-report/iMX6_Platform_SDK/output/mx6dq/lib/libsdk.a(interrupt.o)
 .data          0x1004cbfc        0x0 /home/leon/git/swp-report/iMX6_Platform_SDK/output/mx6dq/lib/libsdk.a(epit.o)
 .data          0x1004cbfc        0x0 /home/leon/git/swp-report/iMX6_Platform_SDK/output/mx6dq/lib/libsdk.a(abort_handler.o)
 .data          0x1004cbfc        0x0 /home/leon/git/swp-report/iMX6_Platform_SDK/output/mx6dq/lib/libboard_sabre_ai_rev_c.a(board_io_expanders.o)
 .data          0x1004cbfc        0x8 /home/leon/git/swp-report/iMX6_Platform_SDK/output/mx6dq/lib/libboard_sabre_ai_rev_c.a(hardware_modules.o)
                0x1004cbfc                g_debug_uart_port
                0x1004cc00                g_system_timer_port
 .data          0x1004cc04        0x0 /home/leon/git/swp-report/iMX6_Platform_SDK/output/mx6dq/lib/libboard_sabre_ai_rev_c.a(dcd.o)
 .data          0x1004cc04        0x0 /home/leon/git/swp-report/iMX6_Platform_SDK/output/mx6dq/lib/libboard_sabre_ai_rev_c.a(i2c3_iomux_config.o)
 .data          0x1004cc04        0x0 /home/leon/git/swp-report/iMX6_Platform_SDK/output/mx6dq/lib/libboard_sabre_ai_rev_c.a(uart_iomux_config.o)
 .data          0x1004cc04        0x0 /home/leon/git/swp-report/iMX6_Platform_SDK/output/mx6dq/lib/libboard_sabre_ai_rev_c.a(iomux_config.o)
 .data          0x1004cc04        0x0 /home/leon/git/swp-report/iMX6_Platform_SDK/output/mx6dq/lib/libboard_sabre_ai_rev_c.a(ipu1_iomux_config.o)
 .data          0x1004cc04        0x0 /home/leon/git/swp-report/iMX6_Platform_SDK/output/mx6dq/lib/libboard_sabre_ai_rev_c.a(mlb_iomux_config.o)
 .data          0x1004cc04        0x0 /home/leon/git/swp-report/iMX6_Platform_SDK/output/mx6dq/lib/libboard_sabre_ai_rev_c.a(mmdc_iomux_config.o)
 .data          0x1004cc04        0x0 /home/leon/git/swp-report/iMX6_Platform_SDK/output/mx6dq/lib/libboard_sabre_ai_rev_c.a(pwm3_iomux_config.o)
 .data          0x1004cc04        0x0 /home/leon/git/swp-report/iMX6_Platform_SDK/output/mx6dq/lib/libboard_sabre_ai_rev_c.a(pwm4_iomux_config.o)
 .data          0x1004cc04        0x0 /home/leon/git/swp-report/iMX6_Platform_SDK/output/mx6dq/lib/libboard_sabre_ai_rev_c.a(sjc_iomux_config.o)
 .data          0x1004cc04        0x0 /home/leon/git/swp-report/iMX6_Platform_SDK/output/mx6dq/lib/libboard_sabre_ai_rev_c.a(spdif_iomux_config.o)
 .data          0x1004cc04        0x0 /home/leon/git/swp-report/iMX6_Platform_SDK/output/mx6dq/lib/libboard_sabre_ai_rev_c.a(uart2_iomux_config.o)
 .data          0x1004cc04        0x0 /home/leon/git/swp-report/iMX6_Platform_SDK/output/mx6dq/lib/libboard_sabre_ai_rev_c.a(uart3_iomux_config.o)
 .data          0x1004cc04        0x0 /home/leon/git/swp-report/iMX6_Platform_SDK/output/mx6dq/lib/libboard_sabre_ai_rev_c.a(uart4_iomux_config.o)
 .data          0x1004cc04        0x0 /home/leon/git/swp-report/iMX6_Platform_SDK/output/mx6dq/lib/libboard_sabre_ai_rev_c.a(usdhc1_iomux_config.o)
 .data          0x1004cc04        0x0 /home/leon/git/swp-report/iMX6_Platform_SDK/output/mx6dq/lib/libboard_sabre_ai_rev_c.a(usdhc3_iomux_config.o)
 .data          0x1004cc04        0x0 /home/leon/git/swp-report/iMX6_Platform_SDK/output/mx6dq/lib/libboard_sabre_ai_rev_c.a(wdog1_iomux_config.o)
 .data          0x1004cc04        0x0 /home/leon/git/swp-report/iMX6_Platform_SDK/output/mx6dq/lib/libboard_sabre_ai_rev_c.a(audmux_iomux_config.o)
 .data          0x1004cc04        0x0 /home/leon/git/swp-report/iMX6_Platform_SDK/output/mx6dq/lib/libboard_sabre_ai_rev_c.a(ccm_iomux_config.o)
 .data          0x1004cc04        0x0 /home/leon/git/swp-report/iMX6_Platform_SDK/output/mx6dq/lib/libboard_sabre_ai_rev_c.a(ecspi1_iomux_config.o)
 .data          0x1004cc04        0x0 /home/leon/git/swp-report/iMX6_Platform_SDK/output/mx6dq/lib/libboard_sabre_ai_rev_c.a(eim_iomux_config.o)
 .data          0x1004cc04        0x0 /home/leon/git/swp-report/iMX6_Platform_SDK/output/mx6dq/lib/libboard_sabre_ai_rev_c.a(enet_iomux_config.o)
 .data          0x1004cc04        0x0 /home/leon/git/swp-report/iMX6_Platform_SDK/output/mx6dq/lib/libboard_sabre_ai_rev_c.a(esai_iomux_config.o)
 .data          0x1004cc04        0x0 /home/leon/git/swp-report/iMX6_Platform_SDK/output/mx6dq/lib/libboard_sabre_ai_rev_c.a(flexcan1_iomux_config.o)
 .data          0x1004cc04        0x0 /home/leon/git/swp-report/iMX6_Platform_SDK/output/mx6dq/lib/libboard_sabre_ai_rev_c.a(flexcan2_iomux_config.o)
 .data          0x1004cc04        0x0 /home/leon/git/swp-report/iMX6_Platform_SDK/output/mx6dq/lib/libboard_sabre_ai_rev_c.a(gpio1_iomux_config.o)
 .data          0x1004cc04        0x0 /home/leon/git/swp-report/iMX6_Platform_SDK/output/mx6dq/lib/libboard_sabre_ai_rev_c.a(gpio2_iomux_config.o)
 .data          0x1004cc04        0x0 /home/leon/git/swp-report/iMX6_Platform_SDK/output/mx6dq/lib/libboard_sabre_ai_rev_c.a(gpio4_iomux_config.o)
 .data          0x1004cc04        0x0 /home/leon/git/swp-report/iMX6_Platform_SDK/output/mx6dq/lib/libboard_sabre_ai_rev_c.a(gpio5_iomux_config.o)
 .data          0x1004cc04        0x0 /home/leon/git/swp-report/iMX6_Platform_SDK/output/mx6dq/lib/libboard_sabre_ai_rev_c.a(gpio6_iomux_config.o)
 .data          0x1004cc04        0x0 /home/leon/git/swp-report/iMX6_Platform_SDK/output/mx6dq/lib/libboard_sabre_ai_rev_c.a(gpmi_iomux_config.o)
 .data          0x1004cc04        0x0 /home/leon/git/swp-report/iMX6_Platform_SDK/output/mx6dq/lib/libboard_sabre_ai_rev_c.a(i2c2_iomux_config.o)
 .data          0x1004cc04        0x0 /home/leon/git/swp-report/iMX6_Platform_SDK/output/mx6dq/lib/liblwip.a(dhcp.o)
 .data          0x1004cc04        0x0 /home/leon/git/swp-report/iMX6_Platform_SDK/output/mx6dq/lib/liblwip.a(dns.o)
 .data          0x1004cc04        0x0 /home/leon/git/swp-report/iMX6_Platform_SDK/output/mx6dq/lib/liblwip.a(init.o)
 .data          0x1004cc04        0x0 /home/leon/git/swp-report/iMX6_Platform_SDK/output/mx6dq/lib/liblwip.a(autoip.o)
 .data          0x1004cc04        0x0 /home/leon/git/swp-report/iMX6_Platform_SDK/output/mx6dq/lib/liblwip.a(igmp.o)
 .data          0x1004cc04        0x0 /home/leon/git/swp-report/iMX6_Platform_SDK/output/mx6dq/lib/liblwip.a(ip4.o)
 .data          0x1004cc04        0x0 /home/leon/git/swp-report/iMX6_Platform_SDK/output/mx6dq/lib/liblwip.a(ip4_addr.o)
 .data          0x1004cc04        0x0 /home/leon/git/swp-report/iMX6_Platform_SDK/output/mx6dq/lib/liblwip.a(memp.o)
 .data          0x1004cc04        0x0 /home/leon/git/swp-report/iMX6_Platform_SDK/output/mx6dq/lib/liblwip.a(netif.o)
 .data          0x1004cc04        0x0 /home/leon/git/swp-report/iMX6_Platform_SDK/output/mx6dq/lib/liblwip.a(pbuf.o)
 .data          0x1004cc04        0x0 /home/leon/git/swp-report/iMX6_Platform_SDK/output/mx6dq/lib/liblwip.a(raw.o)
 .data          0x1004cc04      0x308 /home/leon/git/swp-report/iMX6_Platform_SDK/output/mx6dq/lib/liblwip.a(mib2.o)
                0x1004cc04                udp_root
                0x1004cc24                udptable_id
                0x1004cc28                udptable_node
                0x1004cc2c                udptable
                0x1004cc48                tcpconntree_root
                0x1004cc68                tcpconntable_id
                0x1004cc6c                tcpconntable_node
                0x1004cc70                tcpconntable
                0x1004cc8c                ipntomtree_root
                0x1004ccac                ipntomtable_id
                0x1004ccb0                ipntomtable_node
                0x1004ccb4                ipntomtable
                0x1004ccd0                iprtetree_root
                0x1004ccf0                iprtetable_id
                0x1004ccf4                iprtetable_node
                0x1004ccf8                iprtetable
                0x1004cd14                ipaddrtree_root
                0x1004cd34                ipaddrtable_id
                0x1004cd38                ipaddrtable_node
                0x1004cd3c                ipaddrtable
                0x1004cd58                arptree_root
                0x1004cd78                at_id
                0x1004cd7c                mib2_at_node
                0x1004cd80                at
                0x1004cd9c                iflist_root
                0x1004cdbc                iftable_id
                0x1004cdc0                iftable_node