Archive member included because of file (symbol)

/home/leon/git/swp-report/iMX6_Platform_SDK/output/mx6sdl/lib/libsdk.a(ccm_pll.o)
                              /home/leon/git/swp-report/iMX6_Platform_SDK/output/mx6sdl/caam_blob_gen/smart_device_rev_b/obj/apps/common/platform_init.o (ccm_init)
/home/leon/git/swp-report/iMX6_Platform_SDK/output/mx6sdl/lib/libsdk.a(cortexA9.o)
                              /home/leon/git/swp-report/iMX6_Platform_SDK/output/mx6sdl/caam_blob_gen/smart_device_rev_b/obj/apps/common/platform_init.o (arm_set_interrupt_state)
/home/leon/git/swp-report/iMX6_Platform_SDK/output/mx6sdl/lib/libsdk.a(gic.o)
                              /home/leon/git/swp-report/iMX6_Platform_SDK/output/mx6sdl/caam_blob_gen/smart_device_rev_b/obj/apps/common/platform_init.o (gic_init)
/home/leon/git/swp-report/iMX6_Platform_SDK/output/mx6sdl/lib/libsdk.a(mmu.o)
                              /home/leon/git/swp-report/iMX6_Platform_SDK/output/mx6sdl/caam_blob_gen/smart_device_rev_b/obj/apps/common/platform_init.o (mmu_init)
/home/leon/git/swp-report/iMX6_Platform_SDK/output/mx6sdl/lib/libsdk.a(startup.o)
                              (_start)
/home/leon/git/swp-report/iMX6_Platform_SDK/output/mx6sdl/lib/libsdk.a(vectors.o)
                              /home/leon/git/swp-report/iMX6_Platform_SDK/output/mx6sdl/lib/libsdk.a(startup.o) (vectors)
/home/leon/git/swp-report/iMX6_Platform_SDK/output/mx6sdl/lib/libsdk.a(system_util.o)
                              /home/leon/git/swp-report/iMX6_Platform_SDK/output/mx6sdl/lib/libsdk.a(startup.o) (_sys_exit)
/home/leon/git/swp-report/iMX6_Platform_SDK/output/mx6sdl/lib/libsdk.a(text_color.o)
                              /home/leon/git/swp-report/iMX6_Platform_SDK/output/mx6sdl/lib/libsdk.a(system_util.o) (g_TextAttributeBold)
/home/leon/git/swp-report/iMX6_Platform_SDK/output/mx6sdl/lib/libsdk.a(caam.o)
                              /home/leon/git/swp-report/iMX6_Platform_SDK/output/mx6sdl/caam_blob_gen/smart_device_rev_b/obj/apps/caam_blob_gen/src/caam_blob_gen.o (caam_gen_blob)
/home/leon/git/swp-report/iMX6_Platform_SDK/output/mx6sdl/lib/libsdk.a(timer.o)
                              /home/leon/git/swp-report/iMX6_Platform_SDK/output/mx6sdl/caam_blob_gen/smart_device_rev_b/obj/apps/common/platform_init.o (system_time_init)
/home/leon/git/swp-report/iMX6_Platform_SDK/output/mx6sdl/lib/libsdk.a(imx_uart.o)
                              /home/leon/git/swp-report/iMX6_Platform_SDK/output/mx6sdl/caam_blob_gen/smart_device_rev_b/obj/apps/common/platform_init.o (uart_getchar)
/home/leon/git/swp-report/iMX6_Platform_SDK/output/mx6sdl/lib/libsdk.a(arm_abort.o)
                              /home/leon/git/swp-report/iMX6_Platform_SDK/output/mx6sdl/lib/libsdk.a(vectors.o) (data_abort_handler)
/home/leon/git/swp-report/iMX6_Platform_SDK/output/mx6sdl/lib/libsdk.a(interrupt.o)
                              /home/leon/git/swp-report/iMX6_Platform_SDK/output/mx6sdl/lib/libsdk.a(vectors.o) (IRQ_HDLR)
/home/leon/git/swp-report/iMX6_Platform_SDK/output/mx6sdl/lib/libsdk.a(epit.o)
                              /home/leon/git/swp-report/iMX6_Platform_SDK/output/mx6sdl/lib/libsdk.a(timer.o) (epit_get_compare_event)
/home/leon/git/swp-report/iMX6_Platform_SDK/output/mx6sdl/lib/libsdk.a(abort_handler.o)
                              /home/leon/git/swp-report/iMX6_Platform_SDK/output/mx6sdl/lib/libsdk.a(arm_abort.o) (dump_regs)
/home/leon/git/swp-report/iMX6_Platform_SDK/output/mx6sdl/lib/libboard_smart_device_rev_b.a(board_io_expanders.o)
                              /home/leon/git/swp-report/iMX6_Platform_SDK/output/mx6sdl/caam_blob_gen/smart_device_rev_b/obj/apps/common/platform_init.o (board_ioexpander_init)
/home/leon/git/swp-report/iMX6_Platform_SDK/output/mx6sdl/lib/libboard_smart_device_rev_b.a(hardware_modules.o)
                              /home/leon/git/swp-report/iMX6_Platform_SDK/output/mx6sdl/caam_blob_gen/smart_device_rev_b/obj/apps/common/platform_init.o (g_debug_uart_port)
/home/leon/git/swp-report/iMX6_Platform_SDK/output/mx6sdl/lib/libboard_smart_device_rev_b.a(dcd.o)
                              /home/leon/git/swp-report/iMX6_Platform_SDK/output/mx6sdl/caam_blob_gen/smart_device_rev_b/obj/apps/common/ivt.o (input_dcd_hdr)
/home/leon/git/swp-report/iMX6_Platform_SDK/output/mx6sdl/lib/libboard_smart_device_rev_b.a(uart_iomux_config.o)
                              /home/leon/git/swp-report/iMX6_Platform_SDK/output/mx6sdl/lib/libsdk.a(imx_uart.o) (uart_iomux_config)
/home/leon/git/swp-report/iMX6_Platform_SDK/output/mx6sdl/lib/libboard_smart_device_rev_b.a(iomux_config.o)
                              /home/leon/git/swp-report/iMX6_Platform_SDK/output/mx6sdl/lib/libboard_smart_device_rev_b.a(uart_iomux_config.o) (uart2_iomux_config)
/home/leon/git/swp-report/iMX6_Platform_SDK/output/mx6sdl/lib/libboard_smart_device_rev_b.a(ipu1_iomux_config.o)
[...]
Memory Configuration

Name             Origin             Length             Attributes
OCRAM            0x0000000000900000 0x0000000000020000 xrw
DDR              0x0000000010000000 0x0000000040000000 xrw
*default*        0x0000000000000000 0xffffffffffffffff

Linker script and memory map

LOAD /home/src/arm/target/bin/../lib/gcc/arm-none-eabi/4.8.2//crtbegin.o
LOAD /home/src/arm/target/bin/../lib/gcc/arm-none-eabi/4.8.2//crti.o
LOAD /home/src/arm/target/bin/../lib/gcc/arm-none-eabi/4.8.2//crtend.o
LOAD /home/src/arm/target/bin/../lib/gcc/arm-none-eabi/4.8.2//crtn.o

.l1_page_table  0x0000000000900000     0x4000
                0x0000000000900000                __l1_page_table_start = .
                0x0000000000904000                . = (. + 0x4000)
 *fill*         0x0000000000900000     0x4000 

.heap.ocram     0x0000000000904000    0x1bfb8
                0x0000000000904000                __heap_ocram_start = .
                0x000000000091ffb8                . = (. + 0x1bfb8)
 *fill*         0x0000000000904000    0x1bfb8 
                0x000000000091ffb8                __heap_ocram_end = .

.ram_vectors    0x000000000091ffb8       0x48
                0x000000000091ffb8                __ram_vectors_start = .
                0x0000000000920000                . = (. + 0x48)
 *fill*         0x000000000091ffb8       0x48 
                0x0000000000920000                __ram_vectors_end = .
                0x0000000010000000                _start_image_add = ORIGIN (DDR)

.ivt            0x0000000010000000      0x420
                0x0000000010000400                . = (. + 0x400)
 *fill*         0x0000000010000000      0x400 
 *(.ivt)
 .ivt           0x0000000010000400       0x20 /home/leon/git/swp-report/iMX6_Platform_SDK/output/mx6sdl/caam_blob_gen/smart_device_rev_b/obj/apps/common/ivt.o
                0x0000000010000400                input_ivt

.boot_data      0x0000000010000420        0xc
                0x0000000010000420                __start_boot_data = .
 *(.boot_data)
 .boot_data     0x0000000010000420        0xc /home/leon/git/swp-report/iMX6_Platform_SDK/output/mx6sdl/caam_blob_gen/smart_device_rev_b/obj/apps/common/ivt.o
                0x0000000010000420                bd

.dcd_hdr        0x0000000010000430        0x4
                0x0000000010000430                __start_dcd = .
 *(.dcd_hdr)
 .dcd_hdr       0x0000000010000430        0x4 /home/leon/git/swp-report/iMX6_Platform_SDK/output/mx6sdl/lib/libboard_smart_device_rev_b.a(dcd.o)
                0x0000000010000430                input_dcd_hdr

.dcd_wrt_cmd    0x0000000010000434        0x4
 *(.dcd_wrt_cmd)
 .dcd_wrt_cmd   0x0000000010000434        0x4 /home/leon/git/swp-report/iMX6_Platform_SDK/output/mx6sdl/lib/libboard_smart_device_rev_b.a(dcd.o)
                0x0000000010000434                input_dcd_wrt_cmd

.dcd_data       0x0000000010000438      0x298
 *(.dcd_data)
 .dcd_data      0x0000000010000438      0x298 /home/leon/git/swp-report/iMX6_Platform_SDK/output/mx6sdl/lib/libboard_smart_device_rev_b.a(dcd.o)
                0x0000000010000438                input_dcd

.text           0x00000000100006d0    0x1679c
 CREATE_OBJECT_SYMBOLS
 *(.startup)
 .startup       0x00000000100006d0      0x138 /home/leon/git/swp-report/iMX6_Platform_SDK/output/mx6sdl/lib/libsdk.a(startup.o)
                0x00000000100006d0                _start
 *(.text .text.* .gnu.linkonce.t.*)
 .text          0x0000000010000808      0x128 /home/src/arm/target/bin/../lib/gcc/arm-none-eabi/4.8.2//crtbegin.o
 .text          0x0000000010000930        0x0 /home/src/arm/target/bin/../lib/gcc/arm-none-eabi/4.8.2//crti.o
 .text          0x0000000010000930        0x0 /home/src/arm/target/bin/../lib/gcc/arm-none-eabi/4.8.2//crtend.o
 .text          0x0000000010000930        0x0 /home/src/arm/target/bin/../lib/gcc/arm-none-eabi/4.8.2//crtn.o
 .text          0x0000000010000930      0x268 /home/leon/git/swp-report/iMX6_Platform_SDK/output/mx6sdl/caam_blob_gen/smart_device_rev_b/obj/apps/caam_blob_gen/src/caam_blob_gen.o
                0x0000000010000930                caam_blob_gen
                0x0000000010000b7c                main
 .text          0x0000000010000b98        0x0 /home/leon/git/swp-report/iMX6_Platform_SDK/output/mx6sdl/caam_blob_gen/smart_device_rev_b/obj/apps/common/ivt.o
 .text          0x0000000010000b98       0xbc /home/leon/git/swp-report/iMX6_Platform_SDK/output/mx6sdl/caam_blob_gen/smart_device_rev_b/obj/apps/common/platform_init.o
                0x0000000010000b98                platform_init
 .text          0x0000000010000c54      0xc50 /home/leon/git/swp-report/iMX6_Platform_SDK/output/mx6sdl/lib/libsdk.a(ccm_pll.o)
                0x0000000010000c54                ccm_init
                0x0000000010000d78                get_main_clock
                0x0000000010001004                get_peri_clock
                0x00000000100011a4                ccm_ccgr_config
                0x000000001000120c                clock_gating_config
                0x0000000010001644                ccm_set_lpm_wakeup_source
                0x0000000010001738                ccm_enter_low_power
                0x00000000100017a8                ipu_hsp_clk_config
                0x00000000100017c8                gpu_clock_config
 .text          0x00000000100018a4      0x164 /home/leon/git/swp-report/iMX6_Platform_SDK/output/mx6sdl/lib/libsdk.a(cortexA9.o)
                0x00000000100018a4                arm_set_interrupt_state
                0x00000000100018c8                cpu_get_current
                0x00000000100018d4                enable_neon_fpu
                0x00000000100018f0                disable_strict_align_check
                0x0000000010001904                disable_L1_cache
                0x0000000010001924                get_arm_private_peripheral_base
                0x000000001000192c                arm_unified_tlb_invalidate
                0x000000001000193c                arm_unified_tlb_invalidate_is
                0x000000001000194c                arm_branch_prediction_enable
                0x000000001000195c                arm_branch_prediction_disable
                0x000000001000196c                arm_branch_target_cache_invalidate
                0x0000000010001978                arm_branch_target_cache_invalidate_is
                0x0000000010001984                scu_enable
                0x0000000010001998                scu_join_smp
                0x00000000100019a8                scu_leave_smp
                0x00000000100019b8                scu_get_cpus_in_smp
                0x00000000100019cc                scu_enable_maintenance_broadcast
                0x00000000100019dc                scu_disable_maintenance_broadcast
                0x00000000100019ec                scu_secure_invalidate
 .text          0x0000000010001a08      0x5e0 /home/leon/git/swp-report/iMX6_Platform_SDK/output/mx6sdl/lib/libsdk.a(gic.o)
                0x0000000010001aec                gic_enable
                0x0000000010001b4c                gic_set_irq_security
                0x0000000010001bf4                gic_enable_irq
                0x0000000010001c70                gic_set_irq_priority
                0x0000000010001cb8                gic_set_cpu_target
                0x0000000010001dc4                gic_send_sgi
                0x0000000010001e18                gic_cpu_enable
                0x0000000010001e78                gic_set_cpu_priority_mask
                0x0000000010001eac                gic_read_irq_ack
                0x0000000010001ed8                gic_write_end_of_irq
                0x0000000010001f08                gic_init
                0x0000000010001fac                gic_init_cpu
 .text          0x0000000010001fe8      0x458 /home/leon/git/swp-report/iMX6_Platform_SDK/output/mx6sdl/lib/libsdk.a(mmu.o)
                0x0000000010001fe8                mmu_enable
                0x0000000010002020                mmu_disable
                0x0000000010002054                mmu_init
                0x0000000010002170                mmu_map_l1_range
                0x0000000010002384                mmu_virtual_to_physical
 .text          0x0000000010002440        0x0 /home/leon/git/swp-report/iMX6_Platform_SDK/output/mx6sdl/lib/libsdk.a(startup.o)
 .text          0x0000000010002440        0x4 /home/leon/git/swp-report/iMX6_Platform_SDK/output/mx6sdl/lib/libsdk.a(vectors.o)
                0x0000000010002440                exception_handler
 .text.vectors  0x0000000010002444       0x48 /home/leon/git/swp-report/iMX6_Platform_SDK/output/mx6sdl/lib/libsdk.a(vectors.o)
                0x0000000010002444                vectors
 .text          0x000000001000248c      0x8fc /home/leon/git/swp-report/iMX6_Platform_SDK/output/mx6sdl/lib/libsdk.a(system_util.o)
                0x000000001000248c                _sys_exit
                0x00000000100024a8                mybkpt
                0x00000000100024b0                is_input_char
                0x0000000010002630                read_input_string
                0x0000000010002910                get_input_hex
                0x0000000010002b88                read_int
                0x0000000010002ce4                jump_to_sdp
 .text          0x0000000010002d88       0xdc /home/leon/git/swp-report/iMX6_Platform_SDK/output/mx6sdl/lib/libsdk.a(text_color.o)
                0x0000000010002d88                printf_color
                0x0000000010002e20                get_color_supported
 .text          0x0000000010002e64      0x948 /home/leon/git/swp-report/iMX6_Platform_SDK/output/mx6sdl/lib/libsdk.a(caam.o)
                0x0000000010002e64                caam_interrupt_routine
                0x0000000010002e74                caam_setup_interrupt
                0x0000000010002ed4                secmem_set_cmd
                0x0000000010003110                caam_enc_data
                0x00000000100032a8                caam_decap_blob
                0x00000000100033fc                caam_gen_blob
                0x000000001000357c                caam_open
 .text          0x00000000100037ac      0x27c /home/leon/git/swp-report/iMX6_Platform_SDK/output/mx6sdl/lib/libsdk.a(timer.o)
                0x00000000100037ac                hal_delay_us
                0x0000000010003818                system_time_init
                0x0000000010003974                time_get_microseconds
 .text          0x0000000010003a28     0x281c /home/leon/git/swp-report/iMX6_Platform_SDK/output/mx6sdl/lib/libsdk.a(imx_uart.o)
                0x0000000010003a28                uart_get_reffreq
                0x0000000010003b24                uart_putchar
                0x0000000010003c74                uart_getchar
                0x0000000010003dd4                uart_set_FIFO_mode
                0x00000000100048fc                uart_set_loopback_mode
                0x0000000010004b50                uart_setup_interrupt
                0x0000000010004c1c                uart_init
 .text          0x0000000010006244       0x98 /home/leon/git/swp-report/iMX6_Platform_SDK/output/mx6sdl/lib/libsdk.a(arm_abort.o)
                0x0000000010006244                common_abort_handler
                0x00000000100062a4                data_abort_handler
                0x00000000100062bc                prefetch_abort_handler
 .text          0x00000000100062dc      0x1b8 /home/leon/git/swp-report/iMX6_Platform_SDK/output/mx6sdl/lib/libsdk.a(interrupt.o)
                0x00000000100062dc                IRQ_HDLR
                0x00000000100063a0                disable_interrupt
                0x00000000100063dc                enable_interrupt
                0x0000000010006434                register_interrupt_routine
                0x0000000010006468                default_interrupt_routine
 .text          0x0000000010006494      0x8dc /home/leon/git/swp-report/iMX6_Platform_SDK/output/mx6sdl/lib/libsdk.a(epit.o)
                0x0000000010006494                epit_reload_counter
                0x00000000100064f4                epit_get_counter_value
                0x0000000010006550                epit_set_compare_event
                0x00000000100065b0                epit_get_compare_event
                0x00000000100066a8                epit_counter_disable
                0x000000001000686c                epit_counter_enable
                0x0000000010006ac8                epit_setup_interrupt
                0x0000000010006b58                epit_init
 .text          0x0000000010006d70      0x4bc /home/leon/git/swp-report/iMX6_Platform_SDK/output/mx6sdl/lib/libsdk.a(abort_handler.o)
                0x0000000010006d70                dump_regs
 .text          0x000000001000722c       0x20 /home/leon/git/swp-report/iMX6_Platform_SDK/output/mx6sdl/lib/libboard_smart_device_rev_b.a(board_io_expanders.o)
                0x000000001000722c                board_ioexpander_init
                0x000000001000723c                board_ioexpander_iomux_config
 .text          0x000000001000724c        0x0 /home/leon/git/swp-report/iMX6_Platform_SDK/output/mx6sdl/lib/libboard_smart_device_rev_b.a(hardware_modules.o)
 .text          0x000000001000724c        0x0 /home/leon/git/swp-report/iMX6_Platform_SDK/output/mx6sdl/lib/libboard_smart_device_rev_b.a(dcd.o)
 .text          0x000000001000724c       0x8c /home/leon/git/swp-report/iMX6_Platform_SDK/output/mx6sdl/lib/libboard_smart_device_rev_b.a(uart_iomux_config.o)
                0x000000001000724c                uart_iomux_config
 .text          0x00000000100072d8      0x2f8 /home/leon/git/swp-report/iMX6_Platform_SDK/output/mx6sdl/lib/libboard_smart_device_rev_b.a(iomux_config.o)
                0x00000000100072d8                iomux_config
                0x0000000010007350                arm_iomux_config
                0x0000000010007360                asrc_iomux_config
                0x0000000010007370                dcic1_iomux_config
                0x0000000010007380                dcic2_iomux_config
                0x0000000010007390                ecspi2_iomux_config
                0x00000000100073a0                ecspi3_iomux_config
                0x00000000100073b0                ecspi4_iomux_config
                0x00000000100073c0                eim_iomux_config
                0x00000000100073d0                epit1_iomux_config
                0x00000000100073e0                epit2_iomux_config
                0x00000000100073f0                esai_iomux_config
                0x0000000010007400                flexcan2_iomux_config
                0x0000000010007410                gpmi_iomux_config
                0x0000000010007420                gpt_iomux_config
                0x0000000010007430                hdmi_iomux_config
                0x0000000010007440                i2c4_iomux_config
                0x0000000010007450                kpp_iomux_config
                0x0000000010007460                lcd_iomux_config
                0x0000000010007470                ldb_iomux_config
                0x0000000010007480                mipi_csi_iomux_config
                0x0000000010007490                mipi_dsi_iomux_config
                0x00000000100074a0                mipi_hsi_iomux_config
                0x00000000100074b0                mlb_iomux_config
                0x00000000100074c0                pcie_iomux_config
                0x00000000100074d0                pmu_iomux_config
                0x00000000100074e0                pwm2_iomux_config
                0x00000000100074f0                pwm3_iomux_config
                0x0000000010007500                pwm4_iomux_config
                0x0000000010007510                sdma_iomux_config
                0x0000000010007520                snvs_iomux_config
                0x0000000010007530                spdif_iomux_config
                0x0000000010007540                src_iomux_config
                0x0000000010007550                uart2_iomux_config
                0x0000000010007560                uart3_iomux_config
                0x0000000010007570                uart4_iomux_config
                0x0000000010007580                uart5_iomux_config
                0x0000000010007590                usdhc1_iomux_config
                0x00000000100075a0                wdog1_iomux_config
                0x00000000100075b0                wdog2_iomux_config
                0x00000000100075c0                xtalosc_iomux_config
 .text          0x00000000100075d0      0x424 /home/leon/git/swp-report/iMX6_Platform_SDK/output/mx6sdl/lib/libboard_smart_device_rev_b.a(ipu1_iomux_config.o)
                0x00000000100075d0                ipu1_iomux_config
 .text          0x00000000100079f4     0x2484 /home/leon/git/swp-report/iMX6_Platform_SDK/output/mx6sdl/lib/libboard_smart_device_rev_b.a(mmdc_iomux_config.o)
                0x00000000100079f4                mmdc_iomux_config
 .text          0x0000000010009e78       0x34 /home/leon/git/swp-report/iMX6_Platform_SDK/output/mx6sdl/lib/libboard_smart_device_rev_b.a(pwm1_iomux_config.o)
                0x0000000010009e78                pwm1_iomux_config
 .text          0x0000000010009eac       0x70 /home/leon/git/swp-report/iMX6_Platform_SDK/output/mx6sdl/lib/libboard_smart_device_rev_b.a(sjc_iomux_config.o)
                0x0000000010009eac                sjc_iomux_config
 .text          0x0000000010009f1c       0x78 /home/leon/git/swp-report/iMX6_Platform_SDK/output/mx6sdl/lib/libboard_smart_device_rev_b.a(uart1_iomux_config.o)
                0x0000000010009f1c                uart1_iomux_config
 .text          0x0000000010009f94       0x78 /home/leon/git/swp-report/iMX6_Platform_SDK/output/mx6sdl/lib/libboard_smart_device_rev_b.a(usb_iomux_config.o)
                0x0000000010009f94                usb_iomux_config
 .text          0x000000001000a00c      0x188 /home/leon/git/swp-report/iMX6_Platform_SDK/output/mx6sdl/lib/libboard_smart_device_rev_b.a(usdhc2_iomux_config.o)
                0x000000001000a00c                usdhc2_iomux_config
 .text          0x000000001000a194      0x188 /home/leon/git/swp-report/iMX6_Platform_SDK/output/mx6sdl/lib/libboard_smart_device_rev_b.a(usdhc3_iomux_config.o)
                0x000000001000a194                usdhc3_iomux_config
 .text          0x000000001000a31c      0x188 /home/leon/git/swp-report/iMX6_Platform_SDK/output/mx6sdl/lib/libboard_smart_device_rev_b.a(usdhc4_iomux_config.o)
                0x000000001000a31c                usdhc4_iomux_config
 .text          0x000000001000a4a4       0xa0 /home/leon/git/swp-report/iMX6_Platform_SDK/output/mx6sdl/lib/libboard_smart_device_rev_b.a(audmux_iomux_config.o)
                0x000000001000a4a4                audmux_iomux_config
 .text          0x000000001000a544       0x34 /home/leon/git/swp-report/iMX6_Platform_SDK/output/mx6sdl/lib/libboard_smart_device_rev_b.a(ccm_iomux_config.o)
                0x000000001000a544                ccm_iomux_config
 .text          0x000000001000a578       0xe0 /home/leon/git/swp-report/iMX6_Platform_SDK/output/mx6sdl/lib/libboard_smart_device_rev_b.a(ecspi1_iomux_config.o)
                0x000000001000a578                ecspi1_iomux_config
 .text          0x000000001000a658      0x424 /home/leon/git/swp-report/iMX6_Platform_SDK/output/mx6sdl/lib/libboard_smart_device_rev_b.a(enet_iomux_config.o)
                0x000000001000a658                enet_iomux_config
 .text          0x000000001000aa7c      0x66c /home/leon/git/swp-report/iMX6_Platform_SDK/output/mx6sdl/lib/libboard_smart_device_rev_b.a(epdc_iomux_config.o)
                0x000000001000aa7c                epdc_iomux_config
 .text          0x000000001000b0e8       0x68 /home/leon/git/swp-report/iMX6_Platform_SDK/output/mx6sdl/lib/libboard_smart_device_rev_b.a(flexcan1_iomux_config.o)
                0x000000001000b0e8                flexcan1_iomux_config
 .text          0x000000001000b150      0x208 /home/leon/git/swp-report/iMX6_Platform_SDK/output/mx6sdl/lib/libboard_smart_device_rev_b.a(gpio1_iomux_config.o)
                0x000000001000b150                gpio1_iomux_config
 .text          0x000000001000b358      0x164 /home/leon/git/swp-report/iMX6_Platform_SDK/output/mx6sdl/lib/libboard_smart_device_rev_b.a(gpio2_iomux_config.o)
                0x000000001000b358                gpio2_iomux_config
 .text          0x000000001000b4bc      0x210 /home/leon/git/swp-report/iMX6_Platform_SDK/output/mx6sdl/lib/libboard_smart_device_rev_b.a(gpio3_iomux_config.o)
                0x000000001000b4bc                gpio3_iomux_config
 .text          0x000000001000b6cc       0xc4 /home/leon/git/swp-report/iMX6_Platform_SDK/output/mx6sdl/lib/libboard_smart_device_rev_b.a(gpio4_iomux_config.o)
                0x000000001000b6cc                gpio4_iomux_config
 .text          0x000000001000b790       0x74 /home/leon/git/swp-report/iMX6_Platform_SDK/output/mx6sdl/lib/libboard_smart_device_rev_b.a(gpio5_iomux_config.o)
                0x000000001000b790                gpio5_iomux_config
 .text          0x000000001000b804      0x150 /home/leon/git/swp-report/iMX6_Platform_SDK/output/mx6sdl/lib/libboard_smart_device_rev_b.a(gpio6_iomux_config.o)
                0x000000001000b804                gpio6_iomux_config
 .text          0x000000001000b954       0x7c /home/leon/git/swp-report/iMX6_Platform_SDK/output/mx6sdl/lib/libboard_smart_device_rev_b.a(gpio7_iomux_config.o)
                0x000000001000b954                gpio7_iomux_config
 .text          0x000000001000b9d0       0xdc /home/leon/git/swp-report/iMX6_Platform_SDK/output/mx6sdl/lib/libboard_smart_device_rev_b.a(gps_iomux_config.o)
                0x000000001000b9d0                gps_iomux_config
 .text          0x000000001000baac       0x78 /home/leon/git/swp-report/iMX6_Platform_SDK/output/mx6sdl/lib/libboard_smart_device_rev_b.a(i2c1_iomux_config.o)
                0x000000001000baac                i2c1_iomux_config
 .text          0x000000001000bb24       0x78 /home/leon/git/swp-report/iMX6_Platform_SDK/output/mx6sdl/lib/libboard_smart_device_rev_b.a(i2c2_iomux_config.o)
                0x000000001000bb24                i2c2_iomux_config
 .text          0x000000001000bb9c       0x78 /home/leon/git/swp-report/iMX6_Platform_SDK/output/mx6sdl/lib/libboard_smart_device_rev_b.a(i2c3_iomux_config.o)
                0x000000001000bb9c                i2c3_iomux_config
 .text          0x000000001000bc14       0x64 /home/src/arm/target/bin/../arm-none-eabi/lib//libc.a(lib_a-assert.o)
                0x000000001000bc14                __assert_func
                0x000000001000bc68                __assert
 .text          0x000000001000bc78       0x20 /home/src/arm/target/bin/../arm-none-eabi/lib//libc.a(lib_a-bzero.o)
                0x000000001000bc78                bzero
 .text          0x000000001000bc98       0x70 /home/src/arm/target/bin/../arm-none-eabi/lib//libc.a(lib_a-fiprintf.o)
                0x000000001000bc98                _fiprintf_r
                0x000000001000bcc8                fiprintf
 .text          0x000000001000bd08       0x8c /home/src/arm/target/bin/../arm-none-eabi/lib//libc.a(lib_a-fputc.o)
                0x000000001000bd08                _fputc_r
                0x000000001000bd4c                fputc
 .text          0x000000001000bd94        0x0 /home/src/arm/target/bin/../arm-none-eabi/lib//libc.a(lib_a-impure.o)
 .text          0x000000001000bd94       0x88 /home/src/arm/target/bin/../arm-none-eabi/lib//libc.a(lib_a-init.o)
                0x000000001000bd94                __libc_init_array
 .text          0x000000001000be1c       0x40 /home/src/arm/target/bin/../arm-none-eabi/lib//libc.a(lib_a-malloc.o)
                0x000000001000be1c                malloc
                0x000000001000be3c                free
 .text          0x000000001000be5c      0x72c /home/src/arm/target/bin/../arm-none-eabi/lib//libc.a(lib_a-mallocr.o)
                0x000000001000be5c                _malloc_r
 .text          0x000000001000c588       0xf0 /home/src/arm/target/bin/../arm-none-eabi/lib//libc.a(lib_a-memcpy-stub.o)
                0x000000001000c588                memcpy
 .text          0x000000001000c678       0xf4 /home/src/arm/target/bin/../arm-none-eabi/lib//libc.a(lib_a-memset.o)
                0x000000001000c678                memset
 .text          0x000000001000c76c        0x8 /home/src/arm/target/bin/../arm-none-eabi/lib//libc.a(lib_a-mlock.o)
                0x000000001000c76c                __malloc_lock
                0x000000001000c770                __malloc_unlock
 .text          0x000000001000c774       0x74 /home/src/arm/target/bin/../arm-none-eabi/lib//libc.a(lib_a-printf.o)
                0x000000001000c774                _printf_r
                0x000000001000c7a8                printf
 .text          0x000000001000c7e8      0x158 /home/src/arm/target/bin/../arm-none-eabi/lib//libc.a(lib_a-putc.o)
                0x000000001000c7e8                _putc_r
                0x000000001000c88c                putc
 .text          0x000000001000c940       0x24 /home/src/arm/target/bin/../arm-none-eabi/lib//libc.a(lib_a-realloc.o)
                0x000000001000c940                realloc
 .text          0x000000001000c964      0x56c /home/src/arm/target/bin/../arm-none-eabi/lib//libc.a(lib_a-reallocr.o)
                0x000000001000c964                _realloc_r
 .text          0x000000001000ced0       0x70 /home/src/arm/target/bin/../arm-none-eabi/lib//libc.a(lib_a-rget.o)
                0x000000001000ced0                __srget_r
                0x000000001000cf2c                __srget
 .text          0x000000001000cf40       0x44 /home/src/arm/target/bin/../arm-none-eabi/lib//libc.a(lib_a-sbrkr.o)
                0x000000001000cf40                _sbrk_r
 .text          0x000000001000cf84      0x9f4 /home/src/arm/target/bin/../arm-none-eabi/lib//libc.a(lib_a-syscalls.o)
                0x000000001000d038                initialise_monitor_handles
                0x000000001000d0fc                _swiread
                0x000000001000d13c                _read
                0x000000001000d200                _swilseek
                0x000000001000d30c                _lseek
                0x000000001000d32c                _swiwrite
                0x000000001000d36c                _write
                0x000000001000d434                _swiopen
                0x000000001000d534                _open
                0x000000001000d568                _swiclose
                0x000000001000d5e0                _close
                0x000000001000d600                _kill
                0x000000001000d638                _exit
                0x000000001000d660                _getpid
                0x000000001000d668                _sbrk
                0x000000001000d6c0                _fstat
                0x000000001000d6f4                _stat
                0x000000001000d748                _link
                0x000000001000d750                _unlink
                0x000000001000d7a4                _raise
                0x000000001000d7a8                _gettimeofday
                0x000000001000d7f8                _times
                0x000000001000d83c                _isatty
                0x000000001000d88c                _system
                0x000000001000d910                _rename
 .text          0x000000001000d978     0x1238 /home/src/arm/target/bin/../arm-none-eabi/lib//libc.a(lib_a-vfiprintf.o)
                0x000000001000da24                __sprint_r
                0x000000001000da3c                _vfiprintf_r
                0x000000001000eab8                vfiprintf
 .text          0x000000001000ebb0     0x1e98 /home/src/arm/target/bin/../arm-none-eabi/lib//libc.a(lib_a-vfprintf.o)
                0x000000001000ebb0                _vfprintf_r
                0x0000000010010950                vfprintf
 .text          0x0000000010010a48       0x48 /home/src/arm/target/bin/../arm-none-eabi/lib//libc.a(lib_a-vprintf.o)
                0x0000000010010a48                vprintf
                0x0000000010010a74                _vprintf_r
 .text          0x0000000010010a90      0x13c /home/src/arm/target/bin/../arm-none-eabi/lib//libc.a(lib_a-wbuf.o)
                0x0000000010010a90                __swbuf_r
                0x0000000010010bb4                __swbuf
 .text          0x0000000010010bcc      0x15c /home/src/arm/target/bin/../arm-none-eabi/lib//libc.a(lib_a-wsetup.o)
                0x0000000010010bcc                __swsetup_r
 .text          0x0000000010010d28       0x14 /home/src/arm/target/bin/../arm-none-eabi/lib//libc.a(lib_a-abort.o)
                0x0000000010010d28                abort
 *fill*         0x0000000010010d3c        0x4 
 .text          0x0000000010010d40     0x18d8 /home/src/arm/target/bin/../arm-none-eabi/lib//libc.a(lib_a-dtoa.o)
                0x0000000010010f20                _dtoa_r
 .text          0x0000000010012618       0x10 /home/src/arm/target/bin/../arm-none-eabi/lib//libc.a(lib_a-errno.o)
                0x0000000010012618                __errno
 .text          0x0000000010012628      0x2d4 /home/src/arm/target/bin/../arm-none-eabi/lib//libc.a(lib_a-fflush.o)
                0x0000000010012628                __sflush_r
                0x000000001001286c                _fflush_r
                0x00000000100128c0                fflush
 .text          0x00000000100128fc      0x354 /home/src/arm/target/bin/../arm-none-eabi/lib//libc.a(lib_a-findfp.o)
                0x000000001001290c                _cleanup_r
                0x0000000010012924                __sfmoreglue
                0x0000000010012974                _cleanup
                0x0000000010012998                __sinit
                0x0000000010012b00                __sfp
                0x0000000010012bf8                __sfp_lock_acquire
                0x0000000010012bfc                __sfp_lock_release
                0x0000000010012c00                __sinit_lock_acquire
                0x0000000010012c04                __sinit_lock_release
                0x0000000010012c08                __fp_lock_all
                0x0000000010012c2c                __fp_unlock_all
 .text          0x0000000010012c50      0x188 /home/src/arm/target/bin/../arm-none-eabi/lib//libc.a(lib_a-fputwc.o)
                0x0000000010012c50                _fputwc_r
                0x0000000010012d94                fputwc
 .text          0x0000000010012dd8      0x36c /home/src/arm/target/bin/../arm-none-eabi/lib//libc.a(lib_a-freer.o)
                0x0000000010012dd8                _malloc_trim_r
                0x0000000010012ed8                _free_r
 .text          0x0000000010013144      0x4dc /home/src/arm/target/bin/../arm-none-eabi/lib//libc.a(lib_a-fvwrite.o)
                0x0000000010013144                __sfvwrite_r
 .text          0x0000000010013620      0x110 /home/src/arm/target/bin/../arm-none-eabi/lib//libc.a(lib_a-fwalk.o)
                0x0000000010013620                _fwalk
                0x00000000100136a4                _fwalk_reent
 .text          0x0000000010013730       0xd0 /home/src/arm/target/bin/../arm-none-eabi/lib//libc.a(lib_a-locale.o)
                0x0000000010013730                _setlocale_r
                0x00000000100137a0                __locale_charset
                0x00000000100137ac                __locale_mb_cur_max
                0x00000000100137bc                __locale_msgcharset
                0x00000000100137c8                __locale_cjk_lang
                0x00000000100137d0                _localeconv_r
                0x00000000100137dc                setlocale
                0x00000000100137f4                localeconv
 .text          0x0000000010013800      0x174 /home/src/arm/target/bin/../arm-none-eabi/lib//libc.a(lib_a-makebuf.o)
                0x0000000010013800                __smakebuf_r
 .text          0x0000000010013974      0x114 /home/src/arm/target/bin/../arm-none-eabi/lib//libc.a(lib_a-memchr-stub.o)
                0x0000000010013974                memchr
 .text          0x0000000010013a88      0x134 /home/src/arm/target/bin/../arm-none-eabi/lib//libc.a(lib_a-memmove.o)
                0x0000000010013a88                memmove
 .text          0x0000000010013bbc      0xd30 /home/src/arm/target/bin/../arm-none-eabi/lib//libc.a(lib_a-mprec.o)
                0x0000000010013bbc                _Balloc
                0x0000000010013c48                _Bfree
                0x0000000010013c64                __multadd
                0x0000000010013d40                __s2b
                0x0000000010013e28                __hi0bits
                0x0000000010013e84                __lo0bits
                0x0000000010013f18                __i2b
                0x0000000010013f3c                __multiply
                0x0000000010014124                __pow5mult
                0x0000000010014228                __lshift
                0x0000000010014334                __mcmp
                0x0000000010014394                __mdiff
                0x00000000100144d8                __ulp
                0x000000001001453c                __b2d
                0x0000000010014614                __d2b
                0x0000000010014720                __ratio
                0x00000000100147a8                _mprec_log10
                0x0000000010014800                __copybits
                0x0000000010014870                __any_on
 .text          0x00000000100148ec      0x134 /home/src/arm/target/bin/../arm-none-eabi/lib//libc.a(lib_a-reent.o)
                0x00000000100148ec                cleanup_glue
                0x0000000010014918                _reclaim_reent
 .text          0x0000000010014a20      0x20c /home/src/arm/target/bin/../arm-none-eabi/lib//libc.a(lib_a-refill.o)
                0x0000000010014a4c                __srefill_r
 .text          0x0000000010014c2c       0x6c /home/src/arm/target/bin/../arm-none-eabi/lib//libc.a(lib_a-s_fpclassify.o)
                0x0000000010014c2c                __fpclassifyd
 .text          0x0000000010014c98      0x254 /home/src/arm/target/bin/../arm-none-eabi/lib//libc.a(lib_a-signal.o)
                0x0000000010014c98                _init_signal_r
                0x0000000010014cfc                _signal_r
                0x0000000010014d70                _raise_r
                0x0000000010014e08                __sigtramp_r
                0x0000000010014e9c                raise
                0x0000000010014eb0                signal
                0x0000000010014ec8                _init_signal
                0x0000000010014ed8                __sigtramp
 .text          0x0000000010014eec       0x50 /home/src/arm/target/bin/../arm-none-eabi/lib//libc.a(lib_a-signalr.o)
                0x0000000010014eec                _kill_r
                0x0000000010014f2c                _getpid_r
 .text          0x0000000010014f3c       0xd8 /home/src/arm/target/bin/../arm-none-eabi/lib//libc.a(lib_a-stdio.o)
                0x0000000010014f3c                __sread
                0x0000000010014f70                __seofread
                0x0000000010014f78                __swrite
                0x0000000010014fd0                __sseek
                0x0000000010015000                __sclose
 .text          0x0000000010015014      0x230 /home/src/arm/target/bin/../arm-none-eabi/lib//libc.a(lib_a-strcmp.o)
                0x0000000010015014                strcmp
 .text          0x0000000010015244       0x60 /home/src/arm/target/bin/../arm-none-eabi/lib//libc.a(lib_a-strlen.o)
                0x0000000010015244                strlen
 .text          0x00000000100152a4      0x128 /home/src/arm/target/bin/../arm-none-eabi/lib//libc.a(lib_a-wcrtomb.o)
                0x00000000100152a4                _wcrtomb_r
                0x0000000010015334                wcrtomb
 .text          0x00000000100153cc       0x7c /home/src/arm/target/bin/../arm-none-eabi/lib//libc.a(lib_a-wctomb_r.o)
                0x00000000100153cc                __ascii_wctomb
                0x00000000100153f8                _wctomb_r
 .text          0x0000000010015448       0x44 /home/src/arm/target/bin/../arm-none-eabi/lib//libc.a(lib_a-writer.o)
                0x0000000010015448                _write_r
 .text          0x000000001001548c       0x9c /home/src/arm/target/bin/../arm-none-eabi/lib//libc.a(lib_a-callocr.o)
                0x000000001001548c                _calloc_r
 .text          0x0000000010015528       0x3c /home/src/arm/target/bin/../arm-none-eabi/lib//libc.a(lib_a-closer.o)
                0x0000000010015528                _close_r
 .text          0x0000000010015564      0x104 /home/src/arm/target/bin/../arm-none-eabi/lib//libc.a(lib_a-fclose.o)
                0x0000000010015564                _fclose_r
                0x0000000010015654                fclose
 .text          0x0000000010015668       0x40 /home/src/arm/target/bin/../arm-none-eabi/lib//libc.a(lib_a-fstatr.o)
                0x0000000010015668                _fstat_r
 .text          0x00000000100156a8       0x3c /home/src/arm/target/bin/../arm-none-eabi/lib//libc.a(lib_a-isattyr.o)
                0x00000000100156a8                _isatty_r
 .text          0x00000000100156e4       0x44 /home/src/arm/target/bin/../arm-none-eabi/lib//libc.a(lib_a-lseekr.o)
                0x00000000100156e4                _lseek_r
 .text          0x0000000010015728       0x44 /home/src/arm/target/bin/../arm-none-eabi/lib//libc.a(lib_a-readr.o)
                0x0000000010015728                _read_r
 .text          0x000000001001576c      0x114 /home/src/arm/target/bin/../lib/gcc/arm-none-eabi/4.8.2//libgcc.a(_udivsi3.o)
                0x000000001001576c                __udivsi3
                0x000000001001576c                __aeabi_uidiv
                0x0000000010015860                __aeabi_uidivmod
 .text          0x0000000010015880      0x148 /home/src/arm/target/bin/../lib/gcc/arm-none-eabi/4.8.2//libgcc.a(_divsi3.o)
                0x0000000010015880                __aeabi_idiv
                0x0000000010015880                __divsi3
                0x00000000100159a8                __aeabi_idivmod
 .text          0x00000000100159c8        0x4 /home/src/arm/target/bin/../lib/gcc/arm-none-eabi/4.8.2//libgcc.a(_dvmd_tls.o)
                0x00000000100159c8                __aeabi_ldiv0
                0x00000000100159c8                __aeabi_idiv0
 .text          0x00000000100159cc      0x41c /home/src/arm/target/bin/../lib/gcc/arm-none-eabi/4.8.2//libgcc.a(_arm_addsubdf3.o)
                0x00000000100159cc                __aeabi_drsub
                0x00000000100159d4                __aeabi_dsub
                0x00000000100159d4                __subdf3
                0x00000000100159d8                __adddf3
                0x00000000100159d8                __aeabi_dadd
                0x0000000010015ce8                __aeabi_ui2d
                0x0000000010015ce8                __floatunsidf
                0x0000000010015d0c                __floatsidf
                0x0000000010015d0c                __aeabi_i2d
                0x0000000010015d34                __extendsfdf2
                0x0000000010015d34                __aeabi_f2d
                0x0000000010015d74                __aeabi_ul2d
                0x0000000010015d74                __floatundidf
                0x0000000010015d88                __floatdidf
                0x0000000010015d88                __aeabi_l2d
 .text          0x0000000010015de8      0x49c /home/src/arm/target/bin/../lib/gcc/arm-none-eabi/4.8.2//libgcc.a(_arm_muldivdf3.o)
                0x0000000010015de8                __aeabi_dmul
                0x0000000010015de8                __muldf3
                0x0000000010016078                __aeabi_ddiv
                0x0000000010016078                __divdf3
 .text          0x0000000010016284      0x144 /home/src/arm/target/bin/../lib/gcc/arm-none-eabi/4.8.2//libgcc.a(_arm_cmpdf2.o)
                0x0000000010016284                __gtdf2
                0x0000000010016284                __gedf2
                0x000000001001628c                __ltdf2
                0x000000001001628c                __ledf2
                0x0000000010016294                __cmpdf2
                0x0000000010016294                __eqdf2
                0x0000000010016294                __nedf2
                0x000000001001631c                __aeabi_cdrcmple
                0x0000000010016338                __aeabi_cdcmple
                0x0000000010016338                __aeabi_cdcmpeq
                0x0000000010016350                __aeabi_dcmpeq
                0x0000000010016368                __aeabi_dcmplt
                0x0000000010016380                __aeabi_dcmple
                0x0000000010016398                __aeabi_dcmpge
                0x00000000100163b0                __aeabi_dcmpgt
 .text          0x00000000100163c8       0x5c /home/src/arm/target/bin/../lib/gcc/arm-none-eabi/4.8.2//libgcc.a(_arm_fixdfsi.o)
                0x00000000100163c8                __fixdfsi
                0x00000000100163c8                __aeabi_d2iz
 .text          0x0000000010016424       0x3c /home/src/arm/target/bin/../lib/gcc/arm-none-eabi/4.8.2//libgcc.a(_aeabi_uldivmod.o)
                0x0000000010016424                __aeabi_uldivmod
 .text          0x0000000010016460       0x84 /home/src/arm/target/bin/../lib/gcc/arm-none-eabi/4.8.2//libgcc.a(bpabi.o)
                0x0000000010016460                __gnu_ldivmod_helper
                0x00000000100164a4                __gnu_uldivmod_helper
 .text          0x00000000100164e4      0x4d0 /home/src/arm/target/bin/../lib/gcc/arm-none-eabi/4.8.2//libgcc.a(_divdi3.o)
                0x00000000100164e4                __divdi3
 .text          0x00000000100169b4      0x470 /home/src/arm/target/bin/../lib/gcc/arm-none-eabi/4.8.2//libgcc.a(_udivdi3.o)
                0x00000000100169b4                __udivdi3
 .text          0x0000000010016e24       0x48 /home/src/arm/target/bin/../lib/gcc/arm-none-eabi/4.8.2//libgcc.a(_clzsi2.o)
                0x0000000010016e24                __clzsi2
 *(.glue_7t)
 .glue_7t       0x0000000000000000        0x0 linker stubs
 *(.glue_7)
 .glue_7        0x0000000000000000        0x0 linker stubs
 *(.vfp11_veneer)
 .vfp11_veneer  0x0000000000000000        0x0 linker stubs
 *(.ARM.extab* .gnu.linkonce.armextab.*)
 .ARM.extab.startup
                0x0000000010016e6c        0x0 /home/leon/git/swp-report/iMX6_Platform_SDK/output/mx6sdl/lib/libsdk.a(startup.o)
 .ARM.extab     0x0000000010016e6c        0x0 /home/src/arm/target/bin/../lib/gcc/arm-none-eabi/4.8.2//libgcc.a(_divdi3.o)
 .ARM.extab     0x0000000010016e6c        0x0 /home/src/arm/target/bin/../lib/gcc/arm-none-eabi/4.8.2//libgcc.a(_udivdi3.o)
 *(.gcc_except_table)

.v4_bx          0x0000000010016e6c        0x0
 .v4_bx         0x0000000000000000        0x0 linker stubs

.iplt           0x0000000010016e6c        0x0
 .iplt          0x0000000000000000        0x0 /home/src/arm/target/bin/../lib/gcc/arm-none-eabi/4.8.2//crtbegin.o

.ctors
 *crtbegin.o(.ctors)
 *crtbegin?.o(.ctors)
 *(EXCLUDE_FILE(*crtend?.o *crtend.o) .ctors)
 *(SORT(.ctors.*))
 *(.ctors)

.dtors
 *crtbegin.o(.dtors)
 *crtbegin?.o(.dtors)
 *(EXCLUDE_FILE(*crtend?.o *crtend.o) .dtors)
 *(SORT(.dtors.*))
 *(.dtors)

.rodata         0x0000000010016e70      0xb90
 *(.rodata .rodata.* .gnu.linkonce.r.*)
 .rodata        0x0000000010016e70      0x180 /home/leon/git/swp-report/iMX6_Platform_SDK/output/mx6sdl/caam_blob_gen/smart_device_rev_b/obj/apps/caam_blob_gen/src/caam_blob_gen.o
 .rodata        0x0000000010016ff0       0x34 /home/leon/git/swp-report/iMX6_Platform_SDK/output/mx6sdl/lib/libsdk.a(ccm_pll.o)
                0x0000000010016ff0                PLL1_OUTPUT
                0x0000000010016ff4                PLL2_OUTPUT
                0x0000000010017008                PLL3_OUTPUT
                0x000000001001701c                PLL4_OUTPUT
                0x0000000010017020                PLL5_OUTPUT
 .rodata        0x0000000010017024       0x64 /home/leon/git/swp-report/iMX6_Platform_SDK/output/mx6sdl/lib/libsdk.a(gic.o)
 .rodata        0x0000000010017088       0xcc /home/leon/git/swp-report/iMX6_Platform_SDK/output/mx6sdl/lib/libsdk.a(system_util.o)
 .rodata        0x0000000010017154       0xf4 /home/leon/git/swp-report/iMX6_Platform_SDK/output/mx6sdl/lib/libsdk.a(text_color.o)
                0x000000001001715c                g_TextAttributeDefault
                0x0000000010017168                g_TextAttributeBold
                0x0000000010017174                g_TextAttributeDim
                0x0000000010017180                g_TextAttributeUnderline
                0x000000001001718c                g_TextAttributeBlink
                0x0000000010017198                g_TextAttributeReverse
                0x00000000100171a4                g_TextAttributeHidden
                0x00000000100171b0                g_TextColorBlack
                0x00000000100171bc                g_TextColorRed
                0x00000000100171c8                g_TextColorGreen
                0x00000000100171d4                g_TextColorYellow
                0x00000000100171e0                g_TextColorBlue
                0x00000000100171ec                g_TextColorMagenta
                0x00000000100171f8                g_TextColorCyan
                0x0000000010017204                g_TextColorWhite
                0x0000000010017214                g_TextColorOrange
                0x0000000010017224                g_TextColorLightBlue
                0x0000000010017234                g_TextColorGray
                0x0000000010017244                g_TextColorPurple
 .rodata        0x0000000010017248      0x298 /home/leon/git/swp-report/iMX6_Platform_SDK/output/mx6sdl/lib/libsdk.a(caam.o)
 .rodata        0x00000000100174e0       0x20 /home/leon/git/swp-report/iMX6_Platform_SDK/output/mx6sdl/lib/libsdk.a(interrupt.o)
 .rodata        0x0000000010017500      0x230 /home/leon/git/swp-report/iMX6_Platform_SDK/output/mx6sdl/lib/libsdk.a(abort_handler.o)
 .rodata        0x0000000010017730       0x84 /home/leon/git/swp-report/iMX6_Platform_SDK/output/mx6sdl/lib/libboard_smart_device_rev_b.a(uart_iomux_config.o)
 .rodata.str1.4
                0x00000000100177b4       0x3f /home/src/arm/target/bin/../arm-none-eabi/lib//libc.a(lib_a-assert.o)
                                         0x44 (size before relaxing)
 *fill*         0x00000000100177f3        0x1 
 .rodata        0x00000000100177f4        0x4 /home/src/arm/target/bin/../arm-none-eabi/lib//libc.a(lib_a-impure.o)
                0x00000000100177f4                _global_impure_ptr
 .rodata.str1.4
                0x00000000100177f8        0x2 /home/src/arm/target/bin/../arm-none-eabi/lib//libc.a(lib_a-impure.o)
                                          0x4 (size before relaxing)
 *fill*         0x00000000100177fa        0x2 
 .rodata.str1.4
                0x00000000100177fc        0x4 /home/src/arm/target/bin/../arm-none-eabi/lib//libc.a(lib_a-syscalls.o)
 .rodata        0x0000000010017800       0x20 /home/src/arm/target/bin/../arm-none-eabi/lib//libc.a(lib_a-vfiprintf.o)
 .rodata.str1.4
                0x0000000010017820       0x2f /home/src/arm/target/bin/../arm-none-eabi/lib//libc.a(lib_a-vfiprintf.o)
                                         0x30 (size before relaxing)
 *fill*         0x000000001001784f        0x1 
 .rodata        0x0000000010017850       0x20 /home/src/arm/target/bin/../arm-none-eabi/lib//libc.a(lib_a-vfprintf.o)
 .rodata.str1.4
                0x0000000010017870       0x12 /home/src/arm/target/bin/../arm-none-eabi/lib//libc.a(lib_a-vfprintf.o)
                                         0x44 (size before relaxing)
 *fill*         0x0000000010017882        0x2 
 .rodata.str1.4
                0x0000000010017884       0x10 /home/src/arm/target/bin/../arm-none-eabi/lib//libc.a(lib_a-dtoa.o)
                                         0x14 (size before relaxing)
 .rodata.str1.4
                0x0000000010017894        0xc /home/src/arm/target/bin/../arm-none-eabi/lib//libc.a(lib_a-locale.o)
                                         0x14 (size before relaxing)
 .rodata        0x00000000100178a0      0x128 /home/src/arm/target/bin/../arm-none-eabi/lib//libc.a(lib_a-mprec.o)
                0x00000000100178b0                __mprec_tens
                0x0000000010017978                __mprec_tinytens
                0x00000000100179a0                __mprec_bigtens
                0x00000000100179c8                . = ALIGN (0x4)
 *(.init)
 .init          0x00000000100179c8        0xc /home/src/arm/target/bin/../lib/gcc/arm-none-eabi/4.8.2//crti.o
                0x00000000100179c8                _init
 .init          0x00000000100179d4        0xc /home/src/arm/target/bin/../lib/gcc/arm-none-eabi/4.8.2//crtn.o
                0x00000000100179e0                . = ALIGN (0x4)
                0x00000000100179e0                __init_array_start = .
 *(SORT(.init_array.*))
 *(.init_array)
 .init_array    0x00000000100179e0        0x4 /home/src/arm/target/bin/../lib/gcc/arm-none-eabi/4.8.2//crtbegin.o
                0x00000000100179e4                __init_array_end = .
                0x00000000100179e4                . = ALIGN (0x4)
 *(.fini)
 .fini          0x00000000100179e4        0xc /home/src/arm/target/bin/../lib/gcc/arm-none-eabi/4.8.2//crti.o
                0x00000000100179e4                _fini
 .fini          0x00000000100179f0        0xc /home/src/arm/target/bin/../lib/gcc/arm-none-eabi/4.8.2//crtn.o
                0x00000000100179fc                . = ALIGN (0x4)
                0x00000000100179fc                __fini_array_start = .
 *(.fini_array)
 .fini_array    0x00000000100179fc        0x4 /home/src/arm/target/bin/../lib/gcc/arm-none-eabi/4.8.2//crtbegin.o
 *(SORT(.fini_array.*))
                0x0000000010017a00                __fini_array_end = .
                0x0000000010017a00                PROVIDE (__exidx_start, .)

.eh_frame       0x0000000010017a00        0x4
 .eh_frame      0x0000000010017a00        0x0 /home/src/arm/target/bin/../lib/gcc/arm-none-eabi/4.8.2//crtbegin.o
 .eh_frame      0x0000000010017a00        0x4 /home/src/arm/target/bin/../lib/gcc/arm-none-eabi/4.8.2//crtend.o

.ARM.exidx      0x0000000010017a04        0x8
 *(.ARM.exidx* .gnu.linkonce.armexidx.*)
 .ARM.exidx.startup
                0x0000000010017a04        0x8 /home/leon/git/swp-report/iMX6_Platform_SDK/output/mx6sdl/lib/libsdk.a(startup.o)
 .ARM.exidx     0x0000000010017a0c        0x0 /home/src/arm/target/bin/../lib/gcc/arm-none-eabi/4.8.2//libgcc.a(_divdi3.o)
                                          0x8 (size before relaxing)
 .ARM.exidx     0x0000000010017a0c        0x0 /home/src/arm/target/bin/../lib/gcc/arm-none-eabi/4.8.2//libgcc.a(_udivdi3.o)
                                          0x8 (size before relaxing)
                0x0000000010017a0c                PROVIDE (__exidx_end, .)

.rel.dyn        0x0000000010017a0c        0x0
 .rel.iplt      0x0000000000000000        0x0 /home/src/arm/target/bin/../lib/gcc/arm-none-eabi/4.8.2//crtbegin.o

.data           0x0000000010017a10      0x968
 *(.data .data.* .gnu.linkonce.d.*)
 .data          0x0000000010017a10        0x4 /home/src/arm/target/bin/../lib/gcc/arm-none-eabi/4.8.2//crtbegin.o
                0x0000000010017a10                __dso_handle
 .data          0x0000000010017a14        0x0 /home/src/arm/target/bin/../lib/gcc/arm-none-eabi/4.8.2//crti.o
 .data          0x0000000010017a14        0x0 /home/src/arm/target/bin/../lib/gcc/arm-none-eabi/4.8.2//crtend.o
 .data          0x0000000010017a14        0x0 /home/src/arm/target/bin/../lib/gcc/arm-none-eabi/4.8.2//crtn.o
 .data          0x0000000010017a14        0x8 /home/leon/git/swp-report/iMX6_Platform_SDK/output/mx6sdl/caam_blob_gen/smart_device_rev_b/obj/apps/caam_blob_gen/src/caam_blob_gen.o
                0x0000000010017a14                wrapped_key_hdr
 .data          0x0000000010017a1c        0x0 /home/leon/git/swp-report/iMX6_Platform_SDK/output/mx6sdl/caam_blob_gen/smart_device_rev_b/obj/apps/common/ivt.o
 .data          0x0000000010017a1c        0x0 /home/leon/git/swp-report/iMX6_Platform_SDK/output/mx6sdl/caam_blob_gen/smart_device_rev_b/obj/apps/common/platform_init.o
 .data          0x0000000010017a1c        0x0 /home/leon/git/swp-report/iMX6_Platform_SDK/output/mx6sdl/lib/libsdk.a(ccm_pll.o)
 .data          0x0000000010017a1c        0x0 /home/leon/git/swp-report/iMX6_Platform_SDK/output/mx6sdl/lib/libsdk.a(cortexA9.o)
 .data          0x0000000010017a1c        0x0 /home/leon/git/swp-report/iMX6_Platform_SDK/output/mx6sdl/lib/libsdk.a(gic.o)
 .data          0x0000000010017a1c        0x0 /home/leon/git/swp-report/iMX6_Platform_SDK/output/mx6sdl/lib/libsdk.a(mmu.o)
 .data          0x0000000010017a1c        0x0 /home/leon/git/swp-report/iMX6_Platform_SDK/output/mx6sdl/lib/libsdk.a(startup.o)
 .data          0x0000000010017a1c        0x0 /home/leon/git/swp-report/iMX6_Platform_SDK/output/mx6sdl/lib/libsdk.a(vectors.o)
 .data          0x0000000010017a1c        0x0 /home/leon/git/swp-report/iMX6_Platform_SDK/output/mx6sdl/lib/libsdk.a(system_util.o)
 .data          0x0000000010017a1c        0x4 /home/leon/git/swp-report/iMX6_Platform_SDK/output/mx6sdl/lib/libsdk.a(text_color.o)
                0x0000000010017a1c                is_color_supported
 .data          0x0000000010017a20       0x8c /home/leon/git/swp-report/iMX6_Platform_SDK/output/mx6sdl/lib/libsdk.a(caam.o)
                0x0000000010017a20                decap_dsc
                0x0000000010017a44                encap_dsc
                0x0000000010017a68                rng_inst_dsc
                0x0000000010017a8c                encrypt_dsc
 .data          0x0000000010017aac        0x0 /home/leon/git/swp-report/iMX6_Platform_SDK/output/mx6sdl/lib/libsdk.a(timer.o)
 .data          0x0000000010017aac        0x0 /home/leon/git/swp-report/iMX6_Platform_SDK/output/mx6sdl/lib/libsdk.a(imx_uart.o)
 .data          0x0000000010017aac        0x4 /home/leon/git/swp-report/iMX6_Platform_SDK/output/mx6sdl/lib/libsdk.a(arm_abort.o)
 .data          0x0000000010017ab0        0x0 /home/leon/git/swp-report/iMX6_Platform_SDK/output/mx6sdl/lib/libsdk.a(interrupt.o)
 .data          0x0000000010017ab0        0x0 /home/leon/git/swp-report/iMX6_Platform_SDK/output/mx6sdl/lib/libsdk.a(epit.o)
 .data          0x0000000010017ab0        0x0 /home/leon/git/swp-report/iMX6_Platform_SDK/output/mx6sdl/lib/libsdk.a(abort_handler.o)
 .data          0x0000000010017ab0        0x0 /home/leon/git/swp-report/iMX6_Platform_SDK/output/mx6sdl/lib/libboard_smart_device_rev_b.a(board_io_expanders.o)
 .data          0x0000000010017ab0        0x8 /home/leon/git/swp-report/iMX6_Platform_SDK/output/mx6sdl/lib/libboard_smart_device_rev_b.a(hardware_modules.o)
                0x0000000010017ab0                g_debug_uart_port
                0x0000000010017ab4                g_system_timer_port
 .data          0x0000000010017ab8        0x0 /home/leon/git/swp-report/iMX6_Platform_SDK/output/mx6sdl/lib/libboard_smart_device_rev_b.a(dcd.o)
 .data          0x0000000010017ab8        0x0 /home/leon/git/swp-report/iMX6_Platform_SDK/output/mx6sdl/lib/libboard_smart_device_rev_b.a(uart_iomux_config.o)
 .data          0x0000000010017ab8        0x0 /home/leon/git/swp-report/iMX6_Platform_SDK/output/mx6sdl/lib/libboard_smart_device_rev_b.a(iomux_config.o)
 .data          0x0000000010017ab8        0x0 /home/leon/git/swp-report/iMX6_Platform_SDK/output/mx6sdl/lib/libboard_smart_device_rev_b.a(ipu1_iomux_config.o)
 .data          0x0000000010017ab8        0x0 /home/leon/git/swp-report/iMX6_Platform_SDK/output/mx6sdl/lib/libboard_smart_device_rev_b.a(mmdc_iomux_config.o)
 .data          0x0000000010017ab8        0x0 /home/leon/git/swp-report/iMX6_Platform_SDK/output/mx6sdl/lib/libboard_smart_device_rev_b.a(pwm1_iomux_config.o)
 .data          0x0000000010017ab8        0x0 /home/leon/git/swp-report/iMX6_Platform_SDK/output/mx6sdl/lib/libboard_smart_device_rev_b.a(sjc_iomux_config.o)
 .data          0x0000000010017ab8        0x0 /home/leon/git/swp-report/iMX6_Platform_SDK/output/mx6sdl/lib/libboard_smart_device_rev_b.a(uart1_iomux_config.o)
 .data          0x0000000010017ab8        0x0 /home/leon/git/swp-report/iMX6_Platform_SDK/output/mx6sdl/lib/libboard_smart_device_rev_b.a(usb_iomux_config.o)
 .data          0x0000000010017ab8        0x0 /home/leon/git/swp-report/iMX6_Platform_SDK/output/mx6sdl/lib/libboard_smart_device_rev_b.a(usdhc2_iomux_config.o)
 .data          0x0000000010017ab8        0x0 /home/leon/git/swp-report/iMX6_Platform_SDK/output/mx6sdl/lib/libboard_smart_device_rev_b.a(usdhc3_iomux_config.o)
 .data          0x0000000010017ab8        0x0 /home/leon/git/swp-report/iMX6_Platform_SDK/output/mx6sdl/lib/libboard_smart_device_rev_b.a(usdhc4_iomux_config.o)
 .data          0x0000000010017ab8        0x0 /home/leon/git/swp-report/iMX6_Platform_SDK/output/mx6sdl/lib/libboard_smart_device_rev_b.a(audmux_iomux_config.o)
 .data          0x0000000010017ab8        0x0 /home/leon/git/swp-report/iMX6_Platform_SDK/output/mx6sdl/lib/libboard_smart_device_rev_b.a(ccm_iomux_config.o)
 .data          0x0000000010017ab8        0x0 /home/leon/git/swp-report/iMX6_Platform_SDK/output/mx6sdl/lib/libboard_smart_device_rev_b.a(ecspi1_iomux_config.o)
 .data          0x0000000010017ab8        0x0 /home/leon/git/swp-report/iMX6_Platform_SDK/output/mx6sdl/lib/libboard_smart_device_rev_b.a(enet_iomux_config.o)
 .data          0x0000000010017ab8        0x0 /home/leon/git/swp-report/iMX6_Platform_SDK/output/mx6sdl/lib/libboard_smart_device_rev_b.a(epdc_iomux_config.o)
 .data          0x0000000010017ab8        0x0 /home/leon/git/swp-report/iMX6_Platform_SDK/output/mx6sdl/lib/libboard_smart_device_rev_b.a(flexcan1_iomux_config.o)
 .data          0x0000000010017ab8        0x0 /home/leon/git/swp-report/iMX6_Platform_SDK/output/mx6sdl/lib/libboard_smart_device_rev_b.a(gpio1_iomux_config.o)
 .data          0x0000000010017ab8        0x0 /home/leon/git/swp-report/iMX6_Platform_SDK/output/mx6sdl/lib/libboard_smart_device_rev_b.a(gpio2_iomux_config.o)
 .data          0x0000000010017ab8        0x0 /home/leon/git/swp-report/iMX6_Platform_SDK/output/mx6sdl/lib/libboard_smart_device_rev_b.a(gpio3_iomux_config.o)
 .data          0x0000000010017ab8        0x0 /home/leon/git/swp-report/iMX6_Platform_SDK/output/mx6sdl/lib/libboard_smart_device_rev_b.a(gpio4_iomux_config.o)
 .data          0x0000000010017ab8        0x0 /home/leon/git/swp-report/iMX6_Platform_SDK/output/mx6sdl/lib/libboard_smart_device_rev_b.a(gpio5_iomux_config.o)
 .data          0x0000000010017ab8        0x0 /home/leon/git/swp-report/iMX6_Platform_SDK/output/mx6sdl/lib/libboard_smart_device_rev_b.a(gpio6_iomux_config.o)
 .data          0x0000000010017ab8        0x0 /home/leon/git/swp-report/iMX6_Platform_SDK/output/mx6sdl/lib/libboard_smart_device_rev_b.a(gpio7_iomux_config.o)
 .data          0x0000000010017ab8        0x0 /home/leon/git/swp-report/iMX6_Platform_SDK/output/mx6sdl/lib/libboard_smart_device_rev_b.a(gps_iomux_config.o)
 .data          0x0000000010017ab8        0x0 /home/leon/git/swp-report/iMX6_Platform_SDK/output/mx6sdl/lib/libboard_smart_device_rev_b.a(i2c1_iomux_config.o)
 .data          0x0000000010017ab8        0x0 /home/leon/git/swp-report/iMX6_Platform_SDK/output/mx6sdl/lib/libboard_smart_device_rev_b.a(i2c2_iomux_config.o)
 .data          0x0000000010017ab8        0x0 /home/leon/git/swp-report/iMX6_Platform_SDK/output/mx6sdl/lib/libboard_smart_device_rev_b.a(i2c3_iomux_config.o)
 .data          0x0000000010017ab8        0x0 /home/src/arm/target/bin/../arm-none-eabi/lib//libc.a(lib_a-assert.o)
 .data          0x0000000010017ab8        0x0 /home/src/arm/target/bin/../arm-none-eabi/lib//libc.a(lib_a-bzero.o)
 .data          0x0000000010017ab8        0x0 /home/src/arm/target/bin/../arm-none-eabi/lib//libc.a(lib_a-fiprintf.o)
 .data          0x0000000010017ab8        0x0 /home/src/arm/target/bin/../arm-none-eabi/lib//libc.a(lib_a-fputc.o)
 .data          0x0000000010017ab8      0x430 /home/src/arm/target/bin/../arm-none-eabi/lib//libc.a(lib_a-impure.o)
                0x0000000010017ab8                _impure_ptr
 .data          0x0000000010017ee8        0x0 /home/src/arm/target/bin/../arm-none-eabi/lib//libc.a(lib_a-init.o)
 .data          0x0000000010017ee8        0x0 /home/src/arm/target/bin/../arm-none-eabi/lib//libc.a(lib_a-malloc.o)
 .data          0x0000000010017ee8      0x410 /home/src/arm/target/bin/../arm-none-eabi/lib//libc.a(lib_a-mallocr.o)
                0x0000000010017ee8                __malloc_av_
                0x00000000100182f0                __malloc_sbrk_base
                0x00000000100182f4                __malloc_trim_threshold
 .data          0x00000000100182f8        0x0 /home/src/arm/target/bin/../arm-none-eabi/lib//libc.a(lib_a-memcpy-stub.o)
 .data          0x00000000100182f8        0x0 /home/src/arm/target/bin/../arm-none-eabi/lib//libc.a(lib_a-memset.o)
 .data          0x00000000100182f8        0x0 /home/src/arm/target/bin/../arm-none-eabi/lib//libc.a(lib_a-mlock.o)
 .data          0x00000000100182f8        0x0 /home/src/arm/target/bin/../arm-none-eabi/lib//libc.a(lib_a-printf.o)
 .data          0x00000000100182f8        0x0 /home/src/arm/target/bin/../arm-none-eabi/lib//libc.a(lib_a-putc.o)
 .data          0x00000000100182f8        0x0 /home/src/arm/target/bin/../arm-none-eabi/lib//libc.a(lib_a-realloc.o)
 .data          0x00000000100182f8        0x0 /home/src/arm/target/bin/../arm-none-eabi/lib//libc.a(lib_a-reallocr.o)
 .data          0x00000000100182f8        0x0 /home/src/arm/target/bin/../arm-none-eabi/lib//libc.a(lib_a-rget.o)
 .data          0x00000000100182f8        0x0 /home/src/arm/target/bin/../arm-none-eabi/lib//libc.a(lib_a-sbrkr.o)
 .data          0x00000000100182f8        0x0 /home/src/arm/target/bin/../arm-none-eabi/lib//libc.a(lib_a-syscalls.o)
 .data          0x00000000100182f8        0x0 /home/src/arm/target/bin/../arm-none-eabi/lib//libc.a(lib_a-vfiprintf.o)
 .data          0x00000000100182f8        0x0 /home/src/arm/target/bin/../arm-none-eabi/lib//libc.a(lib_a-vfprintf.o)
 .data          0x00000000100182f8        0x0 /home/src/arm/target/bin/../arm-none-eabi/lib//libc.a(lib_a-vprintf.o)
 .data          0x00000000100182f8        0x0 /home/src/arm/target/bin/../arm-none-eabi/lib//libc.a(lib_a-wbuf.o)
 .data          0x00000000100182f8        0x0 /home/src/arm/target/bin/../arm-none-eabi/lib//libc.a(lib_a-wsetup.o)
 .data          0x00000000100182f8        0x0 /home/src/arm/target/bin/../arm-none-eabi/lib//libc.a(lib_a-abort.o)
 .data          0x00000000100182f8        0x0 /home/src/arm/target/bin/../arm-none-eabi/lib//libc.a(lib_a-dtoa.o)
 .data          0x00000000100182f8        0x0 /home/src/arm/target/bin/../arm-none-eabi/lib//libc.a(lib_a-errno.o)
 .data          0x00000000100182f8        0x0 /home/src/arm/target/bin/../arm-none-eabi/lib//libc.a(lib_a-fflush.o)
 .data          0x00000000100182f8        0x0 /home/src/arm/target/bin/../arm-none-eabi/lib//libc.a(lib_a-findfp.o)
 .data          0x00000000100182f8        0x0 /home/src/arm/target/bin/../arm-none-eabi/lib//libc.a(lib_a-fputwc.o)
 .data          0x00000000100182f8        0x0 /home/src/arm/target/bin/../arm-none-eabi/lib//libc.a(lib_a-freer.o)
 .data          0x00000000100182f8        0x0 /home/src/arm/target/bin/../arm-none-eabi/lib//libc.a(lib_a-fvwrite.o)
 .data          0x00000000100182f8        0x0 /home/src/arm/target/bin/../arm-none-eabi/lib//libc.a(lib_a-fwalk.o)
 .data          0x00000000100182f8       0x7c /home/src/arm/target/bin/../arm-none-eabi/lib//libc.a(lib_a-locale.o)
                0x0000000010018318                __mb_cur_max
 .data          0x0000000010018374        0x0 /home/src/arm/target/bin/../arm-none-eabi/lib//libc.a(lib_a-makebuf.o)
 .data          0x0000000010018374        0x0 /home/src/arm/target/bin/../arm-none-eabi/lib//libc.a(lib_a-memchr-stub.o)
 .data          0x0000000010018374        0x0 /home/src/arm/target/bin/../arm-none-eabi/lib//libc.a(lib_a-memmove.o)
 .data          0x0000000010018374        0x0 /home/src/arm/target/bin/../arm-none-eabi/lib//libc.a(lib_a-mprec.o)
 .data          0x0000000010018374        0x0 /home/src/arm/target/bin/../arm-none-eabi/lib//libc.a(lib_a-reent.o)
 .data          0x0000000010018374        0x0 /home/src/arm/target/bin/../arm-none-eabi/lib//libc.a(lib_a-refill.o)
 .data          0x0000000010018374        0x0 /home/src/arm/target/bin/../arm-none-eabi/lib//libc.a(lib_a-s_fpclassify.o)
 .data          0x0000000010018374        0x0 /home/src/arm/target/bin/../arm-none-eabi/lib//libc.a(lib_a-signal.o)
 .data          0x0000000010018374        0x0 /home/src/arm/target/bin/../arm-none-eabi/lib//libc.a(lib_a-signalr.o)
 .data          0x0000000010018374        0x0 /home/src/arm/target/bin/../arm-none-eabi/lib//libc.a(lib_a-stdio.o)
 .data          0x0000000010018374        0x0 /home/src/arm/target/bin/../arm-none-eabi/lib//libc.a(lib_a-strcmp.o)
 .data          0x0000000010018374        0x0 /home/src/arm/target/bin/../arm-none-eabi/lib//libc.a(lib_a-strlen.o)
 .data          0x0000000010018374        0x0 /home/src/arm/target/bin/../arm-none-eabi/lib//libc.a(lib_a-wcrtomb.o)
 .data          0x0000000010018374        0x4 /home/src/arm/target/bin/../arm-none-eabi/lib//libc.a(lib_a-wctomb_r.o)
                0x0000000010018374                __wctomb
 .data          0x0000000010018378        0x0 /home/src/arm/target/bin/../arm-none-eabi/lib//libc.a(lib_a-writer.o)
 .data          0x0000000010018378        0x0 /home/src/arm/target/bin/../arm-none-eabi/lib//libc.a(lib_a-callocr.o)
 .data          0x0000000010018378        0x0 /home/src/arm/target/bin/../arm-none-eabi/lib//libc.a(lib_a-closer.o)
 .data          0x0000000010018378        0x0 /home/src/arm/target/bin/../arm-none-eabi/lib//libc.a(lib_a-fclose.o)
 .data          0x0000000010018378        0x0 /home/src/arm/target/bin/../arm-none-eabi/lib//libc.a(lib_a-fstatr.o)
 .data          0x0000000010018378        0x0 /home/src/arm/target/bin/../arm-none-eabi/lib//libc.a(lib_a-isattyr.o)
 .data          0x0000000010018378        0x0 /home/src/arm/target/bin/../arm-none-eabi/lib//libc.a(lib_a-lseekr.o)
 .data          0x0000000010018378        0x0 /home/src/arm/target/bin/../arm-none-eabi/lib//libc.a(lib_a-readr.o)
 .data          0x0000000010018378        0x0 /home/src/arm/target/bin/../lib/gcc/arm-none-eabi/4.8.2//libgcc.a(_udivsi3.o)
 .data          0x0000000010018378        0x0 /home/src/arm/target/bin/../lib/gcc/arm-none-eabi/4.8.2//libgcc.a(_divsi3.o)
 .data          0x0000000010018378        0x0 /home/src/arm/target/bin/../lib/gcc/arm-none-eabi/4.8.2//libgcc.a(_dvmd_tls.o)
 .data          0x0000000010018378        0x0 /home/src/arm/target/bin/../lib/gcc/arm-none-eabi/4.8.2//libgcc.a(_arm_addsubdf3.o)
 .data          0x0000000010018378        0x0 /home/src/arm/target/bin/../lib/gcc/arm-none-eabi/4.8.2//libgcc.a(_arm_muldivdf3.o)
 .data          0x0000000010018378        0x0 /home/src/arm/target/bin/../lib/gcc/arm-none-eabi/4.8.2//libgcc.a(_arm_cmpdf2.o)
 .data          0x0000000010018378        0x0 /home/src/arm/target/bin/../lib/gcc/arm-none-eabi/4.8.2//libgcc.a(_arm_fixdfsi.o)
 .data          0x0000000010018378        0x0 /home/src/arm/target/bin/../lib/gcc/arm-none-eabi/4.8.2//libgcc.a(_aeabi_uldivmod.o)
 .data          0x0000000010018378        0x0 /home/src/arm/target/bin/../lib/gcc/arm-none-eabi/4.8.2//libgcc.a(bpabi.o)
 .data          0x0000000010018378        0x0 /home/src/arm/target/bin/../lib/gcc/arm-none-eabi/4.8.2//libgcc.a(_divdi3.o)
 .data          0x0000000010018378        0x0 /home/src/arm/target/bin/../lib/gcc/arm-none-eabi/4.8.2//libgcc.a(_udivdi3.o)
 .data          0x0000000010018378        0x0 /home/src/arm/target/bin/../lib/gcc/arm-none-eabi/4.8.2//libgcc.a(_clzsi2.o)

.jcr            0x0000000010018378        0x4
 .jcr           0x0000000010018378        0x0 /home/src/arm/target/bin/../lib/gcc/arm-none-eabi/4.8.2//crtbegin.o
 .jcr           0x0000000010018378        0x4 /home/src/arm/target/bin/../lib/gcc/arm-none-eabi/4.8.2//crtend.o

.tm_clone_table
                0x000000001001837c        0x0
 .tm_clone_table
                0x000000001001837c        0x0 /home/src/arm/target/bin/../lib/gcc/arm-none-eabi/4.8.2//crtbegin.o
 .tm_clone_table
                0x000000001001837c        0x0 /home/src/arm/target/bin/../lib/gcc/arm-none-eabi/4.8.2//crtend.o

.igot.plt       0x000000001001837c        0x0
 .igot.plt      0x0000000000000000        0x0 /home/src/arm/target/bin/../lib/gcc/arm-none-eabi/4.8.2//crtbegin.o

.hab.data       0x0000000010400000     0x2000
                0x0000000010400000                __hab_data = .
                0x0000000010402000                . = (. + 0x2000)
 *fill*         0x0000000010400000     0x2000 
                0x0000000010402000                . = ALIGN (0x20)
                0x0000000010402000                __hab_data_end = .
                0x0000000000402000                _image_size = (. - _start_image_add)

.bss            0x0000000010402000      0x3b4
                0x0000000010402000                __bss_start__ = .
 *(.shbss)
 *(.bss .bss.* .gnu.linkonce.b.*)
 .bss           0x0000000010402000       0x1c /home/src/arm/target/bin/../lib/gcc/arm-none-eabi/4.8.2//crtbegin.o
 .bss           0x000000001040201c        0x0 /home/src/arm/target/bin/../lib/gcc/arm-none-eabi/4.8.2//crti.o
 .bss           0x000000001040201c        0x0 /home/src/arm/target/bin/../lib/gcc/arm-none-eabi/4.8.2//crtend.o
 .bss           0x000000001040201c        0x0 /home/src/arm/target/bin/../lib/gcc/arm-none-eabi/4.8.2//crtn.o
 .bss           0x000000001040201c        0x0 /home/leon/git/swp-report/iMX6_Platform_SDK/output/mx6sdl/caam_blob_gen/smart_device_rev_b/obj/apps/caam_blob_gen/src/caam_blob_gen.o
 .bss           0x000000001040201c        0x0 /home/leon/git/swp-report/iMX6_Platform_SDK/output/mx6sdl/caam_blob_gen/smart_device_rev_b/obj/apps/common/ivt.o
 .bss           0x000000001040201c        0x0 /home/leon/git/swp-report/iMX6_Platform_SDK/output/mx6sdl/caam_blob_gen/smart_device_rev_b/obj/apps/common/platform_init.o
 .bss           0x000000001040201c        0x0 /home/leon/git/swp-report/iMX6_Platform_SDK/output/mx6sdl/lib/libsdk.a(ccm_pll.o)
 .bss           0x000000001040201c        0x0 /home/leon/git/swp-report/iMX6_Platform_SDK/output/mx6sdl/lib/libsdk.a(cortexA9.o)
 .bss           0x000000001040201c        0x0 /home/leon/git/swp-report/iMX6_Platform_SDK/output/mx6sdl/lib/libsdk.a(gic.o)
 .bss           0x000000001040201c        0x0 /home/leon/git/swp-report/iMX6_Platform_SDK/output/mx6sdl/lib/libsdk.a(mmu.o)
 .bss           0x000000001040201c        0x0 /home/leon/git/swp-report/iMX6_Platform_SDK/output/mx6sdl/lib/libsdk.a(startup.o)
 .bss           0x000000001040201c        0x0 /home/leon/git/swp-report/iMX6_Platform_SDK/output/mx6sdl/lib/libsdk.a(vectors.o)
 .bss           0x000000001040201c        0x0 /home/leon/git/swp-report/iMX6_Platform_SDK/output/mx6sdl/lib/libsdk.a(system_util.o)
 .bss           0x000000001040201c        0x0 /home/leon/git/swp-report/iMX6_Platform_SDK/output/mx6sdl/lib/libsdk.a(text_color.o)
 .bss           0x000000001040201c        0xc /home/leon/git/swp-report/iMX6_Platform_SDK/output/mx6sdl/lib/libsdk.a(caam.o)
                0x000000001040201c                g_input_ring
                0x0000000010402020                g_output_ring
 .bss           0x0000000010402028        0x4 /home/leon/git/swp-report/iMX6_Platform_SDK/output/mx6sdl/lib/libsdk.a(timer.o)
                0x0000000010402028                g_microsecondTimerMultiple
 .bss           0x000000001040202c        0x0 /home/leon/git/swp-report/iMX6_Platform_SDK/output/mx6sdl/lib/libsdk.a(imx_uart.o)
 .bss           0x000000001040202c        0x0 /home/leon/git/swp-report/iMX6_Platform_SDK/output/mx6sdl/lib/libsdk.a(arm_abort.o)
 .bss           0x000000001040202c      0x290 /home/leon/git/swp-report/iMX6_Platform_SDK/output/mx6sdl/lib/libsdk.a(interrupt.o)
                0x000000001040202c                g_interrupt_handlers
                0x00000000104022ac                g_vectNum
 .bss           0x00000000104022bc        0x0 /home/leon/git/swp-report/iMX6_Platform_SDK/output/mx6sdl/lib/libsdk.a(epit.o)
 .bss           0x00000000104022bc        0x0 /home/leon/git/swp-report/iMX6_Platform_SDK/output/mx6sdl/lib/libsdk.a(abort_handler.o)
 .bss           0x00000000104022bc        0x4 /home/leon/git/swp-report/iMX6_Platform_SDK/output/mx6sdl/lib/libboard_smart_device_rev_b.a(board_io_expanders.o)
                0x00000000104022bc                max7310_i2c_req_array
 .bss           0x00000000104022c0        0x0 /home/leon/git/swp-report/iMX6_Platform_SDK/output/mx6sdl/lib/libboard_smart_device_rev_b.a(hardware_modules.o)
 .bss           0x00000000104022c0        0x0 /home/leon/git/swp-report/iMX6_Platform_SDK/output/mx6sdl/lib/libboard_smart_device_rev_b.a(dcd.o)
 .bss           0x00000000104022c0        0x0 /home/leon/git/swp-report/iMX6_Platform_SDK/output/mx6sdl/lib/libboard_smart_device_rev_b.a(uart_iomux_config.o)
 .bss           0x00000000104022c0        0x0 /home/leon/git/swp-report/iMX6_Platform_SDK/output/mx6sdl/lib/libboard_smart_device_rev_b.a(iomux_config.o)
 .bss           0x00000000104022c0        0x0 /home/leon/git/swp-report/iMX6_Platform_SDK/output/mx6sdl/lib/libboard_smart_device_rev_b.a(ipu1_iomux_config.o)
 .bss           0x00000000104022c0        0x0 /home/leon/git/swp-report/iMX6_Platform_SDK/output/mx6sdl/lib/libboard_smart_device_rev_b.a(mmdc_iomux_config.o)
 .bss           0x00000000104022c0        0x0 /home/leon/git/swp-report/iMX6_Platform_SDK/output/mx6sdl/lib/libboard_smart_device_rev_b.a(pwm1_iomux_config.o)
 .bss           0x00000000104022c0        0x0 /home/leon/git/swp-report/iMX6_Platform_SDK/output/mx6sdl/lib/libboard_smart_device_rev_b.a(sjc_iomux_config.o)
 .bss           0x00000000104022c0        0x0 /home/leon/git/swp-report/iMX6_Platform_SDK/output/mx6sdl/lib/libboard_smart_device_rev_b.a(uart1_iomux_config.o)
 .bss           0x00000000104022c0        0x0 /home/leon/git/swp-report/iMX6_Platform_SDK/output/mx6sdl/lib/libboard_smart_device_rev_b.a(usb_iomux_config.o)
 .bss           0x00000000104022c0        0x0 /home/leon/git/swp-report/iMX6_Platform_SDK/output/mx6sdl/lib/libboard_smart_device_rev_b.a(usdhc2_iomux_config.o)
 .bss           0x00000000104022c0        0x0 /home/leon/git/swp-report/iMX6_Platform_SDK/output/mx6sdl/lib/libboard_smart_device_rev_b.a(usdhc3_iomux_config.o)
 .bss           0x00000000104022c0        0x0 /home/leon/git/swp-report/iMX6_Platform_SDK/output/mx6sdl/lib/libboard_smart_device_rev_b.a(usdhc4_iomux_config.o)
 .bss           0x00000000104022c0        0x0 /home/leon/git/swp-report/iMX6_Platform_SDK/output/mx6sdl/lib/libboard_smart_device_rev_b.a(audmux_iomux_config.o)
 .bss           0x00000000104022c0        0x0 /home/leon/git/swp-report/iMX6_Platform_SDK/output/mx6sdl/lib/libboard_smart_device_rev_b.a(ccm_iomux_config.o)
 .bss           0x00000000104022c0        0x0 /home/leon/git/swp-report/iMX6_Platform_SDK/output/mx6sdl/lib/libboard_smart_device_rev_b.a(ecspi1_iomux_config.o)
 .bss           0x00000000104022c0        0x0 /home/leon/git/swp-report/iMX6_Platform_SDK/output/mx6sdl/lib/libboard_smart_device_rev_b.a(enet_iomux_config.o)
 .bss           0x00000000104022c0        0x0 /home/leon/git/swp-report/iMX6_Platform_SDK/output/mx6sdl/lib/libboard_smart_device_rev_b.a(epdc_iomux_config.o)
 .bss           0x00000000104022c0        0x0 /home/leon/git/swp-report/iMX6_Platform_SDK/output/mx6sdl/lib/libboard_smart_device_rev_b.a(flexcan1_iomux_config.o)
 .bss           0x00000000104022c0        0x0 /home/leon/git/swp-report/iMX6_Platform_SDK/output/mx6sdl/lib/libboard_smart_device_rev_b.a(gpio1_iomux_config.o)
 .bss           0x00000000104022c0        0x0 /home/leon/git/swp-report/iMX6_Platform_SDK/output/mx6sdl/lib/libboard_smart_device_rev_b.a(gpio2_iomux_config.o)
 .bss           0x00000000104022c0        0x0 /home/leon/git/swp-report/iMX6_Platform_SDK/output/mx6sdl/lib/libboard_smart_device_rev_b.a(gpio3_iomux_config.o)
 .bss           0x00000000104022c0        0x0 /home/leon/git/swp-report/iMX6_Platform_SDK/output/mx6sdl/lib/libboard_smart_device_rev_b.a(gpio4_iomux_config.o)
 .bss           0x00000000104022c0        0x0 /home/leon/git/swp-report/iMX6_Platform_SDK/output/mx6sdl/lib/libboard_smart_device_rev_b.a(gpio5_iomux_config.o)
 .bss           0x00000000104022c0        0x0 /home/leon/git/swp-report/iMX6_Platform_SDK/output/mx6sdl/lib/libboard_smart_device_rev_b.a(gpio6_iomux_config.o)
 .bss           0x00000000104022c0        0x0 /home/leon/git/swp-report/iMX6_Platform_SDK/output/mx6sdl/lib/libboard_smart_device_rev_b.a(gpio7_iomux_config.o)
 .bss           0x00000000104022c0        0x0 /home/leon/git/swp-report/iMX6_Platform_SDK/output/mx6sdl/lib/libboard_smart_device_rev_b.a(gps_iomux_config.o)
 .bss           0x00000000104022c0        0x0 /home/leon/git/swp-report/iMX6_Platform_SDK/output/mx6sdl/lib/libboard_smart_device_rev_b.a(i2c1_iomux_config.o)
 .bss           0x00000000104022c0        0x0 /home/leon/git/swp-report/iMX6_Platform_SDK/output/mx6sdl/lib/libboard_smart_device_rev_b.a(i2c2_iomux_config.o)
 .bss           0x00000000104022c0        0x0 /home/leon/git/swp-report/iMX6_Platform_SDK/output/mx6sdl/lib/libboard_smart_device_rev_b.a(i2c3_iomux_config.o)
 .bss           0x00000000104022c0        0x0 /home/src/arm/target/bin/../arm-none-eabi/lib//libc.a(lib_a-assert.o)
 .bss           0x00000000104022c0        0x0 /home/src/arm/target/bin/../arm-none-eabi/lib//libc.a(lib_a-bzero.o)
 .bss           0x00000000104022c0        0x0 /home/src/arm/target/bin/../arm-none-eabi/lib//libc.a(lib_a-fiprintf.o)
 .bss           0x00000000104022c0        0x0 /home/src/arm/target/bin/../arm-none-eabi/lib//libc.a(lib_a-fputc.o)
 .bss           0x00000000104022c0        0x0 /home/src/arm/target/bin/../arm-none-eabi/lib//libc.a(lib_a-impure.o)
 .bss           0x00000000104022c0        0x0 /home/src/arm/target/bin/../arm-none-eabi/lib//libc.a(lib_a-init.o)
 .bss           0x00000000104022c0        0x0 /home/src/arm/target/bin/../arm-none-eabi/lib//libc.a(lib_a-malloc.o)
 .bss           0x00000000104022c0       0x34 /home/src/arm/target/bin/../arm-none-eabi/lib//libc.a(lib_a-mallocr.o)
                0x00000000104022c0                __malloc_top_pad
                0x00000000104022c4                __malloc_current_mallinfo
                0x00000000104022ec                __malloc_max_sbrked_mem
                0x00000000104022f0                __malloc_max_total_mem
 .bss           0x00000000104022f4        0x0 /home/src/arm/target/bin/../arm-none-eabi/lib//libc.a(lib_a-memcpy-stub.o)
 .bss           0x00000000104022f4        0x0 /home/src/arm/target/bin/../arm-none-eabi/lib//libc.a(lib_a-memset.o)
 .bss           0x00000000104022f4        0x0 /home/src/arm/target/bin/../arm-none-eabi/lib//libc.a(lib_a-mlock.o)
 .bss           0x00000000104022f4        0x0 /home/src/arm/target/bin/../arm-none-eabi/lib//libc.a(lib_a-printf.o)
 .bss           0x00000000104022f4        0x0 /home/src/arm/target/bin/../arm-none-eabi/lib//libc.a(lib_a-putc.o)
 .bss           0x00000000104022f4        0x0 /home/src/arm/target/bin/../arm-none-eabi/lib//libc.a(lib_a-realloc.o)
 .bss           0x00000000104022f4        0x0 /home/src/arm/target/bin/../arm-none-eabi/lib//libc.a(lib_a-reallocr.o)
 .bss           0x00000000104022f4        0x0 /home/src/arm/target/bin/../arm-none-eabi/lib//libc.a(lib_a-rget.o)
 .bss           0x00000000104022f4        0x0 /home/src/arm/target/bin/../arm-none-eabi/lib//libc.a(lib_a-sbrkr.o)
 .bss           0x00000000104022f4       0xb0 /home/src/arm/target/bin/../arm-none-eabi/lib//libc.a(lib_a-syscalls.o)
 .bss           0x00000000104023a4        0x0 /home/src/arm/target/bin/../arm-none-eabi/lib//libc.a(lib_a-vfiprintf.o)
 .bss           0x00000000104023a4        0x0 /home/src/arm/target/bin/../arm-none-eabi/lib//libc.a(lib_a-vfprintf.o)
 .bss           0x00000000104023a4        0x0 /home/src/arm/target/bin/../arm-none-eabi/lib//libc.a(lib_a-vprintf.o)
 .bss           0x00000000104023a4        0x0 /home/src/arm/target/bin/../arm-none-eabi/lib//libc.a(lib_a-wbuf.o)
 .bss           0x00000000104023a4        0x0 /home/src/arm/target/bin/../arm-none-eabi/lib//libc.a(lib_a-wsetup.o)
 .bss           0x00000000104023a4        0x0 /home/src/arm/target/bin/../arm-none-eabi/lib//libc.a(lib_a-abort.o)
 .bss           0x00000000104023a4        0x0 /home/src/arm/target/bin/../arm-none-eabi/lib//libc.a(lib_a-dtoa.o)
 .bss           0x00000000104023a4        0x0 /home/src/arm/target/bin/../arm-none-eabi/lib//libc.a(lib_a-errno.o)
 .bss           0x00000000104023a4        0x0 /home/src/arm/target/bin/../arm-none-eabi/lib//libc.a(lib_a-fflush.o)
 .bss           0x00000000104023a4        0x0 /home/src/arm/target/bin/../arm-none-eabi/lib//libc.a(lib_a-findfp.o)
 .bss           0x00000000104023a4        0x0 /home/src/arm/target/bin/../arm-none-eabi/lib//libc.a(lib_a-fputwc.o)
 .bss           0x00000000104023a4        0x0 /home/src/arm/target/bin/../arm-none-eabi/lib//libc.a(lib_a-freer.o)
 .bss           0x00000000104023a4        0x0 /home/src/arm/target/bin/../arm-none-eabi/lib//libc.a(lib_a-fvwrite.o)
 .bss           0x00000000104023a4        0x0 /home/src/arm/target/bin/../arm-none-eabi/lib//libc.a(lib_a-fwalk.o)
 .bss           0x00000000104023a4        0xc /home/src/arm/target/bin/../arm-none-eabi/lib//libc.a(lib_a-locale.o)
                0x00000000104023a4                _PathLocale
                0x00000000104023a8                __mlocale_changed
                0x00000000104023ac                __nlocale_changed
 .bss           0x00000000104023b0        0x0 /home/src/arm/target/bin/../arm-none-eabi/lib//libc.a(lib_a-makebuf.o)
 .bss           0x00000000104023b0        0x0 /home/src/arm/target/bin/../arm-none-eabi/lib//libc.a(lib_a-memchr-stub.o)
 .bss           0x00000000104023b0        0x0 /home/src/arm/target/bin/../arm-none-eabi/lib//libc.a(lib_a-memmove.o)
 .bss           0x00000000104023b0        0x0 /home/src/arm/target/bin/../arm-none-eabi/lib//libc.a(lib_a-mprec.o)
 .bss           0x00000000104023b0        0x0 /home/src/arm/target/bin/../arm-none-eabi/lib//libc.a(lib_a-reent.o)
 .bss           0x00000000104023b0        0x0 /home/src/arm/target/bin/../arm-none-eabi/lib//libc.a(lib_a-refill.o)
 .bss           0x00000000104023b0        0x0 /home/src/arm/target/bin/../arm-none-eabi/lib//libc.a(lib_a-s_fpclassify.o)
 .bss           0x00000000104023b0        0x0 /home/src/arm/target/bin/../arm-none-eabi/lib//libc.a(lib_a-signal.o)
 .bss           0x00000000104023b0        0x0 /home/src/arm/target/bin/../arm-none-eabi/lib//libc.a(lib_a-signalr.o)
 .bss           0x00000000104023b0        0x0 /home/src/arm/target/bin/../arm-none-eabi/lib//libc.a(lib_a-stdio.o)
 .bss           0x00000000104023b0        0x0 /home/src/arm/target/bin/../arm-none-eabi/lib//libc.a(lib_a-strcmp.o)
 .bss           0x00000000104023b0        0x0 /home/src/arm/target/bin/../arm-none-eabi/lib//libc.a(lib_a-strlen.o)
 .bss           0x00000000104023b0        0x0 /home/src/arm/target/bin/../arm-none-eabi/lib//libc.a(lib_a-wcrtomb.o)
 .bss           0x00000000104023b0        0x0 /home/src/arm/target/bin/../arm-none-eabi/lib//libc.a(lib_a-wctomb_r.o)
 .bss           0x00000000104023b0        0x0 /home/src/arm/target/bin/../arm-none-eabi/lib//libc.a(lib_a-writer.o)
 .bss           0x00000000104023b0        0x0 /home/src/arm/target/bin/../arm-none-eabi/lib//libc.a(lib_a-callocr.o)
 .bss           0x00000000104023b0        0x0 /home/src/arm/target/bin/../arm-none-eabi/lib//libc.a(lib_a-closer.o)
 .bss           0x00000000104023b0        0x0 /home/src/arm/target/bin/../arm-none-eabi/lib//libc.a(lib_a-fclose.o)
 .bss           0x00000000104023b0        0x0 /home/src/arm/target/bin/../arm-none-eabi/lib//libc.a(lib_a-fstatr.o)
 .bss           0x00000000104023b0        0x0 /home/src/arm/target/bin/../arm-none-eabi/lib//libc.a(lib_a-isattyr.o)
 .bss           0x00000000104023b0        0x0 /home/src/arm/target/bin/../arm-none-eabi/lib//libc.a(lib_a-lseekr.o)
 .bss           0x00000000104023b0        0x0 /home/src/arm/target/bin/../arm-none-eabi/lib//libc.a(lib_a-readr.o)
 .bss           0x00000000104023b0        0x0 /home/src/arm/target/bin/../lib/gcc/arm-none-eabi/4.8.2//libgcc.a(_udivsi3.o)
 .bss           0x00000000104023b0        0x0 /home/src/arm/target/bin/../lib/gcc/arm-none-eabi/4.8.2//libgcc.a(_divsi3.o)
 .bss           0x00000000104023b0        0x0 /home/src/arm/target/bin/../lib/gcc/arm-none-eabi/4.8.2//libgcc.a(_dvmd_tls.o)
 .bss           0x00000000104023b0        0x0 /home/src/arm/target/bin/../lib/gcc/arm-none-eabi/4.8.2//libgcc.a(_arm_addsubdf3.o)
 .bss           0x00000000104023b0        0x0 /home/src/arm/target/bin/../lib/gcc/arm-none-eabi/4.8.2//libgcc.a(_arm_muldivdf3.o)
 .bss           0x00000000104023b0        0x0 /home/src/arm/target/bin/../lib/gcc/arm-none-eabi/4.8.2//libgcc.a(_arm_cmpdf2.o)
 .bss           0x00000000104023b0        0x0 /home/src/arm/target/bin/../lib/gcc/arm-none-eabi/4.8.2//libgcc.a(_arm_fixdfsi.o)
 .bss           0x00000000104023b0        0x0 /home/src/arm/target/bin/../lib/gcc/arm-none-eabi/4.8.2//libgcc.a(_aeabi_uldivmod.o)
 .bss           0x00000000104023b0        0x0 /home/src/arm/target/bin/../lib/gcc/arm-none-eabi/4.8.2//libgcc.a(bpabi.o)
 .bss           0x00000000104023b0        0x0 /home/src/arm/target/bin/../lib/gcc/arm-none-eabi/4.8.2//libgcc.a(_divdi3.o)
 .bss           0x00000000104023b0        0x0 /home/src/arm/target/bin/../lib/gcc/arm-none-eabi/4.8.2//libgcc.a(_udivdi3.o)
 .bss           0x00000000104023b0        0x0 /home/src/arm/target/bin/../lib/gcc/arm-none-eabi/4.8.2//libgcc.a(_clzsi2.o)
 *(COMMON)
 COMMON         0x00000000104023b0        0x4 /home/src/arm/target/bin/../arm-none-eabi/lib//libc.a(lib_a-reent.o)
                0x00000000104023b0                errno
 *(.bss)
                0x00000000104023b4                __bss_end__ = .

.stacks         0x00000000104023b4     0xc000
                0x00000000104023b4                __stacks_start = .
                0x000000001040e3b4                . = (. + 0xc000)
 *fill*         0x00000000104023b4     0xc000 
                0x000000001040e3b4                __stacks_end = .
                0x000000001040e3b4                top_of_stacks = .
                0x000000001040e3c0                free_memory_start = ALIGN (0x20)
                0x000000001840e3b4                . = (. + 0x8000000)
                0x000000001840e3b4                free_memory_end = .
                0x000000001840e3b4                _end = .
                0x000000001840e3b4                PROVIDE (end, .)
START GROUP
LOAD /home/leon/git/swp-report/iMX6_Platform_SDK/output/mx6sdl/caam_blob_gen/smart_device_rev_b/obj/apps/caam_blob_gen/src/caam_blob_gen.o
LOAD /home/leon/git/swp-report/iMX6_Platform_SDK/output/mx6sdl/caam_blob_gen/smart_device_rev_b/obj/apps/common/ivt.o
LOAD /home/leon/git/swp-report/iMX6_Platform_SDK/output/mx6sdl/caam_blob_gen/smart_device_rev_b/obj/apps/common/platform_init.o
LOAD /home/leon/git/swp-report/iMX6_Platform_SDK/output/mx6sdl/lib/libsdk.a
LOAD /home/leon/git/swp-report/iMX6_Platform_SDK/output/mx6sdl/lib/libboard_smart_device_rev_b.a
LOAD /home/src/arm/target/bin/../arm-none-eabi/lib//libm.a
LOAD /home/src/arm/target/bin/../arm-none-eabi/lib//libstdc++.a
LOAD /home/src/arm/target/bin/../arm-none-eabi/lib//libc.a
LOAD /home/src/arm/target/bin/../lib/gcc/arm-none-eabi/4.8.2//libgcc.a
END GROUP
OUTPUT(/home/leon/git/swp-report/iMX6_Platform_SDK/output/mx6sdl/caam_blob_gen/smart_device_rev_b/caam_blob_gen.elf elf32-littlearm)

.comment        0x0000000000000000       0x11
 .comment       0x0000000000000000       0x11 /home/src/arm/target/bin/../lib/gcc/arm-none-eabi/4.8.2//crtbegin.o
                                         0x12 (size before relaxing)
 .comment       0x0000000000000000       0x12 /home/src/arm/target/bin/../lib/gcc/arm-none-eabi/4.8.2//crtend.o
 .comment       0x0000000000000000       0x12 /home/leon/git/swp-report/iMX6_Platform_SDK/output/mx6sdl/caam_blob_gen/smart_device_rev_b/obj/apps/caam_blob_gen/src/caam_blob_gen.o
 .comment       0x0000000000000000       0x12 /home/leon/git/swp-report/iMX6_Platform_SDK/output/mx6sdl/caam_blob_gen/smart_device_rev_b/obj/apps/common/ivt.o
 .comment       0x0000000000000000       0x12 /home/leon/git/swp-report/iMX6_Platform_SDK/output/mx6sdl/caam_blob_gen/smart_device_rev_b/obj/apps/common/platform_init.o
 .comment       0x0000000000000000       0x12 /home/leon/git/swp-report/iMX6_Platform_SDK/output/mx6sdl/lib/libsdk.a(ccm_pll.o)
 .comment       0x0000000000000000       0x12 /home/leon/git/swp-report/iMX6_Platform_SDK/output/mx6sdl/lib/libsdk.a(gic.o)
 .comment       0x0000000000000000       0x12 /home/leon/git/swp-report/iMX6_Platform_SDK/output/mx6sdl/lib/libsdk.a(mmu.o)
 .comment       0x0000000000000000       0x12 /home/leon/git/swp-report/iMX6_Platform_SDK/output/mx6sdl/lib/libsdk.a(system_util.o)
 .comment       0x0000000000000000       0x12 /home/leon/git/swp-report/iMX6_Platform_SDK/output/mx6sdl/lib/libsdk.a(text_color.o)
 .comment       0x0000000000000000       0x12 /home/leon/git/swp-report/iMX6_Platform_SDK/output/mx6sdl/lib/libsdk.a(caam.o)
 .comment       0x0000000000000000       0x12 /home/leon/git/swp-report/iMX6_Platform_SDK/output/mx6sdl/lib/libsdk.a(timer.o)
 .comment       0x0000000000000000       0x12 /home/leon/git/swp-report/iMX6_Platform_SDK/output/mx6sdl/lib/libsdk.a(imx_uart.o)
 .comment       0x0000000000000000       0x12 /home/leon/git/swp-report/iMX6_Platform_SDK/output/mx6sdl/lib/libsdk.a(interrupt.o)
 .comment       0x0000000000000000       0x12 /home/leon/git/swp-report/iMX6_Platform_SDK/output/mx6sdl/lib/libsdk.a(epit.o)
 .comment       0x0000000000000000       0x12 /home/leon/git/swp-report/iMX6_Platform_SDK/output/mx6sdl/lib/libsdk.a(abort_handler.o)
 .comment       0x0000000000000000       0x12 /home/leon/git/swp-report/iMX6_Platform_SDK/output/mx6sdl/lib/libboard_smart_device_rev_b.a(board_io_expanders.o)
 .comment       0x0000000000000000       0x12 /home/leon/git/swp-report/iMX6_Platform_SDK/output/mx6sdl/lib/libboard_smart_device_rev_b.a(hardware_modules.o)
 .comment       0x0000000000000000       0x12 /home/leon/git/swp-report/iMX6_Platform_SDK/output/mx6sdl/lib/libboard_smart_device_rev_b.a(dcd.o)
 .comment       0x0000000000000000       0x12 /home/leon/git/swp-report/iMX6_Platform_SDK/output/mx6sdl/lib/libboard_smart_device_rev_b.a(uart_iomux_config.o)
 .comment       0x0000000000000000       0x12 /home/leon/git/swp-report/iMX6_Platform_SDK/output/mx6sdl/lib/libboard_smart_device_rev_b.a(iomux_config.o)
 .comment       0x0000000000000000       0x12 /home/leon/git/swp-report/iMX6_Platform_SDK/output/mx6sdl/lib/libboard_smart_device_rev_b.a(ipu1_iomux_config.o)
 .comment       0x0000000000000000       0x12 /home/leon/git/swp-report/iMX6_Platform_SDK/output/mx6sdl/lib/libboard_smart_device_rev_b.a(mmdc_iomux_config.o)
 .comment       0x0000000000000000       0x12 /home/leon/git/swp-report/iMX6_Platform_SDK/output/mx6sdl/lib/libboard_smart_device_rev_b.a(pwm1_iomux_config.o)
 .comment       0x0000000000000000       0x12 /home/leon/git/swp-report/iMX6_Platform_SDK/output/mx6sdl/lib/libboard_smart_device_rev_b.a(sjc_iomux_config.o)
 .comment       0x0000000000000000       0x12 /home/leon/git/swp-report/iMX6_Platform_SDK/output/mx6sdl/lib/libboard_smart_device_rev_b.a(uart1_iomux_config.o)
 .comment       0x0000000000000000       0x12 /home/leon/git/swp-report/iMX6_Platform_SDK/output/mx6sdl/lib/libboard_smart_device_rev_b.a(usb_iomux_config.o)
 .comment       0x0000000000000000       0x12 /home/leon/git/swp-report/iMX6_Platform_SDK/output/mx6sdl/lib/libboard_smart_device_rev_b.a(usdhc2_iomux_config.o)
 .comment       0x0000000000000000       0x12 /home/leon/git/swp-report/iMX6_Platform_SDK/output/mx6sdl/lib/libboard_smart_device_rev_b.a(usdhc3_iomux_config.o)
 .comment       0x0000000000000000       0x12 /home/leon/git/swp-report/iMX6_Platform_SDK/output/mx6sdl/lib/libboard_smart_device_rev_b.a(usdhc4_iomux_config.o)
 .comment       0x0000000000000000       0x12 /home/leon/git/swp-report/iMX6_Platform_SDK/output/mx6sdl/lib/libboard_smart_device_rev_b.a(audmux_iomux_config.o)
 .comment       0x0000000000000000       0x12 /home/leon/git/swp-report/iMX6_Platform_SDK/output/mx6sdl/lib/libboard_smart_device_rev_b.a(ccm_iomux_config.o)
 .comment       0x0000000000000000       0x12 /home/leon/git/swp-report/iMX6_Platform_SDK/output/mx6sdl/lib/libboard_smart_device_rev_b.a(ecspi1_iomux_config.o)
 .comment       0x0000000000000000       0x12 /home/leon/git/swp-report/iMX6_Platform_SDK/output/mx6sdl/lib/libboard_smart_device_rev_b.a(enet_iomux_config.o)
 .comment       0x0000000000000000       0x12 /home/leon/git/swp-report/iMX6_Platform_SDK/output/mx6sdl/lib/libboard_smart_device_rev_b.a(epdc_iomux_config.o)
 .comment       0x0000000000000000       0x12 /home/leon/git/swp-report/iMX6_Platform_SDK/output/mx6sdl/lib/libboard_smart_device_rev_b.a(flexcan1_iomux_config.o)
 .comment       0x0000000000000000       0x12 /home/leon/git/swp-report/iMX6_Platform_SDK/output/mx6sdl/lib/libboard_smart_device_rev_b.a(gpio1_iomux_config.o)
 .comment       0x0000000000000000       0x12 /home/leon/git/swp-report/iMX6_Platform_SDK/output/mx6sdl/lib/libboard_smart_device_rev_b.a(gpio2_iomux_config.o)
 .comment       0x0000000000000000       0x12 /home/leon/git/swp-report/iMX6_Platform_SDK/output/mx6sdl/lib/libboard_smart_device_rev_b.a(gpio3_iomux_config.o)
 .comment       0x0000000000000000       0x12 /home/leon/git/swp-report/iMX6_Platform_SDK/output/mx6sdl/lib/libboard_smart_device_rev_b.a(gpio4_iomux_config.o)
 .comment       0x0000000000000000       0x12 /home/leon/git/swp-report/iMX6_Platform_SDK/output/mx6sdl/lib/libboard_smart_device_rev_b.a(gpio5_iomux_config.o)
 .comment       0x0000000000000000       0x12 /home/leon/git/swp-report/iMX6_Platform_SDK/output/mx6sdl/lib/libboard_smart_device_rev_b.a(gpio6_iomux_config.o)
 .comment       0x0000000000000000       0x12 /home/leon/git/swp-report/iMX6_Platform_SDK/output/mx6sdl/lib/libboard_smart_device_rev_b.a(gpio7_iomux_config.o)
 .comment       0x0000000000000000       0x12 /home/leon/git/swp-report/iMX6_Platform_SDK/output/mx6sdl/lib/libboard_smart_device_rev_b.a(gps_iomux_config.o)