Archive member included because of file (symbol)

/home/leon/git/swp-report/iMX6_Platform_SDK/output/mx6sdl/lib/libsdk.a(usb_hid.o)
                              /home/leon/git/swp-report/iMX6_Platform_SDK/output/mx6sdl/usb_hid_mouse/smart_device_rev_b/obj/apps/usb_hid_mouse/src/mouse_button.o (USB_Class_HID_Init)
/home/leon/git/swp-report/iMX6_Platform_SDK/output/mx6sdl/lib/libsdk.a(usb_class.o)
                              /home/leon/git/swp-report/iMX6_Platform_SDK/output/mx6sdl/lib/libsdk.a(usb_hid.o) (USB_Class_Init)
/home/leon/git/swp-report/iMX6_Platform_SDK/output/mx6sdl/lib/libsdk.a(usb_framework.o)
                              /home/leon/git/swp-report/iMX6_Platform_SDK/output/mx6sdl/lib/libsdk.a(usb_class.o) (USB_Framework_Init)
/home/leon/git/swp-report/iMX6_Platform_SDK/output/mx6sdl/lib/libsdk.a(usb_dci_imx6.o)
                              /home/leon/git/swp-report/iMX6_Platform_SDK/output/mx6sdl/lib/libsdk.a(usb_framework.o) (_usb_device_recv_data)
/home/leon/git/swp-report/iMX6_Platform_SDK/output/mx6sdl/lib/libsdk.a(usb_driver.o)
                              /home/leon/git/swp-report/iMX6_Platform_SDK/output/mx6sdl/lib/libsdk.a(usb_hid.o) (_usb_device_init)
/home/leon/git/swp-report/iMX6_Platform_SDK/output/mx6sdl/lib/libsdk.a(ccm_pll.o)
                              /home/leon/git/swp-report/iMX6_Platform_SDK/output/mx6sdl/usb_hid_mouse/smart_device_rev_b/obj/apps/common/platform_init.o (ccm_init)
/home/leon/git/swp-report/iMX6_Platform_SDK/output/mx6sdl/lib/libsdk.a(cortexA9.o)
                              /home/leon/git/swp-report/iMX6_Platform_SDK/output/mx6sdl/usb_hid_mouse/smart_device_rev_b/obj/apps/common/platform_init.o (arm_set_interrupt_state)
/home/leon/git/swp-report/iMX6_Platform_SDK/output/mx6sdl/lib/libsdk.a(gic.o)
                              /home/leon/git/swp-report/iMX6_Platform_SDK/output/mx6sdl/usb_hid_mouse/smart_device_rev_b/obj/apps/common/platform_init.o (gic_init)
/home/leon/git/swp-report/iMX6_Platform_SDK/output/mx6sdl/lib/libsdk.a(interrupt.o)
                              /home/leon/git/swp-report/iMX6_Platform_SDK/output/mx6sdl/lib/libsdk.a(usb_dci_imx6.o) (enable_interrupt)
/home/leon/git/swp-report/iMX6_Platform_SDK/output/mx6sdl/lib/libsdk.a(mmu.o)
                              /home/leon/git/swp-report/iMX6_Platform_SDK/output/mx6sdl/usb_hid_mouse/smart_device_rev_b/obj/apps/common/platform_init.o (mmu_init)
/home/leon/git/swp-report/iMX6_Platform_SDK/output/mx6sdl/lib/libsdk.a(startup.o)
                              (_start)
/home/leon/git/swp-report/iMX6_Platform_SDK/output/mx6sdl/lib/libsdk.a(vectors.o)
                              /home/leon/git/swp-report/iMX6_Platform_SDK/output/mx6sdl/lib/libsdk.a(startup.o) (vectors)
/home/leon/git/swp-report/iMX6_Platform_SDK/output/mx6sdl/lib/libsdk.a(system_util.o)
                              /home/leon/git/swp-report/iMX6_Platform_SDK/output/mx6sdl/lib/libsdk.a(startup.o) (_sys_exit)
/home/leon/git/swp-report/iMX6_Platform_SDK/output/mx6sdl/lib/libsdk.a(text_color.o)
                              /home/leon/git/swp-report/iMX6_Platform_SDK/output/mx6sdl/lib/libsdk.a(system_util.o) (g_TextAttributeBold)
/home/leon/git/swp-report/iMX6_Platform_SDK/output/mx6sdl/lib/libsdk.a(timer.o)
                              /home/leon/git/swp-report/iMX6_Platform_SDK/output/mx6sdl/usb_hid_mouse/smart_device_rev_b/obj/apps/usb_hid_mouse/src/mouse_button.o (hal_delay_us)
/home/leon/git/swp-report/iMX6_Platform_SDK/output/mx6sdl/lib/libsdk.a(imx_uart.o)
                              /home/leon/git/swp-report/iMX6_Platform_SDK/output/mx6sdl/usb_hid_mouse/smart_device_rev_b/obj/apps/common/platform_init.o (uart_getchar)
/home/leon/git/swp-report/iMX6_Platform_SDK/output/mx6sdl/lib/libsdk.a(arm_abort.o)
                              /home/leon/git/swp-report/iMX6_Platform_SDK/output/mx6sdl/lib/libsdk.a(vectors.o) (data_abort_handler)
/home/leon/git/swp-report/iMX6_Platform_SDK/output/mx6sdl/lib/libsdk.a(epit.o)
                              /home/leon/git/swp-report/iMX6_Platform_SDK/output/mx6sdl/lib/libsdk.a(timer.o) (epit_get_compare_event)
/home/leon/git/swp-report/iMX6_Platform_SDK/output/mx6sdl/lib/libsdk.a(abort_handler.o)
                              /home/leon/git/swp-report/iMX6_Platform_SDK/output/mx6sdl/lib/libsdk.a(arm_abort.o) (dump_regs)
/home/leon/git/swp-report/iMX6_Platform_SDK/output/mx6sdl/lib/libboard_smart_device_rev_b.a(board_io_expanders.o)
                              /home/leon/git/swp-report/iMX6_Platform_SDK/output/mx6sdl/usb_hid_mouse/smart_device_rev_b/obj/apps/common/platform_init.o (board_ioexpander_init)
/home/leon/git/swp-report/iMX6_Platform_SDK/output/mx6sdl/lib/libboard_smart_device_rev_b.a(hardware_modules.o)
                              /home/leon/git/swp-report/iMX6_Platform_SDK/output/mx6sdl/usb_hid_mouse/smart_device_rev_b/obj/apps/common/platform_init.o (g_debug_uart_port)
/home/leon/git/swp-report/iMX6_Platform_SDK/output/mx6sdl/lib/libboard_smart_device_rev_b.a(dcd.o)
[...]
Memory Configuration

Name             Origin             Length             Attributes
OCRAM            0x0000000000900000 0x0000000000020000 xrw
DDR              0x0000000010000000 0x0000000040000000 xrw
*default*        0x0000000000000000 0xffffffffffffffff

Linker script and memory map

LOAD /home/src/arm/target/bin/../lib/gcc/arm-none-eabi/4.8.2//crtbegin.o
LOAD /home/src/arm/target/bin/../lib/gcc/arm-none-eabi/4.8.2//crti.o
LOAD /home/src/arm/target/bin/../lib/gcc/arm-none-eabi/4.8.2//crtend.o
LOAD /home/src/arm/target/bin/../lib/gcc/arm-none-eabi/4.8.2//crtn.o

.l1_page_table  0x0000000000900000     0x4000
                0x0000000000900000                __l1_page_table_start = .
                0x0000000000904000                . = (. + 0x4000)
 *fill*         0x0000000000900000     0x4000 

.heap.ocram     0x0000000000904000    0x1bfb8
                0x0000000000904000                __heap_ocram_start = .
                0x000000000091ffb8                . = (. + 0x1bfb8)
 *fill*         0x0000000000904000    0x1bfb8 
                0x000000000091ffb8                __heap_ocram_end = .

.ram_vectors    0x000000000091ffb8       0x48
                0x000000000091ffb8                __ram_vectors_start = .
                0x0000000000920000                . = (. + 0x48)
 *fill*         0x000000000091ffb8       0x48 
                0x0000000000920000                __ram_vectors_end = .
                0x0000000010000000                _start_image_add = ORIGIN (DDR)

.ivt            0x0000000010000000      0x420
                0x0000000010000400                . = (. + 0x400)
 *fill*         0x0000000010000000      0x400 
 *(.ivt)
 .ivt           0x0000000010000400       0x20 /home/leon/git/swp-report/iMX6_Platform_SDK/output/mx6sdl/usb_hid_mouse/smart_device_rev_b/obj/apps/common/ivt.o
                0x0000000010000400                input_ivt

.boot_data      0x0000000010000420        0xc
                0x0000000010000420                __start_boot_data = .
 *(.boot_data)
 .boot_data     0x0000000010000420        0xc /home/leon/git/swp-report/iMX6_Platform_SDK/output/mx6sdl/usb_hid_mouse/smart_device_rev_b/obj/apps/common/ivt.o
                0x0000000010000420                bd

.dcd_hdr        0x0000000010000430        0x4
                0x0000000010000430                __start_dcd = .
 *(.dcd_hdr)
 .dcd_hdr       0x0000000010000430        0x4 /home/leon/git/swp-report/iMX6_Platform_SDK/output/mx6sdl/lib/libboard_smart_device_rev_b.a(dcd.o)
                0x0000000010000430                input_dcd_hdr

.dcd_wrt_cmd    0x0000000010000434        0x4
 *(.dcd_wrt_cmd)
 .dcd_wrt_cmd   0x0000000010000434        0x4 /home/leon/git/swp-report/iMX6_Platform_SDK/output/mx6sdl/lib/libboard_smart_device_rev_b.a(dcd.o)
                0x0000000010000434                input_dcd_wrt_cmd

.dcd_data       0x0000000010000438      0x298
 *(.dcd_data)
 .dcd_data      0x0000000010000438      0x298 /home/leon/git/swp-report/iMX6_Platform_SDK/output/mx6sdl/lib/libboard_smart_device_rev_b.a(dcd.o)
                0x0000000010000438                input_dcd

.text           0x00000000100006d0    0x1df18
 CREATE_OBJECT_SYMBOLS
 *(.startup)
 .startup       0x00000000100006d0      0x138 /home/leon/git/swp-report/iMX6_Platform_SDK/output/mx6sdl/lib/libsdk.a(startup.o)
                0x00000000100006d0                _start
 *(.text .text.* .gnu.linkonce.t.*)
 .text          0x0000000010000808      0x128 /home/src/arm/target/bin/../lib/gcc/arm-none-eabi/4.8.2//crtbegin.o
 .text          0x0000000010000930        0x0 /home/src/arm/target/bin/../lib/gcc/arm-none-eabi/4.8.2//crti.o
 .text          0x0000000010000930        0x0 /home/src/arm/target/bin/../lib/gcc/arm-none-eabi/4.8.2//crtend.o
 .text          0x0000000010000930        0x0 /home/src/arm/target/bin/../lib/gcc/arm-none-eabi/4.8.2//crtn.o
 .text          0x0000000010000930        0x0 /home/leon/git/swp-report/iMX6_Platform_SDK/output/mx6sdl/usb_hid_mouse/smart_device_rev_b/obj/apps/common/ivt.o
 .text          0x0000000010000930       0xbc /home/leon/git/swp-report/iMX6_Platform_SDK/output/mx6sdl/usb_hid_mouse/smart_device_rev_b/obj/apps/common/platform_init.o
                0x0000000010000930                platform_init
 .text          0x00000000100009ec      0x56c /home/leon/git/swp-report/iMX6_Platform_SDK/output/mx6sdl/usb_hid_mouse/smart_device_rev_b/obj/apps/usb_hid_mouse/src/mouse_button.o
                0x00000000100009ec                fillBuffer
                0x0000000010000e8c                TestApp_Init
                0x0000000010000f08                TestApp_Task
                0x0000000010000f34                main
 .text          0x0000000010000f58      0x4b4 /home/leon/git/swp-report/iMX6_Platform_SDK/output/mx6sdl/usb_hid_mouse/smart_device_rev_b/obj/apps/usb_hid_mouse/src/usb_descriptor.o
                0x0000000010000f58                USB_Desc_Get_Descriptor
                0x0000000010001208                USB_Desc_Get_Interface
                0x0000000010001268                USB_Desc_Set_Interface
                0x00000000100012c8                USB_Desc_Valid_Configation
                0x0000000010001340                USB_Desc_Valid_Interface
                0x00000000100013b8                USB_Desc_Remote_Wakeup
                0x00000000100013e0                USB_Desc_Get_Endpoints
 .text          0x000000001000140c      0xdc0 /home/leon/git/swp-report/iMX6_Platform_SDK/output/mx6sdl/lib/libsdk.a(usb_hid.o)
                0x00000000100014b4                USB_Service_Hid
                0x000000001000169c                USB_Class_Hid_Event
                0x0000000010001c50                USB_Class_HID_Init
                0x0000000010001e70                USB_Class_HID_DeInit
                0x0000000010001efc                USB_Class_HID_Send_Data
 .text          0x00000000100021cc      0x764 /home/leon/git/swp-report/iMX6_Platform_SDK/output/mx6sdl/lib/libsdk.a(usb_class.o)
                0x00000000100021cc                USB_Suspend_Service
                0x0000000010002218                USB_Resume_Service
                0x000000001000227c                USB_Stall_Service
                0x00000000100022dc                USB_Sof_Service
                0x000000001000239c                USB_Reset_Service
                0x0000000010002500                USB_Error_Service
                0x0000000010002548                USB_Class_Init
                0x00000000100026dc                USB_Class_DeInit
                0x0000000010002814                USB_Class_Send_Data
                0x0000000010002920                USB_Class_Periodic_Task
 .text          0x0000000010002930     0x1084 /home/leon/git/swp-report/iMX6_Platform_SDK/output/mx6sdl/lib/libsdk.a(usb_framework.o)
                0x0000000010002930                USB_Framework_Init
                0x00000000100029a8                USB_Framework_DeInit
                0x0000000010002a08                USB_Framework_Reset
                0x0000000010002a30                USB_Control_Service
 .text          0x00000000100039b4     0x30d8 /home/leon/git/swp-report/iMX6_Platform_SDK/output/mx6sdl/lib/libsdk.a(usb_dci_imx6.o)
                0x00000000100039b4                USB_DCI_Init
                0x0000000010003af8                USB_DCI_DeInit
                0x0000000010003b10                USB_DCI_Init_EndPoint
                0x0000000010003c30                _usb_device_cancel_transfer
                0x0000000010003c64                USB_DCI_Deinit_EndPoint
                0x0000000010003c9c                _usb_device_stall_endpoint
                0x0000000010003d84                _usb_device_unstall_endpoint
                0x0000000010003e6c                _usb_device_read_setup_data
                0x0000000010003e94                _usb_device_get_transfer_status
                0x0000000010003ec8                _usb_device_recv_data
                0x0000000010003f6c                _usb_device_send_data
                0x0000000010004014                _usb_device_set_address
                0x000000001000408c                _usb_device_shutdown
                0x00000000100040a8                _usb_device_assert_resume
                0x00000000100040c4                Clear_Mem
 .text          0x0000000010006a8c      0x6e0 /home/leon/git/swp-report/iMX6_Platform_SDK/output/mx6sdl/lib/libsdk.a(usb_driver.o)
                0x0000000010006b34                _usb_device_init
                0x0000000010006bcc                _usb_device_deinit
                0x0000000010006bf8                _usb_device_init_endpoint
                0x0000000010006cf0                _usb_device_deinit_endpoint
                0x0000000010006dc0                _usb_device_get_status
                0x0000000010006e74                _usb_device_set_status
                0x0000000010006fd0                _usb_device_register_service
                0x000000001000705c                _usb_device_unregister_service
                0x00000000100070e0                USB_Device_Call_Service
                0x000000001000714c                USB_NULL_CALLBACK
 .text          0x000000001000716c      0xc50 /home/leon/git/swp-report/iMX6_Platform_SDK/output/mx6sdl/lib/libsdk.a(ccm_pll.o)
                0x000000001000716c                ccm_init
                0x0000000010007290                get_main_clock
                0x000000001000751c                get_peri_clock
                0x00000000100076bc                ccm_ccgr_config
                0x0000000010007724                clock_gating_config
                0x0000000010007b5c                ccm_set_lpm_wakeup_source
                0x0000000010007c50                ccm_enter_low_power
                0x0000000010007cc0                ipu_hsp_clk_config
                0x0000000010007ce0                gpu_clock_config
 .text          0x0000000010007dbc      0x164 /home/leon/git/swp-report/iMX6_Platform_SDK/output/mx6sdl/lib/libsdk.a(cortexA9.o)
                0x0000000010007dbc                arm_set_interrupt_state
                0x0000000010007de0                cpu_get_current
                0x0000000010007dec                enable_neon_fpu
                0x0000000010007e08                disable_strict_align_check
                0x0000000010007e1c                disable_L1_cache
                0x0000000010007e3c                get_arm_private_peripheral_base
                0x0000000010007e44                arm_unified_tlb_invalidate
                0x0000000010007e54                arm_unified_tlb_invalidate_is
                0x0000000010007e64                arm_branch_prediction_enable
                0x0000000010007e74                arm_branch_prediction_disable
                0x0000000010007e84                arm_branch_target_cache_invalidate
                0x0000000010007e90                arm_branch_target_cache_invalidate_is
                0x0000000010007e9c                scu_enable
                0x0000000010007eb0                scu_join_smp
                0x0000000010007ec0                scu_leave_smp
                0x0000000010007ed0                scu_get_cpus_in_smp
                0x0000000010007ee4                scu_enable_maintenance_broadcast
                0x0000000010007ef4                scu_disable_maintenance_broadcast
                0x0000000010007f04                scu_secure_invalidate
 .text          0x0000000010007f20      0x5e0 /home/leon/git/swp-report/iMX6_Platform_SDK/output/mx6sdl/lib/libsdk.a(gic.o)
                0x0000000010008004                gic_enable
                0x0000000010008064                gic_set_irq_security
                0x000000001000810c                gic_enable_irq
                0x0000000010008188                gic_set_irq_priority
                0x00000000100081d0                gic_set_cpu_target
                0x00000000100082dc                gic_send_sgi
                0x0000000010008330                gic_cpu_enable
                0x0000000010008390                gic_set_cpu_priority_mask
                0x00000000100083c4                gic_read_irq_ack
                0x00000000100083f0                gic_write_end_of_irq
                0x0000000010008420                gic_init
                0x00000000100084c4                gic_init_cpu
 .text          0x0000000010008500      0x1b8 /home/leon/git/swp-report/iMX6_Platform_SDK/output/mx6sdl/lib/libsdk.a(interrupt.o)
                0x0000000010008500                IRQ_HDLR
                0x00000000100085c4                disable_interrupt
                0x0000000010008600                enable_interrupt
                0x0000000010008658                register_interrupt_routine
                0x000000001000868c                default_interrupt_routine
 .text          0x00000000100086b8      0x458 /home/leon/git/swp-report/iMX6_Platform_SDK/output/mx6sdl/lib/libsdk.a(mmu.o)
                0x00000000100086b8                mmu_enable
                0x00000000100086f0                mmu_disable
                0x0000000010008724                mmu_init
                0x0000000010008840                mmu_map_l1_range
                0x0000000010008a54                mmu_virtual_to_physical
 .text          0x0000000010008b10        0x0 /home/leon/git/swp-report/iMX6_Platform_SDK/output/mx6sdl/lib/libsdk.a(startup.o)
 .text          0x0000000010008b10        0x4 /home/leon/git/swp-report/iMX6_Platform_SDK/output/mx6sdl/lib/libsdk.a(vectors.o)
                0x0000000010008b10                exception_handler
 .text.vectors  0x0000000010008b14       0x48 /home/leon/git/swp-report/iMX6_Platform_SDK/output/mx6sdl/lib/libsdk.a(vectors.o)
                0x0000000010008b14                vectors
 .text          0x0000000010008b5c      0x8fc /home/leon/git/swp-report/iMX6_Platform_SDK/output/mx6sdl/lib/libsdk.a(system_util.o)
                0x0000000010008b5c                _sys_exit
                0x0000000010008b78                mybkpt
                0x0000000010008b80                is_input_char
                0x0000000010008d00                read_input_string
                0x0000000010008fe0                get_input_hex
                0x0000000010009258                read_int
                0x00000000100093b4                jump_to_sdp
 .text          0x0000000010009458       0xdc /home/leon/git/swp-report/iMX6_Platform_SDK/output/mx6sdl/lib/libsdk.a(text_color.o)
                0x0000000010009458                printf_color
                0x00000000100094f0                get_color_supported
 .text          0x0000000010009534      0x27c /home/leon/git/swp-report/iMX6_Platform_SDK/output/mx6sdl/lib/libsdk.a(timer.o)
                0x0000000010009534                hal_delay_us
                0x00000000100095a0                system_time_init
                0x00000000100096fc                time_get_microseconds
 .text          0x00000000100097b0     0x281c /home/leon/git/swp-report/iMX6_Platform_SDK/output/mx6sdl/lib/libsdk.a(imx_uart.o)
                0x00000000100097b0                uart_get_reffreq
                0x00000000100098ac                uart_putchar
                0x00000000100099fc                uart_getchar
                0x0000000010009b5c                uart_set_FIFO_mode
                0x000000001000a684                uart_set_loopback_mode
                0x000000001000a8d8                uart_setup_interrupt
                0x000000001000a9a4                uart_init
 .text          0x000000001000bfcc       0x98 /home/leon/git/swp-report/iMX6_Platform_SDK/output/mx6sdl/lib/libsdk.a(arm_abort.o)
                0x000000001000bfcc                common_abort_handler
                0x000000001000c02c                data_abort_handler
                0x000000001000c044                prefetch_abort_handler
 .text          0x000000001000c064      0x8dc /home/leon/git/swp-report/iMX6_Platform_SDK/output/mx6sdl/lib/libsdk.a(epit.o)
                0x000000001000c064                epit_reload_counter
                0x000000001000c0c4                epit_get_counter_value
                0x000000001000c120                epit_set_compare_event
                0x000000001000c180                epit_get_compare_event
                0x000000001000c278                epit_counter_disable
                0x000000001000c43c                epit_counter_enable
                0x000000001000c698                epit_setup_interrupt
                0x000000001000c728                epit_init
 .text          0x000000001000c940      0x4bc /home/leon/git/swp-report/iMX6_Platform_SDK/output/mx6sdl/lib/libsdk.a(abort_handler.o)
                0x000000001000c940                dump_regs
 .text          0x000000001000cdfc       0x20 /home/leon/git/swp-report/iMX6_Platform_SDK/output/mx6sdl/lib/libboard_smart_device_rev_b.a(board_io_expanders.o)
                0x000000001000cdfc                board_ioexpander_init
                0x000000001000ce0c                board_ioexpander_iomux_config
 .text          0x000000001000ce1c        0x0 /home/leon/git/swp-report/iMX6_Platform_SDK/output/mx6sdl/lib/libboard_smart_device_rev_b.a(hardware_modules.o)
 .text          0x000000001000ce1c        0x0 /home/leon/git/swp-report/iMX6_Platform_SDK/output/mx6sdl/lib/libboard_smart_device_rev_b.a(dcd.o)
 .text          0x000000001000ce1c       0x8c /home/leon/git/swp-report/iMX6_Platform_SDK/output/mx6sdl/lib/libboard_smart_device_rev_b.a(uart_iomux_config.o)
                0x000000001000ce1c                uart_iomux_config
 .text          0x000000001000cea8      0x2f8 /home/leon/git/swp-report/iMX6_Platform_SDK/output/mx6sdl/lib/libboard_smart_device_rev_b.a(iomux_config.o)
                0x000000001000cea8                iomux_config
                0x000000001000cf20                arm_iomux_config
                0x000000001000cf30                asrc_iomux_config
                0x000000001000cf40                dcic1_iomux_config
                0x000000001000cf50                dcic2_iomux_config
                0x000000001000cf60                ecspi2_iomux_config
                0x000000001000cf70                ecspi3_iomux_config
                0x000000001000cf80                ecspi4_iomux_config
                0x000000001000cf90                eim_iomux_config
                0x000000001000cfa0                epit1_iomux_config
                0x000000001000cfb0                epit2_iomux_config
                0x000000001000cfc0                esai_iomux_config
                0x000000001000cfd0                flexcan2_iomux_config
                0x000000001000cfe0                gpmi_iomux_config
                0x000000001000cff0                gpt_iomux_config
                0x000000001000d000                hdmi_iomux_config
                0x000000001000d010                i2c4_iomux_config
                0x000000001000d020                kpp_iomux_config
                0x000000001000d030                lcd_iomux_config
                0x000000001000d040                ldb_iomux_config
                0x000000001000d050                mipi_csi_iomux_config
                0x000000001000d060                mipi_dsi_iomux_config
                0x000000001000d070                mipi_hsi_iomux_config
                0x000000001000d080                mlb_iomux_config
                0x000000001000d090                pcie_iomux_config
                0x000000001000d0a0                pmu_iomux_config
                0x000000001000d0b0                pwm2_iomux_config
                0x000000001000d0c0                pwm3_iomux_config
                0x000000001000d0d0                pwm4_iomux_config
                0x000000001000d0e0                sdma_iomux_config
                0x000000001000d0f0                snvs_iomux_config
                0x000000001000d100                spdif_iomux_config
                0x000000001000d110                src_iomux_config
                0x000000001000d120                uart2_iomux_config
                0x000000001000d130                uart3_iomux_config
                0x000000001000d140                uart4_iomux_config
                0x000000001000d150                uart5_iomux_config
                0x000000001000d160                usdhc1_iomux_config
                0x000000001000d170                wdog1_iomux_config
                0x000000001000d180                wdog2_iomux_config
                0x000000001000d190                xtalosc_iomux_config
 .text          0x000000001000d1a0      0x424 /home/leon/git/swp-report/iMX6_Platform_SDK/output/mx6sdl/lib/libboard_smart_device_rev_b.a(ipu1_iomux_config.o)
                0x000000001000d1a0                ipu1_iomux_config
 .text          0x000000001000d5c4     0x2484 /home/leon/git/swp-report/iMX6_Platform_SDK/output/mx6sdl/lib/libboard_smart_device_rev_b.a(mmdc_iomux_config.o)
                0x000000001000d5c4                mmdc_iomux_config
 .text          0x000000001000fa48       0x34 /home/leon/git/swp-report/iMX6_Platform_SDK/output/mx6sdl/lib/libboard_smart_device_rev_b.a(pwm1_iomux_config.o)
                0x000000001000fa48                pwm1_iomux_config
 .text          0x000000001000fa7c       0x70 /home/leon/git/swp-report/iMX6_Platform_SDK/output/mx6sdl/lib/libboard_smart_device_rev_b.a(sjc_iomux_config.o)
                0x000000001000fa7c                sjc_iomux_config
 .text          0x000000001000faec       0x78 /home/leon/git/swp-report/iMX6_Platform_SDK/output/mx6sdl/lib/libboard_smart_device_rev_b.a(uart1_iomux_config.o)
                0x000000001000faec                uart1_iomux_config
 .text          0x000000001000fb64       0x78 /home/leon/git/swp-report/iMX6_Platform_SDK/output/mx6sdl/lib/libboard_smart_device_rev_b.a(usb_iomux_config.o)
                0x000000001000fb64                usb_iomux_config
 .text          0x000000001000fbdc      0x188 /home/leon/git/swp-report/iMX6_Platform_SDK/output/mx6sdl/lib/libboard_smart_device_rev_b.a(usdhc2_iomux_config.o)
                0x000000001000fbdc                usdhc2_iomux_config
 .text          0x000000001000fd64      0x188 /home/leon/git/swp-report/iMX6_Platform_SDK/output/mx6sdl/lib/libboard_smart_device_rev_b.a(usdhc3_iomux_config.o)
                0x000000001000fd64                usdhc3_iomux_config
 .text          0x000000001000feec      0x188 /home/leon/git/swp-report/iMX6_Platform_SDK/output/mx6sdl/lib/libboard_smart_device_rev_b.a(usdhc4_iomux_config.o)
                0x000000001000feec                usdhc4_iomux_config
 .text          0x0000000010010074       0xa0 /home/leon/git/swp-report/iMX6_Platform_SDK/output/mx6sdl/lib/libboard_smart_device_rev_b.a(audmux_iomux_config.o)
                0x0000000010010074                audmux_iomux_config
 .text          0x0000000010010114       0x34 /home/leon/git/swp-report/iMX6_Platform_SDK/output/mx6sdl/lib/libboard_smart_device_rev_b.a(ccm_iomux_config.o)
                0x0000000010010114                ccm_iomux_config
 .text          0x0000000010010148       0xe0 /home/leon/git/swp-report/iMX6_Platform_SDK/output/mx6sdl/lib/libboard_smart_device_rev_b.a(ecspi1_iomux_config.o)
                0x0000000010010148                ecspi1_iomux_config
 .text          0x0000000010010228      0x424 /home/leon/git/swp-report/iMX6_Platform_SDK/output/mx6sdl/lib/libboard_smart_device_rev_b.a(enet_iomux_config.o)
                0x0000000010010228                enet_iomux_config
 .text          0x000000001001064c      0x66c /home/leon/git/swp-report/iMX6_Platform_SDK/output/mx6sdl/lib/libboard_smart_device_rev_b.a(epdc_iomux_config.o)
                0x000000001001064c                epdc_iomux_config
 .text          0x0000000010010cb8       0x68 /home/leon/git/swp-report/iMX6_Platform_SDK/output/mx6sdl/lib/libboard_smart_device_rev_b.a(flexcan1_iomux_config.o)
                0x0000000010010cb8                flexcan1_iomux_config
 .text          0x0000000010010d20      0x208 /home/leon/git/swp-report/iMX6_Platform_SDK/output/mx6sdl/lib/libboard_smart_device_rev_b.a(gpio1_iomux_config.o)
                0x0000000010010d20                gpio1_iomux_config
 .text          0x0000000010010f28      0x164 /home/leon/git/swp-report/iMX6_Platform_SDK/output/mx6sdl/lib/libboard_smart_device_rev_b.a(gpio2_iomux_config.o)
                0x0000000010010f28                gpio2_iomux_config
 .text          0x000000001001108c      0x210 /home/leon/git/swp-report/iMX6_Platform_SDK/output/mx6sdl/lib/libboard_smart_device_rev_b.a(gpio3_iomux_config.o)
                0x000000001001108c                gpio3_iomux_config
 .text          0x000000001001129c       0xc4 /home/leon/git/swp-report/iMX6_Platform_SDK/output/mx6sdl/lib/libboard_smart_device_rev_b.a(gpio4_iomux_config.o)
                0x000000001001129c                gpio4_iomux_config
 .text          0x0000000010011360       0x74 /home/leon/git/swp-report/iMX6_Platform_SDK/output/mx6sdl/lib/libboard_smart_device_rev_b.a(gpio5_iomux_config.o)
                0x0000000010011360                gpio5_iomux_config
 .text          0x00000000100113d4      0x150 /home/leon/git/swp-report/iMX6_Platform_SDK/output/mx6sdl/lib/libboard_smart_device_rev_b.a(gpio6_iomux_config.o)
                0x00000000100113d4                gpio6_iomux_config
 .text          0x0000000010011524       0x7c /home/leon/git/swp-report/iMX6_Platform_SDK/output/mx6sdl/lib/libboard_smart_device_rev_b.a(gpio7_iomux_config.o)
                0x0000000010011524                gpio7_iomux_config
 .text          0x00000000100115a0       0xdc /home/leon/git/swp-report/iMX6_Platform_SDK/output/mx6sdl/lib/libboard_smart_device_rev_b.a(gps_iomux_config.o)
                0x00000000100115a0                gps_iomux_config
 .text          0x000000001001167c       0x78 /home/leon/git/swp-report/iMX6_Platform_SDK/output/mx6sdl/lib/libboard_smart_device_rev_b.a(i2c1_iomux_config.o)
                0x000000001001167c                i2c1_iomux_config
 .text          0x00000000100116f4       0x78 /home/leon/git/swp-report/iMX6_Platform_SDK/output/mx6sdl/lib/libboard_smart_device_rev_b.a(i2c2_iomux_config.o)
                0x00000000100116f4                i2c2_iomux_config
 .text          0x000000001001176c       0x78 /home/leon/git/swp-report/iMX6_Platform_SDK/output/mx6sdl/lib/libboard_smart_device_rev_b.a(i2c3_iomux_config.o)
                0x000000001001176c                i2c3_iomux_config
 .text          0x00000000100117e4       0xac /home/src/arm/target/bin/../arm-none-eabi/lib//libm.a(lib_a-sf_cos.o)
                0x00000000100117e4                cosf
 .text          0x0000000010011890       0xc4 /home/src/arm/target/bin/../arm-none-eabi/lib//libm.a(lib_a-sf_sin.o)
                0x0000000010011890                sinf
 .text          0x0000000010011954      0x464 /home/src/arm/target/bin/../arm-none-eabi/lib//libm.a(lib_a-ef_rem_pio2.o)
                0x0000000010011954                __ieee754_rem_pio2f
 .text          0x0000000010011db8      0x21c /home/src/arm/target/bin/../arm-none-eabi/lib//libm.a(lib_a-kf_cos.o)
                0x0000000010011db8                __kernel_cosf
 .text          0x0000000010011fd4      0x950 /home/src/arm/target/bin/../arm-none-eabi/lib//libm.a(lib_a-kf_rem_pio2.o)
                0x0000000010011fd4                __kernel_rem_pio2f
 .text          0x0000000010012924      0x144 /home/src/arm/target/bin/../arm-none-eabi/lib//libm.a(lib_a-kf_sin.o)
                0x0000000010012924                __kernel_sinf
 .text          0x0000000010012a68        0x8 /home/src/arm/target/bin/../arm-none-eabi/lib//libm.a(lib_a-sf_fabs.o)
                0x0000000010012a68                fabsf
 .text          0x0000000010012a70       0xd4 /home/src/arm/target/bin/../arm-none-eabi/lib//libm.a(lib_a-sf_floor.o)
                0x0000000010012a70                floorf
 .text          0x0000000010012b44      0x128 /home/src/arm/target/bin/../arm-none-eabi/lib//libm.a(lib_a-sf_scalbn.o)
                0x0000000010012b44                scalbnf
 .text          0x0000000010012c6c       0x10 /home/src/arm/target/bin/../arm-none-eabi/lib//libm.a(lib_a-sf_copysign.o)
                0x0000000010012c6c                copysignf
 .text          0x0000000010012c7c       0x64 /home/src/arm/target/bin/../arm-none-eabi/lib//libc.a(lib_a-assert.o)
                0x0000000010012c7c                __assert_func
                0x0000000010012cd0                __assert
 .text          0x0000000010012ce0       0x20 /home/src/arm/target/bin/../arm-none-eabi/lib//libc.a(lib_a-bzero.o)
                0x0000000010012ce0                bzero
 .text          0x0000000010012d00       0x70 /home/src/arm/target/bin/../arm-none-eabi/lib//libc.a(lib_a-fiprintf.o)
                0x0000000010012d00                _fiprintf_r
                0x0000000010012d30                fiprintf
 .text          0x0000000010012d70       0x8c /home/src/arm/target/bin/../arm-none-eabi/lib//libc.a(lib_a-fputc.o)
                0x0000000010012d70                _fputc_r
                0x0000000010012db4                fputc
 .text          0x0000000010012dfc        0x0 /home/src/arm/target/bin/../arm-none-eabi/lib//libc.a(lib_a-impure.o)
 .text          0x0000000010012dfc       0x88 /home/src/arm/target/bin/../arm-none-eabi/lib//libc.a(lib_a-init.o)
                0x0000000010012dfc                __libc_init_array
 .text          0x0000000010012e84       0x40 /home/src/arm/target/bin/../arm-none-eabi/lib//libc.a(lib_a-malloc.o)
                0x0000000010012e84                malloc
                0x0000000010012ea4                free
 .text          0x0000000010012ec4      0x72c /home/src/arm/target/bin/../arm-none-eabi/lib//libc.a(lib_a-mallocr.o)
                0x0000000010012ec4                _malloc_r
 .text          0x00000000100135f0       0xf0 /home/src/arm/target/bin/../arm-none-eabi/lib//libc.a(lib_a-memcpy-stub.o)
                0x00000000100135f0                memcpy
 .text          0x00000000100136e0       0xf4 /home/src/arm/target/bin/../arm-none-eabi/lib//libc.a(lib_a-memset.o)
                0x00000000100136e0                memset
 .text          0x00000000100137d4        0x8 /home/src/arm/target/bin/../arm-none-eabi/lib//libc.a(lib_a-mlock.o)
                0x00000000100137d4                __malloc_lock
                0x00000000100137d8                __malloc_unlock
 .text          0x00000000100137dc       0x74 /home/src/arm/target/bin/../arm-none-eabi/lib//libc.a(lib_a-printf.o)
                0x00000000100137dc                _printf_r
                0x0000000010013810                printf
 .text          0x0000000010013850      0x158 /home/src/arm/target/bin/../arm-none-eabi/lib//libc.a(lib_a-putc.o)
                0x0000000010013850                _putc_r
                0x00000000100138f4                putc
 .text          0x00000000100139a8       0x24 /home/src/arm/target/bin/../arm-none-eabi/lib//libc.a(lib_a-realloc.o)
                0x00000000100139a8                realloc
 .text          0x00000000100139cc      0x56c /home/src/arm/target/bin/../arm-none-eabi/lib//libc.a(lib_a-reallocr.o)
                0x00000000100139cc                _realloc_r
 .text          0x0000000010013f38       0x70 /home/src/arm/target/bin/../arm-none-eabi/lib//libc.a(lib_a-rget.o)
                0x0000000010013f38                __srget_r
                0x0000000010013f94                __srget
 .text          0x0000000010013fa8       0x44 /home/src/arm/target/bin/../arm-none-eabi/lib//libc.a(lib_a-sbrkr.o)
                0x0000000010013fa8                _sbrk_r
 .text          0x0000000010013fec      0x9f4 /home/src/arm/target/bin/../arm-none-eabi/lib//libc.a(lib_a-syscalls.o)
                0x00000000100140a0                initialise_monitor_handles
                0x0000000010014164                _swiread
                0x00000000100141a4                _read
                0x0000000010014268                _swilseek
                0x0000000010014374                _lseek
                0x0000000010014394                _swiwrite
                0x00000000100143d4                _write
                0x000000001001449c                _swiopen
                0x000000001001459c                _open
                0x00000000100145d0                _swiclose
                0x0000000010014648                _close
                0x0000000010014668                _kill
                0x00000000100146a0                _exit
                0x00000000100146c8                _getpid
                0x00000000100146d0                _sbrk
                0x0000000010014728                _fstat
                0x000000001001475c                _stat
                0x00000000100147b0                _link
                0x00000000100147b8                _unlink
                0x000000001001480c                _raise
                0x0000000010014810                _gettimeofday
                0x0000000010014860                _times
                0x00000000100148a4                _isatty
                0x00000000100148f4                _system
                0x0000000010014978                _rename
 .text          0x00000000100149e0     0x1238 /home/src/arm/target/bin/../arm-none-eabi/lib//libc.a(lib_a-vfiprintf.o)
                0x0000000010014a8c                __sprint_r
                0x0000000010014aa4                _vfiprintf_r
                0x0000000010015b20                vfiprintf
 .text          0x0000000010015c18     0x1e98 /home/src/arm/target/bin/../arm-none-eabi/lib//libc.a(lib_a-vfprintf.o)
                0x0000000010015c18                _vfprintf_r
                0x00000000100179b8                vfprintf
 .text          0x0000000010017ab0       0x48 /home/src/arm/target/bin/../arm-none-eabi/lib//libc.a(lib_a-vprintf.o)
                0x0000000010017ab0                vprintf
                0x0000000010017adc                _vprintf_r
 .text          0x0000000010017af8      0x13c /home/src/arm/target/bin/../arm-none-eabi/lib//libc.a(lib_a-wbuf.o)
                0x0000000010017af8                __swbuf_r
                0x0000000010017c1c                __swbuf
 .text          0x0000000010017c34      0x15c /home/src/arm/target/bin/../arm-none-eabi/lib//libc.a(lib_a-wsetup.o)
                0x0000000010017c34                __swsetup_r
 .text          0x0000000010017d90       0x14 /home/src/arm/target/bin/../arm-none-eabi/lib//libc.a(lib_a-abort.o)
                0x0000000010017d90                abort
 *fill*         0x0000000010017da4        0x4 
 .text          0x0000000010017da8     0x18d8 /home/src/arm/target/bin/../arm-none-eabi/lib//libc.a(lib_a-dtoa.o)
                0x0000000010017f88                _dtoa_r
 .text          0x0000000010019680       0x10 /home/src/arm/target/bin/../arm-none-eabi/lib//libc.a(lib_a-errno.o)
                0x0000000010019680                __errno
 .text          0x0000000010019690      0x2d4 /home/src/arm/target/bin/../arm-none-eabi/lib//libc.a(lib_a-fflush.o)
                0x0000000010019690                __sflush_r
                0x00000000100198d4                _fflush_r
                0x0000000010019928                fflush
 .text          0x0000000010019964      0x354 /home/src/arm/target/bin/../arm-none-eabi/lib//libc.a(lib_a-findfp.o)
                0x0000000010019974                _cleanup_r
                0x000000001001998c                __sfmoreglue
                0x00000000100199dc                _cleanup
                0x0000000010019a00                __sinit
                0x0000000010019b68                __sfp
                0x0000000010019c60                __sfp_lock_acquire
                0x0000000010019c64                __sfp_lock_release
                0x0000000010019c68                __sinit_lock_acquire
                0x0000000010019c6c                __sinit_lock_release
                0x0000000010019c70                __fp_lock_all
                0x0000000010019c94                __fp_unlock_all
 .text          0x0000000010019cb8      0x188 /home/src/arm/target/bin/../arm-none-eabi/lib//libc.a(lib_a-fputwc.o)
                0x0000000010019cb8                _fputwc_r
                0x0000000010019dfc                fputwc
 .text          0x0000000010019e40      0x36c /home/src/arm/target/bin/../arm-none-eabi/lib//libc.a(lib_a-freer.o)
                0x0000000010019e40                _malloc_trim_r
                0x0000000010019f40                _free_r
 .text          0x000000001001a1ac      0x4dc /home/src/arm/target/bin/../arm-none-eabi/lib//libc.a(lib_a-fvwrite.o)
                0x000000001001a1ac                __sfvwrite_r
 .text          0x000000001001a688      0x110 /home/src/arm/target/bin/../arm-none-eabi/lib//libc.a(lib_a-fwalk.o)
                0x000000001001a688                _fwalk
                0x000000001001a70c                _fwalk_reent
 .text          0x000000001001a798       0xd0 /home/src/arm/target/bin/../arm-none-eabi/lib//libc.a(lib_a-locale.o)
                0x000000001001a798                _setlocale_r
                0x000000001001a808                __locale_charset
                0x000000001001a814                __locale_mb_cur_max
                0x000000001001a824                __locale_msgcharset
                0x000000001001a830                __locale_cjk_lang
                0x000000001001a838                _localeconv_r
                0x000000001001a844                setlocale
                0x000000001001a85c                localeconv
 .text          0x000000001001a868      0x174 /home/src/arm/target/bin/../arm-none-eabi/lib//libc.a(lib_a-makebuf.o)
                0x000000001001a868                __smakebuf_r
 .text          0x000000001001a9dc      0x114 /home/src/arm/target/bin/../arm-none-eabi/lib//libc.a(lib_a-memchr-stub.o)
                0x000000001001a9dc                memchr
 .text          0x000000001001aaf0      0x134 /home/src/arm/target/bin/../arm-none-eabi/lib//libc.a(lib_a-memmove.o)
                0x000000001001aaf0                memmove
 .text          0x000000001001ac24      0xd30 /home/src/arm/target/bin/../arm-none-eabi/lib//libc.a(lib_a-mprec.o)
                0x000000001001ac24                _Balloc
                0x000000001001acb0                _Bfree
                0x000000001001accc                __multadd
                0x000000001001ada8                __s2b
                0x000000001001ae90                __hi0bits
                0x000000001001aeec                __lo0bits
                0x000000001001af80                __i2b
                0x000000001001afa4                __multiply
                0x000000001001b18c                __pow5mult
                0x000000001001b290                __lshift
                0x000000001001b39c                __mcmp
                0x000000001001b3fc                __mdiff
                0x000000001001b540                __ulp
                0x000000001001b5a4                __b2d
                0x000000001001b67c                __d2b
                0x000000001001b788                __ratio
                0x000000001001b810                _mprec_log10
                0x000000001001b868                __copybits
                0x000000001001b8d8                __any_on
 .text          0x000000001001b954      0x134 /home/src/arm/target/bin/../arm-none-eabi/lib//libc.a(lib_a-reent.o)
                0x000000001001b954                cleanup_glue
                0x000000001001b980                _reclaim_reent
 .text          0x000000001001ba88      0x20c /home/src/arm/target/bin/../arm-none-eabi/lib//libc.a(lib_a-refill.o)
                0x000000001001bab4                __srefill_r
 .text          0x000000001001bc94       0x6c /home/src/arm/target/bin/../arm-none-eabi/lib//libc.a(lib_a-s_fpclassify.o)
                0x000000001001bc94                __fpclassifyd
 .text          0x000000001001bd00      0x254 /home/src/arm/target/bin/../arm-none-eabi/lib//libc.a(lib_a-signal.o)
                0x000000001001bd00                _init_signal_r
                0x000000001001bd64                _signal_r
                0x000000001001bdd8                _raise_r
                0x000000001001be70                __sigtramp_r
                0x000000001001bf04                raise
                0x000000001001bf18                signal
                0x000000001001bf30                _init_signal
                0x000000001001bf40                __sigtramp
 .text          0x000000001001bf54       0x50 /home/src/arm/target/bin/../arm-none-eabi/lib//libc.a(lib_a-signalr.o)
                0x000000001001bf54                _kill_r
                0x000000001001bf94                _getpid_r
 .text          0x000000001001bfa4       0xd8 /home/src/arm/target/bin/../arm-none-eabi/lib//libc.a(lib_a-stdio.o)
                0x000000001001bfa4                __sread
                0x000000001001bfd8                __seofread
                0x000000001001bfe0                __swrite
                0x000000001001c038                __sseek
                0x000000001001c068                __sclose
 .text          0x000000001001c07c      0x230 /home/src/arm/target/bin/../arm-none-eabi/lib//libc.a(lib_a-strcmp.o)
                0x000000001001c07c                strcmp
 .text          0x000000001001c2ac       0x60 /home/src/arm/target/bin/../arm-none-eabi/lib//libc.a(lib_a-strlen.o)
                0x000000001001c2ac                strlen
 .text          0x000000001001c30c      0x128 /home/src/arm/target/bin/../arm-none-eabi/lib//libc.a(lib_a-wcrtomb.o)
                0x000000001001c30c                _wcrtomb_r
                0x000000001001c39c                wcrtomb
 .text          0x000000001001c434       0x7c /home/src/arm/target/bin/../arm-none-eabi/lib//libc.a(lib_a-wctomb_r.o)
                0x000000001001c434                __ascii_wctomb
                0x000000001001c460                _wctomb_r
 .text          0x000000001001c4b0       0x44 /home/src/arm/target/bin/../arm-none-eabi/lib//libc.a(lib_a-writer.o)
                0x000000001001c4b0                _write_r
 .text          0x000000001001c4f4       0x9c /home/src/arm/target/bin/../arm-none-eabi/lib//libc.a(lib_a-callocr.o)
                0x000000001001c4f4                _calloc_r
 .text          0x000000001001c590       0x3c /home/src/arm/target/bin/../arm-none-eabi/lib//libc.a(lib_a-closer.o)
                0x000000001001c590                _close_r
 .text          0x000000001001c5cc      0x104 /home/src/arm/target/bin/../arm-none-eabi/lib//libc.a(lib_a-fclose.o)
                0x000000001001c5cc                _fclose_r
                0x000000001001c6bc                fclose
 .text          0x000000001001c6d0       0x40 /home/src/arm/target/bin/../arm-none-eabi/lib//libc.a(lib_a-fstatr.o)
                0x000000001001c6d0                _fstat_r
 .text          0x000000001001c710       0x3c /home/src/arm/target/bin/../arm-none-eabi/lib//libc.a(lib_a-isattyr.o)
                0x000000001001c710                _isatty_r
 .text          0x000000001001c74c       0x44 /home/src/arm/target/bin/../arm-none-eabi/lib//libc.a(lib_a-lseekr.o)
                0x000000001001c74c                _lseek_r
 .text          0x000000001001c790       0x44 /home/src/arm/target/bin/../arm-none-eabi/lib//libc.a(lib_a-readr.o)
                0x000000001001c790                _read_r
 .text          0x000000001001c7d4      0x114 /home/src/arm/target/bin/../lib/gcc/arm-none-eabi/4.8.2//libgcc.a(_udivsi3.o)
                0x000000001001c7d4                __udivsi3
                0x000000001001c7d4                __aeabi_uidiv
                0x000000001001c8c8                __aeabi_uidivmod
 .text          0x000000001001c8e8      0x148 /home/src/arm/target/bin/../lib/gcc/arm-none-eabi/4.8.2//libgcc.a(_divsi3.o)
                0x000000001001c8e8                __aeabi_idiv
                0x000000001001c8e8                __divsi3
                0x000000001001ca10                __aeabi_idivmod
 .text          0x000000001001ca30        0x4 /home/src/arm/target/bin/../lib/gcc/arm-none-eabi/4.8.2//libgcc.a(_dvmd_tls.o)
                0x000000001001ca30                __aeabi_ldiv0
                0x000000001001ca30                __aeabi_idiv0
 .text          0x000000001001ca34      0x41c /home/src/arm/target/bin/../lib/gcc/arm-none-eabi/4.8.2//libgcc.a(_arm_addsubdf3.o)
                0x000000001001ca34                __aeabi_drsub
                0x000000001001ca3c                __aeabi_dsub
                0x000000001001ca3c                __subdf3
                0x000000001001ca40                __adddf3
                0x000000001001ca40                __aeabi_dadd
                0x000000001001cd50                __aeabi_ui2d
                0x000000001001cd50                __floatunsidf
                0x000000001001cd74                __floatsidf
                0x000000001001cd74                __aeabi_i2d
                0x000000001001cd9c                __extendsfdf2
                0x000000001001cd9c                __aeabi_f2d
                0x000000001001cddc                __aeabi_ul2d
                0x000000001001cddc                __floatundidf
                0x000000001001cdf0                __floatdidf
                0x000000001001cdf0                __aeabi_l2d
 .text          0x000000001001ce50      0x49c /home/src/arm/target/bin/../lib/gcc/arm-none-eabi/4.8.2//libgcc.a(_arm_muldivdf3.o)
                0x000000001001ce50                __aeabi_dmul
                0x000000001001ce50                __muldf3
                0x000000001001d0e0                __aeabi_ddiv
                0x000000001001d0e0                __divdf3
 .text          0x000000001001d2ec      0x144 /home/src/arm/target/bin/../lib/gcc/arm-none-eabi/4.8.2//libgcc.a(_arm_cmpdf2.o)
                0x000000001001d2ec                __gtdf2
                0x000000001001d2ec                __gedf2
                0x000000001001d2f4                __ltdf2
                0x000000001001d2f4                __ledf2
                0x000000001001d2fc                __cmpdf2
                0x000000001001d2fc                __eqdf2
                0x000000001001d2fc                __nedf2
                0x000000001001d384                __aeabi_cdrcmple
                0x000000001001d3a0                __aeabi_cdcmple
                0x000000001001d3a0                __aeabi_cdcmpeq
                0x000000001001d3b8                __aeabi_dcmpeq
                0x000000001001d3d0                __aeabi_dcmplt
                0x000000001001d3e8                __aeabi_dcmple
                0x000000001001d400                __aeabi_dcmpge
                0x000000001001d418                __aeabi_dcmpgt
 .text          0x000000001001d430       0x5c /home/src/arm/target/bin/../lib/gcc/arm-none-eabi/4.8.2//libgcc.a(_arm_fixdfsi.o)
                0x000000001001d430                __fixdfsi
                0x000000001001d430                __aeabi_d2iz
 .text          0x000000001001d48c      0x2ac /home/src/arm/target/bin/../lib/gcc/arm-none-eabi/4.8.2//libgcc.a(_arm_addsubsf3.o)
                0x000000001001d48c                __aeabi_frsub
                0x000000001001d494                __subsf3
                0x000000001001d494                __aeabi_fsub
                0x000000001001d498                __aeabi_fadd
                0x000000001001d498                __addsf3
                0x000000001001d654                __aeabi_ui2f
                0x000000001001d654                __floatunsisf
                0x000000001001d65c                __aeabi_i2f
                0x000000001001d65c                __floatsisf
                0x000000001001d67c                __floatundisf
                0x000000001001d67c                __aeabi_ul2f
                0x000000001001d68c                __floatdisf
                0x000000001001d68c                __aeabi_l2f
 .text          0x000000001001d738      0x2f8 /home/src/arm/target/bin/../lib/gcc/arm-none-eabi/4.8.2//libgcc.a(_arm_muldivsf3.o)
                0x000000001001d738                __mulsf3
                0x000000001001d738                __aeabi_fmul
                0x000000001001d8d0                __divsf3
                0x000000001001d8d0                __aeabi_fdiv
 .text          0x000000001001da30      0x114 /home/src/arm/target/bin/../lib/gcc/arm-none-eabi/4.8.2//libgcc.a(_arm_cmpsf2.o)
                0x000000001001da30                __gtsf2
                0x000000001001da30                __gesf2
                0x000000001001da38                __lesf2
                0x000000001001da38                __ltsf2
                0x000000001001da40                __nesf2
                0x000000001001da40                __eqsf2
                0x000000001001da40                __cmpsf2
                0x000000001001daa4                __aeabi_cfrcmple
                0x000000001001dab4                __aeabi_cfcmple
                0x000000001001dab4                __aeabi_cfcmpeq
                0x000000001001dacc                __aeabi_fcmpeq
                0x000000001001dae4                __aeabi_fcmplt
                0x000000001001dafc                __aeabi_fcmple
                0x000000001001db14                __aeabi_fcmpge
                0x000000001001db2c                __aeabi_fcmpgt
 .text          0x000000001001db44       0x5c /home/src/arm/target/bin/../lib/gcc/arm-none-eabi/4.8.2//libgcc.a(_arm_fixsfsi.o)
                0x000000001001db44                __fixsfsi
                0x000000001001db44                __aeabi_f2iz
 .text          0x000000001001dba0       0x3c /home/src/arm/target/bin/../lib/gcc/arm-none-eabi/4.8.2//libgcc.a(_aeabi_uldivmod.o)
                0x000000001001dba0                __aeabi_uldivmod
 .text          0x000000001001dbdc       0x84 /home/src/arm/target/bin/../lib/gcc/arm-none-eabi/4.8.2//libgcc.a(bpabi.o)
                0x000000001001dbdc                __gnu_ldivmod_helper
                0x000000001001dc20                __gnu_uldivmod_helper
 .text          0x000000001001dc60      0x4d0 /home/src/arm/target/bin/../lib/gcc/arm-none-eabi/4.8.2//libgcc.a(_divdi3.o)
                0x000000001001dc60                __divdi3
 .text          0x000000001001e130      0x470 /home/src/arm/target/bin/../lib/gcc/arm-none-eabi/4.8.2//libgcc.a(_udivdi3.o)
                0x000000001001e130                __udivdi3
 .text          0x000000001001e5a0       0x48 /home/src/arm/target/bin/../lib/gcc/arm-none-eabi/4.8.2//libgcc.a(_clzsi2.o)
                0x000000001001e5a0                __clzsi2
 *(.glue_7t)
 .glue_7t       0x0000000000000000        0x0 linker stubs
 *(.glue_7)
 .glue_7        0x0000000000000000        0x0 linker stubs
 *(.vfp11_veneer)
 .vfp11_veneer  0x0000000000000000        0x0 linker stubs
 *(.ARM.extab* .gnu.linkonce.armextab.*)
 .ARM.extab.startup
                0x000000001001e5e8        0x0 /home/leon/git/swp-report/iMX6_Platform_SDK/output/mx6sdl/lib/libsdk.a(startup.o)
 .ARM.extab     0x000000001001e5e8        0x0 /home/src/arm/target/bin/../lib/gcc/arm-none-eabi/4.8.2//libgcc.a(_divdi3.o)
 .ARM.extab     0x000000001001e5e8        0x0 /home/src/arm/target/bin/../lib/gcc/arm-none-eabi/4.8.2//libgcc.a(_udivdi3.o)
 *(.gcc_except_table)

.v4_bx          0x000000001001e5e8        0x0
 .v4_bx         0x0000000000000000        0x0 linker stubs

.iplt           0x000000001001e5e8        0x0
 .iplt          0x0000000000000000        0x0 /home/src/arm/target/bin/../lib/gcc/arm-none-eabi/4.8.2//crtbegin.o

.ctors
 *crtbegin.o(.ctors)
 *crtbegin?.o(.ctors)
 *(EXCLUDE_FILE(*crtend?.o *crtend.o) .ctors)
 *(SORT(.ctors.*))
 *(.ctors)

.dtors
 *crtbegin.o(.dtors)
 *crtbegin?.o(.dtors)
 *(EXCLUDE_FILE(*crtend?.o *crtend.o) .dtors)
 *(SORT(.dtors.*))
 *(.dtors)

.rodata         0x000000001001e5e8      0xdd8
 *(.rodata .rodata.* .gnu.linkonce.r.*)
 .rodata        0x000000001001e5e8      0x180 /home/leon/git/swp-report/iMX6_Platform_SDK/output/mx6sdl/usb_hid_mouse/smart_device_rev_b/obj/apps/usb_hid_mouse/src/usb_descriptor.o
                0x000000001001e5e8                usb_desc_ep
                0x000000001001e614                g_device_descriptor
                0x000000001001e628                g_config_descriptor
                0x000000001001e64c                g_report_descriptor
                0x000000001001e680                USB_STR_0
                0x000000001001e684                USB_STR_1
                0x000000001001e6c0                USB_STR_2
                0x000000001001e6e4                USB_STR_n
                0x000000001001e708                g_std_desc_size
                0x000000001001e71c                g_std_descriptors
                0x000000001001e740                g_string_desc_size
                0x000000001001e744                g_string_descriptors
                0x000000001001e754                g_languages
                0x000000001001e764                g_valid_config_values
 .rodata        0x000000001001e768       0x5c /home/leon/git/swp-report/iMX6_Platform_SDK/output/mx6sdl/lib/libsdk.a(usb_framework.o)
                0x000000001001e768                g_validate_request
                0x000000001001e790                g_standard_request
 .rodata        0x000000001001e7c4       0xb0 /home/leon/git/swp-report/iMX6_Platform_SDK/output/mx6sdl/lib/libsdk.a(usb_dci_imx6.o)
 .rodata        0x000000001001e874       0x34 /home/leon/git/swp-report/iMX6_Platform_SDK/output/mx6sdl/lib/libsdk.a(ccm_pll.o)
                0x000000001001e874                PLL1_OUTPUT
                0x000000001001e878                PLL2_OUTPUT
                0x000000001001e88c                PLL3_OUTPUT
                0x000000001001e8a0                PLL4_OUTPUT
                0x000000001001e8a4                PLL5_OUTPUT
 .rodata        0x000000001001e8a8       0x64 /home/leon/git/swp-report/iMX6_Platform_SDK/output/mx6sdl/lib/libsdk.a(gic.o)
 .rodata        0x000000001001e90c       0x20 /home/leon/git/swp-report/iMX6_Platform_SDK/output/mx6sdl/lib/libsdk.a(interrupt.o)
 .rodata        0x000000001001e92c       0xcc /home/leon/git/swp-report/iMX6_Platform_SDK/output/mx6sdl/lib/libsdk.a(system_util.o)
 .rodata        0x000000001001e9f8       0xf4 /home/leon/git/swp-report/iMX6_Platform_SDK/output/mx6sdl/lib/libsdk.a(text_color.o)
                0x000000001001ea00                g_TextAttributeDefault
                0x000000001001ea0c                g_TextAttributeBold
                0x000000001001ea18                g_TextAttributeDim
                0x000000001001ea24                g_TextAttributeUnderline
                0x000000001001ea30                g_TextAttributeBlink
                0x000000001001ea3c                g_TextAttributeReverse
                0x000000001001ea48                g_TextAttributeHidden
                0x000000001001ea54                g_TextColorBlack
                0x000000001001ea60                g_TextColorRed
                0x000000001001ea6c                g_TextColorGreen
                0x000000001001ea78                g_TextColorYellow
                0x000000001001ea84                g_TextColorBlue
                0x000000001001ea90                g_TextColorMagenta
                0x000000001001ea9c                g_TextColorCyan
                0x000000001001eaa8                g_TextColorWhite
                0x000000001001eab8                g_TextColorOrange
                0x000000001001eac8                g_TextColorLightBlue
                0x000000001001ead8                g_TextColorGray
                0x000000001001eae8                g_TextColorPurple
 .rodata        0x000000001001eaec      0x230 /home/leon/git/swp-report/iMX6_Platform_SDK/output/mx6sdl/lib/libsdk.a(abort_handler.o)
 .rodata        0x000000001001ed1c       0x84 /home/leon/git/swp-report/iMX6_Platform_SDK/output/mx6sdl/lib/libboard_smart_device_rev_b.a(uart_iomux_config.o)
 .rodata        0x000000001001eda0      0x398 /home/src/arm/target/bin/../arm-none-eabi/lib//libm.a(lib_a-ef_rem_pio2.o)
 .rodata        0x000000001001f138       0x38 /home/src/arm/target/bin/../arm-none-eabi/lib//libm.a(lib_a-kf_rem_pio2.o)
 .rodata.str1.4
                0x000000001001f170       0x3f /home/src/arm/target/bin/../arm-none-eabi/lib//libc.a(lib_a-assert.o)
                                         0x44 (size before relaxing)
 *fill*         0x000000001001f1af        0x1 
 .rodata        0x000000001001f1b0        0x4 /home/src/arm/target/bin/../arm-none-eabi/lib//libc.a(lib_a-impure.o)
                0x000000001001f1b0                _global_impure_ptr
 .rodata.str1.4
                0x000000001001f1b4        0x2 /home/src/arm/target/bin/../arm-none-eabi/lib//libc.a(lib_a-impure.o)
                                          0x4 (size before relaxing)
 *fill*         0x000000001001f1b6        0x2 
 .rodata.str1.4
                0x000000001001f1b8        0x4 /home/src/arm/target/bin/../arm-none-eabi/lib//libc.a(lib_a-syscalls.o)
 .rodata        0x000000001001f1bc       0x20 /home/src/arm/target/bin/../arm-none-eabi/lib//libc.a(lib_a-vfiprintf.o)
 .rodata.str1.4
                0x000000001001f1dc       0x2f /home/src/arm/target/bin/../arm-none-eabi/lib//libc.a(lib_a-vfiprintf.o)
                                         0x30 (size before relaxing)
 *fill*         0x000000001001f20b        0x1 
 .rodata        0x000000001001f20c       0x20 /home/src/arm/target/bin/../arm-none-eabi/lib//libc.a(lib_a-vfprintf.o)
 .rodata.str1.4
                0x000000001001f22c       0x12 /home/src/arm/target/bin/../arm-none-eabi/lib//libc.a(lib_a-vfprintf.o)
                                         0x44 (size before relaxing)
 *fill*         0x000000001001f23e        0x2 
 .rodata.str1.4
                0x000000001001f240       0x10 /home/src/arm/target/bin/../arm-none-eabi/lib//libc.a(lib_a-dtoa.o)
                                         0x14 (size before relaxing)
 .rodata.str1.4
                0x000000001001f250        0xc /home/src/arm/target/bin/../arm-none-eabi/lib//libc.a(lib_a-locale.o)
                                         0x14 (size before relaxing)
 *fill*         0x000000001001f25c        0x4 
 .rodata        0x000000001001f260      0x128 /home/src/arm/target/bin/../arm-none-eabi/lib//libc.a(lib_a-mprec.o)
                0x000000001001f270                __mprec_tens
                0x000000001001f338                __mprec_tinytens
                0x000000001001f360                __mprec_bigtens
                0x000000001001f388                . = ALIGN (0x4)
 *(.init)
 .init          0x000000001001f388        0xc /home/src/arm/target/bin/../lib/gcc/arm-none-eabi/4.8.2//crti.o
                0x000000001001f388                _init
 .init          0x000000001001f394        0xc /home/src/arm/target/bin/../lib/gcc/arm-none-eabi/4.8.2//crtn.o
                0x000000001001f3a0                . = ALIGN (0x4)
                0x000000001001f3a0                __init_array_start = .
 *(SORT(.init_array.*))
 *(.init_array)
 .init_array    0x000000001001f3a0        0x4 /home/src/arm/target/bin/../lib/gcc/arm-none-eabi/4.8.2//crtbegin.o
                0x000000001001f3a4                __init_array_end = .
                0x000000001001f3a4                . = ALIGN (0x4)
 *(.fini)
 .fini          0x000000001001f3a4        0xc /home/src/arm/target/bin/../lib/gcc/arm-none-eabi/4.8.2//crti.o
                0x000000001001f3a4                _fini
 .fini          0x000000001001f3b0        0xc /home/src/arm/target/bin/../lib/gcc/arm-none-eabi/4.8.2//crtn.o
                0x000000001001f3bc                . = ALIGN (0x4)
                0x000000001001f3bc                __fini_array_start = .
 *(.fini_array)
 .fini_array    0x000000001001f3bc        0x4 /home/src/arm/target/bin/../lib/gcc/arm-none-eabi/4.8.2//crtbegin.o
 *(SORT(.fini_array.*))
                0x000000001001f3c0                __fini_array_end = .
                0x000000001001f3c0                PROVIDE (__exidx_start, .)

.eh_frame       0x000000001001f3c0        0x4
 .eh_frame      0x000000001001f3c0        0x0 /home/src/arm/target/bin/../lib/gcc/arm-none-eabi/4.8.2//crtbegin.o
 .eh_frame      0x000000001001f3c0        0x4 /home/src/arm/target/bin/../lib/gcc/arm-none-eabi/4.8.2//crtend.o

.ARM.exidx      0x000000001001f3c4        0x8
 *(.ARM.exidx* .gnu.linkonce.armexidx.*)
 .ARM.exidx.startup
                0x000000001001f3c4        0x8 /home/leon/git/swp-report/iMX6_Platform_SDK/output/mx6sdl/lib/libsdk.a(startup.o)
 .ARM.exidx     0x000000001001f3cc        0x0 /home/src/arm/target/bin/../lib/gcc/arm-none-eabi/4.8.2//libgcc.a(_divdi3.o)
                                          0x8 (size before relaxing)
 .ARM.exidx     0x000000001001f3cc        0x0 /home/src/arm/target/bin/../lib/gcc/arm-none-eabi/4.8.2//libgcc.a(_udivdi3.o)
                                          0x8 (size before relaxing)
                0x000000001001f3cc                PROVIDE (__exidx_end, .)

.rel.dyn        0x000000001001f3cc        0x0
 .rel.iplt      0x0000000000000000        0x0 /home/src/arm/target/bin/../lib/gcc/arm-none-eabi/4.8.2//crtbegin.o

.data           0x000000001001f3d0      0x8e0
 *(.data .data.* .gnu.linkonce.d.*)
 .data          0x000000001001f3d0        0x4 /home/src/arm/target/bin/../lib/gcc/arm-none-eabi/4.8.2//crtbegin.o
                0x000000001001f3d0                __dso_handle
 .data          0x000000001001f3d4        0x0 /home/src/arm/target/bin/../lib/gcc/arm-none-eabi/4.8.2//crti.o
 .data          0x000000001001f3d4        0x0 /home/src/arm/target/bin/../lib/gcc/arm-none-eabi/4.8.2//crtend.o
 .data          0x000000001001f3d4        0x0 /home/src/arm/target/bin/../lib/gcc/arm-none-eabi/4.8.2//crtn.o
 .data          0x000000001001f3d4        0x0 /home/leon/git/swp-report/iMX6_Platform_SDK/output/mx6sdl/usb_hid_mouse/smart_device_rev_b/obj/apps/common/ivt.o
 .data          0x000000001001f3d4        0x0 /home/leon/git/swp-report/iMX6_Platform_SDK/output/mx6sdl/usb_hid_mouse/smart_device_rev_b/obj/apps/common/platform_init.o
 .data          0x000000001001f3d4        0x4 /home/leon/git/swp-report/iMX6_Platform_SDK/output/mx6sdl/usb_hid_mouse/smart_device_rev_b/obj/apps/usb_hid_mouse/src/mouse_button.o
 .data          0x000000001001f3d8        0x0 /home/leon/git/swp-report/iMX6_Platform_SDK/output/mx6sdl/usb_hid_mouse/smart_device_rev_b/obj/apps/usb_hid_mouse/src/usb_descriptor.o
 .data          0x000000001001f3d8        0x0 /home/leon/git/swp-report/iMX6_Platform_SDK/output/mx6sdl/lib/libsdk.a(usb_hid.o)
 .data          0x000000001001f3d8        0x0 /home/leon/git/swp-report/iMX6_Platform_SDK/output/mx6sdl/lib/libsdk.a(usb_class.o)
 .data          0x000000001001f3d8        0x0 /home/leon/git/swp-report/iMX6_Platform_SDK/output/mx6sdl/lib/libsdk.a(usb_framework.o)
 .data          0x000000001001f3d8        0x8 /home/leon/git/swp-report/iMX6_Platform_SDK/output/mx6sdl/lib/libsdk.a(usb_dci_imx6.o)
                0x000000001001f3d8                usbotg
 .data          0x000000001001f3e0        0x0 /home/leon/git/swp-report/iMX6_Platform_SDK/output/mx6sdl/lib/libsdk.a(usb_driver.o)
 .data          0x000000001001f3e0        0x0 /home/leon/git/swp-report/iMX6_Platform_SDK/output/mx6sdl/lib/libsdk.a(ccm_pll.o)
 .data          0x000000001001f3e0        0x0 /home/leon/git/swp-report/iMX6_Platform_SDK/output/mx6sdl/lib/libsdk.a(cortexA9.o)
 .data          0x000000001001f3e0        0x0 /home/leon/git/swp-report/iMX6_Platform_SDK/output/mx6sdl/lib/libsdk.a(gic.o)
 .data          0x000000001001f3e0        0x0 /home/leon/git/swp-report/iMX6_Platform_SDK/output/mx6sdl/lib/libsdk.a(interrupt.o)
 .data          0x000000001001f3e0        0x0 /home/leon/git/swp-report/iMX6_Platform_SDK/output/mx6sdl/lib/libsdk.a(mmu.o)
 .data          0x000000001001f3e0        0x0 /home/leon/git/swp-report/iMX6_Platform_SDK/output/mx6sdl/lib/libsdk.a(startup.o)
 .data          0x000000001001f3e0        0x0 /home/leon/git/swp-report/iMX6_Platform_SDK/output/mx6sdl/lib/libsdk.a(vectors.o)
 .data          0x000000001001f3e0        0x0 /home/leon/git/swp-report/iMX6_Platform_SDK/output/mx6sdl/lib/libsdk.a(system_util.o)
 .data          0x000000001001f3e0        0x4 /home/leon/git/swp-report/iMX6_Platform_SDK/output/mx6sdl/lib/libsdk.a(text_color.o)
                0x000000001001f3e0                is_color_supported
 .data          0x000000001001f3e4        0x0 /home/leon/git/swp-report/iMX6_Platform_SDK/output/mx6sdl/lib/libsdk.a(timer.o)
 .data          0x000000001001f3e4        0x0 /home/leon/git/swp-report/iMX6_Platform_SDK/output/mx6sdl/lib/libsdk.a(imx_uart.o)
 .data          0x000000001001f3e4        0x4 /home/leon/git/swp-report/iMX6_Platform_SDK/output/mx6sdl/lib/libsdk.a(arm_abort.o)
 .data          0x000000001001f3e8        0x0 /home/leon/git/swp-report/iMX6_Platform_SDK/output/mx6sdl/lib/libsdk.a(epit.o)
 .data          0x000000001001f3e8        0x0 /home/leon/git/swp-report/iMX6_Platform_SDK/output/mx6sdl/lib/libsdk.a(abort_handler.o)
 .data          0x000000001001f3e8        0x0 /home/leon/git/swp-report/iMX6_Platform_SDK/output/mx6sdl/lib/libboard_smart_device_rev_b.a(board_io_expanders.o)
 .data          0x000000001001f3e8        0x8 /home/leon/git/swp-report/iMX6_Platform_SDK/output/mx6sdl/lib/libboard_smart_device_rev_b.a(hardware_modules.o)
                0x000000001001f3e8                g_debug_uart_port
                0x000000001001f3ec                g_system_timer_port
 .data          0x000000001001f3f0        0x0 /home/leon/git/swp-report/iMX6_Platform_SDK/output/mx6sdl/lib/libboard_smart_device_rev_b.a(dcd.o)
 .data          0x000000001001f3f0        0x0 /home/leon/git/swp-report/iMX6_Platform_SDK/output/mx6sdl/lib/libboard_smart_device_rev_b.a(uart_iomux_config.o)
 .data          0x000000001001f3f0        0x0 /home/leon/git/swp-report/iMX6_Platform_SDK/output/mx6sdl/lib/libboard_smart_device_rev_b.a(iomux_config.o)
 .data          0x000000001001f3f0        0x0 /home/leon/git/swp-report/iMX6_Platform_SDK/output/mx6sdl/lib/libboard_smart_device_rev_b.a(ipu1_iomux_config.o)
 .data          0x000000001001f3f0        0x0 /home/leon/git/swp-report/iMX6_Platform_SDK/output/mx6sdl/lib/libboard_smart_device_rev_b.a(mmdc_iomux_config.o)
 .data          0x000000001001f3f0        0x0 /home/leon/git/swp-report/iMX6_Platform_SDK/output/mx6sdl/lib/libboard_smart_device_rev_b.a(pwm1_iomux_config.o)
 .data          0x000000001001f3f0        0x0 /home/leon/git/swp-report/iMX6_Platform_SDK/output/mx6sdl/lib/libboard_smart_device_rev_b.a(sjc_iomux_config.o)
 .data          0x000000001001f3f0        0x0 /home/leon/git/swp-report/iMX6_Platform_SDK/output/mx6sdl/lib/libboard_smart_device_rev_b.a(uart1_iomux_config.o)
 .data          0x000000001001f3f0        0x0 /home/leon/git/swp-report/iMX6_Platform_SDK/output/mx6sdl/lib/libboard_smart_device_rev_b.a(usb_iomux_config.o)
 .data          0x000000001001f3f0        0x0 /home/leon/git/swp-report/iMX6_Platform_SDK/output/mx6sdl/lib/libboard_smart_device_rev_b.a(usdhc2_iomux_config.o)
 .data          0x000000001001f3f0        0x0 /home/leon/git/swp-report/iMX6_Platform_SDK/output/mx6sdl/lib/libboard_smart_device_rev_b.a(usdhc3_iomux_config.o)
 .data          0x000000001001f3f0        0x0 /home/leon/git/swp-report/iMX6_Platform_SDK/output/mx6sdl/lib/libboard_smart_device_rev_b.a(usdhc4_iomux_config.o)
 .data          0x000000001001f3f0        0x0 /home/leon/git/swp-report/iMX6_Platform_SDK/output/mx6sdl/lib/libboard_smart_device_rev_b.a(audmux_iomux_config.o)
 .data          0x000000001001f3f0        0x0 /home/leon/git/swp-report/iMX6_Platform_SDK/output/mx6sdl/lib/libboard_smart_device_rev_b.a(ccm_iomux_config.o)
 .data          0x000000001001f3f0        0x0 /home/leon/git/swp-report/iMX6_Platform_SDK/output/mx6sdl/lib/libboard_smart_device_rev_b.a(ecspi1_iomux_config.o)
 .data          0x000000001001f3f0        0x0 /home/leon/git/swp-report/iMX6_Platform_SDK/output/mx6sdl/lib/libboard_smart_device_rev_b.a(enet_iomux_config.o)
 .data          0x000000001001f3f0        0x0 /home/leon/git/swp-report/iMX6_Platform_SDK/output/mx6sdl/lib/libboard_smart_device_rev_b.a(epdc_iomux_config.o)
 .data          0x000000001001f3f0        0x0 /home/leon/git/swp-report/iMX6_Platform_SDK/output/mx6sdl/lib/libboard_smart_device_rev_b.a(flexcan1_iomux_config.o)
 .data          0x000000001001f3f0        0x0 /home/leon/git/swp-report/iMX6_Platform_SDK/output/mx6sdl/lib/libboard_smart_device_rev_b.a(gpio1_iomux_config.o)
 .data          0x000000001001f3f0        0x0 /home/leon/git/swp-report/iMX6_Platform_SDK/output/mx6sdl/lib/libboard_smart_device_rev_b.a(gpio2_iomux_config.o)
 .data          0x000000001001f3f0        0x0 /home/leon/git/swp-report/iMX6_Platform_SDK/output/mx6sdl/lib/libboard_smart_device_rev_b.a(gpio3_iomux_config.o)
 .data          0x000000001001f3f0        0x0 /home/leon/git/swp-report/iMX6_Platform_SDK/output/mx6sdl/lib/libboard_smart_device_rev_b.a(gpio4_iomux_config.o)
 .data          0x000000001001f3f0        0x0 /home/leon/git/swp-report/iMX6_Platform_SDK/output/mx6sdl/lib/libboard_smart_device_rev_b.a(gpio5_iomux_config.o)
 .data          0x000000001001f3f0        0x0 /home/leon/git/swp-report/iMX6_Platform_SDK/output/mx6sdl/lib/libboard_smart_device_rev_b.a(gpio6_iomux_config.o)
 .data          0x000000001001f3f0        0x0 /home/leon/git/swp-report/iMX6_Platform_SDK/output/mx6sdl/lib/libboard_smart_device_rev_b.a(gpio7_iomux_config.o)
 .data          0x000000001001f3f0        0x0 /home/leon/git/swp-report/iMX6_Platform_SDK/output/mx6sdl/lib/libboard_smart_device_rev_b.a(gps_iomux_config.o)
 .data          0x000000001001f3f0        0x0 /home/leon/git/swp-report/iMX6_Platform_SDK/output/mx6sdl/lib/libboard_smart_device_rev_b.a(i2c1_iomux_config.o)
 .data          0x000000001001f3f0        0x0 /home/leon/git/swp-report/iMX6_Platform_SDK/output/mx6sdl/lib/libboard_smart_device_rev_b.a(i2c2_iomux_config.o)
 .data          0x000000001001f3f0        0x0 /home/leon/git/swp-report/iMX6_Platform_SDK/output/mx6sdl/lib/libboard_smart_device_rev_b.a(i2c3_iomux_config.o)
 .data          0x000000001001f3f0        0x0 /home/src/arm/target/bin/../arm-none-eabi/lib//libm.a(lib_a-sf_cos.o)
 .data          0x000000001001f3f0        0x0 /home/src/arm/target/bin/../arm-none-eabi/lib//libm.a(lib_a-sf_sin.o)
 .data          0x000000001001f3f0        0x0 /home/src/arm/target/bin/../arm-none-eabi/lib//libm.a(lib_a-ef_rem_pio2.o)
 .data          0x000000001001f3f0        0x0 /home/src/arm/target/bin/../arm-none-eabi/lib//libm.a(lib_a-kf_cos.o)
 .data          0x000000001001f3f0        0x0 /home/src/arm/target/bin/../arm-none-eabi/lib//libm.a(lib_a-kf_rem_pio2.o)
 .data          0x000000001001f3f0        0x0 /home/src/arm/target/bin/../arm-none-eabi/lib//libm.a(lib_a-kf_sin.o)
 .data          0x000000001001f3f0        0x0 /home/src/arm/target/bin/../arm-none-eabi/lib//libm.a(lib_a-sf_fabs.o)
 .data          0x000000001001f3f0        0x0 /home/src/arm/target/bin/../arm-none-eabi/lib//libm.a(lib_a-sf_floor.o)
 .data          0x000000001001f3f0        0x0 /home/src/arm/target/bin/../arm-none-eabi/lib//libm.a(lib_a-sf_scalbn.o)
 .data          0x000000001001f3f0        0x0 /home/src/arm/target/bin/../arm-none-eabi/lib//libm.a(lib_a-sf_copysign.o)
 .data          0x000000001001f3f0        0x0 /home/src/arm/target/bin/../arm-none-eabi/lib//libc.a(lib_a-assert.o)
 .data          0x000000001001f3f0        0x0 /home/src/arm/target/bin/../arm-none-eabi/lib//libc.a(lib_a-bzero.o)
 .data          0x000000001001f3f0        0x0 /home/src/arm/target/bin/../arm-none-eabi/lib//libc.a(lib_a-fiprintf.o)
 .data          0x000000001001f3f0        0x0 /home/src/arm/target/bin/../arm-none-eabi/lib//libc.a(lib_a-fputc.o)
 .data          0x000000001001f3f0      0x430 /home/src/arm/target/bin/../arm-none-eabi/lib//libc.a(lib_a-impure.o)
                0x000000001001f3f0                _impure_ptr
 .data          0x000000001001f820        0x0 /home/src/arm/target/bin/../arm-none-eabi/lib//libc.a(lib_a-init.o)
 .data          0x000000001001f820        0x0 /home/src/arm/target/bin/../arm-none-eabi/lib//libc.a(lib_a-malloc.o)
 .data          0x000000001001f820      0x410 /home/src/arm/target/bin/../arm-none-eabi/lib//libc.a(lib_a-mallocr.o)
                0x000000001001f820                __malloc_av_
                0x000000001001fc28                __malloc_sbrk_base
                0x000000001001fc2c                __malloc_trim_threshold
 .data          0x000000001001fc30        0x0 /home/src/arm/target/bin/../arm-none-eabi/lib//libc.a(lib_a-memcpy-stub.o)
 .data          0x000000001001fc30        0x0 /home/src/arm/target/bin/../arm-none-eabi/lib//libc.a(lib_a-memset.o)
 .data          0x000000001001fc30        0x0 /home/src/arm/target/bin/../arm-none-eabi/lib//libc.a(lib_a-mlock.o)
 .data          0x000000001001fc30        0x0 /home/src/arm/target/bin/../arm-none-eabi/lib//libc.a(lib_a-printf.o)
 .data          0x000000001001fc30        0x0 /home/src/arm/target/bin/../arm-none-eabi/lib//libc.a(lib_a-putc.o)
 .data          0x000000001001fc30        0x0 /home/src/arm/target/bin/../arm-none-eabi/lib//libc.a(lib_a-realloc.o)
 .data          0x000000001001fc30        0x0 /home/src/arm/target/bin/../arm-none-eabi/lib//libc.a(lib_a-reallocr.o)
 .data          0x000000001001fc30        0x0 /home/src/arm/target/bin/../arm-none-eabi/lib//libc.a(lib_a-rget.o)
 .data          0x000000001001fc30        0x0 /home/src/arm/target/bin/../arm-none-eabi/lib//libc.a(lib_a-sbrkr.o)
 .data          0x000000001001fc30        0x0 /home/src/arm/target/bin/../arm-none-eabi/lib//libc.a(lib_a-syscalls.o)
 .data          0x000000001001fc30        0x0 /home/src/arm/target/bin/../arm-none-eabi/lib//libc.a(lib_a-vfiprintf.o)
 .data          0x000000001001fc30        0x0 /home/src/arm/target/bin/../arm-none-eabi/lib//libc.a(lib_a-vfprintf.o)
 .data          0x000000001001fc30        0x0 /home/src/arm/target/bin/../arm-none-eabi/lib//libc.a(lib_a-vprintf.o)
 .data          0x000000001001fc30        0x0 /home/src/arm/target/bin/../arm-none-eabi/lib//libc.a(lib_a-wbuf.o)
 .data          0x000000001001fc30        0x0 /home/src/arm/target/bin/../arm-none-eabi/lib//libc.a(lib_a-wsetup.o)
 .data          0x000000001001fc30        0x0 /home/src/arm/target/bin/../arm-none-eabi/lib//libc.a(lib_a-abort.o)
 .data          0x000000001001fc30        0x0 /home/src/arm/target/bin/../arm-none-eabi/lib//libc.a(lib_a-dtoa.o)
 .data          0x000000001001fc30        0x0 /home/src/arm/target/bin/../arm-none-eabi/lib//libc.a(lib_a-errno.o)
 .data          0x000000001001fc30        0x0 /home/src/arm/target/bin/../arm-none-eabi/lib//libc.a(lib_a-fflush.o)
 .data          0x000000001001fc30        0x0 /home/src/arm/target/bin/../arm-none-eabi/lib//libc.a(lib_a-findfp.o)
 .data          0x000000001001fc30        0x0 /home/src/arm/target/bin/../arm-none-eabi/lib//libc.a(lib_a-fputwc.o)
 .data          0x000000001001fc30        0x0 /home/src/arm/target/bin/../arm-none-eabi/lib//libc.a(lib_a-freer.o)
 .data          0x000000001001fc30        0x0 /home/src/arm/target/bin/../arm-none-eabi/lib//libc.a(lib_a-fvwrite.o)
 .data          0x000000001001fc30        0x0 /home/src/arm/target/bin/../arm-none-eabi/lib//libc.a(lib_a-fwalk.o)
 .data          0x000000001001fc30       0x7c /home/src/arm/target/bin/../arm-none-eabi/lib//libc.a(lib_a-locale.o)
                0x000000001001fc50                __mb_cur_max
 .data          0x000000001001fcac        0x0 /home/src/arm/target/bin/../arm-none-eabi/lib//libc.a(lib_a-makebuf.o)
 .data          0x000000001001fcac        0x0 /home/src/arm/target/bin/../arm-none-eabi/lib//libc.a(lib_a-memchr-stub.o)
 .data          0x000000001001fcac        0x0 /home/src/arm/target/bin/../arm-none-eabi/lib//libc.a(lib_a-memmove.o)
 .data          0x000000001001fcac        0x0 /home/src/arm/target/bin/../arm-none-eabi/lib//libc.a(lib_a-mprec.o)
 .data          0x000000001001fcac        0x0 /home/src/arm/target/bin/../arm-none-eabi/lib//libc.a(lib_a-reent.o)
 .data          0x000000001001fcac        0x0 /home/src/arm/target/bin/../arm-none-eabi/lib//libc.a(lib_a-refill.o)
 .data          0x000000001001fcac        0x0 /home/src/arm/target/bin/../arm-none-eabi/lib//libc.a(lib_a-s_fpclassify.o)
 .data          0x000000001001fcac        0x0 /home/src/arm/target/bin/../arm-none-eabi/lib//libc.a(lib_a-signal.o)
 .data          0x000000001001fcac        0x0 /home/src/arm/target/bin/../arm-none-eabi/lib//libc.a(lib_a-signalr.o)
 .data          0x000000001001fcac        0x0 /home/src/arm/target/bin/../arm-none-eabi/lib//libc.a(lib_a-stdio.o)
 .data          0x000000001001fcac        0x0 /home/src/arm/target/bin/../arm-none-eabi/lib//libc.a(lib_a-strcmp.o)
 .data          0x000000001001fcac        0x0 /home/src/arm/target/bin/../arm-none-eabi/lib//libc.a(lib_a-strlen.o)
 .data          0x000000001001fcac        0x0 /home/src/arm/target/bin/../arm-none-eabi/lib//libc.a(lib_a-wcrtomb.o)
 .data          0x000000001001fcac        0x4 /home/src/arm/target/bin/../arm-none-eabi/lib//libc.a(lib_a-wctomb_r.o)
                0x000000001001fcac                __wctomb
 .data          0x000000001001fcb0        0x0 /home/src/arm/target/bin/../arm-none-eabi/lib//libc.a(lib_a-writer.o)
 .data          0x000000001001fcb0        0x0 /home/src/arm/target/bin/../arm-none-eabi/lib//libc.a(lib_a-callocr.o)
 .data          0x000000001001fcb0        0x0 /home/src/arm/target/bin/../arm-none-eabi/lib//libc.a(lib_a-closer.o)
 .data          0x000000001001fcb0        0x0 /home/src/arm/target/bin/../arm-none-eabi/lib//libc.a(lib_a-fclose.o)
 .data          0x000000001001fcb0        0x0 /home/src/arm/target/bin/../arm-none-eabi/lib//libc.a(lib_a-fstatr.o)
 .data          0x000000001001fcb0        0x0 /home/src/arm/target/bin/../arm-none-eabi/lib//libc.a(lib_a-isattyr.o)
 .data          0x000000001001fcb0        0x0 /home/src/arm/target/bin/../arm-none-eabi/lib//libc.a(lib_a-lseekr.o)
 .data          0x000000001001fcb0        0x0 /home/src/arm/target/bin/../arm-none-eabi/lib//libc.a(lib_a-readr.o)
 .data          0x000000001001fcb0        0x0 /home/src/arm/target/bin/../lib/gcc/arm-none-eabi/4.8.2//libgcc.a(_udivsi3.o)
 .data          0x000000001001fcb0        0x0 /home/src/arm/target/bin/../lib/gcc/arm-none-eabi/4.8.2//libgcc.a(_divsi3.o)
 .data          0x000000001001fcb0        0x0 /home/src/arm/target/bin/../lib/gcc/arm-none-eabi/4.8.2//libgcc.a(_dvmd_tls.o)
 .data          0x000000001001fcb0        0x0 /home/src/arm/target/bin/../lib/gcc/arm-none-eabi/4.8.2//libgcc.a(_arm_addsubdf3.o)
 .data          0x000000001001fcb0        0x0 /home/src/arm/target/bin/../lib/gcc/arm-none-eabi/4.8.2//libgcc.a(_arm_muldivdf3.o)
 .data          0x000000001001fcb0        0x0 /home/src/arm/target/bin/../lib/gcc/arm-none-eabi/4.8.2//libgcc.a(_arm_cmpdf2.o)
 .data          0x000000001001fcb0        0x0 /home/src/arm/target/bin/../lib/gcc/arm-none-eabi/4.8.2//libgcc.a(_arm_fixdfsi.o)
 .data          0x000000001001fcb0        0x0 /home/src/arm/target/bin/../lib/gcc/arm-none-eabi/4.8.2//libgcc.a(_arm_addsubsf3.o)
 .data          0x000000001001fcb0        0x0 /home/src/arm/target/bin/../lib/gcc/arm-none-eabi/4.8.2//libgcc.a(_arm_muldivsf3.o)
 .data          0x000000001001fcb0        0x0 /home/src/arm/target/bin/../lib/gcc/arm-none-eabi/4.8.2//libgcc.a(_arm_cmpsf2.o)
 .data          0x000000001001fcb0        0x0 /home/src/arm/target/bin/../lib/gcc/arm-none-eabi/4.8.2//libgcc.a(_arm_fixsfsi.o)
 .data          0x000000001001fcb0        0x0 /home/src/arm/target/bin/../lib/gcc/arm-none-eabi/4.8.2//libgcc.a(_aeabi_uldivmod.o)
 .data          0x000000001001fcb0        0x0 /home/src/arm/target/bin/../lib/gcc/arm-none-eabi/4.8.2//libgcc.a(bpabi.o)
 .data          0x000000001001fcb0        0x0 /home/src/arm/target/bin/../lib/gcc/arm-none-eabi/4.8.2//libgcc.a(_divdi3.o)
 .data          0x000000001001fcb0        0x0 /home/src/arm/target/bin/../lib/gcc/arm-none-eabi/4.8.2//libgcc.a(_udivdi3.o)
 .data          0x000000001001fcb0        0x0 /home/src/arm/target/bin/../lib/gcc/arm-none-eabi/4.8.2//libgcc.a(_clzsi2.o)

.jcr            0x000000001001fcb0        0x4
 .jcr           0x000000001001fcb0        0x0 /home/src/arm/target/bin/../lib/gcc/arm-none-eabi/4.8.2//crtbegin.o
 .jcr           0x000000001001fcb0        0x4 /home/src/arm/target/bin/../lib/gcc/arm-none-eabi/4.8.2//crtend.o

.tm_clone_table
                0x000000001001fcb4        0x0
 .tm_clone_table
                0x000000001001fcb4        0x0 /home/src/arm/target/bin/../lib/gcc/arm-none-eabi/4.8.2//crtbegin.o
 .tm_clone_table
                0x000000001001fcb4        0x0 /home/src/arm/target/bin/../lib/gcc/arm-none-eabi/4.8.2//crtend.o

.igot.plt       0x000000001001fcb4        0x0
 .igot.plt      0x0000000000000000        0x0 /home/src/arm/target/bin/../lib/gcc/arm-none-eabi/4.8.2//crtbegin.o

.hab.data       0x0000000010400000     0x2000
                0x0000000010400000                __hab_data = .
                0x0000000010402000                . = (. + 0x2000)
 *fill*         0x0000000010400000     0x2000 
                0x0000000010402000                . = ALIGN (0x20)
                0x0000000010402000                __hab_data_end = .
                0x0000000000402000                _image_size = (. - _start_image_add)

.bss            0x0000000010402000      0xa28
                0x0000000010402000                __bss_start__ = .
 *(.shbss)
 *(.bss .bss.* .gnu.linkonce.b.*)
 .bss           0x0000000010402000       0x1c /home/src/arm/target/bin/../lib/gcc/arm-none-eabi/4.8.2//crtbegin.o
 .bss           0x000000001040201c        0x0 /home/src/arm/target/bin/../lib/gcc/arm-none-eabi/4.8.2//crti.o
 .bss           0x000000001040201c        0x0 /home/src/arm/target/bin/../lib/gcc/arm-none-eabi/4.8.2//crtend.o
 .bss           0x000000001040201c        0x0 /home/src/arm/target/bin/../lib/gcc/arm-none-eabi/4.8.2//crtn.o
 .bss           0x000000001040201c        0x0 /home/leon/git/swp-report/iMX6_Platform_SDK/output/mx6sdl/usb_hid_mouse/smart_device_rev_b/obj/apps/common/ivt.o
 .bss           0x000000001040201c        0x0 /home/leon/git/swp-report/iMX6_Platform_SDK/output/mx6sdl/usb_hid_mouse/smart_device_rev_b/obj/apps/common/platform_init.o
 .bss           0x000000001040201c       0x28 /home/leon/git/swp-report/iMX6_Platform_SDK/output/mx6sdl/usb_hid_mouse/smart_device_rev_b/obj/apps/usb_hid_mouse/src/mouse_button.o
                0x000000001040201c                kbi_stat
 .bss           0x0000000010402044        0x8 /home/leon/git/swp-report/iMX6_Platform_SDK/output/mx6sdl/usb_hid_mouse/smart_device_rev_b/obj/apps/usb_hid_mouse/src/usb_descriptor.o
                0x0000000010402048                device_desc_req_count
 .bss           0x000000001040204c      0x13c /home/leon/git/swp-report/iMX6_Platform_SDK/output/mx6sdl/lib/libsdk.a(usb_hid.o)
                0x0000000010402184                g_class_request_params
 .bss           0x0000000010402188        0x8 /home/leon/git/swp-report/iMX6_Platform_SDK/output/mx6sdl/lib/libsdk.a(usb_class.o)
 .bss           0x0000000010402190       0x34 /home/leon/git/swp-report/iMX6_Platform_SDK/output/mx6sdl/lib/libsdk.a(usb_framework.o)
 .bss           0x00000000104021c4      0x468 /home/leon/git/swp-report/iMX6_Platform_SDK/output/mx6sdl/lib/libsdk.a(usb_dci_imx6.o)
                0x00000000104021c4                g_usbd_qh_bufs
                0x00000000104021cc                g_usbd_td_bufs
                0x000000001040261c                sof_counter
 .bss           0x000000001040262c       0x70 /home/leon/git/swp-report/iMX6_Platform_SDK/output/mx6sdl/lib/libsdk.a(usb_driver.o)
 .bss           0x000000001040269c        0x0 /home/leon/git/swp-report/iMX6_Platform_SDK/output/mx6sdl/lib/libsdk.a(ccm_pll.o)
 .bss           0x000000001040269c        0x0 /home/leon/git/swp-report/iMX6_Platform_SDK/output/mx6sdl/lib/libsdk.a(cortexA9.o)
 .bss           0x000000001040269c        0x0 /home/leon/git/swp-report/iMX6_Platform_SDK/output/mx6sdl/lib/libsdk.a(gic.o)
 .bss           0x000000001040269c      0x290 /home/leon/git/swp-report/iMX6_Platform_SDK/output/mx6sdl/lib/libsdk.a(interrupt.o)
                0x000000001040269c                g_interrupt_handlers
                0x000000001040291c                g_vectNum
 .bss           0x000000001040292c        0x0 /home/leon/git/swp-report/iMX6_Platform_SDK/output/mx6sdl/lib/libsdk.a(mmu.o)
 .bss           0x000000001040292c        0x0 /home/leon/git/swp-report/iMX6_Platform_SDK/output/mx6sdl/lib/libsdk.a(startup.o)
 .bss           0x000000001040292c        0x0 /home/leon/git/swp-report/iMX6_Platform_SDK/output/mx6sdl/lib/libsdk.a(vectors.o)
 .bss           0x000000001040292c        0x0 /home/leon/git/swp-report/iMX6_Platform_SDK/output/mx6sdl/lib/libsdk.a(system_util.o)
 .bss           0x000000001040292c        0x0 /home/leon/git/swp-report/iMX6_Platform_SDK/output/mx6sdl/lib/libsdk.a(text_color.o)
 .bss           0x000000001040292c        0x4 /home/leon/git/swp-report/iMX6_Platform_SDK/output/mx6sdl/lib/libsdk.a(timer.o)
                0x000000001040292c                g_microsecondTimerMultiple
 .bss           0x0000000010402930        0x0 /home/leon/git/swp-report/iMX6_Platform_SDK/output/mx6sdl/lib/libsdk.a(imx_uart.o)
 .bss           0x0000000010402930        0x0 /home/leon/git/swp-report/iMX6_Platform_SDK/output/mx6sdl/lib/libsdk.a(arm_abort.o)
 .bss           0x0000000010402930        0x0 /home/leon/git/swp-report/iMX6_Platform_SDK/output/mx6sdl/lib/libsdk.a(epit.o)
 .bss           0x0000000010402930        0x0 /home/leon/git/swp-report/iMX6_Platform_SDK/output/mx6sdl/lib/libsdk.a(abort_handler.o)
 .bss           0x0000000010402930        0x4 /home/leon/git/swp-report/iMX6_Platform_SDK/output/mx6sdl/lib/libboard_smart_device_rev_b.a(board_io_expanders.o)
                0x0000000010402930                max7310_i2c_req_array
 .bss           0x0000000010402934        0x0 /home/leon/git/swp-report/iMX6_Platform_SDK/output/mx6sdl/lib/libboard_smart_device_rev_b.a(hardware_modules.o)
 .bss           0x0000000010402934        0x0 /home/leon/git/swp-report/iMX6_Platform_SDK/output/mx6sdl/lib/libboard_smart_device_rev_b.a(dcd.o)
 .bss           0x0000000010402934        0x0 /home/leon/git/swp-report/iMX6_Platform_SDK/output/mx6sdl/lib/libboard_smart_device_rev_b.a(uart_iomux_config.o)
 .bss           0x0000000010402934        0x0 /home/leon/git/swp-report/iMX6_Platform_SDK/output/mx6sdl/lib/libboard_smart_device_rev_b.a(iomux_config.o)
 .bss           0x0000000010402934        0x0 /home/leon/git/swp-report/iMX6_Platform_SDK/output/mx6sdl/lib/libboard_smart_device_rev_b.a(ipu1_iomux_config.o)
 .bss           0x0000000010402934        0x0 /home/leon/git/swp-report/iMX6_Platform_SDK/output/mx6sdl/lib/libboard_smart_device_rev_b.a(mmdc_iomux_config.o)
 .bss           0x0000000010402934        0x0 /home/leon/git/swp-report/iMX6_Platform_SDK/output/mx6sdl/lib/libboard_smart_device_rev_b.a(pwm1_iomux_config.o)
 .bss           0x0000000010402934        0x0 /home/leon/git/swp-report/iMX6_Platform_SDK/output/mx6sdl/lib/libboard_smart_device_rev_b.a(sjc_iomux_config.o)
 .bss           0x0000000010402934        0x0 /home/leon/git/swp-report/iMX6_Platform_SDK/output/mx6sdl/lib/libboard_smart_device_rev_b.a(uart1_iomux_config.o)
 .bss           0x0000000010402934        0x0 /home/leon/git/swp-report/iMX6_Platform_SDK/output/mx6sdl/lib/libboard_smart_device_rev_b.a(usb_iomux_config.o)
 .bss           0x0000000010402934        0x0 /home/leon/git/swp-report/iMX6_Platform_SDK/output/mx6sdl/lib/libboard_smart_device_rev_b.a(usdhc2_iomux_config.o)
 .bss           0x0000000010402934        0x0 /home/leon/git/swp-report/iMX6_Platform_SDK/output/mx6sdl/lib/libboard_smart_device_rev_b.a(usdhc3_iomux_config.o)
 .bss           0x0000000010402934        0x0 /home/leon/git/swp-report/iMX6_Platform_SDK/output/mx6sdl/lib/libboard_smart_device_rev_b.a(usdhc4_iomux_config.o)
 .bss           0x0000000010402934        0x0 /home/leon/git/swp-report/iMX6_Platform_SDK/output/mx6sdl/lib/libboard_smart_device_rev_b.a(audmux_iomux_config.o)
 .bss           0x0000000010402934        0x0 /home/leon/git/swp-report/iMX6_Platform_SDK/output/mx6sdl/lib/libboard_smart_device_rev_b.a(ccm_iomux_config.o)
 .bss           0x0000000010402934        0x0 /home/leon/git/swp-report/iMX6_Platform_SDK/output/mx6sdl/lib/libboard_smart_device_rev_b.a(ecspi1_iomux_config.o)
 .bss           0x0000000010402934        0x0 /home/leon/git/swp-report/iMX6_Platform_SDK/output/mx6sdl/lib/libboard_smart_device_rev_b.a(enet_iomux_config.o)
 .bss           0x0000000010402934        0x0 /home/leon/git/swp-report/iMX6_Platform_SDK/output/mx6sdl/lib/libboard_smart_device_rev_b.a(epdc_iomux_config.o)
 .bss           0x0000000010402934        0x0 /home/leon/git/swp-report/iMX6_Platform_SDK/output/mx6sdl/lib/libboard_smart_device_rev_b.a(flexcan1_iomux_config.o)
 .bss           0x0000000010402934        0x0 /home/leon/git/swp-report/iMX6_Platform_SDK/output/mx6sdl/lib/libboard_smart_device_rev_b.a(gpio1_iomux_config.o)
 .bss           0x0000000010402934        0x0 /home/leon/git/swp-report/iMX6_Platform_SDK/output/mx6sdl/lib/libboard_smart_device_rev_b.a(gpio2_iomux_config.o)
 .bss           0x0000000010402934        0x0 /home/leon/git/swp-report/iMX6_Platform_SDK/output/mx6sdl/lib/libboard_smart_device_rev_b.a(gpio3_iomux_config.o)
 .bss           0x0000000010402934        0x0 /home/leon/git/swp-report/iMX6_Platform_SDK/output/mx6sdl/lib/libboard_smart_device_rev_b.a(gpio4_iomux_config.o)
 .bss           0x0000000010402934        0x0 /home/leon/git/swp-report/iMX6_Platform_SDK/output/mx6sdl/lib/libboard_smart_device_rev_b.a(gpio5_iomux_config.o)
 .bss           0x0000000010402934        0x0 /home/leon/git/swp-report/iMX6_Platform_SDK/output/mx6sdl/lib/libboard_smart_device_rev_b.a(gpio6_iomux_config.o)
 .bss           0x0000000010402934        0x0 /home/leon/git/swp-report/iMX6_Platform_SDK/output/mx6sdl/lib/libboard_smart_device_rev_b.a(gpio7_iomux_config.o)
 .bss           0x0000000010402934        0x0 /home/leon/git/swp-report/iMX6_Platform_SDK/output/mx6sdl/lib/libboard_smart_device_rev_b.a(gps_iomux_config.o)
 .bss           0x0000000010402934        0x0 /home/leon/git/swp-report/iMX6_Platform_SDK/output/mx6sdl/lib/libboard_smart_device_rev_b.a(i2c1_iomux_config.o)
 .bss           0x0000000010402934        0x0 /home/leon/git/swp-report/iMX6_Platform_SDK/output/mx6sdl/lib/libboard_smart_device_rev_b.a(i2c2_iomux_config.o)
 .bss           0x0000000010402934        0x0 /home/leon/git/swp-report/iMX6_Platform_SDK/output/mx6sdl/lib/libboard_smart_device_rev_b.a(i2c3_iomux_config.o)
 .bss           0x0000000010402934        0x0 /home/src/arm/target/bin/../arm-none-eabi/lib//libm.a(lib_a-sf_cos.o)
 .bss           0x0000000010402934        0x0 /home/src/arm/target/bin/../arm-none-eabi/lib//libm.a(lib_a-sf_sin.o)
 .bss           0x0000000010402934        0x0 /home/src/arm/target/bin/../arm-none-eabi/lib//libm.a(lib_a-ef_rem_pio2.o)
 .bss           0x0000000010402934        0x0 /home/src/arm/target/bin/../arm-none-eabi/lib//libm.a(lib_a-kf_cos.o)
 .bss           0x0000000010402934        0x0 /home/src/arm/target/bin/../arm-none-eabi/lib//libm.a(lib_a-kf_rem_pio2.o)
 .bss           0x0000000010402934        0x0 /home/src/arm/target/bin/../arm-none-eabi/lib//libm.a(lib_a-kf_sin.o)
 .bss           0x0000000010402934        0x0 /home/src/arm/target/bin/../arm-none-eabi/lib//libm.a(lib_a-sf_fabs.o)
 .bss           0x0000000010402934        0x0 /home/src/arm/target/bin/../arm-none-eabi/lib//libm.a(lib_a-sf_floor.o)
 .bss           0x0000000010402934        0x0 /home/src/arm/target/bin/../arm-none-eabi/lib//libm.a(lib_a-sf_scalbn.o)
 .bss           0x0000000010402934        0x0 /home/src/arm/target/bin/../arm-none-eabi/lib//libm.a(lib_a-sf_copysign.o)
 .bss           0x0000000010402934        0x0 /home/src/arm/target/bin/../arm-none-eabi/lib//libc.a(lib_a-assert.o)
 .bss           0x0000000010402934        0x0 /home/src/arm/target/bin/../arm-none-eabi/lib//libc.a(lib_a-bzero.o)
 .bss           0x0000000010402934        0x0 /home/src/arm/target/bin/../arm-none-eabi/lib//libc.a(lib_a-fiprintf.o)
 .bss           0x0000000010402934        0x0 /home/src/arm/target/bin/../arm-none-eabi/lib//libc.a(lib_a-fputc.o)
 .bss           0x0000000010402934        0x0 /home/src/arm/target/bin/../arm-none-eabi/lib//libc.a(lib_a-impure.o)
 .bss           0x0000000010402934        0x0 /home/src/arm/target/bin/../arm-none-eabi/lib//libc.a(lib_a-init.o)
 .bss           0x0000000010402934        0x0 /home/src/arm/target/bin/../arm-none-eabi/lib//libc.a(lib_a-malloc.o)
 .bss           0x0000000010402934       0x34 /home/src/arm/target/bin/../arm-none-eabi/lib//libc.a(lib_a-mallocr.o)
                0x0000000010402934                __malloc_top_pad
                0x0000000010402938                __malloc_current_mallinfo
                0x0000000010402960                __malloc_max_sbrked_mem
                0x0000000010402964                __malloc_max_total_mem
 .bss           0x0000000010402968        0x0 /home/src/arm/target/bin/../arm-none-eabi/lib//libc.a(lib_a-memcpy-stub.o)
 .bss           0x0000000010402968        0x0 /home/src/arm/target/bin/../arm-none-eabi/lib//libc.a(lib_a-memset.o)
 .bss           0x0000000010402968        0x0 /home/src/arm/target/bin/../arm-none-eabi/lib//libc.a(lib_a-mlock.o)
 .bss           0x0000000010402968        0x0 /home/src/arm/target/bin/../arm-none-eabi/lib//libc.a(lib_a-printf.o)
 .bss           0x0000000010402968        0x0 /home/src/arm/target/bin/../arm-none-eabi/lib//libc.a(lib_a-putc.o)
 .bss           0x0000000010402968        0x0 /home/src/arm/target/bin/../arm-none-eabi/lib//libc.a(lib_a-realloc.o)
 .bss           0x0000000010402968        0x0 /home/src/arm/target/bin/../arm-none-eabi/lib//libc.a(lib_a-reallocr.o)
 .bss           0x0000000010402968        0x0 /home/src/arm/target/bin/../arm-none-eabi/lib//libc.a(lib_a-rget.o)
 .bss           0x0000000010402968        0x0 /home/src/arm/target/bin/../arm-none-eabi/lib//libc.a(lib_a-sbrkr.o)
 .bss           0x0000000010402968       0xb0 /home/src/arm/target/bin/../arm-none-eabi/lib//libc.a(lib_a-syscalls.o)
 .bss           0x0000000010402a18        0x0 /home/src/arm/target/bin/../arm-none-eabi/lib//libc.a(lib_a-vfiprintf.o)
 .bss           0x0000000010402a18        0x0 /home/src/arm/target/bin/../arm-none-eabi/lib//libc.a(lib_a-vfprintf.o)
 .bss           0x0000000010402a18        0x0 /home/src/arm/target/bin/../arm-none-eabi/lib//libc.a(lib_a-vprintf.o)
 .bss           0x0000000010402a18        0x0 /home/src/arm/target/bin/../arm-none-eabi/lib//libc.a(lib_a-wbuf.o)