Archive member included because of file (symbol)

/home/leon/git/swp-report/iMX6_Platform_SDK/output/mx6sdl/lib/libsdk.a(base.o)
                              /home/leon/git/swp-report/iMX6_Platform_SDK/output/mx6sdl/filesystem/sabre_ai_rev_b/obj/apps/filesystem/src/fs_test.o (GetFileSize)
/home/leon/git/swp-report/iMX6_Platform_SDK/output/mx6sdl/lib/libsdk.a(cache_wrappers.o)
                              /home/leon/git/swp-report/iMX6_Platform_SDK/output/mx6sdl/filesystem/sabre_ai_rev_b/obj/apps/filesystem/src/fs_test.o (g_usdhc_instance)
/home/leon/git/swp-report/iMX6_Platform_SDK/output/mx6sdl/lib/libsdk.a(chdir.o)
                              /home/leon/git/swp-report/iMX6_Platform_SDK/output/mx6sdl/filesystem/sabre_ai_rev_b/obj/apps/filesystem/src/fs_test.o (SetCWDHandle)
/home/leon/git/swp-report/iMX6_Platform_SDK/output/mx6sdl/lib/libsdk.a(directories.o)
                              /home/leon/git/swp-report/iMX6_Platform_SDK/output/mx6sdl/lib/libsdk.a(base.o) (CreateDirRecord)
/home/leon/git/swp-report/iMX6_Platform_SDK/output/mx6sdl/lib/libsdk.a(fatapi.o)
                              /home/leon/git/swp-report/iMX6_Platform_SDK/output/mx6sdl/lib/libsdk.a(base.o) (Findnextcluster)
/home/leon/git/swp-report/iMX6_Platform_SDK/output/mx6sdl/lib/libsdk.a(findnextsector.o)
                              /home/leon/git/swp-report/iMX6_Platform_SDK/output/mx6sdl/lib/libsdk.a(base.o) (UpdateHandleOffsets)
/home/leon/git/swp-report/iMX6_Platform_SDK/output/mx6sdl/lib/libsdk.a(fopen.o)
                              /home/leon/git/swp-report/iMX6_Platform_SDK/output/mx6sdl/lib/libsdk.a(cache_wrappers.o) (totalFileOpened)
/home/leon/git/swp-report/iMX6_Platform_SDK/output/mx6sdl/lib/libsdk.a(fs_fat_memory.o)
                              /home/leon/git/swp-report/iMX6_Platform_SDK/output/mx6sdl/filesystem/sabre_ai_rev_b/obj/apps/filesystem/src/fs_test.o (maxcaches)
/home/leon/git/swp-report/iMX6_Platform_SDK/output/mx6sdl/lib/libsdk.a(fs_steering.o)
                              /home/leon/git/swp-report/iMX6_Platform_SDK/output/mx6sdl/filesystem/sabre_ai_rev_b/obj/apps/filesystem/src/fs_test.o (Fclose)
/home/leon/git/swp-report/iMX6_Platform_SDK/output/mx6sdl/lib/libsdk.a(fsinit.o)
                              /home/leon/git/swp-report/iMX6_Platform_SDK/output/mx6sdl/lib/libsdk.a(base.o) (Handle)
/home/leon/git/swp-report/iMX6_Platform_SDK/output/mx6sdl/lib/libsdk.a(fsunicode.o)
                              /home/leon/git/swp-report/iMX6_Platform_SDK/output/mx6sdl/lib/libsdk.a(directories.o) (Long_NameRes_Ch)
/home/leon/git/swp-report/iMX6_Platform_SDK/output/mx6sdl/lib/libsdk.a(handle.o)
                              /home/leon/git/swp-report/iMX6_Platform_SDK/output/mx6sdl/lib/libsdk.a(chdir.o) (Freehandle)
/home/leon/git/swp-report/iMX6_Platform_SDK/output/mx6sdl/lib/libsdk.a(longfilename.o)
                              /home/leon/git/swp-report/iMX6_Platform_SDK/output/mx6sdl/lib/libsdk.a(directories.o) (ArrangeLongFileName)
/home/leon/git/swp-report/iMX6_Platform_SDK/output/mx6sdl/lib/libsdk.a(readdevicerecord.o)
                              /home/leon/git/swp-report/iMX6_Platform_SDK/output/mx6sdl/lib/libsdk.a(fsinit.o) (Readdevicerecord)
/home/leon/git/swp-report/iMX6_Platform_SDK/output/mx6sdl/lib/libsdk.a(reentrant_section.o)
                              /home/leon/git/swp-report/iMX6_Platform_SDK/output/mx6sdl/lib/libsdk.a(base.o) (EnterNonReentrantSection)
/home/leon/git/swp-report/iMX6_Platform_SDK/output/mx6sdl/lib/libsdk.a(standardapi.o)
                              /home/leon/git/swp-report/iMX6_Platform_SDK/output/mx6sdl/lib/libsdk.a(fs_steering.o) (Fclose_FAT)
/home/leon/git/swp-report/iMX6_Platform_SDK/output/mx6sdl/lib/libsdk.a(string_utilities.o)
                              /home/leon/git/swp-report/iMX6_Platform_SDK/output/mx6sdl/lib/libsdk.a(longfilename.o) (Convert_itoa)
/home/leon/git/swp-report/iMX6_Platform_SDK/output/mx6sdl/lib/libsdk.a(armv7_cache.o)
                              /home/leon/git/swp-report/iMX6_Platform_SDK/output/mx6sdl/filesystem/sabre_ai_rev_b/obj/apps/filesystem/src/fs_test.o (arm_dcache_enable)
/home/leon/git/swp-report/iMX6_Platform_SDK/output/mx6sdl/lib/libsdk.a(ccm_pll.o)
                              /home/leon/git/swp-report/iMX6_Platform_SDK/output/mx6sdl/filesystem/sabre_ai_rev_b/obj/apps/common/platform_init.o (ccm_init)
/home/leon/git/swp-report/iMX6_Platform_SDK/output/mx6sdl/lib/libsdk.a(cortexA9.o)
                              /home/leon/git/swp-report/iMX6_Platform_SDK/output/mx6sdl/filesystem/sabre_ai_rev_b/obj/apps/common/platform_init.o (arm_set_interrupt_state)
/home/leon/git/swp-report/iMX6_Platform_SDK/output/mx6sdl/lib/libsdk.a(gic.o)
                              /home/leon/git/swp-report/iMX6_Platform_SDK/output/mx6sdl/filesystem/sabre_ai_rev_b/obj/apps/common/platform_init.o (gic_init)
/home/leon/git/swp-report/iMX6_Platform_SDK/output/mx6sdl/lib/libsdk.a(mmu.o)
[...]
Memory Configuration

Name             Origin             Length             Attributes
OCRAM            0x00900000         0x00020000         xrw
DDR              0x10000000         0x80000000         xrw
*default*        0x00000000         0xffffffff

Linker script and memory map

LOAD /home/leon/riotboard/arm-2012.09/bin/../lib/gcc/arm-none-eabi/4.7.2//crtbegin.o
LOAD /home/leon/riotboard/arm-2012.09/bin/../lib/gcc/arm-none-eabi/4.7.2//crti.o
LOAD /home/leon/riotboard/arm-2012.09/bin/../lib/gcc/arm-none-eabi/4.7.2//crtend.o
LOAD /home/leon/riotboard/arm-2012.09/bin/../lib/gcc/arm-none-eabi/4.7.2//crtn.o

.l1_page_table  0x00900000     0x4000
                0x00900000                __l1_page_table_start = .
                0x00904000                . = (. + 0x4000)
 *fill*         0x00900000     0x4000 

.heap.ocram     0x00904000    0x1bfb8
                0x00904000                __heap_ocram_start = .
                0x0091ffb8                . = (. + 0x1bfb8)
 *fill*         0x00904000    0x1bfb8 
                0x0091ffb8                __heap_ocram_end = .

.ram_vectors    0x0091ffb8       0x48
                0x0091ffb8                __ram_vectors_start = .
                0x00920000                . = (. + 0x48)
 *fill*         0x0091ffb8       0x48 
                0x00920000                __ram_vectors_end = .
                0x10000000                _start_image_add = ORIGIN (DDR)

.ivt            0x10000000      0x420
                0x10000400                . = (. + 0x400)
 *fill*         0x10000000      0x400 
 *(.ivt)
 .ivt           0x10000400       0x20 /home/leon/git/swp-report/iMX6_Platform_SDK/output/mx6sdl/filesystem/sabre_ai_rev_b/obj/apps/common/ivt.o
                0x10000400                input_ivt

.boot_data      0x10000420        0xc
                0x10000420                __start_boot_data = .
 *(.boot_data)
 .boot_data     0x10000420        0xc /home/leon/git/swp-report/iMX6_Platform_SDK/output/mx6sdl/filesystem/sabre_ai_rev_b/obj/apps/common/ivt.o
                0x10000420                bd

.dcd_hdr        0x10000430        0x4
                0x10000430                __start_dcd = .
 *(.dcd_hdr)
 .dcd_hdr       0x10000430        0x4 /home/leon/git/swp-report/iMX6_Platform_SDK/output/mx6sdl/lib/libboard_sabre_ai_rev_b.a(dcd.o)
                0x10000430                input_dcd_hdr

.dcd_wrt_cmd    0x10000434        0x4
 *(.dcd_wrt_cmd)
 .dcd_wrt_cmd   0x10000434        0x4 /home/leon/git/swp-report/iMX6_Platform_SDK/output/mx6sdl/lib/libboard_sabre_ai_rev_b.a(dcd.o)
                0x10000434                input_dcd_wrt_cmd

.dcd_data       0x10000438      0x298
 *(.dcd_data)
 .dcd_data      0x10000438      0x298 /home/leon/git/swp-report/iMX6_Platform_SDK/output/mx6sdl/lib/libboard_sabre_ai_rev_b.a(dcd.o)
                0x10000438                input_dcd

.text           0x100006d0    0x37b34
 CREATE_OBJECT_SYMBOLS
 *(.startup)
 .startup       0x100006d0      0x138 /home/leon/git/swp-report/iMX6_Platform_SDK/output/mx6sdl/lib/libsdk.a(startup.o)
                0x100006d0                _start
 *(.text .text.* .gnu.linkonce.t.*)
 .text          0x10000808      0x128 /home/leon/riotboard/arm-2012.09/bin/../lib/gcc/arm-none-eabi/4.7.2//crtbegin.o
 .text          0x10000930        0x0 /home/leon/riotboard/arm-2012.09/bin/../lib/gcc/arm-none-eabi/4.7.2//crti.o
 .text          0x10000930        0x0 /home/leon/riotboard/arm-2012.09/bin/../lib/gcc/arm-none-eabi/4.7.2//crtend.o
 .text          0x10000930        0x0 /home/leon/riotboard/arm-2012.09/bin/../lib/gcc/arm-none-eabi/4.7.2//crtn.o
 .text          0x10000930        0x0 /home/leon/git/swp-report/iMX6_Platform_SDK/output/mx6sdl/filesystem/sabre_ai_rev_b/obj/apps/common/ivt.o
 .text          0x10000930       0x98 /home/leon/git/swp-report/iMX6_Platform_SDK/output/mx6sdl/filesystem/sabre_ai_rev_b/obj/apps/common/platform_init.o
                0x10000930                platform_init
 .text          0x100009c8       0xfc /home/leon/git/swp-report/iMX6_Platform_SDK/output/mx6sdl/filesystem/sabre_ai_rev_b/obj/apps/common/print_clock_info.o
                0x100009c8                show_freq
                0x10000ab4                show_ddr_config
 .text          0x10000ac4      0x15c /home/leon/git/swp-report/iMX6_Platform_SDK/output/mx6sdl/filesystem/sabre_ai_rev_b/obj/apps/common/print_version.o
                0x10000ac4                print_version
 .text          0x10000c20     0x135c /home/leon/git/swp-report/iMX6_Platform_SDK/output/mx6sdl/filesystem/sabre_ai_rev_b/obj/apps/filesystem/src/fs_test.o
                0x10000cbc                fat_write_speed_test
                0x10000fec                sd_raw_write_speed_test
                0x10001254                create_input_file
                0x100013fc                fat_read_speed_test
                0x1000173c                sd_raw_read_speed_test
                0x100019bc                dump_test_results
                0x10001d54                fat_test
                0x10001f58                main
 .text          0x10001f7c     0x2e4c /home/leon/git/swp-report/iMX6_Platform_SDK/output/mx6sdl/lib/libsdk.a(base.o)
                0x10001fa8                Fcreate
                0x10002118                Fflush
                0x10002460                GetFileSize
                0x10002500                Fread_FAT
                0x10002df0                Fwrite_FAT
                0x10003b50                UpdateFileSize
                0x10003de4                SeekPoint_InitializeBuffer
                0x10003ea8                SeekPoint_CalculateSeekPointStep
                0x10004138                SeekPoint_FillSeekPoint
                0x10004278                Fseek_FAT
                0x10004c38                Ftell
                0x10004cd8                Feof
 .text          0x10004dc8     0x197c /home/leon/git/swp-report/iMX6_Platform_SDK/output/mx6sdl/lib/libsdk.a(cache_wrappers.o)
                0x10004dc8                media_cache_pinned_write
                0x10004e38                media_cache_release
                0x10004e68                fatCacheAllocate
                0x10004fc4                updateFatCacheRefIndex
                0x10005034                getFatCache
                0x1000517c                fatCacheRelease
                0x1000539c                print_media_fat_info
                0x10005850                FsFlushCache
                0x1000590c                FSWriteSector
                0x10005cc8                FSWriteMultiSectors
                0x10005dc4                FSEraseSector
                0x10005ef0                FSReadSector
                0x10006138                FSReadMultiSectors
                0x10006220                FSReleaseSector
                0x1000625c                FSFlushSector
                0x1000628c                FlushCache
                0x100062a4                FSFlushDriveCache
                0x100062cc                VerifyPBS
                0x100063f0                FSDataDriveInit
 .text          0x10006744     0x3214 /home/leon/git/swp-report/iMX6_Platform_SDK/output/mx6sdl/lib/libsdk.a(chdir.o)
                0x10006744                Chdir
                0x100069dc                Chdirw
                0x10006c24                Getcwd
                0x10006c3c                Changepath
                0x10006e00                ChangeToRootdirectory
                0x10007170                Searchdirectory
                0x100078f0                SetHandleforsearch
                0x10008064                Mkdir
                0x1000825c                Mkdirw
                0x10008450                Rmdir
                0x100089c8                Rmdirw
                0x10008ed0                CreateDirectory
                0x100098ec                SetCWDHandle
 .text          0x10009958     0x23d0 /home/leon/git/swp-report/iMX6_Platform_SDK/output/mx6sdl/lib/libsdk.a(directories.o)
                0x10009958                CreateDirRecord
                0x10009e14                ChkSum
                0x10009eb8                ReadDirectoryRecord
                0x1000a144                GetDateTime
                0x1000a17c                CreateShortDirRecord
                0x1000a3b0                Isdirectoryempty
                0x1000a464                Longdirmatch
                0x1000a6ec                MatchdirRecordW
                0x1000a888                Shortdirmatch
                0x1000aa08                Setfilename
                0x1000ab7c                Uppercase
                0x1000ac34                ConverToShortname
                0x1000afb8                FindfreeRecord
                0x1000b1e8                Searchfreerecord
                0x1000b2d4                CheckspaceinRootdir
                0x1000b440                DeleteRecord
                0x1000b77c                ReadRootdirRecord
                0x1000b96c                SetcurrentPos
                0x1000bac0                GetVolumeLabel
 .text          0x1000bd28     0x1e58 /home/leon/git/swp-report/iMX6_Platform_SDK/output/mx6sdl/lib/libsdk.a(fatapi.o)
                0x1000bd54                FATsectorno
                0x1000bef0                Computefreecluster
                0x1000bf90                Findnextcluster
                0x1000c018                FirstfreeAndallocate
                0x1000c65c                FirstfreeAndallocateFAT32
                0x1000c858                Firstsectorofcluster
                0x1000c938                GetNewcluster
                0x1000cb18                ReadFAT12Entry
                0x1000cd2c                ReadFATentry
                0x1000cf28                Totalfreecluster
                0x1000d268                TotalfreeclusterFAT16
                0x1000d6a0                WriteFATentry
                0x1000da90                ClearCluster
 .text          0x1000db80      0x25c /home/leon/git/swp-report/iMX6_Platform_SDK/output/mx6sdl/lib/libsdk.a(findnextsector.o)
                0x1000db80                UpdateHandleOffsets
                0x1000dd0c                FindNextSector
 .text          0x1000dddc     0x20d0 /home/leon/git/swp-report/iMX6_Platform_SDK/output/mx6sdl/lib/libsdk.a(fopen.o)
                0x1000dddc                Fopen
                0x1000e52c                Fopenw
                0x1000ebf4                Fremove
                0x1000ef60                Fremovew
                0x1000f264                Frename
                0x1000f610                DeleteContent
 .text          0x1000feac        0x0 /home/leon/git/swp-report/iMX6_Platform_SDK/output/mx6sdl/lib/libsdk.a(fs_fat_memory.o)
 .text          0x1000feac      0x2f0 /home/leon/git/swp-report/iMX6_Platform_SDK/output/mx6sdl/lib/libsdk.a(fs_steering.o)
                0x1000fed8                FileSystemType
                0x1000ff40                Fclose
                0x1000ffd4                Fwrite
                0x10010078                Fseek
                0x100100f8                Fread
 .text          0x1001019c      0x41c /home/leon/git/swp-report/iMX6_Platform_SDK/output/mx6sdl/lib/libsdk.a(fsinit.o)
                0x1001019c                FSInit
                0x10010268                FSDriveInit
                0x1001037c                FSClearDriveBuf
                0x10010418                FSDriveShutdown
                0x100104dc                FSShutdown
 .text          0x100105b8      0x2d4 /home/leon/git/swp-report/iMX6_Platform_SDK/output/mx6sdl/lib/libsdk.a(fsunicode.o)
                0x100105b8                DBCStoUnicode
                0x10010688                UnicodeToOEM
                0x1001079c                DBCStoTwoByteString
 .text          0x1001088c      0xea8 /home/leon/git/swp-report/iMX6_Platform_SDK/output/mx6sdl/lib/libsdk.a(handle.o)
                0x1001088c                Freehandle
                0x1001095c                Updatehandlemode
                0x10010a10                Gethandlemode
                0x10010ab4                IsHandleWriteAllocated
                0x10010cc4                Searchfreehandleallocate
                0x10010e68                Isfileopen
                0x10011044                IsCurrWorkDir
                0x10011198                GetCWDHandle
                0x1001127c                GetDeviceFromHandle
                0x10011380                UpdateHandle
                0x10011594                Handleactive
                0x10011654                CheckMode
                0x10011694                Ferror
 .text          0x10011734     0x112c /home/leon/git/swp-report/iMX6_Platform_SDK/output/mx6sdl/lib/libsdk.a(longfilename.o)
                0x10011734                ConstructLongFileName
                0x10011a64                GetUnicodeWord
                0x10011abc                ArrangeLongFileName
                0x10011df4                Setshortfilename
                0x10012420                IsShortNameValid
                0x100126b4                ArrangeFileName
 .text          0x10012860     0x1268 /home/leon/git/swp-report/iMX6_Platform_SDK/output/mx6sdl/lib/libsdk.a(readdevicerecord.o)
                0x10012860                Readdevicerecord
                0x100135a0                FSSize
                0x100136b0                FSFreeClusters
                0x100136f8                BytesPerCluster
                0x10013748                FSClusterShift
                0x10013790                FSFreeSpace
                0x10013838                FSFreeSpaceFromHandle
                0x100138b0                FSMediaPresent
                0x100138f8                FSFATType
                0x10013940                Cleardevicerecord
                0x100139c8                FileSystemPresent
                0x10013a78                FileSystemBootSectorVerify
 .text          0x10013ac8       0x20 /home/leon/git/swp-report/iMX6_Platform_SDK/output/mx6sdl/lib/libsdk.a(reentrant_section.o)
                0x10013ac8                EnterNonReentrantSection
                0x10013ad8                LeaveNonReentrantSection
 .text          0x10013ae8      0x44c /home/leon/git/swp-report/iMX6_Platform_SDK/output/mx6sdl/lib/libsdk.a(standardapi.o)
                0x10013ae8                Fclose_FAT
                0x10013bb4                Fgetc
                0x10013c88                Fgets
                0x10013d9c                Fputc
                0x10013e50                Fputs
 .text          0x10013f34      0xce8 /home/leon/git/swp-report/iMX6_Platform_SDK/output/mx6sdl/lib/libsdk.a(string_utilities.o)
                0x10013f34                Convert_itoa
                0x10014074                Changecase
                0x100140e4                StrlengthW
                0x10014154                Strlength
                0x100141bc                Strcpy
                0x10014264                Strcpyw
                0x1001433c                GetChar
                0x10014390                GetCharW
                0x100143e4                PutChar
                0x1001443c                PutCharW
                0x1001448c                GetnameW
                0x100144ec                Getname
                0x10014548                GetDirnameW
                0x100145a4                Extractfilename
                0x10014610                Extractfilenamew
                0x100146a0                Extractdirnamew
                0x1001470c                ExtractPathW
                0x100147c0                ExtractPath
                0x10014858                DiscardTrailigPeriods
                0x10014918                DiscardTrailigPeriodsw
                0x100149bc                FSGetByte
                0x100149f8                FSGetWord
                0x10014a54                FSGetDWord
                0x10014ae8                PutByte
                0x10014b24                PutWord
                0x10014b80                PutDword
 .text          0x10014c1c      0x644 /home/leon/git/swp-report/iMX6_Platform_SDK/output/mx6sdl/lib/libsdk.a(armv7_cache.o)
                0x10014c1c                arm_dcache_state_query
                0x10014c5c                arm_dcache_enable
                0x10014ca4                arm_dcache_disable
                0x10014cdc                arm_dcache_invalidate
                0x10014d80                arm_dcache_invalidate_line
                0x10014dec                arm_dcache_invalidate_mlines
                0x10014e8c                arm_dcache_flush
                0x10014f30                arm_dcache_flush_line
                0x10014f9c                arm_dcache_flush_mlines
                0x1001503c                arm_icache_state_query
                0x1001507c                arm_icache_enable
                0x100150c4                arm_icache_disable
                0x100150fc                arm_icache_invalidate
                0x10015128                arm_icache_invalidate_is
                0x10015154                arm_icache_invalidate_line
                0x100151c0                arm_icache_invalidate_mlines
 .text          0x10015260      0xc64 /home/leon/git/swp-report/iMX6_Platform_SDK/output/mx6sdl/lib/libsdk.a(ccm_pll.o)
                0x10015260                ccm_init
                0x10015384                get_main_clock
                0x10015614                get_peri_clock
                0x100157c4                ccm_ccgr_config
                0x1001582c                clock_gating_config
                0x10015c64                ccm_set_lpm_wakeup_source
                0x10015d58                ccm_enter_low_power
                0x10015dc8                ipu_hsp_clk_config
                0x10015de8                gpu_clock_config
 .text          0x10015ec4      0x164 /home/leon/git/swp-report/iMX6_Platform_SDK/output/mx6sdl/lib/libsdk.a(cortexA9.o)
                0x10015ec4                arm_set_interrupt_state
                0x10015ee8                cpu_get_current
                0x10015ef4                enable_neon_fpu
                0x10015f10                disable_strict_align_check
                0x10015f24                disable_L1_cache
                0x10015f44                get_arm_private_peripheral_base
                0x10015f4c                arm_unified_tlb_invalidate
                0x10015f5c                arm_unified_tlb_invalidate_is
                0x10015f6c                arm_branch_prediction_enable
                0x10015f7c                arm_branch_prediction_disable
                0x10015f8c                arm_branch_target_cache_invalidate
                0x10015f98                arm_branch_target_cache_invalidate_is
                0x10015fa4                scu_enable
                0x10015fb8                scu_join_smp
                0x10015fc8                scu_leave_smp
                0x10015fd8                scu_get_cpus_in_smp
                0x10015fec                scu_enable_maintenance_broadcast
                0x10015ffc                scu_disable_maintenance_broadcast
                0x1001600c                scu_secure_invalidate
 .text          0x10016028      0x5e0 /home/leon/git/swp-report/iMX6_Platform_SDK/output/mx6sdl/lib/libsdk.a(gic.o)
                0x1001610c                gic_enable
                0x1001616c                gic_set_irq_security
                0x10016214                gic_enable_irq
                0x10016290                gic_set_irq_priority
                0x100162d8                gic_set_cpu_target
                0x100163e4                gic_send_sgi
                0x10016438                gic_cpu_enable
                0x10016498                gic_set_cpu_priority_mask
                0x100164cc                gic_read_irq_ack
                0x100164f8                gic_write_end_of_irq
                0x10016528                gic_init
                0x100165cc                gic_init_cpu
 .text          0x10016608      0x460 /home/leon/git/swp-report/iMX6_Platform_SDK/output/mx6sdl/lib/libsdk.a(mmu.o)
                0x10016608                mmu_enable
                0x10016640                mmu_disable
                0x10016674                mmu_init
                0x10016790                mmu_map_l1_range
                0x100169a8                mmu_virtual_to_physical
 .text          0x10016a68        0x0 /home/leon/git/swp-report/iMX6_Platform_SDK/output/mx6sdl/lib/libsdk.a(startup.o)
 .text          0x10016a68        0x4 /home/leon/git/swp-report/iMX6_Platform_SDK/output/mx6sdl/lib/libsdk.a(vectors.o)
                0x10016a68                exception_handler
 .text.vectors  0x10016a6c       0x48 /home/leon/git/swp-report/iMX6_Platform_SDK/output/mx6sdl/lib/libsdk.a(vectors.o)
                0x10016a6c                vectors
 .text          0x10016ab4      0x610 /home/leon/git/swp-report/iMX6_Platform_SDK/output/mx6sdl/lib/libsdk.a(runtime_support.o)
                0x10016ab4                _execve
                0x10016af0                _fork
                0x10016b18                _isatty
                0x10016b3c                _open
                0x10016b68                _close
                0x10016b8c                _lseek
                0x10016bb8                _fstat
                0x10016bec                _read
                0x10016cbc                _write
                0x10016da8                _raw_puts
                0x10016e28                _sbrk
                0x10016ed8                _exit
                0x10016ef8                _kill
                0x10016f30                _getpid
                0x10016f48                _link
                0x10016f80                _unlink
                0x10016fb4                _stat
                0x10016fe8                _times
                0x1001700c                _gettimeofday
                0x10017090                _wait
 .text          0x100170c4        0x0 /home/leon/git/swp-report/iMX6_Platform_SDK/output/mx6sdl/lib/libsdk.a(sdk_version.o)
 .text          0x100170c4      0x914 /home/leon/git/swp-report/iMX6_Platform_SDK/output/mx6sdl/lib/libsdk.a(system_util.o)
                0x100170c4                _sys_exit
                0x100170e0                mybkpt
                0x100170e8                is_input_char
                0x10017268                read_input_string
                0x10017550                get_input_hex
                0x100177d0                read_int
                0x10017934                jump_to_sdp
 .text          0x100179d8       0xe0 /home/leon/git/swp-report/iMX6_Platform_SDK/output/mx6sdl/lib/libsdk.a(text_color.o)
                0x100179d8                printf_color
                0x10017a74                get_color_supported
 .text          0x10017ab8      0x7c4 /home/leon/git/swp-report/iMX6_Platform_SDK/output/mx6sdl/lib/libsdk.a(board_id.o)
                0x10017ab8                chip_name
                0x10017bd0                chip_revision
                0x10017ca8                board_name
                0x10017dac                board_revision
                0x10017e74                board_description
                0x10017f94                get_board_id
                0x10018070                show_board_id
 .text          0x1001827c      0x8e0 /home/leon/git/swp-report/iMX6_Platform_SDK/output/mx6sdl/lib/libsdk.a(epit.o)
                0x1001827c                epit_reload_counter
                0x100182dc                epit_get_counter_value
                0x10018338                epit_set_compare_event
                0x10018398                epit_get_compare_event
                0x10018490                epit_counter_disable
                0x10018654                epit_counter_enable
                0x100188b0                epit_setup_interrupt
                0x10018940                epit_init
 .text          0x10018b5c      0x290 /home/leon/git/swp-report/iMX6_Platform_SDK/output/mx6sdl/lib/libsdk.a(timer.o)
                0x10018b5c                hal_delay_us
                0x10018bcc                system_time_init
                0x10018d2c                time_get_microseconds
 .text          0x10018dec     0x2820 /home/leon/git/swp-report/iMX6_Platform_SDK/output/mx6sdl/lib/libsdk.a(imx_uart.o)
                0x10018dec                uart_get_reffreq
                0x10018ee8                uart_putchar
                0x10019038                uart_getchar
                0x10019198                uart_set_FIFO_mode
                0x10019cc4                uart_set_loopback_mode
                0x10019f18                uart_setup_interrupt
                0x10019fe4                uart_init
 .text          0x1001b60c     0x11b8 /home/leon/git/swp-report/iMX6_Platform_SDK/output/mx6sdl/lib/libsdk.a(usdhc.o)
                0x1001b824                set_card_access_mode
                0x1001b864                read_usdhc_adma_mode
                0x1001b884                read_usdhc_intr_mode
                0x1001b8a4                card_init
                0x1001ba54                card_emmc_init
                0x1001bae8                card_cmd_config
                0x1001bbfc                card_get_cid
                0x1001bc9c                card_enter_trans
                0x1001bd78                card_trans_status
                0x1001be74                card_get_port
                0x1001bf5c                card_set_blklen
                0x1001c040                card_data_read
                0x1001c32c                card_data_write
                0x1001c62c                card_xfer_result
                0x1001c720                card_wait_xfer_done
 .text          0x1001c7c4     0x3484 /home/leon/git/swp-report/iMX6_Platform_SDK/output/mx6sdl/lib/libsdk.a(usdhc_host.o)
                0x1001dba4                usdhc1_isr
                0x1001dbbc                usdhc2_isr
                0x1001dbd4                usdhc3_isr
                0x1001dbec                usdhc4_isr
                0x1001dc04                host_init
                0x1001dc34                host_init_active
                0x1001dcdc                host_send_cmd
                0x1001e104                host_cfg_clock
                0x1001e8a0                host_set_bus_width
                0x1001e8d8                host_reset
                0x1001ea08                host_read_response
                0x1001ebf8                host_cfg_block
                0x1001ee74                host_clear_fifo
                0x1001f020                host_setup_adma
                0x1001f240                host_data_read
                0x1001f748                host_data_write
 .text          0x1001fc48      0xe04 /home/leon/git/swp-report/iMX6_Platform_SDK/output/mx6sdl/lib/libsdk.a(usdhc_mmc.o)
                0x100201e8                mmc_init
                0x1002028c                emmc_init
                0x100203b8                emmc_print_cfg_info
                0x100205f0                mmc_set_boot_bus_width
                0x100206b8                mmc_set_boot_partition
                0x100207b8                mmc_set_boot_ack
                0x1002083c                mmc_voltage_validation
 .text          0x10020a4c      0x800 /home/leon/git/swp-report/iMX6_Platform_SDK/output/mx6sdl/lib/libsdk.a(usdhc_sd.o)
                0x10020de0                sd_init
                0x10020e98                sd_voltage_validation
 .text          0x1002124c       0x98 /home/leon/git/swp-report/iMX6_Platform_SDK/output/mx6sdl/lib/libsdk.a(arm_abort.o)
                0x1002124c                common_abort_handler
                0x100212ac                data_abort_handler
                0x100212c4                prefetch_abort_handler
 .text          0x100212e4      0x1bc /home/leon/git/swp-report/iMX6_Platform_SDK/output/mx6sdl/lib/libsdk.a(interrupt.o)
                0x100212e4                IRQ_HDLR
                0x100213ac                disable_interrupt
                0x100213e8                enable_interrupt
                0x10021440                register_interrupt_routine
                0x10021474                default_interrupt_routine
 .text          0x100214a0      0xc78 /home/leon/git/swp-report/iMX6_Platform_SDK/output/mx6sdl/lib/libsdk.a(menu.o)
                0x10021948                menu_get_indent
                0x10021964                menuitem_cmd_showmenu
                0x10021988                menuitem_cmd_exitmenu
                0x100219ac                menu_append_menuitems
                0x10021acc                menu_present
                0x10022068                menu_print_menuitem
 .text          0x10022118      0x4bc /home/leon/git/swp-report/iMX6_Platform_SDK/output/mx6sdl/lib/libsdk.a(abort_handler.o)
                0x10022118                dump_regs
 .text          0x100225d4      0x12c /home/leon/git/swp-report/iMX6_Platform_SDK/output/mx6sdl/lib/libboard_sabre_ai_rev_b.a(board_io_expanders.o)
                0x100225d4                board_ioexpander_init
                0x100226cc                board_ioexpander_iomux_config
 .text          0x10022700      0x214 /home/leon/git/swp-report/iMX6_Platform_SDK/output/mx6sdl/lib/libboard_sabre_ai_rev_b.a(board_usdhc.o)
                0x10022700                usdhc_gpio_config
                0x100227a0                usdhc_card_detected
                0x1002288c                usdhc_write_protected
 .text          0x10022914        0x0 /home/leon/git/swp-report/iMX6_Platform_SDK/output/mx6sdl/lib/libboard_sabre_ai_rev_b.a(hardware_modules.o)
 .text          0x10022914        0x0 /home/leon/git/swp-report/iMX6_Platform_SDK/output/mx6sdl/lib/libboard_sabre_ai_rev_b.a(dcd.o)
 .text          0x10022914       0x78 /home/leon/git/swp-report/iMX6_Platform_SDK/output/mx6sdl/lib/libboard_sabre_ai_rev_b.a(i2c3_iomux_config.o)
                0x10022914                i2c3_iomux_config
 .text          0x1002298c       0x90 /home/leon/git/swp-report/iMX6_Platform_SDK/output/mx6sdl/lib/libboard_sabre_ai_rev_b.a(uart_iomux_config.o)
                0x1002298c                uart_iomux_config
 .text          0x10022a1c       0x84 /home/leon/git/swp-report/iMX6_Platform_SDK/output/mx6sdl/lib/libboard_sabre_ai_rev_b.a(usdhc_iomux_config.o)
                0x10022a1c                usdhc_iomux_config
 .text          0x10022aa0      0x2c4 /home/leon/git/swp-report/iMX6_Platform_SDK/output/mx6sdl/lib/libboard_sabre_ai_rev_b.a(iomux_config.o)
                0x10022aa0                iomux_config
                0x10022b24                arm_iomux_config
                0x10022b34                asrc_iomux_config
                0x10022b44                dcic1_iomux_config
                0x10022b54                dcic2_iomux_config
                0x10022b64                ecspi2_iomux_config
                0x10022b74                ecspi3_iomux_config
                0x10022b84                ecspi4_iomux_config
                0x10022b94                epdc_iomux_config
                0x10022ba4                epit1_iomux_config
                0x10022bb4                epit2_iomux_config
                0x10022bc4                gpio3_iomux_config
                0x10022bd4                gpio7_iomux_config
                0x10022be4                gpt_iomux_config
                0x10022bf4                hdmi_iomux_config
                0x10022c04                i2c1_iomux_config
                0x10022c14                i2c4_iomux_config
                0x10022c24                kpp_iomux_config
                0x10022c34                lcd_iomux_config
                0x10022c44                ldb_iomux_config
                0x10022c54                mipi_csi_iomux_config
                0x10022c64                mipi_dsi_iomux_config
                0x10022c74                mipi_hsi_iomux_config
                0x10022c84                pcie_iomux_config
                0x10022c94                pmu_iomux_config
                0x10022ca4                pwm1_iomux_config
                0x10022cb4                pwm2_iomux_config
                0x10022cc4                sdma_iomux_config
                0x10022cd4                snvs_iomux_config
                0x10022ce4                src_iomux_config
                0x10022cf4                uart1_iomux_config
                0x10022d04                uart5_iomux_config
                0x10022d14                usb_iomux_config
                0x10022d24                usdhc2_iomux_config
                0x10022d34                usdhc4_iomux_config
                0x10022d44                wdog2_iomux_config
                0x10022d54                xtalosc_iomux_config
 .text          0x10022d64      0x5f8 /home/leon/git/swp-report/iMX6_Platform_SDK/output/mx6sdl/lib/libboard_sabre_ai_rev_b.a(ipu1_iomux_config.o)
                0x10022d64                ipu1_iomux_config
 .text          0x1002335c       0xac /home/leon/git/swp-report/iMX6_Platform_SDK/output/mx6sdl/lib/libboard_sabre_ai_rev_b.a(mlb_iomux_config.o)
                0x1002335c                mlb_iomux_config
 .text          0x10023408     0x2484 /home/leon/git/swp-report/iMX6_Platform_SDK/output/mx6sdl/lib/libboard_sabre_ai_rev_b.a(mmdc_iomux_config.o)
                0x10023408                mmdc_iomux_config
 .text          0x1002588c       0x34 /home/leon/git/swp-report/iMX6_Platform_SDK/output/mx6sdl/lib/libboard_sabre_ai_rev_b.a(pwm3_iomux_config.o)
                0x1002588c                pwm3_iomux_config
 .text          0x100258c0       0x34 /home/leon/git/swp-report/iMX6_Platform_SDK/output/mx6sdl/lib/libboard_sabre_ai_rev_b.a(pwm4_iomux_config.o)
                0x100258c0                pwm4_iomux_config
 .text          0x100258f4       0x70 /home/leon/git/swp-report/iMX6_Platform_SDK/output/mx6sdl/lib/libboard_sabre_ai_rev_b.a(sjc_iomux_config.o)
                0x100258f4                sjc_iomux_config
 .text          0x10025964       0x40 /home/leon/git/swp-report/iMX6_Platform_SDK/output/mx6sdl/lib/libboard_sabre_ai_rev_b.a(spdif_iomux_config.o)
                0x10025964                spdif_iomux_config
 .text          0x100259a4       0xe0 /home/leon/git/swp-report/iMX6_Platform_SDK/output/mx6sdl/lib/libboard_sabre_ai_rev_b.a(uart2_iomux_config.o)
                0x100259a4                uart2_iomux_config
 .text          0x10025a84       0xe0 /home/leon/git/swp-report/iMX6_Platform_SDK/output/mx6sdl/lib/libboard_sabre_ai_rev_b.a(uart3_iomux_config.o)
                0x10025a84                uart3_iomux_config
 .text          0x10025b64       0x78 /home/leon/git/swp-report/iMX6_Platform_SDK/output/mx6sdl/lib/libboard_sabre_ai_rev_b.a(uart4_iomux_config.o)
                0x10025b64                uart4_iomux_config
 .text          0x10025bdc      0x1ac /home/leon/git/swp-report/iMX6_Platform_SDK/output/mx6sdl/lib/libboard_sabre_ai_rev_b.a(usdhc1_iomux_config.o)
                0x10025bdc                usdhc1_iomux_config
 .text          0x10025d88      0x1d0 /home/leon/git/swp-report/iMX6_Platform_SDK/output/mx6sdl/lib/libboard_sabre_ai_rev_b.a(usdhc3_iomux_config.o)
                0x10025d88                usdhc3_iomux_config
 .text          0x10025f58       0x34 /home/leon/git/swp-report/iMX6_Platform_SDK/output/mx6sdl/lib/libboard_sabre_ai_rev_b.a(wdog1_iomux_config.o)
                0x10025f58                wdog1_iomux_config
 .text          0x10025f8c      0x13c /home/leon/git/swp-report/iMX6_Platform_SDK/output/mx6sdl/lib/libboard_sabre_ai_rev_b.a(audmux_iomux_config.o)
                0x10025f8c                audmux_iomux_config
 .text          0x100260c8       0x34 /home/leon/git/swp-report/iMX6_Platform_SDK/output/mx6sdl/lib/libboard_sabre_ai_rev_b.a(ccm_iomux_config.o)
                0x100260c8                ccm_iomux_config
 .text          0x100260fc      0x104 /home/leon/git/swp-report/iMX6_Platform_SDK/output/mx6sdl/lib/libboard_sabre_ai_rev_b.a(ecspi1_iomux_config.o)
                0x100260fc                ecspi1_iomux_config
 .text          0x10026200      0x5d0 /home/leon/git/swp-report/iMX6_Platform_SDK/output/mx6sdl/lib/libboard_sabre_ai_rev_b.a(eim_iomux_config.o)
                0x10026200                eim_iomux_config
 .text          0x100267d0      0x3bc /home/leon/git/swp-report/iMX6_Platform_SDK/output/mx6sdl/lib/libboard_sabre_ai_rev_b.a(enet_iomux_config.o)
                0x100267d0                enet_iomux_config
 .text          0x10026b8c      0x218 /home/leon/git/swp-report/iMX6_Platform_SDK/output/mx6sdl/lib/libboard_sabre_ai_rev_b.a(esai_iomux_config.o)
                0x10026b8c                esai_iomux_config
 .text          0x10026da4       0x68 /home/leon/git/swp-report/iMX6_Platform_SDK/output/mx6sdl/lib/libboard_sabre_ai_rev_b.a(flexcan1_iomux_config.o)
                0x10026da4                flexcan1_iomux_config
 .text          0x10026e0c       0x68 /home/leon/git/swp-report/iMX6_Platform_SDK/output/mx6sdl/lib/libboard_sabre_ai_rev_b.a(flexcan2_iomux_config.o)
                0x10026e0c                flexcan2_iomux_config
 .text          0x10026e74      0x130 /home/leon/git/swp-report/iMX6_Platform_SDK/output/mx6sdl/lib/libboard_sabre_ai_rev_b.a(gpio1_iomux_config.o)
                0x10026e74                gpio1_iomux_config
 .text          0x10026fa4       0xfc /home/leon/git/swp-report/iMX6_Platform_SDK/output/mx6sdl/lib/libboard_sabre_ai_rev_b.a(gpio2_iomux_config.o)
                0x10026fa4                gpio2_iomux_config
 .text          0x100270a0       0x58 /home/leon/git/swp-report/iMX6_Platform_SDK/output/mx6sdl/lib/libboard_sabre_ai_rev_b.a(gpio4_iomux_config.o)
                0x100270a0                gpio4_iomux_config
 .text          0x100270f8       0xe4 /home/leon/git/swp-report/iMX6_Platform_SDK/output/mx6sdl/lib/libboard_sabre_ai_rev_b.a(gpio5_iomux_config.o)
                0x100270f8                gpio5_iomux_config
 .text          0x100271dc       0x54 /home/leon/git/swp-report/iMX6_Platform_SDK/output/mx6sdl/lib/libboard_sabre_ai_rev_b.a(gpio6_iomux_config.o)
                0x100271dc                gpio6_iomux_config
 .text          0x10027230      0x274 /home/leon/git/swp-report/iMX6_Platform_SDK/output/mx6sdl/lib/libboard_sabre_ai_rev_b.a(gpmi_iomux_config.o)
                0x10027230                gpmi_iomux_config
 .text          0x100274a4       0x78 /home/leon/git/swp-report/iMX6_Platform_SDK/output/mx6sdl/lib/libboard_sabre_ai_rev_b.a(i2c2_iomux_config.o)
                0x100274a4                i2c2_iomux_config
 .text          0x1002751c       0x14 /home/leon/riotboard/arm-2012.09/bin/../arm-none-eabi/lib//libc.a(lib_a-abort.o)
                0x1002751c                abort
 .text          0x10027530       0x68 /home/leon/riotboard/arm-2012.09/bin/../arm-none-eabi/lib//libc.a(lib_a-assert.o)
                0x10027530                __assert_func
                0x10027588                __assert
 .text          0x10027598       0x20 /home/leon/riotboard/arm-2012.09/bin/../arm-none-eabi/lib//libc.a(lib_a-bzero.o)
                0x10027598                bzero
 .text          0x100275b8       0x28 /home/leon/riotboard/arm-2012.09/bin/../arm-none-eabi/lib//libc.a(lib_a-calloc.o)
                0x100275b8                calloc
 .text          0x100275e0       0x94 /home/leon/riotboard/arm-2012.09/bin/../arm-none-eabi/lib//libc.a(lib_a-callocr.o)
                0x100275e0                _calloc_r
 .text          0x10027674       0x70 /home/leon/riotboard/arm-2012.09/bin/../arm-none-eabi/lib//libc.a(lib_a-fiprintf.o)
                0x10027674                _fiprintf_r
                0x100276a4                fiprintf
 .text          0x100276e4       0x94 /home/leon/riotboard/arm-2012.09/bin/../arm-none-eabi/lib//libc.a(lib_a-fputc.o)
                0x100276e4                _fputc_r
                0x10027728                fputc
 .text          0x10027778        0x0 /home/leon/riotboard/arm-2012.09/bin/../arm-none-eabi/lib//libc.a(lib_a-impure.o)
 .text          0x10027778       0x88 /home/leon/riotboard/arm-2012.09/bin/../arm-none-eabi/lib//libc.a(lib_a-init.o)
                0x10027778                __libc_init_array
 .text          0x10027800       0x40 /home/leon/riotboard/arm-2012.09/bin/../arm-none-eabi/lib//libc.a(lib_a-malloc.o)
                0x10027800                malloc
                0x10027820                free
 .text          0x10027840      0x71c /home/leon/riotboard/arm-2012.09/bin/../arm-none-eabi/lib//libc.a(lib_a-mallocr.o)
                0x10027840                _malloc_r
 .text          0x10027f5c      0x11c /home/leon/riotboard/arm-2012.09/bin/../arm-none-eabi/lib//libc.a(lib_a-memchr.o)
                0x10027f5c                memchr
 .text          0x10028078      0x20c /home/leon/riotboard/arm-2012.09/bin/../arm-none-eabi/lib//libc.a(lib_a-memcpy.o)
                0x10028078                memcpy
 .text          0x10028284      0x134 /home/leon/riotboard/arm-2012.09/bin/../arm-none-eabi/lib//libc.a(lib_a-memset.o)
                0x10028284                memset
 .text          0x100283b8        0x8 /home/leon/riotboard/arm-2012.09/bin/../arm-none-eabi/lib//libc.a(lib_a-mlock.o)
                0x100283b8                __malloc_lock
                0x100283bc                __malloc_unlock
 .text          0x100283c0       0x74 /home/leon/riotboard/arm-2012.09/bin/../arm-none-eabi/lib//libc.a(lib_a-printf.o)
                0x100283c0                _printf_r
                0x100283f4                printf
 .text          0x10028434      0x170 /home/leon/riotboard/arm-2012.09/bin/../arm-none-eabi/lib//libc.a(lib_a-putc.o)
                0x10028434                _putc_r
                0x100284e4                putc
 .text          0x100285a4       0x28 /home/leon/riotboard/arm-2012.09/bin/../arm-none-eabi/lib//libc.a(lib_a-realloc.o)
                0x100285a4                realloc
 .text          0x100285cc      0x574 /home/leon/riotboard/arm-2012.09/bin/../arm-none-eabi/lib//libc.a(lib_a-reallocr.o)
                0x100285cc                _realloc_r
 .text          0x10028b40      0x19c /home/leon/riotboard/arm-2012.09/bin/../arm-none-eabi/lib//libc.a(lib_a-reent.o)
                0x10028b40                cleanup_glue
                0x10028b6c                _reclaim_reent
                0x10028c68                _wrapup_reent
 .text          0x10028cdc       0x6c /home/leon/riotboard/arm-2012.09/bin/../arm-none-eabi/lib//libc.a(lib_a-rget.o)
                0x10028cdc                __srget_r
                0x10028d34                __srget
 .text          0x10028d48       0x40 /home/leon/riotboard/arm-2012.09/bin/../arm-none-eabi/lib//libc.a(lib_a-sbrkr.o)
                0x10028d48                _sbrk_r
 .text          0x10028d88      0x24c /home/leon/riotboard/arm-2012.09/bin/../arm-none-eabi/lib//libc.a(lib_a-signal.o)
                0x10028d88                _init_signal_r
                0x10028de8                _signal_r
                0x10028e54                _raise_r
                0x10028eec                __sigtramp_r
                0x10028f80                raise
                0x10028f94                signal
                0x10028fb0                _init_signal
                0x10028fc0                __sigtramp
 .text          0x10028fd4       0x50 /home/leon/riotboard/arm-2012.09/bin/../arm-none-eabi/lib//libc.a(lib_a-signalr.o)
                0x10028fd4                _kill_r
                0x10029014                _getpid_r
 .text          0x10029024       0xdc /home/leon/riotboard/arm-2012.09/bin/../arm-none-eabi/lib//libc.a(lib_a-sprintf.o)
                0x10029024                _sprintf_r
                0x1002908c                sprintf
 .text          0x10029100       0x60 /home/leon/riotboard/arm-2012.09/bin/../arm-none-eabi/lib//libc.a(lib_a-strlen.o)
                0x10029100                strlen
 .text          0x10029160       0x78 /home/leon/riotboard/arm-2012.09/bin/../arm-none-eabi/lib//libc.a(lib_a-strncasecmp.o)
                0x10029160                strncasecmp
 .text          0x100291d8     0x1f7c /home/leon/riotboard/arm-2012.09/bin/../arm-none-eabi/lib//libc.a(lib_a-svfprintf.o)
                0x100291d8                _svfprintf_r
 .text          0x1002b154     0x12c4 /home/leon/riotboard/arm-2012.09/bin/../arm-none-eabi/lib//libc.a(lib_a-vfiprintf.o)
                0x1002b154                __sprint_r
                0x1002b210                _vfiprintf_r
                0x1002c3ec                vfiprintf
 .text          0x1002c418     0x2180 /home/leon/riotboard/arm-2012.09/bin/../arm-none-eabi/lib//libc.a(lib_a-vfprintf.o)
                0x1002c418                _vfprintf_r
                0x1002e56c                vfprintf
 .text          0x1002e598       0x4c /home/leon/riotboard/arm-2012.09/bin/../arm-none-eabi/lib//libc.a(lib_a-vprintf.o)
                0x1002e598                vprintf
                0x1002e5c4                _vprintf_r
 .text          0x1002e5e4      0x14c /home/leon/riotboard/arm-2012.09/bin/../arm-none-eabi/lib//libc.a(lib_a-wbuf.o)
                0x1002e5e4                __swbuf_r
                0x1002e714                __swbuf
 .text          0x1002e730      0x138 /home/leon/riotboard/arm-2012.09/bin/../arm-none-eabi/lib//libc.a(lib_a-wsetup.o)
                0x1002e730                __swsetup_r
 .text          0x1002e868        0x0 /home/leon/riotboard/arm-2012.09/bin/../arm-none-eabi/lib//libc.a(lib_a-ctype_.o)
 .text          0x1002e868     0x18a8 /home/leon/riotboard/arm-2012.09/bin/../arm-none-eabi/lib//libc.a(lib_a-dtoa.o)
                0x1002ea48                _dtoa_r
 .text          0x10030110      0x26c /home/leon/riotboard/arm-2012.09/bin/../arm-none-eabi/lib//libc.a(lib_a-fflush.o)
                0x10030110                _fflush_r
                0x1003033c                fflush
 .text          0x1003037c      0x2c4 /home/leon/riotboard/arm-2012.09/bin/../arm-none-eabi/lib//libc.a(lib_a-findfp.o)
                0x1003038c                _cleanup_r
                0x10030420                __sfmoreglue
                0x10030468                _cleanup
                0x10030478                __sinit
                0x100304f0                __sfp
                0x100305e8                __sfp_lock_acquire
                0x100305ec                __sfp_lock_release
                0x100305f0                __sinit_lock_acquire
                0x100305f4                __sinit_lock_release
                0x100305f8                __fp_lock_all
                0x1003061c                __fp_unlock_all
 .text          0x10030640      0x19c /home/leon/riotboard/arm-2012.09/bin/../arm-none-eabi/lib//libc.a(lib_a-fputwc.o)
                0x10030640                _fputwc_r
                0x10030790                fputwc
 .text          0x100307dc      0x368 /home/leon/riotboard/arm-2012.09/bin/../arm-none-eabi/lib//libc.a(lib_a-freer.o)
                0x100307dc                _malloc_trim_r
                0x100308d8                _free_r
 .text          0x10030b44      0x4c4 /home/leon/riotboard/arm-2012.09/bin/../arm-none-eabi/lib//libc.a(lib_a-fvwrite.o)
                0x10030b44                __sfvwrite_r
 .text          0x10031008      0x114 /home/leon/riotboard/arm-2012.09/bin/../arm-none-eabi/lib//libc.a(lib_a-fwalk.o)
                0x10031008                _fwalk
                0x10031090                _fwalk_reent
 .text          0x1003111c       0xd0 /home/leon/riotboard/arm-2012.09/bin/../arm-none-eabi/lib//libc.a(lib_a-locale.o)
                0x1003111c                _setlocale_r
                0x10031188                __locale_charset
                0x10031194                __locale_mb_cur_max
                0x100311a4                __locale_msgcharset
                0x100311b0                __locale_cjk_lang
                0x100311b8                _localeconv_r
                0x100311c4                setlocale
                0x100311e0                localeconv
 .text          0x100311ec      0x15c /home/leon/riotboard/arm-2012.09/bin/../arm-none-eabi/lib//libc.a(lib_a-makebuf.o)
                0x100311ec                __smakebuf_r
 .text          0x10031348      0x134 /home/leon/riotboard/arm-2012.09/bin/../arm-none-eabi/lib//libc.a(lib_a-memmove.o)
                0x10031348                memmove
 .text          0x1003147c      0xd20 /home/leon/riotboard/arm-2012.09/bin/../arm-none-eabi/lib//libc.a(lib_a-mprec.o)
                0x1003147c                _Balloc
                0x10031508                _Bfree
                0x10031524                __multadd
                0x10031600                __s2b
                0x100316f0                __hi0bits
                0x10031740                __lo0bits
                0x100317d4                __i2b
                0x100317f8                __multiply
                0x100319dc                __pow5mult
                0x10031ad0                __lshift
                0x10031bd4                __mcmp
                0x10031c38                __mdiff
                0x10031d84                __ulp
                0x10031de8                __b2d
                0x10031eb4                __d2b
                0x10031fbc                __ratio
                0x1003204c                _mprec_log10
                0x100320a0                __copybits
                0x10032114                __any_on
 .text          0x1003219c      0x1cc /home/leon/riotboard/arm-2012.09/bin/../arm-none-eabi/lib//libc.a(lib_a-refill.o)
                0x100321c4                __srefill_r
 .text          0x10032368       0x6c /home/leon/riotboard/arm-2012.09/bin/../arm-none-eabi/lib//libc.a(lib_a-s_fpclassify.o)
                0x10032368                __fpclassifyd
 .text          0x100323d4       0xdc /home/leon/riotboard/arm-2012.09/bin/../arm-none-eabi/lib//libc.a(lib_a-stdio.o)
                0x100323d4                __sread
                0x10032408                __seofread
                0x10032410                __swrite
                0x10032468                __sseek
                0x1003249c                __sclose
 .text          0x100324b0      0x230 /home/leon/riotboard/arm-2012.09/bin/../arm-none-eabi/lib//libc.a(lib_a-strcmp.o)
                0x100324b0                strcmp
 .text          0x100326e0     0x1224 /home/leon/riotboard/arm-2012.09/bin/../arm-none-eabi/lib//libc.a(lib_a-svfiprintf.o)
                0x100326e0                __ssprint_r
                0x10032884                _svfiprintf_r
 .text          0x10033904      0x134 /home/leon/riotboard/arm-2012.09/bin/../arm-none-eabi/lib//libc.a(lib_a-wcrtomb.o)
                0x10033904                _wcrtomb_r
                0x10033994                wcrtomb
 .text          0x10033a38       0x7c /home/leon/riotboard/arm-2012.09/bin/../arm-none-eabi/lib//libc.a(lib_a-wctomb_r.o)
                0x10033a38                __ascii_wctomb
                0x10033a64                _wctomb_r
 .text          0x10033ab4       0x44 /home/leon/riotboard/arm-2012.09/bin/../arm-none-eabi/lib//libc.a(lib_a-writer.o)
                0x10033ab4                _write_r
 .text          0x10033af8       0x3c /home/leon/riotboard/arm-2012.09/bin/../arm-none-eabi/lib//libc.a(lib_a-closer.o)
                0x10033af8                _close_r
 .text          0x10033b34      0x10c /home/leon/riotboard/arm-2012.09/bin/../arm-none-eabi/lib//libc.a(lib_a-fclose.o)
                0x10033b34                _fclose_r
                0x10033c2c                fclose
 .text          0x10033c40       0x40 /home/leon/riotboard/arm-2012.09/bin/../arm-none-eabi/lib//libc.a(lib_a-fstatr.o)
                0x10033c40                _fstat_r
 .text          0x10033c80       0x3c /home/leon/riotboard/arm-2012.09/bin/../arm-none-eabi/lib//libc.a(lib_a-isattyr.o)
                0x10033c80                _isatty_r
 .text          0x10033cbc       0x44 /home/leon/riotboard/arm-2012.09/bin/../arm-none-eabi/lib//libc.a(lib_a-lseekr.o)
                0x10033cbc                _lseek_r
 .text          0x10033d00       0x44 /home/leon/riotboard/arm-2012.09/bin/../arm-none-eabi/lib//libc.a(lib_a-readr.o)
                0x10033d00                _read_r
 .text          0x10033d44      0x114 /home/leon/riotboard/arm-2012.09/bin/../lib/gcc/arm-none-eabi/4.7.2//libgcc.a(_udivsi3.o)
                0x10033d44                __udivsi3
                0x10033d44                __aeabi_uidiv
                0x10033e38                __aeabi_uidivmod
 .text          0x10033e58      0x148 /home/leon/riotboard/arm-2012.09/bin/../lib/gcc/arm-none-eabi/4.7.2//libgcc.a(_divsi3.o)
                0x10033e58                __aeabi_idiv
                0x10033e58                __divsi3
                0x10033f80                __aeabi_idivmod
 .text          0x10033fa0        0x4 /home/leon/riotboard/arm-2012.09/bin/../lib/gcc/arm-none-eabi/4.7.2//libgcc.a(_dvmd_tls.o)
                0x10033fa0                __aeabi_ldiv0
                0x10033fa0                __aeabi_idiv0
 .text          0x10033fa4      0x41c /home/leon/riotboard/arm-2012.09/bin/../lib/gcc/arm-none-eabi/4.7.2//libgcc.a(_arm_addsubdf3.o)
                0x10033fa4                __aeabi_drsub
                0x10033fac                __aeabi_dsub
                0x10033fac                __subdf3
                0x10033fb0                __adddf3
                0x10033fb0                __aeabi_dadd
                0x100342c0                __aeabi_ui2d
                0x100342c0                __floatunsidf
                0x100342e4                __floatsidf
                0x100342e4                __aeabi_i2d
                0x1003430c                __extendsfdf2
                0x1003430c                __aeabi_f2d
                0x1003434c                __aeabi_ul2d
                0x1003434c                __floatundidf
                0x10034360                __floatdidf
                0x10034360                __aeabi_l2d
 .text          0x100343c0      0x49c /home/leon/riotboard/arm-2012.09/bin/../lib/gcc/arm-none-eabi/4.7.2//libgcc.a(_arm_muldivdf3.o)
                0x100343c0                __aeabi_dmul
                0x100343c0                __muldf3
                0x10034650                __aeabi_ddiv
                0x10034650                __divdf3
 .text          0x1003485c      0x144 /home/leon/riotboard/arm-2012.09/bin/../lib/gcc/arm-none-eabi/4.7.2//libgcc.a(_arm_cmpdf2.o)
                0x1003485c                __gtdf2
                0x1003485c                __gedf2
                0x10034864                __ltdf2
                0x10034864                __ledf2
                0x1003486c                __cmpdf2
                0x1003486c                __eqdf2
                0x1003486c                __nedf2
                0x100348f4                __aeabi_cdrcmple
                0x10034910                __aeabi_cdcmple
                0x10034910                __aeabi_cdcmpeq
                0x10034928                __aeabi_dcmpeq
                0x10034940                __aeabi_dcmplt
                0x10034958                __aeabi_dcmple
                0x10034970                __aeabi_dcmpge
                0x10034988                __aeabi_dcmpgt
 .text          0x100349a0       0x5c /home/leon/riotboard/arm-2012.09/bin/../lib/gcc/arm-none-eabi/4.7.2//libgcc.a(_arm_fixdfsi.o)
                0x100349a0                __fixdfsi
                0x100349a0                __aeabi_d2iz
 .text          0x100349fc       0x3c /home/leon/riotboard/arm-2012.09/bin/../lib/gcc/arm-none-eabi/4.7.2//libgcc.a(_aeabi_uldivmod.o)
                0x100349fc                __aeabi_uldivmod
 .text          0x10034a38       0x84 /home/leon/riotboard/arm-2012.09/bin/../lib/gcc/arm-none-eabi/4.7.2//libgcc.a(bpabi.o)
                0x10034a38                __gnu_ldivmod_helper
                0x10034a7c                __gnu_uldivmod_helper
 .text          0x10034abc      0x4f0 /home/leon/riotboard/arm-2012.09/bin/../lib/gcc/arm-none-eabi/4.7.2//libgcc.a(_divdi3.o)
                0x10034abc                __divdi3
 .text          0x10034fac      0x488 /home/leon/riotboard/arm-2012.09/bin/../lib/gcc/arm-none-eabi/4.7.2//libgcc.a(_udivdi3.o)
                0x10034fac                __udivdi3
 .text          0x10035434       0x48 /home/leon/riotboard/arm-2012.09/bin/../lib/gcc/arm-none-eabi/4.7.2//libgcc.a(_clzsi2.o)
                0x10035434                __clzsi2
 .text          0x1003547c      0x264 /home/leon/git/swp-report/iMX6_Platform_SDK/output/mx6sdl/lib/libsdk.a(max7310.o)
                0x1003547c                max7310_reg_read
                0x100354e0                max7310_reg_write
                0x1003554c                max7310_init
                0x1003562c                max7310_set_gpio_output
 .text          0x100356e0     0x1308 /home/leon/git/swp-report/iMX6_Platform_SDK/output/mx6sdl/lib/libsdk.a(gpio.o)
                0x10035710                gpio_get_port_count
                0x10035728                gpio_set_gpio
                0x100357ec                gpio_set_direction
                0x10035a48                gpio_get_direction
                0x10035b90                gpio_set_level
                0x10035ed0                gpio_get_level
                0x10036030                gpio_set_interrupt_config
                0x10036434                gpio_set_interrupt_mask
                0x10036678                gpio_get_interrupt_status
                0x100367d4                gpio_clear_interrupt
 .text          0x100369e8        0x0 /home/leon/git/swp-report/iMX6_Platform_SDK/output/mx6sdl/lib/libsdk.a(imx6sdl_gpio_map.o)
 .text          0x100369e8     0x1798 /home/leon/git/swp-report/iMX6_Platform_SDK/output/mx6sdl/lib/libsdk.a(imx_i2c.o)
                0x10036a18                i2c_get_request_instance
                0x10037490                i2c_xfer
                0x10037bac                i2c_read
                0x10037bdc                i2c_write
                0x10037c0c                i2c_setup_interrupt
                0x10037e78                i2c_init
 .text          0x10038180       0x84 /home/leon/git/swp-report/iMX6_Platform_SDK/output/mx6sdl/lib/libboard_sabre_ai_rev_b.a(i2c_iomux_config.o)
                0x10038180                i2c_iomux_config
 *(.glue_7t)
 .glue_7t       0x00000000        0x0 linker stubs
 *(.glue_7)
 .glue_7        0x00000000        0x0 linker stubs
 *(.vfp11_veneer)
 .vfp11_veneer  0x00000000        0x0 linker stubs
 *(.ARM.extab* .gnu.linkonce.armextab.*)
 .ARM.extab.startup
                0x10038204        0x0 /home/leon/git/swp-report/iMX6_Platform_SDK/output/mx6sdl/lib/libsdk.a(startup.o)
 .ARM.extab     0x10038204        0x0 /home/leon/riotboard/arm-2012.09/bin/../lib/gcc/arm-none-eabi/4.7.2//libgcc.a(_divdi3.o)
 .ARM.extab     0x10038204        0x0 /home/leon/riotboard/arm-2012.09/bin/../lib/gcc/arm-none-eabi/4.7.2//libgcc.a(_udivdi3.o)
 *(.gcc_except_table)

.v4_bx          0x10038204        0x0
 .v4_bx         0x00000000        0x0 linker stubs

.iplt           0x10038204        0x0
 .iplt          0x00000000        0x0 /home/leon/riotboard/arm-2012.09/bin/../lib/gcc/arm-none-eabi/4.7.2//crtbegin.o

.ctors
 *crtbegin.o(.ctors)
 *crtbegin?.o(.ctors)
 *(EXCLUDE_FILE(*crtend?.o *crtend.o) .ctors)
 *(SORT(.ctors.*))
 *(.ctors)

.dtors
 *crtbegin.o(.dtors)
 *crtbegin?.o(.dtors)
 *(EXCLUDE_FILE(*crtend?.o *crtend.o) .dtors)
 *(SORT(.dtors.*))
 *(.dtors)

.rodata         0x10038208     0x216c
 *(.rodata .rodata.* .gnu.linkonce.r.*)
 .rodata        0x10038208       0x9c /home/leon/git/swp-report/iMX6_Platform_SDK/output/mx6sdl/filesystem/sabre_ai_rev_b/obj/apps/common/print_clock_info.o
 .rodata        0x100382a4      0x100 /home/leon/git/swp-report/iMX6_Platform_SDK/output/mx6sdl/filesystem/sabre_ai_rev_b/obj/apps/common/print_version.o
 .rodata        0x100383a4      0x284 /home/leon/git/swp-report/iMX6_Platform_SDK/output/mx6sdl/filesystem/sabre_ai_rev_b/obj/apps/filesystem/src/fs_test.o
 .rodata        0x10038628       0x34 /home/leon/git/swp-report/iMX6_Platform_SDK/output/mx6sdl/lib/libsdk.a(base.o)
 .rodata        0x1003865c      0x270 /home/leon/git/swp-report/iMX6_Platform_SDK/output/mx6sdl/lib/libsdk.a(cache_wrappers.o)
 .rodata        0x100388cc       0x58 /home/leon/git/swp-report/iMX6_Platform_SDK/output/mx6sdl/lib/libsdk.a(fatapi.o)
 .rodata        0x10038924       0x10 /home/leon/git/swp-report/iMX6_Platform_SDK/output/mx6sdl/lib/libsdk.a(fs_fat_memory.o)
                0x10038924                maxcaches
                0x10038928                maxdevices
                0x1003892c                maxhandles
                0x10038930                DriveLetter
 .rodata        0x10038934       0x40 /home/leon/git/swp-report/iMX6_Platform_SDK/output/mx6sdl/lib/libsdk.a(fs_steering.o)
                0x10038934                pRedirectFclose
                0x10038940                pRedirectFwrite
                0x1003894c                pRedirectFseek
                0x10038958                pRedirectFread
 .rodata        0x10038974       0x14 /home/leon/git/swp-report/iMX6_Platform_SDK/output/mx6sdl/lib/libsdk.a(fsunicode.o)
                0x10038974                Long_NameRes_Ch
                0x10038980                Short_NameRes_Ch
 .rodata        0x10038988      0x10c /home/leon/git/swp-report/iMX6_Platform_SDK/output/mx6sdl/lib/libsdk.a(handle.o)
 .rodata        0x10038a94       0x34 /home/leon/git/swp-report/iMX6_Platform_SDK/output/mx6sdl/lib/libsdk.a(ccm_pll.o)
                0x10038a94                PLL1_OUTPUT
                0x10038a98                PLL2_OUTPUT
                0x10038aac                PLL3_OUTPUT
                0x10038ac0                PLL4_OUTPUT
                0x10038ac4                PLL5_OUTPUT
 .rodata        0x10038ac8       0x64 /home/leon/git/swp-report/iMX6_Platform_SDK/output/mx6sdl/lib/libsdk.a(gic.o)
 .rodata        0x10038b2c       0x20 /home/leon/git/swp-report/iMX6_Platform_SDK/output/mx6sdl/lib/libsdk.a(runtime_support.o)
 .rodata        0x10038b4c       0x50 /home/leon/git/swp-report/iMX6_Platform_SDK/output/mx6sdl/lib/libsdk.a(sdk_version.o)
                0x10038b4c                k_sdk_version
                0x10038b50                k_sdk_copyright
 .rodata        0x10038b9c       0xcc /home/leon/git/swp-report/iMX6_Platform_SDK/output/mx6sdl/lib/libsdk.a(system_util.o)
 .rodata        0x10038c68       0xf4 /home/leon/git/swp-report/iMX6_Platform_SDK/output/mx6sdl/lib/libsdk.a(text_color.o)
                0x10038c70                g_TextAttributeDefault
                0x10038c7c                g_TextAttributeBold
                0x10038c88                g_TextAttributeDim
                0x10038c94                g_TextAttributeUnderline
                0x10038ca0                g_TextAttributeBlink
                0x10038cac                g_TextAttributeReverse
                0x10038cb8                g_TextAttributeHidden
                0x10038cc4                g_TextColorBlack
                0x10038cd0                g_TextColorRed
                0x10038cdc                g_TextColorGreen
                0x10038ce8                g_TextColorYellow
                0x10038cf4                g_TextColorBlue
                0x10038d00                g_TextColorMagenta
                0x10038d0c                g_TextColorCyan
                0x10038d18                g_TextColorWhite
                0x10038d28                g_TextColorOrange
                0x10038d38                g_TextColorLightBlue
                0x10038d48                g_TextColorGray
                0x10038d58                g_TextColorPurple
 .rodata        0x10038d5c      0x1f8 /home/leon/git/swp-report/iMX6_Platform_SDK/output/mx6sdl/lib/libsdk.a(board_id.o)
 .rodata        0x10038f54      0x1cc /home/leon/git/swp-report/iMX6_Platform_SDK/output/mx6sdl/lib/libsdk.a(usdhc.o)
 .rodata        0x10039120       0x1c /home/leon/git/swp-report/iMX6_Platform_SDK/output/mx6sdl/lib/libsdk.a(usdhc_host.o)
 .rodata        0x1003913c      0x20c /home/leon/git/swp-report/iMX6_Platform_SDK/output/mx6sdl/lib/libsdk.a(usdhc_mmc.o)
 .rodata        0x10039348       0x58 /home/leon/git/swp-report/iMX6_Platform_SDK/output/mx6sdl/lib/libsdk.a(usdhc_sd.o)
                0x10039348                sd_ocr_value
                0x10039354                sd_if_cmd_arg
 .rodata        0x100393a0       0x20 /home/leon/git/swp-report/iMX6_Platform_SDK/output/mx6sdl/lib/libsdk.a(interrupt.o)
 .rodata        0x100393c0      0x154 /home/leon/git/swp-report/iMX6_Platform_SDK/output/mx6sdl/lib/libsdk.a(menu.o)
 .rodata        0x10039514      0x230 /home/leon/git/swp-report/iMX6_Platform_SDK/output/mx6sdl/lib/libsdk.a(abort_handler.o)
 .rodata        0x10039744       0x80 /home/leon/git/swp-report/iMX6_Platform_SDK/output/mx6sdl/lib/libboard_sabre_ai_rev_b.a(uart_iomux_config.o)
 .rodata        0x100397c4       0x80 /home/leon/git/swp-report/iMX6_Platform_SDK/output/mx6sdl/lib/libboard_sabre_ai_rev_b.a(usdhc_iomux_config.o)
 .rodata.str1.4
                0x10039844       0x3f /home/leon/riotboard/arm-2012.09/bin/../arm-none-eabi/lib//libc.a(lib_a-assert.o)
                                 0x44 (size before relaxing)
 *fill*         0x10039883        0x1 
 .rodata        0x10039884        0x4 /home/leon/riotboard/arm-2012.09/bin/../arm-none-eabi/lib//libc.a(lib_a-impure.o)
                0x10039884                _global_impure_ptr
 .rodata.str1.4
                0x10039888        0x2 /home/leon/riotboard/arm-2012.09/bin/../arm-none-eabi/lib//libc.a(lib_a-impure.o)
                                  0x4 (size before relaxing)
 *fill*         0x1003988a        0x2 
 .rodata        0x1003988c       0x20 /home/leon/riotboard/arm-2012.09/bin/../arm-none-eabi/lib//libc.a(lib_a-svfprintf.o)
 .rodata.str1.4
                0x100398ac       0x42 /home/leon/riotboard/arm-2012.09/bin/../arm-none-eabi/lib//libc.a(lib_a-svfprintf.o)
                                 0x44 (size before relaxing)
 *fill*         0x100398ee        0x2 
 .rodata        0x100398f0       0x20 /home/leon/riotboard/arm-2012.09/bin/../arm-none-eabi/lib//libc.a(lib_a-vfiprintf.o)
 .rodata.str1.4
                0x00000000       0x30 /home/leon/riotboard/arm-2012.09/bin/../arm-none-eabi/lib//libc.a(lib_a-vfiprintf.o)
 .rodata        0x10039910       0x20 /home/leon/riotboard/arm-2012.09/bin/../arm-none-eabi/lib//libc.a(lib_a-vfprintf.o)
 .rodata.str1.4
                0x00000000       0x44 /home/leon/riotboard/arm-2012.09/bin/../arm-none-eabi/lib//libc.a(lib_a-vfprintf.o)
 .rodata        0x10039930      0x104 /home/leon/riotboard/arm-2012.09/bin/../arm-none-eabi/lib//libc.a(lib_a-ctype_.o)
                0x10039930                _ctype_
 .rodata.str1.4
                0x10039a34       0x10 /home/leon/riotboard/arm-2012.09/bin/../arm-none-eabi/lib//libc.a(lib_a-dtoa.o)
                                 0x14 (size before relaxing)
 .rodata.str1.4
                0x10039a44        0xc /home/leon/riotboard/arm-2012.09/bin/../arm-none-eabi/lib//libc.a(lib_a-locale.o)
                                 0x14 (size before relaxing)
 .rodata        0x10039a50      0x128 /home/leon/riotboard/arm-2012.09/bin/../arm-none-eabi/lib//libc.a(lib_a-mprec.o)
                0x10039a60                __mprec_tens
                0x10039b28                __mprec_tinytens
                0x10039b50                __mprec_bigtens
 .rodata        0x10039b78       0x20 /home/leon/riotboard/arm-2012.09/bin/../arm-none-eabi/lib//libc.a(lib_a-svfiprintf.o)
 .rodata.str1.4
                0x00000000       0x30 /home/leon/riotboard/arm-2012.09/bin/../arm-none-eabi/lib//libc.a(lib_a-svfiprintf.o)
 .rodata        0x10039b98       0xe0 /home/leon/git/swp-report/iMX6_Platform_SDK/output/mx6sdl/lib/libsdk.a(gpio.o)
 .rodata        0x10039c78      0x380 /home/leon/git/swp-report/iMX6_Platform_SDK/output/mx6sdl/lib/libsdk.a(imx6sdl_gpio_map.o)
                0x10039c78                k_gpio_mux_registers
 .rodata        0x10039ff8      0x2c4 /home/leon/git/swp-report/iMX6_Platform_SDK/output/mx6sdl/lib/libsdk.a(imx_i2c.o)
 .rodata        0x1003a2bc       0x80 /home/leon/git/swp-report/iMX6_Platform_SDK/output/mx6sdl/lib/libboard_sabre_ai_rev_b.a(i2c_iomux_config.o)
                0x1003a33c                . = ALIGN (0x4)
 *(.init)
 .init          0x1003a33c        0xc /home/leon/riotboard/arm-2012.09/bin/../lib/gcc/arm-none-eabi/4.7.2//crti.o
                0x1003a33c                _init
 .init          0x1003a348        0xc /home/leon/riotboard/arm-2012.09/bin/../lib/gcc/arm-none-eabi/4.7.2//crtn.o
                0x1003a354                . = ALIGN (0x4)
                0x1003a354                __init_array_start = .
 *(SORT(.init_array.*))
 *(.init_array)
 .init_array    0x1003a354        0x4 /home/leon/riotboard/arm-2012.09/bin/../lib/gcc/arm-none-eabi/4.7.2//crtbegin.o
                0x1003a358                __init_array_end = .
                0x1003a358                . = ALIGN (0x4)
 *(.fini)
 .fini          0x1003a358        0xc /home/leon/riotboard/arm-2012.09/bin/../lib/gcc/arm-none-eabi/4.7.2//crti.o
                0x1003a358                _fini
 .fini          0x1003a364        0xc /home/leon/riotboard/arm-2012.09/bin/../lib/gcc/arm-none-eabi/4.7.2//crtn.o
                0x1003a370                . = ALIGN (0x4)
                0x1003a370                __fini_array_start = .
 *(.fini_array)
 .fini_array    0x1003a370        0x4 /home/leon/riotboard/arm-2012.09/bin/../lib/gcc/arm-none-eabi/4.7.2//crtbegin.o
 *(SORT(.fini_array.*))
                0x1003a374                __fini_array_end = .
                0x1003a374                PROVIDE (__exidx_start, .)

.eh_frame       0x1003a374        0x4
 .eh_frame      0x1003a374        0x0 /home/leon/riotboard/arm-2012.09/bin/../lib/gcc/arm-none-eabi/4.7.2//crtbegin.o
 .eh_frame      0x1003a374        0x4 /home/leon/riotboard/arm-2012.09/bin/../lib/gcc/arm-none-eabi/4.7.2//crtend.o

.ARM.exidx      0x1003a378        0x8
 *(.ARM.exidx* .gnu.linkonce.armexidx.*)
 .ARM.exidx.startup
                0x1003a378        0x8 /home/leon/git/swp-report/iMX6_Platform_SDK/output/mx6sdl/lib/libsdk.a(startup.o)
 .ARM.exidx     0x1003a380        0x0 /home/leon/riotboard/arm-2012.09/bin/../lib/gcc/arm-none-eabi/4.7.2//libgcc.a(_divdi3.o)
                                  0x8 (size before relaxing)
 .ARM.exidx     0x1003a380        0x0 /home/leon/riotboard/arm-2012.09/bin/../lib/gcc/arm-none-eabi/4.7.2//libgcc.a(_udivdi3.o)
                                  0x8 (size before relaxing)
                0x1003a380                PROVIDE (__exidx_end, .)

.rel.dyn        0x1003a380        0x0
 .rel.iplt      0x00000000        0x0 /home/leon/riotboard/arm-2012.09/bin/../lib/gcc/arm-none-eabi/4.7.2//crtbegin.o

.data           0x1003a380      0xa6c
 *(.data .data.* .gnu.linkonce.d.*)
 .data          0x1003a380        0x4 /home/leon/riotboard/arm-2012.09/bin/../lib/gcc/arm-none-eabi/4.7.2//crtbegin.o
                0x1003a380                __dso_handle
 .data          0x1003a384        0x0 /home/leon/riotboard/arm-2012.09/bin/../lib/gcc/arm-none-eabi/4.7.2//crti.o
 .data          0x1003a384        0x0 /home/leon/riotboard/arm-2012.09/bin/../lib/gcc/arm-none-eabi/4.7.2//crtend.o
 .data          0x1003a384        0x0 /home/leon/riotboard/arm-2012.09/bin/../lib/gcc/arm-none-eabi/4.7.2//crtn.o
 .data          0x1003a384        0x0 /home/leon/git/swp-report/iMX6_Platform_SDK/output/mx6sdl/filesystem/sabre_ai_rev_b/obj/apps/common/ivt.o
 .data          0x1003a384        0x0 /home/leon/git/swp-report/iMX6_Platform_SDK/output/mx6sdl/filesystem/sabre_ai_rev_b/obj/apps/common/platform_init.o
 .data          0x1003a384        0x0 /home/leon/git/swp-report/iMX6_Platform_SDK/output/mx6sdl/filesystem/sabre_ai_rev_b/obj/apps/common/print_clock_info.o
 .data          0x1003a384        0x0 /home/leon/git/swp-report/iMX6_Platform_SDK/output/mx6sdl/filesystem/sabre_ai_rev_b/obj/apps/common/print_version.o
 .data          0x1003a384      0x128 /home/leon/git/swp-report/iMX6_Platform_SDK/output/mx6sdl/filesystem/sabre_ai_rev_b/obj/apps/filesystem/src/fs_test.o
                0x1003a384                test_mode
                0x1003a394                status_tag
                0x1003a39c                rw_test_data
                0x1003a48c                readfile
                0x1003a498                writefile
                0x1003a4a8                epit_instance
 .data          0x1003a4ac        0x0 /home/leon/git/swp-report/iMX6_Platform_SDK/output/mx6sdl/lib/libsdk.a(base.o)
 .data          0x1003a4ac        0x8 /home/leon/git/swp-report/iMX6_Platform_SDK/output/mx6sdl/lib/libsdk.a(cache_wrappers.o)
                0x1003a4ac                g_usdhc_instance
                0x1003a4b0                cache_line
 .data          0x1003a4b4        0x0 /home/leon/git/swp-report/iMX6_Platform_SDK/output/mx6sdl/lib/libsdk.a(chdir.o)
 .data          0x1003a4b4        0x0 /home/leon/git/swp-report/iMX6_Platform_SDK/output/mx6sdl/lib/libsdk.a(directories.o)
 .data          0x1003a4b4        0x0 /home/leon/git/swp-report/iMX6_Platform_SDK/output/mx6sdl/lib/libsdk.a(fatapi.o)
 .data          0x1003a4b4        0x0 /home/leon/git/swp-report/iMX6_Platform_SDK/output/mx6sdl/lib/libsdk.a(findnextsector.o)
 .data          0x1003a4b4        0x0 /home/leon/git/swp-report/iMX6_Platform_SDK/output/mx6sdl/lib/libsdk.a(fopen.o)
 .data          0x1003a4b4        0x0 /home/leon/git/swp-report/iMX6_Platform_SDK/output/mx6sdl/lib/libsdk.a(fs_fat_memory.o)
 .data          0x1003a4b4        0x0 /home/leon/git/swp-report/iMX6_Platform_SDK/output/mx6sdl/lib/libsdk.a(fs_steering.o)
 .data          0x1003a4b4        0x0 /home/leon/git/swp-report/iMX6_Platform_SDK/output/mx6sdl/lib/libsdk.a(fsinit.o)
 .data          0x1003a4b4        0x0 /home/leon/git/swp-report/iMX6_Platform_SDK/output/mx6sdl/lib/libsdk.a(fsunicode.o)
 .data          0x1003a4b4        0x0 /home/leon/git/swp-report/iMX6_Platform_SDK/output/mx6sdl/lib/libsdk.a(handle.o)
 .data          0x1003a4b4        0x0 /home/leon/git/swp-report/iMX6_Platform_SDK/output/mx6sdl/lib/libsdk.a(longfilename.o)
 .data          0x1003a4b4        0x0 /home/leon/git/swp-report/iMX6_Platform_SDK/output/mx6sdl/lib/libsdk.a(readdevicerecord.o)
 .data          0x1003a4b4        0x0 /home/leon/git/swp-report/iMX6_Platform_SDK/output/mx6sdl/lib/libsdk.a(reentrant_section.o)
 .data          0x1003a4b4        0x0 /home/leon/git/swp-report/iMX6_Platform_SDK/output/mx6sdl/lib/libsdk.a(standardapi.o)
 .data          0x1003a4b4        0x0 /home/leon/git/swp-report/iMX6_Platform_SDK/output/mx6sdl/lib/libsdk.a(string_utilities.o)
 .data          0x1003a4b4        0x0 /home/leon/git/swp-report/iMX6_Platform_SDK/output/mx6sdl/lib/libsdk.a(armv7_cache.o)
 .data          0x1003a4b4        0x0 /home/leon/git/swp-report/iMX6_Platform_SDK/output/mx6sdl/lib/libsdk.a(ccm_pll.o)
 .data          0x1003a4b4        0x0 /home/leon/git/swp-report/iMX6_Platform_SDK/output/mx6sdl/lib/libsdk.a(cortexA9.o)
 .data          0x1003a4b4        0x0 /home/leon/git/swp-report/iMX6_Platform_SDK/output/mx6sdl/lib/libsdk.a(gic.o)
 .data          0x1003a4b4        0x0 /home/leon/git/swp-report/iMX6_Platform_SDK/output/mx6sdl/lib/libsdk.a(mmu.o)
 .data          0x1003a4b4        0x0 /home/leon/git/swp-report/iMX6_Platform_SDK/output/mx6sdl/lib/libsdk.a(startup.o)
 .data          0x1003a4b4        0x0 /home/leon/git/swp-report/iMX6_Platform_SDK/output/mx6sdl/lib/libsdk.a(vectors.o)
 .data          0x1003a4b4        0x4 /home/leon/git/swp-report/iMX6_Platform_SDK/output/mx6sdl/lib/libsdk.a(runtime_support.o)
                0x1003a4b4                environ
 .data          0x1003a4b8        0x0 /home/leon/git/swp-report/iMX6_Platform_SDK/output/mx6sdl/lib/libsdk.a(sdk_version.o)
 .data          0x1003a4b8        0x0 /home/leon/git/swp-report/iMX6_Platform_SDK/output/mx6sdl/lib/libsdk.a(system_util.o)
 .data          0x1003a4b8        0x4 /home/leon/git/swp-report/iMX6_Platform_SDK/output/mx6sdl/lib/libsdk.a(text_color.o)
                0x1003a4b8                is_color_supported
 .data          0x1003a4bc        0x0 /home/leon/git/swp-report/iMX6_Platform_SDK/output/mx6sdl/lib/libsdk.a(board_id.o)
 .data          0x1003a4bc        0x0 /home/leon/git/swp-report/iMX6_Platform_SDK/output/mx6sdl/lib/libsdk.a(epit.o)
 .data          0x1003a4bc        0x0 /home/leon/git/swp-report/iMX6_Platform_SDK/output/mx6sdl/lib/libsdk.a(timer.o)
 .data          0x1003a4bc        0x0 /home/leon/git/swp-report/iMX6_Platform_SDK/output/mx6sdl/lib/libsdk.a(imx_uart.o)
 .data          0x1003a4bc       0x58 /home/leon/git/swp-report/iMX6_Platform_SDK/output/mx6sdl/lib/libsdk.a(usdhc.o)
                0x1003a4bc                usdhc_device
                0x1003a50c                card_detect_test_en
                0x1003a510                write_protect_test_en
 .data          0x1003a514        0x0 /home/leon/git/swp-report/iMX6_Platform_SDK/output/mx6sdl/lib/libsdk.a(usdhc_host.o)
 .data          0x1003a514        0x4 /home/leon/git/swp-report/iMX6_Platform_SDK/output/mx6sdl/lib/libsdk.a(usdhc_mmc.o)
 .data          0x1003a518        0x0 /home/leon/git/swp-report/iMX6_Platform_SDK/output/mx6sdl/lib/libsdk.a(usdhc_sd.o)
 .data          0x1003a518        0x4 /home/leon/git/swp-report/iMX6_Platform_SDK/output/mx6sdl/lib/libsdk.a(arm_abort.o)
 .data          0x1003a51c        0x0 /home/leon/git/swp-report/iMX6_Platform_SDK/output/mx6sdl/lib/libsdk.a(interrupt.o)
 .data          0x1003a51c        0x4 /home/leon/git/swp-report/iMX6_Platform_SDK/output/mx6sdl/lib/libsdk.a(menu.o)
 .data          0x1003a520        0x0 /home/leon/git/swp-report/iMX6_Platform_SDK/output/mx6sdl/lib/libsdk.a(abort_handler.o)
 .data          0x1003a520        0x0 /home/leon/git/swp-report/iMX6_Platform_SDK/output/mx6sdl/lib/libboard_sabre_ai_rev_b.a(board_io_expanders.o)
 .data          0x1003a520        0x0 /home/leon/git/swp-report/iMX6_Platform_SDK/output/mx6sdl/lib/libboard_sabre_ai_rev_b.a(board_usdhc.o)
 .data          0x1003a520        0x8 /home/leon/git/swp-report/iMX6_Platform_SDK/output/mx6sdl/lib/libboard_sabre_ai_rev_b.a(hardware_modules.o)
                0x1003a520                g_debug_uart_port
                0x1003a524                g_system_timer_port
 .data          0x1003a528        0x0 /home/leon/git/swp-report/iMX6_Platform_SDK/output/mx6sdl/lib/libboard_sabre_ai_rev_b.a(dcd.o)
 .data          0x1003a528        0x0 /home/leon/git/swp-report/iMX6_Platform_SDK/output/mx6sdl/lib/libboard_sabre_ai_rev_b.a(i2c3_iomux_config.o)
 .data          0x1003a528        0x0 /home/leon/git/swp-report/iMX6_Platform_SDK/output/mx6sdl/lib/libboard_sabre_ai_rev_b.a(uart_iomux_config.o)
 .data          0x1003a528        0x0 /home/leon/git/swp-report/iMX6_Platform_SDK/output/mx6sdl/lib/libboard_sabre_ai_rev_b.a(usdhc_iomux_config.o)
 .data          0x1003a528        0x0 /home/leon/git/swp-report/iMX6_Platform_SDK/output/mx6sdl/lib/libboard_sabre_ai_rev_b.a(iomux_config.o)
 .data          0x1003a528        0x0 /home/leon/git/swp-report/iMX6_Platform_SDK/output/mx6sdl/lib/libboard_sabre_ai_rev_b.a(ipu1_iomux_config.o)
 .data          0x1003a528        0x0 /home/leon/git/swp-report/iMX6_Platform_SDK/output/mx6sdl/lib/libboard_sabre_ai_rev_b.a(mlb_iomux_config.o)
 .data          0x1003a528        0x0 /home/leon/git/swp-report/iMX6_Platform_SDK/output/mx6sdl/lib/libboard_sabre_ai_rev_b.a(mmdc_iomux_config.o)
 .data          0x1003a528        0x0 /home/leon/git/swp-report/iMX6_Platform_SDK/output/mx6sdl/lib/libboard_sabre_ai_rev_b.a(pwm3_iomux_config.o)
 .data          0x1003a528        0x0 /home/leon/git/swp-report/iMX6_Platform_SDK/output/mx6sdl/lib/libboard_sabre_ai_rev_b.a(pwm4_iomux_config.o)
 .data          0x1003a528        0x0 /home/leon/git/swp-report/iMX6_Platform_SDK/output/mx6sdl/lib/libboard_sabre_ai_rev_b.a(sjc_iomux_config.o)
 .data          0x1003a528        0x0 /home/leon/git/swp-report/iMX6_Platform_SDK/output/mx6sdl/lib/libboard_sabre_ai_rev_b.a(spdif_iomux_config.o)
 .data          0x1003a528        0x0 /home/leon/git/swp-report/iMX6_Platform_SDK/output/mx6sdl/lib/libboard_sabre_ai_rev_b.a(uart2_iomux_config.o)
 .data          0x1003a528        0x0 /home/leon/git/swp-report/iMX6_Platform_SDK/output/mx6sdl/lib/libboard_sabre_ai_rev_b.a(uart3_iomux_config.o)
 .data          0x1003a528        0x0 /home/leon/git/swp-report/iMX6_Platform_SDK/output/mx6sdl/lib/libboard_sabre_ai_rev_b.a(uart4_iomux_config.o)
 .data          0x1003a528        0x0 /home/leon/git/swp-report/iMX6_Platform_SDK/output/mx6sdl/lib/libboard_sabre_ai_rev_b.a(usdhc1_iomux_config.o)
 .data          0x1003a528        0x0 /home/leon/git/swp-report/iMX6_Platform_SDK/output/mx6sdl/lib/libboard_sabre_ai_rev_b.a(usdhc3_iomux_config.o)
 .data          0x1003a528        0x0 /home/leon/git/swp-report/iMX6_Platform_SDK/output/mx6sdl/lib/libboard_sabre_ai_rev_b.a(wdog1_iomux_config.o)
 .data          0x1003a528        0x0 /home/leon/git/swp-report/iMX6_Platform_SDK/output/mx6sdl/lib/libboard_sabre_ai_rev_b.a(audmux_iomux_config.o)
 .data          0x1003a528        0x0 /home/leon/git/swp-report/iMX6_Platform_SDK/output/mx6sdl/lib/libboard_sabre_ai_rev_b.a(ccm_iomux_config.o)
 .data          0x1003a528        0x0 /home/leon/git/swp-report/iMX6_Platform_SDK/output/mx6sdl/lib/libboard_sabre_ai_rev_b.a(ecspi1_iomux_config.o)
 .data          0x1003a528        0x0 /home/leon/git/swp-report/iMX6_Platform_SDK/output/mx6sdl/lib/libboard_sabre_ai_rev_b.a(eim_iomux_config.o)
 .data          0x1003a528        0x0 /home/leon/git/swp-report/iMX6_Platform_SDK/output/mx6sdl/lib/libboard_sabre_ai_rev_b.a(enet_iomux_config.o)
 .data          0x1003a528        0x0 /home/leon/git/swp-report/iMX6_Platform_SDK/output/mx6sdl/lib/libboard_sabre_ai_rev_b.a(esai_iomux_config.o)
 .data          0x1003a528        0x0 /home/leon/git/swp-report/iMX6_Platform_SDK/output/mx6sdl/lib/libboard_sabre_ai_rev_b.a(flexcan1_iomux_config.o)
 .data          0x1003a528        0x0 /home/leon/git/swp-report/iMX6_Platform_SDK/output/mx6sdl/lib/libboard_sabre_ai_rev_b.a(flexcan2_iomux_config.o)
 .data          0x1003a528        0x0 /home/leon/git/swp-report/iMX6_Platform_SDK/output/mx6sdl/lib/libboard_sabre_ai_rev_b.a(gpio1_iomux_config.o)
 .data          0x1003a528        0x0 /home/leon/git/swp-report/iMX6_Platform_SDK/output/mx6sdl/lib/libboard_sabre_ai_rev_b.a(gpio2_iomux_config.o)
 .data          0x1003a528        0x0 /home/leon/git/swp-report/iMX6_Platform_SDK/output/mx6sdl/lib/libboard_sabre_ai_rev_b.a(gpio4_iomux_config.o)
 .data          0x1003a528        0x0 /home/leon/git/swp-report/iMX6_Platform_SDK/output/mx6sdl/lib/libboard_sabre_ai_rev_b.a(gpio5_iomux_config.o)
 .data          0x1003a528        0x0 /home/leon/git/swp-report/iMX6_Platform_SDK/output/mx6sdl/lib/libboard_sabre_ai_rev_b.a(gpio6_iomux_config.o)
 .data          0x1003a528        0x0 /home/leon/git/swp-report/iMX6_Platform_SDK/output/mx6sdl/lib/libboard_sabre_ai_rev_b.a(gpmi_iomux_config.o)
 .data          0x1003a528        0x0 /home/leon/git/swp-report/iMX6_Platform_SDK/output/mx6sdl/lib/libboard_sabre_ai_rev_b.a(i2c2_iomux_config.o)
 .data          0x1003a528        0x0 /home/leon/riotboard/arm-2012.09/bin/../arm-none-eabi/lib//libc.a(lib_a-abort.o)
 .data          0x1003a528        0x0 /home/leon/riotboard/arm-2012.09/bin/../arm-none-eabi/lib//libc.a(lib_a-assert.o)
 .data          0x1003a528        0x0 /home/leon/riotboard/arm-2012.09/bin/../arm-none-eabi/lib//libc.a(lib_a-bzero.o)
 .data          0x1003a528        0x0 /home/leon/riotboard/arm-2012.09/bin/../arm-none-eabi/lib//libc.a(lib_a-calloc.o)
 .data          0x1003a528        0x0 /home/leon/riotboard/arm-2012.09/bin/../arm-none-eabi/lib//libc.a(lib_a-callocr.o)
 .data          0x1003a528        0x0 /home/leon/riotboard/arm-2012.09/bin/../arm-none-eabi/lib//libc.a(lib_a-fiprintf.o)
 .data          0x1003a528        0x0 /home/leon/riotboard/arm-2012.09/bin/../arm-none-eabi/lib//libc.a(lib_a-fputc.o)
 .data          0x1003a528      0x430 /home/leon/riotboard/arm-2012.09/bin/../arm-none-eabi/lib//libc.a(lib_a-impure.o)
                0x1003a528                _impure_ptr
 .data          0x1003a958        0x0 /home/leon/riotboard/arm-2012.09/bin/../arm-none-eabi/lib//libc.a(lib_a-init.o)
 .data          0x1003a958        0x0 /home/leon/riotboard/arm-2012.09/bin/../arm-none-eabi/lib//libc.a(lib_a-malloc.o)
 .data          0x1003a958      0x410 /home/leon/riotboard/arm-2012.09/bin/../arm-none-eabi/lib//libc.a(lib_a-mallocr.o)
                0x1003a958                __malloc_av_
                0x1003ad60                __malloc_sbrk_base
                0x1003ad64                __malloc_trim_threshold
 .data          0x1003ad68        0x0 /home/leon/riotboard/arm-2012.09/bin/../arm-none-eabi/lib//libc.a(lib_a-memchr.o)
 .data          0x1003ad68        0x0 /home/leon/riotboard/arm-2012.09/bin/../arm-none-eabi/lib//libc.a(lib_a-memcpy.o)
 .data          0x1003ad68        0x0 /home/leon/riotboard/arm-2012.09/bin/../arm-none-eabi/lib//libc.a(lib_a-memset.o)
 .data          0x1003ad68        0x0 /home/leon/riotboard/arm-2012.09/bin/../arm-none-eabi/lib//libc.a(lib_a-mlock.o)
 .data          0x1003ad68        0x0 /home/leon/riotboard/arm-2012.09/bin/../arm-none-eabi/lib//libc.a(lib_a-printf.o)
 .data          0x1003ad68        0x0 /home/leon/riotboard/arm-2012.09/bin/../arm-none-eabi/lib//libc.a(lib_a-putc.o)
 .data          0x1003ad68        0x0 /home/leon/riotboard/arm-2012.09/bin/../arm-none-eabi/lib//libc.a(lib_a-realloc.o)
 .data          0x1003ad68        0x0 /home/leon/riotboard/arm-2012.09/bin/../arm-none-eabi/lib//libc.a(lib_a-reallocr.o)
 .data          0x1003ad68        0x0 /home/leon/riotboard/arm-2012.09/bin/../arm-none-eabi/lib//libc.a(lib_a-reent.o)
 .data          0x1003ad68        0x0 /home/leon/riotboard/arm-2012.09/bin/../arm-none-eabi/lib//libc.a(lib_a-rget.o)
 .data          0x1003ad68        0x0 /home/leon/riotboard/arm-2012.09/bin/../arm-none-eabi/lib//libc.a(lib_a-sbrkr.o)
 .data          0x1003ad68        0x0 /home/leon/riotboard/arm-2012.09/bin/../arm-none-eabi/lib//libc.a(lib_a-signal.o)
 .data          0x1003ad68        0x0 /home/leon/riotboard/arm-2012.09/bin/../arm-none-eabi/lib//libc.a(lib_a-signalr.o)
 .data          0x1003ad68        0x0 /home/leon/riotboard/arm-2012.09/bin/../arm-none-eabi/lib//libc.a(lib_a-sprintf.o)
 .data          0x1003ad68        0x0 /home/leon/riotboard/arm-2012.09/bin/../arm-none-eabi/lib//libc.a(lib_a-strlen.o)
 .data          0x1003ad68        0x0 /home/leon/riotboard/arm-2012.09/bin/../arm-none-eabi/lib//libc.a(lib_a-strncasecmp.o)
 .data          0x1003ad68        0x0 /home/leon/riotboard/arm-2012.09/bin/../arm-none-eabi/lib//libc.a(lib_a-svfprintf.o)
 .data          0x1003ad68        0x0 /home/leon/riotboard/arm-2012.09/bin/../arm-none-eabi/lib//libc.a(lib_a-vfiprintf.o)
 .data          0x1003ad68        0x0 /home/leon/riotboard/arm-2012.09/bin/../arm-none-eabi/lib//libc.a(lib_a-vfprintf.o)
 .data          0x1003ad68        0x0 /home/leon/riotboard/arm-2012.09/bin/../arm-none-eabi/lib//libc.a(lib_a-vprintf.o)
 .data          0x1003ad68        0x0 /home/leon/riotboard/arm-2012.09/bin/../arm-none-eabi/lib//libc.a(lib_a-wbuf.o)
 .data          0x1003ad68        0x0 /home/leon/riotboard/arm-2012.09/bin/../arm-none-eabi/lib//libc.a(lib_a-wsetup.o)
 .data          0x1003ad68        0x4 /home/leon/riotboard/arm-2012.09/bin/../arm-none-eabi/lib//libc.a(lib_a-ctype_.o)
                0x1003ad68                __ctype_ptr__
 .data          0x1003ad6c        0x0 /home/leon/riotboard/arm-2012.09/bin/../arm-none-eabi/lib//libc.a(lib_a-dtoa.o)
 .data          0x1003ad6c        0x0 /home/leon/riotboard/arm-2012.09/bin/../arm-none-eabi/lib//libc.a(lib_a-fflush.o)
 .data          0x1003ad6c        0x0 /home/leon/riotboard/arm-2012.09/bin/../arm-none-eabi/lib//libc.a(lib_a-findfp.o)
 .data          0x1003ad6c        0x0 /home/leon/riotboard/arm-2012.09/bin/../arm-none-eabi/lib//libc.a(lib_a-fputwc.o)
 .data          0x1003ad6c        0x0 /home/leon/riotboard/arm-2012.09/bin/../arm-none-eabi/lib//libc.a(lib_a-freer.o)
 .data          0x1003ad6c        0x0 /home/leon/riotboard/arm-2012.09/bin/../arm-none-eabi/lib//libc.a(lib_a-fvwrite.o)
 .data          0x1003ad6c        0x0 /home/leon/riotboard/arm-2012.09/bin/../arm-none-eabi/lib//libc.a(lib_a-fwalk.o)
 .data          0x1003ad6c       0x7c /home/leon/riotboard/arm-2012.09/bin/../arm-none-eabi/lib//libc.a(lib_a-locale.o)
                0x1003ad8c                __mb_cur_max
 .data          0x1003ade8        0x0 /home/leon/riotboard/arm-2012.09/bin/../arm-none-eabi/lib//libc.a(lib_a-makebuf.o)
 .data          0x1003ade8        0x0 /home/leon/riotboard/arm-2012.09/bin/../arm-none-eabi/lib//libc.a(lib_a-memmove.o)
 .data          0x1003ade8        0x0 /home/leon/riotboard/arm-2012.09/bin/../arm-none-eabi/lib//libc.a(lib_a-mprec.o)
 .data          0x1003ade8        0x0 /home/leon/riotboard/arm-2012.09/bin/../arm-none-eabi/lib//libc.a(lib_a-refill.o)
 .data          0x1003ade8        0x0 /home/leon/riotboard/arm-2012.09/bin/../arm-none-eabi/lib//libc.a(lib_a-s_fpclassify.o)
 .data          0x1003ade8        0x0 /home/leon/riotboard/arm-2012.09/bin/../arm-none-eabi/lib//libc.a(lib_a-stdio.o)
 .data          0x1003ade8        0x0 /home/leon/riotboard/arm-2012.09/bin/../arm-none-eabi/lib//libc.a(lib_a-strcmp.o)
 .data          0x1003ade8        0x0 /home/leon/riotboard/arm-2012.09/bin/../arm-none-eabi/lib//libc.a(lib_a-svfiprintf.o)
 .data          0x1003ade8        0x0 /home/leon/riotboard/arm-2012.09/bin/../arm-none-eabi/lib//libc.a(lib_a-wcrtomb.o)
 .data          0x1003ade8        0x4 /home/leon/riotboard/arm-2012.09/bin/../arm-none-eabi/lib//libc.a(lib_a-wctomb_r.o)
                0x1003ade8                __wctomb
 .data          0x1003adec        0x0 /home/leon/riotboard/arm-2012.09/bin/../arm-none-eabi/lib//libc.a(lib_a-writer.o)
 .data          0x1003adec        0x0 /home/leon/riotboard/arm-2012.09/bin/../arm-none-eabi/lib//libc.a(lib_a-closer.o)
 .data          0x1003adec        0x0 /home/leon/riotboard/arm-2012.09/bin/../arm-none-eabi/lib//libc.a(lib_a-fclose.o)
 .data          0x1003adec        0x0 /home/leon/riotboard/arm-2012.09/bin/../arm-none-eabi/lib//libc.a(lib_a-fstatr.o)
 .data          0x1003adec        0x0 /home/leon/riotboard/arm-2012.09/bin/../arm-none-eabi/lib//libc.a(lib_a-isattyr.o)
 .data          0x1003adec        0x0 /home/leon/riotboard/arm-2012.09/bin/../arm-none-eabi/lib//libc.a(lib_a-lseekr.o)
 .data          0x1003adec        0x0 /home/leon/riotboard/arm-2012.09/bin/../arm-none-eabi/lib//libc.a(lib_a-readr.o)
 .data          0x1003adec        0x0 /home/leon/riotboard/arm-2012.09/bin/../lib/gcc/arm-none-eabi/4.7.2//libgcc.a(_udivsi3.o)
 .data          0x1003adec        0x0 /home/leon/riotboard/arm-2012.09/bin/../lib/gcc/arm-none-eabi/4.7.2//libgcc.a(_divsi3.o)
 .data          0x1003adec        0x0 /home/leon/riotboard/arm-2012.09/bin/../lib/gcc/arm-none-eabi/4.7.2//libgcc.a(_dvmd_tls.o)
 .data          0x1003adec        0x0 /home/leon/riotboard/arm-2012.09/bin/../lib/gcc/arm-none-eabi/4.7.2//libgcc.a(_arm_addsubdf3.o)
 .data          0x1003adec        0x0 /home/leon/riotboard/arm-2012.09/bin/../lib/gcc/arm-none-eabi/4.7.2//libgcc.a(_arm_muldivdf3.o)
 .data          0x1003adec        0x0 /home/leon/riotboard/arm-2012.09/bin/../lib/gcc/arm-none-eabi/4.7.2//libgcc.a(_arm_cmpdf2.o)
 .data          0x1003adec        0x0 /home/leon/riotboard/arm-2012.09/bin/../lib/gcc/arm-none-eabi/4.7.2//libgcc.a(_arm_fixdfsi.o)
 .data          0x1003adec        0x0 /home/leon/riotboard/arm-2012.09/bin/../lib/gcc/arm-none-eabi/4.7.2//libgcc.a(_aeabi_uldivmod.o)
 .data          0x1003adec        0x0 /home/leon/riotboard/arm-2012.09/bin/../lib/gcc/arm-none-eabi/4.7.2//libgcc.a(bpabi.o)
 .data          0x1003adec        0x0 /home/leon/riotboard/arm-2012.09/bin/../lib/gcc/arm-none-eabi/4.7.2//libgcc.a(_divdi3.o)
 .data          0x1003adec        0x0 /home/leon/riotboard/arm-2012.09/bin/../lib/gcc/arm-none-eabi/4.7.2//libgcc.a(_udivdi3.o)
 .data          0x1003adec        0x0 /home/leon/riotboard/arm-2012.09/bin/../lib/gcc/arm-none-eabi/4.7.2//libgcc.a(_clzsi2.o)
 .data          0x1003adec        0x0 /home/leon/git/swp-report/iMX6_Platform_SDK/output/mx6sdl/lib/libsdk.a(max7310.o)
 .data          0x1003adec        0x0 /home/leon/git/swp-report/iMX6_Platform_SDK/output/mx6sdl/lib/libsdk.a(gpio.o)
 .data          0x1003adec        0x0 /home/leon/git/swp-report/iMX6_Platform_SDK/output/mx6sdl/lib/libsdk.a(imx6sdl_gpio_map.o)
 .data          0x1003adec        0x0 /home/leon/git/swp-report/iMX6_Platform_SDK/output/mx6sdl/lib/libsdk.a(imx_i2c.o)
 .data          0x1003adec        0x0 /home/leon/git/swp-report/iMX6_Platform_SDK/output/mx6sdl/lib/libboard_sabre_ai_rev_b.a(i2c_iomux_config.o)

.jcr            0x1003adec        0x4
 .jcr           0x1003adec        0x0 /home/leon/riotboard/arm-2012.09/bin/../lib/gcc/arm-none-eabi/4.7.2//crtbegin.o
 .jcr           0x1003adec        0x4 /home/leon/riotboard/arm-2012.09/bin/../lib/gcc/arm-none-eabi/4.7.2//crtend.o

.tm_clone_table
                0x1003adf0        0x0
 .tm_clone_table
                0x1003adf0        0x0 /home/leon/riotboard/arm-2012.09/bin/../lib/gcc/arm-none-eabi/4.7.2//crtbegin.o
 .tm_clone_table
                0x1003adf0        0x0 /home/leon/riotboard/arm-2012.09/bin/../lib/gcc/arm-none-eabi/4.7.2//crtend.o

.igot.plt       0x1003adf0        0x0
 .igot.plt      0x00000000        0x0 /home/leon/riotboard/arm-2012.09/bin/../lib/gcc/arm-none-eabi/4.7.2//crtbegin.o

.hab.data       0x10400000     0x2000
                0x10400000                __hab_data = .
                0x10402000                . = (. + 0x2000)
 *fill*         0x10400000     0x2000 
                0x10402000                . = ALIGN (0x20)
                0x10402000                __hab_data_end = .
                0x00402000                _image_size = (. - _start_image_add)

.bss            0x10402000     0x1528
                0x10402000                __bss_start__ = .
 *(.shbss)
 *(.bss .bss.* .gnu.linkonce.b.*)
 .bss           0x10402000       0x1c /home/leon/riotboard/arm-2012.09/bin/../lib/gcc/arm-none-eabi/4.7.2//crtbegin.o