Archive member included because of file (symbol)

/home/leon/git/swp-report/iMX6_Platform_SDK/output/mx6sdl/lib/libsdk.a(base.o)
                              /home/leon/git/swp-report/iMX6_Platform_SDK/output/mx6sdl/filesystem/sabre_ai_rev_b/obj/apps/filesystem/src/fs_test.o (GetFileSize)
/home/leon/git/swp-report/iMX6_Platform_SDK/output/mx6sdl/lib/libsdk.a(cache_wrappers.o)
                              /home/leon/git/swp-report/iMX6_Platform_SDK/output/mx6sdl/filesystem/sabre_ai_rev_b/obj/apps/filesystem/src/fs_test.o (g_usdhc_instance)
/home/leon/git/swp-report/iMX6_Platform_SDK/output/mx6sdl/lib/libsdk.a(chdir.o)
                              /home/leon/git/swp-report/iMX6_Platform_SDK/output/mx6sdl/filesystem/sabre_ai_rev_b/obj/apps/filesystem/src/fs_test.o (SetCWDHandle)
/home/leon/git/swp-report/iMX6_Platform_SDK/output/mx6sdl/lib/libsdk.a(directories.o)
                              /home/leon/git/swp-report/iMX6_Platform_SDK/output/mx6sdl/lib/libsdk.a(base.o) (CreateDirRecord)
/home/leon/git/swp-report/iMX6_Platform_SDK/output/mx6sdl/lib/libsdk.a(fatapi.o)
                              /home/leon/git/swp-report/iMX6_Platform_SDK/output/mx6sdl/lib/libsdk.a(base.o) (Findnextcluster)
/home/leon/git/swp-report/iMX6_Platform_SDK/output/mx6sdl/lib/libsdk.a(findnextsector.o)
                              /home/leon/git/swp-report/iMX6_Platform_SDK/output/mx6sdl/lib/libsdk.a(base.o) (UpdateHandleOffsets)
/home/leon/git/swp-report/iMX6_Platform_SDK/output/mx6sdl/lib/libsdk.a(fopen.o)
                              /home/leon/git/swp-report/iMX6_Platform_SDK/output/mx6sdl/lib/libsdk.a(cache_wrappers.o) (totalFileOpened)
/home/leon/git/swp-report/iMX6_Platform_SDK/output/mx6sdl/lib/libsdk.a(fs_fat_memory.o)
                              /home/leon/git/swp-report/iMX6_Platform_SDK/output/mx6sdl/filesystem/sabre_ai_rev_b/obj/apps/filesystem/src/fs_test.o (maxcaches)
/home/leon/git/swp-report/iMX6_Platform_SDK/output/mx6sdl/lib/libsdk.a(fs_steering.o)
                              /home/leon/git/swp-report/iMX6_Platform_SDK/output/mx6sdl/filesystem/sabre_ai_rev_b/obj/apps/filesystem/src/fs_test.o (Fclose)
/home/leon/git/swp-report/iMX6_Platform_SDK/output/mx6sdl/lib/libsdk.a(fsinit.o)
                              /home/leon/git/swp-report/iMX6_Platform_SDK/output/mx6sdl/lib/libsdk.a(base.o) (Handle)
/home/leon/git/swp-report/iMX6_Platform_SDK/output/mx6sdl/lib/libsdk.a(fsunicode.o)
                              /home/leon/git/swp-report/iMX6_Platform_SDK/output/mx6sdl/lib/libsdk.a(directories.o) (Long_NameRes_Ch)
/home/leon/git/swp-report/iMX6_Platform_SDK/output/mx6sdl/lib/libsdk.a(handle.o)
                              /home/leon/git/swp-report/iMX6_Platform_SDK/output/mx6sdl/lib/libsdk.a(chdir.o) (Freehandle)
/home/leon/git/swp-report/iMX6_Platform_SDK/output/mx6sdl/lib/libsdk.a(longfilename.o)
                              /home/leon/git/swp-report/iMX6_Platform_SDK/output/mx6sdl/lib/libsdk.a(directories.o) (ArrangeLongFileName)
/home/leon/git/swp-report/iMX6_Platform_SDK/output/mx6sdl/lib/libsdk.a(readdevicerecord.o)
                              /home/leon/git/swp-report/iMX6_Platform_SDK/output/mx6sdl/lib/libsdk.a(fsinit.o) (Readdevicerecord)
/home/leon/git/swp-report/iMX6_Platform_SDK/output/mx6sdl/lib/libsdk.a(reentrant_section.o)
                              /home/leon/git/swp-report/iMX6_Platform_SDK/output/mx6sdl/lib/libsdk.a(base.o) (EnterNonReentrantSection)
/home/leon/git/swp-report/iMX6_Platform_SDK/output/mx6sdl/lib/libsdk.a(standardapi.o)
                              /home/leon/git/swp-report/iMX6_Platform_SDK/output/mx6sdl/lib/libsdk.a(fs_steering.o) (Fclose_FAT)
/home/leon/git/swp-report/iMX6_Platform_SDK/output/mx6sdl/lib/libsdk.a(string_utilities.o)
                              /home/leon/git/swp-report/iMX6_Platform_SDK/output/mx6sdl/lib/libsdk.a(longfilename.o) (Convert_itoa)
/home/leon/git/swp-report/iMX6_Platform_SDK/output/mx6sdl/lib/libsdk.a(armv7_cache.o)
                              /home/leon/git/swp-report/iMX6_Platform_SDK/output/mx6sdl/filesystem/sabre_ai_rev_b/obj/apps/filesystem/src/fs_test.o (arm_dcache_enable)
/home/leon/git/swp-report/iMX6_Platform_SDK/output/mx6sdl/lib/libsdk.a(ccm_pll.o)
                              /home/leon/git/swp-report/iMX6_Platform_SDK/output/mx6sdl/filesystem/sabre_ai_rev_b/obj/apps/common/platform_init.o (ccm_init)
/home/leon/git/swp-report/iMX6_Platform_SDK/output/mx6sdl/lib/libsdk.a(cortexA9.o)
                              /home/leon/git/swp-report/iMX6_Platform_SDK/output/mx6sdl/filesystem/sabre_ai_rev_b/obj/apps/common/platform_init.o (arm_set_interrupt_state)
/home/leon/git/swp-report/iMX6_Platform_SDK/output/mx6sdl/lib/libsdk.a(gic.o)
                              /home/leon/git/swp-report/iMX6_Platform_SDK/output/mx6sdl/filesystem/sabre_ai_rev_b/obj/apps/common/platform_init.o (gic_init)
/home/leon/git/swp-report/iMX6_Platform_SDK/output/mx6sdl/lib/libsdk.a(mmu.o)
[...]
Memory Configuration

Name             Origin             Length             Attributes
OCRAM            0x0000000000900000 0x0000000000020000 xrw
DDR              0x0000000010000000 0x0000000080000000 xrw
*default*        0x0000000000000000 0xffffffffffffffff

Linker script and memory map

LOAD /home/src/arm/target/bin/../lib/gcc/arm-none-eabi/4.8.2//crtbegin.o
LOAD /home/src/arm/target/bin/../lib/gcc/arm-none-eabi/4.8.2//crti.o
LOAD /home/src/arm/target/bin/../lib/gcc/arm-none-eabi/4.8.2//crtend.o
LOAD /home/src/arm/target/bin/../lib/gcc/arm-none-eabi/4.8.2//crtn.o

.l1_page_table  0x0000000000900000     0x4000
                0x0000000000900000                __l1_page_table_start = .
                0x0000000000904000                . = (. + 0x4000)
 *fill*         0x0000000000900000     0x4000 

.heap.ocram     0x0000000000904000    0x1bfb8
                0x0000000000904000                __heap_ocram_start = .
                0x000000000091ffb8                . = (. + 0x1bfb8)
 *fill*         0x0000000000904000    0x1bfb8 
                0x000000000091ffb8                __heap_ocram_end = .

.ram_vectors    0x000000000091ffb8       0x48
                0x000000000091ffb8                __ram_vectors_start = .
                0x0000000000920000                . = (. + 0x48)
 *fill*         0x000000000091ffb8       0x48 
                0x0000000000920000                __ram_vectors_end = .
                0x0000000010000000                _start_image_add = ORIGIN (DDR)

.ivt            0x0000000010000000      0x420
                0x0000000010000400                . = (. + 0x400)
 *fill*         0x0000000010000000      0x400 
 *(.ivt)
 .ivt           0x0000000010000400       0x20 /home/leon/git/swp-report/iMX6_Platform_SDK/output/mx6sdl/filesystem/sabre_ai_rev_b/obj/apps/common/ivt.o
                0x0000000010000400                input_ivt

.boot_data      0x0000000010000420        0xc
                0x0000000010000420                __start_boot_data = .
 *(.boot_data)
 .boot_data     0x0000000010000420        0xc /home/leon/git/swp-report/iMX6_Platform_SDK/output/mx6sdl/filesystem/sabre_ai_rev_b/obj/apps/common/ivt.o
                0x0000000010000420                bd

.dcd_hdr        0x0000000010000430        0x4
                0x0000000010000430                __start_dcd = .
 *(.dcd_hdr)
 .dcd_hdr       0x0000000010000430        0x4 /home/leon/git/swp-report/iMX6_Platform_SDK/output/mx6sdl/lib/libboard_sabre_ai_rev_b.a(dcd.o)
                0x0000000010000430                input_dcd_hdr

.dcd_wrt_cmd    0x0000000010000434        0x4
 *(.dcd_wrt_cmd)
 .dcd_wrt_cmd   0x0000000010000434        0x4 /home/leon/git/swp-report/iMX6_Platform_SDK/output/mx6sdl/lib/libboard_sabre_ai_rev_b.a(dcd.o)
                0x0000000010000434                input_dcd_wrt_cmd

.dcd_data       0x0000000010000438      0x298
 *(.dcd_data)
 .dcd_data      0x0000000010000438      0x298 /home/leon/git/swp-report/iMX6_Platform_SDK/output/mx6sdl/lib/libboard_sabre_ai_rev_b.a(dcd.o)
                0x0000000010000438                input_dcd

.text           0x00000000100006d0    0x370e0
 CREATE_OBJECT_SYMBOLS
 *(.startup)
 .startup       0x00000000100006d0      0x138 /home/leon/git/swp-report/iMX6_Platform_SDK/output/mx6sdl/lib/libsdk.a(startup.o)
                0x00000000100006d0                _start
 *(.text .text.* .gnu.linkonce.t.*)
 .text          0x0000000010000808      0x128 /home/src/arm/target/bin/../lib/gcc/arm-none-eabi/4.8.2//crtbegin.o
 .text          0x0000000010000930        0x0 /home/src/arm/target/bin/../lib/gcc/arm-none-eabi/4.8.2//crti.o
 .text          0x0000000010000930        0x0 /home/src/arm/target/bin/../lib/gcc/arm-none-eabi/4.8.2//crtend.o
 .text          0x0000000010000930        0x0 /home/src/arm/target/bin/../lib/gcc/arm-none-eabi/4.8.2//crtn.o
 .text          0x0000000010000930        0x0 /home/leon/git/swp-report/iMX6_Platform_SDK/output/mx6sdl/filesystem/sabre_ai_rev_b/obj/apps/common/ivt.o
 .text          0x0000000010000930       0x98 /home/leon/git/swp-report/iMX6_Platform_SDK/output/mx6sdl/filesystem/sabre_ai_rev_b/obj/apps/common/platform_init.o
                0x0000000010000930                platform_init
 .text          0x00000000100009c8       0xfc /home/leon/git/swp-report/iMX6_Platform_SDK/output/mx6sdl/filesystem/sabre_ai_rev_b/obj/apps/common/print_clock_info.o
                0x00000000100009c8                show_freq
                0x0000000010000ab4                show_ddr_config
 .text          0x0000000010000ac4      0x15c /home/leon/git/swp-report/iMX6_Platform_SDK/output/mx6sdl/filesystem/sabre_ai_rev_b/obj/apps/common/print_version.o
                0x0000000010000ac4                print_version
 .text          0x0000000010000c20     0x1388 /home/leon/git/swp-report/iMX6_Platform_SDK/output/mx6sdl/filesystem/sabre_ai_rev_b/obj/apps/filesystem/src/fs_test.o
                0x0000000010000cb4                fat_write_speed_test
                0x0000000010000ff0                sd_raw_write_speed_test
                0x0000000010001264                create_input_file
                0x0000000010001404                fat_read_speed_test
                0x000000001000174c                sd_raw_read_speed_test
                0x00000000100019d8                dump_test_results
                0x0000000010001d80                fat_test
                0x0000000010001f84                main
 .text          0x0000000010001fa8     0x2e1c /home/leon/git/swp-report/iMX6_Platform_SDK/output/mx6sdl/lib/libsdk.a(base.o)
                0x0000000010001fd4                Fcreate
                0x0000000010002144                Fflush
                0x000000001000248c                GetFileSize
                0x000000001000252c                Fread_FAT
                0x0000000010002e08                Fwrite_FAT
                0x0000000010003b50                UpdateFileSize
                0x0000000010003de4                SeekPoint_InitializeBuffer
                0x0000000010003ea8                SeekPoint_CalculateSeekPointStep
                0x0000000010004138                SeekPoint_FillSeekPoint
                0x0000000010004278                Fseek_FAT
                0x0000000010004c34                Ftell
                0x0000000010004cd4                Feof
 .text          0x0000000010004dc4     0x1974 /home/leon/git/swp-report/iMX6_Platform_SDK/output/mx6sdl/lib/libsdk.a(cache_wrappers.o)
                0x0000000010004dc4                media_cache_pinned_write
                0x0000000010004e34                media_cache_release
                0x0000000010004e64                fatCacheAllocate
                0x0000000010004fc0                updateFatCacheRefIndex
                0x0000000010005030                getFatCache
                0x000000001000517c                fatCacheRelease
                0x0000000010005394                print_media_fat_info
                0x0000000010005848                FsFlushCache
                0x0000000010005904                FSWriteSector
                0x0000000010005cc0                FSWriteMultiSectors
                0x0000000010005dbc                FSEraseSector
                0x0000000010005ee8                FSReadSector
                0x0000000010006130                FSReadMultiSectors
                0x0000000010006218                FSReleaseSector
                0x0000000010006254                FSFlushSector
                0x0000000010006284                FlushCache
                0x000000001000629c                FSFlushDriveCache
                0x00000000100062c4                VerifyPBS
                0x00000000100063e4                FSDataDriveInit
 .text          0x0000000010006738     0x320c /home/leon/git/swp-report/iMX6_Platform_SDK/output/mx6sdl/lib/libsdk.a(chdir.o)
                0x0000000010006738                Chdir
                0x00000000100069d0                Chdirw
                0x0000000010006c18                Getcwd
                0x0000000010006c30                Changepath
                0x0000000010006df4                ChangeToRootdirectory
                0x0000000010007164                Searchdirectory
                0x00000000100078e0                SetHandleforsearch
                0x0000000010008050                Mkdir
                0x0000000010008248                Mkdirw
                0x000000001000843c                Rmdir
                0x00000000100089b4                Rmdirw
                0x0000000010008ebc                CreateDirectory
                0x00000000100098d8                SetCWDHandle
 .text          0x0000000010009944     0x2368 /home/leon/git/swp-report/iMX6_Platform_SDK/output/mx6sdl/lib/libsdk.a(directories.o)
                0x0000000010009944                CreateDirRecord
                0x0000000010009dfc                ChkSum
                0x0000000010009ea0                ReadDirectoryRecord
                0x000000001000a0f0                GetDateTime
                0x000000001000a128                CreateShortDirRecord
                0x000000001000a358                Isdirectoryempty
                0x000000001000a40c                Longdirmatch
                0x000000001000a698                MatchdirRecordW
                0x000000001000a834                Shortdirmatch
                0x000000001000a9b4                Setfilename
                0x000000001000ab20                Uppercase
                0x000000001000abd8                ConverToShortname
                0x000000001000af58                FindfreeRecord
                0x000000001000b180                Searchfreerecord
                0x000000001000b26c                CheckspaceinRootdir
                0x000000001000b3d4                DeleteRecord
                0x000000001000b704                ReadRootdirRecord
                0x000000001000b8f4                SetcurrentPos
                0x000000001000ba48                GetVolumeLabel
 .text          0x000000001000bcac     0x1e50 /home/leon/git/swp-report/iMX6_Platform_SDK/output/mx6sdl/lib/libsdk.a(fatapi.o)
                0x000000001000bcd8                FATsectorno
                0x000000001000be74                Computefreecluster
                0x000000001000bf14                Findnextcluster
                0x000000001000bf9c                FirstfreeAndallocate
                0x000000001000c5e0                FirstfreeAndallocateFAT32
                0x000000001000c7dc                Firstsectorofcluster
                0x000000001000c8bc                GetNewcluster
                0x000000001000ca9c                ReadFAT12Entry
                0x000000001000ccac                ReadFATentry
                0x000000001000cea8                Totalfreecluster
                0x000000001000d1e8                TotalfreeclusterFAT16
                0x000000001000d620                WriteFATentry
                0x000000001000da0c                ClearCluster
 .text          0x000000001000dafc      0x25c /home/leon/git/swp-report/iMX6_Platform_SDK/output/mx6sdl/lib/libsdk.a(findnextsector.o)
                0x000000001000dafc                UpdateHandleOffsets
                0x000000001000dc88                FindNextSector
 .text          0x000000001000dd58     0x20c4 /home/leon/git/swp-report/iMX6_Platform_SDK/output/mx6sdl/lib/libsdk.a(fopen.o)
                0x000000001000dd58                Fopen
                0x000000001000e4a8                Fopenw
                0x000000001000eb70                Fremove
                0x000000001000eedc                Fremovew
                0x000000001000f1e0                Frename
                0x000000001000f588                DeleteContent
 .text          0x000000001000fe1c        0x0 /home/leon/git/swp-report/iMX6_Platform_SDK/output/mx6sdl/lib/libsdk.a(fs_fat_memory.o)
 .text          0x000000001000fe1c      0x2ec /home/leon/git/swp-report/iMX6_Platform_SDK/output/mx6sdl/lib/libsdk.a(fs_steering.o)
                0x000000001000fe48                FileSystemType
                0x000000001000feac                Fclose
                0x000000001000ff40                Fwrite
                0x000000001000ffe4                Fseek
                0x0000000010010064                Fread
 .text          0x0000000010010108      0x424 /home/leon/git/swp-report/iMX6_Platform_SDK/output/mx6sdl/lib/libsdk.a(fsinit.o)
                0x0000000010010108                FSInit
                0x00000000100101d4                FSDriveInit
                0x00000000100102e8                FSClearDriveBuf
                0x0000000010010384                FSDriveShutdown
                0x0000000010010448                FSShutdown
 .text          0x000000001001052c      0x2d4 /home/leon/git/swp-report/iMX6_Platform_SDK/output/mx6sdl/lib/libsdk.a(fsunicode.o)
                0x000000001001052c                DBCStoUnicode
                0x00000000100105fc                UnicodeToOEM
                0x0000000010010710                DBCStoTwoByteString
 .text          0x0000000010010800      0xea8 /home/leon/git/swp-report/iMX6_Platform_SDK/output/mx6sdl/lib/libsdk.a(handle.o)
                0x0000000010010800                Freehandle
                0x00000000100108d0                Updatehandlemode
                0x0000000010010984                Gethandlemode
                0x0000000010010a28                IsHandleWriteAllocated
                0x0000000010010c38                Searchfreehandleallocate
                0x0000000010010ddc                Isfileopen
                0x0000000010010fb8                IsCurrWorkDir
                0x000000001001110c                GetCWDHandle
                0x00000000100111f0                GetDeviceFromHandle
                0x00000000100112f4                UpdateHandle
                0x0000000010011508                Handleactive
                0x00000000100115c8                CheckMode
                0x0000000010011608                Ferror
 .text          0x00000000100116a8     0x111c /home/leon/git/swp-report/iMX6_Platform_SDK/output/mx6sdl/lib/libsdk.a(longfilename.o)
                0x00000000100116a8                ConstructLongFileName
                0x00000000100119cc                GetUnicodeWord
                0x0000000010011a24                ArrangeLongFileName
                0x0000000010011d5c                Setshortfilename
                0x0000000010012384                IsShortNameValid
                0x0000000010012618                ArrangeFileName
 .text          0x00000000100127c4     0x11fc /home/leon/git/swp-report/iMX6_Platform_SDK/output/mx6sdl/lib/libsdk.a(readdevicerecord.o)
                0x00000000100127c4                Readdevicerecord
                0x00000000100134d4                FSSize
                0x00000000100135cc                FSFreeClusters
                0x0000000010013614                BytesPerCluster
                0x0000000010013664                FSClusterShift
                0x00000000100136ac                FSFreeSpace
                0x0000000010013734                FSFreeSpaceFromHandle
                0x00000000100137a8                FSMediaPresent
                0x00000000100137f0                FSFATType
                0x0000000010013838                Cleardevicerecord
                0x00000000100138c0                FileSystemPresent
                0x0000000010013970                FileSystemBootSectorVerify
 .text          0x00000000100139c0       0x20 /home/leon/git/swp-report/iMX6_Platform_SDK/output/mx6sdl/lib/libsdk.a(reentrant_section.o)
                0x00000000100139c0                EnterNonReentrantSection
                0x00000000100139d0                LeaveNonReentrantSection
 .text          0x00000000100139e0      0x44c /home/leon/git/swp-report/iMX6_Platform_SDK/output/mx6sdl/lib/libsdk.a(standardapi.o)
                0x00000000100139e0                Fclose_FAT
                0x0000000010013aac                Fgetc
                0x0000000010013b80                Fgets
                0x0000000010013c94                Fputc
                0x0000000010013d48                Fputs
 .text          0x0000000010013e2c      0xcd4 /home/leon/git/swp-report/iMX6_Platform_SDK/output/mx6sdl/lib/libsdk.a(string_utilities.o)
                0x0000000010013e2c                Convert_itoa
                0x0000000010013f6c                Changecase
                0x0000000010013fdc                StrlengthW
                0x000000001001404c                Strlength
                0x00000000100140b4                Strcpy
                0x0000000010014154                Strcpyw
                0x000000001001422c                GetChar
                0x0000000010014280                GetCharW
                0x00000000100142d4                PutChar
                0x000000001001432c                PutCharW
                0x000000001001437c                GetnameW
                0x00000000100143dc                Getname
                0x0000000010014434                GetDirnameW
                0x000000001001448c                Extractfilename
                0x00000000100144f8                Extractfilenamew
                0x0000000010014588                Extractdirnamew
                0x00000000100145f4                ExtractPathW
                0x00000000100146a8                ExtractPath
                0x000000001001473c                DiscardTrailigPeriods
                0x00000000100147fc                DiscardTrailigPeriodsw
                0x00000000100148a0                FSGetByte
                0x00000000100148dc                FSGetWord
                0x0000000010014938                FSGetDWord
                0x00000000100149cc                PutByte
                0x0000000010014a08                PutWord
                0x0000000010014a64                PutDword
 .text          0x0000000010014b00      0x634 /home/leon/git/swp-report/iMX6_Platform_SDK/output/mx6sdl/lib/libsdk.a(armv7_cache.o)
                0x0000000010014b00                arm_dcache_state_query
                0x0000000010014b40                arm_dcache_enable
                0x0000000010014b88                arm_dcache_disable
                0x0000000010014bc0                arm_dcache_invalidate
                0x0000000010014c5c                arm_dcache_invalidate_line
                0x0000000010014cc8                arm_dcache_invalidate_mlines
                0x0000000010014d68                arm_dcache_flush
                0x0000000010014e04                arm_dcache_flush_line
                0x0000000010014e70                arm_dcache_flush_mlines
                0x0000000010014f10                arm_icache_state_query
                0x0000000010014f50                arm_icache_enable
                0x0000000010014f98                arm_icache_disable
                0x0000000010014fd0                arm_icache_invalidate
                0x0000000010014ffc                arm_icache_invalidate_is
                0x0000000010015028                arm_icache_invalidate_line
                0x0000000010015094                arm_icache_invalidate_mlines
 .text          0x0000000010015134      0xc50 /home/leon/git/swp-report/iMX6_Platform_SDK/output/mx6sdl/lib/libsdk.a(ccm_pll.o)
                0x0000000010015134                ccm_init
                0x0000000010015258                get_main_clock
                0x00000000100154e4                get_peri_clock
                0x0000000010015684                ccm_ccgr_config
                0x00000000100156ec                clock_gating_config
                0x0000000010015b24                ccm_set_lpm_wakeup_source
                0x0000000010015c18                ccm_enter_low_power
                0x0000000010015c88                ipu_hsp_clk_config
                0x0000000010015ca8                gpu_clock_config
 .text          0x0000000010015d84      0x164 /home/leon/git/swp-report/iMX6_Platform_SDK/output/mx6sdl/lib/libsdk.a(cortexA9.o)
                0x0000000010015d84                arm_set_interrupt_state
                0x0000000010015da8                cpu_get_current
                0x0000000010015db4                enable_neon_fpu
                0x0000000010015dd0                disable_strict_align_check
                0x0000000010015de4                disable_L1_cache
                0x0000000010015e04                get_arm_private_peripheral_base
                0x0000000010015e0c                arm_unified_tlb_invalidate
                0x0000000010015e1c                arm_unified_tlb_invalidate_is
                0x0000000010015e2c                arm_branch_prediction_enable
                0x0000000010015e3c                arm_branch_prediction_disable
                0x0000000010015e4c                arm_branch_target_cache_invalidate
                0x0000000010015e58                arm_branch_target_cache_invalidate_is
                0x0000000010015e64                scu_enable
                0x0000000010015e78                scu_join_smp
                0x0000000010015e88                scu_leave_smp
                0x0000000010015e98                scu_get_cpus_in_smp
                0x0000000010015eac                scu_enable_maintenance_broadcast
                0x0000000010015ebc                scu_disable_maintenance_broadcast
                0x0000000010015ecc                scu_secure_invalidate
 .text          0x0000000010015ee8      0x5e0 /home/leon/git/swp-report/iMX6_Platform_SDK/output/mx6sdl/lib/libsdk.a(gic.o)
                0x0000000010015fcc                gic_enable
                0x000000001001602c                gic_set_irq_security
                0x00000000100160d4                gic_enable_irq
                0x0000000010016150                gic_set_irq_priority
                0x0000000010016198                gic_set_cpu_target
                0x00000000100162a4                gic_send_sgi
                0x00000000100162f8                gic_cpu_enable
                0x0000000010016358                gic_set_cpu_priority_mask
                0x000000001001638c                gic_read_irq_ack
                0x00000000100163b8                gic_write_end_of_irq
                0x00000000100163e8                gic_init
                0x000000001001648c                gic_init_cpu
 .text          0x00000000100164c8      0x458 /home/leon/git/swp-report/iMX6_Platform_SDK/output/mx6sdl/lib/libsdk.a(mmu.o)
                0x00000000100164c8                mmu_enable
                0x0000000010016500                mmu_disable
                0x0000000010016534                mmu_init
                0x0000000010016650                mmu_map_l1_range
                0x0000000010016864                mmu_virtual_to_physical
 .text          0x0000000010016920        0x0 /home/leon/git/swp-report/iMX6_Platform_SDK/output/mx6sdl/lib/libsdk.a(startup.o)
 .text          0x0000000010016920        0x4 /home/leon/git/swp-report/iMX6_Platform_SDK/output/mx6sdl/lib/libsdk.a(vectors.o)
                0x0000000010016920                exception_handler
 .text.vectors  0x0000000010016924       0x48 /home/leon/git/swp-report/iMX6_Platform_SDK/output/mx6sdl/lib/libsdk.a(vectors.o)
                0x0000000010016924                vectors
 .text          0x000000001001696c      0x610 /home/leon/git/swp-report/iMX6_Platform_SDK/output/mx6sdl/lib/libsdk.a(runtime_support.o)
                0x000000001001696c                _execve
                0x00000000100169a8                _fork
                0x00000000100169d0                _isatty
                0x00000000100169f4                _open
                0x0000000010016a20                _close
                0x0000000010016a44                _lseek
                0x0000000010016a70                _fstat
                0x0000000010016aa4                _read
                0x0000000010016b74                _write
                0x0000000010016c60                _raw_puts
                0x0000000010016ce0                _sbrk
                0x0000000010016d90                _exit
                0x0000000010016db0                _kill
                0x0000000010016de8                _getpid
                0x0000000010016e00                _link
                0x0000000010016e38                _unlink
                0x0000000010016e6c                _stat
                0x0000000010016ea0                _times
                0x0000000010016ec4                _gettimeofday
                0x0000000010016f48                _wait
 .text          0x0000000010016f7c        0x0 /home/leon/git/swp-report/iMX6_Platform_SDK/output/mx6sdl/lib/libsdk.a(sdk_version.o)
 .text          0x0000000010016f7c      0x8fc /home/leon/git/swp-report/iMX6_Platform_SDK/output/mx6sdl/lib/libsdk.a(system_util.o)
                0x0000000010016f7c                _sys_exit
                0x0000000010016f98                mybkpt
                0x0000000010016fa0                is_input_char
                0x0000000010017120                read_input_string
                0x0000000010017400                get_input_hex
                0x0000000010017678                read_int
                0x00000000100177d4                jump_to_sdp
 .text          0x0000000010017878       0xdc /home/leon/git/swp-report/iMX6_Platform_SDK/output/mx6sdl/lib/libsdk.a(text_color.o)
                0x0000000010017878                printf_color
                0x0000000010017910                get_color_supported
 .text          0x0000000010017954      0x7c8 /home/leon/git/swp-report/iMX6_Platform_SDK/output/mx6sdl/lib/libsdk.a(board_id.o)
                0x0000000010017954                chip_name
                0x0000000010017a6c                chip_revision
                0x0000000010017b44                board_name
                0x0000000010017c4c                board_revision
                0x0000000010017d14                board_description
                0x0000000010017e34                get_board_id
                0x0000000010017f10                show_board_id
 .text          0x000000001001811c      0x8dc /home/leon/git/swp-report/iMX6_Platform_SDK/output/mx6sdl/lib/libsdk.a(epit.o)
                0x000000001001811c                epit_reload_counter
                0x000000001001817c                epit_get_counter_value
                0x00000000100181d8                epit_set_compare_event
                0x0000000010018238                epit_get_compare_event
                0x0000000010018330                epit_counter_disable
                0x00000000100184f4                epit_counter_enable
                0x0000000010018750                epit_setup_interrupt
                0x00000000100187e0                epit_init
 .text          0x00000000100189f8      0x27c /home/leon/git/swp-report/iMX6_Platform_SDK/output/mx6sdl/lib/libsdk.a(timer.o)
                0x00000000100189f8                hal_delay_us
                0x0000000010018a64                system_time_init
                0x0000000010018bc0                time_get_microseconds
 .text          0x0000000010018c74     0x281c /home/leon/git/swp-report/iMX6_Platform_SDK/output/mx6sdl/lib/libsdk.a(imx_uart.o)
                0x0000000010018c74                uart_get_reffreq
                0x0000000010018d70                uart_putchar
                0x0000000010018ec0                uart_getchar
                0x0000000010019020                uart_set_FIFO_mode
                0x0000000010019b48                uart_set_loopback_mode
                0x0000000010019d9c                uart_setup_interrupt
                0x0000000010019e68                uart_init
 .text          0x000000001001b490     0x1184 /home/leon/git/swp-report/iMX6_Platform_SDK/output/mx6sdl/lib/libsdk.a(usdhc.o)
                0x000000001001b6a8                set_card_access_mode
                0x000000001001b6e8                read_usdhc_adma_mode
                0x000000001001b708                read_usdhc_intr_mode
                0x000000001001b728                card_init
                0x000000001001b8d8                card_emmc_init
                0x000000001001b96c                card_cmd_config
                0x000000001001ba80                card_get_cid
                0x000000001001bb20                card_enter_trans
                0x000000001001bbfc                card_trans_status
                0x000000001001bcf8                card_get_port
                0x000000001001bddc                card_set_blklen
                0x000000001001bebc                card_data_read
                0x000000001001c19c                card_data_write
                0x000000001001c490                card_xfer_result
                0x000000001001c584                card_wait_xfer_done
 .text          0x000000001001c614     0x3478 /home/leon/git/swp-report/iMX6_Platform_SDK/output/mx6sdl/lib/libsdk.a(usdhc_host.o)
                0x000000001001d9ec                usdhc1_isr
                0x000000001001da04                usdhc2_isr
                0x000000001001da1c                usdhc3_isr
                0x000000001001da34                usdhc4_isr
                0x000000001001da4c                host_init
                0x000000001001da7c                host_init_active
                0x000000001001db24                host_send_cmd
                0x000000001001df4c                host_cfg_clock
                0x000000001001e6ec                host_set_bus_width
                0x000000001001e724                host_reset
                0x000000001001e854                host_read_response
                0x000000001001ea44                host_cfg_block
                0x000000001001ecb8                host_clear_fifo
                0x000000001001ee64                host_setup_adma
                0x000000001001f084                host_data_read
                0x000000001001f58c                host_data_write
 .text          0x000000001001fa8c      0xe08 /home/leon/git/swp-report/iMX6_Platform_SDK/output/mx6sdl/lib/libsdk.a(usdhc_mmc.o)
                0x000000001002002c                mmc_init
                0x00000000100200d0                emmc_init
                0x00000000100201fc                emmc_print_cfg_info
                0x0000000010020434                mmc_set_boot_bus_width
                0x00000000100204fc                mmc_set_boot_partition
                0x00000000100205fc                mmc_set_boot_ack
                0x0000000010020680                mmc_voltage_validation
 .text          0x0000000010020894      0x800 /home/leon/git/swp-report/iMX6_Platform_SDK/output/mx6sdl/lib/libsdk.a(usdhc_sd.o)
                0x0000000010020c28                sd_init
                0x0000000010020ce0                sd_voltage_validation
 .text          0x0000000010021094       0x98 /home/leon/git/swp-report/iMX6_Platform_SDK/output/mx6sdl/lib/libsdk.a(arm_abort.o)
                0x0000000010021094                common_abort_handler
                0x00000000100210f4                data_abort_handler
                0x000000001002110c                prefetch_abort_handler
 .text          0x000000001002112c      0x1b8 /home/leon/git/swp-report/iMX6_Platform_SDK/output/mx6sdl/lib/libsdk.a(interrupt.o)
                0x000000001002112c                IRQ_HDLR
                0x00000000100211f0                disable_interrupt
                0x000000001002122c                enable_interrupt
                0x0000000010021284                register_interrupt_routine
                0x00000000100212b8                default_interrupt_routine
 .text          0x00000000100212e4      0xc30 /home/leon/git/swp-report/iMX6_Platform_SDK/output/mx6sdl/lib/libsdk.a(menu.o)
                0x0000000010021760                menu_get_indent
                0x000000001002177c                menuitem_cmd_showmenu
                0x00000000100217a0                menuitem_cmd_exitmenu
                0x00000000100217c4                menu_append_menuitems
                0x00000000100218e4                menu_present
                0x0000000010021e64                menu_print_menuitem
 .text          0x0000000010021f14      0x4bc /home/leon/git/swp-report/iMX6_Platform_SDK/output/mx6sdl/lib/libsdk.a(abort_handler.o)
                0x0000000010021f14                dump_regs
 .text          0x00000000100223d0      0x12c /home/leon/git/swp-report/iMX6_Platform_SDK/output/mx6sdl/lib/libboard_sabre_ai_rev_b.a(board_io_expanders.o)
                0x00000000100223d0                board_ioexpander_init
                0x00000000100224c8                board_ioexpander_iomux_config
 .text          0x00000000100224fc      0x214 /home/leon/git/swp-report/iMX6_Platform_SDK/output/mx6sdl/lib/libboard_sabre_ai_rev_b.a(board_usdhc.o)
                0x00000000100224fc                usdhc_gpio_config
                0x000000001002259c                usdhc_card_detected
                0x0000000010022688                usdhc_write_protected
 .text          0x0000000010022710        0x0 /home/leon/git/swp-report/iMX6_Platform_SDK/output/mx6sdl/lib/libboard_sabre_ai_rev_b.a(hardware_modules.o)
 .text          0x0000000010022710        0x0 /home/leon/git/swp-report/iMX6_Platform_SDK/output/mx6sdl/lib/libboard_sabre_ai_rev_b.a(dcd.o)
 .text          0x0000000010022710       0x78 /home/leon/git/swp-report/iMX6_Platform_SDK/output/mx6sdl/lib/libboard_sabre_ai_rev_b.a(i2c3_iomux_config.o)
                0x0000000010022710                i2c3_iomux_config
 .text          0x0000000010022788       0x8c /home/leon/git/swp-report/iMX6_Platform_SDK/output/mx6sdl/lib/libboard_sabre_ai_rev_b.a(uart_iomux_config.o)
                0x0000000010022788                uart_iomux_config
 .text          0x0000000010022814       0x80 /home/leon/git/swp-report/iMX6_Platform_SDK/output/mx6sdl/lib/libboard_sabre_ai_rev_b.a(usdhc_iomux_config.o)
                0x0000000010022814                usdhc_iomux_config
 .text          0x0000000010022894      0x2c4 /home/leon/git/swp-report/iMX6_Platform_SDK/output/mx6sdl/lib/libboard_sabre_ai_rev_b.a(iomux_config.o)
                0x0000000010022894                iomux_config
                0x0000000010022918                arm_iomux_config
                0x0000000010022928                asrc_iomux_config
                0x0000000010022938                dcic1_iomux_config
                0x0000000010022948                dcic2_iomux_config
                0x0000000010022958                ecspi2_iomux_config
                0x0000000010022968                ecspi3_iomux_config
                0x0000000010022978                ecspi4_iomux_config
                0x0000000010022988                epdc_iomux_config
                0x0000000010022998                epit1_iomux_config
                0x00000000100229a8                epit2_iomux_config
                0x00000000100229b8                gpio3_iomux_config
                0x00000000100229c8                gpio7_iomux_config
                0x00000000100229d8                gpt_iomux_config
                0x00000000100229e8                hdmi_iomux_config
                0x00000000100229f8                i2c1_iomux_config
                0x0000000010022a08                i2c4_iomux_config
                0x0000000010022a18                kpp_iomux_config
                0x0000000010022a28                lcd_iomux_config
                0x0000000010022a38                ldb_iomux_config
                0x0000000010022a48                mipi_csi_iomux_config
                0x0000000010022a58                mipi_dsi_iomux_config
                0x0000000010022a68                mipi_hsi_iomux_config
                0x0000000010022a78                pcie_iomux_config
                0x0000000010022a88                pmu_iomux_config
                0x0000000010022a98                pwm1_iomux_config
                0x0000000010022aa8                pwm2_iomux_config
                0x0000000010022ab8                sdma_iomux_config
                0x0000000010022ac8                snvs_iomux_config
                0x0000000010022ad8                src_iomux_config
                0x0000000010022ae8                uart1_iomux_config
                0x0000000010022af8                uart5_iomux_config
                0x0000000010022b08                usb_iomux_config
                0x0000000010022b18                usdhc2_iomux_config
                0x0000000010022b28                usdhc4_iomux_config
                0x0000000010022b38                wdog2_iomux_config
                0x0000000010022b48                xtalosc_iomux_config
 .text          0x0000000010022b58      0x5f8 /home/leon/git/swp-report/iMX6_Platform_SDK/output/mx6sdl/lib/libboard_sabre_ai_rev_b.a(ipu1_iomux_config.o)
                0x0000000010022b58                ipu1_iomux_config
 .text          0x0000000010023150       0xac /home/leon/git/swp-report/iMX6_Platform_SDK/output/mx6sdl/lib/libboard_sabre_ai_rev_b.a(mlb_iomux_config.o)
                0x0000000010023150                mlb_iomux_config
 .text          0x00000000100231fc     0x2484 /home/leon/git/swp-report/iMX6_Platform_SDK/output/mx6sdl/lib/libboard_sabre_ai_rev_b.a(mmdc_iomux_config.o)
                0x00000000100231fc                mmdc_iomux_config
 .text          0x0000000010025680       0x34 /home/leon/git/swp-report/iMX6_Platform_SDK/output/mx6sdl/lib/libboard_sabre_ai_rev_b.a(pwm3_iomux_config.o)
                0x0000000010025680                pwm3_iomux_config
 .text          0x00000000100256b4       0x34 /home/leon/git/swp-report/iMX6_Platform_SDK/output/mx6sdl/lib/libboard_sabre_ai_rev_b.a(pwm4_iomux_config.o)
                0x00000000100256b4                pwm4_iomux_config
 .text          0x00000000100256e8       0x70 /home/leon/git/swp-report/iMX6_Platform_SDK/output/mx6sdl/lib/libboard_sabre_ai_rev_b.a(sjc_iomux_config.o)
                0x00000000100256e8                sjc_iomux_config
 .text          0x0000000010025758       0x40 /home/leon/git/swp-report/iMX6_Platform_SDK/output/mx6sdl/lib/libboard_sabre_ai_rev_b.a(spdif_iomux_config.o)
                0x0000000010025758                spdif_iomux_config
 .text          0x0000000010025798       0xe0 /home/leon/git/swp-report/iMX6_Platform_SDK/output/mx6sdl/lib/libboard_sabre_ai_rev_b.a(uart2_iomux_config.o)
                0x0000000010025798                uart2_iomux_config
 .text          0x0000000010025878       0xe0 /home/leon/git/swp-report/iMX6_Platform_SDK/output/mx6sdl/lib/libboard_sabre_ai_rev_b.a(uart3_iomux_config.o)
                0x0000000010025878                uart3_iomux_config
 .text          0x0000000010025958       0x78 /home/leon/git/swp-report/iMX6_Platform_SDK/output/mx6sdl/lib/libboard_sabre_ai_rev_b.a(uart4_iomux_config.o)
                0x0000000010025958                uart4_iomux_config
 .text          0x00000000100259d0      0x1ac /home/leon/git/swp-report/iMX6_Platform_SDK/output/mx6sdl/lib/libboard_sabre_ai_rev_b.a(usdhc1_iomux_config.o)
                0x00000000100259d0                usdhc1_iomux_config
 .text          0x0000000010025b7c      0x1d0 /home/leon/git/swp-report/iMX6_Platform_SDK/output/mx6sdl/lib/libboard_sabre_ai_rev_b.a(usdhc3_iomux_config.o)
                0x0000000010025b7c                usdhc3_iomux_config
 .text          0x0000000010025d4c       0x34 /home/leon/git/swp-report/iMX6_Platform_SDK/output/mx6sdl/lib/libboard_sabre_ai_rev_b.a(wdog1_iomux_config.o)
                0x0000000010025d4c                wdog1_iomux_config
 .text          0x0000000010025d80      0x13c /home/leon/git/swp-report/iMX6_Platform_SDK/output/mx6sdl/lib/libboard_sabre_ai_rev_b.a(audmux_iomux_config.o)
                0x0000000010025d80                audmux_iomux_config
 .text          0x0000000010025ebc       0x34 /home/leon/git/swp-report/iMX6_Platform_SDK/output/mx6sdl/lib/libboard_sabre_ai_rev_b.a(ccm_iomux_config.o)
                0x0000000010025ebc                ccm_iomux_config
 .text          0x0000000010025ef0      0x104 /home/leon/git/swp-report/iMX6_Platform_SDK/output/mx6sdl/lib/libboard_sabre_ai_rev_b.a(ecspi1_iomux_config.o)
                0x0000000010025ef0                ecspi1_iomux_config
 .text          0x0000000010025ff4      0x5d0 /home/leon/git/swp-report/iMX6_Platform_SDK/output/mx6sdl/lib/libboard_sabre_ai_rev_b.a(eim_iomux_config.o)
                0x0000000010025ff4                eim_iomux_config
 .text          0x00000000100265c4      0x3bc /home/leon/git/swp-report/iMX6_Platform_SDK/output/mx6sdl/lib/libboard_sabre_ai_rev_b.a(enet_iomux_config.o)
                0x00000000100265c4                enet_iomux_config
 .text          0x0000000010026980      0x218 /home/leon/git/swp-report/iMX6_Platform_SDK/output/mx6sdl/lib/libboard_sabre_ai_rev_b.a(esai_iomux_config.o)
                0x0000000010026980                esai_iomux_config
 .text          0x0000000010026b98       0x68 /home/leon/git/swp-report/iMX6_Platform_SDK/output/mx6sdl/lib/libboard_sabre_ai_rev_b.a(flexcan1_iomux_config.o)
                0x0000000010026b98                flexcan1_iomux_config
 .text          0x0000000010026c00       0x68 /home/leon/git/swp-report/iMX6_Platform_SDK/output/mx6sdl/lib/libboard_sabre_ai_rev_b.a(flexcan2_iomux_config.o)
                0x0000000010026c00                flexcan2_iomux_config
 .text          0x0000000010026c68      0x130 /home/leon/git/swp-report/iMX6_Platform_SDK/output/mx6sdl/lib/libboard_sabre_ai_rev_b.a(gpio1_iomux_config.o)
                0x0000000010026c68                gpio1_iomux_config
 .text          0x0000000010026d98       0xfc /home/leon/git/swp-report/iMX6_Platform_SDK/output/mx6sdl/lib/libboard_sabre_ai_rev_b.a(gpio2_iomux_config.o)
                0x0000000010026d98                gpio2_iomux_config
 .text          0x0000000010026e94       0x58 /home/leon/git/swp-report/iMX6_Platform_SDK/output/mx6sdl/lib/libboard_sabre_ai_rev_b.a(gpio4_iomux_config.o)
                0x0000000010026e94                gpio4_iomux_config
 .text          0x0000000010026eec       0xe4 /home/leon/git/swp-report/iMX6_Platform_SDK/output/mx6sdl/lib/libboard_sabre_ai_rev_b.a(gpio5_iomux_config.o)
                0x0000000010026eec                gpio5_iomux_config
 .text          0x0000000010026fd0       0x54 /home/leon/git/swp-report/iMX6_Platform_SDK/output/mx6sdl/lib/libboard_sabre_ai_rev_b.a(gpio6_iomux_config.o)
                0x0000000010026fd0                gpio6_iomux_config
 .text          0x0000000010027024      0x274 /home/leon/git/swp-report/iMX6_Platform_SDK/output/mx6sdl/lib/libboard_sabre_ai_rev_b.a(gpmi_iomux_config.o)
                0x0000000010027024                gpmi_iomux_config
 .text          0x0000000010027298       0x78 /home/leon/git/swp-report/iMX6_Platform_SDK/output/mx6sdl/lib/libboard_sabre_ai_rev_b.a(i2c2_iomux_config.o)
                0x0000000010027298                i2c2_iomux_config
 .text          0x0000000010027310       0x14 /home/src/arm/target/bin/../arm-none-eabi/lib//libc.a(lib_a-abort.o)
                0x0000000010027310                abort
 .text          0x0000000010027324       0x64 /home/src/arm/target/bin/../arm-none-eabi/lib//libc.a(lib_a-assert.o)
                0x0000000010027324                __assert_func
                0x0000000010027378                __assert
 .text          0x0000000010027388       0x20 /home/src/arm/target/bin/../arm-none-eabi/lib//libc.a(lib_a-bzero.o)
                0x0000000010027388                bzero
 .text          0x00000000100273a8       0x24 /home/src/arm/target/bin/../arm-none-eabi/lib//libc.a(lib_a-calloc.o)
                0x00000000100273a8                calloc
 .text          0x00000000100273cc       0x9c /home/src/arm/target/bin/../arm-none-eabi/lib//libc.a(lib_a-callocr.o)
                0x00000000100273cc                _calloc_r
 .text          0x0000000010027468       0x70 /home/src/arm/target/bin/../arm-none-eabi/lib//libc.a(lib_a-fiprintf.o)
                0x0000000010027468                _fiprintf_r
                0x0000000010027498                fiprintf
 .text          0x00000000100274d8       0x8c /home/src/arm/target/bin/../arm-none-eabi/lib//libc.a(lib_a-fputc.o)
                0x00000000100274d8                _fputc_r
                0x000000001002751c                fputc
 .text          0x0000000010027564        0x0 /home/src/arm/target/bin/../arm-none-eabi/lib//libc.a(lib_a-impure.o)
 .text          0x0000000010027564       0x88 /home/src/arm/target/bin/../arm-none-eabi/lib//libc.a(lib_a-init.o)
                0x0000000010027564                __libc_init_array
 .text          0x00000000100275ec       0x40 /home/src/arm/target/bin/../arm-none-eabi/lib//libc.a(lib_a-malloc.o)
                0x00000000100275ec                malloc
                0x000000001002760c                free
 .text          0x000000001002762c      0x72c /home/src/arm/target/bin/../arm-none-eabi/lib//libc.a(lib_a-mallocr.o)
                0x000000001002762c                _malloc_r
 .text          0x0000000010027d58      0x114 /home/src/arm/target/bin/../arm-none-eabi/lib//libc.a(lib_a-memchr-stub.o)
                0x0000000010027d58                memchr
 .text          0x0000000010027e6c       0xf0 /home/src/arm/target/bin/../arm-none-eabi/lib//libc.a(lib_a-memcpy-stub.o)
                0x0000000010027e6c                memcpy
 .text          0x0000000010027f5c       0xf4 /home/src/arm/target/bin/../arm-none-eabi/lib//libc.a(lib_a-memset.o)
                0x0000000010027f5c                memset
 .text          0x0000000010028050        0x8 /home/src/arm/target/bin/../arm-none-eabi/lib//libc.a(lib_a-mlock.o)
                0x0000000010028050                __malloc_lock
                0x0000000010028054                __malloc_unlock
 .text          0x0000000010028058       0x74 /home/src/arm/target/bin/../arm-none-eabi/lib//libc.a(lib_a-printf.o)
                0x0000000010028058                _printf_r
                0x000000001002808c                printf
 .text          0x00000000100280cc      0x158 /home/src/arm/target/bin/../arm-none-eabi/lib//libc.a(lib_a-putc.o)
                0x00000000100280cc                _putc_r
                0x0000000010028170                putc
 .text          0x0000000010028224       0x24 /home/src/arm/target/bin/../arm-none-eabi/lib//libc.a(lib_a-realloc.o)
                0x0000000010028224                realloc
 .text          0x0000000010028248      0x56c /home/src/arm/target/bin/../arm-none-eabi/lib//libc.a(lib_a-reallocr.o)
                0x0000000010028248                _realloc_r
 .text          0x00000000100287b4      0x134 /home/src/arm/target/bin/../arm-none-eabi/lib//libc.a(lib_a-reent.o)
                0x00000000100287b4                cleanup_glue
                0x00000000100287e0                _reclaim_reent
 .text          0x00000000100288e8       0x70 /home/src/arm/target/bin/../arm-none-eabi/lib//libc.a(lib_a-rget.o)
                0x00000000100288e8                __srget_r
                0x0000000010028944                __srget
 .text          0x0000000010028958       0x44 /home/src/arm/target/bin/../arm-none-eabi/lib//libc.a(lib_a-sbrkr.o)
                0x0000000010028958                _sbrk_r
 .text          0x000000001002899c      0x254 /home/src/arm/target/bin/../arm-none-eabi/lib//libc.a(lib_a-signal.o)
                0x000000001002899c                _init_signal_r
                0x0000000010028a00                _signal_r
                0x0000000010028a74                _raise_r
                0x0000000010028b0c                __sigtramp_r
                0x0000000010028ba0                raise
                0x0000000010028bb4                signal
                0x0000000010028bcc                _init_signal
                0x0000000010028bdc                __sigtramp
 .text          0x0000000010028bf0       0x50 /home/src/arm/target/bin/../arm-none-eabi/lib//libc.a(lib_a-signalr.o)
                0x0000000010028bf0                _kill_r
                0x0000000010028c30                _getpid_r
 .text          0x0000000010028c40       0xdc /home/src/arm/target/bin/../arm-none-eabi/lib//libc.a(lib_a-sprintf.o)
                0x0000000010028c40                _sprintf_r
                0x0000000010028ca8                sprintf
 .text          0x0000000010028d1c       0x60 /home/src/arm/target/bin/../arm-none-eabi/lib//libc.a(lib_a-strlen.o)
                0x0000000010028d1c                strlen
 .text          0x0000000010028d7c       0x8c /home/src/arm/target/bin/../arm-none-eabi/lib//libc.a(lib_a-strncasecmp.o)
                0x0000000010028d7c                strncasecmp
 .text          0x0000000010028e08     0x1d44 /home/src/arm/target/bin/../arm-none-eabi/lib//libc.a(lib_a-svfprintf.o)
                0x0000000010028e08                _svfprintf_r
 .text          0x000000001002ab4c     0x1238 /home/src/arm/target/bin/../arm-none-eabi/lib//libc.a(lib_a-vfiprintf.o)
                0x000000001002abf8                __sprint_r
                0x000000001002ac10                _vfiprintf_r
                0x000000001002bc8c                vfiprintf
 .text          0x000000001002bd84     0x1e98 /home/src/arm/target/bin/../arm-none-eabi/lib//libc.a(lib_a-vfprintf.o)
                0x000000001002bd84                _vfprintf_r
                0x000000001002db24                vfprintf
 .text          0x000000001002dc1c       0x48 /home/src/arm/target/bin/../arm-none-eabi/lib//libc.a(lib_a-vprintf.o)
                0x000000001002dc1c                vprintf
                0x000000001002dc48                _vprintf_r
 .text          0x000000001002dc64      0x13c /home/src/arm/target/bin/../arm-none-eabi/lib//libc.a(lib_a-wbuf.o)
                0x000000001002dc64                __swbuf_r
                0x000000001002dd88                __swbuf
 .text          0x000000001002dda0      0x15c /home/src/arm/target/bin/../arm-none-eabi/lib//libc.a(lib_a-wsetup.o)
                0x000000001002dda0                __swsetup_r
 .text          0x000000001002defc        0x0 /home/src/arm/target/bin/../arm-none-eabi/lib//libc.a(lib_a-ctype_.o)
 *fill*         0x000000001002defc        0x4 
 .text          0x000000001002df00     0x18d8 /home/src/arm/target/bin/../arm-none-eabi/lib//libc.a(lib_a-dtoa.o)
                0x000000001002e0e0                _dtoa_r
 .text          0x000000001002f7d8      0x2d4 /home/src/arm/target/bin/../arm-none-eabi/lib//libc.a(lib_a-fflush.o)
                0x000000001002f7d8                __sflush_r
                0x000000001002fa1c                _fflush_r
                0x000000001002fa70                fflush
 .text          0x000000001002faac      0x354 /home/src/arm/target/bin/../arm-none-eabi/lib//libc.a(lib_a-findfp.o)
                0x000000001002fabc                _cleanup_r
                0x000000001002fad4                __sfmoreglue
                0x000000001002fb24                _cleanup
                0x000000001002fb48                __sinit
                0x000000001002fcb0                __sfp
                0x000000001002fda8                __sfp_lock_acquire
                0x000000001002fdac                __sfp_lock_release
                0x000000001002fdb0                __sinit_lock_acquire
                0x000000001002fdb4                __sinit_lock_release
                0x000000001002fdb8                __fp_lock_all
                0x000000001002fddc                __fp_unlock_all
 .text          0x000000001002fe00      0x188 /home/src/arm/target/bin/../arm-none-eabi/lib//libc.a(lib_a-fputwc.o)
                0x000000001002fe00                _fputwc_r
                0x000000001002ff44                fputwc
 .text          0x000000001002ff88      0x36c /home/src/arm/target/bin/../arm-none-eabi/lib//libc.a(lib_a-freer.o)
                0x000000001002ff88                _malloc_trim_r
                0x0000000010030088                _free_r
 .text          0x00000000100302f4      0x4dc /home/src/arm/target/bin/../arm-none-eabi/lib//libc.a(lib_a-fvwrite.o)
                0x00000000100302f4                __sfvwrite_r
 .text          0x00000000100307d0      0x110 /home/src/arm/target/bin/../arm-none-eabi/lib//libc.a(lib_a-fwalk.o)
                0x00000000100307d0                _fwalk
                0x0000000010030854                _fwalk_reent
 .text          0x00000000100308e0       0xd0 /home/src/arm/target/bin/../arm-none-eabi/lib//libc.a(lib_a-locale.o)
                0x00000000100308e0                _setlocale_r
                0x0000000010030950                __locale_charset
                0x000000001003095c                __locale_mb_cur_max
                0x000000001003096c                __locale_msgcharset
                0x0000000010030978                __locale_cjk_lang
                0x0000000010030980                _localeconv_r
                0x000000001003098c                setlocale
                0x00000000100309a4                localeconv
 .text          0x00000000100309b0      0x174 /home/src/arm/target/bin/../arm-none-eabi/lib//libc.a(lib_a-makebuf.o)
                0x00000000100309b0                __smakebuf_r
 .text          0x0000000010030b24      0x134 /home/src/arm/target/bin/../arm-none-eabi/lib//libc.a(lib_a-memmove.o)
                0x0000000010030b24                memmove
 .text          0x0000000010030c58      0xd30 /home/src/arm/target/bin/../arm-none-eabi/lib//libc.a(lib_a-mprec.o)
                0x0000000010030c58                _Balloc
                0x0000000010030ce4                _Bfree
                0x0000000010030d00                __multadd
                0x0000000010030ddc                __s2b
                0x0000000010030ec4                __hi0bits
                0x0000000010030f20                __lo0bits
                0x0000000010030fb4                __i2b
                0x0000000010030fd8                __multiply
                0x00000000100311c0                __pow5mult
                0x00000000100312c4                __lshift
                0x00000000100313d0                __mcmp
                0x0000000010031430                __mdiff
                0x0000000010031574                __ulp
                0x00000000100315d8                __b2d
                0x00000000100316b0                __d2b
                0x00000000100317bc                __ratio
                0x0000000010031844                _mprec_log10
                0x000000001003189c                __copybits
                0x000000001003190c                __any_on
 .text          0x0000000010031988      0x20c /home/src/arm/target/bin/../arm-none-eabi/lib//libc.a(lib_a-refill.o)
                0x00000000100319b4                __srefill_r
 .text          0x0000000010031b94       0x6c /home/src/arm/target/bin/../arm-none-eabi/lib//libc.a(lib_a-s_fpclassify.o)
                0x0000000010031b94                __fpclassifyd
 .text          0x0000000010031c00       0xd8 /home/src/arm/target/bin/../arm-none-eabi/lib//libc.a(lib_a-stdio.o)
                0x0000000010031c00                __sread
                0x0000000010031c34                __seofread
                0x0000000010031c3c                __swrite
                0x0000000010031c94                __sseek
                0x0000000010031cc4                __sclose
 .text          0x0000000010031cd8      0x230 /home/src/arm/target/bin/../arm-none-eabi/lib//libc.a(lib_a-strcmp.o)
                0x0000000010031cd8                strcmp
 .text          0x0000000010031f08     0x101c /home/src/arm/target/bin/../arm-none-eabi/lib//libc.a(lib_a-svfiprintf.o)
                0x0000000010031f08                __ssprint_r
                0x00000000100320b4                _svfiprintf_r
 .text          0x0000000010032f24      0x128 /home/src/arm/target/bin/../arm-none-eabi/lib//libc.a(lib_a-wcrtomb.o)
                0x0000000010032f24                _wcrtomb_r
                0x0000000010032fb4                wcrtomb
 .text          0x000000001003304c       0x7c /home/src/arm/target/bin/../arm-none-eabi/lib//libc.a(lib_a-wctomb_r.o)
                0x000000001003304c                __ascii_wctomb
                0x0000000010033078                _wctomb_r
 .text          0x00000000100330c8       0x44 /home/src/arm/target/bin/../arm-none-eabi/lib//libc.a(lib_a-writer.o)
                0x00000000100330c8                _write_r
 .text          0x000000001003310c       0x3c /home/src/arm/target/bin/../arm-none-eabi/lib//libc.a(lib_a-closer.o)
                0x000000001003310c                _close_r
 .text          0x0000000010033148      0x104 /home/src/arm/target/bin/../arm-none-eabi/lib//libc.a(lib_a-fclose.o)
                0x0000000010033148                _fclose_r
                0x0000000010033238                fclose
 .text          0x000000001003324c       0x40 /home/src/arm/target/bin/../arm-none-eabi/lib//libc.a(lib_a-fstatr.o)
                0x000000001003324c                _fstat_r
 .text          0x000000001003328c       0x3c /home/src/arm/target/bin/../arm-none-eabi/lib//libc.a(lib_a-isattyr.o)
                0x000000001003328c                _isatty_r
 .text          0x00000000100332c8       0x44 /home/src/arm/target/bin/../arm-none-eabi/lib//libc.a(lib_a-lseekr.o)
                0x00000000100332c8                _lseek_r
 .text          0x000000001003330c       0x44 /home/src/arm/target/bin/../arm-none-eabi/lib//libc.a(lib_a-readr.o)
                0x000000001003330c                _read_r
 .text          0x0000000010033350      0x114 /home/src/arm/target/bin/../lib/gcc/arm-none-eabi/4.8.2//libgcc.a(_udivsi3.o)
                0x0000000010033350                __udivsi3
                0x0000000010033350                __aeabi_uidiv
                0x0000000010033444                __aeabi_uidivmod
 .text          0x0000000010033464      0x148 /home/src/arm/target/bin/../lib/gcc/arm-none-eabi/4.8.2//libgcc.a(_divsi3.o)
                0x0000000010033464                __aeabi_idiv
                0x0000000010033464                __divsi3
                0x000000001003358c                __aeabi_idivmod
 .text          0x00000000100335ac        0x4 /home/src/arm/target/bin/../lib/gcc/arm-none-eabi/4.8.2//libgcc.a(_dvmd_tls.o)
                0x00000000100335ac                __aeabi_ldiv0
                0x00000000100335ac                __aeabi_idiv0
 .text          0x00000000100335b0      0x41c /home/src/arm/target/bin/../lib/gcc/arm-none-eabi/4.8.2//libgcc.a(_arm_addsubdf3.o)
                0x00000000100335b0                __aeabi_drsub
                0x00000000100335b8                __aeabi_dsub
                0x00000000100335b8                __subdf3
                0x00000000100335bc                __adddf3
                0x00000000100335bc                __aeabi_dadd
                0x00000000100338cc                __aeabi_ui2d
                0x00000000100338cc                __floatunsidf
                0x00000000100338f0                __floatsidf
                0x00000000100338f0                __aeabi_i2d
                0x0000000010033918                __extendsfdf2
                0x0000000010033918                __aeabi_f2d
                0x0000000010033958                __aeabi_ul2d
                0x0000000010033958                __floatundidf
                0x000000001003396c                __floatdidf
                0x000000001003396c                __aeabi_l2d
 .text          0x00000000100339cc      0x49c /home/src/arm/target/bin/../lib/gcc/arm-none-eabi/4.8.2//libgcc.a(_arm_muldivdf3.o)
                0x00000000100339cc                __aeabi_dmul
                0x00000000100339cc                __muldf3
                0x0000000010033c5c                __aeabi_ddiv
                0x0000000010033c5c                __divdf3
 .text          0x0000000010033e68      0x144 /home/src/arm/target/bin/../lib/gcc/arm-none-eabi/4.8.2//libgcc.a(_arm_cmpdf2.o)
                0x0000000010033e68                __gtdf2
                0x0000000010033e68                __gedf2
                0x0000000010033e70                __ltdf2
                0x0000000010033e70                __ledf2
                0x0000000010033e78                __cmpdf2
                0x0000000010033e78                __eqdf2
                0x0000000010033e78                __nedf2
                0x0000000010033f00                __aeabi_cdrcmple
                0x0000000010033f1c                __aeabi_cdcmple
                0x0000000010033f1c                __aeabi_cdcmpeq
                0x0000000010033f34                __aeabi_dcmpeq
                0x0000000010033f4c                __aeabi_dcmplt
                0x0000000010033f64                __aeabi_dcmple
                0x0000000010033f7c                __aeabi_dcmpge
                0x0000000010033f94                __aeabi_dcmpgt
 .text          0x0000000010033fac       0x5c /home/src/arm/target/bin/../lib/gcc/arm-none-eabi/4.8.2//libgcc.a(_arm_fixdfsi.o)
                0x0000000010033fac                __fixdfsi
                0x0000000010033fac                __aeabi_d2iz
 .text          0x0000000010034008       0x3c /home/src/arm/target/bin/../lib/gcc/arm-none-eabi/4.8.2//libgcc.a(_aeabi_uldivmod.o)
                0x0000000010034008                __aeabi_uldivmod
 .text          0x0000000010034044       0x84 /home/src/arm/target/bin/../lib/gcc/arm-none-eabi/4.8.2//libgcc.a(bpabi.o)
                0x0000000010034044                __gnu_ldivmod_helper
                0x0000000010034088                __gnu_uldivmod_helper
 .text          0x00000000100340c8      0x4d0 /home/src/arm/target/bin/../lib/gcc/arm-none-eabi/4.8.2//libgcc.a(_divdi3.o)
                0x00000000100340c8                __divdi3
 .text          0x0000000010034598      0x470 /home/src/arm/target/bin/../lib/gcc/arm-none-eabi/4.8.2//libgcc.a(_udivdi3.o)
                0x0000000010034598                __udivdi3
 .text          0x0000000010034a08       0x48 /home/src/arm/target/bin/../lib/gcc/arm-none-eabi/4.8.2//libgcc.a(_clzsi2.o)
                0x0000000010034a08                __clzsi2
 .text          0x0000000010034a50      0x264 /home/leon/git/swp-report/iMX6_Platform_SDK/output/mx6sdl/lib/libsdk.a(max7310.o)
                0x0000000010034a50                max7310_reg_read
                0x0000000010034ab4                max7310_reg_write
                0x0000000010034b20                max7310_init
                0x0000000010034c00                max7310_set_gpio_output
 .text          0x0000000010034cb4     0x1308 /home/leon/git/swp-report/iMX6_Platform_SDK/output/mx6sdl/lib/libsdk.a(gpio.o)
                0x0000000010034ce4                gpio_get_port_count
                0x0000000010034cfc                gpio_set_gpio
                0x0000000010034dc0                gpio_set_direction
                0x000000001003501c                gpio_get_direction
                0x0000000010035164                gpio_set_level
                0x00000000100354a4                gpio_get_level
                0x0000000010035604                gpio_set_interrupt_config
                0x0000000010035a08                gpio_set_interrupt_mask
                0x0000000010035c4c                gpio_get_interrupt_status
                0x0000000010035da8                gpio_clear_interrupt
 .text          0x0000000010035fbc        0x0 /home/leon/git/swp-report/iMX6_Platform_SDK/output/mx6sdl/lib/libsdk.a(imx6sdl_gpio_map.o)
 .text          0x0000000010035fbc     0x1774 /home/leon/git/swp-report/iMX6_Platform_SDK/output/mx6sdl/lib/libsdk.a(imx_i2c.o)
                0x0000000010035fec                i2c_get_request_instance
                0x0000000010036a44                i2c_xfer
                0x000000001003715c                i2c_read
                0x000000001003718c                i2c_write
                0x00000000100371bc                i2c_setup_interrupt
                0x0000000010037428                i2c_init
 .text          0x0000000010037730       0x80 /home/leon/git/swp-report/iMX6_Platform_SDK/output/mx6sdl/lib/libboard_sabre_ai_rev_b.a(i2c_iomux_config.o)
                0x0000000010037730                i2c_iomux_config
 *(.glue_7t)
 .glue_7t       0x0000000000000000        0x0 linker stubs
 *(.glue_7)
 .glue_7        0x0000000000000000        0x0 linker stubs
 *(.vfp11_veneer)
 .vfp11_veneer  0x0000000000000000        0x0 linker stubs
 *(.ARM.extab* .gnu.linkonce.armextab.*)
 .ARM.extab.startup
                0x00000000100377b0        0x0 /home/leon/git/swp-report/iMX6_Platform_SDK/output/mx6sdl/lib/libsdk.a(startup.o)
 .ARM.extab     0x00000000100377b0        0x0 /home/src/arm/target/bin/../lib/gcc/arm-none-eabi/4.8.2//libgcc.a(_divdi3.o)
 .ARM.extab     0x00000000100377b0        0x0 /home/src/arm/target/bin/../lib/gcc/arm-none-eabi/4.8.2//libgcc.a(_udivdi3.o)
 *(.gcc_except_table)

.v4_bx          0x00000000100377b0        0x0
 .v4_bx         0x0000000000000000        0x0 linker stubs

.iplt           0x00000000100377b0        0x0
 .iplt          0x0000000000000000        0x0 /home/src/arm/target/bin/../lib/gcc/arm-none-eabi/4.8.2//crtbegin.o

.ctors
 *crtbegin.o(.ctors)
 *crtbegin?.o(.ctors)
 *(EXCLUDE_FILE(*crtend?.o *crtend.o) .ctors)
 *(SORT(.ctors.*))
 *(.ctors)

.dtors
 *crtbegin.o(.dtors)
 *crtbegin?.o(.dtors)
 *(EXCLUDE_FILE(*crtend?.o *crtend.o) .dtors)
 *(SORT(.dtors.*))
 *(.dtors)

.rodata         0x00000000100377b0     0x216c
 *(.rodata .rodata.* .gnu.linkonce.r.*)
 .rodata        0x00000000100377b0       0x9c /home/leon/git/swp-report/iMX6_Platform_SDK/output/mx6sdl/filesystem/sabre_ai_rev_b/obj/apps/common/print_clock_info.o
 .rodata        0x000000001003784c      0x100 /home/leon/git/swp-report/iMX6_Platform_SDK/output/mx6sdl/filesystem/sabre_ai_rev_b/obj/apps/common/print_version.o
 .rodata        0x000000001003794c      0x284 /home/leon/git/swp-report/iMX6_Platform_SDK/output/mx6sdl/filesystem/sabre_ai_rev_b/obj/apps/filesystem/src/fs_test.o
 .rodata        0x0000000010037bd0       0x34 /home/leon/git/swp-report/iMX6_Platform_SDK/output/mx6sdl/lib/libsdk.a(base.o)
 .rodata        0x0000000010037c04      0x270 /home/leon/git/swp-report/iMX6_Platform_SDK/output/mx6sdl/lib/libsdk.a(cache_wrappers.o)
 .rodata        0x0000000010037e74       0x58 /home/leon/git/swp-report/iMX6_Platform_SDK/output/mx6sdl/lib/libsdk.a(fatapi.o)
 .rodata        0x0000000010037ecc       0x10 /home/leon/git/swp-report/iMX6_Platform_SDK/output/mx6sdl/lib/libsdk.a(fs_fat_memory.o)
                0x0000000010037ecc                maxcaches
                0x0000000010037ed0                maxdevices
                0x0000000010037ed4                maxhandles
                0x0000000010037ed8                DriveLetter
 .rodata        0x0000000010037edc       0x40 /home/leon/git/swp-report/iMX6_Platform_SDK/output/mx6sdl/lib/libsdk.a(fs_steering.o)
                0x0000000010037edc                pRedirectFclose
                0x0000000010037ee8                pRedirectFwrite
                0x0000000010037ef4                pRedirectFseek
                0x0000000010037f00                pRedirectFread
 .rodata        0x0000000010037f1c       0x14 /home/leon/git/swp-report/iMX6_Platform_SDK/output/mx6sdl/lib/libsdk.a(fsunicode.o)
                0x0000000010037f1c                Long_NameRes_Ch
                0x0000000010037f28                Short_NameRes_Ch
 .rodata        0x0000000010037f30      0x10c /home/leon/git/swp-report/iMX6_Platform_SDK/output/mx6sdl/lib/libsdk.a(handle.o)
 .rodata        0x000000001003803c       0x34 /home/leon/git/swp-report/iMX6_Platform_SDK/output/mx6sdl/lib/libsdk.a(ccm_pll.o)
                0x000000001003803c                PLL1_OUTPUT
                0x0000000010038040                PLL2_OUTPUT
                0x0000000010038054                PLL3_OUTPUT
                0x0000000010038068                PLL4_OUTPUT
                0x000000001003806c                PLL5_OUTPUT
 .rodata        0x0000000010038070       0x64 /home/leon/git/swp-report/iMX6_Platform_SDK/output/mx6sdl/lib/libsdk.a(gic.o)
 .rodata        0x00000000100380d4       0x20 /home/leon/git/swp-report/iMX6_Platform_SDK/output/mx6sdl/lib/libsdk.a(runtime_support.o)
 .rodata        0x00000000100380f4       0x50 /home/leon/git/swp-report/iMX6_Platform_SDK/output/mx6sdl/lib/libsdk.a(sdk_version.o)
                0x00000000100380f4                k_sdk_version
                0x00000000100380f8                k_sdk_copyright
 .rodata        0x0000000010038144       0xcc /home/leon/git/swp-report/iMX6_Platform_SDK/output/mx6sdl/lib/libsdk.a(system_util.o)
 .rodata        0x0000000010038210       0xf4 /home/leon/git/swp-report/iMX6_Platform_SDK/output/mx6sdl/lib/libsdk.a(text_color.o)
                0x0000000010038218                g_TextAttributeDefault
                0x0000000010038224                g_TextAttributeBold
                0x0000000010038230                g_TextAttributeDim
                0x000000001003823c                g_TextAttributeUnderline
                0x0000000010038248                g_TextAttributeBlink
                0x0000000010038254                g_TextAttributeReverse
                0x0000000010038260                g_TextAttributeHidden
                0x000000001003826c                g_TextColorBlack
                0x0000000010038278                g_TextColorRed
                0x0000000010038284                g_TextColorGreen
                0x0000000010038290                g_TextColorYellow
                0x000000001003829c                g_TextColorBlue
                0x00000000100382a8                g_TextColorMagenta
                0x00000000100382b4                g_TextColorCyan
                0x00000000100382c0                g_TextColorWhite
                0x00000000100382d0                g_TextColorOrange
                0x00000000100382e0                g_TextColorLightBlue
                0x00000000100382f0                g_TextColorGray
                0x0000000010038300                g_TextColorPurple
 .rodata        0x0000000010038304      0x1f8 /home/leon/git/swp-report/iMX6_Platform_SDK/output/mx6sdl/lib/libsdk.a(board_id.o)
 .rodata        0x00000000100384fc      0x1cc /home/leon/git/swp-report/iMX6_Platform_SDK/output/mx6sdl/lib/libsdk.a(usdhc.o)
 .rodata        0x00000000100386c8       0x1c /home/leon/git/swp-report/iMX6_Platform_SDK/output/mx6sdl/lib/libsdk.a(usdhc_host.o)
 .rodata        0x00000000100386e4      0x20c /home/leon/git/swp-report/iMX6_Platform_SDK/output/mx6sdl/lib/libsdk.a(usdhc_mmc.o)
 .rodata        0x00000000100388f0       0x58 /home/leon/git/swp-report/iMX6_Platform_SDK/output/mx6sdl/lib/libsdk.a(usdhc_sd.o)
                0x00000000100388f0                sd_ocr_value
                0x00000000100388fc                sd_if_cmd_arg
 .rodata        0x0000000010038948       0x20 /home/leon/git/swp-report/iMX6_Platform_SDK/output/mx6sdl/lib/libsdk.a(interrupt.o)
 .rodata        0x0000000010038968      0x154 /home/leon/git/swp-report/iMX6_Platform_SDK/output/mx6sdl/lib/libsdk.a(menu.o)
 .rodata        0x0000000010038abc      0x230 /home/leon/git/swp-report/iMX6_Platform_SDK/output/mx6sdl/lib/libsdk.a(abort_handler.o)
 .rodata        0x0000000010038cec       0x80 /home/leon/git/swp-report/iMX6_Platform_SDK/output/mx6sdl/lib/libboard_sabre_ai_rev_b.a(uart_iomux_config.o)
 .rodata        0x0000000010038d6c       0x80 /home/leon/git/swp-report/iMX6_Platform_SDK/output/mx6sdl/lib/libboard_sabre_ai_rev_b.a(usdhc_iomux_config.o)
 .rodata.str1.4
                0x0000000010038dec       0x3f /home/src/arm/target/bin/../arm-none-eabi/lib//libc.a(lib_a-assert.o)
                                         0x44 (size before relaxing)
 *fill*         0x0000000010038e2b        0x1 
 .rodata        0x0000000010038e2c        0x4 /home/src/arm/target/bin/../arm-none-eabi/lib//libc.a(lib_a-impure.o)
                0x0000000010038e2c                _global_impure_ptr
 .rodata.str1.4
                0x0000000010038e30        0x2 /home/src/arm/target/bin/../arm-none-eabi/lib//libc.a(lib_a-impure.o)
                                          0x4 (size before relaxing)
 *fill*         0x0000000010038e32        0x2 
 .rodata        0x0000000010038e34       0x20 /home/src/arm/target/bin/../arm-none-eabi/lib//libc.a(lib_a-svfprintf.o)
 .rodata.str1.4
                0x0000000010038e54       0x42 /home/src/arm/target/bin/../arm-none-eabi/lib//libc.a(lib_a-svfprintf.o)
                                         0x44 (size before relaxing)
 *fill*         0x0000000010038e96        0x2 
 .rodata        0x0000000010038e98       0x20 /home/src/arm/target/bin/../arm-none-eabi/lib//libc.a(lib_a-vfiprintf.o)
 .rodata.str1.4
                0x0000000000000000       0x30 /home/src/arm/target/bin/../arm-none-eabi/lib//libc.a(lib_a-vfiprintf.o)
 .rodata        0x0000000010038eb8       0x20 /home/src/arm/target/bin/../arm-none-eabi/lib//libc.a(lib_a-vfprintf.o)
 .rodata.str1.4
                0x0000000000000000       0x44 /home/src/arm/target/bin/../arm-none-eabi/lib//libc.a(lib_a-vfprintf.o)
 .rodata        0x0000000010038ed8      0x104 /home/src/arm/target/bin/../arm-none-eabi/lib//libc.a(lib_a-ctype_.o)
                0x0000000010038ed8                _ctype_
 .rodata.str1.4
                0x0000000010038fdc       0x10 /home/src/arm/target/bin/../arm-none-eabi/lib//libc.a(lib_a-dtoa.o)
                                         0x14 (size before relaxing)
 .rodata.str1.4
                0x0000000010038fec        0xc /home/src/arm/target/bin/../arm-none-eabi/lib//libc.a(lib_a-locale.o)
                                         0x14 (size before relaxing)
 .rodata        0x0000000010038ff8      0x128 /home/src/arm/target/bin/../arm-none-eabi/lib//libc.a(lib_a-mprec.o)
                0x0000000010039008                __mprec_tens
                0x00000000100390d0                __mprec_tinytens
                0x00000000100390f8                __mprec_bigtens
 .rodata        0x0000000010039120       0x20 /home/src/arm/target/bin/../arm-none-eabi/lib//libc.a(lib_a-svfiprintf.o)
 .rodata.str1.4
                0x0000000000000000       0x30 /home/src/arm/target/bin/../arm-none-eabi/lib//libc.a(lib_a-svfiprintf.o)
 .rodata        0x0000000010039140       0xe0 /home/leon/git/swp-report/iMX6_Platform_SDK/output/mx6sdl/lib/libsdk.a(gpio.o)
 .rodata        0x0000000010039220      0x380 /home/leon/git/swp-report/iMX6_Platform_SDK/output/mx6sdl/lib/libsdk.a(imx6sdl_gpio_map.o)
                0x0000000010039220                k_gpio_mux_registers
 .rodata        0x00000000100395a0      0x2c4 /home/leon/git/swp-report/iMX6_Platform_SDK/output/mx6sdl/lib/libsdk.a(imx_i2c.o)
 .rodata        0x0000000010039864       0x80 /home/leon/git/swp-report/iMX6_Platform_SDK/output/mx6sdl/lib/libboard_sabre_ai_rev_b.a(i2c_iomux_config.o)
                0x00000000100398e4                . = ALIGN (0x4)
 *(.init)
 .init          0x00000000100398e4        0xc /home/src/arm/target/bin/../lib/gcc/arm-none-eabi/4.8.2//crti.o
                0x00000000100398e4                _init
 .init          0x00000000100398f0        0xc /home/src/arm/target/bin/../lib/gcc/arm-none-eabi/4.8.2//crtn.o
                0x00000000100398fc                . = ALIGN (0x4)
                0x00000000100398fc                __init_array_start = .
 *(SORT(.init_array.*))
 *(.init_array)
 .init_array    0x00000000100398fc        0x4 /home/src/arm/target/bin/../lib/gcc/arm-none-eabi/4.8.2//crtbegin.o
                0x0000000010039900                __init_array_end = .
                0x0000000010039900                . = ALIGN (0x4)
 *(.fini)
 .fini          0x0000000010039900        0xc /home/src/arm/target/bin/../lib/gcc/arm-none-eabi/4.8.2//crti.o
                0x0000000010039900                _fini
 .fini          0x000000001003990c        0xc /home/src/arm/target/bin/../lib/gcc/arm-none-eabi/4.8.2//crtn.o
                0x0000000010039918                . = ALIGN (0x4)
                0x0000000010039918                __fini_array_start = .
 *(.fini_array)
 .fini_array    0x0000000010039918        0x4 /home/src/arm/target/bin/../lib/gcc/arm-none-eabi/4.8.2//crtbegin.o
 *(SORT(.fini_array.*))
                0x000000001003991c                __fini_array_end = .
                0x000000001003991c                PROVIDE (__exidx_start, .)

.eh_frame       0x000000001003991c        0x4
 .eh_frame      0x000000001003991c        0x0 /home/src/arm/target/bin/../lib/gcc/arm-none-eabi/4.8.2//crtbegin.o
 .eh_frame      0x000000001003991c        0x4 /home/src/arm/target/bin/../lib/gcc/arm-none-eabi/4.8.2//crtend.o

.ARM.exidx      0x0000000010039920        0x8
 *(.ARM.exidx* .gnu.linkonce.armexidx.*)
 .ARM.exidx.startup
                0x0000000010039920        0x8 /home/leon/git/swp-report/iMX6_Platform_SDK/output/mx6sdl/lib/libsdk.a(startup.o)
 .ARM.exidx     0x0000000010039928        0x0 /home/src/arm/target/bin/../lib/gcc/arm-none-eabi/4.8.2//libgcc.a(_divdi3.o)
                                          0x8 (size before relaxing)
 .ARM.exidx     0x0000000010039928        0x0 /home/src/arm/target/bin/../lib/gcc/arm-none-eabi/4.8.2//libgcc.a(_udivdi3.o)
                                          0x8 (size before relaxing)
                0x0000000010039928                PROVIDE (__exidx_end, .)

.rel.dyn        0x0000000010039928        0x0
 .rel.iplt      0x0000000000000000        0x0 /home/src/arm/target/bin/../lib/gcc/arm-none-eabi/4.8.2//crtbegin.o

.data           0x0000000010039928      0xa6c
 *(.data .data.* .gnu.linkonce.d.*)
 .data          0x0000000010039928        0x4 /home/src/arm/target/bin/../lib/gcc/arm-none-eabi/4.8.2//crtbegin.o
                0x0000000010039928                __dso_handle
 .data          0x000000001003992c        0x0 /home/src/arm/target/bin/../lib/gcc/arm-none-eabi/4.8.2//crti.o
 .data          0x000000001003992c        0x0 /home/src/arm/target/bin/../lib/gcc/arm-none-eabi/4.8.2//crtend.o
 .data          0x000000001003992c        0x0 /home/src/arm/target/bin/../lib/gcc/arm-none-eabi/4.8.2//crtn.o
 .data          0x000000001003992c        0x0 /home/leon/git/swp-report/iMX6_Platform_SDK/output/mx6sdl/filesystem/sabre_ai_rev_b/obj/apps/common/ivt.o
 .data          0x000000001003992c        0x0 /home/leon/git/swp-report/iMX6_Platform_SDK/output/mx6sdl/filesystem/sabre_ai_rev_b/obj/apps/common/platform_init.o
 .data          0x000000001003992c        0x0 /home/leon/git/swp-report/iMX6_Platform_SDK/output/mx6sdl/filesystem/sabre_ai_rev_b/obj/apps/common/print_clock_info.o
 .data          0x000000001003992c        0x0 /home/leon/git/swp-report/iMX6_Platform_SDK/output/mx6sdl/filesystem/sabre_ai_rev_b/obj/apps/common/print_version.o
 .data          0x000000001003992c      0x128 /home/leon/git/swp-report/iMX6_Platform_SDK/output/mx6sdl/filesystem/sabre_ai_rev_b/obj/apps/filesystem/src/fs_test.o
                0x000000001003992c                test_mode
                0x000000001003993c                status_tag
                0x0000000010039944                rw_test_data
                0x0000000010039a34                readfile
                0x0000000010039a40                writefile
                0x0000000010039a50                epit_instance
 .data          0x0000000010039a54        0x0 /home/leon/git/swp-report/iMX6_Platform_SDK/output/mx6sdl/lib/libsdk.a(base.o)
 .data          0x0000000010039a54        0x8 /home/leon/git/swp-report/iMX6_Platform_SDK/output/mx6sdl/lib/libsdk.a(cache_wrappers.o)
                0x0000000010039a54                g_usdhc_instance
                0x0000000010039a58                cache_line
 .data          0x0000000010039a5c        0x0 /home/leon/git/swp-report/iMX6_Platform_SDK/output/mx6sdl/lib/libsdk.a(chdir.o)
 .data          0x0000000010039a5c        0x0 /home/leon/git/swp-report/iMX6_Platform_SDK/output/mx6sdl/lib/libsdk.a(directories.o)
 .data          0x0000000010039a5c        0x0 /home/leon/git/swp-report/iMX6_Platform_SDK/output/mx6sdl/lib/libsdk.a(fatapi.o)
 .data          0x0000000010039a5c        0x0 /home/leon/git/swp-report/iMX6_Platform_SDK/output/mx6sdl/lib/libsdk.a(findnextsector.o)
 .data          0x0000000010039a5c        0x0 /home/leon/git/swp-report/iMX6_Platform_SDK/output/mx6sdl/lib/libsdk.a(fopen.o)
 .data          0x0000000010039a5c        0x0 /home/leon/git/swp-report/iMX6_Platform_SDK/output/mx6sdl/lib/libsdk.a(fs_fat_memory.o)
 .data          0x0000000010039a5c        0x0 /home/leon/git/swp-report/iMX6_Platform_SDK/output/mx6sdl/lib/libsdk.a(fs_steering.o)
 .data          0x0000000010039a5c        0x0 /home/leon/git/swp-report/iMX6_Platform_SDK/output/mx6sdl/lib/libsdk.a(fsinit.o)
 .data          0x0000000010039a5c        0x0 /home/leon/git/swp-report/iMX6_Platform_SDK/output/mx6sdl/lib/libsdk.a(fsunicode.o)
 .data          0x0000000010039a5c        0x0 /home/leon/git/swp-report/iMX6_Platform_SDK/output/mx6sdl/lib/libsdk.a(handle.o)
 .data          0x0000000010039a5c        0x0 /home/leon/git/swp-report/iMX6_Platform_SDK/output/mx6sdl/lib/libsdk.a(longfilename.o)
 .data          0x0000000010039a5c        0x0 /home/leon/git/swp-report/iMX6_Platform_SDK/output/mx6sdl/lib/libsdk.a(readdevicerecord.o)
 .data          0x0000000010039a5c        0x0 /home/leon/git/swp-report/iMX6_Platform_SDK/output/mx6sdl/lib/libsdk.a(reentrant_section.o)
 .data          0x0000000010039a5c        0x0 /home/leon/git/swp-report/iMX6_Platform_SDK/output/mx6sdl/lib/libsdk.a(standardapi.o)
 .data          0x0000000010039a5c        0x0 /home/leon/git/swp-report/iMX6_Platform_SDK/output/mx6sdl/lib/libsdk.a(string_utilities.o)
 .data          0x0000000010039a5c        0x0 /home/leon/git/swp-report/iMX6_Platform_SDK/output/mx6sdl/lib/libsdk.a(armv7_cache.o)
 .data          0x0000000010039a5c        0x0 /home/leon/git/swp-report/iMX6_Platform_SDK/output/mx6sdl/lib/libsdk.a(ccm_pll.o)
 .data          0x0000000010039a5c        0x0 /home/leon/git/swp-report/iMX6_Platform_SDK/output/mx6sdl/lib/libsdk.a(cortexA9.o)
 .data          0x0000000010039a5c        0x0 /home/leon/git/swp-report/iMX6_Platform_SDK/output/mx6sdl/lib/libsdk.a(gic.o)
 .data          0x0000000010039a5c        0x0 /home/leon/git/swp-report/iMX6_Platform_SDK/output/mx6sdl/lib/libsdk.a(mmu.o)
 .data          0x0000000010039a5c        0x0 /home/leon/git/swp-report/iMX6_Platform_SDK/output/mx6sdl/lib/libsdk.a(startup.o)
 .data          0x0000000010039a5c        0x0 /home/leon/git/swp-report/iMX6_Platform_SDK/output/mx6sdl/lib/libsdk.a(vectors.o)
 .data          0x0000000010039a5c        0x4 /home/leon/git/swp-report/iMX6_Platform_SDK/output/mx6sdl/lib/libsdk.a(runtime_support.o)
                0x0000000010039a5c                environ
 .data          0x0000000010039a60        0x0 /home/leon/git/swp-report/iMX6_Platform_SDK/output/mx6sdl/lib/libsdk.a(sdk_version.o)
 .data          0x0000000010039a60        0x0 /home/leon/git/swp-report/iMX6_Platform_SDK/output/mx6sdl/lib/libsdk.a(system_util.o)
 .data          0x0000000010039a60        0x4 /home/leon/git/swp-report/iMX6_Platform_SDK/output/mx6sdl/lib/libsdk.a(text_color.o)
                0x0000000010039a60                is_color_supported
 .data          0x0000000010039a64        0x0 /home/leon/git/swp-report/iMX6_Platform_SDK/output/mx6sdl/lib/libsdk.a(board_id.o)
 .data          0x0000000010039a64        0x0 /home/leon/git/swp-report/iMX6_Platform_SDK/output/mx6sdl/lib/libsdk.a(epit.o)
 .data          0x0000000010039a64        0x0 /home/leon/git/swp-report/iMX6_Platform_SDK/output/mx6sdl/lib/libsdk.a(timer.o)
 .data          0x0000000010039a64        0x0 /home/leon/git/swp-report/iMX6_Platform_SDK/output/mx6sdl/lib/libsdk.a(imx_uart.o)
 .data          0x0000000010039a64       0x58 /home/leon/git/swp-report/iMX6_Platform_SDK/output/mx6sdl/lib/libsdk.a(usdhc.o)
                0x0000000010039a64                usdhc_device
                0x0000000010039ab4                card_detect_test_en
                0x0000000010039ab8                write_protect_test_en
 .data          0x0000000010039abc        0x0 /home/leon/git/swp-report/iMX6_Platform_SDK/output/mx6sdl/lib/libsdk.a(usdhc_host.o)
 .data          0x0000000010039abc        0x4 /home/leon/git/swp-report/iMX6_Platform_SDK/output/mx6sdl/lib/libsdk.a(usdhc_mmc.o)
 .data          0x0000000010039ac0        0x0 /home/leon/git/swp-report/iMX6_Platform_SDK/output/mx6sdl/lib/libsdk.a(usdhc_sd.o)
 .data          0x0000000010039ac0        0x4 /home/leon/git/swp-report/iMX6_Platform_SDK/output/mx6sdl/lib/libsdk.a(arm_abort.o)
 .data          0x0000000010039ac4        0x0 /home/leon/git/swp-report/iMX6_Platform_SDK/output/mx6sdl/lib/libsdk.a(interrupt.o)
 .data          0x0000000010039ac4        0x4 /home/leon/git/swp-report/iMX6_Platform_SDK/output/mx6sdl/lib/libsdk.a(menu.o)
 .data          0x0000000010039ac8        0x0 /home/leon/git/swp-report/iMX6_Platform_SDK/output/mx6sdl/lib/libsdk.a(abort_handler.o)
 .data          0x0000000010039ac8        0x0 /home/leon/git/swp-report/iMX6_Platform_SDK/output/mx6sdl/lib/libboard_sabre_ai_rev_b.a(board_io_expanders.o)
 .data          0x0000000010039ac8        0x0 /home/leon/git/swp-report/iMX6_Platform_SDK/output/mx6sdl/lib/libboard_sabre_ai_rev_b.a(board_usdhc.o)
 .data          0x0000000010039ac8        0x8 /home/leon/git/swp-report/iMX6_Platform_SDK/output/mx6sdl/lib/libboard_sabre_ai_rev_b.a(hardware_modules.o)
                0x0000000010039ac8                g_debug_uart_port
                0x0000000010039acc                g_system_timer_port
 .data          0x0000000010039ad0        0x0 /home/leon/git/swp-report/iMX6_Platform_SDK/output/mx6sdl/lib/libboard_sabre_ai_rev_b.a(dcd.o)
 .data          0x0000000010039ad0        0x0 /home/leon/git/swp-report/iMX6_Platform_SDK/output/mx6sdl/lib/libboard_sabre_ai_rev_b.a(i2c3_iomux_config.o)
 .data          0x0000000010039ad0        0x0 /home/leon/git/swp-report/iMX6_Platform_SDK/output/mx6sdl/lib/libboard_sabre_ai_rev_b.a(uart_iomux_config.o)
 .data          0x0000000010039ad0        0x0 /home/leon/git/swp-report/iMX6_Platform_SDK/output/mx6sdl/lib/libboard_sabre_ai_rev_b.a(usdhc_iomux_config.o)
 .data          0x0000000010039ad0        0x0 /home/leon/git/swp-report/iMX6_Platform_SDK/output/mx6sdl/lib/libboard_sabre_ai_rev_b.a(iomux_config.o)
 .data          0x0000000010039ad0        0x0 /home/leon/git/swp-report/iMX6_Platform_SDK/output/mx6sdl/lib/libboard_sabre_ai_rev_b.a(ipu1_iomux_config.o)
 .data          0x0000000010039ad0        0x0 /home/leon/git/swp-report/iMX6_Platform_SDK/output/mx6sdl/lib/libboard_sabre_ai_rev_b.a(mlb_iomux_config.o)
 .data          0x0000000010039ad0        0x0 /home/leon/git/swp-report/iMX6_Platform_SDK/output/mx6sdl/lib/libboard_sabre_ai_rev_b.a(mmdc_iomux_config.o)
 .data          0x0000000010039ad0        0x0 /home/leon/git/swp-report/iMX6_Platform_SDK/output/mx6sdl/lib/libboard_sabre_ai_rev_b.a(pwm3_iomux_config.o)
 .data          0x0000000010039ad0        0x0 /home/leon/git/swp-report/iMX6_Platform_SDK/output/mx6sdl/lib/libboard_sabre_ai_rev_b.a(pwm4_iomux_config.o)
 .data          0x0000000010039ad0        0x0 /home/leon/git/swp-report/iMX6_Platform_SDK/output/mx6sdl/lib/libboard_sabre_ai_rev_b.a(sjc_iomux_config.o)
 .data          0x0000000010039ad0        0x0 /home/leon/git/swp-report/iMX6_Platform_SDK/output/mx6sdl/lib/libboard_sabre_ai_rev_b.a(spdif_iomux_config.o)
 .data          0x0000000010039ad0        0x0 /home/leon/git/swp-report/iMX6_Platform_SDK/output/mx6sdl/lib/libboard_sabre_ai_rev_b.a(uart2_iomux_config.o)
 .data          0x0000000010039ad0        0x0 /home/leon/git/swp-report/iMX6_Platform_SDK/output/mx6sdl/lib/libboard_sabre_ai_rev_b.a(uart3_iomux_config.o)
 .data          0x0000000010039ad0        0x0 /home/leon/git/swp-report/iMX6_Platform_SDK/output/mx6sdl/lib/libboard_sabre_ai_rev_b.a(uart4_iomux_config.o)
 .data          0x0000000010039ad0        0x0 /home/leon/git/swp-report/iMX6_Platform_SDK/output/mx6sdl/lib/libboard_sabre_ai_rev_b.a(usdhc1_iomux_config.o)
 .data          0x0000000010039ad0        0x0 /home/leon/git/swp-report/iMX6_Platform_SDK/output/mx6sdl/lib/libboard_sabre_ai_rev_b.a(usdhc3_iomux_config.o)
 .data          0x0000000010039ad0        0x0 /home/leon/git/swp-report/iMX6_Platform_SDK/output/mx6sdl/lib/libboard_sabre_ai_rev_b.a(wdog1_iomux_config.o)
 .data          0x0000000010039ad0        0x0 /home/leon/git/swp-report/iMX6_Platform_SDK/output/mx6sdl/lib/libboard_sabre_ai_rev_b.a(audmux_iomux_config.o)
 .data          0x0000000010039ad0        0x0 /home/leon/git/swp-report/iMX6_Platform_SDK/output/mx6sdl/lib/libboard_sabre_ai_rev_b.a(ccm_iomux_config.o)
 .data          0x0000000010039ad0        0x0 /home/leon/git/swp-report/iMX6_Platform_SDK/output/mx6sdl/lib/libboard_sabre_ai_rev_b.a(ecspi1_iomux_config.o)
 .data          0x0000000010039ad0        0x0 /home/leon/git/swp-report/iMX6_Platform_SDK/output/mx6sdl/lib/libboard_sabre_ai_rev_b.a(eim_iomux_config.o)
 .data          0x0000000010039ad0        0x0 /home/leon/git/swp-report/iMX6_Platform_SDK/output/mx6sdl/lib/libboard_sabre_ai_rev_b.a(enet_iomux_config.o)
 .data          0x0000000010039ad0        0x0 /home/leon/git/swp-report/iMX6_Platform_SDK/output/mx6sdl/lib/libboard_sabre_ai_rev_b.a(esai_iomux_config.o)
 .data          0x0000000010039ad0        0x0 /home/leon/git/swp-report/iMX6_Platform_SDK/output/mx6sdl/lib/libboard_sabre_ai_rev_b.a(flexcan1_iomux_config.o)
 .data          0x0000000010039ad0        0x0 /home/leon/git/swp-report/iMX6_Platform_SDK/output/mx6sdl/lib/libboard_sabre_ai_rev_b.a(flexcan2_iomux_config.o)
 .data          0x0000000010039ad0        0x0 /home/leon/git/swp-report/iMX6_Platform_SDK/output/mx6sdl/lib/libboard_sabre_ai_rev_b.a(gpio1_iomux_config.o)
 .data          0x0000000010039ad0        0x0 /home/leon/git/swp-report/iMX6_Platform_SDK/output/mx6sdl/lib/libboard_sabre_ai_rev_b.a(gpio2_iomux_config.o)
 .data          0x0000000010039ad0        0x0 /home/leon/git/swp-report/iMX6_Platform_SDK/output/mx6sdl/lib/libboard_sabre_ai_rev_b.a(gpio4_iomux_config.o)
 .data          0x0000000010039ad0        0x0 /home/leon/git/swp-report/iMX6_Platform_SDK/output/mx6sdl/lib/libboard_sabre_ai_rev_b.a(gpio5_iomux_config.o)
 .data          0x0000000010039ad0        0x0 /home/leon/git/swp-report/iMX6_Platform_SDK/output/mx6sdl/lib/libboard_sabre_ai_rev_b.a(gpio6_iomux_config.o)
 .data          0x0000000010039ad0        0x0 /home/leon/git/swp-report/iMX6_Platform_SDK/output/mx6sdl/lib/libboard_sabre_ai_rev_b.a(gpmi_iomux_config.o)
 .data          0x0000000010039ad0        0x0 /home/leon/git/swp-report/iMX6_Platform_SDK/output/mx6sdl/lib/libboard_sabre_ai_rev_b.a(i2c2_iomux_config.o)
 .data          0x0000000010039ad0        0x0 /home/src/arm/target/bin/../arm-none-eabi/lib//libc.a(lib_a-abort.o)
 .data          0x0000000010039ad0        0x0 /home/src/arm/target/bin/../arm-none-eabi/lib//libc.a(lib_a-assert.o)
 .data          0x0000000010039ad0        0x0 /home/src/arm/target/bin/../arm-none-eabi/lib//libc.a(lib_a-bzero.o)
 .data          0x0000000010039ad0        0x0 /home/src/arm/target/bin/../arm-none-eabi/lib//libc.a(lib_a-calloc.o)
 .data          0x0000000010039ad0        0x0 /home/src/arm/target/bin/../arm-none-eabi/lib//libc.a(lib_a-callocr.o)
 .data          0x0000000010039ad0        0x0 /home/src/arm/target/bin/../arm-none-eabi/lib//libc.a(lib_a-fiprintf.o)
 .data          0x0000000010039ad0        0x0 /home/src/arm/target/bin/../arm-none-eabi/lib//libc.a(lib_a-fputc.o)
 .data          0x0000000010039ad0      0x430 /home/src/arm/target/bin/../arm-none-eabi/lib//libc.a(lib_a-impure.o)
                0x0000000010039ad0                _impure_ptr
 .data          0x0000000010039f00        0x0 /home/src/arm/target/bin/../arm-none-eabi/lib//libc.a(lib_a-init.o)
 .data          0x0000000010039f00        0x0 /home/src/arm/target/bin/../arm-none-eabi/lib//libc.a(lib_a-malloc.o)
 .data          0x0000000010039f00      0x410 /home/src/arm/target/bin/../arm-none-eabi/lib//libc.a(lib_a-mallocr.o)
                0x0000000010039f00                __malloc_av_
                0x000000001003a308                __malloc_sbrk_base
                0x000000001003a30c                __malloc_trim_threshold
 .data          0x000000001003a310        0x0 /home/src/arm/target/bin/../arm-none-eabi/lib//libc.a(lib_a-memchr-stub.o)
 .data          0x000000001003a310        0x0 /home/src/arm/target/bin/../arm-none-eabi/lib//libc.a(lib_a-memcpy-stub.o)
 .data          0x000000001003a310        0x0 /home/src/arm/target/bin/../arm-none-eabi/lib//libc.a(lib_a-memset.o)
 .data          0x000000001003a310        0x0 /home/src/arm/target/bin/../arm-none-eabi/lib//libc.a(lib_a-mlock.o)
 .data          0x000000001003a310        0x0 /home/src/arm/target/bin/../arm-none-eabi/lib//libc.a(lib_a-printf.o)
 .data          0x000000001003a310        0x0 /home/src/arm/target/bin/../arm-none-eabi/lib//libc.a(lib_a-putc.o)
 .data          0x000000001003a310        0x0 /home/src/arm/target/bin/../arm-none-eabi/lib//libc.a(lib_a-realloc.o)
 .data          0x000000001003a310        0x0 /home/src/arm/target/bin/../arm-none-eabi/lib//libc.a(lib_a-reallocr.o)
 .data          0x000000001003a310        0x0 /home/src/arm/target/bin/../arm-none-eabi/lib//libc.a(lib_a-reent.o)
 .data          0x000000001003a310        0x0 /home/src/arm/target/bin/../arm-none-eabi/lib//libc.a(lib_a-rget.o)
 .data          0x000000001003a310        0x0 /home/src/arm/target/bin/../arm-none-eabi/lib//libc.a(lib_a-sbrkr.o)
 .data          0x000000001003a310        0x0 /home/src/arm/target/bin/../arm-none-eabi/lib//libc.a(lib_a-signal.o)
 .data          0x000000001003a310        0x0 /home/src/arm/target/bin/../arm-none-eabi/lib//libc.a(lib_a-signalr.o)
 .data          0x000000001003a310        0x0 /home/src/arm/target/bin/../arm-none-eabi/lib//libc.a(lib_a-sprintf.o)
 .data          0x000000001003a310        0x0 /home/src/arm/target/bin/../arm-none-eabi/lib//libc.a(lib_a-strlen.o)
 .data          0x000000001003a310        0x0 /home/src/arm/target/bin/../arm-none-eabi/lib//libc.a(lib_a-strncasecmp.o)
 .data          0x000000001003a310        0x0 /home/src/arm/target/bin/../arm-none-eabi/lib//libc.a(lib_a-svfprintf.o)
 .data          0x000000001003a310        0x0 /home/src/arm/target/bin/../arm-none-eabi/lib//libc.a(lib_a-vfiprintf.o)
 .data          0x000000001003a310        0x0 /home/src/arm/target/bin/../arm-none-eabi/lib//libc.a(lib_a-vfprintf.o)
 .data          0x000000001003a310        0x0 /home/src/arm/target/bin/../arm-none-eabi/lib//libc.a(lib_a-vprintf.o)
 .data          0x000000001003a310        0x0 /home/src/arm/target/bin/../arm-none-eabi/lib//libc.a(lib_a-wbuf.o)