Archive member included because of file (symbol)

/home/leon/git/swp-report/iMX6_Platform_SDK/output/mx6sdl/lib/libsdk.a(ccm_pll.o)
                              /home/leon/git/swp-report/iMX6_Platform_SDK/output/mx6sdl/gpu_demo/smart_device_rev_a/obj/apps/common/platform_init.o (ccm_init)
/home/leon/git/swp-report/iMX6_Platform_SDK/output/mx6sdl/lib/libsdk.a(cortexA9.o)
                              /home/leon/git/swp-report/iMX6_Platform_SDK/output/mx6sdl/gpu_demo/smart_device_rev_a/obj/apps/common/platform_init.o (arm_set_interrupt_state)
/home/leon/git/swp-report/iMX6_Platform_SDK/output/mx6sdl/lib/libsdk.a(gic.o)
                              /home/leon/git/swp-report/iMX6_Platform_SDK/output/mx6sdl/gpu_demo/smart_device_rev_a/obj/apps/common/platform_init.o (gic_init)
/home/leon/git/swp-report/iMX6_Platform_SDK/output/mx6sdl/lib/libsdk.a(mmu.o)
                              /home/leon/git/swp-report/iMX6_Platform_SDK/output/mx6sdl/gpu_demo/smart_device_rev_a/obj/apps/common/platform_init.o (mmu_init)
/home/leon/git/swp-report/iMX6_Platform_SDK/output/mx6sdl/lib/libsdk.a(startup.o)
                              (_start)
/home/leon/git/swp-report/iMX6_Platform_SDK/output/mx6sdl/lib/libsdk.a(vectors.o)
                              /home/leon/git/swp-report/iMX6_Platform_SDK/output/mx6sdl/lib/libsdk.a(startup.o) (vectors)
/home/leon/git/swp-report/iMX6_Platform_SDK/output/mx6sdl/lib/libsdk.a(sdk_version.o)
                              /home/leon/git/swp-report/iMX6_Platform_SDK/output/mx6sdl/gpu_demo/smart_device_rev_a/obj/apps/common/print_version.o (k_sdk_version)
/home/leon/git/swp-report/iMX6_Platform_SDK/output/mx6sdl/lib/libsdk.a(system_util.o)
                              /home/leon/git/swp-report/iMX6_Platform_SDK/output/mx6sdl/lib/libsdk.a(startup.o) (_sys_exit)
/home/leon/git/swp-report/iMX6_Platform_SDK/output/mx6sdl/lib/libsdk.a(text_color.o)
                              /home/leon/git/swp-report/iMX6_Platform_SDK/output/mx6sdl/lib/libsdk.a(system_util.o) (g_TextAttributeBold)
/home/leon/git/swp-report/iMX6_Platform_SDK/output/mx6sdl/lib/libsdk.a(board_id.o)
                              /home/leon/git/swp-report/iMX6_Platform_SDK/output/mx6sdl/gpu_demo/smart_device_rev_a/obj/apps/common/print_version.o (chip_name)
/home/leon/git/swp-report/iMX6_Platform_SDK/output/mx6sdl/lib/libsdk.a(ips_disp_panel.o)
                              /home/leon/git/swp-report/iMX6_Platform_SDK/output/mx6sdl/gpu_demo/smart_device_rev_a/obj/apps/gpu_demo/src/gpu_test.o (search_panel)
/home/leon/git/swp-report/iMX6_Platform_SDK/output/mx6sdl/lib/libsdk.a(ipu_common.o)
                              /home/leon/git/swp-report/iMX6_Platform_SDK/output/mx6sdl/gpu_demo/smart_device_rev_a/obj/apps/gpu_demo/src/gpu_test.o (ipu_enable_display)
/home/leon/git/swp-report/iMX6_Platform_SDK/output/mx6sdl/lib/libsdk.a(ipu_csi.o)
                              /home/leon/git/swp-report/iMX6_Platform_SDK/output/mx6sdl/lib/libsdk.a(ipu_common.o) (ipu_csi_config)
/home/leon/git/swp-report/iMX6_Platform_SDK/output/mx6sdl/lib/libsdk.a(ipu_dc.o)
                              /home/leon/git/swp-report/iMX6_Platform_SDK/output/mx6sdl/lib/libsdk.a(ipu_common.o) (ipu_dc_config)
/home/leon/git/swp-report/iMX6_Platform_SDK/output/mx6sdl/lib/libsdk.a(ipu_di.o)
                              /home/leon/git/swp-report/iMX6_Platform_SDK/output/mx6sdl/lib/libsdk.a(ipu_common.o) (ipu_di_config)
/home/leon/git/swp-report/iMX6_Platform_SDK/output/mx6sdl/lib/libsdk.a(ipu_dmfc.o)
                              /home/leon/git/swp-report/iMX6_Platform_SDK/output/mx6sdl/lib/libsdk.a(ipu_common.o) (ipu_dmfc_config)
/home/leon/git/swp-report/iMX6_Platform_SDK/output/mx6sdl/lib/libsdk.a(ipu_dp.o)
                              /home/leon/git/swp-report/iMX6_Platform_SDK/output/mx6sdl/lib/libsdk.a(ipu_common.o) (ipu_dp_config)
/home/leon/git/swp-report/iMX6_Platform_SDK/output/mx6sdl/lib/libsdk.a(ipu_idmac.o)
                              /home/leon/git/swp-report/iMX6_Platform_SDK/output/mx6sdl/lib/libsdk.a(ipu_common.o) (ipu_cpmem_set_field)
/home/leon/git/swp-report/iMX6_Platform_SDK/output/mx6sdl/lib/libsdk.a(ipu_vdi.o)
                              /home/leon/git/swp-report/iMX6_Platform_SDK/output/mx6sdl/lib/libsdk.a(ipu_common.o) (ips_deinterlace_proc)
/home/leon/git/swp-report/iMX6_Platform_SDK/output/mx6sdl/lib/libsdk.a(ldb.o)
                              /home/leon/git/swp-report/iMX6_Platform_SDK/output/mx6sdl/lib/libsdk.a(ips_disp_panel.o) (ldb_config)
/home/leon/git/swp-report/iMX6_Platform_SDK/output/mx6sdl/lib/libsdk.a(timer.o)
                              /home/leon/git/swp-report/iMX6_Platform_SDK/output/mx6sdl/lib/libsdk.a(ipu_common.o) (hal_delay_us)
/home/leon/git/swp-report/iMX6_Platform_SDK/output/mx6sdl/lib/libsdk.a(imx_uart.o)
                              /home/leon/git/swp-report/iMX6_Platform_SDK/output/mx6sdl/gpu_demo/smart_device_rev_a/obj/apps/common/platform_init.o (uart_getchar)
[...]
Memory Configuration

Name             Origin             Length             Attributes
OCRAM            0x0000000000900000 0x0000000000020000 xrw
DDR              0x0000000010000000 0x0000000040000000 xrw
*default*        0x0000000000000000 0xffffffffffffffff

Linker script and memory map

LOAD /home/src/arm/target/bin/../lib/gcc/arm-none-eabi/4.8.2//crtbegin.o
LOAD /home/src/arm/target/bin/../lib/gcc/arm-none-eabi/4.8.2//crti.o
LOAD /home/src/arm/target/bin/../lib/gcc/arm-none-eabi/4.8.2//crtend.o
LOAD /home/src/arm/target/bin/../lib/gcc/arm-none-eabi/4.8.2//crtn.o

.l1_page_table  0x0000000000900000     0x4000
                0x0000000000900000                __l1_page_table_start = .
                0x0000000000904000                . = (. + 0x4000)
 *fill*         0x0000000000900000     0x4000 

.heap.ocram     0x0000000000904000    0x1bfb8
                0x0000000000904000                __heap_ocram_start = .
                0x000000000091ffb8                . = (. + 0x1bfb8)
 *fill*         0x0000000000904000    0x1bfb8 
                0x000000000091ffb8                __heap_ocram_end = .

.ram_vectors    0x000000000091ffb8       0x48
                0x000000000091ffb8                __ram_vectors_start = .
                0x0000000000920000                . = (. + 0x48)
 *fill*         0x000000000091ffb8       0x48 
                0x0000000000920000                __ram_vectors_end = .
                0x0000000010000000                _start_image_add = ORIGIN (DDR)

.ivt            0x0000000010000000      0x420
                0x0000000010000400                . = (. + 0x400)
 *fill*         0x0000000010000000      0x400 
 *(.ivt)
 .ivt           0x0000000010000400       0x20 /home/leon/git/swp-report/iMX6_Platform_SDK/output/mx6sdl/gpu_demo/smart_device_rev_a/obj/apps/common/ivt.o
                0x0000000010000400                input_ivt

.boot_data      0x0000000010000420        0xc
                0x0000000010000420                __start_boot_data = .
 *(.boot_data)
 .boot_data     0x0000000010000420        0xc /home/leon/git/swp-report/iMX6_Platform_SDK/output/mx6sdl/gpu_demo/smart_device_rev_a/obj/apps/common/ivt.o
                0x0000000010000420                bd

.dcd_hdr        0x0000000010000430        0x4
                0x0000000010000430                __start_dcd = .
 *(.dcd_hdr)
 .dcd_hdr       0x0000000010000430        0x4 /home/leon/git/swp-report/iMX6_Platform_SDK/output/mx6sdl/lib/libboard_smart_device_rev_a.a(dcd.o)
                0x0000000010000430                input_dcd_hdr

.dcd_wrt_cmd    0x0000000010000434        0x4
 *(.dcd_wrt_cmd)
 .dcd_wrt_cmd   0x0000000010000434        0x4 /home/leon/git/swp-report/iMX6_Platform_SDK/output/mx6sdl/lib/libboard_smart_device_rev_a.a(dcd.o)
                0x0000000010000434                input_dcd_wrt_cmd

.dcd_data       0x0000000010000438      0x298
 *(.dcd_data)
 .dcd_data      0x0000000010000438      0x298 /home/leon/git/swp-report/iMX6_Platform_SDK/output/mx6sdl/lib/libboard_smart_device_rev_a.a(dcd.o)
                0x0000000010000438                input_dcd

.text           0x00000000100006d0    0x8c2d0
 CREATE_OBJECT_SYMBOLS
 *(.startup)
 .startup       0x00000000100006d0      0x138 /home/leon/git/swp-report/iMX6_Platform_SDK/output/mx6sdl/lib/libsdk.a(startup.o)
                0x00000000100006d0                _start
 *(.text .text.* .gnu.linkonce.t.*)
 .text          0x0000000010000808      0x128 /home/src/arm/target/bin/../lib/gcc/arm-none-eabi/4.8.2//crtbegin.o
 .text          0x0000000010000930        0x0 /home/src/arm/target/bin/../lib/gcc/arm-none-eabi/4.8.2//crti.o
 .text          0x0000000010000930        0x0 /home/src/arm/target/bin/../lib/gcc/arm-none-eabi/4.8.2//crtend.o
 .text          0x0000000010000930        0x0 /home/src/arm/target/bin/../lib/gcc/arm-none-eabi/4.8.2//crtn.o
 .text          0x0000000010000930    0x614a0 /home/leon/git/swp-report/iMX6_Platform_SDK/apps/gpu_demo/src/rotate_texture.o
                0x0000000010000930                rotateTexture
 .text          0x0000000010061dd0     0x2f70 /home/leon/git/swp-report/iMX6_Platform_SDK/apps/gpu_demo/src/texture.o
                0x0000000010061f04                runTexture
 .text          0x0000000010064d40        0x0 /home/leon/git/swp-report/iMX6_Platform_SDK/output/mx6sdl/gpu_demo/smart_device_rev_a/obj/apps/common/ivt.o
 .text          0x0000000010064d40       0xbc /home/leon/git/swp-report/iMX6_Platform_SDK/output/mx6sdl/gpu_demo/smart_device_rev_a/obj/apps/common/platform_init.o
                0x0000000010064d40                platform_init
 .text          0x0000000010064dfc       0xfc /home/leon/git/swp-report/iMX6_Platform_SDK/output/mx6sdl/gpu_demo/smart_device_rev_a/obj/apps/common/print_clock_info.o
                0x0000000010064dfc                show_freq
                0x0000000010064ee8                show_ddr_config
 .text          0x0000000010064ef8      0x15c /home/leon/git/swp-report/iMX6_Platform_SDK/output/mx6sdl/gpu_demo/smart_device_rev_a/obj/apps/common/print_version.o
                0x0000000010064ef8                print_version
 .text          0x0000000010065054      0x410 /home/leon/git/swp-report/iMX6_Platform_SDK/output/mx6sdl/gpu_demo/smart_device_rev_a/obj/apps/gpu_demo/src/gpu_test.o
                0x0000000010065054                main
                0x0000000010065078                gpu_test
 .text          0x0000000010065464     0x29e0 /home/leon/git/swp-report/iMX6_Platform_SDK/output/mx6sdl/gpu_demo/smart_device_rev_a/obj/apps/gpu_demo/src/sdk_gpu_utilities.o
                0x0000000010065464                ReadReg
                0x0000000010065494                WriteReg
                0x00000000100654c8                WriteDebugReg
                0x00000000100654f8                Poke
                0x0000000010065524                ReadMem
                0x000000001006554c                clearTWOD
                0x0000000010065adc                clearTWODMSAA
                0x000000001006606c                clearFrameBuffer
                0x00000000100661f4                clearFrameBufferMSAA
                0x0000000010066374                clearBuffers
                0x0000000010066564                fastClear
                0x0000000010066d38                fastClearMSAA
                0x000000001006736c                disableFastClear
                0x00000000100673fc                start
                0x000000001006754c                DoResolve
                0x0000000010067cc0                CallResolve
 .text          0x0000000010067e44      0xc50 /home/leon/git/swp-report/iMX6_Platform_SDK/output/mx6sdl/lib/libsdk.a(ccm_pll.o)
                0x0000000010067e44                ccm_init
                0x0000000010067f68                get_main_clock
                0x00000000100681f4                get_peri_clock
                0x0000000010068394                ccm_ccgr_config
                0x00000000100683fc                clock_gating_config
                0x0000000010068834                ccm_set_lpm_wakeup_source
                0x0000000010068928                ccm_enter_low_power
                0x0000000010068998                ipu_hsp_clk_config
                0x00000000100689b8                gpu_clock_config
 .text          0x0000000010068a94      0x164 /home/leon/git/swp-report/iMX6_Platform_SDK/output/mx6sdl/lib/libsdk.a(cortexA9.o)
                0x0000000010068a94                arm_set_interrupt_state
                0x0000000010068ab8                cpu_get_current
                0x0000000010068ac4                enable_neon_fpu
                0x0000000010068ae0                disable_strict_align_check
                0x0000000010068af4                disable_L1_cache
                0x0000000010068b14                get_arm_private_peripheral_base
                0x0000000010068b1c                arm_unified_tlb_invalidate
                0x0000000010068b2c                arm_unified_tlb_invalidate_is
                0x0000000010068b3c                arm_branch_prediction_enable
                0x0000000010068b4c                arm_branch_prediction_disable
                0x0000000010068b5c                arm_branch_target_cache_invalidate
                0x0000000010068b68                arm_branch_target_cache_invalidate_is
                0x0000000010068b74                scu_enable
                0x0000000010068b88                scu_join_smp
                0x0000000010068b98                scu_leave_smp
                0x0000000010068ba8                scu_get_cpus_in_smp
                0x0000000010068bbc                scu_enable_maintenance_broadcast
                0x0000000010068bcc                scu_disable_maintenance_broadcast
                0x0000000010068bdc                scu_secure_invalidate
 .text          0x0000000010068bf8      0x5e0 /home/leon/git/swp-report/iMX6_Platform_SDK/output/mx6sdl/lib/libsdk.a(gic.o)
                0x0000000010068cdc                gic_enable
                0x0000000010068d3c                gic_set_irq_security
                0x0000000010068de4                gic_enable_irq
                0x0000000010068e60                gic_set_irq_priority
                0x0000000010068ea8                gic_set_cpu_target
                0x0000000010068fb4                gic_send_sgi
                0x0000000010069008                gic_cpu_enable
                0x0000000010069068                gic_set_cpu_priority_mask
                0x000000001006909c                gic_read_irq_ack
                0x00000000100690c8                gic_write_end_of_irq
                0x00000000100690f8                gic_init
                0x000000001006919c                gic_init_cpu
 .text          0x00000000100691d8      0x458 /home/leon/git/swp-report/iMX6_Platform_SDK/output/mx6sdl/lib/libsdk.a(mmu.o)
                0x00000000100691d8                mmu_enable
                0x0000000010069210                mmu_disable
                0x0000000010069244                mmu_init
                0x0000000010069360                mmu_map_l1_range
                0x0000000010069574                mmu_virtual_to_physical
 .text          0x0000000010069630        0x0 /home/leon/git/swp-report/iMX6_Platform_SDK/output/mx6sdl/lib/libsdk.a(startup.o)
 .text          0x0000000010069630        0x4 /home/leon/git/swp-report/iMX6_Platform_SDK/output/mx6sdl/lib/libsdk.a(vectors.o)
                0x0000000010069630                exception_handler
 .text.vectors  0x0000000010069634       0x48 /home/leon/git/swp-report/iMX6_Platform_SDK/output/mx6sdl/lib/libsdk.a(vectors.o)
                0x0000000010069634                vectors
 .text          0x000000001006967c        0x0 /home/leon/git/swp-report/iMX6_Platform_SDK/output/mx6sdl/lib/libsdk.a(sdk_version.o)
 .text          0x000000001006967c      0x8fc /home/leon/git/swp-report/iMX6_Platform_SDK/output/mx6sdl/lib/libsdk.a(system_util.o)
                0x000000001006967c                _sys_exit
                0x0000000010069698                mybkpt
                0x00000000100696a0                is_input_char
                0x0000000010069820                read_input_string
                0x0000000010069b00                get_input_hex
                0x0000000010069d78                read_int
                0x0000000010069ed4                jump_to_sdp
 .text          0x0000000010069f78       0xdc /home/leon/git/swp-report/iMX6_Platform_SDK/output/mx6sdl/lib/libsdk.a(text_color.o)
                0x0000000010069f78                printf_color
                0x000000001006a010                get_color_supported
 .text          0x000000001006a054      0x7c8 /home/leon/git/swp-report/iMX6_Platform_SDK/output/mx6sdl/lib/libsdk.a(board_id.o)
                0x000000001006a054                chip_name
                0x000000001006a16c                chip_revision
                0x000000001006a244                board_name
                0x000000001006a34c                board_revision
                0x000000001006a414                board_description
                0x000000001006a534                get_board_id
                0x000000001006a610                show_board_id
 .text          0x000000001006a81c      0x470 /home/leon/git/swp-report/iMX6_Platform_SDK/output/mx6sdl/lib/libsdk.a(ips_disp_panel.o)
                0x000000001006aab0                search_panel
                0x000000001006ab6c                list_panel
                0x000000001006ac04                get_panel_by_id
 .text          0x000000001006ac8c      0xf8c /home/leon/git/swp-report/iMX6_Platform_SDK/output/mx6sdl/lib/libsdk.a(ipu_common.o)
                0x000000001006ac8c                need_csc
                0x000000001006acf4                ipu_write_field
                0x000000001006ad98                ipu_read
                0x000000001006adf0                ipu_write
                0x000000001006ae44                ipu_enable_display
                0x000000001006aeb0                ipu_disable_display
                0x000000001006af30                ipu_sw_reset
                0x000000001006b010                ipu_display_setup
                0x000000001006b184                ipu_dual_display_setup
                0x000000001006b288                ipu_capture_setup
                0x000000001006b6cc                ipu_capture_streamoff
                0x000000001006b79c                ipu_mipi_csi2_setup
                0x000000001006b994                ipu1_ch0_eobnd_isr
                0x000000001006bb70                ipu_ch0_eobnd_interrupt_register
 .text          0x000000001006bc18      0xcb8 /home/leon/git/swp-report/iMX6_Platform_SDK/output/mx6sdl/lib/libsdk.a(ipu_csi.o)
                0x000000001006bc18                ipu_csi_config
                0x000000001006c25c                ipu_smfc_fifo_allocate
                0x000000001006c3b8                ipu_capture_disp_link
                0x000000001006c4e4                ipu_disable_csi
                0x000000001006c550                ipu_disable_smfc
                0x000000001006c584                ipu_csi_test_mode_color
 .text          0x000000001006c8d0     0x1bdc /home/leon/git/swp-report/iMX6_Platform_SDK/output/mx6sdl/lib/libsdk.a(ipu_dc.o)
                0x000000001006c8d0                ipu_dc_config
                0x000000001006cbc0                ipu_dc_write_channel_config
                0x000000001006ce78                ipu_dc_display_config
                0x000000001006d00c                ipu_dc_map
                0x000000001006d3a0                ipu_dc_microcode_config
                0x000000001006e14c                ipu_dc_microcode_event
 .text          0x000000001006e4ac      0xfe4 /home/leon/git/swp-report/iMX6_Platform_SDK/output/mx6sdl/lib/libsdk.a(ipu_di.o)
                0x000000001006e4ac                ipu_di_config
                0x000000001006eae8                ipu_di_waveform_config
                0x000000001006ebb0                ipu_di_screen_set
                0x000000001006ec44                ipu_di_pointer_config
                0x000000001006ed94                ipu_di_bsclk_gen
                0x000000001006eecc                ipu_di_sync_config
                0x000000001006f1d4                ipu_di_interface_set
 .text          0x000000001006f490      0x3e0 /home/leon/git/swp-report/iMX6_Platform_SDK/output/mx6sdl/lib/libsdk.a(ipu_dmfc.o)
                0x000000001006f490                ipu_dmfc_config
                0x000000001006f724                ipu_dmfc_alloc
 .text          0x000000001006f870      0x554 /home/leon/git/swp-report/iMX6_Platform_SDK/output/mx6sdl/lib/libsdk.a(ipu_dp.o)
                0x000000001006f870                ipu_dp_config
                0x000000001006f8c4                ipu_dp_csc_config
                0x000000001006fc20                ipu_dp_fg_config
 .text          0x000000001006fdc4     0x2828 /home/leon/git/swp-report/iMX6_Platform_SDK/output/mx6sdl/lib/libsdk.a(ipu_idmac.o)
                0x000000001006fdc4                ipu_cpmem_set_field
                0x000000001006fef0                ipu_cpmem_mod_field
                0x000000001007007c                ipu_cpmem_read_field
                0x00000000100701d8                ipu_channel_buf_ready
                0x0000000010070350                ipu_channel_buf_not_ready
                0x00000000100704c8                ipu_idmac_channel_mode_sel
                0x0000000010070550                ipu_idmac_channel_enable
                0x00000000100705d8                ipu_idmac_channel_busy
                0x0000000010070684                ipu_general_idmac_config
                0x0000000010070b68                ipu_disp_bg_idmac_config
                0x0000000010070c50                ipu_disp_fg_idmac_config
                0x0000000010070d38                ipu_dma_update_buffer
                0x0000000010070e2c                ipu_idmac_chan_cur_buff
                0x0000000010070ec0                ipu_rotate_idmac_config
                0x0000000010070ff4                ipu_resize_idmac_config
                0x0000000010071130                ipu_deinterlace_idmac_config
                0x0000000010071284                ipu_idma_pixel_format_config
 .text          0x00000000100725ec      0x590 /home/leon/git/swp-report/iMX6_Platform_SDK/output/mx6sdl/lib/libsdk.a(ipu_vdi.o)
                0x00000000100725ec                ipu_deinterlace_3_fields
                0x000000001007263c                ipu_vdi_set_top_field_man
                0x00000000100726b0                ipu_vdi_set_motion
                0x00000000100727b0                ipu_vdi_init
                0x00000000100728f4                ipu_vdi_uninit
                0x000000001007293c                ips_deinterlace_proc
 .text          0x0000000010072b7c      0x4b4 /home/leon/git/swp-report/iMX6_Platform_SDK/output/mx6sdl/lib/libsdk.a(ldb.o)
                0x0000000010072d54                ldb_config
                0x0000000010072f8c                ldb_set_vs_polarity
 .text          0x0000000010073030      0x27c /home/leon/git/swp-report/iMX6_Platform_SDK/output/mx6sdl/lib/libsdk.a(timer.o)
                0x0000000010073030                hal_delay_us
                0x000000001007309c                system_time_init
                0x00000000100731f8                time_get_microseconds
 .text          0x00000000100732ac     0x281c /home/leon/git/swp-report/iMX6_Platform_SDK/output/mx6sdl/lib/libsdk.a(imx_uart.o)
                0x00000000100732ac                uart_get_reffreq
                0x00000000100733a8                uart_putchar
                0x00000000100734f8                uart_getchar
                0x0000000010073658                uart_set_FIFO_mode
                0x0000000010074180                uart_set_loopback_mode
                0x00000000100743d4                uart_setup_interrupt
                0x00000000100744a0                uart_init
 .text          0x0000000010075ac8       0x98 /home/leon/git/swp-report/iMX6_Platform_SDK/output/mx6sdl/lib/libsdk.a(arm_abort.o)
                0x0000000010075ac8                common_abort_handler
                0x0000000010075b28                data_abort_handler
                0x0000000010075b40                prefetch_abort_handler
 .text          0x0000000010075b60      0x1b8 /home/leon/git/swp-report/iMX6_Platform_SDK/output/mx6sdl/lib/libsdk.a(interrupt.o)
                0x0000000010075b60                IRQ_HDLR
                0x0000000010075c24                disable_interrupt
                0x0000000010075c60                enable_interrupt
                0x0000000010075cb8                register_interrupt_routine
                0x0000000010075cec                default_interrupt_routine
 .text          0x0000000010075d18     0x1638 /home/leon/git/swp-report/iMX6_Platform_SDK/output/mx6sdl/lib/libsdk.a(ipu_ic.o)
                0x0000000010075d18                ipu_ic_enable
                0x0000000010075d64                ipu_ic_rotation_config
                0x0000000010075f70                ipu_ic_resize_config
                0x00000000100764c4                ipu_ic_deinterlace_config
                0x00000000100766a0                ipu_ic_calc_resize_coeffs
                0x00000000100767b4                ipu_ic_config_resize_rate
                0x00000000100768dc                ipu_ic_combine_config
                0x0000000010076a98                ipu_ic_csc_config
                0x0000000010077148                ipu_ic_task_enable
 .text          0x0000000010077350      0x8dc /home/leon/git/swp-report/iMX6_Platform_SDK/output/mx6sdl/lib/libsdk.a(epit.o)
                0x0000000010077350                epit_reload_counter
                0x00000000100773b0                epit_get_counter_value
                0x000000001007740c                epit_set_compare_event
                0x000000001007746c                epit_get_compare_event
                0x0000000010077564                epit_counter_disable
                0x0000000010077728                epit_counter_enable
                0x0000000010077984                epit_setup_interrupt
                0x0000000010077a14                epit_init
 .text          0x0000000010077c2c      0x4bc /home/leon/git/swp-report/iMX6_Platform_SDK/output/mx6sdl/lib/libsdk.a(abort_handler.o)
                0x0000000010077c2c                dump_regs
 .text          0x00000000100780e8      0x44c /home/leon/git/swp-report/iMX6_Platform_SDK/output/mx6sdl/lib/libboard_smart_device_rev_a.a(board_display.o)
                0x00000000100780e8                lvds_power_on
                0x0000000010078150                disable_para_panel
                0x00000000100781a0                tftlcd_backlight_en
                0x000000001007827c                tftlcd_reset
                0x0000000010078314                ldb_clock_config
                0x0000000010078410                epdc_clock_setting
                0x000000001007848c                epdc_power_supply
 .text          0x0000000010078534      0x200 /home/leon/git/swp-report/iMX6_Platform_SDK/output/mx6sdl/lib/libboard_smart_device_rev_a.a(board_hdmi.o)
                0x0000000010078534                hdmi_tx_cec_pgm_iomux
                0x0000000010078578                hdmi_tx_ddc_pgm_iomux
                0x00000000100785f0                hdmi_tx_phydtb_pgm_iomux
                0x0000000010078640                hdmi_pgm_iomux
                0x0000000010078660                ext_hdmi_transmitter_power_on
                0x0000000010078670                hdmi_clock_set
 .text          0x0000000010078734       0x20 /home/leon/git/swp-report/iMX6_Platform_SDK/output/mx6sdl/lib/libboard_smart_device_rev_a.a(board_io_expanders.o)
                0x0000000010078734                board_ioexpander_init
                0x0000000010078744                board_ioexpander_iomux_config
 .text          0x0000000010078754      0x240 /home/leon/git/swp-report/iMX6_Platform_SDK/output/mx6sdl/lib/libboard_smart_device_rev_a.a(board_mipi.o)
                0x0000000010078754                mipi_cam_power_on
                0x00000000100787fc                mipi_backlight_en
                0x000000001007884c                mipi_display_reset
                0x00000000100788bc                mipi_clock_set
                0x00000000100788ec                mipi_csi2_clock_set
 .text          0x0000000010078994        0x0 /home/leon/git/swp-report/iMX6_Platform_SDK/output/mx6sdl/lib/libboard_smart_device_rev_a.a(hardware_modules.o)
 .text          0x0000000010078994        0x0 /home/leon/git/swp-report/iMX6_Platform_SDK/output/mx6sdl/lib/libboard_smart_device_rev_a.a(dcd.o)
 .text          0x0000000010078994      0x2f8 /home/leon/git/swp-report/iMX6_Platform_SDK/output/mx6sdl/lib/libboard_smart_device_rev_a.a(iomux_config.o)
                0x0000000010078994                iomux_config
                0x0000000010078a0c                arm_iomux_config
                0x0000000010078a1c                asrc_iomux_config
                0x0000000010078a2c                dcic1_iomux_config
                0x0000000010078a3c                dcic2_iomux_config
                0x0000000010078a4c                ecspi2_iomux_config
                0x0000000010078a5c                ecspi3_iomux_config
                0x0000000010078a6c                ecspi4_iomux_config
                0x0000000010078a7c                eim_iomux_config
                0x0000000010078a8c                epit1_iomux_config
                0x0000000010078a9c                epit2_iomux_config
                0x0000000010078aac                esai_iomux_config
                0x0000000010078abc                flexcan2_iomux_config
                0x0000000010078acc                gpmi_iomux_config
                0x0000000010078adc                gpt_iomux_config
                0x0000000010078aec                hdmi_iomux_config
                0x0000000010078afc                i2c4_iomux_config
                0x0000000010078b0c                lcd_iomux_config
                0x0000000010078b1c                ldb_iomux_config
                0x0000000010078b2c                mipi_csi_iomux_config
                0x0000000010078b3c                mipi_dsi_iomux_config
                0x0000000010078b4c                mipi_hsi_iomux_config
                0x0000000010078b5c                mlb_iomux_config
                0x0000000010078b6c                pcie_iomux_config
                0x0000000010078b7c                pmu_iomux_config
                0x0000000010078b8c                pwm2_iomux_config
                0x0000000010078b9c                pwm3_iomux_config
                0x0000000010078bac                pwm4_iomux_config
                0x0000000010078bbc                sdma_iomux_config
                0x0000000010078bcc                snvs_iomux_config
                0x0000000010078bdc                spdif_iomux_config
                0x0000000010078bec                src_iomux_config
                0x0000000010078bfc                uart2_iomux_config
                0x0000000010078c0c                uart3_iomux_config
                0x0000000010078c1c                uart4_iomux_config
                0x0000000010078c2c                uart5_iomux_config
                0x0000000010078c3c                usb_iomux_config
                0x0000000010078c4c                usdhc1_iomux_config
                0x0000000010078c5c                wdog1_iomux_config
                0x0000000010078c6c                wdog2_iomux_config
                0x0000000010078c7c                xtalosc_iomux_config
 .text          0x0000000010078c8c      0x5b0 /home/leon/git/swp-report/iMX6_Platform_SDK/output/mx6sdl/lib/libboard_smart_device_rev_a.a(ipu1_iomux_config.o)
                0x0000000010078c8c                ipu1_iomux_config
 .text          0x000000001007923c      0x190 /home/leon/git/swp-report/iMX6_Platform_SDK/output/mx6sdl/lib/libboard_smart_device_rev_a.a(kpp_iomux_config.o)
                0x000000001007923c                kpp_iomux_config
 .text          0x00000000100793cc     0x2484 /home/leon/git/swp-report/iMX6_Platform_SDK/output/mx6sdl/lib/libboard_smart_device_rev_a.a(mmdc_iomux_config.o)
                0x00000000100793cc                mmdc_iomux_config
 .text          0x000000001007b850       0x34 /home/leon/git/swp-report/iMX6_Platform_SDK/output/mx6sdl/lib/libboard_smart_device_rev_a.a(pwm1_iomux_config.o)
                0x000000001007b850                pwm1_iomux_config
 .text          0x000000001007b884       0x70 /home/leon/git/swp-report/iMX6_Platform_SDK/output/mx6sdl/lib/libboard_smart_device_rev_a.a(sjc_iomux_config.o)
                0x000000001007b884                sjc_iomux_config
 .text          0x000000001007b8f4       0x78 /home/leon/git/swp-report/iMX6_Platform_SDK/output/mx6sdl/lib/libboard_smart_device_rev_a.a(uart1_iomux_config.o)
                0x000000001007b8f4                uart1_iomux_config
 .text          0x000000001007b96c       0x8c /home/leon/git/swp-report/iMX6_Platform_SDK/output/mx6sdl/lib/libboard_smart_device_rev_a.a(uart_iomux_config.o)
                0x000000001007b96c                uart_iomux_config
 .text          0x000000001007b9f8      0x188 /home/leon/git/swp-report/iMX6_Platform_SDK/output/mx6sdl/lib/libboard_smart_device_rev_a.a(usdhc2_iomux_config.o)
                0x000000001007b9f8                usdhc2_iomux_config
 .text          0x000000001007bb80      0x188 /home/leon/git/swp-report/iMX6_Platform_SDK/output/mx6sdl/lib/libboard_smart_device_rev_a.a(usdhc3_iomux_config.o)
                0x000000001007bb80                usdhc3_iomux_config
 .text          0x000000001007bd08      0x188 /home/leon/git/swp-report/iMX6_Platform_SDK/output/mx6sdl/lib/libboard_smart_device_rev_a.a(usdhc4_iomux_config.o)
                0x000000001007bd08                usdhc4_iomux_config
 .text          0x000000001007be90       0xa0 /home/leon/git/swp-report/iMX6_Platform_SDK/output/mx6sdl/lib/libboard_smart_device_rev_a.a(audmux_iomux_config.o)
                0x000000001007be90                audmux_iomux_config
 .text          0x000000001007bf30       0x34 /home/leon/git/swp-report/iMX6_Platform_SDK/output/mx6sdl/lib/libboard_smart_device_rev_a.a(ccm_iomux_config.o)
                0x000000001007bf30                ccm_iomux_config
 .text          0x000000001007bf64       0xe0 /home/leon/git/swp-report/iMX6_Platform_SDK/output/mx6sdl/lib/libboard_smart_device_rev_a.a(ecspi1_iomux_config.o)
                0x000000001007bf64                ecspi1_iomux_config
 .text          0x000000001007c044      0x3bc /home/leon/git/swp-report/iMX6_Platform_SDK/output/mx6sdl/lib/libboard_smart_device_rev_a.a(enet_iomux_config.o)
                0x000000001007c044                enet_iomux_config
 .text          0x000000001007c400      0x66c /home/leon/git/swp-report/iMX6_Platform_SDK/output/mx6sdl/lib/libboard_smart_device_rev_a.a(epdc_iomux_config.o)
                0x000000001007c400                epdc_iomux_config
 .text          0x000000001007ca6c       0x68 /home/leon/git/swp-report/iMX6_Platform_SDK/output/mx6sdl/lib/libboard_smart_device_rev_a.a(flexcan1_iomux_config.o)
                0x000000001007ca6c                flexcan1_iomux_config
 .text          0x000000001007cad4      0x274 /home/leon/git/swp-report/iMX6_Platform_SDK/output/mx6sdl/lib/libboard_smart_device_rev_a.a(gpio1_iomux_config.o)
                0x000000001007cad4                gpio1_iomux_config
 .text          0x000000001007cd48      0x164 /home/leon/git/swp-report/iMX6_Platform_SDK/output/mx6sdl/lib/libboard_smart_device_rev_a.a(gpio2_iomux_config.o)
                0x000000001007cd48                gpio2_iomux_config
 .text          0x000000001007ceac      0x258 /home/leon/git/swp-report/iMX6_Platform_SDK/output/mx6sdl/lib/libboard_smart_device_rev_a.a(gpio3_iomux_config.o)
                0x000000001007ceac                gpio3_iomux_config
 .text          0x000000001007d104       0xa0 /home/leon/git/swp-report/iMX6_Platform_SDK/output/mx6sdl/lib/libboard_smart_device_rev_a.a(gpio4_iomux_config.o)
                0x000000001007d104                gpio4_iomux_config
 .text          0x000000001007d1a4       0x50 /home/leon/git/swp-report/iMX6_Platform_SDK/output/mx6sdl/lib/libboard_smart_device_rev_a.a(gpio5_iomux_config.o)
                0x000000001007d1a4                gpio5_iomux_config
 .text          0x000000001007d1f4      0x150 /home/leon/git/swp-report/iMX6_Platform_SDK/output/mx6sdl/lib/libboard_smart_device_rev_a.a(gpio6_iomux_config.o)
                0x000000001007d1f4                gpio6_iomux_config
 .text          0x000000001007d344       0x7c /home/leon/git/swp-report/iMX6_Platform_SDK/output/mx6sdl/lib/libboard_smart_device_rev_a.a(gpio7_iomux_config.o)
                0x000000001007d344                gpio7_iomux_config
 .text          0x000000001007d3c0       0xdc /home/leon/git/swp-report/iMX6_Platform_SDK/output/mx6sdl/lib/libboard_smart_device_rev_a.a(gps_iomux_config.o)
                0x000000001007d3c0                gps_iomux_config
 .text          0x000000001007d49c       0x78 /home/leon/git/swp-report/iMX6_Platform_SDK/output/mx6sdl/lib/libboard_smart_device_rev_a.a(i2c1_iomux_config.o)
                0x000000001007d49c                i2c1_iomux_config
 .text          0x000000001007d514       0x78 /home/leon/git/swp-report/iMX6_Platform_SDK/output/mx6sdl/lib/libboard_smart_device_rev_a.a(i2c2_iomux_config.o)
                0x000000001007d514                i2c2_iomux_config
 .text          0x000000001007d58c       0x78 /home/leon/git/swp-report/iMX6_Platform_SDK/output/mx6sdl/lib/libboard_smart_device_rev_a.a(i2c3_iomux_config.o)
                0x000000001007d58c                i2c3_iomux_config
 .text          0x000000001007d604       0x64 /home/src/arm/target/bin/../arm-none-eabi/lib//libc.a(lib_a-assert.o)
                0x000000001007d604                __assert_func
                0x000000001007d658                __assert
 .text          0x000000001007d668       0x20 /home/src/arm/target/bin/../arm-none-eabi/lib//libc.a(lib_a-bzero.o)
                0x000000001007d668                bzero
 .text          0x000000001007d688       0x70 /home/src/arm/target/bin/../arm-none-eabi/lib//libc.a(lib_a-fiprintf.o)
                0x000000001007d688                _fiprintf_r
                0x000000001007d6b8                fiprintf
 .text          0x000000001007d6f8       0x8c /home/src/arm/target/bin/../arm-none-eabi/lib//libc.a(lib_a-fputc.o)
                0x000000001007d6f8                _fputc_r
                0x000000001007d73c                fputc
 .text          0x000000001007d784        0x0 /home/src/arm/target/bin/../arm-none-eabi/lib//libc.a(lib_a-impure.o)
 .text          0x000000001007d784       0x88 /home/src/arm/target/bin/../arm-none-eabi/lib//libc.a(lib_a-init.o)
                0x000000001007d784                __libc_init_array
 .text          0x000000001007d80c       0x40 /home/src/arm/target/bin/../arm-none-eabi/lib//libc.a(lib_a-malloc.o)
                0x000000001007d80c                malloc
                0x000000001007d82c                free
 .text          0x000000001007d84c      0x72c /home/src/arm/target/bin/../arm-none-eabi/lib//libc.a(lib_a-mallocr.o)
                0x000000001007d84c                _malloc_r
 .text          0x000000001007df78       0xf0 /home/src/arm/target/bin/../arm-none-eabi/lib//libc.a(lib_a-memcpy-stub.o)
                0x000000001007df78                memcpy
 .text          0x000000001007e068       0xf4 /home/src/arm/target/bin/../arm-none-eabi/lib//libc.a(lib_a-memset.o)
                0x000000001007e068                memset
 .text          0x000000001007e15c        0x8 /home/src/arm/target/bin/../arm-none-eabi/lib//libc.a(lib_a-mlock.o)
                0x000000001007e15c                __malloc_lock
                0x000000001007e160                __malloc_unlock
 .text          0x000000001007e164       0x74 /home/src/arm/target/bin/../arm-none-eabi/lib//libc.a(lib_a-printf.o)
                0x000000001007e164                _printf_r
                0x000000001007e198                printf
 .text          0x000000001007e1d8      0x158 /home/src/arm/target/bin/../arm-none-eabi/lib//libc.a(lib_a-putc.o)
                0x000000001007e1d8                _putc_r
                0x000000001007e27c                putc
 .text          0x000000001007e330       0x24 /home/src/arm/target/bin/../arm-none-eabi/lib//libc.a(lib_a-realloc.o)
                0x000000001007e330                realloc
 .text          0x000000001007e354      0x56c /home/src/arm/target/bin/../arm-none-eabi/lib//libc.a(lib_a-reallocr.o)
                0x000000001007e354                _realloc_r
 .text          0x000000001007e8c0       0x70 /home/src/arm/target/bin/../arm-none-eabi/lib//libc.a(lib_a-rget.o)
                0x000000001007e8c0                __srget_r
                0x000000001007e91c                __srget
 .text          0x000000001007e930       0x44 /home/src/arm/target/bin/../arm-none-eabi/lib//libc.a(lib_a-sbrkr.o)
                0x000000001007e930                _sbrk_r
 .text          0x000000001007e974       0xdc /home/src/arm/target/bin/../arm-none-eabi/lib//libc.a(lib_a-sprintf.o)
                0x000000001007e974                _sprintf_r
                0x000000001007e9dc                sprintf
 .text          0x000000001007ea50      0x230 /home/src/arm/target/bin/../arm-none-eabi/lib//libc.a(lib_a-strcmp.o)
                0x000000001007ea50                strcmp
 .text          0x000000001007ec80     0x1d44 /home/src/arm/target/bin/../arm-none-eabi/lib//libc.a(lib_a-svfprintf.o)
                0x000000001007ec80                _svfprintf_r
 .text          0x00000000100809c4      0x9f4 /home/src/arm/target/bin/../arm-none-eabi/lib//libc.a(lib_a-syscalls.o)
                0x0000000010080a78                initialise_monitor_handles
                0x0000000010080b3c                _swiread
                0x0000000010080b7c                _read
                0x0000000010080c40                _swilseek
                0x0000000010080d4c                _lseek
                0x0000000010080d6c                _swiwrite
                0x0000000010080dac                _write
                0x0000000010080e74                _swiopen
                0x0000000010080f74                _open
                0x0000000010080fa8                _swiclose
                0x0000000010081020                _close
                0x0000000010081040                _kill
                0x0000000010081078                _exit
                0x00000000100810a0                _getpid
                0x00000000100810a8                _sbrk
                0x0000000010081100                _fstat
                0x0000000010081134                _stat
                0x0000000010081188                _link
                0x0000000010081190                _unlink
                0x00000000100811e4                _raise
                0x00000000100811e8                _gettimeofday
                0x0000000010081238                _times
                0x000000001008127c                _isatty
                0x00000000100812cc                _system
                0x0000000010081350                _rename
 .text          0x00000000100813b8     0x1238 /home/src/arm/target/bin/../arm-none-eabi/lib//libc.a(lib_a-vfiprintf.o)
                0x0000000010081464                __sprint_r
                0x000000001008147c                _vfiprintf_r
                0x00000000100824f8                vfiprintf
 .text          0x00000000100825f0     0x1e98 /home/src/arm/target/bin/../arm-none-eabi/lib//libc.a(lib_a-vfprintf.o)
                0x00000000100825f0                _vfprintf_r
                0x0000000010084390                vfprintf
 .text          0x0000000010084488       0x48 /home/src/arm/target/bin/../arm-none-eabi/lib//libc.a(lib_a-vprintf.o)
                0x0000000010084488                vprintf
                0x00000000100844b4                _vprintf_r
 .text          0x00000000100844d0      0x13c /home/src/arm/target/bin/../arm-none-eabi/lib//libc.a(lib_a-wbuf.o)
                0x00000000100844d0                __swbuf_r
                0x00000000100845f4                __swbuf
 .text          0x000000001008460c      0x15c /home/src/arm/target/bin/../arm-none-eabi/lib//libc.a(lib_a-wsetup.o)
                0x000000001008460c                __swsetup_r
 .text          0x0000000010084768       0x14 /home/src/arm/target/bin/../arm-none-eabi/lib//libc.a(lib_a-abort.o)
                0x0000000010084768                abort
 *fill*         0x000000001008477c        0x4 
 .text          0x0000000010084780     0x18d8 /home/src/arm/target/bin/../arm-none-eabi/lib//libc.a(lib_a-dtoa.o)
                0x0000000010084960                _dtoa_r
 .text          0x0000000010086058       0x10 /home/src/arm/target/bin/../arm-none-eabi/lib//libc.a(lib_a-errno.o)
                0x0000000010086058                __errno
 .text          0x0000000010086068      0x2d4 /home/src/arm/target/bin/../arm-none-eabi/lib//libc.a(lib_a-fflush.o)
                0x0000000010086068                __sflush_r
                0x00000000100862ac                _fflush_r
                0x0000000010086300                fflush
 .text          0x000000001008633c      0x354 /home/src/arm/target/bin/../arm-none-eabi/lib//libc.a(lib_a-findfp.o)
                0x000000001008634c                _cleanup_r
                0x0000000010086364                __sfmoreglue
                0x00000000100863b4                _cleanup
                0x00000000100863d8                __sinit
                0x0000000010086540                __sfp
                0x0000000010086638                __sfp_lock_acquire
                0x000000001008663c                __sfp_lock_release
                0x0000000010086640                __sinit_lock_acquire
                0x0000000010086644                __sinit_lock_release
                0x0000000010086648                __fp_lock_all
                0x000000001008666c                __fp_unlock_all
 .text          0x0000000010086690      0x188 /home/src/arm/target/bin/../arm-none-eabi/lib//libc.a(lib_a-fputwc.o)
                0x0000000010086690                _fputwc_r
                0x00000000100867d4                fputwc
 .text          0x0000000010086818      0x36c /home/src/arm/target/bin/../arm-none-eabi/lib//libc.a(lib_a-freer.o)
                0x0000000010086818                _malloc_trim_r
                0x0000000010086918                _free_r
 .text          0x0000000010086b84      0x4dc /home/src/arm/target/bin/../arm-none-eabi/lib//libc.a(lib_a-fvwrite.o)
                0x0000000010086b84                __sfvwrite_r
 .text          0x0000000010087060      0x110 /home/src/arm/target/bin/../arm-none-eabi/lib//libc.a(lib_a-fwalk.o)
                0x0000000010087060                _fwalk
                0x00000000100870e4                _fwalk_reent
 .text          0x0000000010087170       0xd0 /home/src/arm/target/bin/../arm-none-eabi/lib//libc.a(lib_a-locale.o)
                0x0000000010087170                _setlocale_r
                0x00000000100871e0                __locale_charset
                0x00000000100871ec                __locale_mb_cur_max
                0x00000000100871fc                __locale_msgcharset
                0x0000000010087208                __locale_cjk_lang
                0x0000000010087210                _localeconv_r
                0x000000001008721c                setlocale
                0x0000000010087234                localeconv
 .text          0x0000000010087240      0x174 /home/src/arm/target/bin/../arm-none-eabi/lib//libc.a(lib_a-makebuf.o)
                0x0000000010087240                __smakebuf_r
 .text          0x00000000100873b4      0x114 /home/src/arm/target/bin/../arm-none-eabi/lib//libc.a(lib_a-memchr-stub.o)
                0x00000000100873b4                memchr
 .text          0x00000000100874c8      0x134 /home/src/arm/target/bin/../arm-none-eabi/lib//libc.a(lib_a-memmove.o)
                0x00000000100874c8                memmove
 .text          0x00000000100875fc      0xd30 /home/src/arm/target/bin/../arm-none-eabi/lib//libc.a(lib_a-mprec.o)
                0x00000000100875fc                _Balloc
                0x0000000010087688                _Bfree
                0x00000000100876a4                __multadd
                0x0000000010087780                __s2b
                0x0000000010087868                __hi0bits
                0x00000000100878c4                __lo0bits
                0x0000000010087958                __i2b
                0x000000001008797c                __multiply
                0x0000000010087b64                __pow5mult
                0x0000000010087c68                __lshift
                0x0000000010087d74                __mcmp
                0x0000000010087dd4                __mdiff
                0x0000000010087f18                __ulp
                0x0000000010087f7c                __b2d
                0x0000000010088054                __d2b
                0x0000000010088160                __ratio
                0x00000000100881e8                _mprec_log10
                0x0000000010088240                __copybits
                0x00000000100882b0                __any_on
 .text          0x000000001008832c      0x134 /home/src/arm/target/bin/../arm-none-eabi/lib//libc.a(lib_a-reent.o)
                0x000000001008832c                cleanup_glue
                0x0000000010088358                _reclaim_reent
 .text          0x0000000010088460      0x20c /home/src/arm/target/bin/../arm-none-eabi/lib//libc.a(lib_a-refill.o)
                0x000000001008848c                __srefill_r
 .text          0x000000001008866c       0x6c /home/src/arm/target/bin/../arm-none-eabi/lib//libc.a(lib_a-s_fpclassify.o)
                0x000000001008866c                __fpclassifyd
 .text          0x00000000100886d8      0x254 /home/src/arm/target/bin/../arm-none-eabi/lib//libc.a(lib_a-signal.o)
                0x00000000100886d8                _init_signal_r
                0x000000001008873c                _signal_r
                0x00000000100887b0                _raise_r
                0x0000000010088848                __sigtramp_r
                0x00000000100888dc                raise
                0x00000000100888f0                signal
                0x0000000010088908                _init_signal
                0x0000000010088918                __sigtramp
 .text          0x000000001008892c       0x50 /home/src/arm/target/bin/../arm-none-eabi/lib//libc.a(lib_a-signalr.o)
                0x000000001008892c                _kill_r
                0x000000001008896c                _getpid_r
 .text          0x000000001008897c       0xd8 /home/src/arm/target/bin/../arm-none-eabi/lib//libc.a(lib_a-stdio.o)
                0x000000001008897c                __sread
                0x00000000100889b0                __seofread
                0x00000000100889b8                __swrite
                0x0000000010088a10                __sseek
                0x0000000010088a40                __sclose
 .text          0x0000000010088a54       0x60 /home/src/arm/target/bin/../arm-none-eabi/lib//libc.a(lib_a-strlen.o)
                0x0000000010088a54                strlen
 .text          0x0000000010088ab4     0x101c /home/src/arm/target/bin/../arm-none-eabi/lib//libc.a(lib_a-svfiprintf.o)
                0x0000000010088ab4                __ssprint_r
                0x0000000010088c60                _svfiprintf_r
 .text          0x0000000010089ad0      0x128 /home/src/arm/target/bin/../arm-none-eabi/lib//libc.a(lib_a-wcrtomb.o)
                0x0000000010089ad0                _wcrtomb_r
                0x0000000010089b60                wcrtomb
 .text          0x0000000010089bf8       0x7c /home/src/arm/target/bin/../arm-none-eabi/lib//libc.a(lib_a-wctomb_r.o)
                0x0000000010089bf8                __ascii_wctomb
                0x0000000010089c24                _wctomb_r
 .text          0x0000000010089c74       0x44 /home/src/arm/target/bin/../arm-none-eabi/lib//libc.a(lib_a-writer.o)
                0x0000000010089c74                _write_r
 .text          0x0000000010089cb8       0x9c /home/src/arm/target/bin/../arm-none-eabi/lib//libc.a(lib_a-callocr.o)
                0x0000000010089cb8                _calloc_r
 .text          0x0000000010089d54       0x3c /home/src/arm/target/bin/../arm-none-eabi/lib//libc.a(lib_a-closer.o)
                0x0000000010089d54                _close_r
 .text          0x0000000010089d90      0x104 /home/src/arm/target/bin/../arm-none-eabi/lib//libc.a(lib_a-fclose.o)
                0x0000000010089d90                _fclose_r
                0x0000000010089e80                fclose
 .text          0x0000000010089e94       0x40 /home/src/arm/target/bin/../arm-none-eabi/lib//libc.a(lib_a-fstatr.o)
                0x0000000010089e94                _fstat_r
 .text          0x0000000010089ed4       0x3c /home/src/arm/target/bin/../arm-none-eabi/lib//libc.a(lib_a-isattyr.o)
                0x0000000010089ed4                _isatty_r
 .text          0x0000000010089f10       0x44 /home/src/arm/target/bin/../arm-none-eabi/lib//libc.a(lib_a-lseekr.o)
                0x0000000010089f10                _lseek_r
 .text          0x0000000010089f54       0x44 /home/src/arm/target/bin/../arm-none-eabi/lib//libc.a(lib_a-readr.o)
                0x0000000010089f54                _read_r
 .text          0x0000000010089f98      0x114 /home/src/arm/target/bin/../lib/gcc/arm-none-eabi/4.8.2//libgcc.a(_udivsi3.o)
                0x0000000010089f98                __udivsi3
                0x0000000010089f98                __aeabi_uidiv
                0x000000001008a08c                __aeabi_uidivmod
 .text          0x000000001008a0ac      0x148 /home/src/arm/target/bin/../lib/gcc/arm-none-eabi/4.8.2//libgcc.a(_divsi3.o)
                0x000000001008a0ac                __aeabi_idiv
                0x000000001008a0ac                __divsi3
                0x000000001008a1d4                __aeabi_idivmod
 .text          0x000000001008a1f4        0x4 /home/src/arm/target/bin/../lib/gcc/arm-none-eabi/4.8.2//libgcc.a(_dvmd_tls.o)
                0x000000001008a1f4                __aeabi_ldiv0
                0x000000001008a1f4                __aeabi_idiv0
 .text          0x000000001008a1f8      0x41c /home/src/arm/target/bin/../lib/gcc/arm-none-eabi/4.8.2//libgcc.a(_arm_addsubdf3.o)
                0x000000001008a1f8                __aeabi_drsub
                0x000000001008a200                __aeabi_dsub
                0x000000001008a200                __subdf3
                0x000000001008a204                __adddf3
                0x000000001008a204                __aeabi_dadd
                0x000000001008a514                __aeabi_ui2d
                0x000000001008a514                __floatunsidf
                0x000000001008a538                __floatsidf
                0x000000001008a538                __aeabi_i2d
                0x000000001008a560                __extendsfdf2
                0x000000001008a560                __aeabi_f2d
                0x000000001008a5a0                __aeabi_ul2d
                0x000000001008a5a0                __floatundidf
                0x000000001008a5b4                __floatdidf
                0x000000001008a5b4                __aeabi_l2d
 .text          0x000000001008a614      0x49c /home/src/arm/target/bin/../lib/gcc/arm-none-eabi/4.8.2//libgcc.a(_arm_muldivdf3.o)
                0x000000001008a614                __aeabi_dmul
                0x000000001008a614                __muldf3
                0x000000001008a8a4                __aeabi_ddiv
                0x000000001008a8a4                __divdf3
 .text          0x000000001008aab0      0x144 /home/src/arm/target/bin/../lib/gcc/arm-none-eabi/4.8.2//libgcc.a(_arm_cmpdf2.o)
                0x000000001008aab0                __gtdf2
                0x000000001008aab0                __gedf2
                0x000000001008aab8                __ltdf2
                0x000000001008aab8                __ledf2
                0x000000001008aac0                __cmpdf2
                0x000000001008aac0                __eqdf2
                0x000000001008aac0                __nedf2
                0x000000001008ab48                __aeabi_cdrcmple
                0x000000001008ab64                __aeabi_cdcmple
                0x000000001008ab64                __aeabi_cdcmpeq
                0x000000001008ab7c                __aeabi_dcmpeq
                0x000000001008ab94                __aeabi_dcmplt
                0x000000001008abac                __aeabi_dcmple
                0x000000001008abc4                __aeabi_dcmpge
                0x000000001008abdc                __aeabi_dcmpgt
 .text          0x000000001008abf4       0x5c /home/src/arm/target/bin/../lib/gcc/arm-none-eabi/4.8.2//libgcc.a(_arm_fixdfsi.o)
                0x000000001008abf4                __fixdfsi
                0x000000001008abf4                __aeabi_d2iz
 .text          0x000000001008ac50       0x3c /home/src/arm/target/bin/../lib/gcc/arm-none-eabi/4.8.2//libgcc.a(_aeabi_uldivmod.o)
                0x000000001008ac50                __aeabi_uldivmod
 .text          0x000000001008ac8c       0x84 /home/src/arm/target/bin/../lib/gcc/arm-none-eabi/4.8.2//libgcc.a(bpabi.o)
                0x000000001008ac8c                __gnu_ldivmod_helper
                0x000000001008acd0                __gnu_uldivmod_helper
 .text          0x000000001008ad10      0x4d0 /home/src/arm/target/bin/../lib/gcc/arm-none-eabi/4.8.2//libgcc.a(_divdi3.o)
                0x000000001008ad10                __divdi3
 .text          0x000000001008b1e0      0x470 /home/src/arm/target/bin/../lib/gcc/arm-none-eabi/4.8.2//libgcc.a(_udivdi3.o)
                0x000000001008b1e0                __udivdi3
 .text          0x000000001008b650       0x48 /home/src/arm/target/bin/../lib/gcc/arm-none-eabi/4.8.2//libgcc.a(_clzsi2.o)
                0x000000001008b650                __clzsi2
 .text          0x000000001008b698     0x1308 /home/leon/git/swp-report/iMX6_Platform_SDK/output/mx6sdl/lib/libsdk.a(gpio.o)
                0x000000001008b6c8                gpio_get_port_count
                0x000000001008b6e0                gpio_set_gpio
                0x000000001008b7a4                gpio_set_direction
                0x000000001008ba00                gpio_get_direction
                0x000000001008bb48                gpio_set_level
                0x000000001008be88                gpio_get_level
                0x000000001008bfe8                gpio_set_interrupt_config
                0x000000001008c3ec                gpio_set_interrupt_mask
                0x000000001008c630                gpio_get_interrupt_status
                0x000000001008c78c                gpio_clear_interrupt
 .text          0x000000001008c9a0        0x0 /home/leon/git/swp-report/iMX6_Platform_SDK/output/mx6sdl/lib/libsdk.a(imx6sdl_gpio_map.o)
 *(.glue_7t)
 .glue_7t       0x0000000000000000        0x0 linker stubs
 *(.glue_7)
 .glue_7        0x0000000000000000        0x0 linker stubs
 *(.vfp11_veneer)
 .vfp11_veneer  0x0000000000000000        0x0 linker stubs
 *(.ARM.extab* .gnu.linkonce.armextab.*)
 .ARM.extab.startup
                0x000000001008c9a0        0x0 /home/leon/git/swp-report/iMX6_Platform_SDK/output/mx6sdl/lib/libsdk.a(startup.o)
 .ARM.extab     0x000000001008c9a0        0x0 /home/src/arm/target/bin/../lib/gcc/arm-none-eabi/4.8.2//libgcc.a(_divdi3.o)
 .ARM.extab     0x000000001008c9a0        0x0 /home/src/arm/target/bin/../lib/gcc/arm-none-eabi/4.8.2//libgcc.a(_udivdi3.o)
 *(.gcc_except_table)

.v4_bx          0x000000001008c9a0        0x0
 .v4_bx         0x0000000000000000        0x0 linker stubs

.iplt           0x000000001008c9a0        0x0
 .iplt          0x0000000000000000        0x0 /home/src/arm/target/bin/../lib/gcc/arm-none-eabi/4.8.2//crtbegin.o

.ctors
 *crtbegin.o(.ctors)
 *crtbegin?.o(.ctors)
 *(EXCLUDE_FILE(*crtend?.o *crtend.o) .ctors)
 *(SORT(.ctors.*))
 *(.ctors)

.dtors
 *crtbegin.o(.dtors)
 *crtbegin?.o(.dtors)
 *(EXCLUDE_FILE(*crtend?.o *crtend.o) .dtors)
 *(SORT(.dtors.*))
 *(.dtors)

.rodata         0x000000001008c9a0     0x1668
 *(.rodata .rodata.* .gnu.linkonce.r.*)
 .rodata        0x000000001008c9a0       0x9c /home/leon/git/swp-report/iMX6_Platform_SDK/output/mx6sdl/gpu_demo/smart_device_rev_a/obj/apps/common/print_clock_info.o
 .rodata        0x000000001008ca3c      0x100 /home/leon/git/swp-report/iMX6_Platform_SDK/output/mx6sdl/gpu_demo/smart_device_rev_a/obj/apps/common/print_version.o
 .rodata        0x000000001008cb3c       0x9c /home/leon/git/swp-report/iMX6_Platform_SDK/output/mx6sdl/gpu_demo/smart_device_rev_a/obj/apps/gpu_demo/src/gpu_test.o
 .rodata        0x000000001008cbd8       0x34 /home/leon/git/swp-report/iMX6_Platform_SDK/output/mx6sdl/gpu_demo/smart_device_rev_a/obj/apps/gpu_demo/src/sdk_gpu_utilities.o
 .rodata        0x000000001008cc0c       0x34 /home/leon/git/swp-report/iMX6_Platform_SDK/output/mx6sdl/lib/libsdk.a(ccm_pll.o)
                0x000000001008cc0c                PLL1_OUTPUT
                0x000000001008cc10                PLL2_OUTPUT
                0x000000001008cc24                PLL3_OUTPUT
                0x000000001008cc38                PLL4_OUTPUT
                0x000000001008cc3c                PLL5_OUTPUT
 .rodata        0x000000001008cc40       0x64 /home/leon/git/swp-report/iMX6_Platform_SDK/output/mx6sdl/lib/libsdk.a(gic.o)
 .rodata        0x000000001008cca4       0x50 /home/leon/git/swp-report/iMX6_Platform_SDK/output/mx6sdl/lib/libsdk.a(sdk_version.o)
                0x000000001008cca4                k_sdk_version
                0x000000001008cca8                k_sdk_copyright
 .rodata        0x000000001008ccf4       0xcc /home/leon/git/swp-report/iMX6_Platform_SDK/output/mx6sdl/lib/libsdk.a(system_util.o)
 .rodata        0x000000001008cdc0       0xf4 /home/leon/git/swp-report/iMX6_Platform_SDK/output/mx6sdl/lib/libsdk.a(text_color.o)
                0x000000001008cdc8                g_TextAttributeDefault
                0x000000001008cdd4                g_TextAttributeBold
                0x000000001008cde0                g_TextAttributeDim
                0x000000001008cdec                g_TextAttributeUnderline
                0x000000001008cdf8                g_TextAttributeBlink
                0x000000001008ce04                g_TextAttributeReverse
                0x000000001008ce10                g_TextAttributeHidden
                0x000000001008ce1c                g_TextColorBlack
                0x000000001008ce28                g_TextColorRed
                0x000000001008ce34                g_TextColorGreen
                0x000000001008ce40                g_TextColorYellow
                0x000000001008ce4c                g_TextColorBlue
                0x000000001008ce58                g_TextColorMagenta
                0x000000001008ce64                g_TextColorCyan
                0x000000001008ce70                g_TextColorWhite
                0x000000001008ce80                g_TextColorOrange
                0x000000001008ce90                g_TextColorLightBlue
                0x000000001008cea0                g_TextColorGray
                0x000000001008ceb0                g_TextColorPurple
 .rodata        0x000000001008ceb4      0x1f8 /home/leon/git/swp-report/iMX6_Platform_SDK/output/mx6sdl/lib/libsdk.a(board_id.o)
 .rodata        0x000000001008d0ac       0x54 /home/leon/git/swp-report/iMX6_Platform_SDK/output/mx6sdl/lib/libsdk.a(ips_disp_panel.o)
 .rodata        0x000000001008d100       0x74 /home/leon/git/swp-report/iMX6_Platform_SDK/output/mx6sdl/lib/libsdk.a(ipu_common.o)
 .rodata        0x000000001008d174       0xc0 /home/leon/git/swp-report/iMX6_Platform_SDK/output/mx6sdl/lib/libsdk.a(ipu_csi.o)
 .rodata        0x000000001008d234       0x9c /home/leon/git/swp-report/iMX6_Platform_SDK/output/mx6sdl/lib/libsdk.a(ipu_dc.o)
 .rodata        0x000000001008d2d0       0x18 /home/leon/git/swp-report/iMX6_Platform_SDK/output/mx6sdl/lib/libsdk.a(ipu_di.o)
 .rodata        0x000000001008d2e8       0x78 /home/leon/git/swp-report/iMX6_Platform_SDK/output/mx6sdl/lib/libsdk.a(ipu_dp.o)
 .rodata        0x000000001008d360       0x38 /home/leon/git/swp-report/iMX6_Platform_SDK/output/mx6sdl/lib/libsdk.a(ipu_idmac.o)
 .rodata        0x000000001008d398       0x68 /home/leon/git/swp-report/iMX6_Platform_SDK/output/mx6sdl/lib/libsdk.a(ldb.o)
 .rodata        0x000000001008d400       0x20 /home/leon/git/swp-report/iMX6_Platform_SDK/output/mx6sdl/lib/libsdk.a(interrupt.o)
 .rodata        0x000000001008d420      0x1bc /home/leon/git/swp-report/iMX6_Platform_SDK/output/mx6sdl/lib/libsdk.a(ipu_ic.o)
 .rodata        0x000000001008d5dc      0x230 /home/leon/git/swp-report/iMX6_Platform_SDK/output/mx6sdl/lib/libsdk.a(abort_handler.o)
 .rodata        0x000000001008d80c       0x64 /home/leon/git/swp-report/iMX6_Platform_SDK/output/mx6sdl/lib/libboard_smart_device_rev_a.a(board_display.o)
 .rodata        0x000000001008d870       0x28 /home/leon/git/swp-report/iMX6_Platform_SDK/output/mx6sdl/lib/libboard_smart_device_rev_a.a(board_hdmi.o)
 .rodata        0x000000001008d898       0x84 /home/leon/git/swp-report/iMX6_Platform_SDK/output/mx6sdl/lib/libboard_smart_device_rev_a.a(uart_iomux_config.o)
 .rodata.str1.4
                0x000000001008d91c       0x3f /home/src/arm/target/bin/../arm-none-eabi/lib//libc.a(lib_a-assert.o)
                                         0x44 (size before relaxing)
 *fill*         0x000000001008d95b        0x1 
 .rodata        0x000000001008d95c        0x4 /home/src/arm/target/bin/../arm-none-eabi/lib//libc.a(lib_a-impure.o)
                0x000000001008d95c                _global_impure_ptr
 .rodata.str1.4
                0x000000001008d960        0x2 /home/src/arm/target/bin/../arm-none-eabi/lib//libc.a(lib_a-impure.o)
                                          0x4 (size before relaxing)
 *fill*         0x000000001008d962        0x2 
 .rodata        0x000000001008d964       0x20 /home/src/arm/target/bin/../arm-none-eabi/lib//libc.a(lib_a-svfprintf.o)
 .rodata.str1.4
                0x000000001008d984       0x42 /home/src/arm/target/bin/../arm-none-eabi/lib//libc.a(lib_a-svfprintf.o)
                                         0x44 (size before relaxing)
 *fill*         0x000000001008d9c6        0x2 
 .rodata.str1.4
                0x000000001008d9c8        0x4 /home/src/arm/target/bin/../arm-none-eabi/lib//libc.a(lib_a-syscalls.o)
 .rodata        0x000000001008d9cc       0x20 /home/src/arm/target/bin/../arm-none-eabi/lib//libc.a(lib_a-vfiprintf.o)
 .rodata.str1.4
                0x0000000000000000       0x30 /home/src/arm/target/bin/../arm-none-eabi/lib//libc.a(lib_a-vfiprintf.o)
 .rodata        0x000000001008d9ec       0x20 /home/src/arm/target/bin/../arm-none-eabi/lib//libc.a(lib_a-vfprintf.o)
 .rodata.str1.4
                0x0000000000000000       0x44 /home/src/arm/target/bin/../arm-none-eabi/lib//libc.a(lib_a-vfprintf.o)
 .rodata.str1.4
                0x000000001008da0c       0x10 /home/src/arm/target/bin/../arm-none-eabi/lib//libc.a(lib_a-dtoa.o)
                                         0x14 (size before relaxing)
 .rodata.str1.4
                0x000000001008da1c        0xc /home/src/arm/target/bin/../arm-none-eabi/lib//libc.a(lib_a-locale.o)
                                         0x14 (size before relaxing)
 .rodata        0x000000001008da28      0x128 /home/src/arm/target/bin/../arm-none-eabi/lib//libc.a(lib_a-mprec.o)
                0x000000001008da38                __mprec_tens
                0x000000001008db00                __mprec_tinytens
                0x000000001008db28                __mprec_bigtens
 .rodata        0x000000001008db50       0x20 /home/src/arm/target/bin/../arm-none-eabi/lib//libc.a(lib_a-svfiprintf.o)
 .rodata.str1.4
                0x0000000000000000       0x30 /home/src/arm/target/bin/../arm-none-eabi/lib//libc.a(lib_a-svfiprintf.o)
 .rodata        0x000000001008db70       0xe0 /home/leon/git/swp-report/iMX6_Platform_SDK/output/mx6sdl/lib/libsdk.a(gpio.o)
 .rodata        0x000000001008dc50      0x380 /home/leon/git/swp-report/iMX6_Platform_SDK/output/mx6sdl/lib/libsdk.a(imx6sdl_gpio_map.o)
                0x000000001008dc50                k_gpio_mux_registers
                0x000000001008dfd0                . = ALIGN (0x4)
 *(.init)
 .init          0x000000001008dfd0        0xc /home/src/arm/target/bin/../lib/gcc/arm-none-eabi/4.8.2//crti.o
                0x000000001008dfd0                _init
 .init          0x000000001008dfdc        0xc /home/src/arm/target/bin/../lib/gcc/arm-none-eabi/4.8.2//crtn.o
                0x000000001008dfe8                . = ALIGN (0x4)
                0x000000001008dfe8                __init_array_start = .
 *(SORT(.init_array.*))
 *(.init_array)
 .init_array    0x000000001008dfe8        0x4 /home/src/arm/target/bin/../lib/gcc/arm-none-eabi/4.8.2//crtbegin.o
                0x000000001008dfec                __init_array_end = .
                0x000000001008dfec                . = ALIGN (0x4)
 *(.fini)
 .fini          0x000000001008dfec        0xc /home/src/arm/target/bin/../lib/gcc/arm-none-eabi/4.8.2//crti.o
                0x000000001008dfec                _fini
 .fini          0x000000001008dff8        0xc /home/src/arm/target/bin/../lib/gcc/arm-none-eabi/4.8.2//crtn.o
                0x000000001008e004                . = ALIGN (0x4)
                0x000000001008e004                __fini_array_start = .
 *(.fini_array)
 .fini_array    0x000000001008e004        0x4 /home/src/arm/target/bin/../lib/gcc/arm-none-eabi/4.8.2//crtbegin.o
 *(SORT(.fini_array.*))
                0x000000001008e008                __fini_array_end = .
                0x000000001008e008                PROVIDE (__exidx_start, .)

.eh_frame       0x000000001008e008        0x4
 .eh_frame      0x000000001008e008        0x0 /home/src/arm/target/bin/../lib/gcc/arm-none-eabi/4.8.2//crtbegin.o
 .eh_frame      0x000000001008e008        0x4 /home/src/arm/target/bin/../lib/gcc/arm-none-eabi/4.8.2//crtend.o

.ARM.exidx      0x000000001008e00c        0x8
 *(.ARM.exidx* .gnu.linkonce.armexidx.*)
 .ARM.exidx.startup
                0x000000001008e00c        0x8 /home/leon/git/swp-report/iMX6_Platform_SDK/output/mx6sdl/lib/libsdk.a(startup.o)
 .ARM.exidx     0x000000001008e014        0x0 /home/src/arm/target/bin/../lib/gcc/arm-none-eabi/4.8.2//libgcc.a(_divdi3.o)
                                          0x8 (size before relaxing)
 .ARM.exidx     0x000000001008e014        0x0 /home/src/arm/target/bin/../lib/gcc/arm-none-eabi/4.8.2//libgcc.a(_udivdi3.o)
                                          0x8 (size before relaxing)
                0x000000001008e014                PROVIDE (__exidx_end, .)

.rel.dyn        0x000000001008e014        0x0
 .rel.iplt      0x0000000000000000        0x0 /home/src/arm/target/bin/../lib/gcc/arm-none-eabi/4.8.2//crtbegin.o

.data           0x000000001008e018   0x2110b8
 *(.data .data.* .gnu.linkonce.d.*)
 .data          0x000000001008e018        0x4 /home/src/arm/target/bin/../lib/gcc/arm-none-eabi/4.8.2//crtbegin.o
                0x000000001008e018                __dso_handle
 .data          0x000000001008e01c        0x0 /home/src/arm/target/bin/../lib/gcc/arm-none-eabi/4.8.2//crti.o
 .data          0x000000001008e01c        0x0 /home/src/arm/target/bin/../lib/gcc/arm-none-eabi/4.8.2//crtend.o
 .data          0x000000001008e01c        0x0 /home/src/arm/target/bin/../lib/gcc/arm-none-eabi/4.8.2//crtn.o
 .data          0x000000001008e01c        0x0 /home/leon/git/swp-report/iMX6_Platform_SDK/apps/gpu_demo/src/rotate_texture.o
 .data          0x000000001008e01c   0x21045c /home/leon/git/swp-report/iMX6_Platform_SDK/apps/gpu_demo/src/texture.o
 .data          0x000000001029e478        0x0 /home/leon/git/swp-report/iMX6_Platform_SDK/output/mx6sdl/gpu_demo/smart_device_rev_a/obj/apps/common/ivt.o
 .data          0x000000001029e478        0x0 /home/leon/git/swp-report/iMX6_Platform_SDK/output/mx6sdl/gpu_demo/smart_device_rev_a/obj/apps/common/platform_init.o
 .data          0x000000001029e478        0x0 /home/leon/git/swp-report/iMX6_Platform_SDK/output/mx6sdl/gpu_demo/smart_device_rev_a/obj/apps/common/print_clock_info.o
 .data          0x000000001029e478        0x0 /home/leon/git/swp-report/iMX6_Platform_SDK/output/mx6sdl/gpu_demo/smart_device_rev_a/obj/apps/common/print_version.o
 .data          0x000000001029e478       0x1c /home/leon/git/swp-report/iMX6_Platform_SDK/output/mx6sdl/gpu_demo/smart_device_rev_a/obj/apps/gpu_demo/src/gpu_test.o
                0x000000001029e478                width
                0x000000001029e47c                height
                0x000000001029e480                pixel_format
                0x000000001029e484                depth_format
                0x000000001029e488                lcd_pixel_format
                0x000000001029e48c                ENABLEZC
                0x000000001029e490                USE_FAST_CLEAR
 .data          0x000000001029e494        0x4 /home/leon/git/swp-report/iMX6_Platform_SDK/output/mx6sdl/gpu_demo/smart_device_rev_a/obj/apps/gpu_demo/src/sdk_gpu_utilities.o
 .data          0x000000001029e498        0x0 /home/leon/git/swp-report/iMX6_Platform_SDK/output/mx6sdl/lib/libsdk.a(ccm_pll.o)
 .data          0x000000001029e498        0x0 /home/leon/git/swp-report/iMX6_Platform_SDK/output/mx6sdl/lib/libsdk.a(cortexA9.o)
 .data          0x000000001029e498        0x0 /home/leon/git/swp-report/iMX6_Platform_SDK/output/mx6sdl/lib/libsdk.a(gic.o)
 .data          0x000000001029e498        0x0 /home/leon/git/swp-report/iMX6_Platform_SDK/output/mx6sdl/lib/libsdk.a(mmu.o)
 .data          0x000000001029e498        0x0 /home/leon/git/swp-report/iMX6_Platform_SDK/output/mx6sdl/lib/libsdk.a(startup.o)
 .data          0x000000001029e498        0x0 /home/leon/git/swp-report/iMX6_Platform_SDK/output/mx6sdl/lib/libsdk.a(vectors.o)
 .data          0x000000001029e498        0x0 /home/leon/git/swp-report/iMX6_Platform_SDK/output/mx6sdl/lib/libsdk.a(sdk_version.o)
 .data          0x000000001029e498        0x0 /home/leon/git/swp-report/iMX6_Platform_SDK/output/mx6sdl/lib/libsdk.a(system_util.o)
 .data          0x000000001029e498        0x4 /home/leon/git/swp-report/iMX6_Platform_SDK/output/mx6sdl/lib/libsdk.a(text_color.o)
                0x000000001029e498                is_color_supported
 .data          0x000000001029e49c        0x0 /home/leon/git/swp-report/iMX6_Platform_SDK/output/mx6sdl/lib/libsdk.a(board_id.o)
 .data          0x000000001029e49c      0x368 /home/leon/git/swp-report/iMX6_Platform_SDK/output/mx6sdl/lib/libsdk.a(ips_disp_panel.o)
                0x000000001029e49c                disp_dev_list
                0x000000001029e800                num_of_panels
 .data          0x000000001029e804        0x0 /home/leon/git/swp-report/iMX6_Platform_SDK/output/mx6sdl/lib/libsdk.a(ipu_common.o)
 .data          0x000000001029e804        0x0 /home/leon/git/swp-report/iMX6_Platform_SDK/output/mx6sdl/lib/libsdk.a(ipu_csi.o)
 .data          0x000000001029e804        0x0 /home/leon/git/swp-report/iMX6_Platform_SDK/output/mx6sdl/lib/libsdk.a(ipu_dc.o)
 .data          0x000000001029e804        0x0 /home/leon/git/swp-report/iMX6_Platform_SDK/output/mx6sdl/lib/libsdk.a(ipu_di.o)
 .data          0x000000001029e804        0x0 /home/leon/git/swp-report/iMX6_Platform_SDK/output/mx6sdl/lib/libsdk.a(ipu_dmfc.o)
 .data          0x000000001029e804        0x0 /home/leon/git/swp-report/iMX6_Platform_SDK/output/mx6sdl/lib/libsdk.a(ipu_dp.o)
 .data          0x000000001029e804        0x0 /home/leon/git/swp-report/iMX6_Platform_SDK/output/mx6sdl/lib/libsdk.a(ipu_idmac.o)
 .data          0x000000001029e804        0x0 /home/leon/git/swp-report/iMX6_Platform_SDK/output/mx6sdl/lib/libsdk.a(ipu_vdi.o)
 .data          0x000000001029e804        0x0 /home/leon/git/swp-report/iMX6_Platform_SDK/output/mx6sdl/lib/libsdk.a(ldb.o)
 .data          0x000000001029e804        0x0 /home/leon/git/swp-report/iMX6_Platform_SDK/output/mx6sdl/lib/libsdk.a(timer.o)
 .data          0x000000001029e804        0x0 /home/leon/git/swp-report/iMX6_Platform_SDK/output/mx6sdl/lib/libsdk.a(imx_uart.o)
 .data          0x000000001029e804        0x4 /home/leon/git/swp-report/iMX6_Platform_SDK/output/mx6sdl/lib/libsdk.a(arm_abort.o)
 .data          0x000000001029e808        0x0 /home/leon/git/swp-report/iMX6_Platform_SDK/output/mx6sdl/lib/libsdk.a(interrupt.o)
 .data          0x000000001029e808        0x0 /home/leon/git/swp-report/iMX6_Platform_SDK/output/mx6sdl/lib/libsdk.a(ipu_ic.o)
 .data          0x000000001029e808        0x0 /home/leon/git/swp-report/iMX6_Platform_SDK/output/mx6sdl/lib/libsdk.a(epit.o)
 .data          0x000000001029e808        0x0 /home/leon/git/swp-report/iMX6_Platform_SDK/output/mx6sdl/lib/libsdk.a(abort_handler.o)
 .data          0x000000001029e808        0x0 /home/leon/git/swp-report/iMX6_Platform_SDK/output/mx6sdl/lib/libboard_smart_device_rev_a.a(board_display.o)
 .data          0x000000001029e808        0x0 /home/leon/git/swp-report/iMX6_Platform_SDK/output/mx6sdl/lib/libboard_smart_device_rev_a.a(board_hdmi.o)
 .data          0x000000001029e808        0x0 /home/leon/git/swp-report/iMX6_Platform_SDK/output/mx6sdl/lib/libboard_smart_device_rev_a.a(board_io_expanders.o)
 .data          0x000000001029e808        0x0 /home/leon/git/swp-report/iMX6_Platform_SDK/output/mx6sdl/lib/libboard_smart_device_rev_a.a(board_mipi.o)
 .data          0x000000001029e808        0x8 /home/leon/git/swp-report/iMX6_Platform_SDK/output/mx6sdl/lib/libboard_smart_device_rev_a.a(hardware_modules.o)
                0x000000001029e808                g_debug_uart_port
                0x000000001029e80c                g_system_timer_port
 .data          0x000000001029e810        0x0 /home/leon/git/swp-report/iMX6_Platform_SDK/output/mx6sdl/lib/libboard_smart_device_rev_a.a(dcd.o)
 .data          0x000000001029e810        0x0 /home/leon/git/swp-report/iMX6_Platform_SDK/output/mx6sdl/lib/libboard_smart_device_rev_a.a(iomux_config.o)
 .data          0x000000001029e810        0x0 /home/leon/git/swp-report/iMX6_Platform_SDK/output/mx6sdl/lib/libboard_smart_device_rev_a.a(ipu1_iomux_config.o)
 .data          0x000000001029e810        0x0 /home/leon/git/swp-report/iMX6_Platform_SDK/output/mx6sdl/lib/libboard_smart_device_rev_a.a(kpp_iomux_config.o)
 .data          0x000000001029e810        0x0 /home/leon/git/swp-report/iMX6_Platform_SDK/output/mx6sdl/lib/libboard_smart_device_rev_a.a(mmdc_iomux_config.o)
 .data          0x000000001029e810        0x0 /home/leon/git/swp-report/iMX6_Platform_SDK/output/mx6sdl/lib/libboard_smart_device_rev_a.a(pwm1_iomux_config.o)
 .data          0x000000001029e810        0x0 /home/leon/git/swp-report/iMX6_Platform_SDK/output/mx6sdl/lib/libboard_smart_device_rev_a.a(sjc_iomux_config.o)
 .data          0x000000001029e810        0x0 /home/leon/git/swp-report/iMX6_Platform_SDK/output/mx6sdl/lib/libboard_smart_device_rev_a.a(uart1_iomux_config.o)
 .data          0x000000001029e810        0x0 /home/leon/git/swp-report/iMX6_Platform_SDK/output/mx6sdl/lib/libboard_smart_device_rev_a.a(uart_iomux_config.o)
 .data          0x000000001029e810        0x0 /home/leon/git/swp-report/iMX6_Platform_SDK/output/mx6sdl/lib/libboard_smart_device_rev_a.a(usdhc2_iomux_config.o)
 .data          0x000000001029e810        0x0 /home/leon/git/swp-report/iMX6_Platform_SDK/output/mx6sdl/lib/libboard_smart_device_rev_a.a(usdhc3_iomux_config.o)
 .data          0x000000001029e810        0x0 /home/leon/git/swp-report/iMX6_Platform_SDK/output/mx6sdl/lib/libboard_smart_device_rev_a.a(usdhc4_iomux_config.o)
 .data          0x000000001029e810        0x0 /home/leon/git/swp-report/iMX6_Platform_SDK/output/mx6sdl/lib/libboard_smart_device_rev_a.a(audmux_iomux_config.o)
 .data          0x000000001029e810        0x0 /home/leon/git/swp-report/iMX6_Platform_SDK/output/mx6sdl/lib/libboard_smart_device_rev_a.a(ccm_iomux_config.o)
 .data          0x000000001029e810        0x0 /home/leon/git/swp-report/iMX6_Platform_SDK/output/mx6sdl/lib/libboard_smart_device_rev_a.a(ecspi1_iomux_config.o)
 .data          0x000000001029e810        0x0 /home/leon/git/swp-report/iMX6_Platform_SDK/output/mx6sdl/lib/libboard_smart_device_rev_a.a(enet_iomux_config.o)
 .data          0x000000001029e810        0x0 /home/leon/git/swp-report/iMX6_Platform_SDK/output/mx6sdl/lib/libboard_smart_device_rev_a.a(epdc_iomux_config.o)
 .data          0x000000001029e810        0x0 /home/leon/git/swp-report/iMX6_Platform_SDK/output/mx6sdl/lib/libboard_smart_device_rev_a.a(flexcan1_iomux_config.o)
 .data          0x000000001029e810        0x0 /home/leon/git/swp-report/iMX6_Platform_SDK/output/mx6sdl/lib/libboard_smart_device_rev_a.a(gpio1_iomux_config.o)
 .data          0x000000001029e810        0x0 /home/leon/git/swp-report/iMX6_Platform_SDK/output/mx6sdl/lib/libboard_smart_device_rev_a.a(gpio2_iomux_config.o)
 .data          0x000000001029e810        0x0 /home/leon/git/swp-report/iMX6_Platform_SDK/output/mx6sdl/lib/libboard_smart_device_rev_a.a(gpio3_iomux_config.o)
 .data          0x000000001029e810        0x0 /home/leon/git/swp-report/iMX6_Platform_SDK/output/mx6sdl/lib/libboard_smart_device_rev_a.a(gpio4_iomux_config.o)
 .data          0x000000001029e810        0x0 /home/leon/git/swp-report/iMX6_Platform_SDK/output/mx6sdl/lib/libboard_smart_device_rev_a.a(gpio5_iomux_config.o)
 .data          0x000000001029e810        0x0 /home/leon/git/swp-report/iMX6_Platform_SDK/output/mx6sdl/lib/libboard_smart_device_rev_a.a(gpio6_iomux_config.o)
 .data          0x000000001029e810        0x0 /home/leon/git/swp-report/iMX6_Platform_SDK/output/mx6sdl/lib/libboard_smart_device_rev_a.a(gpio7_iomux_config.o)
 .data          0x000000001029e810        0x0 /home/leon/git/swp-report/iMX6_Platform_SDK/output/mx6sdl/lib/libboard_smart_device_rev_a.a(gps_iomux_config.o)
 .data          0x000000001029e810        0x0 /home/leon/git/swp-report/iMX6_Platform_SDK/output/mx6sdl/lib/libboard_smart_device_rev_a.a(i2c1_iomux_config.o)
 .data          0x000000001029e810        0x0 /home/leon/git/swp-report/iMX6_Platform_SDK/output/mx6sdl/lib/libboard_smart_device_rev_a.a(i2c2_iomux_config.o)
 .data          0x000000001029e810        0x0 /home/leon/git/swp-report/iMX6_Platform_SDK/output/mx6sdl/lib/libboard_smart_device_rev_a.a(i2c3_iomux_config.o)
 .data          0x000000001029e810        0x0 /home/src/arm/target/bin/../arm-none-eabi/lib//libc.a(lib_a-assert.o)
 .data          0x000000001029e810        0x0 /home/src/arm/target/bin/../arm-none-eabi/lib//libc.a(lib_a-bzero.o)
 .data          0x000000001029e810        0x0 /home/src/arm/target/bin/../arm-none-eabi/lib//libc.a(lib_a-fiprintf.o)
 .data          0x000000001029e810        0x0 /home/src/arm/target/bin/../arm-none-eabi/lib//libc.a(lib_a-fputc.o)
 .data          0x000000001029e810      0x430 /home/src/arm/target/bin/../arm-none-eabi/lib//libc.a(lib_a-impure.o)
                0x000000001029e810                _impure_ptr
 .data          0x000000001029ec40        0x0 /home/src/arm/target/bin/../arm-none-eabi/lib//libc.a(lib_a-init.o)
 .data          0x000000001029ec40        0x0 /home/src/arm/target/bin/../arm-none-eabi/lib//libc.a(lib_a-malloc.o)
 .data          0x000000001029ec40      0x410 /home/src/arm/target/bin/../arm-none-eabi/lib//libc.a(lib_a-mallocr.o)
                0x000000001029ec40                __malloc_av_
                0x000000001029f048                __malloc_sbrk_base
                0x000000001029f04c                __malloc_trim_threshold
 .data          0x000000001029f050        0x0 /home/src/arm/target/bin/../arm-none-eabi/lib//libc.a(lib_a-memcpy-stub.o)
 .data          0x000000001029f050        0x0 /home/src/arm/target/bin/../arm-none-eabi/lib//libc.a(lib_a-memset.o)
 .data          0x000000001029f050        0x0 /home/src/arm/target/bin/../arm-none-eabi/lib//libc.a(lib_a-mlock.o)
 .data          0x000000001029f050        0x0 /home/src/arm/target/bin/../arm-none-eabi/lib//libc.a(lib_a-printf.o)
 .data          0x000000001029f050        0x0 /home/src/arm/target/bin/../arm-none-eabi/lib//libc.a(lib_a-putc.o)
 .data          0x000000001029f050        0x0 /home/src/arm/target/bin/../arm-none-eabi/lib//libc.a(lib_a-realloc.o)
 .data          0x000000001029f050        0x0 /home/src/arm/target/bin/../arm-none-eabi/lib//libc.a(lib_a-reallocr.o)
 .data          0x000000001029f050        0x0 /home/src/arm/target/bin/../arm-none-eabi/lib//libc.a(lib_a-rget.o)
 .data          0x000000001029f050        0x0 /home/src/arm/target/bin/../arm-none-eabi/lib//libc.a(lib_a-sbrkr.o)
 .data          0x000000001029f050        0x0 /home/src/arm/target/bin/../arm-none-eabi/lib//libc.a(lib_a-sprintf.o)
 .data          0x000000001029f050        0x0 /home/src/arm/target/bin/../arm-none-eabi/lib//libc.a(lib_a-strcmp.o)
 .data          0x000000001029f050        0x0 /home/src/arm/target/bin/../arm-none-eabi/lib//libc.a(lib_a-svfprintf.o)
 .data          0x000000001029f050        0x0 /home/src/arm/target/bin/../arm-none-eabi/lib//libc.a(lib_a-syscalls.o)
 .data          0x000000001029f050        0x0 /home/src/arm/target/bin/../arm-none-eabi/lib//libc.a(lib_a-vfiprintf.o)
 .data          0x000000001029f050        0x0 /home/src/arm/target/bin/../arm-none-eabi/lib//libc.a(lib_a-vfprintf.o)
 .data          0x000000001029f050        0x0 /home/src/arm/target/bin/../arm-none-eabi/lib//libc.a(lib_a-vprintf.o)
 .data          0x000000001029f050        0x0 /home/src/arm/target/bin/../arm-none-eabi/lib//libc.a(lib_a-wbuf.o)
 .data          0x000000001029f050        0x0 /home/src/arm/target/bin/../arm-none-eabi/lib//libc.a(lib_a-wsetup.o)
 .data          0x000000001029f050        0x0 /home/src/arm/target/bin/../arm-none-eabi/lib//libc.a(lib_a-abort.o)
 .data          0x000000001029f050        0x0 /home/src/arm/target/bin/../arm-none-eabi/lib//libc.a(lib_a-dtoa.o)
 .data          0x000000001029f050        0x0 /home/src/arm/target/bin/../arm-none-eabi/lib//libc.a(lib_a-errno.o)
 .data          0x000000001029f050        0x0 /home/src/arm/target/bin/../arm-none-eabi/lib//libc.a(lib_a-fflush.o)
 .data          0x000000001029f050        0x0 /home/src/arm/target/bin/../arm-none-eabi/lib//libc.a(lib_a-findfp.o)
 .data          0x000000001029f050        0x0 /home/src/arm/target/bin/../arm-none-eabi/lib//libc.a(lib_a-fputwc.o)
 .data          0x000000001029f050        0x0 /home/src/arm/target/bin/../arm-none-eabi/lib//libc.a(lib_a-freer.o)
 .data          0x000000001029f050        0x0 /home/src/arm/target/bin/../arm-none-eabi/lib//libc.a(lib_a-fvwrite.o)
 .data          0x000000001029f050        0x0 /home/src/arm/target/bin/../arm-none-eabi/lib//libc.a(lib_a-fwalk.o)
 .data          0x000000001029f050       0x7c /home/src/arm/target/bin/../arm-none-eabi/lib//libc.a(lib_a-locale.o)
                0x000000001029f070                __mb_cur_max
 .data          0x000000001029f0cc        0x0 /home/src/arm/target/bin/../arm-none-eabi/lib//libc.a(lib_a-makebuf.o)
 .data          0x000000001029f0cc        0x0 /home/src/arm/target/bin/../arm-none-eabi/lib//libc.a(lib_a-memchr-stub.o)
 .data          0x000000001029f0cc        0x0 /home/src/arm/target/bin/../arm-none-eabi/lib//libc.a(lib_a-memmove.o)
 .data          0x000000001029f0cc        0x0 /home/src/arm/target/bin/../arm-none-eabi/lib//libc.a(lib_a-mprec.o)
 .data          0x000000001029f0cc        0x0 /home/src/arm/target/bin/../arm-none-eabi/lib//libc.a(lib_a-reent.o)
 .data          0x000000001029f0cc        0x0 /home/src/arm/target/bin/../arm-none-eabi/lib//libc.a(lib_a-refill.o)
 .data          0x000000001029f0cc        0x0 /home/src/arm/target/bin/../arm-none-eabi/lib//libc.a(lib_a-s_fpclassify.o)
 .data          0x000000001029f0cc        0x0 /home/src/arm/target/bin/../arm-none-eabi/lib//libc.a(lib_a-signal.o)
 .data          0x000000001029f0cc        0x0 /home/src/arm/target/bin/../arm-none-eabi/lib//libc.a(lib_a-signalr.o)
 .data          0x000000001029f0cc        0x0 /home/src/arm/target/bin/../arm-none-eabi/lib//libc.a(lib_a-stdio.o)
 .data          0x000000001029f0cc        0x0 /home/src/arm/target/bin/../arm-none-eabi/lib//libc.a(lib_a-strlen.o)
 .data          0x000000001029f0cc        0x0 /home/src/arm/target/bin/../arm-none-eabi/lib//libc.a(lib_a-svfiprintf.o)
 .data          0x000000001029f0cc        0x0 /home/src/arm/target/bin/../arm-none-eabi/lib//libc.a(lib_a-wcrtomb.o)
 .data          0x000000001029f0cc        0x4 /home/src/arm/target/bin/../arm-none-eabi/lib//libc.a(lib_a-wctomb_r.o)
                0x000000001029f0cc                __wctomb
 .data          0x000000001029f0d0        0x0 /home/src/arm/target/bin/../arm-none-eabi/lib//libc.a(lib_a-writer.o)
 .data          0x000000001029f0d0        0x0 /home/src/arm/target/bin/../arm-none-eabi/lib//libc.a(lib_a-callocr.o)
 .data          0x000000001029f0d0        0x0 /home/src/arm/target/bin/../arm-none-eabi/lib//libc.a(lib_a-closer.o)
 .data          0x000000001029f0d0        0x0 /home/src/arm/target/bin/../arm-none-eabi/lib//libc.a(lib_a-fclose.o)
 .data          0x000000001029f0d0        0x0 /home/src/arm/target/bin/../arm-none-eabi/lib//libc.a(lib_a-fstatr.o)
 .data          0x000000001029f0d0        0x0 /home/src/arm/target/bin/../arm-none-eabi/lib//libc.a(lib_a-isattyr.o)
 .data          0x000000001029f0d0        0x0 /home/src/arm/target/bin/../arm-none-eabi/lib//libc.a(lib_a-lseekr.o)
 .data          0x000000001029f0d0        0x0 /home/src/arm/target/bin/../arm-none-eabi/lib//libc.a(lib_a-readr.o)
 .data          0x000000001029f0d0        0x0 /home/src/arm/target/bin/../lib/gcc/arm-none-eabi/4.8.2//libgcc.a(_udivsi3.o)
 .data          0x000000001029f0d0        0x0 /home/src/arm/target/bin/../lib/gcc/arm-none-eabi/4.8.2//libgcc.a(_divsi3.o)
 .data          0x000000001029f0d0        0x0 /home/src/arm/target/bin/../lib/gcc/arm-none-eabi/4.8.2//libgcc.a(_dvmd_tls.o)
 .data          0x000000001029f0d0        0x0 /home/src/arm/target/bin/../lib/gcc/arm-none-eabi/4.8.2//libgcc.a(_arm_addsubdf3.o)
 .data          0x000000001029f0d0        0x0 /home/src/arm/target/bin/../lib/gcc/arm-none-eabi/4.8.2//libgcc.a(_arm_muldivdf3.o)
 .data          0x000000001029f0d0        0x0 /home/src/arm/target/bin/../lib/gcc/arm-none-eabi/4.8.2//libgcc.a(_arm_cmpdf2.o)
 .data          0x000000001029f0d0        0x0 /home/src/arm/target/bin/../lib/gcc/arm-none-eabi/4.8.2//libgcc.a(_arm_fixdfsi.o)
 .data          0x000000001029f0d0        0x0 /home/src/arm/target/bin/../lib/gcc/arm-none-eabi/4.8.2//libgcc.a(_aeabi_uldivmod.o)
 .data          0x000000001029f0d0        0x0 /home/src/arm/target/bin/../lib/gcc/arm-none-eabi/4.8.2//libgcc.a(bpabi.o)
 .data          0x000000001029f0d0        0x0 /home/src/arm/target/bin/../lib/gcc/arm-none-eabi/4.8.2//libgcc.a(_divdi3.o)
 .data          0x000000001029f0d0        0x0 /home/src/arm/target/bin/../lib/gcc/arm-none-eabi/4.8.2//libgcc.a(_udivdi3.o)
 .data          0x000000001029f0d0        0x0 /home/src/arm/target/bin/../lib/gcc/arm-none-eabi/4.8.2//libgcc.a(_clzsi2.o)
 .data          0x000000001029f0d0        0x0 /home/leon/git/swp-report/iMX6_Platform_SDK/output/mx6sdl/lib/libsdk.a(gpio.o)
 .data          0x000000001029f0d0        0x0 /home/leon/git/swp-report/iMX6_Platform_SDK/output/mx6sdl/lib/libsdk.a(imx6sdl_gpio_map.o)

.jcr            0x000000001029f0d0        0x4
 .jcr           0x000000001029f0d0        0x0 /home/src/arm/target/bin/../lib/gcc/arm-none-eabi/4.8.2//crtbegin.o
 .jcr           0x000000001029f0d0        0x4 /home/src/arm/target/bin/../lib/gcc/arm-none-eabi/4.8.2//crtend.o

.tm_clone_table
                0x000000001029f0d4        0x0
 .tm_clone_table
                0x000000001029f0d4        0x0 /home/src/arm/target/bin/../lib/gcc/arm-none-eabi/4.8.2//crtbegin.o
 .tm_clone_table
                0x000000001029f0d4        0x0 /home/src/arm/target/bin/../lib/gcc/arm-none-eabi/4.8.2//crtend.o

.igot.plt       0x000000001029f0d4        0x0
 .igot.plt      0x0000000000000000        0x0 /home/src/arm/target/bin/../lib/gcc/arm-none-eabi/4.8.2//crtbegin.o

.hab.data       0x0000000010400000     0x2000
                0x0000000010400000                __hab_data = .
                0x0000000010402000                . = (. + 0x2000)
 *fill*         0x0000000010400000     0x2000 
                0x0000000010402000                . = ALIGN (0x20)
                0x0000000010402000                __hab_data_end = .
                0x0000000000402000                _image_size = (. - _start_image_add)

.bss            0x0000000010402000      0x3e0
                0x0000000010402000                __bss_start__ = .
 *(.shbss)
 *(.bss .bss.* .gnu.linkonce.b.*)
 .bss           0x0000000010402000       0x1c /home/src/arm/target/bin/../lib/gcc/arm-none-eabi/4.8.2//crtbegin.o
 .bss           0x000000001040201c        0x0 /home/src/arm/target/bin/../lib/gcc/arm-none-eabi/4.8.2//crti.o
 .bss           0x000000001040201c        0x0 /home/src/arm/target/bin/../lib/gcc/arm-none-eabi/4.8.2//crtend.o
 .bss           0x000000001040201c        0x0 /home/src/arm/target/bin/../lib/gcc/arm-none-eabi/4.8.2//crtn.o
 .bss           0x000000001040201c        0x0 /home/leon/git/swp-report/iMX6_Platform_SDK/apps/gpu_demo/src/rotate_texture.o
 .bss           0x000000001040201c        0x0 /home/leon/git/swp-report/iMX6_Platform_SDK/apps/gpu_demo/src/texture.o
 .bss           0x000000001040201c        0x0 /home/leon/git/swp-report/iMX6_Platform_SDK/output/mx6sdl/gpu_demo/smart_device_rev_a/obj/apps/common/ivt.o
 .bss           0x000000001040201c        0x0 /home/leon/git/swp-report/iMX6_Platform_SDK/output/mx6sdl/gpu_demo/smart_device_rev_a/obj/apps/common/platform_init.o
 .bss           0x000000001040201c        0x0 /home/leon/git/swp-report/iMX6_Platform_SDK/output/mx6sdl/gpu_demo/smart_device_rev_a/obj/apps/common/print_clock_info.o
 .bss           0x000000001040201c        0x0 /home/leon/git/swp-report/iMX6_Platform_SDK/output/mx6sdl/gpu_demo/smart_device_rev_a/obj/apps/common/print_version.o
 .bss           0x000000001040201c       0x24 /home/leon/git/swp-report/iMX6_Platform_SDK/output/mx6sdl/gpu_demo/smart_device_rev_a/obj/apps/gpu_demo/src/gpu_test.o
                0x000000001040201c                new_width
                0x0000000010402020                new_height
                0x0000000010402024                new_half_width
                0x0000000010402028                new_half_height
                0x000000001040202c                neg_new_half_height
                0x0000000010402030                SAVE_BMP
                0x0000000010402034                HZ
                0x0000000010402038                gpu_new_frame
 .bss           0x0000000010402040        0x4 /home/leon/git/swp-report/iMX6_Platform_SDK/output/mx6sdl/gpu_demo/smart_device_rev_a/obj/apps/gpu_demo/src/sdk_gpu_utilities.o
                0x0000000010402040                frame_no
 .bss           0x0000000010402044        0x0 /home/leon/git/swp-report/iMX6_Platform_SDK/output/mx6sdl/lib/libsdk.a(ccm_pll.o)
 .bss           0x0000000010402044        0x0 /home/leon/git/swp-report/iMX6_Platform_SDK/output/mx6sdl/lib/libsdk.a(cortexA9.o)
 .bss           0x0000000010402044        0x0 /home/leon/git/swp-report/iMX6_Platform_SDK/output/mx6sdl/lib/libsdk.a(gic.o)
 .bss           0x0000000010402044        0x0 /home/leon/git/swp-report/iMX6_Platform_SDK/output/mx6sdl/lib/libsdk.a(mmu.o)
 .bss           0x0000000010402044        0x0 /home/leon/git/swp-report/iMX6_Platform_SDK/output/mx6sdl/lib/libsdk.a(startup.o)
 .bss           0x0000000010402044        0x0 /home/leon/git/swp-report/iMX6_Platform_SDK/output/mx6sdl/lib/libsdk.a(vectors.o)
 .bss           0x0000000010402044        0x0 /home/leon/git/swp-report/iMX6_Platform_SDK/output/mx6sdl/lib/libsdk.a(sdk_version.o)
 .bss           0x0000000010402044        0x0 /home/leon/git/swp-report/iMX6_Platform_SDK/output/mx6sdl/lib/libsdk.a(system_util.o)
 .bss           0x0000000010402044        0x0 /home/leon/git/swp-report/iMX6_Platform_SDK/output/mx6sdl/lib/libsdk.a(text_color.o)
 .bss           0x0000000010402044        0x0 /home/leon/git/swp-report/iMX6_Platform_SDK/output/mx6sdl/lib/libsdk.a(board_id.o)
 .bss           0x0000000010402044        0x0 /home/leon/git/swp-report/iMX6_Platform_SDK/output/mx6sdl/lib/libsdk.a(ips_disp_panel.o)
 .bss           0x0000000010402044       0x10 /home/leon/git/swp-report/iMX6_Platform_SDK/output/mx6sdl/lib/libsdk.a(ipu_common.o)
                0x0000000010402044                csi_vdi_direct_path
                0x0000000010402048                csi_dma_band_mode
 .bss           0x0000000010402054        0x0 /home/leon/git/swp-report/iMX6_Platform_SDK/output/mx6sdl/lib/libsdk.a(ipu_csi.o)
 .bss           0x0000000010402054        0x0 /home/leon/git/swp-report/iMX6_Platform_SDK/output/mx6sdl/lib/libsdk.a(ipu_dc.o)
 .bss           0x0000000010402054        0x0 /home/leon/git/swp-report/iMX6_Platform_SDK/output/mx6sdl/lib/libsdk.a(ipu_di.o)
 .bss           0x0000000010402054        0x0 /home/leon/git/swp-report/iMX6_Platform_SDK/output/mx6sdl/lib/libsdk.a(ipu_dmfc.o)
 .bss           0x0000000010402054        0x0 /home/leon/git/swp-report/iMX6_Platform_SDK/output/mx6sdl/lib/libsdk.a(ipu_dp.o)
 .bss           0x0000000010402054        0x0 /home/leon/git/swp-report/iMX6_Platform_SDK/output/mx6sdl/lib/libsdk.a(ipu_idmac.o)
 .bss           0x0000000010402054        0x0 /home/leon/git/swp-report/iMX6_Platform_SDK/output/mx6sdl/lib/libsdk.a(ipu_vdi.o)
 .bss           0x0000000010402054        0x0 /home/leon/git/swp-report/iMX6_Platform_SDK/output/mx6sdl/lib/libsdk.a(ldb.o)
 .bss           0x0000000010402054        0x4 /home/leon/git/swp-report/iMX6_Platform_SDK/output/mx6sdl/lib/libsdk.a(timer.o)
                0x0000000010402054                g_microsecondTimerMultiple
 .bss           0x0000000010402058        0x0 /home/leon/git/swp-report/iMX6_Platform_SDK/output/mx6sdl/lib/libsdk.a(imx_uart.o)
 .bss           0x0000000010402058        0x0 /home/leon/git/swp-report/iMX6_Platform_SDK/output/mx6sdl/lib/libsdk.a(arm_abort.o)
 .bss           0x0000000010402058      0x290 /home/leon/git/swp-report/iMX6_Platform_SDK/output/mx6sdl/lib/libsdk.a(interrupt.o)
                0x0000000010402058                g_interrupt_handlers
                0x00000000104022d8                g_vectNum
 .bss           0x00000000104022e8        0x0 /home/leon/git/swp-report/iMX6_Platform_SDK/output/mx6sdl/lib/libsdk.a(ipu_ic.o)
 .bss           0x00000000104022e8        0x0 /home/leon/git/swp-report/iMX6_Platform_SDK/output/mx6sdl/lib/libsdk.a(epit.o)
 .bss           0x00000000104022e8        0x0 /home/leon/git/swp-report/iMX6_Platform_SDK/output/mx6sdl/lib/libsdk.a(abort_handler.o)
 .bss           0x00000000104022e8        0x0 /home/leon/git/swp-report/iMX6_Platform_SDK/output/mx6sdl/lib/libboard_smart_device_rev_a.a(board_display.o)
 .bss           0x00000000104022e8        0x0 /home/leon/git/swp-report/iMX6_Platform_SDK/output/mx6sdl/lib/libboard_smart_device_rev_a.a(board_hdmi.o)
 .bss           0x00000000104022e8        0x4 /home/leon/git/swp-report/iMX6_Platform_SDK/output/mx6sdl/lib/libboard_smart_device_rev_a.a(board_io_expanders.o)
                0x00000000104022e8                max7310_i2c_req_array
 .bss           0x00000000104022ec        0x0 /home/leon/git/swp-report/iMX6_Platform_SDK/output/mx6sdl/lib/libboard_smart_device_rev_a.a(board_mipi.o)