Archive member included because of file (symbol)

/home/leon/git/swp-report/iMX6_Platform_SDK/output/mx6sdl/lib/libsdk.a(ccm_pll.o)
                              /home/leon/git/swp-report/iMX6_Platform_SDK/output/mx6sdl/gpu_demo/smart_device_rev_a/obj/apps/common/platform_init.o (ccm_init)
/home/leon/git/swp-report/iMX6_Platform_SDK/output/mx6sdl/lib/libsdk.a(cortexA9.o)
                              /home/leon/git/swp-report/iMX6_Platform_SDK/output/mx6sdl/gpu_demo/smart_device_rev_a/obj/apps/common/platform_init.o (arm_set_interrupt_state)
/home/leon/git/swp-report/iMX6_Platform_SDK/output/mx6sdl/lib/libsdk.a(gic.o)
                              /home/leon/git/swp-report/iMX6_Platform_SDK/output/mx6sdl/gpu_demo/smart_device_rev_a/obj/apps/common/platform_init.o (gic_init)
/home/leon/git/swp-report/iMX6_Platform_SDK/output/mx6sdl/lib/libsdk.a(mmu.o)
                              /home/leon/git/swp-report/iMX6_Platform_SDK/output/mx6sdl/gpu_demo/smart_device_rev_a/obj/apps/common/platform_init.o (mmu_init)
/home/leon/git/swp-report/iMX6_Platform_SDK/output/mx6sdl/lib/libsdk.a(startup.o)
                              (_start)
/home/leon/git/swp-report/iMX6_Platform_SDK/output/mx6sdl/lib/libsdk.a(vectors.o)
                              /home/leon/git/swp-report/iMX6_Platform_SDK/output/mx6sdl/lib/libsdk.a(startup.o) (vectors)
/home/leon/git/swp-report/iMX6_Platform_SDK/output/mx6sdl/lib/libsdk.a(sdk_version.o)
                              /home/leon/git/swp-report/iMX6_Platform_SDK/output/mx6sdl/gpu_demo/smart_device_rev_a/obj/apps/common/print_version.o (k_sdk_version)
/home/leon/git/swp-report/iMX6_Platform_SDK/output/mx6sdl/lib/libsdk.a(system_util.o)
                              /home/leon/git/swp-report/iMX6_Platform_SDK/output/mx6sdl/lib/libsdk.a(startup.o) (_sys_exit)
/home/leon/git/swp-report/iMX6_Platform_SDK/output/mx6sdl/lib/libsdk.a(text_color.o)
                              /home/leon/git/swp-report/iMX6_Platform_SDK/output/mx6sdl/lib/libsdk.a(system_util.o) (g_TextAttributeBold)
/home/leon/git/swp-report/iMX6_Platform_SDK/output/mx6sdl/lib/libsdk.a(board_id.o)
                              /home/leon/git/swp-report/iMX6_Platform_SDK/output/mx6sdl/gpu_demo/smart_device_rev_a/obj/apps/common/print_version.o (chip_name)
/home/leon/git/swp-report/iMX6_Platform_SDK/output/mx6sdl/lib/libsdk.a(ips_disp_panel.o)
                              /home/leon/git/swp-report/iMX6_Platform_SDK/output/mx6sdl/gpu_demo/smart_device_rev_a/obj/apps/gpu_demo/src/gpu_test.o (search_panel)
/home/leon/git/swp-report/iMX6_Platform_SDK/output/mx6sdl/lib/libsdk.a(ipu_common.o)
                              /home/leon/git/swp-report/iMX6_Platform_SDK/output/mx6sdl/gpu_demo/smart_device_rev_a/obj/apps/gpu_demo/src/gpu_test.o (ipu_enable_display)
/home/leon/git/swp-report/iMX6_Platform_SDK/output/mx6sdl/lib/libsdk.a(ipu_csi.o)
                              /home/leon/git/swp-report/iMX6_Platform_SDK/output/mx6sdl/lib/libsdk.a(ipu_common.o) (ipu_csi_config)
/home/leon/git/swp-report/iMX6_Platform_SDK/output/mx6sdl/lib/libsdk.a(ipu_dc.o)
                              /home/leon/git/swp-report/iMX6_Platform_SDK/output/mx6sdl/lib/libsdk.a(ipu_common.o) (ipu_dc_config)
/home/leon/git/swp-report/iMX6_Platform_SDK/output/mx6sdl/lib/libsdk.a(ipu_di.o)
                              /home/leon/git/swp-report/iMX6_Platform_SDK/output/mx6sdl/lib/libsdk.a(ipu_common.o) (ipu_di_config)
/home/leon/git/swp-report/iMX6_Platform_SDK/output/mx6sdl/lib/libsdk.a(ipu_dmfc.o)
                              /home/leon/git/swp-report/iMX6_Platform_SDK/output/mx6sdl/lib/libsdk.a(ipu_common.o) (ipu_dmfc_config)
/home/leon/git/swp-report/iMX6_Platform_SDK/output/mx6sdl/lib/libsdk.a(ipu_dp.o)
                              /home/leon/git/swp-report/iMX6_Platform_SDK/output/mx6sdl/lib/libsdk.a(ipu_common.o) (ipu_dp_config)
/home/leon/git/swp-report/iMX6_Platform_SDK/output/mx6sdl/lib/libsdk.a(ipu_idmac.o)
                              /home/leon/git/swp-report/iMX6_Platform_SDK/output/mx6sdl/lib/libsdk.a(ipu_common.o) (ipu_cpmem_set_field)
/home/leon/git/swp-report/iMX6_Platform_SDK/output/mx6sdl/lib/libsdk.a(ipu_vdi.o)
                              /home/leon/git/swp-report/iMX6_Platform_SDK/output/mx6sdl/lib/libsdk.a(ipu_common.o) (ips_deinterlace_proc)
/home/leon/git/swp-report/iMX6_Platform_SDK/output/mx6sdl/lib/libsdk.a(ldb.o)
                              /home/leon/git/swp-report/iMX6_Platform_SDK/output/mx6sdl/lib/libsdk.a(ips_disp_panel.o) (ldb_config)
/home/leon/git/swp-report/iMX6_Platform_SDK/output/mx6sdl/lib/libsdk.a(timer.o)
                              /home/leon/git/swp-report/iMX6_Platform_SDK/output/mx6sdl/lib/libsdk.a(ipu_common.o) (hal_delay_us)
/home/leon/git/swp-report/iMX6_Platform_SDK/output/mx6sdl/lib/libsdk.a(imx_uart.o)
                              /home/leon/git/swp-report/iMX6_Platform_SDK/output/mx6sdl/gpu_demo/smart_device_rev_a/obj/apps/common/platform_init.o (uart_getchar)
[...]
Memory Configuration

Name             Origin             Length             Attributes
OCRAM            0x00900000         0x00020000         xrw
DDR              0x10000000         0x40000000         xrw
*default*        0x00000000         0xffffffff

Linker script and memory map

LOAD /home/leon/riotboard/arm-2012.09/bin/../lib/gcc/arm-none-eabi/4.7.2//crtbegin.o
LOAD /home/leon/riotboard/arm-2012.09/bin/../lib/gcc/arm-none-eabi/4.7.2//crti.o
LOAD /home/leon/riotboard/arm-2012.09/bin/../lib/gcc/arm-none-eabi/4.7.2//crtend.o
LOAD /home/leon/riotboard/arm-2012.09/bin/../lib/gcc/arm-none-eabi/4.7.2//crtn.o

.l1_page_table  0x00900000     0x4000
                0x00900000                __l1_page_table_start = .
                0x00904000                . = (. + 0x4000)
 *fill*         0x00900000     0x4000 

.heap.ocram     0x00904000    0x1bfb8
                0x00904000                __heap_ocram_start = .
                0x0091ffb8                . = (. + 0x1bfb8)
 *fill*         0x00904000    0x1bfb8 
                0x0091ffb8                __heap_ocram_end = .

.ram_vectors    0x0091ffb8       0x48
                0x0091ffb8                __ram_vectors_start = .
                0x00920000                . = (. + 0x48)
 *fill*         0x0091ffb8       0x48 
                0x00920000                __ram_vectors_end = .
                0x10000000                _start_image_add = ORIGIN (DDR)

.ivt            0x10000000      0x420
                0x10000400                . = (. + 0x400)
 *fill*         0x10000000      0x400 
 *(.ivt)
 .ivt           0x10000400       0x20 /home/leon/git/swp-report/iMX6_Platform_SDK/output/mx6sdl/gpu_demo/smart_device_rev_a/obj/apps/common/ivt.o
                0x10000400                input_ivt

.boot_data      0x10000420        0xc
                0x10000420                __start_boot_data = .
 *(.boot_data)
 .boot_data     0x10000420        0xc /home/leon/git/swp-report/iMX6_Platform_SDK/output/mx6sdl/gpu_demo/smart_device_rev_a/obj/apps/common/ivt.o
                0x10000420                bd

.dcd_hdr        0x10000430        0x4
                0x10000430                __start_dcd = .
 *(.dcd_hdr)
 .dcd_hdr       0x10000430        0x4 /home/leon/git/swp-report/iMX6_Platform_SDK/output/mx6sdl/lib/libboard_smart_device_rev_a.a(dcd.o)
                0x10000430                input_dcd_hdr

.dcd_wrt_cmd    0x10000434        0x4
 *(.dcd_wrt_cmd)
 .dcd_wrt_cmd   0x10000434        0x4 /home/leon/git/swp-report/iMX6_Platform_SDK/output/mx6sdl/lib/libboard_smart_device_rev_a.a(dcd.o)
                0x10000434                input_dcd_wrt_cmd

.dcd_data       0x10000438      0x298
 *(.dcd_data)
 .dcd_data      0x10000438      0x298 /home/leon/git/swp-report/iMX6_Platform_SDK/output/mx6sdl/lib/libboard_smart_device_rev_a.a(dcd.o)
                0x10000438                input_dcd

.text           0x100006d0    0x8c7ec
 CREATE_OBJECT_SYMBOLS
 *(.startup)
 .startup       0x100006d0      0x138 /home/leon/git/swp-report/iMX6_Platform_SDK/output/mx6sdl/lib/libsdk.a(startup.o)
                0x100006d0                _start
 *(.text .text.* .gnu.linkonce.t.*)
 .text          0x10000808      0x128 /home/leon/riotboard/arm-2012.09/bin/../lib/gcc/arm-none-eabi/4.7.2//crtbegin.o
 .text          0x10000930        0x0 /home/leon/riotboard/arm-2012.09/bin/../lib/gcc/arm-none-eabi/4.7.2//crti.o
 .text          0x10000930        0x0 /home/leon/riotboard/arm-2012.09/bin/../lib/gcc/arm-none-eabi/4.7.2//crtend.o
 .text          0x10000930        0x0 /home/leon/riotboard/arm-2012.09/bin/../lib/gcc/arm-none-eabi/4.7.2//crtn.o
 .text          0x10000930    0x614a0 /home/leon/git/swp-report/iMX6_Platform_SDK/apps/gpu_demo/src/rotate_texture.o
                0x10000930                rotateTexture
 .text          0x10061dd0     0x2f70 /home/leon/git/swp-report/iMX6_Platform_SDK/apps/gpu_demo/src/texture.o
                0x10061f04                runTexture
 .text          0x10064d40        0x0 /home/leon/git/swp-report/iMX6_Platform_SDK/output/mx6sdl/gpu_demo/smart_device_rev_a/obj/apps/common/ivt.o
 .text          0x10064d40       0xbc /home/leon/git/swp-report/iMX6_Platform_SDK/output/mx6sdl/gpu_demo/smart_device_rev_a/obj/apps/common/platform_init.o
                0x10064d40                platform_init
 .text          0x10064dfc       0xfc /home/leon/git/swp-report/iMX6_Platform_SDK/output/mx6sdl/gpu_demo/smart_device_rev_a/obj/apps/common/print_clock_info.o
                0x10064dfc                show_freq
                0x10064ee8                show_ddr_config
 .text          0x10064ef8      0x15c /home/leon/git/swp-report/iMX6_Platform_SDK/output/mx6sdl/gpu_demo/smart_device_rev_a/obj/apps/common/print_version.o
                0x10064ef8                print_version
 .text          0x10065054      0x400 /home/leon/git/swp-report/iMX6_Platform_SDK/output/mx6sdl/gpu_demo/smart_device_rev_a/obj/apps/gpu_demo/src/gpu_test.o
                0x10065054                main
                0x10065078                gpu_test
 .text          0x10065454     0x29f0 /home/leon/git/swp-report/iMX6_Platform_SDK/output/mx6sdl/gpu_demo/smart_device_rev_a/obj/apps/gpu_demo/src/sdk_gpu_utilities.o
                0x10065454                ReadReg
                0x10065484                WriteReg
                0x100654b8                WriteDebugReg
                0x100654e8                Poke
                0x10065514                ReadMem
                0x1006553c                clearTWOD
                0x10065acc                clearTWODMSAA
                0x1006605c                clearFrameBuffer
                0x100661e4                clearFrameBufferMSAA
                0x10066364                clearBuffers
                0x1006655c                fastClear
                0x10066d30                fastClearMSAA
                0x10067364                disableFastClear
                0x100673f4                start
                0x1006754c                DoResolve
                0x10067cc0                CallResolve
 .text          0x10067e44      0xc64 /home/leon/git/swp-report/iMX6_Platform_SDK/output/mx6sdl/lib/libsdk.a(ccm_pll.o)
                0x10067e44                ccm_init
                0x10067f68                get_main_clock
                0x100681f8                get_peri_clock
                0x100683a8                ccm_ccgr_config
                0x10068410                clock_gating_config
                0x10068848                ccm_set_lpm_wakeup_source
                0x1006893c                ccm_enter_low_power
                0x100689ac                ipu_hsp_clk_config
                0x100689cc                gpu_clock_config
 .text          0x10068aa8      0x164 /home/leon/git/swp-report/iMX6_Platform_SDK/output/mx6sdl/lib/libsdk.a(cortexA9.o)
                0x10068aa8                arm_set_interrupt_state
                0x10068acc                cpu_get_current
                0x10068ad8                enable_neon_fpu
                0x10068af4                disable_strict_align_check
                0x10068b08                disable_L1_cache
                0x10068b28                get_arm_private_peripheral_base
                0x10068b30                arm_unified_tlb_invalidate
                0x10068b40                arm_unified_tlb_invalidate_is
                0x10068b50                arm_branch_prediction_enable
                0x10068b60                arm_branch_prediction_disable
                0x10068b70                arm_branch_target_cache_invalidate
                0x10068b7c                arm_branch_target_cache_invalidate_is
                0x10068b88                scu_enable
                0x10068b9c                scu_join_smp
                0x10068bac                scu_leave_smp
                0x10068bbc                scu_get_cpus_in_smp
                0x10068bd0                scu_enable_maintenance_broadcast
                0x10068be0                scu_disable_maintenance_broadcast
                0x10068bf0                scu_secure_invalidate
 .text          0x10068c0c      0x5e0 /home/leon/git/swp-report/iMX6_Platform_SDK/output/mx6sdl/lib/libsdk.a(gic.o)
                0x10068cf0                gic_enable
                0x10068d50                gic_set_irq_security
                0x10068df8                gic_enable_irq
                0x10068e74                gic_set_irq_priority
                0x10068ebc                gic_set_cpu_target
                0x10068fc8                gic_send_sgi
                0x1006901c                gic_cpu_enable
                0x1006907c                gic_set_cpu_priority_mask
                0x100690b0                gic_read_irq_ack
                0x100690dc                gic_write_end_of_irq
                0x1006910c                gic_init
                0x100691b0                gic_init_cpu
 .text          0x100691ec      0x460 /home/leon/git/swp-report/iMX6_Platform_SDK/output/mx6sdl/lib/libsdk.a(mmu.o)
                0x100691ec                mmu_enable
                0x10069224                mmu_disable
                0x10069258                mmu_init
                0x10069374                mmu_map_l1_range
                0x1006958c                mmu_virtual_to_physical
 .text          0x1006964c        0x0 /home/leon/git/swp-report/iMX6_Platform_SDK/output/mx6sdl/lib/libsdk.a(startup.o)
 .text          0x1006964c        0x4 /home/leon/git/swp-report/iMX6_Platform_SDK/output/mx6sdl/lib/libsdk.a(vectors.o)
                0x1006964c                exception_handler
 .text.vectors  0x10069650       0x48 /home/leon/git/swp-report/iMX6_Platform_SDK/output/mx6sdl/lib/libsdk.a(vectors.o)
                0x10069650                vectors
 .text          0x10069698        0x0 /home/leon/git/swp-report/iMX6_Platform_SDK/output/mx6sdl/lib/libsdk.a(sdk_version.o)
 .text          0x10069698      0x914 /home/leon/git/swp-report/iMX6_Platform_SDK/output/mx6sdl/lib/libsdk.a(system_util.o)
                0x10069698                _sys_exit
                0x100696b4                mybkpt
                0x100696bc                is_input_char
                0x1006983c                read_input_string
                0x10069b24                get_input_hex
                0x10069da4                read_int
                0x10069f08                jump_to_sdp
 .text          0x10069fac       0xe0 /home/leon/git/swp-report/iMX6_Platform_SDK/output/mx6sdl/lib/libsdk.a(text_color.o)
                0x10069fac                printf_color
                0x1006a048                get_color_supported
 .text          0x1006a08c      0x7c4 /home/leon/git/swp-report/iMX6_Platform_SDK/output/mx6sdl/lib/libsdk.a(board_id.o)
                0x1006a08c                chip_name
                0x1006a1a4                chip_revision
                0x1006a27c                board_name
                0x1006a380                board_revision
                0x1006a448                board_description
                0x1006a568                get_board_id
                0x1006a644                show_board_id
 .text          0x1006a850      0x474 /home/leon/git/swp-report/iMX6_Platform_SDK/output/mx6sdl/lib/libsdk.a(ips_disp_panel.o)
                0x1006aae4                search_panel
                0x1006aba4                list_panel
                0x1006ac3c                get_panel_by_id
 .text          0x1006acc4      0xf90 /home/leon/git/swp-report/iMX6_Platform_SDK/output/mx6sdl/lib/libsdk.a(ipu_common.o)
                0x1006acc4                need_csc
                0x1006ad2c                ipu_write_field
                0x1006add0                ipu_read
                0x1006ae28                ipu_write
                0x1006ae7c                ipu_enable_display
                0x1006aee8                ipu_disable_display
                0x1006af68                ipu_sw_reset
                0x1006b048                ipu_display_setup
                0x1006b1bc                ipu_dual_display_setup
                0x1006b2c0                ipu_capture_setup
                0x1006b704                ipu_capture_streamoff
                0x1006b7d8                ipu_mipi_csi2_setup
                0x1006b9d0                ipu1_ch0_eobnd_isr
                0x1006bbac                ipu_ch0_eobnd_interrupt_register
 .text          0x1006bc54      0xcb8 /home/leon/git/swp-report/iMX6_Platform_SDK/output/mx6sdl/lib/libsdk.a(ipu_csi.o)
                0x1006bc54                ipu_csi_config
                0x1006c298                ipu_smfc_fifo_allocate
                0x1006c3f4                ipu_capture_disp_link
                0x1006c520                ipu_disable_csi
                0x1006c58c                ipu_disable_smfc
                0x1006c5c0                ipu_csi_test_mode_color
 .text          0x1006c90c     0x1bd8 /home/leon/git/swp-report/iMX6_Platform_SDK/output/mx6sdl/lib/libsdk.a(ipu_dc.o)
                0x1006c90c                ipu_dc_config
                0x1006cbfc                ipu_dc_write_channel_config
                0x1006ceb4                ipu_dc_display_config
                0x1006d048                ipu_dc_map
                0x1006d3dc                ipu_dc_microcode_config
                0x1006e188                ipu_dc_microcode_event
 .text          0x1006e4e4      0xfd8 /home/leon/git/swp-report/iMX6_Platform_SDK/output/mx6sdl/lib/libsdk.a(ipu_di.o)
                0x1006e4e4                ipu_di_config
                0x1006eb14                ipu_di_waveform_config
                0x1006ebdc                ipu_di_screen_set
                0x1006ec70                ipu_di_pointer_config
                0x1006edc0                ipu_di_bsclk_gen
                0x1006eef8                ipu_di_sync_config
                0x1006f200                ipu_di_interface_set
 .text          0x1006f4bc      0x3e0 /home/leon/git/swp-report/iMX6_Platform_SDK/output/mx6sdl/lib/libsdk.a(ipu_dmfc.o)
                0x1006f4bc                ipu_dmfc_config
                0x1006f750                ipu_dmfc_alloc
 .text          0x1006f89c      0x59c /home/leon/git/swp-report/iMX6_Platform_SDK/output/mx6sdl/lib/libsdk.a(ipu_dp.o)
                0x1006f89c                ipu_dp_config
                0x1006f8f0                ipu_dp_csc_config
                0x1006fc94                ipu_dp_fg_config
 .text          0x1006fe38     0x2828 /home/leon/git/swp-report/iMX6_Platform_SDK/output/mx6sdl/lib/libsdk.a(ipu_idmac.o)
                0x1006fe38                ipu_cpmem_set_field
                0x1006ff64                ipu_cpmem_mod_field
                0x100700f0                ipu_cpmem_read_field
                0x1007024c                ipu_channel_buf_ready
                0x100703c4                ipu_channel_buf_not_ready
                0x1007053c                ipu_idmac_channel_mode_sel
                0x100705c4                ipu_idmac_channel_enable
                0x1007064c                ipu_idmac_channel_busy
                0x100706f8                ipu_general_idmac_config
                0x10070bdc                ipu_disp_bg_idmac_config
                0x10070cc4                ipu_disp_fg_idmac_config
                0x10070dac                ipu_dma_update_buffer
                0x10070ea0                ipu_idmac_chan_cur_buff
                0x10070f34                ipu_rotate_idmac_config
                0x10071068                ipu_resize_idmac_config
                0x100711a4                ipu_deinterlace_idmac_config
                0x100712f8                ipu_idma_pixel_format_config
 .text          0x10072660      0x598 /home/leon/git/swp-report/iMX6_Platform_SDK/output/mx6sdl/lib/libsdk.a(ipu_vdi.o)
                0x10072660                ipu_deinterlace_3_fields
                0x100726b0                ipu_vdi_set_top_field_man
                0x10072724                ipu_vdi_set_motion
                0x1007282c                ipu_vdi_init
                0x10072970                ipu_vdi_uninit
                0x100729b8                ips_deinterlace_proc
 .text          0x10072bf8      0x4ac /home/leon/git/swp-report/iMX6_Platform_SDK/output/mx6sdl/lib/libsdk.a(ldb.o)
                0x10072dc8                ldb_config
                0x10073000                ldb_set_vs_polarity
 .text          0x100730a4      0x290 /home/leon/git/swp-report/iMX6_Platform_SDK/output/mx6sdl/lib/libsdk.a(timer.o)
                0x100730a4                hal_delay_us
                0x10073114                system_time_init
                0x10073274                time_get_microseconds
 .text          0x10073334     0x2820 /home/leon/git/swp-report/iMX6_Platform_SDK/output/mx6sdl/lib/libsdk.a(imx_uart.o)
                0x10073334                uart_get_reffreq
                0x10073430                uart_putchar
                0x10073580                uart_getchar
                0x100736e0                uart_set_FIFO_mode
                0x1007420c                uart_set_loopback_mode
                0x10074460                uart_setup_interrupt
                0x1007452c                uart_init
 .text          0x10075b54       0x98 /home/leon/git/swp-report/iMX6_Platform_SDK/output/mx6sdl/lib/libsdk.a(arm_abort.o)
                0x10075b54                common_abort_handler
                0x10075bb4                data_abort_handler
                0x10075bcc                prefetch_abort_handler
 .text          0x10075bec      0x1bc /home/leon/git/swp-report/iMX6_Platform_SDK/output/mx6sdl/lib/libsdk.a(interrupt.o)
                0x10075bec                IRQ_HDLR
                0x10075cb4                disable_interrupt
                0x10075cf0                enable_interrupt
                0x10075d48                register_interrupt_routine
                0x10075d7c                default_interrupt_routine
 .text          0x10075da8     0x167c /home/leon/git/swp-report/iMX6_Platform_SDK/output/mx6sdl/lib/libsdk.a(ipu_ic.o)
                0x10075da8                ipu_ic_enable
                0x10075df4                ipu_ic_rotation_config
                0x10076000                ipu_ic_resize_config
                0x10076554                ipu_ic_deinterlace_config
                0x10076730                ipu_ic_calc_resize_coeffs
                0x10076848                ipu_ic_config_resize_rate
                0x10076970                ipu_ic_combine_config
                0x10076b2c                ipu_ic_csc_config
                0x10077224                ipu_ic_task_enable
 .text          0x10077424      0x8e0 /home/leon/git/swp-report/iMX6_Platform_SDK/output/mx6sdl/lib/libsdk.a(epit.o)
                0x10077424                epit_reload_counter
                0x10077484                epit_get_counter_value
                0x100774e0                epit_set_compare_event
                0x10077540                epit_get_compare_event
                0x10077638                epit_counter_disable
                0x100777fc                epit_counter_enable
                0x10077a58                epit_setup_interrupt
                0x10077ae8                epit_init
 .text          0x10077d04      0x4bc /home/leon/git/swp-report/iMX6_Platform_SDK/output/mx6sdl/lib/libsdk.a(abort_handler.o)
                0x10077d04                dump_regs
 .text          0x100781c0      0x44c /home/leon/git/swp-report/iMX6_Platform_SDK/output/mx6sdl/lib/libboard_smart_device_rev_a.a(board_display.o)
                0x100781c0                lvds_power_on
                0x10078228                disable_para_panel
                0x10078278                tftlcd_backlight_en
                0x10078354                tftlcd_reset
                0x100783ec                ldb_clock_config
                0x100784e8                epdc_clock_setting
                0x10078564                epdc_power_supply
 .text          0x1007860c      0x200 /home/leon/git/swp-report/iMX6_Platform_SDK/output/mx6sdl/lib/libboard_smart_device_rev_a.a(board_hdmi.o)
                0x1007860c                hdmi_tx_cec_pgm_iomux
                0x10078650                hdmi_tx_ddc_pgm_iomux
                0x100786c8                hdmi_tx_phydtb_pgm_iomux
                0x10078718                hdmi_pgm_iomux
                0x10078738                ext_hdmi_transmitter_power_on
                0x10078748                hdmi_clock_set
 .text          0x1007880c       0x20 /home/leon/git/swp-report/iMX6_Platform_SDK/output/mx6sdl/lib/libboard_smart_device_rev_a.a(board_io_expanders.o)
                0x1007880c                board_ioexpander_init
                0x1007881c                board_ioexpander_iomux_config
 .text          0x1007882c      0x240 /home/leon/git/swp-report/iMX6_Platform_SDK/output/mx6sdl/lib/libboard_smart_device_rev_a.a(board_mipi.o)
                0x1007882c                mipi_cam_power_on
                0x100788d4                mipi_backlight_en
                0x10078924                mipi_display_reset
                0x10078994                mipi_clock_set
                0x100789c4                mipi_csi2_clock_set
 .text          0x10078a6c        0x0 /home/leon/git/swp-report/iMX6_Platform_SDK/output/mx6sdl/lib/libboard_smart_device_rev_a.a(hardware_modules.o)
 .text          0x10078a6c        0x0 /home/leon/git/swp-report/iMX6_Platform_SDK/output/mx6sdl/lib/libboard_smart_device_rev_a.a(dcd.o)
 .text          0x10078a6c      0x2f8 /home/leon/git/swp-report/iMX6_Platform_SDK/output/mx6sdl/lib/libboard_smart_device_rev_a.a(iomux_config.o)
                0x10078a6c                iomux_config
                0x10078ae4                arm_iomux_config
                0x10078af4                asrc_iomux_config
                0x10078b04                dcic1_iomux_config
                0x10078b14                dcic2_iomux_config
                0x10078b24                ecspi2_iomux_config
                0x10078b34                ecspi3_iomux_config
                0x10078b44                ecspi4_iomux_config
                0x10078b54                eim_iomux_config
                0x10078b64                epit1_iomux_config
                0x10078b74                epit2_iomux_config
                0x10078b84                esai_iomux_config
                0x10078b94                flexcan2_iomux_config
                0x10078ba4                gpmi_iomux_config
                0x10078bb4                gpt_iomux_config
                0x10078bc4                hdmi_iomux_config
                0x10078bd4                i2c4_iomux_config
                0x10078be4                lcd_iomux_config
                0x10078bf4                ldb_iomux_config
                0x10078c04                mipi_csi_iomux_config
                0x10078c14                mipi_dsi_iomux_config
                0x10078c24                mipi_hsi_iomux_config
                0x10078c34                mlb_iomux_config
                0x10078c44                pcie_iomux_config
                0x10078c54                pmu_iomux_config
                0x10078c64                pwm2_iomux_config
                0x10078c74                pwm3_iomux_config
                0x10078c84                pwm4_iomux_config
                0x10078c94                sdma_iomux_config
                0x10078ca4                snvs_iomux_config
                0x10078cb4                spdif_iomux_config
                0x10078cc4                src_iomux_config
                0x10078cd4                uart2_iomux_config
                0x10078ce4                uart3_iomux_config
                0x10078cf4                uart4_iomux_config
                0x10078d04                uart5_iomux_config
                0x10078d14                usb_iomux_config
                0x10078d24                usdhc1_iomux_config
                0x10078d34                wdog1_iomux_config
                0x10078d44                wdog2_iomux_config
                0x10078d54                xtalosc_iomux_config
 .text          0x10078d64      0x5b0 /home/leon/git/swp-report/iMX6_Platform_SDK/output/mx6sdl/lib/libboard_smart_device_rev_a.a(ipu1_iomux_config.o)
                0x10078d64                ipu1_iomux_config
 .text          0x10079314      0x190 /home/leon/git/swp-report/iMX6_Platform_SDK/output/mx6sdl/lib/libboard_smart_device_rev_a.a(kpp_iomux_config.o)
                0x10079314                kpp_iomux_config
 .text          0x100794a4     0x2484 /home/leon/git/swp-report/iMX6_Platform_SDK/output/mx6sdl/lib/libboard_smart_device_rev_a.a(mmdc_iomux_config.o)
                0x100794a4                mmdc_iomux_config
 .text          0x1007b928       0x34 /home/leon/git/swp-report/iMX6_Platform_SDK/output/mx6sdl/lib/libboard_smart_device_rev_a.a(pwm1_iomux_config.o)
                0x1007b928                pwm1_iomux_config
 .text          0x1007b95c       0x70 /home/leon/git/swp-report/iMX6_Platform_SDK/output/mx6sdl/lib/libboard_smart_device_rev_a.a(sjc_iomux_config.o)
                0x1007b95c                sjc_iomux_config
 .text          0x1007b9cc       0x78 /home/leon/git/swp-report/iMX6_Platform_SDK/output/mx6sdl/lib/libboard_smart_device_rev_a.a(uart1_iomux_config.o)
                0x1007b9cc                uart1_iomux_config
 .text          0x1007ba44       0x90 /home/leon/git/swp-report/iMX6_Platform_SDK/output/mx6sdl/lib/libboard_smart_device_rev_a.a(uart_iomux_config.o)
                0x1007ba44                uart_iomux_config
 .text          0x1007bad4      0x188 /home/leon/git/swp-report/iMX6_Platform_SDK/output/mx6sdl/lib/libboard_smart_device_rev_a.a(usdhc2_iomux_config.o)
                0x1007bad4                usdhc2_iomux_config
 .text          0x1007bc5c      0x188 /home/leon/git/swp-report/iMX6_Platform_SDK/output/mx6sdl/lib/libboard_smart_device_rev_a.a(usdhc3_iomux_config.o)
                0x1007bc5c                usdhc3_iomux_config
 .text          0x1007bde4      0x188 /home/leon/git/swp-report/iMX6_Platform_SDK/output/mx6sdl/lib/libboard_smart_device_rev_a.a(usdhc4_iomux_config.o)
                0x1007bde4                usdhc4_iomux_config
 .text          0x1007bf6c       0xa0 /home/leon/git/swp-report/iMX6_Platform_SDK/output/mx6sdl/lib/libboard_smart_device_rev_a.a(audmux_iomux_config.o)
                0x1007bf6c                audmux_iomux_config
 .text          0x1007c00c       0x34 /home/leon/git/swp-report/iMX6_Platform_SDK/output/mx6sdl/lib/libboard_smart_device_rev_a.a(ccm_iomux_config.o)
                0x1007c00c                ccm_iomux_config
 .text          0x1007c040       0xe0 /home/leon/git/swp-report/iMX6_Platform_SDK/output/mx6sdl/lib/libboard_smart_device_rev_a.a(ecspi1_iomux_config.o)
                0x1007c040                ecspi1_iomux_config
 .text          0x1007c120      0x3bc /home/leon/git/swp-report/iMX6_Platform_SDK/output/mx6sdl/lib/libboard_smart_device_rev_a.a(enet_iomux_config.o)
                0x1007c120                enet_iomux_config
 .text          0x1007c4dc      0x66c /home/leon/git/swp-report/iMX6_Platform_SDK/output/mx6sdl/lib/libboard_smart_device_rev_a.a(epdc_iomux_config.o)
                0x1007c4dc                epdc_iomux_config
 .text          0x1007cb48       0x68 /home/leon/git/swp-report/iMX6_Platform_SDK/output/mx6sdl/lib/libboard_smart_device_rev_a.a(flexcan1_iomux_config.o)
                0x1007cb48                flexcan1_iomux_config
 .text          0x1007cbb0      0x274 /home/leon/git/swp-report/iMX6_Platform_SDK/output/mx6sdl/lib/libboard_smart_device_rev_a.a(gpio1_iomux_config.o)
                0x1007cbb0                gpio1_iomux_config
 .text          0x1007ce24      0x164 /home/leon/git/swp-report/iMX6_Platform_SDK/output/mx6sdl/lib/libboard_smart_device_rev_a.a(gpio2_iomux_config.o)
                0x1007ce24                gpio2_iomux_config
 .text          0x1007cf88      0x258 /home/leon/git/swp-report/iMX6_Platform_SDK/output/mx6sdl/lib/libboard_smart_device_rev_a.a(gpio3_iomux_config.o)
                0x1007cf88                gpio3_iomux_config
 .text          0x1007d1e0       0xa0 /home/leon/git/swp-report/iMX6_Platform_SDK/output/mx6sdl/lib/libboard_smart_device_rev_a.a(gpio4_iomux_config.o)
                0x1007d1e0                gpio4_iomux_config
 .text          0x1007d280       0x50 /home/leon/git/swp-report/iMX6_Platform_SDK/output/mx6sdl/lib/libboard_smart_device_rev_a.a(gpio5_iomux_config.o)
                0x1007d280                gpio5_iomux_config
 .text          0x1007d2d0      0x150 /home/leon/git/swp-report/iMX6_Platform_SDK/output/mx6sdl/lib/libboard_smart_device_rev_a.a(gpio6_iomux_config.o)
                0x1007d2d0                gpio6_iomux_config
 .text          0x1007d420       0x7c /home/leon/git/swp-report/iMX6_Platform_SDK/output/mx6sdl/lib/libboard_smart_device_rev_a.a(gpio7_iomux_config.o)
                0x1007d420                gpio7_iomux_config
 .text          0x1007d49c       0xdc /home/leon/git/swp-report/iMX6_Platform_SDK/output/mx6sdl/lib/libboard_smart_device_rev_a.a(gps_iomux_config.o)
                0x1007d49c                gps_iomux_config
 .text          0x1007d578       0x78 /home/leon/git/swp-report/iMX6_Platform_SDK/output/mx6sdl/lib/libboard_smart_device_rev_a.a(i2c1_iomux_config.o)
                0x1007d578                i2c1_iomux_config
 .text          0x1007d5f0       0x78 /home/leon/git/swp-report/iMX6_Platform_SDK/output/mx6sdl/lib/libboard_smart_device_rev_a.a(i2c2_iomux_config.o)
                0x1007d5f0                i2c2_iomux_config
 .text          0x1007d668       0x78 /home/leon/git/swp-report/iMX6_Platform_SDK/output/mx6sdl/lib/libboard_smart_device_rev_a.a(i2c3_iomux_config.o)
                0x1007d668                i2c3_iomux_config
 .text          0x1007d6e0       0x68 /home/leon/riotboard/arm-2012.09/bin/../arm-none-eabi/lib//libc.a(lib_a-assert.o)
                0x1007d6e0                __assert_func
                0x1007d738                __assert
 .text          0x1007d748       0x20 /home/leon/riotboard/arm-2012.09/bin/../arm-none-eabi/lib//libc.a(lib_a-bzero.o)
                0x1007d748                bzero
 .text          0x1007d768       0x70 /home/leon/riotboard/arm-2012.09/bin/../arm-none-eabi/lib//libc.a(lib_a-fiprintf.o)
                0x1007d768                _fiprintf_r
                0x1007d798                fiprintf
 .text          0x1007d7d8       0x94 /home/leon/riotboard/arm-2012.09/bin/../arm-none-eabi/lib//libc.a(lib_a-fputc.o)
                0x1007d7d8                _fputc_r
                0x1007d81c                fputc
 .text          0x1007d86c        0x0 /home/leon/riotboard/arm-2012.09/bin/../arm-none-eabi/lib//libc.a(lib_a-impure.o)
 .text          0x1007d86c       0x88 /home/leon/riotboard/arm-2012.09/bin/../arm-none-eabi/lib//libc.a(lib_a-init.o)
                0x1007d86c                __libc_init_array
 .text          0x1007d8f4       0x40 /home/leon/riotboard/arm-2012.09/bin/../arm-none-eabi/lib//libc.a(lib_a-malloc.o)
                0x1007d8f4                malloc
                0x1007d914                free
 .text          0x1007d934      0x71c /home/leon/riotboard/arm-2012.09/bin/../arm-none-eabi/lib//libc.a(lib_a-mallocr.o)
                0x1007d934                _malloc_r
 .text          0x1007e050      0x20c /home/leon/riotboard/arm-2012.09/bin/../arm-none-eabi/lib//libc.a(lib_a-memcpy.o)
                0x1007e050                memcpy
 .text          0x1007e25c      0x134 /home/leon/riotboard/arm-2012.09/bin/../arm-none-eabi/lib//libc.a(lib_a-memset.o)
                0x1007e25c                memset
 .text          0x1007e390        0x8 /home/leon/riotboard/arm-2012.09/bin/../arm-none-eabi/lib//libc.a(lib_a-mlock.o)
                0x1007e390                __malloc_lock
                0x1007e394                __malloc_unlock
 .text          0x1007e398       0x74 /home/leon/riotboard/arm-2012.09/bin/../arm-none-eabi/lib//libc.a(lib_a-printf.o)
                0x1007e398                _printf_r
                0x1007e3cc                printf
 .text          0x1007e40c      0x170 /home/leon/riotboard/arm-2012.09/bin/../arm-none-eabi/lib//libc.a(lib_a-putc.o)
                0x1007e40c                _putc_r
                0x1007e4bc                putc
 .text          0x1007e57c       0x28 /home/leon/riotboard/arm-2012.09/bin/../arm-none-eabi/lib//libc.a(lib_a-realloc.o)
                0x1007e57c                realloc
 .text          0x1007e5a4      0x574 /home/leon/riotboard/arm-2012.09/bin/../arm-none-eabi/lib//libc.a(lib_a-reallocr.o)
                0x1007e5a4                _realloc_r
 .text          0x1007eb18       0x6c /home/leon/riotboard/arm-2012.09/bin/../arm-none-eabi/lib//libc.a(lib_a-rget.o)
                0x1007eb18                __srget_r
                0x1007eb70                __srget
 .text          0x1007eb84       0x40 /home/leon/riotboard/arm-2012.09/bin/../arm-none-eabi/lib//libc.a(lib_a-sbrkr.o)
                0x1007eb84                _sbrk_r
 .text          0x1007ebc4       0xdc /home/leon/riotboard/arm-2012.09/bin/../arm-none-eabi/lib//libc.a(lib_a-sprintf.o)
                0x1007ebc4                _sprintf_r
                0x1007ec2c                sprintf
 .text          0x1007eca0      0x230 /home/leon/riotboard/arm-2012.09/bin/../arm-none-eabi/lib//libc.a(lib_a-strcmp.o)
                0x1007eca0                strcmp
 .text          0x1007eed0     0x1f7c /home/leon/riotboard/arm-2012.09/bin/../arm-none-eabi/lib//libc.a(lib_a-svfprintf.o)
                0x1007eed0                _svfprintf_r
 .text          0x10080e4c     0x12c4 /home/leon/riotboard/arm-2012.09/bin/../arm-none-eabi/lib//libc.a(lib_a-vfiprintf.o)
                0x10080e4c                __sprint_r
                0x10080f08                _vfiprintf_r
                0x100820e4                vfiprintf
 .text          0x10082110     0x2180 /home/leon/riotboard/arm-2012.09/bin/../arm-none-eabi/lib//libc.a(lib_a-vfprintf.o)
                0x10082110                _vfprintf_r
                0x10084264                vfprintf
 .text          0x10084290       0x4c /home/leon/riotboard/arm-2012.09/bin/../arm-none-eabi/lib//libc.a(lib_a-vprintf.o)
                0x10084290                vprintf
                0x100842bc                _vprintf_r
 .text          0x100842dc      0x14c /home/leon/riotboard/arm-2012.09/bin/../arm-none-eabi/lib//libc.a(lib_a-wbuf.o)
                0x100842dc                __swbuf_r
                0x1008440c                __swbuf
 .text          0x10084428      0x138 /home/leon/riotboard/arm-2012.09/bin/../arm-none-eabi/lib//libc.a(lib_a-wsetup.o)
                0x10084428                __swsetup_r
 .text          0x10084560       0x14 /home/leon/riotboard/arm-2012.09/bin/../arm-none-eabi/lib//libc.a(lib_a-abort.o)
                0x10084560                abort
 *fill*         0x10084574        0x4 
 .text          0x10084578     0x18a8 /home/leon/riotboard/arm-2012.09/bin/../arm-none-eabi/lib//libc.a(lib_a-dtoa.o)
                0x10084758                _dtoa_r
 .text          0x10085e20      0x26c /home/leon/riotboard/arm-2012.09/bin/../arm-none-eabi/lib//libc.a(lib_a-fflush.o)
                0x10085e20                _fflush_r
                0x1008604c                fflush
 .text          0x1008608c      0x2c4 /home/leon/riotboard/arm-2012.09/bin/../arm-none-eabi/lib//libc.a(lib_a-findfp.o)
                0x1008609c                _cleanup_r
                0x10086130                __sfmoreglue
                0x10086178                _cleanup
                0x10086188                __sinit
                0x10086200                __sfp
                0x100862f8                __sfp_lock_acquire
                0x100862fc                __sfp_lock_release
                0x10086300                __sinit_lock_acquire
                0x10086304                __sinit_lock_release
                0x10086308                __fp_lock_all
                0x1008632c                __fp_unlock_all
 .text          0x10086350      0x19c /home/leon/riotboard/arm-2012.09/bin/../arm-none-eabi/lib//libc.a(lib_a-fputwc.o)
                0x10086350                _fputwc_r
                0x100864a0                fputwc
 .text          0x100864ec      0x368 /home/leon/riotboard/arm-2012.09/bin/../arm-none-eabi/lib//libc.a(lib_a-freer.o)
                0x100864ec                _malloc_trim_r
                0x100865e8                _free_r
 .text          0x10086854      0x4c4 /home/leon/riotboard/arm-2012.09/bin/../arm-none-eabi/lib//libc.a(lib_a-fvwrite.o)
                0x10086854                __sfvwrite_r
 .text          0x10086d18      0x114 /home/leon/riotboard/arm-2012.09/bin/../arm-none-eabi/lib//libc.a(lib_a-fwalk.o)
                0x10086d18                _fwalk
                0x10086da0                _fwalk_reent
 .text          0x10086e2c       0xd0 /home/leon/riotboard/arm-2012.09/bin/../arm-none-eabi/lib//libc.a(lib_a-locale.o)
                0x10086e2c                _setlocale_r
                0x10086e98                __locale_charset
                0x10086ea4                __locale_mb_cur_max
                0x10086eb4                __locale_msgcharset
                0x10086ec0                __locale_cjk_lang
                0x10086ec8                _localeconv_r
                0x10086ed4                setlocale
                0x10086ef0                localeconv
 .text          0x10086efc      0x15c /home/leon/riotboard/arm-2012.09/bin/../arm-none-eabi/lib//libc.a(lib_a-makebuf.o)
                0x10086efc                __smakebuf_r
 .text          0x10087058      0x11c /home/leon/riotboard/arm-2012.09/bin/../arm-none-eabi/lib//libc.a(lib_a-memchr.o)
                0x10087058                memchr
 .text          0x10087174      0x134 /home/leon/riotboard/arm-2012.09/bin/../arm-none-eabi/lib//libc.a(lib_a-memmove.o)
                0x10087174                memmove
 .text          0x100872a8      0xd20 /home/leon/riotboard/arm-2012.09/bin/../arm-none-eabi/lib//libc.a(lib_a-mprec.o)
                0x100872a8                _Balloc
                0x10087334                _Bfree
                0x10087350                __multadd
                0x1008742c                __s2b
                0x1008751c                __hi0bits
                0x1008756c                __lo0bits
                0x10087600                __i2b
                0x10087624                __multiply
                0x10087808                __pow5mult
                0x100878fc                __lshift
                0x10087a00                __mcmp
                0x10087a64                __mdiff
                0x10087bb0                __ulp
                0x10087c14                __b2d
                0x10087ce0                __d2b
                0x10087de8                __ratio
                0x10087e78                _mprec_log10
                0x10087ecc                __copybits
                0x10087f40                __any_on
 .text          0x10087fc8      0x19c /home/leon/riotboard/arm-2012.09/bin/../arm-none-eabi/lib//libc.a(lib_a-reent.o)
                0x10087fc8                cleanup_glue
                0x10087ff4                _reclaim_reent
                0x100880f0                _wrapup_reent
 .text          0x10088164      0x1cc /home/leon/riotboard/arm-2012.09/bin/../arm-none-eabi/lib//libc.a(lib_a-refill.o)
                0x1008818c                __srefill_r
 .text          0x10088330       0x6c /home/leon/riotboard/arm-2012.09/bin/../arm-none-eabi/lib//libc.a(lib_a-s_fpclassify.o)
                0x10088330                __fpclassifyd
 .text          0x1008839c      0x24c /home/leon/riotboard/arm-2012.09/bin/../arm-none-eabi/lib//libc.a(lib_a-signal.o)
                0x1008839c                _init_signal_r
                0x100883fc                _signal_r
                0x10088468                _raise_r
                0x10088500                __sigtramp_r
                0x10088594                raise
                0x100885a8                signal
                0x100885c4                _init_signal
                0x100885d4                __sigtramp
 .text          0x100885e8       0x50 /home/leon/riotboard/arm-2012.09/bin/../arm-none-eabi/lib//libc.a(lib_a-signalr.o)
                0x100885e8                _kill_r
                0x10088628                _getpid_r
 .text          0x10088638       0xdc /home/leon/riotboard/arm-2012.09/bin/../arm-none-eabi/lib//libc.a(lib_a-stdio.o)
                0x10088638                __sread
                0x1008866c                __seofread
                0x10088674                __swrite
                0x100886cc                __sseek
                0x10088700                __sclose
 .text          0x10088714       0x60 /home/leon/riotboard/arm-2012.09/bin/../arm-none-eabi/lib//libc.a(lib_a-strlen.o)
                0x10088714                strlen
 .text          0x10088774     0x1224 /home/leon/riotboard/arm-2012.09/bin/../arm-none-eabi/lib//libc.a(lib_a-svfiprintf.o)
                0x10088774                __ssprint_r
                0x10088918                _svfiprintf_r
 .text          0x10089998      0x134 /home/leon/riotboard/arm-2012.09/bin/../arm-none-eabi/lib//libc.a(lib_a-wcrtomb.o)
                0x10089998                _wcrtomb_r
                0x10089a28                wcrtomb
 .text          0x10089acc       0x7c /home/leon/riotboard/arm-2012.09/bin/../arm-none-eabi/lib//libc.a(lib_a-wctomb_r.o)
                0x10089acc                __ascii_wctomb
                0x10089af8                _wctomb_r
 .text          0x10089b48       0x44 /home/leon/riotboard/arm-2012.09/bin/../arm-none-eabi/lib//libc.a(lib_a-writer.o)
                0x10089b48                _write_r
 .text          0x10089b8c       0x94 /home/leon/riotboard/arm-2012.09/bin/../arm-none-eabi/lib//libc.a(lib_a-callocr.o)
                0x10089b8c                _calloc_r
 .text          0x10089c20       0x3c /home/leon/riotboard/arm-2012.09/bin/../arm-none-eabi/lib//libc.a(lib_a-closer.o)
                0x10089c20                _close_r
 .text          0x10089c5c      0x10c /home/leon/riotboard/arm-2012.09/bin/../arm-none-eabi/lib//libc.a(lib_a-fclose.o)
                0x10089c5c                _fclose_r
                0x10089d54                fclose
 .text          0x10089d68       0x40 /home/leon/riotboard/arm-2012.09/bin/../arm-none-eabi/lib//libc.a(lib_a-fstatr.o)
                0x10089d68                _fstat_r
 .text          0x10089da8       0x3c /home/leon/riotboard/arm-2012.09/bin/../arm-none-eabi/lib//libc.a(lib_a-isattyr.o)
                0x10089da8                _isatty_r
 .text          0x10089de4       0x44 /home/leon/riotboard/arm-2012.09/bin/../arm-none-eabi/lib//libc.a(lib_a-lseekr.o)
                0x10089de4                _lseek_r
 .text          0x10089e28       0x44 /home/leon/riotboard/arm-2012.09/bin/../arm-none-eabi/lib//libc.a(lib_a-readr.o)
                0x10089e28                _read_r
 .text          0x10089e6c      0x114 /home/leon/riotboard/arm-2012.09/bin/../lib/gcc/arm-none-eabi/4.7.2//libgcc.a(_udivsi3.o)
                0x10089e6c                __udivsi3
                0x10089e6c                __aeabi_uidiv
                0x10089f60                __aeabi_uidivmod
 .text          0x10089f80      0x148 /home/leon/riotboard/arm-2012.09/bin/../lib/gcc/arm-none-eabi/4.7.2//libgcc.a(_divsi3.o)
                0x10089f80                __aeabi_idiv
                0x10089f80                __divsi3
                0x1008a0a8                __aeabi_idivmod
 .text          0x1008a0c8        0x4 /home/leon/riotboard/arm-2012.09/bin/../lib/gcc/arm-none-eabi/4.7.2//libgcc.a(_dvmd_tls.o)
                0x1008a0c8                __aeabi_ldiv0
                0x1008a0c8                __aeabi_idiv0
 .text          0x1008a0cc      0x41c /home/leon/riotboard/arm-2012.09/bin/../lib/gcc/arm-none-eabi/4.7.2//libgcc.a(_arm_addsubdf3.o)
                0x1008a0cc                __aeabi_drsub
                0x1008a0d4                __aeabi_dsub
                0x1008a0d4                __subdf3
                0x1008a0d8                __adddf3
                0x1008a0d8                __aeabi_dadd
                0x1008a3e8                __aeabi_ui2d
                0x1008a3e8                __floatunsidf
                0x1008a40c                __floatsidf
                0x1008a40c                __aeabi_i2d
                0x1008a434                __extendsfdf2
                0x1008a434                __aeabi_f2d
                0x1008a474                __aeabi_ul2d
                0x1008a474                __floatundidf
                0x1008a488                __floatdidf
                0x1008a488                __aeabi_l2d
 .text          0x1008a4e8      0x49c /home/leon/riotboard/arm-2012.09/bin/../lib/gcc/arm-none-eabi/4.7.2//libgcc.a(_arm_muldivdf3.o)
                0x1008a4e8                __aeabi_dmul
                0x1008a4e8                __muldf3
                0x1008a778                __aeabi_ddiv
                0x1008a778                __divdf3
 .text          0x1008a984      0x144 /home/leon/riotboard/arm-2012.09/bin/../lib/gcc/arm-none-eabi/4.7.2//libgcc.a(_arm_cmpdf2.o)
                0x1008a984                __gtdf2
                0x1008a984                __gedf2
                0x1008a98c                __ltdf2
                0x1008a98c                __ledf2
                0x1008a994                __cmpdf2
                0x1008a994                __eqdf2
                0x1008a994                __nedf2
                0x1008aa1c                __aeabi_cdrcmple
                0x1008aa38                __aeabi_cdcmple
                0x1008aa38                __aeabi_cdcmpeq
                0x1008aa50                __aeabi_dcmpeq
                0x1008aa68                __aeabi_dcmplt
                0x1008aa80                __aeabi_dcmple
                0x1008aa98                __aeabi_dcmpge
                0x1008aab0                __aeabi_dcmpgt
 .text          0x1008aac8       0x5c /home/leon/riotboard/arm-2012.09/bin/../lib/gcc/arm-none-eabi/4.7.2//libgcc.a(_arm_fixdfsi.o)
                0x1008aac8                __fixdfsi
                0x1008aac8                __aeabi_d2iz
 .text          0x1008ab24       0x3c /home/leon/riotboard/arm-2012.09/bin/../lib/gcc/arm-none-eabi/4.7.2//libgcc.a(_aeabi_uldivmod.o)
                0x1008ab24                __aeabi_uldivmod
 .text          0x1008ab60       0x84 /home/leon/riotboard/arm-2012.09/bin/../lib/gcc/arm-none-eabi/4.7.2//libgcc.a(bpabi.o)
                0x1008ab60                __gnu_ldivmod_helper
                0x1008aba4                __gnu_uldivmod_helper
 .text          0x1008abe4      0x4f0 /home/leon/riotboard/arm-2012.09/bin/../lib/gcc/arm-none-eabi/4.7.2//libgcc.a(_divdi3.o)
                0x1008abe4                __divdi3
 .text          0x1008b0d4      0x488 /home/leon/riotboard/arm-2012.09/bin/../lib/gcc/arm-none-eabi/4.7.2//libgcc.a(_udivdi3.o)
                0x1008b0d4                __udivdi3
 .text          0x1008b55c       0x48 /home/leon/riotboard/arm-2012.09/bin/../lib/gcc/arm-none-eabi/4.7.2//libgcc.a(_clzsi2.o)
                0x1008b55c                __clzsi2
 .text          0x1008b5a4      0x610 /home/leon/git/swp-report/iMX6_Platform_SDK/output/mx6sdl/lib/libsdk.a(runtime_support.o)
                0x1008b5a4                _execve
                0x1008b5e0                _fork
                0x1008b608                _isatty
                0x1008b62c                _open
                0x1008b658                _close
                0x1008b67c                _lseek
                0x1008b6a8                _fstat
                0x1008b6dc                _read
                0x1008b7ac                _write
                0x1008b898                _raw_puts
                0x1008b918                _sbrk
                0x1008b9c8                _exit
                0x1008b9e8                _kill
                0x1008ba20                _getpid
                0x1008ba38                _link
                0x1008ba70                _unlink
                0x1008baa4                _stat
                0x1008bad8                _times
                0x1008bafc                _gettimeofday
                0x1008bb80                _wait
 .text          0x1008bbb4     0x1308 /home/leon/git/swp-report/iMX6_Platform_SDK/output/mx6sdl/lib/libsdk.a(gpio.o)
                0x1008bbe4                gpio_get_port_count
                0x1008bbfc                gpio_set_gpio
                0x1008bcc0                gpio_set_direction
                0x1008bf1c                gpio_get_direction
                0x1008c064                gpio_set_level
                0x1008c3a4                gpio_get_level
                0x1008c504                gpio_set_interrupt_config
                0x1008c908                gpio_set_interrupt_mask
                0x1008cb4c                gpio_get_interrupt_status
                0x1008cca8                gpio_clear_interrupt
 .text          0x1008cebc        0x0 /home/leon/git/swp-report/iMX6_Platform_SDK/output/mx6sdl/lib/libsdk.a(imx6sdl_gpio_map.o)
 *(.glue_7t)
 .glue_7t       0x00000000        0x0 linker stubs
 *(.glue_7)
 .glue_7        0x00000000        0x0 linker stubs
 *(.vfp11_veneer)
 .vfp11_veneer  0x00000000        0x0 linker stubs
 *(.ARM.extab* .gnu.linkonce.armextab.*)
 .ARM.extab.startup
                0x1008cebc        0x0 /home/leon/git/swp-report/iMX6_Platform_SDK/output/mx6sdl/lib/libsdk.a(startup.o)
 .ARM.extab     0x1008cebc        0x0 /home/leon/riotboard/arm-2012.09/bin/../lib/gcc/arm-none-eabi/4.7.2//libgcc.a(_divdi3.o)
 .ARM.extab     0x1008cebc        0x0 /home/leon/riotboard/arm-2012.09/bin/../lib/gcc/arm-none-eabi/4.7.2//libgcc.a(_udivdi3.o)
 *(.gcc_except_table)

.v4_bx          0x1008cebc        0x0
 .v4_bx         0x00000000        0x0 linker stubs

.iplt           0x1008cebc        0x0
 .iplt          0x00000000        0x0 /home/leon/riotboard/arm-2012.09/bin/../lib/gcc/arm-none-eabi/4.7.2//crtbegin.o

.ctors
 *crtbegin.o(.ctors)
 *crtbegin?.o(.ctors)
 *(EXCLUDE_FILE(*crtend?.o *crtend.o) .ctors)
 *(SORT(.ctors.*))
 *(.ctors)

.dtors
 *crtbegin.o(.dtors)
 *crtbegin?.o(.dtors)
 *(EXCLUDE_FILE(*crtend?.o *crtend.o) .dtors)
 *(SORT(.dtors.*))
 *(.dtors)

.rodata         0x1008cec0     0x1688
 *(.rodata .rodata.* .gnu.linkonce.r.*)
 .rodata        0x1008cec0       0x9c /home/leon/git/swp-report/iMX6_Platform_SDK/output/mx6sdl/gpu_demo/smart_device_rev_a/obj/apps/common/print_clock_info.o
 .rodata        0x1008cf5c      0x100 /home/leon/git/swp-report/iMX6_Platform_SDK/output/mx6sdl/gpu_demo/smart_device_rev_a/obj/apps/common/print_version.o
 .rodata        0x1008d05c       0x9c /home/leon/git/swp-report/iMX6_Platform_SDK/output/mx6sdl/gpu_demo/smart_device_rev_a/obj/apps/gpu_demo/src/gpu_test.o
 .rodata        0x1008d0f8       0x34 /home/leon/git/swp-report/iMX6_Platform_SDK/output/mx6sdl/gpu_demo/smart_device_rev_a/obj/apps/gpu_demo/src/sdk_gpu_utilities.o
 .rodata        0x1008d12c       0x34 /home/leon/git/swp-report/iMX6_Platform_SDK/output/mx6sdl/lib/libsdk.a(ccm_pll.o)
                0x1008d12c                PLL1_OUTPUT
                0x1008d130                PLL2_OUTPUT
                0x1008d144                PLL3_OUTPUT
                0x1008d158                PLL4_OUTPUT
                0x1008d15c                PLL5_OUTPUT
 .rodata        0x1008d160       0x64 /home/leon/git/swp-report/iMX6_Platform_SDK/output/mx6sdl/lib/libsdk.a(gic.o)
 .rodata        0x1008d1c4       0x50 /home/leon/git/swp-report/iMX6_Platform_SDK/output/mx6sdl/lib/libsdk.a(sdk_version.o)
                0x1008d1c4                k_sdk_version
                0x1008d1c8                k_sdk_copyright
 .rodata        0x1008d214       0xcc /home/leon/git/swp-report/iMX6_Platform_SDK/output/mx6sdl/lib/libsdk.a(system_util.o)
 .rodata        0x1008d2e0       0xf4 /home/leon/git/swp-report/iMX6_Platform_SDK/output/mx6sdl/lib/libsdk.a(text_color.o)
                0x1008d2e8                g_TextAttributeDefault
                0x1008d2f4                g_TextAttributeBold
                0x1008d300                g_TextAttributeDim
                0x1008d30c                g_TextAttributeUnderline
                0x1008d318                g_TextAttributeBlink
                0x1008d324                g_TextAttributeReverse
                0x1008d330                g_TextAttributeHidden
                0x1008d33c                g_TextColorBlack
                0x1008d348                g_TextColorRed
                0x1008d354                g_TextColorGreen
                0x1008d360                g_TextColorYellow
                0x1008d36c                g_TextColorBlue
                0x1008d378                g_TextColorMagenta
                0x1008d384                g_TextColorCyan
                0x1008d390                g_TextColorWhite
                0x1008d3a0                g_TextColorOrange
                0x1008d3b0                g_TextColorLightBlue
                0x1008d3c0                g_TextColorGray
                0x1008d3d0                g_TextColorPurple
 .rodata        0x1008d3d4      0x1f8 /home/leon/git/swp-report/iMX6_Platform_SDK/output/mx6sdl/lib/libsdk.a(board_id.o)
 .rodata        0x1008d5cc       0x54 /home/leon/git/swp-report/iMX6_Platform_SDK/output/mx6sdl/lib/libsdk.a(ips_disp_panel.o)
 .rodata        0x1008d620       0x74 /home/leon/git/swp-report/iMX6_Platform_SDK/output/mx6sdl/lib/libsdk.a(ipu_common.o)
 .rodata        0x1008d694       0xc0 /home/leon/git/swp-report/iMX6_Platform_SDK/output/mx6sdl/lib/libsdk.a(ipu_csi.o)
 .rodata        0x1008d754       0x9c /home/leon/git/swp-report/iMX6_Platform_SDK/output/mx6sdl/lib/libsdk.a(ipu_dc.o)
 .rodata        0x1008d7f0       0x18 /home/leon/git/swp-report/iMX6_Platform_SDK/output/mx6sdl/lib/libsdk.a(ipu_di.o)
 .rodata        0x1008d808       0x78 /home/leon/git/swp-report/iMX6_Platform_SDK/output/mx6sdl/lib/libsdk.a(ipu_dp.o)
 .rodata        0x1008d880       0x38 /home/leon/git/swp-report/iMX6_Platform_SDK/output/mx6sdl/lib/libsdk.a(ipu_idmac.o)
 .rodata        0x1008d8b8       0x68 /home/leon/git/swp-report/iMX6_Platform_SDK/output/mx6sdl/lib/libsdk.a(ldb.o)
 .rodata        0x1008d920       0x20 /home/leon/git/swp-report/iMX6_Platform_SDK/output/mx6sdl/lib/libsdk.a(interrupt.o)
 .rodata        0x1008d940      0x1bc /home/leon/git/swp-report/iMX6_Platform_SDK/output/mx6sdl/lib/libsdk.a(ipu_ic.o)
 .rodata        0x1008dafc      0x230 /home/leon/git/swp-report/iMX6_Platform_SDK/output/mx6sdl/lib/libsdk.a(abort_handler.o)
 .rodata        0x1008dd2c       0x64 /home/leon/git/swp-report/iMX6_Platform_SDK/output/mx6sdl/lib/libboard_smart_device_rev_a.a(board_display.o)
 .rodata        0x1008dd90       0x28 /home/leon/git/swp-report/iMX6_Platform_SDK/output/mx6sdl/lib/libboard_smart_device_rev_a.a(board_hdmi.o)
 .rodata        0x1008ddb8       0x84 /home/leon/git/swp-report/iMX6_Platform_SDK/output/mx6sdl/lib/libboard_smart_device_rev_a.a(uart_iomux_config.o)
 .rodata.str1.4
                0x1008de3c       0x3f /home/leon/riotboard/arm-2012.09/bin/../arm-none-eabi/lib//libc.a(lib_a-assert.o)
                                 0x44 (size before relaxing)
 *fill*         0x1008de7b        0x1 
 .rodata        0x1008de7c        0x4 /home/leon/riotboard/arm-2012.09/bin/../arm-none-eabi/lib//libc.a(lib_a-impure.o)
                0x1008de7c                _global_impure_ptr
 .rodata.str1.4
                0x1008de80        0x2 /home/leon/riotboard/arm-2012.09/bin/../arm-none-eabi/lib//libc.a(lib_a-impure.o)
                                  0x4 (size before relaxing)
 *fill*         0x1008de82        0x2 
 .rodata        0x1008de84       0x20 /home/leon/riotboard/arm-2012.09/bin/../arm-none-eabi/lib//libc.a(lib_a-svfprintf.o)
 .rodata.str1.4
                0x1008dea4       0x42 /home/leon/riotboard/arm-2012.09/bin/../arm-none-eabi/lib//libc.a(lib_a-svfprintf.o)
                                 0x44 (size before relaxing)
 *fill*         0x1008dee6        0x2 
 .rodata        0x1008dee8       0x20 /home/leon/riotboard/arm-2012.09/bin/../arm-none-eabi/lib//libc.a(lib_a-vfiprintf.o)
 .rodata.str1.4
                0x00000000       0x30 /home/leon/riotboard/arm-2012.09/bin/../arm-none-eabi/lib//libc.a(lib_a-vfiprintf.o)
 .rodata        0x1008df08       0x20 /home/leon/riotboard/arm-2012.09/bin/../arm-none-eabi/lib//libc.a(lib_a-vfprintf.o)
 .rodata.str1.4
                0x00000000       0x44 /home/leon/riotboard/arm-2012.09/bin/../arm-none-eabi/lib//libc.a(lib_a-vfprintf.o)
 .rodata.str1.4
                0x1008df28       0x10 /home/leon/riotboard/arm-2012.09/bin/../arm-none-eabi/lib//libc.a(lib_a-dtoa.o)
                                 0x14 (size before relaxing)
 .rodata.str1.4
                0x1008df38        0xc /home/leon/riotboard/arm-2012.09/bin/../arm-none-eabi/lib//libc.a(lib_a-locale.o)
                                 0x14 (size before relaxing)
 *fill*         0x1008df44        0x4 
 .rodata        0x1008df48      0x128 /home/leon/riotboard/arm-2012.09/bin/../arm-none-eabi/lib//libc.a(lib_a-mprec.o)
                0x1008df58                __mprec_tens
                0x1008e020                __mprec_tinytens
                0x1008e048                __mprec_bigtens
 .rodata        0x1008e070       0x20 /home/leon/riotboard/arm-2012.09/bin/../arm-none-eabi/lib//libc.a(lib_a-svfiprintf.o)
 .rodata.str1.4
                0x00000000       0x30 /home/leon/riotboard/arm-2012.09/bin/../arm-none-eabi/lib//libc.a(lib_a-svfiprintf.o)
 .rodata        0x1008e090       0x20 /home/leon/git/swp-report/iMX6_Platform_SDK/output/mx6sdl/lib/libsdk.a(runtime_support.o)
 .rodata        0x1008e0b0       0xe0 /home/leon/git/swp-report/iMX6_Platform_SDK/output/mx6sdl/lib/libsdk.a(gpio.o)
 .rodata        0x1008e190      0x380 /home/leon/git/swp-report/iMX6_Platform_SDK/output/mx6sdl/lib/libsdk.a(imx6sdl_gpio_map.o)
                0x1008e190                k_gpio_mux_registers
                0x1008e510                . = ALIGN (0x4)
 *(.init)
 .init          0x1008e510        0xc /home/leon/riotboard/arm-2012.09/bin/../lib/gcc/arm-none-eabi/4.7.2//crti.o
                0x1008e510                _init
 .init          0x1008e51c        0xc /home/leon/riotboard/arm-2012.09/bin/../lib/gcc/arm-none-eabi/4.7.2//crtn.o
                0x1008e528                . = ALIGN (0x4)
                0x1008e528                __init_array_start = .
 *(SORT(.init_array.*))
 *(.init_array)
 .init_array    0x1008e528        0x4 /home/leon/riotboard/arm-2012.09/bin/../lib/gcc/arm-none-eabi/4.7.2//crtbegin.o
                0x1008e52c                __init_array_end = .
                0x1008e52c                . = ALIGN (0x4)
 *(.fini)
 .fini          0x1008e52c        0xc /home/leon/riotboard/arm-2012.09/bin/../lib/gcc/arm-none-eabi/4.7.2//crti.o
                0x1008e52c                _fini
 .fini          0x1008e538        0xc /home/leon/riotboard/arm-2012.09/bin/../lib/gcc/arm-none-eabi/4.7.2//crtn.o
                0x1008e544                . = ALIGN (0x4)
                0x1008e544                __fini_array_start = .
 *(.fini_array)
 .fini_array    0x1008e544        0x4 /home/leon/riotboard/arm-2012.09/bin/../lib/gcc/arm-none-eabi/4.7.2//crtbegin.o
 *(SORT(.fini_array.*))
                0x1008e548                __fini_array_end = .
                0x1008e548                PROVIDE (__exidx_start, .)

.eh_frame       0x1008e548        0x4
 .eh_frame      0x1008e548        0x0 /home/leon/riotboard/arm-2012.09/bin/../lib/gcc/arm-none-eabi/4.7.2//crtbegin.o
 .eh_frame      0x1008e548        0x4 /home/leon/riotboard/arm-2012.09/bin/../lib/gcc/arm-none-eabi/4.7.2//crtend.o

.ARM.exidx      0x1008e54c        0x8
 *(.ARM.exidx* .gnu.linkonce.armexidx.*)
 .ARM.exidx.startup
                0x1008e54c        0x8 /home/leon/git/swp-report/iMX6_Platform_SDK/output/mx6sdl/lib/libsdk.a(startup.o)
 .ARM.exidx     0x1008e554        0x0 /home/leon/riotboard/arm-2012.09/bin/../lib/gcc/arm-none-eabi/4.7.2//libgcc.a(_divdi3.o)
                                  0x8 (size before relaxing)
 .ARM.exidx     0x1008e554        0x0 /home/leon/riotboard/arm-2012.09/bin/../lib/gcc/arm-none-eabi/4.7.2//libgcc.a(_udivdi3.o)
                                  0x8 (size before relaxing)
                0x1008e554                PROVIDE (__exidx_end, .)

.rel.dyn        0x1008e554        0x0
 .rel.iplt      0x00000000        0x0 /home/leon/riotboard/arm-2012.09/bin/../lib/gcc/arm-none-eabi/4.7.2//crtbegin.o

.data           0x1008e558   0x2110bc
 *(.data .data.* .gnu.linkonce.d.*)
 .data          0x1008e558        0x4 /home/leon/riotboard/arm-2012.09/bin/../lib/gcc/arm-none-eabi/4.7.2//crtbegin.o
                0x1008e558                __dso_handle
 .data          0x1008e55c        0x0 /home/leon/riotboard/arm-2012.09/bin/../lib/gcc/arm-none-eabi/4.7.2//crti.o
 .data          0x1008e55c        0x0 /home/leon/riotboard/arm-2012.09/bin/../lib/gcc/arm-none-eabi/4.7.2//crtend.o
 .data          0x1008e55c        0x0 /home/leon/riotboard/arm-2012.09/bin/../lib/gcc/arm-none-eabi/4.7.2//crtn.o
 .data          0x1008e55c        0x0 /home/leon/git/swp-report/iMX6_Platform_SDK/apps/gpu_demo/src/rotate_texture.o
 .data          0x1008e55c   0x21045c /home/leon/git/swp-report/iMX6_Platform_SDK/apps/gpu_demo/src/texture.o
 .data          0x1029e9b8        0x0 /home/leon/git/swp-report/iMX6_Platform_SDK/output/mx6sdl/gpu_demo/smart_device_rev_a/obj/apps/common/ivt.o
 .data          0x1029e9b8        0x0 /home/leon/git/swp-report/iMX6_Platform_SDK/output/mx6sdl/gpu_demo/smart_device_rev_a/obj/apps/common/platform_init.o
 .data          0x1029e9b8        0x0 /home/leon/git/swp-report/iMX6_Platform_SDK/output/mx6sdl/gpu_demo/smart_device_rev_a/obj/apps/common/print_clock_info.o
 .data          0x1029e9b8        0x0 /home/leon/git/swp-report/iMX6_Platform_SDK/output/mx6sdl/gpu_demo/smart_device_rev_a/obj/apps/common/print_version.o
 .data          0x1029e9b8       0x1c /home/leon/git/swp-report/iMX6_Platform_SDK/output/mx6sdl/gpu_demo/smart_device_rev_a/obj/apps/gpu_demo/src/gpu_test.o
                0x1029e9b8                width
                0x1029e9bc                height
                0x1029e9c0                pixel_format
                0x1029e9c4                depth_format
                0x1029e9c8                lcd_pixel_format
                0x1029e9cc                ENABLEZC
                0x1029e9d0                USE_FAST_CLEAR
 .data          0x1029e9d4        0x4 /home/leon/git/swp-report/iMX6_Platform_SDK/output/mx6sdl/gpu_demo/smart_device_rev_a/obj/apps/gpu_demo/src/sdk_gpu_utilities.o
 .data          0x1029e9d8        0x0 /home/leon/git/swp-report/iMX6_Platform_SDK/output/mx6sdl/lib/libsdk.a(ccm_pll.o)
 .data          0x1029e9d8        0x0 /home/leon/git/swp-report/iMX6_Platform_SDK/output/mx6sdl/lib/libsdk.a(cortexA9.o)
 .data          0x1029e9d8        0x0 /home/leon/git/swp-report/iMX6_Platform_SDK/output/mx6sdl/lib/libsdk.a(gic.o)
 .data          0x1029e9d8        0x0 /home/leon/git/swp-report/iMX6_Platform_SDK/output/mx6sdl/lib/libsdk.a(mmu.o)
 .data          0x1029e9d8        0x0 /home/leon/git/swp-report/iMX6_Platform_SDK/output/mx6sdl/lib/libsdk.a(startup.o)
 .data          0x1029e9d8        0x0 /home/leon/git/swp-report/iMX6_Platform_SDK/output/mx6sdl/lib/libsdk.a(vectors.o)
 .data          0x1029e9d8        0x0 /home/leon/git/swp-report/iMX6_Platform_SDK/output/mx6sdl/lib/libsdk.a(sdk_version.o)
 .data          0x1029e9d8        0x0 /home/leon/git/swp-report/iMX6_Platform_SDK/output/mx6sdl/lib/libsdk.a(system_util.o)
 .data          0x1029e9d8        0x4 /home/leon/git/swp-report/iMX6_Platform_SDK/output/mx6sdl/lib/libsdk.a(text_color.o)
                0x1029e9d8                is_color_supported
 .data          0x1029e9dc        0x0 /home/leon/git/swp-report/iMX6_Platform_SDK/output/mx6sdl/lib/libsdk.a(board_id.o)
 .data          0x1029e9dc      0x368 /home/leon/git/swp-report/iMX6_Platform_SDK/output/mx6sdl/lib/libsdk.a(ips_disp_panel.o)
                0x1029e9dc                disp_dev_list
                0x1029ed40                num_of_panels
 .data          0x1029ed44        0x0 /home/leon/git/swp-report/iMX6_Platform_SDK/output/mx6sdl/lib/libsdk.a(ipu_common.o)
 .data          0x1029ed44        0x0 /home/leon/git/swp-report/iMX6_Platform_SDK/output/mx6sdl/lib/libsdk.a(ipu_csi.o)
 .data          0x1029ed44        0x0 /home/leon/git/swp-report/iMX6_Platform_SDK/output/mx6sdl/lib/libsdk.a(ipu_dc.o)
 .data          0x1029ed44        0x0 /home/leon/git/swp-report/iMX6_Platform_SDK/output/mx6sdl/lib/libsdk.a(ipu_di.o)
 .data          0x1029ed44        0x0 /home/leon/git/swp-report/iMX6_Platform_SDK/output/mx6sdl/lib/libsdk.a(ipu_dmfc.o)
 .data          0x1029ed44        0x0 /home/leon/git/swp-report/iMX6_Platform_SDK/output/mx6sdl/lib/libsdk.a(ipu_dp.o)
 .data          0x1029ed44        0x0 /home/leon/git/swp-report/iMX6_Platform_SDK/output/mx6sdl/lib/libsdk.a(ipu_idmac.o)
 .data          0x1029ed44        0x0 /home/leon/git/swp-report/iMX6_Platform_SDK/output/mx6sdl/lib/libsdk.a(ipu_vdi.o)
 .data          0x1029ed44        0x0 /home/leon/git/swp-report/iMX6_Platform_SDK/output/mx6sdl/lib/libsdk.a(ldb.o)
 .data          0x1029ed44        0x0 /home/leon/git/swp-report/iMX6_Platform_SDK/output/mx6sdl/lib/libsdk.a(timer.o)
 .data          0x1029ed44        0x0 /home/leon/git/swp-report/iMX6_Platform_SDK/output/mx6sdl/lib/libsdk.a(imx_uart.o)
 .data          0x1029ed44        0x4 /home/leon/git/swp-report/iMX6_Platform_SDK/output/mx6sdl/lib/libsdk.a(arm_abort.o)
 .data          0x1029ed48        0x0 /home/leon/git/swp-report/iMX6_Platform_SDK/output/mx6sdl/lib/libsdk.a(interrupt.o)
 .data          0x1029ed48        0x0 /home/leon/git/swp-report/iMX6_Platform_SDK/output/mx6sdl/lib/libsdk.a(ipu_ic.o)
 .data          0x1029ed48        0x0 /home/leon/git/swp-report/iMX6_Platform_SDK/output/mx6sdl/lib/libsdk.a(epit.o)
 .data          0x1029ed48        0x0 /home/leon/git/swp-report/iMX6_Platform_SDK/output/mx6sdl/lib/libsdk.a(abort_handler.o)
 .data          0x1029ed48        0x0 /home/leon/git/swp-report/iMX6_Platform_SDK/output/mx6sdl/lib/libboard_smart_device_rev_a.a(board_display.o)
 .data          0x1029ed48        0x0 /home/leon/git/swp-report/iMX6_Platform_SDK/output/mx6sdl/lib/libboard_smart_device_rev_a.a(board_hdmi.o)
 .data          0x1029ed48        0x0 /home/leon/git/swp-report/iMX6_Platform_SDK/output/mx6sdl/lib/libboard_smart_device_rev_a.a(board_io_expanders.o)
 .data          0x1029ed48        0x0 /home/leon/git/swp-report/iMX6_Platform_SDK/output/mx6sdl/lib/libboard_smart_device_rev_a.a(board_mipi.o)
 .data          0x1029ed48        0x8 /home/leon/git/swp-report/iMX6_Platform_SDK/output/mx6sdl/lib/libboard_smart_device_rev_a.a(hardware_modules.o)
                0x1029ed48                g_debug_uart_port
                0x1029ed4c                g_system_timer_port
 .data          0x1029ed50        0x0 /home/leon/git/swp-report/iMX6_Platform_SDK/output/mx6sdl/lib/libboard_smart_device_rev_a.a(dcd.o)
 .data          0x1029ed50        0x0 /home/leon/git/swp-report/iMX6_Platform_SDK/output/mx6sdl/lib/libboard_smart_device_rev_a.a(iomux_config.o)
 .data          0x1029ed50        0x0 /home/leon/git/swp-report/iMX6_Platform_SDK/output/mx6sdl/lib/libboard_smart_device_rev_a.a(ipu1_iomux_config.o)
 .data          0x1029ed50        0x0 /home/leon/git/swp-report/iMX6_Platform_SDK/output/mx6sdl/lib/libboard_smart_device_rev_a.a(kpp_iomux_config.o)
 .data          0x1029ed50        0x0 /home/leon/git/swp-report/iMX6_Platform_SDK/output/mx6sdl/lib/libboard_smart_device_rev_a.a(mmdc_iomux_config.o)
 .data          0x1029ed50        0x0 /home/leon/git/swp-report/iMX6_Platform_SDK/output/mx6sdl/lib/libboard_smart_device_rev_a.a(pwm1_iomux_config.o)
 .data          0x1029ed50        0x0 /home/leon/git/swp-report/iMX6_Platform_SDK/output/mx6sdl/lib/libboard_smart_device_rev_a.a(sjc_iomux_config.o)
 .data          0x1029ed50        0x0 /home/leon/git/swp-report/iMX6_Platform_SDK/output/mx6sdl/lib/libboard_smart_device_rev_a.a(uart1_iomux_config.o)
 .data          0x1029ed50        0x0 /home/leon/git/swp-report/iMX6_Platform_SDK/output/mx6sdl/lib/libboard_smart_device_rev_a.a(uart_iomux_config.o)
 .data          0x1029ed50        0x0 /home/leon/git/swp-report/iMX6_Platform_SDK/output/mx6sdl/lib/libboard_smart_device_rev_a.a(usdhc2_iomux_config.o)
 .data          0x1029ed50        0x0 /home/leon/git/swp-report/iMX6_Platform_SDK/output/mx6sdl/lib/libboard_smart_device_rev_a.a(usdhc3_iomux_config.o)
 .data          0x1029ed50        0x0 /home/leon/git/swp-report/iMX6_Platform_SDK/output/mx6sdl/lib/libboard_smart_device_rev_a.a(usdhc4_iomux_config.o)
 .data          0x1029ed50        0x0 /home/leon/git/swp-report/iMX6_Platform_SDK/output/mx6sdl/lib/libboard_smart_device_rev_a.a(audmux_iomux_config.o)
 .data          0x1029ed50        0x0 /home/leon/git/swp-report/iMX6_Platform_SDK/output/mx6sdl/lib/libboard_smart_device_rev_a.a(ccm_iomux_config.o)
 .data          0x1029ed50        0x0 /home/leon/git/swp-report/iMX6_Platform_SDK/output/mx6sdl/lib/libboard_smart_device_rev_a.a(ecspi1_iomux_config.o)
 .data          0x1029ed50        0x0 /home/leon/git/swp-report/iMX6_Platform_SDK/output/mx6sdl/lib/libboard_smart_device_rev_a.a(enet_iomux_config.o)
 .data          0x1029ed50        0x0 /home/leon/git/swp-report/iMX6_Platform_SDK/output/mx6sdl/lib/libboard_smart_device_rev_a.a(epdc_iomux_config.o)
 .data          0x1029ed50        0x0 /home/leon/git/swp-report/iMX6_Platform_SDK/output/mx6sdl/lib/libboard_smart_device_rev_a.a(flexcan1_iomux_config.o)
 .data          0x1029ed50        0x0 /home/leon/git/swp-report/iMX6_Platform_SDK/output/mx6sdl/lib/libboard_smart_device_rev_a.a(gpio1_iomux_config.o)
 .data          0x1029ed50        0x0 /home/leon/git/swp-report/iMX6_Platform_SDK/output/mx6sdl/lib/libboard_smart_device_rev_a.a(gpio2_iomux_config.o)
 .data          0x1029ed50        0x0 /home/leon/git/swp-report/iMX6_Platform_SDK/output/mx6sdl/lib/libboard_smart_device_rev_a.a(gpio3_iomux_config.o)
 .data          0x1029ed50        0x0 /home/leon/git/swp-report/iMX6_Platform_SDK/output/mx6sdl/lib/libboard_smart_device_rev_a.a(gpio4_iomux_config.o)
 .data          0x1029ed50        0x0 /home/leon/git/swp-report/iMX6_Platform_SDK/output/mx6sdl/lib/libboard_smart_device_rev_a.a(gpio5_iomux_config.o)
 .data          0x1029ed50        0x0 /home/leon/git/swp-report/iMX6_Platform_SDK/output/mx6sdl/lib/libboard_smart_device_rev_a.a(gpio6_iomux_config.o)
 .data          0x1029ed50        0x0 /home/leon/git/swp-report/iMX6_Platform_SDK/output/mx6sdl/lib/libboard_smart_device_rev_a.a(gpio7_iomux_config.o)
 .data          0x1029ed50        0x0 /home/leon/git/swp-report/iMX6_Platform_SDK/output/mx6sdl/lib/libboard_smart_device_rev_a.a(gps_iomux_config.o)
 .data          0x1029ed50        0x0 /home/leon/git/swp-report/iMX6_Platform_SDK/output/mx6sdl/lib/libboard_smart_device_rev_a.a(i2c1_iomux_config.o)
 .data          0x1029ed50        0x0 /home/leon/git/swp-report/iMX6_Platform_SDK/output/mx6sdl/lib/libboard_smart_device_rev_a.a(i2c2_iomux_config.o)
 .data          0x1029ed50        0x0 /home/leon/git/swp-report/iMX6_Platform_SDK/output/mx6sdl/lib/libboard_smart_device_rev_a.a(i2c3_iomux_config.o)
 .data          0x1029ed50        0x0 /home/leon/riotboard/arm-2012.09/bin/../arm-none-eabi/lib//libc.a(lib_a-assert.o)
 .data          0x1029ed50        0x0 /home/leon/riotboard/arm-2012.09/bin/../arm-none-eabi/lib//libc.a(lib_a-bzero.o)
 .data          0x1029ed50        0x0 /home/leon/riotboard/arm-2012.09/bin/../arm-none-eabi/lib//libc.a(lib_a-fiprintf.o)
 .data          0x1029ed50        0x0 /home/leon/riotboard/arm-2012.09/bin/../arm-none-eabi/lib//libc.a(lib_a-fputc.o)
 .data          0x1029ed50      0x430 /home/leon/riotboard/arm-2012.09/bin/../arm-none-eabi/lib//libc.a(lib_a-impure.o)
                0x1029ed50                _impure_ptr
 .data          0x1029f180        0x0 /home/leon/riotboard/arm-2012.09/bin/../arm-none-eabi/lib//libc.a(lib_a-init.o)
 .data          0x1029f180        0x0 /home/leon/riotboard/arm-2012.09/bin/../arm-none-eabi/lib//libc.a(lib_a-malloc.o)
 .data          0x1029f180      0x410 /home/leon/riotboard/arm-2012.09/bin/../arm-none-eabi/lib//libc.a(lib_a-mallocr.o)
                0x1029f180                __malloc_av_
                0x1029f588                __malloc_sbrk_base
                0x1029f58c                __malloc_trim_threshold
 .data          0x1029f590        0x0 /home/leon/riotboard/arm-2012.09/bin/../arm-none-eabi/lib//libc.a(lib_a-memcpy.o)
 .data          0x1029f590        0x0 /home/leon/riotboard/arm-2012.09/bin/../arm-none-eabi/lib//libc.a(lib_a-memset.o)
 .data          0x1029f590        0x0 /home/leon/riotboard/arm-2012.09/bin/../arm-none-eabi/lib//libc.a(lib_a-mlock.o)
 .data          0x1029f590        0x0 /home/leon/riotboard/arm-2012.09/bin/../arm-none-eabi/lib//libc.a(lib_a-printf.o)
 .data          0x1029f590        0x0 /home/leon/riotboard/arm-2012.09/bin/../arm-none-eabi/lib//libc.a(lib_a-putc.o)
 .data          0x1029f590        0x0 /home/leon/riotboard/arm-2012.09/bin/../arm-none-eabi/lib//libc.a(lib_a-realloc.o)
 .data          0x1029f590        0x0 /home/leon/riotboard/arm-2012.09/bin/../arm-none-eabi/lib//libc.a(lib_a-reallocr.o)
 .data          0x1029f590        0x0 /home/leon/riotboard/arm-2012.09/bin/../arm-none-eabi/lib//libc.a(lib_a-rget.o)
 .data          0x1029f590        0x0 /home/leon/riotboard/arm-2012.09/bin/../arm-none-eabi/lib//libc.a(lib_a-sbrkr.o)
 .data          0x1029f590        0x0 /home/leon/riotboard/arm-2012.09/bin/../arm-none-eabi/lib//libc.a(lib_a-sprintf.o)
 .data          0x1029f590        0x0 /home/leon/riotboard/arm-2012.09/bin/../arm-none-eabi/lib//libc.a(lib_a-strcmp.o)
 .data          0x1029f590        0x0 /home/leon/riotboard/arm-2012.09/bin/../arm-none-eabi/lib//libc.a(lib_a-svfprintf.o)
 .data          0x1029f590        0x0 /home/leon/riotboard/arm-2012.09/bin/../arm-none-eabi/lib//libc.a(lib_a-vfiprintf.o)
 .data          0x1029f590        0x0 /home/leon/riotboard/arm-2012.09/bin/../arm-none-eabi/lib//libc.a(lib_a-vfprintf.o)
 .data          0x1029f590        0x0 /home/leon/riotboard/arm-2012.09/bin/../arm-none-eabi/lib//libc.a(lib_a-vprintf.o)
 .data          0x1029f590        0x0 /home/leon/riotboard/arm-2012.09/bin/../arm-none-eabi/lib//libc.a(lib_a-wbuf.o)
 .data          0x1029f590        0x0 /home/leon/riotboard/arm-2012.09/bin/../arm-none-eabi/lib//libc.a(lib_a-wsetup.o)
 .data          0x1029f590        0x0 /home/leon/riotboard/arm-2012.09/bin/../arm-none-eabi/lib//libc.a(lib_a-abort.o)
 .data          0x1029f590        0x0 /home/leon/riotboard/arm-2012.09/bin/../arm-none-eabi/lib//libc.a(lib_a-dtoa.o)
 .data          0x1029f590        0x0 /home/leon/riotboard/arm-2012.09/bin/../arm-none-eabi/lib//libc.a(lib_a-fflush.o)
 .data          0x1029f590        0x0 /home/leon/riotboard/arm-2012.09/bin/../arm-none-eabi/lib//libc.a(lib_a-findfp.o)
 .data          0x1029f590        0x0 /home/leon/riotboard/arm-2012.09/bin/../arm-none-eabi/lib//libc.a(lib_a-fputwc.o)
 .data          0x1029f590        0x0 /home/leon/riotboard/arm-2012.09/bin/../arm-none-eabi/lib//libc.a(lib_a-freer.o)
 .data          0x1029f590        0x0 /home/leon/riotboard/arm-2012.09/bin/../arm-none-eabi/lib//libc.a(lib_a-fvwrite.o)
 .data          0x1029f590        0x0 /home/leon/riotboard/arm-2012.09/bin/../arm-none-eabi/lib//libc.a(lib_a-fwalk.o)
 .data          0x1029f590       0x7c /home/leon/riotboard/arm-2012.09/bin/../arm-none-eabi/lib//libc.a(lib_a-locale.o)
                0x1029f5b0                __mb_cur_max
 .data          0x1029f60c        0x0 /home/leon/riotboard/arm-2012.09/bin/../arm-none-eabi/lib//libc.a(lib_a-makebuf.o)
 .data          0x1029f60c        0x0 /home/leon/riotboard/arm-2012.09/bin/../arm-none-eabi/lib//libc.a(lib_a-memchr.o)
 .data          0x1029f60c        0x0 /home/leon/riotboard/arm-2012.09/bin/../arm-none-eabi/lib//libc.a(lib_a-memmove.o)
 .data          0x1029f60c        0x0 /home/leon/riotboard/arm-2012.09/bin/../arm-none-eabi/lib//libc.a(lib_a-mprec.o)
 .data          0x1029f60c        0x0 /home/leon/riotboard/arm-2012.09/bin/../arm-none-eabi/lib//libc.a(lib_a-reent.o)
 .data          0x1029f60c        0x0 /home/leon/riotboard/arm-2012.09/bin/../arm-none-eabi/lib//libc.a(lib_a-refill.o)
 .data          0x1029f60c        0x0 /home/leon/riotboard/arm-2012.09/bin/../arm-none-eabi/lib//libc.a(lib_a-s_fpclassify.o)
 .data          0x1029f60c        0x0 /home/leon/riotboard/arm-2012.09/bin/../arm-none-eabi/lib//libc.a(lib_a-signal.o)
 .data          0x1029f60c        0x0 /home/leon/riotboard/arm-2012.09/bin/../arm-none-eabi/lib//libc.a(lib_a-signalr.o)
 .data          0x1029f60c        0x0 /home/leon/riotboard/arm-2012.09/bin/../arm-none-eabi/lib//libc.a(lib_a-stdio.o)
 .data          0x1029f60c        0x0 /home/leon/riotboard/arm-2012.09/bin/../arm-none-eabi/lib//libc.a(lib_a-strlen.o)
 .data          0x1029f60c        0x0 /home/leon/riotboard/arm-2012.09/bin/../arm-none-eabi/lib//libc.a(lib_a-svfiprintf.o)
 .data          0x1029f60c        0x0 /home/leon/riotboard/arm-2012.09/bin/../arm-none-eabi/lib//libc.a(lib_a-wcrtomb.o)
 .data          0x1029f60c        0x4 /home/leon/riotboard/arm-2012.09/bin/../arm-none-eabi/lib//libc.a(lib_a-wctomb_r.o)
                0x1029f60c                __wctomb
 .data          0x1029f610        0x0 /home/leon/riotboard/arm-2012.09/bin/../arm-none-eabi/lib//libc.a(lib_a-writer.o)
 .data          0x1029f610        0x0 /home/leon/riotboard/arm-2012.09/bin/../arm-none-eabi/lib//libc.a(lib_a-callocr.o)
 .data          0x1029f610        0x0 /home/leon/riotboard/arm-2012.09/bin/../arm-none-eabi/lib//libc.a(lib_a-closer.o)
 .data          0x1029f610        0x0 /home/leon/riotboard/arm-2012.09/bin/../arm-none-eabi/lib//libc.a(lib_a-fclose.o)
 .data          0x1029f610        0x0 /home/leon/riotboard/arm-2012.09/bin/../arm-none-eabi/lib//libc.a(lib_a-fstatr.o)
 .data          0x1029f610        0x0 /home/leon/riotboard/arm-2012.09/bin/../arm-none-eabi/lib//libc.a(lib_a-isattyr.o)
 .data          0x1029f610        0x0 /home/leon/riotboard/arm-2012.09/bin/../arm-none-eabi/lib//libc.a(lib_a-lseekr.o)
 .data          0x1029f610        0x0 /home/leon/riotboard/arm-2012.09/bin/../arm-none-eabi/lib//libc.a(lib_a-readr.o)
 .data          0x1029f610        0x0 /home/leon/riotboard/arm-2012.09/bin/../lib/gcc/arm-none-eabi/4.7.2//libgcc.a(_udivsi3.o)
 .data          0x1029f610        0x0 /home/leon/riotboard/arm-2012.09/bin/../lib/gcc/arm-none-eabi/4.7.2//libgcc.a(_divsi3.o)
 .data          0x1029f610        0x0 /home/leon/riotboard/arm-2012.09/bin/../lib/gcc/arm-none-eabi/4.7.2//libgcc.a(_dvmd_tls.o)
 .data          0x1029f610        0x0 /home/leon/riotboard/arm-2012.09/bin/../lib/gcc/arm-none-eabi/4.7.2//libgcc.a(_arm_addsubdf3.o)
 .data          0x1029f610        0x0 /home/leon/riotboard/arm-2012.09/bin/../lib/gcc/arm-none-eabi/4.7.2//libgcc.a(_arm_muldivdf3.o)
 .data          0x1029f610        0x0 /home/leon/riotboard/arm-2012.09/bin/../lib/gcc/arm-none-eabi/4.7.2//libgcc.a(_arm_cmpdf2.o)
 .data          0x1029f610        0x0 /home/leon/riotboard/arm-2012.09/bin/../lib/gcc/arm-none-eabi/4.7.2//libgcc.a(_arm_fixdfsi.o)
 .data          0x1029f610        0x0 /home/leon/riotboard/arm-2012.09/bin/../lib/gcc/arm-none-eabi/4.7.2//libgcc.a(_aeabi_uldivmod.o)
 .data          0x1029f610        0x0 /home/leon/riotboard/arm-2012.09/bin/../lib/gcc/arm-none-eabi/4.7.2//libgcc.a(bpabi.o)
 .data          0x1029f610        0x0 /home/leon/riotboard/arm-2012.09/bin/../lib/gcc/arm-none-eabi/4.7.2//libgcc.a(_divdi3.o)
 .data          0x1029f610        0x0 /home/leon/riotboard/arm-2012.09/bin/../lib/gcc/arm-none-eabi/4.7.2//libgcc.a(_udivdi3.o)
 .data          0x1029f610        0x0 /home/leon/riotboard/arm-2012.09/bin/../lib/gcc/arm-none-eabi/4.7.2//libgcc.a(_clzsi2.o)
 .data          0x1029f610        0x4 /home/leon/git/swp-report/iMX6_Platform_SDK/output/mx6sdl/lib/libsdk.a(runtime_support.o)
                0x1029f610                environ
 .data          0x1029f614        0x0 /home/leon/git/swp-report/iMX6_Platform_SDK/output/mx6sdl/lib/libsdk.a(gpio.o)
 .data          0x1029f614        0x0 /home/leon/git/swp-report/iMX6_Platform_SDK/output/mx6sdl/lib/libsdk.a(imx6sdl_gpio_map.o)

.jcr            0x1029f614        0x4
 .jcr           0x1029f614        0x0 /home/leon/riotboard/arm-2012.09/bin/../lib/gcc/arm-none-eabi/4.7.2//crtbegin.o
 .jcr           0x1029f614        0x4 /home/leon/riotboard/arm-2012.09/bin/../lib/gcc/arm-none-eabi/4.7.2//crtend.o

.tm_clone_table
                0x1029f618        0x0
 .tm_clone_table
                0x1029f618        0x0 /home/leon/riotboard/arm-2012.09/bin/../lib/gcc/arm-none-eabi/4.7.2//crtbegin.o
 .tm_clone_table
                0x1029f618        0x0 /home/leon/riotboard/arm-2012.09/bin/../lib/gcc/arm-none-eabi/4.7.2//crtend.o

.igot.plt       0x1029f618        0x0
 .igot.plt      0x00000000        0x0 /home/leon/riotboard/arm-2012.09/bin/../lib/gcc/arm-none-eabi/4.7.2//crtbegin.o

.hab.data       0x10400000     0x2000
                0x10400000                __hab_data = .
                0x10402000                . = (. + 0x2000)
 *fill*         0x10400000     0x2000 
                0x10402000                . = ALIGN (0x20)
                0x10402000                __hab_data_end = .
                0x00402000                _image_size = (. - _start_image_add)

.bss            0x10402000      0x33c
                0x10402000                __bss_start__ = .
 *(.shbss)
 *(.bss .bss.* .gnu.linkonce.b.*)
 .bss           0x10402000       0x1c /home/leon/riotboard/arm-2012.09/bin/../lib/gcc/arm-none-eabi/4.7.2//crtbegin.o
 .bss           0x1040201c        0x0 /home/leon/riotboard/arm-2012.09/bin/../lib/gcc/arm-none-eabi/4.7.2//crti.o
 .bss           0x1040201c        0x0 /home/leon/riotboard/arm-2012.09/bin/../lib/gcc/arm-none-eabi/4.7.2//crtend.o
 .bss           0x1040201c        0x0 /home/leon/riotboard/arm-2012.09/bin/../lib/gcc/arm-none-eabi/4.7.2//crtn.o
 .bss           0x1040201c        0x0 /home/leon/git/swp-report/iMX6_Platform_SDK/apps/gpu_demo/src/rotate_texture.o
 .bss           0x1040201c        0x0 /home/leon/git/swp-report/iMX6_Platform_SDK/apps/gpu_demo/src/texture.o
 .bss           0x1040201c        0x0 /home/leon/git/swp-report/iMX6_Platform_SDK/output/mx6sdl/gpu_demo/smart_device_rev_a/obj/apps/common/ivt.o
 .bss           0x1040201c        0x0 /home/leon/git/swp-report/iMX6_Platform_SDK/output/mx6sdl/gpu_demo/smart_device_rev_a/obj/apps/common/platform_init.o
 .bss           0x1040201c        0x0 /home/leon/git/swp-report/iMX6_Platform_SDK/output/mx6sdl/gpu_demo/smart_device_rev_a/obj/apps/common/print_clock_info.o
 .bss           0x1040201c        0x0 /home/leon/git/swp-report/iMX6_Platform_SDK/output/mx6sdl/gpu_demo/smart_device_rev_a/obj/apps/common/print_version.o
 .bss           0x1040201c       0x24 /home/leon/git/swp-report/iMX6_Platform_SDK/output/mx6sdl/gpu_demo/smart_device_rev_a/obj/apps/gpu_demo/src/gpu_test.o
                0x1040201c                new_width
                0x10402020                new_height
                0x10402024                new_half_width
                0x10402028                new_half_height
                0x1040202c                neg_new_half_height
                0x10402030                SAVE_BMP
                0x10402034                HZ
                0x10402038                gpu_new_frame
 .bss           0x10402040        0x4 /home/leon/git/swp-report/iMX6_Platform_SDK/output/mx6sdl/gpu_demo/smart_device_rev_a/obj/apps/gpu_demo/src/sdk_gpu_utilities.o
                0x10402040                frame_no
 .bss           0x10402044        0x0 /home/leon/git/swp-report/iMX6_Platform_SDK/output/mx6sdl/lib/libsdk.a(ccm_pll.o)
 .bss           0x10402044        0x0 /home/leon/git/swp-report/iMX6_Platform_SDK/output/mx6sdl/lib/libsdk.a(cortexA9.o)
 .bss           0x10402044        0x0 /home/leon/git/swp-report/iMX6_Platform_SDK/output/mx6sdl/lib/libsdk.a(gic.o)
 .bss           0x10402044        0x0 /home/leon/git/swp-report/iMX6_Platform_SDK/output/mx6sdl/lib/libsdk.a(mmu.o)
 .bss           0x10402044        0x0 /home/leon/git/swp-report/iMX6_Platform_SDK/output/mx6sdl/lib/libsdk.a(startup.o)
 .bss           0x10402044        0x0 /home/leon/git/swp-report/iMX6_Platform_SDK/output/mx6sdl/lib/libsdk.a(vectors.o)
 .bss           0x10402044        0x0 /home/leon/git/swp-report/iMX6_Platform_SDK/output/mx6sdl/lib/libsdk.a(sdk_version.o)
 .bss           0x10402044        0x0 /home/leon/git/swp-report/iMX6_Platform_SDK/output/mx6sdl/lib/libsdk.a(system_util.o)
 .bss           0x10402044        0x0 /home/leon/git/swp-report/iMX6_Platform_SDK/output/mx6sdl/lib/libsdk.a(text_color.o)
 .bss           0x10402044        0x0 /home/leon/git/swp-report/iMX6_Platform_SDK/output/mx6sdl/lib/libsdk.a(board_id.o)
 .bss           0x10402044        0x0 /home/leon/git/swp-report/iMX6_Platform_SDK/output/mx6sdl/lib/libsdk.a(ips_disp_panel.o)
 .bss           0x10402044       0x10 /home/leon/git/swp-report/iMX6_Platform_SDK/output/mx6sdl/lib/libsdk.a(ipu_common.o)
                0x10402044                csi_vdi_direct_path
                0x10402048                csi_dma_band_mode
 .bss           0x10402054        0x0 /home/leon/git/swp-report/iMX6_Platform_SDK/output/mx6sdl/lib/libsdk.a(ipu_csi.o)
 .bss           0x10402054        0x0 /home/leon/git/swp-report/iMX6_Platform_SDK/output/mx6sdl/lib/libsdk.a(ipu_dc.o)
 .bss           0x10402054        0x0 /home/leon/git/swp-report/iMX6_Platform_SDK/output/mx6sdl/lib/libsdk.a(ipu_di.o)
 .bss           0x10402054        0x0 /home/leon/git/swp-report/iMX6_Platform_SDK/output/mx6sdl/lib/libsdk.a(ipu_dmfc.o)
 .bss           0x10402054        0x0 /home/leon/git/swp-report/iMX6_Platform_SDK/output/mx6sdl/lib/libsdk.a(ipu_dp.o)
 .bss           0x10402054        0x0 /home/leon/git/swp-report/iMX6_Platform_SDK/output/mx6sdl/lib/libsdk.a(ipu_idmac.o)
 .bss           0x10402054        0x0 /home/leon/git/swp-report/iMX6_Platform_SDK/output/mx6sdl/lib/libsdk.a(ipu_vdi.o)
 .bss           0x10402054        0x0 /home/leon/git/swp-report/iMX6_Platform_SDK/output/mx6sdl/lib/libsdk.a(ldb.o)
 .bss           0x10402054        0x4 /home/leon/git/swp-report/iMX6_Platform_SDK/output/mx6sdl/lib/libsdk.a(timer.o)
                0x10402054                g_microsecondTimerMultiple
 .bss           0x10402058        0x0 /home/leon/git/swp-report/iMX6_Platform_SDK/output/mx6sdl/lib/libsdk.a(imx_uart.o)
 .bss           0x10402058        0x0 /home/leon/git/swp-report/iMX6_Platform_SDK/output/mx6sdl/lib/libsdk.a(arm_abort.o)
 .bss           0x10402058      0x290 /home/leon/git/swp-report/iMX6_Platform_SDK/output/mx6sdl/lib/libsdk.a(interrupt.o)
                0x10402058                g_interrupt_handlers
                0x104022d8                g_vectNum
 .bss           0x104022e8        0x0 /home/leon/git/swp-report/iMX6_Platform_SDK/output/mx6sdl/lib/libsdk.a(ipu_ic.o)
 .bss           0x104022e8        0x0 /home/leon/git/swp-report/iMX6_Platform_SDK/output/mx6sdl/lib/libsdk.a(epit.o)
 .bss           0x104022e8        0x0 /home/leon/git/swp-report/iMX6_Platform_SDK/output/mx6sdl/lib/libsdk.a(abort_handler.o)
 .bss           0x104022e8        0x0 /home/leon/git/swp-report/iMX6_Platform_SDK/output/mx6sdl/lib/libboard_smart_device_rev_a.a(board_display.o)
 .bss           0x104022e8        0x0 /home/leon/git/swp-report/iMX6_Platform_SDK/output/mx6sdl/lib/libboard_smart_device_rev_a.a(board_hdmi.o)
 .bss           0x104022e8        0x4 /home/leon/git/swp-report/iMX6_Platform_SDK/output/mx6sdl/lib/libboard_smart_device_rev_a.a(board_io_expanders.o)
                0x104022e8                max7310_i2c_req_array
 .bss           0x104022ec        0x0 /home/leon/git/swp-report/iMX6_Platform_SDK/output/mx6sdl/lib/libboard_smart_device_rev_a.a(board_mipi.o)
 .bss           0x104022ec        0x0 /home/leon/git/swp-report/iMX6_Platform_SDK/output/mx6sdl/lib/libboard_smart_device_rev_a.a(hardware_modules.o)
 .bss           0x104022ec        0x0 /home/leon/git/swp-report/iMX6_Platform_SDK/output/mx6sdl/lib/libboard_smart_device_rev_a.a(dcd.o)
 .bss           0x104022ec        0x0 /home/leon/git/swp-report/iMX6_Platform_SDK/output/mx6sdl/lib/libboard_smart_device_rev_a.a(iomux_config.o)
 .bss           0x104022ec        0x0 /home/leon/git/swp-report/iMX6_Platform_SDK/output/mx6sdl/lib/libboard_smart_device_rev_a.a(ipu1_iomux_config.o)
 .bss           0x104022ec        0x0 /home/leon/git/swp-report/iMX6_Platform_SDK/output/mx6sdl/lib/libboard_smart_device_rev_a.a(kpp_iomux_config.o)
 .bss           0x104022ec        0x0 /home/leon/git/swp-report/iMX6_Platform_SDK/output/mx6sdl/lib/libboard_smart_device_rev_a.a(mmdc_iomux_config.o)
 .bss           0x104022ec        0x0 /home/leon/git/swp-report/iMX6_Platform_SDK/output/mx6sdl/lib/libboard_smart_device_rev_a.a(pwm1_iomux_config.o)
 .bss           0x104022ec        0x0 /home/leon/git/swp-report/iMX6_Platform_SDK/output/mx6sdl/lib/libboard_smart_device_rev_a.a(sjc_iomux_config.o)
 .bss           0x104022ec        0x0 /home/leon/git/swp-report/iMX6_Platform_SDK/output/mx6sdl/lib/libboard_smart_device_rev_a.a(uart1_iomux_config.o)
 .bss           0x104022ec        0x0 /home/leon/git/swp-report/iMX6_Platform_SDK/output/mx6sdl/lib/libboard_smart_device_rev_a.a(uart_iomux_config.o)
 .bss           0x104022ec        0x0 /home/leon/git/swp-report/iMX6_Platform_SDK/output/mx6sdl/lib/libboard_smart_device_rev_a.a(usdhc2_iomux_config.o)
 .bss           0x104022ec        0x0 /home/leon/git/swp-report/iMX6_Platform_SDK/output/mx6sdl/lib/libboard_smart_device_rev_a.a(usdhc3_iomux_config.o)
 .bss           0x104022ec        0x0 /home/leon/git/swp-report/iMX6_Platform_SDK/output/mx6sdl/lib/libboard_smart_device_rev_a.a(usdhc4_iomux_config.o)
 .bss           0x104022ec        0x0 /home/leon/git/swp-report/iMX6_Platform_SDK/output/mx6sdl/lib/libboard_smart_device_rev_a.a(audmux_iomux_config.o)
 .bss           0x104022ec        0x0 /home/leon/git/swp-report/iMX6_Platform_SDK/output/mx6sdl/lib/libboard_smart_device_rev_a.a(ccm_iomux_config.o)
 .bss           0x104022ec        0x0 /home/leon/git/swp-report/iMX6_Platform_SDK/output/mx6sdl/lib/libboard_smart_device_rev_a.a(ecspi1_iomux_config.o)
 .bss           0x104022ec        0x0 /home/leon/git/swp-report/iMX6_Platform_SDK/output/mx6sdl/lib/libboard_smart_device_rev_a.a(enet_iomux_config.o)
 .bss           0x104022ec        0x0 /home/leon/git/swp-report/iMX6_Platform_SDK/output/mx6sdl/lib/libboard_smart_device_rev_a.a(epdc_iomux_config.o)
 .bss           0x104022ec        0x0 /home/leon/git/swp-report/iMX6_Platform_SDK/output/mx6sdl/lib/libboard_smart_device_rev_a.a(flexcan1_iomux_config.o)
 .bss           0x104022ec        0x0 /home/leon/git/swp-report/iMX6_Platform_SDK/output/mx6sdl/lib/libboard_smart_device_rev_a.a(gpio1_iomux_config.o)
 .bss           0x104022ec        0x0 /home/leon/git/swp-report/iMX6_Platform_SDK/output/mx6sdl/lib/libboard_smart_device_rev_a.a(gpio2_iomux_config.o)
 .bss           0x104022ec        0x0 /home/leon/git/swp-report/iMX6_Platform_SDK/output/mx6sdl/lib/libboard_smart_device_rev_a.a(gpio3_iomux_config.o)
 .bss           0x104022ec        0x0 /home/leon/git/swp-report/iMX6_Platform_SDK/output/mx6sdl/lib/libboard_smart_device_rev_a.a(gpio4_iomux_config.o)
 .bss           0x104022ec        0x0 /home/leon/git/swp-report/iMX6_Platform_SDK/output/mx6sdl/lib/libboard_smart_device_rev_a.a(gpio5_iomux_config.o)
 .bss           0x104022ec        0x0 /home/leon/git/swp-report/iMX6_Platform_SDK/output/mx6sdl/lib/libboard_smart_device_rev_a.a(gpio6_iomux_config.o)
 .bss           0x104022ec        0x0 /home/leon/git/swp-report/iMX6_Platform_SDK/output/mx6sdl/lib/libboard_smart_device_rev_a.a(gpio7_iomux_config.o)
 .bss           0x104022ec        0x0 /home/leon/git/swp-report/iMX6_Platform_SDK/output/mx6sdl/lib/libboard_smart_device_rev_a.a(gps_iomux_config.o)
 .bss           0x104022ec        0x0 /home/leon/git/swp-report/iMX6_Platform_SDK/output/mx6sdl/lib/libboard_smart_device_rev_a.a(i2c1_iomux_config.o)
 .bss           0x104022ec        0x0 /home/leon/git/swp-report/iMX6_Platform_SDK/output/mx6sdl/lib/libboard_smart_device_rev_a.a(i2c2_iomux_config.o)
 .bss           0x104022ec        0x0 /home/leon/git/swp-report/iMX6_Platform_SDK/output/mx6sdl/lib/libboard_smart_device_rev_a.a(i2c3_iomux_config.o)
 .bss           0x104022ec        0x0 /home/leon/riotboard/arm-2012.09/bin/../arm-none-eabi/lib//libc.a(lib_a-assert.o)
 .bss           0x104022ec        0x0 /home/leon/riotboard/arm-2012.09/bin/../arm-none-eabi/lib//libc.a(lib_a-bzero.o)
 .bss           0x104022ec        0x0 /home/leon/riotboard/arm-2012.09/bin/../arm-none-eabi/lib//libc.a(lib_a-fiprintf.o)
 .bss           0x104022ec        0x0 /home/leon/riotboard/arm-2012.09/bin/../arm-none-eabi/lib//libc.a(lib_a-fputc.o)
 .bss           0x104022ec        0x0 /home/leon/riotboard/arm-2012.09/bin/../arm-none-eabi/lib//libc.a(lib_a-impure.o)
 .bss           0x104022ec        0x0 /home/leon/riotboard/arm-2012.09/bin/../arm-none-eabi/lib//libc.a(lib_a-init.o)
 .bss           0x104022ec        0x0 /home/leon/riotboard/arm-2012.09/bin/../arm-none-eabi/lib//libc.a(lib_a-malloc.o)
 .bss           0x104022ec       0x34 /home/leon/riotboard/arm-2012.09/bin/../arm-none-eabi/lib//libc.a(lib_a-mallocr.o)
                0x104022ec                __malloc_top_pad
                0x104022f0                __malloc_current_mallinfo
                0x10402318                __malloc_max_sbrked_mem
                0x1040231c                __malloc_max_total_mem
 .bss           0x10402320        0x0 /home/leon/riotboard/arm-2012.09/bin/../arm-none-eabi/lib//libc.a(lib_a-memcpy.o)
 .bss           0x10402320        0x0 /home/leon/riotboard/arm-2012.09/bin/../arm-none-eabi/lib//libc.a(lib_a-memset.o)
 .bss           0x10402320        0x0 /home/leon/riotboard/arm-2012.09/bin/../arm-none-eabi/lib//libc.a(lib_a-mlock.o)
 .bss           0x10402320        0x0 /home/leon/riotboard/arm-2012.09/bin/../arm-none-eabi/lib//libc.a(lib_a-printf.o)
 .bss           0x10402320        0x0 /home/leon/riotboard/arm-2012.09/bin/../arm-none-eabi/lib//libc.a(lib_a-putc.o)
 .bss           0x10402320        0x0 /home/leon/riotboard/arm-2012.09/bin/../arm-none-eabi/lib//libc.a(lib_a-realloc.o)