Archive member included because of file (symbol)

/home/leon/git/swp-report/iMX6_Platform_SDK/output/mx6dq/lib/libsdk.a(ccm_pll.o)
                              /home/leon/git/swp-report/iMX6_Platform_SDK/output/mx6dq/sdk_unit_test/smart_device_rev_a/obj/apps/common/platform_init.o (ccm_init)
/home/leon/git/swp-report/iMX6_Platform_SDK/output/mx6dq/lib/libsdk.a(cortexA9.o)
                              /home/leon/git/swp-report/iMX6_Platform_SDK/output/mx6dq/sdk_unit_test/smart_device_rev_a/obj/apps/common/platform_init.o (arm_set_interrupt_state)
/home/leon/git/swp-report/iMX6_Platform_SDK/output/mx6dq/lib/libsdk.a(gic.o)
                              /home/leon/git/swp-report/iMX6_Platform_SDK/output/mx6dq/sdk_unit_test/smart_device_rev_a/obj/apps/common/platform_init.o (gic_init)
/home/leon/git/swp-report/iMX6_Platform_SDK/output/mx6dq/lib/libsdk.a(mmu.o)
                              /home/leon/git/swp-report/iMX6_Platform_SDK/output/mx6dq/sdk_unit_test/smart_device_rev_a/obj/apps/common/platform_init.o (mmu_init)
/home/leon/git/swp-report/iMX6_Platform_SDK/output/mx6dq/lib/libsdk.a(startup.o)
                              (_start)
/home/leon/git/swp-report/iMX6_Platform_SDK/output/mx6dq/lib/libsdk.a(vectors.o)
                              /home/leon/git/swp-report/iMX6_Platform_SDK/output/mx6dq/lib/libsdk.a(startup.o) (vectors)
/home/leon/git/swp-report/iMX6_Platform_SDK/output/mx6dq/lib/libsdk.a(menu.o)
                              /home/leon/git/swp-report/iMX6_Platform_SDK/output/mx6dq/sdk_unit_test/smart_device_rev_a/obj/apps/sdk_unit_test/src/all_test.o (menuitem_cmd_exitmenu)
/home/leon/git/swp-report/iMX6_Platform_SDK/output/mx6dq/lib/libsdk.a(sdk_version.o)
                              /home/leon/git/swp-report/iMX6_Platform_SDK/output/mx6dq/sdk_unit_test/smart_device_rev_a/obj/apps/common/print_version.o (k_sdk_version)
/home/leon/git/swp-report/iMX6_Platform_SDK/output/mx6dq/lib/libsdk.a(system_util.o)
                              /home/leon/git/swp-report/iMX6_Platform_SDK/output/mx6dq/lib/libsdk.a(startup.o) (_sys_exit)
/home/leon/git/swp-report/iMX6_Platform_SDK/output/mx6dq/lib/libsdk.a(text_color.o)
                              /home/leon/git/swp-report/iMX6_Platform_SDK/output/mx6dq/lib/libsdk.a(menu.o) (g_TextAttributeDefault)
/home/leon/git/swp-report/iMX6_Platform_SDK/output/mx6dq/lib/libsdk.a(board_id.o)
                              /home/leon/git/swp-report/iMX6_Platform_SDK/output/mx6dq/sdk_unit_test/smart_device_rev_a/obj/apps/common/print_version.o (chip_name)
/home/leon/git/swp-report/iMX6_Platform_SDK/output/mx6dq/lib/libsdk.a(timer.o)
                              /home/leon/git/swp-report/iMX6_Platform_SDK/output/mx6dq/sdk_unit_test/smart_device_rev_a/obj/apps/common/platform_init.o (system_time_init)
/home/leon/git/swp-report/iMX6_Platform_SDK/output/mx6dq/lib/libsdk.a(imx_uart.o)
                              /home/leon/git/swp-report/iMX6_Platform_SDK/output/mx6dq/sdk_unit_test/smart_device_rev_a/obj/apps/common/platform_init.o (uart_getchar)
/home/leon/git/swp-report/iMX6_Platform_SDK/output/mx6dq/lib/libsdk.a(arm_abort.o)
                              /home/leon/git/swp-report/iMX6_Platform_SDK/output/mx6dq/lib/libsdk.a(vectors.o) (data_abort_handler)
/home/leon/git/swp-report/iMX6_Platform_SDK/output/mx6dq/lib/libsdk.a(interrupt.o)
                              /home/leon/git/swp-report/iMX6_Platform_SDK/output/mx6dq/lib/libsdk.a(vectors.o) (IRQ_HDLR)
/home/leon/git/swp-report/iMX6_Platform_SDK/output/mx6dq/lib/libsdk.a(epit.o)
                              /home/leon/git/swp-report/iMX6_Platform_SDK/output/mx6dq/lib/libsdk.a(timer.o) (epit_get_compare_event)
/home/leon/git/swp-report/iMX6_Platform_SDK/output/mx6dq/lib/libsdk.a(abort_handler.o)
                              /home/leon/git/swp-report/iMX6_Platform_SDK/output/mx6dq/lib/libsdk.a(arm_abort.o) (dump_regs)
/home/leon/git/swp-report/iMX6_Platform_SDK/output/mx6dq/lib/libboard_smart_device_rev_a.a(board_io_expanders.o)
                              /home/leon/git/swp-report/iMX6_Platform_SDK/output/mx6dq/sdk_unit_test/smart_device_rev_a/obj/apps/common/platform_init.o (board_ioexpander_init)
/home/leon/git/swp-report/iMX6_Platform_SDK/output/mx6dq/lib/libboard_smart_device_rev_a.a(hardware_modules.o)
                              /home/leon/git/swp-report/iMX6_Platform_SDK/output/mx6dq/sdk_unit_test/smart_device_rev_a/obj/apps/common/platform_init.o (g_debug_uart_port)
/home/leon/git/swp-report/iMX6_Platform_SDK/output/mx6dq/lib/libboard_smart_device_rev_a.a(dcd.o)
                              /home/leon/git/swp-report/iMX6_Platform_SDK/output/mx6dq/sdk_unit_test/smart_device_rev_a/obj/apps/common/ivt.o (input_dcd_hdr)
/home/leon/git/swp-report/iMX6_Platform_SDK/output/mx6dq/lib/libboard_smart_device_rev_a.a(uart_iomux_config.o)
                              /home/leon/git/swp-report/iMX6_Platform_SDK/output/mx6dq/lib/libsdk.a(imx_uart.o) (uart_iomux_config)
[...]
Memory Configuration

Name             Origin             Length             Attributes
OCRAM            0x00900000         0x00040000         xrw
DDR              0x10000000         0x40000000         xrw
*default*        0x00000000         0xffffffff

Linker script and memory map

LOAD /home/leon/riotboard/arm-2012.09/bin/../lib/gcc/arm-none-eabi/4.7.2//crtbegin.o
LOAD /home/leon/riotboard/arm-2012.09/bin/../lib/gcc/arm-none-eabi/4.7.2//crti.o
LOAD /home/leon/riotboard/arm-2012.09/bin/../lib/gcc/arm-none-eabi/4.7.2//crtend.o
LOAD /home/leon/riotboard/arm-2012.09/bin/../lib/gcc/arm-none-eabi/4.7.2//crtn.o

.l1_page_table  0x00900000     0x4000
                0x00900000                __l1_page_table_start = .
                0x00904000                . = (. + 0x4000)
 *fill*         0x00900000     0x4000 

.heap.ocram     0x00904000    0x3bfb8
                0x00904000                __heap_ocram_start = .
                0x0093ffb8                . = (. + 0x3bfb8)
 *fill*         0x00904000    0x3bfb8 
                0x0093ffb8                __heap_ocram_end = .

.ram_vectors    0x0093ffb8       0x48
                0x0093ffb8                __ram_vectors_start = .
                0x00940000                . = (. + 0x48)
 *fill*         0x0093ffb8       0x48 
                0x00940000                __ram_vectors_end = .
                0x10000000                _start_image_add = ORIGIN (DDR)

.ivt            0x10000000      0x420
                0x10000400                . = (. + 0x400)
 *fill*         0x10000000      0x400 
 *(.ivt)
 .ivt           0x10000400       0x20 /home/leon/git/swp-report/iMX6_Platform_SDK/output/mx6dq/sdk_unit_test/smart_device_rev_a/obj/apps/common/ivt.o
                0x10000400                input_ivt

.boot_data      0x10000420        0xc
                0x10000420                __start_boot_data = .
 *(.boot_data)
 .boot_data     0x10000420        0xc /home/leon/git/swp-report/iMX6_Platform_SDK/output/mx6dq/sdk_unit_test/smart_device_rev_a/obj/apps/common/ivt.o
                0x10000420                bd

.dcd_hdr        0x10000430        0x4
                0x10000430                __start_dcd = .
 *(.dcd_hdr)
 .dcd_hdr       0x10000430        0x4 /home/leon/git/swp-report/iMX6_Platform_SDK/output/mx6dq/lib/libboard_smart_device_rev_a.a(dcd.o)
                0x10000430                input_dcd_hdr

.dcd_wrt_cmd    0x10000434        0x4
 *(.dcd_wrt_cmd)
 .dcd_wrt_cmd   0x10000434        0x4 /home/leon/git/swp-report/iMX6_Platform_SDK/output/mx6dq/lib/libboard_smart_device_rev_a.a(dcd.o)
                0x10000434                input_dcd_wrt_cmd

.dcd_data       0x10000438      0x298
 *(.dcd_data)
 .dcd_data      0x10000438      0x298 /home/leon/git/swp-report/iMX6_Platform_SDK/output/mx6dq/lib/libboard_smart_device_rev_a.a(dcd.o)
                0x10000438                input_dcd

.text           0x100006d0    0x685e0
 CREATE_OBJECT_SYMBOLS
 *(.startup)
 .startup       0x100006d0      0x138 /home/leon/git/swp-report/iMX6_Platform_SDK/output/mx6dq/lib/libsdk.a(startup.o)
                0x100006d0                _start
 *(.text .text.* .gnu.linkonce.t.*)
 .text          0x10000808      0x128 /home/leon/riotboard/arm-2012.09/bin/../lib/gcc/arm-none-eabi/4.7.2//crtbegin.o
 .text          0x10000930        0x0 /home/leon/riotboard/arm-2012.09/bin/../lib/gcc/arm-none-eabi/4.7.2//crti.o
 .text          0x10000930        0x0 /home/leon/riotboard/arm-2012.09/bin/../lib/gcc/arm-none-eabi/4.7.2//crtend.o
 .text          0x10000930        0x0 /home/leon/riotboard/arm-2012.09/bin/../lib/gcc/arm-none-eabi/4.7.2//crtn.o
 .text          0x10000930        0x0 /home/leon/git/swp-report/iMX6_Platform_SDK/output/mx6dq/sdk_unit_test/smart_device_rev_a/obj/apps/common/ivt.o
 .text          0x10000930       0xbc /home/leon/git/swp-report/iMX6_Platform_SDK/output/mx6dq/sdk_unit_test/smart_device_rev_a/obj/apps/common/platform_init.o
                0x10000930                platform_init
 .text          0x100009ec       0xfc /home/leon/git/swp-report/iMX6_Platform_SDK/output/mx6dq/sdk_unit_test/smart_device_rev_a/obj/apps/common/print_clock_info.o
                0x100009ec                show_freq
                0x10000ad8                show_ddr_config
 .text          0x10000ae8      0x15c /home/leon/git/swp-report/iMX6_Platform_SDK/output/mx6dq/sdk_unit_test/smart_device_rev_a/obj/apps/common/print_version.o
                0x10000ae8                print_version
 .text          0x10000c44       0x50 /home/leon/git/swp-report/iMX6_Platform_SDK/output/mx6dq/sdk_unit_test/smart_device_rev_a/obj/apps/sdk_unit_test/src/all_test.o
                0x10000c44                run_test
                0x10000c78                ALL_test
 .text          0x10000c94       0x2c /home/leon/git/swp-report/iMX6_Platform_SDK/output/mx6dq/sdk_unit_test/smart_device_rev_a/obj/apps/sdk_unit_test/src/unit_test_main.o
                0x10000c94                main
 .text          0x10000cc0      0xcdc /home/leon/git/swp-report/iMX6_Platform_SDK/output/mx6dq/lib/libsdk.a(ccm_pll.o)
                0x10000cc0                ccm_init
                0x10000de4                get_main_clock
                0x10001074                get_peri_clock
                0x10001224                ccm_ccgr_config
                0x1000128c                clock_gating_config
                0x1000170c                ccm_set_lpm_wakeup_source
                0x10001800                ccm_enter_low_power
                0x10001870                ipu_hsp_clk_config
                0x10001890                gpu_clock_config
 .text          0x1000199c      0x164 /home/leon/git/swp-report/iMX6_Platform_SDK/output/mx6dq/lib/libsdk.a(cortexA9.o)
                0x1000199c                arm_set_interrupt_state
                0x100019c0                cpu_get_current
                0x100019cc                enable_neon_fpu
                0x100019e8                disable_strict_align_check
                0x100019fc                disable_L1_cache
                0x10001a1c                get_arm_private_peripheral_base
                0x10001a24                arm_unified_tlb_invalidate
                0x10001a34                arm_unified_tlb_invalidate_is
                0x10001a44                arm_branch_prediction_enable
                0x10001a54                arm_branch_prediction_disable
                0x10001a64                arm_branch_target_cache_invalidate
                0x10001a70                arm_branch_target_cache_invalidate_is
                0x10001a7c                scu_enable
                0x10001a90                scu_join_smp
                0x10001aa0                scu_leave_smp
                0x10001ab0                scu_get_cpus_in_smp
                0x10001ac4                scu_enable_maintenance_broadcast
                0x10001ad4                scu_disable_maintenance_broadcast
                0x10001ae4                scu_secure_invalidate
 .text          0x10001b00      0x5e0 /home/leon/git/swp-report/iMX6_Platform_SDK/output/mx6dq/lib/libsdk.a(gic.o)
                0x10001be4                gic_enable
                0x10001c44                gic_set_irq_security
                0x10001cec                gic_enable_irq
                0x10001d68                gic_set_irq_priority
                0x10001db0                gic_set_cpu_target
                0x10001ebc                gic_send_sgi
                0x10001f10                gic_cpu_enable
                0x10001f70                gic_set_cpu_priority_mask
                0x10001fa4                gic_read_irq_ack
                0x10001fd0                gic_write_end_of_irq
                0x10002000                gic_init
                0x100020a4                gic_init_cpu
 .text          0x100020e0      0x460 /home/leon/git/swp-report/iMX6_Platform_SDK/output/mx6dq/lib/libsdk.a(mmu.o)
                0x100020e0                mmu_enable
                0x10002118                mmu_disable
                0x1000214c                mmu_init
                0x10002268                mmu_map_l1_range
                0x10002480                mmu_virtual_to_physical
 .text          0x10002540        0x0 /home/leon/git/swp-report/iMX6_Platform_SDK/output/mx6dq/lib/libsdk.a(startup.o)
 .text          0x10002540        0x4 /home/leon/git/swp-report/iMX6_Platform_SDK/output/mx6dq/lib/libsdk.a(vectors.o)
                0x10002540                exception_handler
 .text.vectors  0x10002544       0x48 /home/leon/git/swp-report/iMX6_Platform_SDK/output/mx6dq/lib/libsdk.a(vectors.o)
                0x10002544                vectors
 .text          0x1000258c      0xc78 /home/leon/git/swp-report/iMX6_Platform_SDK/output/mx6dq/lib/libsdk.a(menu.o)
                0x10002a34                menu_get_indent
                0x10002a50                menuitem_cmd_showmenu
                0x10002a74                menuitem_cmd_exitmenu
                0x10002a98                menu_append_menuitems
                0x10002bb8                menu_present
                0x10003154                menu_print_menuitem
 .text          0x10003204        0x0 /home/leon/git/swp-report/iMX6_Platform_SDK/output/mx6dq/lib/libsdk.a(sdk_version.o)
 .text          0x10003204      0x914 /home/leon/git/swp-report/iMX6_Platform_SDK/output/mx6dq/lib/libsdk.a(system_util.o)
                0x10003204                _sys_exit
                0x10003220                mybkpt
                0x10003228                is_input_char
                0x100033a8                read_input_string
                0x10003690                get_input_hex
                0x10003910                read_int
                0x10003a74                jump_to_sdp
 .text          0x10003b18       0xe0 /home/leon/git/swp-report/iMX6_Platform_SDK/output/mx6dq/lib/libsdk.a(text_color.o)
                0x10003b18                printf_color
                0x10003bb4                get_color_supported
 .text          0x10003bf8      0x7c4 /home/leon/git/swp-report/iMX6_Platform_SDK/output/mx6dq/lib/libsdk.a(board_id.o)
                0x10003bf8                chip_name
                0x10003d10                chip_revision
                0x10003de8                board_name
                0x10003eec                board_revision
                0x10003fb4                board_description
                0x100040d4                get_board_id
                0x100041b0                show_board_id
 .text          0x100043bc      0x290 /home/leon/git/swp-report/iMX6_Platform_SDK/output/mx6dq/lib/libsdk.a(timer.o)
                0x100043bc                hal_delay_us
                0x1000442c                system_time_init
                0x1000458c                time_get_microseconds
 .text          0x1000464c     0x2820 /home/leon/git/swp-report/iMX6_Platform_SDK/output/mx6dq/lib/libsdk.a(imx_uart.o)
                0x1000464c                uart_get_reffreq
                0x10004748                uart_putchar
                0x10004898                uart_getchar
                0x100049f8                uart_set_FIFO_mode
                0x10005524                uart_set_loopback_mode
                0x10005778                uart_setup_interrupt
                0x10005844                uart_init
 .text          0x10006e6c       0x98 /home/leon/git/swp-report/iMX6_Platform_SDK/output/mx6dq/lib/libsdk.a(arm_abort.o)
                0x10006e6c                common_abort_handler
                0x10006ecc                data_abort_handler
                0x10006ee4                prefetch_abort_handler
 .text          0x10006f04      0x1bc /home/leon/git/swp-report/iMX6_Platform_SDK/output/mx6dq/lib/libsdk.a(interrupt.o)
                0x10006f04                IRQ_HDLR
                0x10006fcc                disable_interrupt
                0x10007008                enable_interrupt
                0x10007060                register_interrupt_routine
                0x10007094                default_interrupt_routine
 .text          0x100070c0      0x8e0 /home/leon/git/swp-report/iMX6_Platform_SDK/output/mx6dq/lib/libsdk.a(epit.o)
                0x100070c0                epit_reload_counter
                0x10007120                epit_get_counter_value
                0x1000717c                epit_set_compare_event
                0x100071dc                epit_get_compare_event
                0x100072d4                epit_counter_disable
                0x10007498                epit_counter_enable
                0x100076f4                epit_setup_interrupt
                0x10007784                epit_init
 .text          0x100079a0      0x4bc /home/leon/git/swp-report/iMX6_Platform_SDK/output/mx6dq/lib/libsdk.a(abort_handler.o)
                0x100079a0                dump_regs
 .text          0x10007e5c       0x20 /home/leon/git/swp-report/iMX6_Platform_SDK/output/mx6dq/lib/libboard_smart_device_rev_a.a(board_io_expanders.o)
                0x10007e5c                board_ioexpander_init
                0x10007e6c                board_ioexpander_iomux_config
 .text          0x10007e7c        0x0 /home/leon/git/swp-report/iMX6_Platform_SDK/output/mx6dq/lib/libboard_smart_device_rev_a.a(hardware_modules.o)
 .text          0x10007e7c        0x0 /home/leon/git/swp-report/iMX6_Platform_SDK/output/mx6dq/lib/libboard_smart_device_rev_a.a(dcd.o)
 .text          0x10007e7c       0x90 /home/leon/git/swp-report/iMX6_Platform_SDK/output/mx6dq/lib/libboard_smart_device_rev_a.a(uart_iomux_config.o)
                0x10007e7c                uart_iomux_config
 .text          0x10007f0c      0x304 /home/leon/git/swp-report/iMX6_Platform_SDK/output/mx6dq/lib/libboard_smart_device_rev_a.a(iomux_config.o)
                0x10007f0c                iomux_config
                0x10007f80                arm_iomux_config
                0x10007f90                asrc_iomux_config
                0x10007fa0                dcic1_iomux_config
                0x10007fb0                dcic2_iomux_config
                0x10007fc0                ecspi2_iomux_config
                0x10007fd0                ecspi3_iomux_config
                0x10007fe0                ecspi4_iomux_config
                0x10007ff0                ecspi5_iomux_config
                0x10008000                eim_iomux_config
                0x10008010                epit1_iomux_config
                0x10008020                epit2_iomux_config
                0x10008030                esai_iomux_config
                0x10008040                flexcan2_iomux_config
                0x10008050                gpmi_iomux_config
                0x10008060                gpt_iomux_config
                0x10008070                hdmi_iomux_config
                0x10008080                ipu2_iomux_config
                0x10008090                ldb_iomux_config
                0x100080a0                mipi_csi_iomux_config
                0x100080b0                mipi_dsi_iomux_config
                0x100080c0                mipi_hsi_iomux_config
                0x100080d0                mlb_iomux_config
                0x100080e0                pcie_iomux_config
                0x100080f0                pmu_iomux_config
                0x10008100                pwm2_iomux_config
                0x10008110                pwm3_iomux_config
                0x10008120                pwm4_iomux_config
                0x10008130                sata_phy_iomux_config
                0x10008140                sdma_iomux_config
                0x10008150                snvs_iomux_config
                0x10008160                spdif_iomux_config
                0x10008170                src_iomux_config
                0x10008180                uart2_iomux_config
                0x10008190                uart3_iomux_config
                0x100081a0                uart4_iomux_config
                0x100081b0                uart5_iomux_config
                0x100081c0                usb_iomux_config
                0x100081d0                usdhc1_iomux_config
                0x100081e0                wdog1_iomux_config
                0x100081f0                wdog2_iomux_config
                0x10008200                xtalosc_iomux_config
 .text          0x10008210      0x5b0 /home/leon/git/swp-report/iMX6_Platform_SDK/output/mx6dq/lib/libboard_smart_device_rev_a.a(ipu1_iomux_config.o)
                0x10008210                ipu1_iomux_config
 .text          0x100087c0      0x190 /home/leon/git/swp-report/iMX6_Platform_SDK/output/mx6dq/lib/libboard_smart_device_rev_a.a(kpp_iomux_config.o)
                0x100087c0                kpp_iomux_config
 .text          0x10008950     0x2884 /home/leon/git/swp-report/iMX6_Platform_SDK/output/mx6dq/lib/libboard_smart_device_rev_a.a(mmdc_iomux_config.o)
                0x10008950                mmdc_iomux_config
 .text          0x1000b1d4       0x34 /home/leon/git/swp-report/iMX6_Platform_SDK/output/mx6dq/lib/libboard_smart_device_rev_a.a(pwm1_iomux_config.o)
                0x1000b1d4                pwm1_iomux_config
 .text          0x1000b208       0x70 /home/leon/git/swp-report/iMX6_Platform_SDK/output/mx6dq/lib/libboard_smart_device_rev_a.a(sjc_iomux_config.o)
                0x1000b208                sjc_iomux_config
 .text          0x1000b278       0x78 /home/leon/git/swp-report/iMX6_Platform_SDK/output/mx6dq/lib/libboard_smart_device_rev_a.a(uart1_iomux_config.o)
                0x1000b278                uart1_iomux_config
 .text          0x1000b2f0      0x178 /home/leon/git/swp-report/iMX6_Platform_SDK/output/mx6dq/lib/libboard_smart_device_rev_a.a(usdhc2_iomux_config.o)
                0x1000b2f0                usdhc2_iomux_config
 .text          0x1000b468      0x178 /home/leon/git/swp-report/iMX6_Platform_SDK/output/mx6dq/lib/libboard_smart_device_rev_a.a(usdhc3_iomux_config.o)
                0x1000b468                usdhc3_iomux_config
 .text          0x1000b5e0      0x178 /home/leon/git/swp-report/iMX6_Platform_SDK/output/mx6dq/lib/libboard_smart_device_rev_a.a(usdhc4_iomux_config.o)
                0x1000b5e0                usdhc4_iomux_config
 .text          0x1000b758       0xa0 /home/leon/git/swp-report/iMX6_Platform_SDK/output/mx6dq/lib/libboard_smart_device_rev_a.a(audmux_iomux_config.o)
                0x1000b758                audmux_iomux_config
 .text          0x1000b7f8       0x34 /home/leon/git/swp-report/iMX6_Platform_SDK/output/mx6dq/lib/libboard_smart_device_rev_a.a(ccm_iomux_config.o)
                0x1000b7f8                ccm_iomux_config
 .text          0x1000b82c       0xe0 /home/leon/git/swp-report/iMX6_Platform_SDK/output/mx6dq/lib/libboard_smart_device_rev_a.a(ecspi1_iomux_config.o)
                0x1000b82c                ecspi1_iomux_config
 .text          0x1000b90c      0x3bc /home/leon/git/swp-report/iMX6_Platform_SDK/output/mx6dq/lib/libboard_smart_device_rev_a.a(enet_iomux_config.o)
                0x1000b90c                enet_iomux_config
 .text          0x1000bcc8       0x68 /home/leon/git/swp-report/iMX6_Platform_SDK/output/mx6dq/lib/libboard_smart_device_rev_a.a(flexcan1_iomux_config.o)
                0x1000bcc8                flexcan1_iomux_config
 .text          0x1000bd30      0x274 /home/leon/git/swp-report/iMX6_Platform_SDK/output/mx6dq/lib/libboard_smart_device_rev_a.a(gpio1_iomux_config.o)
                0x1000bd30                gpio1_iomux_config
 .text          0x1000bfa4      0x164 /home/leon/git/swp-report/iMX6_Platform_SDK/output/mx6dq/lib/libboard_smart_device_rev_a.a(gpio2_iomux_config.o)
                0x1000bfa4                gpio2_iomux_config
 .text          0x1000c108      0x258 /home/leon/git/swp-report/iMX6_Platform_SDK/output/mx6dq/lib/libboard_smart_device_rev_a.a(gpio3_iomux_config.o)
                0x1000c108                gpio3_iomux_config
 .text          0x1000c360       0xa0 /home/leon/git/swp-report/iMX6_Platform_SDK/output/mx6dq/lib/libboard_smart_device_rev_a.a(gpio4_iomux_config.o)
                0x1000c360                gpio4_iomux_config
 .text          0x1000c400       0x50 /home/leon/git/swp-report/iMX6_Platform_SDK/output/mx6dq/lib/libboard_smart_device_rev_a.a(gpio5_iomux_config.o)
                0x1000c400                gpio5_iomux_config
 .text          0x1000c450      0x150 /home/leon/git/swp-report/iMX6_Platform_SDK/output/mx6dq/lib/libboard_smart_device_rev_a.a(gpio6_iomux_config.o)
                0x1000c450                gpio6_iomux_config
 .text          0x1000c5a0       0x7c /home/leon/git/swp-report/iMX6_Platform_SDK/output/mx6dq/lib/libboard_smart_device_rev_a.a(gpio7_iomux_config.o)
                0x1000c5a0                gpio7_iomux_config
 .text          0x1000c61c       0xdc /home/leon/git/swp-report/iMX6_Platform_SDK/output/mx6dq/lib/libboard_smart_device_rev_a.a(gps_iomux_config.o)
                0x1000c61c                gps_iomux_config
 .text          0x1000c6f8       0x78 /home/leon/git/swp-report/iMX6_Platform_SDK/output/mx6dq/lib/libboard_smart_device_rev_a.a(i2c1_iomux_config.o)
                0x1000c6f8                i2c1_iomux_config
 .text          0x1000c770       0x78 /home/leon/git/swp-report/iMX6_Platform_SDK/output/mx6dq/lib/libboard_smart_device_rev_a.a(i2c2_iomux_config.o)
                0x1000c770                i2c2_iomux_config
 .text          0x1000c7e8       0x78 /home/leon/git/swp-report/iMX6_Platform_SDK/output/mx6dq/lib/libboard_smart_device_rev_a.a(i2c3_iomux_config.o)
                0x1000c7e8                i2c3_iomux_config
 .text          0x1000c860      0x1fc /home/leon/git/swp-report/iMX6_Platform_SDK/output/mx6dq/sdk_unit_test/smart_device_rev_a/libsdk_unit_test.a(cpu_wp_test.o)
                0x1000c860                my_memcpy
                0x1000c89c                memcpy_perf_record
                0x1000c984                cpu_wp_test
 .text          0x1000ca5c      0x20c /home/leon/git/swp-report/iMX6_Platform_SDK/output/mx6dq/sdk_unit_test/smart_device_rev_a/libsdk_unit_test.a(multicore_test.o)
                0x1000ca5c                SGI3_ISR
                0x1000caf8                multicore_entry
                0x1000cc50                multicore_test
 .text          0x1000cc68      0x2d0 /home/leon/git/swp-report/iMX6_Platform_SDK/output/mx6dq/sdk_unit_test/smart_device_rev_a/libsdk_unit_test.a(audio_test.o)
                0x1000cc68                audio_test
 .text          0x1000cf38        0x0 /home/leon/git/swp-report/iMX6_Platform_SDK/output/mx6dq/sdk_unit_test/smart_device_rev_a/libsdk_unit_test.a(wav_file.o)
 .text          0x1000cf38       0xc4 /home/leon/git/swp-report/iMX6_Platform_SDK/output/mx6dq/sdk_unit_test/smart_device_rev_a/libsdk_unit_test.a(gic_test.o)
                0x1000cf38                gic_sgi_test_handler
                0x1000cf64                gic_test
 .text          0x1000cffc      0x3ec /home/leon/git/swp-report/iMX6_Platform_SDK/output/mx6dq/sdk_unit_test/smart_device_rev_a/libsdk_unit_test.a(ocotp_test.o)
                0x1000cffc                ocotp_test
 .text          0x1000d3e8      0x128 /home/leon/git/swp-report/iMX6_Platform_SDK/output/mx6dq/sdk_unit_test/smart_device_rev_a/libsdk_unit_test.a(i2c_test.o)
                0x1000d3e8                i2c_test
 .text          0x1000d510      0x884 /home/leon/git/swp-report/iMX6_Platform_SDK/output/mx6dq/sdk_unit_test/smart_device_rev_a/libsdk_unit_test.a(imx6_i2c_device.o)
                0x1000d510                imx6_slave_receive
                0x1000d648                imx6_slave_transmit
                0x1000d834                i2c_imx6_slave_test
 .text          0x1000dd94      0x340 /home/leon/git/swp-report/iMX6_Platform_SDK/output/mx6dq/sdk_unit_test/smart_device_rev_a/libsdk_unit_test.a(snvs_rtc_test.o)
                0x1000dd94                one_time_tick_callback
                0x1000ddc0                periodic_tick_callback
                0x1000de10                one_time_timer_test
                0x1000ded8                periodic_timer_test
                0x1000dfac                snvs_rtc_test
 .text          0x1000e0d4      0x1fc /home/leon/git/swp-report/iMX6_Platform_SDK/output/mx6dq/sdk_unit_test/smart_device_rev_a/libsdk_unit_test.a(snvs_srtc_test.o)
                0x1000e0d4                srtc_one_time_tick_callback
                0x1000e100                srtc_one_time_timer_test
                0x1000e1c4                snvs_srtc_test
 .text          0x1000e2d0      0x290 /home/leon/git/swp-report/iMX6_Platform_SDK/output/mx6dq/sdk_unit_test/smart_device_rev_a/libsdk_unit_test.a(tempmon_test.o)
                0x1000e2d0                over_temp_callback
                0x1000e304                print_current_temp
                0x1000e33c                tempmon_test
 .text          0x1000e560      0x1f4 /home/leon/git/swp-report/iMX6_Platform_SDK/output/mx6dq/sdk_unit_test/smart_device_rev_a/libsdk_unit_test.a(sdma_test.o)
                0x1000e560                sdma_test
 .text          0x1000e754      0xa1c /home/leon/git/swp-report/iMX6_Platform_SDK/output/mx6dq/sdk_unit_test/smart_device_rev_a/libsdk_unit_test.a(spi_lpb.o)
                0x1000e854                ecspi_app_test
                0x1000ece4                ecspi_shp_test
 .text          0x1000f170      0xfbc /home/leon/git/swp-report/iMX6_Platform_SDK/output/mx6dq/sdk_unit_test/smart_device_rev_a/libsdk_unit_test.a(uart_loopback.o)
                0x1000f37c                uart_app_test
                0x1000f7f8                uart_shp_test
                0x1000fc84                uart5_trans_isr
                0x1000fcc0                uart_app_interrupt_test
 .text          0x1001012c      0x24c /home/leon/git/swp-report/iMX6_Platform_SDK/output/mx6dq/sdk_unit_test/smart_device_rev_a/libsdk_unit_test.a(uart_test.o)
                0x1001012c                uart_interrupt_handler
                0x10010184                uart_test
 .text          0x10010378      0x374 /home/leon/git/swp-report/iMX6_Platform_SDK/output/mx6dq/sdk_unit_test/smart_device_rev_a/libsdk_unit_test.a(epit_test.o)
                0x10010378                epit_test
 .text          0x100106ec      0x4fc /home/leon/git/swp-report/iMX6_Platform_SDK/output/mx6dq/sdk_unit_test/smart_device_rev_a/libsdk_unit_test.a(gpt_test.o)
                0x100106ec                gpt_test
                0x10010814                gpt_out_compare_test
                0x1001096c                gpt_interrupt_routine
                0x10010a00                gpt_in_capture_test
 .text          0x10010be8       0xb4 /home/leon/git/swp-report/iMX6_Platform_SDK/output/mx6dq/sdk_unit_test/smart_device_rev_a/libsdk_unit_test.a(timer_test.o)
                0x10010be8                microseconds_test
 .text          0x10010c9c      0xcf4 /home/leon/git/swp-report/iMX6_Platform_SDK/output/mx6dq/sdk_unit_test/smart_device_rev_a/libsdk_unit_test.a(usdhc_test.o)
                0x10010c9c                mmc_sd_test
                0x10010cd0                usdhc_test
 .text          0x10011990      0x1ec /home/leon/git/swp-report/iMX6_Platform_SDK/output/mx6dq/sdk_unit_test/smart_device_rev_a/libsdk_unit_test.a(pwm_test.o)
                0x10011990                pwm_test
 .text          0x10011b7c      0x244 /home/leon/git/swp-report/iMX6_Platform_SDK/output/mx6dq/sdk_unit_test/smart_device_rev_a/libsdk_unit_test.a(watchdog_test.o)
                0x10011d94                wdog_test
 .text          0x10011dc0      0x82c /home/leon/git/swp-report/iMX6_Platform_SDK/output/mx6dq/sdk_unit_test/smart_device_rev_a/libsdk_unit_test.a(hdmi_test.o)
                0x10011dc0                hdmi_test
                0x1001212c                init_hdmi_interrupt
                0x100121dc                hdmi_tx_ISR
                0x1001226c                hdmi_1080P60_video_output
                0x1001242c                hdmi_720P60_video_output
 .text          0x100125ec      0xd18 /home/leon/git/swp-report/iMX6_Platform_SDK/output/mx6dq/sdk_unit_test/smart_device_rev_a/libsdk_unit_test.a(ips_display.o)
                0x100125ec                ips_display_test
                0x10012728                ips_hdmi_stream
                0x10012888                ips_hdmi_720P60_stream
                0x10012b4c                ips_hdmi_1080P60_stream
                0x10012da4                ips_ext_hdmi_transmitter_1080P60_stream
                0x10012fc4                ips_hannstar_xga_yuv_stream
                0x10013264                ips_mipi_wvga_rgb_stream
 .text          0x10013304      0x238 /home/leon/git/swp-report/iMX6_Platform_SDK/output/mx6dq/sdk_unit_test/smart_device_rev_a/libsdk_unit_test.a(ips_test.o)
                0x10013304                ipu_test
 .text          0x1001353c      0x538 /home/leon/git/swp-report/iMX6_Platform_SDK/output/mx6dq/sdk_unit_test/smart_device_rev_a/libsdk_unit_test.a(ipu_image.o)
                0x1001353c                load_centralized_image
                0x10013678                load_foreground_image
                0x100136c4                load_horiz_image
                0x10013834                set_background_margin
                0x10013924                load_vert_image
 .text          0x10013a74      0x2b4 /home/leon/git/swp-report/iMX6_Platform_SDK/output/mx6dq/sdk_unit_test/smart_device_rev_a/libsdk_unit_test.a(keypad_test.o)
                0x10013a74                keypad_test
                0x10013b78                multiple_key_press_test
 .text          0x10013d28      0x204 /home/leon/git/swp-report/iMX6_Platform_SDK/output/mx6dq/sdk_unit_test/smart_device_rev_a/libsdk_unit_test.a(camera_test.o)
                0x10013d28                camera_test
 .text          0x10013f2c      0x2f0 /home/leon/git/swp-report/iMX6_Platform_SDK/output/mx6dq/sdk_unit_test/smart_device_rev_a/libsdk_unit_test.a(csi_test_mode.o)
                0x10013f2c                csi_test_mode
 .text          0x1001421c      0x2b8 /home/leon/git/swp-report/iMX6_Platform_SDK/output/mx6dq/sdk_unit_test/smart_device_rev_a/libsdk_unit_test.a(sensor_capture.o)
                0x1001421c                sensor_capture
 .text          0x100144d4      0x758 /home/leon/git/swp-report/iMX6_Platform_SDK/output/mx6dq/sdk_unit_test/smart_device_rev_a/libsdk_unit_test.a(pcie_test_rc.o)
                0x100144d4                pcie_test
 .text          0x10014c2c      0x194 /home/leon/git/swp-report/iMX6_Platform_SDK/output/mx6dq/sdk_unit_test/smart_device_rev_a/libsdk_unit_test.a(usb_test.o)
                0x10014c2c                usb_test
 .text          0x10014dc0      0x4d0 /home/leon/git/swp-report/iMX6_Platform_SDK/output/mx6dq/sdk_unit_test/smart_device_rev_a/libsdk_unit_test.a(enet_test.o)
                0x10014f64                enet_test
 .text          0x10015290      0x508 /home/leon/git/swp-report/iMX6_Platform_SDK/output/mx6dq/sdk_unit_test/smart_device_rev_a/libsdk_unit_test.a(spi_test.o)
                0x100155a4                spi_test
 .text          0x10015798      0x368 /home/leon/git/swp-report/iMX6_Platform_SDK/output/mx6dq/sdk_unit_test/smart_device_rev_a/libsdk_unit_test.a(accelerometer_test.o)
                0x10015798                accelerometer_test
 .text          0x10015b00      0x33c /home/leon/git/swp-report/iMX6_Platform_SDK/output/mx6dq/sdk_unit_test/smart_device_rev_a/libsdk_unit_test.a(sata_test.o)
                0x10015bc0                sata_test
 .text          0x10015e3c      0x2ac /home/leon/git/swp-report/iMX6_Platform_SDK/output/mx6dq/sdk_unit_test/smart_device_rev_a/libsdk_unit_test.a(at24cxx.o)
                0x10015ef0                i2c_eeprom_at24cxx_test
 .text          0x100160e8      0x404 /home/leon/git/swp-report/iMX6_Platform_SDK/output/mx6dq/sdk_unit_test/smart_device_rev_a/libsdk_unit_test.a(mem_2_mem.o)
                0x100160e8                mem_2_mem_test
 .text          0x100164ec      0x2f4 /home/leon/git/swp-report/iMX6_Platform_SDK/output/mx6dq/sdk_unit_test/smart_device_rev_a/libsdk_unit_test.a(pwm_output.o)
                0x10016578                pwm_output_test
 .text          0x100167e0      0x540 /home/leon/git/swp-report/iMX6_Platform_SDK/output/mx6dq/sdk_unit_test/smart_device_rev_a/libsdk_unit_test.a(init_dma_data.o)
                0x100167e0                init_dma_data
 .text          0x10016d20      0x37c /home/leon/git/swp-report/iMX6_Platform_SDK/output/mx6dq/sdk_unit_test/smart_device_rev_a/libsdk_unit_test.a(ips_combiner.o)
                0x10016d20                ips_combiner_test
 .text          0x1001709c      0x52c /home/leon/git/swp-report/iMX6_Platform_SDK/output/mx6dq/sdk_unit_test/smart_device_rev_a/libsdk_unit_test.a(ips_csc.o)
                0x1001709c                ips_csc_test
 .text          0x100175c8      0x738 /home/leon/git/swp-report/iMX6_Platform_SDK/output/mx6dq/sdk_unit_test/smart_device_rev_a/libsdk_unit_test.a(ips_resize.o)
                0x100175c8                ips_resize_test
 .text          0x10017d00      0x3e8 /home/leon/git/swp-report/iMX6_Platform_SDK/output/mx6dq/sdk_unit_test/smart_device_rev_a/libsdk_unit_test.a(ips_rotate.o)
                0x10017d00                ips_rotate_test
 .text          0x100180e8     0x16bc /home/leon/git/swp-report/iMX6_Platform_SDK/output/mx6dq/sdk_unit_test/smart_device_rev_a/libsdk_unit_test.a(usb0_device_mouse_test.o)
                0x100180e8                usb0_device_mouse_test
                0x10018f88                hid_device_enum
                0x10019568                fillBuffer
 .text          0x100197a4     0x39f0 /home/leon/git/swp-report/iMX6_Platform_SDK/output/mx6dq/sdk_unit_test/smart_device_rev_a/libsdk_unit_test.a(usb0_host_test.o)
                0x100197a4                usb0_host_test
                0x1001a2d8                emuerateDevice
                0x1001a458                usbh_set_device_address
                0x1001ab80                usbh_get_dev_desc
                0x1001b2d0                usbh_get_config_desc
                0x1001ba60                usbh_get_interface_desc
                0x1001c2d0                usbh_set_configuration
                0x1001ca0c                usbh_get_report_desc
 .text          0x1001d194      0x978 /home/leon/git/swp-report/iMX6_Platform_SDK/output/mx6dq/sdk_unit_test/smart_device_rev_a/libsdk_unit_test.a(usb0_host_testmodes_test.o)
                0x1001d194                usb0_host_testmodes_test
 .text          0x1001db0c      0xb00 /home/leon/git/swp-report/iMX6_Platform_SDK/output/mx6dq/sdk_unit_test/smart_device_rev_a/libsdk_unit_test.a(spi_nor_numonyx.o)
                0x1001dde4                spi_nor_query_numonyx
                0x1001deb0                spi_nor_erase_numonyx
                0x1001df3c                spi_nor_read_numonyx
                0x1001e184                spi_nor_write_numonyx
 .text          0x1001e60c       0xa4 /home/leon/riotboard/arm-2012.09/bin/../arm-none-eabi/lib//libm.a(lib_a-sf_cos.o)
                0x1001e60c                cosf
 .text          0x1001e6b0        0x8 /home/leon/riotboard/arm-2012.09/bin/../arm-none-eabi/lib//libm.a(lib_a-sf_fabs.o)
                0x1001e6b0                fabsf
 .text          0x1001e6b8       0x70 /home/leon/riotboard/arm-2012.09/bin/../arm-none-eabi/lib//libm.a(lib_a-sf_modf.o)
                0x1001e6b8                modff
 .text          0x1001e728       0xbc /home/leon/riotboard/arm-2012.09/bin/../arm-none-eabi/lib//libm.a(lib_a-sf_sin.o)
                0x1001e728                sinf
 .text          0x1001e7e4      0x460 /home/leon/riotboard/arm-2012.09/bin/../arm-none-eabi/lib//libm.a(lib_a-ef_rem_pio2.o)
                0x1001e7e4                __ieee754_rem_pio2f
 .text          0x1001ec44      0x214 /home/leon/riotboard/arm-2012.09/bin/../arm-none-eabi/lib//libm.a(lib_a-kf_cos.o)
                0x1001ec44                __kernel_cosf
 .text          0x1001ee58      0x960 /home/leon/riotboard/arm-2012.09/bin/../arm-none-eabi/lib//libm.a(lib_a-kf_rem_pio2.o)
                0x1001ee58                __kernel_rem_pio2f
 .text          0x1001f7b8      0x14c /home/leon/riotboard/arm-2012.09/bin/../arm-none-eabi/lib//libm.a(lib_a-kf_sin.o)
                0x1001f7b8                __kernel_sinf
 .text          0x1001f904       0xd0 /home/leon/riotboard/arm-2012.09/bin/../arm-none-eabi/lib//libm.a(lib_a-sf_floor.o)
                0x1001f904                floorf
 .text          0x1001f9d4      0x120 /home/leon/riotboard/arm-2012.09/bin/../arm-none-eabi/lib//libm.a(lib_a-sf_scalbn.o)
                0x1001f9d4                scalbnf
 .text          0x1001faf4       0x10 /home/leon/riotboard/arm-2012.09/bin/../arm-none-eabi/lib//libm.a(lib_a-sf_copysign.o)
                0x1001faf4                copysignf
 .text          0x1001fb04       0x68 /home/leon/riotboard/arm-2012.09/bin/../arm-none-eabi/lib//libc.a(lib_a-assert.o)
                0x1001fb04                __assert_func
                0x1001fb5c                __assert
 .text          0x1001fb6c       0x20 /home/leon/riotboard/arm-2012.09/bin/../arm-none-eabi/lib//libc.a(lib_a-bzero.o)
                0x1001fb6c                bzero
 .text          0x1001fb8c      0x26c /home/leon/riotboard/arm-2012.09/bin/../arm-none-eabi/lib//libc.a(lib_a-fflush.o)
                0x1001fb8c                _fflush_r
                0x1001fdb8                fflush
 .text          0x1001fdf8      0x2c4 /home/leon/riotboard/arm-2012.09/bin/../arm-none-eabi/lib//libc.a(lib_a-findfp.o)
                0x1001fe08                _cleanup_r
                0x1001fe9c                __sfmoreglue
                0x1001fee4                _cleanup
                0x1001fef4                __sinit
                0x1001ff6c                __sfp
                0x10020064                __sfp_lock_acquire
                0x10020068                __sfp_lock_release
                0x1002006c                __sinit_lock_acquire
                0x10020070                __sinit_lock_release
                0x10020074                __fp_lock_all
                0x10020098                __fp_unlock_all
 .text          0x100200bc       0x70 /home/leon/riotboard/arm-2012.09/bin/../arm-none-eabi/lib//libc.a(lib_a-fiprintf.o)
                0x100200bc                _fiprintf_r
                0x100200ec                fiprintf
 .text          0x1002012c       0x94 /home/leon/riotboard/arm-2012.09/bin/../arm-none-eabi/lib//libc.a(lib_a-fputc.o)
                0x1002012c                _fputc_r
                0x10020170                fputc
 .text          0x100201c0       0xa8 /home/leon/riotboard/arm-2012.09/bin/../arm-none-eabi/lib//libc.a(lib_a-fputs.o)
                0x100201c0                _fputs_r
                0x1002024c                fputs
 .text          0x10020268      0x368 /home/leon/riotboard/arm-2012.09/bin/../arm-none-eabi/lib//libc.a(lib_a-freer.o)
                0x10020268                _malloc_trim_r
                0x10020364                _free_r
 .text          0x100205d0      0x4c4 /home/leon/riotboard/arm-2012.09/bin/../arm-none-eabi/lib//libc.a(lib_a-fvwrite.o)
                0x100205d0                __sfvwrite_r
 .text          0x10020a94      0x114 /home/leon/riotboard/arm-2012.09/bin/../arm-none-eabi/lib//libc.a(lib_a-fwalk.o)
                0x10020a94                _fwalk
                0x10020b1c                _fwalk_reent
 .text          0x10020ba8        0x0 /home/leon/riotboard/arm-2012.09/bin/../arm-none-eabi/lib//libc.a(lib_a-impure.o)
 .text          0x10020ba8       0x88 /home/leon/riotboard/arm-2012.09/bin/../arm-none-eabi/lib//libc.a(lib_a-init.o)
                0x10020ba8                __libc_init_array
 .text          0x10020c30       0x40 /home/leon/riotboard/arm-2012.09/bin/../arm-none-eabi/lib//libc.a(lib_a-malloc.o)
                0x10020c30                malloc
                0x10020c50                free
 .text          0x10020c70      0x71c /home/leon/riotboard/arm-2012.09/bin/../arm-none-eabi/lib//libc.a(lib_a-mallocr.o)
                0x10020c70                _malloc_r
 .text          0x1002138c      0x11c /home/leon/riotboard/arm-2012.09/bin/../arm-none-eabi/lib//libc.a(lib_a-memchr.o)
                0x1002138c                memchr
 .text          0x100214a8      0x20c /home/leon/riotboard/arm-2012.09/bin/../arm-none-eabi/lib//libc.a(lib_a-memcpy.o)
                0x100214a8                memcpy
 .text          0x100216b4      0x134 /home/leon/riotboard/arm-2012.09/bin/../arm-none-eabi/lib//libc.a(lib_a-memmove.o)
                0x100216b4                memmove
 .text          0x100217e8      0x134 /home/leon/riotboard/arm-2012.09/bin/../arm-none-eabi/lib//libc.a(lib_a-memset.o)
                0x100217e8                memset
 .text          0x1002191c        0x8 /home/leon/riotboard/arm-2012.09/bin/../arm-none-eabi/lib//libc.a(lib_a-mlock.o)
                0x1002191c                __malloc_lock
                0x10021920                __malloc_unlock
 .text          0x10021924       0x74 /home/leon/riotboard/arm-2012.09/bin/../arm-none-eabi/lib//libc.a(lib_a-printf.o)
                0x10021924                _printf_r
                0x10021958                printf
 .text          0x10021998      0x170 /home/leon/riotboard/arm-2012.09/bin/../arm-none-eabi/lib//libc.a(lib_a-putc.o)
                0x10021998                _putc_r
                0x10021a48                putc
 .text          0x10021b08       0x28 /home/leon/riotboard/arm-2012.09/bin/../arm-none-eabi/lib//libc.a(lib_a-realloc.o)
                0x10021b08                realloc
 .text          0x10021b30      0x574 /home/leon/riotboard/arm-2012.09/bin/../arm-none-eabi/lib//libc.a(lib_a-reallocr.o)
                0x10021b30                _realloc_r
 .text          0x100220a4       0x6c /home/leon/riotboard/arm-2012.09/bin/../arm-none-eabi/lib//libc.a(lib_a-rget.o)
                0x100220a4                __srget_r
                0x100220fc                __srget
 .text          0x10022110       0x40 /home/leon/riotboard/arm-2012.09/bin/../arm-none-eabi/lib//libc.a(lib_a-sbrkr.o)
                0x10022110                _sbrk_r
 .text          0x10022150       0xdc /home/leon/riotboard/arm-2012.09/bin/../arm-none-eabi/lib//libc.a(lib_a-sprintf.o)
                0x10022150                _sprintf_r
                0x100221b8                sprintf
 .text          0x1002222c       0xdc /home/leon/riotboard/arm-2012.09/bin/../arm-none-eabi/lib//libc.a(lib_a-stdio.o)
                0x1002222c                __sread
                0x10022260                __seofread
                0x10022268                __swrite
                0x100222c0                __sseek
                0x100222f4                __sclose
 .text          0x10022308       0x60 /home/leon/riotboard/arm-2012.09/bin/../arm-none-eabi/lib//libc.a(lib_a-strlen.o)
                0x10022308                strlen
 .text          0x10022368       0x78 /home/leon/riotboard/arm-2012.09/bin/../arm-none-eabi/lib//libc.a(lib_a-strncasecmp.o)
                0x10022368                strncasecmp
 .text          0x100223e0     0x1f7c /home/leon/riotboard/arm-2012.09/bin/../arm-none-eabi/lib//libc.a(lib_a-svfprintf.o)
                0x100223e0                _svfprintf_r
 .text          0x1002435c     0x12c4 /home/leon/riotboard/arm-2012.09/bin/../arm-none-eabi/lib//libc.a(lib_a-vfiprintf.o)
                0x1002435c                __sprint_r
                0x10024418                _vfiprintf_r
                0x100255f4                vfiprintf
 .text          0x10025620     0x2180 /home/leon/riotboard/arm-2012.09/bin/../arm-none-eabi/lib//libc.a(lib_a-vfprintf.o)
                0x10025620                _vfprintf_r
                0x10027774                vfprintf
 .text          0x100277a0       0x4c /home/leon/riotboard/arm-2012.09/bin/../arm-none-eabi/lib//libc.a(lib_a-vprintf.o)
                0x100277a0                vprintf
                0x100277cc                _vprintf_r
 .text          0x100277ec      0x14c /home/leon/riotboard/arm-2012.09/bin/../arm-none-eabi/lib//libc.a(lib_a-wbuf.o)
                0x100277ec                __swbuf_r
                0x1002791c                __swbuf
 .text          0x10027938       0x44 /home/leon/riotboard/arm-2012.09/bin/../arm-none-eabi/lib//libc.a(lib_a-writer.o)
                0x10027938                _write_r
 .text          0x1002797c      0x138 /home/leon/riotboard/arm-2012.09/bin/../arm-none-eabi/lib//libc.a(lib_a-wsetup.o)
                0x1002797c                __swsetup_r
 .text          0x10027ab4       0x14 /home/leon/riotboard/arm-2012.09/bin/../arm-none-eabi/lib//libc.a(lib_a-abort.o)
                0x10027ab4                abort
 .text          0x10027ac8       0x3c /home/leon/riotboard/arm-2012.09/bin/../arm-none-eabi/lib//libc.a(lib_a-closer.o)
                0x10027ac8                _close_r
 .text          0x10027b04        0x0 /home/leon/riotboard/arm-2012.09/bin/../arm-none-eabi/lib//libc.a(lib_a-ctype_.o)
 *fill*         0x10027b04        0x4 
 .text          0x10027b08     0x18a8 /home/leon/riotboard/arm-2012.09/bin/../arm-none-eabi/lib//libc.a(lib_a-dtoa.o)
                0x10027ce8                _dtoa_r
 .text          0x100293b0      0x10c /home/leon/riotboard/arm-2012.09/bin/../arm-none-eabi/lib//libc.a(lib_a-fclose.o)
                0x100293b0                _fclose_r
                0x100294a8                fclose
 .text          0x100294bc      0x19c /home/leon/riotboard/arm-2012.09/bin/../arm-none-eabi/lib//libc.a(lib_a-fputwc.o)
                0x100294bc                _fputwc_r
                0x1002960c                fputwc
 .text          0x10029658       0xd0 /home/leon/riotboard/arm-2012.09/bin/../arm-none-eabi/lib//libc.a(lib_a-locale.o)
                0x10029658                _setlocale_r
                0x100296c4                __locale_charset
                0x100296d0                __locale_mb_cur_max
                0x100296e0                __locale_msgcharset
                0x100296ec                __locale_cjk_lang
                0x100296f4                _localeconv_r
                0x10029700                setlocale
                0x1002971c                localeconv
 .text          0x10029728       0x44 /home/leon/riotboard/arm-2012.09/bin/../arm-none-eabi/lib//libc.a(lib_a-lseekr.o)
                0x10029728                _lseek_r
 .text          0x1002976c      0x15c /home/leon/riotboard/arm-2012.09/bin/../arm-none-eabi/lib//libc.a(lib_a-makebuf.o)
                0x1002976c                __smakebuf_r
 .text          0x100298c8      0xd20 /home/leon/riotboard/arm-2012.09/bin/../arm-none-eabi/lib//libc.a(lib_a-mprec.o)
                0x100298c8                _Balloc
                0x10029954                _Bfree
                0x10029970                __multadd
                0x10029a4c                __s2b
                0x10029b3c                __hi0bits
                0x10029b8c                __lo0bits
                0x10029c20                __i2b
                0x10029c44                __multiply
                0x10029e28                __pow5mult
                0x10029f1c                __lshift
                0x1002a020                __mcmp
                0x1002a084                __mdiff
                0x1002a1d0                __ulp
                0x1002a234                __b2d
                0x1002a300                __d2b
                0x1002a408                __ratio
                0x1002a498                _mprec_log10
                0x1002a4ec                __copybits
                0x1002a560                __any_on
 .text          0x1002a5e8       0x44 /home/leon/riotboard/arm-2012.09/bin/../arm-none-eabi/lib//libc.a(lib_a-readr.o)
                0x1002a5e8                _read_r
 .text          0x1002a62c      0x19c /home/leon/riotboard/arm-2012.09/bin/../arm-none-eabi/lib//libc.a(lib_a-reent.o)
                0x1002a62c                cleanup_glue
                0x1002a658                _reclaim_reent
                0x1002a754                _wrapup_reent
 .text          0x1002a7c8      0x1cc /home/leon/riotboard/arm-2012.09/bin/../arm-none-eabi/lib//libc.a(lib_a-refill.o)
                0x1002a7f0                __srefill_r
 .text          0x1002a994       0x6c /home/leon/riotboard/arm-2012.09/bin/../arm-none-eabi/lib//libc.a(lib_a-s_fpclassify.o)
                0x1002a994                __fpclassifyd
 .text          0x1002aa00      0x24c /home/leon/riotboard/arm-2012.09/bin/../arm-none-eabi/lib//libc.a(lib_a-signal.o)
                0x1002aa00                _init_signal_r
                0x1002aa60                _signal_r
                0x1002aacc                _raise_r
                0x1002ab64                __sigtramp_r
                0x1002abf8                raise
                0x1002ac0c                signal
                0x1002ac28                _init_signal
                0x1002ac38                __sigtramp
 .text          0x1002ac4c       0x50 /home/leon/riotboard/arm-2012.09/bin/../arm-none-eabi/lib//libc.a(lib_a-signalr.o)
                0x1002ac4c                _kill_r
                0x1002ac8c                _getpid_r
 .text          0x1002ac9c      0x230 /home/leon/riotboard/arm-2012.09/bin/../arm-none-eabi/lib//libc.a(lib_a-strcmp.o)
                0x1002ac9c                strcmp
 .text          0x1002aecc     0x1224 /home/leon/riotboard/arm-2012.09/bin/../arm-none-eabi/lib//libc.a(lib_a-svfiprintf.o)
                0x1002aecc                __ssprint_r
                0x1002b070                _svfiprintf_r
 .text          0x1002c0f0      0x134 /home/leon/riotboard/arm-2012.09/bin/../arm-none-eabi/lib//libc.a(lib_a-wcrtomb.o)
                0x1002c0f0                _wcrtomb_r
                0x1002c180                wcrtomb
 .text          0x1002c224       0x7c /home/leon/riotboard/arm-2012.09/bin/../arm-none-eabi/lib//libc.a(lib_a-wctomb_r.o)
                0x1002c224                __ascii_wctomb
                0x1002c250                _wctomb_r
 .text          0x1002c2a0       0x94 /home/leon/riotboard/arm-2012.09/bin/../arm-none-eabi/lib//libc.a(lib_a-callocr.o)
                0x1002c2a0                _calloc_r
 .text          0x1002c334       0x40 /home/leon/riotboard/arm-2012.09/bin/../arm-none-eabi/lib//libc.a(lib_a-fstatr.o)
                0x1002c334                _fstat_r
 .text          0x1002c374       0x3c /home/leon/riotboard/arm-2012.09/bin/../arm-none-eabi/lib//libc.a(lib_a-isattyr.o)
                0x1002c374                _isatty_r
 .text          0x1002c3b0      0x114 /home/leon/riotboard/arm-2012.09/bin/../lib/gcc/arm-none-eabi/4.7.2//libgcc.a(_udivsi3.o)
                0x1002c3b0                __udivsi3
                0x1002c3b0                __aeabi_uidiv
                0x1002c4a4                __aeabi_uidivmod
 .text          0x1002c4c4        0x4 /home/leon/riotboard/arm-2012.09/bin/../lib/gcc/arm-none-eabi/4.7.2//libgcc.a(_dvmd_tls.o)
                0x1002c4c4                __aeabi_ldiv0
                0x1002c4c4                __aeabi_idiv0
 .text          0x1002c4c8      0x41c /home/leon/riotboard/arm-2012.09/bin/../lib/gcc/arm-none-eabi/4.7.2//libgcc.a(_arm_addsubdf3.o)
                0x1002c4c8                __aeabi_drsub
                0x1002c4d0                __aeabi_dsub
                0x1002c4d0                __subdf3
                0x1002c4d4                __adddf3
                0x1002c4d4                __aeabi_dadd
                0x1002c7e4                __aeabi_ui2d
                0x1002c7e4                __floatunsidf
                0x1002c808                __floatsidf
                0x1002c808                __aeabi_i2d
                0x1002c830                __extendsfdf2
                0x1002c830                __aeabi_f2d
                0x1002c870                __aeabi_ul2d
                0x1002c870                __floatundidf
                0x1002c884                __floatdidf
                0x1002c884                __aeabi_l2d
 .text          0x1002c8e4      0x49c /home/leon/riotboard/arm-2012.09/bin/../lib/gcc/arm-none-eabi/4.7.2//libgcc.a(_arm_muldivdf3.o)
                0x1002c8e4                __aeabi_dmul
                0x1002c8e4                __muldf3
                0x1002cb74                __aeabi_ddiv
                0x1002cb74                __divdf3
 .text          0x1002cd80      0x144 /home/leon/riotboard/arm-2012.09/bin/../lib/gcc/arm-none-eabi/4.7.2//libgcc.a(_arm_cmpdf2.o)
                0x1002cd80                __gtdf2
                0x1002cd80                __gedf2
                0x1002cd88                __ltdf2
                0x1002cd88                __ledf2
                0x1002cd90                __cmpdf2
                0x1002cd90                __eqdf2
                0x1002cd90                __nedf2
                0x1002ce18                __aeabi_cdrcmple
                0x1002ce34                __aeabi_cdcmple
                0x1002ce34                __aeabi_cdcmpeq
                0x1002ce4c                __aeabi_dcmpeq
                0x1002ce64                __aeabi_dcmplt
                0x1002ce7c                __aeabi_dcmple
                0x1002ce94                __aeabi_dcmpge
                0x1002ceac                __aeabi_dcmpgt
 .text          0x1002cec4       0x5c /home/leon/riotboard/arm-2012.09/bin/../lib/gcc/arm-none-eabi/4.7.2//libgcc.a(_arm_fixdfsi.o)
                0x1002cec4                __fixdfsi
                0x1002cec4                __aeabi_d2iz
 .text          0x1002cf20      0x2ac /home/leon/riotboard/arm-2012.09/bin/../lib/gcc/arm-none-eabi/4.7.2//libgcc.a(_arm_addsubsf3.o)
                0x1002cf20                __aeabi_frsub
                0x1002cf28                __subsf3
                0x1002cf28                __aeabi_fsub
                0x1002cf2c                __aeabi_fadd
                0x1002cf2c                __addsf3
                0x1002d0e8                __aeabi_ui2f
                0x1002d0e8                __floatunsisf
                0x1002d0f0                __aeabi_i2f
                0x1002d0f0                __floatsisf
                0x1002d110                __floatundisf
                0x1002d110                __aeabi_ul2f
                0x1002d120                __floatdisf
                0x1002d120                __aeabi_l2f
 .text          0x1002d1cc      0x2f8 /home/leon/riotboard/arm-2012.09/bin/../lib/gcc/arm-none-eabi/4.7.2//libgcc.a(_arm_muldivsf3.o)
                0x1002d1cc                __mulsf3
                0x1002d1cc                __aeabi_fmul
                0x1002d364                __divsf3
                0x1002d364                __aeabi_fdiv
 .text          0x1002d4c4      0x114 /home/leon/riotboard/arm-2012.09/bin/../lib/gcc/arm-none-eabi/4.7.2//libgcc.a(_arm_cmpsf2.o)
                0x1002d4c4                __gtsf2
                0x1002d4c4                __gesf2
                0x1002d4cc                __lesf2
                0x1002d4cc                __ltsf2
                0x1002d4d4                __nesf2
                0x1002d4d4                __eqsf2
                0x1002d4d4                __cmpsf2
                0x1002d538                __aeabi_cfrcmple
                0x1002d548                __aeabi_cfcmple
                0x1002d548                __aeabi_cfcmpeq
                0x1002d560                __aeabi_fcmpeq
                0x1002d578                __aeabi_fcmplt
                0x1002d590                __aeabi_fcmple
                0x1002d5a8                __aeabi_fcmpge
                0x1002d5c0                __aeabi_fcmpgt
 .text          0x1002d5d8       0x5c /home/leon/riotboard/arm-2012.09/bin/../lib/gcc/arm-none-eabi/4.7.2//libgcc.a(_arm_fixsfsi.o)
                0x1002d5d8                __fixsfsi
                0x1002d5d8                __aeabi_f2iz
 .text          0x1002d634       0x3c /home/leon/riotboard/arm-2012.09/bin/../lib/gcc/arm-none-eabi/4.7.2//libgcc.a(_aeabi_uldivmod.o)
                0x1002d634                __aeabi_uldivmod
 .text          0x1002d670       0x84 /home/leon/riotboard/arm-2012.09/bin/../lib/gcc/arm-none-eabi/4.7.2//libgcc.a(bpabi.o)
                0x1002d670                __gnu_ldivmod_helper
                0x1002d6b4                __gnu_uldivmod_helper
 .text          0x1002d6f4      0x4f0 /home/leon/riotboard/arm-2012.09/bin/../lib/gcc/arm-none-eabi/4.7.2//libgcc.a(_divdi3.o)
                0x1002d6f4                __divdi3
 .text          0x1002dbe4      0x488 /home/leon/riotboard/arm-2012.09/bin/../lib/gcc/arm-none-eabi/4.7.2//libgcc.a(_udivdi3.o)
                0x1002dbe4                __udivdi3
 .text          0x1002e06c       0x48 /home/leon/riotboard/arm-2012.09/bin/../lib/gcc/arm-none-eabi/4.7.2//libgcc.a(_clzsi2.o)
                0x1002e06c                __clzsi2
 .text          0x1002e0b4       0x64 /home/leon/git/swp-report/iMX6_Platform_SDK/output/mx6dq/lib/libsdk.a(profile.o)
                0x1002e0b4                StartPerfCounter
                0x1002e0dc                StopPerfCounter
 .text          0x1002e118      0x644 /home/leon/git/swp-report/iMX6_Platform_SDK/output/mx6dq/lib/libsdk.a(armv7_cache.o)
                0x1002e118                arm_dcache_state_query
                0x1002e158                arm_dcache_enable
                0x1002e1a0                arm_dcache_disable
                0x1002e1d8                arm_dcache_invalidate
                0x1002e27c                arm_dcache_invalidate_line
                0x1002e2e8                arm_dcache_invalidate_mlines
                0x1002e388                arm_dcache_flush
                0x1002e42c                arm_dcache_flush_line
                0x1002e498                arm_dcache_flush_mlines
                0x1002e538                arm_icache_state_query
                0x1002e578                arm_icache_enable
                0x1002e5c0                arm_icache_disable
                0x1002e5f8                arm_icache_invalidate
                0x1002e624                arm_icache_invalidate_is
                0x1002e650                arm_icache_invalidate_line
                0x1002e6bc                arm_icache_invalidate_mlines
 .text          0x1002e75c      0x610 /home/leon/git/swp-report/iMX6_Platform_SDK/output/mx6dq/lib/libsdk.a(runtime_support.o)
                0x1002e75c                _execve
                0x1002e798                _fork
                0x1002e7c0                _isatty
                0x1002e7e4                _open
                0x1002e810                _close
                0x1002e834                _lseek
                0x1002e860                _fstat
                0x1002e894                _read
                0x1002e964                _write
                0x1002ea50                _raw_puts
                0x1002ead0                _sbrk
                0x1002eb80                _exit
                0x1002eba0                _kill
                0x1002ebd8                _getpid
                0x1002ebf0                _link
                0x1002ec28                _unlink
                0x1002ec5c                _stat
                0x1002ec90                _times
                0x1002ecb4                _gettimeofday
                0x1002ed38                _wait
 .text          0x1002ed6c      0x62c /home/leon/git/swp-report/iMX6_Platform_SDK/output/mx6dq/lib/libsdk.a(mma8451.o)
                0x1002ed6c                mma8451_read_register
                0x1002ee3c                mma8451_write_register
                0x1002ef1c                mma8451_init
                0x1002f0d8                mma8451_get_acceleration
 .text          0x1002f398      0xa88 /home/leon/git/swp-report/iMX6_Platform_SDK/output/mx6dq/lib/libsdk.a(smd_sensor.o)
                0x1002f730                sensor_config
                0x1002f76c                sensor_search
                0x1002f8fc                sensor_init
                0x1002fa70                sensor_af_trigger
                0x1002fb50                sensor_autofocus_init
                0x1002fcd0                camera_strobeflash_on
                0x1002fdac                camera_strobeflash_off
 .text          0x1002fe20       0x78 /home/leon/git/swp-report/iMX6_Platform_SDK/output/mx6dq/lib/libsdk.a(cpu_get_cores.o)
                0x1002fe20                cpu_get_cores
 .text          0x1002fe98      0x2a8 /home/leon/git/swp-report/iMX6_Platform_SDK/output/mx6dq/lib/libsdk.a(cpu_multicore.o)
                0x1002fefc                cpu_start_secondary
                0x10030090                cpu_disable
 .text          0x10030140      0x1cc /home/leon/git/swp-report/iMX6_Platform_SDK/output/mx6dq/lib/libsdk.a(cpu_workpoint.o)
                0x10030140                cpu_workpoint_set
 .text          0x1003030c     0x17e0 /home/leon/git/swp-report/iMX6_Platform_SDK/output/mx6dq/lib/libsdk.a(enet_drv.o)
                0x1003030c                imx_enet_mii_read
                0x1003041c                imx_enet_mii_write
                0x100308f0                enet_phy_rework_ar8031
                0x10030a64                enet_phy_rework_ksz9021
                0x10030b58                imx_enet_phy_init
                0x10030dd8                imx_enet_get_phy_status
                0x10031100                imx_enet_phy_enable_external_loopback
                0x1003121c                imx_enet_poll
                0x10031314                imx_enet_send
                0x1003142c                imx_enet_recv
                0x10031608                imx_enet_init
                0x1003175c                imx_enet_start
                0x100317f0                imx_enet_stop
                0x10031834                imx_enet_isolate_phy
                0x100318d8                imx_enet_unisolate_phy
                0x100319a0                imx_enet_mii_type
 .text          0x10031aec     0x1308 /home/leon/git/swp-report/iMX6_Platform_SDK/output/mx6dq/lib/libsdk.a(gpio.o)
                0x10031b1c                gpio_get_port_count
                0x10031b34                gpio_set_gpio
                0x10031bf8                gpio_set_direction
                0x10031e54                gpio_get_direction
                0x10031f9c                gpio_set_level
                0x100322dc                gpio_get_level
                0x1003243c                gpio_set_interrupt_config
                0x10032840                gpio_set_interrupt_mask
                0x10032a84                gpio_get_interrupt_status
                0x10032be0                gpio_clear_interrupt
 .text          0x10032df4        0x0 /home/leon/git/swp-report/iMX6_Platform_SDK/output/mx6dq/lib/libsdk.a(imx6dq_gpio_map.o)
 .text          0x10032df4     0x1334 /home/leon/git/swp-report/iMX6_Platform_SDK/output/mx6dq/lib/libsdk.a(hdmi_tx.o)
                0x10032df4                hdmi_config_input_source
                0x10032e34                hdmi_video_sample
                0x1003307c                update_csc_coeffs
                0x10033590                hdmi_video_csc
                0x10033730                hdmi_video_packetize
                0x10033afc                preamble_filter_set
                0x10033bbc                hdmi_av_frame_composer
                0x10034004                hdmi_tx_hdcp_config
                0x10034070                hdmi_config_force_video
                0x100340c8                hdmi_config_forced_pixels
 .text          0x10034128      0xd24 /home/leon/git/swp-report/iMX6_Platform_SDK/output/mx6dq/lib/libsdk.a(hdmi_tx_audio.o)
                0x10034128                hdmi_audio_mute
                0x10034178                audio_PacketLayout
                0x100341b8                audio_DMA_InterruptMask
                0x100341e8                audio_DMA_InterruptPolarity
                0x10034218                audio_DMA_ResetFIFO
                0x1003423c                audio_clk_N
                0x1003429c                audio_clk_CTS
                0x1003433c                audio_ComputeN
                0x1003465c                audio_ComputeCTS
                0x10034898                audio_DMA_StartAddr
                0x10034910                audio_DMA_StopAddr
                0x10034988                audio_DMA_LockEnable
                0x100349c8                audio_DMA_BurstMode
                0x10034a08                audio_DMA_IncrType
                0x10034a48                audio_DMA_Threshold
                0x10034a78                audio_DMA_SetCONF1
                0x10034aa8                audio_DMA_Start
                0x10034acc                audio_Configure
                0x10034b84                Audio_ChannelCount
                0x10034c74                audio_Configure_DMA
                0x10034e0c                audio_info_config
 .text          0x10034e4c     0x14fc /home/leon/git/swp-report/iMX6_Platform_SDK/output/mx6dq/lib/libsdk.a(hdmi_tx_phy.o)
                0x10034e4c                hdmi_phy_int_mask
                0x100362b4                hdmi_phy_init
 .text          0x10036348     0x14bc /home/leon/git/swp-report/iMX6_Platform_SDK/output/mx6dq/lib/libsdk.a(imx_i2c.o)
                0x10036378                i2c_get_request_instance
                0x10036cc8                i2c_xfer
                0x10037324                i2c_read
                0x10037354                i2c_write
                0x10037384                i2c_setup_interrupt
                0x10037590                i2c_init
 .text          0x10037804      0xba8 /home/leon/git/swp-report/iMX6_Platform_SDK/output/mx6dq/lib/libsdk.a(imx_i2c_slave.o)
                0x10037804                i2c_slave_interrupt_routine
                0x10037910                i2c_slave_handler
                0x10037e68                i2c_slave_xfer
 .text          0x100383ac      0x474 /home/leon/git/swp-report/iMX6_Platform_SDK/output/mx6dq/lib/libsdk.a(ips_disp_panel.o)
                0x10038640                search_panel
                0x10038700                list_panel
                0x10038798                get_panel_by_id
 .text          0x10038820      0xff4 /home/leon/git/swp-report/iMX6_Platform_SDK/output/mx6dq/lib/libsdk.a(ipu_common.o)
                0x10038820                need_csc
                0x10038888                ipu_write_field
                0x10038940                ipu_read
                0x100389ac                ipu_write
                0x10038a14                ipu_enable_display
                0x10038a80                ipu_disable_display
                0x10038b00                ipu_sw_reset
                0x10038be0                ipu_display_setup
                0x10038d54                ipu_dual_display_setup
                0x10038e58                ipu_capture_setup
                0x100392c4                ipu_capture_streamoff
                0x10039398                ipu_mipi_csi2_setup
                0x10039590                ipu1_ch0_eobnd_isr
                0x1003976c                ipu_ch0_eobnd_interrupt_register
 .text          0x10039814      0xcb8 /home/leon/git/swp-report/iMX6_Platform_SDK/output/mx6dq/lib/libsdk.a(ipu_csi.o)
                0x10039814                ipu_csi_config
                0x10039e58                ipu_smfc_fifo_allocate
                0x10039fb4                ipu_capture_disp_link
                0x1003a0e0                ipu_disable_csi
                0x1003a14c                ipu_disable_smfc
                0x1003a180                ipu_csi_test_mode_color
 .text          0x1003a4cc     0x1bec /home/leon/git/swp-report/iMX6_Platform_SDK/output/mx6dq/lib/libsdk.a(ipu_dc.o)
                0x1003a4cc                ipu_dc_config
                0x1003a7bc                ipu_dc_write_channel_config
                0x1003aa74                ipu_dc_display_config
                0x1003ac08                ipu_dc_map
                0x1003af9c                ipu_dc_microcode_config
                0x1003bd5c                ipu_dc_microcode_event
 .text          0x1003c0b8      0xfec /home/leon/git/swp-report/iMX6_Platform_SDK/output/mx6dq/lib/libsdk.a(ipu_di.o)
                0x1003c0b8                ipu_di_config
                0x1003c6e8                ipu_di_waveform_config
                0x1003c7b0                ipu_di_screen_set
                0x1003c844                ipu_di_pointer_config
                0x1003c9a8                ipu_di_bsclk_gen
                0x1003cae0                ipu_di_sync_config
                0x1003cde8                ipu_di_interface_set
 .text          0x1003d0a4      0x3e0 /home/leon/git/swp-report/iMX6_Platform_SDK/output/mx6dq/lib/libsdk.a(ipu_dmfc.o)
                0x1003d0a4                ipu_dmfc_config
                0x1003d338                ipu_dmfc_alloc
 .text          0x1003d484      0x5b0 /home/leon/git/swp-report/iMX6_Platform_SDK/output/mx6dq/lib/libsdk.a(ipu_dp.o)
                0x1003d484                ipu_dp_config
                0x1003d4d8                ipu_dp_csc_config
                0x1003d890                ipu_dp_fg_config
 .text          0x1003da34     0x16a4 /home/leon/git/swp-report/iMX6_Platform_SDK/output/mx6dq/lib/libsdk.a(ipu_ic.o)
                0x1003da34                ipu_ic_enable
                0x1003da80                ipu_ic_rotation_config
                0x1003dc8c                ipu_ic_resize_config
                0x1003e1e0                ipu_ic_deinterlace_config
                0x1003e3bc                ipu_ic_calc_resize_coeffs
                0x1003e4d4                ipu_ic_config_resize_rate
                0x1003e610                ipu_ic_combine_config
                0x1003e7cc                ipu_ic_csc_config
                0x1003eed8                ipu_ic_task_enable
 .text          0x1003f0d8     0x2e08 /home/leon/git/swp-report/iMX6_Platform_SDK/output/mx6dq/lib/libsdk.a(ipu_idmac.o)
                0x1003f0d8                ipu_cpmem_set_field
                0x1003f204                ipu_cpmem_mod_field
                0x1003f390                ipu_cpmem_read_field
                0x1003f4ec                ipu_channel_buf_ready
                0x1003f664                ipu_channel_buf_not_ready
                0x1003f7dc                ipu_idmac_channel_mode_sel
                0x1003f864                ipu_idmac_channel_enable
                0x1003f8ec                ipu_idmac_channel_busy
                0x1003f9ac                ipu_general_idmac_config
                0x1003ff94                ipu_disp_bg_idmac_config
                0x1004007c                ipu_disp_fg_idmac_config
                0x10040164                ipu_dma_update_buffer
                0x10040280                ipu_idmac_chan_cur_buff
                0x1004032c                ipu_rotate_idmac_config
                0x10040460                ipu_resize_idmac_config
                0x1004059c                ipu_deinterlace_idmac_config
                0x100406f0                ipu_idma_pixel_format_config
 .text          0x10041ee0      0x598 /home/leon/git/swp-report/iMX6_Platform_SDK/output/mx6dq/lib/libsdk.a(ipu_vdi.o)
                0x10041ee0                ipu_deinterlace_3_fields
                0x10041f30                ipu_vdi_set_top_field_man
                0x10041fa4                ipu_vdi_set_motion
                0x100420ac                ipu_vdi_init
                0x100421f0                ipu_vdi_uninit
                0x10042238                ips_deinterlace_proc
 .text          0x10042478      0x520 /home/leon/git/swp-report/iMX6_Platform_SDK/output/mx6dq/lib/libsdk.a(keypad_port.o)
                0x10042498                kpp_scan_matrix
                0x100426dc                kpp_get_keypad_state
                0x1004279c                kpp_wait_for_release_state
                0x100427e4                kpp_interrupt_routine
                0x10042824                kpp_setup_interrupt
                0x10042888                kpp_open
                0x1004294c                kpp_close
 .text          0x10042998      0x4ac /home/leon/git/swp-report/iMX6_Platform_SDK/output/mx6dq/lib/libsdk.a(ldb.o)
                0x10042b68                ldb_config
                0x10042da0                ldb_set_vs_polarity
 .text          0x10042e44      0x3f4 /home/leon/git/swp-report/iMX6_Platform_SDK/output/mx6dq/lib/libsdk.a(ocotp.o)
                0x10042eb0                Delay4Reload
                0x100430f4                ocotp_sense_fuse
                0x10043164                ocotp_fuse_blow_row
                0x100431c0                ocotp_reload_otp_shadow_registers
 .text          0x10043238      0x55c /home/leon/git/swp-report/iMX6_Platform_SDK/output/mx6dq/lib/libsdk.a(pcie.o)
                0x100434ec                pcie_map_space
                0x100435b0                pcie_init
 .text          0x10043794      0x394 /home/leon/git/swp-report/iMX6_Platform_SDK/output/mx6dq/lib/libsdk.a(pcie_phy.o)
                0x100438e0                pcie_phy_cr_read
                0x100439b8                pcie_phy_cr_write
 .text          0x10043b28      0x70c /home/leon/git/swp-report/iMX6_Platform_SDK/output/mx6dq/lib/libsdk.a(pcie_prot.o)
                0x10043ec0                pcie_dump_cfg_header
                0x10043f2c                pcie_enum_resources
                0x100441bc                pcie_cfg_ep_bar
 .text          0x10044234     0x1bf0 /home/leon/git/swp-report/iMX6_Platform_SDK/output/mx6dq/lib/libsdk.a(pmu_driver.o)
                0x100444a0                pmu_init
                0x1004463c                pmu_get_property
                0x1004469c                pmu_set_property
                0x10044700                pmu::Regulator::getProperty(_pmu_regulator_properties, void*)
                0x1004497c                pmu::Regulator::setProperty(_pmu_regulator_properties, void const*)
                0x10044af4                pmu::Regulator::setVoltageRange(unsigned long, unsigned long, unsigned long)
                0x10044b40                pmu::AnalogRegulator::getProperty(_pmu_regulator_properties, void*)
                0x10044c0c                pmu::AnalogRegulator::setProperty(_pmu_regulator_properties, void const*)
                0x10044ccc                pmu::AnalogRegulator::getOutputMillivolts() const
                0x10044d24                pmu::AnalogRegulator::setOutputMillivolts(unsigned long)
                0x10044e0c                pmu::AnalogRegulator::getBrownoutMillivolts() const
                0x10044e7c                pmu::AnalogRegulator::setBrownoutMillivolts(unsigned long)
                0x10044f14                pmu::AnalogRegulator::isBrownoutDetectEnabled() const
                0x10044f58                pmu::AnalogRegulator::setBrownoutDetectIsEnabled(bool)
                0x10044fa4                pmu::AnalogRegulator::isEnabled() const
                0x10044fe8                pmu::AnalogRegulator::setIsEnabled(bool)
                0x10045034                pmu::DigitalRegulator::DigitalRegulator()
                0x10045034                pmu::DigitalRegulator::DigitalRegulator()
                0x10045074                pmu::DigitalRegulator::getProperty(_pmu_regulator_properties, void*)
                0x10045174                pmu::DigitalRegulator::setProperty(_pmu_regulator_properties, void const*)
                0x1004523c                pmu::DigitalRegulator::isBypassed() const
                0x10045288                pmu::DigitalRegulator::setIsBypassed(bool)
                0x1004533c                pmu::DigitalRegulator::getOutputMillivolts() const
                0x100453d8                pmu::DigitalRegulator::setOutputMillivolts(unsigned long)
                0x100454bc                pmu::DigitalRegulator::getBrownoutMillivolts() const
                0x10045530                pmu::DigitalRegulator::setBrownoutMillivolts(unsigned long)
                0x100455c8                pmu::DigitalRegulator::isEnabled() const
                0x10045614                pmu::DigitalRegulator::setIsEnabled(bool)
                0x100456d0                pmu::LDO1p1Regulator::LDO1p1Regulator()
                0x100456d0                pmu::LDO1p1Regulator::LDO1p1Regulator()
                0x10045730                pmu::LDO1p1Regulator::getProperty(_pmu_regulator_properties, void*)
                0x100457c8                pmu::LDO1p1Regulator::getOutputMillivolts() const
                0x10045824                pmu::LDO1p1Regulator::setOutputMillivolts(unsigned long)
                0x10045918                pmu::LDO2p5Regulator::LDO2p5Regulator()
                0x10045918                pmu::LDO2p5Regulator::LDO2p5Regulator()
                0x10045978                pmu::LDO3p0Regulator::LDO3p0Regulator()
                0x10045978                pmu::LDO3p0Regulator::LDO3p0Regulator()
                0x100459d8                pmu::LDO3p0Regulator::getProperty(_pmu_regulator_properties, void*)
                0x10045a44                pmu::LDO3p0Regulator::setProperty(_pmu_regulator_properties, void const*)
                0x10045ab4                pmu::LDOARMRegulator::LDOARMRegulator()
                0x10045ab4                pmu::LDOARMRegulator::LDOARMRegulator()
                0x10045b0c                pmu::LDOARMRegulator::setBrownoutDetectIsEnabled(bool)
                0x10045b58                pmu::LDOARMRegulator::setRampRate(unsigned long)
                0x10045bb8                pmu::LDOGraphicsRegulator::LDOGraphicsRegulator()
                0x10045bb8                pmu::LDOGraphicsRegulator::LDOGraphicsRegulator()
                0x10045c10                pmu::LDOGraphicsRegulator::setBrownoutDetectIsEnabled(bool)
                0x10045c5c                pmu::LDOGraphicsRegulator::setRampRate(unsigned long)
                0x10045cbc                pmu::LDOSoCRegulator::LDOSoCRegulator()
                0x10045cbc                pmu::LDOSoCRegulator::LDOSoCRegulator()
                0x10045d14                pmu::LDOSoCRegulator::setBrownoutDetectIsEnabled(bool)
                0x10045d60                pmu::LDOSoCRegulator::setRampRate(unsigned long)
 .text._ZnwjPv  0x10045e24       0x28 /home/leon/git/swp-report/iMX6_Platform_SDK/output/mx6dq/lib/libsdk.a(pmu_driver.o)
                0x10045e24                operator new(unsigned int, void*)
 .text._ZN3pmu9RegulatorC2Ev
                0x10045e4c       0x64 /home/leon/git/swp-report/iMX6_Platform_SDK/output/mx6dq/lib/libsdk.a(pmu_driver.o)
                0x10045e4c                pmu::Regulator::Regulator()
                0x10045e4c                pmu::Regulator::Regulator()
 .text._ZN3pmu9Regulator18setBrownoutHandlerEPFv9_pmu_regsE
                0x10045eb0       0x2c /home/leon/git/swp-report/iMX6_Platform_SDK/output/mx6dq/lib/libsdk.a(pmu_driver.o)
                0x10045eb0                pmu::Regulator::setBrownoutHandler(void (*)(_pmu_regs))
 .text._ZN3pmu9Regulator18getBrownoutHandlerEv
                0x10045edc       0x28 /home/leon/git/swp-report/iMX6_Platform_SDK/output/mx6dq/lib/libsdk.a(pmu_driver.o)
                0x10045edc                pmu::Regulator::getBrownoutHandler()
 .text._ZN3pmu15AnalogRegulatorC2ERV15_hw_pmu_reg_1p1
                0x10045f04       0x50 /home/leon/git/swp-report/iMX6_Platform_SDK/output/mx6dq/lib/libsdk.a(pmu_driver.o)
                0x10045f04                pmu::AnalogRegulator::AnalogRegulator(_hw_pmu_reg_1p1 volatile&)
                0x10045f04                pmu::AnalogRegulator::AnalogRegulator(_hw_pmu_reg_1p1 volatile&)
 .text._ZNK3pmu15LDO1p1Regulator12isInBrownoutEv
                0x10045f54       0x70 /home/leon/git/swp-report/iMX6_Platform_SDK/output/mx6dq/lib/libsdk.a(pmu_driver.o)
                0x10045f54                pmu::LDO1p1Regulator::isInBrownout() const
 .text._ZNK3pmu15LDO1p1Regulator4isOKEv
                0x10045fc4       0x78 /home/leon/git/swp-report/iMX6_Platform_SDK/output/mx6dq/lib/libsdk.a(pmu_driver.o)
                0x10045fc4                pmu::LDO1p1Regulator::isOK() const
 .text._ZNK3pmu15LDO2p5Regulator12isInBrownoutEv
                0x1004603c       0x70 /home/leon/git/swp-report/iMX6_Platform_SDK/output/mx6dq/lib/libsdk.a(pmu_driver.o)
                0x1004603c                pmu::LDO2p5Regulator::isInBrownout() const
 .text._ZNK3pmu15LDO2p5Regulator4isOKEv
                0x100460ac       0x78 /home/leon/git/swp-report/iMX6_Platform_SDK/output/mx6dq/lib/libsdk.a(pmu_driver.o)
                0x100460ac                pmu::LDO2p5Regulator::isOK() const
 .text._ZNK3pmu15LDO3p0Regulator12isInBrownoutEv
                0x10046124       0x70 /home/leon/git/swp-report/iMX6_Platform_SDK/output/mx6dq/lib/libsdk.a(pmu_driver.o)
                0x10046124                pmu::LDO3p0Regulator::isInBrownout() const
 .text._ZNK3pmu15LDO3p0Regulator4isOKEv
                0x10046194       0x78 /home/leon/git/swp-report/iMX6_Platform_SDK/output/mx6dq/lib/libsdk.a(pmu_driver.o)
                0x10046194                pmu::LDO3p0Regulator::isOK() const
 .text._ZNK3pmu15LDOARMRegulator23isBrownoutDetectEnabledEv
                0x1004620c       0x44 /home/leon/git/swp-report/iMX6_Platform_SDK/output/mx6dq/lib/libsdk.a(pmu_driver.o)
                0x1004620c                pmu::LDOARMRegulator::isBrownoutDetectEnabled() const
 .text._ZNK3pmu15LDOARMRegulator12isInBrownoutEv
                0x10046250       0x6c /home/leon/git/swp-report/iMX6_Platform_SDK/output/mx6dq/lib/libsdk.a(pmu_driver.o)
                0x10046250                pmu::LDOARMRegulator::isInBrownout() const
 .text._ZNK3pmu15LDOARMRegulator4isOKEv
                0x100462bc       0x24 /home/leon/git/swp-report/iMX6_Platform_SDK/output/mx6dq/lib/libsdk.a(pmu_driver.o)
                0x100462bc                pmu::LDOARMRegulator::isOK() const
 .text._ZNK3pmu15LDOARMRegulator11getRampRateEv
                0x100462e0       0x34 /home/leon/git/swp-report/iMX6_Platform_SDK/output/mx6dq/lib/libsdk.a(pmu_driver.o)
                0x100462e0                pmu::LDOARMRegulator::getRampRate() const
 .text._ZNK3pmu15LDOARMRegulator10getTriggerEv
                0x10046314       0x34 /home/leon/git/swp-report/iMX6_Platform_SDK/output/mx6dq/lib/libsdk.a(pmu_driver.o)
                0x10046314                pmu::LDOARMRegulator::getTrigger() const
 .text._ZN3pmu15LDOARMRegulator10setTriggerEm
                0x10046348       0x44 /home/leon/git/swp-report/iMX6_Platform_SDK/output/mx6dq/lib/libsdk.a(pmu_driver.o)
                0x10046348                pmu::LDOARMRegulator::setTrigger(unsigned long)
 .text._ZNK3pmu15LDOARMRegulator11getBrownoutEv
                0x1004638c       0x34 /home/leon/git/swp-report/iMX6_Platform_SDK/output/mx6dq/lib/libsdk.a(pmu_driver.o)
                0x1004638c                pmu::LDOARMRegulator::getBrownout() const
 .text._ZN3pmu15LDOARMRegulator11setBrownoutEm
                0x100463c0       0x44 /home/leon/git/swp-report/iMX6_Platform_SDK/output/mx6dq/lib/libsdk.a(pmu_driver.o)
                0x100463c0                pmu::LDOARMRegulator::setBrownout(unsigned long)
 .text._ZNK3pmu20LDOGraphicsRegulator23isBrownoutDetectEnabledEv
                0x10046404       0x44 /home/leon/git/swp-report/iMX6_Platform_SDK/output/mx6dq/lib/libsdk.a(pmu_driver.o)
                0x10046404                pmu::LDOGraphicsRegulator::isBrownoutDetectEnabled() const
 .text._ZNK3pmu20LDOGraphicsRegulator12isInBrownoutEv
                0x10046448       0x6c /home/leon/git/swp-report/iMX6_Platform_SDK/output/mx6dq/lib/libsdk.a(pmu_driver.o)
                0x10046448                pmu::LDOGraphicsRegulator::isInBrownout() const
 .text._ZNK3pmu20LDOGraphicsRegulator4isOKEv
                0x100464b4       0x24 /home/leon/git/swp-report/iMX6_Platform_SDK/output/mx6dq/lib/libsdk.a(pmu_driver.o)
                0x100464b4                pmu::LDOGraphicsRegulator::isOK() const
 .text._ZNK3pmu20LDOGraphicsRegulator11getRampRateEv
                0x100464d8       0x34 /home/leon/git/swp-report/iMX6_Platform_SDK/output/mx6dq/lib/libsdk.a(pmu_driver.o)
                0x100464d8                pmu::LDOGraphicsRegulator::getRampRate() const
 .text._ZNK3pmu20LDOGraphicsRegulator10getTriggerEv
                0x1004650c       0x34 /home/leon/git/swp-report/iMX6_Platform_SDK/output/mx6dq/lib/libsdk.a(pmu_driver.o)
                0x1004650c                pmu::LDOGraphicsRegulator::getTrigger() const
 .text._ZN3pmu20LDOGraphicsRegulator10setTriggerEm
                0x10046540       0x44 /home/leon/git/swp-report/iMX6_Platform_SDK/output/mx6dq/lib/libsdk.a(pmu_driver.o)
                0x10046540                pmu::LDOGraphicsRegulator::setTrigger(unsigned long)
 .text._ZNK3pmu20LDOGraphicsRegulator11getBrownoutEv
                0x10046584       0x34 /home/leon/git/swp-report/iMX6_Platform_SDK/output/mx6dq/lib/libsdk.a(pmu_driver.o)
                0x10046584                pmu::LDOGraphicsRegulator::getBrownout() const
 .text._ZN3pmu20LDOGraphicsRegulator11setBrownoutEm
                0x100465b8       0x44 /home/leon/git/swp-report/iMX6_Platform_SDK/output/mx6dq/lib/libsdk.a(pmu_driver.o)
                0x100465b8                pmu::LDOGraphicsRegulator::setBrownout(unsigned long)
 .text._ZNK3pmu15LDOSoCRegulator23isBrownoutDetectEnabledEv
                0x100465fc       0x44 /home/leon/git/swp-report/iMX6_Platform_SDK/output/mx6dq/lib/libsdk.a(pmu_driver.o)
                0x100465fc                pmu::LDOSoCRegulator::isBrownoutDetectEnabled() const
 .text._ZNK3pmu15LDOSoCRegulator12isInBrownoutEv
                0x10046640       0x6c /home/leon/git/swp-report/iMX6_Platform_SDK/output/mx6dq/lib/libsdk.a(pmu_driver.o)
                0x10046640                pmu::LDOSoCRegulator::isInBrownout() const
 .text._ZNK3pmu15LDOSoCRegulator4isOKEv
                0x100466ac       0x74 /home/leon/git/swp-report/iMX6_Platform_SDK/output/mx6dq/lib/libsdk.a(pmu_driver.o)
                0x100466ac                pmu::LDOSoCRegulator::isOK() const
 .text._ZNK3pmu15LDOSoCRegulator11getRampRateEv
                0x10046720       0x34 /home/leon/git/swp-report/iMX6_Platform_SDK/output/mx6dq/lib/libsdk.a(pmu_driver.o)
                0x10046720                pmu::LDOSoCRegulator::getRampRate() const
 .text._ZNK3pmu15LDOSoCRegulator10getTriggerEv
                0x10046754       0x34 /home/leon/git/swp-report/iMX6_Platform_SDK/output/mx6dq/lib/libsdk.a(pmu_driver.o)
                0x10046754                pmu::LDOSoCRegulator::getTrigger() const
 .text._ZN3pmu15LDOSoCRegulator10setTriggerEm
                0x10046788       0x44 /home/leon/git/swp-report/iMX6_Platform_SDK/output/mx6dq/lib/libsdk.a(pmu_driver.o)
                0x10046788                pmu::LDOSoCRegulator::setTrigger(unsigned long)
 .text._ZNK3pmu15LDOSoCRegulator11getBrownoutEv
                0x100467cc       0x34 /home/leon/git/swp-report/iMX6_Platform_SDK/output/mx6dq/lib/libsdk.a(pmu_driver.o)
                0x100467cc                pmu::LDOSoCRegulator::getBrownout() const
 .text._ZN3pmu15LDOSoCRegulator11setBrownoutEm
                0x10046800       0x44 /home/leon/git/swp-report/iMX6_Platform_SDK/output/mx6dq/lib/libsdk.a(pmu_driver.o)
                0x10046800                pmu::LDOSoCRegulator::setBrownout(unsigned long)
 .text._ZN3pmu9_pmu_infoC2Ev
                0x10046844       0x84 /home/leon/git/swp-report/iMX6_Platform_SDK/output/mx6dq/lib/libsdk.a(pmu_driver.o)
                0x10046844                pmu::_pmu_info::_pmu_info()
                0x10046844                pmu::_pmu_info::_pmu_info()
 .text._ZN3pmu15AnalogRegulatorC2I15_hw_pmu_reg_2p5EERVT_
                0x100468c8       0x50 /home/leon/git/swp-report/iMX6_Platform_SDK/output/mx6dq/lib/libsdk.a(pmu_driver.o)
                0x100468c8                pmu::AnalogRegulator::AnalogRegulator<_hw_pmu_reg_2p5>(_hw_pmu_reg_2p5 volatile&)
                0x100468c8                pmu::AnalogRegulator::AnalogRegulator<_hw_pmu_reg_2p5>(_hw_pmu_reg_2p5 volatile&)
 .text._ZN3pmu15AnalogRegulatorC2I15_hw_pmu_reg_3p0EERVT_
                0x10046918       0x50 /home/leon/git/swp-report/iMX6_Platform_SDK/output/mx6dq/lib/libsdk.a(pmu_driver.o)
                0x10046918                pmu::AnalogRegulator::AnalogRegulator<_hw_pmu_reg_3p0>(_hw_pmu_reg_3p0 volatile&)
                0x10046918                pmu::AnalogRegulator::AnalogRegulator<_hw_pmu_reg_3p0>(_hw_pmu_reg_3p0 volatile&)
 .text          0x10046968      0xb4c /home/leon/git/swp-report/iMX6_Platform_SDK/output/mx6dq/lib/libsdk.a(pwm.o)
                0x10046968                pwm_init
                0x10046e80                pwm_clear_int_status
                0x10046f6c                pwm_setup_interrupt
                0x10047234                pwm_free_interrupt
                0x100472dc                pwm_isr_test_end
                0x10047320                pwm_enable
                0x100473a8                pwm_disable
                0x10047438                pwm_get_clock_freq
 .text          0x100474b4      0x3b0 /home/leon/git/swp-report/iMX6_Platform_SDK/output/mx6dq/lib/libsdk.a(rtc.o)
                0x100474b4                snvs_rtc_interrupt_handler
                0x100475d0                snvs_rtc_setup_interrupt
                0x10047634                rtc_init
                0x100476b4                rtc_deinit
                0x10047710                rtc_setup_onetime_timer
                0x10047784                rtc_setup_periodic_timer
                0x1004780c                rtc_disable_periodic_timer
 .text          0x10047864      0x210 /home/leon/git/swp-report/iMX6_Platform_SDK/output/mx6dq/lib/libsdk.a(srtc.o)
                0x10047864                snvs_srtc_setup_interrupt
                0x100478c8                snvs_srtc_interrupt_handler
                0x1004798c                srtc_init
                0x100479d0                srtc_deinit
                0x10047a00                srtc_setup_onetime_timer
 .text          0x10047a74     0x2a8c /home/leon/git/swp-report/iMX6_Platform_SDK/output/mx6dq/lib/libsdk.a(sata.o)
                0x10047a74                sata_pio_read_sector
                0x10047c0c                sata_pio_write_sector
                0x10047d98                sata_dma_read_sector
                0x10047f24                sata_dma_write_sector
                0x100480b0                sata_disk_read_sector
                0x100481f8                sata_disk_write_sector
                0x10048354                printf_buffer
                0x100483b4                print_identify_data
                0x10049d1c                sata_init
                0x1004a2a8                sata_deinit
                0x1004a3e4                sata_identify
 .text          0x1004a500     0x1224 /home/leon/git/swp-report/iMX6_Platform_SDK/output/mx6dq/lib/libsdk.a(sdma.o)
                0x1004aa4c                sdma_init
                0x1004ac14                sdma_deinit
                0x1004ad08                sdma_channel_start
                0x1004adb4                sdma_channel_stop
                0x1004ae14                sdma_channel_request
                0x1004b20c                sdma_channel_release
                0x1004b42c                sdma_channel_status
                0x1004b560                sdma_lookup_script
                0x1004b64c                sdma_setup_interrupt
                0x1004b6c0                sdma_channel_isr_attach
 .text          0x1004b724        0x0 /home/leon/git/swp-report/iMX6_Platform_SDK/output/mx6dq/lib/libsdk.a(sdma_script_info.o)
 .text          0x1004b724      0x4e8 /home/leon/git/swp-report/iMX6_Platform_SDK/output/mx6dq/lib/libsdk.a(snvs.o)
                0x1004b724                snvs_rtc_counter
                0x1004b7cc                snvs_rtc_alarm
                0x1004b874                snvs_rtc_periodic_interrupt
                0x1004b958                snvs_rtc_set_counter
                0x1004b9b0                snvs_rtc_set_alarm_timeout
                0x1004ba08                snvs_srtc_counter
                0x1004bab0                snvs_srtc_alarm
                0x1004bb58                snvs_srtc_set_counter
                0x1004bbb0                snvs_srtc_set_alarm_timeout
                0x1004bbec                snvs_init
                0x1004bbfc                snvs_deinit
 .text          0x1004bc0c     0x15e4 /home/leon/git/swp-report/iMX6_Platform_SDK/output/mx6dq/lib/libsdk.a(ecspi.o)
                0x1004c2bc                ecspi_configure
                0x1004cdc4                ecspi_open
                0x1004ce94                ecspi_close
                0x1004cfd0                ecspi_xfer
 .text          0x1004d1f0      0x4e8 /home/leon/git/swp-report/iMX6_Platform_SDK/output/mx6dq/lib/libsdk.a(tempmon.o)
                0x1004d1f0                compute_temp
                0x1004d2a0                compute_alarm
                0x1004d39c                tempmon_init
                0x1004d464                tempmon_get_temp
                0x1004d544                tempmon_set_alarm
                0x1004d66c                tempmon_disable_alarm
 .text          0x1004d6d8      0x528 /home/leon/git/swp-report/iMX6_Platform_SDK/output/mx6dq/lib/libsdk.a(gpt.o)
                0x1004d6f8                gpt_get_rollover_event
                0x1004d744                gpt_get_capture_event
                0x1004d7f4                gpt_set_capture_event
                0x1004d87c                gpt_get_compare_event
                0x1004d8e4                gpt_set_compare_event
                0x1004d9ec                gpt_counter_disable
                0x1004da24                gpt_counter_enable
                0x1004da6c                gpt_setup_interrupt
                0x1004dad0                gpt_init
 .text          0x1004dc00      0x3a8 /home/leon/git/swp-report/iMX6_Platform_SDK/output/mx6dq/lib/libsdk.a(usb_common.o)
                0x1004dc00                usb_get_port_speed
                0x1004dd9c                swap32
                0x1004de18                get_menu_item
 .text          0x1004dfa8     0x2ac4 /home/leon/git/swp-report/iMX6_Platform_SDK/output/mx6dq/lib/libsdk.a(usbd_drv.o)