Archive member included because of file (symbol)

/home/leon/git/swp-report/iMX6_Platform_SDK/output/mx6dq/lib/libsdk.a(ccm_pll.o)
                              /home/leon/git/swp-report/iMX6_Platform_SDK/output/mx6dq/sdk_unit_test/smart_device_rev_c/obj/apps/common/platform_init.o (ccm_init)
/home/leon/git/swp-report/iMX6_Platform_SDK/output/mx6dq/lib/libsdk.a(cortexA9.o)
                              /home/leon/git/swp-report/iMX6_Platform_SDK/output/mx6dq/sdk_unit_test/smart_device_rev_c/obj/apps/common/platform_init.o (arm_set_interrupt_state)
/home/leon/git/swp-report/iMX6_Platform_SDK/output/mx6dq/lib/libsdk.a(gic.o)
                              /home/leon/git/swp-report/iMX6_Platform_SDK/output/mx6dq/sdk_unit_test/smart_device_rev_c/obj/apps/common/platform_init.o (gic_init)
/home/leon/git/swp-report/iMX6_Platform_SDK/output/mx6dq/lib/libsdk.a(mmu.o)
                              /home/leon/git/swp-report/iMX6_Platform_SDK/output/mx6dq/sdk_unit_test/smart_device_rev_c/obj/apps/common/platform_init.o (mmu_init)
/home/leon/git/swp-report/iMX6_Platform_SDK/output/mx6dq/lib/libsdk.a(startup.o)
                              (_start)
/home/leon/git/swp-report/iMX6_Platform_SDK/output/mx6dq/lib/libsdk.a(vectors.o)
                              /home/leon/git/swp-report/iMX6_Platform_SDK/output/mx6dq/lib/libsdk.a(startup.o) (vectors)
/home/leon/git/swp-report/iMX6_Platform_SDK/output/mx6dq/lib/libsdk.a(menu.o)
                              /home/leon/git/swp-report/iMX6_Platform_SDK/output/mx6dq/sdk_unit_test/smart_device_rev_c/obj/apps/sdk_unit_test/src/all_test.o (menuitem_cmd_exitmenu)
/home/leon/git/swp-report/iMX6_Platform_SDK/output/mx6dq/lib/libsdk.a(sdk_version.o)
                              /home/leon/git/swp-report/iMX6_Platform_SDK/output/mx6dq/sdk_unit_test/smart_device_rev_c/obj/apps/common/print_version.o (k_sdk_version)
/home/leon/git/swp-report/iMX6_Platform_SDK/output/mx6dq/lib/libsdk.a(system_util.o)
                              /home/leon/git/swp-report/iMX6_Platform_SDK/output/mx6dq/lib/libsdk.a(startup.o) (_sys_exit)
/home/leon/git/swp-report/iMX6_Platform_SDK/output/mx6dq/lib/libsdk.a(text_color.o)
                              /home/leon/git/swp-report/iMX6_Platform_SDK/output/mx6dq/lib/libsdk.a(menu.o) (g_TextAttributeDefault)
/home/leon/git/swp-report/iMX6_Platform_SDK/output/mx6dq/lib/libsdk.a(board_id.o)
                              /home/leon/git/swp-report/iMX6_Platform_SDK/output/mx6dq/sdk_unit_test/smart_device_rev_c/obj/apps/common/print_version.o (chip_name)
/home/leon/git/swp-report/iMX6_Platform_SDK/output/mx6dq/lib/libsdk.a(timer.o)
                              /home/leon/git/swp-report/iMX6_Platform_SDK/output/mx6dq/sdk_unit_test/smart_device_rev_c/obj/apps/common/platform_init.o (system_time_init)
/home/leon/git/swp-report/iMX6_Platform_SDK/output/mx6dq/lib/libsdk.a(imx_uart.o)
                              /home/leon/git/swp-report/iMX6_Platform_SDK/output/mx6dq/sdk_unit_test/smart_device_rev_c/obj/apps/common/platform_init.o (uart_getchar)
/home/leon/git/swp-report/iMX6_Platform_SDK/output/mx6dq/lib/libsdk.a(arm_abort.o)
                              /home/leon/git/swp-report/iMX6_Platform_SDK/output/mx6dq/lib/libsdk.a(vectors.o) (data_abort_handler)
/home/leon/git/swp-report/iMX6_Platform_SDK/output/mx6dq/lib/libsdk.a(interrupt.o)
                              /home/leon/git/swp-report/iMX6_Platform_SDK/output/mx6dq/lib/libsdk.a(vectors.o) (IRQ_HDLR)
/home/leon/git/swp-report/iMX6_Platform_SDK/output/mx6dq/lib/libsdk.a(epit.o)
                              /home/leon/git/swp-report/iMX6_Platform_SDK/output/mx6dq/lib/libsdk.a(timer.o) (epit_get_compare_event)
/home/leon/git/swp-report/iMX6_Platform_SDK/output/mx6dq/lib/libsdk.a(abort_handler.o)
                              /home/leon/git/swp-report/iMX6_Platform_SDK/output/mx6dq/lib/libsdk.a(arm_abort.o) (dump_regs)
/home/leon/git/swp-report/iMX6_Platform_SDK/output/mx6dq/lib/libboard_smart_device_rev_c.a(board_io_expanders.o)
                              /home/leon/git/swp-report/iMX6_Platform_SDK/output/mx6dq/sdk_unit_test/smart_device_rev_c/obj/apps/common/platform_init.o (board_ioexpander_init)
/home/leon/git/swp-report/iMX6_Platform_SDK/output/mx6dq/lib/libboard_smart_device_rev_c.a(hardware_modules.o)
                              /home/leon/git/swp-report/iMX6_Platform_SDK/output/mx6dq/sdk_unit_test/smart_device_rev_c/obj/apps/common/platform_init.o (g_debug_uart_port)
/home/leon/git/swp-report/iMX6_Platform_SDK/output/mx6dq/lib/libboard_smart_device_rev_c.a(dcd.o)
                              /home/leon/git/swp-report/iMX6_Platform_SDK/output/mx6dq/sdk_unit_test/smart_device_rev_c/obj/apps/common/ivt.o (input_dcd_hdr)
/home/leon/git/swp-report/iMX6_Platform_SDK/output/mx6dq/lib/libboard_smart_device_rev_c.a(uart_iomux_config.o)
                              /home/leon/git/swp-report/iMX6_Platform_SDK/output/mx6dq/lib/libsdk.a(imx_uart.o) (uart_iomux_config)
[...]
Memory Configuration

Name             Origin             Length             Attributes
OCRAM            0x00900000         0x00040000         xrw
DDR              0x10000000         0x40000000         xrw
*default*        0x00000000         0xffffffff

Linker script and memory map

LOAD /home/leon/riotboard/arm-2012.09/bin/../lib/gcc/arm-none-eabi/4.7.2//crtbegin.o
LOAD /home/leon/riotboard/arm-2012.09/bin/../lib/gcc/arm-none-eabi/4.7.2//crti.o
LOAD /home/leon/riotboard/arm-2012.09/bin/../lib/gcc/arm-none-eabi/4.7.2//crtend.o
LOAD /home/leon/riotboard/arm-2012.09/bin/../lib/gcc/arm-none-eabi/4.7.2//crtn.o

.l1_page_table  0x00900000     0x4000
                0x00900000                __l1_page_table_start = .
                0x00904000                . = (. + 0x4000)
 *fill*         0x00900000     0x4000 

.heap.ocram     0x00904000    0x3bfb8
                0x00904000                __heap_ocram_start = .
                0x0093ffb8                . = (. + 0x3bfb8)
 *fill*         0x00904000    0x3bfb8 
                0x0093ffb8                __heap_ocram_end = .

.ram_vectors    0x0093ffb8       0x48
                0x0093ffb8                __ram_vectors_start = .
                0x00940000                . = (. + 0x48)
 *fill*         0x0093ffb8       0x48 
                0x00940000                __ram_vectors_end = .
                0x10000000                _start_image_add = ORIGIN (DDR)

.ivt            0x10000000      0x420
                0x10000400                . = (. + 0x400)
 *fill*         0x10000000      0x400 
 *(.ivt)
 .ivt           0x10000400       0x20 /home/leon/git/swp-report/iMX6_Platform_SDK/output/mx6dq/sdk_unit_test/smart_device_rev_c/obj/apps/common/ivt.o
                0x10000400                input_ivt

.boot_data      0x10000420        0xc
                0x10000420                __start_boot_data = .
 *(.boot_data)
 .boot_data     0x10000420        0xc /home/leon/git/swp-report/iMX6_Platform_SDK/output/mx6dq/sdk_unit_test/smart_device_rev_c/obj/apps/common/ivt.o
                0x10000420                bd

.dcd_hdr        0x10000430        0x4
                0x10000430                __start_dcd = .
 *(.dcd_hdr)
 .dcd_hdr       0x10000430        0x4 /home/leon/git/swp-report/iMX6_Platform_SDK/output/mx6dq/lib/libboard_smart_device_rev_c.a(dcd.o)
                0x10000430                input_dcd_hdr

.dcd_wrt_cmd    0x10000434        0x4
 *(.dcd_wrt_cmd)
 .dcd_wrt_cmd   0x10000434        0x4 /home/leon/git/swp-report/iMX6_Platform_SDK/output/mx6dq/lib/libboard_smart_device_rev_c.a(dcd.o)
                0x10000434                input_dcd_wrt_cmd

.dcd_data       0x10000438      0x298
 *(.dcd_data)
 .dcd_data      0x10000438      0x298 /home/leon/git/swp-report/iMX6_Platform_SDK/output/mx6dq/lib/libboard_smart_device_rev_c.a(dcd.o)
                0x10000438                input_dcd

.text           0x100006d0    0x6831c
 CREATE_OBJECT_SYMBOLS
 *(.startup)
 .startup       0x100006d0      0x138 /home/leon/git/swp-report/iMX6_Platform_SDK/output/mx6dq/lib/libsdk.a(startup.o)
                0x100006d0                _start
 *(.text .text.* .gnu.linkonce.t.*)
 .text          0x10000808      0x128 /home/leon/riotboard/arm-2012.09/bin/../lib/gcc/arm-none-eabi/4.7.2//crtbegin.o
 .text          0x10000930        0x0 /home/leon/riotboard/arm-2012.09/bin/../lib/gcc/arm-none-eabi/4.7.2//crti.o
 .text          0x10000930        0x0 /home/leon/riotboard/arm-2012.09/bin/../lib/gcc/arm-none-eabi/4.7.2//crtend.o
 .text          0x10000930        0x0 /home/leon/riotboard/arm-2012.09/bin/../lib/gcc/arm-none-eabi/4.7.2//crtn.o
 .text          0x10000930        0x0 /home/leon/git/swp-report/iMX6_Platform_SDK/output/mx6dq/sdk_unit_test/smart_device_rev_c/obj/apps/common/ivt.o
 .text          0x10000930       0xbc /home/leon/git/swp-report/iMX6_Platform_SDK/output/mx6dq/sdk_unit_test/smart_device_rev_c/obj/apps/common/platform_init.o
                0x10000930                platform_init
 .text          0x100009ec       0xfc /home/leon/git/swp-report/iMX6_Platform_SDK/output/mx6dq/sdk_unit_test/smart_device_rev_c/obj/apps/common/print_clock_info.o
                0x100009ec                show_freq
                0x10000ad8                show_ddr_config
 .text          0x10000ae8      0x15c /home/leon/git/swp-report/iMX6_Platform_SDK/output/mx6dq/sdk_unit_test/smart_device_rev_c/obj/apps/common/print_version.o
                0x10000ae8                print_version
 .text          0x10000c44       0x50 /home/leon/git/swp-report/iMX6_Platform_SDK/output/mx6dq/sdk_unit_test/smart_device_rev_c/obj/apps/sdk_unit_test/src/all_test.o
                0x10000c44                run_test
                0x10000c78                ALL_test
 .text          0x10000c94       0x2c /home/leon/git/swp-report/iMX6_Platform_SDK/output/mx6dq/sdk_unit_test/smart_device_rev_c/obj/apps/sdk_unit_test/src/unit_test_main.o
                0x10000c94                main
 .text          0x10000cc0      0xcdc /home/leon/git/swp-report/iMX6_Platform_SDK/output/mx6dq/lib/libsdk.a(ccm_pll.o)
                0x10000cc0                ccm_init
                0x10000de4                get_main_clock
                0x10001074                get_peri_clock
                0x10001224                ccm_ccgr_config
                0x1000128c                clock_gating_config
                0x1000170c                ccm_set_lpm_wakeup_source
                0x10001800                ccm_enter_low_power
                0x10001870                ipu_hsp_clk_config
                0x10001890                gpu_clock_config
 .text          0x1000199c      0x164 /home/leon/git/swp-report/iMX6_Platform_SDK/output/mx6dq/lib/libsdk.a(cortexA9.o)
                0x1000199c                arm_set_interrupt_state
                0x100019c0                cpu_get_current
                0x100019cc                enable_neon_fpu
                0x100019e8                disable_strict_align_check
                0x100019fc                disable_L1_cache
                0x10001a1c                get_arm_private_peripheral_base
                0x10001a24                arm_unified_tlb_invalidate
                0x10001a34                arm_unified_tlb_invalidate_is
                0x10001a44                arm_branch_prediction_enable
                0x10001a54                arm_branch_prediction_disable
                0x10001a64                arm_branch_target_cache_invalidate
                0x10001a70                arm_branch_target_cache_invalidate_is
                0x10001a7c                scu_enable
                0x10001a90                scu_join_smp
                0x10001aa0                scu_leave_smp
                0x10001ab0                scu_get_cpus_in_smp
                0x10001ac4                scu_enable_maintenance_broadcast
                0x10001ad4                scu_disable_maintenance_broadcast
                0x10001ae4                scu_secure_invalidate
 .text          0x10001b00      0x5e0 /home/leon/git/swp-report/iMX6_Platform_SDK/output/mx6dq/lib/libsdk.a(gic.o)
                0x10001be4                gic_enable
                0x10001c44                gic_set_irq_security
                0x10001cec                gic_enable_irq
                0x10001d68                gic_set_irq_priority
                0x10001db0                gic_set_cpu_target
                0x10001ebc                gic_send_sgi
                0x10001f10                gic_cpu_enable
                0x10001f70                gic_set_cpu_priority_mask
                0x10001fa4                gic_read_irq_ack
                0x10001fd0                gic_write_end_of_irq
                0x10002000                gic_init
                0x100020a4                gic_init_cpu
 .text          0x100020e0      0x460 /home/leon/git/swp-report/iMX6_Platform_SDK/output/mx6dq/lib/libsdk.a(mmu.o)
                0x100020e0                mmu_enable
                0x10002118                mmu_disable
                0x1000214c                mmu_init
                0x10002268                mmu_map_l1_range
                0x10002480                mmu_virtual_to_physical
 .text          0x10002540        0x0 /home/leon/git/swp-report/iMX6_Platform_SDK/output/mx6dq/lib/libsdk.a(startup.o)
 .text          0x10002540        0x4 /home/leon/git/swp-report/iMX6_Platform_SDK/output/mx6dq/lib/libsdk.a(vectors.o)
                0x10002540                exception_handler
 .text.vectors  0x10002544       0x48 /home/leon/git/swp-report/iMX6_Platform_SDK/output/mx6dq/lib/libsdk.a(vectors.o)
                0x10002544                vectors
 .text          0x1000258c      0xc78 /home/leon/git/swp-report/iMX6_Platform_SDK/output/mx6dq/lib/libsdk.a(menu.o)
                0x10002a34                menu_get_indent
                0x10002a50                menuitem_cmd_showmenu
                0x10002a74                menuitem_cmd_exitmenu
                0x10002a98                menu_append_menuitems
                0x10002bb8                menu_present
                0x10003154                menu_print_menuitem
 .text          0x10003204        0x0 /home/leon/git/swp-report/iMX6_Platform_SDK/output/mx6dq/lib/libsdk.a(sdk_version.o)
 .text          0x10003204      0x914 /home/leon/git/swp-report/iMX6_Platform_SDK/output/mx6dq/lib/libsdk.a(system_util.o)
                0x10003204                _sys_exit
                0x10003220                mybkpt
                0x10003228                is_input_char
                0x100033a8                read_input_string
                0x10003690                get_input_hex
                0x10003910                read_int
                0x10003a74                jump_to_sdp
 .text          0x10003b18       0xe0 /home/leon/git/swp-report/iMX6_Platform_SDK/output/mx6dq/lib/libsdk.a(text_color.o)
                0x10003b18                printf_color
                0x10003bb4                get_color_supported
 .text          0x10003bf8      0x7c4 /home/leon/git/swp-report/iMX6_Platform_SDK/output/mx6dq/lib/libsdk.a(board_id.o)
                0x10003bf8                chip_name
                0x10003d10                chip_revision
                0x10003de8                board_name
                0x10003eec                board_revision
                0x10003fb4                board_description
                0x100040d4                get_board_id
                0x100041b0                show_board_id
 .text          0x100043bc      0x290 /home/leon/git/swp-report/iMX6_Platform_SDK/output/mx6dq/lib/libsdk.a(timer.o)
                0x100043bc                hal_delay_us
                0x1000442c                system_time_init
                0x1000458c                time_get_microseconds
 .text          0x1000464c     0x2820 /home/leon/git/swp-report/iMX6_Platform_SDK/output/mx6dq/lib/libsdk.a(imx_uart.o)
                0x1000464c                uart_get_reffreq
                0x10004748                uart_putchar
                0x10004898                uart_getchar
                0x100049f8                uart_set_FIFO_mode
                0x10005524                uart_set_loopback_mode
                0x10005778                uart_setup_interrupt
                0x10005844                uart_init
 .text          0x10006e6c       0x98 /home/leon/git/swp-report/iMX6_Platform_SDK/output/mx6dq/lib/libsdk.a(arm_abort.o)
                0x10006e6c                common_abort_handler
                0x10006ecc                data_abort_handler
                0x10006ee4                prefetch_abort_handler
 .text          0x10006f04      0x1bc /home/leon/git/swp-report/iMX6_Platform_SDK/output/mx6dq/lib/libsdk.a(interrupt.o)
                0x10006f04                IRQ_HDLR
                0x10006fcc                disable_interrupt
                0x10007008                enable_interrupt
                0x10007060                register_interrupt_routine
                0x10007094                default_interrupt_routine
 .text          0x100070c0      0x8e0 /home/leon/git/swp-report/iMX6_Platform_SDK/output/mx6dq/lib/libsdk.a(epit.o)
                0x100070c0                epit_reload_counter
                0x10007120                epit_get_counter_value
                0x1000717c                epit_set_compare_event
                0x100071dc                epit_get_compare_event
                0x100072d4                epit_counter_disable
                0x10007498                epit_counter_enable
                0x100076f4                epit_setup_interrupt
                0x10007784                epit_init
 .text          0x100079a0      0x4bc /home/leon/git/swp-report/iMX6_Platform_SDK/output/mx6dq/lib/libsdk.a(abort_handler.o)
                0x100079a0                dump_regs
 .text          0x10007e5c       0x20 /home/leon/git/swp-report/iMX6_Platform_SDK/output/mx6dq/lib/libboard_smart_device_rev_c.a(board_io_expanders.o)
                0x10007e5c                board_ioexpander_init
                0x10007e6c                board_ioexpander_iomux_config
 .text          0x10007e7c        0x0 /home/leon/git/swp-report/iMX6_Platform_SDK/output/mx6dq/lib/libboard_smart_device_rev_c.a(hardware_modules.o)
 .text          0x10007e7c        0x0 /home/leon/git/swp-report/iMX6_Platform_SDK/output/mx6dq/lib/libboard_smart_device_rev_c.a(dcd.o)
 .text          0x10007e7c       0x90 /home/leon/git/swp-report/iMX6_Platform_SDK/output/mx6dq/lib/libboard_smart_device_rev_c.a(uart_iomux_config.o)
                0x10007e7c                uart_iomux_config
 .text          0x10007f0c      0x304 /home/leon/git/swp-report/iMX6_Platform_SDK/output/mx6dq/lib/libboard_smart_device_rev_c.a(iomux_config.o)
                0x10007f0c                iomux_config
                0x10007f80                arm_iomux_config
                0x10007f90                asrc_iomux_config
                0x10007fa0                dcic1_iomux_config
                0x10007fb0                dcic2_iomux_config
                0x10007fc0                ecspi2_iomux_config
                0x10007fd0                ecspi3_iomux_config
                0x10007fe0                ecspi4_iomux_config
                0x10007ff0                ecspi5_iomux_config
                0x10008000                eim_iomux_config
                0x10008010                epit1_iomux_config
                0x10008020                epit2_iomux_config
                0x10008030                esai_iomux_config
                0x10008040                flexcan2_iomux_config
                0x10008050                gpmi_iomux_config
                0x10008060                gpt_iomux_config
                0x10008070                hdmi_iomux_config
                0x10008080                ipu2_iomux_config
                0x10008090                kpp_iomux_config
                0x100080a0                ldb_iomux_config
                0x100080b0                mipi_csi_iomux_config
                0x100080c0                mipi_dsi_iomux_config
                0x100080d0                mipi_hsi_iomux_config
                0x100080e0                mlb_iomux_config
                0x100080f0                pcie_iomux_config
                0x10008100                pmu_iomux_config
                0x10008110                pwm2_iomux_config
                0x10008120                pwm3_iomux_config
                0x10008130                pwm4_iomux_config
                0x10008140                sata_phy_iomux_config
                0x10008150                sdma_iomux_config
                0x10008160                snvs_iomux_config
                0x10008170                spdif_iomux_config
                0x10008180                src_iomux_config
                0x10008190                uart2_iomux_config
                0x100081a0                uart3_iomux_config
                0x100081b0                uart4_iomux_config
                0x100081c0                uart5_iomux_config
                0x100081d0                usdhc1_iomux_config
                0x100081e0                wdog1_iomux_config
                0x100081f0                wdog2_iomux_config
                0x10008200                xtalosc_iomux_config
 .text          0x10008210      0x424 /home/leon/git/swp-report/iMX6_Platform_SDK/output/mx6dq/lib/libboard_smart_device_rev_c.a(ipu1_iomux_config.o)
                0x10008210                ipu1_iomux_config
 .text          0x10008634     0x2884 /home/leon/git/swp-report/iMX6_Platform_SDK/output/mx6dq/lib/libboard_smart_device_rev_c.a(mmdc_iomux_config.o)
                0x10008634                mmdc_iomux_config
 .text          0x1000aeb8       0x34 /home/leon/git/swp-report/iMX6_Platform_SDK/output/mx6dq/lib/libboard_smart_device_rev_c.a(pwm1_iomux_config.o)
                0x1000aeb8                pwm1_iomux_config
 .text          0x1000aeec       0x70 /home/leon/git/swp-report/iMX6_Platform_SDK/output/mx6dq/lib/libboard_smart_device_rev_c.a(sjc_iomux_config.o)
                0x1000aeec                sjc_iomux_config
 .text          0x1000af5c       0x78 /home/leon/git/swp-report/iMX6_Platform_SDK/output/mx6dq/lib/libboard_smart_device_rev_c.a(uart1_iomux_config.o)
                0x1000af5c                uart1_iomux_config
 .text          0x1000afd4       0x78 /home/leon/git/swp-report/iMX6_Platform_SDK/output/mx6dq/lib/libboard_smart_device_rev_c.a(usb_iomux_config.o)
                0x1000afd4                usb_iomux_config
 .text          0x1000b04c      0x178 /home/leon/git/swp-report/iMX6_Platform_SDK/output/mx6dq/lib/libboard_smart_device_rev_c.a(usdhc2_iomux_config.o)
                0x1000b04c                usdhc2_iomux_config
 .text          0x1000b1c4      0x178 /home/leon/git/swp-report/iMX6_Platform_SDK/output/mx6dq/lib/libboard_smart_device_rev_c.a(usdhc3_iomux_config.o)
                0x1000b1c4                usdhc3_iomux_config
 .text          0x1000b33c      0x178 /home/leon/git/swp-report/iMX6_Platform_SDK/output/mx6dq/lib/libboard_smart_device_rev_c.a(usdhc4_iomux_config.o)
                0x1000b33c                usdhc4_iomux_config
 .text          0x1000b4b4       0xa0 /home/leon/git/swp-report/iMX6_Platform_SDK/output/mx6dq/lib/libboard_smart_device_rev_c.a(audmux_iomux_config.o)
                0x1000b4b4                audmux_iomux_config
 .text          0x1000b554       0x34 /home/leon/git/swp-report/iMX6_Platform_SDK/output/mx6dq/lib/libboard_smart_device_rev_c.a(ccm_iomux_config.o)
                0x1000b554                ccm_iomux_config
 .text          0x1000b588       0xe0 /home/leon/git/swp-report/iMX6_Platform_SDK/output/mx6dq/lib/libboard_smart_device_rev_c.a(ecspi1_iomux_config.o)
                0x1000b588                ecspi1_iomux_config
 .text          0x1000b668      0x424 /home/leon/git/swp-report/iMX6_Platform_SDK/output/mx6dq/lib/libboard_smart_device_rev_c.a(enet_iomux_config.o)
                0x1000b668                enet_iomux_config
 .text          0x1000ba8c       0x68 /home/leon/git/swp-report/iMX6_Platform_SDK/output/mx6dq/lib/libboard_smart_device_rev_c.a(flexcan1_iomux_config.o)
                0x1000ba8c                flexcan1_iomux_config
 .text          0x1000baf4      0x208 /home/leon/git/swp-report/iMX6_Platform_SDK/output/mx6dq/lib/libboard_smart_device_rev_c.a(gpio1_iomux_config.o)
                0x1000baf4                gpio1_iomux_config
 .text          0x1000bcfc      0x164 /home/leon/git/swp-report/iMX6_Platform_SDK/output/mx6dq/lib/libboard_smart_device_rev_c.a(gpio2_iomux_config.o)
                0x1000bcfc                gpio2_iomux_config
 .text          0x1000be60      0x210 /home/leon/git/swp-report/iMX6_Platform_SDK/output/mx6dq/lib/libboard_smart_device_rev_c.a(gpio3_iomux_config.o)
                0x1000be60                gpio3_iomux_config
 .text          0x1000c070       0xc4 /home/leon/git/swp-report/iMX6_Platform_SDK/output/mx6dq/lib/libboard_smart_device_rev_c.a(gpio4_iomux_config.o)
                0x1000c070                gpio4_iomux_config
 .text          0x1000c134       0x74 /home/leon/git/swp-report/iMX6_Platform_SDK/output/mx6dq/lib/libboard_smart_device_rev_c.a(gpio5_iomux_config.o)
                0x1000c134                gpio5_iomux_config
 .text          0x1000c1a8      0x150 /home/leon/git/swp-report/iMX6_Platform_SDK/output/mx6dq/lib/libboard_smart_device_rev_c.a(gpio6_iomux_config.o)
                0x1000c1a8                gpio6_iomux_config
 .text          0x1000c2f8       0x7c /home/leon/git/swp-report/iMX6_Platform_SDK/output/mx6dq/lib/libboard_smart_device_rev_c.a(gpio7_iomux_config.o)
                0x1000c2f8                gpio7_iomux_config
 .text          0x1000c374       0xdc /home/leon/git/swp-report/iMX6_Platform_SDK/output/mx6dq/lib/libboard_smart_device_rev_c.a(gps_iomux_config.o)
                0x1000c374                gps_iomux_config
 .text          0x1000c450       0x78 /home/leon/git/swp-report/iMX6_Platform_SDK/output/mx6dq/lib/libboard_smart_device_rev_c.a(i2c1_iomux_config.o)
                0x1000c450                i2c1_iomux_config
 .text          0x1000c4c8       0x78 /home/leon/git/swp-report/iMX6_Platform_SDK/output/mx6dq/lib/libboard_smart_device_rev_c.a(i2c2_iomux_config.o)
                0x1000c4c8                i2c2_iomux_config
 .text          0x1000c540       0x78 /home/leon/git/swp-report/iMX6_Platform_SDK/output/mx6dq/lib/libboard_smart_device_rev_c.a(i2c3_iomux_config.o)
                0x1000c540                i2c3_iomux_config
 .text          0x1000c5b8      0x2d0 /home/leon/git/swp-report/iMX6_Platform_SDK/output/mx6dq/sdk_unit_test/smart_device_rev_c/libsdk_unit_test.a(audio_test.o)
                0x1000c5b8                audio_test
 .text          0x1000c888        0x0 /home/leon/git/swp-report/iMX6_Platform_SDK/output/mx6dq/sdk_unit_test/smart_device_rev_c/libsdk_unit_test.a(wav_file.o)
 .text          0x1000c888       0xc4 /home/leon/git/swp-report/iMX6_Platform_SDK/output/mx6dq/sdk_unit_test/smart_device_rev_c/libsdk_unit_test.a(gic_test.o)
                0x1000c888                gic_sgi_test_handler
                0x1000c8b4                gic_test
 .text          0x1000c94c      0x1fc /home/leon/git/swp-report/iMX6_Platform_SDK/output/mx6dq/sdk_unit_test/smart_device_rev_c/libsdk_unit_test.a(cpu_wp_test.o)
                0x1000c94c                my_memcpy
                0x1000c988                memcpy_perf_record
                0x1000ca70                cpu_wp_test
 .text          0x1000cb48      0x20c /home/leon/git/swp-report/iMX6_Platform_SDK/output/mx6dq/sdk_unit_test/smart_device_rev_c/libsdk_unit_test.a(multicore_test.o)
                0x1000cb48                SGI3_ISR
                0x1000cbe4                multicore_entry
                0x1000cd3c                multicore_test
 .text          0x1000cd54      0x3ec /home/leon/git/swp-report/iMX6_Platform_SDK/output/mx6dq/sdk_unit_test/smart_device_rev_c/libsdk_unit_test.a(ocotp_test.o)
                0x1000cd54                ocotp_test
 .text          0x1000d140      0x340 /home/leon/git/swp-report/iMX6_Platform_SDK/output/mx6dq/sdk_unit_test/smart_device_rev_c/libsdk_unit_test.a(snvs_rtc_test.o)
                0x1000d140                one_time_tick_callback
                0x1000d16c                periodic_tick_callback
                0x1000d1bc                one_time_timer_test
                0x1000d284                periodic_timer_test
                0x1000d358                snvs_rtc_test
 .text          0x1000d480      0x1fc /home/leon/git/swp-report/iMX6_Platform_SDK/output/mx6dq/sdk_unit_test/smart_device_rev_c/libsdk_unit_test.a(snvs_srtc_test.o)
                0x1000d480                srtc_one_time_tick_callback
                0x1000d4ac                srtc_one_time_timer_test
                0x1000d570                snvs_srtc_test
 .text          0x1000d67c      0x128 /home/leon/git/swp-report/iMX6_Platform_SDK/output/mx6dq/sdk_unit_test/smart_device_rev_c/libsdk_unit_test.a(i2c_test.o)
                0x1000d67c                i2c_test
 .text          0x1000d7a4      0x884 /home/leon/git/swp-report/iMX6_Platform_SDK/output/mx6dq/sdk_unit_test/smart_device_rev_c/libsdk_unit_test.a(imx6_i2c_device.o)
                0x1000d7a4                imx6_slave_receive
                0x1000d8dc                imx6_slave_transmit
                0x1000dac8                i2c_imx6_slave_test
 .text          0x1000e028      0x290 /home/leon/git/swp-report/iMX6_Platform_SDK/output/mx6dq/sdk_unit_test/smart_device_rev_c/libsdk_unit_test.a(tempmon_test.o)
                0x1000e028                over_temp_callback
                0x1000e05c                print_current_temp
                0x1000e094                tempmon_test
 .text          0x1000e2b8      0x1f4 /home/leon/git/swp-report/iMX6_Platform_SDK/output/mx6dq/sdk_unit_test/smart_device_rev_c/libsdk_unit_test.a(sdma_test.o)
                0x1000e2b8                sdma_test
 .text          0x1000e4ac      0xa1c /home/leon/git/swp-report/iMX6_Platform_SDK/output/mx6dq/sdk_unit_test/smart_device_rev_c/libsdk_unit_test.a(spi_lpb.o)
                0x1000e5ac                ecspi_app_test
                0x1000ea3c                ecspi_shp_test
 .text          0x1000eec8      0xfbc /home/leon/git/swp-report/iMX6_Platform_SDK/output/mx6dq/sdk_unit_test/smart_device_rev_c/libsdk_unit_test.a(uart_loopback.o)
                0x1000f0d4                uart_app_test
                0x1000f550                uart_shp_test
                0x1000f9dc                uart5_trans_isr
                0x1000fa18                uart_app_interrupt_test
 .text          0x1000fe84      0x24c /home/leon/git/swp-report/iMX6_Platform_SDK/output/mx6dq/sdk_unit_test/smart_device_rev_c/libsdk_unit_test.a(uart_test.o)
                0x1000fe84                uart_interrupt_handler
                0x1000fedc                uart_test
 .text          0x100100d0      0x374 /home/leon/git/swp-report/iMX6_Platform_SDK/output/mx6dq/sdk_unit_test/smart_device_rev_c/libsdk_unit_test.a(epit_test.o)
                0x100100d0                epit_test
 .text          0x10010444      0x4fc /home/leon/git/swp-report/iMX6_Platform_SDK/output/mx6dq/sdk_unit_test/smart_device_rev_c/libsdk_unit_test.a(gpt_test.o)
                0x10010444                gpt_test
                0x1001056c                gpt_out_compare_test
                0x100106c4                gpt_interrupt_routine
                0x10010758                gpt_in_capture_test
 .text          0x10010940       0xb4 /home/leon/git/swp-report/iMX6_Platform_SDK/output/mx6dq/sdk_unit_test/smart_device_rev_c/libsdk_unit_test.a(timer_test.o)
                0x10010940                microseconds_test
 .text          0x100109f4      0xcf4 /home/leon/git/swp-report/iMX6_Platform_SDK/output/mx6dq/sdk_unit_test/smart_device_rev_c/libsdk_unit_test.a(usdhc_test.o)
                0x100109f4                mmc_sd_test
                0x10010a28                usdhc_test
 .text          0x100116e8      0x1ec /home/leon/git/swp-report/iMX6_Platform_SDK/output/mx6dq/sdk_unit_test/smart_device_rev_c/libsdk_unit_test.a(pwm_test.o)
                0x100116e8                pwm_test
 .text          0x100118d4      0x244 /home/leon/git/swp-report/iMX6_Platform_SDK/output/mx6dq/sdk_unit_test/smart_device_rev_c/libsdk_unit_test.a(watchdog_test.o)
                0x10011aec                wdog_test
 .text          0x10011b18      0x82c /home/leon/git/swp-report/iMX6_Platform_SDK/output/mx6dq/sdk_unit_test/smart_device_rev_c/libsdk_unit_test.a(hdmi_test.o)
                0x10011b18                hdmi_test
                0x10011e84                init_hdmi_interrupt
                0x10011f34                hdmi_tx_ISR
                0x10011fc4                hdmi_1080P60_video_output
                0x10012184                hdmi_720P60_video_output
 .text          0x10012344      0x540 /home/leon/git/swp-report/iMX6_Platform_SDK/output/mx6dq/sdk_unit_test/smart_device_rev_c/libsdk_unit_test.a(init_dma_data.o)
                0x10012344                init_dma_data
 .text          0x10012884      0xd18 /home/leon/git/swp-report/iMX6_Platform_SDK/output/mx6dq/sdk_unit_test/smart_device_rev_c/libsdk_unit_test.a(ips_display.o)
                0x10012884                ips_display_test
                0x100129c0                ips_hdmi_stream
                0x10012b20                ips_hdmi_720P60_stream
                0x10012de4                ips_hdmi_1080P60_stream
                0x1001303c                ips_ext_hdmi_transmitter_1080P60_stream
                0x1001325c                ips_hannstar_xga_yuv_stream
                0x100134fc                ips_mipi_wvga_rgb_stream
 .text          0x1001359c      0x238 /home/leon/git/swp-report/iMX6_Platform_SDK/output/mx6dq/sdk_unit_test/smart_device_rev_c/libsdk_unit_test.a(ips_test.o)
                0x1001359c                ipu_test
 .text          0x100137d4      0x538 /home/leon/git/swp-report/iMX6_Platform_SDK/output/mx6dq/sdk_unit_test/smart_device_rev_c/libsdk_unit_test.a(ipu_image.o)
                0x100137d4                load_centralized_image
                0x10013910                load_foreground_image
                0x1001395c                load_horiz_image
                0x10013acc                set_background_margin
                0x10013bbc                load_vert_image
 .text          0x10013d0c      0x204 /home/leon/git/swp-report/iMX6_Platform_SDK/output/mx6dq/sdk_unit_test/smart_device_rev_c/libsdk_unit_test.a(camera_test.o)
                0x10013d0c                camera_test
 .text          0x10013f10      0x2f0 /home/leon/git/swp-report/iMX6_Platform_SDK/output/mx6dq/sdk_unit_test/smart_device_rev_c/libsdk_unit_test.a(csi_test_mode.o)
                0x10013f10                csi_test_mode
 .text          0x10014200      0x2b8 /home/leon/git/swp-report/iMX6_Platform_SDK/output/mx6dq/sdk_unit_test/smart_device_rev_c/libsdk_unit_test.a(sensor_capture.o)
                0x10014200                sensor_capture
 .text          0x100144b8      0x2b4 /home/leon/git/swp-report/iMX6_Platform_SDK/output/mx6dq/sdk_unit_test/smart_device_rev_c/libsdk_unit_test.a(keypad_test.o)
                0x100144b8                keypad_test
                0x100145bc                multiple_key_press_test
 .text          0x1001476c      0x758 /home/leon/git/swp-report/iMX6_Platform_SDK/output/mx6dq/sdk_unit_test/smart_device_rev_c/libsdk_unit_test.a(pcie_test_rc.o)
                0x1001476c                pcie_test
 .text          0x10014ec4      0x194 /home/leon/git/swp-report/iMX6_Platform_SDK/output/mx6dq/sdk_unit_test/smart_device_rev_c/libsdk_unit_test.a(usb_test.o)
                0x10014ec4                usb_test
 .text          0x10015058      0x4d0 /home/leon/git/swp-report/iMX6_Platform_SDK/output/mx6dq/sdk_unit_test/smart_device_rev_c/libsdk_unit_test.a(enet_test.o)
                0x100151fc                enet_test
 .text          0x10015528      0x508 /home/leon/git/swp-report/iMX6_Platform_SDK/output/mx6dq/sdk_unit_test/smart_device_rev_c/libsdk_unit_test.a(spi_test.o)
                0x1001583c                spi_test
 .text          0x10015a30      0x368 /home/leon/git/swp-report/iMX6_Platform_SDK/output/mx6dq/sdk_unit_test/smart_device_rev_c/libsdk_unit_test.a(accelerometer_test.o)
                0x10015a30                accelerometer_test
 .text          0x10015d98      0x33c /home/leon/git/swp-report/iMX6_Platform_SDK/output/mx6dq/sdk_unit_test/smart_device_rev_c/libsdk_unit_test.a(sata_test.o)
                0x10015e58                sata_test
 .text          0x100160d4      0x2ac /home/leon/git/swp-report/iMX6_Platform_SDK/output/mx6dq/sdk_unit_test/smart_device_rev_c/libsdk_unit_test.a(at24cxx.o)
                0x10016188                i2c_eeprom_at24cxx_test
 .text          0x10016380      0x404 /home/leon/git/swp-report/iMX6_Platform_SDK/output/mx6dq/sdk_unit_test/smart_device_rev_c/libsdk_unit_test.a(mem_2_mem.o)
                0x10016380                mem_2_mem_test
 .text          0x10016784      0x2f4 /home/leon/git/swp-report/iMX6_Platform_SDK/output/mx6dq/sdk_unit_test/smart_device_rev_c/libsdk_unit_test.a(pwm_output.o)
                0x10016810                pwm_output_test
 .text          0x10016a78      0x37c /home/leon/git/swp-report/iMX6_Platform_SDK/output/mx6dq/sdk_unit_test/smart_device_rev_c/libsdk_unit_test.a(ips_combiner.o)
                0x10016a78                ips_combiner_test
 .text          0x10016df4      0x52c /home/leon/git/swp-report/iMX6_Platform_SDK/output/mx6dq/sdk_unit_test/smart_device_rev_c/libsdk_unit_test.a(ips_csc.o)
                0x10016df4                ips_csc_test
 .text          0x10017320      0x738 /home/leon/git/swp-report/iMX6_Platform_SDK/output/mx6dq/sdk_unit_test/smart_device_rev_c/libsdk_unit_test.a(ips_resize.o)
                0x10017320                ips_resize_test
 .text          0x10017a58      0x3e8 /home/leon/git/swp-report/iMX6_Platform_SDK/output/mx6dq/sdk_unit_test/smart_device_rev_c/libsdk_unit_test.a(ips_rotate.o)
                0x10017a58                ips_rotate_test
 .text          0x10017e40     0x16bc /home/leon/git/swp-report/iMX6_Platform_SDK/output/mx6dq/sdk_unit_test/smart_device_rev_c/libsdk_unit_test.a(usb0_device_mouse_test.o)
                0x10017e40                usb0_device_mouse_test
                0x10018ce0                hid_device_enum
                0x100192c0                fillBuffer
 .text          0x100194fc     0x39f0 /home/leon/git/swp-report/iMX6_Platform_SDK/output/mx6dq/sdk_unit_test/smart_device_rev_c/libsdk_unit_test.a(usb0_host_test.o)
                0x100194fc                usb0_host_test
                0x1001a030                emuerateDevice
                0x1001a1b0                usbh_set_device_address
                0x1001a8d8                usbh_get_dev_desc
                0x1001b028                usbh_get_config_desc
                0x1001b7b8                usbh_get_interface_desc
                0x1001c028                usbh_set_configuration
                0x1001c764                usbh_get_report_desc
 .text          0x1001ceec      0x978 /home/leon/git/swp-report/iMX6_Platform_SDK/output/mx6dq/sdk_unit_test/smart_device_rev_c/libsdk_unit_test.a(usb0_host_testmodes_test.o)
                0x1001ceec                usb0_host_testmodes_test
 .text          0x1001d864      0xb00 /home/leon/git/swp-report/iMX6_Platform_SDK/output/mx6dq/sdk_unit_test/smart_device_rev_c/libsdk_unit_test.a(spi_nor_numonyx.o)
                0x1001db3c                spi_nor_query_numonyx
                0x1001dc08                spi_nor_erase_numonyx
                0x1001dc94                spi_nor_read_numonyx
                0x1001dedc                spi_nor_write_numonyx
 .text          0x1001e364       0xa4 /home/leon/riotboard/arm-2012.09/bin/../arm-none-eabi/lib//libm.a(lib_a-sf_cos.o)
                0x1001e364                cosf
 .text          0x1001e408        0x8 /home/leon/riotboard/arm-2012.09/bin/../arm-none-eabi/lib//libm.a(lib_a-sf_fabs.o)
                0x1001e408                fabsf
 .text          0x1001e410       0x70 /home/leon/riotboard/arm-2012.09/bin/../arm-none-eabi/lib//libm.a(lib_a-sf_modf.o)
                0x1001e410                modff
 .text          0x1001e480       0xbc /home/leon/riotboard/arm-2012.09/bin/../arm-none-eabi/lib//libm.a(lib_a-sf_sin.o)
                0x1001e480                sinf
 .text          0x1001e53c      0x460 /home/leon/riotboard/arm-2012.09/bin/../arm-none-eabi/lib//libm.a(lib_a-ef_rem_pio2.o)
                0x1001e53c                __ieee754_rem_pio2f
 .text          0x1001e99c      0x214 /home/leon/riotboard/arm-2012.09/bin/../arm-none-eabi/lib//libm.a(lib_a-kf_cos.o)
                0x1001e99c                __kernel_cosf
 .text          0x1001ebb0      0x960 /home/leon/riotboard/arm-2012.09/bin/../arm-none-eabi/lib//libm.a(lib_a-kf_rem_pio2.o)
                0x1001ebb0                __kernel_rem_pio2f
 .text          0x1001f510      0x14c /home/leon/riotboard/arm-2012.09/bin/../arm-none-eabi/lib//libm.a(lib_a-kf_sin.o)
                0x1001f510                __kernel_sinf
 .text          0x1001f65c       0xd0 /home/leon/riotboard/arm-2012.09/bin/../arm-none-eabi/lib//libm.a(lib_a-sf_floor.o)
                0x1001f65c                floorf
 .text          0x1001f72c      0x120 /home/leon/riotboard/arm-2012.09/bin/../arm-none-eabi/lib//libm.a(lib_a-sf_scalbn.o)
                0x1001f72c                scalbnf
 .text          0x1001f84c       0x10 /home/leon/riotboard/arm-2012.09/bin/../arm-none-eabi/lib//libm.a(lib_a-sf_copysign.o)
                0x1001f84c                copysignf
 .text          0x1001f85c       0x68 /home/leon/riotboard/arm-2012.09/bin/../arm-none-eabi/lib//libc.a(lib_a-assert.o)
                0x1001f85c                __assert_func
                0x1001f8b4                __assert
 .text          0x1001f8c4       0x20 /home/leon/riotboard/arm-2012.09/bin/../arm-none-eabi/lib//libc.a(lib_a-bzero.o)
                0x1001f8c4                bzero
 .text          0x1001f8e4      0x26c /home/leon/riotboard/arm-2012.09/bin/../arm-none-eabi/lib//libc.a(lib_a-fflush.o)
                0x1001f8e4                _fflush_r
                0x1001fb10                fflush
 .text          0x1001fb50      0x2c4 /home/leon/riotboard/arm-2012.09/bin/../arm-none-eabi/lib//libc.a(lib_a-findfp.o)
                0x1001fb60                _cleanup_r
                0x1001fbf4                __sfmoreglue
                0x1001fc3c                _cleanup
                0x1001fc4c                __sinit
                0x1001fcc4                __sfp
                0x1001fdbc                __sfp_lock_acquire
                0x1001fdc0                __sfp_lock_release
                0x1001fdc4                __sinit_lock_acquire
                0x1001fdc8                __sinit_lock_release
                0x1001fdcc                __fp_lock_all
                0x1001fdf0                __fp_unlock_all
 .text          0x1001fe14       0x70 /home/leon/riotboard/arm-2012.09/bin/../arm-none-eabi/lib//libc.a(lib_a-fiprintf.o)
                0x1001fe14                _fiprintf_r
                0x1001fe44                fiprintf
 .text          0x1001fe84       0x94 /home/leon/riotboard/arm-2012.09/bin/../arm-none-eabi/lib//libc.a(lib_a-fputc.o)
                0x1001fe84                _fputc_r
                0x1001fec8                fputc
 .text          0x1001ff18       0xa8 /home/leon/riotboard/arm-2012.09/bin/../arm-none-eabi/lib//libc.a(lib_a-fputs.o)
                0x1001ff18                _fputs_r
                0x1001ffa4                fputs
 .text          0x1001ffc0      0x368 /home/leon/riotboard/arm-2012.09/bin/../arm-none-eabi/lib//libc.a(lib_a-freer.o)
                0x1001ffc0                _malloc_trim_r
                0x100200bc                _free_r
 .text          0x10020328      0x4c4 /home/leon/riotboard/arm-2012.09/bin/../arm-none-eabi/lib//libc.a(lib_a-fvwrite.o)
                0x10020328                __sfvwrite_r
 .text          0x100207ec      0x114 /home/leon/riotboard/arm-2012.09/bin/../arm-none-eabi/lib//libc.a(lib_a-fwalk.o)
                0x100207ec                _fwalk
                0x10020874                _fwalk_reent
 .text          0x10020900        0x0 /home/leon/riotboard/arm-2012.09/bin/../arm-none-eabi/lib//libc.a(lib_a-impure.o)
 .text          0x10020900       0x88 /home/leon/riotboard/arm-2012.09/bin/../arm-none-eabi/lib//libc.a(lib_a-init.o)
                0x10020900                __libc_init_array
 .text          0x10020988       0x40 /home/leon/riotboard/arm-2012.09/bin/../arm-none-eabi/lib//libc.a(lib_a-malloc.o)
                0x10020988                malloc
                0x100209a8                free
 .text          0x100209c8      0x71c /home/leon/riotboard/arm-2012.09/bin/../arm-none-eabi/lib//libc.a(lib_a-mallocr.o)
                0x100209c8                _malloc_r
 .text          0x100210e4      0x11c /home/leon/riotboard/arm-2012.09/bin/../arm-none-eabi/lib//libc.a(lib_a-memchr.o)
                0x100210e4                memchr
 .text          0x10021200      0x20c /home/leon/riotboard/arm-2012.09/bin/../arm-none-eabi/lib//libc.a(lib_a-memcpy.o)
                0x10021200                memcpy
 .text          0x1002140c      0x134 /home/leon/riotboard/arm-2012.09/bin/../arm-none-eabi/lib//libc.a(lib_a-memmove.o)
                0x1002140c                memmove
 .text          0x10021540      0x134 /home/leon/riotboard/arm-2012.09/bin/../arm-none-eabi/lib//libc.a(lib_a-memset.o)
                0x10021540                memset
 .text          0x10021674        0x8 /home/leon/riotboard/arm-2012.09/bin/../arm-none-eabi/lib//libc.a(lib_a-mlock.o)
                0x10021674                __malloc_lock
                0x10021678                __malloc_unlock
 .text          0x1002167c       0x74 /home/leon/riotboard/arm-2012.09/bin/../arm-none-eabi/lib//libc.a(lib_a-printf.o)
                0x1002167c                _printf_r
                0x100216b0                printf
 .text          0x100216f0      0x170 /home/leon/riotboard/arm-2012.09/bin/../arm-none-eabi/lib//libc.a(lib_a-putc.o)
                0x100216f0                _putc_r
                0x100217a0                putc
 .text          0x10021860       0x28 /home/leon/riotboard/arm-2012.09/bin/../arm-none-eabi/lib//libc.a(lib_a-realloc.o)
                0x10021860                realloc
 .text          0x10021888      0x574 /home/leon/riotboard/arm-2012.09/bin/../arm-none-eabi/lib//libc.a(lib_a-reallocr.o)
                0x10021888                _realloc_r
 .text          0x10021dfc       0x6c /home/leon/riotboard/arm-2012.09/bin/../arm-none-eabi/lib//libc.a(lib_a-rget.o)
                0x10021dfc                __srget_r
                0x10021e54                __srget
 .text          0x10021e68       0x40 /home/leon/riotboard/arm-2012.09/bin/../arm-none-eabi/lib//libc.a(lib_a-sbrkr.o)
                0x10021e68                _sbrk_r
 .text          0x10021ea8       0xdc /home/leon/riotboard/arm-2012.09/bin/../arm-none-eabi/lib//libc.a(lib_a-sprintf.o)
                0x10021ea8                _sprintf_r
                0x10021f10                sprintf
 .text          0x10021f84       0xdc /home/leon/riotboard/arm-2012.09/bin/../arm-none-eabi/lib//libc.a(lib_a-stdio.o)
                0x10021f84                __sread
                0x10021fb8                __seofread
                0x10021fc0                __swrite
                0x10022018                __sseek
                0x1002204c                __sclose
 .text          0x10022060       0x60 /home/leon/riotboard/arm-2012.09/bin/../arm-none-eabi/lib//libc.a(lib_a-strlen.o)
                0x10022060                strlen
 .text          0x100220c0       0x78 /home/leon/riotboard/arm-2012.09/bin/../arm-none-eabi/lib//libc.a(lib_a-strncasecmp.o)
                0x100220c0                strncasecmp
 .text          0x10022138     0x1f7c /home/leon/riotboard/arm-2012.09/bin/../arm-none-eabi/lib//libc.a(lib_a-svfprintf.o)
                0x10022138                _svfprintf_r
 .text          0x100240b4     0x12c4 /home/leon/riotboard/arm-2012.09/bin/../arm-none-eabi/lib//libc.a(lib_a-vfiprintf.o)
                0x100240b4                __sprint_r
                0x10024170                _vfiprintf_r
                0x1002534c                vfiprintf
 .text          0x10025378     0x2180 /home/leon/riotboard/arm-2012.09/bin/../arm-none-eabi/lib//libc.a(lib_a-vfprintf.o)
                0x10025378                _vfprintf_r
                0x100274cc                vfprintf
 .text          0x100274f8       0x4c /home/leon/riotboard/arm-2012.09/bin/../arm-none-eabi/lib//libc.a(lib_a-vprintf.o)
                0x100274f8                vprintf
                0x10027524                _vprintf_r
 .text          0x10027544      0x14c /home/leon/riotboard/arm-2012.09/bin/../arm-none-eabi/lib//libc.a(lib_a-wbuf.o)
                0x10027544                __swbuf_r
                0x10027674                __swbuf
 .text          0x10027690       0x44 /home/leon/riotboard/arm-2012.09/bin/../arm-none-eabi/lib//libc.a(lib_a-writer.o)
                0x10027690                _write_r
 .text          0x100276d4      0x138 /home/leon/riotboard/arm-2012.09/bin/../arm-none-eabi/lib//libc.a(lib_a-wsetup.o)
                0x100276d4                __swsetup_r
 .text          0x1002780c       0x14 /home/leon/riotboard/arm-2012.09/bin/../arm-none-eabi/lib//libc.a(lib_a-abort.o)
                0x1002780c                abort
 .text          0x10027820       0x3c /home/leon/riotboard/arm-2012.09/bin/../arm-none-eabi/lib//libc.a(lib_a-closer.o)
                0x10027820                _close_r
 .text          0x1002785c        0x0 /home/leon/riotboard/arm-2012.09/bin/../arm-none-eabi/lib//libc.a(lib_a-ctype_.o)
 *fill*         0x1002785c        0x4 
 .text          0x10027860     0x18a8 /home/leon/riotboard/arm-2012.09/bin/../arm-none-eabi/lib//libc.a(lib_a-dtoa.o)
                0x10027a40                _dtoa_r
 .text          0x10029108      0x10c /home/leon/riotboard/arm-2012.09/bin/../arm-none-eabi/lib//libc.a(lib_a-fclose.o)
                0x10029108                _fclose_r
                0x10029200                fclose
 .text          0x10029214      0x19c /home/leon/riotboard/arm-2012.09/bin/../arm-none-eabi/lib//libc.a(lib_a-fputwc.o)
                0x10029214                _fputwc_r
                0x10029364                fputwc
 .text          0x100293b0       0xd0 /home/leon/riotboard/arm-2012.09/bin/../arm-none-eabi/lib//libc.a(lib_a-locale.o)
                0x100293b0                _setlocale_r
                0x1002941c                __locale_charset
                0x10029428                __locale_mb_cur_max
                0x10029438                __locale_msgcharset
                0x10029444                __locale_cjk_lang
                0x1002944c                _localeconv_r
                0x10029458                setlocale
                0x10029474                localeconv
 .text          0x10029480       0x44 /home/leon/riotboard/arm-2012.09/bin/../arm-none-eabi/lib//libc.a(lib_a-lseekr.o)
                0x10029480                _lseek_r
 .text          0x100294c4      0x15c /home/leon/riotboard/arm-2012.09/bin/../arm-none-eabi/lib//libc.a(lib_a-makebuf.o)
                0x100294c4                __smakebuf_r
 .text          0x10029620      0xd20 /home/leon/riotboard/arm-2012.09/bin/../arm-none-eabi/lib//libc.a(lib_a-mprec.o)
                0x10029620                _Balloc
                0x100296ac                _Bfree
                0x100296c8                __multadd
                0x100297a4                __s2b
                0x10029894                __hi0bits
                0x100298e4                __lo0bits
                0x10029978                __i2b
                0x1002999c                __multiply
                0x10029b80                __pow5mult
                0x10029c74                __lshift
                0x10029d78                __mcmp
                0x10029ddc                __mdiff
                0x10029f28                __ulp
                0x10029f8c                __b2d
                0x1002a058                __d2b
                0x1002a160                __ratio
                0x1002a1f0                _mprec_log10
                0x1002a244                __copybits
                0x1002a2b8                __any_on
 .text          0x1002a340       0x44 /home/leon/riotboard/arm-2012.09/bin/../arm-none-eabi/lib//libc.a(lib_a-readr.o)
                0x1002a340                _read_r
 .text          0x1002a384      0x19c /home/leon/riotboard/arm-2012.09/bin/../arm-none-eabi/lib//libc.a(lib_a-reent.o)
                0x1002a384                cleanup_glue
                0x1002a3b0                _reclaim_reent
                0x1002a4ac                _wrapup_reent
 .text          0x1002a520      0x1cc /home/leon/riotboard/arm-2012.09/bin/../arm-none-eabi/lib//libc.a(lib_a-refill.o)
                0x1002a548                __srefill_r
 .text          0x1002a6ec       0x6c /home/leon/riotboard/arm-2012.09/bin/../arm-none-eabi/lib//libc.a(lib_a-s_fpclassify.o)
                0x1002a6ec                __fpclassifyd
 .text          0x1002a758      0x24c /home/leon/riotboard/arm-2012.09/bin/../arm-none-eabi/lib//libc.a(lib_a-signal.o)
                0x1002a758                _init_signal_r
                0x1002a7b8                _signal_r
                0x1002a824                _raise_r
                0x1002a8bc                __sigtramp_r
                0x1002a950                raise
                0x1002a964                signal
                0x1002a980                _init_signal
                0x1002a990                __sigtramp
 .text          0x1002a9a4       0x50 /home/leon/riotboard/arm-2012.09/bin/../arm-none-eabi/lib//libc.a(lib_a-signalr.o)
                0x1002a9a4                _kill_r
                0x1002a9e4                _getpid_r
 .text          0x1002a9f4      0x230 /home/leon/riotboard/arm-2012.09/bin/../arm-none-eabi/lib//libc.a(lib_a-strcmp.o)
                0x1002a9f4                strcmp
 .text          0x1002ac24     0x1224 /home/leon/riotboard/arm-2012.09/bin/../arm-none-eabi/lib//libc.a(lib_a-svfiprintf.o)
                0x1002ac24                __ssprint_r
                0x1002adc8                _svfiprintf_r
 .text          0x1002be48      0x134 /home/leon/riotboard/arm-2012.09/bin/../arm-none-eabi/lib//libc.a(lib_a-wcrtomb.o)
                0x1002be48                _wcrtomb_r
                0x1002bed8                wcrtomb
 .text          0x1002bf7c       0x7c /home/leon/riotboard/arm-2012.09/bin/../arm-none-eabi/lib//libc.a(lib_a-wctomb_r.o)
                0x1002bf7c                __ascii_wctomb
                0x1002bfa8                _wctomb_r
 .text          0x1002bff8       0x94 /home/leon/riotboard/arm-2012.09/bin/../arm-none-eabi/lib//libc.a(lib_a-callocr.o)
                0x1002bff8                _calloc_r
 .text          0x1002c08c       0x40 /home/leon/riotboard/arm-2012.09/bin/../arm-none-eabi/lib//libc.a(lib_a-fstatr.o)
                0x1002c08c                _fstat_r
 .text          0x1002c0cc       0x3c /home/leon/riotboard/arm-2012.09/bin/../arm-none-eabi/lib//libc.a(lib_a-isattyr.o)
                0x1002c0cc                _isatty_r
 .text          0x1002c108      0x114 /home/leon/riotboard/arm-2012.09/bin/../lib/gcc/arm-none-eabi/4.7.2//libgcc.a(_udivsi3.o)
                0x1002c108                __udivsi3
                0x1002c108                __aeabi_uidiv
                0x1002c1fc                __aeabi_uidivmod
 .text          0x1002c21c        0x4 /home/leon/riotboard/arm-2012.09/bin/../lib/gcc/arm-none-eabi/4.7.2//libgcc.a(_dvmd_tls.o)
                0x1002c21c                __aeabi_ldiv0
                0x1002c21c                __aeabi_idiv0
 .text          0x1002c220      0x41c /home/leon/riotboard/arm-2012.09/bin/../lib/gcc/arm-none-eabi/4.7.2//libgcc.a(_arm_addsubdf3.o)
                0x1002c220                __aeabi_drsub
                0x1002c228                __aeabi_dsub
                0x1002c228                __subdf3
                0x1002c22c                __adddf3
                0x1002c22c                __aeabi_dadd
                0x1002c53c                __aeabi_ui2d
                0x1002c53c                __floatunsidf
                0x1002c560                __floatsidf
                0x1002c560                __aeabi_i2d
                0x1002c588                __extendsfdf2
                0x1002c588                __aeabi_f2d
                0x1002c5c8                __aeabi_ul2d
                0x1002c5c8                __floatundidf
                0x1002c5dc                __floatdidf
                0x1002c5dc                __aeabi_l2d
 .text          0x1002c63c      0x49c /home/leon/riotboard/arm-2012.09/bin/../lib/gcc/arm-none-eabi/4.7.2//libgcc.a(_arm_muldivdf3.o)
                0x1002c63c                __aeabi_dmul
                0x1002c63c                __muldf3
                0x1002c8cc                __aeabi_ddiv
                0x1002c8cc                __divdf3
 .text          0x1002cad8      0x144 /home/leon/riotboard/arm-2012.09/bin/../lib/gcc/arm-none-eabi/4.7.2//libgcc.a(_arm_cmpdf2.o)
                0x1002cad8                __gtdf2
                0x1002cad8                __gedf2
                0x1002cae0                __ltdf2
                0x1002cae0                __ledf2
                0x1002cae8                __cmpdf2
                0x1002cae8                __eqdf2
                0x1002cae8                __nedf2
                0x1002cb70                __aeabi_cdrcmple
                0x1002cb8c                __aeabi_cdcmple
                0x1002cb8c                __aeabi_cdcmpeq
                0x1002cba4                __aeabi_dcmpeq
                0x1002cbbc                __aeabi_dcmplt
                0x1002cbd4                __aeabi_dcmple
                0x1002cbec                __aeabi_dcmpge
                0x1002cc04                __aeabi_dcmpgt
 .text          0x1002cc1c       0x5c /home/leon/riotboard/arm-2012.09/bin/../lib/gcc/arm-none-eabi/4.7.2//libgcc.a(_arm_fixdfsi.o)
                0x1002cc1c                __fixdfsi
                0x1002cc1c                __aeabi_d2iz
 .text          0x1002cc78      0x2ac /home/leon/riotboard/arm-2012.09/bin/../lib/gcc/arm-none-eabi/4.7.2//libgcc.a(_arm_addsubsf3.o)
                0x1002cc78                __aeabi_frsub
                0x1002cc80                __subsf3
                0x1002cc80                __aeabi_fsub
                0x1002cc84                __aeabi_fadd
                0x1002cc84                __addsf3
                0x1002ce40                __aeabi_ui2f
                0x1002ce40                __floatunsisf
                0x1002ce48                __aeabi_i2f
                0x1002ce48                __floatsisf
                0x1002ce68                __floatundisf
                0x1002ce68                __aeabi_ul2f
                0x1002ce78                __floatdisf
                0x1002ce78                __aeabi_l2f
 .text          0x1002cf24      0x2f8 /home/leon/riotboard/arm-2012.09/bin/../lib/gcc/arm-none-eabi/4.7.2//libgcc.a(_arm_muldivsf3.o)
                0x1002cf24                __mulsf3
                0x1002cf24                __aeabi_fmul
                0x1002d0bc                __divsf3
                0x1002d0bc                __aeabi_fdiv
 .text          0x1002d21c      0x114 /home/leon/riotboard/arm-2012.09/bin/../lib/gcc/arm-none-eabi/4.7.2//libgcc.a(_arm_cmpsf2.o)
                0x1002d21c                __gtsf2
                0x1002d21c                __gesf2
                0x1002d224                __lesf2
                0x1002d224                __ltsf2
                0x1002d22c                __nesf2
                0x1002d22c                __eqsf2
                0x1002d22c                __cmpsf2
                0x1002d290                __aeabi_cfrcmple
                0x1002d2a0                __aeabi_cfcmple
                0x1002d2a0                __aeabi_cfcmpeq
                0x1002d2b8                __aeabi_fcmpeq
                0x1002d2d0                __aeabi_fcmplt
                0x1002d2e8                __aeabi_fcmple
                0x1002d300                __aeabi_fcmpge
                0x1002d318                __aeabi_fcmpgt
 .text          0x1002d330       0x5c /home/leon/riotboard/arm-2012.09/bin/../lib/gcc/arm-none-eabi/4.7.2//libgcc.a(_arm_fixsfsi.o)
                0x1002d330                __fixsfsi
                0x1002d330                __aeabi_f2iz
 .text          0x1002d38c       0x3c /home/leon/riotboard/arm-2012.09/bin/../lib/gcc/arm-none-eabi/4.7.2//libgcc.a(_aeabi_uldivmod.o)
                0x1002d38c                __aeabi_uldivmod
 .text          0x1002d3c8       0x84 /home/leon/riotboard/arm-2012.09/bin/../lib/gcc/arm-none-eabi/4.7.2//libgcc.a(bpabi.o)
                0x1002d3c8                __gnu_ldivmod_helper
                0x1002d40c                __gnu_uldivmod_helper
 .text          0x1002d44c      0x4f0 /home/leon/riotboard/arm-2012.09/bin/../lib/gcc/arm-none-eabi/4.7.2//libgcc.a(_divdi3.o)
                0x1002d44c                __divdi3
 .text          0x1002d93c      0x488 /home/leon/riotboard/arm-2012.09/bin/../lib/gcc/arm-none-eabi/4.7.2//libgcc.a(_udivdi3.o)
                0x1002d93c                __udivdi3
 .text          0x1002ddc4       0x48 /home/leon/riotboard/arm-2012.09/bin/../lib/gcc/arm-none-eabi/4.7.2//libgcc.a(_clzsi2.o)
                0x1002ddc4                __clzsi2
 .text          0x1002de0c       0x64 /home/leon/git/swp-report/iMX6_Platform_SDK/output/mx6dq/lib/libsdk.a(profile.o)
                0x1002de0c                StartPerfCounter
                0x1002de34                StopPerfCounter
 .text          0x1002de70      0x644 /home/leon/git/swp-report/iMX6_Platform_SDK/output/mx6dq/lib/libsdk.a(armv7_cache.o)
                0x1002de70                arm_dcache_state_query
                0x1002deb0                arm_dcache_enable
                0x1002def8                arm_dcache_disable
                0x1002df30                arm_dcache_invalidate
                0x1002dfd4                arm_dcache_invalidate_line
                0x1002e040                arm_dcache_invalidate_mlines
                0x1002e0e0                arm_dcache_flush
                0x1002e184                arm_dcache_flush_line
                0x1002e1f0                arm_dcache_flush_mlines
                0x1002e290                arm_icache_state_query
                0x1002e2d0                arm_icache_enable
                0x1002e318                arm_icache_disable
                0x1002e350                arm_icache_invalidate
                0x1002e37c                arm_icache_invalidate_is
                0x1002e3a8                arm_icache_invalidate_line
                0x1002e414                arm_icache_invalidate_mlines
 .text          0x1002e4b4      0x610 /home/leon/git/swp-report/iMX6_Platform_SDK/output/mx6dq/lib/libsdk.a(runtime_support.o)
                0x1002e4b4                _execve
                0x1002e4f0                _fork
                0x1002e518                _isatty
                0x1002e53c                _open
                0x1002e568                _close
                0x1002e58c                _lseek
                0x1002e5b8                _fstat
                0x1002e5ec                _read
                0x1002e6bc                _write
                0x1002e7a8                _raw_puts
                0x1002e828                _sbrk
                0x1002e8d8                _exit
                0x1002e8f8                _kill
                0x1002e930                _getpid
                0x1002e948                _link
                0x1002e980                _unlink
                0x1002e9b4                _stat
                0x1002e9e8                _times
                0x1002ea0c                _gettimeofday
                0x1002ea90                _wait
 .text          0x1002eac4      0x62c /home/leon/git/swp-report/iMX6_Platform_SDK/output/mx6dq/lib/libsdk.a(mma8451.o)
                0x1002eac4                mma8451_read_register
                0x1002eb94                mma8451_write_register
                0x1002ec74                mma8451_init
                0x1002ee30                mma8451_get_acceleration
 .text          0x1002f0f0      0xa88 /home/leon/git/swp-report/iMX6_Platform_SDK/output/mx6dq/lib/libsdk.a(smd_sensor.o)
                0x1002f488                sensor_config
                0x1002f4c4                sensor_search
                0x1002f654                sensor_init
                0x1002f7c8                sensor_af_trigger
                0x1002f8a8                sensor_autofocus_init
                0x1002fa28                camera_strobeflash_on
                0x1002fb04                camera_strobeflash_off
 .text          0x1002fb78       0x78 /home/leon/git/swp-report/iMX6_Platform_SDK/output/mx6dq/lib/libsdk.a(cpu_get_cores.o)
                0x1002fb78                cpu_get_cores
 .text          0x1002fbf0      0x2a8 /home/leon/git/swp-report/iMX6_Platform_SDK/output/mx6dq/lib/libsdk.a(cpu_multicore.o)
                0x1002fc54                cpu_start_secondary
                0x1002fde8                cpu_disable
 .text          0x1002fe98      0x1cc /home/leon/git/swp-report/iMX6_Platform_SDK/output/mx6dq/lib/libsdk.a(cpu_workpoint.o)
                0x1002fe98                cpu_workpoint_set
 .text          0x10030064     0x17e0 /home/leon/git/swp-report/iMX6_Platform_SDK/output/mx6dq/lib/libsdk.a(enet_drv.o)
                0x10030064                imx_enet_mii_read
                0x10030174                imx_enet_mii_write
                0x10030648                enet_phy_rework_ar8031
                0x100307bc                enet_phy_rework_ksz9021
                0x100308b0                imx_enet_phy_init
                0x10030b30                imx_enet_get_phy_status
                0x10030e58                imx_enet_phy_enable_external_loopback
                0x10030f74                imx_enet_poll
                0x1003106c                imx_enet_send
                0x10031184                imx_enet_recv
                0x10031360                imx_enet_init
                0x100314b4                imx_enet_start
                0x10031548                imx_enet_stop
                0x1003158c                imx_enet_isolate_phy
                0x10031630                imx_enet_unisolate_phy
                0x100316f8                imx_enet_mii_type
 .text          0x10031844     0x1308 /home/leon/git/swp-report/iMX6_Platform_SDK/output/mx6dq/lib/libsdk.a(gpio.o)
                0x10031874                gpio_get_port_count
                0x1003188c                gpio_set_gpio
                0x10031950                gpio_set_direction
                0x10031bac                gpio_get_direction
                0x10031cf4                gpio_set_level
                0x10032034                gpio_get_level
                0x10032194                gpio_set_interrupt_config
                0x10032598                gpio_set_interrupt_mask
                0x100327dc                gpio_get_interrupt_status
                0x10032938                gpio_clear_interrupt
 .text          0x10032b4c        0x0 /home/leon/git/swp-report/iMX6_Platform_SDK/output/mx6dq/lib/libsdk.a(imx6dq_gpio_map.o)
 .text          0x10032b4c     0x1334 /home/leon/git/swp-report/iMX6_Platform_SDK/output/mx6dq/lib/libsdk.a(hdmi_tx.o)
                0x10032b4c                hdmi_config_input_source
                0x10032b8c                hdmi_video_sample
                0x10032dd4                update_csc_coeffs
                0x100332e8                hdmi_video_csc
                0x10033488                hdmi_video_packetize
                0x10033854                preamble_filter_set
                0x10033914                hdmi_av_frame_composer
                0x10033d5c                hdmi_tx_hdcp_config
                0x10033dc8                hdmi_config_force_video
                0x10033e20                hdmi_config_forced_pixels
 .text          0x10033e80      0xd24 /home/leon/git/swp-report/iMX6_Platform_SDK/output/mx6dq/lib/libsdk.a(hdmi_tx_audio.o)
                0x10033e80                hdmi_audio_mute
                0x10033ed0                audio_PacketLayout
                0x10033f10                audio_DMA_InterruptMask
                0x10033f40                audio_DMA_InterruptPolarity
                0x10033f70                audio_DMA_ResetFIFO
                0x10033f94                audio_clk_N
                0x10033ff4                audio_clk_CTS
                0x10034094                audio_ComputeN
                0x100343b4                audio_ComputeCTS
                0x100345f0                audio_DMA_StartAddr
                0x10034668                audio_DMA_StopAddr
                0x100346e0                audio_DMA_LockEnable
                0x10034720                audio_DMA_BurstMode
                0x10034760                audio_DMA_IncrType
                0x100347a0                audio_DMA_Threshold
                0x100347d0                audio_DMA_SetCONF1
                0x10034800                audio_DMA_Start
                0x10034824                audio_Configure
                0x100348dc                Audio_ChannelCount
                0x100349cc                audio_Configure_DMA
                0x10034b64                audio_info_config
 .text          0x10034ba4     0x14fc /home/leon/git/swp-report/iMX6_Platform_SDK/output/mx6dq/lib/libsdk.a(hdmi_tx_phy.o)
                0x10034ba4                hdmi_phy_int_mask
                0x1003600c                hdmi_phy_init
 .text          0x100360a0     0x14bc /home/leon/git/swp-report/iMX6_Platform_SDK/output/mx6dq/lib/libsdk.a(imx_i2c.o)
                0x100360d0                i2c_get_request_instance
                0x10036a20                i2c_xfer
                0x1003707c                i2c_read
                0x100370ac                i2c_write
                0x100370dc                i2c_setup_interrupt
                0x100372e8                i2c_init
 .text          0x1003755c      0xba8 /home/leon/git/swp-report/iMX6_Platform_SDK/output/mx6dq/lib/libsdk.a(imx_i2c_slave.o)
                0x1003755c                i2c_slave_interrupt_routine
                0x10037668                i2c_slave_handler
                0x10037bc0                i2c_slave_xfer
 .text          0x10038104      0x474 /home/leon/git/swp-report/iMX6_Platform_SDK/output/mx6dq/lib/libsdk.a(ips_disp_panel.o)
                0x10038398                search_panel
                0x10038458                list_panel
                0x100384f0                get_panel_by_id
 .text          0x10038578      0xff4 /home/leon/git/swp-report/iMX6_Platform_SDK/output/mx6dq/lib/libsdk.a(ipu_common.o)
                0x10038578                need_csc
                0x100385e0                ipu_write_field
                0x10038698                ipu_read
                0x10038704                ipu_write
                0x1003876c                ipu_enable_display
                0x100387d8                ipu_disable_display
                0x10038858                ipu_sw_reset
                0x10038938                ipu_display_setup
                0x10038aac                ipu_dual_display_setup
                0x10038bb0                ipu_capture_setup
                0x1003901c                ipu_capture_streamoff
                0x100390f0                ipu_mipi_csi2_setup
                0x100392e8                ipu1_ch0_eobnd_isr
                0x100394c4                ipu_ch0_eobnd_interrupt_register
 .text          0x1003956c      0xcb8 /home/leon/git/swp-report/iMX6_Platform_SDK/output/mx6dq/lib/libsdk.a(ipu_csi.o)
                0x1003956c                ipu_csi_config
                0x10039bb0                ipu_smfc_fifo_allocate
                0x10039d0c                ipu_capture_disp_link
                0x10039e38                ipu_disable_csi
                0x10039ea4                ipu_disable_smfc
                0x10039ed8                ipu_csi_test_mode_color
 .text          0x1003a224     0x1bec /home/leon/git/swp-report/iMX6_Platform_SDK/output/mx6dq/lib/libsdk.a(ipu_dc.o)
                0x1003a224                ipu_dc_config
                0x1003a514                ipu_dc_write_channel_config
                0x1003a7cc                ipu_dc_display_config
                0x1003a960                ipu_dc_map
                0x1003acf4                ipu_dc_microcode_config
                0x1003bab4                ipu_dc_microcode_event
 .text          0x1003be10      0xfec /home/leon/git/swp-report/iMX6_Platform_SDK/output/mx6dq/lib/libsdk.a(ipu_di.o)
                0x1003be10                ipu_di_config
                0x1003c440                ipu_di_waveform_config
                0x1003c508                ipu_di_screen_set
                0x1003c59c                ipu_di_pointer_config
                0x1003c700                ipu_di_bsclk_gen
                0x1003c838                ipu_di_sync_config
                0x1003cb40                ipu_di_interface_set
 .text          0x1003cdfc      0x3e0 /home/leon/git/swp-report/iMX6_Platform_SDK/output/mx6dq/lib/libsdk.a(ipu_dmfc.o)
                0x1003cdfc                ipu_dmfc_config
                0x1003d090                ipu_dmfc_alloc
 .text          0x1003d1dc      0x5b0 /home/leon/git/swp-report/iMX6_Platform_SDK/output/mx6dq/lib/libsdk.a(ipu_dp.o)
                0x1003d1dc                ipu_dp_config
                0x1003d230                ipu_dp_csc_config
                0x1003d5e8                ipu_dp_fg_config
 .text          0x1003d78c     0x16a4 /home/leon/git/swp-report/iMX6_Platform_SDK/output/mx6dq/lib/libsdk.a(ipu_ic.o)
                0x1003d78c                ipu_ic_enable
                0x1003d7d8                ipu_ic_rotation_config
                0x1003d9e4                ipu_ic_resize_config
                0x1003df38                ipu_ic_deinterlace_config
                0x1003e114                ipu_ic_calc_resize_coeffs
                0x1003e22c                ipu_ic_config_resize_rate
                0x1003e368                ipu_ic_combine_config
                0x1003e524                ipu_ic_csc_config
                0x1003ec30                ipu_ic_task_enable
 .text          0x1003ee30     0x2e08 /home/leon/git/swp-report/iMX6_Platform_SDK/output/mx6dq/lib/libsdk.a(ipu_idmac.o)
                0x1003ee30                ipu_cpmem_set_field
                0x1003ef5c                ipu_cpmem_mod_field
                0x1003f0e8                ipu_cpmem_read_field
                0x1003f244                ipu_channel_buf_ready
                0x1003f3bc                ipu_channel_buf_not_ready
                0x1003f534                ipu_idmac_channel_mode_sel
                0x1003f5bc                ipu_idmac_channel_enable
                0x1003f644                ipu_idmac_channel_busy
                0x1003f704                ipu_general_idmac_config
                0x1003fcec                ipu_disp_bg_idmac_config
                0x1003fdd4                ipu_disp_fg_idmac_config
                0x1003febc                ipu_dma_update_buffer
                0x1003ffd8                ipu_idmac_chan_cur_buff
                0x10040084                ipu_rotate_idmac_config
                0x100401b8                ipu_resize_idmac_config
                0x100402f4                ipu_deinterlace_idmac_config
                0x10040448                ipu_idma_pixel_format_config
 .text          0x10041c38      0x598 /home/leon/git/swp-report/iMX6_Platform_SDK/output/mx6dq/lib/libsdk.a(ipu_vdi.o)
                0x10041c38                ipu_deinterlace_3_fields
                0x10041c88                ipu_vdi_set_top_field_man
                0x10041cfc                ipu_vdi_set_motion
                0x10041e04                ipu_vdi_init
                0x10041f48                ipu_vdi_uninit
                0x10041f90                ips_deinterlace_proc
 .text          0x100421d0      0x520 /home/leon/git/swp-report/iMX6_Platform_SDK/output/mx6dq/lib/libsdk.a(keypad_port.o)
                0x100421f0                kpp_scan_matrix
                0x10042434                kpp_get_keypad_state
                0x100424f4                kpp_wait_for_release_state
                0x1004253c                kpp_interrupt_routine
                0x1004257c                kpp_setup_interrupt
                0x100425e0                kpp_open
                0x100426a4                kpp_close
 .text          0x100426f0      0x4ac /home/leon/git/swp-report/iMX6_Platform_SDK/output/mx6dq/lib/libsdk.a(ldb.o)
                0x100428c0                ldb_config
                0x10042af8                ldb_set_vs_polarity
 .text          0x10042b9c      0x3f4 /home/leon/git/swp-report/iMX6_Platform_SDK/output/mx6dq/lib/libsdk.a(ocotp.o)
                0x10042c08                Delay4Reload
                0x10042e4c                ocotp_sense_fuse
                0x10042ebc                ocotp_fuse_blow_row
                0x10042f18                ocotp_reload_otp_shadow_registers
 .text          0x10042f90      0x55c /home/leon/git/swp-report/iMX6_Platform_SDK/output/mx6dq/lib/libsdk.a(pcie.o)
                0x10043244                pcie_map_space
                0x10043308                pcie_init
 .text          0x100434ec      0x394 /home/leon/git/swp-report/iMX6_Platform_SDK/output/mx6dq/lib/libsdk.a(pcie_phy.o)
                0x10043638                pcie_phy_cr_read
                0x10043710                pcie_phy_cr_write
 .text          0x10043880      0x70c /home/leon/git/swp-report/iMX6_Platform_SDK/output/mx6dq/lib/libsdk.a(pcie_prot.o)
                0x10043c18                pcie_dump_cfg_header
                0x10043c84                pcie_enum_resources
                0x10043f14                pcie_cfg_ep_bar
 .text          0x10043f8c     0x1bf0 /home/leon/git/swp-report/iMX6_Platform_SDK/output/mx6dq/lib/libsdk.a(pmu_driver.o)
                0x100441f8                pmu_init
                0x10044394                pmu_get_property
                0x100443f4                pmu_set_property
                0x10044458                pmu::Regulator::getProperty(_pmu_regulator_properties, void*)
                0x100446d4                pmu::Regulator::setProperty(_pmu_regulator_properties, void const*)
                0x1004484c                pmu::Regulator::setVoltageRange(unsigned long, unsigned long, unsigned long)
                0x10044898                pmu::AnalogRegulator::getProperty(_pmu_regulator_properties, void*)
                0x10044964                pmu::AnalogRegulator::setProperty(_pmu_regulator_properties, void const*)
                0x10044a24                pmu::AnalogRegulator::getOutputMillivolts() const
                0x10044a7c                pmu::AnalogRegulator::setOutputMillivolts(unsigned long)
                0x10044b64                pmu::AnalogRegulator::getBrownoutMillivolts() const
                0x10044bd4                pmu::AnalogRegulator::setBrownoutMillivolts(unsigned long)
                0x10044c6c                pmu::AnalogRegulator::isBrownoutDetectEnabled() const
                0x10044cb0                pmu::AnalogRegulator::setBrownoutDetectIsEnabled(bool)
                0x10044cfc                pmu::AnalogRegulator::isEnabled() const
                0x10044d40                pmu::AnalogRegulator::setIsEnabled(bool)
                0x10044d8c                pmu::DigitalRegulator::DigitalRegulator()
                0x10044d8c                pmu::DigitalRegulator::DigitalRegulator()
                0x10044dcc                pmu::DigitalRegulator::getProperty(_pmu_regulator_properties, void*)
                0x10044ecc                pmu::DigitalRegulator::setProperty(_pmu_regulator_properties, void const*)
                0x10044f94                pmu::DigitalRegulator::isBypassed() const
                0x10044fe0                pmu::DigitalRegulator::setIsBypassed(bool)
                0x10045094                pmu::DigitalRegulator::getOutputMillivolts() const
                0x10045130                pmu::DigitalRegulator::setOutputMillivolts(unsigned long)
                0x10045214                pmu::DigitalRegulator::getBrownoutMillivolts() const
                0x10045288                pmu::DigitalRegulator::setBrownoutMillivolts(unsigned long)
                0x10045320                pmu::DigitalRegulator::isEnabled() const
                0x1004536c                pmu::DigitalRegulator::setIsEnabled(bool)
                0x10045428                pmu::LDO1p1Regulator::LDO1p1Regulator()
                0x10045428                pmu::LDO1p1Regulator::LDO1p1Regulator()
                0x10045488                pmu::LDO1p1Regulator::getProperty(_pmu_regulator_properties, void*)
                0x10045520                pmu::LDO1p1Regulator::getOutputMillivolts() const
                0x1004557c                pmu::LDO1p1Regulator::setOutputMillivolts(unsigned long)
                0x10045670                pmu::LDO2p5Regulator::LDO2p5Regulator()
                0x10045670                pmu::LDO2p5Regulator::LDO2p5Regulator()
                0x100456d0                pmu::LDO3p0Regulator::LDO3p0Regulator()
                0x100456d0                pmu::LDO3p0Regulator::LDO3p0Regulator()
                0x10045730                pmu::LDO3p0Regulator::getProperty(_pmu_regulator_properties, void*)
                0x1004579c                pmu::LDO3p0Regulator::setProperty(_pmu_regulator_properties, void const*)
                0x1004580c                pmu::LDOARMRegulator::LDOARMRegulator()
                0x1004580c                pmu::LDOARMRegulator::LDOARMRegulator()
                0x10045864                pmu::LDOARMRegulator::setBrownoutDetectIsEnabled(bool)
                0x100458b0                pmu::LDOARMRegulator::setRampRate(unsigned long)
                0x10045910                pmu::LDOGraphicsRegulator::LDOGraphicsRegulator()
                0x10045910                pmu::LDOGraphicsRegulator::LDOGraphicsRegulator()
                0x10045968                pmu::LDOGraphicsRegulator::setBrownoutDetectIsEnabled(bool)
                0x100459b4                pmu::LDOGraphicsRegulator::setRampRate(unsigned long)
                0x10045a14                pmu::LDOSoCRegulator::LDOSoCRegulator()
                0x10045a14                pmu::LDOSoCRegulator::LDOSoCRegulator()
                0x10045a6c                pmu::LDOSoCRegulator::setBrownoutDetectIsEnabled(bool)
                0x10045ab8                pmu::LDOSoCRegulator::setRampRate(unsigned long)
 .text._ZnwjPv  0x10045b7c       0x28 /home/leon/git/swp-report/iMX6_Platform_SDK/output/mx6dq/lib/libsdk.a(pmu_driver.o)
                0x10045b7c                operator new(unsigned int, void*)
 .text._ZN3pmu9RegulatorC2Ev
                0x10045ba4       0x64 /home/leon/git/swp-report/iMX6_Platform_SDK/output/mx6dq/lib/libsdk.a(pmu_driver.o)
                0x10045ba4                pmu::Regulator::Regulator()
                0x10045ba4                pmu::Regulator::Regulator()
 .text._ZN3pmu9Regulator18setBrownoutHandlerEPFv9_pmu_regsE
                0x10045c08       0x2c /home/leon/git/swp-report/iMX6_Platform_SDK/output/mx6dq/lib/libsdk.a(pmu_driver.o)
                0x10045c08                pmu::Regulator::setBrownoutHandler(void (*)(_pmu_regs))
 .text._ZN3pmu9Regulator18getBrownoutHandlerEv
                0x10045c34       0x28 /home/leon/git/swp-report/iMX6_Platform_SDK/output/mx6dq/lib/libsdk.a(pmu_driver.o)
                0x10045c34                pmu::Regulator::getBrownoutHandler()
 .text._ZN3pmu15AnalogRegulatorC2ERV15_hw_pmu_reg_1p1
                0x10045c5c       0x50 /home/leon/git/swp-report/iMX6_Platform_SDK/output/mx6dq/lib/libsdk.a(pmu_driver.o)
                0x10045c5c                pmu::AnalogRegulator::AnalogRegulator(_hw_pmu_reg_1p1 volatile&)
                0x10045c5c                pmu::AnalogRegulator::AnalogRegulator(_hw_pmu_reg_1p1 volatile&)
 .text._ZNK3pmu15LDO1p1Regulator12isInBrownoutEv
                0x10045cac       0x70 /home/leon/git/swp-report/iMX6_Platform_SDK/output/mx6dq/lib/libsdk.a(pmu_driver.o)
                0x10045cac                pmu::LDO1p1Regulator::isInBrownout() const
 .text._ZNK3pmu15LDO1p1Regulator4isOKEv
                0x10045d1c       0x78 /home/leon/git/swp-report/iMX6_Platform_SDK/output/mx6dq/lib/libsdk.a(pmu_driver.o)
                0x10045d1c                pmu::LDO1p1Regulator::isOK() const
 .text._ZNK3pmu15LDO2p5Regulator12isInBrownoutEv
                0x10045d94       0x70 /home/leon/git/swp-report/iMX6_Platform_SDK/output/mx6dq/lib/libsdk.a(pmu_driver.o)
                0x10045d94                pmu::LDO2p5Regulator::isInBrownout() const
 .text._ZNK3pmu15LDO2p5Regulator4isOKEv
                0x10045e04       0x78 /home/leon/git/swp-report/iMX6_Platform_SDK/output/mx6dq/lib/libsdk.a(pmu_driver.o)
                0x10045e04                pmu::LDO2p5Regulator::isOK() const
 .text._ZNK3pmu15LDO3p0Regulator12isInBrownoutEv
                0x10045e7c       0x70 /home/leon/git/swp-report/iMX6_Platform_SDK/output/mx6dq/lib/libsdk.a(pmu_driver.o)
                0x10045e7c                pmu::LDO3p0Regulator::isInBrownout() const
 .text._ZNK3pmu15LDO3p0Regulator4isOKEv
                0x10045eec       0x78 /home/leon/git/swp-report/iMX6_Platform_SDK/output/mx6dq/lib/libsdk.a(pmu_driver.o)
                0x10045eec                pmu::LDO3p0Regulator::isOK() const
 .text._ZNK3pmu15LDOARMRegulator23isBrownoutDetectEnabledEv
                0x10045f64       0x44 /home/leon/git/swp-report/iMX6_Platform_SDK/output/mx6dq/lib/libsdk.a(pmu_driver.o)
                0x10045f64                pmu::LDOARMRegulator::isBrownoutDetectEnabled() const
 .text._ZNK3pmu15LDOARMRegulator12isInBrownoutEv
                0x10045fa8       0x6c /home/leon/git/swp-report/iMX6_Platform_SDK/output/mx6dq/lib/libsdk.a(pmu_driver.o)
                0x10045fa8                pmu::LDOARMRegulator::isInBrownout() const
 .text._ZNK3pmu15LDOARMRegulator4isOKEv
                0x10046014       0x24 /home/leon/git/swp-report/iMX6_Platform_SDK/output/mx6dq/lib/libsdk.a(pmu_driver.o)
                0x10046014                pmu::LDOARMRegulator::isOK() const
 .text._ZNK3pmu15LDOARMRegulator11getRampRateEv
                0x10046038       0x34 /home/leon/git/swp-report/iMX6_Platform_SDK/output/mx6dq/lib/libsdk.a(pmu_driver.o)
                0x10046038                pmu::LDOARMRegulator::getRampRate() const
 .text._ZNK3pmu15LDOARMRegulator10getTriggerEv
                0x1004606c       0x34 /home/leon/git/swp-report/iMX6_Platform_SDK/output/mx6dq/lib/libsdk.a(pmu_driver.o)
                0x1004606c                pmu::LDOARMRegulator::getTrigger() const
 .text._ZN3pmu15LDOARMRegulator10setTriggerEm
                0x100460a0       0x44 /home/leon/git/swp-report/iMX6_Platform_SDK/output/mx6dq/lib/libsdk.a(pmu_driver.o)
                0x100460a0                pmu::LDOARMRegulator::setTrigger(unsigned long)
 .text._ZNK3pmu15LDOARMRegulator11getBrownoutEv
                0x100460e4       0x34 /home/leon/git/swp-report/iMX6_Platform_SDK/output/mx6dq/lib/libsdk.a(pmu_driver.o)
                0x100460e4                pmu::LDOARMRegulator::getBrownout() const
 .text._ZN3pmu15LDOARMRegulator11setBrownoutEm
                0x10046118       0x44 /home/leon/git/swp-report/iMX6_Platform_SDK/output/mx6dq/lib/libsdk.a(pmu_driver.o)
                0x10046118                pmu::LDOARMRegulator::setBrownout(unsigned long)
 .text._ZNK3pmu20LDOGraphicsRegulator23isBrownoutDetectEnabledEv
                0x1004615c       0x44 /home/leon/git/swp-report/iMX6_Platform_SDK/output/mx6dq/lib/libsdk.a(pmu_driver.o)
                0x1004615c                pmu::LDOGraphicsRegulator::isBrownoutDetectEnabled() const
 .text._ZNK3pmu20LDOGraphicsRegulator12isInBrownoutEv
                0x100461a0       0x6c /home/leon/git/swp-report/iMX6_Platform_SDK/output/mx6dq/lib/libsdk.a(pmu_driver.o)
                0x100461a0                pmu::LDOGraphicsRegulator::isInBrownout() const
 .text._ZNK3pmu20LDOGraphicsRegulator4isOKEv
                0x1004620c       0x24 /home/leon/git/swp-report/iMX6_Platform_SDK/output/mx6dq/lib/libsdk.a(pmu_driver.o)
                0x1004620c                pmu::LDOGraphicsRegulator::isOK() const
 .text._ZNK3pmu20LDOGraphicsRegulator11getRampRateEv
                0x10046230       0x34 /home/leon/git/swp-report/iMX6_Platform_SDK/output/mx6dq/lib/libsdk.a(pmu_driver.o)
                0x10046230                pmu::LDOGraphicsRegulator::getRampRate() const
 .text._ZNK3pmu20LDOGraphicsRegulator10getTriggerEv
                0x10046264       0x34 /home/leon/git/swp-report/iMX6_Platform_SDK/output/mx6dq/lib/libsdk.a(pmu_driver.o)
                0x10046264                pmu::LDOGraphicsRegulator::getTrigger() const
 .text._ZN3pmu20LDOGraphicsRegulator10setTriggerEm
                0x10046298       0x44 /home/leon/git/swp-report/iMX6_Platform_SDK/output/mx6dq/lib/libsdk.a(pmu_driver.o)
                0x10046298                pmu::LDOGraphicsRegulator::setTrigger(unsigned long)
 .text._ZNK3pmu20LDOGraphicsRegulator11getBrownoutEv
                0x100462dc       0x34 /home/leon/git/swp-report/iMX6_Platform_SDK/output/mx6dq/lib/libsdk.a(pmu_driver.o)
                0x100462dc                pmu::LDOGraphicsRegulator::getBrownout() const
 .text._ZN3pmu20LDOGraphicsRegulator11setBrownoutEm
                0x10046310       0x44 /home/leon/git/swp-report/iMX6_Platform_SDK/output/mx6dq/lib/libsdk.a(pmu_driver.o)
                0x10046310                pmu::LDOGraphicsRegulator::setBrownout(unsigned long)
 .text._ZNK3pmu15LDOSoCRegulator23isBrownoutDetectEnabledEv
                0x10046354       0x44 /home/leon/git/swp-report/iMX6_Platform_SDK/output/mx6dq/lib/libsdk.a(pmu_driver.o)
                0x10046354                pmu::LDOSoCRegulator::isBrownoutDetectEnabled() const
 .text._ZNK3pmu15LDOSoCRegulator12isInBrownoutEv
                0x10046398       0x6c /home/leon/git/swp-report/iMX6_Platform_SDK/output/mx6dq/lib/libsdk.a(pmu_driver.o)
                0x10046398                pmu::LDOSoCRegulator::isInBrownout() const
 .text._ZNK3pmu15LDOSoCRegulator4isOKEv
                0x10046404       0x74 /home/leon/git/swp-report/iMX6_Platform_SDK/output/mx6dq/lib/libsdk.a(pmu_driver.o)
                0x10046404                pmu::LDOSoCRegulator::isOK() const
 .text._ZNK3pmu15LDOSoCRegulator11getRampRateEv
                0x10046478       0x34 /home/leon/git/swp-report/iMX6_Platform_SDK/output/mx6dq/lib/libsdk.a(pmu_driver.o)
                0x10046478                pmu::LDOSoCRegulator::getRampRate() const
 .text._ZNK3pmu15LDOSoCRegulator10getTriggerEv
                0x100464ac       0x34 /home/leon/git/swp-report/iMX6_Platform_SDK/output/mx6dq/lib/libsdk.a(pmu_driver.o)
                0x100464ac                pmu::LDOSoCRegulator::getTrigger() const
 .text._ZN3pmu15LDOSoCRegulator10setTriggerEm
                0x100464e0       0x44 /home/leon/git/swp-report/iMX6_Platform_SDK/output/mx6dq/lib/libsdk.a(pmu_driver.o)
                0x100464e0                pmu::LDOSoCRegulator::setTrigger(unsigned long)
 .text._ZNK3pmu15LDOSoCRegulator11getBrownoutEv
                0x10046524       0x34 /home/leon/git/swp-report/iMX6_Platform_SDK/output/mx6dq/lib/libsdk.a(pmu_driver.o)
                0x10046524                pmu::LDOSoCRegulator::getBrownout() const
 .text._ZN3pmu15LDOSoCRegulator11setBrownoutEm
                0x10046558       0x44 /home/leon/git/swp-report/iMX6_Platform_SDK/output/mx6dq/lib/libsdk.a(pmu_driver.o)
                0x10046558                pmu::LDOSoCRegulator::setBrownout(unsigned long)
 .text._ZN3pmu9_pmu_infoC2Ev
                0x1004659c       0x84 /home/leon/git/swp-report/iMX6_Platform_SDK/output/mx6dq/lib/libsdk.a(pmu_driver.o)
                0x1004659c                pmu::_pmu_info::_pmu_info()
                0x1004659c                pmu::_pmu_info::_pmu_info()
 .text._ZN3pmu15AnalogRegulatorC2I15_hw_pmu_reg_2p5EERVT_
                0x10046620       0x50 /home/leon/git/swp-report/iMX6_Platform_SDK/output/mx6dq/lib/libsdk.a(pmu_driver.o)
                0x10046620                pmu::AnalogRegulator::AnalogRegulator<_hw_pmu_reg_2p5>(_hw_pmu_reg_2p5 volatile&)
                0x10046620                pmu::AnalogRegulator::AnalogRegulator<_hw_pmu_reg_2p5>(_hw_pmu_reg_2p5 volatile&)
 .text._ZN3pmu15AnalogRegulatorC2I15_hw_pmu_reg_3p0EERVT_
                0x10046670       0x50 /home/leon/git/swp-report/iMX6_Platform_SDK/output/mx6dq/lib/libsdk.a(pmu_driver.o)
                0x10046670                pmu::AnalogRegulator::AnalogRegulator<_hw_pmu_reg_3p0>(_hw_pmu_reg_3p0 volatile&)
                0x10046670                pmu::AnalogRegulator::AnalogRegulator<_hw_pmu_reg_3p0>(_hw_pmu_reg_3p0 volatile&)
 .text          0x100466c0      0xb4c /home/leon/git/swp-report/iMX6_Platform_SDK/output/mx6dq/lib/libsdk.a(pwm.o)
                0x100466c0                pwm_init
                0x10046bd8                pwm_clear_int_status
                0x10046cc4                pwm_setup_interrupt
                0x10046f8c                pwm_free_interrupt
                0x10047034                pwm_isr_test_end
                0x10047078                pwm_enable
                0x10047100                pwm_disable
                0x10047190                pwm_get_clock_freq
 .text          0x1004720c      0x3b0 /home/leon/git/swp-report/iMX6_Platform_SDK/output/mx6dq/lib/libsdk.a(rtc.o)
                0x1004720c                snvs_rtc_interrupt_handler
                0x10047328                snvs_rtc_setup_interrupt
                0x1004738c                rtc_init
                0x1004740c                rtc_deinit
                0x10047468                rtc_setup_onetime_timer
                0x100474dc                rtc_setup_periodic_timer
                0x10047564                rtc_disable_periodic_timer
 .text          0x100475bc      0x210 /home/leon/git/swp-report/iMX6_Platform_SDK/output/mx6dq/lib/libsdk.a(srtc.o)
                0x100475bc                snvs_srtc_setup_interrupt
                0x10047620                snvs_srtc_interrupt_handler
                0x100476e4                srtc_init
                0x10047728                srtc_deinit
                0x10047758                srtc_setup_onetime_timer
 .text          0x100477cc     0x2a8c /home/leon/git/swp-report/iMX6_Platform_SDK/output/mx6dq/lib/libsdk.a(sata.o)
                0x100477cc                sata_pio_read_sector
                0x10047964                sata_pio_write_sector
                0x10047af0                sata_dma_read_sector
                0x10047c7c                sata_dma_write_sector
                0x10047e08                sata_disk_read_sector
                0x10047f50                sata_disk_write_sector
                0x100480ac                printf_buffer
                0x1004810c                print_identify_data
                0x10049a74                sata_init
                0x1004a000                sata_deinit
                0x1004a13c                sata_identify
 .text          0x1004a258     0x1224 /home/leon/git/swp-report/iMX6_Platform_SDK/output/mx6dq/lib/libsdk.a(sdma.o)
                0x1004a7a4                sdma_init
                0x1004a96c                sdma_deinit
                0x1004aa60                sdma_channel_start
                0x1004ab0c                sdma_channel_stop
                0x1004ab6c                sdma_channel_request
                0x1004af64                sdma_channel_release
                0x1004b184                sdma_channel_status
                0x1004b2b8                sdma_lookup_script
                0x1004b3a4                sdma_setup_interrupt
                0x1004b418                sdma_channel_isr_attach
 .text          0x1004b47c        0x0 /home/leon/git/swp-report/iMX6_Platform_SDK/output/mx6dq/lib/libsdk.a(sdma_script_info.o)
 .text          0x1004b47c      0x4e8 /home/leon/git/swp-report/iMX6_Platform_SDK/output/mx6dq/lib/libsdk.a(snvs.o)
                0x1004b47c                snvs_rtc_counter
                0x1004b524                snvs_rtc_alarm
                0x1004b5cc                snvs_rtc_periodic_interrupt
                0x1004b6b0                snvs_rtc_set_counter
                0x1004b708                snvs_rtc_set_alarm_timeout
                0x1004b760                snvs_srtc_counter
                0x1004b808                snvs_srtc_alarm
                0x1004b8b0                snvs_srtc_set_counter
                0x1004b908                snvs_srtc_set_alarm_timeout
                0x1004b944                snvs_init
                0x1004b954                snvs_deinit
 .text          0x1004b964     0x15e4 /home/leon/git/swp-report/iMX6_Platform_SDK/output/mx6dq/lib/libsdk.a(ecspi.o)
                0x1004c014                ecspi_configure
                0x1004cb1c                ecspi_open
                0x1004cbec                ecspi_close
                0x1004cd28                ecspi_xfer
 .text          0x1004cf48      0x4e8 /home/leon/git/swp-report/iMX6_Platform_SDK/output/mx6dq/lib/libsdk.a(tempmon.o)
                0x1004cf48                compute_temp
                0x1004cff8                compute_alarm
                0x1004d0f4                tempmon_init
                0x1004d1bc                tempmon_get_temp
                0x1004d29c                tempmon_set_alarm
                0x1004d3c4                tempmon_disable_alarm
 .text          0x1004d430      0x528 /home/leon/git/swp-report/iMX6_Platform_SDK/output/mx6dq/lib/libsdk.a(gpt.o)
                0x1004d450                gpt_get_rollover_event
                0x1004d49c                gpt_get_capture_event
                0x1004d54c                gpt_set_capture_event
                0x1004d5d4                gpt_get_compare_event
                0x1004d63c                gpt_set_compare_event
                0x1004d744                gpt_counter_disable
                0x1004d77c                gpt_counter_enable
                0x1004d7c4                gpt_setup_interrupt
                0x1004d828                gpt_init
 .text          0x1004d958      0x3a8 /home/leon/git/swp-report/iMX6_Platform_SDK/output/mx6dq/lib/libsdk.a(usb_common.o)
                0x1004d958                usb_get_port_speed
                0x1004daf4                swap32
                0x1004db70                get_menu_item
 .text          0x1004dd00     0x2ac4 /home/leon/git/swp-report/iMX6_Platform_SDK/output/mx6dq/lib/libsdk.a(usbd_drv.o)