Archive member included because of file (symbol)

/home/leon/git/swp-report/iMX6_Platform_SDK/output/mx6sdl/lib/libsdk.a(ccm_pll.o)
                              /home/leon/git/swp-report/iMX6_Platform_SDK/output/mx6sdl/gpu_demo/sabre_ai_rev_c/obj/apps/common/platform_init.o (ccm_init)
/home/leon/git/swp-report/iMX6_Platform_SDK/output/mx6sdl/lib/libsdk.a(cortexA9.o)
                              /home/leon/git/swp-report/iMX6_Platform_SDK/output/mx6sdl/gpu_demo/sabre_ai_rev_c/obj/apps/common/platform_init.o (arm_set_interrupt_state)
/home/leon/git/swp-report/iMX6_Platform_SDK/output/mx6sdl/lib/libsdk.a(gic.o)
                              /home/leon/git/swp-report/iMX6_Platform_SDK/output/mx6sdl/gpu_demo/sabre_ai_rev_c/obj/apps/common/platform_init.o (gic_init)
/home/leon/git/swp-report/iMX6_Platform_SDK/output/mx6sdl/lib/libsdk.a(mmu.o)
                              /home/leon/git/swp-report/iMX6_Platform_SDK/output/mx6sdl/gpu_demo/sabre_ai_rev_c/obj/apps/common/platform_init.o (mmu_init)
/home/leon/git/swp-report/iMX6_Platform_SDK/output/mx6sdl/lib/libsdk.a(startup.o)
                              (_start)
/home/leon/git/swp-report/iMX6_Platform_SDK/output/mx6sdl/lib/libsdk.a(vectors.o)
                              /home/leon/git/swp-report/iMX6_Platform_SDK/output/mx6sdl/lib/libsdk.a(startup.o) (vectors)
/home/leon/git/swp-report/iMX6_Platform_SDK/output/mx6sdl/lib/libsdk.a(sdk_version.o)
                              /home/leon/git/swp-report/iMX6_Platform_SDK/output/mx6sdl/gpu_demo/sabre_ai_rev_c/obj/apps/common/print_version.o (k_sdk_version)
/home/leon/git/swp-report/iMX6_Platform_SDK/output/mx6sdl/lib/libsdk.a(system_util.o)
                              /home/leon/git/swp-report/iMX6_Platform_SDK/output/mx6sdl/lib/libsdk.a(startup.o) (_sys_exit)
/home/leon/git/swp-report/iMX6_Platform_SDK/output/mx6sdl/lib/libsdk.a(text_color.o)
                              /home/leon/git/swp-report/iMX6_Platform_SDK/output/mx6sdl/lib/libsdk.a(system_util.o) (g_TextAttributeBold)
/home/leon/git/swp-report/iMX6_Platform_SDK/output/mx6sdl/lib/libsdk.a(board_id.o)
                              /home/leon/git/swp-report/iMX6_Platform_SDK/output/mx6sdl/gpu_demo/sabre_ai_rev_c/obj/apps/common/print_version.o (chip_name)
/home/leon/git/swp-report/iMX6_Platform_SDK/output/mx6sdl/lib/libsdk.a(ips_disp_panel.o)
                              /home/leon/git/swp-report/iMX6_Platform_SDK/output/mx6sdl/gpu_demo/sabre_ai_rev_c/obj/apps/gpu_demo/src/gpu_test.o (search_panel)
/home/leon/git/swp-report/iMX6_Platform_SDK/output/mx6sdl/lib/libsdk.a(ipu_common.o)
                              /home/leon/git/swp-report/iMX6_Platform_SDK/output/mx6sdl/gpu_demo/sabre_ai_rev_c/obj/apps/gpu_demo/src/gpu_test.o (ipu_enable_display)
/home/leon/git/swp-report/iMX6_Platform_SDK/output/mx6sdl/lib/libsdk.a(ipu_csi.o)
                              /home/leon/git/swp-report/iMX6_Platform_SDK/output/mx6sdl/lib/libsdk.a(ipu_common.o) (ipu_csi_config)
/home/leon/git/swp-report/iMX6_Platform_SDK/output/mx6sdl/lib/libsdk.a(ipu_dc.o)
                              /home/leon/git/swp-report/iMX6_Platform_SDK/output/mx6sdl/lib/libsdk.a(ipu_common.o) (ipu_dc_config)
/home/leon/git/swp-report/iMX6_Platform_SDK/output/mx6sdl/lib/libsdk.a(ipu_di.o)
                              /home/leon/git/swp-report/iMX6_Platform_SDK/output/mx6sdl/lib/libsdk.a(ipu_common.o) (ipu_di_config)
/home/leon/git/swp-report/iMX6_Platform_SDK/output/mx6sdl/lib/libsdk.a(ipu_dmfc.o)
                              /home/leon/git/swp-report/iMX6_Platform_SDK/output/mx6sdl/lib/libsdk.a(ipu_common.o) (ipu_dmfc_config)
/home/leon/git/swp-report/iMX6_Platform_SDK/output/mx6sdl/lib/libsdk.a(ipu_dp.o)
                              /home/leon/git/swp-report/iMX6_Platform_SDK/output/mx6sdl/lib/libsdk.a(ipu_common.o) (ipu_dp_config)
/home/leon/git/swp-report/iMX6_Platform_SDK/output/mx6sdl/lib/libsdk.a(ipu_idmac.o)
                              /home/leon/git/swp-report/iMX6_Platform_SDK/output/mx6sdl/lib/libsdk.a(ipu_common.o) (ipu_cpmem_set_field)
/home/leon/git/swp-report/iMX6_Platform_SDK/output/mx6sdl/lib/libsdk.a(ipu_vdi.o)
                              /home/leon/git/swp-report/iMX6_Platform_SDK/output/mx6sdl/lib/libsdk.a(ipu_common.o) (ips_deinterlace_proc)
/home/leon/git/swp-report/iMX6_Platform_SDK/output/mx6sdl/lib/libsdk.a(ldb.o)
                              /home/leon/git/swp-report/iMX6_Platform_SDK/output/mx6sdl/lib/libsdk.a(ips_disp_panel.o) (ldb_config)
/home/leon/git/swp-report/iMX6_Platform_SDK/output/mx6sdl/lib/libsdk.a(timer.o)
                              /home/leon/git/swp-report/iMX6_Platform_SDK/output/mx6sdl/lib/libsdk.a(ipu_common.o) (hal_delay_us)
/home/leon/git/swp-report/iMX6_Platform_SDK/output/mx6sdl/lib/libsdk.a(imx_uart.o)
                              /home/leon/git/swp-report/iMX6_Platform_SDK/output/mx6sdl/gpu_demo/sabre_ai_rev_c/obj/apps/common/platform_init.o (uart_getchar)
[...]
Memory Configuration

Name             Origin             Length             Attributes
OCRAM            0x0000000000900000 0x0000000000020000 xrw
DDR              0x0000000010000000 0x0000000080000000 xrw
*default*        0x0000000000000000 0xffffffffffffffff

Linker script and memory map

LOAD /home/src/arm/target/bin/../lib/gcc/arm-none-eabi/4.8.2//crtbegin.o
LOAD /home/src/arm/target/bin/../lib/gcc/arm-none-eabi/4.8.2//crti.o
LOAD /home/src/arm/target/bin/../lib/gcc/arm-none-eabi/4.8.2//crtend.o
LOAD /home/src/arm/target/bin/../lib/gcc/arm-none-eabi/4.8.2//crtn.o

.l1_page_table  0x0000000000900000     0x4000
                0x0000000000900000                __l1_page_table_start = .
                0x0000000000904000                . = (. + 0x4000)
 *fill*         0x0000000000900000     0x4000 

.heap.ocram     0x0000000000904000    0x1bfb8
                0x0000000000904000                __heap_ocram_start = .
                0x000000000091ffb8                . = (. + 0x1bfb8)
 *fill*         0x0000000000904000    0x1bfb8 
                0x000000000091ffb8                __heap_ocram_end = .

.ram_vectors    0x000000000091ffb8       0x48
                0x000000000091ffb8                __ram_vectors_start = .
                0x0000000000920000                . = (. + 0x48)
 *fill*         0x000000000091ffb8       0x48 
                0x0000000000920000                __ram_vectors_end = .
                0x0000000010000000                _start_image_add = ORIGIN (DDR)

.ivt            0x0000000010000000      0x420
                0x0000000010000400                . = (. + 0x400)
 *fill*         0x0000000010000000      0x400 
 *(.ivt)
 .ivt           0x0000000010000400       0x20 /home/leon/git/swp-report/iMX6_Platform_SDK/output/mx6sdl/gpu_demo/sabre_ai_rev_c/obj/apps/common/ivt.o
                0x0000000010000400                input_ivt

.boot_data      0x0000000010000420        0xc
                0x0000000010000420                __start_boot_data = .
 *(.boot_data)
 .boot_data     0x0000000010000420        0xc /home/leon/git/swp-report/iMX6_Platform_SDK/output/mx6sdl/gpu_demo/sabre_ai_rev_c/obj/apps/common/ivt.o
                0x0000000010000420                bd

.dcd_hdr        0x0000000010000430        0x4
                0x0000000010000430                __start_dcd = .
 *(.dcd_hdr)
 .dcd_hdr       0x0000000010000430        0x4 /home/leon/git/swp-report/iMX6_Platform_SDK/output/mx6sdl/lib/libboard_sabre_ai_rev_c.a(dcd.o)
                0x0000000010000430                input_dcd_hdr

.dcd_wrt_cmd    0x0000000010000434        0x4
 *(.dcd_wrt_cmd)
 .dcd_wrt_cmd   0x0000000010000434        0x4 /home/leon/git/swp-report/iMX6_Platform_SDK/output/mx6sdl/lib/libboard_sabre_ai_rev_c.a(dcd.o)
                0x0000000010000434                input_dcd_wrt_cmd

.dcd_data       0x0000000010000438      0x298
 *(.dcd_data)
 .dcd_data      0x0000000010000438      0x298 /home/leon/git/swp-report/iMX6_Platform_SDK/output/mx6sdl/lib/libboard_sabre_ai_rev_c.a(dcd.o)
                0x0000000010000438                input_dcd

.text           0x00000000100006d0    0x8db28
 CREATE_OBJECT_SYMBOLS
 *(.startup)
 .startup       0x00000000100006d0      0x138 /home/leon/git/swp-report/iMX6_Platform_SDK/output/mx6sdl/lib/libsdk.a(startup.o)
                0x00000000100006d0                _start
 *(.text .text.* .gnu.linkonce.t.*)
 .text          0x0000000010000808      0x128 /home/src/arm/target/bin/../lib/gcc/arm-none-eabi/4.8.2//crtbegin.o
 .text          0x0000000010000930        0x0 /home/src/arm/target/bin/../lib/gcc/arm-none-eabi/4.8.2//crti.o
 .text          0x0000000010000930        0x0 /home/src/arm/target/bin/../lib/gcc/arm-none-eabi/4.8.2//crtend.o
 .text          0x0000000010000930        0x0 /home/src/arm/target/bin/../lib/gcc/arm-none-eabi/4.8.2//crtn.o
 .text          0x0000000010000930    0x614a0 /home/leon/git/swp-report/iMX6_Platform_SDK/apps/gpu_demo/src/rotate_texture.o
                0x0000000010000930                rotateTexture
 .text          0x0000000010061dd0     0x2f70 /home/leon/git/swp-report/iMX6_Platform_SDK/apps/gpu_demo/src/texture.o
                0x0000000010061f04                runTexture
 .text          0x0000000010064d40        0x0 /home/leon/git/swp-report/iMX6_Platform_SDK/output/mx6sdl/gpu_demo/sabre_ai_rev_c/obj/apps/common/ivt.o
 .text          0x0000000010064d40       0x98 /home/leon/git/swp-report/iMX6_Platform_SDK/output/mx6sdl/gpu_demo/sabre_ai_rev_c/obj/apps/common/platform_init.o
                0x0000000010064d40                platform_init
 .text          0x0000000010064dd8       0xfc /home/leon/git/swp-report/iMX6_Platform_SDK/output/mx6sdl/gpu_demo/sabre_ai_rev_c/obj/apps/common/print_clock_info.o
                0x0000000010064dd8                show_freq
                0x0000000010064ec4                show_ddr_config
 .text          0x0000000010064ed4      0x15c /home/leon/git/swp-report/iMX6_Platform_SDK/output/mx6sdl/gpu_demo/sabre_ai_rev_c/obj/apps/common/print_version.o
                0x0000000010064ed4                print_version
 .text          0x0000000010065030      0x410 /home/leon/git/swp-report/iMX6_Platform_SDK/output/mx6sdl/gpu_demo/sabre_ai_rev_c/obj/apps/gpu_demo/src/gpu_test.o
                0x0000000010065030                main
                0x0000000010065054                gpu_test
 .text          0x0000000010065440     0x29e0 /home/leon/git/swp-report/iMX6_Platform_SDK/output/mx6sdl/gpu_demo/sabre_ai_rev_c/obj/apps/gpu_demo/src/sdk_gpu_utilities.o
                0x0000000010065440                ReadReg
                0x0000000010065470                WriteReg
                0x00000000100654a4                WriteDebugReg
                0x00000000100654d4                Poke
                0x0000000010065500                ReadMem
                0x0000000010065528                clearTWOD
                0x0000000010065ab8                clearTWODMSAA
                0x0000000010066048                clearFrameBuffer
                0x00000000100661d0                clearFrameBufferMSAA
                0x0000000010066350                clearBuffers
                0x0000000010066540                fastClear
                0x0000000010066d14                fastClearMSAA
                0x0000000010067348                disableFastClear
                0x00000000100673d8                start
                0x0000000010067528                DoResolve
                0x0000000010067c9c                CallResolve
 .text          0x0000000010067e20      0xc50 /home/leon/git/swp-report/iMX6_Platform_SDK/output/mx6sdl/lib/libsdk.a(ccm_pll.o)
                0x0000000010067e20                ccm_init
                0x0000000010067f44                get_main_clock
                0x00000000100681d0                get_peri_clock
                0x0000000010068370                ccm_ccgr_config
                0x00000000100683d8                clock_gating_config
                0x0000000010068810                ccm_set_lpm_wakeup_source
                0x0000000010068904                ccm_enter_low_power
                0x0000000010068974                ipu_hsp_clk_config
                0x0000000010068994                gpu_clock_config
 .text          0x0000000010068a70      0x164 /home/leon/git/swp-report/iMX6_Platform_SDK/output/mx6sdl/lib/libsdk.a(cortexA9.o)
                0x0000000010068a70                arm_set_interrupt_state
                0x0000000010068a94                cpu_get_current
                0x0000000010068aa0                enable_neon_fpu
                0x0000000010068abc                disable_strict_align_check
                0x0000000010068ad0                disable_L1_cache
                0x0000000010068af0                get_arm_private_peripheral_base
                0x0000000010068af8                arm_unified_tlb_invalidate
                0x0000000010068b08                arm_unified_tlb_invalidate_is
                0x0000000010068b18                arm_branch_prediction_enable
                0x0000000010068b28                arm_branch_prediction_disable
                0x0000000010068b38                arm_branch_target_cache_invalidate
                0x0000000010068b44                arm_branch_target_cache_invalidate_is
                0x0000000010068b50                scu_enable
                0x0000000010068b64                scu_join_smp
                0x0000000010068b74                scu_leave_smp
                0x0000000010068b84                scu_get_cpus_in_smp
                0x0000000010068b98                scu_enable_maintenance_broadcast
                0x0000000010068ba8                scu_disable_maintenance_broadcast
                0x0000000010068bb8                scu_secure_invalidate
 .text          0x0000000010068bd4      0x5e0 /home/leon/git/swp-report/iMX6_Platform_SDK/output/mx6sdl/lib/libsdk.a(gic.o)
                0x0000000010068cb8                gic_enable
                0x0000000010068d18                gic_set_irq_security
                0x0000000010068dc0                gic_enable_irq
                0x0000000010068e3c                gic_set_irq_priority
                0x0000000010068e84                gic_set_cpu_target
                0x0000000010068f90                gic_send_sgi
                0x0000000010068fe4                gic_cpu_enable
                0x0000000010069044                gic_set_cpu_priority_mask
                0x0000000010069078                gic_read_irq_ack
                0x00000000100690a4                gic_write_end_of_irq
                0x00000000100690d4                gic_init
                0x0000000010069178                gic_init_cpu
 .text          0x00000000100691b4      0x458 /home/leon/git/swp-report/iMX6_Platform_SDK/output/mx6sdl/lib/libsdk.a(mmu.o)
                0x00000000100691b4                mmu_enable
                0x00000000100691ec                mmu_disable
                0x0000000010069220                mmu_init
                0x000000001006933c                mmu_map_l1_range
                0x0000000010069550                mmu_virtual_to_physical
 .text          0x000000001006960c        0x0 /home/leon/git/swp-report/iMX6_Platform_SDK/output/mx6sdl/lib/libsdk.a(startup.o)
 .text          0x000000001006960c        0x4 /home/leon/git/swp-report/iMX6_Platform_SDK/output/mx6sdl/lib/libsdk.a(vectors.o)
                0x000000001006960c                exception_handler
 .text.vectors  0x0000000010069610       0x48 /home/leon/git/swp-report/iMX6_Platform_SDK/output/mx6sdl/lib/libsdk.a(vectors.o)
                0x0000000010069610                vectors
 .text          0x0000000010069658        0x0 /home/leon/git/swp-report/iMX6_Platform_SDK/output/mx6sdl/lib/libsdk.a(sdk_version.o)
 .text          0x0000000010069658      0x8fc /home/leon/git/swp-report/iMX6_Platform_SDK/output/mx6sdl/lib/libsdk.a(system_util.o)
                0x0000000010069658                _sys_exit
                0x0000000010069674                mybkpt
                0x000000001006967c                is_input_char
                0x00000000100697fc                read_input_string
                0x0000000010069adc                get_input_hex
                0x0000000010069d54                read_int
                0x0000000010069eb0                jump_to_sdp
 .text          0x0000000010069f54       0xdc /home/leon/git/swp-report/iMX6_Platform_SDK/output/mx6sdl/lib/libsdk.a(text_color.o)
                0x0000000010069f54                printf_color
                0x0000000010069fec                get_color_supported
 .text          0x000000001006a030      0x7c8 /home/leon/git/swp-report/iMX6_Platform_SDK/output/mx6sdl/lib/libsdk.a(board_id.o)
                0x000000001006a030                chip_name
                0x000000001006a148                chip_revision
                0x000000001006a220                board_name
                0x000000001006a328                board_revision
                0x000000001006a3f0                board_description
                0x000000001006a510                get_board_id
                0x000000001006a5ec                show_board_id
 .text          0x000000001006a7f8      0x470 /home/leon/git/swp-report/iMX6_Platform_SDK/output/mx6sdl/lib/libsdk.a(ips_disp_panel.o)
                0x000000001006aa8c                search_panel
                0x000000001006ab48                list_panel
                0x000000001006abe0                get_panel_by_id
 .text          0x000000001006ac68      0xf8c /home/leon/git/swp-report/iMX6_Platform_SDK/output/mx6sdl/lib/libsdk.a(ipu_common.o)
                0x000000001006ac68                need_csc
                0x000000001006acd0                ipu_write_field
                0x000000001006ad74                ipu_read
                0x000000001006adcc                ipu_write
                0x000000001006ae20                ipu_enable_display
                0x000000001006ae8c                ipu_disable_display
                0x000000001006af0c                ipu_sw_reset
                0x000000001006afec                ipu_display_setup
                0x000000001006b160                ipu_dual_display_setup
                0x000000001006b264                ipu_capture_setup
                0x000000001006b6a8                ipu_capture_streamoff
                0x000000001006b778                ipu_mipi_csi2_setup
                0x000000001006b970                ipu1_ch0_eobnd_isr
                0x000000001006bb4c                ipu_ch0_eobnd_interrupt_register
 .text          0x000000001006bbf4      0xcb8 /home/leon/git/swp-report/iMX6_Platform_SDK/output/mx6sdl/lib/libsdk.a(ipu_csi.o)
                0x000000001006bbf4                ipu_csi_config
                0x000000001006c238                ipu_smfc_fifo_allocate
                0x000000001006c394                ipu_capture_disp_link
                0x000000001006c4c0                ipu_disable_csi
                0x000000001006c52c                ipu_disable_smfc
                0x000000001006c560                ipu_csi_test_mode_color
 .text          0x000000001006c8ac     0x1bdc /home/leon/git/swp-report/iMX6_Platform_SDK/output/mx6sdl/lib/libsdk.a(ipu_dc.o)
                0x000000001006c8ac                ipu_dc_config
                0x000000001006cb9c                ipu_dc_write_channel_config
                0x000000001006ce54                ipu_dc_display_config
                0x000000001006cfe8                ipu_dc_map
                0x000000001006d37c                ipu_dc_microcode_config
                0x000000001006e128                ipu_dc_microcode_event
 .text          0x000000001006e488      0xfe4 /home/leon/git/swp-report/iMX6_Platform_SDK/output/mx6sdl/lib/libsdk.a(ipu_di.o)
                0x000000001006e488                ipu_di_config
                0x000000001006eac4                ipu_di_waveform_config
                0x000000001006eb8c                ipu_di_screen_set
                0x000000001006ec20                ipu_di_pointer_config
                0x000000001006ed70                ipu_di_bsclk_gen
                0x000000001006eea8                ipu_di_sync_config
                0x000000001006f1b0                ipu_di_interface_set
 .text          0x000000001006f46c      0x3e0 /home/leon/git/swp-report/iMX6_Platform_SDK/output/mx6sdl/lib/libsdk.a(ipu_dmfc.o)
                0x000000001006f46c                ipu_dmfc_config
                0x000000001006f700                ipu_dmfc_alloc
 .text          0x000000001006f84c      0x554 /home/leon/git/swp-report/iMX6_Platform_SDK/output/mx6sdl/lib/libsdk.a(ipu_dp.o)
                0x000000001006f84c                ipu_dp_config
                0x000000001006f8a0                ipu_dp_csc_config
                0x000000001006fbfc                ipu_dp_fg_config
 .text          0x000000001006fda0     0x2828 /home/leon/git/swp-report/iMX6_Platform_SDK/output/mx6sdl/lib/libsdk.a(ipu_idmac.o)
                0x000000001006fda0                ipu_cpmem_set_field
                0x000000001006fecc                ipu_cpmem_mod_field
                0x0000000010070058                ipu_cpmem_read_field
                0x00000000100701b4                ipu_channel_buf_ready
                0x000000001007032c                ipu_channel_buf_not_ready
                0x00000000100704a4                ipu_idmac_channel_mode_sel
                0x000000001007052c                ipu_idmac_channel_enable
                0x00000000100705b4                ipu_idmac_channel_busy
                0x0000000010070660                ipu_general_idmac_config
                0x0000000010070b44                ipu_disp_bg_idmac_config
                0x0000000010070c2c                ipu_disp_fg_idmac_config
                0x0000000010070d14                ipu_dma_update_buffer
                0x0000000010070e08                ipu_idmac_chan_cur_buff
                0x0000000010070e9c                ipu_rotate_idmac_config
                0x0000000010070fd0                ipu_resize_idmac_config
                0x000000001007110c                ipu_deinterlace_idmac_config
                0x0000000010071260                ipu_idma_pixel_format_config
 .text          0x00000000100725c8      0x590 /home/leon/git/swp-report/iMX6_Platform_SDK/output/mx6sdl/lib/libsdk.a(ipu_vdi.o)
                0x00000000100725c8                ipu_deinterlace_3_fields
                0x0000000010072618                ipu_vdi_set_top_field_man
                0x000000001007268c                ipu_vdi_set_motion
                0x000000001007278c                ipu_vdi_init
                0x00000000100728d0                ipu_vdi_uninit
                0x0000000010072918                ips_deinterlace_proc
 .text          0x0000000010072b58      0x4b4 /home/leon/git/swp-report/iMX6_Platform_SDK/output/mx6sdl/lib/libsdk.a(ldb.o)
                0x0000000010072d30                ldb_config
                0x0000000010072f68                ldb_set_vs_polarity
 .text          0x000000001007300c      0x27c /home/leon/git/swp-report/iMX6_Platform_SDK/output/mx6sdl/lib/libsdk.a(timer.o)
                0x000000001007300c                hal_delay_us
                0x0000000010073078                system_time_init
                0x00000000100731d4                time_get_microseconds
 .text          0x0000000010073288     0x281c /home/leon/git/swp-report/iMX6_Platform_SDK/output/mx6sdl/lib/libsdk.a(imx_uart.o)
                0x0000000010073288                uart_get_reffreq
                0x0000000010073384                uart_putchar
                0x00000000100734d4                uart_getchar
                0x0000000010073634                uart_set_FIFO_mode
                0x000000001007415c                uart_set_loopback_mode
                0x00000000100743b0                uart_setup_interrupt
                0x000000001007447c                uart_init
 .text          0x0000000010075aa4       0x98 /home/leon/git/swp-report/iMX6_Platform_SDK/output/mx6sdl/lib/libsdk.a(arm_abort.o)
                0x0000000010075aa4                common_abort_handler
                0x0000000010075b04                data_abort_handler
                0x0000000010075b1c                prefetch_abort_handler
 .text          0x0000000010075b3c      0x1b8 /home/leon/git/swp-report/iMX6_Platform_SDK/output/mx6sdl/lib/libsdk.a(interrupt.o)
                0x0000000010075b3c                IRQ_HDLR
                0x0000000010075c00                disable_interrupt
                0x0000000010075c3c                enable_interrupt
                0x0000000010075c94                register_interrupt_routine
                0x0000000010075cc8                default_interrupt_routine
 .text          0x0000000010075cf4     0x1638 /home/leon/git/swp-report/iMX6_Platform_SDK/output/mx6sdl/lib/libsdk.a(ipu_ic.o)
                0x0000000010075cf4                ipu_ic_enable
                0x0000000010075d40                ipu_ic_rotation_config
                0x0000000010075f4c                ipu_ic_resize_config
                0x00000000100764a0                ipu_ic_deinterlace_config
                0x000000001007667c                ipu_ic_calc_resize_coeffs
                0x0000000010076790                ipu_ic_config_resize_rate
                0x00000000100768b8                ipu_ic_combine_config
                0x0000000010076a74                ipu_ic_csc_config
                0x0000000010077124                ipu_ic_task_enable
 .text          0x000000001007732c      0x8dc /home/leon/git/swp-report/iMX6_Platform_SDK/output/mx6sdl/lib/libsdk.a(epit.o)
                0x000000001007732c                epit_reload_counter
                0x000000001007738c                epit_get_counter_value
                0x00000000100773e8                epit_set_compare_event
                0x0000000010077448                epit_get_compare_event
                0x0000000010077540                epit_counter_disable
                0x0000000010077704                epit_counter_enable
                0x0000000010077960                epit_setup_interrupt
                0x00000000100779f0                epit_init
 .text          0x0000000010077c08      0x4bc /home/leon/git/swp-report/iMX6_Platform_SDK/output/mx6sdl/lib/libsdk.a(abort_handler.o)
                0x0000000010077c08                dump_regs
 .text          0x00000000100780c4      0x354 /home/leon/git/swp-report/iMX6_Platform_SDK/output/mx6sdl/lib/libboard_sabre_ai_rev_c.a(board_display.o)
                0x00000000100780c4                lvds_power_on
                0x0000000010078114                disable_para_panel
                0x0000000010078164                tftlcd_backlight_en
                0x0000000010078224                tftlcd_reset
                0x0000000010078250                ldb_clock_config
                0x000000001007834c                epdc_clock_setting
                0x00000000100783c8                epdc_power_supply
 .text          0x0000000010078418      0x200 /home/leon/git/swp-report/iMX6_Platform_SDK/output/mx6sdl/lib/libboard_sabre_ai_rev_c.a(board_hdmi.o)
                0x0000000010078418                hdmi_tx_cec_pgm_iomux
                0x000000001007845c                hdmi_tx_ddc_pgm_iomux
                0x00000000100784d4                hdmi_tx_phydtb_pgm_iomux
                0x0000000010078524                hdmi_pgm_iomux
                0x0000000010078544                ext_hdmi_transmitter_power_on
                0x0000000010078554                hdmi_clock_set
 .text          0x0000000010078618      0x12c /home/leon/git/swp-report/iMX6_Platform_SDK/output/mx6sdl/lib/libboard_sabre_ai_rev_c.a(board_io_expanders.o)
                0x0000000010078618                board_ioexpander_init
                0x0000000010078710                board_ioexpander_iomux_config
 .text          0x0000000010078744      0x144 /home/leon/git/swp-report/iMX6_Platform_SDK/output/mx6sdl/lib/libboard_sabre_ai_rev_c.a(board_mipi.o)
                0x0000000010078744                mipi_cam_power_on
                0x0000000010078790                mipi_backlight_en
                0x00000000100787a0                mipi_display_reset
                0x00000000100787b0                mipi_clock_set
                0x00000000100787e0                mipi_csi2_clock_set
 .text          0x0000000010078888        0x0 /home/leon/git/swp-report/iMX6_Platform_SDK/output/mx6sdl/lib/libboard_sabre_ai_rev_c.a(hardware_modules.o)
 .text          0x0000000010078888        0x0 /home/leon/git/swp-report/iMX6_Platform_SDK/output/mx6sdl/lib/libboard_sabre_ai_rev_c.a(dcd.o)
 .text          0x0000000010078888       0x78 /home/leon/git/swp-report/iMX6_Platform_SDK/output/mx6sdl/lib/libboard_sabre_ai_rev_c.a(i2c3_iomux_config.o)
                0x0000000010078888                i2c3_iomux_config
 .text          0x0000000010078900      0x2c4 /home/leon/git/swp-report/iMX6_Platform_SDK/output/mx6sdl/lib/libboard_sabre_ai_rev_c.a(iomux_config.o)
                0x0000000010078900                iomux_config
                0x0000000010078984                arm_iomux_config
                0x0000000010078994                asrc_iomux_config
                0x00000000100789a4                dcic1_iomux_config
                0x00000000100789b4                dcic2_iomux_config
                0x00000000100789c4                ecspi2_iomux_config
                0x00000000100789d4                ecspi3_iomux_config
                0x00000000100789e4                ecspi4_iomux_config
                0x00000000100789f4                epdc_iomux_config
                0x0000000010078a04                epit1_iomux_config
                0x0000000010078a14                epit2_iomux_config
                0x0000000010078a24                gpio3_iomux_config
                0x0000000010078a34                gpio7_iomux_config
                0x0000000010078a44                gpt_iomux_config
                0x0000000010078a54                hdmi_iomux_config
                0x0000000010078a64                i2c1_iomux_config
                0x0000000010078a74                i2c4_iomux_config
                0x0000000010078a84                kpp_iomux_config
                0x0000000010078a94                lcd_iomux_config
                0x0000000010078aa4                ldb_iomux_config
                0x0000000010078ab4                mipi_csi_iomux_config
                0x0000000010078ac4                mipi_dsi_iomux_config
                0x0000000010078ad4                mipi_hsi_iomux_config
                0x0000000010078ae4                pcie_iomux_config
                0x0000000010078af4                pmu_iomux_config
                0x0000000010078b04                pwm1_iomux_config
                0x0000000010078b14                pwm2_iomux_config
                0x0000000010078b24                sdma_iomux_config
                0x0000000010078b34                snvs_iomux_config
                0x0000000010078b44                src_iomux_config
                0x0000000010078b54                uart1_iomux_config
                0x0000000010078b64                uart5_iomux_config
                0x0000000010078b74                usb_iomux_config
                0x0000000010078b84                usdhc2_iomux_config
                0x0000000010078b94                usdhc4_iomux_config
                0x0000000010078ba4                wdog2_iomux_config
                0x0000000010078bb4                xtalosc_iomux_config
 .text          0x0000000010078bc4      0x5f8 /home/leon/git/swp-report/iMX6_Platform_SDK/output/mx6sdl/lib/libboard_sabre_ai_rev_c.a(ipu1_iomux_config.o)
                0x0000000010078bc4                ipu1_iomux_config
 .text          0x00000000100791bc       0xac /home/leon/git/swp-report/iMX6_Platform_SDK/output/mx6sdl/lib/libboard_sabre_ai_rev_c.a(mlb_iomux_config.o)
                0x00000000100791bc                mlb_iomux_config
 .text          0x0000000010079268     0x2484 /home/leon/git/swp-report/iMX6_Platform_SDK/output/mx6sdl/lib/libboard_sabre_ai_rev_c.a(mmdc_iomux_config.o)
                0x0000000010079268                mmdc_iomux_config
 .text          0x000000001007b6ec       0x34 /home/leon/git/swp-report/iMX6_Platform_SDK/output/mx6sdl/lib/libboard_sabre_ai_rev_c.a(pwm3_iomux_config.o)
                0x000000001007b6ec                pwm3_iomux_config
 .text          0x000000001007b720       0x34 /home/leon/git/swp-report/iMX6_Platform_SDK/output/mx6sdl/lib/libboard_sabre_ai_rev_c.a(pwm4_iomux_config.o)
                0x000000001007b720                pwm4_iomux_config
 .text          0x000000001007b754       0x70 /home/leon/git/swp-report/iMX6_Platform_SDK/output/mx6sdl/lib/libboard_sabre_ai_rev_c.a(sjc_iomux_config.o)
                0x000000001007b754                sjc_iomux_config
 .text          0x000000001007b7c4       0x40 /home/leon/git/swp-report/iMX6_Platform_SDK/output/mx6sdl/lib/libboard_sabre_ai_rev_c.a(spdif_iomux_config.o)
                0x000000001007b7c4                spdif_iomux_config
 .text          0x000000001007b804       0xe0 /home/leon/git/swp-report/iMX6_Platform_SDK/output/mx6sdl/lib/libboard_sabre_ai_rev_c.a(uart2_iomux_config.o)
                0x000000001007b804                uart2_iomux_config
 .text          0x000000001007b8e4       0xe0 /home/leon/git/swp-report/iMX6_Platform_SDK/output/mx6sdl/lib/libboard_sabre_ai_rev_c.a(uart3_iomux_config.o)
                0x000000001007b8e4                uart3_iomux_config
 .text          0x000000001007b9c4       0x78 /home/leon/git/swp-report/iMX6_Platform_SDK/output/mx6sdl/lib/libboard_sabre_ai_rev_c.a(uart4_iomux_config.o)
                0x000000001007b9c4                uart4_iomux_config
 .text          0x000000001007ba3c       0x8c /home/leon/git/swp-report/iMX6_Platform_SDK/output/mx6sdl/lib/libboard_sabre_ai_rev_c.a(uart_iomux_config.o)
                0x000000001007ba3c                uart_iomux_config
 .text          0x000000001007bac8      0x1ac /home/leon/git/swp-report/iMX6_Platform_SDK/output/mx6sdl/lib/libboard_sabre_ai_rev_c.a(usdhc1_iomux_config.o)
                0x000000001007bac8                usdhc1_iomux_config
 .text          0x000000001007bc74      0x1d0 /home/leon/git/swp-report/iMX6_Platform_SDK/output/mx6sdl/lib/libboard_sabre_ai_rev_c.a(usdhc3_iomux_config.o)
                0x000000001007bc74                usdhc3_iomux_config
 .text          0x000000001007be44       0x34 /home/leon/git/swp-report/iMX6_Platform_SDK/output/mx6sdl/lib/libboard_sabre_ai_rev_c.a(wdog1_iomux_config.o)
                0x000000001007be44                wdog1_iomux_config
 .text          0x000000001007be78      0x13c /home/leon/git/swp-report/iMX6_Platform_SDK/output/mx6sdl/lib/libboard_sabre_ai_rev_c.a(audmux_iomux_config.o)
                0x000000001007be78                audmux_iomux_config
 .text          0x000000001007bfb4       0x34 /home/leon/git/swp-report/iMX6_Platform_SDK/output/mx6sdl/lib/libboard_sabre_ai_rev_c.a(ccm_iomux_config.o)
                0x000000001007bfb4                ccm_iomux_config
 .text          0x000000001007bfe8      0x104 /home/leon/git/swp-report/iMX6_Platform_SDK/output/mx6sdl/lib/libboard_sabre_ai_rev_c.a(ecspi1_iomux_config.o)
                0x000000001007bfe8                ecspi1_iomux_config
 .text          0x000000001007c0ec      0x5d0 /home/leon/git/swp-report/iMX6_Platform_SDK/output/mx6sdl/lib/libboard_sabre_ai_rev_c.a(eim_iomux_config.o)
                0x000000001007c0ec                eim_iomux_config
 .text          0x000000001007c6bc      0x3bc /home/leon/git/swp-report/iMX6_Platform_SDK/output/mx6sdl/lib/libboard_sabre_ai_rev_c.a(enet_iomux_config.o)
                0x000000001007c6bc                enet_iomux_config
 .text          0x000000001007ca78      0x218 /home/leon/git/swp-report/iMX6_Platform_SDK/output/mx6sdl/lib/libboard_sabre_ai_rev_c.a(esai_iomux_config.o)
                0x000000001007ca78                esai_iomux_config
 .text          0x000000001007cc90       0x68 /home/leon/git/swp-report/iMX6_Platform_SDK/output/mx6sdl/lib/libboard_sabre_ai_rev_c.a(flexcan1_iomux_config.o)
                0x000000001007cc90                flexcan1_iomux_config
 .text          0x000000001007ccf8       0x68 /home/leon/git/swp-report/iMX6_Platform_SDK/output/mx6sdl/lib/libboard_sabre_ai_rev_c.a(flexcan2_iomux_config.o)
                0x000000001007ccf8                flexcan2_iomux_config
 .text          0x000000001007cd60      0x130 /home/leon/git/swp-report/iMX6_Platform_SDK/output/mx6sdl/lib/libboard_sabre_ai_rev_c.a(gpio1_iomux_config.o)
                0x000000001007cd60                gpio1_iomux_config
 .text          0x000000001007ce90       0xfc /home/leon/git/swp-report/iMX6_Platform_SDK/output/mx6sdl/lib/libboard_sabre_ai_rev_c.a(gpio2_iomux_config.o)
                0x000000001007ce90                gpio2_iomux_config
 .text          0x000000001007cf8c       0x58 /home/leon/git/swp-report/iMX6_Platform_SDK/output/mx6sdl/lib/libboard_sabre_ai_rev_c.a(gpio4_iomux_config.o)
                0x000000001007cf8c                gpio4_iomux_config
 .text          0x000000001007cfe4       0xe4 /home/leon/git/swp-report/iMX6_Platform_SDK/output/mx6sdl/lib/libboard_sabre_ai_rev_c.a(gpio5_iomux_config.o)
                0x000000001007cfe4                gpio5_iomux_config
 .text          0x000000001007d0c8       0x54 /home/leon/git/swp-report/iMX6_Platform_SDK/output/mx6sdl/lib/libboard_sabre_ai_rev_c.a(gpio6_iomux_config.o)
                0x000000001007d0c8                gpio6_iomux_config
 .text          0x000000001007d11c      0x274 /home/leon/git/swp-report/iMX6_Platform_SDK/output/mx6sdl/lib/libboard_sabre_ai_rev_c.a(gpmi_iomux_config.o)
                0x000000001007d11c                gpmi_iomux_config
 .text          0x000000001007d390       0x78 /home/leon/git/swp-report/iMX6_Platform_SDK/output/mx6sdl/lib/libboard_sabre_ai_rev_c.a(i2c2_iomux_config.o)
                0x000000001007d390                i2c2_iomux_config
 .text          0x000000001007d408       0x64 /home/src/arm/target/bin/../arm-none-eabi/lib//libc.a(lib_a-assert.o)
                0x000000001007d408                __assert_func
                0x000000001007d45c                __assert
 .text          0x000000001007d46c       0x20 /home/src/arm/target/bin/../arm-none-eabi/lib//libc.a(lib_a-bzero.o)
                0x000000001007d46c                bzero
 .text          0x000000001007d48c       0x70 /home/src/arm/target/bin/../arm-none-eabi/lib//libc.a(lib_a-fiprintf.o)
                0x000000001007d48c                _fiprintf_r
                0x000000001007d4bc                fiprintf
 .text          0x000000001007d4fc       0x8c /home/src/arm/target/bin/../arm-none-eabi/lib//libc.a(lib_a-fputc.o)
                0x000000001007d4fc                _fputc_r
                0x000000001007d540                fputc
 .text          0x000000001007d588        0x0 /home/src/arm/target/bin/../arm-none-eabi/lib//libc.a(lib_a-impure.o)
 .text          0x000000001007d588       0x88 /home/src/arm/target/bin/../arm-none-eabi/lib//libc.a(lib_a-init.o)
                0x000000001007d588                __libc_init_array
 .text          0x000000001007d610       0x40 /home/src/arm/target/bin/../arm-none-eabi/lib//libc.a(lib_a-malloc.o)
                0x000000001007d610                malloc
                0x000000001007d630                free
 .text          0x000000001007d650      0x72c /home/src/arm/target/bin/../arm-none-eabi/lib//libc.a(lib_a-mallocr.o)
                0x000000001007d650                _malloc_r
 .text          0x000000001007dd7c       0xf0 /home/src/arm/target/bin/../arm-none-eabi/lib//libc.a(lib_a-memcpy-stub.o)
                0x000000001007dd7c                memcpy
 .text          0x000000001007de6c       0xf4 /home/src/arm/target/bin/../arm-none-eabi/lib//libc.a(lib_a-memset.o)
                0x000000001007de6c                memset
 .text          0x000000001007df60        0x8 /home/src/arm/target/bin/../arm-none-eabi/lib//libc.a(lib_a-mlock.o)
                0x000000001007df60                __malloc_lock
                0x000000001007df64                __malloc_unlock
 .text          0x000000001007df68       0x74 /home/src/arm/target/bin/../arm-none-eabi/lib//libc.a(lib_a-printf.o)
                0x000000001007df68                _printf_r
                0x000000001007df9c                printf
 .text          0x000000001007dfdc      0x158 /home/src/arm/target/bin/../arm-none-eabi/lib//libc.a(lib_a-putc.o)
                0x000000001007dfdc                _putc_r
                0x000000001007e080                putc
 .text          0x000000001007e134       0x24 /home/src/arm/target/bin/../arm-none-eabi/lib//libc.a(lib_a-realloc.o)
                0x000000001007e134                realloc
 .text          0x000000001007e158      0x56c /home/src/arm/target/bin/../arm-none-eabi/lib//libc.a(lib_a-reallocr.o)
                0x000000001007e158                _realloc_r
 .text          0x000000001007e6c4       0x70 /home/src/arm/target/bin/../arm-none-eabi/lib//libc.a(lib_a-rget.o)
                0x000000001007e6c4                __srget_r
                0x000000001007e720                __srget
 .text          0x000000001007e734       0x44 /home/src/arm/target/bin/../arm-none-eabi/lib//libc.a(lib_a-sbrkr.o)
                0x000000001007e734                _sbrk_r
 .text          0x000000001007e778       0xdc /home/src/arm/target/bin/../arm-none-eabi/lib//libc.a(lib_a-sprintf.o)
                0x000000001007e778                _sprintf_r
                0x000000001007e7e0                sprintf
 .text          0x000000001007e854      0x230 /home/src/arm/target/bin/../arm-none-eabi/lib//libc.a(lib_a-strcmp.o)
                0x000000001007e854                strcmp
 .text          0x000000001007ea84     0x1d44 /home/src/arm/target/bin/../arm-none-eabi/lib//libc.a(lib_a-svfprintf.o)
                0x000000001007ea84                _svfprintf_r
 .text          0x00000000100807c8      0x9f4 /home/src/arm/target/bin/../arm-none-eabi/lib//libc.a(lib_a-syscalls.o)
                0x000000001008087c                initialise_monitor_handles
                0x0000000010080940                _swiread
                0x0000000010080980                _read
                0x0000000010080a44                _swilseek
                0x0000000010080b50                _lseek
                0x0000000010080b70                _swiwrite
                0x0000000010080bb0                _write
                0x0000000010080c78                _swiopen
                0x0000000010080d78                _open
                0x0000000010080dac                _swiclose
                0x0000000010080e24                _close
                0x0000000010080e44                _kill
                0x0000000010080e7c                _exit
                0x0000000010080ea4                _getpid
                0x0000000010080eac                _sbrk
                0x0000000010080f04                _fstat
                0x0000000010080f38                _stat
                0x0000000010080f8c                _link
                0x0000000010080f94                _unlink
                0x0000000010080fe8                _raise
                0x0000000010080fec                _gettimeofday
                0x000000001008103c                _times
                0x0000000010081080                _isatty
                0x00000000100810d0                _system
                0x0000000010081154                _rename
 .text          0x00000000100811bc     0x1238 /home/src/arm/target/bin/../arm-none-eabi/lib//libc.a(lib_a-vfiprintf.o)
                0x0000000010081268                __sprint_r
                0x0000000010081280                _vfiprintf_r
                0x00000000100822fc                vfiprintf
 .text          0x00000000100823f4     0x1e98 /home/src/arm/target/bin/../arm-none-eabi/lib//libc.a(lib_a-vfprintf.o)
                0x00000000100823f4                _vfprintf_r
                0x0000000010084194                vfprintf
 .text          0x000000001008428c       0x48 /home/src/arm/target/bin/../arm-none-eabi/lib//libc.a(lib_a-vprintf.o)
                0x000000001008428c                vprintf
                0x00000000100842b8                _vprintf_r
 .text          0x00000000100842d4      0x13c /home/src/arm/target/bin/../arm-none-eabi/lib//libc.a(lib_a-wbuf.o)
                0x00000000100842d4                __swbuf_r
                0x00000000100843f8                __swbuf
 .text          0x0000000010084410      0x15c /home/src/arm/target/bin/../arm-none-eabi/lib//libc.a(lib_a-wsetup.o)
                0x0000000010084410                __swsetup_r
 .text          0x000000001008456c       0x14 /home/src/arm/target/bin/../arm-none-eabi/lib//libc.a(lib_a-abort.o)
                0x000000001008456c                abort
 .text          0x0000000010084580     0x18d8 /home/src/arm/target/bin/../arm-none-eabi/lib//libc.a(lib_a-dtoa.o)
                0x0000000010084760                _dtoa_r
 .text          0x0000000010085e58       0x10 /home/src/arm/target/bin/../arm-none-eabi/lib//libc.a(lib_a-errno.o)
                0x0000000010085e58                __errno
 .text          0x0000000010085e68      0x2d4 /home/src/arm/target/bin/../arm-none-eabi/lib//libc.a(lib_a-fflush.o)
                0x0000000010085e68                __sflush_r
                0x00000000100860ac                _fflush_r
                0x0000000010086100                fflush
 .text          0x000000001008613c      0x354 /home/src/arm/target/bin/../arm-none-eabi/lib//libc.a(lib_a-findfp.o)
                0x000000001008614c                _cleanup_r
                0x0000000010086164                __sfmoreglue
                0x00000000100861b4                _cleanup
                0x00000000100861d8                __sinit
                0x0000000010086340                __sfp
                0x0000000010086438                __sfp_lock_acquire
                0x000000001008643c                __sfp_lock_release
                0x0000000010086440                __sinit_lock_acquire
                0x0000000010086444                __sinit_lock_release
                0x0000000010086448                __fp_lock_all
                0x000000001008646c                __fp_unlock_all
 .text          0x0000000010086490      0x188 /home/src/arm/target/bin/../arm-none-eabi/lib//libc.a(lib_a-fputwc.o)
                0x0000000010086490                _fputwc_r
                0x00000000100865d4                fputwc
 .text          0x0000000010086618      0x36c /home/src/arm/target/bin/../arm-none-eabi/lib//libc.a(lib_a-freer.o)
                0x0000000010086618                _malloc_trim_r
                0x0000000010086718                _free_r
 .text          0x0000000010086984      0x4dc /home/src/arm/target/bin/../arm-none-eabi/lib//libc.a(lib_a-fvwrite.o)
                0x0000000010086984                __sfvwrite_r
 .text          0x0000000010086e60      0x110 /home/src/arm/target/bin/../arm-none-eabi/lib//libc.a(lib_a-fwalk.o)
                0x0000000010086e60                _fwalk
                0x0000000010086ee4                _fwalk_reent
 .text          0x0000000010086f70       0xd0 /home/src/arm/target/bin/../arm-none-eabi/lib//libc.a(lib_a-locale.o)
                0x0000000010086f70                _setlocale_r
                0x0000000010086fe0                __locale_charset
                0x0000000010086fec                __locale_mb_cur_max
                0x0000000010086ffc                __locale_msgcharset
                0x0000000010087008                __locale_cjk_lang
                0x0000000010087010                _localeconv_r
                0x000000001008701c                setlocale
                0x0000000010087034                localeconv
 .text          0x0000000010087040      0x174 /home/src/arm/target/bin/../arm-none-eabi/lib//libc.a(lib_a-makebuf.o)
                0x0000000010087040                __smakebuf_r
 .text          0x00000000100871b4      0x114 /home/src/arm/target/bin/../arm-none-eabi/lib//libc.a(lib_a-memchr-stub.o)
                0x00000000100871b4                memchr
 .text          0x00000000100872c8      0x134 /home/src/arm/target/bin/../arm-none-eabi/lib//libc.a(lib_a-memmove.o)
                0x00000000100872c8                memmove
 .text          0x00000000100873fc      0xd30 /home/src/arm/target/bin/../arm-none-eabi/lib//libc.a(lib_a-mprec.o)
                0x00000000100873fc                _Balloc
                0x0000000010087488                _Bfree
                0x00000000100874a4                __multadd
                0x0000000010087580                __s2b
                0x0000000010087668                __hi0bits
                0x00000000100876c4                __lo0bits
                0x0000000010087758                __i2b
                0x000000001008777c                __multiply
                0x0000000010087964                __pow5mult
                0x0000000010087a68                __lshift
                0x0000000010087b74                __mcmp
                0x0000000010087bd4                __mdiff
                0x0000000010087d18                __ulp
                0x0000000010087d7c                __b2d
                0x0000000010087e54                __d2b
                0x0000000010087f60                __ratio
                0x0000000010087fe8                _mprec_log10
                0x0000000010088040                __copybits
                0x00000000100880b0                __any_on
 .text          0x000000001008812c      0x134 /home/src/arm/target/bin/../arm-none-eabi/lib//libc.a(lib_a-reent.o)
                0x000000001008812c                cleanup_glue
                0x0000000010088158                _reclaim_reent
 .text          0x0000000010088260      0x20c /home/src/arm/target/bin/../arm-none-eabi/lib//libc.a(lib_a-refill.o)
                0x000000001008828c                __srefill_r
 .text          0x000000001008846c       0x6c /home/src/arm/target/bin/../arm-none-eabi/lib//libc.a(lib_a-s_fpclassify.o)
                0x000000001008846c                __fpclassifyd
 .text          0x00000000100884d8      0x254 /home/src/arm/target/bin/../arm-none-eabi/lib//libc.a(lib_a-signal.o)
                0x00000000100884d8                _init_signal_r
                0x000000001008853c                _signal_r
                0x00000000100885b0                _raise_r
                0x0000000010088648                __sigtramp_r
                0x00000000100886dc                raise
                0x00000000100886f0                signal
                0x0000000010088708                _init_signal
                0x0000000010088718                __sigtramp
 .text          0x000000001008872c       0x50 /home/src/arm/target/bin/../arm-none-eabi/lib//libc.a(lib_a-signalr.o)
                0x000000001008872c                _kill_r
                0x000000001008876c                _getpid_r
 .text          0x000000001008877c       0xd8 /home/src/arm/target/bin/../arm-none-eabi/lib//libc.a(lib_a-stdio.o)
                0x000000001008877c                __sread
                0x00000000100887b0                __seofread
                0x00000000100887b8                __swrite
                0x0000000010088810                __sseek
                0x0000000010088840                __sclose
 .text          0x0000000010088854       0x60 /home/src/arm/target/bin/../arm-none-eabi/lib//libc.a(lib_a-strlen.o)
                0x0000000010088854                strlen
 .text          0x00000000100888b4     0x101c /home/src/arm/target/bin/../arm-none-eabi/lib//libc.a(lib_a-svfiprintf.o)
                0x00000000100888b4                __ssprint_r
                0x0000000010088a60                _svfiprintf_r
 .text          0x00000000100898d0      0x128 /home/src/arm/target/bin/../arm-none-eabi/lib//libc.a(lib_a-wcrtomb.o)
                0x00000000100898d0                _wcrtomb_r
                0x0000000010089960                wcrtomb
 .text          0x00000000100899f8       0x7c /home/src/arm/target/bin/../arm-none-eabi/lib//libc.a(lib_a-wctomb_r.o)
                0x00000000100899f8                __ascii_wctomb
                0x0000000010089a24                _wctomb_r
 .text          0x0000000010089a74       0x44 /home/src/arm/target/bin/../arm-none-eabi/lib//libc.a(lib_a-writer.o)
                0x0000000010089a74                _write_r
 .text          0x0000000010089ab8       0x9c /home/src/arm/target/bin/../arm-none-eabi/lib//libc.a(lib_a-callocr.o)
                0x0000000010089ab8                _calloc_r
 .text          0x0000000010089b54       0x3c /home/src/arm/target/bin/../arm-none-eabi/lib//libc.a(lib_a-closer.o)
                0x0000000010089b54                _close_r
 .text          0x0000000010089b90      0x104 /home/src/arm/target/bin/../arm-none-eabi/lib//libc.a(lib_a-fclose.o)
                0x0000000010089b90                _fclose_r
                0x0000000010089c80                fclose
 .text          0x0000000010089c94       0x40 /home/src/arm/target/bin/../arm-none-eabi/lib//libc.a(lib_a-fstatr.o)
                0x0000000010089c94                _fstat_r
 .text          0x0000000010089cd4       0x3c /home/src/arm/target/bin/../arm-none-eabi/lib//libc.a(lib_a-isattyr.o)
                0x0000000010089cd4                _isatty_r
 .text          0x0000000010089d10       0x44 /home/src/arm/target/bin/../arm-none-eabi/lib//libc.a(lib_a-lseekr.o)
                0x0000000010089d10                _lseek_r
 .text          0x0000000010089d54       0x44 /home/src/arm/target/bin/../arm-none-eabi/lib//libc.a(lib_a-readr.o)
                0x0000000010089d54                _read_r
 .text          0x0000000010089d98      0x114 /home/src/arm/target/bin/../lib/gcc/arm-none-eabi/4.8.2//libgcc.a(_udivsi3.o)
                0x0000000010089d98                __udivsi3
                0x0000000010089d98                __aeabi_uidiv
                0x0000000010089e8c                __aeabi_uidivmod
 .text          0x0000000010089eac      0x148 /home/src/arm/target/bin/../lib/gcc/arm-none-eabi/4.8.2//libgcc.a(_divsi3.o)
                0x0000000010089eac                __aeabi_idiv
                0x0000000010089eac                __divsi3
                0x0000000010089fd4                __aeabi_idivmod
 .text          0x0000000010089ff4        0x4 /home/src/arm/target/bin/../lib/gcc/arm-none-eabi/4.8.2//libgcc.a(_dvmd_tls.o)
                0x0000000010089ff4                __aeabi_ldiv0
                0x0000000010089ff4                __aeabi_idiv0
 .text          0x0000000010089ff8      0x41c /home/src/arm/target/bin/../lib/gcc/arm-none-eabi/4.8.2//libgcc.a(_arm_addsubdf3.o)
                0x0000000010089ff8                __aeabi_drsub
                0x000000001008a000                __aeabi_dsub
                0x000000001008a000                __subdf3
                0x000000001008a004                __adddf3
                0x000000001008a004                __aeabi_dadd
                0x000000001008a314                __aeabi_ui2d
                0x000000001008a314                __floatunsidf
                0x000000001008a338                __floatsidf
                0x000000001008a338                __aeabi_i2d
                0x000000001008a360                __extendsfdf2
                0x000000001008a360                __aeabi_f2d
                0x000000001008a3a0                __aeabi_ul2d
                0x000000001008a3a0                __floatundidf
                0x000000001008a3b4                __floatdidf
                0x000000001008a3b4                __aeabi_l2d
 .text          0x000000001008a414      0x49c /home/src/arm/target/bin/../lib/gcc/arm-none-eabi/4.8.2//libgcc.a(_arm_muldivdf3.o)
                0x000000001008a414                __aeabi_dmul
                0x000000001008a414                __muldf3
                0x000000001008a6a4                __aeabi_ddiv
                0x000000001008a6a4                __divdf3
 .text          0x000000001008a8b0      0x144 /home/src/arm/target/bin/../lib/gcc/arm-none-eabi/4.8.2//libgcc.a(_arm_cmpdf2.o)
                0x000000001008a8b0                __gtdf2
                0x000000001008a8b0                __gedf2
                0x000000001008a8b8                __ltdf2
                0x000000001008a8b8                __ledf2
                0x000000001008a8c0                __cmpdf2
                0x000000001008a8c0                __eqdf2
                0x000000001008a8c0                __nedf2
                0x000000001008a948                __aeabi_cdrcmple
                0x000000001008a964                __aeabi_cdcmple
                0x000000001008a964                __aeabi_cdcmpeq
                0x000000001008a97c                __aeabi_dcmpeq
                0x000000001008a994                __aeabi_dcmplt
                0x000000001008a9ac                __aeabi_dcmple
                0x000000001008a9c4                __aeabi_dcmpge
                0x000000001008a9dc                __aeabi_dcmpgt
 .text          0x000000001008a9f4       0x5c /home/src/arm/target/bin/../lib/gcc/arm-none-eabi/4.8.2//libgcc.a(_arm_fixdfsi.o)
                0x000000001008a9f4                __fixdfsi
                0x000000001008a9f4                __aeabi_d2iz
 .text          0x000000001008aa50       0x3c /home/src/arm/target/bin/../lib/gcc/arm-none-eabi/4.8.2//libgcc.a(_aeabi_uldivmod.o)
                0x000000001008aa50                __aeabi_uldivmod
 .text          0x000000001008aa8c       0x84 /home/src/arm/target/bin/../lib/gcc/arm-none-eabi/4.8.2//libgcc.a(bpabi.o)
                0x000000001008aa8c                __gnu_ldivmod_helper
                0x000000001008aad0                __gnu_uldivmod_helper
 .text          0x000000001008ab10      0x4d0 /home/src/arm/target/bin/../lib/gcc/arm-none-eabi/4.8.2//libgcc.a(_divdi3.o)
                0x000000001008ab10                __divdi3
 .text          0x000000001008afe0      0x470 /home/src/arm/target/bin/../lib/gcc/arm-none-eabi/4.8.2//libgcc.a(_udivdi3.o)
                0x000000001008afe0                __udivdi3
 .text          0x000000001008b450       0x48 /home/src/arm/target/bin/../lib/gcc/arm-none-eabi/4.8.2//libgcc.a(_clzsi2.o)
                0x000000001008b450                __clzsi2
 .text          0x000000001008b498      0x264 /home/leon/git/swp-report/iMX6_Platform_SDK/output/mx6sdl/lib/libsdk.a(max7310.o)
                0x000000001008b498                max7310_reg_read
                0x000000001008b4fc                max7310_reg_write
                0x000000001008b568                max7310_init
                0x000000001008b648                max7310_set_gpio_output
 .text          0x000000001008b6fc     0x1308 /home/leon/git/swp-report/iMX6_Platform_SDK/output/mx6sdl/lib/libsdk.a(gpio.o)
                0x000000001008b72c                gpio_get_port_count
                0x000000001008b744                gpio_set_gpio
                0x000000001008b808                gpio_set_direction
                0x000000001008ba64                gpio_get_direction
                0x000000001008bbac                gpio_set_level
                0x000000001008beec                gpio_get_level
                0x000000001008c04c                gpio_set_interrupt_config
                0x000000001008c450                gpio_set_interrupt_mask
                0x000000001008c694                gpio_get_interrupt_status
                0x000000001008c7f0                gpio_clear_interrupt
 .text          0x000000001008ca04        0x0 /home/leon/git/swp-report/iMX6_Platform_SDK/output/mx6sdl/lib/libsdk.a(imx6sdl_gpio_map.o)
 .text          0x000000001008ca04     0x1774 /home/leon/git/swp-report/iMX6_Platform_SDK/output/mx6sdl/lib/libsdk.a(imx_i2c.o)
                0x000000001008ca34                i2c_get_request_instance
                0x000000001008d48c                i2c_xfer
                0x000000001008dba4                i2c_read
                0x000000001008dbd4                i2c_write
                0x000000001008dc04                i2c_setup_interrupt
                0x000000001008de70                i2c_init
 .text          0x000000001008e178       0x80 /home/leon/git/swp-report/iMX6_Platform_SDK/output/mx6sdl/lib/libboard_sabre_ai_rev_c.a(i2c_iomux_config.o)
                0x000000001008e178                i2c_iomux_config
 *(.glue_7t)
 .glue_7t       0x0000000000000000        0x0 linker stubs
 *(.glue_7)
 .glue_7        0x0000000000000000        0x0 linker stubs
 *(.vfp11_veneer)
 .vfp11_veneer  0x0000000000000000        0x0 linker stubs
 *(.ARM.extab* .gnu.linkonce.armextab.*)
 .ARM.extab.startup
                0x000000001008e1f8        0x0 /home/leon/git/swp-report/iMX6_Platform_SDK/output/mx6sdl/lib/libsdk.a(startup.o)
 .ARM.extab     0x000000001008e1f8        0x0 /home/src/arm/target/bin/../lib/gcc/arm-none-eabi/4.8.2//libgcc.a(_divdi3.o)
 .ARM.extab     0x000000001008e1f8        0x0 /home/src/arm/target/bin/../lib/gcc/arm-none-eabi/4.8.2//libgcc.a(_udivdi3.o)
 *(.gcc_except_table)

.v4_bx          0x000000001008e1f8        0x0
 .v4_bx         0x0000000000000000        0x0 linker stubs

.iplt           0x000000001008e1f8        0x0
 .iplt          0x0000000000000000        0x0 /home/src/arm/target/bin/../lib/gcc/arm-none-eabi/4.8.2//crtbegin.o

.ctors
 *crtbegin.o(.ctors)
 *crtbegin?.o(.ctors)
 *(EXCLUDE_FILE(*crtend?.o *crtend.o) .ctors)
 *(SORT(.ctors.*))
 *(.ctors)

.dtors
 *crtbegin.o(.dtors)
 *crtbegin?.o(.dtors)
 *(EXCLUDE_FILE(*crtend?.o *crtend.o) .dtors)
 *(SORT(.dtors.*))
 *(.dtors)

.rodata         0x000000001008e1f8     0x19ac
 *(.rodata .rodata.* .gnu.linkonce.r.*)
 .rodata        0x000000001008e1f8       0x9c /home/leon/git/swp-report/iMX6_Platform_SDK/output/mx6sdl/gpu_demo/sabre_ai_rev_c/obj/apps/common/print_clock_info.o
 .rodata        0x000000001008e294      0x100 /home/leon/git/swp-report/iMX6_Platform_SDK/output/mx6sdl/gpu_demo/sabre_ai_rev_c/obj/apps/common/print_version.o
 .rodata        0x000000001008e394       0x9c /home/leon/git/swp-report/iMX6_Platform_SDK/output/mx6sdl/gpu_demo/sabre_ai_rev_c/obj/apps/gpu_demo/src/gpu_test.o
 .rodata        0x000000001008e430       0x34 /home/leon/git/swp-report/iMX6_Platform_SDK/output/mx6sdl/gpu_demo/sabre_ai_rev_c/obj/apps/gpu_demo/src/sdk_gpu_utilities.o
 .rodata        0x000000001008e464       0x34 /home/leon/git/swp-report/iMX6_Platform_SDK/output/mx6sdl/lib/libsdk.a(ccm_pll.o)
                0x000000001008e464                PLL1_OUTPUT
                0x000000001008e468                PLL2_OUTPUT
                0x000000001008e47c                PLL3_OUTPUT
                0x000000001008e490                PLL4_OUTPUT
                0x000000001008e494                PLL5_OUTPUT
 .rodata        0x000000001008e498       0x64 /home/leon/git/swp-report/iMX6_Platform_SDK/output/mx6sdl/lib/libsdk.a(gic.o)
 .rodata        0x000000001008e4fc       0x50 /home/leon/git/swp-report/iMX6_Platform_SDK/output/mx6sdl/lib/libsdk.a(sdk_version.o)
                0x000000001008e4fc                k_sdk_version
                0x000000001008e500                k_sdk_copyright
 .rodata        0x000000001008e54c       0xcc /home/leon/git/swp-report/iMX6_Platform_SDK/output/mx6sdl/lib/libsdk.a(system_util.o)
 .rodata        0x000000001008e618       0xf4 /home/leon/git/swp-report/iMX6_Platform_SDK/output/mx6sdl/lib/libsdk.a(text_color.o)
                0x000000001008e620                g_TextAttributeDefault
                0x000000001008e62c                g_TextAttributeBold
                0x000000001008e638                g_TextAttributeDim
                0x000000001008e644                g_TextAttributeUnderline
                0x000000001008e650                g_TextAttributeBlink
                0x000000001008e65c                g_TextAttributeReverse
                0x000000001008e668                g_TextAttributeHidden
                0x000000001008e674                g_TextColorBlack
                0x000000001008e680                g_TextColorRed
                0x000000001008e68c                g_TextColorGreen
                0x000000001008e698                g_TextColorYellow
                0x000000001008e6a4                g_TextColorBlue
                0x000000001008e6b0                g_TextColorMagenta
                0x000000001008e6bc                g_TextColorCyan
                0x000000001008e6c8                g_TextColorWhite
                0x000000001008e6d8                g_TextColorOrange
                0x000000001008e6e8                g_TextColorLightBlue
                0x000000001008e6f8                g_TextColorGray
                0x000000001008e708                g_TextColorPurple
 .rodata        0x000000001008e70c      0x1f8 /home/leon/git/swp-report/iMX6_Platform_SDK/output/mx6sdl/lib/libsdk.a(board_id.o)
 .rodata        0x000000001008e904       0x54 /home/leon/git/swp-report/iMX6_Platform_SDK/output/mx6sdl/lib/libsdk.a(ips_disp_panel.o)
 .rodata        0x000000001008e958       0x74 /home/leon/git/swp-report/iMX6_Platform_SDK/output/mx6sdl/lib/libsdk.a(ipu_common.o)
 .rodata        0x000000001008e9cc       0xc0 /home/leon/git/swp-report/iMX6_Platform_SDK/output/mx6sdl/lib/libsdk.a(ipu_csi.o)
 .rodata        0x000000001008ea8c       0x9c /home/leon/git/swp-report/iMX6_Platform_SDK/output/mx6sdl/lib/libsdk.a(ipu_dc.o)
 .rodata        0x000000001008eb28       0x18 /home/leon/git/swp-report/iMX6_Platform_SDK/output/mx6sdl/lib/libsdk.a(ipu_di.o)
 .rodata        0x000000001008eb40       0x78 /home/leon/git/swp-report/iMX6_Platform_SDK/output/mx6sdl/lib/libsdk.a(ipu_dp.o)
 .rodata        0x000000001008ebb8       0x38 /home/leon/git/swp-report/iMX6_Platform_SDK/output/mx6sdl/lib/libsdk.a(ipu_idmac.o)
 .rodata        0x000000001008ebf0       0x68 /home/leon/git/swp-report/iMX6_Platform_SDK/output/mx6sdl/lib/libsdk.a(ldb.o)
 .rodata        0x000000001008ec58       0x20 /home/leon/git/swp-report/iMX6_Platform_SDK/output/mx6sdl/lib/libsdk.a(interrupt.o)
 .rodata        0x000000001008ec78      0x1bc /home/leon/git/swp-report/iMX6_Platform_SDK/output/mx6sdl/lib/libsdk.a(ipu_ic.o)
 .rodata        0x000000001008ee34      0x230 /home/leon/git/swp-report/iMX6_Platform_SDK/output/mx6sdl/lib/libsdk.a(abort_handler.o)
 .rodata        0x000000001008f064       0x64 /home/leon/git/swp-report/iMX6_Platform_SDK/output/mx6sdl/lib/libboard_sabre_ai_rev_c.a(board_display.o)
 .rodata        0x000000001008f0c8       0x28 /home/leon/git/swp-report/iMX6_Platform_SDK/output/mx6sdl/lib/libboard_sabre_ai_rev_c.a(board_hdmi.o)
 .rodata        0x000000001008f0f0       0x80 /home/leon/git/swp-report/iMX6_Platform_SDK/output/mx6sdl/lib/libboard_sabre_ai_rev_c.a(uart_iomux_config.o)
 .rodata.str1.4
                0x000000001008f170       0x3f /home/src/arm/target/bin/../arm-none-eabi/lib//libc.a(lib_a-assert.o)
                                         0x44 (size before relaxing)
 *fill*         0x000000001008f1af        0x1 
 .rodata        0x000000001008f1b0        0x4 /home/src/arm/target/bin/../arm-none-eabi/lib//libc.a(lib_a-impure.o)
                0x000000001008f1b0                _global_impure_ptr
 .rodata.str1.4
                0x000000001008f1b4        0x2 /home/src/arm/target/bin/../arm-none-eabi/lib//libc.a(lib_a-impure.o)
                                          0x4 (size before relaxing)
 *fill*         0x000000001008f1b6        0x2 
 .rodata        0x000000001008f1b8       0x20 /home/src/arm/target/bin/../arm-none-eabi/lib//libc.a(lib_a-svfprintf.o)
 .rodata.str1.4
                0x000000001008f1d8       0x42 /home/src/arm/target/bin/../arm-none-eabi/lib//libc.a(lib_a-svfprintf.o)
                                         0x44 (size before relaxing)
 *fill*         0x000000001008f21a        0x2 
 .rodata.str1.4
                0x000000001008f21c        0x4 /home/src/arm/target/bin/../arm-none-eabi/lib//libc.a(lib_a-syscalls.o)
 .rodata        0x000000001008f220       0x20 /home/src/arm/target/bin/../arm-none-eabi/lib//libc.a(lib_a-vfiprintf.o)
 .rodata.str1.4
                0x0000000000000000       0x30 /home/src/arm/target/bin/../arm-none-eabi/lib//libc.a(lib_a-vfiprintf.o)
 .rodata        0x000000001008f240       0x20 /home/src/arm/target/bin/../arm-none-eabi/lib//libc.a(lib_a-vfprintf.o)
 .rodata.str1.4
                0x0000000000000000       0x44 /home/src/arm/target/bin/../arm-none-eabi/lib//libc.a(lib_a-vfprintf.o)
 .rodata.str1.4
                0x000000001008f260       0x10 /home/src/arm/target/bin/../arm-none-eabi/lib//libc.a(lib_a-dtoa.o)
                                         0x14 (size before relaxing)
 .rodata.str1.4
                0x000000001008f270        0xc /home/src/arm/target/bin/../arm-none-eabi/lib//libc.a(lib_a-locale.o)
                                         0x14 (size before relaxing)
 *fill*         0x000000001008f27c        0x4 
 .rodata        0x000000001008f280      0x128 /home/src/arm/target/bin/../arm-none-eabi/lib//libc.a(lib_a-mprec.o)
                0x000000001008f290                __mprec_tens
                0x000000001008f358                __mprec_tinytens
                0x000000001008f380                __mprec_bigtens
 .rodata        0x000000001008f3a8       0x20 /home/src/arm/target/bin/../arm-none-eabi/lib//libc.a(lib_a-svfiprintf.o)
 .rodata.str1.4
                0x0000000000000000       0x30 /home/src/arm/target/bin/../arm-none-eabi/lib//libc.a(lib_a-svfiprintf.o)
 .rodata        0x000000001008f3c8       0xe0 /home/leon/git/swp-report/iMX6_Platform_SDK/output/mx6sdl/lib/libsdk.a(gpio.o)
 .rodata        0x000000001008f4a8      0x380 /home/leon/git/swp-report/iMX6_Platform_SDK/output/mx6sdl/lib/libsdk.a(imx6sdl_gpio_map.o)
                0x000000001008f4a8                k_gpio_mux_registers
 .rodata        0x000000001008f828      0x2c4 /home/leon/git/swp-report/iMX6_Platform_SDK/output/mx6sdl/lib/libsdk.a(imx_i2c.o)
 .rodata        0x000000001008faec       0x80 /home/leon/git/swp-report/iMX6_Platform_SDK/output/mx6sdl/lib/libboard_sabre_ai_rev_c.a(i2c_iomux_config.o)
                0x000000001008fb6c                . = ALIGN (0x4)
 *(.init)
 .init          0x000000001008fb6c        0xc /home/src/arm/target/bin/../lib/gcc/arm-none-eabi/4.8.2//crti.o
                0x000000001008fb6c                _init
 .init          0x000000001008fb78        0xc /home/src/arm/target/bin/../lib/gcc/arm-none-eabi/4.8.2//crtn.o
                0x000000001008fb84                . = ALIGN (0x4)
                0x000000001008fb84                __init_array_start = .
 *(SORT(.init_array.*))
 *(.init_array)
 .init_array    0x000000001008fb84        0x4 /home/src/arm/target/bin/../lib/gcc/arm-none-eabi/4.8.2//crtbegin.o
                0x000000001008fb88                __init_array_end = .
                0x000000001008fb88                . = ALIGN (0x4)
 *(.fini)
 .fini          0x000000001008fb88        0xc /home/src/arm/target/bin/../lib/gcc/arm-none-eabi/4.8.2//crti.o
                0x000000001008fb88                _fini
 .fini          0x000000001008fb94        0xc /home/src/arm/target/bin/../lib/gcc/arm-none-eabi/4.8.2//crtn.o
                0x000000001008fba0                . = ALIGN (0x4)
                0x000000001008fba0                __fini_array_start = .
 *(.fini_array)
 .fini_array    0x000000001008fba0        0x4 /home/src/arm/target/bin/../lib/gcc/arm-none-eabi/4.8.2//crtbegin.o
 *(SORT(.fini_array.*))
                0x000000001008fba4                __fini_array_end = .
                0x000000001008fba4                PROVIDE (__exidx_start, .)

.eh_frame       0x000000001008fba4        0x4
 .eh_frame      0x000000001008fba4        0x0 /home/src/arm/target/bin/../lib/gcc/arm-none-eabi/4.8.2//crtbegin.o
 .eh_frame      0x000000001008fba4        0x4 /home/src/arm/target/bin/../lib/gcc/arm-none-eabi/4.8.2//crtend.o

.ARM.exidx      0x000000001008fba8        0x8
 *(.ARM.exidx* .gnu.linkonce.armexidx.*)
 .ARM.exidx.startup
                0x000000001008fba8        0x8 /home/leon/git/swp-report/iMX6_Platform_SDK/output/mx6sdl/lib/libsdk.a(startup.o)
 .ARM.exidx     0x000000001008fbb0        0x0 /home/src/arm/target/bin/../lib/gcc/arm-none-eabi/4.8.2//libgcc.a(_divdi3.o)
                                          0x8 (size before relaxing)
 .ARM.exidx     0x000000001008fbb0        0x0 /home/src/arm/target/bin/../lib/gcc/arm-none-eabi/4.8.2//libgcc.a(_udivdi3.o)
                                          0x8 (size before relaxing)
                0x000000001008fbb0                PROVIDE (__exidx_end, .)

.rel.dyn        0x000000001008fbb0        0x0
 .rel.iplt      0x0000000000000000        0x0 /home/src/arm/target/bin/../lib/gcc/arm-none-eabi/4.8.2//crtbegin.o

.data           0x000000001008fbb0   0x2110b8
 *(.data .data.* .gnu.linkonce.d.*)
 .data          0x000000001008fbb0        0x4 /home/src/arm/target/bin/../lib/gcc/arm-none-eabi/4.8.2//crtbegin.o
                0x000000001008fbb0                __dso_handle
 .data          0x000000001008fbb4        0x0 /home/src/arm/target/bin/../lib/gcc/arm-none-eabi/4.8.2//crti.o
 .data          0x000000001008fbb4        0x0 /home/src/arm/target/bin/../lib/gcc/arm-none-eabi/4.8.2//crtend.o
 .data          0x000000001008fbb4        0x0 /home/src/arm/target/bin/../lib/gcc/arm-none-eabi/4.8.2//crtn.o
 .data          0x000000001008fbb4        0x0 /home/leon/git/swp-report/iMX6_Platform_SDK/apps/gpu_demo/src/rotate_texture.o
 .data          0x000000001008fbb4   0x21045c /home/leon/git/swp-report/iMX6_Platform_SDK/apps/gpu_demo/src/texture.o
 .data          0x00000000102a0010        0x0 /home/leon/git/swp-report/iMX6_Platform_SDK/output/mx6sdl/gpu_demo/sabre_ai_rev_c/obj/apps/common/ivt.o
 .data          0x00000000102a0010        0x0 /home/leon/git/swp-report/iMX6_Platform_SDK/output/mx6sdl/gpu_demo/sabre_ai_rev_c/obj/apps/common/platform_init.o
 .data          0x00000000102a0010        0x0 /home/leon/git/swp-report/iMX6_Platform_SDK/output/mx6sdl/gpu_demo/sabre_ai_rev_c/obj/apps/common/print_clock_info.o
 .data          0x00000000102a0010        0x0 /home/leon/git/swp-report/iMX6_Platform_SDK/output/mx6sdl/gpu_demo/sabre_ai_rev_c/obj/apps/common/print_version.o
 .data          0x00000000102a0010       0x1c /home/leon/git/swp-report/iMX6_Platform_SDK/output/mx6sdl/gpu_demo/sabre_ai_rev_c/obj/apps/gpu_demo/src/gpu_test.o
                0x00000000102a0010                width
                0x00000000102a0014                height
                0x00000000102a0018                pixel_format
                0x00000000102a001c                depth_format
                0x00000000102a0020                lcd_pixel_format
                0x00000000102a0024                ENABLEZC
                0x00000000102a0028                USE_FAST_CLEAR
 .data          0x00000000102a002c        0x4 /home/leon/git/swp-report/iMX6_Platform_SDK/output/mx6sdl/gpu_demo/sabre_ai_rev_c/obj/apps/gpu_demo/src/sdk_gpu_utilities.o
 .data          0x00000000102a0030        0x0 /home/leon/git/swp-report/iMX6_Platform_SDK/output/mx6sdl/lib/libsdk.a(ccm_pll.o)
 .data          0x00000000102a0030        0x0 /home/leon/git/swp-report/iMX6_Platform_SDK/output/mx6sdl/lib/libsdk.a(cortexA9.o)
 .data          0x00000000102a0030        0x0 /home/leon/git/swp-report/iMX6_Platform_SDK/output/mx6sdl/lib/libsdk.a(gic.o)
 .data          0x00000000102a0030        0x0 /home/leon/git/swp-report/iMX6_Platform_SDK/output/mx6sdl/lib/libsdk.a(mmu.o)
 .data          0x00000000102a0030        0x0 /home/leon/git/swp-report/iMX6_Platform_SDK/output/mx6sdl/lib/libsdk.a(startup.o)
 .data          0x00000000102a0030        0x0 /home/leon/git/swp-report/iMX6_Platform_SDK/output/mx6sdl/lib/libsdk.a(vectors.o)
 .data          0x00000000102a0030        0x0 /home/leon/git/swp-report/iMX6_Platform_SDK/output/mx6sdl/lib/libsdk.a(sdk_version.o)
 .data          0x00000000102a0030        0x0 /home/leon/git/swp-report/iMX6_Platform_SDK/output/mx6sdl/lib/libsdk.a(system_util.o)
 .data          0x00000000102a0030        0x4 /home/leon/git/swp-report/iMX6_Platform_SDK/output/mx6sdl/lib/libsdk.a(text_color.o)
                0x00000000102a0030                is_color_supported
 .data          0x00000000102a0034        0x0 /home/leon/git/swp-report/iMX6_Platform_SDK/output/mx6sdl/lib/libsdk.a(board_id.o)
 .data          0x00000000102a0034      0x368 /home/leon/git/swp-report/iMX6_Platform_SDK/output/mx6sdl/lib/libsdk.a(ips_disp_panel.o)
                0x00000000102a0034                disp_dev_list
                0x00000000102a0398                num_of_panels
 .data          0x00000000102a039c        0x0 /home/leon/git/swp-report/iMX6_Platform_SDK/output/mx6sdl/lib/libsdk.a(ipu_common.o)
 .data          0x00000000102a039c        0x0 /home/leon/git/swp-report/iMX6_Platform_SDK/output/mx6sdl/lib/libsdk.a(ipu_csi.o)
 .data          0x00000000102a039c        0x0 /home/leon/git/swp-report/iMX6_Platform_SDK/output/mx6sdl/lib/libsdk.a(ipu_dc.o)
 .data          0x00000000102a039c        0x0 /home/leon/git/swp-report/iMX6_Platform_SDK/output/mx6sdl/lib/libsdk.a(ipu_di.o)
 .data          0x00000000102a039c        0x0 /home/leon/git/swp-report/iMX6_Platform_SDK/output/mx6sdl/lib/libsdk.a(ipu_dmfc.o)
 .data          0x00000000102a039c        0x0 /home/leon/git/swp-report/iMX6_Platform_SDK/output/mx6sdl/lib/libsdk.a(ipu_dp.o)
 .data          0x00000000102a039c        0x0 /home/leon/git/swp-report/iMX6_Platform_SDK/output/mx6sdl/lib/libsdk.a(ipu_idmac.o)
 .data          0x00000000102a039c        0x0 /home/leon/git/swp-report/iMX6_Platform_SDK/output/mx6sdl/lib/libsdk.a(ipu_vdi.o)
 .data          0x00000000102a039c        0x0 /home/leon/git/swp-report/iMX6_Platform_SDK/output/mx6sdl/lib/libsdk.a(ldb.o)
 .data          0x00000000102a039c        0x0 /home/leon/git/swp-report/iMX6_Platform_SDK/output/mx6sdl/lib/libsdk.a(timer.o)
 .data          0x00000000102a039c        0x0 /home/leon/git/swp-report/iMX6_Platform_SDK/output/mx6sdl/lib/libsdk.a(imx_uart.o)
 .data          0x00000000102a039c        0x4 /home/leon/git/swp-report/iMX6_Platform_SDK/output/mx6sdl/lib/libsdk.a(arm_abort.o)
 .data          0x00000000102a03a0        0x0 /home/leon/git/swp-report/iMX6_Platform_SDK/output/mx6sdl/lib/libsdk.a(interrupt.o)
 .data          0x00000000102a03a0        0x0 /home/leon/git/swp-report/iMX6_Platform_SDK/output/mx6sdl/lib/libsdk.a(ipu_ic.o)
 .data          0x00000000102a03a0        0x0 /home/leon/git/swp-report/iMX6_Platform_SDK/output/mx6sdl/lib/libsdk.a(epit.o)
 .data          0x00000000102a03a0        0x0 /home/leon/git/swp-report/iMX6_Platform_SDK/output/mx6sdl/lib/libsdk.a(abort_handler.o)
 .data          0x00000000102a03a0        0x0 /home/leon/git/swp-report/iMX6_Platform_SDK/output/mx6sdl/lib/libboard_sabre_ai_rev_c.a(board_display.o)
 .data          0x00000000102a03a0        0x0 /home/leon/git/swp-report/iMX6_Platform_SDK/output/mx6sdl/lib/libboard_sabre_ai_rev_c.a(board_hdmi.o)
 .data          0x00000000102a03a0        0x0 /home/leon/git/swp-report/iMX6_Platform_SDK/output/mx6sdl/lib/libboard_sabre_ai_rev_c.a(board_io_expanders.o)
 .data          0x00000000102a03a0        0x0 /home/leon/git/swp-report/iMX6_Platform_SDK/output/mx6sdl/lib/libboard_sabre_ai_rev_c.a(board_mipi.o)
 .data          0x00000000102a03a0        0x8 /home/leon/git/swp-report/iMX6_Platform_SDK/output/mx6sdl/lib/libboard_sabre_ai_rev_c.a(hardware_modules.o)
                0x00000000102a03a0                g_debug_uart_port
                0x00000000102a03a4                g_system_timer_port
 .data          0x00000000102a03a8        0x0 /home/leon/git/swp-report/iMX6_Platform_SDK/output/mx6sdl/lib/libboard_sabre_ai_rev_c.a(dcd.o)
 .data          0x00000000102a03a8        0x0 /home/leon/git/swp-report/iMX6_Platform_SDK/output/mx6sdl/lib/libboard_sabre_ai_rev_c.a(i2c3_iomux_config.o)
 .data          0x00000000102a03a8        0x0 /home/leon/git/swp-report/iMX6_Platform_SDK/output/mx6sdl/lib/libboard_sabre_ai_rev_c.a(iomux_config.o)
 .data          0x00000000102a03a8        0x0 /home/leon/git/swp-report/iMX6_Platform_SDK/output/mx6sdl/lib/libboard_sabre_ai_rev_c.a(ipu1_iomux_config.o)
 .data          0x00000000102a03a8        0x0 /home/leon/git/swp-report/iMX6_Platform_SDK/output/mx6sdl/lib/libboard_sabre_ai_rev_c.a(mlb_iomux_config.o)
 .data          0x00000000102a03a8        0x0 /home/leon/git/swp-report/iMX6_Platform_SDK/output/mx6sdl/lib/libboard_sabre_ai_rev_c.a(mmdc_iomux_config.o)
 .data          0x00000000102a03a8        0x0 /home/leon/git/swp-report/iMX6_Platform_SDK/output/mx6sdl/lib/libboard_sabre_ai_rev_c.a(pwm3_iomux_config.o)
 .data          0x00000000102a03a8        0x0 /home/leon/git/swp-report/iMX6_Platform_SDK/output/mx6sdl/lib/libboard_sabre_ai_rev_c.a(pwm4_iomux_config.o)
 .data          0x00000000102a03a8        0x0 /home/leon/git/swp-report/iMX6_Platform_SDK/output/mx6sdl/lib/libboard_sabre_ai_rev_c.a(sjc_iomux_config.o)
 .data          0x00000000102a03a8        0x0 /home/leon/git/swp-report/iMX6_Platform_SDK/output/mx6sdl/lib/libboard_sabre_ai_rev_c.a(spdif_iomux_config.o)
 .data          0x00000000102a03a8        0x0 /home/leon/git/swp-report/iMX6_Platform_SDK/output/mx6sdl/lib/libboard_sabre_ai_rev_c.a(uart2_iomux_config.o)
 .data          0x00000000102a03a8        0x0 /home/leon/git/swp-report/iMX6_Platform_SDK/output/mx6sdl/lib/libboard_sabre_ai_rev_c.a(uart3_iomux_config.o)
 .data          0x00000000102a03a8        0x0 /home/leon/git/swp-report/iMX6_Platform_SDK/output/mx6sdl/lib/libboard_sabre_ai_rev_c.a(uart4_iomux_config.o)
 .data          0x00000000102a03a8        0x0 /home/leon/git/swp-report/iMX6_Platform_SDK/output/mx6sdl/lib/libboard_sabre_ai_rev_c.a(uart_iomux_config.o)
 .data          0x00000000102a03a8        0x0 /home/leon/git/swp-report/iMX6_Platform_SDK/output/mx6sdl/lib/libboard_sabre_ai_rev_c.a(usdhc1_iomux_config.o)
 .data          0x00000000102a03a8        0x0 /home/leon/git/swp-report/iMX6_Platform_SDK/output/mx6sdl/lib/libboard_sabre_ai_rev_c.a(usdhc3_iomux_config.o)
 .data          0x00000000102a03a8        0x0 /home/leon/git/swp-report/iMX6_Platform_SDK/output/mx6sdl/lib/libboard_sabre_ai_rev_c.a(wdog1_iomux_config.o)
 .data          0x00000000102a03a8        0x0 /home/leon/git/swp-report/iMX6_Platform_SDK/output/mx6sdl/lib/libboard_sabre_ai_rev_c.a(audmux_iomux_config.o)
 .data          0x00000000102a03a8        0x0 /home/leon/git/swp-report/iMX6_Platform_SDK/output/mx6sdl/lib/libboard_sabre_ai_rev_c.a(ccm_iomux_config.o)
 .data          0x00000000102a03a8        0x0 /home/leon/git/swp-report/iMX6_Platform_SDK/output/mx6sdl/lib/libboard_sabre_ai_rev_c.a(ecspi1_iomux_config.o)
 .data          0x00000000102a03a8        0x0 /home/leon/git/swp-report/iMX6_Platform_SDK/output/mx6sdl/lib/libboard_sabre_ai_rev_c.a(eim_iomux_config.o)
 .data          0x00000000102a03a8        0x0 /home/leon/git/swp-report/iMX6_Platform_SDK/output/mx6sdl/lib/libboard_sabre_ai_rev_c.a(enet_iomux_config.o)
 .data          0x00000000102a03a8        0x0 /home/leon/git/swp-report/iMX6_Platform_SDK/output/mx6sdl/lib/libboard_sabre_ai_rev_c.a(esai_iomux_config.o)
 .data          0x00000000102a03a8        0x0 /home/leon/git/swp-report/iMX6_Platform_SDK/output/mx6sdl/lib/libboard_sabre_ai_rev_c.a(flexcan1_iomux_config.o)
 .data          0x00000000102a03a8        0x0 /home/leon/git/swp-report/iMX6_Platform_SDK/output/mx6sdl/lib/libboard_sabre_ai_rev_c.a(flexcan2_iomux_config.o)
 .data          0x00000000102a03a8        0x0 /home/leon/git/swp-report/iMX6_Platform_SDK/output/mx6sdl/lib/libboard_sabre_ai_rev_c.a(gpio1_iomux_config.o)
 .data          0x00000000102a03a8        0x0 /home/leon/git/swp-report/iMX6_Platform_SDK/output/mx6sdl/lib/libboard_sabre_ai_rev_c.a(gpio2_iomux_config.o)
 .data          0x00000000102a03a8        0x0 /home/leon/git/swp-report/iMX6_Platform_SDK/output/mx6sdl/lib/libboard_sabre_ai_rev_c.a(gpio4_iomux_config.o)
 .data          0x00000000102a03a8        0x0 /home/leon/git/swp-report/iMX6_Platform_SDK/output/mx6sdl/lib/libboard_sabre_ai_rev_c.a(gpio5_iomux_config.o)
 .data          0x00000000102a03a8        0x0 /home/leon/git/swp-report/iMX6_Platform_SDK/output/mx6sdl/lib/libboard_sabre_ai_rev_c.a(gpio6_iomux_config.o)
 .data          0x00000000102a03a8        0x0 /home/leon/git/swp-report/iMX6_Platform_SDK/output/mx6sdl/lib/libboard_sabre_ai_rev_c.a(gpmi_iomux_config.o)
 .data          0x00000000102a03a8        0x0 /home/leon/git/swp-report/iMX6_Platform_SDK/output/mx6sdl/lib/libboard_sabre_ai_rev_c.a(i2c2_iomux_config.o)
 .data          0x00000000102a03a8        0x0 /home/src/arm/target/bin/../arm-none-eabi/lib//libc.a(lib_a-assert.o)
 .data          0x00000000102a03a8        0x0 /home/src/arm/target/bin/../arm-none-eabi/lib//libc.a(lib_a-bzero.o)
 .data          0x00000000102a03a8        0x0 /home/src/arm/target/bin/../arm-none-eabi/lib//libc.a(lib_a-fiprintf.o)
 .data          0x00000000102a03a8        0x0 /home/src/arm/target/bin/../arm-none-eabi/lib//libc.a(lib_a-fputc.o)
 .data          0x00000000102a03a8      0x430 /home/src/arm/target/bin/../arm-none-eabi/lib//libc.a(lib_a-impure.o)
                0x00000000102a03a8                _impure_ptr
 .data          0x00000000102a07d8        0x0 /home/src/arm/target/bin/../arm-none-eabi/lib//libc.a(lib_a-init.o)
 .data          0x00000000102a07d8        0x0 /home/src/arm/target/bin/../arm-none-eabi/lib//libc.a(lib_a-malloc.o)
 .data          0x00000000102a07d8      0x410 /home/src/arm/target/bin/../arm-none-eabi/lib//libc.a(lib_a-mallocr.o)
                0x00000000102a07d8                __malloc_av_
                0x00000000102a0be0                __malloc_sbrk_base
                0x00000000102a0be4                __malloc_trim_threshold
 .data          0x00000000102a0be8        0x0 /home/src/arm/target/bin/../arm-none-eabi/lib//libc.a(lib_a-memcpy-stub.o)
 .data          0x00000000102a0be8        0x0 /home/src/arm/target/bin/../arm-none-eabi/lib//libc.a(lib_a-memset.o)
 .data          0x00000000102a0be8        0x0 /home/src/arm/target/bin/../arm-none-eabi/lib//libc.a(lib_a-mlock.o)
 .data          0x00000000102a0be8        0x0 /home/src/arm/target/bin/../arm-none-eabi/lib//libc.a(lib_a-printf.o)
 .data          0x00000000102a0be8        0x0 /home/src/arm/target/bin/../arm-none-eabi/lib//libc.a(lib_a-putc.o)
 .data          0x00000000102a0be8        0x0 /home/src/arm/target/bin/../arm-none-eabi/lib//libc.a(lib_a-realloc.o)
 .data          0x00000000102a0be8        0x0 /home/src/arm/target/bin/../arm-none-eabi/lib//libc.a(lib_a-reallocr.o)
 .data          0x00000000102a0be8        0x0 /home/src/arm/target/bin/../arm-none-eabi/lib//libc.a(lib_a-rget.o)
 .data          0x00000000102a0be8        0x0 /home/src/arm/target/bin/../arm-none-eabi/lib//libc.a(lib_a-sbrkr.o)
 .data          0x00000000102a0be8        0x0 /home/src/arm/target/bin/../arm-none-eabi/lib//libc.a(lib_a-sprintf.o)
 .data          0x00000000102a0be8        0x0 /home/src/arm/target/bin/../arm-none-eabi/lib//libc.a(lib_a-strcmp.o)
 .data          0x00000000102a0be8        0x0 /home/src/arm/target/bin/../arm-none-eabi/lib//libc.a(lib_a-svfprintf.o)
 .data          0x00000000102a0be8        0x0 /home/src/arm/target/bin/../arm-none-eabi/lib//libc.a(lib_a-syscalls.o)
 .data          0x00000000102a0be8        0x0 /home/src/arm/target/bin/../arm-none-eabi/lib//libc.a(lib_a-vfiprintf.o)
 .data          0x00000000102a0be8        0x0 /home/src/arm/target/bin/../arm-none-eabi/lib//libc.a(lib_a-vfprintf.o)
 .data          0x00000000102a0be8        0x0 /home/src/arm/target/bin/../arm-none-eabi/lib//libc.a(lib_a-vprintf.o)
 .data          0x00000000102a0be8        0x0 /home/src/arm/target/bin/../arm-none-eabi/lib//libc.a(lib_a-wbuf.o)
 .data          0x00000000102a0be8        0x0 /home/src/arm/target/bin/../arm-none-eabi/lib//libc.a(lib_a-wsetup.o)
 .data          0x00000000102a0be8        0x0 /home/src/arm/target/bin/../arm-none-eabi/lib//libc.a(lib_a-abort.o)
 .data          0x00000000102a0be8        0x0 /home/src/arm/target/bin/../arm-none-eabi/lib//libc.a(lib_a-dtoa.o)
 .data          0x00000000102a0be8        0x0 /home/src/arm/target/bin/../arm-none-eabi/lib//libc.a(lib_a-errno.o)
 .data          0x00000000102a0be8        0x0 /home/src/arm/target/bin/../arm-none-eabi/lib//libc.a(lib_a-fflush.o)
 .data          0x00000000102a0be8        0x0 /home/src/arm/target/bin/../arm-none-eabi/lib//libc.a(lib_a-findfp.o)
 .data          0x00000000102a0be8        0x0 /home/src/arm/target/bin/../arm-none-eabi/lib//libc.a(lib_a-fputwc.o)
 .data          0x00000000102a0be8        0x0 /home/src/arm/target/bin/../arm-none-eabi/lib//libc.a(lib_a-freer.o)
 .data          0x00000000102a0be8        0x0 /home/src/arm/target/bin/../arm-none-eabi/lib//libc.a(lib_a-fvwrite.o)
 .data          0x00000000102a0be8        0x0 /home/src/arm/target/bin/../arm-none-eabi/lib//libc.a(lib_a-fwalk.o)
 .data          0x00000000102a0be8       0x7c /home/src/arm/target/bin/../arm-none-eabi/lib//libc.a(lib_a-locale.o)
                0x00000000102a0c08                __mb_cur_max
 .data          0x00000000102a0c64        0x0 /home/src/arm/target/bin/../arm-none-eabi/lib//libc.a(lib_a-makebuf.o)
 .data          0x00000000102a0c64        0x0 /home/src/arm/target/bin/../arm-none-eabi/lib//libc.a(lib_a-memchr-stub.o)
 .data          0x00000000102a0c64        0x0 /home/src/arm/target/bin/../arm-none-eabi/lib//libc.a(lib_a-memmove.o)
 .data          0x00000000102a0c64        0x0 /home/src/arm/target/bin/../arm-none-eabi/lib//libc.a(lib_a-mprec.o)
 .data          0x00000000102a0c64        0x0 /home/src/arm/target/bin/../arm-none-eabi/lib//libc.a(lib_a-reent.o)
 .data          0x00000000102a0c64        0x0 /home/src/arm/target/bin/../arm-none-eabi/lib//libc.a(lib_a-refill.o)
 .data          0x00000000102a0c64        0x0 /home/src/arm/target/bin/../arm-none-eabi/lib//libc.a(lib_a-s_fpclassify.o)
 .data          0x00000000102a0c64        0x0 /home/src/arm/target/bin/../arm-none-eabi/lib//libc.a(lib_a-signal.o)
 .data          0x00000000102a0c64        0x0 /home/src/arm/target/bin/../arm-none-eabi/lib//libc.a(lib_a-signalr.o)
 .data          0x00000000102a0c64        0x0 /home/src/arm/target/bin/../arm-none-eabi/lib//libc.a(lib_a-stdio.o)
 .data          0x00000000102a0c64        0x0 /home/src/arm/target/bin/../arm-none-eabi/lib//libc.a(lib_a-strlen.o)
 .data          0x00000000102a0c64        0x0 /home/src/arm/target/bin/../arm-none-eabi/lib//libc.a(lib_a-svfiprintf.o)
 .data          0x00000000102a0c64        0x0 /home/src/arm/target/bin/../arm-none-eabi/lib//libc.a(lib_a-wcrtomb.o)
 .data          0x00000000102a0c64        0x4 /home/src/arm/target/bin/../arm-none-eabi/lib//libc.a(lib_a-wctomb_r.o)
                0x00000000102a0c64                __wctomb
 .data          0x00000000102a0c68        0x0 /home/src/arm/target/bin/../arm-none-eabi/lib//libc.a(lib_a-writer.o)
 .data          0x00000000102a0c68        0x0 /home/src/arm/target/bin/../arm-none-eabi/lib//libc.a(lib_a-callocr.o)
 .data          0x00000000102a0c68        0x0 /home/src/arm/target/bin/../arm-none-eabi/lib//libc.a(lib_a-closer.o)
 .data          0x00000000102a0c68        0x0 /home/src/arm/target/bin/../arm-none-eabi/lib//libc.a(lib_a-fclose.o)
 .data          0x00000000102a0c68        0x0 /home/src/arm/target/bin/../arm-none-eabi/lib//libc.a(lib_a-fstatr.o)
 .data          0x00000000102a0c68        0x0 /home/src/arm/target/bin/../arm-none-eabi/lib//libc.a(lib_a-isattyr.o)
 .data          0x00000000102a0c68        0x0 /home/src/arm/target/bin/../arm-none-eabi/lib//libc.a(lib_a-lseekr.o)
 .data          0x00000000102a0c68        0x0 /home/src/arm/target/bin/../arm-none-eabi/lib//libc.a(lib_a-readr.o)
 .data          0x00000000102a0c68        0x0 /home/src/arm/target/bin/../lib/gcc/arm-none-eabi/4.8.2//libgcc.a(_udivsi3.o)
 .data          0x00000000102a0c68        0x0 /home/src/arm/target/bin/../lib/gcc/arm-none-eabi/4.8.2//libgcc.a(_divsi3.o)
 .data          0x00000000102a0c68        0x0 /home/src/arm/target/bin/../lib/gcc/arm-none-eabi/4.8.2//libgcc.a(_dvmd_tls.o)
 .data          0x00000000102a0c68        0x0 /home/src/arm/target/bin/../lib/gcc/arm-none-eabi/4.8.2//libgcc.a(_arm_addsubdf3.o)
 .data          0x00000000102a0c68        0x0 /home/src/arm/target/bin/../lib/gcc/arm-none-eabi/4.8.2//libgcc.a(_arm_muldivdf3.o)
 .data          0x00000000102a0c68        0x0 /home/src/arm/target/bin/../lib/gcc/arm-none-eabi/4.8.2//libgcc.a(_arm_cmpdf2.o)
 .data          0x00000000102a0c68        0x0 /home/src/arm/target/bin/../lib/gcc/arm-none-eabi/4.8.2//libgcc.a(_arm_fixdfsi.o)
 .data          0x00000000102a0c68        0x0 /home/src/arm/target/bin/../lib/gcc/arm-none-eabi/4.8.2//libgcc.a(_aeabi_uldivmod.o)
 .data          0x00000000102a0c68        0x0 /home/src/arm/target/bin/../lib/gcc/arm-none-eabi/4.8.2//libgcc.a(bpabi.o)
 .data          0x00000000102a0c68        0x0 /home/src/arm/target/bin/../lib/gcc/arm-none-eabi/4.8.2//libgcc.a(_divdi3.o)
 .data          0x00000000102a0c68        0x0 /home/src/arm/target/bin/../lib/gcc/arm-none-eabi/4.8.2//libgcc.a(_udivdi3.o)
 .data          0x00000000102a0c68        0x0 /home/src/arm/target/bin/../lib/gcc/arm-none-eabi/4.8.2//libgcc.a(_clzsi2.o)
 .data          0x00000000102a0c68        0x0 /home/leon/git/swp-report/iMX6_Platform_SDK/output/mx6sdl/lib/libsdk.a(max7310.o)
 .data          0x00000000102a0c68        0x0 /home/leon/git/swp-report/iMX6_Platform_SDK/output/mx6sdl/lib/libsdk.a(gpio.o)
 .data          0x00000000102a0c68        0x0 /home/leon/git/swp-report/iMX6_Platform_SDK/output/mx6sdl/lib/libsdk.a(imx6sdl_gpio_map.o)
 .data          0x00000000102a0c68        0x0 /home/leon/git/swp-report/iMX6_Platform_SDK/output/mx6sdl/lib/libsdk.a(imx_i2c.o)
 .data          0x00000000102a0c68        0x0 /home/leon/git/swp-report/iMX6_Platform_SDK/output/mx6sdl/lib/libboard_sabre_ai_rev_c.a(i2c_iomux_config.o)

.jcr            0x00000000102a0c68        0x4
 .jcr           0x00000000102a0c68        0x0 /home/src/arm/target/bin/../lib/gcc/arm-none-eabi/4.8.2//crtbegin.o
 .jcr           0x00000000102a0c68        0x4 /home/src/arm/target/bin/../lib/gcc/arm-none-eabi/4.8.2//crtend.o

.tm_clone_table
                0x00000000102a0c6c        0x0
 .tm_clone_table
                0x00000000102a0c6c        0x0 /home/src/arm/target/bin/../lib/gcc/arm-none-eabi/4.8.2//crtbegin.o
 .tm_clone_table
                0x00000000102a0c6c        0x0 /home/src/arm/target/bin/../lib/gcc/arm-none-eabi/4.8.2//crtend.o

.igot.plt       0x00000000102a0c6c        0x0
 .igot.plt      0x0000000000000000        0x0 /home/src/arm/target/bin/../lib/gcc/arm-none-eabi/4.8.2//crtbegin.o

.hab.data       0x0000000010400000     0x2000
                0x0000000010400000                __hab_data = .
                0x0000000010402000                . = (. + 0x2000)
 *fill*         0x0000000010400000     0x2000 
                0x0000000010402000                . = ALIGN (0x20)
                0x0000000010402000                __hab_data_end = .
                0x0000000000402000                _image_size = (. - _start_image_add)

.bss            0x0000000010402000      0x44c
                0x0000000010402000                __bss_start__ = .
 *(.shbss)
 *(.bss .bss.* .gnu.linkonce.b.*)
 .bss           0x0000000010402000       0x1c /home/src/arm/target/bin/../lib/gcc/arm-none-eabi/4.8.2//crtbegin.o
 .bss           0x000000001040201c        0x0 /home/src/arm/target/bin/../lib/gcc/arm-none-eabi/4.8.2//crti.o
 .bss           0x000000001040201c        0x0 /home/src/arm/target/bin/../lib/gcc/arm-none-eabi/4.8.2//crtend.o
 .bss           0x000000001040201c        0x0 /home/src/arm/target/bin/../lib/gcc/arm-none-eabi/4.8.2//crtn.o
 .bss           0x000000001040201c        0x0 /home/leon/git/swp-report/iMX6_Platform_SDK/apps/gpu_demo/src/rotate_texture.o
 .bss           0x000000001040201c        0x0 /home/leon/git/swp-report/iMX6_Platform_SDK/apps/gpu_demo/src/texture.o
 .bss           0x000000001040201c        0x0 /home/leon/git/swp-report/iMX6_Platform_SDK/output/mx6sdl/gpu_demo/sabre_ai_rev_c/obj/apps/common/ivt.o
 .bss           0x000000001040201c        0x0 /home/leon/git/swp-report/iMX6_Platform_SDK/output/mx6sdl/gpu_demo/sabre_ai_rev_c/obj/apps/common/platform_init.o
 .bss           0x000000001040201c        0x0 /home/leon/git/swp-report/iMX6_Platform_SDK/output/mx6sdl/gpu_demo/sabre_ai_rev_c/obj/apps/common/print_clock_info.o
 .bss           0x000000001040201c        0x0 /home/leon/git/swp-report/iMX6_Platform_SDK/output/mx6sdl/gpu_demo/sabre_ai_rev_c/obj/apps/common/print_version.o
 .bss           0x000000001040201c       0x24 /home/leon/git/swp-report/iMX6_Platform_SDK/output/mx6sdl/gpu_demo/sabre_ai_rev_c/obj/apps/gpu_demo/src/gpu_test.o
                0x000000001040201c                new_width
                0x0000000010402020                new_height
                0x0000000010402024                new_half_width
                0x0000000010402028                new_half_height
                0x000000001040202c                neg_new_half_height
                0x0000000010402030                SAVE_BMP
                0x0000000010402034                HZ
                0x0000000010402038                gpu_new_frame
 .bss           0x0000000010402040        0x4 /home/leon/git/swp-report/iMX6_Platform_SDK/output/mx6sdl/gpu_demo/sabre_ai_rev_c/obj/apps/gpu_demo/src/sdk_gpu_utilities.o
                0x0000000010402040                frame_no
 .bss           0x0000000010402044        0x0 /home/leon/git/swp-report/iMX6_Platform_SDK/output/mx6sdl/lib/libsdk.a(ccm_pll.o)
 .bss           0x0000000010402044        0x0 /home/leon/git/swp-report/iMX6_Platform_SDK/output/mx6sdl/lib/libsdk.a(cortexA9.o)
 .bss           0x0000000010402044        0x0 /home/leon/git/swp-report/iMX6_Platform_SDK/output/mx6sdl/lib/libsdk.a(gic.o)
 .bss           0x0000000010402044        0x0 /home/leon/git/swp-report/iMX6_Platform_SDK/output/mx6sdl/lib/libsdk.a(mmu.o)
 .bss           0x0000000010402044        0x0 /home/leon/git/swp-report/iMX6_Platform_SDK/output/mx6sdl/lib/libsdk.a(startup.o)
 .bss           0x0000000010402044        0x0 /home/leon/git/swp-report/iMX6_Platform_SDK/output/mx6sdl/lib/libsdk.a(vectors.o)
 .bss           0x0000000010402044        0x0 /home/leon/git/swp-report/iMX6_Platform_SDK/output/mx6sdl/lib/libsdk.a(sdk_version.o)
 .bss           0x0000000010402044        0x0 /home/leon/git/swp-report/iMX6_Platform_SDK/output/mx6sdl/lib/libsdk.a(system_util.o)
 .bss           0x0000000010402044        0x0 /home/leon/git/swp-report/iMX6_Platform_SDK/output/mx6sdl/lib/libsdk.a(text_color.o)
 .bss           0x0000000010402044        0x0 /home/leon/git/swp-report/iMX6_Platform_SDK/output/mx6sdl/lib/libsdk.a(board_id.o)
 .bss           0x0000000010402044        0x0 /home/leon/git/swp-report/iMX6_Platform_SDK/output/mx6sdl/lib/libsdk.a(ips_disp_panel.o)
 .bss           0x0000000010402044       0x10 /home/leon/git/swp-report/iMX6_Platform_SDK/output/mx6sdl/lib/libsdk.a(ipu_common.o)
                0x0000000010402044                csi_vdi_direct_path
                0x0000000010402048                csi_dma_band_mode
 .bss           0x0000000010402054        0x0 /home/leon/git/swp-report/iMX6_Platform_SDK/output/mx6sdl/lib/libsdk.a(ipu_csi.o)
 .bss           0x0000000010402054        0x0 /home/leon/git/swp-report/iMX6_Platform_SDK/output/mx6sdl/lib/libsdk.a(ipu_dc.o)
 .bss           0x0000000010402054        0x0 /home/leon/git/swp-report/iMX6_Platform_SDK/output/mx6sdl/lib/libsdk.a(ipu_di.o)
 .bss           0x0000000010402054        0x0 /home/leon/git/swp-report/iMX6_Platform_SDK/output/mx6sdl/lib/libsdk.a(ipu_dmfc.o)