Archive member included because of file (symbol)

/home/leon/git/swp-report/iMX6_Platform_SDK/output/mx6sdl/lib/libsdk.a(armv7_cache.o)
                              /home/leon/git/swp-report/iMX6_Platform_SDK/output/mx6sdl/smp_primes/smart_device_rev_c/obj/apps/smp_primes/src/main.o (arm_dcache_enable)
/home/leon/git/swp-report/iMX6_Platform_SDK/output/mx6sdl/lib/libsdk.a(ccm_pll.o)
                              /home/leon/git/swp-report/iMX6_Platform_SDK/output/mx6sdl/smp_primes/smart_device_rev_c/obj/apps/common/platform_init.o (ccm_init)
/home/leon/git/swp-report/iMX6_Platform_SDK/output/mx6sdl/lib/libsdk.a(cortexA9.o)
                              /home/leon/git/swp-report/iMX6_Platform_SDK/output/mx6sdl/smp_primes/smart_device_rev_c/obj/apps/common/platform_init.o (arm_set_interrupt_state)
/home/leon/git/swp-report/iMX6_Platform_SDK/output/mx6sdl/lib/libsdk.a(gic.o)
                              /home/leon/git/swp-report/iMX6_Platform_SDK/output/mx6sdl/smp_primes/smart_device_rev_c/obj/apps/common/platform_init.o (gic_init)
/home/leon/git/swp-report/iMX6_Platform_SDK/output/mx6sdl/lib/libsdk.a(mmu.o)
                              /home/leon/git/swp-report/iMX6_Platform_SDK/output/mx6sdl/smp_primes/smart_device_rev_c/obj/apps/common/platform_init.o (mmu_init)
/home/leon/git/swp-report/iMX6_Platform_SDK/output/mx6sdl/lib/libsdk.a(startup.o)
                              (_start)
/home/leon/git/swp-report/iMX6_Platform_SDK/output/mx6sdl/lib/libsdk.a(vectors.o)
                              /home/leon/git/swp-report/iMX6_Platform_SDK/output/mx6sdl/lib/libsdk.a(startup.o) (vectors)
/home/leon/git/swp-report/iMX6_Platform_SDK/output/mx6sdl/lib/libsdk.a(spinlock.o)
                              /home/leon/git/swp-report/iMX6_Platform_SDK/output/mx6sdl/smp_primes/smart_device_rev_c/obj/apps/smp_primes/src/main.o (spinlock_init)
/home/leon/git/swp-report/iMX6_Platform_SDK/output/mx6sdl/lib/libsdk.a(spinlock_lock_unlock.o)
                              /home/leon/git/swp-report/iMX6_Platform_SDK/output/mx6sdl/smp_primes/smart_device_rev_c/obj/apps/smp_primes/src/main.o (spinlock_lock)
/home/leon/git/swp-report/iMX6_Platform_SDK/output/mx6sdl/lib/libsdk.a(system_util.o)
                              /home/leon/git/swp-report/iMX6_Platform_SDK/output/mx6sdl/lib/libsdk.a(startup.o) (_sys_exit)
/home/leon/git/swp-report/iMX6_Platform_SDK/output/mx6sdl/lib/libsdk.a(text_color.o)
                              /home/leon/git/swp-report/iMX6_Platform_SDK/output/mx6sdl/lib/libsdk.a(system_util.o) (g_TextAttributeBold)
/home/leon/git/swp-report/iMX6_Platform_SDK/output/mx6sdl/lib/libsdk.a(cpu_get_cores.o)
                              /home/leon/git/swp-report/iMX6_Platform_SDK/output/mx6sdl/smp_primes/smart_device_rev_c/obj/apps/smp_primes/src/main.o (cpu_get_cores)
/home/leon/git/swp-report/iMX6_Platform_SDK/output/mx6sdl/lib/libsdk.a(cpu_multicore.o)
                              /home/leon/git/swp-report/iMX6_Platform_SDK/output/mx6sdl/smp_primes/smart_device_rev_c/obj/apps/smp_primes/src/main.o (cpu_start_secondary)
/home/leon/git/swp-report/iMX6_Platform_SDK/output/mx6sdl/lib/libsdk.a(timer.o)
                              /home/leon/git/swp-report/iMX6_Platform_SDK/output/mx6sdl/smp_primes/smart_device_rev_c/obj/apps/common/platform_init.o (system_time_init)
/home/leon/git/swp-report/iMX6_Platform_SDK/output/mx6sdl/lib/libsdk.a(imx_uart.o)
                              /home/leon/git/swp-report/iMX6_Platform_SDK/output/mx6sdl/smp_primes/smart_device_rev_c/obj/apps/common/platform_init.o (uart_getchar)
/home/leon/git/swp-report/iMX6_Platform_SDK/output/mx6sdl/lib/libsdk.a(arm_abort.o)
                              /home/leon/git/swp-report/iMX6_Platform_SDK/output/mx6sdl/lib/libsdk.a(vectors.o) (data_abort_handler)
/home/leon/git/swp-report/iMX6_Platform_SDK/output/mx6sdl/lib/libsdk.a(interrupt.o)
                              /home/leon/git/swp-report/iMX6_Platform_SDK/output/mx6sdl/lib/libsdk.a(vectors.o) (IRQ_HDLR)
/home/leon/git/swp-report/iMX6_Platform_SDK/output/mx6sdl/lib/libsdk.a(epit.o)
                              /home/leon/git/swp-report/iMX6_Platform_SDK/output/mx6sdl/lib/libsdk.a(timer.o) (epit_get_compare_event)
/home/leon/git/swp-report/iMX6_Platform_SDK/output/mx6sdl/lib/libsdk.a(abort_handler.o)
                              /home/leon/git/swp-report/iMX6_Platform_SDK/output/mx6sdl/lib/libsdk.a(arm_abort.o) (dump_regs)
/home/leon/git/swp-report/iMX6_Platform_SDK/output/mx6sdl/lib/libboard_smart_device_rev_c.a(board_io_expanders.o)
                              /home/leon/git/swp-report/iMX6_Platform_SDK/output/mx6sdl/smp_primes/smart_device_rev_c/obj/apps/common/platform_init.o (board_ioexpander_init)
/home/leon/git/swp-report/iMX6_Platform_SDK/output/mx6sdl/lib/libboard_smart_device_rev_c.a(hardware_modules.o)
                              /home/leon/git/swp-report/iMX6_Platform_SDK/output/mx6sdl/smp_primes/smart_device_rev_c/obj/apps/common/platform_init.o (g_debug_uart_port)
[...]
Memory Configuration

Name             Origin             Length             Attributes
OCRAM            0x0000000000900000 0x0000000000020000 xrw
DDR              0x0000000010000000 0x0000000040000000 xrw
*default*        0x0000000000000000 0xffffffffffffffff

Linker script and memory map

LOAD /home/src/arm/target/bin/../lib/gcc/arm-none-eabi/4.8.2//crtbegin.o
LOAD /home/src/arm/target/bin/../lib/gcc/arm-none-eabi/4.8.2//crti.o
LOAD /home/src/arm/target/bin/../lib/gcc/arm-none-eabi/4.8.2//crtend.o
LOAD /home/src/arm/target/bin/../lib/gcc/arm-none-eabi/4.8.2//crtn.o

.l1_page_table  0x0000000000900000     0x4000
                0x0000000000900000                __l1_page_table_start = .
                0x0000000000904000                . = (. + 0x4000)
 *fill*         0x0000000000900000     0x4000 

.heap.ocram     0x0000000000904000    0x1bfb8
                0x0000000000904000                __heap_ocram_start = .
                0x000000000091ffb8                . = (. + 0x1bfb8)
 *fill*         0x0000000000904000    0x1bfb8 
                0x000000000091ffb8                __heap_ocram_end = .

.ram_vectors    0x000000000091ffb8       0x48
                0x000000000091ffb8                __ram_vectors_start = .
                0x0000000000920000                . = (. + 0x48)
 *fill*         0x000000000091ffb8       0x48 
                0x0000000000920000                __ram_vectors_end = .
                0x0000000010000000                _start_image_add = ORIGIN (DDR)

.ivt            0x0000000010000000      0x420
                0x0000000010000400                . = (. + 0x400)
 *fill*         0x0000000010000000      0x400 
 *(.ivt)
 .ivt           0x0000000010000400       0x20 /home/leon/git/swp-report/iMX6_Platform_SDK/output/mx6sdl/smp_primes/smart_device_rev_c/obj/apps/common/ivt.o
                0x0000000010000400                input_ivt

.boot_data      0x0000000010000420        0xc
                0x0000000010000420                __start_boot_data = .
 *(.boot_data)
 .boot_data     0x0000000010000420        0xc /home/leon/git/swp-report/iMX6_Platform_SDK/output/mx6sdl/smp_primes/smart_device_rev_c/obj/apps/common/ivt.o
                0x0000000010000420                bd

.dcd_hdr        0x0000000010000430        0x4
                0x0000000010000430                __start_dcd = .
 *(.dcd_hdr)
 .dcd_hdr       0x0000000010000430        0x4 /home/leon/git/swp-report/iMX6_Platform_SDK/output/mx6sdl/lib/libboard_smart_device_rev_c.a(dcd.o)
                0x0000000010000430                input_dcd_hdr

.dcd_wrt_cmd    0x0000000010000434        0x4
 *(.dcd_wrt_cmd)
 .dcd_wrt_cmd   0x0000000010000434        0x4 /home/leon/git/swp-report/iMX6_Platform_SDK/output/mx6sdl/lib/libboard_smart_device_rev_c.a(dcd.o)
                0x0000000010000434                input_dcd_wrt_cmd

.dcd_data       0x0000000010000438      0x298
 *(.dcd_data)
 .dcd_data      0x0000000010000438      0x298 /home/leon/git/swp-report/iMX6_Platform_SDK/output/mx6sdl/lib/libboard_smart_device_rev_c.a(dcd.o)
                0x0000000010000438                input_dcd

.text           0x00000000100006d0    0x16e00
 CREATE_OBJECT_SYMBOLS
 *(.startup)
 .startup       0x00000000100006d0      0x138 /home/leon/git/swp-report/iMX6_Platform_SDK/output/mx6sdl/lib/libsdk.a(startup.o)
                0x00000000100006d0                _start
 *(.text .text.* .gnu.linkonce.t.*)
 .text          0x0000000010000808      0x128 /home/src/arm/target/bin/../lib/gcc/arm-none-eabi/4.8.2//crtbegin.o
 .text          0x0000000010000930        0x0 /home/src/arm/target/bin/../lib/gcc/arm-none-eabi/4.8.2//crti.o
 .text          0x0000000010000930        0x0 /home/src/arm/target/bin/../lib/gcc/arm-none-eabi/4.8.2//crtend.o
 .text          0x0000000010000930        0x0 /home/src/arm/target/bin/../lib/gcc/arm-none-eabi/4.8.2//crtn.o
 .text          0x0000000010000930        0x0 /home/leon/git/swp-report/iMX6_Platform_SDK/output/mx6sdl/smp_primes/smart_device_rev_c/obj/apps/common/ivt.o
 .text          0x0000000010000930       0xbc /home/leon/git/swp-report/iMX6_Platform_SDK/output/mx6sdl/smp_primes/smart_device_rev_c/obj/apps/common/platform_init.o
                0x0000000010000930                platform_init
 .text          0x00000000100009ec      0x380 /home/leon/git/swp-report/iMX6_Platform_SDK/output/mx6sdl/smp_primes/smart_device_rev_c/obj/apps/smp_primes/src/main.o
                0x00000000100009ec                configure_cpu
                0x0000000010000a40                smp_primes
                0x0000000010000d50                main
 .text          0x0000000010000d6c      0x558 /home/leon/git/swp-report/iMX6_Platform_SDK/output/mx6sdl/smp_primes/smart_device_rev_c/obj/apps/smp_primes/src/primes.o
                0x0000000010000ea0                initPrimes
                0x000000001000119c                calculatePrimes
 .text          0x00000000100012c4      0x634 /home/leon/git/swp-report/iMX6_Platform_SDK/output/mx6sdl/lib/libsdk.a(armv7_cache.o)
                0x00000000100012c4                arm_dcache_state_query
                0x0000000010001304                arm_dcache_enable
                0x000000001000134c                arm_dcache_disable
                0x0000000010001384                arm_dcache_invalidate
                0x0000000010001420                arm_dcache_invalidate_line
                0x000000001000148c                arm_dcache_invalidate_mlines
                0x000000001000152c                arm_dcache_flush
                0x00000000100015c8                arm_dcache_flush_line
                0x0000000010001634                arm_dcache_flush_mlines
                0x00000000100016d4                arm_icache_state_query
                0x0000000010001714                arm_icache_enable
                0x000000001000175c                arm_icache_disable
                0x0000000010001794                arm_icache_invalidate
                0x00000000100017c0                arm_icache_invalidate_is
                0x00000000100017ec                arm_icache_invalidate_line
                0x0000000010001858                arm_icache_invalidate_mlines
 .text          0x00000000100018f8      0xc50 /home/leon/git/swp-report/iMX6_Platform_SDK/output/mx6sdl/lib/libsdk.a(ccm_pll.o)
                0x00000000100018f8                ccm_init
                0x0000000010001a1c                get_main_clock
                0x0000000010001ca8                get_peri_clock
                0x0000000010001e48                ccm_ccgr_config
                0x0000000010001eb0                clock_gating_config
                0x00000000100022e8                ccm_set_lpm_wakeup_source
                0x00000000100023dc                ccm_enter_low_power
                0x000000001000244c                ipu_hsp_clk_config
                0x000000001000246c                gpu_clock_config
 .text          0x0000000010002548      0x164 /home/leon/git/swp-report/iMX6_Platform_SDK/output/mx6sdl/lib/libsdk.a(cortexA9.o)
                0x0000000010002548                arm_set_interrupt_state
                0x000000001000256c                cpu_get_current
                0x0000000010002578                enable_neon_fpu
                0x0000000010002594                disable_strict_align_check
                0x00000000100025a8                disable_L1_cache
                0x00000000100025c8                get_arm_private_peripheral_base
                0x00000000100025d0                arm_unified_tlb_invalidate
                0x00000000100025e0                arm_unified_tlb_invalidate_is
                0x00000000100025f0                arm_branch_prediction_enable
                0x0000000010002600                arm_branch_prediction_disable
                0x0000000010002610                arm_branch_target_cache_invalidate
                0x000000001000261c                arm_branch_target_cache_invalidate_is
                0x0000000010002628                scu_enable
                0x000000001000263c                scu_join_smp
                0x000000001000264c                scu_leave_smp
                0x000000001000265c                scu_get_cpus_in_smp
                0x0000000010002670                scu_enable_maintenance_broadcast
                0x0000000010002680                scu_disable_maintenance_broadcast
                0x0000000010002690                scu_secure_invalidate
 .text          0x00000000100026ac      0x5e0 /home/leon/git/swp-report/iMX6_Platform_SDK/output/mx6sdl/lib/libsdk.a(gic.o)
                0x0000000010002790                gic_enable
                0x00000000100027f0                gic_set_irq_security
                0x0000000010002898                gic_enable_irq
                0x0000000010002914                gic_set_irq_priority
                0x000000001000295c                gic_set_cpu_target
                0x0000000010002a68                gic_send_sgi
                0x0000000010002abc                gic_cpu_enable
                0x0000000010002b1c                gic_set_cpu_priority_mask
                0x0000000010002b50                gic_read_irq_ack
                0x0000000010002b7c                gic_write_end_of_irq
                0x0000000010002bac                gic_init
                0x0000000010002c50                gic_init_cpu
 .text          0x0000000010002c8c      0x458 /home/leon/git/swp-report/iMX6_Platform_SDK/output/mx6sdl/lib/libsdk.a(mmu.o)
                0x0000000010002c8c                mmu_enable
                0x0000000010002cc4                mmu_disable
                0x0000000010002cf8                mmu_init
                0x0000000010002e14                mmu_map_l1_range
                0x0000000010003028                mmu_virtual_to_physical
 .text          0x00000000100030e4        0x0 /home/leon/git/swp-report/iMX6_Platform_SDK/output/mx6sdl/lib/libsdk.a(startup.o)
 .text          0x00000000100030e4        0x4 /home/leon/git/swp-report/iMX6_Platform_SDK/output/mx6sdl/lib/libsdk.a(vectors.o)
                0x00000000100030e4                exception_handler
 .text.vectors  0x00000000100030e8       0x48 /home/leon/git/swp-report/iMX6_Platform_SDK/output/mx6sdl/lib/libsdk.a(vectors.o)
                0x00000000100030e8                vectors
 .text          0x0000000010003130       0x60 /home/leon/git/swp-report/iMX6_Platform_SDK/output/mx6sdl/lib/libsdk.a(spinlock.o)
                0x0000000010003130                spinlock_init
                0x0000000010003158                spinlock_is_locked
 .text          0x0000000010003190       0x60 /home/leon/git/swp-report/iMX6_Platform_SDK/output/mx6sdl/lib/libsdk.a(spinlock_lock_unlock.o)
                0x0000000010003190                spinlock_lock
                0x00000000100031bc                spinlock_unlock
 .text          0x00000000100031f0      0x8fc /home/leon/git/swp-report/iMX6_Platform_SDK/output/mx6sdl/lib/libsdk.a(system_util.o)
                0x00000000100031f0                _sys_exit
                0x000000001000320c                mybkpt
                0x0000000010003214                is_input_char
                0x0000000010003394                read_input_string
                0x0000000010003674                get_input_hex
                0x00000000100038ec                read_int
                0x0000000010003a48                jump_to_sdp
 .text          0x0000000010003aec       0xdc /home/leon/git/swp-report/iMX6_Platform_SDK/output/mx6sdl/lib/libsdk.a(text_color.o)
                0x0000000010003aec                printf_color
                0x0000000010003b84                get_color_supported
 .text          0x0000000010003bc8       0x78 /home/leon/git/swp-report/iMX6_Platform_SDK/output/mx6sdl/lib/libsdk.a(cpu_get_cores.o)
                0x0000000010003bc8                cpu_get_cores
 .text          0x0000000010003c40      0x1d0 /home/leon/git/swp-report/iMX6_Platform_SDK/output/mx6sdl/lib/libsdk.a(cpu_multicore.o)
                0x0000000010003ca4                cpu_start_secondary
                0x0000000010003da4                cpu_disable
 .text          0x0000000010003e10      0x27c /home/leon/git/swp-report/iMX6_Platform_SDK/output/mx6sdl/lib/libsdk.a(timer.o)
                0x0000000010003e10                hal_delay_us
                0x0000000010003e7c                system_time_init
                0x0000000010003fd8                time_get_microseconds
 .text          0x000000001000408c     0x281c /home/leon/git/swp-report/iMX6_Platform_SDK/output/mx6sdl/lib/libsdk.a(imx_uart.o)
                0x000000001000408c                uart_get_reffreq
                0x0000000010004188                uart_putchar
                0x00000000100042d8                uart_getchar
                0x0000000010004438                uart_set_FIFO_mode
                0x0000000010004f60                uart_set_loopback_mode
                0x00000000100051b4                uart_setup_interrupt
                0x0000000010005280                uart_init
 .text          0x00000000100068a8       0x98 /home/leon/git/swp-report/iMX6_Platform_SDK/output/mx6sdl/lib/libsdk.a(arm_abort.o)
                0x00000000100068a8                common_abort_handler
                0x0000000010006908                data_abort_handler
                0x0000000010006920                prefetch_abort_handler
 .text          0x0000000010006940      0x1b8 /home/leon/git/swp-report/iMX6_Platform_SDK/output/mx6sdl/lib/libsdk.a(interrupt.o)
                0x0000000010006940                IRQ_HDLR
                0x0000000010006a04                disable_interrupt
                0x0000000010006a40                enable_interrupt
                0x0000000010006a98                register_interrupt_routine
                0x0000000010006acc                default_interrupt_routine
 .text          0x0000000010006af8      0x8dc /home/leon/git/swp-report/iMX6_Platform_SDK/output/mx6sdl/lib/libsdk.a(epit.o)
                0x0000000010006af8                epit_reload_counter
                0x0000000010006b58                epit_get_counter_value
                0x0000000010006bb4                epit_set_compare_event
                0x0000000010006c14                epit_get_compare_event
                0x0000000010006d0c                epit_counter_disable
                0x0000000010006ed0                epit_counter_enable
                0x000000001000712c                epit_setup_interrupt
                0x00000000100071bc                epit_init
 .text          0x00000000100073d4      0x4bc /home/leon/git/swp-report/iMX6_Platform_SDK/output/mx6sdl/lib/libsdk.a(abort_handler.o)
                0x00000000100073d4                dump_regs
 .text          0x0000000010007890       0x20 /home/leon/git/swp-report/iMX6_Platform_SDK/output/mx6sdl/lib/libboard_smart_device_rev_c.a(board_io_expanders.o)
                0x0000000010007890                board_ioexpander_init
                0x00000000100078a0                board_ioexpander_iomux_config
 .text          0x00000000100078b0        0x0 /home/leon/git/swp-report/iMX6_Platform_SDK/output/mx6sdl/lib/libboard_smart_device_rev_c.a(hardware_modules.o)
 .text          0x00000000100078b0        0x0 /home/leon/git/swp-report/iMX6_Platform_SDK/output/mx6sdl/lib/libboard_smart_device_rev_c.a(dcd.o)
 .text          0x00000000100078b0       0x8c /home/leon/git/swp-report/iMX6_Platform_SDK/output/mx6sdl/lib/libboard_smart_device_rev_c.a(uart_iomux_config.o)
                0x00000000100078b0                uart_iomux_config
 .text          0x000000001000793c      0x2f8 /home/leon/git/swp-report/iMX6_Platform_SDK/output/mx6sdl/lib/libboard_smart_device_rev_c.a(iomux_config.o)
                0x000000001000793c                iomux_config
                0x00000000100079b4                arm_iomux_config
                0x00000000100079c4                asrc_iomux_config
                0x00000000100079d4                dcic1_iomux_config
                0x00000000100079e4                dcic2_iomux_config
                0x00000000100079f4                ecspi2_iomux_config
                0x0000000010007a04                ecspi3_iomux_config
                0x0000000010007a14                ecspi4_iomux_config
                0x0000000010007a24                eim_iomux_config
                0x0000000010007a34                epit1_iomux_config
                0x0000000010007a44                epit2_iomux_config
                0x0000000010007a54                esai_iomux_config
                0x0000000010007a64                flexcan2_iomux_config
                0x0000000010007a74                gpmi_iomux_config
                0x0000000010007a84                gpt_iomux_config
                0x0000000010007a94                hdmi_iomux_config
                0x0000000010007aa4                i2c4_iomux_config
                0x0000000010007ab4                kpp_iomux_config
                0x0000000010007ac4                lcd_iomux_config
                0x0000000010007ad4                ldb_iomux_config
                0x0000000010007ae4                mipi_csi_iomux_config
                0x0000000010007af4                mipi_dsi_iomux_config
                0x0000000010007b04                mipi_hsi_iomux_config
                0x0000000010007b14                mlb_iomux_config
                0x0000000010007b24                pcie_iomux_config
                0x0000000010007b34                pmu_iomux_config
                0x0000000010007b44                pwm2_iomux_config
                0x0000000010007b54                pwm3_iomux_config
                0x0000000010007b64                pwm4_iomux_config
                0x0000000010007b74                sdma_iomux_config
                0x0000000010007b84                snvs_iomux_config
                0x0000000010007b94                spdif_iomux_config
                0x0000000010007ba4                src_iomux_config
                0x0000000010007bb4                uart2_iomux_config
                0x0000000010007bc4                uart3_iomux_config
                0x0000000010007bd4                uart4_iomux_config
                0x0000000010007be4                uart5_iomux_config
                0x0000000010007bf4                usdhc1_iomux_config
                0x0000000010007c04                wdog1_iomux_config
                0x0000000010007c14                wdog2_iomux_config
                0x0000000010007c24                xtalosc_iomux_config
 .text          0x0000000010007c34      0x424 /home/leon/git/swp-report/iMX6_Platform_SDK/output/mx6sdl/lib/libboard_smart_device_rev_c.a(ipu1_iomux_config.o)
                0x0000000010007c34                ipu1_iomux_config
 .text          0x0000000010008058     0x2484 /home/leon/git/swp-report/iMX6_Platform_SDK/output/mx6sdl/lib/libboard_smart_device_rev_c.a(mmdc_iomux_config.o)
                0x0000000010008058                mmdc_iomux_config
 .text          0x000000001000a4dc       0x34 /home/leon/git/swp-report/iMX6_Platform_SDK/output/mx6sdl/lib/libboard_smart_device_rev_c.a(pwm1_iomux_config.o)
                0x000000001000a4dc                pwm1_iomux_config
 .text          0x000000001000a510       0x70 /home/leon/git/swp-report/iMX6_Platform_SDK/output/mx6sdl/lib/libboard_smart_device_rev_c.a(sjc_iomux_config.o)
                0x000000001000a510                sjc_iomux_config
 .text          0x000000001000a580       0x78 /home/leon/git/swp-report/iMX6_Platform_SDK/output/mx6sdl/lib/libboard_smart_device_rev_c.a(uart1_iomux_config.o)
                0x000000001000a580                uart1_iomux_config
 .text          0x000000001000a5f8       0x78 /home/leon/git/swp-report/iMX6_Platform_SDK/output/mx6sdl/lib/libboard_smart_device_rev_c.a(usb_iomux_config.o)
                0x000000001000a5f8                usb_iomux_config
 .text          0x000000001000a670      0x188 /home/leon/git/swp-report/iMX6_Platform_SDK/output/mx6sdl/lib/libboard_smart_device_rev_c.a(usdhc2_iomux_config.o)
                0x000000001000a670                usdhc2_iomux_config
 .text          0x000000001000a7f8      0x188 /home/leon/git/swp-report/iMX6_Platform_SDK/output/mx6sdl/lib/libboard_smart_device_rev_c.a(usdhc3_iomux_config.o)
                0x000000001000a7f8                usdhc3_iomux_config
 .text          0x000000001000a980      0x188 /home/leon/git/swp-report/iMX6_Platform_SDK/output/mx6sdl/lib/libboard_smart_device_rev_c.a(usdhc4_iomux_config.o)
                0x000000001000a980                usdhc4_iomux_config
 .text          0x000000001000ab08       0xa0 /home/leon/git/swp-report/iMX6_Platform_SDK/output/mx6sdl/lib/libboard_smart_device_rev_c.a(audmux_iomux_config.o)
                0x000000001000ab08                audmux_iomux_config
 .text          0x000000001000aba8       0x34 /home/leon/git/swp-report/iMX6_Platform_SDK/output/mx6sdl/lib/libboard_smart_device_rev_c.a(ccm_iomux_config.o)
                0x000000001000aba8                ccm_iomux_config
 .text          0x000000001000abdc       0xe0 /home/leon/git/swp-report/iMX6_Platform_SDK/output/mx6sdl/lib/libboard_smart_device_rev_c.a(ecspi1_iomux_config.o)
                0x000000001000abdc                ecspi1_iomux_config
 .text          0x000000001000acbc      0x424 /home/leon/git/swp-report/iMX6_Platform_SDK/output/mx6sdl/lib/libboard_smart_device_rev_c.a(enet_iomux_config.o)
                0x000000001000acbc                enet_iomux_config
 .text          0x000000001000b0e0      0x66c /home/leon/git/swp-report/iMX6_Platform_SDK/output/mx6sdl/lib/libboard_smart_device_rev_c.a(epdc_iomux_config.o)
                0x000000001000b0e0                epdc_iomux_config
 .text          0x000000001000b74c       0x68 /home/leon/git/swp-report/iMX6_Platform_SDK/output/mx6sdl/lib/libboard_smart_device_rev_c.a(flexcan1_iomux_config.o)
                0x000000001000b74c                flexcan1_iomux_config
 .text          0x000000001000b7b4      0x208 /home/leon/git/swp-report/iMX6_Platform_SDK/output/mx6sdl/lib/libboard_smart_device_rev_c.a(gpio1_iomux_config.o)
                0x000000001000b7b4                gpio1_iomux_config
 .text          0x000000001000b9bc      0x164 /home/leon/git/swp-report/iMX6_Platform_SDK/output/mx6sdl/lib/libboard_smart_device_rev_c.a(gpio2_iomux_config.o)
                0x000000001000b9bc                gpio2_iomux_config
 .text          0x000000001000bb20      0x210 /home/leon/git/swp-report/iMX6_Platform_SDK/output/mx6sdl/lib/libboard_smart_device_rev_c.a(gpio3_iomux_config.o)
                0x000000001000bb20                gpio3_iomux_config
 .text          0x000000001000bd30       0xc4 /home/leon/git/swp-report/iMX6_Platform_SDK/output/mx6sdl/lib/libboard_smart_device_rev_c.a(gpio4_iomux_config.o)
                0x000000001000bd30                gpio4_iomux_config
 .text          0x000000001000bdf4       0x74 /home/leon/git/swp-report/iMX6_Platform_SDK/output/mx6sdl/lib/libboard_smart_device_rev_c.a(gpio5_iomux_config.o)
                0x000000001000bdf4                gpio5_iomux_config
 .text          0x000000001000be68      0x150 /home/leon/git/swp-report/iMX6_Platform_SDK/output/mx6sdl/lib/libboard_smart_device_rev_c.a(gpio6_iomux_config.o)
                0x000000001000be68                gpio6_iomux_config
 .text          0x000000001000bfb8       0x7c /home/leon/git/swp-report/iMX6_Platform_SDK/output/mx6sdl/lib/libboard_smart_device_rev_c.a(gpio7_iomux_config.o)
                0x000000001000bfb8                gpio7_iomux_config
 .text          0x000000001000c034       0xdc /home/leon/git/swp-report/iMX6_Platform_SDK/output/mx6sdl/lib/libboard_smart_device_rev_c.a(gps_iomux_config.o)
                0x000000001000c034                gps_iomux_config
 .text          0x000000001000c110       0x78 /home/leon/git/swp-report/iMX6_Platform_SDK/output/mx6sdl/lib/libboard_smart_device_rev_c.a(i2c1_iomux_config.o)
                0x000000001000c110                i2c1_iomux_config
 .text          0x000000001000c188       0x78 /home/leon/git/swp-report/iMX6_Platform_SDK/output/mx6sdl/lib/libboard_smart_device_rev_c.a(i2c2_iomux_config.o)
                0x000000001000c188                i2c2_iomux_config
 .text          0x000000001000c200       0x78 /home/leon/git/swp-report/iMX6_Platform_SDK/output/mx6sdl/lib/libboard_smart_device_rev_c.a(i2c3_iomux_config.o)
                0x000000001000c200                i2c3_iomux_config
 .text          0x000000001000c278       0x64 /home/src/arm/target/bin/../arm-none-eabi/lib//libc.a(lib_a-assert.o)
                0x000000001000c278                __assert_func
                0x000000001000c2cc                __assert
 .text          0x000000001000c2dc       0x20 /home/src/arm/target/bin/../arm-none-eabi/lib//libc.a(lib_a-bzero.o)
                0x000000001000c2dc                bzero
 .text          0x000000001000c2fc       0x70 /home/src/arm/target/bin/../arm-none-eabi/lib//libc.a(lib_a-fiprintf.o)
                0x000000001000c2fc                _fiprintf_r
                0x000000001000c32c                fiprintf
 .text          0x000000001000c36c       0x8c /home/src/arm/target/bin/../arm-none-eabi/lib//libc.a(lib_a-fputc.o)
                0x000000001000c36c                _fputc_r
                0x000000001000c3b0                fputc
 .text          0x000000001000c3f8        0x0 /home/src/arm/target/bin/../arm-none-eabi/lib//libc.a(lib_a-impure.o)
 .text          0x000000001000c3f8       0x88 /home/src/arm/target/bin/../arm-none-eabi/lib//libc.a(lib_a-init.o)
                0x000000001000c3f8                __libc_init_array
 .text          0x000000001000c480       0x40 /home/src/arm/target/bin/../arm-none-eabi/lib//libc.a(lib_a-malloc.o)
                0x000000001000c480                malloc
                0x000000001000c4a0                free
 .text          0x000000001000c4c0      0x72c /home/src/arm/target/bin/../arm-none-eabi/lib//libc.a(lib_a-mallocr.o)
                0x000000001000c4c0                _malloc_r
 .text          0x000000001000cbec        0x8 /home/src/arm/target/bin/../arm-none-eabi/lib//libc.a(lib_a-mlock.o)
                0x000000001000cbec                __malloc_lock
                0x000000001000cbf0                __malloc_unlock
 .text          0x000000001000cbf4       0x74 /home/src/arm/target/bin/../arm-none-eabi/lib//libc.a(lib_a-printf.o)
                0x000000001000cbf4                _printf_r
                0x000000001000cc28                printf
 .text          0x000000001000cc68      0x158 /home/src/arm/target/bin/../arm-none-eabi/lib//libc.a(lib_a-putc.o)
                0x000000001000cc68                _putc_r
                0x000000001000cd0c                putc
 .text          0x000000001000cdc0       0x24 /home/src/arm/target/bin/../arm-none-eabi/lib//libc.a(lib_a-realloc.o)
                0x000000001000cdc0                realloc
 .text          0x000000001000cde4      0x56c /home/src/arm/target/bin/../arm-none-eabi/lib//libc.a(lib_a-reallocr.o)
                0x000000001000cde4                _realloc_r
 .text          0x000000001000d350       0x70 /home/src/arm/target/bin/../arm-none-eabi/lib//libc.a(lib_a-rget.o)
                0x000000001000d350                __srget_r
                0x000000001000d3ac                __srget
 .text          0x000000001000d3c0       0x44 /home/src/arm/target/bin/../arm-none-eabi/lib//libc.a(lib_a-sbrkr.o)
                0x000000001000d3c0                _sbrk_r
 .text          0x000000001000d404      0x9f4 /home/src/arm/target/bin/../arm-none-eabi/lib//libc.a(lib_a-syscalls.o)
                0x000000001000d4b8                initialise_monitor_handles
                0x000000001000d57c                _swiread
                0x000000001000d5bc                _read
                0x000000001000d680                _swilseek
                0x000000001000d78c                _lseek
                0x000000001000d7ac                _swiwrite
                0x000000001000d7ec                _write
                0x000000001000d8b4                _swiopen
                0x000000001000d9b4                _open
                0x000000001000d9e8                _swiclose
                0x000000001000da60                _close
                0x000000001000da80                _kill
                0x000000001000dab8                _exit
                0x000000001000dae0                _getpid
                0x000000001000dae8                _sbrk
                0x000000001000db40                _fstat
                0x000000001000db74                _stat
                0x000000001000dbc8                _link
                0x000000001000dbd0                _unlink
                0x000000001000dc24                _raise
                0x000000001000dc28                _gettimeofday
                0x000000001000dc78                _times
                0x000000001000dcbc                _isatty
                0x000000001000dd0c                _system
                0x000000001000dd90                _rename
 .text          0x000000001000ddf8     0x1238 /home/src/arm/target/bin/../arm-none-eabi/lib//libc.a(lib_a-vfiprintf.o)
                0x000000001000dea4                __sprint_r
                0x000000001000debc                _vfiprintf_r
                0x000000001000ef38                vfiprintf
 .text          0x000000001000f030     0x1e98 /home/src/arm/target/bin/../arm-none-eabi/lib//libc.a(lib_a-vfprintf.o)
                0x000000001000f030                _vfprintf_r
                0x0000000010010dd0                vfprintf
 .text          0x0000000010010ec8       0x48 /home/src/arm/target/bin/../arm-none-eabi/lib//libc.a(lib_a-vprintf.o)
                0x0000000010010ec8                vprintf
                0x0000000010010ef4                _vprintf_r
 .text          0x0000000010010f10      0x13c /home/src/arm/target/bin/../arm-none-eabi/lib//libc.a(lib_a-wbuf.o)
                0x0000000010010f10                __swbuf_r
                0x0000000010011034                __swbuf
 .text          0x000000001001104c      0x15c /home/src/arm/target/bin/../arm-none-eabi/lib//libc.a(lib_a-wsetup.o)
                0x000000001001104c                __swsetup_r
 .text          0x00000000100111a8       0x14 /home/src/arm/target/bin/../arm-none-eabi/lib//libc.a(lib_a-abort.o)
                0x00000000100111a8                abort
 *fill*         0x00000000100111bc        0x4 
 .text          0x00000000100111c0     0x18d8 /home/src/arm/target/bin/../arm-none-eabi/lib//libc.a(lib_a-dtoa.o)
                0x00000000100113a0                _dtoa_r
 .text          0x0000000010012a98       0x10 /home/src/arm/target/bin/../arm-none-eabi/lib//libc.a(lib_a-errno.o)
                0x0000000010012a98                __errno
 .text          0x0000000010012aa8      0x2d4 /home/src/arm/target/bin/../arm-none-eabi/lib//libc.a(lib_a-fflush.o)
                0x0000000010012aa8                __sflush_r
                0x0000000010012cec                _fflush_r
                0x0000000010012d40                fflush
 .text          0x0000000010012d7c      0x354 /home/src/arm/target/bin/../arm-none-eabi/lib//libc.a(lib_a-findfp.o)
                0x0000000010012d8c                _cleanup_r
                0x0000000010012da4                __sfmoreglue
                0x0000000010012df4                _cleanup
                0x0000000010012e18                __sinit
                0x0000000010012f80                __sfp
                0x0000000010013078                __sfp_lock_acquire
                0x000000001001307c                __sfp_lock_release
                0x0000000010013080                __sinit_lock_acquire
                0x0000000010013084                __sinit_lock_release
                0x0000000010013088                __fp_lock_all
                0x00000000100130ac                __fp_unlock_all
 .text          0x00000000100130d0      0x188 /home/src/arm/target/bin/../arm-none-eabi/lib//libc.a(lib_a-fputwc.o)
                0x00000000100130d0                _fputwc_r
                0x0000000010013214                fputwc
 .text          0x0000000010013258      0x36c /home/src/arm/target/bin/../arm-none-eabi/lib//libc.a(lib_a-freer.o)
                0x0000000010013258                _malloc_trim_r
                0x0000000010013358                _free_r
 .text          0x00000000100135c4      0x4dc /home/src/arm/target/bin/../arm-none-eabi/lib//libc.a(lib_a-fvwrite.o)
                0x00000000100135c4                __sfvwrite_r
 .text          0x0000000010013aa0      0x110 /home/src/arm/target/bin/../arm-none-eabi/lib//libc.a(lib_a-fwalk.o)
                0x0000000010013aa0                _fwalk
                0x0000000010013b24                _fwalk_reent
 .text          0x0000000010013bb0       0xd0 /home/src/arm/target/bin/../arm-none-eabi/lib//libc.a(lib_a-locale.o)
                0x0000000010013bb0                _setlocale_r
                0x0000000010013c20                __locale_charset
                0x0000000010013c2c                __locale_mb_cur_max
                0x0000000010013c3c                __locale_msgcharset
                0x0000000010013c48                __locale_cjk_lang
                0x0000000010013c50                _localeconv_r
                0x0000000010013c5c                setlocale
                0x0000000010013c74                localeconv
 .text          0x0000000010013c80      0x174 /home/src/arm/target/bin/../arm-none-eabi/lib//libc.a(lib_a-makebuf.o)
                0x0000000010013c80                __smakebuf_r
 .text          0x0000000010013df4      0x114 /home/src/arm/target/bin/../arm-none-eabi/lib//libc.a(lib_a-memchr-stub.o)
                0x0000000010013df4                memchr
 .text          0x0000000010013f08       0xf0 /home/src/arm/target/bin/../arm-none-eabi/lib//libc.a(lib_a-memcpy-stub.o)
                0x0000000010013f08                memcpy
 .text          0x0000000010013ff8      0x134 /home/src/arm/target/bin/../arm-none-eabi/lib//libc.a(lib_a-memmove.o)
                0x0000000010013ff8                memmove
 .text          0x000000001001412c       0xf4 /home/src/arm/target/bin/../arm-none-eabi/lib//libc.a(lib_a-memset.o)
                0x000000001001412c                memset
 .text          0x0000000010014220      0xd30 /home/src/arm/target/bin/../arm-none-eabi/lib//libc.a(lib_a-mprec.o)
                0x0000000010014220                _Balloc
                0x00000000100142ac                _Bfree
                0x00000000100142c8                __multadd
                0x00000000100143a4                __s2b
                0x000000001001448c                __hi0bits
                0x00000000100144e8                __lo0bits
                0x000000001001457c                __i2b
                0x00000000100145a0                __multiply
                0x0000000010014788                __pow5mult
                0x000000001001488c                __lshift
                0x0000000010014998                __mcmp
                0x00000000100149f8                __mdiff
                0x0000000010014b3c                __ulp
                0x0000000010014ba0                __b2d
                0x0000000010014c78                __d2b
                0x0000000010014d84                __ratio
                0x0000000010014e0c                _mprec_log10
                0x0000000010014e64                __copybits
                0x0000000010014ed4                __any_on
 .text          0x0000000010014f50      0x134 /home/src/arm/target/bin/../arm-none-eabi/lib//libc.a(lib_a-reent.o)
                0x0000000010014f50                cleanup_glue
                0x0000000010014f7c                _reclaim_reent
 .text          0x0000000010015084      0x20c /home/src/arm/target/bin/../arm-none-eabi/lib//libc.a(lib_a-refill.o)
                0x00000000100150b0                __srefill_r
 .text          0x0000000010015290       0x6c /home/src/arm/target/bin/../arm-none-eabi/lib//libc.a(lib_a-s_fpclassify.o)
                0x0000000010015290                __fpclassifyd
 .text          0x00000000100152fc      0x254 /home/src/arm/target/bin/../arm-none-eabi/lib//libc.a(lib_a-signal.o)
                0x00000000100152fc                _init_signal_r
                0x0000000010015360                _signal_r
                0x00000000100153d4                _raise_r
                0x000000001001546c                __sigtramp_r
                0x0000000010015500                raise
                0x0000000010015514                signal
                0x000000001001552c                _init_signal
                0x000000001001553c                __sigtramp
 .text          0x0000000010015550       0x50 /home/src/arm/target/bin/../arm-none-eabi/lib//libc.a(lib_a-signalr.o)
                0x0000000010015550                _kill_r
                0x0000000010015590                _getpid_r
 .text          0x00000000100155a0       0xd8 /home/src/arm/target/bin/../arm-none-eabi/lib//libc.a(lib_a-stdio.o)
                0x00000000100155a0                __sread
                0x00000000100155d4                __seofread
                0x00000000100155dc                __swrite
                0x0000000010015634                __sseek
                0x0000000010015664                __sclose
 .text          0x0000000010015678      0x230 /home/src/arm/target/bin/../arm-none-eabi/lib//libc.a(lib_a-strcmp.o)
                0x0000000010015678                strcmp
 .text          0x00000000100158a8       0x60 /home/src/arm/target/bin/../arm-none-eabi/lib//libc.a(lib_a-strlen.o)
                0x00000000100158a8                strlen
 .text          0x0000000010015908      0x128 /home/src/arm/target/bin/../arm-none-eabi/lib//libc.a(lib_a-wcrtomb.o)
                0x0000000010015908                _wcrtomb_r
                0x0000000010015998                wcrtomb
 .text          0x0000000010015a30       0x7c /home/src/arm/target/bin/../arm-none-eabi/lib//libc.a(lib_a-wctomb_r.o)
                0x0000000010015a30                __ascii_wctomb
                0x0000000010015a5c                _wctomb_r
 .text          0x0000000010015aac       0x44 /home/src/arm/target/bin/../arm-none-eabi/lib//libc.a(lib_a-writer.o)
                0x0000000010015aac                _write_r
 .text          0x0000000010015af0       0x9c /home/src/arm/target/bin/../arm-none-eabi/lib//libc.a(lib_a-callocr.o)
                0x0000000010015af0                _calloc_r
 .text          0x0000000010015b8c       0x3c /home/src/arm/target/bin/../arm-none-eabi/lib//libc.a(lib_a-closer.o)
                0x0000000010015b8c                _close_r
 .text          0x0000000010015bc8      0x104 /home/src/arm/target/bin/../arm-none-eabi/lib//libc.a(lib_a-fclose.o)
                0x0000000010015bc8                _fclose_r
                0x0000000010015cb8                fclose
 .text          0x0000000010015ccc       0x40 /home/src/arm/target/bin/../arm-none-eabi/lib//libc.a(lib_a-fstatr.o)
                0x0000000010015ccc                _fstat_r
 .text          0x0000000010015d0c       0x3c /home/src/arm/target/bin/../arm-none-eabi/lib//libc.a(lib_a-isattyr.o)
                0x0000000010015d0c                _isatty_r
 .text          0x0000000010015d48       0x44 /home/src/arm/target/bin/../arm-none-eabi/lib//libc.a(lib_a-lseekr.o)
                0x0000000010015d48                _lseek_r
 .text          0x0000000010015d8c       0x44 /home/src/arm/target/bin/../arm-none-eabi/lib//libc.a(lib_a-readr.o)
                0x0000000010015d8c                _read_r
 .text          0x0000000010015dd0      0x114 /home/src/arm/target/bin/../lib/gcc/arm-none-eabi/4.8.2//libgcc.a(_udivsi3.o)
                0x0000000010015dd0                __udivsi3
                0x0000000010015dd0                __aeabi_uidiv
                0x0000000010015ec4                __aeabi_uidivmod
 .text          0x0000000010015ee4      0x148 /home/src/arm/target/bin/../lib/gcc/arm-none-eabi/4.8.2//libgcc.a(_divsi3.o)
                0x0000000010015ee4                __aeabi_idiv
                0x0000000010015ee4                __divsi3
                0x000000001001600c                __aeabi_idivmod
 .text          0x000000001001602c        0x4 /home/src/arm/target/bin/../lib/gcc/arm-none-eabi/4.8.2//libgcc.a(_dvmd_tls.o)
                0x000000001001602c                __aeabi_ldiv0
                0x000000001001602c                __aeabi_idiv0
 .text          0x0000000010016030      0x41c /home/src/arm/target/bin/../lib/gcc/arm-none-eabi/4.8.2//libgcc.a(_arm_addsubdf3.o)
                0x0000000010016030                __aeabi_drsub
                0x0000000010016038                __aeabi_dsub
                0x0000000010016038                __subdf3
                0x000000001001603c                __adddf3
                0x000000001001603c                __aeabi_dadd
                0x000000001001634c                __aeabi_ui2d
                0x000000001001634c                __floatunsidf
                0x0000000010016370                __floatsidf
                0x0000000010016370                __aeabi_i2d
                0x0000000010016398                __extendsfdf2
                0x0000000010016398                __aeabi_f2d
                0x00000000100163d8                __aeabi_ul2d
                0x00000000100163d8                __floatundidf
                0x00000000100163ec                __floatdidf
                0x00000000100163ec                __aeabi_l2d
 .text          0x000000001001644c      0x49c /home/src/arm/target/bin/../lib/gcc/arm-none-eabi/4.8.2//libgcc.a(_arm_muldivdf3.o)
                0x000000001001644c                __aeabi_dmul
                0x000000001001644c                __muldf3
                0x00000000100166dc                __aeabi_ddiv
                0x00000000100166dc                __divdf3
 .text          0x00000000100168e8      0x144 /home/src/arm/target/bin/../lib/gcc/arm-none-eabi/4.8.2//libgcc.a(_arm_cmpdf2.o)
                0x00000000100168e8                __gtdf2
                0x00000000100168e8                __gedf2
                0x00000000100168f0                __ltdf2
                0x00000000100168f0                __ledf2
                0x00000000100168f8                __cmpdf2
                0x00000000100168f8                __eqdf2
                0x00000000100168f8                __nedf2
                0x0000000010016980                __aeabi_cdrcmple
                0x000000001001699c                __aeabi_cdcmple
                0x000000001001699c                __aeabi_cdcmpeq
                0x00000000100169b4                __aeabi_dcmpeq
                0x00000000100169cc                __aeabi_dcmplt
                0x00000000100169e4                __aeabi_dcmple
                0x00000000100169fc                __aeabi_dcmpge
                0x0000000010016a14                __aeabi_dcmpgt
 .text          0x0000000010016a2c       0x5c /home/src/arm/target/bin/../lib/gcc/arm-none-eabi/4.8.2//libgcc.a(_arm_fixdfsi.o)
                0x0000000010016a2c                __fixdfsi
                0x0000000010016a2c                __aeabi_d2iz
 .text          0x0000000010016a88       0x3c /home/src/arm/target/bin/../lib/gcc/arm-none-eabi/4.8.2//libgcc.a(_aeabi_uldivmod.o)
                0x0000000010016a88                __aeabi_uldivmod
 .text          0x0000000010016ac4       0x84 /home/src/arm/target/bin/../lib/gcc/arm-none-eabi/4.8.2//libgcc.a(bpabi.o)
                0x0000000010016ac4                __gnu_ldivmod_helper
                0x0000000010016b08                __gnu_uldivmod_helper
 .text          0x0000000010016b48      0x4d0 /home/src/arm/target/bin/../lib/gcc/arm-none-eabi/4.8.2//libgcc.a(_divdi3.o)
                0x0000000010016b48                __divdi3
 .text          0x0000000010017018      0x470 /home/src/arm/target/bin/../lib/gcc/arm-none-eabi/4.8.2//libgcc.a(_udivdi3.o)
                0x0000000010017018                __udivdi3
 .text          0x0000000010017488       0x48 /home/src/arm/target/bin/../lib/gcc/arm-none-eabi/4.8.2//libgcc.a(_clzsi2.o)
                0x0000000010017488                __clzsi2
 *(.glue_7t)
 .glue_7t       0x0000000000000000        0x0 linker stubs
 *(.glue_7)
 .glue_7        0x0000000000000000        0x0 linker stubs
 *(.vfp11_veneer)
 .vfp11_veneer  0x0000000000000000        0x0 linker stubs
 *(.ARM.extab* .gnu.linkonce.armextab.*)
 .ARM.extab.startup
                0x00000000100174d0        0x0 /home/leon/git/swp-report/iMX6_Platform_SDK/output/mx6sdl/lib/libsdk.a(startup.o)
 .ARM.extab     0x00000000100174d0        0x0 /home/src/arm/target/bin/../lib/gcc/arm-none-eabi/4.8.2//libgcc.a(_divdi3.o)
 .ARM.extab     0x00000000100174d0        0x0 /home/src/arm/target/bin/../lib/gcc/arm-none-eabi/4.8.2//libgcc.a(_udivdi3.o)
 *(.gcc_except_table)

.v4_bx          0x00000000100174d0        0x0
 .v4_bx         0x0000000000000000        0x0 linker stubs

.iplt           0x00000000100174d0        0x0
 .iplt          0x0000000000000000        0x0 /home/src/arm/target/bin/../lib/gcc/arm-none-eabi/4.8.2//crtbegin.o

.ctors
 *crtbegin.o(.ctors)
 *crtbegin?.o(.ctors)
 *(EXCLUDE_FILE(*crtend?.o *crtend.o) .ctors)
 *(SORT(.ctors.*))
 *(.ctors)

.dtors
 *crtbegin.o(.dtors)
 *crtbegin?.o(.dtors)
 *(EXCLUDE_FILE(*crtend?.o *crtend.o) .dtors)
 *(SORT(.dtors.*))
 *(.dtors)

.rodata         0x00000000100174d0      0x8d0
 *(.rodata .rodata.* .gnu.linkonce.r.*)
 .rodata        0x00000000100174d0       0xac /home/leon/git/swp-report/iMX6_Platform_SDK/output/mx6sdl/smp_primes/smart_device_rev_c/obj/apps/smp_primes/src/main.o
 .rodata        0x000000001001757c       0x20 /home/leon/git/swp-report/iMX6_Platform_SDK/output/mx6sdl/smp_primes/smart_device_rev_c/obj/apps/smp_primes/src/primes.o
 .rodata        0x000000001001759c       0x34 /home/leon/git/swp-report/iMX6_Platform_SDK/output/mx6sdl/lib/libsdk.a(ccm_pll.o)
                0x000000001001759c                PLL1_OUTPUT
                0x00000000100175a0                PLL2_OUTPUT
                0x00000000100175b4                PLL3_OUTPUT
                0x00000000100175c8                PLL4_OUTPUT
                0x00000000100175cc                PLL5_OUTPUT
 .rodata        0x00000000100175d0       0x64 /home/leon/git/swp-report/iMX6_Platform_SDK/output/mx6sdl/lib/libsdk.a(gic.o)
 .rodata        0x0000000010017634       0xcc /home/leon/git/swp-report/iMX6_Platform_SDK/output/mx6sdl/lib/libsdk.a(system_util.o)
 .rodata        0x0000000010017700       0xf4 /home/leon/git/swp-report/iMX6_Platform_SDK/output/mx6sdl/lib/libsdk.a(text_color.o)
                0x0000000010017708                g_TextAttributeDefault
                0x0000000010017714                g_TextAttributeBold
                0x0000000010017720                g_TextAttributeDim
                0x000000001001772c                g_TextAttributeUnderline
                0x0000000010017738                g_TextAttributeBlink
                0x0000000010017744                g_TextAttributeReverse
                0x0000000010017750                g_TextAttributeHidden
                0x000000001001775c                g_TextColorBlack
                0x0000000010017768                g_TextColorRed
                0x0000000010017774                g_TextColorGreen
                0x0000000010017780                g_TextColorYellow
                0x000000001001778c                g_TextColorBlue
                0x0000000010017798                g_TextColorMagenta
                0x00000000100177a4                g_TextColorCyan
                0x00000000100177b0                g_TextColorWhite
                0x00000000100177c0                g_TextColorOrange
                0x00000000100177d0                g_TextColorLightBlue
                0x00000000100177e0                g_TextColorGray
                0x00000000100177f0                g_TextColorPurple
 .rodata        0x00000000100177f4       0x88 /home/leon/git/swp-report/iMX6_Platform_SDK/output/mx6sdl/lib/libsdk.a(cpu_multicore.o)
 .rodata        0x000000001001787c       0x20 /home/leon/git/swp-report/iMX6_Platform_SDK/output/mx6sdl/lib/libsdk.a(interrupt.o)
 .rodata        0x000000001001789c      0x230 /home/leon/git/swp-report/iMX6_Platform_SDK/output/mx6sdl/lib/libsdk.a(abort_handler.o)
 .rodata        0x0000000010017acc       0x84 /home/leon/git/swp-report/iMX6_Platform_SDK/output/mx6sdl/lib/libboard_smart_device_rev_c.a(uart_iomux_config.o)
 .rodata.str1.4
                0x0000000010017b50       0x3f /home/src/arm/target/bin/../arm-none-eabi/lib//libc.a(lib_a-assert.o)
                                         0x44 (size before relaxing)
 *fill*         0x0000000010017b8f        0x1 
 .rodata        0x0000000010017b90        0x4 /home/src/arm/target/bin/../arm-none-eabi/lib//libc.a(lib_a-impure.o)
                0x0000000010017b90                _global_impure_ptr
 .rodata.str1.4
                0x0000000010017b94        0x2 /home/src/arm/target/bin/../arm-none-eabi/lib//libc.a(lib_a-impure.o)
                                          0x4 (size before relaxing)
 *fill*         0x0000000010017b96        0x2 
 .rodata.str1.4
                0x0000000010017b98        0x4 /home/src/arm/target/bin/../arm-none-eabi/lib//libc.a(lib_a-syscalls.o)
 .rodata        0x0000000010017b9c       0x20 /home/src/arm/target/bin/../arm-none-eabi/lib//libc.a(lib_a-vfiprintf.o)
 .rodata.str1.4
                0x0000000010017bbc       0x2f /home/src/arm/target/bin/../arm-none-eabi/lib//libc.a(lib_a-vfiprintf.o)
                                         0x30 (size before relaxing)
 *fill*         0x0000000010017beb        0x1 
 .rodata        0x0000000010017bec       0x20 /home/src/arm/target/bin/../arm-none-eabi/lib//libc.a(lib_a-vfprintf.o)
 .rodata.str1.4
                0x0000000010017c0c       0x12 /home/src/arm/target/bin/../arm-none-eabi/lib//libc.a(lib_a-vfprintf.o)
                                         0x44 (size before relaxing)
 *fill*         0x0000000010017c1e        0x2 
 .rodata.str1.4
                0x0000000010017c20       0x10 /home/src/arm/target/bin/../arm-none-eabi/lib//libc.a(lib_a-dtoa.o)
                                         0x14 (size before relaxing)
 .rodata.str1.4
                0x0000000010017c30        0xc /home/src/arm/target/bin/../arm-none-eabi/lib//libc.a(lib_a-locale.o)
                                         0x14 (size before relaxing)
 *fill*         0x0000000010017c3c        0x4 
 .rodata        0x0000000010017c40      0x128 /home/src/arm/target/bin/../arm-none-eabi/lib//libc.a(lib_a-mprec.o)
                0x0000000010017c50                __mprec_tens
                0x0000000010017d18                __mprec_tinytens
                0x0000000010017d40                __mprec_bigtens
                0x0000000010017d68                . = ALIGN (0x4)
 *(.init)
 .init          0x0000000010017d68        0xc /home/src/arm/target/bin/../lib/gcc/arm-none-eabi/4.8.2//crti.o
                0x0000000010017d68                _init
 .init          0x0000000010017d74        0xc /home/src/arm/target/bin/../lib/gcc/arm-none-eabi/4.8.2//crtn.o
                0x0000000010017d80                . = ALIGN (0x4)
                0x0000000010017d80                __init_array_start = .
 *(SORT(.init_array.*))
 *(.init_array)
 .init_array    0x0000000010017d80        0x4 /home/src/arm/target/bin/../lib/gcc/arm-none-eabi/4.8.2//crtbegin.o
                0x0000000010017d84                __init_array_end = .
                0x0000000010017d84                . = ALIGN (0x4)
 *(.fini)
 .fini          0x0000000010017d84        0xc /home/src/arm/target/bin/../lib/gcc/arm-none-eabi/4.8.2//crti.o
                0x0000000010017d84                _fini
 .fini          0x0000000010017d90        0xc /home/src/arm/target/bin/../lib/gcc/arm-none-eabi/4.8.2//crtn.o
                0x0000000010017d9c                . = ALIGN (0x4)
                0x0000000010017d9c                __fini_array_start = .
 *(.fini_array)
 .fini_array    0x0000000010017d9c        0x4 /home/src/arm/target/bin/../lib/gcc/arm-none-eabi/4.8.2//crtbegin.o
 *(SORT(.fini_array.*))
                0x0000000010017da0                __fini_array_end = .
                0x0000000010017da0                PROVIDE (__exidx_start, .)

.eh_frame       0x0000000010017da0        0x4
 .eh_frame      0x0000000010017da0        0x0 /home/src/arm/target/bin/../lib/gcc/arm-none-eabi/4.8.2//crtbegin.o
 .eh_frame      0x0000000010017da0        0x4 /home/src/arm/target/bin/../lib/gcc/arm-none-eabi/4.8.2//crtend.o

.ARM.exidx      0x0000000010017da4        0x8
 *(.ARM.exidx* .gnu.linkonce.armexidx.*)
 .ARM.exidx.startup
                0x0000000010017da4        0x8 /home/leon/git/swp-report/iMX6_Platform_SDK/output/mx6sdl/lib/libsdk.a(startup.o)
 .ARM.exidx     0x0000000010017dac        0x0 /home/src/arm/target/bin/../lib/gcc/arm-none-eabi/4.8.2//libgcc.a(_divdi3.o)
                                          0x8 (size before relaxing)
 .ARM.exidx     0x0000000010017dac        0x0 /home/src/arm/target/bin/../lib/gcc/arm-none-eabi/4.8.2//libgcc.a(_udivdi3.o)
                                          0x8 (size before relaxing)
                0x0000000010017dac                PROVIDE (__exidx_end, .)

.rel.dyn        0x0000000010017dac        0x0
 .rel.iplt      0x0000000000000000        0x0 /home/src/arm/target/bin/../lib/gcc/arm-none-eabi/4.8.2//crtbegin.o

.data           0x0000000010017db0      0x8d8
 *(.data .data.* .gnu.linkonce.d.*)
 .data          0x0000000010017db0        0x4 /home/src/arm/target/bin/../lib/gcc/arm-none-eabi/4.8.2//crtbegin.o
                0x0000000010017db0                __dso_handle
 .data          0x0000000010017db4        0x0 /home/src/arm/target/bin/../lib/gcc/arm-none-eabi/4.8.2//crti.o
 .data          0x0000000010017db4        0x0 /home/src/arm/target/bin/../lib/gcc/arm-none-eabi/4.8.2//crtend.o
 .data          0x0000000010017db4        0x0 /home/src/arm/target/bin/../lib/gcc/arm-none-eabi/4.8.2//crtn.o
 .data          0x0000000010017db4        0x0 /home/leon/git/swp-report/iMX6_Platform_SDK/output/mx6sdl/smp_primes/smart_device_rev_c/obj/apps/common/ivt.o
 .data          0x0000000010017db4        0x0 /home/leon/git/swp-report/iMX6_Platform_SDK/output/mx6sdl/smp_primes/smart_device_rev_c/obj/apps/common/platform_init.o
 .data          0x0000000010017db4        0x4 /home/leon/git/swp-report/iMX6_Platform_SDK/output/mx6sdl/smp_primes/smart_device_rev_c/obj/apps/smp_primes/src/main.o
 .data          0x0000000010017db8        0x0 /home/leon/git/swp-report/iMX6_Platform_SDK/output/mx6sdl/smp_primes/smart_device_rev_c/obj/apps/smp_primes/src/primes.o
 .data          0x0000000010017db8        0x0 /home/leon/git/swp-report/iMX6_Platform_SDK/output/mx6sdl/lib/libsdk.a(armv7_cache.o)
 .data          0x0000000010017db8        0x0 /home/leon/git/swp-report/iMX6_Platform_SDK/output/mx6sdl/lib/libsdk.a(ccm_pll.o)
 .data          0x0000000010017db8        0x0 /home/leon/git/swp-report/iMX6_Platform_SDK/output/mx6sdl/lib/libsdk.a(cortexA9.o)
 .data          0x0000000010017db8        0x0 /home/leon/git/swp-report/iMX6_Platform_SDK/output/mx6sdl/lib/libsdk.a(gic.o)
 .data          0x0000000010017db8        0x0 /home/leon/git/swp-report/iMX6_Platform_SDK/output/mx6sdl/lib/libsdk.a(mmu.o)
 .data          0x0000000010017db8        0x0 /home/leon/git/swp-report/iMX6_Platform_SDK/output/mx6sdl/lib/libsdk.a(startup.o)
 .data          0x0000000010017db8        0x0 /home/leon/git/swp-report/iMX6_Platform_SDK/output/mx6sdl/lib/libsdk.a(vectors.o)
 .data          0x0000000010017db8        0x0 /home/leon/git/swp-report/iMX6_Platform_SDK/output/mx6sdl/lib/libsdk.a(spinlock.o)
 .data          0x0000000010017db8        0x0 /home/leon/git/swp-report/iMX6_Platform_SDK/output/mx6sdl/lib/libsdk.a(spinlock_lock_unlock.o)
 .data          0x0000000010017db8        0x0 /home/leon/git/swp-report/iMX6_Platform_SDK/output/mx6sdl/lib/libsdk.a(system_util.o)
 .data          0x0000000010017db8        0x4 /home/leon/git/swp-report/iMX6_Platform_SDK/output/mx6sdl/lib/libsdk.a(text_color.o)
                0x0000000010017db8                is_color_supported
 .data          0x0000000010017dbc        0x0 /home/leon/git/swp-report/iMX6_Platform_SDK/output/mx6sdl/lib/libsdk.a(cpu_get_cores.o)
 .data          0x0000000010017dbc        0x0 /home/leon/git/swp-report/iMX6_Platform_SDK/output/mx6sdl/lib/libsdk.a(cpu_multicore.o)
 .data          0x0000000010017dbc        0x0 /home/leon/git/swp-report/iMX6_Platform_SDK/output/mx6sdl/lib/libsdk.a(timer.o)
 .data          0x0000000010017dbc        0x0 /home/leon/git/swp-report/iMX6_Platform_SDK/output/mx6sdl/lib/libsdk.a(imx_uart.o)
 .data          0x0000000010017dbc        0x4 /home/leon/git/swp-report/iMX6_Platform_SDK/output/mx6sdl/lib/libsdk.a(arm_abort.o)
 .data          0x0000000010017dc0        0x0 /home/leon/git/swp-report/iMX6_Platform_SDK/output/mx6sdl/lib/libsdk.a(interrupt.o)
 .data          0x0000000010017dc0        0x0 /home/leon/git/swp-report/iMX6_Platform_SDK/output/mx6sdl/lib/libsdk.a(epit.o)
 .data          0x0000000010017dc0        0x0 /home/leon/git/swp-report/iMX6_Platform_SDK/output/mx6sdl/lib/libsdk.a(abort_handler.o)
 .data          0x0000000010017dc0        0x0 /home/leon/git/swp-report/iMX6_Platform_SDK/output/mx6sdl/lib/libboard_smart_device_rev_c.a(board_io_expanders.o)
 .data          0x0000000010017dc0        0x8 /home/leon/git/swp-report/iMX6_Platform_SDK/output/mx6sdl/lib/libboard_smart_device_rev_c.a(hardware_modules.o)
                0x0000000010017dc0                g_debug_uart_port
                0x0000000010017dc4                g_system_timer_port
 .data          0x0000000010017dc8        0x0 /home/leon/git/swp-report/iMX6_Platform_SDK/output/mx6sdl/lib/libboard_smart_device_rev_c.a(dcd.o)
 .data          0x0000000010017dc8        0x0 /home/leon/git/swp-report/iMX6_Platform_SDK/output/mx6sdl/lib/libboard_smart_device_rev_c.a(uart_iomux_config.o)
 .data          0x0000000010017dc8        0x0 /home/leon/git/swp-report/iMX6_Platform_SDK/output/mx6sdl/lib/libboard_smart_device_rev_c.a(iomux_config.o)
 .data          0x0000000010017dc8        0x0 /home/leon/git/swp-report/iMX6_Platform_SDK/output/mx6sdl/lib/libboard_smart_device_rev_c.a(ipu1_iomux_config.o)
 .data          0x0000000010017dc8        0x0 /home/leon/git/swp-report/iMX6_Platform_SDK/output/mx6sdl/lib/libboard_smart_device_rev_c.a(mmdc_iomux_config.o)
 .data          0x0000000010017dc8        0x0 /home/leon/git/swp-report/iMX6_Platform_SDK/output/mx6sdl/lib/libboard_smart_device_rev_c.a(pwm1_iomux_config.o)
 .data          0x0000000010017dc8        0x0 /home/leon/git/swp-report/iMX6_Platform_SDK/output/mx6sdl/lib/libboard_smart_device_rev_c.a(sjc_iomux_config.o)
 .data          0x0000000010017dc8        0x0 /home/leon/git/swp-report/iMX6_Platform_SDK/output/mx6sdl/lib/libboard_smart_device_rev_c.a(uart1_iomux_config.o)
 .data          0x0000000010017dc8        0x0 /home/leon/git/swp-report/iMX6_Platform_SDK/output/mx6sdl/lib/libboard_smart_device_rev_c.a(usb_iomux_config.o)
 .data          0x0000000010017dc8        0x0 /home/leon/git/swp-report/iMX6_Platform_SDK/output/mx6sdl/lib/libboard_smart_device_rev_c.a(usdhc2_iomux_config.o)
 .data          0x0000000010017dc8        0x0 /home/leon/git/swp-report/iMX6_Platform_SDK/output/mx6sdl/lib/libboard_smart_device_rev_c.a(usdhc3_iomux_config.o)
 .data          0x0000000010017dc8        0x0 /home/leon/git/swp-report/iMX6_Platform_SDK/output/mx6sdl/lib/libboard_smart_device_rev_c.a(usdhc4_iomux_config.o)
 .data          0x0000000010017dc8        0x0 /home/leon/git/swp-report/iMX6_Platform_SDK/output/mx6sdl/lib/libboard_smart_device_rev_c.a(audmux_iomux_config.o)
 .data          0x0000000010017dc8        0x0 /home/leon/git/swp-report/iMX6_Platform_SDK/output/mx6sdl/lib/libboard_smart_device_rev_c.a(ccm_iomux_config.o)
 .data          0x0000000010017dc8        0x0 /home/leon/git/swp-report/iMX6_Platform_SDK/output/mx6sdl/lib/libboard_smart_device_rev_c.a(ecspi1_iomux_config.o)
 .data          0x0000000010017dc8        0x0 /home/leon/git/swp-report/iMX6_Platform_SDK/output/mx6sdl/lib/libboard_smart_device_rev_c.a(enet_iomux_config.o)
 .data          0x0000000010017dc8        0x0 /home/leon/git/swp-report/iMX6_Platform_SDK/output/mx6sdl/lib/libboard_smart_device_rev_c.a(epdc_iomux_config.o)
 .data          0x0000000010017dc8        0x0 /home/leon/git/swp-report/iMX6_Platform_SDK/output/mx6sdl/lib/libboard_smart_device_rev_c.a(flexcan1_iomux_config.o)
 .data          0x0000000010017dc8        0x0 /home/leon/git/swp-report/iMX6_Platform_SDK/output/mx6sdl/lib/libboard_smart_device_rev_c.a(gpio1_iomux_config.o)
 .data          0x0000000010017dc8        0x0 /home/leon/git/swp-report/iMX6_Platform_SDK/output/mx6sdl/lib/libboard_smart_device_rev_c.a(gpio2_iomux_config.o)
 .data          0x0000000010017dc8        0x0 /home/leon/git/swp-report/iMX6_Platform_SDK/output/mx6sdl/lib/libboard_smart_device_rev_c.a(gpio3_iomux_config.o)
 .data          0x0000000010017dc8        0x0 /home/leon/git/swp-report/iMX6_Platform_SDK/output/mx6sdl/lib/libboard_smart_device_rev_c.a(gpio4_iomux_config.o)
 .data          0x0000000010017dc8        0x0 /home/leon/git/swp-report/iMX6_Platform_SDK/output/mx6sdl/lib/libboard_smart_device_rev_c.a(gpio5_iomux_config.o)
 .data          0x0000000010017dc8        0x0 /home/leon/git/swp-report/iMX6_Platform_SDK/output/mx6sdl/lib/libboard_smart_device_rev_c.a(gpio6_iomux_config.o)
 .data          0x0000000010017dc8        0x0 /home/leon/git/swp-report/iMX6_Platform_SDK/output/mx6sdl/lib/libboard_smart_device_rev_c.a(gpio7_iomux_config.o)
 .data          0x0000000010017dc8        0x0 /home/leon/git/swp-report/iMX6_Platform_SDK/output/mx6sdl/lib/libboard_smart_device_rev_c.a(gps_iomux_config.o)
 .data          0x0000000010017dc8        0x0 /home/leon/git/swp-report/iMX6_Platform_SDK/output/mx6sdl/lib/libboard_smart_device_rev_c.a(i2c1_iomux_config.o)
 .data          0x0000000010017dc8        0x0 /home/leon/git/swp-report/iMX6_Platform_SDK/output/mx6sdl/lib/libboard_smart_device_rev_c.a(i2c2_iomux_config.o)
 .data          0x0000000010017dc8        0x0 /home/leon/git/swp-report/iMX6_Platform_SDK/output/mx6sdl/lib/libboard_smart_device_rev_c.a(i2c3_iomux_config.o)
 .data          0x0000000010017dc8        0x0 /home/src/arm/target/bin/../arm-none-eabi/lib//libc.a(lib_a-assert.o)
 .data          0x0000000010017dc8        0x0 /home/src/arm/target/bin/../arm-none-eabi/lib//libc.a(lib_a-bzero.o)
 .data          0x0000000010017dc8        0x0 /home/src/arm/target/bin/../arm-none-eabi/lib//libc.a(lib_a-fiprintf.o)
 .data          0x0000000010017dc8        0x0 /home/src/arm/target/bin/../arm-none-eabi/lib//libc.a(lib_a-fputc.o)
 .data          0x0000000010017dc8      0x430 /home/src/arm/target/bin/../arm-none-eabi/lib//libc.a(lib_a-impure.o)
                0x0000000010017dc8                _impure_ptr
 .data          0x00000000100181f8        0x0 /home/src/arm/target/bin/../arm-none-eabi/lib//libc.a(lib_a-init.o)
 .data          0x00000000100181f8        0x0 /home/src/arm/target/bin/../arm-none-eabi/lib//libc.a(lib_a-malloc.o)
 .data          0x00000000100181f8      0x410 /home/src/arm/target/bin/../arm-none-eabi/lib//libc.a(lib_a-mallocr.o)
                0x00000000100181f8                __malloc_av_
                0x0000000010018600                __malloc_sbrk_base
                0x0000000010018604                __malloc_trim_threshold
 .data          0x0000000010018608        0x0 /home/src/arm/target/bin/../arm-none-eabi/lib//libc.a(lib_a-mlock.o)
 .data          0x0000000010018608        0x0 /home/src/arm/target/bin/../arm-none-eabi/lib//libc.a(lib_a-printf.o)
 .data          0x0000000010018608        0x0 /home/src/arm/target/bin/../arm-none-eabi/lib//libc.a(lib_a-putc.o)
 .data          0x0000000010018608        0x0 /home/src/arm/target/bin/../arm-none-eabi/lib//libc.a(lib_a-realloc.o)
 .data          0x0000000010018608        0x0 /home/src/arm/target/bin/../arm-none-eabi/lib//libc.a(lib_a-reallocr.o)
 .data          0x0000000010018608        0x0 /home/src/arm/target/bin/../arm-none-eabi/lib//libc.a(lib_a-rget.o)
 .data          0x0000000010018608        0x0 /home/src/arm/target/bin/../arm-none-eabi/lib//libc.a(lib_a-sbrkr.o)
 .data          0x0000000010018608        0x0 /home/src/arm/target/bin/../arm-none-eabi/lib//libc.a(lib_a-syscalls.o)
 .data          0x0000000010018608        0x0 /home/src/arm/target/bin/../arm-none-eabi/lib//libc.a(lib_a-vfiprintf.o)
 .data          0x0000000010018608        0x0 /home/src/arm/target/bin/../arm-none-eabi/lib//libc.a(lib_a-vfprintf.o)
 .data          0x0000000010018608        0x0 /home/src/arm/target/bin/../arm-none-eabi/lib//libc.a(lib_a-vprintf.o)
 .data          0x0000000010018608        0x0 /home/src/arm/target/bin/../arm-none-eabi/lib//libc.a(lib_a-wbuf.o)
 .data          0x0000000010018608        0x0 /home/src/arm/target/bin/../arm-none-eabi/lib//libc.a(lib_a-wsetup.o)
 .data          0x0000000010018608        0x0 /home/src/arm/target/bin/../arm-none-eabi/lib//libc.a(lib_a-abort.o)
 .data          0x0000000010018608        0x0 /home/src/arm/target/bin/../arm-none-eabi/lib//libc.a(lib_a-dtoa.o)
 .data          0x0000000010018608        0x0 /home/src/arm/target/bin/../arm-none-eabi/lib//libc.a(lib_a-errno.o)
 .data          0x0000000010018608        0x0 /home/src/arm/target/bin/../arm-none-eabi/lib//libc.a(lib_a-fflush.o)
 .data          0x0000000010018608        0x0 /home/src/arm/target/bin/../arm-none-eabi/lib//libc.a(lib_a-findfp.o)
 .data          0x0000000010018608        0x0 /home/src/arm/target/bin/../arm-none-eabi/lib//libc.a(lib_a-fputwc.o)
 .data          0x0000000010018608        0x0 /home/src/arm/target/bin/../arm-none-eabi/lib//libc.a(lib_a-freer.o)
 .data          0x0000000010018608        0x0 /home/src/arm/target/bin/../arm-none-eabi/lib//libc.a(lib_a-fvwrite.o)
 .data          0x0000000010018608        0x0 /home/src/arm/target/bin/../arm-none-eabi/lib//libc.a(lib_a-fwalk.o)
 .data          0x0000000010018608       0x7c /home/src/arm/target/bin/../arm-none-eabi/lib//libc.a(lib_a-locale.o)
                0x0000000010018628                __mb_cur_max
 .data          0x0000000010018684        0x0 /home/src/arm/target/bin/../arm-none-eabi/lib//libc.a(lib_a-makebuf.o)
 .data          0x0000000010018684        0x0 /home/src/arm/target/bin/../arm-none-eabi/lib//libc.a(lib_a-memchr-stub.o)
 .data          0x0000000010018684        0x0 /home/src/arm/target/bin/../arm-none-eabi/lib//libc.a(lib_a-memcpy-stub.o)
 .data          0x0000000010018684        0x0 /home/src/arm/target/bin/../arm-none-eabi/lib//libc.a(lib_a-memmove.o)
 .data          0x0000000010018684        0x0 /home/src/arm/target/bin/../arm-none-eabi/lib//libc.a(lib_a-memset.o)
 .data          0x0000000010018684        0x0 /home/src/arm/target/bin/../arm-none-eabi/lib//libc.a(lib_a-mprec.o)
 .data          0x0000000010018684        0x0 /home/src/arm/target/bin/../arm-none-eabi/lib//libc.a(lib_a-reent.o)
 .data          0x0000000010018684        0x0 /home/src/arm/target/bin/../arm-none-eabi/lib//libc.a(lib_a-refill.o)
 .data          0x0000000010018684        0x0 /home/src/arm/target/bin/../arm-none-eabi/lib//libc.a(lib_a-s_fpclassify.o)
 .data          0x0000000010018684        0x0 /home/src/arm/target/bin/../arm-none-eabi/lib//libc.a(lib_a-signal.o)
 .data          0x0000000010018684        0x0 /home/src/arm/target/bin/../arm-none-eabi/lib//libc.a(lib_a-signalr.o)
 .data          0x0000000010018684        0x0 /home/src/arm/target/bin/../arm-none-eabi/lib//libc.a(lib_a-stdio.o)
 .data          0x0000000010018684        0x0 /home/src/arm/target/bin/../arm-none-eabi/lib//libc.a(lib_a-strcmp.o)
 .data          0x0000000010018684        0x0 /home/src/arm/target/bin/../arm-none-eabi/lib//libc.a(lib_a-strlen.o)
 .data          0x0000000010018684        0x0 /home/src/arm/target/bin/../arm-none-eabi/lib//libc.a(lib_a-wcrtomb.o)
 .data          0x0000000010018684        0x4 /home/src/arm/target/bin/../arm-none-eabi/lib//libc.a(lib_a-wctomb_r.o)
                0x0000000010018684                __wctomb
 .data          0x0000000010018688        0x0 /home/src/arm/target/bin/../arm-none-eabi/lib//libc.a(lib_a-writer.o)
 .data          0x0000000010018688        0x0 /home/src/arm/target/bin/../arm-none-eabi/lib//libc.a(lib_a-callocr.o)
 .data          0x0000000010018688        0x0 /home/src/arm/target/bin/../arm-none-eabi/lib//libc.a(lib_a-closer.o)
 .data          0x0000000010018688        0x0 /home/src/arm/target/bin/../arm-none-eabi/lib//libc.a(lib_a-fclose.o)
 .data          0x0000000010018688        0x0 /home/src/arm/target/bin/../arm-none-eabi/lib//libc.a(lib_a-fstatr.o)
 .data          0x0000000010018688        0x0 /home/src/arm/target/bin/../arm-none-eabi/lib//libc.a(lib_a-isattyr.o)
 .data          0x0000000010018688        0x0 /home/src/arm/target/bin/../arm-none-eabi/lib//libc.a(lib_a-lseekr.o)
 .data          0x0000000010018688        0x0 /home/src/arm/target/bin/../arm-none-eabi/lib//libc.a(lib_a-readr.o)
 .data          0x0000000010018688        0x0 /home/src/arm/target/bin/../lib/gcc/arm-none-eabi/4.8.2//libgcc.a(_udivsi3.o)
 .data          0x0000000010018688        0x0 /home/src/arm/target/bin/../lib/gcc/arm-none-eabi/4.8.2//libgcc.a(_divsi3.o)
 .data          0x0000000010018688        0x0 /home/src/arm/target/bin/../lib/gcc/arm-none-eabi/4.8.2//libgcc.a(_dvmd_tls.o)
 .data          0x0000000010018688        0x0 /home/src/arm/target/bin/../lib/gcc/arm-none-eabi/4.8.2//libgcc.a(_arm_addsubdf3.o)
 .data          0x0000000010018688        0x0 /home/src/arm/target/bin/../lib/gcc/arm-none-eabi/4.8.2//libgcc.a(_arm_muldivdf3.o)
 .data          0x0000000010018688        0x0 /home/src/arm/target/bin/../lib/gcc/arm-none-eabi/4.8.2//libgcc.a(_arm_cmpdf2.o)
 .data          0x0000000010018688        0x0 /home/src/arm/target/bin/../lib/gcc/arm-none-eabi/4.8.2//libgcc.a(_arm_fixdfsi.o)
 .data          0x0000000010018688        0x0 /home/src/arm/target/bin/../lib/gcc/arm-none-eabi/4.8.2//libgcc.a(_aeabi_uldivmod.o)
 .data          0x0000000010018688        0x0 /home/src/arm/target/bin/../lib/gcc/arm-none-eabi/4.8.2//libgcc.a(bpabi.o)
 .data          0x0000000010018688        0x0 /home/src/arm/target/bin/../lib/gcc/arm-none-eabi/4.8.2//libgcc.a(_divdi3.o)
 .data          0x0000000010018688        0x0 /home/src/arm/target/bin/../lib/gcc/arm-none-eabi/4.8.2//libgcc.a(_udivdi3.o)
 .data          0x0000000010018688        0x0 /home/src/arm/target/bin/../lib/gcc/arm-none-eabi/4.8.2//libgcc.a(_clzsi2.o)

.jcr            0x0000000010018688        0x4
 .jcr           0x0000000010018688        0x0 /home/src/arm/target/bin/../lib/gcc/arm-none-eabi/4.8.2//crtbegin.o
 .jcr           0x0000000010018688        0x4 /home/src/arm/target/bin/../lib/gcc/arm-none-eabi/4.8.2//crtend.o

.tm_clone_table
                0x000000001001868c        0x0
 .tm_clone_table
                0x000000001001868c        0x0 /home/src/arm/target/bin/../lib/gcc/arm-none-eabi/4.8.2//crtbegin.o
 .tm_clone_table
                0x000000001001868c        0x0 /home/src/arm/target/bin/../lib/gcc/arm-none-eabi/4.8.2//crtend.o

.igot.plt       0x000000001001868c        0x0
 .igot.plt      0x0000000000000000        0x0 /home/src/arm/target/bin/../lib/gcc/arm-none-eabi/4.8.2//crtbegin.o

.hab.data       0x0000000010400000     0x2000
                0x0000000010400000                __hab_data = .
                0x0000000010402000                . = (. + 0x2000)
 *fill*         0x0000000010400000     0x2000 
                0x0000000010402000                . = ALIGN (0x20)
                0x0000000010402000                __hab_data_end = .
                0x0000000000402000                _image_size = (. - _start_image_add)

.bss            0x0000000010402000     0xa06c
                0x0000000010402000                __bss_start__ = .
 *(.shbss)
 *(.bss .bss.* .gnu.linkonce.b.*)
 .bss           0x0000000010402000       0x1c /home/src/arm/target/bin/../lib/gcc/arm-none-eabi/4.8.2//crtbegin.o
 .bss           0x000000001040201c        0x0 /home/src/arm/target/bin/../lib/gcc/arm-none-eabi/4.8.2//crti.o
 .bss           0x000000001040201c        0x0 /home/src/arm/target/bin/../lib/gcc/arm-none-eabi/4.8.2//crtend.o
 .bss           0x000000001040201c        0x0 /home/src/arm/target/bin/../lib/gcc/arm-none-eabi/4.8.2//crtn.o
 .bss           0x000000001040201c        0x0 /home/leon/git/swp-report/iMX6_Platform_SDK/output/mx6sdl/smp_primes/smart_device_rev_c/obj/apps/common/ivt.o
 .bss           0x000000001040201c        0x0 /home/leon/git/swp-report/iMX6_Platform_SDK/output/mx6sdl/smp_primes/smart_device_rev_c/obj/apps/common/platform_init.o
 .bss           0x000000001040201c        0x4 /home/leon/git/swp-report/iMX6_Platform_SDK/output/mx6sdl/smp_primes/smart_device_rev_c/obj/apps/smp_primes/src/main.o
 .bss           0x0000000010402020     0x9ca0 /home/leon/git/swp-report/iMX6_Platform_SDK/output/mx6sdl/smp_primes/smart_device_rev_c/obj/apps/smp_primes/src/primes.o
                0x0000000010402020                target_count
                0x0000000010402024                prime_numbers
                0x000000001040bc64                next_number
                0x000000001040bc68                prime_count
                0x000000001040bc80                prime_lock
                0x000000001040bca0                next_num_lock
 .bss           0x000000001040bcc0        0x0 /home/leon/git/swp-report/iMX6_Platform_SDK/output/mx6sdl/lib/libsdk.a(armv7_cache.o)
 .bss           0x000000001040bcc0        0x0 /home/leon/git/swp-report/iMX6_Platform_SDK/output/mx6sdl/lib/libsdk.a(ccm_pll.o)
 .bss           0x000000001040bcc0        0x0 /home/leon/git/swp-report/iMX6_Platform_SDK/output/mx6sdl/lib/libsdk.a(cortexA9.o)
 .bss           0x000000001040bcc0        0x0 /home/leon/git/swp-report/iMX6_Platform_SDK/output/mx6sdl/lib/libsdk.a(gic.o)
 .bss           0x000000001040bcc0        0x0 /home/leon/git/swp-report/iMX6_Platform_SDK/output/mx6sdl/lib/libsdk.a(mmu.o)
 .bss           0x000000001040bcc0        0x0 /home/leon/git/swp-report/iMX6_Platform_SDK/output/mx6sdl/lib/libsdk.a(startup.o)
 .bss           0x000000001040bcc0        0x0 /home/leon/git/swp-report/iMX6_Platform_SDK/output/mx6sdl/lib/libsdk.a(vectors.o)
 .bss           0x000000001040bcc0        0x0 /home/leon/git/swp-report/iMX6_Platform_SDK/output/mx6sdl/lib/libsdk.a(spinlock.o)
 .bss           0x000000001040bcc0        0x0 /home/leon/git/swp-report/iMX6_Platform_SDK/output/mx6sdl/lib/libsdk.a(spinlock_lock_unlock.o)
 .bss           0x000000001040bcc0        0x0 /home/leon/git/swp-report/iMX6_Platform_SDK/output/mx6sdl/lib/libsdk.a(system_util.o)
 .bss           0x000000001040bcc0        0x0 /home/leon/git/swp-report/iMX6_Platform_SDK/output/mx6sdl/lib/libsdk.a(text_color.o)
 .bss           0x000000001040bcc0        0x0 /home/leon/git/swp-report/iMX6_Platform_SDK/output/mx6sdl/lib/libsdk.a(cpu_get_cores.o)
 .bss           0x000000001040bcc0       0x20 /home/leon/git/swp-report/iMX6_Platform_SDK/output/mx6sdl/lib/libsdk.a(cpu_multicore.o)
 .bss           0x000000001040bce0        0x4 /home/leon/git/swp-report/iMX6_Platform_SDK/output/mx6sdl/lib/libsdk.a(timer.o)
                0x000000001040bce0                g_microsecondTimerMultiple
 .bss           0x000000001040bce4        0x0 /home/leon/git/swp-report/iMX6_Platform_SDK/output/mx6sdl/lib/libsdk.a(imx_uart.o)
 .bss           0x000000001040bce4        0x0 /home/leon/git/swp-report/iMX6_Platform_SDK/output/mx6sdl/lib/libsdk.a(arm_abort.o)
 .bss           0x000000001040bce4      0x290 /home/leon/git/swp-report/iMX6_Platform_SDK/output/mx6sdl/lib/libsdk.a(interrupt.o)
                0x000000001040bce4                g_interrupt_handlers
                0x000000001040bf64                g_vectNum
 .bss           0x000000001040bf74        0x0 /home/leon/git/swp-report/iMX6_Platform_SDK/output/mx6sdl/lib/libsdk.a(epit.o)
 .bss           0x000000001040bf74        0x0 /home/leon/git/swp-report/iMX6_Platform_SDK/output/mx6sdl/lib/libsdk.a(abort_handler.o)
 .bss           0x000000001040bf74        0x4 /home/leon/git/swp-report/iMX6_Platform_SDK/output/mx6sdl/lib/libboard_smart_device_rev_c.a(board_io_expanders.o)
                0x000000001040bf74                max7310_i2c_req_array
 .bss           0x000000001040bf78        0x0 /home/leon/git/swp-report/iMX6_Platform_SDK/output/mx6sdl/lib/libboard_smart_device_rev_c.a(hardware_modules.o)
 .bss           0x000000001040bf78        0x0 /home/leon/git/swp-report/iMX6_Platform_SDK/output/mx6sdl/lib/libboard_smart_device_rev_c.a(dcd.o)
 .bss           0x000000001040bf78        0x0 /home/leon/git/swp-report/iMX6_Platform_SDK/output/mx6sdl/lib/libboard_smart_device_rev_c.a(uart_iomux_config.o)
 .bss           0x000000001040bf78        0x0 /home/leon/git/swp-report/iMX6_Platform_SDK/output/mx6sdl/lib/libboard_smart_device_rev_c.a(iomux_config.o)
 .bss           0x000000001040bf78        0x0 /home/leon/git/swp-report/iMX6_Platform_SDK/output/mx6sdl/lib/libboard_smart_device_rev_c.a(ipu1_iomux_config.o)
 .bss           0x000000001040bf78        0x0 /home/leon/git/swp-report/iMX6_Platform_SDK/output/mx6sdl/lib/libboard_smart_device_rev_c.a(mmdc_iomux_config.o)
 .bss           0x000000001040bf78        0x0 /home/leon/git/swp-report/iMX6_Platform_SDK/output/mx6sdl/lib/libboard_smart_device_rev_c.a(pwm1_iomux_config.o)
 .bss           0x000000001040bf78        0x0 /home/leon/git/swp-report/iMX6_Platform_SDK/output/mx6sdl/lib/libboard_smart_device_rev_c.a(sjc_iomux_config.o)
 .bss           0x000000001040bf78        0x0 /home/leon/git/swp-report/iMX6_Platform_SDK/output/mx6sdl/lib/libboard_smart_device_rev_c.a(uart1_iomux_config.o)
 .bss           0x000000001040bf78        0x0 /home/leon/git/swp-report/iMX6_Platform_SDK/output/mx6sdl/lib/libboard_smart_device_rev_c.a(usb_iomux_config.o)
 .bss           0x000000001040bf78        0x0 /home/leon/git/swp-report/iMX6_Platform_SDK/output/mx6sdl/lib/libboard_smart_device_rev_c.a(usdhc2_iomux_config.o)
 .bss           0x000000001040bf78        0x0 /home/leon/git/swp-report/iMX6_Platform_SDK/output/mx6sdl/lib/libboard_smart_device_rev_c.a(usdhc3_iomux_config.o)
 .bss           0x000000001040bf78        0x0 /home/leon/git/swp-report/iMX6_Platform_SDK/output/mx6sdl/lib/libboard_smart_device_rev_c.a(usdhc4_iomux_config.o)
 .bss           0x000000001040bf78        0x0 /home/leon/git/swp-report/iMX6_Platform_SDK/output/mx6sdl/lib/libboard_smart_device_rev_c.a(audmux_iomux_config.o)
 .bss           0x000000001040bf78        0x0 /home/leon/git/swp-report/iMX6_Platform_SDK/output/mx6sdl/lib/libboard_smart_device_rev_c.a(ccm_iomux_config.o)
 .bss           0x000000001040bf78        0x0 /home/leon/git/swp-report/iMX6_Platform_SDK/output/mx6sdl/lib/libboard_smart_device_rev_c.a(ecspi1_iomux_config.o)
 .bss           0x000000001040bf78        0x0 /home/leon/git/swp-report/iMX6_Platform_SDK/output/mx6sdl/lib/libboard_smart_device_rev_c.a(enet_iomux_config.o)
 .bss           0x000000001040bf78        0x0 /home/leon/git/swp-report/iMX6_Platform_SDK/output/mx6sdl/lib/libboard_smart_device_rev_c.a(epdc_iomux_config.o)
 .bss           0x000000001040bf78        0x0 /home/leon/git/swp-report/iMX6_Platform_SDK/output/mx6sdl/lib/libboard_smart_device_rev_c.a(flexcan1_iomux_config.o)
 .bss           0x000000001040bf78        0x0 /home/leon/git/swp-report/iMX6_Platform_SDK/output/mx6sdl/lib/libboard_smart_device_rev_c.a(gpio1_iomux_config.o)
 .bss           0x000000001040bf78        0x0 /home/leon/git/swp-report/iMX6_Platform_SDK/output/mx6sdl/lib/libboard_smart_device_rev_c.a(gpio2_iomux_config.o)
 .bss           0x000000001040bf78        0x0 /home/leon/git/swp-report/iMX6_Platform_SDK/output/mx6sdl/lib/libboard_smart_device_rev_c.a(gpio3_iomux_config.o)
 .bss           0x000000001040bf78        0x0 /home/leon/git/swp-report/iMX6_Platform_SDK/output/mx6sdl/lib/libboard_smart_device_rev_c.a(gpio4_iomux_config.o)
 .bss           0x000000001040bf78        0x0 /home/leon/git/swp-report/iMX6_Platform_SDK/output/mx6sdl/lib/libboard_smart_device_rev_c.a(gpio5_iomux_config.o)
 .bss           0x000000001040bf78        0x0 /home/leon/git/swp-report/iMX6_Platform_SDK/output/mx6sdl/lib/libboard_smart_device_rev_c.a(gpio6_iomux_config.o)
 .bss           0x000000001040bf78        0x0 /home/leon/git/swp-report/iMX6_Platform_SDK/output/mx6sdl/lib/libboard_smart_device_rev_c.a(gpio7_iomux_config.o)
 .bss           0x000000001040bf78        0x0 /home/leon/git/swp-report/iMX6_Platform_SDK/output/mx6sdl/lib/libboard_smart_device_rev_c.a(gps_iomux_config.o)
 .bss           0x000000001040bf78        0x0 /home/leon/git/swp-report/iMX6_Platform_SDK/output/mx6sdl/lib/libboard_smart_device_rev_c.a(i2c1_iomux_config.o)
 .bss           0x000000001040bf78        0x0 /home/leon/git/swp-report/iMX6_Platform_SDK/output/mx6sdl/lib/libboard_smart_device_rev_c.a(i2c2_iomux_config.o)
 .bss           0x000000001040bf78        0x0 /home/leon/git/swp-report/iMX6_Platform_SDK/output/mx6sdl/lib/libboard_smart_device_rev_c.a(i2c3_iomux_config.o)
 .bss           0x000000001040bf78        0x0 /home/src/arm/target/bin/../arm-none-eabi/lib//libc.a(lib_a-assert.o)
 .bss           0x000000001040bf78        0x0 /home/src/arm/target/bin/../arm-none-eabi/lib//libc.a(lib_a-bzero.o)
 .bss           0x000000001040bf78        0x0 /home/src/arm/target/bin/../arm-none-eabi/lib//libc.a(lib_a-fiprintf.o)
 .bss           0x000000001040bf78        0x0 /home/src/arm/target/bin/../arm-none-eabi/lib//libc.a(lib_a-fputc.o)
 .bss           0x000000001040bf78        0x0 /home/src/arm/target/bin/../arm-none-eabi/lib//libc.a(lib_a-impure.o)
 .bss           0x000000001040bf78        0x0 /home/src/arm/target/bin/../arm-none-eabi/lib//libc.a(lib_a-init.o)
 .bss           0x000000001040bf78        0x0 /home/src/arm/target/bin/../arm-none-eabi/lib//libc.a(lib_a-malloc.o)
 .bss           0x000000001040bf78       0x34 /home/src/arm/target/bin/../arm-none-eabi/lib//libc.a(lib_a-mallocr.o)
                0x000000001040bf78                __malloc_top_pad
                0x000000001040bf7c                __malloc_current_mallinfo
                0x000000001040bfa4                __malloc_max_sbrked_mem
                0x000000001040bfa8                __malloc_max_total_mem
 .bss           0x000000001040bfac        0x0 /home/src/arm/target/bin/../arm-none-eabi/lib//libc.a(lib_a-mlock.o)
 .bss           0x000000001040bfac        0x0 /home/src/arm/target/bin/../arm-none-eabi/lib//libc.a(lib_a-printf.o)
 .bss           0x000000001040bfac        0x0 /home/src/arm/target/bin/../arm-none-eabi/lib//libc.a(lib_a-putc.o)
 .bss           0x000000001040bfac        0x0 /home/src/arm/target/bin/../arm-none-eabi/lib//libc.a(lib_a-realloc.o)
 .bss           0x000000001040bfac        0x0 /home/src/arm/target/bin/../arm-none-eabi/lib//libc.a(lib_a-reallocr.o)
 .bss           0x000000001040bfac        0x0 /home/src/arm/target/bin/../arm-none-eabi/lib//libc.a(lib_a-rget.o)
 .bss           0x000000001040bfac        0x0 /home/src/arm/target/bin/../arm-none-eabi/lib//libc.a(lib_a-sbrkr.o)
 .bss           0x000000001040bfac       0xb0 /home/src/arm/target/bin/../arm-none-eabi/lib//libc.a(lib_a-syscalls.o)
 .bss           0x000000001040c05c        0x0 /home/src/arm/target/bin/../arm-none-eabi/lib//libc.a(lib_a-vfiprintf.o)
 .bss           0x000000001040c05c        0x0 /home/src/arm/target/bin/../arm-none-eabi/lib//libc.a(lib_a-vfprintf.o)
 .bss           0x000000001040c05c        0x0 /home/src/arm/target/bin/../arm-none-eabi/lib//libc.a(lib_a-vprintf.o)
 .bss           0x000000001040c05c        0x0 /home/src/arm/target/bin/../arm-none-eabi/lib//libc.a(lib_a-wbuf.o)
 .bss           0x000000001040c05c        0x0 /home/src/arm/target/bin/../arm-none-eabi/lib//libc.a(lib_a-wsetup.o)
 .bss           0x000000001040c05c        0x0 /home/src/arm/target/bin/../arm-none-eabi/lib//libc.a(lib_a-abort.o)
 .bss           0x000000001040c05c        0x0 /home/src/arm/target/bin/../arm-none-eabi/lib//libc.a(lib_a-dtoa.o)
 .bss           0x000000001040c05c        0x0 /home/src/arm/target/bin/../arm-none-eabi/lib//libc.a(lib_a-errno.o)
 .bss           0x000000001040c05c        0x0 /home/src/arm/target/bin/../arm-none-eabi/lib//libc.a(lib_a-fflush.o)
 .bss           0x000000001040c05c        0x0 /home/src/arm/target/bin/../arm-none-eabi/lib//libc.a(lib_a-findfp.o)
 .bss           0x000000001040c05c        0x0 /home/src/arm/target/bin/../arm-none-eabi/lib//libc.a(lib_a-fputwc.o)
 .bss           0x000000001040c05c        0x0 /home/src/arm/target/bin/../arm-none-eabi/lib//libc.a(lib_a-freer.o)
 .bss           0x000000001040c05c        0x0 /home/src/arm/target/bin/../arm-none-eabi/lib//libc.a(lib_a-fvwrite.o)
 .bss           0x000000001040c05c        0x0 /home/src/arm/target/bin/../arm-none-eabi/lib//libc.a(lib_a-fwalk.o)
 .bss           0x000000001040c05c        0xc /home/src/arm/target/bin/../arm-none-eabi/lib//libc.a(lib_a-locale.o)
                0x000000001040c05c                _PathLocale
                0x000000001040c060                __mlocale_changed
                0x000000001040c064                __nlocale_changed
 .bss           0x000000001040c068        0x0 /home/src/arm/target/bin/../arm-none-eabi/lib//libc.a(lib_a-makebuf.o)
 .bss           0x000000001040c068        0x0 /home/src/arm/target/bin/../arm-none-eabi/lib//libc.a(lib_a-memchr-stub.o)
 .bss           0x000000001040c068        0x0 /home/src/arm/target/bin/../arm-none-eabi/lib//libc.a(lib_a-memcpy-stub.o)
 .bss           0x000000001040c068        0x0 /home/src/arm/target/bin/../arm-none-eabi/lib//libc.a(lib_a-memmove.o)
 .bss           0x000000001040c068        0x0 /home/src/arm/target/bin/../arm-none-eabi/lib//libc.a(lib_a-memset.o)
 .bss           0x000000001040c068        0x0 /home/src/arm/target/bin/../arm-none-eabi/lib//libc.a(lib_a-mprec.o)
 .bss           0x000000001040c068        0x0 /home/src/arm/target/bin/../arm-none-eabi/lib//libc.a(lib_a-reent.o)
 .bss           0x000000001040c068        0x0 /home/src/arm/target/bin/../arm-none-eabi/lib//libc.a(lib_a-refill.o)
 .bss           0x000000001040c068        0x0 /home/src/arm/target/bin/../arm-none-eabi/lib//libc.a(lib_a-s_fpclassify.o)
 .bss           0x000000001040c068        0x0 /home/src/arm/target/bin/../arm-none-eabi/lib//libc.a(lib_a-signal.o)
 .bss           0x000000001040c068        0x0 /home/src/arm/target/bin/../arm-none-eabi/lib//libc.a(lib_a-signalr.o)
 .bss           0x000000001040c068        0x0 /home/src/arm/target/bin/../arm-none-eabi/lib//libc.a(lib_a-stdio.o)
 .bss           0x000000001040c068        0x0 /home/src/arm/target/bin/../arm-none-eabi/lib//libc.a(lib_a-strcmp.o)
 .bss           0x000000001040c068        0x0 /home/src/arm/target/bin/../arm-none-eabi/lib//libc.a(lib_a-strlen.o)
 .bss           0x000000001040c068        0x0 /home/src/arm/target/bin/../arm-none-eabi/lib//libc.a(lib_a-wcrtomb.o)
 .bss           0x000000001040c068        0x0 /home/src/arm/target/bin/../arm-none-eabi/lib//libc.a(lib_a-wctomb_r.o)
 .bss           0x000000001040c068        0x0 /home/src/arm/target/bin/../arm-none-eabi/lib//libc.a(lib_a-writer.o)
 .bss           0x000000001040c068        0x0 /home/src/arm/target/bin/../arm-none-eabi/lib//libc.a(lib_a-callocr.o)
 .bss           0x000000001040c068        0x0 /home/src/arm/target/bin/../arm-none-eabi/lib//libc.a(lib_a-closer.o)
 .bss           0x000000001040c068        0x0 /home/src/arm/target/bin/../arm-none-eabi/lib//libc.a(lib_a-fclose.o)
 .bss           0x000000001040c068        0x0 /home/src/arm/target/bin/../arm-none-eabi/lib//libc.a(lib_a-fstatr.o)
 .bss           0x000000001040c068        0x0 /home/src/arm/target/bin/../arm-none-eabi/lib//libc.a(lib_a-isattyr.o)
 .bss           0x000000001040c068        0x0 /home/src/arm/target/bin/../arm-none-eabi/lib//libc.a(lib_a-lseekr.o)
 .bss           0x000000001040c068        0x0 /home/src/arm/target/bin/../arm-none-eabi/lib//libc.a(lib_a-readr.o)
 .bss           0x000000001040c068        0x0 /home/src/arm/target/bin/../lib/gcc/arm-none-eabi/4.8.2//libgcc.a(_udivsi3.o)
 .bss           0x000000001040c068        0x0 /home/src/arm/target/bin/../lib/gcc/arm-none-eabi/4.8.2//libgcc.a(_divsi3.o)
 .bss           0x000000001040c068        0x0 /home/src/arm/target/bin/../lib/gcc/arm-none-eabi/4.8.2//libgcc.a(_dvmd_tls.o)
 .bss           0x000000001040c068        0x0 /home/src/arm/target/bin/../lib/gcc/arm-none-eabi/4.8.2//libgcc.a(_arm_addsubdf3.o)
 .bss           0x000000001040c068        0x0 /home/src/arm/target/bin/../lib/gcc/arm-none-eabi/4.8.2//libgcc.a(_arm_muldivdf3.o)
 .bss           0x000000001040c068        0x0 /home/src/arm/target/bin/../lib/gcc/arm-none-eabi/4.8.2//libgcc.a(_arm_cmpdf2.o)
 .bss           0x000000001040c068        0x0 /home/src/arm/target/bin/../lib/gcc/arm-none-eabi/4.8.2//libgcc.a(_arm_fixdfsi.o)
 .bss           0x000000001040c068        0x0 /home/src/arm/target/bin/../lib/gcc/arm-none-eabi/4.8.2//libgcc.a(_aeabi_uldivmod.o)
 .bss           0x000000001040c068        0x0 /home/src/arm/target/bin/../lib/gcc/arm-none-eabi/4.8.2//libgcc.a(bpabi.o)
 .bss           0x000000001040c068        0x0 /home/src/arm/target/bin/../lib/gcc/arm-none-eabi/4.8.2//libgcc.a(_divdi3.o)
 .bss           0x000000001040c068        0x0 /home/src/arm/target/bin/../lib/gcc/arm-none-eabi/4.8.2//libgcc.a(_udivdi3.o)
 .bss           0x000000001040c068        0x0 /home/src/arm/target/bin/../lib/gcc/arm-none-eabi/4.8.2//libgcc.a(_clzsi2.o)
 *(COMMON)
 COMMON         0x000000001040c068        0x4 /home/src/arm/target/bin/../arm-none-eabi/lib//libc.a(lib_a-reent.o)
                0x000000001040c068                errno
 *(.bss)
                0x000000001040c06c                __bss_end__ = .

.stacks         0x000000001040c06c     0xc000
                0x000000001040c06c                __stacks_start = .
                0x000000001041806c                . = (. + 0xc000)
 *fill*         0x000000001040c06c     0xc000 
                0x000000001041806c                __stacks_end = .
                0x000000001041806c                top_of_stacks = .
                0x0000000010418080                free_memory_start = ALIGN (0x20)
                0x000000001841806c                . = (. + 0x8000000)
                0x000000001841806c                free_memory_end = .
                0x000000001841806c                _end = .
                0x000000001841806c                PROVIDE (end, .)
START GROUP
LOAD /home/leon/git/swp-report/iMX6_Platform_SDK/output/mx6sdl/smp_primes/smart_device_rev_c/obj/apps/common/ivt.o
LOAD /home/leon/git/swp-report/iMX6_Platform_SDK/output/mx6sdl/smp_primes/smart_device_rev_c/obj/apps/common/platform_init.o
LOAD /home/leon/git/swp-report/iMX6_Platform_SDK/output/mx6sdl/smp_primes/smart_device_rev_c/obj/apps/smp_primes/src/main.o
LOAD /home/leon/git/swp-report/iMX6_Platform_SDK/output/mx6sdl/smp_primes/smart_device_rev_c/obj/apps/smp_primes/src/primes.o
LOAD /home/leon/git/swp-report/iMX6_Platform_SDK/output/mx6sdl/lib/libsdk.a
LOAD /home/leon/git/swp-report/iMX6_Platform_SDK/output/mx6sdl/lib/libboard_smart_device_rev_c.a
LOAD /home/src/arm/target/bin/../arm-none-eabi/lib//libm.a
LOAD /home/src/arm/target/bin/../arm-none-eabi/lib//libstdc++.a
LOAD /home/src/arm/target/bin/../arm-none-eabi/lib//libc.a
LOAD /home/src/arm/target/bin/../lib/gcc/arm-none-eabi/4.8.2//libgcc.a
END GROUP
OUTPUT(/home/leon/git/swp-report/iMX6_Platform_SDK/output/mx6sdl/smp_primes/smart_device_rev_c/smp_primes.elf elf32-littlearm)

.comment        0x0000000000000000       0x11
 .comment       0x0000000000000000       0x11 /home/src/arm/target/bin/../lib/gcc/arm-none-eabi/4.8.2//crtbegin.o
                                         0x12 (size before relaxing)
 .comment       0x0000000000000000       0x12 /home/src/arm/target/bin/../lib/gcc/arm-none-eabi/4.8.2//crtend.o
 .comment       0x0000000000000000       0x12 /home/leon/git/swp-report/iMX6_Platform_SDK/output/mx6sdl/smp_primes/smart_device_rev_c/obj/apps/common/ivt.o
 .comment       0x0000000000000000       0x12 /home/leon/git/swp-report/iMX6_Platform_SDK/output/mx6sdl/smp_primes/smart_device_rev_c/obj/apps/common/platform_init.o
 .comment       0x0000000000000000       0x12 /home/leon/git/swp-report/iMX6_Platform_SDK/output/mx6sdl/smp_primes/smart_device_rev_c/obj/apps/smp_primes/src/main.o
 .comment       0x0000000000000000       0x12 /home/leon/git/swp-report/iMX6_Platform_SDK/output/mx6sdl/smp_primes/smart_device_rev_c/obj/apps/smp_primes/src/primes.o
 .comment       0x0000000000000000       0x12 /home/leon/git/swp-report/iMX6_Platform_SDK/output/mx6sdl/lib/libsdk.a(armv7_cache.o)
 .comment       0x0000000000000000       0x12 /home/leon/git/swp-report/iMX6_Platform_SDK/output/mx6sdl/lib/libsdk.a(ccm_pll.o)
 .comment       0x0000000000000000       0x12 /home/leon/git/swp-report/iMX6_Platform_SDK/output/mx6sdl/lib/libsdk.a(gic.o)
 .comment       0x0000000000000000       0x12 /home/leon/git/swp-report/iMX6_Platform_SDK/output/mx6sdl/lib/libsdk.a(mmu.o)
 .comment       0x0000000000000000       0x12 /home/leon/git/swp-report/iMX6_Platform_SDK/output/mx6sdl/lib/libsdk.a(spinlock.o)
 .comment       0x0000000000000000       0x12 /home/leon/git/swp-report/iMX6_Platform_SDK/output/mx6sdl/lib/libsdk.a(system_util.o)
 .comment       0x0000000000000000       0x12 /home/leon/git/swp-report/iMX6_Platform_SDK/output/mx6sdl/lib/libsdk.a(text_color.o)
 .comment       0x0000000000000000       0x12 /home/leon/git/swp-report/iMX6_Platform_SDK/output/mx6sdl/lib/libsdk.a(cpu_get_cores.o)
 .comment       0x0000000000000000       0x12 /home/leon/git/swp-report/iMX6_Platform_SDK/output/mx6sdl/lib/libsdk.a(cpu_multicore.o)
 .comment       0x0000000000000000       0x12 /home/leon/git/swp-report/iMX6_Platform_SDK/output/mx6sdl/lib/libsdk.a(timer.o)
 .comment       0x0000000000000000       0x12 /home/leon/git/swp-report/iMX6_Platform_SDK/output/mx6sdl/lib/libsdk.a(imx_uart.o)
 .comment       0x0000000000000000       0x12 /home/leon/git/swp-report/iMX6_Platform_SDK/output/mx6sdl/lib/libsdk.a(interrupt.o)
 .comment       0x0000000000000000       0x12 /home/leon/git/swp-report/iMX6_Platform_SDK/output/mx6sdl/lib/libsdk.a(epit.o)
 .comment       0x0000000000000000       0x12 /home/leon/git/swp-report/iMX6_Platform_SDK/output/mx6sdl/lib/libsdk.a(abort_handler.o)
 .comment       0x0000000000000000       0x12 /home/leon/git/swp-report/iMX6_Platform_SDK/output/mx6sdl/lib/libboard_smart_device_rev_c.a(board_io_expanders.o)
 .comment       0x0000000000000000       0x12 /home/leon/git/swp-report/iMX6_Platform_SDK/output/mx6sdl/lib/libboard_smart_device_rev_c.a(hardware_modules.o)