Archive member included because of file (symbol)

/home/leon/git/swp-report/iMX6_Platform_SDK/output/mx6sdl/lib/libsdk.a(armv7_cache.o)
                              /home/leon/git/swp-report/iMX6_Platform_SDK/output/mx6sdl/smp_primes/smart_device_rev_c/obj/apps/smp_primes/src/main.o (arm_dcache_enable)
/home/leon/git/swp-report/iMX6_Platform_SDK/output/mx6sdl/lib/libsdk.a(ccm_pll.o)
                              /home/leon/git/swp-report/iMX6_Platform_SDK/output/mx6sdl/smp_primes/smart_device_rev_c/obj/apps/common/platform_init.o (ccm_init)
/home/leon/git/swp-report/iMX6_Platform_SDK/output/mx6sdl/lib/libsdk.a(cortexA9.o)
                              /home/leon/git/swp-report/iMX6_Platform_SDK/output/mx6sdl/smp_primes/smart_device_rev_c/obj/apps/common/platform_init.o (arm_set_interrupt_state)
/home/leon/git/swp-report/iMX6_Platform_SDK/output/mx6sdl/lib/libsdk.a(gic.o)
                              /home/leon/git/swp-report/iMX6_Platform_SDK/output/mx6sdl/smp_primes/smart_device_rev_c/obj/apps/common/platform_init.o (gic_init)
/home/leon/git/swp-report/iMX6_Platform_SDK/output/mx6sdl/lib/libsdk.a(mmu.o)
                              /home/leon/git/swp-report/iMX6_Platform_SDK/output/mx6sdl/smp_primes/smart_device_rev_c/obj/apps/common/platform_init.o (mmu_init)
/home/leon/git/swp-report/iMX6_Platform_SDK/output/mx6sdl/lib/libsdk.a(startup.o)
                              (_start)
/home/leon/git/swp-report/iMX6_Platform_SDK/output/mx6sdl/lib/libsdk.a(vectors.o)
                              /home/leon/git/swp-report/iMX6_Platform_SDK/output/mx6sdl/lib/libsdk.a(startup.o) (vectors)
/home/leon/git/swp-report/iMX6_Platform_SDK/output/mx6sdl/lib/libsdk.a(spinlock.o)
                              /home/leon/git/swp-report/iMX6_Platform_SDK/output/mx6sdl/smp_primes/smart_device_rev_c/obj/apps/smp_primes/src/main.o (spinlock_init)
/home/leon/git/swp-report/iMX6_Platform_SDK/output/mx6sdl/lib/libsdk.a(spinlock_lock_unlock.o)
                              /home/leon/git/swp-report/iMX6_Platform_SDK/output/mx6sdl/smp_primes/smart_device_rev_c/obj/apps/smp_primes/src/main.o (spinlock_lock)
/home/leon/git/swp-report/iMX6_Platform_SDK/output/mx6sdl/lib/libsdk.a(system_util.o)
                              /home/leon/git/swp-report/iMX6_Platform_SDK/output/mx6sdl/lib/libsdk.a(startup.o) (_sys_exit)
/home/leon/git/swp-report/iMX6_Platform_SDK/output/mx6sdl/lib/libsdk.a(text_color.o)
                              /home/leon/git/swp-report/iMX6_Platform_SDK/output/mx6sdl/lib/libsdk.a(system_util.o) (g_TextAttributeBold)
/home/leon/git/swp-report/iMX6_Platform_SDK/output/mx6sdl/lib/libsdk.a(cpu_get_cores.o)
                              /home/leon/git/swp-report/iMX6_Platform_SDK/output/mx6sdl/smp_primes/smart_device_rev_c/obj/apps/smp_primes/src/main.o (cpu_get_cores)
/home/leon/git/swp-report/iMX6_Platform_SDK/output/mx6sdl/lib/libsdk.a(cpu_multicore.o)
                              /home/leon/git/swp-report/iMX6_Platform_SDK/output/mx6sdl/smp_primes/smart_device_rev_c/obj/apps/smp_primes/src/main.o (cpu_start_secondary)
/home/leon/git/swp-report/iMX6_Platform_SDK/output/mx6sdl/lib/libsdk.a(timer.o)
                              /home/leon/git/swp-report/iMX6_Platform_SDK/output/mx6sdl/smp_primes/smart_device_rev_c/obj/apps/common/platform_init.o (system_time_init)
/home/leon/git/swp-report/iMX6_Platform_SDK/output/mx6sdl/lib/libsdk.a(imx_uart.o)
                              /home/leon/git/swp-report/iMX6_Platform_SDK/output/mx6sdl/smp_primes/smart_device_rev_c/obj/apps/common/platform_init.o (uart_getchar)
/home/leon/git/swp-report/iMX6_Platform_SDK/output/mx6sdl/lib/libsdk.a(arm_abort.o)
                              /home/leon/git/swp-report/iMX6_Platform_SDK/output/mx6sdl/lib/libsdk.a(vectors.o) (data_abort_handler)
/home/leon/git/swp-report/iMX6_Platform_SDK/output/mx6sdl/lib/libsdk.a(interrupt.o)
                              /home/leon/git/swp-report/iMX6_Platform_SDK/output/mx6sdl/lib/libsdk.a(vectors.o) (IRQ_HDLR)
/home/leon/git/swp-report/iMX6_Platform_SDK/output/mx6sdl/lib/libsdk.a(epit.o)
                              /home/leon/git/swp-report/iMX6_Platform_SDK/output/mx6sdl/lib/libsdk.a(timer.o) (epit_get_compare_event)
/home/leon/git/swp-report/iMX6_Platform_SDK/output/mx6sdl/lib/libsdk.a(abort_handler.o)
                              /home/leon/git/swp-report/iMX6_Platform_SDK/output/mx6sdl/lib/libsdk.a(arm_abort.o) (dump_regs)
/home/leon/git/swp-report/iMX6_Platform_SDK/output/mx6sdl/lib/libboard_smart_device_rev_c.a(board_io_expanders.o)
                              /home/leon/git/swp-report/iMX6_Platform_SDK/output/mx6sdl/smp_primes/smart_device_rev_c/obj/apps/common/platform_init.o (board_ioexpander_init)
/home/leon/git/swp-report/iMX6_Platform_SDK/output/mx6sdl/lib/libboard_smart_device_rev_c.a(hardware_modules.o)
                              /home/leon/git/swp-report/iMX6_Platform_SDK/output/mx6sdl/smp_primes/smart_device_rev_c/obj/apps/common/platform_init.o (g_debug_uart_port)
[...]
Memory Configuration

Name             Origin             Length             Attributes
OCRAM            0x00900000         0x00020000         xrw
DDR              0x10000000         0x40000000         xrw
*default*        0x00000000         0xffffffff

Linker script and memory map

LOAD /home/leon/riotboard/arm-2012.09/bin/../lib/gcc/arm-none-eabi/4.7.2//crtbegin.o
LOAD /home/leon/riotboard/arm-2012.09/bin/../lib/gcc/arm-none-eabi/4.7.2//crti.o
LOAD /home/leon/riotboard/arm-2012.09/bin/../lib/gcc/arm-none-eabi/4.7.2//crtend.o
LOAD /home/leon/riotboard/arm-2012.09/bin/../lib/gcc/arm-none-eabi/4.7.2//crtn.o

.l1_page_table  0x00900000     0x4000
                0x00900000                __l1_page_table_start = .
                0x00904000                . = (. + 0x4000)
 *fill*         0x00900000     0x4000 

.heap.ocram     0x00904000    0x1bfb8
                0x00904000                __heap_ocram_start = .
                0x0091ffb8                . = (. + 0x1bfb8)
 *fill*         0x00904000    0x1bfb8 
                0x0091ffb8                __heap_ocram_end = .

.ram_vectors    0x0091ffb8       0x48
                0x0091ffb8                __ram_vectors_start = .
                0x00920000                . = (. + 0x48)
 *fill*         0x0091ffb8       0x48 
                0x00920000                __ram_vectors_end = .
                0x10000000                _start_image_add = ORIGIN (DDR)

.ivt            0x10000000      0x420
                0x10000400                . = (. + 0x400)
 *fill*         0x10000000      0x400 
 *(.ivt)
 .ivt           0x10000400       0x20 /home/leon/git/swp-report/iMX6_Platform_SDK/output/mx6sdl/smp_primes/smart_device_rev_c/obj/apps/common/ivt.o
                0x10000400                input_ivt

.boot_data      0x10000420        0xc
                0x10000420                __start_boot_data = .
 *(.boot_data)
 .boot_data     0x10000420        0xc /home/leon/git/swp-report/iMX6_Platform_SDK/output/mx6sdl/smp_primes/smart_device_rev_c/obj/apps/common/ivt.o
                0x10000420                bd

.dcd_hdr        0x10000430        0x4
                0x10000430                __start_dcd = .
 *(.dcd_hdr)
 .dcd_hdr       0x10000430        0x4 /home/leon/git/swp-report/iMX6_Platform_SDK/output/mx6sdl/lib/libboard_smart_device_rev_c.a(dcd.o)
                0x10000430                input_dcd_hdr

.dcd_wrt_cmd    0x10000434        0x4
 *(.dcd_wrt_cmd)
 .dcd_wrt_cmd   0x10000434        0x4 /home/leon/git/swp-report/iMX6_Platform_SDK/output/mx6sdl/lib/libboard_smart_device_rev_c.a(dcd.o)
                0x10000434                input_dcd_wrt_cmd

.dcd_data       0x10000438      0x298
 *(.dcd_data)
 .dcd_data      0x10000438      0x298 /home/leon/git/swp-report/iMX6_Platform_SDK/output/mx6sdl/lib/libboard_smart_device_rev_c.a(dcd.o)
                0x10000438                input_dcd

.text           0x100006d0    0x16e78
 CREATE_OBJECT_SYMBOLS
 *(.startup)
 .startup       0x100006d0      0x138 /home/leon/git/swp-report/iMX6_Platform_SDK/output/mx6sdl/lib/libsdk.a(startup.o)
                0x100006d0                _start
 *(.text .text.* .gnu.linkonce.t.*)
 .text          0x10000808      0x128 /home/leon/riotboard/arm-2012.09/bin/../lib/gcc/arm-none-eabi/4.7.2//crtbegin.o
 .text          0x10000930        0x0 /home/leon/riotboard/arm-2012.09/bin/../lib/gcc/arm-none-eabi/4.7.2//crti.o
 .text          0x10000930        0x0 /home/leon/riotboard/arm-2012.09/bin/../lib/gcc/arm-none-eabi/4.7.2//crtend.o
 .text          0x10000930        0x0 /home/leon/riotboard/arm-2012.09/bin/../lib/gcc/arm-none-eabi/4.7.2//crtn.o
 .text          0x10000930        0x0 /home/leon/git/swp-report/iMX6_Platform_SDK/output/mx6sdl/smp_primes/smart_device_rev_c/obj/apps/common/ivt.o
 .text          0x10000930       0xbc /home/leon/git/swp-report/iMX6_Platform_SDK/output/mx6sdl/smp_primes/smart_device_rev_c/obj/apps/common/platform_init.o
                0x10000930                platform_init
 .text          0x100009ec      0x380 /home/leon/git/swp-report/iMX6_Platform_SDK/output/mx6sdl/smp_primes/smart_device_rev_c/obj/apps/smp_primes/src/main.o
                0x100009ec                configure_cpu
                0x10000a40                smp_primes
                0x10000d50                main
 .text          0x10000d6c      0x55c /home/leon/git/swp-report/iMX6_Platform_SDK/output/mx6sdl/smp_primes/smart_device_rev_c/obj/apps/smp_primes/src/primes.o
                0x10000ea0                initPrimes
                0x1000119c                calculatePrimes
 .text          0x100012c8      0x644 /home/leon/git/swp-report/iMX6_Platform_SDK/output/mx6sdl/lib/libsdk.a(armv7_cache.o)
                0x100012c8                arm_dcache_state_query
                0x10001308                arm_dcache_enable
                0x10001350                arm_dcache_disable
                0x10001388                arm_dcache_invalidate
                0x1000142c                arm_dcache_invalidate_line
                0x10001498                arm_dcache_invalidate_mlines
                0x10001538                arm_dcache_flush
                0x100015dc                arm_dcache_flush_line
                0x10001648                arm_dcache_flush_mlines
                0x100016e8                arm_icache_state_query
                0x10001728                arm_icache_enable
                0x10001770                arm_icache_disable
                0x100017a8                arm_icache_invalidate
                0x100017d4                arm_icache_invalidate_is
                0x10001800                arm_icache_invalidate_line
                0x1000186c                arm_icache_invalidate_mlines
 .text          0x1000190c      0xc64 /home/leon/git/swp-report/iMX6_Platform_SDK/output/mx6sdl/lib/libsdk.a(ccm_pll.o)
                0x1000190c                ccm_init
                0x10001a30                get_main_clock
                0x10001cc0                get_peri_clock
                0x10001e70                ccm_ccgr_config
                0x10001ed8                clock_gating_config
                0x10002310                ccm_set_lpm_wakeup_source
                0x10002404                ccm_enter_low_power
                0x10002474                ipu_hsp_clk_config
                0x10002494                gpu_clock_config
 .text          0x10002570      0x164 /home/leon/git/swp-report/iMX6_Platform_SDK/output/mx6sdl/lib/libsdk.a(cortexA9.o)
                0x10002570                arm_set_interrupt_state
                0x10002594                cpu_get_current
                0x100025a0                enable_neon_fpu
                0x100025bc                disable_strict_align_check
                0x100025d0                disable_L1_cache
                0x100025f0                get_arm_private_peripheral_base
                0x100025f8                arm_unified_tlb_invalidate
                0x10002608                arm_unified_tlb_invalidate_is
                0x10002618                arm_branch_prediction_enable
                0x10002628                arm_branch_prediction_disable
                0x10002638                arm_branch_target_cache_invalidate
                0x10002644                arm_branch_target_cache_invalidate_is
                0x10002650                scu_enable
                0x10002664                scu_join_smp
                0x10002674                scu_leave_smp
                0x10002684                scu_get_cpus_in_smp
                0x10002698                scu_enable_maintenance_broadcast
                0x100026a8                scu_disable_maintenance_broadcast
                0x100026b8                scu_secure_invalidate
 .text          0x100026d4      0x5e0 /home/leon/git/swp-report/iMX6_Platform_SDK/output/mx6sdl/lib/libsdk.a(gic.o)
                0x100027b8                gic_enable
                0x10002818                gic_set_irq_security
                0x100028c0                gic_enable_irq
                0x1000293c                gic_set_irq_priority
                0x10002984                gic_set_cpu_target
                0x10002a90                gic_send_sgi
                0x10002ae4                gic_cpu_enable
                0x10002b44                gic_set_cpu_priority_mask
                0x10002b78                gic_read_irq_ack
                0x10002ba4                gic_write_end_of_irq
                0x10002bd4                gic_init
                0x10002c78                gic_init_cpu
 .text          0x10002cb4      0x460 /home/leon/git/swp-report/iMX6_Platform_SDK/output/mx6sdl/lib/libsdk.a(mmu.o)
                0x10002cb4                mmu_enable
                0x10002cec                mmu_disable
                0x10002d20                mmu_init
                0x10002e3c                mmu_map_l1_range
                0x10003054                mmu_virtual_to_physical
 .text          0x10003114        0x0 /home/leon/git/swp-report/iMX6_Platform_SDK/output/mx6sdl/lib/libsdk.a(startup.o)
 .text          0x10003114        0x4 /home/leon/git/swp-report/iMX6_Platform_SDK/output/mx6sdl/lib/libsdk.a(vectors.o)
                0x10003114                exception_handler
 .text.vectors  0x10003118       0x48 /home/leon/git/swp-report/iMX6_Platform_SDK/output/mx6sdl/lib/libsdk.a(vectors.o)
                0x10003118                vectors
 .text          0x10003160       0x60 /home/leon/git/swp-report/iMX6_Platform_SDK/output/mx6sdl/lib/libsdk.a(spinlock.o)
                0x10003160                spinlock_init
                0x10003188                spinlock_is_locked
 .text          0x100031c0       0x60 /home/leon/git/swp-report/iMX6_Platform_SDK/output/mx6sdl/lib/libsdk.a(spinlock_lock_unlock.o)
                0x100031c0                spinlock_lock
                0x100031ec                spinlock_unlock
 .text          0x10003220      0x914 /home/leon/git/swp-report/iMX6_Platform_SDK/output/mx6sdl/lib/libsdk.a(system_util.o)
                0x10003220                _sys_exit
                0x1000323c                mybkpt
                0x10003244                is_input_char
                0x100033c4                read_input_string
                0x100036ac                get_input_hex
                0x1000392c                read_int
                0x10003a90                jump_to_sdp
 .text          0x10003b34       0xe0 /home/leon/git/swp-report/iMX6_Platform_SDK/output/mx6sdl/lib/libsdk.a(text_color.o)
                0x10003b34                printf_color
                0x10003bd0                get_color_supported
 .text          0x10003c14       0x78 /home/leon/git/swp-report/iMX6_Platform_SDK/output/mx6sdl/lib/libsdk.a(cpu_get_cores.o)
                0x10003c14                cpu_get_cores
 .text          0x10003c8c      0x1d8 /home/leon/git/swp-report/iMX6_Platform_SDK/output/mx6sdl/lib/libsdk.a(cpu_multicore.o)
                0x10003cf0                cpu_start_secondary
                0x10003df4                cpu_disable
 .text          0x10003e64      0x290 /home/leon/git/swp-report/iMX6_Platform_SDK/output/mx6sdl/lib/libsdk.a(timer.o)
                0x10003e64                hal_delay_us
                0x10003ed4                system_time_init
                0x10004034                time_get_microseconds
 .text          0x100040f4     0x2820 /home/leon/git/swp-report/iMX6_Platform_SDK/output/mx6sdl/lib/libsdk.a(imx_uart.o)
                0x100040f4                uart_get_reffreq
                0x100041f0                uart_putchar
                0x10004340                uart_getchar
                0x100044a0                uart_set_FIFO_mode
                0x10004fcc                uart_set_loopback_mode
                0x10005220                uart_setup_interrupt
                0x100052ec                uart_init
 .text          0x10006914       0x98 /home/leon/git/swp-report/iMX6_Platform_SDK/output/mx6sdl/lib/libsdk.a(arm_abort.o)
                0x10006914                common_abort_handler
                0x10006974                data_abort_handler
                0x1000698c                prefetch_abort_handler
 .text          0x100069ac      0x1bc /home/leon/git/swp-report/iMX6_Platform_SDK/output/mx6sdl/lib/libsdk.a(interrupt.o)
                0x100069ac                IRQ_HDLR
                0x10006a74                disable_interrupt
                0x10006ab0                enable_interrupt
                0x10006b08                register_interrupt_routine
                0x10006b3c                default_interrupt_routine
 .text          0x10006b68      0x8e0 /home/leon/git/swp-report/iMX6_Platform_SDK/output/mx6sdl/lib/libsdk.a(epit.o)
                0x10006b68                epit_reload_counter
                0x10006bc8                epit_get_counter_value
                0x10006c24                epit_set_compare_event
                0x10006c84                epit_get_compare_event
                0x10006d7c                epit_counter_disable
                0x10006f40                epit_counter_enable
                0x1000719c                epit_setup_interrupt
                0x1000722c                epit_init
 .text          0x10007448      0x4bc /home/leon/git/swp-report/iMX6_Platform_SDK/output/mx6sdl/lib/libsdk.a(abort_handler.o)
                0x10007448                dump_regs
 .text          0x10007904       0x20 /home/leon/git/swp-report/iMX6_Platform_SDK/output/mx6sdl/lib/libboard_smart_device_rev_c.a(board_io_expanders.o)
                0x10007904                board_ioexpander_init
                0x10007914                board_ioexpander_iomux_config
 .text          0x10007924        0x0 /home/leon/git/swp-report/iMX6_Platform_SDK/output/mx6sdl/lib/libboard_smart_device_rev_c.a(hardware_modules.o)
 .text          0x10007924        0x0 /home/leon/git/swp-report/iMX6_Platform_SDK/output/mx6sdl/lib/libboard_smart_device_rev_c.a(dcd.o)
 .text          0x10007924       0x90 /home/leon/git/swp-report/iMX6_Platform_SDK/output/mx6sdl/lib/libboard_smart_device_rev_c.a(uart_iomux_config.o)
                0x10007924                uart_iomux_config
 .text          0x100079b4      0x2f8 /home/leon/git/swp-report/iMX6_Platform_SDK/output/mx6sdl/lib/libboard_smart_device_rev_c.a(iomux_config.o)
                0x100079b4                iomux_config
                0x10007a2c                arm_iomux_config
                0x10007a3c                asrc_iomux_config
                0x10007a4c                dcic1_iomux_config
                0x10007a5c                dcic2_iomux_config
                0x10007a6c                ecspi2_iomux_config
                0x10007a7c                ecspi3_iomux_config
                0x10007a8c                ecspi4_iomux_config
                0x10007a9c                eim_iomux_config
                0x10007aac                epit1_iomux_config
                0x10007abc                epit2_iomux_config
                0x10007acc                esai_iomux_config
                0x10007adc                flexcan2_iomux_config
                0x10007aec                gpmi_iomux_config
                0x10007afc                gpt_iomux_config
                0x10007b0c                hdmi_iomux_config
                0x10007b1c                i2c4_iomux_config
                0x10007b2c                kpp_iomux_config
                0x10007b3c                lcd_iomux_config
                0x10007b4c                ldb_iomux_config
                0x10007b5c                mipi_csi_iomux_config
                0x10007b6c                mipi_dsi_iomux_config
                0x10007b7c                mipi_hsi_iomux_config
                0x10007b8c                mlb_iomux_config
                0x10007b9c                pcie_iomux_config
                0x10007bac                pmu_iomux_config
                0x10007bbc                pwm2_iomux_config
                0x10007bcc                pwm3_iomux_config
                0x10007bdc                pwm4_iomux_config
                0x10007bec                sdma_iomux_config
                0x10007bfc                snvs_iomux_config
                0x10007c0c                spdif_iomux_config
                0x10007c1c                src_iomux_config
                0x10007c2c                uart2_iomux_config
                0x10007c3c                uart3_iomux_config
                0x10007c4c                uart4_iomux_config
                0x10007c5c                uart5_iomux_config
                0x10007c6c                usdhc1_iomux_config
                0x10007c7c                wdog1_iomux_config
                0x10007c8c                wdog2_iomux_config
                0x10007c9c                xtalosc_iomux_config
 .text          0x10007cac      0x424 /home/leon/git/swp-report/iMX6_Platform_SDK/output/mx6sdl/lib/libboard_smart_device_rev_c.a(ipu1_iomux_config.o)
                0x10007cac                ipu1_iomux_config
 .text          0x100080d0     0x2484 /home/leon/git/swp-report/iMX6_Platform_SDK/output/mx6sdl/lib/libboard_smart_device_rev_c.a(mmdc_iomux_config.o)
                0x100080d0                mmdc_iomux_config
 .text          0x1000a554       0x34 /home/leon/git/swp-report/iMX6_Platform_SDK/output/mx6sdl/lib/libboard_smart_device_rev_c.a(pwm1_iomux_config.o)
                0x1000a554                pwm1_iomux_config
 .text          0x1000a588       0x70 /home/leon/git/swp-report/iMX6_Platform_SDK/output/mx6sdl/lib/libboard_smart_device_rev_c.a(sjc_iomux_config.o)
                0x1000a588                sjc_iomux_config
 .text          0x1000a5f8       0x78 /home/leon/git/swp-report/iMX6_Platform_SDK/output/mx6sdl/lib/libboard_smart_device_rev_c.a(uart1_iomux_config.o)
                0x1000a5f8                uart1_iomux_config
 .text          0x1000a670       0x78 /home/leon/git/swp-report/iMX6_Platform_SDK/output/mx6sdl/lib/libboard_smart_device_rev_c.a(usb_iomux_config.o)
                0x1000a670                usb_iomux_config
 .text          0x1000a6e8      0x188 /home/leon/git/swp-report/iMX6_Platform_SDK/output/mx6sdl/lib/libboard_smart_device_rev_c.a(usdhc2_iomux_config.o)
                0x1000a6e8                usdhc2_iomux_config
 .text          0x1000a870      0x188 /home/leon/git/swp-report/iMX6_Platform_SDK/output/mx6sdl/lib/libboard_smart_device_rev_c.a(usdhc3_iomux_config.o)
                0x1000a870                usdhc3_iomux_config
 .text          0x1000a9f8      0x188 /home/leon/git/swp-report/iMX6_Platform_SDK/output/mx6sdl/lib/libboard_smart_device_rev_c.a(usdhc4_iomux_config.o)
                0x1000a9f8                usdhc4_iomux_config
 .text          0x1000ab80       0xa0 /home/leon/git/swp-report/iMX6_Platform_SDK/output/mx6sdl/lib/libboard_smart_device_rev_c.a(audmux_iomux_config.o)
                0x1000ab80                audmux_iomux_config
 .text          0x1000ac20       0x34 /home/leon/git/swp-report/iMX6_Platform_SDK/output/mx6sdl/lib/libboard_smart_device_rev_c.a(ccm_iomux_config.o)
                0x1000ac20                ccm_iomux_config
 .text          0x1000ac54       0xe0 /home/leon/git/swp-report/iMX6_Platform_SDK/output/mx6sdl/lib/libboard_smart_device_rev_c.a(ecspi1_iomux_config.o)
                0x1000ac54                ecspi1_iomux_config
 .text          0x1000ad34      0x424 /home/leon/git/swp-report/iMX6_Platform_SDK/output/mx6sdl/lib/libboard_smart_device_rev_c.a(enet_iomux_config.o)
                0x1000ad34                enet_iomux_config
 .text          0x1000b158      0x66c /home/leon/git/swp-report/iMX6_Platform_SDK/output/mx6sdl/lib/libboard_smart_device_rev_c.a(epdc_iomux_config.o)
                0x1000b158                epdc_iomux_config
 .text          0x1000b7c4       0x68 /home/leon/git/swp-report/iMX6_Platform_SDK/output/mx6sdl/lib/libboard_smart_device_rev_c.a(flexcan1_iomux_config.o)
                0x1000b7c4                flexcan1_iomux_config
 .text          0x1000b82c      0x208 /home/leon/git/swp-report/iMX6_Platform_SDK/output/mx6sdl/lib/libboard_smart_device_rev_c.a(gpio1_iomux_config.o)
                0x1000b82c                gpio1_iomux_config
 .text          0x1000ba34      0x164 /home/leon/git/swp-report/iMX6_Platform_SDK/output/mx6sdl/lib/libboard_smart_device_rev_c.a(gpio2_iomux_config.o)
                0x1000ba34                gpio2_iomux_config
 .text          0x1000bb98      0x210 /home/leon/git/swp-report/iMX6_Platform_SDK/output/mx6sdl/lib/libboard_smart_device_rev_c.a(gpio3_iomux_config.o)
                0x1000bb98                gpio3_iomux_config
 .text          0x1000bda8       0xc4 /home/leon/git/swp-report/iMX6_Platform_SDK/output/mx6sdl/lib/libboard_smart_device_rev_c.a(gpio4_iomux_config.o)
                0x1000bda8                gpio4_iomux_config
 .text          0x1000be6c       0x74 /home/leon/git/swp-report/iMX6_Platform_SDK/output/mx6sdl/lib/libboard_smart_device_rev_c.a(gpio5_iomux_config.o)
                0x1000be6c                gpio5_iomux_config
 .text          0x1000bee0      0x150 /home/leon/git/swp-report/iMX6_Platform_SDK/output/mx6sdl/lib/libboard_smart_device_rev_c.a(gpio6_iomux_config.o)
                0x1000bee0                gpio6_iomux_config
 .text          0x1000c030       0x7c /home/leon/git/swp-report/iMX6_Platform_SDK/output/mx6sdl/lib/libboard_smart_device_rev_c.a(gpio7_iomux_config.o)
                0x1000c030                gpio7_iomux_config
 .text          0x1000c0ac       0xdc /home/leon/git/swp-report/iMX6_Platform_SDK/output/mx6sdl/lib/libboard_smart_device_rev_c.a(gps_iomux_config.o)
                0x1000c0ac                gps_iomux_config
 .text          0x1000c188       0x78 /home/leon/git/swp-report/iMX6_Platform_SDK/output/mx6sdl/lib/libboard_smart_device_rev_c.a(i2c1_iomux_config.o)
                0x1000c188                i2c1_iomux_config
 .text          0x1000c200       0x78 /home/leon/git/swp-report/iMX6_Platform_SDK/output/mx6sdl/lib/libboard_smart_device_rev_c.a(i2c2_iomux_config.o)
                0x1000c200                i2c2_iomux_config
 .text          0x1000c278       0x78 /home/leon/git/swp-report/iMX6_Platform_SDK/output/mx6sdl/lib/libboard_smart_device_rev_c.a(i2c3_iomux_config.o)
                0x1000c278                i2c3_iomux_config
 .text          0x1000c2f0       0x68 /home/leon/riotboard/arm-2012.09/bin/../arm-none-eabi/lib//libc.a(lib_a-assert.o)
                0x1000c2f0                __assert_func
                0x1000c348                __assert
 .text          0x1000c358       0x20 /home/leon/riotboard/arm-2012.09/bin/../arm-none-eabi/lib//libc.a(lib_a-bzero.o)
                0x1000c358                bzero
 .text          0x1000c378       0x70 /home/leon/riotboard/arm-2012.09/bin/../arm-none-eabi/lib//libc.a(lib_a-fiprintf.o)
                0x1000c378                _fiprintf_r
                0x1000c3a8                fiprintf
 .text          0x1000c3e8       0x94 /home/leon/riotboard/arm-2012.09/bin/../arm-none-eabi/lib//libc.a(lib_a-fputc.o)
                0x1000c3e8                _fputc_r
                0x1000c42c                fputc
 .text          0x1000c47c        0x0 /home/leon/riotboard/arm-2012.09/bin/../arm-none-eabi/lib//libc.a(lib_a-impure.o)
 .text          0x1000c47c       0x88 /home/leon/riotboard/arm-2012.09/bin/../arm-none-eabi/lib//libc.a(lib_a-init.o)
                0x1000c47c                __libc_init_array
 .text          0x1000c504       0x40 /home/leon/riotboard/arm-2012.09/bin/../arm-none-eabi/lib//libc.a(lib_a-malloc.o)
                0x1000c504                malloc
                0x1000c524                free
 .text          0x1000c544      0x71c /home/leon/riotboard/arm-2012.09/bin/../arm-none-eabi/lib//libc.a(lib_a-mallocr.o)
                0x1000c544                _malloc_r
 .text          0x1000cc60        0x8 /home/leon/riotboard/arm-2012.09/bin/../arm-none-eabi/lib//libc.a(lib_a-mlock.o)
                0x1000cc60                __malloc_lock
                0x1000cc64                __malloc_unlock
 .text          0x1000cc68       0x74 /home/leon/riotboard/arm-2012.09/bin/../arm-none-eabi/lib//libc.a(lib_a-printf.o)
                0x1000cc68                _printf_r
                0x1000cc9c                printf
 .text          0x1000ccdc      0x170 /home/leon/riotboard/arm-2012.09/bin/../arm-none-eabi/lib//libc.a(lib_a-putc.o)
                0x1000ccdc                _putc_r
                0x1000cd8c                putc
 .text          0x1000ce4c       0x28 /home/leon/riotboard/arm-2012.09/bin/../arm-none-eabi/lib//libc.a(lib_a-realloc.o)
                0x1000ce4c                realloc
 .text          0x1000ce74      0x574 /home/leon/riotboard/arm-2012.09/bin/../arm-none-eabi/lib//libc.a(lib_a-reallocr.o)
                0x1000ce74                _realloc_r
 .text          0x1000d3e8       0x6c /home/leon/riotboard/arm-2012.09/bin/../arm-none-eabi/lib//libc.a(lib_a-rget.o)
                0x1000d3e8                __srget_r
                0x1000d440                __srget
 .text          0x1000d454       0x40 /home/leon/riotboard/arm-2012.09/bin/../arm-none-eabi/lib//libc.a(lib_a-sbrkr.o)
                0x1000d454                _sbrk_r
 .text          0x1000d494     0x12c4 /home/leon/riotboard/arm-2012.09/bin/../arm-none-eabi/lib//libc.a(lib_a-vfiprintf.o)
                0x1000d494                __sprint_r
                0x1000d550                _vfiprintf_r
                0x1000e72c                vfiprintf
 .text          0x1000e758     0x2180 /home/leon/riotboard/arm-2012.09/bin/../arm-none-eabi/lib//libc.a(lib_a-vfprintf.o)
                0x1000e758                _vfprintf_r
                0x100108ac                vfprintf
 .text          0x100108d8       0x4c /home/leon/riotboard/arm-2012.09/bin/../arm-none-eabi/lib//libc.a(lib_a-vprintf.o)
                0x100108d8                vprintf
                0x10010904                _vprintf_r
 .text          0x10010924      0x14c /home/leon/riotboard/arm-2012.09/bin/../arm-none-eabi/lib//libc.a(lib_a-wbuf.o)
                0x10010924                __swbuf_r
                0x10010a54                __swbuf
 .text          0x10010a70      0x138 /home/leon/riotboard/arm-2012.09/bin/../arm-none-eabi/lib//libc.a(lib_a-wsetup.o)
                0x10010a70                __swsetup_r
 .text          0x10010ba8       0x14 /home/leon/riotboard/arm-2012.09/bin/../arm-none-eabi/lib//libc.a(lib_a-abort.o)
                0x10010ba8                abort
 *fill*         0x10010bbc        0x4 
 .text          0x10010bc0     0x18a8 /home/leon/riotboard/arm-2012.09/bin/../arm-none-eabi/lib//libc.a(lib_a-dtoa.o)
                0x10010da0                _dtoa_r
 .text          0x10012468      0x26c /home/leon/riotboard/arm-2012.09/bin/../arm-none-eabi/lib//libc.a(lib_a-fflush.o)
                0x10012468                _fflush_r
                0x10012694                fflush
 .text          0x100126d4      0x2c4 /home/leon/riotboard/arm-2012.09/bin/../arm-none-eabi/lib//libc.a(lib_a-findfp.o)
                0x100126e4                _cleanup_r
                0x10012778                __sfmoreglue
                0x100127c0                _cleanup
                0x100127d0                __sinit
                0x10012848                __sfp
                0x10012940                __sfp_lock_acquire
                0x10012944                __sfp_lock_release
                0x10012948                __sinit_lock_acquire
                0x1001294c                __sinit_lock_release
                0x10012950                __fp_lock_all
                0x10012974                __fp_unlock_all
 .text          0x10012998      0x19c /home/leon/riotboard/arm-2012.09/bin/../arm-none-eabi/lib//libc.a(lib_a-fputwc.o)
                0x10012998                _fputwc_r
                0x10012ae8                fputwc
 .text          0x10012b34      0x368 /home/leon/riotboard/arm-2012.09/bin/../arm-none-eabi/lib//libc.a(lib_a-freer.o)
                0x10012b34                _malloc_trim_r
                0x10012c30                _free_r
 .text          0x10012e9c      0x4c4 /home/leon/riotboard/arm-2012.09/bin/../arm-none-eabi/lib//libc.a(lib_a-fvwrite.o)
                0x10012e9c                __sfvwrite_r
 .text          0x10013360      0x114 /home/leon/riotboard/arm-2012.09/bin/../arm-none-eabi/lib//libc.a(lib_a-fwalk.o)
                0x10013360                _fwalk
                0x100133e8                _fwalk_reent
 .text          0x10013474       0xd0 /home/leon/riotboard/arm-2012.09/bin/../arm-none-eabi/lib//libc.a(lib_a-locale.o)
                0x10013474                _setlocale_r
                0x100134e0                __locale_charset
                0x100134ec                __locale_mb_cur_max
                0x100134fc                __locale_msgcharset
                0x10013508                __locale_cjk_lang
                0x10013510                _localeconv_r
                0x1001351c                setlocale
                0x10013538                localeconv
 .text          0x10013544      0x15c /home/leon/riotboard/arm-2012.09/bin/../arm-none-eabi/lib//libc.a(lib_a-makebuf.o)
                0x10013544                __smakebuf_r
 .text          0x100136a0      0x11c /home/leon/riotboard/arm-2012.09/bin/../arm-none-eabi/lib//libc.a(lib_a-memchr.o)
                0x100136a0                memchr
 .text          0x100137bc      0x20c /home/leon/riotboard/arm-2012.09/bin/../arm-none-eabi/lib//libc.a(lib_a-memcpy.o)
                0x100137bc                memcpy
 .text          0x100139c8      0x134 /home/leon/riotboard/arm-2012.09/bin/../arm-none-eabi/lib//libc.a(lib_a-memmove.o)
                0x100139c8                memmove
 .text          0x10013afc      0x134 /home/leon/riotboard/arm-2012.09/bin/../arm-none-eabi/lib//libc.a(lib_a-memset.o)
                0x10013afc                memset
 .text          0x10013c30      0xd20 /home/leon/riotboard/arm-2012.09/bin/../arm-none-eabi/lib//libc.a(lib_a-mprec.o)
                0x10013c30                _Balloc
                0x10013cbc                _Bfree
                0x10013cd8                __multadd
                0x10013db4                __s2b
                0x10013ea4                __hi0bits
                0x10013ef4                __lo0bits
                0x10013f88                __i2b
                0x10013fac                __multiply
                0x10014190                __pow5mult
                0x10014284                __lshift
                0x10014388                __mcmp
                0x100143ec                __mdiff
                0x10014538                __ulp
                0x1001459c                __b2d
                0x10014668                __d2b
                0x10014770                __ratio
                0x10014800                _mprec_log10
                0x10014854                __copybits
                0x100148c8                __any_on
 .text          0x10014950      0x19c /home/leon/riotboard/arm-2012.09/bin/../arm-none-eabi/lib//libc.a(lib_a-reent.o)
                0x10014950                cleanup_glue
                0x1001497c                _reclaim_reent
                0x10014a78                _wrapup_reent
 .text          0x10014aec      0x1cc /home/leon/riotboard/arm-2012.09/bin/../arm-none-eabi/lib//libc.a(lib_a-refill.o)
                0x10014b14                __srefill_r
 .text          0x10014cb8       0x6c /home/leon/riotboard/arm-2012.09/bin/../arm-none-eabi/lib//libc.a(lib_a-s_fpclassify.o)
                0x10014cb8                __fpclassifyd
 .text          0x10014d24      0x24c /home/leon/riotboard/arm-2012.09/bin/../arm-none-eabi/lib//libc.a(lib_a-signal.o)
                0x10014d24                _init_signal_r
                0x10014d84                _signal_r
                0x10014df0                _raise_r
                0x10014e88                __sigtramp_r
                0x10014f1c                raise
                0x10014f30                signal
                0x10014f4c                _init_signal
                0x10014f5c                __sigtramp
 .text          0x10014f70       0x50 /home/leon/riotboard/arm-2012.09/bin/../arm-none-eabi/lib//libc.a(lib_a-signalr.o)
                0x10014f70                _kill_r
                0x10014fb0                _getpid_r
 .text          0x10014fc0       0xdc /home/leon/riotboard/arm-2012.09/bin/../arm-none-eabi/lib//libc.a(lib_a-stdio.o)
                0x10014fc0                __sread
                0x10014ff4                __seofread
                0x10014ffc                __swrite
                0x10015054                __sseek
                0x10015088                __sclose
 .text          0x1001509c      0x230 /home/leon/riotboard/arm-2012.09/bin/../arm-none-eabi/lib//libc.a(lib_a-strcmp.o)
                0x1001509c                strcmp
 .text          0x100152cc       0x60 /home/leon/riotboard/arm-2012.09/bin/../arm-none-eabi/lib//libc.a(lib_a-strlen.o)
                0x100152cc                strlen
 .text          0x1001532c      0x134 /home/leon/riotboard/arm-2012.09/bin/../arm-none-eabi/lib//libc.a(lib_a-wcrtomb.o)
                0x1001532c                _wcrtomb_r
                0x100153bc                wcrtomb
 .text          0x10015460       0x7c /home/leon/riotboard/arm-2012.09/bin/../arm-none-eabi/lib//libc.a(lib_a-wctomb_r.o)
                0x10015460                __ascii_wctomb
                0x1001548c                _wctomb_r
 .text          0x100154dc       0x44 /home/leon/riotboard/arm-2012.09/bin/../arm-none-eabi/lib//libc.a(lib_a-writer.o)
                0x100154dc                _write_r
 .text          0x10015520       0x94 /home/leon/riotboard/arm-2012.09/bin/../arm-none-eabi/lib//libc.a(lib_a-callocr.o)
                0x10015520                _calloc_r
 .text          0x100155b4       0x3c /home/leon/riotboard/arm-2012.09/bin/../arm-none-eabi/lib//libc.a(lib_a-closer.o)
                0x100155b4                _close_r
 .text          0x100155f0      0x10c /home/leon/riotboard/arm-2012.09/bin/../arm-none-eabi/lib//libc.a(lib_a-fclose.o)
                0x100155f0                _fclose_r
                0x100156e8                fclose
 .text          0x100156fc       0x40 /home/leon/riotboard/arm-2012.09/bin/../arm-none-eabi/lib//libc.a(lib_a-fstatr.o)
                0x100156fc                _fstat_r
 .text          0x1001573c       0x3c /home/leon/riotboard/arm-2012.09/bin/../arm-none-eabi/lib//libc.a(lib_a-isattyr.o)
                0x1001573c                _isatty_r
 .text          0x10015778       0x44 /home/leon/riotboard/arm-2012.09/bin/../arm-none-eabi/lib//libc.a(lib_a-lseekr.o)
                0x10015778                _lseek_r
 .text          0x100157bc       0x44 /home/leon/riotboard/arm-2012.09/bin/../arm-none-eabi/lib//libc.a(lib_a-readr.o)
                0x100157bc                _read_r
 .text          0x10015800      0x114 /home/leon/riotboard/arm-2012.09/bin/../lib/gcc/arm-none-eabi/4.7.2//libgcc.a(_udivsi3.o)
                0x10015800                __udivsi3
                0x10015800                __aeabi_uidiv
                0x100158f4                __aeabi_uidivmod
 .text          0x10015914      0x148 /home/leon/riotboard/arm-2012.09/bin/../lib/gcc/arm-none-eabi/4.7.2//libgcc.a(_divsi3.o)
                0x10015914                __aeabi_idiv
                0x10015914                __divsi3
                0x10015a3c                __aeabi_idivmod
 .text          0x10015a5c        0x4 /home/leon/riotboard/arm-2012.09/bin/../lib/gcc/arm-none-eabi/4.7.2//libgcc.a(_dvmd_tls.o)
                0x10015a5c                __aeabi_ldiv0
                0x10015a5c                __aeabi_idiv0
 .text          0x10015a60      0x41c /home/leon/riotboard/arm-2012.09/bin/../lib/gcc/arm-none-eabi/4.7.2//libgcc.a(_arm_addsubdf3.o)
                0x10015a60                __aeabi_drsub
                0x10015a68                __aeabi_dsub
                0x10015a68                __subdf3
                0x10015a6c                __adddf3
                0x10015a6c                __aeabi_dadd
                0x10015d7c                __aeabi_ui2d
                0x10015d7c                __floatunsidf
                0x10015da0                __floatsidf
                0x10015da0                __aeabi_i2d
                0x10015dc8                __extendsfdf2
                0x10015dc8                __aeabi_f2d
                0x10015e08                __aeabi_ul2d
                0x10015e08                __floatundidf
                0x10015e1c                __floatdidf
                0x10015e1c                __aeabi_l2d
 .text          0x10015e7c      0x49c /home/leon/riotboard/arm-2012.09/bin/../lib/gcc/arm-none-eabi/4.7.2//libgcc.a(_arm_muldivdf3.o)
                0x10015e7c                __aeabi_dmul
                0x10015e7c                __muldf3
                0x1001610c                __aeabi_ddiv
                0x1001610c                __divdf3
 .text          0x10016318      0x144 /home/leon/riotboard/arm-2012.09/bin/../lib/gcc/arm-none-eabi/4.7.2//libgcc.a(_arm_cmpdf2.o)
                0x10016318                __gtdf2
                0x10016318                __gedf2
                0x10016320                __ltdf2
                0x10016320                __ledf2
                0x10016328                __cmpdf2
                0x10016328                __eqdf2
                0x10016328                __nedf2
                0x100163b0                __aeabi_cdrcmple
                0x100163cc                __aeabi_cdcmple
                0x100163cc                __aeabi_cdcmpeq
                0x100163e4                __aeabi_dcmpeq
                0x100163fc                __aeabi_dcmplt
                0x10016414                __aeabi_dcmple
                0x1001642c                __aeabi_dcmpge
                0x10016444                __aeabi_dcmpgt
 .text          0x1001645c       0x5c /home/leon/riotboard/arm-2012.09/bin/../lib/gcc/arm-none-eabi/4.7.2//libgcc.a(_arm_fixdfsi.o)
                0x1001645c                __fixdfsi
                0x1001645c                __aeabi_d2iz
 .text          0x100164b8       0x3c /home/leon/riotboard/arm-2012.09/bin/../lib/gcc/arm-none-eabi/4.7.2//libgcc.a(_aeabi_uldivmod.o)
                0x100164b8                __aeabi_uldivmod
 .text          0x100164f4       0x84 /home/leon/riotboard/arm-2012.09/bin/../lib/gcc/arm-none-eabi/4.7.2//libgcc.a(bpabi.o)
                0x100164f4                __gnu_ldivmod_helper
                0x10016538                __gnu_uldivmod_helper
 .text          0x10016578      0x4f0 /home/leon/riotboard/arm-2012.09/bin/../lib/gcc/arm-none-eabi/4.7.2//libgcc.a(_divdi3.o)
                0x10016578                __divdi3
 .text          0x10016a68      0x488 /home/leon/riotboard/arm-2012.09/bin/../lib/gcc/arm-none-eabi/4.7.2//libgcc.a(_udivdi3.o)
                0x10016a68                __udivdi3
 .text          0x10016ef0       0x48 /home/leon/riotboard/arm-2012.09/bin/../lib/gcc/arm-none-eabi/4.7.2//libgcc.a(_clzsi2.o)
                0x10016ef0                __clzsi2
 .text          0x10016f38      0x610 /home/leon/git/swp-report/iMX6_Platform_SDK/output/mx6sdl/lib/libsdk.a(runtime_support.o)
                0x10016f38                _execve
                0x10016f74                _fork
                0x10016f9c                _isatty
                0x10016fc0                _open
                0x10016fec                _close
                0x10017010                _lseek
                0x1001703c                _fstat
                0x10017070                _read
                0x10017140                _write
                0x1001722c                _raw_puts
                0x100172ac                _sbrk
                0x1001735c                _exit
                0x1001737c                _kill
                0x100173b4                _getpid
                0x100173cc                _link
                0x10017404                _unlink
                0x10017438                _stat
                0x1001746c                _times
                0x10017490                _gettimeofday
                0x10017514                _wait
 *(.glue_7t)
 .glue_7t       0x00000000        0x0 linker stubs
 *(.glue_7)
 .glue_7        0x00000000        0x0 linker stubs
 *(.vfp11_veneer)
 .vfp11_veneer  0x00000000        0x0 linker stubs
 *(.ARM.extab* .gnu.linkonce.armextab.*)
 .ARM.extab.startup
                0x10017548        0x0 /home/leon/git/swp-report/iMX6_Platform_SDK/output/mx6sdl/lib/libsdk.a(startup.o)
 .ARM.extab     0x10017548        0x0 /home/leon/riotboard/arm-2012.09/bin/../lib/gcc/arm-none-eabi/4.7.2//libgcc.a(_divdi3.o)
 .ARM.extab     0x10017548        0x0 /home/leon/riotboard/arm-2012.09/bin/../lib/gcc/arm-none-eabi/4.7.2//libgcc.a(_udivdi3.o)
 *(.gcc_except_table)

.v4_bx          0x10017548        0x0
 .v4_bx         0x00000000        0x0 linker stubs

.iplt           0x10017548        0x0
 .iplt          0x00000000        0x0 /home/leon/riotboard/arm-2012.09/bin/../lib/gcc/arm-none-eabi/4.7.2//crtbegin.o

.ctors
 *crtbegin.o(.ctors)
 *crtbegin?.o(.ctors)
 *(EXCLUDE_FILE(*crtend?.o *crtend.o) .ctors)
 *(SORT(.ctors.*))
 *(.ctors)

.dtors
 *crtbegin.o(.dtors)
 *crtbegin?.o(.dtors)
 *(EXCLUDE_FILE(*crtend?.o *crtend.o) .dtors)
 *(SORT(.dtors.*))
 *(.dtors)

.rodata         0x10017548      0x8e8
 *(.rodata .rodata.* .gnu.linkonce.r.*)
 .rodata        0x10017548       0xac /home/leon/git/swp-report/iMX6_Platform_SDK/output/mx6sdl/smp_primes/smart_device_rev_c/obj/apps/smp_primes/src/main.o
 .rodata        0x100175f4       0x20 /home/leon/git/swp-report/iMX6_Platform_SDK/output/mx6sdl/smp_primes/smart_device_rev_c/obj/apps/smp_primes/src/primes.o
 .rodata        0x10017614       0x34 /home/leon/git/swp-report/iMX6_Platform_SDK/output/mx6sdl/lib/libsdk.a(ccm_pll.o)
                0x10017614                PLL1_OUTPUT
                0x10017618                PLL2_OUTPUT
                0x1001762c                PLL3_OUTPUT
                0x10017640                PLL4_OUTPUT
                0x10017644                PLL5_OUTPUT
 .rodata        0x10017648       0x64 /home/leon/git/swp-report/iMX6_Platform_SDK/output/mx6sdl/lib/libsdk.a(gic.o)
 .rodata        0x100176ac       0xcc /home/leon/git/swp-report/iMX6_Platform_SDK/output/mx6sdl/lib/libsdk.a(system_util.o)
 .rodata        0x10017778       0xf4 /home/leon/git/swp-report/iMX6_Platform_SDK/output/mx6sdl/lib/libsdk.a(text_color.o)
                0x10017780                g_TextAttributeDefault
                0x1001778c                g_TextAttributeBold
                0x10017798                g_TextAttributeDim
                0x100177a4                g_TextAttributeUnderline
                0x100177b0                g_TextAttributeBlink
                0x100177bc                g_TextAttributeReverse
                0x100177c8                g_TextAttributeHidden
                0x100177d4                g_TextColorBlack
                0x100177e0                g_TextColorRed
                0x100177ec                g_TextColorGreen
                0x100177f8                g_TextColorYellow
                0x10017804                g_TextColorBlue
                0x10017810                g_TextColorMagenta
                0x1001781c                g_TextColorCyan
                0x10017828                g_TextColorWhite
                0x10017838                g_TextColorOrange
                0x10017848                g_TextColorLightBlue
                0x10017858                g_TextColorGray
                0x10017868                g_TextColorPurple
 .rodata        0x1001786c       0x88 /home/leon/git/swp-report/iMX6_Platform_SDK/output/mx6sdl/lib/libsdk.a(cpu_multicore.o)
 .rodata        0x100178f4       0x20 /home/leon/git/swp-report/iMX6_Platform_SDK/output/mx6sdl/lib/libsdk.a(interrupt.o)
 .rodata        0x10017914      0x230 /home/leon/git/swp-report/iMX6_Platform_SDK/output/mx6sdl/lib/libsdk.a(abort_handler.o)
 .rodata        0x10017b44       0x84 /home/leon/git/swp-report/iMX6_Platform_SDK/output/mx6sdl/lib/libboard_smart_device_rev_c.a(uart_iomux_config.o)
 .rodata.str1.4
                0x10017bc8       0x3f /home/leon/riotboard/arm-2012.09/bin/../arm-none-eabi/lib//libc.a(lib_a-assert.o)
                                 0x44 (size before relaxing)
 *fill*         0x10017c07        0x1 
 .rodata        0x10017c08        0x4 /home/leon/riotboard/arm-2012.09/bin/../arm-none-eabi/lib//libc.a(lib_a-impure.o)
                0x10017c08                _global_impure_ptr
 .rodata.str1.4
                0x10017c0c        0x2 /home/leon/riotboard/arm-2012.09/bin/../arm-none-eabi/lib//libc.a(lib_a-impure.o)
                                  0x4 (size before relaxing)
 *fill*         0x10017c0e        0x2 
 .rodata        0x10017c10       0x20 /home/leon/riotboard/arm-2012.09/bin/../arm-none-eabi/lib//libc.a(lib_a-vfiprintf.o)
 .rodata.str1.4
                0x10017c30       0x2f /home/leon/riotboard/arm-2012.09/bin/../arm-none-eabi/lib//libc.a(lib_a-vfiprintf.o)
                                 0x30 (size before relaxing)
 *fill*         0x10017c5f        0x1 
 .rodata        0x10017c60       0x20 /home/leon/riotboard/arm-2012.09/bin/../arm-none-eabi/lib//libc.a(lib_a-vfprintf.o)
 .rodata.str1.4
                0x10017c80       0x12 /home/leon/riotboard/arm-2012.09/bin/../arm-none-eabi/lib//libc.a(lib_a-vfprintf.o)
                                 0x44 (size before relaxing)
 *fill*         0x10017c92        0x2 
 .rodata.str1.4
                0x10017c94       0x10 /home/leon/riotboard/arm-2012.09/bin/../arm-none-eabi/lib//libc.a(lib_a-dtoa.o)
                                 0x14 (size before relaxing)
 .rodata.str1.4
                0x10017ca4        0xc /home/leon/riotboard/arm-2012.09/bin/../arm-none-eabi/lib//libc.a(lib_a-locale.o)
                                 0x14 (size before relaxing)
 .rodata        0x10017cb0      0x128 /home/leon/riotboard/arm-2012.09/bin/../arm-none-eabi/lib//libc.a(lib_a-mprec.o)
                0x10017cc0                __mprec_tens
                0x10017d88                __mprec_tinytens
                0x10017db0                __mprec_bigtens
 .rodata        0x10017dd8       0x20 /home/leon/git/swp-report/iMX6_Platform_SDK/output/mx6sdl/lib/libsdk.a(runtime_support.o)
                0x10017df8                . = ALIGN (0x4)
 *(.init)
 .init          0x10017df8        0xc /home/leon/riotboard/arm-2012.09/bin/../lib/gcc/arm-none-eabi/4.7.2//crti.o
                0x10017df8                _init
 .init          0x10017e04        0xc /home/leon/riotboard/arm-2012.09/bin/../lib/gcc/arm-none-eabi/4.7.2//crtn.o
                0x10017e10                . = ALIGN (0x4)
                0x10017e10                __init_array_start = .
 *(SORT(.init_array.*))
 *(.init_array)
 .init_array    0x10017e10        0x4 /home/leon/riotboard/arm-2012.09/bin/../lib/gcc/arm-none-eabi/4.7.2//crtbegin.o
                0x10017e14                __init_array_end = .
                0x10017e14                . = ALIGN (0x4)
 *(.fini)
 .fini          0x10017e14        0xc /home/leon/riotboard/arm-2012.09/bin/../lib/gcc/arm-none-eabi/4.7.2//crti.o
                0x10017e14                _fini
 .fini          0x10017e20        0xc /home/leon/riotboard/arm-2012.09/bin/../lib/gcc/arm-none-eabi/4.7.2//crtn.o
                0x10017e2c                . = ALIGN (0x4)
                0x10017e2c                __fini_array_start = .
 *(.fini_array)
 .fini_array    0x10017e2c        0x4 /home/leon/riotboard/arm-2012.09/bin/../lib/gcc/arm-none-eabi/4.7.2//crtbegin.o
 *(SORT(.fini_array.*))
                0x10017e30                __fini_array_end = .
                0x10017e30                PROVIDE (__exidx_start, .)

.eh_frame       0x10017e30        0x4
 .eh_frame      0x10017e30        0x0 /home/leon/riotboard/arm-2012.09/bin/../lib/gcc/arm-none-eabi/4.7.2//crtbegin.o
 .eh_frame      0x10017e30        0x4 /home/leon/riotboard/arm-2012.09/bin/../lib/gcc/arm-none-eabi/4.7.2//crtend.o

.ARM.exidx      0x10017e34        0x8
 *(.ARM.exidx* .gnu.linkonce.armexidx.*)
 .ARM.exidx.startup
                0x10017e34        0x8 /home/leon/git/swp-report/iMX6_Platform_SDK/output/mx6sdl/lib/libsdk.a(startup.o)
 .ARM.exidx     0x10017e3c        0x0 /home/leon/riotboard/arm-2012.09/bin/../lib/gcc/arm-none-eabi/4.7.2//libgcc.a(_divdi3.o)
                                  0x8 (size before relaxing)
 .ARM.exidx     0x10017e3c        0x0 /home/leon/riotboard/arm-2012.09/bin/../lib/gcc/arm-none-eabi/4.7.2//libgcc.a(_udivdi3.o)
                                  0x8 (size before relaxing)
                0x10017e3c                PROVIDE (__exidx_end, .)

.rel.dyn        0x10017e3c        0x0
 .rel.iplt      0x00000000        0x0 /home/leon/riotboard/arm-2012.09/bin/../lib/gcc/arm-none-eabi/4.7.2//crtbegin.o

.data           0x10017e40      0x8dc
 *(.data .data.* .gnu.linkonce.d.*)
 .data          0x10017e40        0x4 /home/leon/riotboard/arm-2012.09/bin/../lib/gcc/arm-none-eabi/4.7.2//crtbegin.o
                0x10017e40                __dso_handle
 .data          0x10017e44        0x0 /home/leon/riotboard/arm-2012.09/bin/../lib/gcc/arm-none-eabi/4.7.2//crti.o
 .data          0x10017e44        0x0 /home/leon/riotboard/arm-2012.09/bin/../lib/gcc/arm-none-eabi/4.7.2//crtend.o
 .data          0x10017e44        0x0 /home/leon/riotboard/arm-2012.09/bin/../lib/gcc/arm-none-eabi/4.7.2//crtn.o
 .data          0x10017e44        0x0 /home/leon/git/swp-report/iMX6_Platform_SDK/output/mx6sdl/smp_primes/smart_device_rev_c/obj/apps/common/ivt.o
 .data          0x10017e44        0x0 /home/leon/git/swp-report/iMX6_Platform_SDK/output/mx6sdl/smp_primes/smart_device_rev_c/obj/apps/common/platform_init.o
 .data          0x10017e44        0x4 /home/leon/git/swp-report/iMX6_Platform_SDK/output/mx6sdl/smp_primes/smart_device_rev_c/obj/apps/smp_primes/src/main.o
 .data          0x10017e48        0x0 /home/leon/git/swp-report/iMX6_Platform_SDK/output/mx6sdl/smp_primes/smart_device_rev_c/obj/apps/smp_primes/src/primes.o
 .data          0x10017e48        0x0 /home/leon/git/swp-report/iMX6_Platform_SDK/output/mx6sdl/lib/libsdk.a(armv7_cache.o)
 .data          0x10017e48        0x0 /home/leon/git/swp-report/iMX6_Platform_SDK/output/mx6sdl/lib/libsdk.a(ccm_pll.o)
 .data          0x10017e48        0x0 /home/leon/git/swp-report/iMX6_Platform_SDK/output/mx6sdl/lib/libsdk.a(cortexA9.o)
 .data          0x10017e48        0x0 /home/leon/git/swp-report/iMX6_Platform_SDK/output/mx6sdl/lib/libsdk.a(gic.o)
 .data          0x10017e48        0x0 /home/leon/git/swp-report/iMX6_Platform_SDK/output/mx6sdl/lib/libsdk.a(mmu.o)
 .data          0x10017e48        0x0 /home/leon/git/swp-report/iMX6_Platform_SDK/output/mx6sdl/lib/libsdk.a(startup.o)
 .data          0x10017e48        0x0 /home/leon/git/swp-report/iMX6_Platform_SDK/output/mx6sdl/lib/libsdk.a(vectors.o)
 .data          0x10017e48        0x0 /home/leon/git/swp-report/iMX6_Platform_SDK/output/mx6sdl/lib/libsdk.a(spinlock.o)
 .data          0x10017e48        0x0 /home/leon/git/swp-report/iMX6_Platform_SDK/output/mx6sdl/lib/libsdk.a(spinlock_lock_unlock.o)
 .data          0x10017e48        0x0 /home/leon/git/swp-report/iMX6_Platform_SDK/output/mx6sdl/lib/libsdk.a(system_util.o)
 .data          0x10017e48        0x4 /home/leon/git/swp-report/iMX6_Platform_SDK/output/mx6sdl/lib/libsdk.a(text_color.o)
                0x10017e48                is_color_supported
 .data          0x10017e4c        0x0 /home/leon/git/swp-report/iMX6_Platform_SDK/output/mx6sdl/lib/libsdk.a(cpu_get_cores.o)
 .data          0x10017e4c        0x0 /home/leon/git/swp-report/iMX6_Platform_SDK/output/mx6sdl/lib/libsdk.a(cpu_multicore.o)
 .data          0x10017e4c        0x0 /home/leon/git/swp-report/iMX6_Platform_SDK/output/mx6sdl/lib/libsdk.a(timer.o)
 .data          0x10017e4c        0x0 /home/leon/git/swp-report/iMX6_Platform_SDK/output/mx6sdl/lib/libsdk.a(imx_uart.o)
 .data          0x10017e4c        0x4 /home/leon/git/swp-report/iMX6_Platform_SDK/output/mx6sdl/lib/libsdk.a(arm_abort.o)
 .data          0x10017e50        0x0 /home/leon/git/swp-report/iMX6_Platform_SDK/output/mx6sdl/lib/libsdk.a(interrupt.o)
 .data          0x10017e50        0x0 /home/leon/git/swp-report/iMX6_Platform_SDK/output/mx6sdl/lib/libsdk.a(epit.o)
 .data          0x10017e50        0x0 /home/leon/git/swp-report/iMX6_Platform_SDK/output/mx6sdl/lib/libsdk.a(abort_handler.o)
 .data          0x10017e50        0x0 /home/leon/git/swp-report/iMX6_Platform_SDK/output/mx6sdl/lib/libboard_smart_device_rev_c.a(board_io_expanders.o)
 .data          0x10017e50        0x8 /home/leon/git/swp-report/iMX6_Platform_SDK/output/mx6sdl/lib/libboard_smart_device_rev_c.a(hardware_modules.o)
                0x10017e50                g_debug_uart_port
                0x10017e54                g_system_timer_port
 .data          0x10017e58        0x0 /home/leon/git/swp-report/iMX6_Platform_SDK/output/mx6sdl/lib/libboard_smart_device_rev_c.a(dcd.o)
 .data          0x10017e58        0x0 /home/leon/git/swp-report/iMX6_Platform_SDK/output/mx6sdl/lib/libboard_smart_device_rev_c.a(uart_iomux_config.o)
 .data          0x10017e58        0x0 /home/leon/git/swp-report/iMX6_Platform_SDK/output/mx6sdl/lib/libboard_smart_device_rev_c.a(iomux_config.o)
 .data          0x10017e58        0x0 /home/leon/git/swp-report/iMX6_Platform_SDK/output/mx6sdl/lib/libboard_smart_device_rev_c.a(ipu1_iomux_config.o)
 .data          0x10017e58        0x0 /home/leon/git/swp-report/iMX6_Platform_SDK/output/mx6sdl/lib/libboard_smart_device_rev_c.a(mmdc_iomux_config.o)
 .data          0x10017e58        0x0 /home/leon/git/swp-report/iMX6_Platform_SDK/output/mx6sdl/lib/libboard_smart_device_rev_c.a(pwm1_iomux_config.o)
 .data          0x10017e58        0x0 /home/leon/git/swp-report/iMX6_Platform_SDK/output/mx6sdl/lib/libboard_smart_device_rev_c.a(sjc_iomux_config.o)
 .data          0x10017e58        0x0 /home/leon/git/swp-report/iMX6_Platform_SDK/output/mx6sdl/lib/libboard_smart_device_rev_c.a(uart1_iomux_config.o)
 .data          0x10017e58        0x0 /home/leon/git/swp-report/iMX6_Platform_SDK/output/mx6sdl/lib/libboard_smart_device_rev_c.a(usb_iomux_config.o)
 .data          0x10017e58        0x0 /home/leon/git/swp-report/iMX6_Platform_SDK/output/mx6sdl/lib/libboard_smart_device_rev_c.a(usdhc2_iomux_config.o)
 .data          0x10017e58        0x0 /home/leon/git/swp-report/iMX6_Platform_SDK/output/mx6sdl/lib/libboard_smart_device_rev_c.a(usdhc3_iomux_config.o)
 .data          0x10017e58        0x0 /home/leon/git/swp-report/iMX6_Platform_SDK/output/mx6sdl/lib/libboard_smart_device_rev_c.a(usdhc4_iomux_config.o)
 .data          0x10017e58        0x0 /home/leon/git/swp-report/iMX6_Platform_SDK/output/mx6sdl/lib/libboard_smart_device_rev_c.a(audmux_iomux_config.o)
 .data          0x10017e58        0x0 /home/leon/git/swp-report/iMX6_Platform_SDK/output/mx6sdl/lib/libboard_smart_device_rev_c.a(ccm_iomux_config.o)
 .data          0x10017e58        0x0 /home/leon/git/swp-report/iMX6_Platform_SDK/output/mx6sdl/lib/libboard_smart_device_rev_c.a(ecspi1_iomux_config.o)
 .data          0x10017e58        0x0 /home/leon/git/swp-report/iMX6_Platform_SDK/output/mx6sdl/lib/libboard_smart_device_rev_c.a(enet_iomux_config.o)
 .data          0x10017e58        0x0 /home/leon/git/swp-report/iMX6_Platform_SDK/output/mx6sdl/lib/libboard_smart_device_rev_c.a(epdc_iomux_config.o)
 .data          0x10017e58        0x0 /home/leon/git/swp-report/iMX6_Platform_SDK/output/mx6sdl/lib/libboard_smart_device_rev_c.a(flexcan1_iomux_config.o)
 .data          0x10017e58        0x0 /home/leon/git/swp-report/iMX6_Platform_SDK/output/mx6sdl/lib/libboard_smart_device_rev_c.a(gpio1_iomux_config.o)
 .data          0x10017e58        0x0 /home/leon/git/swp-report/iMX6_Platform_SDK/output/mx6sdl/lib/libboard_smart_device_rev_c.a(gpio2_iomux_config.o)
 .data          0x10017e58        0x0 /home/leon/git/swp-report/iMX6_Platform_SDK/output/mx6sdl/lib/libboard_smart_device_rev_c.a(gpio3_iomux_config.o)
 .data          0x10017e58        0x0 /home/leon/git/swp-report/iMX6_Platform_SDK/output/mx6sdl/lib/libboard_smart_device_rev_c.a(gpio4_iomux_config.o)
 .data          0x10017e58        0x0 /home/leon/git/swp-report/iMX6_Platform_SDK/output/mx6sdl/lib/libboard_smart_device_rev_c.a(gpio5_iomux_config.o)
 .data          0x10017e58        0x0 /home/leon/git/swp-report/iMX6_Platform_SDK/output/mx6sdl/lib/libboard_smart_device_rev_c.a(gpio6_iomux_config.o)
 .data          0x10017e58        0x0 /home/leon/git/swp-report/iMX6_Platform_SDK/output/mx6sdl/lib/libboard_smart_device_rev_c.a(gpio7_iomux_config.o)
 .data          0x10017e58        0x0 /home/leon/git/swp-report/iMX6_Platform_SDK/output/mx6sdl/lib/libboard_smart_device_rev_c.a(gps_iomux_config.o)
 .data          0x10017e58        0x0 /home/leon/git/swp-report/iMX6_Platform_SDK/output/mx6sdl/lib/libboard_smart_device_rev_c.a(i2c1_iomux_config.o)
 .data          0x10017e58        0x0 /home/leon/git/swp-report/iMX6_Platform_SDK/output/mx6sdl/lib/libboard_smart_device_rev_c.a(i2c2_iomux_config.o)
 .data          0x10017e58        0x0 /home/leon/git/swp-report/iMX6_Platform_SDK/output/mx6sdl/lib/libboard_smart_device_rev_c.a(i2c3_iomux_config.o)
 .data          0x10017e58        0x0 /home/leon/riotboard/arm-2012.09/bin/../arm-none-eabi/lib//libc.a(lib_a-assert.o)
 .data          0x10017e58        0x0 /home/leon/riotboard/arm-2012.09/bin/../arm-none-eabi/lib//libc.a(lib_a-bzero.o)
 .data          0x10017e58        0x0 /home/leon/riotboard/arm-2012.09/bin/../arm-none-eabi/lib//libc.a(lib_a-fiprintf.o)
 .data          0x10017e58        0x0 /home/leon/riotboard/arm-2012.09/bin/../arm-none-eabi/lib//libc.a(lib_a-fputc.o)
 .data          0x10017e58      0x430 /home/leon/riotboard/arm-2012.09/bin/../arm-none-eabi/lib//libc.a(lib_a-impure.o)
                0x10017e58                _impure_ptr
 .data          0x10018288        0x0 /home/leon/riotboard/arm-2012.09/bin/../arm-none-eabi/lib//libc.a(lib_a-init.o)
 .data          0x10018288        0x0 /home/leon/riotboard/arm-2012.09/bin/../arm-none-eabi/lib//libc.a(lib_a-malloc.o)
 .data          0x10018288      0x410 /home/leon/riotboard/arm-2012.09/bin/../arm-none-eabi/lib//libc.a(lib_a-mallocr.o)
                0x10018288                __malloc_av_
                0x10018690                __malloc_sbrk_base
                0x10018694                __malloc_trim_threshold
 .data          0x10018698        0x0 /home/leon/riotboard/arm-2012.09/bin/../arm-none-eabi/lib//libc.a(lib_a-mlock.o)
 .data          0x10018698        0x0 /home/leon/riotboard/arm-2012.09/bin/../arm-none-eabi/lib//libc.a(lib_a-printf.o)
 .data          0x10018698        0x0 /home/leon/riotboard/arm-2012.09/bin/../arm-none-eabi/lib//libc.a(lib_a-putc.o)
 .data          0x10018698        0x0 /home/leon/riotboard/arm-2012.09/bin/../arm-none-eabi/lib//libc.a(lib_a-realloc.o)
 .data          0x10018698        0x0 /home/leon/riotboard/arm-2012.09/bin/../arm-none-eabi/lib//libc.a(lib_a-reallocr.o)
 .data          0x10018698        0x0 /home/leon/riotboard/arm-2012.09/bin/../arm-none-eabi/lib//libc.a(lib_a-rget.o)
 .data          0x10018698        0x0 /home/leon/riotboard/arm-2012.09/bin/../arm-none-eabi/lib//libc.a(lib_a-sbrkr.o)
 .data          0x10018698        0x0 /home/leon/riotboard/arm-2012.09/bin/../arm-none-eabi/lib//libc.a(lib_a-vfiprintf.o)
 .data          0x10018698        0x0 /home/leon/riotboard/arm-2012.09/bin/../arm-none-eabi/lib//libc.a(lib_a-vfprintf.o)
 .data          0x10018698        0x0 /home/leon/riotboard/arm-2012.09/bin/../arm-none-eabi/lib//libc.a(lib_a-vprintf.o)
 .data          0x10018698        0x0 /home/leon/riotboard/arm-2012.09/bin/../arm-none-eabi/lib//libc.a(lib_a-wbuf.o)
 .data          0x10018698        0x0 /home/leon/riotboard/arm-2012.09/bin/../arm-none-eabi/lib//libc.a(lib_a-wsetup.o)
 .data          0x10018698        0x0 /home/leon/riotboard/arm-2012.09/bin/../arm-none-eabi/lib//libc.a(lib_a-abort.o)
 .data          0x10018698        0x0 /home/leon/riotboard/arm-2012.09/bin/../arm-none-eabi/lib//libc.a(lib_a-dtoa.o)
 .data          0x10018698        0x0 /home/leon/riotboard/arm-2012.09/bin/../arm-none-eabi/lib//libc.a(lib_a-fflush.o)
 .data          0x10018698        0x0 /home/leon/riotboard/arm-2012.09/bin/../arm-none-eabi/lib//libc.a(lib_a-findfp.o)
 .data          0x10018698        0x0 /home/leon/riotboard/arm-2012.09/bin/../arm-none-eabi/lib//libc.a(lib_a-fputwc.o)
 .data          0x10018698        0x0 /home/leon/riotboard/arm-2012.09/bin/../arm-none-eabi/lib//libc.a(lib_a-freer.o)
 .data          0x10018698        0x0 /home/leon/riotboard/arm-2012.09/bin/../arm-none-eabi/lib//libc.a(lib_a-fvwrite.o)
 .data          0x10018698        0x0 /home/leon/riotboard/arm-2012.09/bin/../arm-none-eabi/lib//libc.a(lib_a-fwalk.o)
 .data          0x10018698       0x7c /home/leon/riotboard/arm-2012.09/bin/../arm-none-eabi/lib//libc.a(lib_a-locale.o)
                0x100186b8                __mb_cur_max
 .data          0x10018714        0x0 /home/leon/riotboard/arm-2012.09/bin/../arm-none-eabi/lib//libc.a(lib_a-makebuf.o)
 .data          0x10018714        0x0 /home/leon/riotboard/arm-2012.09/bin/../arm-none-eabi/lib//libc.a(lib_a-memchr.o)
 .data          0x10018714        0x0 /home/leon/riotboard/arm-2012.09/bin/../arm-none-eabi/lib//libc.a(lib_a-memcpy.o)
 .data          0x10018714        0x0 /home/leon/riotboard/arm-2012.09/bin/../arm-none-eabi/lib//libc.a(lib_a-memmove.o)
 .data          0x10018714        0x0 /home/leon/riotboard/arm-2012.09/bin/../arm-none-eabi/lib//libc.a(lib_a-memset.o)
 .data          0x10018714        0x0 /home/leon/riotboard/arm-2012.09/bin/../arm-none-eabi/lib//libc.a(lib_a-mprec.o)
 .data          0x10018714        0x0 /home/leon/riotboard/arm-2012.09/bin/../arm-none-eabi/lib//libc.a(lib_a-reent.o)
 .data          0x10018714        0x0 /home/leon/riotboard/arm-2012.09/bin/../arm-none-eabi/lib//libc.a(lib_a-refill.o)
 .data          0x10018714        0x0 /home/leon/riotboard/arm-2012.09/bin/../arm-none-eabi/lib//libc.a(lib_a-s_fpclassify.o)
 .data          0x10018714        0x0 /home/leon/riotboard/arm-2012.09/bin/../arm-none-eabi/lib//libc.a(lib_a-signal.o)
 .data          0x10018714        0x0 /home/leon/riotboard/arm-2012.09/bin/../arm-none-eabi/lib//libc.a(lib_a-signalr.o)
 .data          0x10018714        0x0 /home/leon/riotboard/arm-2012.09/bin/../arm-none-eabi/lib//libc.a(lib_a-stdio.o)
 .data          0x10018714        0x0 /home/leon/riotboard/arm-2012.09/bin/../arm-none-eabi/lib//libc.a(lib_a-strcmp.o)
 .data          0x10018714        0x0 /home/leon/riotboard/arm-2012.09/bin/../arm-none-eabi/lib//libc.a(lib_a-strlen.o)
 .data          0x10018714        0x0 /home/leon/riotboard/arm-2012.09/bin/../arm-none-eabi/lib//libc.a(lib_a-wcrtomb.o)
 .data          0x10018714        0x4 /home/leon/riotboard/arm-2012.09/bin/../arm-none-eabi/lib//libc.a(lib_a-wctomb_r.o)
                0x10018714                __wctomb
 .data          0x10018718        0x0 /home/leon/riotboard/arm-2012.09/bin/../arm-none-eabi/lib//libc.a(lib_a-writer.o)
 .data          0x10018718        0x0 /home/leon/riotboard/arm-2012.09/bin/../arm-none-eabi/lib//libc.a(lib_a-callocr.o)
 .data          0x10018718        0x0 /home/leon/riotboard/arm-2012.09/bin/../arm-none-eabi/lib//libc.a(lib_a-closer.o)
 .data          0x10018718        0x0 /home/leon/riotboard/arm-2012.09/bin/../arm-none-eabi/lib//libc.a(lib_a-fclose.o)
 .data          0x10018718        0x0 /home/leon/riotboard/arm-2012.09/bin/../arm-none-eabi/lib//libc.a(lib_a-fstatr.o)
 .data          0x10018718        0x0 /home/leon/riotboard/arm-2012.09/bin/../arm-none-eabi/lib//libc.a(lib_a-isattyr.o)
 .data          0x10018718        0x0 /home/leon/riotboard/arm-2012.09/bin/../arm-none-eabi/lib//libc.a(lib_a-lseekr.o)
 .data          0x10018718        0x0 /home/leon/riotboard/arm-2012.09/bin/../arm-none-eabi/lib//libc.a(lib_a-readr.o)
 .data          0x10018718        0x0 /home/leon/riotboard/arm-2012.09/bin/../lib/gcc/arm-none-eabi/4.7.2//libgcc.a(_udivsi3.o)
 .data          0x10018718        0x0 /home/leon/riotboard/arm-2012.09/bin/../lib/gcc/arm-none-eabi/4.7.2//libgcc.a(_divsi3.o)
 .data          0x10018718        0x0 /home/leon/riotboard/arm-2012.09/bin/../lib/gcc/arm-none-eabi/4.7.2//libgcc.a(_dvmd_tls.o)
 .data          0x10018718        0x0 /home/leon/riotboard/arm-2012.09/bin/../lib/gcc/arm-none-eabi/4.7.2//libgcc.a(_arm_addsubdf3.o)
 .data          0x10018718        0x0 /home/leon/riotboard/arm-2012.09/bin/../lib/gcc/arm-none-eabi/4.7.2//libgcc.a(_arm_muldivdf3.o)
 .data          0x10018718        0x0 /home/leon/riotboard/arm-2012.09/bin/../lib/gcc/arm-none-eabi/4.7.2//libgcc.a(_arm_cmpdf2.o)
 .data          0x10018718        0x0 /home/leon/riotboard/arm-2012.09/bin/../lib/gcc/arm-none-eabi/4.7.2//libgcc.a(_arm_fixdfsi.o)
 .data          0x10018718        0x0 /home/leon/riotboard/arm-2012.09/bin/../lib/gcc/arm-none-eabi/4.7.2//libgcc.a(_aeabi_uldivmod.o)
 .data          0x10018718        0x0 /home/leon/riotboard/arm-2012.09/bin/../lib/gcc/arm-none-eabi/4.7.2//libgcc.a(bpabi.o)
 .data          0x10018718        0x0 /home/leon/riotboard/arm-2012.09/bin/../lib/gcc/arm-none-eabi/4.7.2//libgcc.a(_divdi3.o)
 .data          0x10018718        0x0 /home/leon/riotboard/arm-2012.09/bin/../lib/gcc/arm-none-eabi/4.7.2//libgcc.a(_udivdi3.o)
 .data          0x10018718        0x0 /home/leon/riotboard/arm-2012.09/bin/../lib/gcc/arm-none-eabi/4.7.2//libgcc.a(_clzsi2.o)
 .data          0x10018718        0x4 /home/leon/git/swp-report/iMX6_Platform_SDK/output/mx6sdl/lib/libsdk.a(runtime_support.o)
                0x10018718                environ

.jcr            0x1001871c        0x4
 .jcr           0x1001871c        0x0 /home/leon/riotboard/arm-2012.09/bin/../lib/gcc/arm-none-eabi/4.7.2//crtbegin.o
 .jcr           0x1001871c        0x4 /home/leon/riotboard/arm-2012.09/bin/../lib/gcc/arm-none-eabi/4.7.2//crtend.o

.tm_clone_table
                0x10018720        0x0
 .tm_clone_table
                0x10018720        0x0 /home/leon/riotboard/arm-2012.09/bin/../lib/gcc/arm-none-eabi/4.7.2//crtbegin.o
 .tm_clone_table
                0x10018720        0x0 /home/leon/riotboard/arm-2012.09/bin/../lib/gcc/arm-none-eabi/4.7.2//crtend.o

.igot.plt       0x10018720        0x0
 .igot.plt      0x00000000        0x0 /home/leon/riotboard/arm-2012.09/bin/../lib/gcc/arm-none-eabi/4.7.2//crtbegin.o

.hab.data       0x10400000     0x2000
                0x10400000                __hab_data = .
                0x10402000                . = (. + 0x2000)
 *fill*         0x10400000     0x2000 
                0x10402000                . = ALIGN (0x20)
                0x10402000                __hab_data_end = .
                0x00402000                _image_size = (. - _start_image_add)

.bss            0x10402000     0x9fc8
                0x10402000                __bss_start__ = .
 *(.shbss)
 *(.bss .bss.* .gnu.linkonce.b.*)
 .bss           0x10402000       0x1c /home/leon/riotboard/arm-2012.09/bin/../lib/gcc/arm-none-eabi/4.7.2//crtbegin.o
 .bss           0x1040201c        0x0 /home/leon/riotboard/arm-2012.09/bin/../lib/gcc/arm-none-eabi/4.7.2//crti.o
 .bss           0x1040201c        0x0 /home/leon/riotboard/arm-2012.09/bin/../lib/gcc/arm-none-eabi/4.7.2//crtend.o
 .bss           0x1040201c        0x0 /home/leon/riotboard/arm-2012.09/bin/../lib/gcc/arm-none-eabi/4.7.2//crtn.o
 .bss           0x1040201c        0x0 /home/leon/git/swp-report/iMX6_Platform_SDK/output/mx6sdl/smp_primes/smart_device_rev_c/obj/apps/common/ivt.o
 .bss           0x1040201c        0x0 /home/leon/git/swp-report/iMX6_Platform_SDK/output/mx6sdl/smp_primes/smart_device_rev_c/obj/apps/common/platform_init.o
 .bss           0x1040201c        0x4 /home/leon/git/swp-report/iMX6_Platform_SDK/output/mx6sdl/smp_primes/smart_device_rev_c/obj/apps/smp_primes/src/main.o
 .bss           0x10402020     0x9ca0 /home/leon/git/swp-report/iMX6_Platform_SDK/output/mx6sdl/smp_primes/smart_device_rev_c/obj/apps/smp_primes/src/primes.o
                0x10402020                target_count
                0x10402024                prime_numbers
                0x1040bc64                next_number
                0x1040bc68                prime_count
                0x1040bc80                prime_lock
                0x1040bca0                next_num_lock
 .bss           0x1040bcc0        0x0 /home/leon/git/swp-report/iMX6_Platform_SDK/output/mx6sdl/lib/libsdk.a(armv7_cache.o)
 .bss           0x1040bcc0        0x0 /home/leon/git/swp-report/iMX6_Platform_SDK/output/mx6sdl/lib/libsdk.a(ccm_pll.o)
 .bss           0x1040bcc0        0x0 /home/leon/git/swp-report/iMX6_Platform_SDK/output/mx6sdl/lib/libsdk.a(cortexA9.o)
 .bss           0x1040bcc0        0x0 /home/leon/git/swp-report/iMX6_Platform_SDK/output/mx6sdl/lib/libsdk.a(gic.o)
 .bss           0x1040bcc0        0x0 /home/leon/git/swp-report/iMX6_Platform_SDK/output/mx6sdl/lib/libsdk.a(mmu.o)
 .bss           0x1040bcc0        0x0 /home/leon/git/swp-report/iMX6_Platform_SDK/output/mx6sdl/lib/libsdk.a(startup.o)
 .bss           0x1040bcc0        0x0 /home/leon/git/swp-report/iMX6_Platform_SDK/output/mx6sdl/lib/libsdk.a(vectors.o)
 .bss           0x1040bcc0        0x0 /home/leon/git/swp-report/iMX6_Platform_SDK/output/mx6sdl/lib/libsdk.a(spinlock.o)
 .bss           0x1040bcc0        0x0 /home/leon/git/swp-report/iMX6_Platform_SDK/output/mx6sdl/lib/libsdk.a(spinlock_lock_unlock.o)
 .bss           0x1040bcc0        0x0 /home/leon/git/swp-report/iMX6_Platform_SDK/output/mx6sdl/lib/libsdk.a(system_util.o)
 .bss           0x1040bcc0        0x0 /home/leon/git/swp-report/iMX6_Platform_SDK/output/mx6sdl/lib/libsdk.a(text_color.o)
 .bss           0x1040bcc0        0x0 /home/leon/git/swp-report/iMX6_Platform_SDK/output/mx6sdl/lib/libsdk.a(cpu_get_cores.o)
 .bss           0x1040bcc0       0x20 /home/leon/git/swp-report/iMX6_Platform_SDK/output/mx6sdl/lib/libsdk.a(cpu_multicore.o)
 .bss           0x1040bce0        0x4 /home/leon/git/swp-report/iMX6_Platform_SDK/output/mx6sdl/lib/libsdk.a(timer.o)
                0x1040bce0                g_microsecondTimerMultiple
 .bss           0x1040bce4        0x0 /home/leon/git/swp-report/iMX6_Platform_SDK/output/mx6sdl/lib/libsdk.a(imx_uart.o)
 .bss           0x1040bce4        0x0 /home/leon/git/swp-report/iMX6_Platform_SDK/output/mx6sdl/lib/libsdk.a(arm_abort.o)
 .bss           0x1040bce4      0x290 /home/leon/git/swp-report/iMX6_Platform_SDK/output/mx6sdl/lib/libsdk.a(interrupt.o)
                0x1040bce4                g_interrupt_handlers
                0x1040bf64                g_vectNum
 .bss           0x1040bf74        0x0 /home/leon/git/swp-report/iMX6_Platform_SDK/output/mx6sdl/lib/libsdk.a(epit.o)
 .bss           0x1040bf74        0x0 /home/leon/git/swp-report/iMX6_Platform_SDK/output/mx6sdl/lib/libsdk.a(abort_handler.o)
 .bss           0x1040bf74        0x4 /home/leon/git/swp-report/iMX6_Platform_SDK/output/mx6sdl/lib/libboard_smart_device_rev_c.a(board_io_expanders.o)
                0x1040bf74                max7310_i2c_req_array
 .bss           0x1040bf78        0x0 /home/leon/git/swp-report/iMX6_Platform_SDK/output/mx6sdl/lib/libboard_smart_device_rev_c.a(hardware_modules.o)
 .bss           0x1040bf78        0x0 /home/leon/git/swp-report/iMX6_Platform_SDK/output/mx6sdl/lib/libboard_smart_device_rev_c.a(dcd.o)
 .bss           0x1040bf78        0x0 /home/leon/git/swp-report/iMX6_Platform_SDK/output/mx6sdl/lib/libboard_smart_device_rev_c.a(uart_iomux_config.o)
 .bss           0x1040bf78        0x0 /home/leon/git/swp-report/iMX6_Platform_SDK/output/mx6sdl/lib/libboard_smart_device_rev_c.a(iomux_config.o)
 .bss           0x1040bf78        0x0 /home/leon/git/swp-report/iMX6_Platform_SDK/output/mx6sdl/lib/libboard_smart_device_rev_c.a(ipu1_iomux_config.o)
 .bss           0x1040bf78        0x0 /home/leon/git/swp-report/iMX6_Platform_SDK/output/mx6sdl/lib/libboard_smart_device_rev_c.a(mmdc_iomux_config.o)
 .bss           0x1040bf78        0x0 /home/leon/git/swp-report/iMX6_Platform_SDK/output/mx6sdl/lib/libboard_smart_device_rev_c.a(pwm1_iomux_config.o)
 .bss           0x1040bf78        0x0 /home/leon/git/swp-report/iMX6_Platform_SDK/output/mx6sdl/lib/libboard_smart_device_rev_c.a(sjc_iomux_config.o)
 .bss           0x1040bf78        0x0 /home/leon/git/swp-report/iMX6_Platform_SDK/output/mx6sdl/lib/libboard_smart_device_rev_c.a(uart1_iomux_config.o)
 .bss           0x1040bf78        0x0 /home/leon/git/swp-report/iMX6_Platform_SDK/output/mx6sdl/lib/libboard_smart_device_rev_c.a(usb_iomux_config.o)
 .bss           0x1040bf78        0x0 /home/leon/git/swp-report/iMX6_Platform_SDK/output/mx6sdl/lib/libboard_smart_device_rev_c.a(usdhc2_iomux_config.o)
 .bss           0x1040bf78        0x0 /home/leon/git/swp-report/iMX6_Platform_SDK/output/mx6sdl/lib/libboard_smart_device_rev_c.a(usdhc3_iomux_config.o)
 .bss           0x1040bf78        0x0 /home/leon/git/swp-report/iMX6_Platform_SDK/output/mx6sdl/lib/libboard_smart_device_rev_c.a(usdhc4_iomux_config.o)
 .bss           0x1040bf78        0x0 /home/leon/git/swp-report/iMX6_Platform_SDK/output/mx6sdl/lib/libboard_smart_device_rev_c.a(audmux_iomux_config.o)
 .bss           0x1040bf78        0x0 /home/leon/git/swp-report/iMX6_Platform_SDK/output/mx6sdl/lib/libboard_smart_device_rev_c.a(ccm_iomux_config.o)
 .bss           0x1040bf78        0x0 /home/leon/git/swp-report/iMX6_Platform_SDK/output/mx6sdl/lib/libboard_smart_device_rev_c.a(ecspi1_iomux_config.o)
 .bss           0x1040bf78        0x0 /home/leon/git/swp-report/iMX6_Platform_SDK/output/mx6sdl/lib/libboard_smart_device_rev_c.a(enet_iomux_config.o)
 .bss           0x1040bf78        0x0 /home/leon/git/swp-report/iMX6_Platform_SDK/output/mx6sdl/lib/libboard_smart_device_rev_c.a(epdc_iomux_config.o)
 .bss           0x1040bf78        0x0 /home/leon/git/swp-report/iMX6_Platform_SDK/output/mx6sdl/lib/libboard_smart_device_rev_c.a(flexcan1_iomux_config.o)
 .bss           0x1040bf78        0x0 /home/leon/git/swp-report/iMX6_Platform_SDK/output/mx6sdl/lib/libboard_smart_device_rev_c.a(gpio1_iomux_config.o)
 .bss           0x1040bf78        0x0 /home/leon/git/swp-report/iMX6_Platform_SDK/output/mx6sdl/lib/libboard_smart_device_rev_c.a(gpio2_iomux_config.o)
 .bss           0x1040bf78        0x0 /home/leon/git/swp-report/iMX6_Platform_SDK/output/mx6sdl/lib/libboard_smart_device_rev_c.a(gpio3_iomux_config.o)
 .bss           0x1040bf78        0x0 /home/leon/git/swp-report/iMX6_Platform_SDK/output/mx6sdl/lib/libboard_smart_device_rev_c.a(gpio4_iomux_config.o)
 .bss           0x1040bf78        0x0 /home/leon/git/swp-report/iMX6_Platform_SDK/output/mx6sdl/lib/libboard_smart_device_rev_c.a(gpio5_iomux_config.o)
 .bss           0x1040bf78        0x0 /home/leon/git/swp-report/iMX6_Platform_SDK/output/mx6sdl/lib/libboard_smart_device_rev_c.a(gpio6_iomux_config.o)
 .bss           0x1040bf78        0x0 /home/leon/git/swp-report/iMX6_Platform_SDK/output/mx6sdl/lib/libboard_smart_device_rev_c.a(gpio7_iomux_config.o)
 .bss           0x1040bf78        0x0 /home/leon/git/swp-report/iMX6_Platform_SDK/output/mx6sdl/lib/libboard_smart_device_rev_c.a(gps_iomux_config.o)
 .bss           0x1040bf78        0x0 /home/leon/git/swp-report/iMX6_Platform_SDK/output/mx6sdl/lib/libboard_smart_device_rev_c.a(i2c1_iomux_config.o)
 .bss           0x1040bf78        0x0 /home/leon/git/swp-report/iMX6_Platform_SDK/output/mx6sdl/lib/libboard_smart_device_rev_c.a(i2c2_iomux_config.o)
 .bss           0x1040bf78        0x0 /home/leon/git/swp-report/iMX6_Platform_SDK/output/mx6sdl/lib/libboard_smart_device_rev_c.a(i2c3_iomux_config.o)
 .bss           0x1040bf78        0x0 /home/leon/riotboard/arm-2012.09/bin/../arm-none-eabi/lib//libc.a(lib_a-assert.o)
 .bss           0x1040bf78        0x0 /home/leon/riotboard/arm-2012.09/bin/../arm-none-eabi/lib//libc.a(lib_a-bzero.o)
 .bss           0x1040bf78        0x0 /home/leon/riotboard/arm-2012.09/bin/../arm-none-eabi/lib//libc.a(lib_a-fiprintf.o)
 .bss           0x1040bf78        0x0 /home/leon/riotboard/arm-2012.09/bin/../arm-none-eabi/lib//libc.a(lib_a-fputc.o)
 .bss           0x1040bf78        0x0 /home/leon/riotboard/arm-2012.09/bin/../arm-none-eabi/lib//libc.a(lib_a-impure.o)
 .bss           0x1040bf78        0x0 /home/leon/riotboard/arm-2012.09/bin/../arm-none-eabi/lib//libc.a(lib_a-init.o)
 .bss           0x1040bf78        0x0 /home/leon/riotboard/arm-2012.09/bin/../arm-none-eabi/lib//libc.a(lib_a-malloc.o)
 .bss           0x1040bf78       0x34 /home/leon/riotboard/arm-2012.09/bin/../arm-none-eabi/lib//libc.a(lib_a-mallocr.o)
                0x1040bf78                __malloc_top_pad
                0x1040bf7c                __malloc_current_mallinfo
                0x1040bfa4                __malloc_max_sbrked_mem
                0x1040bfa8                __malloc_max_total_mem
 .bss           0x1040bfac        0x0 /home/leon/riotboard/arm-2012.09/bin/../arm-none-eabi/lib//libc.a(lib_a-mlock.o)
 .bss           0x1040bfac        0x0 /home/leon/riotboard/arm-2012.09/bin/../arm-none-eabi/lib//libc.a(lib_a-printf.o)
 .bss           0x1040bfac        0x0 /home/leon/riotboard/arm-2012.09/bin/../arm-none-eabi/lib//libc.a(lib_a-putc.o)
 .bss           0x1040bfac        0x0 /home/leon/riotboard/arm-2012.09/bin/../arm-none-eabi/lib//libc.a(lib_a-realloc.o)
 .bss           0x1040bfac        0x0 /home/leon/riotboard/arm-2012.09/bin/../arm-none-eabi/lib//libc.a(lib_a-reallocr.o)
 .bss           0x1040bfac        0x0 /home/leon/riotboard/arm-2012.09/bin/../arm-none-eabi/lib//libc.a(lib_a-rget.o)
 .bss           0x1040bfac        0x0 /home/leon/riotboard/arm-2012.09/bin/../arm-none-eabi/lib//libc.a(lib_a-sbrkr.o)
 .bss           0x1040bfac        0x0 /home/leon/riotboard/arm-2012.09/bin/../arm-none-eabi/lib//libc.a(lib_a-vfiprintf.o)
 .bss           0x1040bfac        0x0 /home/leon/riotboard/arm-2012.09/bin/../arm-none-eabi/lib//libc.a(lib_a-vfprintf.o)
 .bss           0x1040bfac        0x0 /home/leon/riotboard/arm-2012.09/bin/../arm-none-eabi/lib//libc.a(lib_a-vprintf.o)
 .bss           0x1040bfac        0x0 /home/leon/riotboard/arm-2012.09/bin/../arm-none-eabi/lib//libc.a(lib_a-wbuf.o)
 .bss           0x1040bfac        0x0 /home/leon/riotboard/arm-2012.09/bin/../arm-none-eabi/lib//libc.a(lib_a-wsetup.o)
 .bss           0x1040bfac        0x0 /home/leon/riotboard/arm-2012.09/bin/../arm-none-eabi/lib//libc.a(lib_a-abort.o)
 .bss           0x1040bfac        0x0 /home/leon/riotboard/arm-2012.09/bin/../arm-none-eabi/lib//libc.a(lib_a-dtoa.o)
 .bss           0x1040bfac        0x0 /home/leon/riotboard/arm-2012.09/bin/../arm-none-eabi/lib//libc.a(lib_a-fflush.o)
 .bss           0x1040bfac        0x0 /home/leon/riotboard/arm-2012.09/bin/../arm-none-eabi/lib//libc.a(lib_a-findfp.o)
 .bss           0x1040bfac        0x0 /home/leon/riotboard/arm-2012.09/bin/../arm-none-eabi/lib//libc.a(lib_a-fputwc.o)
 .bss           0x1040bfac        0x0 /home/leon/riotboard/arm-2012.09/bin/../arm-none-eabi/lib//libc.a(lib_a-freer.o)
 .bss           0x1040bfac        0x0 /home/leon/riotboard/arm-2012.09/bin/../arm-none-eabi/lib//libc.a(lib_a-fvwrite.o)
 .bss           0x1040bfac        0x0 /home/leon/riotboard/arm-2012.09/bin/../arm-none-eabi/lib//libc.a(lib_a-fwalk.o)
 .bss           0x1040bfac        0xc /home/leon/riotboard/arm-2012.09/bin/../arm-none-eabi/lib//libc.a(lib_a-locale.o)
                0x1040bfac                _PathLocale
                0x1040bfb0                __mlocale_changed
                0x1040bfb4                __nlocale_changed
 .bss           0x1040bfb8        0x0 /home/leon/riotboard/arm-2012.09/bin/../arm-none-eabi/lib//libc.a(lib_a-makebuf.o)
 .bss           0x1040bfb8        0x0 /home/leon/riotboard/arm-2012.09/bin/../arm-none-eabi/lib//libc.a(lib_a-memchr.o)
 .bss           0x1040bfb8        0x0 /home/leon/riotboard/arm-2012.09/bin/../arm-none-eabi/lib//libc.a(lib_a-memcpy.o)
 .bss           0x1040bfb8        0x0 /home/leon/riotboard/arm-2012.09/bin/../arm-none-eabi/lib//libc.a(lib_a-memmove.o)
 .bss           0x1040bfb8        0x0 /home/leon/riotboard/arm-2012.09/bin/../arm-none-eabi/lib//libc.a(lib_a-memset.o)
 .bss           0x1040bfb8        0x0 /home/leon/riotboard/arm-2012.09/bin/../arm-none-eabi/lib//libc.a(lib_a-mprec.o)
 .bss           0x1040bfb8        0x0 /home/leon/riotboard/arm-2012.09/bin/../arm-none-eabi/lib//libc.a(lib_a-reent.o)
 .bss           0x1040bfb8        0x0 /home/leon/riotboard/arm-2012.09/bin/../arm-none-eabi/lib//libc.a(lib_a-refill.o)
 .bss           0x1040bfb8        0x0 /home/leon/riotboard/arm-2012.09/bin/../arm-none-eabi/lib//libc.a(lib_a-s_fpclassify.o)
 .bss           0x1040bfb8        0x0 /home/leon/riotboard/arm-2012.09/bin/../arm-none-eabi/lib//libc.a(lib_a-signal.o)
 .bss           0x1040bfb8        0x0 /home/leon/riotboard/arm-2012.09/bin/../arm-none-eabi/lib//libc.a(lib_a-signalr.o)
 .bss           0x1040bfb8        0x0 /home/leon/riotboard/arm-2012.09/bin/../arm-none-eabi/lib//libc.a(lib_a-stdio.o)
 .bss           0x1040bfb8        0x0 /home/leon/riotboard/arm-2012.09/bin/../arm-none-eabi/lib//libc.a(lib_a-strcmp.o)
 .bss           0x1040bfb8        0x0 /home/leon/riotboard/arm-2012.09/bin/../arm-none-eabi/lib//libc.a(lib_a-strlen.o)
 .bss           0x1040bfb8        0x0 /home/leon/riotboard/arm-2012.09/bin/../arm-none-eabi/lib//libc.a(lib_a-wcrtomb.o)
 .bss           0x1040bfb8        0x0 /home/leon/riotboard/arm-2012.09/bin/../arm-none-eabi/lib//libc.a(lib_a-wctomb_r.o)
 .bss           0x1040bfb8        0x0 /home/leon/riotboard/arm-2012.09/bin/../arm-none-eabi/lib//libc.a(lib_a-writer.o)
 .bss           0x1040bfb8        0x0 /home/leon/riotboard/arm-2012.09/bin/../arm-none-eabi/lib//libc.a(lib_a-callocr.o)
 .bss           0x1040bfb8        0x0 /home/leon/riotboard/arm-2012.09/bin/../arm-none-eabi/lib//libc.a(lib_a-closer.o)
 .bss           0x1040bfb8        0x0 /home/leon/riotboard/arm-2012.09/bin/../arm-none-eabi/lib//libc.a(lib_a-fclose.o)
 .bss           0x1040bfb8        0x0 /home/leon/riotboard/arm-2012.09/bin/../arm-none-eabi/lib//libc.a(lib_a-fstatr.o)
 .bss           0x1040bfb8        0x0 /home/leon/riotboard/arm-2012.09/bin/../arm-none-eabi/lib//libc.a(lib_a-isattyr.o)
 .bss           0x1040bfb8        0x0 /home/leon/riotboard/arm-2012.09/bin/../arm-none-eabi/lib//libc.a(lib_a-lseekr.o)
 .bss           0x1040bfb8        0x0 /home/leon/riotboard/arm-2012.09/bin/../arm-none-eabi/lib//libc.a(lib_a-readr.o)
 .bss           0x1040bfb8        0x0 /home/leon/riotboard/arm-2012.09/bin/../lib/gcc/arm-none-eabi/4.7.2//libgcc.a(_udivsi3.o)
 .bss           0x1040bfb8        0x0 /home/leon/riotboard/arm-2012.09/bin/../lib/gcc/arm-none-eabi/4.7.2//libgcc.a(_divsi3.o)
 .bss           0x1040bfb8        0x0 /home/leon/riotboard/arm-2012.09/bin/../lib/gcc/arm-none-eabi/4.7.2//libgcc.a(_dvmd_tls.o)
 .bss           0x1040bfb8        0x0 /home/leon/riotboard/arm-2012.09/bin/../lib/gcc/arm-none-eabi/4.7.2//libgcc.a(_arm_addsubdf3.o)
 .bss           0x1040bfb8        0x0 /home/leon/riotboard/arm-2012.09/bin/../lib/gcc/arm-none-eabi/4.7.2//libgcc.a(_arm_muldivdf3.o)
 .bss           0x1040bfb8        0x0 /home/leon/riotboard/arm-2012.09/bin/../lib/gcc/arm-none-eabi/4.7.2//libgcc.a(_arm_cmpdf2.o)
 .bss           0x1040bfb8        0x0 /home/leon/riotboard/arm-2012.09/bin/../lib/gcc/arm-none-eabi/4.7.2//libgcc.a(_arm_fixdfsi.o)
 .bss           0x1040bfb8        0x0 /home/leon/riotboard/arm-2012.09/bin/../lib/gcc/arm-none-eabi/4.7.2//libgcc.a(_aeabi_uldivmod.o)
 .bss           0x1040bfb8        0x0 /home/leon/riotboard/arm-2012.09/bin/../lib/gcc/arm-none-eabi/4.7.2//libgcc.a(bpabi.o)
 .bss           0x1040bfb8        0x0 /home/leon/riotboard/arm-2012.09/bin/../lib/gcc/arm-none-eabi/4.7.2//libgcc.a(_divdi3.o)
 .bss           0x1040bfb8        0x0 /home/leon/riotboard/arm-2012.09/bin/../lib/gcc/arm-none-eabi/4.7.2//libgcc.a(_udivdi3.o)
 .bss           0x1040bfb8        0x0 /home/leon/riotboard/arm-2012.09/bin/../lib/gcc/arm-none-eabi/4.7.2//libgcc.a(_clzsi2.o)
 .bss           0x1040bfb8        0xc /home/leon/git/swp-report/iMX6_Platform_SDK/output/mx6sdl/lib/libsdk.a(runtime_support.o)
                0x1040bfb8                __env
 *(COMMON)
 COMMON         0x1040bfc4        0x4 /home/leon/riotboard/arm-2012.09/bin/../arm-none-eabi/lib//libc.a(lib_a-reent.o)
                0x1040bfc4                errno
 *(.bss)
                0x1040bfc8                __bss_end__ = .

.stacks         0x1040bfc8     0xc000
                0x1040bfc8                __stacks_start = .
                0x10417fc8                . = (. + 0xc000)
 *fill*         0x1040bfc8     0xc000 
                0x10417fc8                __stacks_end = .
                0x10417fc8                top_of_stacks = .
                0x10417fe0                free_memory_start = ALIGN (0x20)
                0x18417fc8                . = (. + 0x8000000)
                0x18417fc8                free_memory_end = .
                0x18417fc8                _end = .
START GROUP
LOAD /home/leon/git/swp-report/iMX6_Platform_SDK/output/mx6sdl/smp_primes/smart_device_rev_c/obj/apps/common/ivt.o
LOAD /home/leon/git/swp-report/iMX6_Platform_SDK/output/mx6sdl/smp_primes/smart_device_rev_c/obj/apps/common/platform_init.o
LOAD /home/leon/git/swp-report/iMX6_Platform_SDK/output/mx6sdl/smp_primes/smart_device_rev_c/obj/apps/smp_primes/src/main.o
LOAD /home/leon/git/swp-report/iMX6_Platform_SDK/output/mx6sdl/smp_primes/smart_device_rev_c/obj/apps/smp_primes/src/primes.o
LOAD /home/leon/git/swp-report/iMX6_Platform_SDK/output/mx6sdl/lib/libsdk.a
LOAD /home/leon/git/swp-report/iMX6_Platform_SDK/output/mx6sdl/lib/libboard_smart_device_rev_c.a
LOAD /home/leon/riotboard/arm-2012.09/bin/../arm-none-eabi/lib//libm.a
LOAD /home/leon/riotboard/arm-2012.09/bin/../arm-none-eabi/lib//libstdc++.a
LOAD /home/leon/riotboard/arm-2012.09/bin/../arm-none-eabi/lib//libc.a
LOAD /home/leon/riotboard/arm-2012.09/bin/../lib/gcc/arm-none-eabi/4.7.2//libgcc.a
END GROUP
OUTPUT(/home/leon/git/swp-report/iMX6_Platform_SDK/output/mx6sdl/smp_primes/smart_device_rev_c/smp_primes.elf elf32-littlearm)

.ARM.attributes
                0x00000000       0x3b
 .ARM.attributes
                0x00000000       0x30 /home/leon/riotboard/arm-2012.09/bin/../lib/gcc/arm-none-eabi/4.7.2//crtbegin.o
 .ARM.attributes
                0x00000030       0x16 /home/leon/riotboard/arm-2012.09/bin/../lib/gcc/arm-none-eabi/4.7.2//crti.o
 .ARM.attributes
                0x00000046       0x30 /home/leon/riotboard/arm-2012.09/bin/../lib/gcc/arm-none-eabi/4.7.2//crtend.o
 .ARM.attributes
                0x00000076       0x18 /home/leon/riotboard/arm-2012.09/bin/../lib/gcc/arm-none-eabi/4.7.2//crtn.o
 .ARM.attributes
                0x0000008e       0x39 /home/leon/git/swp-report/iMX6_Platform_SDK/output/mx6sdl/smp_primes/smart_device_rev_c/obj/apps/common/ivt.o
 .ARM.attributes
                0x000000c7       0x39 /home/leon/git/swp-report/iMX6_Platform_SDK/output/mx6sdl/smp_primes/smart_device_rev_c/obj/apps/common/platform_init.o
 .ARM.attributes
                0x00000100       0x39 /home/leon/git/swp-report/iMX6_Platform_SDK/output/mx6sdl/smp_primes/smart_device_rev_c/obj/apps/smp_primes/src/main.o
 .ARM.attributes
                0x00000139       0x39 /home/leon/git/swp-report/iMX6_Platform_SDK/output/mx6sdl/smp_primes/smart_device_rev_c/obj/apps/smp_primes/src/primes.o
 .ARM.attributes
                0x00000172       0x39 /home/leon/git/swp-report/iMX6_Platform_SDK/output/mx6sdl/lib/libsdk.a(armv7_cache.o)
 .ARM.attributes
                0x000001ab       0x39 /home/leon/git/swp-report/iMX6_Platform_SDK/output/mx6sdl/lib/libsdk.a(ccm_pll.o)
 .ARM.attributes
                0x000001e4       0x16 /home/leon/git/swp-report/iMX6_Platform_SDK/output/mx6sdl/lib/libsdk.a(cortexA9.o)
 .ARM.attributes
                0x000001fa       0x39 /home/leon/git/swp-report/iMX6_Platform_SDK/output/mx6sdl/lib/libsdk.a(gic.o)
 .ARM.attributes
                0x00000233       0x39 /home/leon/git/swp-report/iMX6_Platform_SDK/output/mx6sdl/lib/libsdk.a(mmu.o)
 .ARM.attributes
                0x0000026c       0x16 /home/leon/git/swp-report/iMX6_Platform_SDK/output/mx6sdl/lib/libsdk.a(startup.o)
 .ARM.attributes
                0x00000282       0x14 /home/leon/git/swp-report/iMX6_Platform_SDK/output/mx6sdl/lib/libsdk.a(vectors.o)
 .ARM.attributes
                0x00000296       0x39 /home/leon/git/swp-report/iMX6_Platform_SDK/output/mx6sdl/lib/libsdk.a(spinlock.o)
 .ARM.attributes
                0x000002cf       0x16 /home/leon/git/swp-report/iMX6_Platform_SDK/output/mx6sdl/lib/libsdk.a(spinlock_lock_unlock.o)
 .ARM.attributes
                0x000002e5       0x39 /home/leon/git/swp-report/iMX6_Platform_SDK/output/mx6sdl/lib/libsdk.a(system_util.o)
 .ARM.attributes
                0x0000031e       0x39 /home/leon/git/swp-report/iMX6_Platform_SDK/output/mx6sdl/lib/libsdk.a(text_color.o)
 .ARM.attributes
                0x00000357       0x39 /home/leon/git/swp-report/iMX6_Platform_SDK/output/mx6sdl/lib/libsdk.a(cpu_get_cores.o)
 .ARM.attributes
                0x00000390       0x39 /home/leon/git/swp-report/iMX6_Platform_SDK/output/mx6sdl/lib/libsdk.a(cpu_multicore.o)
 .ARM.attributes
                0x000003c9       0x39 /home/leon/git/swp-report/iMX6_Platform_SDK/output/mx6sdl/lib/libsdk.a(timer.o)
 .ARM.attributes
                0x00000402       0x39 /home/leon/git/swp-report/iMX6_Platform_SDK/output/mx6sdl/lib/libsdk.a(imx_uart.o)
 .ARM.attributes
                0x0000043b       0x14 /home/leon/git/swp-report/iMX6_Platform_SDK/output/mx6sdl/lib/libsdk.a(arm_abort.o)
 .ARM.attributes
                0x0000044f       0x39 /home/leon/git/swp-report/iMX6_Platform_SDK/output/mx6sdl/lib/libsdk.a(interrupt.o)
 .ARM.attributes
                0x00000488       0x39 /home/leon/git/swp-report/iMX6_Platform_SDK/output/mx6sdl/lib/libsdk.a(epit.o)
 .ARM.attributes
                0x000004c1       0x39 /home/leon/git/swp-report/iMX6_Platform_SDK/output/mx6sdl/lib/libsdk.a(abort_handler.o)
 .ARM.attributes
                0x000004fa       0x39 /home/leon/git/swp-report/iMX6_Platform_SDK/output/mx6sdl/lib/libboard_smart_device_rev_c.a(board_io_expanders.o)
 .ARM.attributes
                0x00000533       0x39 /home/leon/git/swp-report/iMX6_Platform_SDK/output/mx6sdl/lib/libboard_smart_device_rev_c.a(hardware_modules.o)
 .ARM.attributes
                0x0000056c       0x39 /home/leon/git/swp-report/iMX6_Platform_SDK/output/mx6sdl/lib/libboard_smart_device_rev_c.a(dcd.o)
 .ARM.attributes
                0x000005a5       0x39 /home/leon/git/swp-report/iMX6_Platform_SDK/output/mx6sdl/lib/libboard_smart_device_rev_c.a(uart_iomux_config.o)
 .ARM.attributes
                0x000005de       0x39 /home/leon/git/swp-report/iMX6_Platform_SDK/output/mx6sdl/lib/libboard_smart_device_rev_c.a(iomux_config.o)
 .ARM.attributes
                0x00000617       0x39 /home/leon/git/swp-report/iMX6_Platform_SDK/output/mx6sdl/lib/libboard_smart_device_rev_c.a(ipu1_iomux_config.o)
 .ARM.attributes
                0x00000650       0x39 /home/leon/git/swp-report/iMX6_Platform_SDK/output/mx6sdl/lib/libboard_smart_device_rev_c.a(mmdc_iomux_config.o)
 .ARM.attributes
                0x00000689       0x39 /home/leon/git/swp-report/iMX6_Platform_SDK/output/mx6sdl/lib/libboard_smart_device_rev_c.a(pwm1_iomux_config.o)
 .ARM.attributes
                0x000006c2       0x39 /home/leon/git/swp-report/iMX6_Platform_SDK/output/mx6sdl/lib/libboard_smart_device_rev_c.a(sjc_iomux_config.o)
 .ARM.attributes
                0x000006fb       0x39 /home/leon/git/swp-report/iMX6_Platform_SDK/output/mx6sdl/lib/libboard_smart_device_rev_c.a(uart1_iomux_config.o)
 .ARM.attributes
                0x00000734       0x39 /home/leon/git/swp-report/iMX6_Platform_SDK/output/mx6sdl/lib/libboard_smart_device_rev_c.a(usb_iomux_config.o)
 .ARM.attributes
                0x0000076d       0x39 /home/leon/git/swp-report/iMX6_Platform_SDK/output/mx6sdl/lib/libboard_smart_device_rev_c.a(usdhc2_iomux_config.o)
 .ARM.attributes
                0x000007a6       0x39 /home/leon/git/swp-report/iMX6_Platform_SDK/output/mx6sdl/lib/libboard_smart_device_rev_c.a(usdhc3_iomux_config.o)
 .ARM.attributes
                0x000007df       0x39 /home/leon/git/swp-report/iMX6_Platform_SDK/output/mx6sdl/lib/libboard_smart_device_rev_c.a(usdhc4_iomux_config.o)
 .ARM.attributes
                0x00000818       0x39 /home/leon/git/swp-report/iMX6_Platform_SDK/output/mx6sdl/lib/libboard_smart_device_rev_c.a(audmux_iomux_config.o)
 .ARM.attributes
                0x00000851       0x39 /home/leon/git/swp-report/iMX6_Platform_SDK/output/mx6sdl/lib/libboard_smart_device_rev_c.a(ccm_iomux_config.o)
 .ARM.attributes
                0x0000088a       0x39 /home/leon/git/swp-report/iMX6_Platform_SDK/output/mx6sdl/lib/libboard_smart_device_rev_c.a(ecspi1_iomux_config.o)
 .ARM.attributes
                0x000008c3       0x39 /home/leon/git/swp-report/iMX6_Platform_SDK/output/mx6sdl/lib/libboard_smart_device_rev_c.a(enet_iomux_config.o)
 .ARM.attributes
                0x000008fc       0x39 /home/leon/git/swp-report/iMX6_Platform_SDK/output/mx6sdl/lib/libboard_smart_device_rev_c.a(epdc_iomux_config.o)
 .ARM.attributes
                0x00000935       0x39 /home/leon/git/swp-report/iMX6_Platform_SDK/output/mx6sdl/lib/libboard_smart_device_rev_c.a(flexcan1_iomux_config.o)
 .ARM.attributes
                0x0000096e       0x39 /home/leon/git/swp-report/iMX6_Platform_SDK/output/mx6sdl/lib/libboard_smart_device_rev_c.a(gpio1_iomux_config.o)
 .ARM.attributes
                0x000009a7       0x39 /home/leon/git/swp-report/iMX6_Platform_SDK/output/mx6sdl/lib/libboard_smart_device_rev_c.a(gpio2_iomux_config.o)
 .ARM.attributes
                0x000009e0       0x39 /home/leon/git/swp-report/iMX6_Platform_SDK/output/mx6sdl/lib/libboard_smart_device_rev_c.a(gpio3_iomux_config.o)
 .ARM.attributes
                0x00000a19       0x39 /home/leon/git/swp-report/iMX6_Platform_SDK/output/mx6sdl/lib/libboard_smart_device_rev_c.a(gpio4_iomux_config.o)
 .ARM.attributes
                0x00000a52       0x39 /home/leon/git/swp-report/iMX6_Platform_SDK/output/mx6sdl/lib/libboard_smart_device_rev_c.a(gpio5_iomux_config.o)
 .ARM.attributes
                0x00000a8b       0x39 /home/leon/git/swp-report/iMX6_Platform_SDK/output/mx6sdl/lib/libboard_smart_device_rev_c.a(gpio6_iomux_config.o)
 .ARM.attributes
                0x00000ac4       0x39 /home/leon/git/swp-report/iMX6_Platform_SDK/output/mx6sdl/lib/libboard_smart_device_rev_c.a(gpio7_iomux_config.o)
 .ARM.attributes