Archive member included because of file (symbol)

/home/leon/git/swp-report/iMX6_Platform_SDK/output/mx6sdl/lib/libsdk.a(ccm_pll.o)
                              /home/leon/git/swp-report/iMX6_Platform_SDK/output/mx6sdl/stream/sabre_ai_rev_c/obj/apps/common/platform_init.o (ccm_init)
/home/leon/git/swp-report/iMX6_Platform_SDK/output/mx6sdl/lib/libsdk.a(cortexA9.o)
                              /home/leon/git/swp-report/iMX6_Platform_SDK/output/mx6sdl/stream/sabre_ai_rev_c/obj/apps/common/platform_init.o (arm_set_interrupt_state)
/home/leon/git/swp-report/iMX6_Platform_SDK/output/mx6sdl/lib/libsdk.a(gic.o)
                              /home/leon/git/swp-report/iMX6_Platform_SDK/output/mx6sdl/stream/sabre_ai_rev_c/obj/apps/common/platform_init.o (gic_init)
/home/leon/git/swp-report/iMX6_Platform_SDK/output/mx6sdl/lib/libsdk.a(mmu.o)
                              /home/leon/git/swp-report/iMX6_Platform_SDK/output/mx6sdl/stream/sabre_ai_rev_c/obj/apps/common/platform_init.o (mmu_init)
/home/leon/git/swp-report/iMX6_Platform_SDK/output/mx6sdl/lib/libsdk.a(startup.o)
                              (_start)
/home/leon/git/swp-report/iMX6_Platform_SDK/output/mx6sdl/lib/libsdk.a(vectors.o)
                              /home/leon/git/swp-report/iMX6_Platform_SDK/output/mx6sdl/lib/libsdk.a(startup.o) (vectors)
/home/leon/git/swp-report/iMX6_Platform_SDK/output/mx6sdl/lib/libsdk.a(sdk_version.o)
                              /home/leon/git/swp-report/iMX6_Platform_SDK/output/mx6sdl/stream/sabre_ai_rev_c/obj/apps/common/print_version.o (k_sdk_version)
/home/leon/git/swp-report/iMX6_Platform_SDK/output/mx6sdl/lib/libsdk.a(system_util.o)
                              /home/leon/git/swp-report/iMX6_Platform_SDK/output/mx6sdl/lib/libsdk.a(startup.o) (_sys_exit)
/home/leon/git/swp-report/iMX6_Platform_SDK/output/mx6sdl/lib/libsdk.a(text_color.o)
                              /home/leon/git/swp-report/iMX6_Platform_SDK/output/mx6sdl/lib/libsdk.a(system_util.o) (g_TextAttributeBold)
/home/leon/git/swp-report/iMX6_Platform_SDK/output/mx6sdl/lib/libsdk.a(board_id.o)
                              /home/leon/git/swp-report/iMX6_Platform_SDK/output/mx6sdl/stream/sabre_ai_rev_c/obj/apps/common/print_version.o (chip_name)
/home/leon/git/swp-report/iMX6_Platform_SDK/output/mx6sdl/lib/libsdk.a(cpu_workpoint.o)
                              /home/leon/git/swp-report/iMX6_Platform_SDK/output/mx6sdl/stream/sabre_ai_rev_c/obj/apps/stream/src/main.o (cpu_workpoint_set)
/home/leon/git/swp-report/iMX6_Platform_SDK/output/mx6sdl/lib/libsdk.a(pmu_driver.o)
                              /home/leon/git/swp-report/iMX6_Platform_SDK/output/mx6sdl/lib/libsdk.a(cpu_workpoint.o) (pmu_init)
/home/leon/git/swp-report/iMX6_Platform_SDK/output/mx6sdl/lib/libsdk.a(epit.o)
                              /home/leon/git/swp-report/iMX6_Platform_SDK/output/mx6sdl/stream/sabre_ai_rev_c/obj/apps/stream/src/main.o (epit_get_counter_value)
/home/leon/git/swp-report/iMX6_Platform_SDK/output/mx6sdl/lib/libsdk.a(timer.o)
                              /home/leon/git/swp-report/iMX6_Platform_SDK/output/mx6sdl/stream/sabre_ai_rev_c/obj/apps/common/platform_init.o (system_time_init)
/home/leon/git/swp-report/iMX6_Platform_SDK/output/mx6sdl/lib/libsdk.a(imx_uart.o)
                              /home/leon/git/swp-report/iMX6_Platform_SDK/output/mx6sdl/stream/sabre_ai_rev_c/obj/apps/common/platform_init.o (uart_getchar)
/home/leon/git/swp-report/iMX6_Platform_SDK/output/mx6sdl/lib/libsdk.a(arm_abort.o)
                              /home/leon/git/swp-report/iMX6_Platform_SDK/output/mx6sdl/lib/libsdk.a(vectors.o) (data_abort_handler)
/home/leon/git/swp-report/iMX6_Platform_SDK/output/mx6sdl/lib/libsdk.a(interrupt.o)
                              /home/leon/git/swp-report/iMX6_Platform_SDK/output/mx6sdl/lib/libsdk.a(vectors.o) (IRQ_HDLR)
/home/leon/git/swp-report/iMX6_Platform_SDK/output/mx6sdl/lib/libsdk.a(abort_handler.o)
                              /home/leon/git/swp-report/iMX6_Platform_SDK/output/mx6sdl/lib/libsdk.a(arm_abort.o) (dump_regs)
/home/leon/git/swp-report/iMX6_Platform_SDK/output/mx6sdl/lib/libboard_sabre_ai_rev_c.a(board_io_expanders.o)
                              /home/leon/git/swp-report/iMX6_Platform_SDK/output/mx6sdl/stream/sabre_ai_rev_c/obj/apps/common/platform_init.o (board_ioexpander_init)
/home/leon/git/swp-report/iMX6_Platform_SDK/output/mx6sdl/lib/libboard_sabre_ai_rev_c.a(hardware_modules.o)
                              /home/leon/git/swp-report/iMX6_Platform_SDK/output/mx6sdl/stream/sabre_ai_rev_c/obj/apps/common/platform_init.o (g_debug_uart_port)
/home/leon/git/swp-report/iMX6_Platform_SDK/output/mx6sdl/lib/libboard_sabre_ai_rev_c.a(dcd.o)
                              /home/leon/git/swp-report/iMX6_Platform_SDK/output/mx6sdl/stream/sabre_ai_rev_c/obj/apps/common/ivt.o (input_dcd_hdr)
/home/leon/git/swp-report/iMX6_Platform_SDK/output/mx6sdl/lib/libboard_sabre_ai_rev_c.a(i2c3_iomux_config.o)
[...]
Memory Configuration

Name             Origin             Length             Attributes
OCRAM            0x00900000         0x00020000         xrw
DDR              0x10000000         0x80000000         xrw
*default*        0x00000000         0xffffffff

Linker script and memory map

LOAD /home/leon/riotboard/arm-2012.09/bin/../lib/gcc/arm-none-eabi/4.7.2//crtbegin.o
LOAD /home/leon/riotboard/arm-2012.09/bin/../lib/gcc/arm-none-eabi/4.7.2//crti.o
LOAD /home/leon/riotboard/arm-2012.09/bin/../lib/gcc/arm-none-eabi/4.7.2//crtend.o
LOAD /home/leon/riotboard/arm-2012.09/bin/../lib/gcc/arm-none-eabi/4.7.2//crtn.o

.l1_page_table  0x00900000     0x4000
                0x00900000                __l1_page_table_start = .
                0x00904000                . = (. + 0x4000)
 *fill*         0x00900000     0x4000 

.heap.ocram     0x00904000    0x1bfb8
                0x00904000                __heap_ocram_start = .
                0x0091ffb8                . = (. + 0x1bfb8)
 *fill*         0x00904000    0x1bfb8 
                0x0091ffb8                __heap_ocram_end = .

.ram_vectors    0x0091ffb8       0x48
                0x0091ffb8                __ram_vectors_start = .
                0x00920000                . = (. + 0x48)
 *fill*         0x0091ffb8       0x48 
                0x00920000                __ram_vectors_end = .
                0x10000000                _start_image_add = ORIGIN (DDR)

.ivt            0x10000000      0x420
                0x10000400                . = (. + 0x400)
 *fill*         0x10000000      0x400 
 *(.ivt)
 .ivt           0x10000400       0x20 /home/leon/git/swp-report/iMX6_Platform_SDK/output/mx6sdl/stream/sabre_ai_rev_c/obj/apps/common/ivt.o
                0x10000400                input_ivt

.boot_data      0x10000420        0xc
                0x10000420                __start_boot_data = .
 *(.boot_data)
 .boot_data     0x10000420        0xc /home/leon/git/swp-report/iMX6_Platform_SDK/output/mx6sdl/stream/sabre_ai_rev_c/obj/apps/common/ivt.o
                0x10000420                bd

.dcd_hdr        0x10000430        0x4
                0x10000430                __start_dcd = .
 *(.dcd_hdr)
 .dcd_hdr       0x10000430        0x4 /home/leon/git/swp-report/iMX6_Platform_SDK/output/mx6sdl/lib/libboard_sabre_ai_rev_c.a(dcd.o)
                0x10000430                input_dcd_hdr

.dcd_wrt_cmd    0x10000434        0x4
 *(.dcd_wrt_cmd)
 .dcd_wrt_cmd   0x10000434        0x4 /home/leon/git/swp-report/iMX6_Platform_SDK/output/mx6sdl/lib/libboard_sabre_ai_rev_c.a(dcd.o)
                0x10000434                input_dcd_wrt_cmd

.dcd_data       0x10000438      0x298
 *(.dcd_data)
 .dcd_data      0x10000438      0x298 /home/leon/git/swp-report/iMX6_Platform_SDK/output/mx6sdl/lib/libboard_sabre_ai_rev_c.a(dcd.o)
                0x10000438                input_dcd

.text           0x100006d0    0x2ac1c
 CREATE_OBJECT_SYMBOLS
 *(.startup)
 .startup       0x100006d0      0x138 /home/leon/git/swp-report/iMX6_Platform_SDK/output/mx6sdl/lib/libsdk.a(startup.o)
                0x100006d0                _start
 *(.text .text.* .gnu.linkonce.t.*)
 .text          0x10000808      0x128 /home/leon/riotboard/arm-2012.09/bin/../lib/gcc/arm-none-eabi/4.7.2//crtbegin.o
 .text          0x10000930        0x0 /home/leon/riotboard/arm-2012.09/bin/../lib/gcc/arm-none-eabi/4.7.2//crti.o
 .text          0x10000930        0x0 /home/leon/riotboard/arm-2012.09/bin/../lib/gcc/arm-none-eabi/4.7.2//crtend.o
 .text          0x10000930        0x0 /home/leon/riotboard/arm-2012.09/bin/../lib/gcc/arm-none-eabi/4.7.2//crtn.o
 .text          0x10000930        0x0 /home/leon/git/swp-report/iMX6_Platform_SDK/output/mx6sdl/stream/sabre_ai_rev_c/obj/apps/common/ivt.o
 .text          0x10000930       0x78 /home/leon/git/swp-report/iMX6_Platform_SDK/output/mx6sdl/stream/sabre_ai_rev_c/obj/apps/common/platform_init.o
                0x10000930                platform_init
 .text          0x100009a8      0x11c /home/leon/git/swp-report/iMX6_Platform_SDK/output/mx6sdl/stream/sabre_ai_rev_c/obj/apps/common/print_version.o
                0x100009a8                print_version
 *fill*         0x10000ac4        0x4 
 .text          0x10000ac8       0xb0 /home/leon/git/swp-report/iMX6_Platform_SDK/output/mx6sdl/stream/sabre_ai_rev_c/obj/apps/stream/src/main.o
                0x10000ac8                mysecond
 .text.startup  0x10000b78       0x44 /home/leon/git/swp-report/iMX6_Platform_SDK/output/mx6sdl/stream/sabre_ai_rev_c/obj/apps/stream/src/main.o
                0x10000b78                main
 *fill*         0x10000bbc        0x4 
 .text          0x10000bc0      0x7c8 /home/leon/git/swp-report/iMX6_Platform_SDK/output/mx6sdl/stream/sabre_ai_rev_c/obj/apps/stream/src/stream.o
                0x10000bc0                checktick
                0x10000c6c                checkSTREAMresults
                0x10000e10                streammain
                0x10001250                tuned_STREAM_Copy
                0x10001290                tuned_STREAM_Scale
                0x100012d8                tuned_STREAM_Add
                0x1000132c                tuned_STREAM_Triad
 .text          0x10001388      0xc64 /home/leon/git/swp-report/iMX6_Platform_SDK/output/mx6sdl/lib/libsdk.a(ccm_pll.o)
                0x10001388                ccm_init
                0x100014ac                get_main_clock
                0x1000173c                get_peri_clock
                0x100018ec                ccm_ccgr_config
                0x10001954                clock_gating_config
                0x10001d8c                ccm_set_lpm_wakeup_source
                0x10001e80                ccm_enter_low_power
                0x10001ef0                ipu_hsp_clk_config
                0x10001f10                gpu_clock_config
 .text          0x10001fec      0x164 /home/leon/git/swp-report/iMX6_Platform_SDK/output/mx6sdl/lib/libsdk.a(cortexA9.o)
                0x10001fec                arm_set_interrupt_state
                0x10002010                cpu_get_current
                0x1000201c                enable_neon_fpu
                0x10002038                disable_strict_align_check
                0x1000204c                disable_L1_cache
                0x1000206c                get_arm_private_peripheral_base
                0x10002074                arm_unified_tlb_invalidate
                0x10002084                arm_unified_tlb_invalidate_is
                0x10002094                arm_branch_prediction_enable
                0x100020a4                arm_branch_prediction_disable
                0x100020b4                arm_branch_target_cache_invalidate
                0x100020c0                arm_branch_target_cache_invalidate_is
                0x100020cc                scu_enable
                0x100020e0                scu_join_smp
                0x100020f0                scu_leave_smp
                0x10002100                scu_get_cpus_in_smp
                0x10002114                scu_enable_maintenance_broadcast
                0x10002124                scu_disable_maintenance_broadcast
                0x10002134                scu_secure_invalidate
 .text          0x10002150      0x5e0 /home/leon/git/swp-report/iMX6_Platform_SDK/output/mx6sdl/lib/libsdk.a(gic.o)
                0x10002234                gic_enable
                0x10002294                gic_set_irq_security
                0x1000233c                gic_enable_irq
                0x100023b8                gic_set_irq_priority
                0x10002400                gic_set_cpu_target
                0x1000250c                gic_send_sgi
                0x10002560                gic_cpu_enable
                0x100025c0                gic_set_cpu_priority_mask
                0x100025f4                gic_read_irq_ack
                0x10002620                gic_write_end_of_irq
                0x10002650                gic_init
                0x100026f4                gic_init_cpu
 .text          0x10002730      0x460 /home/leon/git/swp-report/iMX6_Platform_SDK/output/mx6sdl/lib/libsdk.a(mmu.o)
                0x10002730                mmu_enable
                0x10002768                mmu_disable
                0x1000279c                mmu_init
                0x100028b8                mmu_map_l1_range
                0x10002ad0                mmu_virtual_to_physical
 .text          0x10002b90        0x0 /home/leon/git/swp-report/iMX6_Platform_SDK/output/mx6sdl/lib/libsdk.a(startup.o)
 .text          0x10002b90        0x4 /home/leon/git/swp-report/iMX6_Platform_SDK/output/mx6sdl/lib/libsdk.a(vectors.o)
                0x10002b90                exception_handler
 .text.vectors  0x10002b94       0x48 /home/leon/git/swp-report/iMX6_Platform_SDK/output/mx6sdl/lib/libsdk.a(vectors.o)
                0x10002b94                vectors
 .text          0x10002bdc        0x0 /home/leon/git/swp-report/iMX6_Platform_SDK/output/mx6sdl/lib/libsdk.a(sdk_version.o)
 .text          0x10002bdc      0x914 /home/leon/git/swp-report/iMX6_Platform_SDK/output/mx6sdl/lib/libsdk.a(system_util.o)
                0x10002bdc                _sys_exit
                0x10002bf8                mybkpt
                0x10002c00                is_input_char
                0x10002d80                read_input_string
                0x10003068                get_input_hex
                0x100032e8                read_int
                0x1000344c                jump_to_sdp
 .text          0x100034f0       0xe0 /home/leon/git/swp-report/iMX6_Platform_SDK/output/mx6sdl/lib/libsdk.a(text_color.o)
                0x100034f0                printf_color
                0x1000358c                get_color_supported
 .text          0x100035d0      0x7c4 /home/leon/git/swp-report/iMX6_Platform_SDK/output/mx6sdl/lib/libsdk.a(board_id.o)
                0x100035d0                chip_name
                0x100036e8                chip_revision
                0x100037c0                board_name
                0x100038c4                board_revision
                0x1000398c                board_description
                0x10003aac                get_board_id
                0x10003b88                show_board_id
 .text          0x10003d94      0x1cc /home/leon/git/swp-report/iMX6_Platform_SDK/output/mx6sdl/lib/libsdk.a(cpu_workpoint.o)
                0x10003d94                cpu_workpoint_set
 .text          0x10003f60     0x1bf0 /home/leon/git/swp-report/iMX6_Platform_SDK/output/mx6sdl/lib/libsdk.a(pmu_driver.o)
                0x100041cc                pmu_init
                0x10004368                pmu_get_property
                0x100043c8                pmu_set_property
                0x1000442c                pmu::Regulator::getProperty(_pmu_regulator_properties, void*)
                0x100046a8                pmu::Regulator::setProperty(_pmu_regulator_properties, void const*)
                0x10004820                pmu::Regulator::setVoltageRange(unsigned long, unsigned long, unsigned long)
                0x1000486c                pmu::AnalogRegulator::getProperty(_pmu_regulator_properties, void*)
                0x10004938                pmu::AnalogRegulator::setProperty(_pmu_regulator_properties, void const*)
                0x100049f8                pmu::AnalogRegulator::getOutputMillivolts() const
                0x10004a50                pmu::AnalogRegulator::setOutputMillivolts(unsigned long)
                0x10004b38                pmu::AnalogRegulator::getBrownoutMillivolts() const
                0x10004ba8                pmu::AnalogRegulator::setBrownoutMillivolts(unsigned long)
                0x10004c40                pmu::AnalogRegulator::isBrownoutDetectEnabled() const
                0x10004c84                pmu::AnalogRegulator::setBrownoutDetectIsEnabled(bool)
                0x10004cd0                pmu::AnalogRegulator::isEnabled() const
                0x10004d14                pmu::AnalogRegulator::setIsEnabled(bool)
                0x10004d60                pmu::DigitalRegulator::DigitalRegulator()
                0x10004d60                pmu::DigitalRegulator::DigitalRegulator()
                0x10004da0                pmu::DigitalRegulator::getProperty(_pmu_regulator_properties, void*)
                0x10004ea0                pmu::DigitalRegulator::setProperty(_pmu_regulator_properties, void const*)
                0x10004f68                pmu::DigitalRegulator::isBypassed() const
                0x10004fb4                pmu::DigitalRegulator::setIsBypassed(bool)
                0x10005068                pmu::DigitalRegulator::getOutputMillivolts() const
                0x10005104                pmu::DigitalRegulator::setOutputMillivolts(unsigned long)
                0x100051e8                pmu::DigitalRegulator::getBrownoutMillivolts() const
                0x1000525c                pmu::DigitalRegulator::setBrownoutMillivolts(unsigned long)
                0x100052f4                pmu::DigitalRegulator::isEnabled() const
                0x10005340                pmu::DigitalRegulator::setIsEnabled(bool)
                0x100053fc                pmu::LDO1p1Regulator::LDO1p1Regulator()
                0x100053fc                pmu::LDO1p1Regulator::LDO1p1Regulator()
                0x1000545c                pmu::LDO1p1Regulator::getProperty(_pmu_regulator_properties, void*)
                0x100054f4                pmu::LDO1p1Regulator::getOutputMillivolts() const
                0x10005550                pmu::LDO1p1Regulator::setOutputMillivolts(unsigned long)
                0x10005644                pmu::LDO2p5Regulator::LDO2p5Regulator()
                0x10005644                pmu::LDO2p5Regulator::LDO2p5Regulator()
                0x100056a4                pmu::LDO3p0Regulator::LDO3p0Regulator()
                0x100056a4                pmu::LDO3p0Regulator::LDO3p0Regulator()
                0x10005704                pmu::LDO3p0Regulator::getProperty(_pmu_regulator_properties, void*)
                0x10005770                pmu::LDO3p0Regulator::setProperty(_pmu_regulator_properties, void const*)
                0x100057e0                pmu::LDOARMRegulator::LDOARMRegulator()
                0x100057e0                pmu::LDOARMRegulator::LDOARMRegulator()
                0x10005838                pmu::LDOARMRegulator::setBrownoutDetectIsEnabled(bool)
                0x10005884                pmu::LDOARMRegulator::setRampRate(unsigned long)
                0x100058e4                pmu::LDOGraphicsRegulator::LDOGraphicsRegulator()
                0x100058e4                pmu::LDOGraphicsRegulator::LDOGraphicsRegulator()
                0x1000593c                pmu::LDOGraphicsRegulator::setBrownoutDetectIsEnabled(bool)
                0x10005988                pmu::LDOGraphicsRegulator::setRampRate(unsigned long)
                0x100059e8                pmu::LDOSoCRegulator::LDOSoCRegulator()
                0x100059e8                pmu::LDOSoCRegulator::LDOSoCRegulator()
                0x10005a40                pmu::LDOSoCRegulator::setBrownoutDetectIsEnabled(bool)
                0x10005a8c                pmu::LDOSoCRegulator::setRampRate(unsigned long)
 .text._ZnwjPv  0x10005b50       0x28 /home/leon/git/swp-report/iMX6_Platform_SDK/output/mx6sdl/lib/libsdk.a(pmu_driver.o)
                0x10005b50                operator new(unsigned int, void*)
 .text._ZN3pmu9RegulatorC2Ev
                0x10005b78       0x64 /home/leon/git/swp-report/iMX6_Platform_SDK/output/mx6sdl/lib/libsdk.a(pmu_driver.o)
                0x10005b78                pmu::Regulator::Regulator()
                0x10005b78                pmu::Regulator::Regulator()
 .text._ZN3pmu9Regulator18setBrownoutHandlerEPFv9_pmu_regsE
                0x10005bdc       0x2c /home/leon/git/swp-report/iMX6_Platform_SDK/output/mx6sdl/lib/libsdk.a(pmu_driver.o)
                0x10005bdc                pmu::Regulator::setBrownoutHandler(void (*)(_pmu_regs))
 .text._ZN3pmu9Regulator18getBrownoutHandlerEv
                0x10005c08       0x28 /home/leon/git/swp-report/iMX6_Platform_SDK/output/mx6sdl/lib/libsdk.a(pmu_driver.o)
                0x10005c08                pmu::Regulator::getBrownoutHandler()
 .text._ZN3pmu15AnalogRegulatorC2ERV15_hw_pmu_reg_1p1
                0x10005c30       0x50 /home/leon/git/swp-report/iMX6_Platform_SDK/output/mx6sdl/lib/libsdk.a(pmu_driver.o)
                0x10005c30                pmu::AnalogRegulator::AnalogRegulator(_hw_pmu_reg_1p1 volatile&)
                0x10005c30                pmu::AnalogRegulator::AnalogRegulator(_hw_pmu_reg_1p1 volatile&)
 .text._ZNK3pmu15LDO1p1Regulator12isInBrownoutEv
                0x10005c80       0x70 /home/leon/git/swp-report/iMX6_Platform_SDK/output/mx6sdl/lib/libsdk.a(pmu_driver.o)
                0x10005c80                pmu::LDO1p1Regulator::isInBrownout() const
 .text._ZNK3pmu15LDO1p1Regulator4isOKEv
                0x10005cf0       0x78 /home/leon/git/swp-report/iMX6_Platform_SDK/output/mx6sdl/lib/libsdk.a(pmu_driver.o)
                0x10005cf0                pmu::LDO1p1Regulator::isOK() const
 .text._ZNK3pmu15LDO2p5Regulator12isInBrownoutEv
                0x10005d68       0x70 /home/leon/git/swp-report/iMX6_Platform_SDK/output/mx6sdl/lib/libsdk.a(pmu_driver.o)
                0x10005d68                pmu::LDO2p5Regulator::isInBrownout() const
 .text._ZNK3pmu15LDO2p5Regulator4isOKEv
                0x10005dd8       0x78 /home/leon/git/swp-report/iMX6_Platform_SDK/output/mx6sdl/lib/libsdk.a(pmu_driver.o)
                0x10005dd8                pmu::LDO2p5Regulator::isOK() const
 .text._ZNK3pmu15LDO3p0Regulator12isInBrownoutEv
                0x10005e50       0x70 /home/leon/git/swp-report/iMX6_Platform_SDK/output/mx6sdl/lib/libsdk.a(pmu_driver.o)
                0x10005e50                pmu::LDO3p0Regulator::isInBrownout() const
 .text._ZNK3pmu15LDO3p0Regulator4isOKEv
                0x10005ec0       0x78 /home/leon/git/swp-report/iMX6_Platform_SDK/output/mx6sdl/lib/libsdk.a(pmu_driver.o)
                0x10005ec0                pmu::LDO3p0Regulator::isOK() const
 .text._ZNK3pmu15LDOARMRegulator23isBrownoutDetectEnabledEv
                0x10005f38       0x44 /home/leon/git/swp-report/iMX6_Platform_SDK/output/mx6sdl/lib/libsdk.a(pmu_driver.o)
                0x10005f38                pmu::LDOARMRegulator::isBrownoutDetectEnabled() const
 .text._ZNK3pmu15LDOARMRegulator12isInBrownoutEv
                0x10005f7c       0x6c /home/leon/git/swp-report/iMX6_Platform_SDK/output/mx6sdl/lib/libsdk.a(pmu_driver.o)
                0x10005f7c                pmu::LDOARMRegulator::isInBrownout() const
 .text._ZNK3pmu15LDOARMRegulator4isOKEv
                0x10005fe8       0x24 /home/leon/git/swp-report/iMX6_Platform_SDK/output/mx6sdl/lib/libsdk.a(pmu_driver.o)
                0x10005fe8                pmu::LDOARMRegulator::isOK() const
 .text._ZNK3pmu15LDOARMRegulator11getRampRateEv
                0x1000600c       0x34 /home/leon/git/swp-report/iMX6_Platform_SDK/output/mx6sdl/lib/libsdk.a(pmu_driver.o)
                0x1000600c                pmu::LDOARMRegulator::getRampRate() const
 .text._ZNK3pmu15LDOARMRegulator10getTriggerEv
                0x10006040       0x34 /home/leon/git/swp-report/iMX6_Platform_SDK/output/mx6sdl/lib/libsdk.a(pmu_driver.o)
                0x10006040                pmu::LDOARMRegulator::getTrigger() const
 .text._ZN3pmu15LDOARMRegulator10setTriggerEm
                0x10006074       0x44 /home/leon/git/swp-report/iMX6_Platform_SDK/output/mx6sdl/lib/libsdk.a(pmu_driver.o)
                0x10006074                pmu::LDOARMRegulator::setTrigger(unsigned long)
 .text._ZNK3pmu15LDOARMRegulator11getBrownoutEv
                0x100060b8       0x34 /home/leon/git/swp-report/iMX6_Platform_SDK/output/mx6sdl/lib/libsdk.a(pmu_driver.o)
                0x100060b8                pmu::LDOARMRegulator::getBrownout() const
 .text._ZN3pmu15LDOARMRegulator11setBrownoutEm
                0x100060ec       0x44 /home/leon/git/swp-report/iMX6_Platform_SDK/output/mx6sdl/lib/libsdk.a(pmu_driver.o)
                0x100060ec                pmu::LDOARMRegulator::setBrownout(unsigned long)
 .text._ZNK3pmu20LDOGraphicsRegulator23isBrownoutDetectEnabledEv
                0x10006130       0x44 /home/leon/git/swp-report/iMX6_Platform_SDK/output/mx6sdl/lib/libsdk.a(pmu_driver.o)
                0x10006130                pmu::LDOGraphicsRegulator::isBrownoutDetectEnabled() const
 .text._ZNK3pmu20LDOGraphicsRegulator12isInBrownoutEv
                0x10006174       0x6c /home/leon/git/swp-report/iMX6_Platform_SDK/output/mx6sdl/lib/libsdk.a(pmu_driver.o)
                0x10006174                pmu::LDOGraphicsRegulator::isInBrownout() const
 .text._ZNK3pmu20LDOGraphicsRegulator4isOKEv
                0x100061e0       0x24 /home/leon/git/swp-report/iMX6_Platform_SDK/output/mx6sdl/lib/libsdk.a(pmu_driver.o)
                0x100061e0                pmu::LDOGraphicsRegulator::isOK() const
 .text._ZNK3pmu20LDOGraphicsRegulator11getRampRateEv
                0x10006204       0x34 /home/leon/git/swp-report/iMX6_Platform_SDK/output/mx6sdl/lib/libsdk.a(pmu_driver.o)
                0x10006204                pmu::LDOGraphicsRegulator::getRampRate() const
 .text._ZNK3pmu20LDOGraphicsRegulator10getTriggerEv
                0x10006238       0x34 /home/leon/git/swp-report/iMX6_Platform_SDK/output/mx6sdl/lib/libsdk.a(pmu_driver.o)
                0x10006238                pmu::LDOGraphicsRegulator::getTrigger() const
 .text._ZN3pmu20LDOGraphicsRegulator10setTriggerEm
                0x1000626c       0x44 /home/leon/git/swp-report/iMX6_Platform_SDK/output/mx6sdl/lib/libsdk.a(pmu_driver.o)
                0x1000626c                pmu::LDOGraphicsRegulator::setTrigger(unsigned long)
 .text._ZNK3pmu20LDOGraphicsRegulator11getBrownoutEv
                0x100062b0       0x34 /home/leon/git/swp-report/iMX6_Platform_SDK/output/mx6sdl/lib/libsdk.a(pmu_driver.o)
                0x100062b0                pmu::LDOGraphicsRegulator::getBrownout() const
 .text._ZN3pmu20LDOGraphicsRegulator11setBrownoutEm
                0x100062e4       0x44 /home/leon/git/swp-report/iMX6_Platform_SDK/output/mx6sdl/lib/libsdk.a(pmu_driver.o)
                0x100062e4                pmu::LDOGraphicsRegulator::setBrownout(unsigned long)
 .text._ZNK3pmu15LDOSoCRegulator23isBrownoutDetectEnabledEv
                0x10006328       0x44 /home/leon/git/swp-report/iMX6_Platform_SDK/output/mx6sdl/lib/libsdk.a(pmu_driver.o)
                0x10006328                pmu::LDOSoCRegulator::isBrownoutDetectEnabled() const
 .text._ZNK3pmu15LDOSoCRegulator12isInBrownoutEv
                0x1000636c       0x6c /home/leon/git/swp-report/iMX6_Platform_SDK/output/mx6sdl/lib/libsdk.a(pmu_driver.o)
                0x1000636c                pmu::LDOSoCRegulator::isInBrownout() const
 .text._ZNK3pmu15LDOSoCRegulator4isOKEv
                0x100063d8       0x74 /home/leon/git/swp-report/iMX6_Platform_SDK/output/mx6sdl/lib/libsdk.a(pmu_driver.o)
                0x100063d8                pmu::LDOSoCRegulator::isOK() const
 .text._ZNK3pmu15LDOSoCRegulator11getRampRateEv
                0x1000644c       0x34 /home/leon/git/swp-report/iMX6_Platform_SDK/output/mx6sdl/lib/libsdk.a(pmu_driver.o)
                0x1000644c                pmu::LDOSoCRegulator::getRampRate() const
 .text._ZNK3pmu15LDOSoCRegulator10getTriggerEv
                0x10006480       0x34 /home/leon/git/swp-report/iMX6_Platform_SDK/output/mx6sdl/lib/libsdk.a(pmu_driver.o)
                0x10006480                pmu::LDOSoCRegulator::getTrigger() const
 .text._ZN3pmu15LDOSoCRegulator10setTriggerEm
                0x100064b4       0x44 /home/leon/git/swp-report/iMX6_Platform_SDK/output/mx6sdl/lib/libsdk.a(pmu_driver.o)
                0x100064b4                pmu::LDOSoCRegulator::setTrigger(unsigned long)
 .text._ZNK3pmu15LDOSoCRegulator11getBrownoutEv
                0x100064f8       0x34 /home/leon/git/swp-report/iMX6_Platform_SDK/output/mx6sdl/lib/libsdk.a(pmu_driver.o)
                0x100064f8                pmu::LDOSoCRegulator::getBrownout() const
 .text._ZN3pmu15LDOSoCRegulator11setBrownoutEm
                0x1000652c       0x44 /home/leon/git/swp-report/iMX6_Platform_SDK/output/mx6sdl/lib/libsdk.a(pmu_driver.o)
                0x1000652c                pmu::LDOSoCRegulator::setBrownout(unsigned long)
 .text._ZN3pmu9_pmu_infoC2Ev
                0x10006570       0x84 /home/leon/git/swp-report/iMX6_Platform_SDK/output/mx6sdl/lib/libsdk.a(pmu_driver.o)
                0x10006570                pmu::_pmu_info::_pmu_info()
                0x10006570                pmu::_pmu_info::_pmu_info()
 .text._ZN3pmu15AnalogRegulatorC2I15_hw_pmu_reg_2p5EERVT_
                0x100065f4       0x50 /home/leon/git/swp-report/iMX6_Platform_SDK/output/mx6sdl/lib/libsdk.a(pmu_driver.o)
                0x100065f4                pmu::AnalogRegulator::AnalogRegulator<_hw_pmu_reg_2p5>(_hw_pmu_reg_2p5 volatile&)
                0x100065f4                pmu::AnalogRegulator::AnalogRegulator<_hw_pmu_reg_2p5>(_hw_pmu_reg_2p5 volatile&)
 .text._ZN3pmu15AnalogRegulatorC2I15_hw_pmu_reg_3p0EERVT_
                0x10006644       0x50 /home/leon/git/swp-report/iMX6_Platform_SDK/output/mx6sdl/lib/libsdk.a(pmu_driver.o)
                0x10006644                pmu::AnalogRegulator::AnalogRegulator<_hw_pmu_reg_3p0>(_hw_pmu_reg_3p0 volatile&)
                0x10006644                pmu::AnalogRegulator::AnalogRegulator<_hw_pmu_reg_3p0>(_hw_pmu_reg_3p0 volatile&)
 .text          0x10006694      0x8e0 /home/leon/git/swp-report/iMX6_Platform_SDK/output/mx6sdl/lib/libsdk.a(epit.o)
                0x10006694                epit_reload_counter
                0x100066f4                epit_get_counter_value
                0x10006750                epit_set_compare_event
                0x100067b0                epit_get_compare_event
                0x100068a8                epit_counter_disable
                0x10006a6c                epit_counter_enable
                0x10006cc8                epit_setup_interrupt
                0x10006d58                epit_init
 .text          0x10006f74      0x290 /home/leon/git/swp-report/iMX6_Platform_SDK/output/mx6sdl/lib/libsdk.a(timer.o)
                0x10006f74                hal_delay_us
                0x10006fe4                system_time_init
                0x10007144                time_get_microseconds
 .text          0x10007204     0x2820 /home/leon/git/swp-report/iMX6_Platform_SDK/output/mx6sdl/lib/libsdk.a(imx_uart.o)
                0x10007204                uart_get_reffreq
                0x10007300                uart_putchar
                0x10007450                uart_getchar
                0x100075b0                uart_set_FIFO_mode
                0x100080dc                uart_set_loopback_mode
                0x10008330                uart_setup_interrupt
                0x100083fc                uart_init
 .text          0x10009a24       0x98 /home/leon/git/swp-report/iMX6_Platform_SDK/output/mx6sdl/lib/libsdk.a(arm_abort.o)
                0x10009a24                common_abort_handler
                0x10009a84                data_abort_handler
                0x10009a9c                prefetch_abort_handler
 .text          0x10009abc      0x1bc /home/leon/git/swp-report/iMX6_Platform_SDK/output/mx6sdl/lib/libsdk.a(interrupt.o)
                0x10009abc                IRQ_HDLR
                0x10009b84                disable_interrupt
                0x10009bc0                enable_interrupt
                0x10009c18                register_interrupt_routine
                0x10009c4c                default_interrupt_routine
 .text          0x10009c78      0x4bc /home/leon/git/swp-report/iMX6_Platform_SDK/output/mx6sdl/lib/libsdk.a(abort_handler.o)
                0x10009c78                dump_regs
 .text          0x1000a134      0x12c /home/leon/git/swp-report/iMX6_Platform_SDK/output/mx6sdl/lib/libboard_sabre_ai_rev_c.a(board_io_expanders.o)
                0x1000a134                board_ioexpander_init
                0x1000a22c                board_ioexpander_iomux_config
 .text          0x1000a260        0x0 /home/leon/git/swp-report/iMX6_Platform_SDK/output/mx6sdl/lib/libboard_sabre_ai_rev_c.a(hardware_modules.o)
 .text          0x1000a260        0x0 /home/leon/git/swp-report/iMX6_Platform_SDK/output/mx6sdl/lib/libboard_sabre_ai_rev_c.a(dcd.o)
 .text          0x1000a260       0x78 /home/leon/git/swp-report/iMX6_Platform_SDK/output/mx6sdl/lib/libboard_sabre_ai_rev_c.a(i2c3_iomux_config.o)
                0x1000a260                i2c3_iomux_config
 .text          0x1000a2d8       0x90 /home/leon/git/swp-report/iMX6_Platform_SDK/output/mx6sdl/lib/libboard_sabre_ai_rev_c.a(uart_iomux_config.o)
                0x1000a2d8                uart_iomux_config
 .text          0x1000a368      0x2c4 /home/leon/git/swp-report/iMX6_Platform_SDK/output/mx6sdl/lib/libboard_sabre_ai_rev_c.a(iomux_config.o)
                0x1000a368                iomux_config
                0x1000a3ec                arm_iomux_config
                0x1000a3fc                asrc_iomux_config
                0x1000a40c                dcic1_iomux_config
                0x1000a41c                dcic2_iomux_config
                0x1000a42c                ecspi2_iomux_config
                0x1000a43c                ecspi3_iomux_config
                0x1000a44c                ecspi4_iomux_config
                0x1000a45c                epdc_iomux_config
                0x1000a46c                epit1_iomux_config
                0x1000a47c                epit2_iomux_config
                0x1000a48c                gpio3_iomux_config
                0x1000a49c                gpio7_iomux_config
                0x1000a4ac                gpt_iomux_config
                0x1000a4bc                hdmi_iomux_config
                0x1000a4cc                i2c1_iomux_config
                0x1000a4dc                i2c4_iomux_config
                0x1000a4ec                kpp_iomux_config
                0x1000a4fc                lcd_iomux_config
                0x1000a50c                ldb_iomux_config
                0x1000a51c                mipi_csi_iomux_config
                0x1000a52c                mipi_dsi_iomux_config
                0x1000a53c                mipi_hsi_iomux_config
                0x1000a54c                pcie_iomux_config
                0x1000a55c                pmu_iomux_config
                0x1000a56c                pwm1_iomux_config
                0x1000a57c                pwm2_iomux_config
                0x1000a58c                sdma_iomux_config
                0x1000a59c                snvs_iomux_config
                0x1000a5ac                src_iomux_config
                0x1000a5bc                uart1_iomux_config
                0x1000a5cc                uart5_iomux_config
                0x1000a5dc                usb_iomux_config
                0x1000a5ec                usdhc2_iomux_config
                0x1000a5fc                usdhc4_iomux_config
                0x1000a60c                wdog2_iomux_config
                0x1000a61c                xtalosc_iomux_config
 .text          0x1000a62c      0x5f8 /home/leon/git/swp-report/iMX6_Platform_SDK/output/mx6sdl/lib/libboard_sabre_ai_rev_c.a(ipu1_iomux_config.o)
                0x1000a62c                ipu1_iomux_config
 .text          0x1000ac24       0xac /home/leon/git/swp-report/iMX6_Platform_SDK/output/mx6sdl/lib/libboard_sabre_ai_rev_c.a(mlb_iomux_config.o)
                0x1000ac24                mlb_iomux_config
 .text          0x1000acd0     0x2484 /home/leon/git/swp-report/iMX6_Platform_SDK/output/mx6sdl/lib/libboard_sabre_ai_rev_c.a(mmdc_iomux_config.o)
                0x1000acd0                mmdc_iomux_config
 .text          0x1000d154       0x34 /home/leon/git/swp-report/iMX6_Platform_SDK/output/mx6sdl/lib/libboard_sabre_ai_rev_c.a(pwm3_iomux_config.o)
                0x1000d154                pwm3_iomux_config
 .text          0x1000d188       0x34 /home/leon/git/swp-report/iMX6_Platform_SDK/output/mx6sdl/lib/libboard_sabre_ai_rev_c.a(pwm4_iomux_config.o)
                0x1000d188                pwm4_iomux_config
 .text          0x1000d1bc       0x70 /home/leon/git/swp-report/iMX6_Platform_SDK/output/mx6sdl/lib/libboard_sabre_ai_rev_c.a(sjc_iomux_config.o)
                0x1000d1bc                sjc_iomux_config
 .text          0x1000d22c       0x40 /home/leon/git/swp-report/iMX6_Platform_SDK/output/mx6sdl/lib/libboard_sabre_ai_rev_c.a(spdif_iomux_config.o)
                0x1000d22c                spdif_iomux_config
 .text          0x1000d26c       0xe0 /home/leon/git/swp-report/iMX6_Platform_SDK/output/mx6sdl/lib/libboard_sabre_ai_rev_c.a(uart2_iomux_config.o)
                0x1000d26c                uart2_iomux_config
 .text          0x1000d34c       0xe0 /home/leon/git/swp-report/iMX6_Platform_SDK/output/mx6sdl/lib/libboard_sabre_ai_rev_c.a(uart3_iomux_config.o)
                0x1000d34c                uart3_iomux_config
 .text          0x1000d42c       0x78 /home/leon/git/swp-report/iMX6_Platform_SDK/output/mx6sdl/lib/libboard_sabre_ai_rev_c.a(uart4_iomux_config.o)
                0x1000d42c                uart4_iomux_config
 .text          0x1000d4a4      0x1ac /home/leon/git/swp-report/iMX6_Platform_SDK/output/mx6sdl/lib/libboard_sabre_ai_rev_c.a(usdhc1_iomux_config.o)
                0x1000d4a4                usdhc1_iomux_config
 .text          0x1000d650      0x1d0 /home/leon/git/swp-report/iMX6_Platform_SDK/output/mx6sdl/lib/libboard_sabre_ai_rev_c.a(usdhc3_iomux_config.o)
                0x1000d650                usdhc3_iomux_config
 .text          0x1000d820       0x34 /home/leon/git/swp-report/iMX6_Platform_SDK/output/mx6sdl/lib/libboard_sabre_ai_rev_c.a(wdog1_iomux_config.o)
                0x1000d820                wdog1_iomux_config
 .text          0x1000d854      0x13c /home/leon/git/swp-report/iMX6_Platform_SDK/output/mx6sdl/lib/libboard_sabre_ai_rev_c.a(audmux_iomux_config.o)
                0x1000d854                audmux_iomux_config
 .text          0x1000d990       0x34 /home/leon/git/swp-report/iMX6_Platform_SDK/output/mx6sdl/lib/libboard_sabre_ai_rev_c.a(ccm_iomux_config.o)
                0x1000d990                ccm_iomux_config
 .text          0x1000d9c4      0x104 /home/leon/git/swp-report/iMX6_Platform_SDK/output/mx6sdl/lib/libboard_sabre_ai_rev_c.a(ecspi1_iomux_config.o)
                0x1000d9c4                ecspi1_iomux_config
 .text          0x1000dac8      0x5d0 /home/leon/git/swp-report/iMX6_Platform_SDK/output/mx6sdl/lib/libboard_sabre_ai_rev_c.a(eim_iomux_config.o)
                0x1000dac8                eim_iomux_config
 .text          0x1000e098      0x3bc /home/leon/git/swp-report/iMX6_Platform_SDK/output/mx6sdl/lib/libboard_sabre_ai_rev_c.a(enet_iomux_config.o)
                0x1000e098                enet_iomux_config
 .text          0x1000e454      0x218 /home/leon/git/swp-report/iMX6_Platform_SDK/output/mx6sdl/lib/libboard_sabre_ai_rev_c.a(esai_iomux_config.o)
                0x1000e454                esai_iomux_config
 .text          0x1000e66c       0x68 /home/leon/git/swp-report/iMX6_Platform_SDK/output/mx6sdl/lib/libboard_sabre_ai_rev_c.a(flexcan1_iomux_config.o)
                0x1000e66c                flexcan1_iomux_config
 .text          0x1000e6d4       0x68 /home/leon/git/swp-report/iMX6_Platform_SDK/output/mx6sdl/lib/libboard_sabre_ai_rev_c.a(flexcan2_iomux_config.o)
                0x1000e6d4                flexcan2_iomux_config
 .text          0x1000e73c      0x130 /home/leon/git/swp-report/iMX6_Platform_SDK/output/mx6sdl/lib/libboard_sabre_ai_rev_c.a(gpio1_iomux_config.o)
                0x1000e73c                gpio1_iomux_config
 .text          0x1000e86c       0xfc /home/leon/git/swp-report/iMX6_Platform_SDK/output/mx6sdl/lib/libboard_sabre_ai_rev_c.a(gpio2_iomux_config.o)
                0x1000e86c                gpio2_iomux_config
 .text          0x1000e968       0x58 /home/leon/git/swp-report/iMX6_Platform_SDK/output/mx6sdl/lib/libboard_sabre_ai_rev_c.a(gpio4_iomux_config.o)
                0x1000e968                gpio4_iomux_config
 .text          0x1000e9c0       0xe4 /home/leon/git/swp-report/iMX6_Platform_SDK/output/mx6sdl/lib/libboard_sabre_ai_rev_c.a(gpio5_iomux_config.o)
                0x1000e9c0                gpio5_iomux_config
 .text          0x1000eaa4       0x54 /home/leon/git/swp-report/iMX6_Platform_SDK/output/mx6sdl/lib/libboard_sabre_ai_rev_c.a(gpio6_iomux_config.o)
                0x1000eaa4                gpio6_iomux_config
 .text          0x1000eaf8      0x274 /home/leon/git/swp-report/iMX6_Platform_SDK/output/mx6sdl/lib/libboard_sabre_ai_rev_c.a(gpmi_iomux_config.o)
                0x1000eaf8                gpmi_iomux_config
 .text          0x1000ed6c       0x78 /home/leon/git/swp-report/iMX6_Platform_SDK/output/mx6sdl/lib/libboard_sabre_ai_rev_c.a(i2c2_iomux_config.o)
                0x1000ed6c                i2c2_iomux_config
 .text          0x1000ede4        0x0 /home/leon/riotboard/arm-2012.09/bin/../arm-none-eabi/lib//libstdc++.a(pure.o)
 .text.__cxa_pure_virtual
                0x1000ede4       0x1c /home/leon/riotboard/arm-2012.09/bin/../arm-none-eabi/lib//libstdc++.a(pure.o)
                0x1000ede4                __cxa_pure_virtual
 .text.__cxa_deleted_virtual
                0x1000ee00       0x1c /home/leon/riotboard/arm-2012.09/bin/../arm-none-eabi/lib//libstdc++.a(pure.o)
                0x1000ee00                __cxa_deleted_virtual
 .text          0x1000ee1c        0x0 /home/leon/riotboard/arm-2012.09/bin/../arm-none-eabi/lib//libstdc++.a(eh_terminate.o)
 .text._ZN10__cxxabiv111__terminateEPFvvE
                0x1000ee1c       0x34 /home/leon/riotboard/arm-2012.09/bin/../arm-none-eabi/lib//libstdc++.a(eh_terminate.o)
                0x1000ee1c                __cxxabiv1::__terminate(void (*)())
 .text._ZSt9terminatev
                0x1000ee50       0x14 /home/leon/riotboard/arm-2012.09/bin/../arm-none-eabi/lib//libstdc++.a(eh_terminate.o)
                0x1000ee50                std::terminate()
 .text._ZN10__cxxabiv112__unexpectedEPFvvE
                0x1000ee64       0x10 /home/leon/riotboard/arm-2012.09/bin/../arm-none-eabi/lib//libstdc++.a(eh_terminate.o)
                0x1000ee64                __cxxabiv1::__unexpected(void (*)())
 .text._ZSt10unexpectedv
                0x1000ee74       0x14 /home/leon/riotboard/arm-2012.09/bin/../arm-none-eabi/lib//libstdc++.a(eh_terminate.o)
                0x1000ee74                std::unexpected()
 .text._ZSt13set_terminatePFvvE
                0x1000ee88       0x18 /home/leon/riotboard/arm-2012.09/bin/../arm-none-eabi/lib//libstdc++.a(eh_terminate.o)
                0x1000ee88                std::set_terminate(void (*)())
 .text._ZSt14set_unexpectedPFvvE
                0x1000eea0       0x18 /home/leon/riotboard/arm-2012.09/bin/../arm-none-eabi/lib//libstdc++.a(eh_terminate.o)
                0x1000eea0                std::set_unexpected(void (*)())
 .text          0x1000eeb8        0x0 /home/leon/riotboard/arm-2012.09/bin/../arm-none-eabi/lib//libstdc++.a(eh_unex_handler.o)
 .text          0x1000eeb8        0x0 /home/leon/riotboard/arm-2012.09/bin/../arm-none-eabi/lib//libstdc++.a(eh_call.o)
 .text._ZN10__cxxabiv1L24__is_gxx_exception_classEPc
                0x1000eeb8       0x70 /home/leon/riotboard/arm-2012.09/bin/../arm-none-eabi/lib//libstdc++.a(eh_call.o)
 .text.__cxa_call_terminate
                0x1000ef28       0x2c /home/leon/riotboard/arm-2012.09/bin/../arm-none-eabi/lib//libstdc++.a(eh_call.o)
                0x1000ef28                __cxa_call_terminate
 .text.__cxa_call_unexpected
                0x1000ef54      0x134 /home/leon/riotboard/arm-2012.09/bin/../arm-none-eabi/lib//libstdc++.a(eh_call.o)
                0x1000ef54                __cxa_call_unexpected
 .text          0x1000f088        0x0 /home/leon/riotboard/arm-2012.09/bin/../arm-none-eabi/lib//libstdc++.a(eh_throw.o)
 .text._ZL23__gxx_exception_cleanup19_Unwind_Reason_CodeP21_Unwind_Control_Block
                0x1000f088       0x3c /home/leon/riotboard/arm-2012.09/bin/../arm-none-eabi/lib//libstdc++.a(eh_throw.o)
 .text.__cxa_throw
                0x1000f0c4       0x94 /home/leon/riotboard/arm-2012.09/bin/../arm-none-eabi/lib//libstdc++.a(eh_throw.o)
                0x1000f0c4                __cxa_throw
 .text.__cxa_rethrow
                0x1000f158       0xb0 /home/leon/riotboard/arm-2012.09/bin/../arm-none-eabi/lib//libstdc++.a(eh_throw.o)
                0x1000f158                __cxa_rethrow
 .text          0x1000f208        0x0 /home/leon/riotboard/arm-2012.09/bin/../arm-none-eabi/lib//libstdc++.a(eh_arm.o)
 .text.__cxa_end_cleanup
                0x1000f208       0x10 /home/leon/riotboard/arm-2012.09/bin/../arm-none-eabi/lib//libstdc++.a(eh_arm.o)
                0x1000f208                __cxa_end_cleanup
 .text.__cxa_type_match
                0x1000f218      0x14c /home/leon/riotboard/arm-2012.09/bin/../arm-none-eabi/lib//libstdc++.a(eh_arm.o)
                0x1000f218                __cxa_type_match
 .text.__cxa_begin_cleanup
                0x1000f364       0xb0 /home/leon/riotboard/arm-2012.09/bin/../arm-none-eabi/lib//libstdc++.a(eh_arm.o)
                0x1000f364                __cxa_begin_cleanup
 .text.__gnu_end_cleanup
                0x1000f414       0xb0 /home/leon/riotboard/arm-2012.09/bin/../arm-none-eabi/lib//libstdc++.a(eh_arm.o)
                0x1000f414                __gnu_end_cleanup
 .text          0x1000f4c4        0x0 /home/leon/riotboard/arm-2012.09/bin/../arm-none-eabi/lib//libstdc++.a(eh_exception.o)
 .text._ZNSt9exceptionD2Ev
                0x1000f4c4       0x10 /home/leon/riotboard/arm-2012.09/bin/../arm-none-eabi/lib//libstdc++.a(eh_exception.o)
                0x1000f4c4                std::exception::~exception()
                0x1000f4c4                std::exception::~exception()
 .text._ZNSt13bad_exceptionD2Ev
                0x1000f4d4       0x10 /home/leon/riotboard/arm-2012.09/bin/../arm-none-eabi/lib//libstdc++.a(eh_exception.o)
                0x1000f4d4                std::bad_exception::~bad_exception()
                0x1000f4d4                std::bad_exception::~bad_exception()
 .text._ZN10__cxxabiv115__forced_unwindD2Ev
                0x1000f4e4       0x10 /home/leon/riotboard/arm-2012.09/bin/../arm-none-eabi/lib//libstdc++.a(eh_exception.o)
                0x1000f4e4                __cxxabiv1::__forced_unwind::~__forced_unwind()
                0x1000f4e4                __cxxabiv1::__forced_unwind::~__forced_unwind()
 .text._ZN10__cxxabiv119__foreign_exceptionD2Ev
                0x1000f4f4       0x10 /home/leon/riotboard/arm-2012.09/bin/../arm-none-eabi/lib//libstdc++.a(eh_exception.o)
                0x1000f4f4                __cxxabiv1::__foreign_exception::~__foreign_exception()
                0x1000f4f4                __cxxabiv1::__foreign_exception::~__foreign_exception()
 .text._ZNKSt9exception4whatEv
                0x1000f504        0xc /home/leon/riotboard/arm-2012.09/bin/../arm-none-eabi/lib//libstdc++.a(eh_exception.o)
                0x1000f504                std::exception::what() const
 .text._ZNKSt13bad_exception4whatEv
                0x1000f510        0xc /home/leon/riotboard/arm-2012.09/bin/../arm-none-eabi/lib//libstdc++.a(eh_exception.o)
                0x1000f510                std::bad_exception::what() const
 .text._ZN10__cxxabiv119__foreign_exceptionD0Ev
                0x1000f51c       0x24 /home/leon/riotboard/arm-2012.09/bin/../arm-none-eabi/lib//libstdc++.a(eh_exception.o)
                0x1000f51c                __cxxabiv1::__foreign_exception::~__foreign_exception()
 .text._ZN10__cxxabiv115__forced_unwindD0Ev
                0x1000f540       0x24 /home/leon/riotboard/arm-2012.09/bin/../arm-none-eabi/lib//libstdc++.a(eh_exception.o)
                0x1000f540                __cxxabiv1::__forced_unwind::~__forced_unwind()
 .text._ZNSt9exceptionD0Ev
                0x1000f564       0x24 /home/leon/riotboard/arm-2012.09/bin/../arm-none-eabi/lib//libstdc++.a(eh_exception.o)
                0x1000f564                std::exception::~exception()
 .text._ZNSt13bad_exceptionD0Ev
                0x1000f588       0x24 /home/leon/riotboard/arm-2012.09/bin/../arm-none-eabi/lib//libstdc++.a(eh_exception.o)
                0x1000f588                std::bad_exception::~bad_exception()
 .text          0x1000f5ac        0x0 /home/leon/riotboard/arm-2012.09/bin/../arm-none-eabi/lib//libstdc++.a(eh_alloc.o)
 .text.__cxa_allocate_exception
                0x1000f5ac       0x98 /home/leon/riotboard/arm-2012.09/bin/../arm-none-eabi/lib//libstdc++.a(eh_alloc.o)
                0x1000f5ac                __cxa_allocate_exception
 .text.__cxa_free_exception
                0x1000f644       0x54 /home/leon/riotboard/arm-2012.09/bin/../arm-none-eabi/lib//libstdc++.a(eh_alloc.o)
                0x1000f644                __cxa_free_exception
 .text.__cxa_allocate_dependent_exception
                0x1000f698       0x90 /home/leon/riotboard/arm-2012.09/bin/../arm-none-eabi/lib//libstdc++.a(eh_alloc.o)
                0x1000f698                __cxa_allocate_dependent_exception
 .text.__cxa_free_dependent_exception
                0x1000f728       0x5c /home/leon/riotboard/arm-2012.09/bin/../arm-none-eabi/lib//libstdc++.a(eh_alloc.o)
                0x1000f728                __cxa_free_dependent_exception
 .text          0x1000f784        0x0 /home/leon/riotboard/arm-2012.09/bin/../arm-none-eabi/lib//libstdc++.a(eh_globals.o)
 .text.__cxa_get_globals_fast
                0x1000f784        0xc /home/leon/riotboard/arm-2012.09/bin/../arm-none-eabi/lib//libstdc++.a(eh_globals.o)
                0x1000f784                __cxa_get_globals_fast
 .text.__cxa_get_globals
                0x1000f790        0xc /home/leon/riotboard/arm-2012.09/bin/../arm-none-eabi/lib//libstdc++.a(eh_globals.o)
                0x1000f790                __cxa_get_globals
 .text          0x1000f79c        0x0 /home/leon/riotboard/arm-2012.09/bin/../arm-none-eabi/lib//libstdc++.a(si_class_type_info.o)
 .text._ZNK10__cxxabiv120__si_class_type_info12__do_dyncastEiNS_17__class_type_info10__sub_kindEPKS1_PKvS4_S6_RNS1_16__dyncast_resultE
                0x1000f79c       0xdc /home/leon/riotboard/arm-2012.09/bin/../arm-none-eabi/lib//libstdc++.a(si_class_type_info.o)
                0x1000f79c                __cxxabiv1::__si_class_type_info::__do_dyncast(int, __cxxabiv1::__class_type_info::__sub_kind, __cxxabiv1::__class_type_info const*, void const*, __cxxabiv1::__class_type_info const*, void const*, __cxxabiv1::__class_type_info::__dyncast_result&) const
 .text._ZN10__cxxabiv120__si_class_type_infoD2Ev
                0x1000f878       0x24 /home/leon/riotboard/arm-2012.09/bin/../arm-none-eabi/lib//libstdc++.a(si_class_type_info.o)
                0x1000f878                __cxxabiv1::__si_class_type_info::~__si_class_type_info()
                0x1000f878                __cxxabiv1::__si_class_type_info::~__si_class_type_info()
 .text._ZN10__cxxabiv120__si_class_type_infoD0Ev
                0x1000f89c       0x20 /home/leon/riotboard/arm-2012.09/bin/../arm-none-eabi/lib//libstdc++.a(si_class_type_info.o)
                0x1000f89c                __cxxabiv1::__si_class_type_info::~__si_class_type_info()
 .text._ZNK10__cxxabiv120__si_class_type_info11__do_upcastEPKNS_17__class_type_infoEPKvRNS1_15__upcast_resultE
                0x1000f8bc       0x4c /home/leon/riotboard/arm-2012.09/bin/../arm-none-eabi/lib//libstdc++.a(si_class_type_info.o)
                0x1000f8bc                __cxxabiv1::__si_class_type_info::__do_upcast(__cxxabiv1::__class_type_info const*, void const*, __cxxabiv1::__class_type_info::__upcast_result&) const
 .text._ZNK10__cxxabiv120__si_class_type_info20__do_find_public_srcEiPKvPKNS_17__class_type_infoES2_
                0x1000f908       0x6c /home/leon/riotboard/arm-2012.09/bin/../arm-none-eabi/lib//libstdc++.a(si_class_type_info.o)
                0x1000f908                __cxxabiv1::__si_class_type_info::__do_find_public_src(int, void const*, __cxxabiv1::__class_type_info const*, void const*) const
 .text          0x1000f974        0x0 /home/leon/riotboard/arm-2012.09/bin/../arm-none-eabi/lib//libstdc++.a(eh_personality.o)
 .text._ZL12read_sleb128PKhPl
                0x1000f974       0x44 /home/leon/riotboard/arm-2012.09/bin/../arm-none-eabi/lib//libstdc++.a(eh_personality.o)
 .text._ZL28read_encoded_value_with_basehjPKhPj
                0x1000f9b8      0x170 /home/leon/riotboard/arm-2012.09/bin/../arm-none-eabi/lib//libstdc++.a(eh_personality.o)
 .text._ZL21base_of_encoded_valuehP15_Unwind_Context
                0x1000fb28       0x7c /home/leon/riotboard/arm-2012.09/bin/../arm-none-eabi/lib//libstdc++.a(eh_personality.o)
 .text._ZL17parse_lsda_headerP15_Unwind_ContextPKhP16lsda_header_info
                0x1000fba4       0xd8 /home/leon/riotboard/arm-2012.09/bin/../arm-none-eabi/lib//libstdc++.a(eh_personality.o)
 .text.__gxx_personality_v0
                0x1000fc7c      0x620 /home/leon/riotboard/arm-2012.09/bin/../arm-none-eabi/lib//libstdc++.a(eh_personality.o)
                0x1000fc7c                __gxx_personality_v0
 .text          0x1001029c        0x0 /home/leon/riotboard/arm-2012.09/bin/../arm-none-eabi/lib//libstdc++.a(eh_term_handler.o)
 .text          0x1001029c        0x0 /home/leon/riotboard/arm-2012.09/bin/../arm-none-eabi/lib//libstdc++.a(eh_catch.o)
 .text.__cxa_get_exception_ptr
                0x1001029c        0x8 /home/leon/riotboard/arm-2012.09/bin/../arm-none-eabi/lib//libstdc++.a(eh_catch.o)
                0x1001029c                __cxa_get_exception_ptr
 .text.__cxa_begin_catch
                0x100102a4       0xdc /home/leon/riotboard/arm-2012.09/bin/../arm-none-eabi/lib//libstdc++.a(eh_catch.o)
                0x100102a4                __cxa_begin_catch
 .text.__cxa_end_catch
                0x10010380       0xdc /home/leon/riotboard/arm-2012.09/bin/../arm-none-eabi/lib//libstdc++.a(eh_catch.o)
                0x10010380                __cxa_end_catch
 .text._ZSt18uncaught_exceptionv
                0x1001045c       0x1c /home/leon/riotboard/arm-2012.09/bin/../arm-none-eabi/lib//libstdc++.a(eh_catch.o)
                0x1001045c                std::uncaught_exception()
 .text          0x10010478        0x0 /home/leon/riotboard/arm-2012.09/bin/../arm-none-eabi/lib//libstdc++.a(class_type_info.o)
 .text._ZNK10__cxxabiv117__class_type_info11__do_upcastEPKS0_PPv
                0x10010478       0x64 /home/leon/riotboard/arm-2012.09/bin/../arm-none-eabi/lib//libstdc++.a(class_type_info.o)
                0x10010478                __cxxabiv1::__class_type_info::__do_upcast(__cxxabiv1::__class_type_info const*, void**) const
 .text._ZNK10__cxxabiv117__class_type_info20__do_find_public_srcEiPKvPKS0_S2_
                0x100104dc       0x14 /home/leon/riotboard/arm-2012.09/bin/../arm-none-eabi/lib//libstdc++.a(class_type_info.o)
                0x100104dc                __cxxabiv1::__class_type_info::__do_find_public_src(int, void const*, __cxxabiv1::__class_type_info const*, void const*) const
 .text._ZNK10__cxxabiv117__class_type_info11__do_upcastEPKS0_PKvRNS0_15__upcast_resultE
                0x100104f0       0x38 /home/leon/riotboard/arm-2012.09/bin/../arm-none-eabi/lib//libstdc++.a(class_type_info.o)
                0x100104f0                __cxxabiv1::__class_type_info::__do_upcast(__cxxabiv1::__class_type_info const*, void const*, __cxxabiv1::__class_type_info::__upcast_result&) const
 .text._ZN10__cxxabiv117__class_type_infoD2Ev
                0x10010528       0x24 /home/leon/riotboard/arm-2012.09/bin/../arm-none-eabi/lib//libstdc++.a(class_type_info.o)
                0x10010528                __cxxabiv1::__class_type_info::~__class_type_info()
                0x10010528                __cxxabiv1::__class_type_info::~__class_type_info()
 .text._ZN10__cxxabiv117__class_type_infoD0Ev
                0x1001054c       0x20 /home/leon/riotboard/arm-2012.09/bin/../arm-none-eabi/lib//libstdc++.a(class_type_info.o)
                0x1001054c                __cxxabiv1::__class_type_info::~__class_type_info()
 .text._ZNK10__cxxabiv117__class_type_info12__do_dyncastEiNS0_10__sub_kindEPKS0_PKvS3_S5_RNS0_16__dyncast_resultE
                0x1001056c       0x7c /home/leon/riotboard/arm-2012.09/bin/../arm-none-eabi/lib//libstdc++.a(class_type_info.o)
                0x1001056c                __cxxabiv1::__class_type_info::__do_dyncast(int, __cxxabiv1::__class_type_info::__sub_kind, __cxxabiv1::__class_type_info const*, void const*, __cxxabiv1::__class_type_info const*, void const*, __cxxabiv1::__class_type_info::__dyncast_result&) const
 .text._ZNK10__cxxabiv117__class_type_info10__do_catchEPKSt9type_infoPPvj
                0x100105e8       0x54 /home/leon/riotboard/arm-2012.09/bin/../arm-none-eabi/lib//libstdc++.a(class_type_info.o)
                0x100105e8                __cxxabiv1::__class_type_info::__do_catch(std::type_info const*, void**, unsigned int) const
 .text          0x1001063c        0x0 /home/leon/riotboard/arm-2012.09/bin/../arm-none-eabi/lib//libstdc++.a(vterminate.o)
 .text._ZN9__gnu_cxx27__verbose_terminate_handlerEv
                0x1001063c      0x19c /home/leon/riotboard/arm-2012.09/bin/../arm-none-eabi/lib//libstdc++.a(vterminate.o)
                0x1001063c                __gnu_cxx::__verbose_terminate_handler()
 .text          0x100107d8     0x7c50 /home/leon/riotboard/arm-2012.09/bin/../arm-none-eabi/lib//libstdc++.a(cp-demangle.o)
                0x100182ac                __cxa_demangle
                0x100183f8                __gcclibcxx_demangle_callback
 .text          0x10018428        0x0 /home/leon/riotboard/arm-2012.09/bin/../arm-none-eabi/lib//libstdc++.a(eh_type.o)
 .text.__cxa_current_exception_type
                0x10018428       0x30 /home/leon/riotboard/arm-2012.09/bin/../arm-none-eabi/lib//libstdc++.a(eh_type.o)
                0x10018428                __cxa_current_exception_type
 .text          0x10018458        0x0 /home/leon/riotboard/arm-2012.09/bin/../arm-none-eabi/lib//libstdc++.a(del_op.o)
 .text._ZdlPv   0x10018458       0x14 /home/leon/riotboard/arm-2012.09/bin/../arm-none-eabi/lib//libstdc++.a(del_op.o)
                0x10018458                operator delete(void*)
 .text          0x1001846c        0x0 /home/leon/riotboard/arm-2012.09/bin/../arm-none-eabi/lib//libstdc++.a(tinfo.o)
 .text._ZNSt9type_infoD2Ev
                0x1001846c       0x10 /home/leon/riotboard/arm-2012.09/bin/../arm-none-eabi/lib//libstdc++.a(tinfo.o)
                0x1001846c                std::type_info::~type_info()
                0x1001846c                std::type_info::~type_info()
 .text._ZNKSt9type_info14__is_pointer_pEv
                0x1001847c        0x8 /home/leon/riotboard/arm-2012.09/bin/../arm-none-eabi/lib//libstdc++.a(tinfo.o)
                0x1001847c                std::type_info::__is_pointer_p() const
 .text._ZNKSt9type_info15__is_function_pEv
                0x10018484        0x8 /home/leon/riotboard/arm-2012.09/bin/../arm-none-eabi/lib//libstdc++.a(tinfo.o)
                0x10018484                std::type_info::__is_function_p() const
 .text._ZNKSt9type_info11__do_upcastEPKN10__cxxabiv117__class_type_infoEPPv
                0x1001848c        0x8 /home/leon/riotboard/arm-2012.09/bin/../arm-none-eabi/lib//libstdc++.a(tinfo.o)
                0x1001848c                std::type_info::__do_upcast(__cxxabiv1::__class_type_info const*, void**) const
 .text._ZNSt9type_infoD0Ev
                0x10018494       0x24 /home/leon/riotboard/arm-2012.09/bin/../arm-none-eabi/lib//libstdc++.a(tinfo.o)
                0x10018494                std::type_info::~type_info()
 .text._ZNKSt9type_infoeqERKS_
                0x100184b8       0x4c /home/leon/riotboard/arm-2012.09/bin/../arm-none-eabi/lib//libstdc++.a(tinfo.o)
                0x100184b8                std::type_info::operator==(std::type_info const&) const
 .text._ZNKSt9type_info10__do_catchEPKS_PPvj
                0x10018504        0x4 /home/leon/riotboard/arm-2012.09/bin/../arm-none-eabi/lib//libstdc++.a(tinfo.o)
                0x10018504                std::type_info::__do_catch(std::type_info const*, void**, unsigned int) const
 .text          0x10018508       0x14 /home/leon/riotboard/arm-2012.09/bin/../arm-none-eabi/lib//libc.a(lib_a-abort.o)
                0x10018508                abort
 .text          0x1001851c       0x68 /home/leon/riotboard/arm-2012.09/bin/../arm-none-eabi/lib//libc.a(lib_a-assert.o)
                0x1001851c                __assert_func
                0x10018574                __assert
 .text          0x10018584       0x20 /home/leon/riotboard/arm-2012.09/bin/../arm-none-eabi/lib//libc.a(lib_a-bzero.o)
                0x10018584                bzero
 .text          0x100185a4       0x70 /home/leon/riotboard/arm-2012.09/bin/../arm-none-eabi/lib//libc.a(lib_a-fiprintf.o)
                0x100185a4                _fiprintf_r
                0x100185d4                fiprintf
 .text          0x10018614       0x94 /home/leon/riotboard/arm-2012.09/bin/../arm-none-eabi/lib//libc.a(lib_a-fputc.o)
                0x10018614                _fputc_r
                0x10018658                fputc
 .text          0x100186a8       0xa8 /home/leon/riotboard/arm-2012.09/bin/../arm-none-eabi/lib//libc.a(lib_a-fputs.o)
                0x100186a8                _fputs_r
                0x10018734                fputs
 .text          0x10018750      0x4c4 /home/leon/riotboard/arm-2012.09/bin/../arm-none-eabi/lib//libc.a(lib_a-fvwrite.o)
                0x10018750                __sfvwrite_r
 .text          0x10018c14       0xe8 /home/leon/riotboard/arm-2012.09/bin/../arm-none-eabi/lib//libc.a(lib_a-fwrite.o)
                0x10018c14                _fwrite_r
                0x10018cb8                fwrite
 .text          0x10018cfc        0x0 /home/leon/riotboard/arm-2012.09/bin/../arm-none-eabi/lib//libc.a(lib_a-impure.o)
 .text          0x10018cfc       0x88 /home/leon/riotboard/arm-2012.09/bin/../arm-none-eabi/lib//libc.a(lib_a-init.o)
                0x10018cfc                __libc_init_array
 .text          0x10018d84       0x40 /home/leon/riotboard/arm-2012.09/bin/../arm-none-eabi/lib//libc.a(lib_a-malloc.o)
                0x10018d84                malloc
                0x10018da4                free
 .text          0x10018dc4      0x71c /home/leon/riotboard/arm-2012.09/bin/../arm-none-eabi/lib//libc.a(lib_a-mallocr.o)
                0x10018dc4                _malloc_r
 .text          0x100194e0      0x11c /home/leon/riotboard/arm-2012.09/bin/../arm-none-eabi/lib//libc.a(lib_a-memchr.o)
                0x100194e0                memchr
 .text          0x100195fc       0xb4 /home/leon/riotboard/arm-2012.09/bin/../arm-none-eabi/lib//libc.a(lib_a-memcmp.o)
                0x100195fc                memcmp
 .text          0x100196b0      0x20c /home/leon/riotboard/arm-2012.09/bin/../arm-none-eabi/lib//libc.a(lib_a-memcpy.o)
                0x100196b0                memcpy
 .text          0x100198bc      0x134 /home/leon/riotboard/arm-2012.09/bin/../arm-none-eabi/lib//libc.a(lib_a-memmove.o)
                0x100198bc                memmove
 .text          0x100199f0      0x134 /home/leon/riotboard/arm-2012.09/bin/../arm-none-eabi/lib//libc.a(lib_a-memset.o)
                0x100199f0                memset
 .text          0x10019b24        0x8 /home/leon/riotboard/arm-2012.09/bin/../arm-none-eabi/lib//libc.a(lib_a-mlock.o)
                0x10019b24                __malloc_lock
                0x10019b28                __malloc_unlock
 .text          0x10019b2c       0x74 /home/leon/riotboard/arm-2012.09/bin/../arm-none-eabi/lib//libc.a(lib_a-printf.o)
                0x10019b2c                _printf_r
                0x10019b60                printf
 .text          0x10019ba0      0x170 /home/leon/riotboard/arm-2012.09/bin/../arm-none-eabi/lib//libc.a(lib_a-putc.o)
                0x10019ba0                _putc_r
                0x10019c50                putc
 .text          0x10019d10       0x28 /home/leon/riotboard/arm-2012.09/bin/../arm-none-eabi/lib//libc.a(lib_a-realloc.o)
                0x10019d10                realloc
 .text          0x10019d38      0x574 /home/leon/riotboard/arm-2012.09/bin/../arm-none-eabi/lib//libc.a(lib_a-reallocr.o)
                0x10019d38                _realloc_r
 .text          0x1001a2ac       0x6c /home/leon/riotboard/arm-2012.09/bin/../arm-none-eabi/lib//libc.a(lib_a-rget.o)
                0x1001a2ac                __srget_r
                0x1001a304                __srget
 .text          0x1001a318       0x40 /home/leon/riotboard/arm-2012.09/bin/../arm-none-eabi/lib//libc.a(lib_a-sbrkr.o)
                0x1001a318                _sbrk_r
 .text          0x1001a358      0x24c /home/leon/riotboard/arm-2012.09/bin/../arm-none-eabi/lib//libc.a(lib_a-signal.o)
                0x1001a358                _init_signal_r
                0x1001a3b8                _signal_r
                0x1001a424                _raise_r
                0x1001a4bc                __sigtramp_r
                0x1001a550                raise
                0x1001a564                signal
                0x1001a580                _init_signal
                0x1001a590                __sigtramp
 .text          0x1001a5a4       0x50 /home/leon/riotboard/arm-2012.09/bin/../arm-none-eabi/lib//libc.a(lib_a-signalr.o)
                0x1001a5a4                _kill_r
                0x1001a5e4                _getpid_r
 .text          0x1001a5f4       0xdc /home/leon/riotboard/arm-2012.09/bin/../arm-none-eabi/lib//libc.a(lib_a-sprintf.o)
                0x1001a5f4                _sprintf_r
                0x1001a65c                sprintf
 .text          0x1001a6d0      0x230 /home/leon/riotboard/arm-2012.09/bin/../arm-none-eabi/lib//libc.a(lib_a-strcmp.o)
                0x1001a6d0                strcmp
 .text          0x1001a900       0x60 /home/leon/riotboard/arm-2012.09/bin/../arm-none-eabi/lib//libc.a(lib_a-strlen.o)
                0x1001a900                strlen
 .text          0x1001a960      0x140 /home/leon/riotboard/arm-2012.09/bin/../arm-none-eabi/lib//libc.a(lib_a-strncmp.o)
                0x1001a960                strncmp
 .text          0x1001aaa0     0x1f7c /home/leon/riotboard/arm-2012.09/bin/../arm-none-eabi/lib//libc.a(lib_a-svfprintf.o)
                0x1001aaa0                _svfprintf_r
 .text          0x1001ca1c       0x30 /home/leon/riotboard/arm-2012.09/bin/../arm-none-eabi/lib//libc.a(lib_a-syswrite.o)
                0x1001ca1c                write
 .text          0x1001ca4c     0x12c4 /home/leon/riotboard/arm-2012.09/bin/../arm-none-eabi/lib//libc.a(lib_a-vfiprintf.o)
                0x1001ca4c                __sprint_r
                0x1001cb08                _vfiprintf_r
                0x1001dce4                vfiprintf
 .text          0x1001dd10     0x2180 /home/leon/riotboard/arm-2012.09/bin/../arm-none-eabi/lib//libc.a(lib_a-vfprintf.o)
                0x1001dd10                _vfprintf_r
                0x1001fe64                vfprintf
 .text          0x1001fe90       0x4c /home/leon/riotboard/arm-2012.09/bin/../arm-none-eabi/lib//libc.a(lib_a-vprintf.o)
                0x1001fe90                vprintf
                0x1001febc                _vprintf_r
 .text          0x1001fedc      0x14c /home/leon/riotboard/arm-2012.09/bin/../arm-none-eabi/lib//libc.a(lib_a-wbuf.o)
                0x1001fedc                __swbuf_r
                0x1002000c                __swbuf
 .text          0x10020028       0x44 /home/leon/riotboard/arm-2012.09/bin/../arm-none-eabi/lib//libc.a(lib_a-writer.o)
                0x10020028                _write_r
 .text          0x1002006c      0x138 /home/leon/riotboard/arm-2012.09/bin/../arm-none-eabi/lib//libc.a(lib_a-wsetup.o)
                0x1002006c                __swsetup_r
 *fill*         0x100201a4        0x4 
 .text          0x100201a8     0x18a8 /home/leon/riotboard/arm-2012.09/bin/../arm-none-eabi/lib//libc.a(lib_a-dtoa.o)
                0x10020388                _dtoa_r
 .text          0x10021a50      0x26c /home/leon/riotboard/arm-2012.09/bin/../arm-none-eabi/lib//libc.a(lib_a-fflush.o)
                0x10021a50                _fflush_r
                0x10021c7c                fflush
 .text          0x10021cbc      0x2c4 /home/leon/riotboard/arm-2012.09/bin/../arm-none-eabi/lib//libc.a(lib_a-findfp.o)
                0x10021ccc                _cleanup_r
                0x10021d60                __sfmoreglue
                0x10021da8                _cleanup
                0x10021db8                __sinit
                0x10021e30                __sfp
                0x10021f28                __sfp_lock_acquire
                0x10021f2c                __sfp_lock_release
                0x10021f30                __sinit_lock_acquire
                0x10021f34                __sinit_lock_release
                0x10021f38                __fp_lock_all
                0x10021f5c                __fp_unlock_all
 .text          0x10021f80      0x19c /home/leon/riotboard/arm-2012.09/bin/../arm-none-eabi/lib//libc.a(lib_a-fputwc.o)
                0x10021f80                _fputwc_r
                0x100220d0                fputwc
 .text          0x1002211c      0x368 /home/leon/riotboard/arm-2012.09/bin/../arm-none-eabi/lib//libc.a(lib_a-freer.o)
                0x1002211c                _malloc_trim_r
                0x10022218                _free_r
 .text          0x10022484      0x114 /home/leon/riotboard/arm-2012.09/bin/../arm-none-eabi/lib//libc.a(lib_a-fwalk.o)
                0x10022484                _fwalk
                0x1002250c                _fwalk_reent
 .text          0x10022598       0xd0 /home/leon/riotboard/arm-2012.09/bin/../arm-none-eabi/lib//libc.a(lib_a-locale.o)
                0x10022598                _setlocale_r
                0x10022604                __locale_charset
                0x10022610                __locale_mb_cur_max
                0x10022620                __locale_msgcharset
                0x1002262c                __locale_cjk_lang
                0x10022634                _localeconv_r
                0x10022640                setlocale
                0x1002265c                localeconv
 .text          0x10022668      0x15c /home/leon/riotboard/arm-2012.09/bin/../arm-none-eabi/lib//libc.a(lib_a-makebuf.o)
                0x10022668                __smakebuf_r
 .text          0x100227c4      0xd20 /home/leon/riotboard/arm-2012.09/bin/../arm-none-eabi/lib//libc.a(lib_a-mprec.o)
                0x100227c4                _Balloc
                0x10022850                _Bfree
                0x1002286c                __multadd
                0x10022948                __s2b
                0x10022a38                __hi0bits
                0x10022a88                __lo0bits
                0x10022b1c                __i2b
                0x10022b40                __multiply
                0x10022d24                __pow5mult
                0x10022e18                __lshift
                0x10022f1c                __mcmp
                0x10022f80                __mdiff
                0x100230cc                __ulp
                0x10023130                __b2d
                0x100231fc                __d2b
                0x10023304                __ratio
                0x10023394                _mprec_log10
                0x100233e8                __copybits
                0x1002345c                __any_on
 .text          0x100234e4      0x19c /home/leon/riotboard/arm-2012.09/bin/../arm-none-eabi/lib//libc.a(lib_a-reent.o)
                0x100234e4                cleanup_glue
                0x10023510                _reclaim_reent
                0x1002360c                _wrapup_reent
 .text          0x10023680      0x1cc /home/leon/riotboard/arm-2012.09/bin/../arm-none-eabi/lib//libc.a(lib_a-refill.o)
                0x100236a8                __srefill_r
 .text          0x1002384c       0x6c /home/leon/riotboard/arm-2012.09/bin/../arm-none-eabi/lib//libc.a(lib_a-s_fpclassify.o)
                0x1002384c                __fpclassifyd
 .text          0x100238b8       0xdc /home/leon/riotboard/arm-2012.09/bin/../arm-none-eabi/lib//libc.a(lib_a-stdio.o)
                0x100238b8                __sread
                0x100238ec                __seofread
                0x100238f4                __swrite
                0x1002394c                __sseek
                0x10023980                __sclose
 .text          0x10023994     0x1224 /home/leon/riotboard/arm-2012.09/bin/../arm-none-eabi/lib//libc.a(lib_a-svfiprintf.o)
                0x10023994                __ssprint_r
                0x10023b38                _svfiprintf_r
 .text          0x10024bb8      0x134 /home/leon/riotboard/arm-2012.09/bin/../arm-none-eabi/lib//libc.a(lib_a-wcrtomb.o)
                0x10024bb8                _wcrtomb_r
                0x10024c48                wcrtomb
 .text          0x10024cec       0x7c /home/leon/riotboard/arm-2012.09/bin/../arm-none-eabi/lib//libc.a(lib_a-wctomb_r.o)
                0x10024cec                __ascii_wctomb
                0x10024d18                _wctomb_r
 .text          0x10024d68       0x94 /home/leon/riotboard/arm-2012.09/bin/../arm-none-eabi/lib//libc.a(lib_a-callocr.o)
                0x10024d68                _calloc_r
 .text          0x10024dfc       0x3c /home/leon/riotboard/arm-2012.09/bin/../arm-none-eabi/lib//libc.a(lib_a-closer.o)
                0x10024dfc                _close_r
 .text          0x10024e38      0x10c /home/leon/riotboard/arm-2012.09/bin/../arm-none-eabi/lib//libc.a(lib_a-fclose.o)
                0x10024e38                _fclose_r
                0x10024f30                fclose
 .text          0x10024f44       0x40 /home/leon/riotboard/arm-2012.09/bin/../arm-none-eabi/lib//libc.a(lib_a-fstatr.o)
                0x10024f44                _fstat_r
 .text          0x10024f84       0x3c /home/leon/riotboard/arm-2012.09/bin/../arm-none-eabi/lib//libc.a(lib_a-isattyr.o)
                0x10024f84                _isatty_r
 .text          0x10024fc0       0x44 /home/leon/riotboard/arm-2012.09/bin/../arm-none-eabi/lib//libc.a(lib_a-lseekr.o)
                0x10024fc0                _lseek_r
 .text          0x10025004       0x44 /home/leon/riotboard/arm-2012.09/bin/../arm-none-eabi/lib//libc.a(lib_a-readr.o)
                0x10025004                _read_r
 .text          0x10025048      0x114 /home/leon/riotboard/arm-2012.09/bin/../lib/gcc/arm-none-eabi/4.7.2//libgcc.a(_udivsi3.o)
                0x10025048                __udivsi3
                0x10025048                __aeabi_uidiv
                0x1002513c                __aeabi_uidivmod
 .text          0x1002515c      0x148 /home/leon/riotboard/arm-2012.09/bin/../lib/gcc/arm-none-eabi/4.7.2//libgcc.a(_divsi3.o)
                0x1002515c                __aeabi_idiv
                0x1002515c                __divsi3
                0x10025284                __aeabi_idivmod
 .text          0x100252a4        0x4 /home/leon/riotboard/arm-2012.09/bin/../lib/gcc/arm-none-eabi/4.7.2//libgcc.a(_dvmd_tls.o)
                0x100252a4                __aeabi_ldiv0
                0x100252a4                __aeabi_idiv0
 .text          0x100252a8      0x41c /home/leon/riotboard/arm-2012.09/bin/../lib/gcc/arm-none-eabi/4.7.2//libgcc.a(_arm_addsubdf3.o)
                0x100252a8                __aeabi_drsub
                0x100252b0                __aeabi_dsub
                0x100252b0                __subdf3
                0x100252b4                __adddf3
                0x100252b4                __aeabi_dadd
                0x100255c4                __aeabi_ui2d
                0x100255c4                __floatunsidf
                0x100255e8                __floatsidf
                0x100255e8                __aeabi_i2d
                0x10025610                __extendsfdf2
                0x10025610                __aeabi_f2d
                0x10025650                __aeabi_ul2d
                0x10025650                __floatundidf
                0x10025664                __floatdidf
                0x10025664                __aeabi_l2d
 .text          0x100256c4      0x49c /home/leon/riotboard/arm-2012.09/bin/../lib/gcc/arm-none-eabi/4.7.2//libgcc.a(_arm_muldivdf3.o)
                0x100256c4                __aeabi_dmul
                0x100256c4                __muldf3
                0x10025954                __aeabi_ddiv
                0x10025954                __divdf3
 .text          0x10025b60      0x144 /home/leon/riotboard/arm-2012.09/bin/../lib/gcc/arm-none-eabi/4.7.2//libgcc.a(_arm_cmpdf2.o)
                0x10025b60                __gtdf2
                0x10025b60                __gedf2
                0x10025b68                __ltdf2
                0x10025b68                __ledf2
                0x10025b70                __cmpdf2
                0x10025b70                __eqdf2
                0x10025b70                __nedf2
                0x10025bf8                __aeabi_cdrcmple
                0x10025c14                __aeabi_cdcmple
                0x10025c14                __aeabi_cdcmpeq
                0x10025c2c                __aeabi_dcmpeq
                0x10025c44                __aeabi_dcmplt
                0x10025c5c                __aeabi_dcmple
                0x10025c74                __aeabi_dcmpge
                0x10025c8c                __aeabi_dcmpgt
 .text          0x10025ca4       0x5c /home/leon/riotboard/arm-2012.09/bin/../lib/gcc/arm-none-eabi/4.7.2//libgcc.a(_arm_fixdfsi.o)
                0x10025ca4                __fixdfsi
                0x10025ca4                __aeabi_d2iz
 .text          0x10025d00       0x3c /home/leon/riotboard/arm-2012.09/bin/../lib/gcc/arm-none-eabi/4.7.2//libgcc.a(_aeabi_uldivmod.o)
                0x10025d00                __aeabi_uldivmod
 .text          0x10025d3c       0x84 /home/leon/riotboard/arm-2012.09/bin/../lib/gcc/arm-none-eabi/4.7.2//libgcc.a(bpabi.o)
                0x10025d3c                __gnu_ldivmod_helper
                0x10025d80                __gnu_uldivmod_helper
 .text          0x10025dc0      0xfa8 /home/leon/riotboard/arm-2012.09/bin/../lib/gcc/arm-none-eabi/4.7.2//libgcc.a(unwind-arm.o)
                0x10026240                _Unwind_GetCFA
                0x10026248                __gnu_Unwind_RaiseException
                0x100262f4                __gnu_Unwind_ForcedUnwind
                0x10026318                __gnu_Unwind_Resume
                0x10026390                __gnu_Unwind_Resume_or_Rethrow
                0x100263b0                _Unwind_Complete
                0x100263b4                _Unwind_DeleteException
                0x100263d8                _Unwind_VRS_Get
                0x1002644c                _Unwind_VRS_Set
                0x100268f0                __aeabi_unwind_cpp_pr2
                0x100268f8                __aeabi_unwind_cpp_pr1
                0x10026900                __aeabi_unwind_cpp_pr0
                0x10026908                __gnu_Unwind_Backtrace
                0x100269d4                _Unwind_VRS_Pop
 .text          0x10026d68      0x1b0 /home/leon/riotboard/arm-2012.09/bin/../lib/gcc/arm-none-eabi/4.7.2//libgcc.a(libunwind.o)
                0x10026d68                __restore_core_regs
                0x10026d68                restore_core_regs
                0x10026d84                __gnu_Unwind_Restore_VFP
                0x10026d8c                __gnu_Unwind_Save_VFP
                0x10026d94                __gnu_Unwind_Restore_VFP_D
                0x10026d9c                __gnu_Unwind_Save_VFP_D
                0x10026da4                __gnu_Unwind_Restore_VFP_D_16_to_31
                0x10026dac                __gnu_Unwind_Save_VFP_D_16_to_31
                0x10026db4                __gnu_Unwind_Restore_WMMXD
                0x10026df8                __gnu_Unwind_Save_WMMXD
                0x10026e3c                __gnu_Unwind_Restore_WMMXC
                0x10026e50                __gnu_Unwind_Save_WMMXC
                0x10026e64                ___Unwind_RaiseException
                0x10026e64                _Unwind_RaiseException
                0x10026e88                ___Unwind_Resume
                0x10026e88                _Unwind_Resume
                0x10026eac                _Unwind_Resume_or_Rethrow
                0x10026eac                ___Unwind_Resume_or_Rethrow
                0x10026ed0                ___Unwind_ForcedUnwind
                0x10026ed0                _Unwind_ForcedUnwind
                0x10026ef4                _Unwind_Backtrace
                0x10026ef4                ___Unwind_Backtrace
 .text          0x10026f18      0x53c /home/leon/riotboard/arm-2012.09/bin/../lib/gcc/arm-none-eabi/4.7.2//libgcc.a(pr-support.o)
                0x10026fac                __gnu_unwind_execute
                0x100273c8                __gnu_unwind_frame
                0x10027410                _Unwind_GetRegionStart
                0x10027424                _Unwind_GetLanguageSpecificData
                0x10027444                _Unwind_GetDataRelBase
                0x1002744c                _Unwind_GetTextRelBase
 .text          0x10027454      0x4f0 /home/leon/riotboard/arm-2012.09/bin/../lib/gcc/arm-none-eabi/4.7.2//libgcc.a(_divdi3.o)
                0x10027454                __divdi3
 .text          0x10027944      0x488 /home/leon/riotboard/arm-2012.09/bin/../lib/gcc/arm-none-eabi/4.7.2//libgcc.a(_udivdi3.o)
                0x10027944                __udivdi3
 .text          0x10027dcc       0x48 /home/leon/riotboard/arm-2012.09/bin/../lib/gcc/arm-none-eabi/4.7.2//libgcc.a(_clzsi2.o)
                0x10027dcc                __clzsi2
 .text          0x10027e14      0x264 /home/leon/git/swp-report/iMX6_Platform_SDK/output/mx6sdl/lib/libsdk.a(max7310.o)
                0x10027e14                max7310_reg_read
                0x10027e78                max7310_reg_write
                0x10027ee4                max7310_init
                0x10027fc4                max7310_set_gpio_output
 .text          0x10028078      0x610 /home/leon/git/swp-report/iMX6_Platform_SDK/output/mx6sdl/lib/libsdk.a(runtime_support.o)
                0x10028078                _execve
                0x100280b4                _fork
                0x100280dc                _isatty
                0x10028100                _open
                0x1002812c                _close
                0x10028150                _lseek
                0x1002817c                _fstat
                0x100281b0                _read
                0x10028280                _write
                0x1002836c                _raw_puts
                0x100283ec                _sbrk
                0x1002849c                _exit
                0x100284bc                _kill
                0x100284f4                _getpid
                0x1002850c                _link
                0x10028544                _unlink
                0x10028578                _stat
                0x100285ac                _times
                0x100285d0                _gettimeofday
                0x10028654                _wait
 .text          0x10028688     0x1308 /home/leon/git/swp-report/iMX6_Platform_SDK/output/mx6sdl/lib/libsdk.a(gpio.o)
                0x100286b8                gpio_get_port_count
                0x100286d0                gpio_set_gpio
                0x10028794                gpio_set_direction
                0x100289f0                gpio_get_direction
                0x10028b38                gpio_set_level
                0x10028e78                gpio_get_level
                0x10028fd8                gpio_set_interrupt_config
                0x100293dc                gpio_set_interrupt_mask
                0x10029620                gpio_get_interrupt_status
                0x1002977c                gpio_clear_interrupt
 .text          0x10029990        0x0 /home/leon/git/swp-report/iMX6_Platform_SDK/output/mx6sdl/lib/libsdk.a(imx6sdl_gpio_map.o)
 .text          0x10029990     0x1798 /home/leon/git/swp-report/iMX6_Platform_SDK/output/mx6sdl/lib/libsdk.a(imx_i2c.o)
                0x100299c0                i2c_get_request_instance
                0x1002a438                i2c_xfer
                0x1002ab54                i2c_read
                0x1002ab84                i2c_write
                0x1002abb4                i2c_setup_interrupt
                0x1002ae20                i2c_init
 .text          0x1002b128       0x84 /home/leon/git/swp-report/iMX6_Platform_SDK/output/mx6sdl/lib/libboard_sabre_ai_rev_c.a(i2c_iomux_config.o)
                0x1002b128                i2c_iomux_config
 *(.glue_7t)
 .glue_7t       0x00000000        0x0 linker stubs
 *(.glue_7)
 .glue_7        0x00000000        0x0 linker stubs
 *(.vfp11_veneer)
 .vfp11_veneer  0x00000000        0x0 linker stubs
 *(.ARM.extab* .gnu.linkonce.armextab.*)
 .ARM.extab.startup
                0x1002b1ac        0x0 /home/leon/git/swp-report/iMX6_Platform_SDK/output/mx6sdl/lib/libsdk.a(startup.o)
 .ARM.extab.text.__cxa_pure_virtual
                0x1002b1ac        0xc /home/leon/riotboard/arm-2012.09/bin/../arm-none-eabi/lib//libstdc++.a(pure.o)
 .ARM.extab.text.__cxa_deleted_virtual
                0x1002b1b8        0xc /home/leon/riotboard/arm-2012.09/bin/../arm-none-eabi/lib//libstdc++.a(pure.o)
 .ARM.extab.text._ZN10__cxxabiv111__terminateEPFvvE
                0x1002b1c4       0x2c /home/leon/riotboard/arm-2012.09/bin/../arm-none-eabi/lib//libstdc++.a(eh_terminate.o)
 .ARM.extab.text._ZSt9terminatev
                0x1002b1f0        0x0 /home/leon/riotboard/arm-2012.09/bin/../arm-none-eabi/lib//libstdc++.a(eh_terminate.o)
 .ARM.extab.text._ZN10__cxxabiv112__unexpectedEPFvvE
                0x1002b1f0        0xc /home/leon/riotboard/arm-2012.09/bin/../arm-none-eabi/lib//libstdc++.a(eh_terminate.o)
 .ARM.extab.text._ZSt10unexpectedv
                0x1002b1fc        0xc /home/leon/riotboard/arm-2012.09/bin/../arm-none-eabi/lib//libstdc++.a(eh_terminate.o)
 .ARM.extab.text._ZSt13set_terminatePFvvE
                0x1002b208        0x0 /home/leon/riotboard/arm-2012.09/bin/../arm-none-eabi/lib//libstdc++.a(eh_terminate.o)
 .ARM.extab.text._ZSt14set_unexpectedPFvvE
                0x1002b208        0x0 /home/leon/riotboard/arm-2012.09/bin/../arm-none-eabi/lib//libstdc++.a(eh_terminate.o)
 .ARM.extab.text._ZN10__cxxabiv1L24__is_gxx_exception_classEPc
                0x1002b208        0x0 /home/leon/riotboard/arm-2012.09/bin/../arm-none-eabi/lib//libstdc++.a(eh_call.o)
 .ARM.extab.text.__cxa_call_terminate
                0x1002b208        0x0 /home/leon/riotboard/arm-2012.09/bin/../arm-none-eabi/lib//libstdc++.a(eh_call.o)
 .ARM.extab.text.__cxa_call_unexpected
                0x1002b208       0x28 /home/leon/riotboard/arm-2012.09/bin/../arm-none-eabi/lib//libstdc++.a(eh_call.o)
 .ARM.extab.text._ZL23__gxx_exception_cleanup19_Unwind_Reason_CodeP21_Unwind_Control_Block
                0x1002b230        0x0 /home/leon/riotboard/arm-2012.09/bin/../arm-none-eabi/lib//libstdc++.a(eh_throw.o)
 .ARM.extab.text.__cxa_throw
                0x1002b230        0x0 /home/leon/riotboard/arm-2012.09/bin/../arm-none-eabi/lib//libstdc++.a(eh_throw.o)
 .ARM.extab.text.__cxa_rethrow
                0x1002b230        0x0 /home/leon/riotboard/arm-2012.09/bin/../arm-none-eabi/lib//libstdc++.a(eh_throw.o)
 .ARM.extab.text.__cxa_type_match
                0x1002b230        0x0 /home/leon/riotboard/arm-2012.09/bin/../arm-none-eabi/lib//libstdc++.a(eh_arm.o)
 .ARM.extab.text.__cxa_begin_cleanup
                0x1002b230        0x0 /home/leon/riotboard/arm-2012.09/bin/../arm-none-eabi/lib//libstdc++.a(eh_arm.o)
 .ARM.extab.text.__gnu_end_cleanup
                0x1002b230        0x0 /home/leon/riotboard/arm-2012.09/bin/../arm-none-eabi/lib//libstdc++.a(eh_arm.o)
 .ARM.extab.text._ZNSt9exceptionD2Ev
                0x1002b230        0x0 /home/leon/riotboard/arm-2012.09/bin/../arm-none-eabi/lib//libstdc++.a(eh_exception.o)
 .ARM.extab.text._ZNSt13bad_exceptionD2Ev
                0x1002b230        0x0 /home/leon/riotboard/arm-2012.09/bin/../arm-none-eabi/lib//libstdc++.a(eh_exception.o)
 .ARM.extab.text._ZN10__cxxabiv115__forced_unwindD2Ev
                0x1002b230        0x0 /home/leon/riotboard/arm-2012.09/bin/../arm-none-eabi/lib//libstdc++.a(eh_exception.o)
 .ARM.extab.text._ZN10__cxxabiv119__foreign_exceptionD2Ev
                0x1002b230        0x0 /home/leon/riotboard/arm-2012.09/bin/../arm-none-eabi/lib//libstdc++.a(eh_exception.o)
 .ARM.extab.text._ZNKSt9exception4whatEv
                0x1002b230        0x0 /home/leon/riotboard/arm-2012.09/bin/../arm-none-eabi/lib//libstdc++.a(eh_exception.o)
 .ARM.extab.text._ZNKSt13bad_exception4whatEv
                0x1002b230        0x0 /home/leon/riotboard/arm-2012.09/bin/../arm-none-eabi/lib//libstdc++.a(eh_exception.o)
 .ARM.extab.text._ZN10__cxxabiv119__foreign_exceptionD0Ev
                0x1002b230        0x0 /home/leon/riotboard/arm-2012.09/bin/../arm-none-eabi/lib//libstdc++.a(eh_exception.o)
 .ARM.extab.text._ZN10__cxxabiv115__forced_unwindD0Ev
                0x1002b230        0x0 /home/leon/riotboard/arm-2012.09/bin/../arm-none-eabi/lib//libstdc++.a(eh_exception.o)
 .ARM.extab.text._ZNSt9exceptionD0Ev
                0x1002b230        0x0 /home/leon/riotboard/arm-2012.09/bin/../arm-none-eabi/lib//libstdc++.a(eh_exception.o)
 .ARM.extab.text._ZNSt13bad_exceptionD0Ev
                0x1002b230        0x0 /home/leon/riotboard/arm-2012.09/bin/../arm-none-eabi/lib//libstdc++.a(eh_exception.o)
 .ARM.extab.text.__cxa_allocate_exception
                0x1002b230        0x0 /home/leon/riotboard/arm-2012.09/bin/../arm-none-eabi/lib//libstdc++.a(eh_alloc.o)
 .ARM.extab.text.__cxa_free_exception
                0x1002b230        0x0 /home/leon/riotboard/arm-2012.09/bin/../arm-none-eabi/lib//libstdc++.a(eh_alloc.o)
 .ARM.extab.text.__cxa_allocate_dependent_exception
                0x1002b230        0x0 /home/leon/riotboard/arm-2012.09/bin/../arm-none-eabi/lib//libstdc++.a(eh_alloc.o)
 .ARM.extab.text.__cxa_free_dependent_exception
                0x1002b230        0x0 /home/leon/riotboard/arm-2012.09/bin/../arm-none-eabi/lib//libstdc++.a(eh_alloc.o)
 .ARM.extab.text.__cxa_get_globals_fast
                0x1002b230        0x0 /home/leon/riotboard/arm-2012.09/bin/../arm-none-eabi/lib//libstdc++.a(eh_globals.o)
 .ARM.extab.text.__cxa_get_globals
                0x1002b230        0x0 /home/leon/riotboard/arm-2012.09/bin/../arm-none-eabi/lib//libstdc++.a(eh_globals.o)
 .ARM.extab.text._ZNK10__cxxabiv120__si_class_type_info12__do_dyncastEiNS_17__class_type_info10__sub_kindEPKS1_PKvS4_S6_RNS1_16__dyncast_resultE
                0x1002b230        0x0 /home/leon/riotboard/arm-2012.09/bin/../arm-none-eabi/lib//libstdc++.a(si_class_type_info.o)
 .ARM.extab.text._ZN10__cxxabiv120__si_class_type_infoD2Ev
                0x1002b230        0x0 /home/leon/riotboard/arm-2012.09/bin/../arm-none-eabi/lib//libstdc++.a(si_class_type_info.o)
 .ARM.extab.text._ZN10__cxxabiv120__si_class_type_infoD0Ev
                0x1002b230        0x0 /home/leon/riotboard/arm-2012.09/bin/../arm-none-eabi/lib//libstdc++.a(si_class_type_info.o)
 .ARM.extab.text._ZNK10__cxxabiv120__si_class_type_info11__do_upcastEPKNS_17__class_type_infoEPKvRNS1_15__upcast_resultE
                0x1002b230        0x0 /home/leon/riotboard/arm-2012.09/bin/../arm-none-eabi/lib//libstdc++.a(si_class_type_info.o)
 .ARM.extab.text._ZNK10__cxxabiv120__si_class_type_info20__do_find_public_srcEiPKvPKNS_17__class_type_infoES2_
                0x1002b230        0x0 /home/leon/riotboard/arm-2012.09/bin/../arm-none-eabi/lib//libstdc++.a(si_class_type_info.o)
 .ARM.extab.text._ZL12read_sleb128PKhPl
                0x1002b230        0x0 /home/leon/riotboard/arm-2012.09/bin/../arm-none-eabi/lib//libstdc++.a(eh_personality.o)
 .ARM.extab.text._ZL28read_encoded_value_with_basehjPKhPj
                0x1002b230        0x0 /home/leon/riotboard/arm-2012.09/bin/../arm-none-eabi/lib//libstdc++.a(eh_personality.o)
 .ARM.extab.text._ZL21base_of_encoded_valuehP15_Unwind_Context
                0x1002b230        0xc /home/leon/riotboard/arm-2012.09/bin/../arm-none-eabi/lib//libstdc++.a(eh_personality.o)
 .ARM.extab.text._ZL17parse_lsda_headerP15_Unwind_ContextPKhP16lsda_header_info
                0x1002b23c        0x0 /home/leon/riotboard/arm-2012.09/bin/../arm-none-eabi/lib//libstdc++.a(eh_personality.o)
 .ARM.extab.text.__gxx_personality_v0
                0x1002b23c       0x20 /home/leon/riotboard/arm-2012.09/bin/../arm-none-eabi/lib//libstdc++.a(eh_personality.o)
 .ARM.extab.text.__cxa_get_exception_ptr
                0x1002b25c        0x0 /home/leon/riotboard/arm-2012.09/bin/../arm-none-eabi/lib//libstdc++.a(eh_catch.o)
 .ARM.extab.text.__cxa_begin_catch
                0x1002b25c       0x20 /home/leon/riotboard/arm-2012.09/bin/../arm-none-eabi/lib//libstdc++.a(eh_catch.o)
 .ARM.extab.text.__cxa_end_catch
                0x1002b27c        0xc /home/leon/riotboard/arm-2012.09/bin/../arm-none-eabi/lib//libstdc++.a(eh_catch.o)
 .ARM.extab.text._ZSt18uncaught_exceptionv
                0x1002b288        0x0 /home/leon/riotboard/arm-2012.09/bin/../arm-none-eabi/lib//libstdc++.a(eh_catch.o)
 .ARM.extab.text._ZNK10__cxxabiv117__class_type_info11__do_upcastEPKS0_PPv
                0x1002b288        0x0 /home/leon/riotboard/arm-2012.09/bin/../arm-none-eabi/lib//libstdc++.a(class_type_info.o)
 .ARM.extab.text._ZNK10__cxxabiv117__class_type_info20__do_find_public_srcEiPKvPKS0_S2_
                0x1002b288        0x0 /home/leon/riotboard/arm-2012.09/bin/../arm-none-eabi/lib//libstdc++.a(class_type_info.o)
 .ARM.extab.text._ZNK10__cxxabiv117__class_type_info11__do_upcastEPKS0_PKvRNS0_15__upcast_resultE
                0x1002b288        0x0 /home/leon/riotboard/arm-2012.09/bin/../arm-none-eabi/lib//libstdc++.a(class_type_info.o)
 .ARM.extab.text._ZN10__cxxabiv117__class_type_infoD2Ev
                0x1002b288        0x0 /home/leon/riotboard/arm-2012.09/bin/../arm-none-eabi/lib//libstdc++.a(class_type_info.o)
 .ARM.extab.text._ZN10__cxxabiv117__class_type_infoD0Ev
                0x1002b288        0x0 /home/leon/riotboard/arm-2012.09/bin/../arm-none-eabi/lib//libstdc++.a(class_type_info.o)
 .ARM.extab.text._ZNK10__cxxabiv117__class_type_info12__do_dyncastEiNS0_10__sub_kindEPKS0_PKvS3_S5_RNS0_16__dyncast_resultE
                0x1002b288        0x0 /home/leon/riotboard/arm-2012.09/bin/../arm-none-eabi/lib//libstdc++.a(class_type_info.o)
 .ARM.extab.text._ZNK10__cxxabiv117__class_type_info10__do_catchEPKSt9type_infoPPvj
                0x1002b288        0x0 /home/leon/riotboard/arm-2012.09/bin/../arm-none-eabi/lib//libstdc++.a(class_type_info.o)
 .ARM.extab.text._ZN9__gnu_cxx27__verbose_terminate_handlerEv
                0x1002b288       0x34 /home/leon/riotboard/arm-2012.09/bin/../arm-none-eabi/lib//libstdc++.a(vterminate.o)
 .ARM.extab.text.__cxa_current_exception_type
                0x1002b2bc        0x0 /home/leon/riotboard/arm-2012.09/bin/../arm-none-eabi/lib//libstdc++.a(eh_type.o)
 .ARM.extab.text._ZdlPv
                0x1002b2bc        0x0 /home/leon/riotboard/arm-2012.09/bin/../arm-none-eabi/lib//libstdc++.a(del_op.o)
 .ARM.extab.text._ZNSt9type_infoD2Ev
                0x1002b2bc        0x0 /home/leon/riotboard/arm-2012.09/bin/../arm-none-eabi/lib//libstdc++.a(tinfo.o)
 .ARM.extab.text._ZNKSt9type_info14__is_pointer_pEv
                0x1002b2bc        0x0 /home/leon/riotboard/arm-2012.09/bin/../arm-none-eabi/lib//libstdc++.a(tinfo.o)
 .ARM.extab.text._ZNKSt9type_info15__is_function_pEv
                0x1002b2bc        0x0 /home/leon/riotboard/arm-2012.09/bin/../arm-none-eabi/lib//libstdc++.a(tinfo.o)
 .ARM.extab.text._ZNKSt9type_info11__do_upcastEPKN10__cxxabiv117__class_type_infoEPPv
                0x1002b2bc        0x0 /home/leon/riotboard/arm-2012.09/bin/../arm-none-eabi/lib//libstdc++.a(tinfo.o)
 .ARM.extab.text._ZNSt9type_infoD0Ev
                0x1002b2bc        0x0 /home/leon/riotboard/arm-2012.09/bin/../arm-none-eabi/lib//libstdc++.a(tinfo.o)
 .ARM.extab.text._ZNKSt9type_infoeqERKS_
                0x1002b2bc        0x0 /home/leon/riotboard/arm-2012.09/bin/../arm-none-eabi/lib//libstdc++.a(tinfo.o)
 .ARM.extab.text._ZNKSt9type_info10__do_catchEPKS_PPvj
                0x1002b2bc        0x0 /home/leon/riotboard/arm-2012.09/bin/../arm-none-eabi/lib//libstdc++.a(tinfo.o)
 .ARM.extab     0x1002b2bc       0x18 /home/leon/riotboard/arm-2012.09/bin/../lib/gcc/arm-none-eabi/4.7.2//libgcc.a(unwind-arm.o)
 .ARM.extab     0x1002b2d4       0x18 /home/leon/riotboard/arm-2012.09/bin/../lib/gcc/arm-none-eabi/4.7.2//libgcc.a(pr-support.o)
 .ARM.extab     0x1002b2ec        0x0 /home/leon/riotboard/arm-2012.09/bin/../lib/gcc/arm-none-eabi/4.7.2//libgcc.a(_divdi3.o)
 .ARM.extab     0x1002b2ec        0x0 /home/leon/riotboard/arm-2012.09/bin/../lib/gcc/arm-none-eabi/4.7.2//libgcc.a(_udivdi3.o)
 *(.gcc_except_table)

.v4_bx          0x1002b2ec        0x0
 .v4_bx         0x00000000        0x0 linker stubs

.iplt           0x1002b2ec        0x0
 .iplt          0x00000000        0x0 /home/leon/riotboard/arm-2012.09/bin/../lib/gcc/arm-none-eabi/4.7.2//crtbegin.o

.ctors
 *crtbegin.o(.ctors)
 *crtbegin?.o(.ctors)
 *(EXCLUDE_FILE(*crtend?.o *crtend.o) .ctors)
 *(SORT(.ctors.*))
 *(.ctors)

.dtors
 *crtbegin.o(.dtors)
 *crtbegin?.o(.dtors)
 *(EXCLUDE_FILE(*crtend?.o *crtend.o) .dtors)
 *(SORT(.dtors.*))
 *(.dtors)

.rodata         0x1002b2f0     0x28c0
 *(.rodata .rodata.* .gnu.linkonce.r.*)
 .rodata.str1.1
                0x1002b2f0       0xf5 /home/leon/git/swp-report/iMX6_Platform_SDK/output/mx6sdl/stream/sabre_ai_rev_c/obj/apps/common/print_version.o
 .rodata.str1.1
                0x1002b3e5       0x1e /home/leon/git/swp-report/iMX6_Platform_SDK/output/mx6sdl/stream/sabre_ai_rev_c/obj/apps/stream/src/main.o
 *fill*         0x1002b403        0x5 
 .rodata        0x1002b408       0x50 /home/leon/git/swp-report/iMX6_Platform_SDK/output/mx6sdl/stream/sabre_ai_rev_c/obj/apps/stream/src/stream.o
 .rodata.str1.1
                0x1002b458      0x17f /home/leon/git/swp-report/iMX6_Platform_SDK/output/mx6sdl/stream/sabre_ai_rev_c/obj/apps/stream/src/stream.o
 *fill*         0x1002b5d7        0x1 
 .rodata        0x1002b5d8       0x34 /home/leon/git/swp-report/iMX6_Platform_SDK/output/mx6sdl/lib/libsdk.a(ccm_pll.o)
                0x1002b5d8                PLL1_OUTPUT
                0x1002b5dc                PLL2_OUTPUT