Archive member included because of file (symbol)

/home/leon/git/swp-report/iMX6_Platform_SDK/output/mx6sdl/lib/libsdk.a(ccm_pll.o)
                              /home/leon/git/swp-report/iMX6_Platform_SDK/output/mx6sdl/stream/sabre_ai_rev_c/obj/apps/common/platform_init.o (ccm_init)
/home/leon/git/swp-report/iMX6_Platform_SDK/output/mx6sdl/lib/libsdk.a(cortexA9.o)
                              /home/leon/git/swp-report/iMX6_Platform_SDK/output/mx6sdl/stream/sabre_ai_rev_c/obj/apps/common/platform_init.o (arm_set_interrupt_state)
/home/leon/git/swp-report/iMX6_Platform_SDK/output/mx6sdl/lib/libsdk.a(gic.o)
                              /home/leon/git/swp-report/iMX6_Platform_SDK/output/mx6sdl/stream/sabre_ai_rev_c/obj/apps/common/platform_init.o (gic_init)
/home/leon/git/swp-report/iMX6_Platform_SDK/output/mx6sdl/lib/libsdk.a(mmu.o)
                              /home/leon/git/swp-report/iMX6_Platform_SDK/output/mx6sdl/stream/sabre_ai_rev_c/obj/apps/common/platform_init.o (mmu_init)
/home/leon/git/swp-report/iMX6_Platform_SDK/output/mx6sdl/lib/libsdk.a(startup.o)
                              (_start)
/home/leon/git/swp-report/iMX6_Platform_SDK/output/mx6sdl/lib/libsdk.a(vectors.o)
                              /home/leon/git/swp-report/iMX6_Platform_SDK/output/mx6sdl/lib/libsdk.a(startup.o) (vectors)
/home/leon/git/swp-report/iMX6_Platform_SDK/output/mx6sdl/lib/libsdk.a(sdk_version.o)
                              /home/leon/git/swp-report/iMX6_Platform_SDK/output/mx6sdl/stream/sabre_ai_rev_c/obj/apps/common/print_version.o (k_sdk_version)
/home/leon/git/swp-report/iMX6_Platform_SDK/output/mx6sdl/lib/libsdk.a(system_util.o)
                              /home/leon/git/swp-report/iMX6_Platform_SDK/output/mx6sdl/lib/libsdk.a(startup.o) (_sys_exit)
/home/leon/git/swp-report/iMX6_Platform_SDK/output/mx6sdl/lib/libsdk.a(text_color.o)
                              /home/leon/git/swp-report/iMX6_Platform_SDK/output/mx6sdl/lib/libsdk.a(system_util.o) (g_TextAttributeBold)
/home/leon/git/swp-report/iMX6_Platform_SDK/output/mx6sdl/lib/libsdk.a(board_id.o)
                              /home/leon/git/swp-report/iMX6_Platform_SDK/output/mx6sdl/stream/sabre_ai_rev_c/obj/apps/common/print_version.o (chip_name)
/home/leon/git/swp-report/iMX6_Platform_SDK/output/mx6sdl/lib/libsdk.a(cpu_workpoint.o)
                              /home/leon/git/swp-report/iMX6_Platform_SDK/output/mx6sdl/stream/sabre_ai_rev_c/obj/apps/stream/src/main.o (cpu_workpoint_set)
/home/leon/git/swp-report/iMX6_Platform_SDK/output/mx6sdl/lib/libsdk.a(pmu_driver.o)
                              /home/leon/git/swp-report/iMX6_Platform_SDK/output/mx6sdl/lib/libsdk.a(cpu_workpoint.o) (pmu_init)
/home/leon/git/swp-report/iMX6_Platform_SDK/output/mx6sdl/lib/libsdk.a(epit.o)
                              /home/leon/git/swp-report/iMX6_Platform_SDK/output/mx6sdl/stream/sabre_ai_rev_c/obj/apps/stream/src/main.o (epit_get_counter_value)
/home/leon/git/swp-report/iMX6_Platform_SDK/output/mx6sdl/lib/libsdk.a(timer.o)
                              /home/leon/git/swp-report/iMX6_Platform_SDK/output/mx6sdl/stream/sabre_ai_rev_c/obj/apps/common/platform_init.o (system_time_init)
/home/leon/git/swp-report/iMX6_Platform_SDK/output/mx6sdl/lib/libsdk.a(imx_uart.o)
                              /home/leon/git/swp-report/iMX6_Platform_SDK/output/mx6sdl/stream/sabre_ai_rev_c/obj/apps/common/platform_init.o (uart_getchar)
/home/leon/git/swp-report/iMX6_Platform_SDK/output/mx6sdl/lib/libsdk.a(arm_abort.o)
                              /home/leon/git/swp-report/iMX6_Platform_SDK/output/mx6sdl/lib/libsdk.a(vectors.o) (data_abort_handler)
/home/leon/git/swp-report/iMX6_Platform_SDK/output/mx6sdl/lib/libsdk.a(interrupt.o)
                              /home/leon/git/swp-report/iMX6_Platform_SDK/output/mx6sdl/lib/libsdk.a(vectors.o) (IRQ_HDLR)
/home/leon/git/swp-report/iMX6_Platform_SDK/output/mx6sdl/lib/libsdk.a(abort_handler.o)
                              /home/leon/git/swp-report/iMX6_Platform_SDK/output/mx6sdl/lib/libsdk.a(arm_abort.o) (dump_regs)
/home/leon/git/swp-report/iMX6_Platform_SDK/output/mx6sdl/lib/libboard_sabre_ai_rev_c.a(board_io_expanders.o)
                              /home/leon/git/swp-report/iMX6_Platform_SDK/output/mx6sdl/stream/sabre_ai_rev_c/obj/apps/common/platform_init.o (board_ioexpander_init)
/home/leon/git/swp-report/iMX6_Platform_SDK/output/mx6sdl/lib/libboard_sabre_ai_rev_c.a(hardware_modules.o)
                              /home/leon/git/swp-report/iMX6_Platform_SDK/output/mx6sdl/stream/sabre_ai_rev_c/obj/apps/common/platform_init.o (g_debug_uart_port)
/home/leon/git/swp-report/iMX6_Platform_SDK/output/mx6sdl/lib/libboard_sabre_ai_rev_c.a(dcd.o)
                              /home/leon/git/swp-report/iMX6_Platform_SDK/output/mx6sdl/stream/sabre_ai_rev_c/obj/apps/common/ivt.o (input_dcd_hdr)
/home/leon/git/swp-report/iMX6_Platform_SDK/output/mx6sdl/lib/libboard_sabre_ai_rev_c.a(i2c3_iomux_config.o)
[...]
Memory Configuration

Name             Origin             Length             Attributes
OCRAM            0x0000000000900000 0x0000000000020000 xrw
DDR              0x0000000010000000 0x0000000080000000 xrw
*default*        0x0000000000000000 0xffffffffffffffff

Linker script and memory map

LOAD /home/src/arm/target/bin/../lib/gcc/arm-none-eabi/4.8.2//crtbegin.o
LOAD /home/src/arm/target/bin/../lib/gcc/arm-none-eabi/4.8.2//crti.o
LOAD /home/src/arm/target/bin/../lib/gcc/arm-none-eabi/4.8.2//crtend.o
LOAD /home/src/arm/target/bin/../lib/gcc/arm-none-eabi/4.8.2//crtn.o

.l1_page_table  0x0000000000900000     0x4000
                0x0000000000900000                __l1_page_table_start = .
                0x0000000000904000                . = (. + 0x4000)
 *fill*         0x0000000000900000     0x4000 

.heap.ocram     0x0000000000904000    0x1bfb8
                0x0000000000904000                __heap_ocram_start = .
                0x000000000091ffb8                . = (. + 0x1bfb8)
 *fill*         0x0000000000904000    0x1bfb8 
                0x000000000091ffb8                __heap_ocram_end = .

.ram_vectors    0x000000000091ffb8       0x48
                0x000000000091ffb8                __ram_vectors_start = .
                0x0000000000920000                . = (. + 0x48)
 *fill*         0x000000000091ffb8       0x48 
                0x0000000000920000                __ram_vectors_end = .
                0x0000000010000000                _start_image_add = ORIGIN (DDR)

.ivt            0x0000000010000000      0x420
                0x0000000010000400                . = (. + 0x400)
 *fill*         0x0000000010000000      0x400 
 *(.ivt)
 .ivt           0x0000000010000400       0x20 /home/leon/git/swp-report/iMX6_Platform_SDK/output/mx6sdl/stream/sabre_ai_rev_c/obj/apps/common/ivt.o
                0x0000000010000400                input_ivt

.boot_data      0x0000000010000420        0xc
                0x0000000010000420                __start_boot_data = .
 *(.boot_data)
 .boot_data     0x0000000010000420        0xc /home/leon/git/swp-report/iMX6_Platform_SDK/output/mx6sdl/stream/sabre_ai_rev_c/obj/apps/common/ivt.o
                0x0000000010000420                bd

.dcd_hdr        0x0000000010000430        0x4
                0x0000000010000430                __start_dcd = .
 *(.dcd_hdr)
 .dcd_hdr       0x0000000010000430        0x4 /home/leon/git/swp-report/iMX6_Platform_SDK/output/mx6sdl/lib/libboard_sabre_ai_rev_c.a(dcd.o)
                0x0000000010000430                input_dcd_hdr

.dcd_wrt_cmd    0x0000000010000434        0x4
 *(.dcd_wrt_cmd)
 .dcd_wrt_cmd   0x0000000010000434        0x4 /home/leon/git/swp-report/iMX6_Platform_SDK/output/mx6sdl/lib/libboard_sabre_ai_rev_c.a(dcd.o)
                0x0000000010000434                input_dcd_wrt_cmd

.dcd_data       0x0000000010000438      0x298
 *(.dcd_data)
 .dcd_data      0x0000000010000438      0x298 /home/leon/git/swp-report/iMX6_Platform_SDK/output/mx6sdl/lib/libboard_sabre_ai_rev_c.a(dcd.o)
                0x0000000010000438                input_dcd

.text           0x00000000100006d0    0x2b0c4
 CREATE_OBJECT_SYMBOLS
 *(.startup)
 .startup       0x00000000100006d0      0x138 /home/leon/git/swp-report/iMX6_Platform_SDK/output/mx6sdl/lib/libsdk.a(startup.o)
                0x00000000100006d0                _start
 *(.text .text.* .gnu.linkonce.t.*)
 .text          0x0000000010000808      0x128 /home/src/arm/target/bin/../lib/gcc/arm-none-eabi/4.8.2//crtbegin.o
 .text          0x0000000010000930        0x0 /home/src/arm/target/bin/../lib/gcc/arm-none-eabi/4.8.2//crti.o
 .text          0x0000000010000930        0x0 /home/src/arm/target/bin/../lib/gcc/arm-none-eabi/4.8.2//crtend.o
 .text          0x0000000010000930        0x0 /home/src/arm/target/bin/../lib/gcc/arm-none-eabi/4.8.2//crtn.o
 .text          0x0000000010000930        0x0 /home/leon/git/swp-report/iMX6_Platform_SDK/output/mx6sdl/stream/sabre_ai_rev_c/obj/apps/common/ivt.o
 .text          0x0000000010000930       0x78 /home/leon/git/swp-report/iMX6_Platform_SDK/output/mx6sdl/stream/sabre_ai_rev_c/obj/apps/common/platform_init.o
                0x0000000010000930                platform_init
 .text          0x00000000100009a8      0x11c /home/leon/git/swp-report/iMX6_Platform_SDK/output/mx6sdl/stream/sabre_ai_rev_c/obj/apps/common/print_version.o
                0x00000000100009a8                print_version
 *fill*         0x0000000010000ac4        0x4 
 .text          0x0000000010000ac8       0xb0 /home/leon/git/swp-report/iMX6_Platform_SDK/output/mx6sdl/stream/sabre_ai_rev_c/obj/apps/stream/src/main.o
                0x0000000010000ac8                mysecond
 .text.startup  0x0000000010000b78       0x44 /home/leon/git/swp-report/iMX6_Platform_SDK/output/mx6sdl/stream/sabre_ai_rev_c/obj/apps/stream/src/main.o
                0x0000000010000b78                main
 *fill*         0x0000000010000bbc        0x4 
 .text          0x0000000010000bc0      0x7a0 /home/leon/git/swp-report/iMX6_Platform_SDK/output/mx6sdl/stream/sabre_ai_rev_c/obj/apps/stream/src/stream.o
                0x0000000010000bc0                checktick
                0x0000000010000c74                checkSTREAMresults
                0x0000000010000e18                streammain
                0x000000001000122c                tuned_STREAM_Copy
                0x000000001000126c                tuned_STREAM_Scale
                0x00000000100012b4                tuned_STREAM_Add
                0x0000000010001308                tuned_STREAM_Triad
 .text          0x0000000010001360      0xc50 /home/leon/git/swp-report/iMX6_Platform_SDK/output/mx6sdl/lib/libsdk.a(ccm_pll.o)
                0x0000000010001360                ccm_init
                0x0000000010001484                get_main_clock
                0x0000000010001710                get_peri_clock
                0x00000000100018b0                ccm_ccgr_config
                0x0000000010001918                clock_gating_config
                0x0000000010001d50                ccm_set_lpm_wakeup_source
                0x0000000010001e44                ccm_enter_low_power
                0x0000000010001eb4                ipu_hsp_clk_config
                0x0000000010001ed4                gpu_clock_config
 .text          0x0000000010001fb0      0x164 /home/leon/git/swp-report/iMX6_Platform_SDK/output/mx6sdl/lib/libsdk.a(cortexA9.o)
                0x0000000010001fb0                arm_set_interrupt_state
                0x0000000010001fd4                cpu_get_current
                0x0000000010001fe0                enable_neon_fpu
                0x0000000010001ffc                disable_strict_align_check
                0x0000000010002010                disable_L1_cache
                0x0000000010002030                get_arm_private_peripheral_base
                0x0000000010002038                arm_unified_tlb_invalidate
                0x0000000010002048                arm_unified_tlb_invalidate_is
                0x0000000010002058                arm_branch_prediction_enable
                0x0000000010002068                arm_branch_prediction_disable
                0x0000000010002078                arm_branch_target_cache_invalidate
                0x0000000010002084                arm_branch_target_cache_invalidate_is
                0x0000000010002090                scu_enable
                0x00000000100020a4                scu_join_smp
                0x00000000100020b4                scu_leave_smp
                0x00000000100020c4                scu_get_cpus_in_smp
                0x00000000100020d8                scu_enable_maintenance_broadcast
                0x00000000100020e8                scu_disable_maintenance_broadcast
                0x00000000100020f8                scu_secure_invalidate
 .text          0x0000000010002114      0x5e0 /home/leon/git/swp-report/iMX6_Platform_SDK/output/mx6sdl/lib/libsdk.a(gic.o)
                0x00000000100021f8                gic_enable
                0x0000000010002258                gic_set_irq_security
                0x0000000010002300                gic_enable_irq
                0x000000001000237c                gic_set_irq_priority
                0x00000000100023c4                gic_set_cpu_target
                0x00000000100024d0                gic_send_sgi
                0x0000000010002524                gic_cpu_enable
                0x0000000010002584                gic_set_cpu_priority_mask
                0x00000000100025b8                gic_read_irq_ack
                0x00000000100025e4                gic_write_end_of_irq
                0x0000000010002614                gic_init
                0x00000000100026b8                gic_init_cpu
 .text          0x00000000100026f4      0x458 /home/leon/git/swp-report/iMX6_Platform_SDK/output/mx6sdl/lib/libsdk.a(mmu.o)
                0x00000000100026f4                mmu_enable
                0x000000001000272c                mmu_disable
                0x0000000010002760                mmu_init
                0x000000001000287c                mmu_map_l1_range
                0x0000000010002a90                mmu_virtual_to_physical
 .text          0x0000000010002b4c        0x0 /home/leon/git/swp-report/iMX6_Platform_SDK/output/mx6sdl/lib/libsdk.a(startup.o)
 .text          0x0000000010002b4c        0x4 /home/leon/git/swp-report/iMX6_Platform_SDK/output/mx6sdl/lib/libsdk.a(vectors.o)
                0x0000000010002b4c                exception_handler
 .text.vectors  0x0000000010002b50       0x48 /home/leon/git/swp-report/iMX6_Platform_SDK/output/mx6sdl/lib/libsdk.a(vectors.o)
                0x0000000010002b50                vectors
 .text          0x0000000010002b98        0x0 /home/leon/git/swp-report/iMX6_Platform_SDK/output/mx6sdl/lib/libsdk.a(sdk_version.o)
 .text          0x0000000010002b98      0x8fc /home/leon/git/swp-report/iMX6_Platform_SDK/output/mx6sdl/lib/libsdk.a(system_util.o)
                0x0000000010002b98                _sys_exit
                0x0000000010002bb4                mybkpt
                0x0000000010002bbc                is_input_char
                0x0000000010002d3c                read_input_string
                0x000000001000301c                get_input_hex
                0x0000000010003294                read_int
                0x00000000100033f0                jump_to_sdp
 .text          0x0000000010003494       0xdc /home/leon/git/swp-report/iMX6_Platform_SDK/output/mx6sdl/lib/libsdk.a(text_color.o)
                0x0000000010003494                printf_color
                0x000000001000352c                get_color_supported
 .text          0x0000000010003570      0x7c8 /home/leon/git/swp-report/iMX6_Platform_SDK/output/mx6sdl/lib/libsdk.a(board_id.o)
                0x0000000010003570                chip_name
                0x0000000010003688                chip_revision
                0x0000000010003760                board_name
                0x0000000010003868                board_revision
                0x0000000010003930                board_description
                0x0000000010003a50                get_board_id
                0x0000000010003b2c                show_board_id
 .text          0x0000000010003d38      0x1cc /home/leon/git/swp-report/iMX6_Platform_SDK/output/mx6sdl/lib/libsdk.a(cpu_workpoint.o)
                0x0000000010003d38                cpu_workpoint_set
 .text          0x0000000010003f04     0x1ba8 /home/leon/git/swp-report/iMX6_Platform_SDK/output/mx6sdl/lib/libsdk.a(pmu_driver.o)
                0x0000000010004160                pmu_init
                0x00000000100042fc                pmu_get_property
                0x000000001000435c                pmu_set_property
                0x00000000100043c0                pmu::Regulator::getProperty(_pmu_regulator_properties, void*)
                0x000000001000463c                pmu::Regulator::setProperty(_pmu_regulator_properties, void const*)
                0x00000000100047b4                pmu::Regulator::setVoltageRange(unsigned long, unsigned long, unsigned long)
                0x0000000010004800                pmu::AnalogRegulator::getProperty(_pmu_regulator_properties, void*)
                0x00000000100048b4                pmu::AnalogRegulator::setProperty(_pmu_regulator_properties, void const*)
                0x0000000010004974                pmu::AnalogRegulator::getOutputMillivolts() const
                0x00000000100049cc                pmu::AnalogRegulator::setOutputMillivolts(unsigned long)
                0x0000000010004ab4                pmu::AnalogRegulator::getBrownoutMillivolts() const
                0x0000000010004b24                pmu::AnalogRegulator::setBrownoutMillivolts(unsigned long)
                0x0000000010004bbc                pmu::AnalogRegulator::isBrownoutDetectEnabled() const
                0x0000000010004bf0                pmu::AnalogRegulator::setBrownoutDetectIsEnabled(bool)
                0x0000000010004c3c                pmu::AnalogRegulator::isEnabled() const
                0x0000000010004c70                pmu::AnalogRegulator::setIsEnabled(bool)
                0x0000000010004cbc                pmu::DigitalRegulator::DigitalRegulator()
                0x0000000010004cbc                pmu::DigitalRegulator::DigitalRegulator()
                0x0000000010004cfc                pmu::DigitalRegulator::getProperty(_pmu_regulator_properties, void*)
                0x0000000010004dfc                pmu::DigitalRegulator::setProperty(_pmu_regulator_properties, void const*)
                0x0000000010004ec4                pmu::DigitalRegulator::isBypassed() const
                0x0000000010004f10                pmu::DigitalRegulator::setIsBypassed(bool)
                0x0000000010004fc4                pmu::DigitalRegulator::getOutputMillivolts() const
                0x0000000010005060                pmu::DigitalRegulator::setOutputMillivolts(unsigned long)
                0x0000000010005144                pmu::DigitalRegulator::getBrownoutMillivolts() const
                0x00000000100051b8                pmu::DigitalRegulator::setBrownoutMillivolts(unsigned long)
                0x0000000010005250                pmu::DigitalRegulator::isEnabled() const
                0x000000001000529c                pmu::DigitalRegulator::setIsEnabled(bool)
                0x0000000010005358                pmu::LDO1p1Regulator::LDO1p1Regulator()
                0x0000000010005358                pmu::LDO1p1Regulator::LDO1p1Regulator()
                0x00000000100053b8                pmu::LDO1p1Regulator::getProperty(_pmu_regulator_properties, void*)
                0x0000000010005450                pmu::LDO1p1Regulator::getOutputMillivolts() const
                0x00000000100054ac                pmu::LDO1p1Regulator::setOutputMillivolts(unsigned long)
                0x00000000100055a0                pmu::LDO2p5Regulator::LDO2p5Regulator()
                0x00000000100055a0                pmu::LDO2p5Regulator::LDO2p5Regulator()
                0x0000000010005600                pmu::LDO3p0Regulator::LDO3p0Regulator()
                0x0000000010005600                pmu::LDO3p0Regulator::LDO3p0Regulator()
                0x0000000010005660                pmu::LDO3p0Regulator::getProperty(_pmu_regulator_properties, void*)
                0x00000000100056cc                pmu::LDO3p0Regulator::setProperty(_pmu_regulator_properties, void const*)
                0x000000001000573c                pmu::LDOARMRegulator::LDOARMRegulator()
                0x000000001000573c                pmu::LDOARMRegulator::LDOARMRegulator()
                0x0000000010005794                pmu::LDOARMRegulator::setBrownoutDetectIsEnabled(bool)
                0x00000000100057e0                pmu::LDOARMRegulator::setRampRate(unsigned long)
                0x0000000010005840                pmu::LDOGraphicsRegulator::LDOGraphicsRegulator()
                0x0000000010005840                pmu::LDOGraphicsRegulator::LDOGraphicsRegulator()
                0x0000000010005898                pmu::LDOGraphicsRegulator::setBrownoutDetectIsEnabled(bool)
                0x00000000100058e4                pmu::LDOGraphicsRegulator::setRampRate(unsigned long)
                0x0000000010005944                pmu::LDOSoCRegulator::LDOSoCRegulator()
                0x0000000010005944                pmu::LDOSoCRegulator::LDOSoCRegulator()
                0x000000001000599c                pmu::LDOSoCRegulator::setBrownoutDetectIsEnabled(bool)
                0x00000000100059e8                pmu::LDOSoCRegulator::setRampRate(unsigned long)
 .text._ZnwjPv  0x0000000010005aac       0x28 /home/leon/git/swp-report/iMX6_Platform_SDK/output/mx6sdl/lib/libsdk.a(pmu_driver.o)
                0x0000000010005aac                operator new(unsigned int, void*)
 .text._ZN3pmu9RegulatorC2Ev
                0x0000000010005ad4       0x64 /home/leon/git/swp-report/iMX6_Platform_SDK/output/mx6sdl/lib/libsdk.a(pmu_driver.o)
                0x0000000010005ad4                pmu::Regulator::Regulator()
                0x0000000010005ad4                pmu::Regulator::Regulator()
 .text._ZN3pmu9Regulator18setBrownoutHandlerEPFv9_pmu_regsE
                0x0000000010005b38       0x2c /home/leon/git/swp-report/iMX6_Platform_SDK/output/mx6sdl/lib/libsdk.a(pmu_driver.o)
                0x0000000010005b38                pmu::Regulator::setBrownoutHandler(void (*)(_pmu_regs))
 .text._ZN3pmu9Regulator18getBrownoutHandlerEv
                0x0000000010005b64       0x28 /home/leon/git/swp-report/iMX6_Platform_SDK/output/mx6sdl/lib/libsdk.a(pmu_driver.o)
                0x0000000010005b64                pmu::Regulator::getBrownoutHandler()
 .text._ZN3pmu15AnalogRegulatorC2ERV15_hw_pmu_reg_1p1
                0x0000000010005b8c       0x50 /home/leon/git/swp-report/iMX6_Platform_SDK/output/mx6sdl/lib/libsdk.a(pmu_driver.o)
                0x0000000010005b8c                pmu::AnalogRegulator::AnalogRegulator(_hw_pmu_reg_1p1 volatile&)
                0x0000000010005b8c                pmu::AnalogRegulator::AnalogRegulator(_hw_pmu_reg_1p1 volatile&)
 .text._ZNK3pmu15LDO1p1Regulator12isInBrownoutEv
                0x0000000010005bdc       0x70 /home/leon/git/swp-report/iMX6_Platform_SDK/output/mx6sdl/lib/libsdk.a(pmu_driver.o)
                0x0000000010005bdc                pmu::LDO1p1Regulator::isInBrownout() const
 .text._ZNK3pmu15LDO1p1Regulator4isOKEv
                0x0000000010005c4c       0x78 /home/leon/git/swp-report/iMX6_Platform_SDK/output/mx6sdl/lib/libsdk.a(pmu_driver.o)
                0x0000000010005c4c                pmu::LDO1p1Regulator::isOK() const
 .text._ZNK3pmu15LDO2p5Regulator12isInBrownoutEv
                0x0000000010005cc4       0x70 /home/leon/git/swp-report/iMX6_Platform_SDK/output/mx6sdl/lib/libsdk.a(pmu_driver.o)
                0x0000000010005cc4                pmu::LDO2p5Regulator::isInBrownout() const
 .text._ZNK3pmu15LDO2p5Regulator4isOKEv
                0x0000000010005d34       0x78 /home/leon/git/swp-report/iMX6_Platform_SDK/output/mx6sdl/lib/libsdk.a(pmu_driver.o)
                0x0000000010005d34                pmu::LDO2p5Regulator::isOK() const
 .text._ZNK3pmu15LDO3p0Regulator12isInBrownoutEv
                0x0000000010005dac       0x70 /home/leon/git/swp-report/iMX6_Platform_SDK/output/mx6sdl/lib/libsdk.a(pmu_driver.o)
                0x0000000010005dac                pmu::LDO3p0Regulator::isInBrownout() const
 .text._ZNK3pmu15LDO3p0Regulator4isOKEv
                0x0000000010005e1c       0x78 /home/leon/git/swp-report/iMX6_Platform_SDK/output/mx6sdl/lib/libsdk.a(pmu_driver.o)
                0x0000000010005e1c                pmu::LDO3p0Regulator::isOK() const
 .text._ZNK3pmu15LDOARMRegulator23isBrownoutDetectEnabledEv
                0x0000000010005e94       0x34 /home/leon/git/swp-report/iMX6_Platform_SDK/output/mx6sdl/lib/libsdk.a(pmu_driver.o)
                0x0000000010005e94                pmu::LDOARMRegulator::isBrownoutDetectEnabled() const
 .text._ZNK3pmu15LDOARMRegulator12isInBrownoutEv
                0x0000000010005ec8       0x6c /home/leon/git/swp-report/iMX6_Platform_SDK/output/mx6sdl/lib/libsdk.a(pmu_driver.o)
                0x0000000010005ec8                pmu::LDOARMRegulator::isInBrownout() const
 .text._ZNK3pmu15LDOARMRegulator4isOKEv
                0x0000000010005f34       0x24 /home/leon/git/swp-report/iMX6_Platform_SDK/output/mx6sdl/lib/libsdk.a(pmu_driver.o)
                0x0000000010005f34                pmu::LDOARMRegulator::isOK() const
 .text._ZNK3pmu15LDOARMRegulator11getRampRateEv
                0x0000000010005f58       0x34 /home/leon/git/swp-report/iMX6_Platform_SDK/output/mx6sdl/lib/libsdk.a(pmu_driver.o)
                0x0000000010005f58                pmu::LDOARMRegulator::getRampRate() const
 .text._ZNK3pmu15LDOARMRegulator10getTriggerEv
                0x0000000010005f8c       0x34 /home/leon/git/swp-report/iMX6_Platform_SDK/output/mx6sdl/lib/libsdk.a(pmu_driver.o)
                0x0000000010005f8c                pmu::LDOARMRegulator::getTrigger() const
 .text._ZN3pmu15LDOARMRegulator10setTriggerEm
                0x0000000010005fc0       0x44 /home/leon/git/swp-report/iMX6_Platform_SDK/output/mx6sdl/lib/libsdk.a(pmu_driver.o)
                0x0000000010005fc0                pmu::LDOARMRegulator::setTrigger(unsigned long)
 .text._ZNK3pmu15LDOARMRegulator11getBrownoutEv
                0x0000000010006004       0x34 /home/leon/git/swp-report/iMX6_Platform_SDK/output/mx6sdl/lib/libsdk.a(pmu_driver.o)
                0x0000000010006004                pmu::LDOARMRegulator::getBrownout() const
 .text._ZN3pmu15LDOARMRegulator11setBrownoutEm
                0x0000000010006038       0x44 /home/leon/git/swp-report/iMX6_Platform_SDK/output/mx6sdl/lib/libsdk.a(pmu_driver.o)
                0x0000000010006038                pmu::LDOARMRegulator::setBrownout(unsigned long)
 .text._ZNK3pmu20LDOGraphicsRegulator23isBrownoutDetectEnabledEv
                0x000000001000607c       0x34 /home/leon/git/swp-report/iMX6_Platform_SDK/output/mx6sdl/lib/libsdk.a(pmu_driver.o)
                0x000000001000607c                pmu::LDOGraphicsRegulator::isBrownoutDetectEnabled() const
 .text._ZNK3pmu20LDOGraphicsRegulator12isInBrownoutEv
                0x00000000100060b0       0x6c /home/leon/git/swp-report/iMX6_Platform_SDK/output/mx6sdl/lib/libsdk.a(pmu_driver.o)
                0x00000000100060b0                pmu::LDOGraphicsRegulator::isInBrownout() const
 .text._ZNK3pmu20LDOGraphicsRegulator4isOKEv
                0x000000001000611c       0x24 /home/leon/git/swp-report/iMX6_Platform_SDK/output/mx6sdl/lib/libsdk.a(pmu_driver.o)
                0x000000001000611c                pmu::LDOGraphicsRegulator::isOK() const
 .text._ZNK3pmu20LDOGraphicsRegulator11getRampRateEv
                0x0000000010006140       0x34 /home/leon/git/swp-report/iMX6_Platform_SDK/output/mx6sdl/lib/libsdk.a(pmu_driver.o)
                0x0000000010006140                pmu::LDOGraphicsRegulator::getRampRate() const
 .text._ZNK3pmu20LDOGraphicsRegulator10getTriggerEv
                0x0000000010006174       0x34 /home/leon/git/swp-report/iMX6_Platform_SDK/output/mx6sdl/lib/libsdk.a(pmu_driver.o)
                0x0000000010006174                pmu::LDOGraphicsRegulator::getTrigger() const
 .text._ZN3pmu20LDOGraphicsRegulator10setTriggerEm
                0x00000000100061a8       0x44 /home/leon/git/swp-report/iMX6_Platform_SDK/output/mx6sdl/lib/libsdk.a(pmu_driver.o)
                0x00000000100061a8                pmu::LDOGraphicsRegulator::setTrigger(unsigned long)
 .text._ZNK3pmu20LDOGraphicsRegulator11getBrownoutEv
                0x00000000100061ec       0x34 /home/leon/git/swp-report/iMX6_Platform_SDK/output/mx6sdl/lib/libsdk.a(pmu_driver.o)
                0x00000000100061ec                pmu::LDOGraphicsRegulator::getBrownout() const
 .text._ZN3pmu20LDOGraphicsRegulator11setBrownoutEm
                0x0000000010006220       0x44 /home/leon/git/swp-report/iMX6_Platform_SDK/output/mx6sdl/lib/libsdk.a(pmu_driver.o)
                0x0000000010006220                pmu::LDOGraphicsRegulator::setBrownout(unsigned long)
 .text._ZNK3pmu15LDOSoCRegulator23isBrownoutDetectEnabledEv
                0x0000000010006264       0x34 /home/leon/git/swp-report/iMX6_Platform_SDK/output/mx6sdl/lib/libsdk.a(pmu_driver.o)
                0x0000000010006264                pmu::LDOSoCRegulator::isBrownoutDetectEnabled() const
 .text._ZNK3pmu15LDOSoCRegulator12isInBrownoutEv
                0x0000000010006298       0x6c /home/leon/git/swp-report/iMX6_Platform_SDK/output/mx6sdl/lib/libsdk.a(pmu_driver.o)
                0x0000000010006298                pmu::LDOSoCRegulator::isInBrownout() const
 .text._ZNK3pmu15LDOSoCRegulator4isOKEv
                0x0000000010006304       0x74 /home/leon/git/swp-report/iMX6_Platform_SDK/output/mx6sdl/lib/libsdk.a(pmu_driver.o)
                0x0000000010006304                pmu::LDOSoCRegulator::isOK() const
 .text._ZNK3pmu15LDOSoCRegulator11getRampRateEv
                0x0000000010006378       0x34 /home/leon/git/swp-report/iMX6_Platform_SDK/output/mx6sdl/lib/libsdk.a(pmu_driver.o)
                0x0000000010006378                pmu::LDOSoCRegulator::getRampRate() const
 .text._ZNK3pmu15LDOSoCRegulator10getTriggerEv
                0x00000000100063ac       0x34 /home/leon/git/swp-report/iMX6_Platform_SDK/output/mx6sdl/lib/libsdk.a(pmu_driver.o)
                0x00000000100063ac                pmu::LDOSoCRegulator::getTrigger() const
 .text._ZN3pmu15LDOSoCRegulator10setTriggerEm
                0x00000000100063e0       0x44 /home/leon/git/swp-report/iMX6_Platform_SDK/output/mx6sdl/lib/libsdk.a(pmu_driver.o)
                0x00000000100063e0                pmu::LDOSoCRegulator::setTrigger(unsigned long)
 .text._ZNK3pmu15LDOSoCRegulator11getBrownoutEv
                0x0000000010006424       0x34 /home/leon/git/swp-report/iMX6_Platform_SDK/output/mx6sdl/lib/libsdk.a(pmu_driver.o)
                0x0000000010006424                pmu::LDOSoCRegulator::getBrownout() const
 .text._ZN3pmu15LDOSoCRegulator11setBrownoutEm
                0x0000000010006458       0x44 /home/leon/git/swp-report/iMX6_Platform_SDK/output/mx6sdl/lib/libsdk.a(pmu_driver.o)
                0x0000000010006458                pmu::LDOSoCRegulator::setBrownout(unsigned long)
 .text._ZN3pmu9_pmu_infoC2Ev
                0x000000001000649c       0x84 /home/leon/git/swp-report/iMX6_Platform_SDK/output/mx6sdl/lib/libsdk.a(pmu_driver.o)
                0x000000001000649c                pmu::_pmu_info::_pmu_info()
                0x000000001000649c                pmu::_pmu_info::_pmu_info()
 .text._ZN3pmu15AnalogRegulatorC2I15_hw_pmu_reg_2p5EERVT_
                0x0000000010006520       0x50 /home/leon/git/swp-report/iMX6_Platform_SDK/output/mx6sdl/lib/libsdk.a(pmu_driver.o)
                0x0000000010006520                pmu::AnalogRegulator::AnalogRegulator<_hw_pmu_reg_2p5>(_hw_pmu_reg_2p5 volatile&)
                0x0000000010006520                pmu::AnalogRegulator::AnalogRegulator<_hw_pmu_reg_2p5>(_hw_pmu_reg_2p5 volatile&)
 .text._ZN3pmu15AnalogRegulatorC2I15_hw_pmu_reg_3p0EERVT_
                0x0000000010006570       0x50 /home/leon/git/swp-report/iMX6_Platform_SDK/output/mx6sdl/lib/libsdk.a(pmu_driver.o)
                0x0000000010006570                pmu::AnalogRegulator::AnalogRegulator<_hw_pmu_reg_3p0>(_hw_pmu_reg_3p0 volatile&)
                0x0000000010006570                pmu::AnalogRegulator::AnalogRegulator<_hw_pmu_reg_3p0>(_hw_pmu_reg_3p0 volatile&)
 .text          0x00000000100065c0      0x8dc /home/leon/git/swp-report/iMX6_Platform_SDK/output/mx6sdl/lib/libsdk.a(epit.o)
                0x00000000100065c0                epit_reload_counter
                0x0000000010006620                epit_get_counter_value
                0x000000001000667c                epit_set_compare_event
                0x00000000100066dc                epit_get_compare_event
                0x00000000100067d4                epit_counter_disable
                0x0000000010006998                epit_counter_enable
                0x0000000010006bf4                epit_setup_interrupt
                0x0000000010006c84                epit_init
 .text          0x0000000010006e9c      0x27c /home/leon/git/swp-report/iMX6_Platform_SDK/output/mx6sdl/lib/libsdk.a(timer.o)
                0x0000000010006e9c                hal_delay_us
                0x0000000010006f08                system_time_init
                0x0000000010007064                time_get_microseconds
 .text          0x0000000010007118     0x281c /home/leon/git/swp-report/iMX6_Platform_SDK/output/mx6sdl/lib/libsdk.a(imx_uart.o)
                0x0000000010007118                uart_get_reffreq
                0x0000000010007214                uart_putchar
                0x0000000010007364                uart_getchar
                0x00000000100074c4                uart_set_FIFO_mode
                0x0000000010007fec                uart_set_loopback_mode
                0x0000000010008240                uart_setup_interrupt
                0x000000001000830c                uart_init
 .text          0x0000000010009934       0x98 /home/leon/git/swp-report/iMX6_Platform_SDK/output/mx6sdl/lib/libsdk.a(arm_abort.o)
                0x0000000010009934                common_abort_handler
                0x0000000010009994                data_abort_handler
                0x00000000100099ac                prefetch_abort_handler
 .text          0x00000000100099cc      0x1b8 /home/leon/git/swp-report/iMX6_Platform_SDK/output/mx6sdl/lib/libsdk.a(interrupt.o)
                0x00000000100099cc                IRQ_HDLR
                0x0000000010009a90                disable_interrupt
                0x0000000010009acc                enable_interrupt
                0x0000000010009b24                register_interrupt_routine
                0x0000000010009b58                default_interrupt_routine
 .text          0x0000000010009b84      0x4bc /home/leon/git/swp-report/iMX6_Platform_SDK/output/mx6sdl/lib/libsdk.a(abort_handler.o)
                0x0000000010009b84                dump_regs
 .text          0x000000001000a040      0x12c /home/leon/git/swp-report/iMX6_Platform_SDK/output/mx6sdl/lib/libboard_sabre_ai_rev_c.a(board_io_expanders.o)
                0x000000001000a040                board_ioexpander_init
                0x000000001000a138                board_ioexpander_iomux_config
 .text          0x000000001000a16c        0x0 /home/leon/git/swp-report/iMX6_Platform_SDK/output/mx6sdl/lib/libboard_sabre_ai_rev_c.a(hardware_modules.o)
 .text          0x000000001000a16c        0x0 /home/leon/git/swp-report/iMX6_Platform_SDK/output/mx6sdl/lib/libboard_sabre_ai_rev_c.a(dcd.o)
 .text          0x000000001000a16c       0x78 /home/leon/git/swp-report/iMX6_Platform_SDK/output/mx6sdl/lib/libboard_sabre_ai_rev_c.a(i2c3_iomux_config.o)
                0x000000001000a16c                i2c3_iomux_config
 .text          0x000000001000a1e4       0x8c /home/leon/git/swp-report/iMX6_Platform_SDK/output/mx6sdl/lib/libboard_sabre_ai_rev_c.a(uart_iomux_config.o)
                0x000000001000a1e4                uart_iomux_config
 .text          0x000000001000a270      0x2c4 /home/leon/git/swp-report/iMX6_Platform_SDK/output/mx6sdl/lib/libboard_sabre_ai_rev_c.a(iomux_config.o)
                0x000000001000a270                iomux_config
                0x000000001000a2f4                arm_iomux_config
                0x000000001000a304                asrc_iomux_config
                0x000000001000a314                dcic1_iomux_config
                0x000000001000a324                dcic2_iomux_config
                0x000000001000a334                ecspi2_iomux_config
                0x000000001000a344                ecspi3_iomux_config
                0x000000001000a354                ecspi4_iomux_config
                0x000000001000a364                epdc_iomux_config
                0x000000001000a374                epit1_iomux_config
                0x000000001000a384                epit2_iomux_config
                0x000000001000a394                gpio3_iomux_config
                0x000000001000a3a4                gpio7_iomux_config
                0x000000001000a3b4                gpt_iomux_config
                0x000000001000a3c4                hdmi_iomux_config
                0x000000001000a3d4                i2c1_iomux_config
                0x000000001000a3e4                i2c4_iomux_config
                0x000000001000a3f4                kpp_iomux_config
                0x000000001000a404                lcd_iomux_config
                0x000000001000a414                ldb_iomux_config
                0x000000001000a424                mipi_csi_iomux_config
                0x000000001000a434                mipi_dsi_iomux_config
                0x000000001000a444                mipi_hsi_iomux_config
                0x000000001000a454                pcie_iomux_config
                0x000000001000a464                pmu_iomux_config
                0x000000001000a474                pwm1_iomux_config
                0x000000001000a484                pwm2_iomux_config
                0x000000001000a494                sdma_iomux_config
                0x000000001000a4a4                snvs_iomux_config
                0x000000001000a4b4                src_iomux_config
                0x000000001000a4c4                uart1_iomux_config
                0x000000001000a4d4                uart5_iomux_config
                0x000000001000a4e4                usb_iomux_config
                0x000000001000a4f4                usdhc2_iomux_config
                0x000000001000a504                usdhc4_iomux_config
                0x000000001000a514                wdog2_iomux_config
                0x000000001000a524                xtalosc_iomux_config
 .text          0x000000001000a534      0x5f8 /home/leon/git/swp-report/iMX6_Platform_SDK/output/mx6sdl/lib/libboard_sabre_ai_rev_c.a(ipu1_iomux_config.o)
                0x000000001000a534                ipu1_iomux_config
 .text          0x000000001000ab2c       0xac /home/leon/git/swp-report/iMX6_Platform_SDK/output/mx6sdl/lib/libboard_sabre_ai_rev_c.a(mlb_iomux_config.o)
                0x000000001000ab2c                mlb_iomux_config
 .text          0x000000001000abd8     0x2484 /home/leon/git/swp-report/iMX6_Platform_SDK/output/mx6sdl/lib/libboard_sabre_ai_rev_c.a(mmdc_iomux_config.o)
                0x000000001000abd8                mmdc_iomux_config
 .text          0x000000001000d05c       0x34 /home/leon/git/swp-report/iMX6_Platform_SDK/output/mx6sdl/lib/libboard_sabre_ai_rev_c.a(pwm3_iomux_config.o)
                0x000000001000d05c                pwm3_iomux_config
 .text          0x000000001000d090       0x34 /home/leon/git/swp-report/iMX6_Platform_SDK/output/mx6sdl/lib/libboard_sabre_ai_rev_c.a(pwm4_iomux_config.o)
                0x000000001000d090                pwm4_iomux_config
 .text          0x000000001000d0c4       0x70 /home/leon/git/swp-report/iMX6_Platform_SDK/output/mx6sdl/lib/libboard_sabre_ai_rev_c.a(sjc_iomux_config.o)
                0x000000001000d0c4                sjc_iomux_config
 .text          0x000000001000d134       0x40 /home/leon/git/swp-report/iMX6_Platform_SDK/output/mx6sdl/lib/libboard_sabre_ai_rev_c.a(spdif_iomux_config.o)
                0x000000001000d134                spdif_iomux_config
 .text          0x000000001000d174       0xe0 /home/leon/git/swp-report/iMX6_Platform_SDK/output/mx6sdl/lib/libboard_sabre_ai_rev_c.a(uart2_iomux_config.o)
                0x000000001000d174                uart2_iomux_config
 .text          0x000000001000d254       0xe0 /home/leon/git/swp-report/iMX6_Platform_SDK/output/mx6sdl/lib/libboard_sabre_ai_rev_c.a(uart3_iomux_config.o)
                0x000000001000d254                uart3_iomux_config
 .text          0x000000001000d334       0x78 /home/leon/git/swp-report/iMX6_Platform_SDK/output/mx6sdl/lib/libboard_sabre_ai_rev_c.a(uart4_iomux_config.o)
                0x000000001000d334                uart4_iomux_config
 .text          0x000000001000d3ac      0x1ac /home/leon/git/swp-report/iMX6_Platform_SDK/output/mx6sdl/lib/libboard_sabre_ai_rev_c.a(usdhc1_iomux_config.o)
                0x000000001000d3ac                usdhc1_iomux_config
 .text          0x000000001000d558      0x1d0 /home/leon/git/swp-report/iMX6_Platform_SDK/output/mx6sdl/lib/libboard_sabre_ai_rev_c.a(usdhc3_iomux_config.o)
                0x000000001000d558                usdhc3_iomux_config
 .text          0x000000001000d728       0x34 /home/leon/git/swp-report/iMX6_Platform_SDK/output/mx6sdl/lib/libboard_sabre_ai_rev_c.a(wdog1_iomux_config.o)
                0x000000001000d728                wdog1_iomux_config
 .text          0x000000001000d75c      0x13c /home/leon/git/swp-report/iMX6_Platform_SDK/output/mx6sdl/lib/libboard_sabre_ai_rev_c.a(audmux_iomux_config.o)
                0x000000001000d75c                audmux_iomux_config
 .text          0x000000001000d898       0x34 /home/leon/git/swp-report/iMX6_Platform_SDK/output/mx6sdl/lib/libboard_sabre_ai_rev_c.a(ccm_iomux_config.o)
                0x000000001000d898                ccm_iomux_config
 .text          0x000000001000d8cc      0x104 /home/leon/git/swp-report/iMX6_Platform_SDK/output/mx6sdl/lib/libboard_sabre_ai_rev_c.a(ecspi1_iomux_config.o)
                0x000000001000d8cc                ecspi1_iomux_config
 .text          0x000000001000d9d0      0x5d0 /home/leon/git/swp-report/iMX6_Platform_SDK/output/mx6sdl/lib/libboard_sabre_ai_rev_c.a(eim_iomux_config.o)
                0x000000001000d9d0                eim_iomux_config
 .text          0x000000001000dfa0      0x3bc /home/leon/git/swp-report/iMX6_Platform_SDK/output/mx6sdl/lib/libboard_sabre_ai_rev_c.a(enet_iomux_config.o)
                0x000000001000dfa0                enet_iomux_config
 .text          0x000000001000e35c      0x218 /home/leon/git/swp-report/iMX6_Platform_SDK/output/mx6sdl/lib/libboard_sabre_ai_rev_c.a(esai_iomux_config.o)
                0x000000001000e35c                esai_iomux_config
 .text          0x000000001000e574       0x68 /home/leon/git/swp-report/iMX6_Platform_SDK/output/mx6sdl/lib/libboard_sabre_ai_rev_c.a(flexcan1_iomux_config.o)
                0x000000001000e574                flexcan1_iomux_config
 .text          0x000000001000e5dc       0x68 /home/leon/git/swp-report/iMX6_Platform_SDK/output/mx6sdl/lib/libboard_sabre_ai_rev_c.a(flexcan2_iomux_config.o)
                0x000000001000e5dc                flexcan2_iomux_config
 .text          0x000000001000e644      0x130 /home/leon/git/swp-report/iMX6_Platform_SDK/output/mx6sdl/lib/libboard_sabre_ai_rev_c.a(gpio1_iomux_config.o)
                0x000000001000e644                gpio1_iomux_config
 .text          0x000000001000e774       0xfc /home/leon/git/swp-report/iMX6_Platform_SDK/output/mx6sdl/lib/libboard_sabre_ai_rev_c.a(gpio2_iomux_config.o)
                0x000000001000e774                gpio2_iomux_config
 .text          0x000000001000e870       0x58 /home/leon/git/swp-report/iMX6_Platform_SDK/output/mx6sdl/lib/libboard_sabre_ai_rev_c.a(gpio4_iomux_config.o)
                0x000000001000e870                gpio4_iomux_config
 .text          0x000000001000e8c8       0xe4 /home/leon/git/swp-report/iMX6_Platform_SDK/output/mx6sdl/lib/libboard_sabre_ai_rev_c.a(gpio5_iomux_config.o)
                0x000000001000e8c8                gpio5_iomux_config
 .text          0x000000001000e9ac       0x54 /home/leon/git/swp-report/iMX6_Platform_SDK/output/mx6sdl/lib/libboard_sabre_ai_rev_c.a(gpio6_iomux_config.o)
                0x000000001000e9ac                gpio6_iomux_config
 .text          0x000000001000ea00      0x274 /home/leon/git/swp-report/iMX6_Platform_SDK/output/mx6sdl/lib/libboard_sabre_ai_rev_c.a(gpmi_iomux_config.o)
                0x000000001000ea00                gpmi_iomux_config
 .text          0x000000001000ec74       0x78 /home/leon/git/swp-report/iMX6_Platform_SDK/output/mx6sdl/lib/libboard_sabre_ai_rev_c.a(i2c2_iomux_config.o)
                0x000000001000ec74                i2c2_iomux_config
 .text          0x000000001000ecec        0x0 /home/src/arm/target/bin/../arm-none-eabi/lib//libstdc++.a(pure.o)
 .text.__cxa_pure_virtual
                0x000000001000ecec       0x1c /home/src/arm/target/bin/../arm-none-eabi/lib//libstdc++.a(pure.o)
                0x000000001000ecec                __cxa_pure_virtual
 .text.__cxa_deleted_virtual
                0x000000001000ed08       0x1c /home/src/arm/target/bin/../arm-none-eabi/lib//libstdc++.a(pure.o)
                0x000000001000ed08                __cxa_deleted_virtual
 .text          0x000000001000ed24        0x0 /home/src/arm/target/bin/../arm-none-eabi/lib//libstdc++.a(eh_terminate.o)
 .text._ZN10__cxxabiv111__terminateEPFvvE
                0x000000001000ed24       0x34 /home/src/arm/target/bin/../arm-none-eabi/lib//libstdc++.a(eh_terminate.o)
                0x000000001000ed24                __cxxabiv1::__terminate(void (*)())
 .text._ZSt9terminatev
                0x000000001000ed58       0x14 /home/src/arm/target/bin/../arm-none-eabi/lib//libstdc++.a(eh_terminate.o)
                0x000000001000ed58                std::terminate()
 .text._ZN10__cxxabiv112__unexpectedEPFvvE
                0x000000001000ed6c       0x10 /home/src/arm/target/bin/../arm-none-eabi/lib//libstdc++.a(eh_terminate.o)
                0x000000001000ed6c                __cxxabiv1::__unexpected(void (*)())
 .text._ZSt10unexpectedv
                0x000000001000ed7c       0x14 /home/src/arm/target/bin/../arm-none-eabi/lib//libstdc++.a(eh_terminate.o)
                0x000000001000ed7c                std::unexpected()
 .text._ZSt13set_terminatePFvvE
                0x000000001000ed90       0x18 /home/src/arm/target/bin/../arm-none-eabi/lib//libstdc++.a(eh_terminate.o)
                0x000000001000ed90                std::set_terminate(void (*)())
 .text._ZSt14set_unexpectedPFvvE
                0x000000001000eda8       0x18 /home/src/arm/target/bin/../arm-none-eabi/lib//libstdc++.a(eh_terminate.o)
                0x000000001000eda8                std::set_unexpected(void (*)())
 .text          0x000000001000edc0        0x0 /home/src/arm/target/bin/../arm-none-eabi/lib//libstdc++.a(eh_arm.o)
 .text.__cxa_end_cleanup
                0x000000001000edc0       0x10 /home/src/arm/target/bin/../arm-none-eabi/lib//libstdc++.a(eh_arm.o)
                0x000000001000edc0                __cxa_end_cleanup
 .text.__cxa_type_match
                0x000000001000edd0      0x148 /home/src/arm/target/bin/../arm-none-eabi/lib//libstdc++.a(eh_arm.o)
                0x000000001000edd0                __cxa_type_match
 .text.__cxa_begin_cleanup
                0x000000001000ef18       0xbc /home/src/arm/target/bin/../arm-none-eabi/lib//libstdc++.a(eh_arm.o)
                0x000000001000ef18                __cxa_begin_cleanup
 .text.__gnu_end_cleanup
                0x000000001000efd4       0xbc /home/src/arm/target/bin/../arm-none-eabi/lib//libstdc++.a(eh_arm.o)
                0x000000001000efd4                __gnu_end_cleanup
 .text          0x000000001000f090        0x0 /home/src/arm/target/bin/../arm-none-eabi/lib//libstdc++.a(eh_exception.o)
 .text._ZNSt9exceptionD2Ev
                0x000000001000f090       0x10 /home/src/arm/target/bin/../arm-none-eabi/lib//libstdc++.a(eh_exception.o)
                0x000000001000f090                std::exception::~exception()
                0x000000001000f090                std::exception::~exception()
 .text._ZNSt13bad_exceptionD2Ev
                0x000000001000f0a0       0x10 /home/src/arm/target/bin/../arm-none-eabi/lib//libstdc++.a(eh_exception.o)
                0x000000001000f0a0                std::bad_exception::~bad_exception()
                0x000000001000f0a0                std::bad_exception::~bad_exception()
 .text._ZN10__cxxabiv115__forced_unwindD2Ev
                0x000000001000f0b0       0x10 /home/src/arm/target/bin/../arm-none-eabi/lib//libstdc++.a(eh_exception.o)
                0x000000001000f0b0                __cxxabiv1::__forced_unwind::~__forced_unwind()
                0x000000001000f0b0                __cxxabiv1::__forced_unwind::~__forced_unwind()
 .text._ZN10__cxxabiv119__foreign_exceptionD2Ev
                0x000000001000f0c0       0x10 /home/src/arm/target/bin/../arm-none-eabi/lib//libstdc++.a(eh_exception.o)
                0x000000001000f0c0                __cxxabiv1::__foreign_exception::~__foreign_exception()
                0x000000001000f0c0                __cxxabiv1::__foreign_exception::~__foreign_exception()
 .text._ZNKSt9exception4whatEv
                0x000000001000f0d0        0xc /home/src/arm/target/bin/../arm-none-eabi/lib//libstdc++.a(eh_exception.o)
                0x000000001000f0d0                std::exception::what() const
 .text._ZNKSt13bad_exception4whatEv
                0x000000001000f0dc        0xc /home/src/arm/target/bin/../arm-none-eabi/lib//libstdc++.a(eh_exception.o)
                0x000000001000f0dc                std::bad_exception::what() const
 .text._ZNSt9exceptionD0Ev
                0x000000001000f0e8       0x24 /home/src/arm/target/bin/../arm-none-eabi/lib//libstdc++.a(eh_exception.o)
                0x000000001000f0e8                std::exception::~exception()
 .text._ZNSt13bad_exceptionD0Ev
                0x000000001000f10c       0x24 /home/src/arm/target/bin/../arm-none-eabi/lib//libstdc++.a(eh_exception.o)
                0x000000001000f10c                std::bad_exception::~bad_exception()
 .text._ZN10__cxxabiv115__forced_unwindD0Ev
                0x000000001000f130       0x24 /home/src/arm/target/bin/../arm-none-eabi/lib//libstdc++.a(eh_exception.o)
                0x000000001000f130                __cxxabiv1::__forced_unwind::~__forced_unwind()
 .text._ZN10__cxxabiv119__foreign_exceptionD0Ev
                0x000000001000f154       0x24 /home/src/arm/target/bin/../arm-none-eabi/lib//libstdc++.a(eh_exception.o)
                0x000000001000f154                __cxxabiv1::__foreign_exception::~__foreign_exception()
 .text          0x000000001000f178        0x0 /home/src/arm/target/bin/../arm-none-eabi/lib//libstdc++.a(eh_term_handler.o)
 .text          0x000000001000f178        0x0 /home/src/arm/target/bin/../arm-none-eabi/lib//libstdc++.a(eh_globals.o)
 .text.__cxa_get_globals_fast
                0x000000001000f178        0xc /home/src/arm/target/bin/../arm-none-eabi/lib//libstdc++.a(eh_globals.o)
                0x000000001000f178                __cxa_get_globals_fast
 .text.__cxa_get_globals
                0x000000001000f184        0xc /home/src/arm/target/bin/../arm-none-eabi/lib//libstdc++.a(eh_globals.o)
                0x000000001000f184                __cxa_get_globals
 .text          0x000000001000f190        0x0 /home/src/arm/target/bin/../arm-none-eabi/lib//libstdc++.a(eh_call.o)
 .text._ZN10__cxxabiv1L24__is_gxx_exception_classEPc
                0x000000001000f190       0x70 /home/src/arm/target/bin/../arm-none-eabi/lib//libstdc++.a(eh_call.o)
 .text.__cxa_call_terminate
                0x000000001000f200       0x2c /home/src/arm/target/bin/../arm-none-eabi/lib//libstdc++.a(eh_call.o)
                0x000000001000f200                __cxa_call_terminate
 .text.__cxa_call_unexpected
                0x000000001000f22c      0x134 /home/src/arm/target/bin/../arm-none-eabi/lib//libstdc++.a(eh_call.o)
                0x000000001000f22c                __cxa_call_unexpected
 .text          0x000000001000f360        0x0 /home/src/arm/target/bin/../arm-none-eabi/lib//libstdc++.a(eh_personality.o)
 .text._ZL12read_sleb128PKhPl
                0x000000001000f360       0x44 /home/src/arm/target/bin/../arm-none-eabi/lib//libstdc++.a(eh_personality.o)
 .text._ZL28read_encoded_value_with_basehjPKhPj
                0x000000001000f3a4      0x168 /home/src/arm/target/bin/../arm-none-eabi/lib//libstdc++.a(eh_personality.o)
 .text._ZL21base_of_encoded_valuehP15_Unwind_Context
                0x000000001000f50c       0x84 /home/src/arm/target/bin/../arm-none-eabi/lib//libstdc++.a(eh_personality.o)
 .text._ZL17parse_lsda_headerP15_Unwind_ContextPKhP16lsda_header_info
                0x000000001000f590       0xe0 /home/src/arm/target/bin/../arm-none-eabi/lib//libstdc++.a(eh_personality.o)
 .text.__gxx_personality_v0
                0x000000001000f670      0x62c /home/src/arm/target/bin/../arm-none-eabi/lib//libstdc++.a(eh_personality.o)
                0x000000001000f670                __gxx_personality_v0
 .text          0x000000001000fc9c        0x0 /home/src/arm/target/bin/../arm-none-eabi/lib//libstdc++.a(eh_unex_handler.o)
 .text          0x000000001000fc9c        0x0 /home/src/arm/target/bin/../arm-none-eabi/lib//libstdc++.a(si_class_type_info.o)
 .text._ZN10__cxxabiv120__si_class_type_infoD2Ev
                0x000000001000fc9c       0x24 /home/src/arm/target/bin/../arm-none-eabi/lib//libstdc++.a(si_class_type_info.o)
                0x000000001000fc9c                __cxxabiv1::__si_class_type_info::~__si_class_type_info()
                0x000000001000fc9c                __cxxabiv1::__si_class_type_info::~__si_class_type_info()
 .text._ZN10__cxxabiv120__si_class_type_infoD0Ev
                0x000000001000fcc0       0x2c /home/src/arm/target/bin/../arm-none-eabi/lib//libstdc++.a(si_class_type_info.o)
                0x000000001000fcc0                __cxxabiv1::__si_class_type_info::~__si_class_type_info()
 .text._ZNK10__cxxabiv120__si_class_type_info20__do_find_public_srcEiPKvPKNS_17__class_type_infoES2_
                0x000000001000fcec       0x6c /home/src/arm/target/bin/../arm-none-eabi/lib//libstdc++.a(si_class_type_info.o)
                0x000000001000fcec                __cxxabiv1::__si_class_type_info::__do_find_public_src(int, void const*, __cxxabiv1::__class_type_info const*, void const*) const
 .text._ZNK10__cxxabiv120__si_class_type_info12__do_dyncastEiNS_17__class_type_info10__sub_kindEPKS1_PKvS4_S6_RNS1_16__dyncast_resultE
                0x000000001000fd58       0xf0 /home/src/arm/target/bin/../arm-none-eabi/lib//libstdc++.a(si_class_type_info.o)
                0x000000001000fd58                __cxxabiv1::__si_class_type_info::__do_dyncast(int, __cxxabiv1::__class_type_info::__sub_kind, __cxxabiv1::__class_type_info const*, void const*, __cxxabiv1::__class_type_info const*, void const*, __cxxabiv1::__class_type_info::__dyncast_result&) const
 .text._ZNK10__cxxabiv120__si_class_type_info11__do_upcastEPKNS_17__class_type_infoEPKvRNS1_15__upcast_resultE
                0x000000001000fe48       0x48 /home/src/arm/target/bin/../arm-none-eabi/lib//libstdc++.a(si_class_type_info.o)
                0x000000001000fe48                __cxxabiv1::__si_class_type_info::__do_upcast(__cxxabiv1::__class_type_info const*, void const*, __cxxabiv1::__class_type_info::__upcast_result&) const
 .text          0x000000001000fe90        0x0 /home/src/arm/target/bin/../arm-none-eabi/lib//libstdc++.a(eh_throw.o)
 .text._ZL23__gxx_exception_cleanup19_Unwind_Reason_CodeP21_Unwind_Control_Block
                0x000000001000fe90       0x3c /home/src/arm/target/bin/../arm-none-eabi/lib//libstdc++.a(eh_throw.o)
 .text.__cxa_throw
                0x000000001000fecc       0x94 /home/src/arm/target/bin/../arm-none-eabi/lib//libstdc++.a(eh_throw.o)
                0x000000001000fecc                __cxa_throw
 .text.__cxa_rethrow
                0x000000001000ff60       0xb0 /home/src/arm/target/bin/../arm-none-eabi/lib//libstdc++.a(eh_throw.o)
                0x000000001000ff60                __cxa_rethrow
 .text          0x0000000010010010        0x0 /home/src/arm/target/bin/../arm-none-eabi/lib//libstdc++.a(vterminate.o)
 .text._ZN9__gnu_cxx27__verbose_terminate_handlerEv
                0x0000000010010010      0x1a0 /home/src/arm/target/bin/../arm-none-eabi/lib//libstdc++.a(vterminate.o)
                0x0000000010010010                __gnu_cxx::__verbose_terminate_handler()
 .text          0x00000000100101b0        0x0 /home/src/arm/target/bin/../arm-none-eabi/lib//libstdc++.a(eh_catch.o)
 .text.__cxa_get_exception_ptr
                0x00000000100101b0        0x8 /home/src/arm/target/bin/../arm-none-eabi/lib//libstdc++.a(eh_catch.o)
                0x00000000100101b0                __cxa_get_exception_ptr
 .text.__cxa_begin_catch
                0x00000000100101b8       0xe4 /home/src/arm/target/bin/../arm-none-eabi/lib//libstdc++.a(eh_catch.o)
                0x00000000100101b8                __cxa_begin_catch
 .text.__cxa_end_catch
                0x000000001001029c       0xe0 /home/src/arm/target/bin/../arm-none-eabi/lib//libstdc++.a(eh_catch.o)
                0x000000001001029c                __cxa_end_catch
 .text._ZSt18uncaught_exceptionv
                0x000000001001037c       0x1c /home/src/arm/target/bin/../arm-none-eabi/lib//libstdc++.a(eh_catch.o)
                0x000000001001037c                std::uncaught_exception()
 .text          0x0000000010010398        0x0 /home/src/arm/target/bin/../arm-none-eabi/lib//libstdc++.a(tinfo.o)
 .text._ZNSt9type_infoD2Ev
                0x0000000010010398       0x10 /home/src/arm/target/bin/../arm-none-eabi/lib//libstdc++.a(tinfo.o)
                0x0000000010010398                std::type_info::~type_info()
                0x0000000010010398                std::type_info::~type_info()
 .text._ZNKSt9type_info14__is_pointer_pEv
                0x00000000100103a8        0x8 /home/src/arm/target/bin/../arm-none-eabi/lib//libstdc++.a(tinfo.o)
                0x00000000100103a8                std::type_info::__is_pointer_p() const
 .text._ZNKSt9type_info15__is_function_pEv
                0x00000000100103b0        0x8 /home/src/arm/target/bin/../arm-none-eabi/lib//libstdc++.a(tinfo.o)
                0x00000000100103b0                std::type_info::__is_function_p() const
 .text._ZNKSt9type_info11__do_upcastEPKN10__cxxabiv117__class_type_infoEPPv
                0x00000000100103b8        0x8 /home/src/arm/target/bin/../arm-none-eabi/lib//libstdc++.a(tinfo.o)
                0x00000000100103b8                std::type_info::__do_upcast(__cxxabiv1::__class_type_info const*, void**) const
 .text._ZNSt9type_infoD0Ev
                0x00000000100103c0       0x24 /home/src/arm/target/bin/../arm-none-eabi/lib//libstdc++.a(tinfo.o)
                0x00000000100103c0                std::type_info::~type_info()
 .text._ZNKSt9type_infoeqERKS_
                0x00000000100103e4       0x50 /home/src/arm/target/bin/../arm-none-eabi/lib//libstdc++.a(tinfo.o)
                0x00000000100103e4                std::type_info::operator==(std::type_info const&) const
 .text._ZNKSt9type_info10__do_catchEPKS_PPvj
                0x0000000010010434        0x4 /home/src/arm/target/bin/../arm-none-eabi/lib//libstdc++.a(tinfo.o)
                0x0000000010010434                std::type_info::__do_catch(std::type_info const*, void**, unsigned int) const
 .text          0x0000000010010438        0x0 /home/src/arm/target/bin/../arm-none-eabi/lib//libstdc++.a(del_op.o)
 .text._ZdlPv   0x0000000010010438       0x14 /home/src/arm/target/bin/../arm-none-eabi/lib//libstdc++.a(del_op.o)
                0x0000000010010438                operator delete(void*)
 .text          0x000000001001044c     0x8604 /home/src/arm/target/bin/../arm-none-eabi/lib//libstdc++.a(cp-demangle.o)
                0x00000000100188cc                __cxa_demangle
                0x0000000010018a20                __gcclibcxx_demangle_callback
 .text          0x0000000010018a50        0x0 /home/src/arm/target/bin/../arm-none-eabi/lib//libstdc++.a(class_type_info.o)
 .text._ZNK10__cxxabiv117__class_type_info11__do_upcastEPKS0_PPv
                0x0000000010018a50       0x64 /home/src/arm/target/bin/../arm-none-eabi/lib//libstdc++.a(class_type_info.o)
                0x0000000010018a50                __cxxabiv1::__class_type_info::__do_upcast(__cxxabiv1::__class_type_info const*, void**) const
 .text._ZNK10__cxxabiv117__class_type_info20__do_find_public_srcEiPKvPKS0_S2_
                0x0000000010018ab4       0x14 /home/src/arm/target/bin/../arm-none-eabi/lib//libstdc++.a(class_type_info.o)
                0x0000000010018ab4                __cxxabiv1::__class_type_info::__do_find_public_src(int, void const*, __cxxabiv1::__class_type_info const*, void const*) const
 .text._ZN10__cxxabiv117__class_type_infoD2Ev
                0x0000000010018ac8       0x24 /home/src/arm/target/bin/../arm-none-eabi/lib//libstdc++.a(class_type_info.o)
                0x0000000010018ac8                __cxxabiv1::__class_type_info::~__class_type_info()
                0x0000000010018ac8                __cxxabiv1::__class_type_info::~__class_type_info()
 .text._ZN10__cxxabiv117__class_type_infoD0Ev
                0x0000000010018aec       0x2c /home/src/arm/target/bin/../arm-none-eabi/lib//libstdc++.a(class_type_info.o)
                0x0000000010018aec                __cxxabiv1::__class_type_info::~__class_type_info()
 .text._ZNK10__cxxabiv117__class_type_info11__do_upcastEPKS0_PKvRNS0_15__upcast_resultE
                0x0000000010018b18       0x30 /home/src/arm/target/bin/../arm-none-eabi/lib//libstdc++.a(class_type_info.o)
                0x0000000010018b18                __cxxabiv1::__class_type_info::__do_upcast(__cxxabiv1::__class_type_info const*, void const*, __cxxabiv1::__class_type_info::__upcast_result&) const
 .text._ZNK10__cxxabiv117__class_type_info10__do_catchEPKSt9type_infoPPvj
                0x0000000010018b48       0x54 /home/src/arm/target/bin/../arm-none-eabi/lib//libstdc++.a(class_type_info.o)
                0x0000000010018b48                __cxxabiv1::__class_type_info::__do_catch(std::type_info const*, void**, unsigned int) const
 .text._ZNK10__cxxabiv117__class_type_info12__do_dyncastEiNS0_10__sub_kindEPKS0_PKvS3_S5_RNS0_16__dyncast_resultE
                0x0000000010018b9c       0x7c /home/src/arm/target/bin/../arm-none-eabi/lib//libstdc++.a(class_type_info.o)
                0x0000000010018b9c                __cxxabiv1::__class_type_info::__do_dyncast(int, __cxxabiv1::__class_type_info::__sub_kind, __cxxabiv1::__class_type_info const*, void const*, __cxxabiv1::__class_type_info const*, void const*, __cxxabiv1::__class_type_info::__dyncast_result&) const
 .text          0x0000000010018c18        0x0 /home/src/arm/target/bin/../arm-none-eabi/lib//libstdc++.a(eh_alloc.o)
 .text.__cxa_allocate_exception
                0x0000000010018c18       0x98 /home/src/arm/target/bin/../arm-none-eabi/lib//libstdc++.a(eh_alloc.o)
                0x0000000010018c18                __cxa_allocate_exception
 .text.__cxa_free_exception
                0x0000000010018cb0       0x58 /home/src/arm/target/bin/../arm-none-eabi/lib//libstdc++.a(eh_alloc.o)
                0x0000000010018cb0                __cxa_free_exception
 .text.__cxa_allocate_dependent_exception
                0x0000000010018d08       0x90 /home/src/arm/target/bin/../arm-none-eabi/lib//libstdc++.a(eh_alloc.o)
                0x0000000010018d08                __cxa_allocate_dependent_exception
 .text.__cxa_free_dependent_exception
                0x0000000010018d98       0x60 /home/src/arm/target/bin/../arm-none-eabi/lib//libstdc++.a(eh_alloc.o)
                0x0000000010018d98                __cxa_free_dependent_exception
 .text          0x0000000010018df8        0x0 /home/src/arm/target/bin/../arm-none-eabi/lib//libstdc++.a(eh_type.o)
 .text.__cxa_current_exception_type
                0x0000000010018df8       0x30 /home/src/arm/target/bin/../arm-none-eabi/lib//libstdc++.a(eh_type.o)
                0x0000000010018df8                __cxa_current_exception_type
 .text          0x0000000010018e28       0x14 /home/src/arm/target/bin/../arm-none-eabi/lib//libc.a(lib_a-abort.o)
                0x0000000010018e28                abort
 .text          0x0000000010018e3c       0x64 /home/src/arm/target/bin/../arm-none-eabi/lib//libc.a(lib_a-assert.o)
                0x0000000010018e3c                __assert_func
                0x0000000010018e90                __assert
 .text          0x0000000010018ea0       0x20 /home/src/arm/target/bin/../arm-none-eabi/lib//libc.a(lib_a-bzero.o)
                0x0000000010018ea0                bzero
 .text          0x0000000010018ec0       0x70 /home/src/arm/target/bin/../arm-none-eabi/lib//libc.a(lib_a-fiprintf.o)
                0x0000000010018ec0                _fiprintf_r
                0x0000000010018ef0                fiprintf
 .text          0x0000000010018f30       0x8c /home/src/arm/target/bin/../arm-none-eabi/lib//libc.a(lib_a-fputc.o)
                0x0000000010018f30                _fputc_r
                0x0000000010018f74                fputc
 .text          0x0000000010018fbc       0xa4 /home/src/arm/target/bin/../arm-none-eabi/lib//libc.a(lib_a-fputs.o)
                0x0000000010018fbc                _fputs_r
                0x0000000010019048                fputs
 .text          0x0000000010019060      0x4dc /home/src/arm/target/bin/../arm-none-eabi/lib//libc.a(lib_a-fvwrite.o)
                0x0000000010019060                __sfvwrite_r
 .text          0x000000001001953c       0xdc /home/src/arm/target/bin/../arm-none-eabi/lib//libc.a(lib_a-fwrite.o)
                0x000000001001953c                _fwrite_r
                0x00000000100195d8                fwrite
 .text          0x0000000010019618        0x0 /home/src/arm/target/bin/../arm-none-eabi/lib//libc.a(lib_a-impure.o)
 .text          0x0000000010019618       0x88 /home/src/arm/target/bin/../arm-none-eabi/lib//libc.a(lib_a-init.o)
                0x0000000010019618                __libc_init_array
 .text          0x00000000100196a0       0x40 /home/src/arm/target/bin/../arm-none-eabi/lib//libc.a(lib_a-malloc.o)
                0x00000000100196a0                malloc
                0x00000000100196c0                free
 .text          0x00000000100196e0      0x72c /home/src/arm/target/bin/../arm-none-eabi/lib//libc.a(lib_a-mallocr.o)
                0x00000000100196e0                _malloc_r
 .text          0x0000000010019e0c      0x114 /home/src/arm/target/bin/../arm-none-eabi/lib//libc.a(lib_a-memchr-stub.o)
                0x0000000010019e0c                memchr
 .text          0x0000000010019f20       0xb4 /home/src/arm/target/bin/../arm-none-eabi/lib//libc.a(lib_a-memcmp.o)
                0x0000000010019f20                memcmp
 .text          0x0000000010019fd4       0xf0 /home/src/arm/target/bin/../arm-none-eabi/lib//libc.a(lib_a-memcpy-stub.o)
                0x0000000010019fd4                memcpy
 .text          0x000000001001a0c4      0x134 /home/src/arm/target/bin/../arm-none-eabi/lib//libc.a(lib_a-memmove.o)
                0x000000001001a0c4                memmove
 .text          0x000000001001a1f8       0xf4 /home/src/arm/target/bin/../arm-none-eabi/lib//libc.a(lib_a-memset.o)
                0x000000001001a1f8                memset
 .text          0x000000001001a2ec        0x8 /home/src/arm/target/bin/../arm-none-eabi/lib//libc.a(lib_a-mlock.o)
                0x000000001001a2ec                __malloc_lock
                0x000000001001a2f0                __malloc_unlock
 .text          0x000000001001a2f4       0x74 /home/src/arm/target/bin/../arm-none-eabi/lib//libc.a(lib_a-printf.o)
                0x000000001001a2f4                _printf_r
                0x000000001001a328                printf
 .text          0x000000001001a368      0x158 /home/src/arm/target/bin/../arm-none-eabi/lib//libc.a(lib_a-putc.o)
                0x000000001001a368                _putc_r
                0x000000001001a40c                putc
 .text          0x000000001001a4c0       0x24 /home/src/arm/target/bin/../arm-none-eabi/lib//libc.a(lib_a-realloc.o)
                0x000000001001a4c0                realloc
 .text          0x000000001001a4e4      0x56c /home/src/arm/target/bin/../arm-none-eabi/lib//libc.a(lib_a-reallocr.o)
                0x000000001001a4e4                _realloc_r
 .text          0x000000001001aa50       0x70 /home/src/arm/target/bin/../arm-none-eabi/lib//libc.a(lib_a-rget.o)
                0x000000001001aa50                __srget_r
                0x000000001001aaac                __srget
 .text          0x000000001001aac0       0x44 /home/src/arm/target/bin/../arm-none-eabi/lib//libc.a(lib_a-sbrkr.o)
                0x000000001001aac0                _sbrk_r
 .text          0x000000001001ab04      0x254 /home/src/arm/target/bin/../arm-none-eabi/lib//libc.a(lib_a-signal.o)
                0x000000001001ab04                _init_signal_r
                0x000000001001ab68                _signal_r
                0x000000001001abdc                _raise_r
                0x000000001001ac74                __sigtramp_r
                0x000000001001ad08                raise
                0x000000001001ad1c                signal
                0x000000001001ad34                _init_signal
                0x000000001001ad44                __sigtramp
 .text          0x000000001001ad58       0x50 /home/src/arm/target/bin/../arm-none-eabi/lib//libc.a(lib_a-signalr.o)
                0x000000001001ad58                _kill_r
                0x000000001001ad98                _getpid_r
 .text          0x000000001001ada8       0xdc /home/src/arm/target/bin/../arm-none-eabi/lib//libc.a(lib_a-sprintf.o)
                0x000000001001ada8                _sprintf_r
                0x000000001001ae10                sprintf
 .text          0x000000001001ae84      0x230 /home/src/arm/target/bin/../arm-none-eabi/lib//libc.a(lib_a-strcmp.o)
                0x000000001001ae84                strcmp
 .text          0x000000001001b0b4       0x60 /home/src/arm/target/bin/../arm-none-eabi/lib//libc.a(lib_a-strlen.o)
                0x000000001001b0b4                strlen
 .text          0x000000001001b114      0x160 /home/src/arm/target/bin/../arm-none-eabi/lib//libc.a(lib_a-strncmp.o)
                0x000000001001b114                strncmp
 .text          0x000000001001b274     0x1d44 /home/src/arm/target/bin/../arm-none-eabi/lib//libc.a(lib_a-svfprintf.o)
                0x000000001001b274                _svfprintf_r
 .text          0x000000001001cfb8      0x9f4 /home/src/arm/target/bin/../arm-none-eabi/lib//libc.a(lib_a-syscalls.o)
                0x000000001001d06c                initialise_monitor_handles
                0x000000001001d130                _swiread
                0x000000001001d170                _read
                0x000000001001d234                _swilseek
                0x000000001001d340                _lseek
                0x000000001001d360                _swiwrite
                0x000000001001d3a0                _write
                0x000000001001d468                _swiopen
                0x000000001001d568                _open
                0x000000001001d59c                _swiclose
                0x000000001001d614                _close
                0x000000001001d634                _kill
                0x000000001001d66c                _exit
                0x000000001001d694                _getpid
                0x000000001001d69c                _sbrk
                0x000000001001d6f4                _fstat
                0x000000001001d728                _stat
                0x000000001001d77c                _link
                0x000000001001d784                _unlink
                0x000000001001d7d8                _raise
                0x000000001001d7dc                _gettimeofday
                0x000000001001d82c                _times
                0x000000001001d870                _isatty
                0x000000001001d8c0                _system
                0x000000001001d944                _rename
 .text          0x000000001001d9ac       0x2c /home/src/arm/target/bin/../arm-none-eabi/lib//libc.a(lib_a-syswrite.o)
                0x000000001001d9ac                write
 .text          0x000000001001d9d8     0x1238 /home/src/arm/target/bin/../arm-none-eabi/lib//libc.a(lib_a-vfiprintf.o)
                0x000000001001da84                __sprint_r
                0x000000001001da9c                _vfiprintf_r
                0x000000001001eb18                vfiprintf
 .text          0x000000001001ec10     0x1e98 /home/src/arm/target/bin/../arm-none-eabi/lib//libc.a(lib_a-vfprintf.o)
                0x000000001001ec10                _vfprintf_r
                0x00000000100209b0                vfprintf
 .text          0x0000000010020aa8       0x48 /home/src/arm/target/bin/../arm-none-eabi/lib//libc.a(lib_a-vprintf.o)
                0x0000000010020aa8                vprintf
                0x0000000010020ad4                _vprintf_r
 .text          0x0000000010020af0      0x13c /home/src/arm/target/bin/../arm-none-eabi/lib//libc.a(lib_a-wbuf.o)
                0x0000000010020af0                __swbuf_r
                0x0000000010020c14                __swbuf
 .text          0x0000000010020c2c       0x44 /home/src/arm/target/bin/../arm-none-eabi/lib//libc.a(lib_a-writer.o)
                0x0000000010020c2c                _write_r
 .text          0x0000000010020c70      0x15c /home/src/arm/target/bin/../arm-none-eabi/lib//libc.a(lib_a-wsetup.o)
                0x0000000010020c70                __swsetup_r
 *fill*         0x0000000010020dcc        0x4 
 .text          0x0000000010020dd0     0x18d8 /home/src/arm/target/bin/../arm-none-eabi/lib//libc.a(lib_a-dtoa.o)
                0x0000000010020fb0                _dtoa_r
 .text          0x00000000100226a8       0x10 /home/src/arm/target/bin/../arm-none-eabi/lib//libc.a(lib_a-errno.o)
                0x00000000100226a8                __errno
 .text          0x00000000100226b8      0x2d4 /home/src/arm/target/bin/../arm-none-eabi/lib//libc.a(lib_a-fflush.o)
                0x00000000100226b8                __sflush_r
                0x00000000100228fc                _fflush_r
                0x0000000010022950                fflush
 .text          0x000000001002298c      0x354 /home/src/arm/target/bin/../arm-none-eabi/lib//libc.a(lib_a-findfp.o)
                0x000000001002299c                _cleanup_r
                0x00000000100229b4                __sfmoreglue
                0x0000000010022a04                _cleanup
                0x0000000010022a28                __sinit
                0x0000000010022b90                __sfp
                0x0000000010022c88                __sfp_lock_acquire
                0x0000000010022c8c                __sfp_lock_release
                0x0000000010022c90                __sinit_lock_acquire
                0x0000000010022c94                __sinit_lock_release
                0x0000000010022c98                __fp_lock_all
                0x0000000010022cbc                __fp_unlock_all
 .text          0x0000000010022ce0      0x188 /home/src/arm/target/bin/../arm-none-eabi/lib//libc.a(lib_a-fputwc.o)
                0x0000000010022ce0                _fputwc_r
                0x0000000010022e24                fputwc
 .text          0x0000000010022e68      0x36c /home/src/arm/target/bin/../arm-none-eabi/lib//libc.a(lib_a-freer.o)
                0x0000000010022e68                _malloc_trim_r
                0x0000000010022f68                _free_r
 .text          0x00000000100231d4      0x110 /home/src/arm/target/bin/../arm-none-eabi/lib//libc.a(lib_a-fwalk.o)
                0x00000000100231d4                _fwalk
                0x0000000010023258                _fwalk_reent
 .text          0x00000000100232e4       0xd0 /home/src/arm/target/bin/../arm-none-eabi/lib//libc.a(lib_a-locale.o)
                0x00000000100232e4                _setlocale_r
                0x0000000010023354                __locale_charset
                0x0000000010023360                __locale_mb_cur_max
                0x0000000010023370                __locale_msgcharset
                0x000000001002337c                __locale_cjk_lang
                0x0000000010023384                _localeconv_r
                0x0000000010023390                setlocale
                0x00000000100233a8                localeconv
 .text          0x00000000100233b4      0x174 /home/src/arm/target/bin/../arm-none-eabi/lib//libc.a(lib_a-makebuf.o)
                0x00000000100233b4                __smakebuf_r
 .text          0x0000000010023528      0xd30 /home/src/arm/target/bin/../arm-none-eabi/lib//libc.a(lib_a-mprec.o)
                0x0000000010023528                _Balloc
                0x00000000100235b4                _Bfree
                0x00000000100235d0                __multadd
                0x00000000100236ac                __s2b
                0x0000000010023794                __hi0bits
                0x00000000100237f0                __lo0bits
                0x0000000010023884                __i2b
                0x00000000100238a8                __multiply
                0x0000000010023a90                __pow5mult
                0x0000000010023b94                __lshift
                0x0000000010023ca0                __mcmp
                0x0000000010023d00                __mdiff
                0x0000000010023e44                __ulp
                0x0000000010023ea8                __b2d
                0x0000000010023f80                __d2b
                0x000000001002408c                __ratio
                0x0000000010024114                _mprec_log10
                0x000000001002416c                __copybits
                0x00000000100241dc                __any_on
 .text          0x0000000010024258      0x134 /home/src/arm/target/bin/../arm-none-eabi/lib//libc.a(lib_a-reent.o)
                0x0000000010024258                cleanup_glue
                0x0000000010024284                _reclaim_reent
 .text          0x000000001002438c      0x20c /home/src/arm/target/bin/../arm-none-eabi/lib//libc.a(lib_a-refill.o)
                0x00000000100243b8                __srefill_r
 .text          0x0000000010024598       0x6c /home/src/arm/target/bin/../arm-none-eabi/lib//libc.a(lib_a-s_fpclassify.o)
                0x0000000010024598                __fpclassifyd
 .text          0x0000000010024604       0xd8 /home/src/arm/target/bin/../arm-none-eabi/lib//libc.a(lib_a-stdio.o)
                0x0000000010024604                __sread
                0x0000000010024638                __seofread
                0x0000000010024640                __swrite
                0x0000000010024698                __sseek
                0x00000000100246c8                __sclose
 .text          0x00000000100246dc     0x101c /home/src/arm/target/bin/../arm-none-eabi/lib//libc.a(lib_a-svfiprintf.o)
                0x00000000100246dc                __ssprint_r
                0x0000000010024888                _svfiprintf_r
 .text          0x00000000100256f8      0x128 /home/src/arm/target/bin/../arm-none-eabi/lib//libc.a(lib_a-wcrtomb.o)
                0x00000000100256f8                _wcrtomb_r
                0x0000000010025788                wcrtomb
 .text          0x0000000010025820       0x7c /home/src/arm/target/bin/../arm-none-eabi/lib//libc.a(lib_a-wctomb_r.o)
                0x0000000010025820                __ascii_wctomb
                0x000000001002584c                _wctomb_r
 .text          0x000000001002589c       0x9c /home/src/arm/target/bin/../arm-none-eabi/lib//libc.a(lib_a-callocr.o)
                0x000000001002589c                _calloc_r
 .text          0x0000000010025938       0x3c /home/src/arm/target/bin/../arm-none-eabi/lib//libc.a(lib_a-closer.o)
                0x0000000010025938                _close_r
 .text          0x0000000010025974      0x104 /home/src/arm/target/bin/../arm-none-eabi/lib//libc.a(lib_a-fclose.o)
                0x0000000010025974                _fclose_r
                0x0000000010025a64                fclose
 .text          0x0000000010025a78       0x40 /home/src/arm/target/bin/../arm-none-eabi/lib//libc.a(lib_a-fstatr.o)
                0x0000000010025a78                _fstat_r
 .text          0x0000000010025ab8       0x3c /home/src/arm/target/bin/../arm-none-eabi/lib//libc.a(lib_a-isattyr.o)
                0x0000000010025ab8                _isatty_r
 .text          0x0000000010025af4       0x44 /home/src/arm/target/bin/../arm-none-eabi/lib//libc.a(lib_a-lseekr.o)
                0x0000000010025af4                _lseek_r
 .text          0x0000000010025b38       0x44 /home/src/arm/target/bin/../arm-none-eabi/lib//libc.a(lib_a-readr.o)
                0x0000000010025b38                _read_r
 .text          0x0000000010025b7c      0x114 /home/src/arm/target/bin/../lib/gcc/arm-none-eabi/4.8.2//libgcc.a(_udivsi3.o)
                0x0000000010025b7c                __udivsi3
                0x0000000010025b7c                __aeabi_uidiv
                0x0000000010025c70                __aeabi_uidivmod
 .text          0x0000000010025c90      0x148 /home/src/arm/target/bin/../lib/gcc/arm-none-eabi/4.8.2//libgcc.a(_divsi3.o)
                0x0000000010025c90                __aeabi_idiv
                0x0000000010025c90                __divsi3
                0x0000000010025db8                __aeabi_idivmod
 .text          0x0000000010025dd8        0x4 /home/src/arm/target/bin/../lib/gcc/arm-none-eabi/4.8.2//libgcc.a(_dvmd_tls.o)
                0x0000000010025dd8                __aeabi_ldiv0
                0x0000000010025dd8                __aeabi_idiv0
 .text          0x0000000010025ddc      0x41c /home/src/arm/target/bin/../lib/gcc/arm-none-eabi/4.8.2//libgcc.a(_arm_addsubdf3.o)
                0x0000000010025ddc                __aeabi_drsub
                0x0000000010025de4                __aeabi_dsub
                0x0000000010025de4                __subdf3
                0x0000000010025de8                __adddf3
                0x0000000010025de8                __aeabi_dadd
                0x00000000100260f8                __aeabi_ui2d
                0x00000000100260f8                __floatunsidf
                0x000000001002611c                __floatsidf
                0x000000001002611c                __aeabi_i2d
                0x0000000010026144                __extendsfdf2
                0x0000000010026144                __aeabi_f2d
                0x0000000010026184                __aeabi_ul2d
                0x0000000010026184                __floatundidf
                0x0000000010026198                __floatdidf
                0x0000000010026198                __aeabi_l2d
 .text          0x00000000100261f8      0x49c /home/src/arm/target/bin/../lib/gcc/arm-none-eabi/4.8.2//libgcc.a(_arm_muldivdf3.o)
                0x00000000100261f8                __aeabi_dmul
                0x00000000100261f8                __muldf3
                0x0000000010026488                __aeabi_ddiv
                0x0000000010026488                __divdf3
 .text          0x0000000010026694      0x144 /home/src/arm/target/bin/../lib/gcc/arm-none-eabi/4.8.2//libgcc.a(_arm_cmpdf2.o)
                0x0000000010026694                __gtdf2
                0x0000000010026694                __gedf2
                0x000000001002669c                __ltdf2
                0x000000001002669c                __ledf2
                0x00000000100266a4                __cmpdf2
                0x00000000100266a4                __eqdf2
                0x00000000100266a4                __nedf2
                0x000000001002672c                __aeabi_cdrcmple
                0x0000000010026748                __aeabi_cdcmple
                0x0000000010026748                __aeabi_cdcmpeq
                0x0000000010026760                __aeabi_dcmpeq
                0x0000000010026778                __aeabi_dcmplt
                0x0000000010026790                __aeabi_dcmple
                0x00000000100267a8                __aeabi_dcmpge
                0x00000000100267c0                __aeabi_dcmpgt
 .text          0x00000000100267d8       0x5c /home/src/arm/target/bin/../lib/gcc/arm-none-eabi/4.8.2//libgcc.a(_arm_fixdfsi.o)
                0x00000000100267d8                __fixdfsi
                0x00000000100267d8                __aeabi_d2iz
 .text          0x0000000010026834       0x3c /home/src/arm/target/bin/../lib/gcc/arm-none-eabi/4.8.2//libgcc.a(_aeabi_uldivmod.o)
                0x0000000010026834                __aeabi_uldivmod
 .text          0x0000000010026870       0x84 /home/src/arm/target/bin/../lib/gcc/arm-none-eabi/4.8.2//libgcc.a(bpabi.o)
                0x0000000010026870                __gnu_ldivmod_helper
                0x00000000100268b4                __gnu_uldivmod_helper
 .text          0x00000000100268f4     0x1004 /home/src/arm/target/bin/../lib/gcc/arm-none-eabi/4.8.2//libgcc.a(unwind-arm.o)
                0x0000000010026d94                _Unwind_GetCFA
                0x0000000010026d9c                __gnu_Unwind_RaiseException
                0x0000000010026e4c                __gnu_Unwind_ForcedUnwind
                0x0000000010026e70                __gnu_Unwind_Resume
                0x0000000010026ee4                __gnu_Unwind_Resume_or_Rethrow
                0x0000000010026f00                _Unwind_Complete
                0x0000000010026f04                _Unwind_DeleteException
                0x0000000010026f28                _Unwind_VRS_Get
                0x0000000010026fb4                _Unwind_VRS_Set
                0x0000000010027040                __gnu_Unwind_Backtrace
                0x0000000010027544                __aeabi_unwind_cpp_pr0
                0x000000001002754c                __aeabi_unwind_cpp_pr1
                0x0000000010027554                __aeabi_unwind_cpp_pr2
                0x000000001002755c                _Unwind_VRS_Pop
 .text          0x00000000100278f8      0x1b0 /home/src/arm/target/bin/../lib/gcc/arm-none-eabi/4.8.2//libgcc.a(libunwind.o)
                0x00000000100278f8                __restore_core_regs
                0x00000000100278f8                restore_core_regs
                0x0000000010027914                __gnu_Unwind_Restore_VFP
                0x000000001002791c                __gnu_Unwind_Save_VFP
                0x0000000010027924                __gnu_Unwind_Restore_VFP_D
                0x000000001002792c                __gnu_Unwind_Save_VFP_D
                0x0000000010027934                __gnu_Unwind_Restore_VFP_D_16_to_31
                0x000000001002793c                __gnu_Unwind_Save_VFP_D_16_to_31
                0x0000000010027944                __gnu_Unwind_Restore_WMMXD
                0x0000000010027988                __gnu_Unwind_Save_WMMXD
                0x00000000100279cc                __gnu_Unwind_Restore_WMMXC
                0x00000000100279e0                __gnu_Unwind_Save_WMMXC
                0x00000000100279f4                ___Unwind_RaiseException
                0x00000000100279f4                _Unwind_RaiseException
                0x0000000010027a18                ___Unwind_Resume
                0x0000000010027a18                _Unwind_Resume
                0x0000000010027a3c                _Unwind_Resume_or_Rethrow
                0x0000000010027a3c                ___Unwind_Resume_or_Rethrow
                0x0000000010027a60                ___Unwind_ForcedUnwind
                0x0000000010027a60                _Unwind_ForcedUnwind
                0x0000000010027a84                _Unwind_Backtrace
                0x0000000010027a84                ___Unwind_Backtrace
 .text          0x0000000010027aa8      0x4d0 /home/src/arm/target/bin/../lib/gcc/arm-none-eabi/4.8.2//libgcc.a(pr-support.o)
                0x0000000010027b3c                __gnu_unwind_execute
                0x0000000010027eec                __gnu_unwind_frame
                0x0000000010027f34                _Unwind_GetRegionStart
                0x0000000010027f48                _Unwind_GetLanguageSpecificData
                0x0000000010027f68                _Unwind_GetDataRelBase
                0x0000000010027f70                _Unwind_GetTextRelBase
 .text          0x0000000010027f78      0x4d0 /home/src/arm/target/bin/../lib/gcc/arm-none-eabi/4.8.2//libgcc.a(_divdi3.o)
                0x0000000010027f78                __divdi3
 .text          0x0000000010028448      0x470 /home/src/arm/target/bin/../lib/gcc/arm-none-eabi/4.8.2//libgcc.a(_udivdi3.o)
                0x0000000010028448                __udivdi3
 .text          0x00000000100288b8       0x48 /home/src/arm/target/bin/../lib/gcc/arm-none-eabi/4.8.2//libgcc.a(_clzsi2.o)
                0x00000000100288b8                __clzsi2
 .text          0x0000000010028900      0x264 /home/leon/git/swp-report/iMX6_Platform_SDK/output/mx6sdl/lib/libsdk.a(max7310.o)
                0x0000000010028900                max7310_reg_read
                0x0000000010028964                max7310_reg_write
                0x00000000100289d0                max7310_init
                0x0000000010028ab0                max7310_set_gpio_output
 .text          0x0000000010028b64     0x1308 /home/leon/git/swp-report/iMX6_Platform_SDK/output/mx6sdl/lib/libsdk.a(gpio.o)
                0x0000000010028b94                gpio_get_port_count
                0x0000000010028bac                gpio_set_gpio
                0x0000000010028c70                gpio_set_direction
                0x0000000010028ecc                gpio_get_direction
                0x0000000010029014                gpio_set_level
                0x0000000010029354                gpio_get_level
                0x00000000100294b4                gpio_set_interrupt_config
                0x00000000100298b8                gpio_set_interrupt_mask
                0x0000000010029afc                gpio_get_interrupt_status
                0x0000000010029c58                gpio_clear_interrupt
 .text          0x0000000010029e6c        0x0 /home/leon/git/swp-report/iMX6_Platform_SDK/output/mx6sdl/lib/libsdk.a(imx6sdl_gpio_map.o)
 .text          0x0000000010029e6c     0x1774 /home/leon/git/swp-report/iMX6_Platform_SDK/output/mx6sdl/lib/libsdk.a(imx_i2c.o)
                0x0000000010029e9c                i2c_get_request_instance
                0x000000001002a8f4                i2c_xfer
                0x000000001002b00c                i2c_read
                0x000000001002b03c                i2c_write
                0x000000001002b06c                i2c_setup_interrupt
                0x000000001002b2d8                i2c_init
 .text          0x000000001002b5e0       0x80 /home/leon/git/swp-report/iMX6_Platform_SDK/output/mx6sdl/lib/libboard_sabre_ai_rev_c.a(i2c_iomux_config.o)
                0x000000001002b5e0                i2c_iomux_config
 *(.glue_7t)
 .glue_7t       0x0000000000000000        0x0 linker stubs
 *(.glue_7)
 .glue_7        0x0000000000000000        0x0 linker stubs
 *(.vfp11_veneer)
 .vfp11_veneer  0x0000000000000000        0x0 linker stubs
 *(.ARM.extab* .gnu.linkonce.armextab.*)
 .ARM.extab.startup
                0x000000001002b660        0x0 /home/leon/git/swp-report/iMX6_Platform_SDK/output/mx6sdl/lib/libsdk.a(startup.o)
 .ARM.extab.text.__cxa_pure_virtual
                0x000000001002b660        0xc /home/src/arm/target/bin/../arm-none-eabi/lib//libstdc++.a(pure.o)
 .ARM.extab.text.__cxa_deleted_virtual
                0x000000001002b66c        0xc /home/src/arm/target/bin/../arm-none-eabi/lib//libstdc++.a(pure.o)
 .ARM.extab.text._ZN10__cxxabiv111__terminateEPFvvE
                0x000000001002b678       0x2c /home/src/arm/target/bin/../arm-none-eabi/lib//libstdc++.a(eh_terminate.o)
 .ARM.extab.text._ZSt9terminatev
                0x000000001002b6a4        0x0 /home/src/arm/target/bin/../arm-none-eabi/lib//libstdc++.a(eh_terminate.o)
 .ARM.extab.text._ZN10__cxxabiv112__unexpectedEPFvvE
                0x000000001002b6a4        0xc /home/src/arm/target/bin/../arm-none-eabi/lib//libstdc++.a(eh_terminate.o)
 .ARM.extab.text._ZSt10unexpectedv
                0x000000001002b6b0        0xc /home/src/arm/target/bin/../arm-none-eabi/lib//libstdc++.a(eh_terminate.o)
 .ARM.extab.text._ZSt13set_terminatePFvvE
                0x000000001002b6bc        0x0 /home/src/arm/target/bin/../arm-none-eabi/lib//libstdc++.a(eh_terminate.o)
 .ARM.extab.text._ZSt14set_unexpectedPFvvE
                0x000000001002b6bc        0x0 /home/src/arm/target/bin/../arm-none-eabi/lib//libstdc++.a(eh_terminate.o)
 .ARM.extab.text.__cxa_type_match
                0x000000001002b6bc        0x0 /home/src/arm/target/bin/../arm-none-eabi/lib//libstdc++.a(eh_arm.o)
 .ARM.extab.text.__cxa_begin_cleanup
                0x000000001002b6bc        0x0 /home/src/arm/target/bin/../arm-none-eabi/lib//libstdc++.a(eh_arm.o)
 .ARM.extab.text.__gnu_end_cleanup
                0x000000001002b6bc        0x0 /home/src/arm/target/bin/../arm-none-eabi/lib//libstdc++.a(eh_arm.o)
 .ARM.extab.text._ZNSt9exceptionD2Ev
                0x000000001002b6bc        0x0 /home/src/arm/target/bin/../arm-none-eabi/lib//libstdc++.a(eh_exception.o)
 .ARM.extab.text._ZNSt13bad_exceptionD2Ev
                0x000000001002b6bc        0x0 /home/src/arm/target/bin/../arm-none-eabi/lib//libstdc++.a(eh_exception.o)
 .ARM.extab.text._ZN10__cxxabiv115__forced_unwindD2Ev
                0x000000001002b6bc        0x0 /home/src/arm/target/bin/../arm-none-eabi/lib//libstdc++.a(eh_exception.o)
 .ARM.extab.text._ZN10__cxxabiv119__foreign_exceptionD2Ev
                0x000000001002b6bc        0x0 /home/src/arm/target/bin/../arm-none-eabi/lib//libstdc++.a(eh_exception.o)
 .ARM.extab.text._ZNKSt9exception4whatEv
                0x000000001002b6bc        0x0 /home/src/arm/target/bin/../arm-none-eabi/lib//libstdc++.a(eh_exception.o)
 .ARM.extab.text._ZNKSt13bad_exception4whatEv
                0x000000001002b6bc        0x0 /home/src/arm/target/bin/../arm-none-eabi/lib//libstdc++.a(eh_exception.o)
 .ARM.extab.text._ZNSt9exceptionD0Ev
                0x000000001002b6bc        0x0 /home/src/arm/target/bin/../arm-none-eabi/lib//libstdc++.a(eh_exception.o)
 .ARM.extab.text._ZNSt13bad_exceptionD0Ev
                0x000000001002b6bc        0x0 /home/src/arm/target/bin/../arm-none-eabi/lib//libstdc++.a(eh_exception.o)
 .ARM.extab.text._ZN10__cxxabiv115__forced_unwindD0Ev
                0x000000001002b6bc        0x0 /home/src/arm/target/bin/../arm-none-eabi/lib//libstdc++.a(eh_exception.o)
 .ARM.extab.text._ZN10__cxxabiv119__foreign_exceptionD0Ev
                0x000000001002b6bc        0x0 /home/src/arm/target/bin/../arm-none-eabi/lib//libstdc++.a(eh_exception.o)
 .ARM.extab.text.__cxa_get_globals_fast
                0x000000001002b6bc        0x0 /home/src/arm/target/bin/../arm-none-eabi/lib//libstdc++.a(eh_globals.o)
 .ARM.extab.text.__cxa_get_globals
                0x000000001002b6bc        0x0 /home/src/arm/target/bin/../arm-none-eabi/lib//libstdc++.a(eh_globals.o)
 .ARM.extab.text._ZN10__cxxabiv1L24__is_gxx_exception_classEPc
                0x000000001002b6bc        0x0 /home/src/arm/target/bin/../arm-none-eabi/lib//libstdc++.a(eh_call.o)
 .ARM.extab.text.__cxa_call_terminate
                0x000000001002b6bc        0x0 /home/src/arm/target/bin/../arm-none-eabi/lib//libstdc++.a(eh_call.o)
 .ARM.extab.text.__cxa_call_unexpected
                0x000000001002b6bc       0x28 /home/src/arm/target/bin/../arm-none-eabi/lib//libstdc++.a(eh_call.o)
 .ARM.extab.text._ZL12read_sleb128PKhPl
                0x000000001002b6e4        0x0 /home/src/arm/target/bin/../arm-none-eabi/lib//libstdc++.a(eh_personality.o)
 .ARM.extab.text._ZL28read_encoded_value_with_basehjPKhPj
                0x000000001002b6e4        0x0 /home/src/arm/target/bin/../arm-none-eabi/lib//libstdc++.a(eh_personality.o)
 .ARM.extab.text._ZL21base_of_encoded_valuehP15_Unwind_Context
                0x000000001002b6e4        0xc /home/src/arm/target/bin/../arm-none-eabi/lib//libstdc++.a(eh_personality.o)
 .ARM.extab.text._ZL17parse_lsda_headerP15_Unwind_ContextPKhP16lsda_header_info
                0x000000001002b6f0        0x0 /home/src/arm/target/bin/../arm-none-eabi/lib//libstdc++.a(eh_personality.o)
 .ARM.extab.text.__gxx_personality_v0
                0x000000001002b6f0       0x20 /home/src/arm/target/bin/../arm-none-eabi/lib//libstdc++.a(eh_personality.o)
 .ARM.extab.text._ZN10__cxxabiv120__si_class_type_infoD2Ev
                0x000000001002b710        0x0 /home/src/arm/target/bin/../arm-none-eabi/lib//libstdc++.a(si_class_type_info.o)
 .ARM.extab.text._ZN10__cxxabiv120__si_class_type_infoD0Ev
                0x000000001002b710        0x0 /home/src/arm/target/bin/../arm-none-eabi/lib//libstdc++.a(si_class_type_info.o)
 .ARM.extab.text._ZNK10__cxxabiv120__si_class_type_info20__do_find_public_srcEiPKvPKNS_17__class_type_infoES2_
                0x000000001002b710        0x0 /home/src/arm/target/bin/../arm-none-eabi/lib//libstdc++.a(si_class_type_info.o)
 .ARM.extab.text._ZNK10__cxxabiv120__si_class_type_info12__do_dyncastEiNS_17__class_type_info10__sub_kindEPKS1_PKvS4_S6_RNS1_16__dyncast_resultE
                0x000000001002b710        0x0 /home/src/arm/target/bin/../arm-none-eabi/lib//libstdc++.a(si_class_type_info.o)
 .ARM.extab.text._ZNK10__cxxabiv120__si_class_type_info11__do_upcastEPKNS_17__class_type_infoEPKvRNS1_15__upcast_resultE
                0x000000001002b710        0x0 /home/src/arm/target/bin/../arm-none-eabi/lib//libstdc++.a(si_class_type_info.o)
 .ARM.extab.text._ZL23__gxx_exception_cleanup19_Unwind_Reason_CodeP21_Unwind_Control_Block
                0x000000001002b710        0x0 /home/src/arm/target/bin/../arm-none-eabi/lib//libstdc++.a(eh_throw.o)
 .ARM.extab.text.__cxa_throw
                0x000000001002b710        0x0 /home/src/arm/target/bin/../arm-none-eabi/lib//libstdc++.a(eh_throw.o)
 .ARM.extab.text.__cxa_rethrow
                0x000000001002b710        0x0 /home/src/arm/target/bin/../arm-none-eabi/lib//libstdc++.a(eh_throw.o)
 .ARM.extab.text._ZN9__gnu_cxx27__verbose_terminate_handlerEv
                0x000000001002b710       0x34 /home/src/arm/target/bin/../arm-none-eabi/lib//libstdc++.a(vterminate.o)
 .ARM.extab.text.__cxa_get_exception_ptr
                0x000000001002b744        0x0 /home/src/arm/target/bin/../arm-none-eabi/lib//libstdc++.a(eh_catch.o)
 .ARM.extab.text.__cxa_begin_catch
                0x000000001002b744       0x20 /home/src/arm/target/bin/../arm-none-eabi/lib//libstdc++.a(eh_catch.o)
 .ARM.extab.text.__cxa_end_catch
                0x000000001002b764        0xc /home/src/arm/target/bin/../arm-none-eabi/lib//libstdc++.a(eh_catch.o)
 .ARM.extab.text._ZSt18uncaught_exceptionv
                0x000000001002b770        0x0 /home/src/arm/target/bin/../arm-none-eabi/lib//libstdc++.a(eh_catch.o)
 .ARM.extab.text._ZNSt9type_infoD2Ev